2026-09-25 04:04:19,344 [INFO] 등록된 키: 4개, 합산 한도 4,000건/일
2026-09-25 04:04:19,345 [INFO] POI 로드: 매뉴얼 v8.5 기준 fallback 121개 (121개 전체)
2026-09-25 04:04:19,345 [INFO] === 수집 시작 2026-09-25T04:04:19.345359+09:00 ===
2026-09-25 04:04:19,345 [INFO] 대상 장소: 121개 | API: citydata (통합)
2026-09-25 04:04:19,345 [INFO] 키 풀: 4/4 활성 | 오늘 사용 0/4000건
2026-09-25 04:04:19,345 [INFO]   [KEY_1] 담당 31장소
2026-09-25 04:04:19,345 [INFO]   [KEY_2] 담당 30장소
2026-09-25 04:04:19,345 [INFO]   [KEY_3] 담당 30장소
2026-09-25 04:04:19,345 [INFO]   [KEY_4] 담당 30장소
2026-09-25 04:04:19,345 [INFO] [1/121] 경복궁 (primary=KEY_1)
2026-09-25 04:04:20,585 [INFO] [2/121] 광화문·덕수궁 (primary=KEY_2)
2026-09-25 04:04:22,149 [INFO] [3/121] 보신각 (primary=KEY_3)
2026-09-25 04:04:23,375 [INFO] [4/121] 서울 암사동 유적 (primary=KEY_4)
2026-09-25 04:04:24,439 [INFO] [5/121] 창덕궁·종묘 (primary=KEY_1)
2026-09-25 04:04:25,656 [INFO] [6/121] 강남 MICE 관광특구 (primary=KEY_2)
2026-09-25 04:04:26,886 [INFO] [7/121] 동대문 관광특구 (primary=KEY_3)
2026-09-25 04:04:28,351 [INFO] [8/121] 명동 관광특구 (primary=KEY_4)
2026-09-25 04:04:29,956 [INFO] [9/121] 이태원 관광특구 (primary=KEY_1)
2026-09-25 04:04:31,200 [INFO] [10/121] 잠실 관광특구 (primary=KEY_2)
2026-09-25 04:04:32,785 [INFO] [11/121] 종로·청계 관광특구 (primary=KEY_3)
2026-09-25 04:04:34,224 [INFO] [12/121] 홍대 관광특구 (primary=KEY_4)
2026-09-25 04:04:35,648 [INFO] [13/121] 강서한강공원 (primary=KEY_1)
2026-09-25 04:04:36,690 [INFO] [14/121] 고척돔 (primary=KEY_2)
2026-09-25 04:04:37,773 [INFO] [15/121] 광나루한강공원 (primary=KEY_3)
2026-09-25 04:04:38,989 [INFO] [16/121] 광화문광장 (primary=KEY_4)
2026-09-25 04:04:40,216 [INFO] [17/121] 국립중앙박물관·용산가족공원 (primary=KEY_1)
2026-09-25 04:04:41,268 [INFO] [18/121] 난지한강공원 (primary=KEY_2)
2026-09-25 04:04:42,308 [INFO] [19/121] 남산공원 (primary=KEY_3)
2026-09-25 04:04:43,692 [INFO] [20/121] 노들섬 (primary=KEY_4)
2026-09-25 04:04:44,757 [INFO] [21/121] 뚝섬한강공원 (primary=KEY_1)
2026-09-25 04:04:45,812 [INFO] [22/121] 망원한강공원 (primary=KEY_2)
2026-09-25 04:04:47,031 [INFO] [23/121] 반포한강공원 (primary=KEY_3)
2026-09-25 04:04:48,076 [INFO] [24/121] 보라매공원 (primary=KEY_4)
2026-09-25 04:04:49,129 [INFO] [25/121] 북서울꿈의숲 (primary=KEY_1)
2026-09-25 04:04:50,355 [INFO] [26/121] 서대문독립공원 (primary=KEY_2)
2026-09-25 04:04:51,425 [INFO] [27/121] 서리풀공원·몽마르뜨공원 (primary=KEY_3)
2026-09-25 04:04:52,516 [INFO] [28/121] 서울대공원 (primary=KEY_4)
2026-09-25 04:04:53,578 [INFO] [29/121] 서울숲공원 (primary=KEY_1)
2026-09-25 04:04:54,800 [INFO] [30/121] 송현녹지광장 (primary=KEY_2)
2026-09-25 04:04:56,025 [INFO] [31/121] 아차산 (primary=KEY_3)
2026-09-25 04:04:57,074 [INFO] [32/121] 안양천 (primary=KEY_4)
2026-09-25 04:04:58,157 [INFO] [33/121] 양화한강공원 (primary=KEY_1)
2026-09-25 04:05:00,014 [INFO] [34/121] 어린이대공원 (primary=KEY_2)
2026-09-25 04:05:01,709 [INFO] [35/121] 여의도한강공원 (primary=KEY_3)
2026-09-25 04:05:03,576 [INFO] [36/121] 여의서로 (primary=KEY_4)
2026-09-25 04:05:04,844 [INFO] [37/121] 올림픽공원 (primary=KEY_1)
2026-09-25 04:05:06,125 [INFO] [38/121] 월드컵공원 (primary=KEY_2)
2026-09-25 04:05:07,539 [INFO] [39/121] 응봉산 (primary=KEY_3)
2026-09-25 04:05:08,823 [INFO] [40/121] 이촌한강공원 (primary=KEY_4)
2026-09-25 04:05:09,879 [INFO] [41/121] 잠실종합운동장 (primary=KEY_1)
2026-09-25 04:05:10,931 [INFO] [42/121] 잠실한강공원 (primary=KEY_2)
2026-09-25 04:05:12,107 [INFO] [43/121] 잠원한강공원 (primary=KEY_3)
2026-09-25 04:05:13,172 [INFO] [44/121] 청계산 (primary=KEY_4)
2026-09-25 04:05:14,219 [INFO] [45/121] 홍제폭포 (primary=KEY_1)
2026-09-25 04:05:15,285 [INFO] [46/121] 가락시장 (primary=KEY_2)
2026-09-25 04:05:16,507 [INFO] [47/121] 가로수길 (primary=KEY_3)
2026-09-25 04:05:17,868 [INFO] [48/121] 광장(전통)시장 (primary=KEY_4)
2026-09-25 04:05:18,938 [INFO] [49/121] 김포공항 (primary=KEY_1)
2026-09-25 04:05:20,355 [INFO] [50/121] 남대문시장 (primary=KEY_2)
2026-09-25 04:05:21,575 [INFO] [51/121] 노량진 (primary=KEY_3)
2026-09-25 04:05:22,812 [INFO] [52/121] 덕수궁길·정동길 (primary=KEY_4)
2026-09-25 04:05:24,041 [INFO] [53/121] 북창동 먹자골목 (primary=KEY_1)
2026-09-25 04:05:25,244 [INFO] [54/121] 북촌한옥마을 (primary=KEY_2)
2026-09-25 04:05:26,619 [INFO] [55/121] 서촌 (primary=KEY_3)
2026-09-25 04:05:27,844 [INFO] [56/121] 성수카페거리 (primary=KEY_4)
2026-09-25 04:05:29,243 [INFO] [57/121] 송리단길·호수단길 (primary=KEY_1)
2026-09-25 04:05:30,467 [INFO] [58/121] 신촌 스타광장 (primary=KEY_2)
2026-09-25 04:05:31,538 [INFO] [59/121] 압구정로데오거리 (primary=KEY_3)
2026-09-25 04:05:32,772 [INFO] [60/121] 여의도 (primary=KEY_4)
2026-09-25 04:05:34,701 [INFO] [61/121] 연남동 (primary=KEY_1)
2026-09-25 04:05:35,926 [INFO] [62/121] 영등포 타임스퀘어 (primary=KEY_2)
2026-09-25 04:05:37,156 [INFO] [63/121] 용리단길 (primary=KEY_3)
2026-09-25 04:05:38,243 [INFO] [64/121] 이태원 앤틱가구거리 (primary=KEY_4)
2026-09-25 04:05:39,317 [INFO] [65/121] 익선동 (primary=KEY_1)
2026-09-25 04:05:40,810 [INFO] [66/121] 인사동 (primary=KEY_2)
2026-09-25 04:05:42,200 [INFO] [67/121] 잠실롯데타워·석촌호수 (primary=KEY_3)
2026-09-25 04:05:43,744 [INFO] [68/121] 창동 신경제 중심지 (primary=KEY_4)
2026-09-25 04:05:45,316 [INFO] [69/121] 청담동 명품거리 (primary=KEY_1)
2026-09-25 04:05:46,542 [INFO] [70/121] 청량리 제기동 일대 전통시장 (primary=KEY_2)
2026-09-25 04:05:47,928 [INFO] [71/121] 해방촌·경리단길 (primary=KEY_3)
2026-09-25 04:05:49,045 [INFO] [72/121] DDP(동대문디자인플라자) (primary=KEY_4)
2026-09-25 04:05:50,473 [INFO] [73/121] DMC(디지털미디어시티) (primary=KEY_1)
2026-09-25 04:05:52,068 [INFO] [74/121] 가산디지털단지역 (primary=KEY_2)
2026-09-25 04:05:53,971 [INFO] [75/121] 강남역 (primary=KEY_3)
2026-09-25 04:05:55,574 [INFO] [76/121] 건대입구역 (primary=KEY_4)
2026-09-25 04:05:56,967 [INFO] [77/121] 고덕역 (primary=KEY_1)
2026-09-25 04:05:58,195 [INFO] [78/121] 고속터미널역 (primary=KEY_2)
2026-09-25 04:05:59,450 [INFO] [79/121] 교대역 (primary=KEY_3)
2026-09-25 04:06:00,826 [INFO] [80/121] 구로디지털단지역 (primary=KEY_4)
2026-09-25 04:06:02,374 [INFO] [81/121] 구로역 (primary=KEY_1)
2026-09-25 04:06:03,636 [INFO] [82/121] 군자역 (primary=KEY_2)
2026-09-25 04:06:04,866 [INFO] [83/121] 대림역 (primary=KEY_3)
2026-09-25 04:06:06,110 [INFO] [84/121] 동대문역 (primary=KEY_4)
2026-09-25 04:06:07,548 [INFO] [85/121] 뚝섬역 (primary=KEY_1)
2026-09-25 04:06:08,926 [INFO] [86/121] 미아사거리역 (primary=KEY_2)
2026-09-25 04:06:10,156 [INFO] [87/121] 발산역 (primary=KEY_3)
2026-09-25 04:06:11,543 [INFO] [88/121] 사당역 (primary=KEY_4)
2026-09-25 04:06:12,769 [INFO] [89/121] 삼각지역 (primary=KEY_1)
2026-09-25 04:06:13,843 [INFO] [90/121] 서울대입구역 (primary=KEY_2)
2026-09-25 04:06:15,329 [INFO] [91/121] 서울식물원·마곡나루역 (primary=KEY_3)
2026-09-25 04:06:16,889 [INFO] [92/121] 서울역 (primary=KEY_4)
2026-09-25 04:06:18,310 [INFO] [93/121] 선릉역 (primary=KEY_1)
2026-09-25 04:06:19,878 [INFO] [94/121] 성신여대입구역 (primary=KEY_2)
2026-09-25 04:06:21,114 [INFO] [95/121] 수유역 (primary=KEY_3)
2026-09-25 04:06:22,337 [INFO] [96/121] 숭례문 (primary=KEY_4)
2026-09-25 04:06:23,567 [INFO] [97/121] 시의회 앞 (primary=KEY_1)
2026-09-25 04:06:24,797 [INFO] [98/121] 신논현역·논현역 (primary=KEY_2)
2026-09-25 04:06:26,206 [INFO] [99/121] 신도림역 (primary=KEY_3)
2026-09-25 04:06:27,379 [INFO] [100/121] 신림역 (primary=KEY_4)
2026-09-25 04:06:28,452 [INFO] [101/121] 신정네거리역 (primary=KEY_1)
2026-09-25 04:06:29,668 [INFO] [102/121] 신촌·이대역 (primary=KEY_2)
2026-09-25 04:06:31,054 [INFO] [103/121] 쌍문역 (primary=KEY_3)
2026-09-25 04:06:32,691 [INFO] [104/121] 양재역 (primary=KEY_4)
2026-09-25 04:06:33,946 [INFO] [105/121] 역삼역 (primary=KEY_1)
2026-09-25 04:06:35,327 [INFO] [106/121] 연신내역 (primary=KEY_2)
2026-09-25 04:06:36,420 [INFO] [107/121] 오목교역·목동운동장 (primary=KEY_3)
2026-09-25 04:06:38,140 [INFO] [108/121] 왕십리역 (primary=KEY_4)
2026-09-25 04:06:39,433 [INFO] [109/121] 용산역 (primary=KEY_1)
2026-09-25 04:06:40,985 [INFO] [110/121] 이태원역 (primary=KEY_2)
2026-09-25 04:06:42,057 [INFO] [111/121] 잠실새내역 (primary=KEY_3)
2026-09-25 04:06:43,313 [INFO] [112/121] 잠실역 (primary=KEY_4)
2026-09-25 04:06:44,752 [INFO] [113/121] 장지역 (primary=KEY_1)
2026-09-25 04:06:46,159 [INFO] [114/121] 장한평역 (primary=KEY_2)
2026-09-25 04:06:47,497 [INFO] [115/121] 천호역 (primary=KEY_3)
2026-09-25 04:06:48,733 [INFO] [116/121] 총신대입구(이수)역 (primary=KEY_4)
2026-09-25 04:06:50,145 [INFO] [117/121] 충정로역 (primary=KEY_1)
2026-09-25 04:06:51,368 [INFO] [118/121] 합정역 (primary=KEY_2)
2026-09-25 04:06:52,610 [INFO] [119/121] 혜화역 (primary=KEY_3)
2026-09-25 04:06:53,835 [INFO] [120/121] 홍대입구역(2호선) (primary=KEY_4)
2026-09-25 04:06:55,065 [INFO] [121/121] 회기역 (primary=KEY_1)
2026-09-25 04:06:56,619 [INFO] === 수집 완료 | 성공 121, 실패 0 ===
2026-09-25 04:06:56,619 [INFO] 카테고리별 저장 결과:
2026-09-25 04:06:56,619 [INFO]    accident                  | 신규     2행 | 누적      2행 | 16컬럼
2026-09-25 04:06:56,619 [INFO]    area_meta                 | 신규   121행 | 누적    121행 | 5컬럼
2026-09-25 04:06:56,619 [INFO]    bike                      | 신규    11행 | 누적     11행 | 12컬럼
2026-09-25 04:06:56,619 [INFO]    bike_sbike_stts           | 신규   575행 | 누적    575행 | 12컬럼
2026-09-25 04:06:56,619 [INFO]    bus                       | 신규     3행 | 누적      3행 | 11컬럼
2026-09-25 04:06:56,619 [INFO]    bus_bus_stn_stts          | 신규  1745행 | 누적   1745행 | 11컬럼
2026-09-25 04:06:56,619 [INFO]    charger                   | 신규     4행 | 누적      4행 | 15컬럼
2026-09-25 04:06:56,619 [INFO]    charger_charger_stts      | 신규  1921행 | 누적   1921행 | 15컬럼
2026-09-25 04:06:56,619 [INFO]    cmrcl                     | 신규    82행 | 누적     82행 | 20컬럼
2026-09-25 04:06:56,619 [INFO]    events                    | 신규    11행 | 누적     11행 | 14컬럼
2026-09-25 04:06:56,619 [INFO]    events_event_stts         | 신규   122행 | 누적    122행 | 14컬럼
2026-09-25 04:06:56,619 [INFO]    parking                   | 신규     6행 | 누적      6행 | 21컬럼
2026-09-25 04:06:56,619 [INFO]    parking_prk_stts          | 신규  1832행 | 누적   1832행 | 21컬럼
2026-09-25 04:06:56,619 [INFO]    ppltn                     | 신규   121행 | 누적    121행 | 26컬럼
2026-09-25 04:06:56,619 [INFO]    road                      | 신규   121행 | 누적    121행 | 21컬럼
2026-09-25 04:06:56,619 [INFO]    road_road_traffic_stts    | 신규  5302행 | 누적   5302행 | 17컬럼
2026-09-25 04:06:56,619 [INFO]    subway                    | 신규    38행 | 누적     38행 | 12컬럼
2026-09-25 04:06:56,619 [INFO]    subway_sub_stts           | 신규   183행 | 누적    183행 | 13컬럼
2026-09-25 04:06:56,619 [INFO]    weather                   | 신규   119행 | 누적    119행 | 29컬럼
2026-09-25 04:06:56,619 [INFO] 키별 사용량:
2026-09-25 04:06:56,619 [INFO]    🟢 KEY_1 (31/1000) 
2026-09-25 04:06:56,619 [INFO]    🟢 KEY_2 (30/1000) 
2026-09-25 04:06:56,619 [INFO]    🟢 KEY_3 (30/1000) 
2026-09-25 04:06:56,619 [INFO]    🟢 KEY_4 (30/1000) 
2026-09-25 07:18:28,826 [INFO] 등록된 키: 4개, 합산 한도 4,000건/일
2026-09-25 07:18:28,827 [INFO] POI 로드: 매뉴얼 v8.5 기준 fallback 121개 (121개 전체)
2026-09-25 07:18:28,827 [INFO] === 수집 시작 2026-09-25T07:18:28.827478+09:00 ===
2026-09-25 07:18:28,827 [INFO] 대상 장소: 121개 | API: citydata (통합)
2026-09-25 07:18:28,827 [INFO] 키 풀: 4/4 활성 | 오늘 사용 0/4000건
2026-09-25 07:18:28,827 [INFO]   [KEY_1] 담당 31장소
2026-09-25 07:18:28,827 [INFO]   [KEY_2] 담당 30장소
2026-09-25 07:18:28,827 [INFO]   [KEY_3] 담당 30장소
2026-09-25 07:18:28,827 [INFO]   [KEY_4] 담당 30장소
2026-09-25 07:18:28,828 [INFO] [1/121] 경복궁 (primary=KEY_1)
2026-09-25 07:18:30,890 [INFO] [2/121] 광화문·덕수궁 (primary=KEY_2)
2026-09-25 07:18:33,328 [INFO] [3/121] 보신각 (primary=KEY_3)
2026-09-25 07:18:35,374 [INFO] [4/121] 서울 암사동 유적 (primary=KEY_4)
2026-09-25 07:18:37,592 [INFO] [5/121] 창덕궁·종묘 (primary=KEY_1)
2026-09-25 07:18:39,659 [INFO] [6/121] 강남 MICE 관광특구 (primary=KEY_2)
2026-09-25 07:18:41,737 [INFO] [7/121] 동대문 관광특구 (primary=KEY_3)
2026-09-25 07:18:43,459 [INFO] [8/121] 명동 관광특구 (primary=KEY_4)
2026-09-25 07:18:45,797 [INFO] [9/121] 이태원 관광특구 (primary=KEY_1)
2026-09-25 07:18:47,152 [INFO] [10/121] 잠실 관광특구 (primary=KEY_2)
2026-09-25 07:18:48,900 [INFO] [11/121] 종로·청계 관광특구 (primary=KEY_3)
2026-09-25 07:18:51,265 [INFO] [12/121] 홍대 관광특구 (primary=KEY_4)
2026-09-25 07:18:53,663 [INFO] [13/121] 강서한강공원 (primary=KEY_1)
2026-09-25 07:18:55,557 [INFO] [14/121] 고척돔 (primary=KEY_2)
2026-09-25 07:18:57,536 [INFO] [15/121] 광나루한강공원 (primary=KEY_3)
2026-09-25 07:18:59,954 [INFO] [16/121] 광화문광장 (primary=KEY_4)
2026-09-25 07:19:01,311 [INFO] [17/121] 국립중앙박물관·용산가족공원 (primary=KEY_1)
2026-09-25 07:19:03,559 [INFO] [18/121] 난지한강공원 (primary=KEY_2)
2026-09-25 07:19:05,404 [INFO] [19/121] 남산공원 (primary=KEY_3)
2026-09-25 07:19:07,124 [INFO] [20/121] 노들섬 (primary=KEY_4)
2026-09-25 07:19:08,979 [INFO] [21/121] 뚝섬한강공원 (primary=KEY_1)
2026-09-25 07:19:10,283 [INFO] [22/121] 망원한강공원 (primary=KEY_2)
2026-09-25 07:19:11,633 [INFO] [23/121] 반포한강공원 (primary=KEY_3)
2026-09-25 07:19:13,825 [INFO] [24/121] 보라매공원 (primary=KEY_4)
2026-09-25 07:19:16,143 [INFO] [25/121] 북서울꿈의숲 (primary=KEY_1)
2026-09-25 07:19:18,400 [INFO] [26/121] 서대문독립공원 (primary=KEY_2)
2026-09-25 07:19:20,648 [INFO] [27/121] 서리풀공원·몽마르뜨공원 (primary=KEY_3)
2026-09-25 07:19:21,965 [INFO] [28/121] 서울대공원 (primary=KEY_4)
2026-09-25 07:19:23,083 [INFO] [29/121] 서울숲공원 (primary=KEY_1)
2026-09-25 07:19:25,183 [INFO] [30/121] 송현녹지광장 (primary=KEY_2)
2026-09-25 07:19:26,624 [INFO] [31/121] 아차산 (primary=KEY_3)
2026-09-25 07:19:28,498 [INFO] [32/121] 안양천 (primary=KEY_4)
2026-09-25 07:19:30,537 [INFO] [33/121] 양화한강공원 (primary=KEY_1)
2026-09-25 07:19:31,648 [INFO] [34/121] 어린이대공원 (primary=KEY_2)
2026-09-25 07:19:32,983 [INFO] [35/121] 여의도한강공원 (primary=KEY_3)
2026-09-25 07:19:34,336 [INFO] [36/121] 여의서로 (primary=KEY_4)
2026-09-25 07:19:36,356 [INFO] [37/121] 올림픽공원 (primary=KEY_1)
2026-09-25 07:19:37,697 [INFO] [38/121] 월드컵공원 (primary=KEY_2)
2026-09-25 07:19:39,875 [INFO] [39/121] 응봉산 (primary=KEY_3)
2026-09-25 07:19:41,361 [INFO] [40/121] 이촌한강공원 (primary=KEY_4)
2026-09-25 07:19:43,360 [INFO] [41/121] 잠실종합운동장 (primary=KEY_1)
2026-09-25 07:19:44,470 [INFO] [42/121] 잠실한강공원 (primary=KEY_2)
2026-09-25 07:19:46,198 [INFO] [43/121] 잠원한강공원 (primary=KEY_3)
2026-09-25 07:19:47,509 [INFO] [44/121] 청계산 (primary=KEY_4)
2026-09-25 07:19:48,628 [INFO] [45/121] 홍제폭포 (primary=KEY_1)
2026-09-25 07:19:50,303 [INFO] [46/121] 가락시장 (primary=KEY_2)
2026-09-25 07:19:51,646 [INFO] [47/121] 가로수길 (primary=KEY_3)
2026-09-25 07:19:53,769 [INFO] [48/121] 광장(전통)시장 (primary=KEY_4)
2026-09-25 07:19:54,915 [INFO] [49/121] 김포공항 (primary=KEY_1)
2026-09-25 07:19:56,481 [INFO] [50/121] 남대문시장 (primary=KEY_2)
2026-09-25 07:19:57,794 [INFO] [51/121] 노량진 (primary=KEY_3)
2026-09-25 07:19:59,135 [INFO] [52/121] 덕수궁길·정동길 (primary=KEY_4)
2026-09-25 07:20:01,270 [INFO] [53/121] 북창동 먹자골목 (primary=KEY_1)
2026-09-25 07:20:02,627 [INFO] [54/121] 북촌한옥마을 (primary=KEY_2)
2026-09-25 07:20:04,897 [INFO] [55/121] 서촌 (primary=KEY_3)
2026-09-25 07:20:06,183 [INFO] [56/121] 성수카페거리 (primary=KEY_4)
2026-09-25 07:20:07,819 [INFO] [57/121] 송리단길·호수단길 (primary=KEY_1)
2026-09-25 07:20:09,896 [INFO] [58/121] 신촌 스타광장 (primary=KEY_2)
2026-09-25 07:20:11,055 [INFO] [59/121] 압구정로데오거리 (primary=KEY_3)
2026-09-25 07:20:12,918 [INFO] [60/121] 여의도 (primary=KEY_4)
2026-09-25 07:20:15,220 [INFO] [61/121] 연남동 (primary=KEY_1)
2026-09-25 07:20:16,517 [INFO] [62/121] 영등포 타임스퀘어 (primary=KEY_2)
2026-09-25 07:20:17,817 [INFO] [63/121] 용리단길 (primary=KEY_3)
2026-09-25 07:20:19,158 [INFO] [64/121] 이태원 앤틱가구거리 (primary=KEY_4)
2026-09-25 07:20:20,455 [INFO] [65/121] 익선동 (primary=KEY_1)
2026-09-25 07:20:21,755 [INFO] [66/121] 인사동 (primary=KEY_2)
2026-09-25 07:20:23,264 [INFO] [67/121] 잠실롯데타워·석촌호수 (primary=KEY_3)
2026-09-25 07:20:25,904 [INFO] [68/121] 창동 신경제 중심지 (primary=KEY_4)
2026-09-25 07:20:27,620 [INFO] [69/121] 청담동 명품거리 (primary=KEY_1)
2026-09-25 07:20:28,907 [INFO] [70/121] 청량리 제기동 일대 전통시장 (primary=KEY_2)
2026-09-25 07:20:30,240 [INFO] [71/121] 해방촌·경리단길 (primary=KEY_3)
2026-09-25 07:20:31,413 [INFO] [72/121] DDP(동대문디자인플라자) (primary=KEY_4)
2026-09-25 07:20:32,720 [INFO] [73/121] DMC(디지털미디어시티) (primary=KEY_1)
2026-09-25 07:20:34,484 [INFO] [74/121] 가산디지털단지역 (primary=KEY_2)
2026-09-25 07:20:36,341 [INFO] [75/121] 강남역 (primary=KEY_3)
2026-09-25 07:20:37,869 [INFO] [76/121] 건대입구역 (primary=KEY_4)
2026-09-25 07:20:39,214 [INFO] [77/121] 고덕역 (primary=KEY_1)
2026-09-25 07:20:41,603 [INFO] [78/121] 고속터미널역 (primary=KEY_2)
2026-09-25 07:20:42,931 [INFO] [79/121] 교대역 (primary=KEY_3)
2026-09-25 07:20:44,290 [INFO] [80/121] 구로디지털단지역 (primary=KEY_4)
2026-09-25 07:20:45,964 [INFO] [81/121] 구로역 (primary=KEY_1)
2026-09-25 07:20:47,260 [INFO] [82/121] 군자역 (primary=KEY_2)
2026-09-25 07:20:48,698 [INFO] [83/121] 대림역 (primary=KEY_3)
2026-09-25 07:20:50,027 [INFO] [84/121] 동대문역 (primary=KEY_4)
2026-09-25 07:20:51,412 [INFO] [85/121] 뚝섬역 (primary=KEY_1)
2026-09-25 07:20:52,717 [INFO] [86/121] 미아사거리역 (primary=KEY_2)
2026-09-25 07:20:54,046 [INFO] [87/121] 발산역 (primary=KEY_3)
2026-09-25 07:20:55,752 [INFO] [88/121] 사당역 (primary=KEY_4)
2026-09-25 07:20:57,059 [INFO] [89/121] 삼각지역 (primary=KEY_1)
2026-09-25 07:20:58,413 [INFO] [90/121] 서울대입구역 (primary=KEY_2)
2026-09-25 07:20:59,795 [INFO] [91/121] 서울식물원·마곡나루역 (primary=KEY_3)
2026-09-25 07:21:01,290 [INFO] [92/121] 서울역 (primary=KEY_4)
2026-09-25 07:21:02,970 [INFO] [93/121] 선릉역 (primary=KEY_1)
2026-09-25 07:21:04,651 [INFO] [94/121] 성신여대입구역 (primary=KEY_2)
2026-09-25 07:21:05,812 [INFO] [95/121] 수유역 (primary=KEY_3)
2026-09-25 07:21:07,391 [INFO] [96/121] 숭례문 (primary=KEY_4)
2026-09-25 07:21:08,704 [INFO] [97/121] 시의회 앞 (primary=KEY_1)
2026-09-25 07:21:10,036 [INFO] [98/121] 신논현역·논현역 (primary=KEY_2)
2026-09-25 07:21:11,349 [INFO] [99/121] 신도림역 (primary=KEY_3)
2026-09-25 07:21:12,462 [INFO] [100/121] 신림역 (primary=KEY_4)
2026-09-25 07:21:13,915 [INFO] [101/121] 신정네거리역 (primary=KEY_1)
2026-09-25 07:21:15,207 [INFO] [102/121] 신촌·이대역 (primary=KEY_2)
2026-09-25 07:21:16,505 [INFO] [103/121] 쌍문역 (primary=KEY_3)
2026-09-25 07:21:17,834 [INFO] [104/121] 양재역 (primary=KEY_4)
2026-09-25 07:21:19,160 [INFO] [105/121] 역삼역 (primary=KEY_1)
2026-09-25 07:21:20,644 [INFO] [106/121] 연신내역 (primary=KEY_2)
2026-09-25 07:21:21,774 [INFO] [107/121] 오목교역·목동운동장 (primary=KEY_3)
2026-09-25 07:21:23,636 [INFO] [108/121] 왕십리역 (primary=KEY_4)
2026-09-25 07:21:25,234 [INFO] [109/121] 용산역 (primary=KEY_1)
2026-09-25 07:21:26,725 [INFO] [110/121] 이태원역 (primary=KEY_2)
2026-09-25 07:21:28,029 [INFO] [111/121] 잠실새내역 (primary=KEY_3)
2026-09-25 07:21:29,331 [INFO] [112/121] 잠실역 (primary=KEY_4)
2026-09-25 07:21:30,864 [INFO] [113/121] 장지역 (primary=KEY_1)
2026-09-25 07:21:32,380 [INFO] [114/121] 장한평역 (primary=KEY_2)
2026-09-25 07:21:33,686 [INFO] [115/121] 천호역 (primary=KEY_3)
2026-09-25 07:21:35,010 [INFO] [116/121] 총신대입구(이수)역 (primary=KEY_4)
2026-09-25 07:21:36,345 [INFO] [117/121] 충정로역 (primary=KEY_1)
2026-09-25 07:21:37,654 [INFO] [118/121] 합정역 (primary=KEY_2)
2026-09-25 07:21:39,085 [INFO] [119/121] 혜화역 (primary=KEY_3)
2026-09-25 07:21:40,424 [INFO] [120/121] 홍대입구역(2호선) (primary=KEY_4)
2026-09-25 07:21:41,772 [INFO] [121/121] 회기역 (primary=KEY_1)
2026-09-25 07:21:43,817 [INFO] === 수집 완료 | 성공 121, 실패 0 ===
2026-09-25 07:21:43,817 [INFO] 카테고리별 저장 결과:
2026-09-25 07:21:43,817 [INFO]    accident                  | 신규     2행 | 누적      4행 | 16컬럼
2026-09-25 07:21:43,817 [INFO]    area_meta                 | 신규   121행 | 누적    242행 | 5컬럼
2026-09-25 07:21:43,817 [INFO]    bike                      | 신규    11행 | 누적     22행 | 12컬럼
2026-09-25 07:21:43,817 [INFO]    bike_sbike_stts           | 신규   575행 | 누적   1150행 | 12컬럼
2026-09-25 07:21:43,817 [INFO]    bus                       | 신규     3행 | 누적      6행 | 11컬럼
2026-09-25 07:21:43,817 [INFO]    bus_bus_stn_stts          | 신규  1745행 | 누적   3490행 | 11컬럼
2026-09-25 07:21:43,817 [INFO]    charger                   | 신규     4행 | 누적      8행 | 15컬럼
2026-09-25 07:21:43,817 [INFO]    charger_charger_stts      | 신규  1921행 | 누적   3816행 | 15컬럼
2026-09-25 07:21:43,817 [INFO]    cmrcl                     | 신규    82행 | 누적    164행 | 20컬럼
2026-09-25 07:21:43,817 [INFO]    events                    | 신규    13행 | 누적     24행 | 14컬럼
2026-09-25 07:21:43,818 [INFO]    events_event_stts         | 신규   119행 | 누적    241행 | 14컬럼
2026-09-25 07:21:43,818 [INFO]    parking                   | 신규     6행 | 누적     12행 | 21컬럼
2026-09-25 07:21:43,818 [INFO]    parking_prk_stts          | 신규  1832행 | 누적   3664행 | 21컬럼
2026-09-25 07:21:43,818 [INFO]    ppltn                     | 신규   121행 | 누적    242행 | 26컬럼
2026-09-25 07:21:43,818 [INFO]    road                      | 신규   121행 | 누적    242행 | 21컬럼
2026-09-25 07:21:43,818 [INFO]    road_road_traffic_stts    | 신규  5302행 | 누적  10604행 | 17컬럼
2026-09-25 07:21:43,818 [INFO]    subway                    | 신규    38행 | 누적     76행 | 12컬럼
2026-09-25 07:21:43,818 [INFO]    subway_sub_stts           | 신규   183행 | 누적    366행 | 13컬럼
2026-09-25 07:21:43,818 [INFO]    weather                   | 신규   119행 | 누적    238행 | 29컬럼
2026-09-25 07:21:43,818 [INFO] 키별 사용량:
2026-09-25 07:21:43,818 [INFO]    🟢 KEY_1 (31/1000) 
2026-09-25 07:21:43,818 [INFO]    🟢 KEY_2 (30/1000) 
2026-09-25 07:21:43,818 [INFO]    🟢 KEY_3 (30/1000) 
2026-09-25 07:21:43,818 [INFO]    🟢 KEY_4 (30/1000) 
2026-09-25 10:26:11,223 [INFO] 등록된 키: 4개, 합산 한도 4,000건/일
2026-09-25 10:26:11,223 [INFO] POI 로드: 매뉴얼 v8.5 기준 fallback 121개 (121개 전체)
2026-09-25 10:26:11,223 [INFO] === 수집 시작 2026-09-25T10:26:11.223780+09:00 ===
2026-09-25 10:26:11,223 [INFO] 대상 장소: 121개 | API: citydata (통합)
2026-09-25 10:26:11,223 [INFO] 키 풀: 4/4 활성 | 오늘 사용 0/4000건
2026-09-25 10:26:11,224 [INFO]   [KEY_1] 담당 31장소
2026-09-25 10:26:11,224 [INFO]   [KEY_2] 담당 30장소
2026-09-25 10:26:11,224 [INFO]   [KEY_3] 담당 30장소
2026-09-25 10:26:11,224 [INFO]   [KEY_4] 담당 30장소
2026-09-25 10:26:11,224 [INFO] [1/121] 경복궁 (primary=KEY_1)
2026-09-25 10:26:13,163 [INFO] [2/121] 광화문·덕수궁 (primary=KEY_2)
2026-09-25 10:26:14,676 [INFO] [3/121] 보신각 (primary=KEY_3)
2026-09-25 10:26:16,460 [INFO] [4/121] 서울 암사동 유적 (primary=KEY_4)
2026-09-25 10:26:17,469 [INFO] [5/121] 창덕궁·종묘 (primary=KEY_1)
2026-09-25 10:26:18,626 [INFO] [6/121] 강남 MICE 관광특구 (primary=KEY_2)
2026-09-25 10:26:20,692 [INFO] [7/121] 동대문 관광특구 (primary=KEY_3)
2026-09-25 10:26:22,975 [INFO] [8/121] 명동 관광특구 (primary=KEY_4)
2026-09-25 10:26:24,520 [INFO] [9/121] 이태원 관광특구 (primary=KEY_1)
2026-09-25 10:26:25,705 [INFO] [10/121] 잠실 관광특구 (primary=KEY_2)
2026-09-25 10:26:27,219 [INFO] [11/121] 종로·청계 관광특구 (primary=KEY_3)
2026-09-25 10:26:29,328 [INFO] [12/121] 홍대 관광특구 (primary=KEY_4)
2026-09-25 10:26:30,828 [INFO] [13/121] 강서한강공원 (primary=KEY_1)
2026-09-25 10:26:31,832 [INFO] [14/121] 고척돔 (primary=KEY_2)
2026-09-25 10:26:32,847 [INFO] [15/121] 광나루한강공원 (primary=KEY_3)
2026-09-25 10:26:33,989 [INFO] [16/121] 광화문광장 (primary=KEY_4)
2026-09-25 10:26:35,171 [INFO] [17/121] 국립중앙박물관·용산가족공원 (primary=KEY_1)
2026-09-25 10:26:36,188 [INFO] [18/121] 난지한강공원 (primary=KEY_2)
2026-09-25 10:26:37,198 [INFO] [19/121] 남산공원 (primary=KEY_3)
2026-09-25 10:26:38,545 [INFO] [20/121] 노들섬 (primary=KEY_4)
2026-09-25 10:26:39,563 [INFO] [21/121] 뚝섬한강공원 (primary=KEY_1)
2026-09-25 10:26:40,577 [INFO] [22/121] 망원한강공원 (primary=KEY_2)
2026-09-25 10:26:42,387 [INFO] [23/121] 반포한강공원 (primary=KEY_3)
2026-09-25 10:26:43,402 [INFO] [24/121] 보라매공원 (primary=KEY_4)
2026-09-25 10:26:44,431 [INFO] [25/121] 북서울꿈의숲 (primary=KEY_1)
2026-09-25 10:26:45,633 [INFO] [26/121] 서대문독립공원 (primary=KEY_2)
2026-09-25 10:26:46,664 [INFO] [27/121] 서리풀공원·몽마르뜨공원 (primary=KEY_3)
2026-09-25 10:26:47,857 [INFO] [28/121] 서울대공원 (primary=KEY_4)
2026-09-25 10:26:48,867 [INFO] [29/121] 서울숲공원 (primary=KEY_1)
2026-09-25 10:26:50,053 [INFO] [30/121] 송현녹지광장 (primary=KEY_2)
2026-09-25 10:26:51,234 [INFO] [31/121] 아차산 (primary=KEY_3)
2026-09-25 10:26:52,246 [INFO] [32/121] 안양천 (primary=KEY_4)
2026-09-25 10:26:53,274 [INFO] [33/121] 양화한강공원 (primary=KEY_1)
2026-09-25 10:26:54,283 [INFO] [34/121] 어린이대공원 (primary=KEY_2)
2026-09-25 10:26:55,469 [INFO] [35/121] 여의도한강공원 (primary=KEY_3)
2026-09-25 10:26:56,646 [INFO] [36/121] 여의서로 (primary=KEY_4)
2026-09-25 10:26:57,810 [INFO] [37/121] 올림픽공원 (primary=KEY_1)
2026-09-25 10:26:59,179 [INFO] [38/121] 월드컵공원 (primary=KEY_2)
2026-09-25 10:27:00,518 [INFO] [39/121] 응봉산 (primary=KEY_3)
2026-09-25 10:27:01,687 [INFO] [40/121] 이촌한강공원 (primary=KEY_4)
2026-09-25 10:27:02,705 [INFO] [41/121] 잠실종합운동장 (primary=KEY_1)
2026-09-25 10:27:03,724 [INFO] [42/121] 잠실한강공원 (primary=KEY_2)
2026-09-25 10:27:04,747 [INFO] [43/121] 잠원한강공원 (primary=KEY_3)
2026-09-25 10:27:05,768 [INFO] [44/121] 청계산 (primary=KEY_4)
2026-09-25 10:27:06,780 [INFO] [45/121] 홍제폭포 (primary=KEY_1)
2026-09-25 10:27:07,784 [INFO] [46/121] 가락시장 (primary=KEY_2)
2026-09-25 10:27:08,974 [INFO] [47/121] 가로수길 (primary=KEY_3)
2026-09-25 10:27:10,174 [INFO] [48/121] 광장(전통)시장 (primary=KEY_4)
2026-09-25 10:27:11,221 [INFO] [49/121] 김포공항 (primary=KEY_1)
2026-09-25 10:27:12,606 [INFO] [50/121] 남대문시장 (primary=KEY_2)
2026-09-25 10:27:13,775 [INFO] [51/121] 노량진 (primary=KEY_3)
2026-09-25 10:27:14,967 [INFO] [52/121] 덕수궁길·정동길 (primary=KEY_4)
2026-09-25 10:27:16,219 [INFO] [53/121] 북창동 먹자골목 (primary=KEY_1)
2026-09-25 10:27:17,401 [INFO] [54/121] 북촌한옥마을 (primary=KEY_2)
2026-09-25 10:27:18,734 [INFO] [55/121] 서촌 (primary=KEY_3)
2026-09-25 10:27:19,907 [INFO] [56/121] 성수카페거리 (primary=KEY_4)
2026-09-25 10:27:21,269 [INFO] [57/121] 송리단길·호수단길 (primary=KEY_1)
2026-09-25 10:27:22,456 [INFO] [58/121] 신촌 스타광장 (primary=KEY_2)
2026-09-25 10:27:23,490 [INFO] [59/121] 압구정로데오거리 (primary=KEY_3)
2026-09-25 10:27:24,689 [INFO] [60/121] 여의도 (primary=KEY_4)
2026-09-25 10:27:26,548 [INFO] [61/121] 연남동 (primary=KEY_1)
2026-09-25 10:27:27,725 [INFO] [62/121] 영등포 타임스퀘어 (primary=KEY_2)
2026-09-25 10:27:28,912 [INFO] [63/121] 용리단길 (primary=KEY_3)
2026-09-25 10:27:29,961 [INFO] [64/121] 이태원 앤틱가구거리 (primary=KEY_4)
2026-09-25 10:27:31,166 [INFO] [65/121] 익선동 (primary=KEY_1)
2026-09-25 10:27:32,359 [INFO] [66/121] 인사동 (primary=KEY_2)
2026-09-25 10:27:33,692 [INFO] [67/121] 잠실롯데타워·석촌호수 (primary=KEY_3)
2026-09-25 10:27:35,224 [INFO] [68/121] 창동 신경제 중심지 (primary=KEY_4)
2026-09-25 10:27:36,733 [INFO] [69/121] 청담동 명품거리 (primary=KEY_1)
2026-09-25 10:27:37,898 [INFO] [70/121] 청량리 제기동 일대 전통시장 (primary=KEY_2)
2026-09-25 10:27:39,102 [INFO] [71/121] 해방촌·경리단길 (primary=KEY_3)
2026-09-25 10:27:40,166 [INFO] [72/121] DDP(동대문디자인플라자) (primary=KEY_4)
2026-09-25 10:27:41,400 [INFO] [73/121] DMC(디지털미디어시티) (primary=KEY_1)
2026-09-25 10:27:42,922 [INFO] [74/121] 가산디지털단지역 (primary=KEY_2)
2026-09-25 10:27:44,572 [INFO] [75/121] 강남역 (primary=KEY_3)
2026-09-25 10:27:45,947 [INFO] [76/121] 건대입구역 (primary=KEY_4)
2026-09-25 10:27:47,170 [INFO] [77/121] 고덕역 (primary=KEY_1)
2026-09-25 10:27:48,360 [INFO] [78/121] 고속터미널역 (primary=KEY_2)
2026-09-25 10:27:49,554 [INFO] [79/121] 교대역 (primary=KEY_3)
2026-09-25 10:27:50,748 [INFO] [80/121] 구로디지털단지역 (primary=KEY_4)
2026-09-25 10:27:53,556 [INFO] [81/121] 구로역 (primary=KEY_1)
2026-09-25 10:27:54,738 [INFO] [82/121] 군자역 (primary=KEY_2)
2026-09-25 10:27:55,928 [INFO] [83/121] 대림역 (primary=KEY_3)
2026-09-25 10:27:57,157 [INFO] [84/121] 동대문역 (primary=KEY_4)
2026-09-25 10:27:58,357 [INFO] [85/121] 뚝섬역 (primary=KEY_1)
2026-09-25 10:27:59,534 [INFO] [86/121] 미아사거리역 (primary=KEY_2)
2026-09-25 10:28:00,727 [INFO] [87/121] 발산역 (primary=KEY_3)
2026-09-25 10:28:02,232 [INFO] [88/121] 사당역 (primary=KEY_4)
2026-09-25 10:28:03,424 [INFO] [89/121] 삼각지역 (primary=KEY_1)
2026-09-25 10:28:04,595 [INFO] [90/121] 서울대입구역 (primary=KEY_2)
2026-09-25 10:28:05,775 [INFO] [91/121] 서울식물원·마곡나루역 (primary=KEY_3)
2026-09-25 10:28:07,114 [INFO] [92/121] 서울역 (primary=KEY_4)
2026-09-25 10:28:08,468 [INFO] [93/121] 선릉역 (primary=KEY_1)
2026-09-25 10:28:09,990 [INFO] [94/121] 성신여대입구역 (primary=KEY_2)
2026-09-25 10:28:11,054 [INFO] [95/121] 수유역 (primary=KEY_3)
2026-09-25 10:28:12,240 [INFO] [96/121] 숭례문 (primary=KEY_4)
2026-09-25 10:28:13,467 [INFO] [97/121] 시의회 앞 (primary=KEY_1)
2026-09-25 10:28:14,672 [INFO] [98/121] 신논현역·논현역 (primary=KEY_2)
2026-09-25 10:28:15,878 [INFO] [99/121] 신도림역 (primary=KEY_3)
2026-09-25 10:28:16,947 [INFO] [100/121] 신림역 (primary=KEY_4)
2026-09-25 10:28:18,142 [INFO] [101/121] 신정네거리역 (primary=KEY_1)
2026-09-25 10:28:19,319 [INFO] [102/121] 신촌·이대역 (primary=KEY_2)
2026-09-25 10:28:20,504 [INFO] [103/121] 쌍문역 (primary=KEY_3)
2026-09-25 10:28:21,696 [INFO] [104/121] 양재역 (primary=KEY_4)
2026-09-25 10:28:22,899 [INFO] [105/121] 역삼역 (primary=KEY_1)
2026-09-25 10:28:24,222 [INFO] [106/121] 연신내역 (primary=KEY_2)
2026-09-25 10:28:25,277 [INFO] [107/121] 오목교역·목동운동장 (primary=KEY_3)
2026-09-25 10:28:26,927 [INFO] [108/121] 왕십리역 (primary=KEY_4)
2026-09-25 10:28:28,286 [INFO] [109/121] 용산역 (primary=KEY_1)
2026-09-25 10:28:29,610 [INFO] [110/121] 이태원역 (primary=KEY_2)
2026-09-25 10:28:30,643 [INFO] [111/121] 잠실새내역 (primary=KEY_3)
2026-09-25 10:28:31,822 [INFO] [112/121] 잠실역 (primary=KEY_4)
2026-09-25 10:28:33,229 [INFO] [113/121] 장지역 (primary=KEY_1)
2026-09-25 10:28:34,563 [INFO] [114/121] 장한평역 (primary=KEY_2)
2026-09-25 10:28:35,775 [INFO] [115/121] 천호역 (primary=KEY_3)
2026-09-25 10:28:36,993 [INFO] [116/121] 총신대입구(이수)역 (primary=KEY_4)
2026-09-25 10:28:38,190 [INFO] [117/121] 충정로역 (primary=KEY_1)
2026-09-25 10:28:39,384 [INFO] [118/121] 합정역 (primary=KEY_2)
2026-09-25 10:28:40,589 [INFO] [119/121] 혜화역 (primary=KEY_3)
2026-09-25 10:28:41,799 [INFO] [120/121] 홍대입구역(2호선) (primary=KEY_4)
2026-09-25 10:28:42,996 [INFO] [121/121] 회기역 (primary=KEY_1)
2026-09-25 10:28:45,058 [INFO] === 수집 완료 | 성공 121, 실패 0 ===
2026-09-25 10:28:45,058 [INFO] 카테고리별 저장 결과:
2026-09-25 10:28:45,058 [INFO]    accident                  | 신규     1행 | 누적      5행 | 16컬럼
2026-09-25 10:28:45,058 [INFO]    accident_acdnt_cntrl_stts | 신규     2행 | 누적      2행 | 16컬럼
2026-09-25 10:28:45,058 [INFO]    area_meta                 | 신규   121행 | 누적    363행 | 5컬럼
2026-09-25 10:28:45,058 [INFO]    bike                      | 신규    11행 | 누적     33행 | 12컬럼
2026-09-25 10:28:45,058 [INFO]    bike_sbike_stts           | 신규   575행 | 누적   1725행 | 12컬럼
2026-09-25 10:28:45,059 [INFO]    bus                       | 신규     3행 | 누적      9행 | 11컬럼
2026-09-25 10:28:45,059 [INFO]    bus_bus_stn_stts          | 신규  1745행 | 누적   5235행 | 11컬럼
2026-09-25 10:28:45,059 [INFO]    charger                   | 신규     4행 | 누적     12행 | 15컬럼
2026-09-25 10:28:45,059 [INFO]    charger_charger_stts      | 신규  1921행 | 누적   5724행 | 15컬럼
2026-09-25 10:28:45,059 [INFO]    cmrcl                     | 신규    82행 | 누적    246행 | 21컬럼
2026-09-25 10:28:45,059 [INFO]    events                    | 신규    13행 | 누적     37행 | 14컬럼
2026-09-25 10:28:45,059 [INFO]    events_event_stts         | 신규   119행 | 누적    360행 | 14컬럼
2026-09-25 10:28:45,059 [INFO]    parking                   | 신규     6행 | 누적     18행 | 21컬럼
2026-09-25 10:28:45,059 [INFO]    parking_prk_stts          | 신규  1832행 | 누적   5496행 | 21컬럼
2026-09-25 10:28:45,059 [INFO]    ppltn                     | 신규   121행 | 누적    363행 | 26컬럼
2026-09-25 10:28:45,059 [INFO]    road                      | 신규   121행 | 누적    363행 | 21컬럼
2026-09-25 10:28:45,059 [INFO]    road_road_traffic_stts    | 신규  5302행 | 누적  15906행 | 17컬럼
2026-09-25 10:28:45,059 [INFO]    subway                    | 신규    38행 | 누적    114행 | 12컬럼
2026-09-25 10:28:45,059 [INFO]    subway_sub_stts           | 신규   183행 | 누적    549행 | 13컬럼
2026-09-25 10:28:45,059 [INFO]    weather                   | 신규   119행 | 누적    357행 | 29컬럼
2026-09-25 10:28:45,059 [INFO] 키별 사용량:
2026-09-25 10:28:45,059 [INFO]    🟢 KEY_1 (31/1000) 
2026-09-25 10:28:45,059 [INFO]    🟢 KEY_2 (30/1000) 
2026-09-25 10:28:45,059 [INFO]    🟢 KEY_3 (30/1000) 
2026-09-25 10:28:45,059 [INFO]    🟢 KEY_4 (30/1000) 
2026-09-25 16:41:50,692 [INFO] 등록된 키: 4개, 합산 한도 4,000건/일
2026-09-25 16:41:50,693 [INFO] POI 로드: 매뉴얼 v8.5 기준 fallback 121개 (121개 전체)
2026-09-25 16:41:50,693 [INFO] === 수집 시작 2026-09-25T16:41:50.693140+09:00 ===
2026-09-25 16:41:50,693 [INFO] 대상 장소: 121개 | API: citydata (통합)
2026-09-25 16:41:50,693 [INFO] 키 풀: 4/4 활성 | 오늘 사용 0/4000건
2026-09-25 16:41:50,693 [INFO]   [KEY_1] 담당 31장소
2026-09-25 16:41:50,693 [INFO]   [KEY_2] 담당 30장소
2026-09-25 16:41:50,693 [INFO]   [KEY_3] 담당 30장소
2026-09-25 16:41:50,693 [INFO]   [KEY_4] 담당 30장소
2026-09-25 16:41:50,693 [INFO] [1/121] 경복궁 (primary=KEY_1)
2026-09-25 16:41:52,001 [INFO] [2/121] 광화문·덕수궁 (primary=KEY_2)
2026-09-25 16:41:53,968 [INFO] [3/121] 보신각 (primary=KEY_3)
2026-09-25 16:41:55,962 [INFO] [4/121] 서울 암사동 유적 (primary=KEY_4)
2026-09-25 16:41:57,106 [INFO] [5/121] 창덕궁·종묘 (primary=KEY_1)
2026-09-25 16:41:58,369 [INFO] [6/121] 강남 MICE 관광특구 (primary=KEY_2)
2026-09-25 16:41:59,657 [INFO] [7/121] 동대문 관광특구 (primary=KEY_3)
2026-09-25 16:42:01,092 [INFO] [8/121] 명동 관광특구 (primary=KEY_4)
2026-09-25 16:42:02,588 [INFO] [9/121] 이태원 관광특구 (primary=KEY_1)
2026-09-25 16:42:03,900 [INFO] [10/121] 잠실 관광특구 (primary=KEY_2)
2026-09-25 16:42:06,499 [INFO] [11/121] 종로·청계 관광특구 (primary=KEY_3)
2026-09-25 16:42:07,856 [INFO] [12/121] 홍대 관광특구 (primary=KEY_4)
2026-09-25 16:42:09,153 [INFO] [13/121] 강서한강공원 (primary=KEY_1)
2026-09-25 16:42:10,141 [INFO] [14/121] 고척돔 (primary=KEY_2)
2026-09-25 16:42:11,121 [INFO] [15/121] 광나루한강공원 (primary=KEY_3)
2026-09-25 16:42:12,240 [INFO] [16/121] 광화문광장 (primary=KEY_4)
2026-09-25 16:42:14,086 [INFO] [17/121] 국립중앙박물관·용산가족공원 (primary=KEY_1)
2026-09-25 16:42:15,073 [INFO] [18/121] 난지한강공원 (primary=KEY_2)
2026-09-25 16:42:16,043 [INFO] [19/121] 남산공원 (primary=KEY_3)
2026-09-25 16:42:17,485 [INFO] [20/121] 노들섬 (primary=KEY_4)
2026-09-25 16:42:18,456 [INFO] [21/121] 뚝섬한강공원 (primary=KEY_1)
2026-09-25 16:42:19,439 [INFO] [22/121] 망원한강공원 (primary=KEY_2)
2026-09-25 16:42:20,562 [INFO] [23/121] 반포한강공원 (primary=KEY_3)
2026-09-25 16:42:21,572 [INFO] [24/121] 보라매공원 (primary=KEY_4)
2026-09-25 16:42:22,579 [INFO] [25/121] 북서울꿈의숲 (primary=KEY_1)
2026-09-25 16:42:24,414 [INFO] [26/121] 서대문독립공원 (primary=KEY_2)
2026-09-25 16:42:25,399 [INFO] [27/121] 서리풀공원·몽마르뜨공원 (primary=KEY_3)
2026-09-25 16:42:26,553 [INFO] [28/121] 서울대공원 (primary=KEY_4)
2026-09-25 16:42:27,620 [INFO] [29/121] 서울숲공원 (primary=KEY_1)
2026-09-25 16:42:28,794 [INFO] [30/121] 송현녹지광장 (primary=KEY_2)
2026-09-25 16:42:29,931 [INFO] [31/121] 아차산 (primary=KEY_3)
2026-09-25 16:42:30,904 [INFO] [32/121] 안양천 (primary=KEY_4)
2026-09-25 16:42:31,880 [INFO] [33/121] 양화한강공원 (primary=KEY_1)
2026-09-25 16:42:32,857 [INFO] [34/121] 어린이대공원 (primary=KEY_2)
2026-09-25 16:42:33,990 [INFO] [35/121] 여의도한강공원 (primary=KEY_3)
2026-09-25 16:42:35,142 [INFO] [36/121] 여의서로 (primary=KEY_4)
2026-09-25 16:42:36,259 [INFO] [37/121] 올림픽공원 (primary=KEY_1)
2026-09-25 16:42:37,415 [INFO] [38/121] 월드컵공원 (primary=KEY_2)
2026-09-25 16:42:38,685 [INFO] [39/121] 응봉산 (primary=KEY_3)
2026-09-25 16:42:39,801 [INFO] [40/121] 이촌한강공원 (primary=KEY_4)
2026-09-25 16:42:40,795 [INFO] [41/121] 잠실종합운동장 (primary=KEY_1)
2026-09-25 16:42:41,773 [INFO] [42/121] 잠실한강공원 (primary=KEY_2)
2026-09-25 16:42:42,776 [INFO] [43/121] 잠원한강공원 (primary=KEY_3)
2026-09-25 16:42:43,756 [INFO] [44/121] 청계산 (primary=KEY_4)
2026-09-25 16:42:44,740 [INFO] [45/121] 홍제폭포 (primary=KEY_1)
2026-09-25 16:42:45,729 [INFO] [46/121] 가락시장 (primary=KEY_2)
2026-09-25 16:42:46,883 [INFO] [47/121] 가로수길 (primary=KEY_3)
2026-09-25 16:42:48,053 [INFO] [48/121] 광장(전통)시장 (primary=KEY_4)
2026-09-25 16:42:49,050 [INFO] [49/121] 김포공항 (primary=KEY_1)
2026-09-25 16:42:50,343 [INFO] [50/121] 남대문시장 (primary=KEY_2)
2026-09-25 16:42:51,491 [INFO] [51/121] 노량진 (primary=KEY_3)
2026-09-25 16:42:52,626 [INFO] [52/121] 덕수궁길·정동길 (primary=KEY_4)
2026-09-25 16:42:53,778 [INFO] [53/121] 북창동 먹자골목 (primary=KEY_1)
2026-09-25 16:42:54,903 [INFO] [54/121] 북촌한옥마을 (primary=KEY_2)
2026-09-25 16:42:56,203 [INFO] [55/121] 서촌 (primary=KEY_3)
2026-09-25 16:42:57,340 [INFO] [56/121] 성수카페거리 (primary=KEY_4)
2026-09-25 16:42:58,629 [INFO] [57/121] 송리단길·호수단길 (primary=KEY_1)
2026-09-25 16:42:59,772 [INFO] [58/121] 신촌 스타광장 (primary=KEY_2)
2026-09-25 16:43:00,812 [INFO] [59/121] 압구정로데오거리 (primary=KEY_3)
2026-09-25 16:43:01,970 [INFO] [60/121] 여의도 (primary=KEY_4)
2026-09-25 16:43:03,771 [INFO] [61/121] 연남동 (primary=KEY_1)
2026-09-25 16:43:04,910 [INFO] [62/121] 영등포 타임스퀘어 (primary=KEY_2)
2026-09-25 16:43:06,052 [INFO] [63/121] 용리단길 (primary=KEY_3)
2026-09-25 16:43:07,055 [INFO] [64/121] 이태원 앤틱가구거리 (primary=KEY_4)
2026-09-25 16:43:08,189 [INFO] [65/121] 익선동 (primary=KEY_1)
2026-09-25 16:43:09,333 [INFO] [66/121] 인사동 (primary=KEY_2)
2026-09-25 16:43:10,622 [INFO] [67/121] 잠실롯데타워·석촌호수 (primary=KEY_3)
2026-09-25 16:43:12,197 [INFO] [68/121] 창동 신경제 중심지 (primary=KEY_4)
2026-09-25 16:43:13,634 [INFO] [69/121] 청담동 명품거리 (primary=KEY_1)
2026-09-25 16:43:14,750 [INFO] [70/121] 청량리 제기동 일대 전통시장 (primary=KEY_2)
2026-09-25 16:43:15,951 [INFO] [71/121] 해방촌·경리단길 (primary=KEY_3)
2026-09-25 16:43:16,961 [INFO] [72/121] DDP(동대문디자인플라자) (primary=KEY_4)
2026-09-25 16:43:18,115 [INFO] [73/121] DMC(디지털미디어시티) (primary=KEY_1)
2026-09-25 16:43:19,676 [INFO] [74/121] 가산디지털단지역 (primary=KEY_2)
2026-09-25 16:43:21,264 [INFO] [75/121] 강남역 (primary=KEY_3)
2026-09-25 16:43:22,585 [INFO] [76/121] 건대입구역 (primary=KEY_4)
2026-09-25 16:43:23,746 [INFO] [77/121] 고덕역 (primary=KEY_1)
2026-09-25 16:43:24,993 [INFO] [78/121] 고속터미널역 (primary=KEY_2)
2026-09-25 16:43:26,178 [INFO] [79/121] 교대역 (primary=KEY_3)
2026-09-25 16:43:27,319 [INFO] [80/121] 구로디지털단지역 (primary=KEY_4)
2026-09-25 16:43:28,750 [INFO] [81/121] 구로역 (primary=KEY_1)
2026-09-25 16:43:29,879 [INFO] [82/121] 군자역 (primary=KEY_2)
2026-09-25 16:43:31,054 [INFO] [83/121] 대림역 (primary=KEY_3)
2026-09-25 16:43:32,339 [INFO] [84/121] 동대문역 (primary=KEY_4)
2026-09-25 16:43:33,477 [INFO] [85/121] 뚝섬역 (primary=KEY_1)
2026-09-25 16:43:34,628 [INFO] [86/121] 미아사거리역 (primary=KEY_2)
2026-09-25 16:43:35,777 [INFO] [87/121] 발산역 (primary=KEY_3)
2026-09-25 16:43:37,209 [INFO] [88/121] 사당역 (primary=KEY_4)
2026-09-25 16:43:38,346 [INFO] [89/121] 삼각지역 (primary=KEY_1)
2026-09-25 16:43:39,500 [INFO] [90/121] 서울대입구역 (primary=KEY_2)
2026-09-25 16:43:40,670 [INFO] [91/121] 서울식물원·마곡나루역 (primary=KEY_3)
2026-09-25 16:43:41,958 [INFO] [92/121] 서울역 (primary=KEY_4)
2026-09-25 16:43:43,310 [INFO] [93/121] 선릉역 (primary=KEY_1)
2026-09-25 16:43:44,858 [INFO] [94/121] 성신여대입구역 (primary=KEY_2)
2026-09-25 16:43:45,895 [INFO] [95/121] 수유역 (primary=KEY_3)
2026-09-25 16:43:47,058 [INFO] [96/121] 숭례문 (primary=KEY_4)
2026-09-25 16:43:48,197 [INFO] [97/121] 시의회 앞 (primary=KEY_1)
2026-09-25 16:43:49,355 [INFO] [98/121] 신논현역·논현역 (primary=KEY_2)
2026-09-25 16:43:50,532 [INFO] [99/121] 신도림역 (primary=KEY_3)
2026-09-25 16:43:51,552 [INFO] [100/121] 신림역 (primary=KEY_4)
2026-09-25 16:43:52,717 [INFO] [101/121] 신정네거리역 (primary=KEY_1)
2026-09-25 16:43:53,875 [INFO] [102/121] 신촌·이대역 (primary=KEY_2)
2026-09-25 16:43:55,016 [INFO] [103/121] 쌍문역 (primary=KEY_3)
2026-09-25 16:43:56,175 [INFO] [104/121] 양재역 (primary=KEY_4)
2026-09-25 16:43:57,314 [INFO] [105/121] 역삼역 (primary=KEY_1)
2026-09-25 16:43:58,600 [INFO] [106/121] 연신내역 (primary=KEY_2)
2026-09-25 16:43:59,606 [INFO] [107/121] 오목교역·목동운동장 (primary=KEY_3)
2026-09-25 16:44:01,148 [INFO] [108/121] 왕십리역 (primary=KEY_4)
2026-09-25 16:44:02,463 [INFO] [109/121] 용산역 (primary=KEY_1)
2026-09-25 16:44:03,753 [INFO] [110/121] 이태원역 (primary=KEY_2)
2026-09-25 16:44:04,751 [INFO] [111/121] 잠실새내역 (primary=KEY_3)
2026-09-25 16:44:06,084 [INFO] [112/121] 잠실역 (primary=KEY_4)
2026-09-25 16:44:07,462 [INFO] [113/121] 장지역 (primary=KEY_1)
2026-09-25 16:44:08,739 [INFO] [114/121] 장한평역 (primary=KEY_2)
2026-09-25 16:44:09,884 [INFO] [115/121] 천호역 (primary=KEY_3)
2026-09-25 16:44:11,037 [INFO] [116/121] 총신대입구(이수)역 (primary=KEY_4)
2026-09-25 16:44:12,202 [INFO] [117/121] 충정로역 (primary=KEY_1)
2026-09-25 16:44:13,336 [INFO] [118/121] 합정역 (primary=KEY_2)
2026-09-25 16:44:14,539 [INFO] [119/121] 혜화역 (primary=KEY_3)
2026-09-25 16:44:15,717 [INFO] [120/121] 홍대입구역(2호선) (primary=KEY_4)
2026-09-25 16:44:16,889 [INFO] [121/121] 회기역 (primary=KEY_1)
2026-09-25 16:44:18,652 [INFO] === 수집 완료 | 성공 121, 실패 0 ===
2026-09-25 16:44:18,652 [INFO] 카테고리별 저장 결과:
2026-09-25 16:44:18,652 [INFO]    accident                  | 신규     2행 | 누적      7행 | 16컬럼
2026-09-25 16:44:18,652 [INFO]    accident_acdnt_cntrl_stts | 신규     2행 | 누적      4행 | 16컬럼
2026-09-25 16:44:18,652 [INFO]    area_meta                 | 신규   121행 | 누적    484행 | 5컬럼
2026-09-25 16:44:18,652 [INFO]    bike                      | 신규    11행 | 누적     44행 | 12컬럼
2026-09-25 16:44:18,652 [INFO]    bike_sbike_stts           | 신규   575행 | 누적   2300행 | 12컬럼
2026-09-25 16:44:18,652 [INFO]    bus                       | 신규     3행 | 누적     12행 | 11컬럼
2026-09-25 16:44:18,652 [INFO]    bus_bus_stn_stts          | 신규  1745행 | 누적   6980행 | 11컬럼
2026-09-25 16:44:18,652 [INFO]    charger                   | 신규     4행 | 누적     16행 | 15컬럼
2026-09-25 16:44:18,652 [INFO]    charger_charger_stts      | 신규  1921행 | 누적   7632행 | 15컬럼
2026-09-25 16:44:18,652 [INFO]    cmrcl                     | 신규    82행 | 누적    328행 | 21컬럼
2026-09-25 16:44:18,652 [INFO]    events                    | 신규    13행 | 누적     50행 | 14컬럼
2026-09-25 16:44:18,652 [INFO]    events_event_stts         | 신규   119행 | 누적    479행 | 14컬럼
2026-09-25 16:44:18,652 [INFO]    parking                   | 신규     6행 | 누적     24행 | 21컬럼
2026-09-25 16:44:18,652 [INFO]    parking_prk_stts          | 신규  1832행 | 누적   7328행 | 21컬럼
2026-09-25 16:44:18,652 [INFO]    ppltn                     | 신규   121행 | 누적    484행 | 26컬럼
2026-09-25 16:44:18,652 [INFO]    road                      | 신규   121행 | 누적    484행 | 21컬럼
2026-09-25 16:44:18,652 [INFO]    road_road_traffic_stts    | 신규  5303행 | 누적  21209행 | 17컬럼
2026-09-25 16:44:18,652 [INFO]    subway                    | 신규    38행 | 누적    152행 | 12컬럼
2026-09-25 16:44:18,652 [INFO]    subway_sub_stts           | 신규   183행 | 누적    732행 | 13컬럼
2026-09-25 16:44:18,652 [INFO]    weather                   | 신규   119행 | 누적    476행 | 29컬럼
2026-09-25 16:44:18,652 [INFO] 키별 사용량:
2026-09-25 16:44:18,653 [INFO]    🟢 KEY_1 (31/1000) 
2026-09-25 16:44:18,653 [INFO]    🟢 KEY_2 (30/1000) 
2026-09-25 16:44:18,653 [INFO]    🟢 KEY_3 (30/1000) 
2026-09-25 16:44:18,653 [INFO]    🟢 KEY_4 (30/1000) 
2026-09-25 22:40:37,678 [INFO] 등록된 키: 4개, 합산 한도 4,000건/일
2026-09-25 22:40:37,679 [INFO] POI 로드: 매뉴얼 v8.5 기준 fallback 121개 (121개 전체)
2026-09-25 22:40:37,679 [INFO] === 수집 시작 2026-09-25T22:40:37.679134+09:00 ===
2026-09-25 22:40:37,679 [INFO] 대상 장소: 121개 | API: citydata (통합)
2026-09-25 22:40:37,679 [INFO] 키 풀: 4/4 활성 | 오늘 사용 0/4000건
2026-09-25 22:40:37,679 [INFO]   [KEY_1] 담당 31장소
2026-09-25 22:40:37,679 [INFO]   [KEY_2] 담당 30장소
2026-09-25 22:40:37,679 [INFO]   [KEY_3] 담당 30장소
2026-09-25 22:40:37,679 [INFO]   [KEY_4] 담당 30장소
2026-09-25 22:40:37,679 [INFO] [1/121] 경복궁 (primary=KEY_1)
2026-09-25 22:40:38,951 [INFO] [2/121] 광화문·덕수궁 (primary=KEY_2)
2026-09-25 22:40:41,148 [INFO] [3/121] 보신각 (primary=KEY_3)
2026-09-25 22:40:42,938 [INFO] [4/121] 서울 암사동 유적 (primary=KEY_4)
2026-09-25 22:40:43,903 [INFO] [5/121] 창덕궁·종묘 (primary=KEY_1)
2026-09-25 22:40:45,015 [INFO] [6/121] 강남 MICE 관광특구 (primary=KEY_2)
2026-09-25 22:40:46,680 [INFO] [7/121] 동대문 관광특구 (primary=KEY_3)
2026-09-25 22:40:48,002 [INFO] [8/121] 명동 관광특구 (primary=KEY_4)
2026-09-25 22:40:50,053 [INFO] [9/121] 이태원 관광특구 (primary=KEY_1)
2026-09-25 22:40:51,220 [INFO] [10/121] 잠실 관광특구 (primary=KEY_2)
2026-09-25 22:40:53,350 [INFO] [11/121] 종로·청계 관광특구 (primary=KEY_3)
2026-09-25 22:40:55,186 [INFO] [12/121] 홍대 관광특구 (primary=KEY_4)
2026-09-25 22:40:56,491 [INFO] [13/121] 강서한강공원 (primary=KEY_1)
2026-09-25 22:40:57,472 [INFO] [14/121] 고척돔 (primary=KEY_2)
2026-09-25 22:40:59,253 [INFO] [15/121] 광나루한강공원 (primary=KEY_3)
2026-09-25 22:41:01,021 [INFO] [16/121] 광화문광장 (primary=KEY_4)
2026-09-25 22:41:02,680 [INFO] [17/121] 국립중앙박물관·용산가족공원 (primary=KEY_1)
2026-09-25 22:41:03,655 [INFO] [18/121] 난지한강공원 (primary=KEY_2)
2026-09-25 22:41:05,166 [INFO] [19/121] 남산공원 (primary=KEY_3)
2026-09-25 22:41:06,560 [INFO] [20/121] 노들섬 (primary=KEY_4)
2026-09-25 22:41:07,686 [INFO] [21/121] 뚝섬한강공원 (primary=KEY_1)
2026-09-25 22:41:08,646 [INFO] [22/121] 망원한강공원 (primary=KEY_2)
2026-09-25 22:41:09,774 [INFO] [23/121] 반포한강공원 (primary=KEY_3)
2026-09-25 22:41:10,732 [INFO] [24/121] 보라매공원 (primary=KEY_4)
2026-09-25 22:41:11,711 [INFO] [25/121] 북서울꿈의숲 (primary=KEY_1)
2026-09-25 22:41:12,823 [INFO] [26/121] 서대문독립공원 (primary=KEY_2)
2026-09-25 22:41:13,800 [INFO] [27/121] 서리풀공원·몽마르뜨공원 (primary=KEY_3)
2026-09-25 22:41:14,920 [INFO] [28/121] 서울대공원 (primary=KEY_4)
2026-09-25 22:41:15,874 [INFO] [29/121] 서울숲공원 (primary=KEY_1)
2026-09-25 22:41:16,980 [INFO] [30/121] 송현녹지광장 (primary=KEY_2)
2026-09-25 22:41:18,094 [INFO] [31/121] 아차산 (primary=KEY_3)
2026-09-25 22:41:19,054 [INFO] [32/121] 안양천 (primary=KEY_4)
2026-09-25 22:41:20,019 [INFO] [33/121] 양화한강공원 (primary=KEY_1)
2026-09-25 22:41:20,978 [INFO] [34/121] 어린이대공원 (primary=KEY_2)
2026-09-25 22:41:22,113 [INFO] [35/121] 여의도한강공원 (primary=KEY_3)
2026-09-25 22:41:23,227 [INFO] [36/121] 여의서로 (primary=KEY_4)
2026-09-25 22:41:24,865 [INFO] [37/121] 올림픽공원 (primary=KEY_1)
2026-09-25 22:41:26,067 [INFO] [38/121] 월드컵공원 (primary=KEY_2)
2026-09-25 22:41:27,336 [INFO] [39/121] 응봉산 (primary=KEY_3)
2026-09-25 22:41:28,436 [INFO] [40/121] 이촌한강공원 (primary=KEY_4)
2026-09-25 22:41:29,396 [INFO] [41/121] 잠실종합운동장 (primary=KEY_1)
2026-09-25 22:41:30,359 [INFO] [42/121] 잠실한강공원 (primary=KEY_2)
2026-09-25 22:41:31,359 [INFO] [43/121] 잠원한강공원 (primary=KEY_3)
2026-09-25 22:41:32,328 [INFO] [44/121] 청계산 (primary=KEY_4)
2026-09-25 22:41:33,278 [INFO] [45/121] 홍제폭포 (primary=KEY_1)
2026-09-25 22:41:34,238 [INFO] [46/121] 가락시장 (primary=KEY_2)
2026-09-25 22:41:35,359 [INFO] [47/121] 가로수길 (primary=KEY_3)
2026-09-25 22:41:36,522 [INFO] [48/121] 광장(전통)시장 (primary=KEY_4)
2026-09-25 22:41:37,493 [INFO] [49/121] 김포공항 (primary=KEY_1)
2026-09-25 22:41:38,805 [INFO] [50/121] 남대문시장 (primary=KEY_2)
2026-09-25 22:41:40,472 [INFO] [51/121] 노량진 (primary=KEY_3)
2026-09-25 22:41:42,405 [INFO] [52/121] 덕수궁길·정동길 (primary=KEY_4)
2026-09-25 22:41:44,327 [INFO] [53/121] 북창동 먹자골목 (primary=KEY_1)
2026-09-25 22:41:45,973 [INFO] [54/121] 북촌한옥마을 (primary=KEY_2)
2026-09-25 22:41:47,224 [INFO] [55/121] 서촌 (primary=KEY_3)
2026-09-25 22:41:48,341 [INFO] [56/121] 성수카페거리 (primary=KEY_4)
2026-09-25 22:41:50,410 [INFO] [57/121] 송리단길·호수단길 (primary=KEY_1)
2026-09-25 22:41:52,084 [INFO] [58/121] 신촌 스타광장 (primary=KEY_2)
2026-09-25 22:41:53,068 [INFO] [59/121] 압구정로데오거리 (primary=KEY_3)
2026-09-25 22:41:54,726 [INFO] [60/121] 여의도 (primary=KEY_4)
2026-09-25 22:41:57,037 [INFO] [61/121] 연남동 (primary=KEY_1)
2026-09-25 22:41:58,140 [INFO] [62/121] 영등포 타임스퀘어 (primary=KEY_2)
2026-09-25 22:41:59,234 [INFO] [63/121] 용리단길 (primary=KEY_3)
2026-09-25 22:42:00,929 [INFO] [64/121] 이태원 앤틱가구거리 (primary=KEY_4)
2026-09-25 22:42:02,048 [INFO] [65/121] 익선동 (primary=KEY_1)
2026-09-25 22:42:03,160 [INFO] [66/121] 인사동 (primary=KEY_2)
2026-09-25 22:42:05,217 [INFO] [67/121] 잠실롯데타워·석촌호수 (primary=KEY_3)
2026-09-25 22:42:07,321 [INFO] [68/121] 창동 신경제 중심지 (primary=KEY_4)
2026-09-25 22:42:09,515 [INFO] [69/121] 청담동 명품거리 (primary=KEY_1)
2026-09-25 22:42:10,636 [INFO] [70/121] 청량리 제기동 일대 전통시장 (primary=KEY_2)
2026-09-25 22:42:11,763 [INFO] [71/121] 해방촌·경리단길 (primary=KEY_3)
2026-09-25 22:42:12,772 [INFO] [72/121] DDP(동대문디자인플라자) (primary=KEY_4)
2026-09-25 22:42:13,911 [INFO] [73/121] DMC(디지털미디어시티) (primary=KEY_1)
2026-09-25 22:42:15,331 [INFO] [74/121] 가산디지털단지역 (primary=KEY_2)
2026-09-25 22:42:17,678 [INFO] [75/121] 강남역 (primary=KEY_3)
2026-09-25 22:42:19,764 [INFO] [76/121] 건대입구역 (primary=KEY_4)
2026-09-25 22:42:20,900 [INFO] [77/121] 고덕역 (primary=KEY_1)
2026-09-25 22:42:22,047 [INFO] [78/121] 고속터미널역 (primary=KEY_2)
2026-09-25 22:42:23,172 [INFO] [79/121] 교대역 (primary=KEY_3)
2026-09-25 22:42:24,275 [INFO] [80/121] 구로디지털단지역 (primary=KEY_4)
2026-09-25 22:42:25,662 [INFO] [81/121] 구로역 (primary=KEY_1)
2026-09-25 22:42:26,773 [INFO] [82/121] 군자역 (primary=KEY_2)
2026-09-25 22:42:27,946 [INFO] [83/121] 대림역 (primary=KEY_3)
2026-09-25 22:42:29,083 [INFO] [84/121] 동대문역 (primary=KEY_4)
2026-09-25 22:42:30,210 [INFO] [85/121] 뚝섬역 (primary=KEY_1)
2026-09-25 22:42:31,342 [INFO] [86/121] 미아사거리역 (primary=KEY_2)
2026-09-25 22:42:32,452 [INFO] [87/121] 발산역 (primary=KEY_3)
2026-09-25 22:42:33,835 [INFO] [88/121] 사당역 (primary=KEY_4)
2026-09-25 22:42:34,960 [INFO] [89/121] 삼각지역 (primary=KEY_1)
2026-09-25 22:42:36,072 [INFO] [90/121] 서울대입구역 (primary=KEY_2)
2026-09-25 22:42:37,174 [INFO] [91/121] 서울식물원·마곡나루역 (primary=KEY_3)
2026-09-25 22:42:38,428 [INFO] [92/121] 서울역 (primary=KEY_4)
2026-09-25 22:42:39,691 [INFO] [93/121] 선릉역 (primary=KEY_1)
2026-09-25 22:42:41,084 [INFO] [94/121] 성신여대입구역 (primary=KEY_2)
2026-09-25 22:42:42,080 [INFO] [95/121] 수유역 (primary=KEY_3)
2026-09-25 22:42:43,207 [INFO] [96/121] 숭례문 (primary=KEY_4)
2026-09-25 22:42:44,341 [INFO] [97/121] 시의회 앞 (primary=KEY_1)
2026-09-25 22:42:45,476 [INFO] [98/121] 신논현역·논현역 (primary=KEY_2)
2026-09-25 22:42:46,649 [INFO] [99/121] 신도림역 (primary=KEY_3)
2026-09-25 22:42:47,633 [INFO] [100/121] 신림역 (primary=KEY_4)
2026-09-25 22:42:48,765 [INFO] [101/121] 신정네거리역 (primary=KEY_1)
2026-09-25 22:42:49,886 [INFO] [102/121] 신촌·이대역 (primary=KEY_2)
2026-09-25 22:42:51,812 [INFO] [103/121] 쌍문역 (primary=KEY_3)
2026-09-25 22:42:52,946 [INFO] [104/121] 양재역 (primary=KEY_4)
2026-09-25 22:42:54,096 [INFO] [105/121] 역삼역 (primary=KEY_1)
2026-09-25 22:42:55,357 [INFO] [106/121] 연신내역 (primary=KEY_2)
2026-09-25 22:42:56,353 [INFO] [107/121] 오목교역·목동운동장 (primary=KEY_3)
2026-09-25 22:42:57,891 [INFO] [108/121] 왕십리역 (primary=KEY_4)
2026-09-25 22:42:59,162 [INFO] [109/121] 용산역 (primary=KEY_1)
2026-09-25 22:43:00,432 [INFO] [110/121] 이태원역 (primary=KEY_2)
2026-09-25 22:43:01,409 [INFO] [111/121] 잠실새내역 (primary=KEY_3)
2026-09-25 22:43:02,527 [INFO] [112/121] 잠실역 (primary=KEY_4)
2026-09-25 22:43:03,848 [INFO] [113/121] 장지역 (primary=KEY_1)
2026-09-25 22:43:05,120 [INFO] [114/121] 장한평역 (primary=KEY_2)
2026-09-25 22:43:06,247 [INFO] [115/121] 천호역 (primary=KEY_3)
2026-09-25 22:43:07,374 [INFO] [116/121] 총신대입구(이수)역 (primary=KEY_4)
2026-09-25 22:43:08,498 [INFO] [117/121] 충정로역 (primary=KEY_1)
2026-09-25 22:43:09,647 [INFO] [118/121] 합정역 (primary=KEY_2)
2026-09-25 22:43:10,773 [INFO] [119/121] 혜화역 (primary=KEY_3)
2026-09-25 22:43:11,899 [INFO] [120/121] 홍대입구역(2호선) (primary=KEY_4)
2026-09-25 22:43:13,036 [INFO] [121/121] 회기역 (primary=KEY_1)
2026-09-25 22:43:15,359 [INFO] === 수집 완료 | 성공 121, 실패 0 ===
2026-09-25 22:43:15,360 [INFO] 카테고리별 저장 결과:
2026-09-25 22:43:15,360 [INFO]    accident                  | 신규     2행 | 누적      9행 | 16컬럼
2026-09-25 22:43:15,360 [INFO]    area_meta                 | 신규   121행 | 누적    605행 | 5컬럼
2026-09-25 22:43:15,360 [INFO]    bike                      | 신규    11행 | 누적     55행 | 12컬럼
2026-09-25 22:43:15,360 [INFO]    bike_sbike_stts           | 신규   575행 | 누적   2875행 | 12컬럼
2026-09-25 22:43:15,360 [INFO]    bus                       | 신규     3행 | 누적     15행 | 11컬럼
2026-09-25 22:43:15,360 [INFO]    bus_bus_stn_stts          | 신규  1745행 | 누적   8725행 | 11컬럼
2026-09-25 22:43:15,360 [INFO]    charger                   | 신규     4행 | 누적     20행 | 15컬럼
2026-09-25 22:43:15,360 [INFO]    charger_charger_stts      | 신규  1921행 | 누적   9540행 | 15컬럼
2026-09-25 22:43:15,360 [INFO]    cmrcl                     | 신규    82행 | 누적    410행 | 21컬럼
2026-09-25 22:43:15,360 [INFO]    events                    | 신규    13행 | 누적     63행 | 14컬럼
2026-09-25 22:43:15,360 [INFO]    events_event_stts         | 신규   119행 | 누적    598행 | 14컬럼
2026-09-25 22:43:15,360 [INFO]    parking                   | 신규     6행 | 누적     30행 | 21컬럼
2026-09-25 22:43:15,360 [INFO]    parking_prk_stts          | 신규  1832행 | 누적   9160행 | 21컬럼
2026-09-25 22:43:15,360 [INFO]    ppltn                     | 신규   121행 | 누적    605행 | 26컬럼
2026-09-25 22:43:15,360 [INFO]    road                      | 신규   121행 | 누적    605행 | 21컬럼
2026-09-25 22:43:15,360 [INFO]    road_road_traffic_stts    | 신규  5303행 | 누적  26512행 | 17컬럼
2026-09-25 22:43:15,360 [INFO]    subway                    | 신규    38행 | 누적    190행 | 12컬럼
2026-09-25 22:43:15,361 [INFO]    subway_sub_stts           | 신규   183행 | 누적    915행 | 13컬럼
2026-09-25 22:43:15,361 [INFO]    weather                   | 신규   119행 | 누적    595행 | 29컬럼
2026-09-25 22:43:15,361 [INFO] 키별 사용량:
2026-09-25 22:43:15,361 [INFO]    🟢 KEY_1 (31/1000) 
2026-09-25 22:43:15,361 [INFO]    🟢 KEY_2 (30/1000) 
2026-09-25 22:43:15,361 [INFO]    🟢 KEY_3 (30/1000) 
2026-09-25 22:43:15,361 [INFO]    🟢 KEY_4 (30/1000) 
