2026-05-16 00:50:37,880 [INFO] 등록된 키: 4개, 합산 한도 4,000건/일
2026-05-16 00:50:37,881 [INFO] POI 로드: 매뉴얼 v8.5 기준 fallback 121개 (121개 전체)
2026-05-16 00:50:37,881 [INFO] === 수집 시작 2026-05-16T00:50:37.881208+09:00 ===
2026-05-16 00:50:37,881 [INFO] 대상 장소: 121개 | API: citydata (통합)
2026-05-16 00:50:37,881 [INFO] 키 풀: 4/4 활성 | 오늘 사용 0/4000건
2026-05-16 00:50:37,881 [INFO]   [KEY_1] 담당 31장소
2026-05-16 00:50:37,881 [INFO]   [KEY_2] 담당 30장소
2026-05-16 00:50:37,881 [INFO]   [KEY_3] 담당 30장소
2026-05-16 00:50:37,881 [INFO]   [KEY_4] 담당 30장소
2026-05-16 00:50:37,881 [INFO] [1/121] 경복궁 (primary=KEY_1)
2026-05-16 00:50:39,659 [INFO] [2/121] 광화문·덕수궁 (primary=KEY_2)
2026-05-16 00:50:41,783 [INFO] [3/121] 보신각 (primary=KEY_3)
2026-05-16 00:50:42,989 [INFO] [4/121] 서울 암사동 유적 (primary=KEY_4)
2026-05-16 00:50:45,207 [INFO] [5/121] 창덕궁·종묘 (primary=KEY_1)
2026-05-16 00:50:46,377 [INFO] [6/121] 강남 MICE 관광특구 (primary=KEY_2)
2026-05-16 00:50:47,579 [INFO] [7/121] 동대문 관광특구 (primary=KEY_3)
2026-05-16 00:50:48,979 [INFO] [8/121] 명동 관광특구 (primary=KEY_4)
2026-05-16 00:50:50,571 [INFO] [9/121] 이태원 관광특구 (primary=KEY_1)
2026-05-16 00:50:51,761 [INFO] [10/121] 잠실 관광특구 (primary=KEY_2)
2026-05-16 00:50:53,889 [INFO] [11/121] 종로·청계 관광특구 (primary=KEY_3)
2026-05-16 00:50:55,294 [INFO] [12/121] 홍대 관광특구 (primary=KEY_4)
2026-05-16 00:50:57,295 [INFO] [13/121] 강서한강공원 (primary=KEY_1)
2026-05-16 00:50:58,313 [INFO] [14/121] 고척돔 (primary=KEY_2)
2026-05-16 00:50:59,316 [INFO] [15/121] 광나루한강공원 (primary=KEY_3)
2026-05-16 00:51:00,479 [INFO] [16/121] 광화문광장 (primary=KEY_4)
2026-05-16 00:51:01,654 [INFO] [17/121] 국립중앙박물관·용산가족공원 (primary=KEY_1)
2026-05-16 00:51:02,684 [INFO] [18/121] 난지한강공원 (primary=KEY_2)
2026-05-16 00:51:03,726 [INFO] [19/121] 남산공원 (primary=KEY_3)
2026-05-16 00:51:05,092 [INFO] [20/121] 노들섬 (primary=KEY_4)
2026-05-16 00:51:06,689 [INFO] [21/121] 뚝섬한강공원 (primary=KEY_1)
2026-05-16 00:51:07,691 [INFO] [22/121] 망원한강공원 (primary=KEY_2)
2026-05-16 00:51:08,851 [INFO] [23/121] 반포한강공원 (primary=KEY_3)
2026-05-16 00:51:09,852 [INFO] [24/121] 보라매공원 (primary=KEY_4)
2026-05-16 00:51:10,909 [INFO] [25/121] 북서울꿈의숲 (primary=KEY_1)
2026-05-16 00:51:12,056 [INFO] [26/121] 서대문독립공원 (primary=KEY_2)
2026-05-16 00:51:13,087 [INFO] [27/121] 서리풀공원·몽마르뜨공원 (primary=KEY_3)
2026-05-16 00:51:14,878 [INFO] [28/121] 서울대공원 (primary=KEY_4)
2026-05-16 00:51:15,863 [INFO] [29/121] 서울숲공원 (primary=KEY_1)
2026-05-16 00:51:17,029 [INFO] [30/121] 송현녹지광장 (primary=KEY_2)
2026-05-16 00:51:18,205 [INFO] [31/121] 아차산 (primary=KEY_3)
2026-05-16 00:51:19,203 [INFO] [32/121] 안양천 (primary=KEY_4)
2026-05-16 00:51:20,218 [INFO] [33/121] 양화한강공원 (primary=KEY_1)
2026-05-16 00:51:21,219 [INFO] [34/121] 어린이대공원 (primary=KEY_2)
2026-05-16 00:51:22,237 [INFO] [35/121] 여의도한강공원 (primary=KEY_3)
2026-05-16 00:51:23,399 [INFO] [36/121] 여의서로 (primary=KEY_4)
2026-05-16 00:51:24,418 [INFO] [37/121] 올림픽공원 (primary=KEY_1)
2026-05-16 00:51:25,627 [INFO] [38/121] 월드컵공원 (primary=KEY_2)
2026-05-16 00:51:26,984 [INFO] [39/121] 응봉산 (primary=KEY_3)
2026-05-16 00:51:28,120 [INFO] [40/121] 이촌한강공원 (primary=KEY_4)
2026-05-16 00:51:29,119 [INFO] [41/121] 잠실종합운동장 (primary=KEY_1)
2026-05-16 00:51:30,125 [INFO] [42/121] 잠실한강공원 (primary=KEY_2)
2026-05-16 00:51:31,143 [INFO] [43/121] 잠원한강공원 (primary=KEY_3)
2026-05-16 00:51:32,160 [INFO] [44/121] 청계산 (primary=KEY_4)
2026-05-16 00:51:33,178 [INFO] [45/121] 홍제폭포 (primary=KEY_1)
2026-05-16 00:51:34,200 [INFO] [46/121] 가락시장 (primary=KEY_2)
2026-05-16 00:51:35,370 [INFO] [47/121] 가로수길 (primary=KEY_3)
2026-05-16 00:51:36,557 [INFO] [48/121] 광장(전통)시장 (primary=KEY_4)
2026-05-16 00:51:37,587 [INFO] [49/121] 김포공항 (primary=KEY_1)
2026-05-16 00:51:38,791 [INFO] [50/121] 남대문시장 (primary=KEY_2)
2026-05-16 00:51:39,843 [INFO] [51/121] 노량진 (primary=KEY_3)
2026-05-16 00:51:40,897 [INFO] [52/121] 덕수궁길·정동길 (primary=KEY_4)
2026-05-16 00:51:42,083 [INFO] [53/121] 북창동 먹자골목 (primary=KEY_1)
2026-05-16 00:51:43,102 [INFO] [54/121] 북촌한옥마을 (primary=KEY_2)
2026-05-16 00:51:44,271 [INFO] [55/121] 서촌 (primary=KEY_3)
2026-05-16 00:51:45,474 [INFO] [56/121] 성수카페거리 (primary=KEY_4)
2026-05-16 00:51:46,688 [INFO] [57/121] 송리단길·호수단길 (primary=KEY_1)
2026-05-16 00:51:47,897 [INFO] [58/121] 신촌 스타광장 (primary=KEY_2)
2026-05-16 00:51:48,926 [INFO] [59/121] 압구정로데오거리 (primary=KEY_3)
2026-05-16 00:51:50,103 [INFO] [60/121] 여의도 (primary=KEY_4)
2026-05-16 00:51:51,821 [INFO] [61/121] 연남동 (primary=KEY_1)
2026-05-16 00:51:52,997 [INFO] [62/121] 영등포 타임스퀘어 (primary=KEY_2)
2026-05-16 00:51:54,169 [INFO] [63/121] 용리단길 (primary=KEY_3)
2026-05-16 00:51:55,227 [INFO] [64/121] 이태원 앤틱가구거리 (primary=KEY_4)
2026-05-16 00:51:56,259 [INFO] [65/121] 익선동 (primary=KEY_1)
2026-05-16 00:51:57,449 [INFO] [66/121] 인사동 (primary=KEY_2)
2026-05-16 00:51:58,641 [INFO] [67/121] 잠실롯데타워·석촌호수 (primary=KEY_3)
2026-05-16 00:51:59,827 [INFO] [68/121] 창동 신경제 중심지 (primary=KEY_4)
2026-05-16 00:52:01,205 [INFO] [69/121] 청담동 명품거리 (primary=KEY_1)
2026-05-16 00:52:02,386 [INFO] [70/121] 청량리 제기동 일대 전통시장 (primary=KEY_2)
2026-05-16 00:52:03,565 [INFO] [71/121] 해방촌·경리단길 (primary=KEY_3)
2026-05-16 00:52:04,620 [INFO] [72/121] DDP(동대문디자인플라자) (primary=KEY_4)
2026-05-16 00:52:05,828 [INFO] [73/121] DMC(디지털미디어시티) (primary=KEY_1)
2026-05-16 00:52:07,197 [INFO] [74/121] 가산디지털단지역 (primary=KEY_2)
2026-05-16 00:52:08,543 [INFO] [75/121] 강남역 (primary=KEY_3)
2026-05-16 00:52:09,923 [INFO] [76/121] 건대입구역 (primary=KEY_4)
2026-05-16 00:52:11,118 [INFO] [77/121] 고덕역 (primary=KEY_1)
2026-05-16 00:52:12,294 [INFO] [78/121] 고속터미널역 (primary=KEY_2)
2026-05-16 00:52:13,375 [INFO] [79/121] 교대역 (primary=KEY_3)
2026-05-16 00:52:14,426 [INFO] [80/121] 구로디지털단지역 (primary=KEY_4)
2026-05-16 00:52:15,630 [INFO] [81/121] 구로역 (primary=KEY_1)
2026-05-16 00:52:16,666 [INFO] [82/121] 군자역 (primary=KEY_2)
2026-05-16 00:52:17,711 [INFO] [83/121] 대림역 (primary=KEY_3)
2026-05-16 00:52:18,886 [INFO] [84/121] 동대문역 (primary=KEY_4)
2026-05-16 00:52:20,077 [INFO] [85/121] 뚝섬역 (primary=KEY_1)
2026-05-16 00:52:21,258 [INFO] [86/121] 미아사거리역 (primary=KEY_2)
2026-05-16 00:52:22,425 [INFO] [87/121] 발산역 (primary=KEY_3)
2026-05-16 00:52:23,766 [INFO] [88/121] 사당역 (primary=KEY_4)
2026-05-16 00:52:24,953 [INFO] [89/121] 삼각지역 (primary=KEY_1)
2026-05-16 00:52:25,997 [INFO] [90/121] 서울대입구역 (primary=KEY_2)
2026-05-16 00:52:27,033 [INFO] [91/121] 서울식물원·마곡나루역 (primary=KEY_3)
2026-05-16 00:52:28,236 [INFO] [92/121] 서울역 (primary=KEY_4)
2026-05-16 00:52:29,444 [INFO] [93/121] 선릉역 (primary=KEY_1)
2026-05-16 00:52:30,821 [INFO] [94/121] 성신여대입구역 (primary=KEY_2)
2026-05-16 00:52:31,867 [INFO] [95/121] 수유역 (primary=KEY_3)
2026-05-16 00:52:33,071 [INFO] [96/121] 숭례문 (primary=KEY_4)
2026-05-16 00:52:34,269 [INFO] [97/121] 시의회 앞 (primary=KEY_1)
2026-05-16 00:52:35,484 [INFO] [98/121] 신논현역·논현역 (primary=KEY_2)
2026-05-16 00:52:36,692 [INFO] [99/121] 신도림역 (primary=KEY_3)
2026-05-16 00:52:37,747 [INFO] [100/121] 신림역 (primary=KEY_4)
2026-05-16 00:52:38,781 [INFO] [101/121] 신정네거리역 (primary=KEY_1)
2026-05-16 00:52:39,826 [INFO] [102/121] 신촌·이대역 (primary=KEY_2)
2026-05-16 00:52:41,024 [INFO] [103/121] 쌍문역 (primary=KEY_3)
2026-05-16 00:52:42,071 [INFO] [104/121] 양재역 (primary=KEY_4)
2026-05-16 00:52:43,265 [INFO] [105/121] 역삼역 (primary=KEY_1)
2026-05-16 00:52:44,462 [INFO] [106/121] 연신내역 (primary=KEY_2)
2026-05-16 00:52:45,508 [INFO] [107/121] 오목교역·목동운동장 (primary=KEY_3)
2026-05-16 00:52:46,883 [INFO] [108/121] 왕십리역 (primary=KEY_4)
2026-05-16 00:52:48,072 [INFO] [109/121] 용산역 (primary=KEY_1)
2026-05-16 00:52:49,276 [INFO] [110/121] 이태원역 (primary=KEY_2)
2026-05-16 00:52:50,315 [INFO] [111/121] 잠실새내역 (primary=KEY_3)
2026-05-16 00:52:51,511 [INFO] [112/121] 잠실역 (primary=KEY_4)
2026-05-16 00:52:52,713 [INFO] [113/121] 장지역 (primary=KEY_1)
2026-05-16 00:52:53,895 [INFO] [114/121] 장한평역 (primary=KEY_2)
2026-05-16 00:52:55,068 [INFO] [115/121] 천호역 (primary=KEY_3)
2026-05-16 00:52:56,341 [INFO] [116/121] 총신대입구(이수)역 (primary=KEY_4)
2026-05-16 00:52:57,551 [INFO] [117/121] 충정로역 (primary=KEY_1)
2026-05-16 00:52:58,596 [INFO] [118/121] 합정역 (primary=KEY_2)
2026-05-16 00:52:59,805 [INFO] [119/121] 혜화역 (primary=KEY_3)
2026-05-16 00:53:00,849 [INFO] [120/121] 홍대입구역(2호선) (primary=KEY_4)
2026-05-16 00:53:01,900 [INFO] [121/121] 회기역 (primary=KEY_1)
2026-05-16 00:53:03,559 [INFO] === 수집 완료 | 성공 121, 실패 0 ===
2026-05-16 00:53:03,560 [INFO] 카테고리별 저장 결과:
2026-05-16 00:53:03,560 [INFO]    accident                  | 신규     1행 | 누적      1행 | 16컬럼
2026-05-16 00:53:03,560 [INFO]    area_meta                 | 신규   121행 | 누적    121행 | 5컬럼
2026-05-16 00:53:03,560 [INFO]    bike                      | 신규    10행 | 누적     10행 | 12컬럼
2026-05-16 00:53:03,560 [INFO]    bike_sbike_stts           | 신규   558행 | 누적    558행 | 12컬럼
2026-05-16 00:53:03,560 [INFO]    bus                       | 신규     3행 | 누적      3행 | 11컬럼
2026-05-16 00:53:03,560 [INFO]    bus_bus_stn_stts          | 신규  1745행 | 누적   1745행 | 11컬럼
2026-05-16 00:53:03,560 [INFO]    charger                   | 신규    17행 | 누적     17행 | 15컬럼
2026-05-16 00:53:03,560 [INFO]    charger_charger_stts      | 신규   635행 | 누적    635행 | 15컬럼
2026-05-16 00:53:03,560 [INFO]    cmrcl                     | 신규    82행 | 누적     82행 | 20컬럼
2026-05-16 00:53:03,560 [INFO]    events                    | 신규    11행 | 누적     11행 | 14컬럼
2026-05-16 00:53:03,560 [INFO]    events_event_stts         | 신규   183행 | 누적    183행 | 14컬럼
2026-05-16 00:53:03,560 [INFO]    parking                   | 신규     6행 | 누적      6행 | 21컬럼
2026-05-16 00:53:03,560 [INFO]    parking_prk_stts          | 신규  1835행 | 누적   1835행 | 21컬럼
2026-05-16 00:53:03,560 [INFO]    ppltn                     | 신규   121행 | 누적    121행 | 26컬럼
2026-05-16 00:53:03,560 [INFO]    road                      | 신규   121행 | 누적    121행 | 21컬럼
2026-05-16 00:53:03,560 [INFO]    road_road_traffic_stts    | 신규  5243행 | 누적   5243행 | 17컬럼
2026-05-16 00:53:03,560 [INFO]    subway                    | 신규    38행 | 누적     38행 | 13컬럼
2026-05-16 00:53:03,560 [INFO]    subway_sub_stts           | 신규   183행 | 누적    183행 | 13컬럼
2026-05-16 00:53:03,561 [INFO]    weather                   | 신규   119행 | 누적    119행 | 29컬럼
2026-05-16 00:53:03,561 [INFO] 키별 사용량:
2026-05-16 00:53:03,561 [INFO]    🟢 KEY_1 (31/1000) 
2026-05-16 00:53:03,561 [INFO]    🟢 KEY_2 (30/1000) 
2026-05-16 00:53:03,561 [INFO]    🟢 KEY_3 (30/1000) 
2026-05-16 00:53:03,561 [INFO]    🟢 KEY_4 (30/1000) 
2026-05-16 01:45:37,756 [INFO] 등록된 키: 4개, 합산 한도 4,000건/일
2026-05-16 01:45:37,756 [INFO] POI 로드: 매뉴얼 v8.5 기준 fallback 121개 (121개 전체)
2026-05-16 01:45:37,756 [INFO] === 수집 시작 2026-05-16T01:45:37.756894+09:00 ===
2026-05-16 01:45:37,756 [INFO] 대상 장소: 121개 | API: citydata (통합)
2026-05-16 01:45:37,757 [INFO] 키 풀: 4/4 활성 | 오늘 사용 0/4000건
2026-05-16 01:45:37,757 [INFO]   [KEY_1] 담당 31장소
2026-05-16 01:45:37,757 [INFO]   [KEY_2] 담당 30장소
2026-05-16 01:45:37,757 [INFO]   [KEY_3] 담당 30장소
2026-05-16 01:45:37,757 [INFO]   [KEY_4] 담당 30장소
2026-05-16 01:45:37,757 [INFO] [1/121] 경복궁 (primary=KEY_1)
2026-05-16 01:45:39,747 [INFO] [2/121] 광화문·덕수궁 (primary=KEY_2)
2026-05-16 01:45:41,921 [INFO] [3/121] 보신각 (primary=KEY_3)
2026-05-16 01:45:44,094 [INFO] [4/121] 서울 암사동 유적 (primary=KEY_4)
2026-05-16 01:45:45,939 [INFO] [5/121] 창덕궁·종묘 (primary=KEY_1)
2026-05-16 01:45:48,472 [INFO] [6/121] 강남 MICE 관광특구 (primary=KEY_2)
2026-05-16 01:45:50,660 [INFO] [7/121] 동대문 관광특구 (primary=KEY_3)
2026-05-16 01:45:53,092 [INFO] [8/121] 명동 관광특구 (primary=KEY_4)
2026-05-16 01:45:55,552 [INFO] [9/121] 이태원 관광특구 (primary=KEY_1)
2026-05-16 01:45:57,931 [INFO] [10/121] 잠실 관광특구 (primary=KEY_2)
2026-05-16 01:46:00,339 [INFO] [11/121] 종로·청계 관광특구 (primary=KEY_3)
2026-05-16 01:46:03,581 [INFO] [12/121] 홍대 관광특구 (primary=KEY_4)
2026-05-16 01:46:06,004 [INFO] [13/121] 강서한강공원 (primary=KEY_1)
2026-05-16 01:46:08,340 [INFO] [14/121] 고척돔 (primary=KEY_2)
2026-05-16 01:46:09,488 [INFO] [15/121] 광나루한강공원 (primary=KEY_3)
2026-05-16 01:46:12,062 [INFO] [16/121] 광화문광장 (primary=KEY_4)
2026-05-16 01:46:13,423 [INFO] [17/121] 국립중앙박물관·용산가족공원 (primary=KEY_1)
2026-05-16 01:46:14,600 [INFO] [18/121] 난지한강공원 (primary=KEY_2)
2026-05-16 01:46:16,770 [INFO] [19/121] 남산공원 (primary=KEY_3)
2026-05-16 01:46:18,348 [INFO] [20/121] 노들섬 (primary=KEY_4)
2026-05-16 01:46:20,512 [INFO] [21/121] 뚝섬한강공원 (primary=KEY_1)
2026-05-16 01:46:21,700 [INFO] [22/121] 망원한강공원 (primary=KEY_2)
2026-05-16 01:46:24,069 [INFO] [23/121] 반포한강공원 (primary=KEY_3)
2026-05-16 01:46:25,226 [INFO] [24/121] 보라매공원 (primary=KEY_4)
2026-05-16 01:46:26,409 [INFO] [25/121] 북서울꿈의숲 (primary=KEY_1)
2026-05-16 01:46:28,598 [INFO] [26/121] 서대문독립공원 (primary=KEY_2)
2026-05-16 01:46:30,566 [INFO] [27/121] 서리풀공원·몽마르뜨공원 (primary=KEY_3)
2026-05-16 01:46:31,767 [INFO] [28/121] 서울대공원 (primary=KEY_4)
2026-05-16 01:46:33,701 [INFO] [29/121] 서울숲공원 (primary=KEY_1)
2026-05-16 01:46:35,061 [INFO] [30/121] 송현녹지광장 (primary=KEY_2)
2026-05-16 01:46:36,398 [INFO] [31/121] 아차산 (primary=KEY_3)
2026-05-16 01:46:37,577 [INFO] [32/121] 안양천 (primary=KEY_4)
2026-05-16 01:46:38,731 [INFO] [33/121] 양화한강공원 (primary=KEY_1)
2026-05-16 01:46:40,688 [INFO] [34/121] 어린이대공원 (primary=KEY_2)
2026-05-16 01:46:41,904 [INFO] [35/121] 여의도한강공원 (primary=KEY_3)
2026-05-16 01:46:44,472 [INFO] [36/121] 여의서로 (primary=KEY_4)
2026-05-16 01:46:45,655 [INFO] [37/121] 올림픽공원 (primary=KEY_1)
2026-05-16 01:46:47,050 [INFO] [38/121] 월드컵공원 (primary=KEY_2)
2026-05-16 01:46:49,220 [INFO] [39/121] 응봉산 (primary=KEY_3)
2026-05-16 01:46:50,552 [INFO] [40/121] 이촌한강공원 (primary=KEY_4)
2026-05-16 01:46:51,728 [INFO] [41/121] 잠실종합운동장 (primary=KEY_1)
2026-05-16 01:46:53,108 [INFO] [42/121] 잠실한강공원 (primary=KEY_2)
2026-05-16 01:46:54,262 [INFO] [43/121] 잠원한강공원 (primary=KEY_3)
2026-05-16 01:46:55,413 [INFO] [44/121] 청계산 (primary=KEY_4)
2026-05-16 01:46:56,570 [INFO] [45/121] 홍제폭포 (primary=KEY_1)
2026-05-16 01:46:57,746 [INFO] [46/121] 가락시장 (primary=KEY_2)
2026-05-16 01:46:59,105 [INFO] [47/121] 가로수길 (primary=KEY_3)
2026-05-16 01:47:01,170 [INFO] [48/121] 광장(전통)시장 (primary=KEY_4)
2026-05-16 01:47:02,335 [INFO] [49/121] 김포공항 (primary=KEY_1)
2026-05-16 01:47:03,772 [INFO] [50/121] 남대문시장 (primary=KEY_2)
2026-05-16 01:47:04,957 [INFO] [51/121] 노량진 (primary=KEY_3)
2026-05-16 01:47:06,152 [INFO] [52/121] 덕수궁길·정동길 (primary=KEY_4)
2026-05-16 01:47:07,528 [INFO] [53/121] 북창동 먹자골목 (primary=KEY_1)
2026-05-16 01:47:08,712 [INFO] [54/121] 북촌한옥마을 (primary=KEY_2)
2026-05-16 01:47:10,100 [INFO] [55/121] 서촌 (primary=KEY_3)
2026-05-16 01:47:11,456 [INFO] [56/121] 성수카페거리 (primary=KEY_4)
2026-05-16 01:47:12,853 [INFO] [57/121] 송리단길·호수단길 (primary=KEY_1)
2026-05-16 01:47:14,236 [INFO] [58/121] 신촌 스타광장 (primary=KEY_2)
2026-05-16 01:47:15,408 [INFO] [59/121] 압구정로데오거리 (primary=KEY_3)
2026-05-16 01:47:16,767 [INFO] [60/121] 여의도 (primary=KEY_4)
2026-05-16 01:47:18,817 [INFO] [61/121] 연남동 (primary=KEY_1)
2026-05-16 01:47:20,187 [INFO] [62/121] 영등포 타임스퀘어 (primary=KEY_2)
2026-05-16 01:47:21,577 [INFO] [63/121] 용리단길 (primary=KEY_3)
2026-05-16 01:47:22,764 [INFO] [64/121] 이태원 앤틱가구거리 (primary=KEY_4)
2026-05-16 01:47:23,949 [INFO] [65/121] 익선동 (primary=KEY_1)
2026-05-16 01:47:26,554 [INFO] [66/121] 인사동 (primary=KEY_2)
2026-05-16 01:47:27,967 [INFO] [67/121] 잠실롯데타워·석촌호수 (primary=KEY_3)
2026-05-16 01:47:29,402 [INFO] [68/121] 창동 신경제 중심지 (primary=KEY_4)
2026-05-16 01:47:31,048 [INFO] [69/121] 청담동 명품거리 (primary=KEY_1)
2026-05-16 01:47:32,441 [INFO] [70/121] 청량리 제기동 일대 전통시장 (primary=KEY_2)
2026-05-16 01:47:33,881 [INFO] [71/121] 해방촌·경리단길 (primary=KEY_3)
2026-05-16 01:47:35,065 [INFO] [72/121] DDP(동대문디자인플라자) (primary=KEY_4)
2026-05-16 01:47:36,493 [INFO] [73/121] DMC(디지털미디어시티) (primary=KEY_1)
2026-05-16 01:47:38,156 [INFO] [74/121] 가산디지털단지역 (primary=KEY_2)
2026-05-16 01:47:39,731 [INFO] [75/121] 강남역 (primary=KEY_3)
2026-05-16 01:47:41,385 [INFO] [76/121] 건대입구역 (primary=KEY_4)
2026-05-16 01:47:42,804 [INFO] [77/121] 고덕역 (primary=KEY_1)
2026-05-16 01:47:43,980 [INFO] [78/121] 고속터미널역 (primary=KEY_2)
2026-05-16 01:47:45,179 [INFO] [79/121] 교대역 (primary=KEY_3)
2026-05-16 01:47:46,361 [INFO] [80/121] 구로디지털단지역 (primary=KEY_4)
2026-05-16 01:47:47,731 [INFO] [81/121] 구로역 (primary=KEY_1)
2026-05-16 01:47:48,886 [INFO] [82/121] 군자역 (primary=KEY_2)
2026-05-16 01:47:50,076 [INFO] [83/121] 대림역 (primary=KEY_3)
2026-05-16 01:47:51,265 [INFO] [84/121] 동대문역 (primary=KEY_4)
2026-05-16 01:47:52,442 [INFO] [85/121] 뚝섬역 (primary=KEY_1)
2026-05-16 01:47:54,601 [INFO] [86/121] 미아사거리역 (primary=KEY_2)
2026-05-16 01:47:56,000 [INFO] [87/121] 발산역 (primary=KEY_3)
2026-05-16 01:47:58,762 [INFO] [88/121] 사당역 (primary=KEY_4)
2026-05-16 01:47:59,926 [INFO] [89/121] 삼각지역 (primary=KEY_1)
2026-05-16 01:48:01,090 [INFO] [90/121] 서울대입구역 (primary=KEY_2)
2026-05-16 01:48:02,318 [INFO] [91/121] 서울식물원·마곡나루역 (primary=KEY_3)
2026-05-16 01:48:03,716 [INFO] [92/121] 서울역 (primary=KEY_4)
2026-05-16 01:48:05,120 [INFO] [93/121] 선릉역 (primary=KEY_1)
2026-05-16 01:48:07,432 [INFO] [94/121] 성신여대입구역 (primary=KEY_2)
2026-05-16 01:48:08,635 [INFO] [95/121] 수유역 (primary=KEY_3)
2026-05-16 01:48:10,012 [INFO] [96/121] 숭례문 (primary=KEY_4)
2026-05-16 01:48:11,381 [INFO] [97/121] 시의회 앞 (primary=KEY_1)
2026-05-16 01:48:12,758 [INFO] [98/121] 신논현역·논현역 (primary=KEY_2)
2026-05-16 01:48:14,147 [INFO] [99/121] 신도림역 (primary=KEY_3)
2026-05-16 01:48:15,314 [INFO] [100/121] 신림역 (primary=KEY_4)
2026-05-16 01:48:16,489 [INFO] [101/121] 신정네거리역 (primary=KEY_1)
2026-05-16 01:48:17,679 [INFO] [102/121] 신촌·이대역 (primary=KEY_2)
2026-05-16 01:48:19,031 [INFO] [103/121] 쌍문역 (primary=KEY_3)
2026-05-16 01:48:20,192 [INFO] [104/121] 양재역 (primary=KEY_4)
2026-05-16 01:48:21,375 [INFO] [105/121] 역삼역 (primary=KEY_1)
2026-05-16 01:48:22,732 [INFO] [106/121] 연신내역 (primary=KEY_2)
2026-05-16 01:48:23,939 [INFO] [107/121] 오목교역·목동운동장 (primary=KEY_3)
2026-05-16 01:48:25,688 [INFO] [108/121] 왕십리역 (primary=KEY_4)
2026-05-16 01:48:27,108 [INFO] [109/121] 용산역 (primary=KEY_1)
2026-05-16 01:48:28,476 [INFO] [110/121] 이태원역 (primary=KEY_2)
2026-05-16 01:48:29,679 [INFO] [111/121] 잠실새내역 (primary=KEY_3)
2026-05-16 01:48:31,077 [INFO] [112/121] 잠실역 (primary=KEY_4)
2026-05-16 01:48:32,449 [INFO] [113/121] 장지역 (primary=KEY_1)
2026-05-16 01:48:33,801 [INFO] [114/121] 장한평역 (primary=KEY_2)
2026-05-16 01:48:35,174 [INFO] [115/121] 천호역 (primary=KEY_3)
2026-05-16 01:48:36,598 [INFO] [116/121] 총신대입구(이수)역 (primary=KEY_4)
2026-05-16 01:48:38,007 [INFO] [117/121] 충정로역 (primary=KEY_1)
2026-05-16 01:48:39,272 [INFO] [118/121] 합정역 (primary=KEY_2)
2026-05-16 01:48:40,639 [INFO] [119/121] 혜화역 (primary=KEY_3)
2026-05-16 01:48:41,803 [INFO] [120/121] 홍대입구역(2호선) (primary=KEY_4)
2026-05-16 01:48:43,004 [INFO] [121/121] 회기역 (primary=KEY_1)
2026-05-16 01:48:45,054 [INFO] === 수집 완료 | 성공 121, 실패 0 ===
2026-05-16 01:48:45,054 [INFO] 카테고리별 저장 결과:
2026-05-16 01:48:45,054 [INFO]    accident                  | 신규     1행 | 누적      2행 | 16컬럼
2026-05-16 01:48:45,054 [INFO]    area_meta                 | 신규   121행 | 누적    242행 | 5컬럼
2026-05-16 01:48:45,054 [INFO]    bike                      | 신규    10행 | 누적     20행 | 12컬럼
2026-05-16 01:48:45,054 [INFO]    bike_sbike_stts           | 신규   558행 | 누적   1116행 | 12컬럼
2026-05-16 01:48:45,054 [INFO]    bus                       | 신규     3행 | 누적      6행 | 11컬럼
2026-05-16 01:48:45,054 [INFO]    bus_bus_stn_stts          | 신규  1745행 | 누적   3490행 | 11컬럼
2026-05-16 01:48:45,054 [INFO]    charger                   | 신규    25행 | 누적     42행 | 15컬럼
2026-05-16 01:48:45,055 [INFO]    charger_charger_stts      | 신규   324행 | 누적    950행 | 15컬럼
2026-05-16 01:48:45,055 [INFO]    cmrcl                     | 신규    82행 | 누적    164행 | 20컬럼
2026-05-16 01:48:45,055 [INFO]    events                    | 신규    11행 | 누적     22행 | 14컬럼
2026-05-16 01:48:45,055 [INFO]    events_event_stts         | 신규   183행 | 누적    366행 | 14컬럼
2026-05-16 01:48:45,055 [INFO]    parking                   | 신규     6행 | 누적     12행 | 21컬럼
2026-05-16 01:48:45,055 [INFO]    parking_prk_stts          | 신규  1835행 | 누적   3670행 | 21컬럼
2026-05-16 01:48:45,055 [INFO]    ppltn                     | 신규   121행 | 누적    242행 | 26컬럼
2026-05-16 01:48:45,055 [INFO]    road                      | 신규   121행 | 누적    242행 | 21컬럼
2026-05-16 01:48:45,055 [INFO]    road_road_traffic_stts    | 신규  5243행 | 누적  10486행 | 17컬럼
2026-05-16 01:48:45,055 [INFO]    subway                    | 신규    38행 | 누적     76행 | 13컬럼
2026-05-16 01:48:45,055 [INFO]    subway_sub_stts           | 신규   183행 | 누적    366행 | 13컬럼
2026-05-16 01:48:45,055 [INFO]    weather                   | 신규   119행 | 누적    238행 | 29컬럼
2026-05-16 01:48:45,055 [INFO] 키별 사용량:
2026-05-16 01:48:45,055 [INFO]    🟢 KEY_1 (31/1000) 
2026-05-16 01:48:45,055 [INFO]    🟢 KEY_2 (30/1000) 
2026-05-16 01:48:45,055 [INFO]    🟢 KEY_3 (30/1000) 
2026-05-16 01:48:45,055 [INFO]    🟢 KEY_4 (30/1000) 
2026-05-16 02:40:13,698 [INFO] 등록된 키: 4개, 합산 한도 4,000건/일
2026-05-16 02:40:13,699 [INFO] POI 로드: 매뉴얼 v8.5 기준 fallback 121개 (121개 전체)
2026-05-16 02:40:13,699 [INFO] === 수집 시작 2026-05-16T02:40:13.699792+09:00 ===
2026-05-16 02:40:13,699 [INFO] 대상 장소: 121개 | API: citydata (통합)
2026-05-16 02:40:13,699 [INFO] 키 풀: 4/4 활성 | 오늘 사용 0/4000건
2026-05-16 02:40:13,700 [INFO]   [KEY_1] 담당 31장소
2026-05-16 02:40:13,700 [INFO]   [KEY_2] 담당 30장소
2026-05-16 02:40:13,700 [INFO]   [KEY_3] 담당 30장소
2026-05-16 02:40:13,700 [INFO]   [KEY_4] 담당 30장소
2026-05-16 02:40:13,700 [INFO] [1/121] 경복궁 (primary=KEY_1)
2026-05-16 02:40:15,338 [INFO] [2/121] 광화문·덕수궁 (primary=KEY_2)
2026-05-16 02:40:17,256 [INFO] [3/121] 보신각 (primary=KEY_3)
2026-05-16 02:40:18,420 [INFO] [4/121] 서울 암사동 유적 (primary=KEY_4)
2026-05-16 02:40:20,014 [INFO] [5/121] 창덕궁·종묘 (primary=KEY_1)
2026-05-16 02:40:21,151 [INFO] [6/121] 강남 MICE 관광특구 (primary=KEY_2)
2026-05-16 02:40:22,173 [INFO] [7/121] 동대문 관광특구 (primary=KEY_3)
2026-05-16 02:40:24,722 [INFO] [8/121] 명동 관광특구 (primary=KEY_4)
2026-05-16 02:40:26,140 [INFO] [9/121] 이태원 관광특구 (primary=KEY_1)
2026-05-16 02:40:27,917 [INFO] [10/121] 잠실 관광특구 (primary=KEY_2)
2026-05-16 02:40:29,891 [INFO] [11/121] 종로·청계 관광특구 (primary=KEY_3)
2026-05-16 02:40:31,303 [INFO] [12/121] 홍대 관광특구 (primary=KEY_4)
2026-05-16 02:40:32,698 [INFO] [13/121] 강서한강공원 (primary=KEY_1)
2026-05-16 02:40:33,693 [INFO] [14/121] 고척돔 (primary=KEY_2)
2026-05-16 02:40:35,582 [INFO] [15/121] 광나루한강공원 (primary=KEY_3)
2026-05-16 02:40:36,728 [INFO] [16/121] 광화문광장 (primary=KEY_4)
2026-05-16 02:40:37,906 [INFO] [17/121] 국립중앙박물관·용산가족공원 (primary=KEY_1)
2026-05-16 02:40:39,102 [INFO] [18/121] 난지한강공원 (primary=KEY_2)
2026-05-16 02:40:40,107 [INFO] [19/121] 남산공원 (primary=KEY_3)
2026-05-16 02:40:41,437 [INFO] [20/121] 노들섬 (primary=KEY_4)
2026-05-16 02:40:42,426 [INFO] [21/121] 뚝섬한강공원 (primary=KEY_1)
2026-05-16 02:40:43,430 [INFO] [22/121] 망원한강공원 (primary=KEY_2)
2026-05-16 02:40:44,612 [INFO] [23/121] 반포한강공원 (primary=KEY_3)
2026-05-16 02:40:45,616 [INFO] [24/121] 보라매공원 (primary=KEY_4)
2026-05-16 02:40:46,646 [INFO] [25/121] 북서울꿈의숲 (primary=KEY_1)
2026-05-16 02:40:47,677 [INFO] [26/121] 서대문독립공원 (primary=KEY_2)
2026-05-16 02:40:48,709 [INFO] [27/121] 서리풀공원·몽마르뜨공원 (primary=KEY_3)
2026-05-16 02:40:49,764 [INFO] [28/121] 서울대공원 (primary=KEY_4)
2026-05-16 02:40:51,372 [INFO] [29/121] 서울숲공원 (primary=KEY_1)
2026-05-16 02:40:53,124 [INFO] [30/121] 송현녹지광장 (primary=KEY_2)
2026-05-16 02:40:54,863 [INFO] [31/121] 아차산 (primary=KEY_3)
2026-05-16 02:40:55,857 [INFO] [32/121] 안양천 (primary=KEY_4)
2026-05-16 02:40:57,447 [INFO] [33/121] 양화한강공원 (primary=KEY_1)
2026-05-16 02:40:59,043 [INFO] [34/121] 어린이대공원 (primary=KEY_2)
2026-05-16 02:41:00,064 [INFO] [35/121] 여의도한강공원 (primary=KEY_3)
2026-05-16 02:41:01,217 [INFO] [36/121] 여의서로 (primary=KEY_4)
2026-05-16 02:41:02,223 [INFO] [37/121] 올림픽공원 (primary=KEY_1)
2026-05-16 02:41:03,440 [INFO] [38/121] 월드컵공원 (primary=KEY_2)
2026-05-16 02:41:05,396 [INFO] [39/121] 응봉산 (primary=KEY_3)
2026-05-16 02:41:06,540 [INFO] [40/121] 이촌한강공원 (primary=KEY_4)
2026-05-16 02:41:07,528 [INFO] [41/121] 잠실종합운동장 (primary=KEY_1)
2026-05-16 02:41:08,531 [INFO] [42/121] 잠실한강공원 (primary=KEY_2)
2026-05-16 02:41:09,559 [INFO] [43/121] 잠원한강공원 (primary=KEY_3)
2026-05-16 02:41:11,132 [INFO] [44/121] 청계산 (primary=KEY_4)
2026-05-16 02:41:12,143 [INFO] [45/121] 홍제폭포 (primary=KEY_1)
2026-05-16 02:41:13,139 [INFO] [46/121] 가락시장 (primary=KEY_2)
2026-05-16 02:41:14,299 [INFO] [47/121] 가로수길 (primary=KEY_3)
2026-05-16 02:41:15,482 [INFO] [48/121] 광장(전통)시장 (primary=KEY_4)
2026-05-16 02:41:16,496 [INFO] [49/121] 김포공항 (primary=KEY_1)
2026-05-16 02:41:17,680 [INFO] [50/121] 남대문시장 (primary=KEY_2)
2026-05-16 02:41:18,713 [INFO] [51/121] 노량진 (primary=KEY_3)
2026-05-16 02:41:19,734 [INFO] [52/121] 덕수궁길·정동길 (primary=KEY_4)
2026-05-16 02:41:20,902 [INFO] [53/121] 북창동 먹자골목 (primary=KEY_1)
2026-05-16 02:41:21,915 [INFO] [54/121] 북촌한옥마을 (primary=KEY_2)
2026-05-16 02:41:23,082 [INFO] [55/121] 서촌 (primary=KEY_3)
2026-05-16 02:41:24,227 [INFO] [56/121] 성수카페거리 (primary=KEY_4)
2026-05-16 02:41:25,418 [INFO] [57/121] 송리단길·호수단길 (primary=KEY_1)
2026-05-16 02:41:26,598 [INFO] [58/121] 신촌 스타광장 (primary=KEY_2)
2026-05-16 02:41:27,613 [INFO] [59/121] 압구정로데오거리 (primary=KEY_3)
2026-05-16 02:41:28,778 [INFO] [60/121] 여의도 (primary=KEY_4)
2026-05-16 02:41:30,454 [INFO] [61/121] 연남동 (primary=KEY_1)
2026-05-16 02:41:31,614 [INFO] [62/121] 영등포 타임스퀘어 (primary=KEY_2)
2026-05-16 02:41:32,787 [INFO] [63/121] 용리단길 (primary=KEY_3)
2026-05-16 02:41:33,831 [INFO] [64/121] 이태원 앤틱가구거리 (primary=KEY_4)
2026-05-16 02:41:34,864 [INFO] [65/121] 익선동 (primary=KEY_1)
2026-05-16 02:41:36,073 [INFO] [66/121] 인사동 (primary=KEY_2)
2026-05-16 02:41:37,260 [INFO] [67/121] 잠실롯데타워·석촌호수 (primary=KEY_3)
2026-05-16 02:41:38,454 [INFO] [68/121] 창동 신경제 중심지 (primary=KEY_4)
2026-05-16 02:41:39,796 [INFO] [69/121] 청담동 명품거리 (primary=KEY_1)
2026-05-16 02:41:40,979 [INFO] [70/121] 청량리 제기동 일대 전통시장 (primary=KEY_2)
2026-05-16 02:41:42,172 [INFO] [71/121] 해방촌·경리단길 (primary=KEY_3)
2026-05-16 02:41:43,194 [INFO] [72/121] DDP(동대문디자인플라자) (primary=KEY_4)
2026-05-16 02:41:44,460 [INFO] [73/121] DMC(디지털미디어시티) (primary=KEY_1)
2026-05-16 02:41:45,823 [INFO] [74/121] 가산디지털단지역 (primary=KEY_2)
2026-05-16 02:41:47,147 [INFO] [75/121] 강남역 (primary=KEY_3)
2026-05-16 02:41:48,506 [INFO] [76/121] 건대입구역 (primary=KEY_4)
2026-05-16 02:41:49,705 [INFO] [77/121] 고덕역 (primary=KEY_1)
2026-05-16 02:41:50,735 [INFO] [78/121] 고속터미널역 (primary=KEY_2)
2026-05-16 02:41:51,798 [INFO] [79/121] 교대역 (primary=KEY_3)
2026-05-16 02:41:52,851 [INFO] [80/121] 구로디지털단지역 (primary=KEY_4)
2026-05-16 02:41:54,038 [INFO] [81/121] 구로역 (primary=KEY_1)
2026-05-16 02:41:55,052 [INFO] [82/121] 군자역 (primary=KEY_2)
2026-05-16 02:41:56,093 [INFO] [83/121] 대림역 (primary=KEY_3)
2026-05-16 02:41:57,138 [INFO] [84/121] 동대문역 (primary=KEY_4)
2026-05-16 02:41:58,178 [INFO] [85/121] 뚝섬역 (primary=KEY_1)
2026-05-16 02:41:59,346 [INFO] [86/121] 미아사거리역 (primary=KEY_2)
2026-05-16 02:42:00,519 [INFO] [87/121] 발산역 (primary=KEY_3)
2026-05-16 02:42:01,853 [INFO] [88/121] 사당역 (primary=KEY_4)
2026-05-16 02:42:02,908 [INFO] [89/121] 삼각지역 (primary=KEY_1)
2026-05-16 02:42:03,924 [INFO] [90/121] 서울대입구역 (primary=KEY_2)
2026-05-16 02:42:04,945 [INFO] [91/121] 서울식물원·마곡나루역 (primary=KEY_3)
2026-05-16 02:42:06,113 [INFO] [92/121] 서울역 (primary=KEY_4)
2026-05-16 02:42:07,312 [INFO] [93/121] 선릉역 (primary=KEY_1)
2026-05-16 02:42:08,630 [INFO] [94/121] 성신여대입구역 (primary=KEY_2)
2026-05-16 02:42:09,654 [INFO] [95/121] 수유역 (primary=KEY_3)
2026-05-16 02:42:10,818 [INFO] [96/121] 숭례문 (primary=KEY_4)
2026-05-16 02:42:11,997 [INFO] [97/121] 시의회 앞 (primary=KEY_1)
2026-05-16 02:42:13,162 [INFO] [98/121] 신논현역·논현역 (primary=KEY_2)
2026-05-16 02:42:14,343 [INFO] [99/121] 신도림역 (primary=KEY_3)
2026-05-16 02:42:15,352 [INFO] [100/121] 신림역 (primary=KEY_4)
2026-05-16 02:42:16,391 [INFO] [101/121] 신정네거리역 (primary=KEY_1)
2026-05-16 02:42:17,408 [INFO] [102/121] 신촌·이대역 (primary=KEY_2)
2026-05-16 02:42:18,577 [INFO] [103/121] 쌍문역 (primary=KEY_3)
2026-05-16 02:42:19,604 [INFO] [104/121] 양재역 (primary=KEY_4)
2026-05-16 02:42:20,642 [INFO] [105/121] 역삼역 (primary=KEY_1)
2026-05-16 02:42:21,961 [INFO] [106/121] 연신내역 (primary=KEY_2)
2026-05-16 02:42:23,005 [INFO] [107/121] 오목교역·목동운동장 (primary=KEY_3)
2026-05-16 02:42:24,650 [INFO] [108/121] 왕십리역 (primary=KEY_4)
2026-05-16 02:42:25,869 [INFO] [109/121] 용산역 (primary=KEY_1)
2026-05-16 02:42:27,188 [INFO] [110/121] 이태원역 (primary=KEY_2)
2026-05-16 02:42:28,218 [INFO] [111/121] 잠실새내역 (primary=KEY_3)
2026-05-16 02:42:29,383 [INFO] [112/121] 잠실역 (primary=KEY_4)
2026-05-16 02:42:30,707 [INFO] [113/121] 장지역 (primary=KEY_1)
2026-05-16 02:42:32,026 [INFO] [114/121] 장한평역 (primary=KEY_2)
2026-05-16 02:42:33,209 [INFO] [115/121] 천호역 (primary=KEY_3)
2026-05-16 02:42:34,473 [INFO] [116/121] 총신대입구(이수)역 (primary=KEY_4)
2026-05-16 02:42:35,661 [INFO] [117/121] 충정로역 (primary=KEY_1)
2026-05-16 02:42:36,842 [INFO] [118/121] 합정역 (primary=KEY_2)
2026-05-16 02:42:38,035 [INFO] [119/121] 혜화역 (primary=KEY_3)
2026-05-16 02:42:39,217 [INFO] [120/121] 홍대입구역(2호선) (primary=KEY_4)
2026-05-16 02:42:40,412 [INFO] [121/121] 회기역 (primary=KEY_1)
2026-05-16 02:42:42,419 [INFO] === 수집 완료 | 성공 121, 실패 0 ===
2026-05-16 02:42:42,419 [INFO] 카테고리별 저장 결과:
2026-05-16 02:42:42,419 [INFO]    accident                  | 신규     1행 | 누적      3행 | 16컬럼
2026-05-16 02:42:42,419 [INFO]    area_meta                 | 신규   121행 | 누적    363행 | 5컬럼
2026-05-16 02:42:42,419 [INFO]    bike                      | 신규    10행 | 누적     30행 | 12컬럼
2026-05-16 02:42:42,419 [INFO]    bike_sbike_stts           | 신규   558행 | 누적   1674행 | 12컬럼
2026-05-16 02:42:42,419 [INFO]    bus                       | 신규     3행 | 누적      9행 | 11컬럼
2026-05-16 02:42:42,419 [INFO]    bus_bus_stn_stts          | 신규  1745행 | 누적   5235행 | 11컬럼
2026-05-16 02:42:42,419 [INFO]    charger                   | 신규    22행 | 누적     64행 | 15컬럼
2026-05-16 02:42:42,419 [INFO]    charger_charger_stts      | 신규   610행 | 누적   1557행 | 15컬럼
2026-05-16 02:42:42,419 [INFO]    cmrcl                     | 신규    82행 | 누적    246행 | 20컬럼
2026-05-16 02:42:42,419 [INFO]    events                    | 신규    11행 | 누적     33행 | 14컬럼
2026-05-16 02:42:42,419 [INFO]    events_event_stts         | 신규   183행 | 누적    549행 | 14컬럼
2026-05-16 02:42:42,419 [INFO]    parking                   | 신규     6행 | 누적     18행 | 21컬럼
2026-05-16 02:42:42,419 [INFO]    parking_prk_stts          | 신규  1835행 | 누적   5505행 | 21컬럼
2026-05-16 02:42:42,419 [INFO]    ppltn                     | 신규   121행 | 누적    363행 | 26컬럼
2026-05-16 02:42:42,419 [INFO]    road                      | 신규   121행 | 누적    363행 | 21컬럼
2026-05-16 02:42:42,419 [INFO]    road_road_traffic_stts    | 신규  5243행 | 누적  15729행 | 17컬럼
2026-05-16 02:42:42,419 [INFO]    subway                    | 신규    38행 | 누적    114행 | 13컬럼
2026-05-16 02:42:42,419 [INFO]    subway_sub_stts           | 신규   183행 | 누적    549행 | 13컬럼
2026-05-16 02:42:42,419 [INFO]    weather                   | 신규   119행 | 누적    357행 | 29컬럼
2026-05-16 02:42:42,419 [INFO] 키별 사용량:
2026-05-16 02:42:42,419 [INFO]    🟢 KEY_1 (31/1000) 
2026-05-16 02:42:42,420 [INFO]    🟢 KEY_2 (30/1000) 
2026-05-16 02:42:42,420 [INFO]    🟢 KEY_3 (30/1000) 
2026-05-16 02:42:42,420 [INFO]    🟢 KEY_4 (30/1000) 
