2026-07-13 00:08:22,684 [INFO] 등록된 키: 4개, 합산 한도 4,000건/일
2026-07-13 00:08:22,685 [INFO] POI 로드: 매뉴얼 v8.5 기준 fallback 121개 (121개 전체)
2026-07-13 00:08:22,685 [INFO] === 수집 시작 2026-07-13T00:08:22.685679+09:00 ===
2026-07-13 00:08:22,685 [INFO] 대상 장소: 121개 | API: citydata (통합)
2026-07-13 00:08:22,685 [INFO] 키 풀: 4/4 활성 | 오늘 사용 0/4000건
2026-07-13 00:08:22,686 [INFO]   [KEY_1] 담당 31장소
2026-07-13 00:08:22,686 [INFO]   [KEY_2] 담당 30장소
2026-07-13 00:08:22,686 [INFO]   [KEY_3] 담당 30장소
2026-07-13 00:08:22,686 [INFO]   [KEY_4] 담당 30장소
2026-07-13 00:08:22,686 [INFO] [1/121] 경복궁 (primary=KEY_1)
2026-07-13 00:08:25,144 [INFO] [2/121] 광화문·덕수궁 (primary=KEY_2)
2026-07-13 00:08:27,668 [INFO] [3/121] 보신각 (primary=KEY_3)
2026-07-13 00:08:29,596 [INFO] [4/121] 서울 암사동 유적 (primary=KEY_4)
2026-07-13 00:08:31,495 [INFO] [5/121] 창덕궁·종묘 (primary=KEY_1)
2026-07-13 00:08:33,583 [INFO] [6/121] 강남 MICE 관광특구 (primary=KEY_2)
2026-07-13 00:08:34,923 [INFO] [7/121] 동대문 관광특구 (primary=KEY_3)
2026-07-13 00:08:37,626 [INFO] [8/121] 명동 관광특구 (primary=KEY_4)
2026-07-13 00:08:40,176 [INFO] [9/121] 이태원 관광특구 (primary=KEY_1)
2026-07-13 00:08:42,292 [INFO] [10/121] 잠실 관광특구 (primary=KEY_2)
2026-07-13 00:08:44,618 [INFO] [11/121] 종로·청계 관광특구 (primary=KEY_3)
2026-07-13 00:08:47,179 [INFO] [12/121] 홍대 관광특구 (primary=KEY_4)
2026-07-13 00:08:48,756 [INFO] [13/121] 강서한강공원 (primary=KEY_1)
2026-07-13 00:08:49,898 [INFO] [14/121] 고척돔 (primary=KEY_2)
2026-07-13 00:08:51,622 [INFO] [15/121] 광나루한강공원 (primary=KEY_3)
2026-07-13 00:08:52,951 [INFO] [16/121] 광화문광장 (primary=KEY_4)
2026-07-13 00:08:55,230 [INFO] [17/121] 국립중앙박물관·용산가족공원 (primary=KEY_1)
2026-07-13 00:08:56,393 [INFO] [18/121] 난지한강공원 (primary=KEY_2)
2026-07-13 00:08:57,528 [INFO] [19/121] 남산공원 (primary=KEY_3)
2026-07-13 00:09:00,017 [INFO] [20/121] 노들섬 (primary=KEY_4)
2026-07-13 00:09:01,143 [INFO] [21/121] 뚝섬한강공원 (primary=KEY_1)
2026-07-13 00:09:02,288 [INFO] [22/121] 망원한강공원 (primary=KEY_2)
2026-07-13 00:09:03,623 [INFO] [23/121] 반포한강공원 (primary=KEY_3)
2026-07-13 00:09:05,521 [INFO] [24/121] 보라매공원 (primary=KEY_4)
2026-07-13 00:09:07,793 [INFO] [25/121] 북서울꿈의숲 (primary=KEY_1)
2026-07-13 00:09:08,923 [INFO] [26/121] 서대문독립공원 (primary=KEY_2)
2026-07-13 00:09:11,208 [INFO] [27/121] 서리풀공원·몽마르뜨공원 (primary=KEY_3)
2026-07-13 00:09:13,179 [INFO] [28/121] 서울대공원 (primary=KEY_4)
2026-07-13 00:09:14,342 [INFO] [29/121] 서울숲공원 (primary=KEY_1)
2026-07-13 00:09:15,693 [INFO] [30/121] 송현녹지광장 (primary=KEY_2)
2026-07-13 00:09:17,683 [INFO] [31/121] 아차산 (primary=KEY_3)
2026-07-13 00:09:18,816 [INFO] [32/121] 안양천 (primary=KEY_4)
2026-07-13 00:09:19,955 [INFO] [33/121] 양화한강공원 (primary=KEY_1)
2026-07-13 00:09:21,875 [INFO] [34/121] 어린이대공원 (primary=KEY_2)
2026-07-13 00:09:23,049 [INFO] [35/121] 여의도한강공원 (primary=KEY_3)
2026-07-13 00:09:25,512 [INFO] [36/121] 여의서로 (primary=KEY_4)
2026-07-13 00:09:27,800 [INFO] [37/121] 올림픽공원 (primary=KEY_1)
2026-07-13 00:09:29,184 [INFO] [38/121] 월드컵공원 (primary=KEY_2)
2026-07-13 00:09:30,726 [INFO] [39/121] 응봉산 (primary=KEY_3)
2026-07-13 00:09:32,048 [INFO] [40/121] 이촌한강공원 (primary=KEY_4)
2026-07-13 00:09:33,189 [INFO] [41/121] 잠실종합운동장 (primary=KEY_1)
2026-07-13 00:09:35,091 [INFO] [42/121] 잠실한강공원 (primary=KEY_2)
2026-07-13 00:09:36,246 [INFO] [43/121] 잠원한강공원 (primary=KEY_3)
2026-07-13 00:09:37,382 [INFO] [44/121] 청계산 (primary=KEY_4)
2026-07-13 00:09:38,534 [INFO] [45/121] 홍제폭포 (primary=KEY_1)
2026-07-13 00:09:39,666 [INFO] [46/121] 가락시장 (primary=KEY_2)
2026-07-13 00:09:42,163 [INFO] [47/121] 가로수길 (primary=KEY_3)
2026-07-13 00:09:43,527 [INFO] [48/121] 광장(전통)시장 (primary=KEY_4)
2026-07-13 00:09:44,684 [INFO] [49/121] 김포공항 (primary=KEY_1)
2026-07-13 00:09:46,055 [INFO] [50/121] 남대문시장 (primary=KEY_2)
2026-07-13 00:09:48,359 [INFO] [51/121] 노량진 (primary=KEY_3)
2026-07-13 00:09:49,529 [INFO] [52/121] 덕수궁길·정동길 (primary=KEY_4)
2026-07-13 00:09:50,935 [INFO] [53/121] 북창동 먹자골목 (primary=KEY_1)
2026-07-13 00:09:52,279 [INFO] [54/121] 북촌한옥마을 (primary=KEY_2)
2026-07-13 00:09:54,762 [INFO] [55/121] 서촌 (primary=KEY_3)
2026-07-13 00:09:56,081 [INFO] [56/121] 성수카페거리 (primary=KEY_4)
2026-07-13 00:09:57,430 [INFO] [57/121] 송리단길·호수단길 (primary=KEY_1)
2026-07-13 00:09:58,794 [INFO] [58/121] 신촌 스타광장 (primary=KEY_2)
2026-07-13 00:09:59,956 [INFO] [59/121] 압구정로데오거리 (primary=KEY_3)
2026-07-13 00:10:01,297 [INFO] [60/121] 여의도 (primary=KEY_4)
2026-07-13 00:10:03,249 [INFO] [61/121] 연남동 (primary=KEY_1)
2026-07-13 00:10:04,572 [INFO] [62/121] 영등포 타임스퀘어 (primary=KEY_2)
2026-07-13 00:10:05,895 [INFO] [63/121] 용리단길 (primary=KEY_3)
2026-07-13 00:10:07,061 [INFO] [64/121] 이태원 앤틱가구거리 (primary=KEY_4)
2026-07-13 00:10:08,246 [INFO] [65/121] 익선동 (primary=KEY_1)
2026-07-13 00:10:09,581 [INFO] [66/121] 인사동 (primary=KEY_2)
2026-07-13 00:10:10,928 [INFO] [67/121] 잠실롯데타워·석촌호수 (primary=KEY_3)
2026-07-13 00:10:12,274 [INFO] [68/121] 창동 신경제 중심지 (primary=KEY_4)
2026-07-13 00:10:13,810 [INFO] [69/121] 청담동 명품거리 (primary=KEY_1)
2026-07-13 00:10:16,075 [INFO] [70/121] 청량리 제기동 일대 전통시장 (primary=KEY_2)
2026-07-13 00:10:17,416 [INFO] [71/121] 해방촌·경리단길 (primary=KEY_3)
2026-07-13 00:10:18,546 [INFO] [72/121] DDP(동대문디자인플라자) (primary=KEY_4)
2026-07-13 00:10:19,896 [INFO] [73/121] DMC(디지털미디어시티) (primary=KEY_1)
2026-07-13 00:10:21,452 [INFO] [74/121] 가산디지털단지역 (primary=KEY_2)
2026-07-13 00:10:23,030 [INFO] [75/121] 강남역 (primary=KEY_3)
2026-07-13 00:10:24,572 [INFO] [76/121] 건대입구역 (primary=KEY_4)
2026-07-13 00:10:25,915 [INFO] [77/121] 고덕역 (primary=KEY_1)
2026-07-13 00:10:27,072 [INFO] [78/121] 고속터미널역 (primary=KEY_2)
2026-07-13 00:10:28,225 [INFO] [79/121] 교대역 (primary=KEY_3)
2026-07-13 00:10:29,372 [INFO] [80/121] 구로디지털단지역 (primary=KEY_4)
2026-07-13 00:10:30,701 [INFO] [81/121] 구로역 (primary=KEY_1)
2026-07-13 00:10:31,855 [INFO] [82/121] 군자역 (primary=KEY_2)
2026-07-13 00:10:33,208 [INFO] [83/121] 대림역 (primary=KEY_3)
2026-07-13 00:10:34,553 [INFO] [84/121] 동대문역 (primary=KEY_4)
2026-07-13 00:10:35,890 [INFO] [85/121] 뚝섬역 (primary=KEY_1)
2026-07-13 00:10:37,234 [INFO] [86/121] 미아사거리역 (primary=KEY_2)
2026-07-13 00:10:38,563 [INFO] [87/121] 발산역 (primary=KEY_3)
2026-07-13 00:10:40,106 [INFO] [88/121] 사당역 (primary=KEY_4)
2026-07-13 00:10:41,453 [INFO] [89/121] 삼각지역 (primary=KEY_1)
2026-07-13 00:10:42,606 [INFO] [90/121] 서울대입구역 (primary=KEY_2)
2026-07-13 00:10:43,762 [INFO] [91/121] 서울식물원·마곡나루역 (primary=KEY_3)
2026-07-13 00:10:45,121 [INFO] [92/121] 서울역 (primary=KEY_4)
2026-07-13 00:10:46,511 [INFO] [93/121] 선릉역 (primary=KEY_1)
2026-07-13 00:10:48,058 [INFO] [94/121] 성신여대입구역 (primary=KEY_2)
2026-07-13 00:10:49,211 [INFO] [95/121] 수유역 (primary=KEY_3)
2026-07-13 00:10:51,331 [INFO] [96/121] 숭례문 (primary=KEY_4)
2026-07-13 00:10:52,681 [INFO] [97/121] 시의회 앞 (primary=KEY_1)
2026-07-13 00:10:54,046 [INFO] [98/121] 신논현역·논현역 (primary=KEY_2)
2026-07-13 00:10:55,419 [INFO] [99/121] 신도림역 (primary=KEY_3)
2026-07-13 00:10:56,574 [INFO] [100/121] 신림역 (primary=KEY_4)
2026-07-13 00:10:57,752 [INFO] [101/121] 신정네거리역 (primary=KEY_1)
2026-07-13 00:10:58,894 [INFO] [102/121] 신촌·이대역 (primary=KEY_2)
2026-07-13 00:11:00,256 [INFO] [103/121] 쌍문역 (primary=KEY_3)
2026-07-13 00:11:01,407 [INFO] [104/121] 양재역 (primary=KEY_4)
2026-07-13 00:11:02,754 [INFO] [105/121] 역삼역 (primary=KEY_1)
2026-07-13 00:11:04,113 [INFO] [106/121] 연신내역 (primary=KEY_2)
2026-07-13 00:11:05,292 [INFO] [107/121] 오목교역·목동운동장 (primary=KEY_3)
2026-07-13 00:11:06,843 [INFO] [108/121] 왕십리역 (primary=KEY_4)
2026-07-13 00:11:08,191 [INFO] [109/121] 용산역 (primary=KEY_1)
2026-07-13 00:11:09,533 [INFO] [110/121] 이태원역 (primary=KEY_2)
2026-07-13 00:11:10,693 [INFO] [111/121] 잠실새내역 (primary=KEY_3)
2026-07-13 00:11:12,040 [INFO] [112/121] 잠실역 (primary=KEY_4)
2026-07-13 00:11:13,403 [INFO] [113/121] 장지역 (primary=KEY_1)
2026-07-13 00:11:14,739 [INFO] [114/121] 장한평역 (primary=KEY_2)
2026-07-13 00:11:16,079 [INFO] [115/121] 천호역 (primary=KEY_3)
2026-07-13 00:11:17,470 [INFO] [116/121] 총신대입구(이수)역 (primary=KEY_4)
2026-07-13 00:11:18,813 [INFO] [117/121] 충정로역 (primary=KEY_1)
2026-07-13 00:11:19,982 [INFO] [118/121] 합정역 (primary=KEY_2)
2026-07-13 00:11:21,328 [INFO] [119/121] 혜화역 (primary=KEY_3)
2026-07-13 00:11:22,679 [INFO] [120/121] 홍대입구역(2호선) (primary=KEY_4)
2026-07-13 00:11:23,841 [INFO] [121/121] 회기역 (primary=KEY_1)
2026-07-13 00:11:25,691 [INFO] === 수집 완료 | 성공 121, 실패 0 ===
2026-07-13 00:11:25,692 [INFO] 카테고리별 저장 결과:
2026-07-13 00:11:25,692 [INFO]    accident                  | 신규     3행 | 누적      3행 | 16컬럼
2026-07-13 00:11:25,692 [INFO]    area_meta                 | 신규   121행 | 누적    121행 | 5컬럼
2026-07-13 00:11:25,692 [INFO]    bike                      | 신규    12행 | 누적     12행 | 12컬럼
2026-07-13 00:11:25,692 [INFO]    bike_sbike_stts           | 신규   570행 | 누적    570행 | 12컬럼
2026-07-13 00:11:25,692 [INFO]    bus                       | 신규     3행 | 누적      3행 | 11컬럼
2026-07-13 00:11:25,692 [INFO]    bus_bus_stn_stts          | 신규  1745행 | 누적   1745행 | 11컬럼
2026-07-13 00:11:25,692 [INFO]    charger                   | 신규    28행 | 누적     28행 | 15컬럼
2026-07-13 00:11:25,692 [INFO]    charger_charger_stts      | 신규   332행 | 누적    332행 | 15컬럼
2026-07-13 00:11:25,692 [INFO]    cmrcl                     | 신규    82행 | 누적     82행 | 20컬럼
2026-07-13 00:11:25,692 [INFO]    disaster                  | 신규    62행 | 누적     62행 | 9컬럼
2026-07-13 00:11:25,692 [INFO]    events                    | 신규     7행 | 누적      7행 | 14컬럼
2026-07-13 00:11:25,692 [INFO]    events_event_stts         | 신규   122행 | 누적    122행 | 14컬럼
2026-07-13 00:11:25,692 [INFO]    parking                   | 신규     6행 | 누적      6행 | 21컬럼
2026-07-13 00:11:25,692 [INFO]    parking_prk_stts          | 신규  1834행 | 누적   1834행 | 21컬럼
2026-07-13 00:11:25,692 [INFO]    ppltn                     | 신규   121행 | 누적    121행 | 26컬럼
2026-07-13 00:11:25,692 [INFO]    road                      | 신규   121행 | 누적    121행 | 21컬럼
2026-07-13 00:11:25,693 [INFO]    road_road_traffic_stts    | 신규  5266행 | 누적   5266행 | 17컬럼
2026-07-13 00:11:25,693 [INFO]    subway                    | 신규    38행 | 누적     38행 | 12컬럼
2026-07-13 00:11:25,693 [INFO]    subway_sub_stts           | 신규   183행 | 누적    183행 | 13컬럼
2026-07-13 00:11:25,693 [INFO]    weather                   | 신규   119행 | 누적    119행 | 30컬럼
2026-07-13 00:11:25,693 [INFO] 키별 사용량:
2026-07-13 00:11:25,693 [INFO]    🟢 KEY_1 (31/1000) 
2026-07-13 00:11:25,693 [INFO]    🟢 KEY_2 (30/1000) 
2026-07-13 00:11:25,693 [INFO]    🟢 KEY_3 (30/1000) 
2026-07-13 00:11:25,693 [INFO]    🟢 KEY_4 (30/1000) 
