2026-07-15 01:24:22,837 [INFO] 등록된 키: 4개, 합산 한도 4,000건/일
2026-07-15 01:24:22,837 [INFO] POI 로드: 매뉴얼 v8.5 기준 fallback 121개 (121개 전체)
2026-07-15 01:24:22,837 [INFO] === 수집 시작 2026-07-15T01:24:22.837902+09:00 ===
2026-07-15 01:24:22,837 [INFO] 대상 장소: 121개 | API: citydata (통합)
2026-07-15 01:24:22,838 [INFO] 키 풀: 4/4 활성 | 오늘 사용 0/4000건
2026-07-15 01:24:22,838 [INFO]   [KEY_1] 담당 31장소
2026-07-15 01:24:22,838 [INFO]   [KEY_2] 담당 30장소
2026-07-15 01:24:22,838 [INFO]   [KEY_3] 담당 30장소
2026-07-15 01:24:22,838 [INFO]   [KEY_4] 담당 30장소
2026-07-15 01:24:22,838 [INFO] [1/121] 경복궁 (primary=KEY_1)
2026-07-15 01:24:24,714 [INFO] [2/121] 광화문·덕수궁 (primary=KEY_2)
2026-07-15 01:24:26,871 [INFO] [3/121] 보신각 (primary=KEY_3)
2026-07-15 01:24:28,783 [INFO] [4/121] 서울 암사동 유적 (primary=KEY_4)
2026-07-15 01:24:30,410 [INFO] [5/121] 창덕궁·종묘 (primary=KEY_1)
2026-07-15 01:24:31,618 [INFO] [6/121] 강남 MICE 관광특구 (primary=KEY_2)
2026-07-15 01:24:33,835 [INFO] [7/121] 동대문 관광특구 (primary=KEY_3)
2026-07-15 01:24:35,292 [INFO] [8/121] 명동 관광특구 (primary=KEY_4)
2026-07-15 01:24:37,615 [INFO] [9/121] 이태원 관광특구 (primary=KEY_1)
2026-07-15 01:24:39,052 [INFO] [10/121] 잠실 관광특구 (primary=KEY_2)
2026-07-15 01:24:40,485 [INFO] [11/121] 종로·청계 관광특구 (primary=KEY_3)
2026-07-15 01:24:42,527 [INFO] [12/121] 홍대 관광특구 (primary=KEY_4)
2026-07-15 01:24:43,991 [INFO] [13/121] 강서한강공원 (primary=KEY_1)
2026-07-15 01:24:45,046 [INFO] [14/121] 고척돔 (primary=KEY_2)
2026-07-15 01:24:46,901 [INFO] [15/121] 광나루한강공원 (primary=KEY_3)
2026-07-15 01:24:48,113 [INFO] [16/121] 광화문광장 (primary=KEY_4)
2026-07-15 01:24:50,023 [INFO] [17/121] 국립중앙박물관·용산가족공원 (primary=KEY_1)
2026-07-15 01:24:51,734 [INFO] [18/121] 난지한강공원 (primary=KEY_2)
2026-07-15 01:24:53,371 [INFO] [19/121] 남산공원 (primary=KEY_3)
2026-07-15 01:24:54,777 [INFO] [20/121] 노들섬 (primary=KEY_4)
2026-07-15 01:24:56,485 [INFO] [21/121] 뚝섬한강공원 (primary=KEY_1)
2026-07-15 01:24:58,531 [INFO] [22/121] 망원한강공원 (primary=KEY_2)
2026-07-15 01:24:59,763 [INFO] [23/121] 반포한강공원 (primary=KEY_3)
2026-07-15 01:25:00,838 [INFO] [24/121] 보라매공원 (primary=KEY_4)
2026-07-15 01:25:02,562 [INFO] [25/121] 북서울꿈의숲 (primary=KEY_1)
2026-07-15 01:25:03,763 [INFO] [26/121] 서대문독립공원 (primary=KEY_2)
2026-07-15 01:25:04,842 [INFO] [27/121] 서리풀공원·몽마르뜨공원 (primary=KEY_3)
2026-07-15 01:25:06,510 [INFO] [28/121] 서울대공원 (primary=KEY_4)
2026-07-15 01:25:07,543 [INFO] [29/121] 서울숲공원 (primary=KEY_1)
2026-07-15 01:25:09,411 [INFO] [30/121] 송현녹지광장 (primary=KEY_2)
2026-07-15 01:25:10,690 [INFO] [31/121] 아차산 (primary=KEY_3)
2026-07-15 01:25:11,731 [INFO] [32/121] 안양천 (primary=KEY_4)
2026-07-15 01:25:13,747 [INFO] [33/121] 양화한강공원 (primary=KEY_1)
2026-07-15 01:25:14,789 [INFO] [34/121] 어린이대공원 (primary=KEY_2)
2026-07-15 01:25:16,004 [INFO] [35/121] 여의도한강공원 (primary=KEY_3)
2026-07-15 01:25:18,036 [INFO] [36/121] 여의서로 (primary=KEY_4)
2026-07-15 01:25:19,240 [INFO] [37/121] 올림픽공원 (primary=KEY_1)
2026-07-15 01:25:20,481 [INFO] [38/121] 월드컵공원 (primary=KEY_2)
2026-07-15 01:25:22,518 [INFO] [39/121] 응봉산 (primary=KEY_3)
2026-07-15 01:25:23,729 [INFO] [40/121] 이촌한강공원 (primary=KEY_4)
2026-07-15 01:25:24,782 [INFO] [41/121] 잠실종합운동장 (primary=KEY_1)
2026-07-15 01:25:25,839 [INFO] [42/121] 잠실한강공원 (primary=KEY_2)
2026-07-15 01:25:26,898 [INFO] [43/121] 잠원한강공원 (primary=KEY_3)
2026-07-15 01:25:27,954 [INFO] [44/121] 청계산 (primary=KEY_4)
2026-07-15 01:25:28,994 [INFO] [45/121] 홍제폭포 (primary=KEY_1)
2026-07-15 01:25:30,032 [INFO] [46/121] 가락시장 (primary=KEY_2)
2026-07-15 01:25:31,260 [INFO] [47/121] 가로수길 (primary=KEY_3)
2026-07-15 01:25:32,502 [INFO] [48/121] 광장(전통)시장 (primary=KEY_4)
2026-07-15 01:25:33,562 [INFO] [49/121] 김포공항 (primary=KEY_1)
2026-07-15 01:25:34,971 [INFO] [50/121] 남대문시장 (primary=KEY_2)
2026-07-15 01:25:36,206 [INFO] [51/121] 노량진 (primary=KEY_3)
2026-07-15 01:25:37,428 [INFO] [52/121] 덕수궁길·정동길 (primary=KEY_4)
2026-07-15 01:25:38,684 [INFO] [53/121] 북창동 먹자골목 (primary=KEY_1)
2026-07-15 01:25:39,894 [INFO] [54/121] 북촌한옥마을 (primary=KEY_2)
2026-07-15 01:25:41,928 [INFO] [55/121] 서촌 (primary=KEY_3)
2026-07-15 01:25:43,141 [INFO] [56/121] 성수카페거리 (primary=KEY_4)
2026-07-15 01:25:44,543 [INFO] [57/121] 송리단길·호수단길 (primary=KEY_1)
2026-07-15 01:25:45,800 [INFO] [58/121] 신촌 스타광장 (primary=KEY_2)
2026-07-15 01:25:46,868 [INFO] [59/121] 압구정로데오거리 (primary=KEY_3)
2026-07-15 01:25:48,108 [INFO] [60/121] 여의도 (primary=KEY_4)
2026-07-15 01:25:50,067 [INFO] [61/121] 연남동 (primary=KEY_1)
2026-07-15 01:25:51,340 [INFO] [62/121] 영등포 타임스퀘어 (primary=KEY_2)
2026-07-15 01:25:52,555 [INFO] [63/121] 용리단길 (primary=KEY_3)
2026-07-15 01:25:53,621 [INFO] [64/121] 이태원 앤틱가구거리 (primary=KEY_4)
2026-07-15 01:25:54,700 [INFO] [65/121] 익선동 (primary=KEY_1)
2026-07-15 01:25:55,951 [INFO] [66/121] 인사동 (primary=KEY_2)
2026-07-15 01:25:57,336 [INFO] [67/121] 잠실롯데타워·석촌호수 (primary=KEY_3)
2026-07-15 01:25:58,908 [INFO] [68/121] 창동 신경제 중심지 (primary=KEY_4)
2026-07-15 01:26:00,463 [INFO] [69/121] 청담동 명품거리 (primary=KEY_1)
2026-07-15 01:26:01,679 [INFO] [70/121] 청량리 제기동 일대 전통시장 (primary=KEY_2)
2026-07-15 01:26:02,897 [INFO] [71/121] 해방촌·경리단길 (primary=KEY_3)
2026-07-15 01:26:03,949 [INFO] [72/121] DDP(동대문디자인플라자) (primary=KEY_4)
2026-07-15 01:26:05,214 [INFO] [73/121] DMC(디지털미디어시티) (primary=KEY_1)
2026-07-15 01:26:06,792 [INFO] [74/121] 가산디지털단지역 (primary=KEY_2)
2026-07-15 01:26:08,502 [INFO] [75/121] 강남역 (primary=KEY_3)
2026-07-15 01:26:09,897 [INFO] [76/121] 건대입구역 (primary=KEY_4)
2026-07-15 01:26:11,118 [INFO] [77/121] 고덕역 (primary=KEY_1)
2026-07-15 01:26:12,362 [INFO] [78/121] 고속터미널역 (primary=KEY_2)
2026-07-15 01:26:13,598 [INFO] [79/121] 교대역 (primary=KEY_3)
2026-07-15 01:26:14,679 [INFO] [80/121] 구로디지털단지역 (primary=KEY_4)
2026-07-15 01:26:16,290 [INFO] [81/121] 구로역 (primary=KEY_1)
2026-07-15 01:26:17,498 [INFO] [82/121] 군자역 (primary=KEY_2)
2026-07-15 01:26:18,562 [INFO] [83/121] 대림역 (primary=KEY_3)
2026-07-15 01:26:19,794 [INFO] [84/121] 동대문역 (primary=KEY_4)
2026-07-15 01:26:21,009 [INFO] [85/121] 뚝섬역 (primary=KEY_1)
2026-07-15 01:26:22,228 [INFO] [86/121] 미아사거리역 (primary=KEY_2)
2026-07-15 01:26:23,469 [INFO] [87/121] 발산역 (primary=KEY_3)
2026-07-15 01:26:24,878 [INFO] [88/121] 사당역 (primary=KEY_4)
2026-07-15 01:26:26,113 [INFO] [89/121] 삼각지역 (primary=KEY_1)
2026-07-15 01:26:27,193 [INFO] [90/121] 서울대입구역 (primary=KEY_2)
2026-07-15 01:26:28,417 [INFO] [91/121] 서울식물원·마곡나루역 (primary=KEY_3)
2026-07-15 01:26:30,781 [INFO] [92/121] 서울역 (primary=KEY_4)
2026-07-15 01:26:32,046 [INFO] [93/121] 선릉역 (primary=KEY_1)
2026-07-15 01:26:33,652 [INFO] [94/121] 성신여대입구역 (primary=KEY_2)
2026-07-15 01:26:34,737 [INFO] [95/121] 수유역 (primary=KEY_3)
2026-07-15 01:26:35,963 [INFO] [96/121] 숭례문 (primary=KEY_4)
2026-07-15 01:26:37,376 [INFO] [97/121] 시의회 앞 (primary=KEY_1)
2026-07-15 01:26:38,609 [INFO] [98/121] 신논현역·논현역 (primary=KEY_2)
2026-07-15 01:26:39,879 [INFO] [99/121] 신도림역 (primary=KEY_3)
2026-07-15 01:26:40,950 [INFO] [100/121] 신림역 (primary=KEY_4)
2026-07-15 01:26:42,031 [INFO] [101/121] 신정네거리역 (primary=KEY_1)
2026-07-15 01:26:43,269 [INFO] [102/121] 신촌·이대역 (primary=KEY_2)
2026-07-15 01:26:44,503 [INFO] [103/121] 쌍문역 (primary=KEY_3)
2026-07-15 01:26:45,723 [INFO] [104/121] 양재역 (primary=KEY_4)
2026-07-15 01:26:47,021 [INFO] [105/121] 역삼역 (primary=KEY_1)
2026-07-15 01:26:48,435 [INFO] [106/121] 연신내역 (primary=KEY_2)
2026-07-15 01:26:49,537 [INFO] [107/121] 오목교역·목동운동장 (primary=KEY_3)
2026-07-15 01:26:51,299 [INFO] [108/121] 왕십리역 (primary=KEY_4)
2026-07-15 01:26:52,563 [INFO] [109/121] 용산역 (primary=KEY_1)
2026-07-15 01:26:53,968 [INFO] [110/121] 이태원역 (primary=KEY_2)
2026-07-15 01:26:55,031 [INFO] [111/121] 잠실새내역 (primary=KEY_3)
2026-07-15 01:26:56,266 [INFO] [112/121] 잠실역 (primary=KEY_4)
2026-07-15 01:26:57,672 [INFO] [113/121] 장지역 (primary=KEY_1)
2026-07-15 01:26:59,110 [INFO] [114/121] 장한평역 (primary=KEY_2)
2026-07-15 01:27:00,357 [INFO] [115/121] 천호역 (primary=KEY_3)
2026-07-15 01:27:01,608 [INFO] [116/121] 총신대입구(이수)역 (primary=KEY_4)
2026-07-15 01:27:02,847 [INFO] [117/121] 충정로역 (primary=KEY_1)
2026-07-15 01:27:04,095 [INFO] [118/121] 합정역 (primary=KEY_2)
2026-07-15 01:27:05,360 [INFO] [119/121] 혜화역 (primary=KEY_3)
2026-07-15 01:27:06,592 [INFO] [120/121] 홍대입구역(2호선) (primary=KEY_4)
2026-07-15 01:27:07,865 [INFO] [121/121] 회기역 (primary=KEY_1)
2026-07-15 01:27:09,440 [INFO] === 수집 완료 | 성공 121, 실패 0 ===
2026-07-15 01:27:09,440 [INFO] 카테고리별 저장 결과:
2026-07-15 01:27:09,441 [INFO]    accident                  | 신규     3행 | 누적      3행 | 16컬럼
2026-07-15 01:27:09,441 [INFO]    area_meta                 | 신규   121행 | 누적    121행 | 5컬럼
2026-07-15 01:27:09,441 [INFO]    bike                      | 신규    12행 | 누적     12행 | 12컬럼
2026-07-15 01:27:09,441 [INFO]    bike_sbike_stts           | 신규   570행 | 누적    570행 | 12컬럼
2026-07-15 01:27:09,441 [INFO]    bus                       | 신규     3행 | 누적      3행 | 11컬럼
2026-07-15 01:27:09,441 [INFO]    bus_bus_stn_stts          | 신규  1745행 | 누적   1745행 | 11컬럼
2026-07-15 01:27:09,441 [INFO]    charger                   | 신규     4행 | 누적      4행 | 15컬럼
2026-07-15 01:27:09,441 [INFO]    charger_charger_stts      | 신규  1922행 | 누적   1922행 | 15컬럼
2026-07-15 01:27:09,441 [INFO]    cmrcl                     | 신규    82행 | 누적     82행 | 20컬럼
2026-07-15 01:27:09,441 [INFO]    events                    | 신규     8행 | 누적      8행 | 14컬럼
2026-07-15 01:27:09,441 [INFO]    events_event_stts         | 신규   123행 | 누적    123행 | 14컬럼
2026-07-15 01:27:09,441 [INFO]    parking                   | 신규     6행 | 누적      6행 | 21컬럼
2026-07-15 01:27:09,441 [INFO]    parking_prk_stts          | 신규  1834행 | 누적   1834행 | 21컬럼
2026-07-15 01:27:09,441 [INFO]    ppltn                     | 신규   121행 | 누적    121행 | 26컬럼
2026-07-15 01:27:09,441 [INFO]    road                      | 신규   121행 | 누적    121행 | 21컬럼
2026-07-15 01:27:09,441 [INFO]    road_road_traffic_stts    | 신규  5266행 | 누적   5266행 | 17컬럼
2026-07-15 01:27:09,441 [INFO]    subway                    | 신규    38행 | 누적     38행 | 13컬럼
2026-07-15 01:27:09,441 [INFO]    subway_sub_stts           | 신규   183행 | 누적    183행 | 13컬럼
2026-07-15 01:27:09,441 [INFO]    weather                   | 신규   119행 | 누적    119행 | 29컬럼
2026-07-15 01:27:09,441 [INFO] 키별 사용량:
2026-07-15 01:27:09,441 [INFO]    🟢 KEY_1 (31/1000) 
2026-07-15 01:27:09,441 [INFO]    🟢 KEY_2 (30/1000) 
2026-07-15 01:27:09,441 [INFO]    🟢 KEY_3 (30/1000) 
2026-07-15 01:27:09,441 [INFO]    🟢 KEY_4 (30/1000) 
2026-07-15 03:13:51,635 [INFO] 등록된 키: 4개, 합산 한도 4,000건/일
2026-07-15 03:13:51,636 [INFO] POI 로드: 매뉴얼 v8.5 기준 fallback 121개 (121개 전체)
2026-07-15 03:13:51,636 [INFO] === 수집 시작 2026-07-15T03:13:51.636330+09:00 ===
2026-07-15 03:13:51,636 [INFO] 대상 장소: 121개 | API: citydata (통합)
2026-07-15 03:13:51,636 [INFO] 키 풀: 4/4 활성 | 오늘 사용 0/4000건
2026-07-15 03:13:51,636 [INFO]   [KEY_1] 담당 31장소
2026-07-15 03:13:51,636 [INFO]   [KEY_2] 담당 30장소
2026-07-15 03:13:51,636 [INFO]   [KEY_3] 담당 30장소
2026-07-15 03:13:51,636 [INFO]   [KEY_4] 담당 30장소
2026-07-15 03:13:51,636 [INFO] [1/121] 경복궁 (primary=KEY_1)
2026-07-15 03:13:53,673 [INFO] [2/121] 광화문·덕수궁 (primary=KEY_2)
2026-07-15 03:13:55,925 [INFO] [3/121] 보신각 (primary=KEY_3)
2026-07-15 03:13:57,818 [INFO] [4/121] 서울 암사동 유적 (primary=KEY_4)
2026-07-15 03:13:59,536 [INFO] [5/121] 창덕궁·종묘 (primary=KEY_1)
2026-07-15 03:14:01,573 [INFO] [6/121] 강남 MICE 관광특구 (primary=KEY_2)
2026-07-15 03:14:03,781 [INFO] [7/121] 동대문 관광특구 (primary=KEY_3)
2026-07-15 03:14:05,232 [INFO] [8/121] 명동 관광특구 (primary=KEY_4)
2026-07-15 03:14:06,894 [INFO] [9/121] 이태원 관광특구 (primary=KEY_1)
2026-07-15 03:14:08,789 [INFO] [10/121] 잠실 관광특구 (primary=KEY_2)
2026-07-15 03:14:10,834 [INFO] [11/121] 종로·청계 관광특구 (primary=KEY_3)
2026-07-15 03:14:13,238 [INFO] [12/121] 홍대 관광특구 (primary=KEY_4)
2026-07-15 03:14:14,689 [INFO] [13/121] 강서한강공원 (primary=KEY_1)
2026-07-15 03:14:16,383 [INFO] [14/121] 고척돔 (primary=KEY_2)
2026-07-15 03:14:17,442 [INFO] [15/121] 광나루한강공원 (primary=KEY_3)
2026-07-15 03:14:18,667 [INFO] [16/121] 광화문광장 (primary=KEY_4)
2026-07-15 03:14:20,626 [INFO] [17/121] 국립중앙박물관·용산가족공원 (primary=KEY_1)
2026-07-15 03:14:21,712 [INFO] [18/121] 난지한강공원 (primary=KEY_2)
2026-07-15 03:14:23,578 [INFO] [19/121] 남산공원 (primary=KEY_3)
2026-07-15 03:14:25,012 [INFO] [20/121] 노들섬 (primary=KEY_4)
2026-07-15 03:14:26,731 [INFO] [21/121] 뚝섬한강공원 (primary=KEY_1)
2026-07-15 03:14:27,795 [INFO] [22/121] 망원한강공원 (primary=KEY_2)
2026-07-15 03:14:29,679 [INFO] [23/121] 반포한강공원 (primary=KEY_3)
2026-07-15 03:14:30,759 [INFO] [24/121] 보라매공원 (primary=KEY_4)
2026-07-15 03:14:31,864 [INFO] [25/121] 북서울꿈의숲 (primary=KEY_1)
2026-07-15 03:14:33,532 [INFO] [26/121] 서대문독립공원 (primary=KEY_2)
2026-07-15 03:14:35,174 [INFO] [27/121] 서리풀공원·몽마르뜨공원 (primary=KEY_3)
2026-07-15 03:14:36,308 [INFO] [28/121] 서울대공원 (primary=KEY_4)
2026-07-15 03:14:37,940 [INFO] [29/121] 서울숲공원 (primary=KEY_1)
2026-07-15 03:14:39,180 [INFO] [30/121] 송현녹지광장 (primary=KEY_2)
2026-07-15 03:14:41,069 [INFO] [31/121] 아차산 (primary=KEY_3)
2026-07-15 03:14:42,144 [INFO] [32/121] 안양천 (primary=KEY_4)
2026-07-15 03:14:43,206 [INFO] [33/121] 양화한강공원 (primary=KEY_1)
2026-07-15 03:14:44,281 [INFO] [34/121] 어린이대공원 (primary=KEY_2)
2026-07-15 03:14:45,362 [INFO] [35/121] 여의도한강공원 (primary=KEY_3)
2026-07-15 03:14:46,585 [INFO] [36/121] 여의서로 (primary=KEY_4)
2026-07-15 03:14:48,294 [INFO] [37/121] 올림픽공원 (primary=KEY_1)
2026-07-15 03:14:50,351 [INFO] [38/121] 월드컵공원 (primary=KEY_2)
2026-07-15 03:14:51,785 [INFO] [39/121] 응봉산 (primary=KEY_3)
2026-07-15 03:14:53,658 [INFO] [40/121] 이촌한강공원 (primary=KEY_4)
2026-07-15 03:14:54,720 [INFO] [41/121] 잠실종합운동장 (primary=KEY_1)
2026-07-15 03:14:55,780 [INFO] [42/121] 잠실한강공원 (primary=KEY_2)
2026-07-15 03:14:56,834 [INFO] [43/121] 잠원한강공원 (primary=KEY_3)
2026-07-15 03:14:57,875 [INFO] [44/121] 청계산 (primary=KEY_4)
2026-07-15 03:14:58,929 [INFO] [45/121] 홍제폭포 (primary=KEY_1)
2026-07-15 03:14:59,967 [INFO] [46/121] 가락시장 (primary=KEY_2)
2026-07-15 03:15:01,200 [INFO] [47/121] 가로수길 (primary=KEY_3)
2026-07-15 03:15:02,440 [INFO] [48/121] 광장(전통)시장 (primary=KEY_4)
2026-07-15 03:15:03,510 [INFO] [49/121] 김포공항 (primary=KEY_1)
2026-07-15 03:15:04,748 [INFO] [50/121] 남대문시장 (primary=KEY_2)
2026-07-15 03:15:05,818 [INFO] [51/121] 노량진 (primary=KEY_3)
2026-07-15 03:15:07,054 [INFO] [52/121] 덕수궁길·정동길 (primary=KEY_4)
2026-07-15 03:15:08,287 [INFO] [53/121] 북창동 먹자골목 (primary=KEY_1)
2026-07-15 03:15:09,356 [INFO] [54/121] 북촌한옥마을 (primary=KEY_2)
2026-07-15 03:15:10,595 [INFO] [55/121] 서촌 (primary=KEY_3)
2026-07-15 03:15:11,822 [INFO] [56/121] 성수카페거리 (primary=KEY_4)
2026-07-15 03:15:13,046 [INFO] [57/121] 송리단길·호수단길 (primary=KEY_1)
2026-07-15 03:15:14,282 [INFO] [58/121] 신촌 스타광장 (primary=KEY_2)
2026-07-15 03:15:15,355 [INFO] [59/121] 압구정로데오거리 (primary=KEY_3)
2026-07-15 03:15:17,553 [INFO] [60/121] 여의도 (primary=KEY_4)
2026-07-15 03:15:19,318 [INFO] [61/121] 연남동 (primary=KEY_1)
2026-07-15 03:15:20,538 [INFO] [62/121] 영등포 타임스퀘어 (primary=KEY_2)
2026-07-15 03:15:21,750 [INFO] [63/121] 용리단길 (primary=KEY_3)
2026-07-15 03:15:22,813 [INFO] [64/121] 이태원 앤틱가구거리 (primary=KEY_4)
2026-07-15 03:15:23,878 [INFO] [65/121] 익선동 (primary=KEY_1)
2026-07-15 03:15:25,130 [INFO] [66/121] 인사동 (primary=KEY_2)
2026-07-15 03:15:26,376 [INFO] [67/121] 잠실롯데타워·석촌호수 (primary=KEY_3)
2026-07-15 03:15:27,773 [INFO] [68/121] 창동 신경제 중심지 (primary=KEY_4)
2026-07-15 03:15:29,188 [INFO] [69/121] 청담동 명품거리 (primary=KEY_1)
2026-07-15 03:15:30,408 [INFO] [70/121] 청량리 제기동 일대 전통시장 (primary=KEY_2)
2026-07-15 03:15:31,638 [INFO] [71/121] 해방촌·경리단길 (primary=KEY_3)
2026-07-15 03:15:32,690 [INFO] [72/121] DDP(동대문디자인플라자) (primary=KEY_4)
2026-07-15 03:15:33,925 [INFO] [73/121] DMC(디지털미디어시티) (primary=KEY_1)
2026-07-15 03:15:35,351 [INFO] [74/121] 가산디지털단지역 (primary=KEY_2)
2026-07-15 03:15:36,777 [INFO] [75/121] 강남역 (primary=KEY_3)
2026-07-15 03:15:38,200 [INFO] [76/121] 건대입구역 (primary=KEY_4)
2026-07-15 03:15:39,436 [INFO] [77/121] 고덕역 (primary=KEY_1)
2026-07-15 03:15:40,671 [INFO] [78/121] 고속터미널역 (primary=KEY_2)
2026-07-15 03:15:41,921 [INFO] [79/121] 교대역 (primary=KEY_3)
2026-07-15 03:15:42,994 [INFO] [80/121] 구로디지털단지역 (primary=KEY_4)
2026-07-15 03:15:44,227 [INFO] [81/121] 구로역 (primary=KEY_1)
2026-07-15 03:15:45,298 [INFO] [82/121] 군자역 (primary=KEY_2)
2026-07-15 03:15:46,387 [INFO] [83/121] 대림역 (primary=KEY_3)
2026-07-15 03:15:47,619 [INFO] [84/121] 동대문역 (primary=KEY_4)
2026-07-15 03:15:48,701 [INFO] [85/121] 뚝섬역 (primary=KEY_1)
2026-07-15 03:15:49,927 [INFO] [86/121] 미아사거리역 (primary=KEY_2)
2026-07-15 03:15:51,166 [INFO] [87/121] 발산역 (primary=KEY_3)
2026-07-15 03:15:52,582 [INFO] [88/121] 사당역 (primary=KEY_4)
2026-07-15 03:15:53,822 [INFO] [89/121] 삼각지역 (primary=KEY_1)
2026-07-15 03:15:54,901 [INFO] [90/121] 서울대입구역 (primary=KEY_2)
2026-07-15 03:15:55,988 [INFO] [91/121] 서울식물원·마곡나루역 (primary=KEY_3)
2026-07-15 03:15:57,227 [INFO] [92/121] 서울역 (primary=KEY_4)
2026-07-15 03:15:58,515 [INFO] [93/121] 선릉역 (primary=KEY_1)
2026-07-15 03:15:59,922 [INFO] [94/121] 성신여대입구역 (primary=KEY_2)
2026-07-15 03:16:01,009 [INFO] [95/121] 수유역 (primary=KEY_3)
2026-07-15 03:16:02,243 [INFO] [96/121] 숭례문 (primary=KEY_4)
2026-07-15 03:16:03,473 [INFO] [97/121] 시의회 앞 (primary=KEY_1)
2026-07-15 03:16:04,717 [INFO] [98/121] 신논현역·논현역 (primary=KEY_2)
2026-07-15 03:16:05,962 [INFO] [99/121] 신도림역 (primary=KEY_3)
2026-07-15 03:16:07,607 [INFO] [100/121] 신림역 (primary=KEY_4)
2026-07-15 03:16:08,683 [INFO] [101/121] 신정네거리역 (primary=KEY_1)
2026-07-15 03:16:09,748 [INFO] [102/121] 신촌·이대역 (primary=KEY_2)
2026-07-15 03:16:10,978 [INFO] [103/121] 쌍문역 (primary=KEY_3)
2026-07-15 03:16:12,057 [INFO] [104/121] 양재역 (primary=KEY_4)
2026-07-15 03:16:13,296 [INFO] [105/121] 역삼역 (primary=KEY_1)
2026-07-15 03:16:14,522 [INFO] [106/121] 연신내역 (primary=KEY_2)
2026-07-15 03:16:15,609 [INFO] [107/121] 오목교역·목동운동장 (primary=KEY_3)
2026-07-15 03:16:17,206 [INFO] [108/121] 왕십리역 (primary=KEY_4)
2026-07-15 03:16:18,459 [INFO] [109/121] 용산역 (primary=KEY_1)
2026-07-15 03:16:19,843 [INFO] [110/121] 이태원역 (primary=KEY_2)
2026-07-15 03:16:20,915 [INFO] [111/121] 잠실새내역 (primary=KEY_3)
2026-07-15 03:16:22,158 [INFO] [112/121] 잠실역 (primary=KEY_4)
2026-07-15 03:16:23,400 [INFO] [113/121] 장지역 (primary=KEY_1)
2026-07-15 03:16:24,646 [INFO] [114/121] 장한평역 (primary=KEY_2)
2026-07-15 03:16:25,877 [INFO] [115/121] 천호역 (primary=KEY_3)
2026-07-15 03:16:27,125 [INFO] [116/121] 총신대입구(이수)역 (primary=KEY_4)
2026-07-15 03:16:28,364 [INFO] [117/121] 충정로역 (primary=KEY_1)
2026-07-15 03:16:29,601 [INFO] [118/121] 합정역 (primary=KEY_2)
2026-07-15 03:16:30,869 [INFO] [119/121] 혜화역 (primary=KEY_3)
2026-07-15 03:16:32,113 [INFO] [120/121] 홍대입구역(2호선) (primary=KEY_4)
2026-07-15 03:16:33,219 [INFO] [121/121] 회기역 (primary=KEY_1)
2026-07-15 03:16:35,097 [INFO] === 수집 완료 | 성공 121, 실패 0 ===
2026-07-15 03:16:35,097 [INFO] 카테고리별 저장 결과:
2026-07-15 03:16:35,097 [INFO]    area_meta                 | 신규   121행 | 누적    242행 | 5컬럼
2026-07-15 03:16:35,097 [INFO]    bike                      | 신규    12행 | 누적     24행 | 12컬럼
2026-07-15 03:16:35,097 [INFO]    bike_sbike_stts           | 신규   570행 | 누적   1140행 | 12컬럼
2026-07-15 03:16:35,097 [INFO]    bus                       | 신규     3행 | 누적      6행 | 11컬럼
2026-07-15 03:16:35,097 [INFO]    bus_bus_stn_stts          | 신규  1745행 | 누적   3490행 | 11컬럼
2026-07-15 03:16:35,097 [INFO]    charger                   | 신규    12행 | 누적     16행 | 15컬럼
2026-07-15 03:16:35,097 [INFO]    charger_charger_stts      | 신규   730행 | 누적   2630행 | 15컬럼
2026-07-15 03:16:35,097 [INFO]    cmrcl                     | 신규    82행 | 누적    164행 | 20컬럼
2026-07-15 03:16:35,097 [INFO]    events                    | 신규     8행 | 누적     16행 | 14컬럼
2026-07-15 03:16:35,097 [INFO]    events_event_stts         | 신규   123행 | 누적    246행 | 14컬럼
2026-07-15 03:16:35,097 [INFO]    parking                   | 신규     6행 | 누적     12행 | 21컬럼
2026-07-15 03:16:35,097 [INFO]    parking_prk_stts          | 신규  1834행 | 누적   3668행 | 21컬럼
2026-07-15 03:16:35,097 [INFO]    ppltn                     | 신규   121행 | 누적    242행 | 26컬럼
2026-07-15 03:16:35,097 [INFO]    road                      | 신규   121행 | 누적    242행 | 21컬럼
2026-07-15 03:16:35,097 [INFO]    road_road_traffic_stts    | 신규  5266행 | 누적  10532행 | 17컬럼
2026-07-15 03:16:35,097 [INFO]    subway                    | 신규    38행 | 누적     76행 | 13컬럼
2026-07-15 03:16:35,097 [INFO]    subway_sub_stts           | 신규   183행 | 누적    366행 | 13컬럼
2026-07-15 03:16:35,097 [INFO]    weather                   | 신규   119행 | 누적    238행 | 29컬럼
2026-07-15 03:16:35,097 [INFO] 키별 사용량:
2026-07-15 03:16:35,097 [INFO]    🟢 KEY_1 (31/1000) 
2026-07-15 03:16:35,097 [INFO]    🟢 KEY_2 (30/1000) 
2026-07-15 03:16:35,097 [INFO]    🟢 KEY_3 (30/1000) 
2026-07-15 03:16:35,097 [INFO]    🟢 KEY_4 (30/1000) 
2026-07-15 05:21:05,865 [INFO] 등록된 키: 4개, 합산 한도 4,000건/일
2026-07-15 05:21:05,865 [INFO] POI 로드: 매뉴얼 v8.5 기준 fallback 121개 (121개 전체)
2026-07-15 05:21:05,865 [INFO] === 수집 시작 2026-07-15T05:21:05.865691+09:00 ===
2026-07-15 05:21:05,865 [INFO] 대상 장소: 121개 | API: citydata (통합)
2026-07-15 05:21:05,865 [INFO] 키 풀: 4/4 활성 | 오늘 사용 0/4000건
2026-07-15 05:21:05,865 [INFO]   [KEY_1] 담당 31장소
2026-07-15 05:21:05,865 [INFO]   [KEY_2] 담당 30장소
2026-07-15 05:21:05,865 [INFO]   [KEY_3] 담당 30장소
2026-07-15 05:21:05,866 [INFO]   [KEY_4] 담당 30장소
2026-07-15 05:21:05,866 [INFO] [1/121] 경복궁 (primary=KEY_1)
2026-07-15 05:21:07,819 [INFO] [2/121] 광화문·덕수궁 (primary=KEY_2)
2026-07-15 05:21:10,349 [INFO] [3/121] 보신각 (primary=KEY_3)
2026-07-15 05:21:12,148 [INFO] [4/121] 서울 암사동 유적 (primary=KEY_4)
2026-07-15 05:21:13,857 [INFO] [5/121] 창덕궁·종묘 (primary=KEY_1)
2026-07-15 05:21:15,086 [INFO] [6/121] 강남 MICE 관광특구 (primary=KEY_2)
2026-07-15 05:21:16,958 [INFO] [7/121] 동대문 관광특구 (primary=KEY_3)
2026-07-15 05:21:18,983 [INFO] [8/121] 명동 관광특구 (primary=KEY_4)
2026-07-15 05:21:21,255 [INFO] [9/121] 이태원 관광특구 (primary=KEY_1)
2026-07-15 05:21:22,502 [INFO] [10/121] 잠실 관광특구 (primary=KEY_2)
2026-07-15 05:21:25,088 [INFO] [11/121] 종로·청계 관광특구 (primary=KEY_3)
2026-07-15 05:21:26,515 [INFO] [12/121] 홍대 관광특구 (primary=KEY_4)
2026-07-15 05:21:28,594 [INFO] [13/121] 강서한강공원 (primary=KEY_1)
2026-07-15 05:21:29,661 [INFO] [14/121] 고척돔 (primary=KEY_2)
2026-07-15 05:21:30,717 [INFO] [15/121] 광나루한강공원 (primary=KEY_3)
2026-07-15 05:21:31,921 [INFO] [16/121] 광화문광장 (primary=KEY_4)
2026-07-15 05:21:34,186 [INFO] [17/121] 국립중앙박물관·용산가족공원 (primary=KEY_1)
2026-07-15 05:21:36,007 [INFO] [18/121] 난지한강공원 (primary=KEY_2)
2026-07-15 05:21:37,062 [INFO] [19/121] 남산공원 (primary=KEY_3)
2026-07-15 05:21:38,458 [INFO] [20/121] 노들섬 (primary=KEY_4)
2026-07-15 05:21:39,519 [INFO] [21/121] 뚝섬한강공원 (primary=KEY_1)
2026-07-15 05:21:40,575 [INFO] [22/121] 망원한강공원 (primary=KEY_2)
2026-07-15 05:21:42,463 [INFO] [23/121] 반포한강공원 (primary=KEY_3)
2026-07-15 05:21:44,331 [INFO] [24/121] 보라매공원 (primary=KEY_4)
2026-07-15 05:21:46,055 [INFO] [25/121] 북서울꿈의숲 (primary=KEY_1)
2026-07-15 05:21:47,950 [INFO] [26/121] 서대문독립공원 (primary=KEY_2)
2026-07-15 05:21:49,604 [INFO] [27/121] 서리풀공원·몽마르뜨공원 (primary=KEY_3)
2026-07-15 05:21:50,851 [INFO] [28/121] 서울대공원 (primary=KEY_4)
2026-07-15 05:21:51,906 [INFO] [29/121] 서울숲공원 (primary=KEY_1)
2026-07-15 05:21:53,130 [INFO] [30/121] 송현녹지광장 (primary=KEY_2)
2026-07-15 05:21:54,367 [INFO] [31/121] 아차산 (primary=KEY_3)
2026-07-15 05:21:55,422 [INFO] [32/121] 안양천 (primary=KEY_4)
2026-07-15 05:21:57,121 [INFO] [33/121] 양화한강공원 (primary=KEY_1)
2026-07-15 05:21:58,181 [INFO] [34/121] 어린이대공원 (primary=KEY_2)
2026-07-15 05:21:59,421 [INFO] [35/121] 여의도한강공원 (primary=KEY_3)
2026-07-15 05:22:00,640 [INFO] [36/121] 여의서로 (primary=KEY_4)
2026-07-15 05:22:01,871 [INFO] [37/121] 올림픽공원 (primary=KEY_1)
2026-07-15 05:22:03,124 [INFO] [38/121] 월드컵공원 (primary=KEY_2)
2026-07-15 05:22:04,528 [INFO] [39/121] 응봉산 (primary=KEY_3)
2026-07-15 05:22:05,736 [INFO] [40/121] 이촌한강공원 (primary=KEY_4)
2026-07-15 05:22:06,786 [INFO] [41/121] 잠실종합운동장 (primary=KEY_1)
2026-07-15 05:22:07,851 [INFO] [42/121] 잠실한강공원 (primary=KEY_2)
2026-07-15 05:22:09,563 [INFO] [43/121] 잠원한강공원 (primary=KEY_3)
2026-07-15 05:22:10,613 [INFO] [44/121] 청계산 (primary=KEY_4)
2026-07-15 05:22:11,658 [INFO] [45/121] 홍제폭포 (primary=KEY_1)
2026-07-15 05:22:12,705 [INFO] [46/121] 가락시장 (primary=KEY_2)
2026-07-15 05:22:13,946 [INFO] [47/121] 가로수길 (primary=KEY_3)
2026-07-15 05:22:15,180 [INFO] [48/121] 광장(전통)시장 (primary=KEY_4)
2026-07-15 05:22:16,247 [INFO] [49/121] 김포공항 (primary=KEY_1)
2026-07-15 05:22:17,645 [INFO] [50/121] 남대문시장 (primary=KEY_2)
2026-07-15 05:22:18,871 [INFO] [51/121] 노량진 (primary=KEY_3)
2026-07-15 05:22:20,105 [INFO] [52/121] 덕수궁길·정동길 (primary=KEY_4)
2026-07-15 05:22:21,347 [INFO] [53/121] 북창동 먹자골목 (primary=KEY_1)
2026-07-15 05:22:22,576 [INFO] [54/121] 북촌한옥마을 (primary=KEY_2)
2026-07-15 05:22:23,969 [INFO] [55/121] 서촌 (primary=KEY_3)
2026-07-15 05:22:25,196 [INFO] [56/121] 성수카페거리 (primary=KEY_4)
2026-07-15 05:22:27,267 [INFO] [57/121] 송리단길·호수단길 (primary=KEY_1)
2026-07-15 05:22:28,514 [INFO] [58/121] 신촌 스타광장 (primary=KEY_2)
2026-07-15 05:22:29,602 [INFO] [59/121] 압구정로데오거리 (primary=KEY_3)
2026-07-15 05:22:30,836 [INFO] [60/121] 여의도 (primary=KEY_4)
2026-07-15 05:22:32,780 [INFO] [61/121] 연남동 (primary=KEY_1)
2026-07-15 05:22:34,004 [INFO] [62/121] 영등포 타임스퀘어 (primary=KEY_2)
2026-07-15 05:22:35,217 [INFO] [63/121] 용리단길 (primary=KEY_3)
2026-07-15 05:22:36,302 [INFO] [64/121] 이태원 앤틱가구거리 (primary=KEY_4)
2026-07-15 05:22:37,528 [INFO] [65/121] 익선동 (primary=KEY_1)
2026-07-15 05:22:39,405 [INFO] [66/121] 인사동 (primary=KEY_2)
2026-07-15 05:22:40,810 [INFO] [67/121] 잠실롯데타워·석촌호수 (primary=KEY_3)
2026-07-15 05:22:42,384 [INFO] [68/121] 창동 신경제 중심지 (primary=KEY_4)
2026-07-15 05:22:43,941 [INFO] [69/121] 청담동 명품거리 (primary=KEY_1)
2026-07-15 05:22:45,186 [INFO] [70/121] 청량리 제기동 일대 전통시장 (primary=KEY_2)
2026-07-15 05:22:46,428 [INFO] [71/121] 해방촌·경리단길 (primary=KEY_3)
2026-07-15 05:22:47,519 [INFO] [72/121] DDP(동대문디자인플라자) (primary=KEY_4)
2026-07-15 05:22:48,776 [INFO] [73/121] DMC(디지털미디어시티) (primary=KEY_1)
2026-07-15 05:22:50,368 [INFO] [74/121] 가산디지털단지역 (primary=KEY_2)
2026-07-15 05:22:52,113 [INFO] [75/121] 강남역 (primary=KEY_3)
2026-07-15 05:22:53,560 [INFO] [76/121] 건대입구역 (primary=KEY_4)
2026-07-15 05:22:54,822 [INFO] [77/121] 고덕역 (primary=KEY_1)
2026-07-15 05:22:56,627 [INFO] [78/121] 고속터미널역 (primary=KEY_2)
2026-07-15 05:22:57,873 [INFO] [79/121] 교대역 (primary=KEY_3)
2026-07-15 05:22:59,104 [INFO] [80/121] 구로디지털단지역 (primary=KEY_4)
2026-07-15 05:23:00,657 [INFO] [81/121] 구로역 (primary=KEY_1)
2026-07-15 05:23:01,884 [INFO] [82/121] 군자역 (primary=KEY_2)
2026-07-15 05:23:03,119 [INFO] [83/121] 대림역 (primary=KEY_3)
2026-07-15 05:23:04,362 [INFO] [84/121] 동대문역 (primary=KEY_4)
2026-07-15 05:23:05,604 [INFO] [85/121] 뚝섬역 (primary=KEY_1)
2026-07-15 05:23:06,831 [INFO] [86/121] 미아사거리역 (primary=KEY_2)
2026-07-15 05:23:08,054 [INFO] [87/121] 발산역 (primary=KEY_3)
2026-07-15 05:23:09,637 [INFO] [88/121] 사당역 (primary=KEY_4)
2026-07-15 05:23:10,890 [INFO] [89/121] 삼각지역 (primary=KEY_1)
2026-07-15 05:23:11,977 [INFO] [90/121] 서울대입구역 (primary=KEY_2)
2026-07-15 05:23:13,209 [INFO] [91/121] 서울식물원·마곡나루역 (primary=KEY_3)
2026-07-15 05:23:14,610 [INFO] [92/121] 서울역 (primary=KEY_4)
2026-07-15 05:23:16,046 [INFO] [93/121] 선릉역 (primary=KEY_1)
2026-07-15 05:23:17,655 [INFO] [94/121] 성신여대입구역 (primary=KEY_2)
2026-07-15 05:23:18,771 [INFO] [95/121] 수유역 (primary=KEY_3)
2026-07-15 05:23:20,021 [INFO] [96/121] 숭례문 (primary=KEY_4)
2026-07-15 05:23:21,430 [INFO] [97/121] 시의회 앞 (primary=KEY_1)
2026-07-15 05:23:22,688 [INFO] [98/121] 신논현역·논현역 (primary=KEY_2)
2026-07-15 05:23:23,957 [INFO] [99/121] 신도림역 (primary=KEY_3)
2026-07-15 05:23:25,388 [INFO] [100/121] 신림역 (primary=KEY_4)
2026-07-15 05:23:26,471 [INFO] [101/121] 신정네거리역 (primary=KEY_1)
2026-07-15 05:23:27,702 [INFO] [102/121] 신촌·이대역 (primary=KEY_2)
2026-07-15 05:23:28,938 [INFO] [103/121] 쌍문역 (primary=KEY_3)
2026-07-15 05:23:30,193 [INFO] [104/121] 양재역 (primary=KEY_4)
2026-07-15 05:23:31,454 [INFO] [105/121] 역삼역 (primary=KEY_1)
2026-07-15 05:23:32,869 [INFO] [106/121] 연신내역 (primary=KEY_2)
2026-07-15 05:23:33,963 [INFO] [107/121] 오목교역·목동운동장 (primary=KEY_3)
2026-07-15 05:23:35,698 [INFO] [108/121] 왕십리역 (primary=KEY_4)
2026-07-15 05:23:37,115 [INFO] [109/121] 용산역 (primary=KEY_1)
2026-07-15 05:23:39,105 [INFO] [110/121] 이태원역 (primary=KEY_2)
2026-07-15 05:23:40,182 [INFO] [111/121] 잠실새내역 (primary=KEY_3)
2026-07-15 05:23:41,441 [INFO] [112/121] 잠실역 (primary=KEY_4)
2026-07-15 05:23:42,886 [INFO] [113/121] 장지역 (primary=KEY_1)
2026-07-15 05:23:44,291 [INFO] [114/121] 장한평역 (primary=KEY_2)
2026-07-15 05:23:45,544 [INFO] [115/121] 천호역 (primary=KEY_3)
2026-07-15 05:23:46,805 [INFO] [116/121] 총신대입구(이수)역 (primary=KEY_4)
2026-07-15 05:23:48,050 [INFO] [117/121] 충정로역 (primary=KEY_1)
2026-07-15 05:23:49,302 [INFO] [118/121] 합정역 (primary=KEY_2)
2026-07-15 05:23:50,559 [INFO] [119/121] 혜화역 (primary=KEY_3)
2026-07-15 05:23:51,789 [INFO] [120/121] 홍대입구역(2호선) (primary=KEY_4)
2026-07-15 05:23:53,055 [INFO] [121/121] 회기역 (primary=KEY_1)
2026-07-15 05:23:55,088 [INFO] === 수집 완료 | 성공 121, 실패 0 ===
2026-07-15 05:23:55,088 [INFO] 카테고리별 저장 결과:
2026-07-15 05:23:55,088 [INFO]    accident                  | 신규     3행 | 누적      6행 | 16컬럼
2026-07-15 05:23:55,088 [INFO]    area_meta                 | 신규   121행 | 누적    363행 | 5컬럼
2026-07-15 05:23:55,088 [INFO]    bike                      | 신규    12행 | 누적     36행 | 12컬럼
2026-07-15 05:23:55,088 [INFO]    bike_sbike_stts           | 신규   570행 | 누적   1710행 | 12컬럼
2026-07-15 05:23:55,088 [INFO]    bus                       | 신규     3행 | 누적      9행 | 11컬럼
2026-07-15 05:23:55,088 [INFO]    bus_bus_stn_stts          | 신규  1745행 | 누적   5235행 | 11컬럼
2026-07-15 05:23:55,088 [INFO]    charger                   | 신규     4행 | 누적     20행 | 15컬럼
2026-07-15 05:23:55,088 [INFO]    charger_charger_stts      | 신규  1922행 | 누적   4537행 | 15컬럼
2026-07-15 05:23:55,088 [INFO]    cmrcl                     | 신규    82행 | 누적    246행 | 20컬럼
2026-07-15 05:23:55,088 [INFO]    events                    | 신규     9행 | 누적     25행 | 14컬럼
2026-07-15 05:23:55,088 [INFO]    events_event_stts         | 신규   125행 | 누적    371행 | 14컬럼
2026-07-15 05:23:55,088 [INFO]    parking                   | 신규     6행 | 누적     18행 | 21컬럼
2026-07-15 05:23:55,088 [INFO]    parking_prk_stts          | 신규  1834행 | 누적   5502행 | 21컬럼
2026-07-15 05:23:55,088 [INFO]    ppltn                     | 신규   121행 | 누적    363행 | 26컬럼
2026-07-15 05:23:55,088 [INFO]    road                      | 신규   121행 | 누적    363행 | 21컬럼
2026-07-15 05:23:55,089 [INFO]    road_road_traffic_stts    | 신규  5266행 | 누적  15798행 | 17컬럼
2026-07-15 05:23:55,089 [INFO]    subway                    | 신규    38행 | 누적    114행 | 13컬럼
2026-07-15 05:23:55,089 [INFO]    subway_sub_stts           | 신규   183행 | 누적    549행 | 13컬럼
2026-07-15 05:23:55,089 [INFO]    weather                   | 신규   119행 | 누적    357행 | 29컬럼
2026-07-15 05:23:55,089 [INFO] 키별 사용량:
2026-07-15 05:23:55,089 [INFO]    🟢 KEY_1 (31/1000) 
2026-07-15 05:23:55,089 [INFO]    🟢 KEY_2 (30/1000) 
2026-07-15 05:23:55,089 [INFO]    🟢 KEY_3 (30/1000) 
2026-07-15 05:23:55,089 [INFO]    🟢 KEY_4 (30/1000) 
