2026-05-19 00:15:29,328 [INFO] 등록된 키: 4개, 합산 한도 4,000건/일
2026-05-19 00:15:29,329 [INFO] POI 로드: 매뉴얼 v8.5 기준 fallback 121개 (121개 전체)
2026-05-19 00:15:29,329 [INFO] === 수집 시작 2026-05-19T00:15:29.329221+09:00 ===
2026-05-19 00:15:29,329 [INFO] 대상 장소: 121개 | API: citydata (통합)
2026-05-19 00:15:29,329 [INFO] 키 풀: 4/4 활성 | 오늘 사용 0/4000건
2026-05-19 00:15:29,329 [INFO]   [KEY_1] 담당 31장소
2026-05-19 00:15:29,329 [INFO]   [KEY_2] 담당 30장소
2026-05-19 00:15:29,329 [INFO]   [KEY_3] 담당 30장소
2026-05-19 00:15:29,329 [INFO]   [KEY_4] 담당 30장소
2026-05-19 00:15:29,329 [INFO] [1/121] 경복궁 (primary=KEY_1)
2026-05-19 00:15:31,119 [INFO] [2/121] 광화문·덕수궁 (primary=KEY_2)
2026-05-19 00:15:33,087 [INFO] [3/121] 보신각 (primary=KEY_3)
2026-05-19 00:15:34,855 [INFO] [4/121] 서울 암사동 유적 (primary=KEY_4)
2026-05-19 00:15:35,877 [INFO] [5/121] 창덕궁·종묘 (primary=KEY_1)
2026-05-19 00:15:37,194 [INFO] [6/121] 강남 MICE 관광특구 (primary=KEY_2)
2026-05-19 00:15:38,820 [INFO] [7/121] 동대문 관광특구 (primary=KEY_3)
2026-05-19 00:15:40,775 [INFO] [8/121] 명동 관광특구 (primary=KEY_4)
2026-05-19 00:15:42,312 [INFO] [9/121] 이태원 관광특구 (primary=KEY_1)
2026-05-19 00:15:43,522 [INFO] [10/121] 잠실 관광특구 (primary=KEY_2)
2026-05-19 00:15:44,958 [INFO] [11/121] 종로·청계 관광특구 (primary=KEY_3)
2026-05-19 00:15:46,342 [INFO] [12/121] 홍대 관광특구 (primary=KEY_4)
2026-05-19 00:15:47,703 [INFO] [13/121] 강서한강공원 (primary=KEY_1)
2026-05-19 00:15:48,717 [INFO] [14/121] 고척돔 (primary=KEY_2)
2026-05-19 00:15:49,720 [INFO] [15/121] 광나루한강공원 (primary=KEY_3)
2026-05-19 00:15:50,867 [INFO] [16/121] 광화문광장 (primary=KEY_4)
2026-05-19 00:15:52,046 [INFO] [17/121] 국립중앙박물관·용산가족공원 (primary=KEY_1)
2026-05-19 00:15:53,053 [INFO] [18/121] 난지한강공원 (primary=KEY_2)
2026-05-19 00:15:54,055 [INFO] [19/121] 남산공원 (primary=KEY_3)
2026-05-19 00:15:55,441 [INFO] [20/121] 노들섬 (primary=KEY_4)
2026-05-19 00:15:56,463 [INFO] [21/121] 뚝섬한강공원 (primary=KEY_1)
2026-05-19 00:15:57,503 [INFO] [22/121] 망원한강공원 (primary=KEY_2)
2026-05-19 00:15:59,246 [INFO] [23/121] 반포한강공원 (primary=KEY_3)
2026-05-19 00:16:00,263 [INFO] [24/121] 보라매공원 (primary=KEY_4)
2026-05-19 00:16:01,275 [INFO] [25/121] 북서울꿈의숲 (primary=KEY_1)
2026-05-19 00:16:02,352 [INFO] [26/121] 서대문독립공원 (primary=KEY_2)
2026-05-19 00:16:03,362 [INFO] [27/121] 서리풀공원·몽마르뜨공원 (primary=KEY_3)
2026-05-19 00:16:04,398 [INFO] [28/121] 서울대공원 (primary=KEY_4)
2026-05-19 00:16:05,385 [INFO] [29/121] 서울숲공원 (primary=KEY_1)
2026-05-19 00:16:06,540 [INFO] [30/121] 송현녹지광장 (primary=KEY_2)
2026-05-19 00:16:07,694 [INFO] [31/121] 아차산 (primary=KEY_3)
2026-05-19 00:16:08,710 [INFO] [32/121] 안양천 (primary=KEY_4)
2026-05-19 00:16:09,700 [INFO] [33/121] 양화한강공원 (primary=KEY_1)
2026-05-19 00:16:10,704 [INFO] [34/121] 어린이대공원 (primary=KEY_2)
2026-05-19 00:16:11,716 [INFO] [35/121] 여의도한강공원 (primary=KEY_3)
2026-05-19 00:16:12,863 [INFO] [36/121] 여의서로 (primary=KEY_4)
2026-05-19 00:16:13,868 [INFO] [37/121] 올림픽공원 (primary=KEY_1)
2026-05-19 00:16:15,061 [INFO] [38/121] 월드컵공원 (primary=KEY_2)
2026-05-19 00:16:16,390 [INFO] [39/121] 응봉산 (primary=KEY_3)
2026-05-19 00:16:17,560 [INFO] [40/121] 이촌한강공원 (primary=KEY_4)
2026-05-19 00:16:18,562 [INFO] [41/121] 잠실종합운동장 (primary=KEY_1)
2026-05-19 00:16:19,574 [INFO] [42/121] 잠실한강공원 (primary=KEY_2)
2026-05-19 00:16:20,578 [INFO] [43/121] 잠원한강공원 (primary=KEY_3)
2026-05-19 00:16:21,590 [INFO] [44/121] 청계산 (primary=KEY_4)
2026-05-19 00:16:22,603 [INFO] [45/121] 홍제폭포 (primary=KEY_1)
2026-05-19 00:16:23,599 [INFO] [46/121] 가락시장 (primary=KEY_2)
2026-05-19 00:16:24,798 [INFO] [47/121] 가로수길 (primary=KEY_3)
2026-05-19 00:16:25,986 [INFO] [48/121] 광장(전통)시장 (primary=KEY_4)
2026-05-19 00:16:27,004 [INFO] [49/121] 김포공항 (primary=KEY_1)
2026-05-19 00:16:28,201 [INFO] [50/121] 남대문시장 (primary=KEY_2)
2026-05-19 00:16:29,225 [INFO] [51/121] 노량진 (primary=KEY_3)
2026-05-19 00:16:30,265 [INFO] [52/121] 덕수궁길·정동길 (primary=KEY_4)
2026-05-19 00:16:31,469 [INFO] [53/121] 북창동 먹자골목 (primary=KEY_1)
2026-05-19 00:16:32,488 [INFO] [54/121] 북촌한옥마을 (primary=KEY_2)
2026-05-19 00:16:33,653 [INFO] [55/121] 서촌 (primary=KEY_3)
2026-05-19 00:16:34,806 [INFO] [56/121] 성수카페거리 (primary=KEY_4)
2026-05-19 00:16:35,991 [INFO] [57/121] 송리단길·호수단길 (primary=KEY_1)
2026-05-19 00:16:37,209 [INFO] [58/121] 신촌 스타광장 (primary=KEY_2)
2026-05-19 00:16:38,238 [INFO] [59/121] 압구정로데오거리 (primary=KEY_3)
2026-05-19 00:16:39,425 [INFO] [60/121] 여의도 (primary=KEY_4)
2026-05-19 00:16:41,133 [INFO] [61/121] 연남동 (primary=KEY_1)
2026-05-19 00:16:42,309 [INFO] [62/121] 영등포 타임스퀘어 (primary=KEY_2)
2026-05-19 00:16:43,497 [INFO] [63/121] 용리단길 (primary=KEY_3)
2026-05-19 00:16:44,549 [INFO] [64/121] 이태원 앤틱가구거리 (primary=KEY_4)
2026-05-19 00:16:45,589 [INFO] [65/121] 익선동 (primary=KEY_1)
2026-05-19 00:16:46,801 [INFO] [66/121] 인사동 (primary=KEY_2)
2026-05-19 00:16:47,973 [INFO] [67/121] 잠실롯데타워·석촌호수 (primary=KEY_3)
2026-05-19 00:16:49,176 [INFO] [68/121] 창동 신경제 중심지 (primary=KEY_4)
2026-05-19 00:16:50,548 [INFO] [69/121] 청담동 명품거리 (primary=KEY_1)
2026-05-19 00:16:51,721 [INFO] [70/121] 청량리 제기동 일대 전통시장 (primary=KEY_2)
2026-05-19 00:16:52,924 [INFO] [71/121] 해방촌·경리단길 (primary=KEY_3)
2026-05-19 00:16:53,972 [INFO] [72/121] DDP(동대문디자인플라자) (primary=KEY_4)
2026-05-19 00:16:55,176 [INFO] [73/121] DMC(디지털미디어시티) (primary=KEY_1)
2026-05-19 00:16:56,534 [INFO] [74/121] 가산디지털단지역 (primary=KEY_2)
2026-05-19 00:16:57,857 [INFO] [75/121] 강남역 (primary=KEY_3)
2026-05-19 00:16:59,220 [INFO] [76/121] 건대입구역 (primary=KEY_4)
2026-05-19 00:17:00,424 [INFO] [77/121] 고덕역 (primary=KEY_1)
2026-05-19 00:17:01,581 [INFO] [78/121] 고속터미널역 (primary=KEY_2)
2026-05-19 00:17:02,627 [INFO] [79/121] 교대역 (primary=KEY_3)
2026-05-19 00:17:03,674 [INFO] [80/121] 구로디지털단지역 (primary=KEY_4)
2026-05-19 00:17:04,851 [INFO] [81/121] 구로역 (primary=KEY_1)
2026-05-19 00:17:05,864 [INFO] [82/121] 군자역 (primary=KEY_2)
2026-05-19 00:17:07,060 [INFO] [83/121] 대림역 (primary=KEY_3)
2026-05-19 00:17:08,245 [INFO] [84/121] 동대문역 (primary=KEY_4)
2026-05-19 00:17:09,446 [INFO] [85/121] 뚝섬역 (primary=KEY_1)
2026-05-19 00:17:10,618 [INFO] [86/121] 미아사거리역 (primary=KEY_2)
2026-05-19 00:17:11,801 [INFO] [87/121] 발산역 (primary=KEY_3)
2026-05-19 00:17:13,120 [INFO] [88/121] 사당역 (primary=KEY_4)
2026-05-19 00:17:14,308 [INFO] [89/121] 삼각지역 (primary=KEY_1)
2026-05-19 00:17:15,340 [INFO] [90/121] 서울대입구역 (primary=KEY_2)
2026-05-19 00:17:16,390 [INFO] [91/121] 서울식물원·마곡나루역 (primary=KEY_3)
2026-05-19 00:17:17,570 [INFO] [92/121] 서울역 (primary=KEY_4)
2026-05-19 00:17:18,781 [INFO] [93/121] 선릉역 (primary=KEY_1)
2026-05-19 00:17:20,161 [INFO] [94/121] 성신여대입구역 (primary=KEY_2)
2026-05-19 00:17:21,202 [INFO] [95/121] 수유역 (primary=KEY_3)
2026-05-19 00:17:22,378 [INFO] [96/121] 숭례문 (primary=KEY_4)
2026-05-19 00:17:23,602 [INFO] [97/121] 시의회 앞 (primary=KEY_1)
2026-05-19 00:17:24,805 [INFO] [98/121] 신논현역·논현역 (primary=KEY_2)
2026-05-19 00:17:26,003 [INFO] [99/121] 신도림역 (primary=KEY_3)
2026-05-19 00:17:27,022 [INFO] [100/121] 신림역 (primary=KEY_4)
2026-05-19 00:17:28,060 [INFO] [101/121] 신정네거리역 (primary=KEY_1)
2026-05-19 00:17:29,092 [INFO] [102/121] 신촌·이대역 (primary=KEY_2)
2026-05-19 00:17:30,297 [INFO] [103/121] 쌍문역 (primary=KEY_3)
2026-05-19 00:17:31,334 [INFO] [104/121] 양재역 (primary=KEY_4)
2026-05-19 00:17:32,513 [INFO] [105/121] 역삼역 (primary=KEY_1)
2026-05-19 00:17:33,723 [INFO] [106/121] 연신내역 (primary=KEY_2)
2026-05-19 00:17:34,766 [INFO] [107/121] 오목교역·목동운동장 (primary=KEY_3)
2026-05-19 00:17:36,098 [INFO] [108/121] 왕십리역 (primary=KEY_4)
2026-05-19 00:17:37,291 [INFO] [109/121] 용산역 (primary=KEY_1)
2026-05-19 00:17:38,477 [INFO] [110/121] 이태원역 (primary=KEY_2)
2026-05-19 00:17:39,490 [INFO] [111/121] 잠실새내역 (primary=KEY_3)
2026-05-19 00:17:40,693 [INFO] [112/121] 잠실역 (primary=KEY_4)
2026-05-19 00:17:41,889 [INFO] [113/121] 장지역 (primary=KEY_1)
2026-05-19 00:17:43,067 [INFO] [114/121] 장한평역 (primary=KEY_2)
2026-05-19 00:17:44,257 [INFO] [115/121] 천호역 (primary=KEY_3)
2026-05-19 00:17:45,503 [INFO] [116/121] 총신대입구(이수)역 (primary=KEY_4)
2026-05-19 00:17:46,705 [INFO] [117/121] 충정로역 (primary=KEY_1)
2026-05-19 00:17:47,743 [INFO] [118/121] 합정역 (primary=KEY_2)
2026-05-19 00:17:48,919 [INFO] [119/121] 혜화역 (primary=KEY_3)
2026-05-19 00:17:49,932 [INFO] [120/121] 홍대입구역(2호선) (primary=KEY_4)
2026-05-19 00:17:51,014 [INFO] [121/121] 회기역 (primary=KEY_1)
2026-05-19 00:17:52,533 [INFO] === 수집 완료 | 성공 121, 실패 0 ===
2026-05-19 00:17:52,533 [INFO] 카테고리별 저장 결과:
2026-05-19 00:17:52,533 [INFO]    accident                  | 신규     1행 | 누적      1행 | 16컬럼
2026-05-19 00:17:52,534 [INFO]    area_meta                 | 신규   121행 | 누적    121행 | 5컬럼
2026-05-19 00:17:52,534 [INFO]    bike                      | 신규    11행 | 누적     11행 | 12컬럼
2026-05-19 00:17:52,534 [INFO]    bike_sbike_stts           | 신규   559행 | 누적    559행 | 12컬럼
2026-05-19 00:17:52,534 [INFO]    bus                       | 신규     3행 | 누적      3행 | 11컬럼
2026-05-19 00:17:52,534 [INFO]    bus_bus_stn_stts          | 신규  1745행 | 누적   1745행 | 11컬럼
2026-05-19 00:17:52,534 [INFO]    charger                   | 신규    25행 | 누적     25행 | 15컬럼
2026-05-19 00:17:52,534 [INFO]    charger_charger_stts      | 신규   324행 | 누적    324행 | 15컬럼
2026-05-19 00:17:52,534 [INFO]    cmrcl                     | 신규    82행 | 누적     82행 | 20컬럼
2026-05-19 00:17:52,534 [INFO]    events                    | 신규    13행 | 누적     13행 | 14컬럼
2026-05-19 00:17:52,534 [INFO]    events_event_stts         | 신규   173행 | 누적    173행 | 14컬럼
2026-05-19 00:17:52,534 [INFO]    news_live_yna_news        | 신규    92행 | 누적     92행 | 10컬럼
2026-05-19 00:17:52,534 [INFO]    parking                   | 신규     6행 | 누적      6행 | 21컬럼
2026-05-19 00:17:52,534 [INFO]    parking_prk_stts          | 신규  1835행 | 누적   1835행 | 21컬럼
2026-05-19 00:17:52,534 [INFO]    ppltn                     | 신규   121행 | 누적    121행 | 26컬럼
2026-05-19 00:17:52,534 [INFO]    road                      | 신규   121행 | 누적    121행 | 21컬럼
2026-05-19 00:17:52,534 [INFO]    road_road_traffic_stts    | 신규  5246행 | 누적   5246행 | 17컬럼
2026-05-19 00:17:52,534 [INFO]    subway                    | 신규    38행 | 누적     38행 | 12컬럼
2026-05-19 00:17:52,534 [INFO]    subway_sub_stts           | 신규   183행 | 누적    183행 | 13컬럼
2026-05-19 00:17:52,534 [INFO]    weather                   | 신규   119행 | 누적    119행 | 29컬럼
2026-05-19 00:17:52,534 [INFO] 키별 사용량:
2026-05-19 00:17:52,534 [INFO]    🟢 KEY_1 (31/1000) 
2026-05-19 00:17:52,534 [INFO]    🟢 KEY_2 (30/1000) 
2026-05-19 00:17:52,534 [INFO]    🟢 KEY_3 (30/1000) 
2026-05-19 00:17:52,534 [INFO]    🟢 KEY_4 (30/1000) 
2026-05-19 02:09:06,667 [INFO] 등록된 키: 4개, 합산 한도 4,000건/일
2026-05-19 02:09:06,668 [INFO] POI 로드: 매뉴얼 v8.5 기준 fallback 121개 (121개 전체)
2026-05-19 02:09:06,668 [INFO] === 수집 시작 2026-05-19T02:09:06.668494+09:00 ===
2026-05-19 02:09:06,668 [INFO] 대상 장소: 121개 | API: citydata (통합)
2026-05-19 02:09:06,668 [INFO] 키 풀: 4/4 활성 | 오늘 사용 0/4000건
2026-05-19 02:09:06,668 [INFO]   [KEY_1] 담당 31장소
2026-05-19 02:09:06,668 [INFO]   [KEY_2] 담당 30장소
2026-05-19 02:09:06,668 [INFO]   [KEY_3] 담당 30장소
2026-05-19 02:09:06,668 [INFO]   [KEY_4] 담당 30장소
2026-05-19 02:09:06,668 [INFO] [1/121] 경복궁 (primary=KEY_1)
2026-05-19 02:09:08,485 [INFO] [2/121] 광화문·덕수궁 (primary=KEY_2)
2026-05-19 02:09:10,904 [INFO] [3/121] 보신각 (primary=KEY_3)
2026-05-19 02:09:12,479 [INFO] [4/121] 서울 암사동 유적 (primary=KEY_4)
2026-05-19 02:09:14,235 [INFO] [5/121] 창덕궁·종묘 (primary=KEY_1)
2026-05-19 02:09:16,255 [INFO] [6/121] 강남 MICE 관광특구 (primary=KEY_2)
2026-05-19 02:09:17,825 [INFO] [7/121] 동대문 관광특구 (primary=KEY_3)
2026-05-19 02:09:20,025 [INFO] [8/121] 명동 관광특구 (primary=KEY_4)
2026-05-19 02:09:21,861 [INFO] [9/121] 이태원 관광특구 (primary=KEY_1)
2026-05-19 02:09:23,267 [INFO] [10/121] 잠실 관광특구 (primary=KEY_2)
2026-05-19 02:09:25,684 [INFO] [11/121] 종로·청계 관광특구 (primary=KEY_3)
2026-05-19 02:09:27,292 [INFO] [12/121] 홍대 관광특구 (primary=KEY_4)
2026-05-19 02:09:29,871 [INFO] [13/121] 강서한강공원 (primary=KEY_1)
2026-05-19 02:09:31,021 [INFO] [14/121] 고척돔 (primary=KEY_2)
2026-05-19 02:09:32,374 [INFO] [15/121] 광나루한강공원 (primary=KEY_3)
2026-05-19 02:09:34,318 [INFO] [16/121] 광화문광장 (primary=KEY_4)
2026-05-19 02:09:36,381 [INFO] [17/121] 국립중앙박물관·용산가족공원 (primary=KEY_1)
2026-05-19 02:09:37,575 [INFO] [18/121] 난지한강공원 (primary=KEY_2)
2026-05-19 02:09:39,732 [INFO] [19/121] 남산공원 (primary=KEY_3)
2026-05-19 02:09:42,141 [INFO] [20/121] 노들섬 (primary=KEY_4)
2026-05-19 02:09:43,898 [INFO] [21/121] 뚝섬한강공원 (primary=KEY_1)
2026-05-19 02:09:45,045 [INFO] [22/121] 망원한강공원 (primary=KEY_2)
2026-05-19 02:09:47,005 [INFO] [23/121] 반포한강공원 (primary=KEY_3)
2026-05-19 02:09:48,175 [INFO] [24/121] 보라매공원 (primary=KEY_4)
2026-05-19 02:09:49,355 [INFO] [25/121] 북서울꿈의숲 (primary=KEY_1)
2026-05-19 02:09:50,704 [INFO] [26/121] 서대문독립공원 (primary=KEY_2)
2026-05-19 02:09:51,899 [INFO] [27/121] 서리풀공원·몽마르뜨공원 (primary=KEY_3)
2026-05-19 02:09:53,094 [INFO] [28/121] 서울대공원 (primary=KEY_4)
2026-05-19 02:09:55,044 [INFO] [29/121] 서울숲공원 (primary=KEY_1)
2026-05-19 02:09:56,396 [INFO] [30/121] 송현녹지광장 (primary=KEY_2)
2026-05-19 02:09:57,758 [INFO] [31/121] 아차산 (primary=KEY_3)
2026-05-19 02:09:58,908 [INFO] [32/121] 안양천 (primary=KEY_4)
2026-05-19 02:10:00,067 [INFO] [33/121] 양화한강공원 (primary=KEY_1)
2026-05-19 02:10:01,228 [INFO] [34/121] 어린이대공원 (primary=KEY_2)
2026-05-19 02:10:02,593 [INFO] [35/121] 여의도한강공원 (primary=KEY_3)
2026-05-19 02:10:03,946 [INFO] [36/121] 여의서로 (primary=KEY_4)
2026-05-19 02:10:06,083 [INFO] [37/121] 올림픽공원 (primary=KEY_1)
2026-05-19 02:10:07,471 [INFO] [38/121] 월드컵공원 (primary=KEY_2)
2026-05-19 02:10:10,206 [INFO] [39/121] 응봉산 (primary=KEY_3)
2026-05-19 02:10:11,556 [INFO] [40/121] 이촌한강공원 (primary=KEY_4)
2026-05-19 02:10:12,686 [INFO] [41/121] 잠실종합운동장 (primary=KEY_1)
2026-05-19 02:10:13,833 [INFO] [42/121] 잠실한강공원 (primary=KEY_2)
2026-05-19 02:10:14,986 [INFO] [43/121] 잠원한강공원 (primary=KEY_3)
2026-05-19 02:10:16,116 [INFO] [44/121] 청계산 (primary=KEY_4)
2026-05-19 02:10:17,254 [INFO] [45/121] 홍제폭포 (primary=KEY_1)
2026-05-19 02:10:19,186 [INFO] [46/121] 가락시장 (primary=KEY_2)
2026-05-19 02:10:21,342 [INFO] [47/121] 가로수길 (primary=KEY_3)
2026-05-19 02:10:23,339 [INFO] [48/121] 광장(전통)시장 (primary=KEY_4)
2026-05-19 02:10:24,505 [INFO] [49/121] 김포공항 (primary=KEY_1)
2026-05-19 02:10:25,920 [INFO] [50/121] 남대문시장 (primary=KEY_2)
2026-05-19 02:10:27,279 [INFO] [51/121] 노량진 (primary=KEY_3)
2026-05-19 02:10:28,667 [INFO] [52/121] 덕수궁길·정동길 (primary=KEY_4)
2026-05-19 02:10:30,055 [INFO] [53/121] 북창동 먹자골목 (primary=KEY_1)
2026-05-19 02:10:31,402 [INFO] [54/121] 북촌한옥마을 (primary=KEY_2)
2026-05-19 02:10:32,970 [INFO] [55/121] 서촌 (primary=KEY_3)
2026-05-19 02:10:34,324 [INFO] [56/121] 성수카페거리 (primary=KEY_4)
2026-05-19 02:10:35,881 [INFO] [57/121] 송리단길·호수단길 (primary=KEY_1)
2026-05-19 02:10:37,843 [INFO] [58/121] 신촌 스타광장 (primary=KEY_2)
2026-05-19 02:10:39,018 [INFO] [59/121] 압구정로데오거리 (primary=KEY_3)
2026-05-19 02:10:40,987 [INFO] [60/121] 여의도 (primary=KEY_4)
2026-05-19 02:10:44,023 [INFO] [61/121] 연남동 (primary=KEY_1)
2026-05-19 02:10:45,375 [INFO] [62/121] 영등포 타임스퀘어 (primary=KEY_2)
2026-05-19 02:10:46,742 [INFO] [63/121] 용리단길 (primary=KEY_3)
2026-05-19 02:10:47,939 [INFO] [64/121] 이태원 앤틱가구거리 (primary=KEY_4)
2026-05-19 02:10:49,095 [INFO] [65/121] 익선동 (primary=KEY_1)
2026-05-19 02:10:51,072 [INFO] [66/121] 인사동 (primary=KEY_2)
2026-05-19 02:10:52,443 [INFO] [67/121] 잠실롯데타워·석촌호수 (primary=KEY_3)
2026-05-19 02:10:54,215 [INFO] [68/121] 창동 신경제 중심지 (primary=KEY_4)
2026-05-19 02:10:56,030 [INFO] [69/121] 청담동 명품거리 (primary=KEY_1)
2026-05-19 02:10:57,426 [INFO] [70/121] 청량리 제기동 일대 전통시장 (primary=KEY_2)
2026-05-19 02:10:58,797 [INFO] [71/121] 해방촌·경리단길 (primary=KEY_3)
2026-05-19 02:10:59,956 [INFO] [72/121] DDP(동대문디자인플라자) (primary=KEY_4)
2026-05-19 02:11:01,352 [INFO] [73/121] DMC(디지털미디어시티) (primary=KEY_1)
2026-05-19 02:11:03,170 [INFO] [74/121] 가산디지털단지역 (primary=KEY_2)
2026-05-19 02:11:05,136 [INFO] [75/121] 강남역 (primary=KEY_3)
2026-05-19 02:11:06,741 [INFO] [76/121] 건대입구역 (primary=KEY_4)
2026-05-19 02:11:08,117 [INFO] [77/121] 고덕역 (primary=KEY_1)
2026-05-19 02:11:09,480 [INFO] [78/121] 고속터미널역 (primary=KEY_2)
2026-05-19 02:11:10,843 [INFO] [79/121] 교대역 (primary=KEY_3)
2026-05-19 02:11:12,009 [INFO] [80/121] 구로디지털단지역 (primary=KEY_4)
2026-05-19 02:11:13,580 [INFO] [81/121] 구로역 (primary=KEY_1)
2026-05-19 02:11:14,929 [INFO] [82/121] 군자역 (primary=KEY_2)
2026-05-19 02:11:16,300 [INFO] [83/121] 대림역 (primary=KEY_3)
2026-05-19 02:11:17,668 [INFO] [84/121] 동대문역 (primary=KEY_4)
2026-05-19 02:11:19,811 [INFO] [85/121] 뚝섬역 (primary=KEY_1)
2026-05-19 02:11:21,165 [INFO] [86/121] 미아사거리역 (primary=KEY_2)
2026-05-19 02:11:22,536 [INFO] [87/121] 발산역 (primary=KEY_3)
2026-05-19 02:11:24,122 [INFO] [88/121] 사당역 (primary=KEY_4)
2026-05-19 02:11:25,512 [INFO] [89/121] 삼각지역 (primary=KEY_1)
2026-05-19 02:11:26,673 [INFO] [90/121] 서울대입구역 (primary=KEY_2)
2026-05-19 02:11:28,020 [INFO] [91/121] 서울식물원·마곡나루역 (primary=KEY_3)
2026-05-19 02:11:29,571 [INFO] [92/121] 서울역 (primary=KEY_4)
2026-05-19 02:11:30,990 [INFO] [93/121] 선릉역 (primary=KEY_1)
2026-05-19 02:11:32,756 [INFO] [94/121] 성신여대입구역 (primary=KEY_2)
2026-05-19 02:11:33,927 [INFO] [95/121] 수유역 (primary=KEY_3)
2026-05-19 02:11:35,287 [INFO] [96/121] 숭례문 (primary=KEY_4)
2026-05-19 02:11:36,666 [INFO] [97/121] 시의회 앞 (primary=KEY_1)
2026-05-19 02:11:38,044 [INFO] [98/121] 신논현역·논현역 (primary=KEY_2)
2026-05-19 02:11:39,432 [INFO] [99/121] 신도림역 (primary=KEY_3)
2026-05-19 02:11:40,593 [INFO] [100/121] 신림역 (primary=KEY_4)
2026-05-19 02:11:41,767 [INFO] [101/121] 신정네거리역 (primary=KEY_1)
2026-05-19 02:11:43,154 [INFO] [102/121] 신촌·이대역 (primary=KEY_2)
2026-05-19 02:11:44,533 [INFO] [103/121] 쌍문역 (primary=KEY_3)
2026-05-19 02:11:45,894 [INFO] [104/121] 양재역 (primary=KEY_4)
2026-05-19 02:11:47,266 [INFO] [105/121] 역삼역 (primary=KEY_1)
2026-05-19 02:11:48,816 [INFO] [106/121] 연신내역 (primary=KEY_2)
2026-05-19 02:11:50,686 [INFO] [107/121] 오목교역·목동운동장 (primary=KEY_3)
2026-05-19 02:11:52,666 [INFO] [108/121] 왕십리역 (primary=KEY_4)
2026-05-19 02:11:54,058 [INFO] [109/121] 용산역 (primary=KEY_1)
2026-05-19 02:11:55,625 [INFO] [110/121] 이태원역 (primary=KEY_2)
2026-05-19 02:11:56,847 [INFO] [111/121] 잠실새내역 (primary=KEY_3)
2026-05-19 02:11:58,220 [INFO] [112/121] 잠실역 (primary=KEY_4)
2026-05-19 02:11:59,802 [INFO] [113/121] 장지역 (primary=KEY_1)
2026-05-19 02:12:01,364 [INFO] [114/121] 장한평역 (primary=KEY_2)
2026-05-19 02:12:02,717 [INFO] [115/121] 천호역 (primary=KEY_3)
2026-05-19 02:12:04,081 [INFO] [116/121] 총신대입구(이수)역 (primary=KEY_4)
2026-05-19 02:12:05,465 [INFO] [117/121] 충정로역 (primary=KEY_1)
2026-05-19 02:12:06,860 [INFO] [118/121] 합정역 (primary=KEY_2)
2026-05-19 02:12:08,233 [INFO] [119/121] 혜화역 (primary=KEY_3)
2026-05-19 02:12:09,602 [INFO] [120/121] 홍대입구역(2호선) (primary=KEY_4)
2026-05-19 02:12:10,985 [INFO] [121/121] 회기역 (primary=KEY_1)
2026-05-19 02:12:12,990 [INFO] === 수집 완료 | 성공 121, 실패 0 ===
2026-05-19 02:12:12,990 [INFO] 카테고리별 저장 결과:
2026-05-19 02:12:12,990 [INFO]    accident                  | 신규     1행 | 누적      2행 | 16컬럼
2026-05-19 02:12:12,990 [INFO]    area_meta                 | 신규   121행 | 누적    242행 | 5컬럼
2026-05-19 02:12:12,991 [INFO]    bike                      | 신규    11행 | 누적     22행 | 12컬럼
2026-05-19 02:12:12,991 [INFO]    bike_sbike_stts           | 신규   559행 | 누적   1118행 | 12컬럼
2026-05-19 02:12:12,991 [INFO]    bus                       | 신규     3행 | 누적      6행 | 11컬럼
2026-05-19 02:12:12,991 [INFO]    bus_bus_stn_stts          | 신규  1745행 | 누적   3490행 | 11컬럼
2026-05-19 02:12:12,991 [INFO]    charger                   | 신규     4행 | 누적     29행 | 15컬럼
2026-05-19 02:12:12,991 [INFO]    charger_charger_stts      | 신규  1882행 | 누적   2189행 | 15컬럼
2026-05-19 02:12:12,991 [INFO]    cmrcl                     | 신규    82행 | 누적    164행 | 20컬럼
2026-05-19 02:12:12,991 [INFO]    events                    | 신규    13행 | 누적     26행 | 14컬럼
2026-05-19 02:12:12,991 [INFO]    events_event_stts         | 신규   173행 | 누적    346행 | 14컬럼
2026-05-19 02:12:12,991 [INFO]    parking                   | 신규     6행 | 누적     12행 | 21컬럼
2026-05-19 02:12:12,991 [INFO]    parking_prk_stts          | 신규  1835행 | 누적   3670행 | 21컬럼
2026-05-19 02:12:12,991 [INFO]    ppltn                     | 신규   121행 | 누적    242행 | 26컬럼
2026-05-19 02:12:12,991 [INFO]    road                      | 신규   121행 | 누적    242행 | 21컬럼
2026-05-19 02:12:12,991 [INFO]    road_road_traffic_stts    | 신규  5246행 | 누적  10492행 | 17컬럼
2026-05-19 02:12:12,991 [INFO]    subway                    | 신규    38행 | 누적     76행 | 12컬럼
2026-05-19 02:12:12,991 [INFO]    subway_sub_stts           | 신규   183행 | 누적    366행 | 13컬럼
2026-05-19 02:12:12,991 [INFO]    weather                   | 신규   119행 | 누적    238행 | 29컬럼
2026-05-19 02:12:12,991 [INFO] 키별 사용량:
2026-05-19 02:12:12,991 [INFO]    🟢 KEY_1 (31/1000) 
2026-05-19 02:12:12,991 [INFO]    🟢 KEY_2 (30/1000) 
2026-05-19 02:12:12,991 [INFO]    🟢 KEY_3 (30/1000) 
2026-05-19 02:12:12,991 [INFO]    🟢 KEY_4 (30/1000) 
2026-05-19 03:49:00,871 [INFO] 등록된 키: 4개, 합산 한도 4,000건/일
2026-05-19 03:49:00,872 [INFO] POI 로드: 매뉴얼 v8.5 기준 fallback 121개 (121개 전체)
2026-05-19 03:49:00,872 [INFO] === 수집 시작 2026-05-19T03:49:00.872580+09:00 ===
2026-05-19 03:49:00,872 [INFO] 대상 장소: 121개 | API: citydata (통합)
2026-05-19 03:49:00,872 [INFO] 키 풀: 4/4 활성 | 오늘 사용 0/4000건
2026-05-19 03:49:00,872 [INFO]   [KEY_1] 담당 31장소
2026-05-19 03:49:00,872 [INFO]   [KEY_2] 담당 30장소
2026-05-19 03:49:00,872 [INFO]   [KEY_3] 담당 30장소
2026-05-19 03:49:00,872 [INFO]   [KEY_4] 담당 30장소
2026-05-19 03:49:00,873 [INFO] [1/121] 경복궁 (primary=KEY_1)
2026-05-19 03:49:03,181 [INFO] [2/121] 광화문·덕수궁 (primary=KEY_2)
2026-05-19 03:49:05,625 [INFO] [3/121] 보신각 (primary=KEY_3)
2026-05-19 03:49:08,148 [INFO] [4/121] 서울 암사동 유적 (primary=KEY_4)
2026-05-19 03:49:09,866 [INFO] [5/121] 창덕궁·종묘 (primary=KEY_1)
2026-05-19 03:49:11,196 [INFO] [6/121] 강남 MICE 관광특구 (primary=KEY_2)
2026-05-19 03:49:13,697 [INFO] [7/121] 동대문 관광특구 (primary=KEY_3)
2026-05-19 03:49:16,088 [INFO] [8/121] 명동 관광특구 (primary=KEY_4)
2026-05-19 03:49:17,948 [INFO] [9/121] 이태원 관광특구 (primary=KEY_1)
2026-05-19 03:49:19,343 [INFO] [10/121] 잠실 관광특구 (primary=KEY_2)
2026-05-19 03:49:21,168 [INFO] [11/121] 종로·청계 관광특구 (primary=KEY_3)
2026-05-19 03:49:23,590 [INFO] [12/121] 홍대 관광특구 (primary=KEY_4)
2026-05-19 03:49:25,774 [INFO] [13/121] 강서한강공원 (primary=KEY_1)
2026-05-19 03:49:26,921 [INFO] [14/121] 고척돔 (primary=KEY_2)
2026-05-19 03:49:28,656 [INFO] [15/121] 광나루한강공원 (primary=KEY_3)
2026-05-19 03:49:30,960 [INFO] [16/121] 광화문광장 (primary=KEY_4)
2026-05-19 03:49:33,286 [INFO] [17/121] 국립중앙박물관·용산가족공원 (primary=KEY_1)
2026-05-19 03:49:34,650 [INFO] [18/121] 난지한강공원 (primary=KEY_2)
2026-05-19 03:49:36,365 [INFO] [19/121] 남산공원 (primary=KEY_3)
2026-05-19 03:49:37,945 [INFO] [20/121] 노들섬 (primary=KEY_4)
2026-05-19 03:49:39,561 [INFO] [21/121] 뚝섬한강공원 (primary=KEY_1)
2026-05-19 03:49:40,713 [INFO] [22/121] 망원한강공원 (primary=KEY_2)
2026-05-19 03:49:42,080 [INFO] [23/121] 반포한강공원 (primary=KEY_3)
2026-05-19 03:49:43,273 [INFO] [24/121] 보라매공원 (primary=KEY_4)
2026-05-19 03:49:44,429 [INFO] [25/121] 북서울꿈의숲 (primary=KEY_1)
2026-05-19 03:49:45,772 [INFO] [26/121] 서대문독립공원 (primary=KEY_2)
2026-05-19 03:49:46,933 [INFO] [27/121] 서리풀공원·몽마르뜨공원 (primary=KEY_3)
2026-05-19 03:49:48,139 [INFO] [28/121] 서울대공원 (primary=KEY_4)
2026-05-19 03:49:50,240 [INFO] [29/121] 서울숲공원 (primary=KEY_1)
2026-05-19 03:49:51,608 [INFO] [30/121] 송현녹지광장 (primary=KEY_2)
2026-05-19 03:49:52,951 [INFO] [31/121] 아차산 (primary=KEY_3)
2026-05-19 03:49:54,882 [INFO] [32/121] 안양천 (primary=KEY_4)
2026-05-19 03:49:56,038 [INFO] [33/121] 양화한강공원 (primary=KEY_1)
2026-05-19 03:49:57,957 [INFO] [34/121] 어린이대공원 (primary=KEY_2)
2026-05-19 03:49:59,333 [INFO] [35/121] 여의도한강공원 (primary=KEY_3)
2026-05-19 03:50:00,691 [INFO] [36/121] 여의서로 (primary=KEY_4)
2026-05-19 03:50:02,664 [INFO] [37/121] 올림픽공원 (primary=KEY_1)
2026-05-19 03:50:04,038 [INFO] [38/121] 월드컵공원 (primary=KEY_2)
2026-05-19 03:50:05,583 [INFO] [39/121] 응봉산 (primary=KEY_3)
2026-05-19 03:50:06,925 [INFO] [40/121] 이촌한강공원 (primary=KEY_4)
2026-05-19 03:50:08,077 [INFO] [41/121] 잠실종합운동장 (primary=KEY_1)
2026-05-19 03:50:09,992 [INFO] [42/121] 잠실한강공원 (primary=KEY_2)
2026-05-19 03:50:11,141 [INFO] [43/121] 잠원한강공원 (primary=KEY_3)
2026-05-19 03:50:12,278 [INFO] [44/121] 청계산 (primary=KEY_4)
2026-05-19 03:50:13,417 [INFO] [45/121] 홍제폭포 (primary=KEY_1)
2026-05-19 03:50:14,549 [INFO] [46/121] 가락시장 (primary=KEY_2)
2026-05-19 03:50:15,904 [INFO] [47/121] 가로수길 (primary=KEY_3)
2026-05-19 03:50:17,263 [INFO] [48/121] 광장(전통)시장 (primary=KEY_4)
2026-05-19 03:50:19,590 [INFO] [49/121] 김포공항 (primary=KEY_1)
2026-05-19 03:50:20,964 [INFO] [50/121] 남대문시장 (primary=KEY_2)
2026-05-19 03:50:22,307 [INFO] [51/121] 노량진 (primary=KEY_3)
2026-05-19 03:50:24,447 [INFO] [52/121] 덕수궁길·정동길 (primary=KEY_4)
2026-05-19 03:50:25,825 [INFO] [53/121] 북창동 먹자골목 (primary=KEY_1)
2026-05-19 03:50:27,153 [INFO] [54/121] 북촌한옥마을 (primary=KEY_2)
2026-05-19 03:50:28,695 [INFO] [55/121] 서촌 (primary=KEY_3)
2026-05-19 03:50:30,038 [INFO] [56/121] 성수카페거리 (primary=KEY_4)
2026-05-19 03:50:31,589 [INFO] [57/121] 송리단길·호수단길 (primary=KEY_1)
2026-05-19 03:50:33,748 [INFO] [58/121] 신촌 스타광장 (primary=KEY_2)
2026-05-19 03:50:35,501 [INFO] [59/121] 압구정로데오거리 (primary=KEY_3)
2026-05-19 03:50:36,873 [INFO] [60/121] 여의도 (primary=KEY_4)
2026-05-19 03:50:39,079 [INFO] [61/121] 연남동 (primary=KEY_1)
2026-05-19 03:50:40,423 [INFO] [62/121] 영등포 타임스퀘어 (primary=KEY_2)
2026-05-19 03:50:41,779 [INFO] [63/121] 용리단길 (primary=KEY_3)
2026-05-19 03:50:42,982 [INFO] [64/121] 이태원 앤틱가구거리 (primary=KEY_4)
2026-05-19 03:50:44,154 [INFO] [65/121] 익선동 (primary=KEY_1)
2026-05-19 03:50:46,679 [INFO] [66/121] 인사동 (primary=KEY_2)
2026-05-19 03:50:48,069 [INFO] [67/121] 잠실롯데타워·석촌호수 (primary=KEY_3)
2026-05-19 03:50:49,834 [INFO] [68/121] 창동 신경제 중심지 (primary=KEY_4)
2026-05-19 03:50:51,634 [INFO] [69/121] 청담동 명품거리 (primary=KEY_1)
2026-05-19 03:50:53,046 [INFO] [70/121] 청량리 제기동 일대 전통시장 (primary=KEY_2)
2026-05-19 03:50:54,406 [INFO] [71/121] 해방촌·경리단길 (primary=KEY_3)
2026-05-19 03:50:56,148 [INFO] [72/121] DDP(동대문디자인플라자) (primary=KEY_4)
2026-05-19 03:50:58,307 [INFO] [73/121] DMC(디지털미디어시티) (primary=KEY_1)
2026-05-19 03:51:00,122 [INFO] [74/121] 가산디지털단지역 (primary=KEY_2)
2026-05-19 03:51:02,105 [INFO] [75/121] 강남역 (primary=KEY_3)
2026-05-19 03:51:03,697 [INFO] [76/121] 건대입구역 (primary=KEY_4)
2026-05-19 03:51:05,063 [INFO] [77/121] 고덕역 (primary=KEY_1)
2026-05-19 03:51:06,414 [INFO] [78/121] 고속터미널역 (primary=KEY_2)
2026-05-19 03:51:07,776 [INFO] [79/121] 교대역 (primary=KEY_3)
2026-05-19 03:51:08,959 [INFO] [80/121] 구로디지털단지역 (primary=KEY_4)
2026-05-19 03:51:10,517 [INFO] [81/121] 구로역 (primary=KEY_1)
2026-05-19 03:51:11,851 [INFO] [82/121] 군자역 (primary=KEY_2)
2026-05-19 03:51:13,014 [INFO] [83/121] 대림역 (primary=KEY_3)
2026-05-19 03:51:14,357 [INFO] [84/121] 동대문역 (primary=KEY_4)
2026-05-19 03:51:15,723 [INFO] [85/121] 뚝섬역 (primary=KEY_1)
2026-05-19 03:51:17,076 [INFO] [86/121] 미아사거리역 (primary=KEY_2)
2026-05-19 03:51:18,421 [INFO] [87/121] 발산역 (primary=KEY_3)
2026-05-19 03:51:19,988 [INFO] [88/121] 사당역 (primary=KEY_4)
2026-05-19 03:51:21,362 [INFO] [89/121] 삼각지역 (primary=KEY_1)
2026-05-19 03:51:22,519 [INFO] [90/121] 서울대입구역 (primary=KEY_2)
2026-05-19 03:51:23,883 [INFO] [91/121] 서울식물원·마곡나루역 (primary=KEY_3)
2026-05-19 03:51:25,442 [INFO] [92/121] 서울역 (primary=KEY_4)
2026-05-19 03:51:26,835 [INFO] [93/121] 선릉역 (primary=KEY_1)
2026-05-19 03:51:28,613 [INFO] [94/121] 성신여대입구역 (primary=KEY_2)
2026-05-19 03:51:29,779 [INFO] [95/121] 수유역 (primary=KEY_3)
2026-05-19 03:51:31,138 [INFO] [96/121] 숭례문 (primary=KEY_4)
2026-05-19 03:51:32,503 [INFO] [97/121] 시의회 앞 (primary=KEY_1)
2026-05-19 03:51:33,882 [INFO] [98/121] 신논현역·논현역 (primary=KEY_2)
2026-05-19 03:51:35,265 [INFO] [99/121] 신도림역 (primary=KEY_3)
2026-05-19 03:51:36,438 [INFO] [100/121] 신림역 (primary=KEY_4)
2026-05-19 03:51:37,630 [INFO] [101/121] 신정네거리역 (primary=KEY_1)
2026-05-19 03:51:39,002 [INFO] [102/121] 신촌·이대역 (primary=KEY_2)
2026-05-19 03:51:40,376 [INFO] [103/121] 쌍문역 (primary=KEY_3)
2026-05-19 03:51:41,735 [INFO] [104/121] 양재역 (primary=KEY_4)
2026-05-19 03:51:43,113 [INFO] [105/121] 역삼역 (primary=KEY_1)
2026-05-19 03:51:44,670 [INFO] [106/121] 연신내역 (primary=KEY_2)
2026-05-19 03:51:45,866 [INFO] [107/121] 오목교역·목동운동장 (primary=KEY_3)
2026-05-19 03:51:47,843 [INFO] [108/121] 왕십리역 (primary=KEY_4)
2026-05-19 03:51:49,263 [INFO] [109/121] 용산역 (primary=KEY_1)
2026-05-19 03:51:50,819 [INFO] [110/121] 이태원역 (primary=KEY_2)
2026-05-19 03:51:51,995 [INFO] [111/121] 잠실새내역 (primary=KEY_3)
2026-05-19 03:51:53,430 [INFO] [112/121] 잠실역 (primary=KEY_4)
2026-05-19 03:51:55,032 [INFO] [113/121] 장지역 (primary=KEY_1)
2026-05-19 03:51:56,613 [INFO] [114/121] 장한평역 (primary=KEY_2)
2026-05-19 03:51:57,979 [INFO] [115/121] 천호역 (primary=KEY_3)
2026-05-19 03:51:59,339 [INFO] [116/121] 총신대입구(이수)역 (primary=KEY_4)
2026-05-19 03:52:00,714 [INFO] [117/121] 충정로역 (primary=KEY_1)
2026-05-19 03:52:02,074 [INFO] [118/121] 합정역 (primary=KEY_2)
2026-05-19 03:52:03,457 [INFO] [119/121] 혜화역 (primary=KEY_3)
2026-05-19 03:52:04,791 [INFO] [120/121] 홍대입구역(2호선) (primary=KEY_4)
2026-05-19 03:52:06,151 [INFO] [121/121] 회기역 (primary=KEY_1)
2026-05-19 03:52:08,257 [INFO] === 수집 완료 | 성공 121, 실패 0 ===
2026-05-19 03:52:08,257 [INFO] 카테고리별 저장 결과:
2026-05-19 03:52:08,257 [INFO]    area_meta                 | 신규   121행 | 누적    363행 | 5컬럼
2026-05-19 03:52:08,257 [INFO]    bike                      | 신규    11행 | 누적     33행 | 12컬럼
2026-05-19 03:52:08,257 [INFO]    bike_sbike_stts           | 신규   559행 | 누적   1677행 | 12컬럼
2026-05-19 03:52:08,257 [INFO]    bus                       | 신규     3행 | 누적      9행 | 11컬럼
2026-05-19 03:52:08,257 [INFO]    bus_bus_stn_stts          | 신규  1745행 | 누적   5235행 | 11컬럼
2026-05-19 03:52:08,257 [INFO]    charger                   | 신규     4행 | 누적     33행 | 15컬럼
2026-05-19 03:52:08,257 [INFO]    charger_charger_stts      | 신규  1882행 | 누적   4056행 | 15컬럼
2026-05-19 03:52:08,257 [INFO]    cmrcl                     | 신규    82행 | 누적    246행 | 20컬럼
2026-05-19 03:52:08,257 [INFO]    events                    | 신규    13행 | 누적     39행 | 14컬럼
2026-05-19 03:52:08,258 [INFO]    events_event_stts         | 신규   173행 | 누적    519행 | 14컬럼
2026-05-19 03:52:08,258 [INFO]    parking                   | 신규     6행 | 누적     18행 | 21컬럼
2026-05-19 03:52:08,258 [INFO]    parking_prk_stts          | 신규  1835행 | 누적   5505행 | 21컬럼
2026-05-19 03:52:08,258 [INFO]    ppltn                     | 신규   121행 | 누적    363행 | 26컬럼
2026-05-19 03:52:08,258 [INFO]    road                      | 신규   121행 | 누적    363행 | 21컬럼
2026-05-19 03:52:08,258 [INFO]    road_road_traffic_stts    | 신규  5246행 | 누적  15738행 | 17컬럼
2026-05-19 03:52:08,258 [INFO]    subway                    | 신규    38행 | 누적    114행 | 12컬럼
2026-05-19 03:52:08,258 [INFO]    subway_sub_stts           | 신규   183행 | 누적    549행 | 13컬럼
2026-05-19 03:52:08,258 [INFO]    weather                   | 신규   119행 | 누적    357행 | 29컬럼
2026-05-19 03:52:08,258 [INFO] 키별 사용량:
2026-05-19 03:52:08,258 [INFO]    🟢 KEY_1 (31/1000) 
2026-05-19 03:52:08,258 [INFO]    🟢 KEY_2 (30/1000) 
2026-05-19 03:52:08,258 [INFO]    🟢 KEY_3 (30/1000) 
2026-05-19 03:52:08,258 [INFO]    🟢 KEY_4 (30/1000) 
2026-05-19 04:41:26,532 [INFO] 등록된 키: 4개, 합산 한도 4,000건/일
2026-05-19 04:41:26,533 [INFO] POI 로드: 매뉴얼 v8.5 기준 fallback 121개 (121개 전체)
2026-05-19 04:41:26,533 [INFO] === 수집 시작 2026-05-19T04:41:26.533588+09:00 ===
2026-05-19 04:41:26,533 [INFO] 대상 장소: 121개 | API: citydata (통합)
2026-05-19 04:41:26,533 [INFO] 키 풀: 4/4 활성 | 오늘 사용 0/4000건
2026-05-19 04:41:26,533 [INFO]   [KEY_1] 담당 31장소
2026-05-19 04:41:26,533 [INFO]   [KEY_2] 담당 30장소
2026-05-19 04:41:26,533 [INFO]   [KEY_3] 담당 30장소
2026-05-19 04:41:26,533 [INFO]   [KEY_4] 담당 30장소
2026-05-19 04:41:26,534 [INFO] [1/121] 경복궁 (primary=KEY_1)
2026-05-19 04:41:28,115 [INFO] [2/121] 광화문·덕수궁 (primary=KEY_2)
2026-05-19 04:41:29,686 [INFO] [3/121] 보신각 (primary=KEY_3)
2026-05-19 04:41:31,385 [INFO] [4/121] 서울 암사동 유적 (primary=KEY_4)
2026-05-19 04:41:32,352 [INFO] [5/121] 창덕궁·종묘 (primary=KEY_1)
2026-05-19 04:41:34,030 [INFO] [6/121] 강남 MICE 관광특구 (primary=KEY_2)
2026-05-19 04:41:35,309 [INFO] [7/121] 동대문 관광특구 (primary=KEY_3)
2026-05-19 04:41:36,647 [INFO] [8/121] 명동 관광특구 (primary=KEY_4)
2026-05-19 04:41:38,277 [INFO] [9/121] 이태원 관광특구 (primary=KEY_1)
2026-05-19 04:41:39,428 [INFO] [10/121] 잠실 관광특구 (primary=KEY_2)
2026-05-19 04:41:40,962 [INFO] [11/121] 종로·청계 관광특구 (primary=KEY_3)
2026-05-19 04:41:42,913 [INFO] [12/121] 홍대 관광특구 (primary=KEY_4)
2026-05-19 04:41:45,349 [INFO] [13/121] 강서한강공원 (primary=KEY_1)
2026-05-19 04:41:46,321 [INFO] [14/121] 고척돔 (primary=KEY_2)
2026-05-19 04:41:47,861 [INFO] [15/121] 광나루한강공원 (primary=KEY_3)
2026-05-19 04:41:48,960 [INFO] [16/121] 광화문광장 (primary=KEY_4)
2026-05-19 04:41:50,100 [INFO] [17/121] 국립중앙박물관·용산가족공원 (primary=KEY_1)
2026-05-19 04:41:51,082 [INFO] [18/121] 난지한강공원 (primary=KEY_2)
2026-05-19 04:41:52,054 [INFO] [19/121] 남산공원 (primary=KEY_3)
2026-05-19 04:41:53,340 [INFO] [20/121] 노들섬 (primary=KEY_4)
2026-05-19 04:41:54,307 [INFO] [21/121] 뚝섬한강공원 (primary=KEY_1)
2026-05-19 04:41:55,302 [INFO] [22/121] 망원한강공원 (primary=KEY_2)
2026-05-19 04:41:56,421 [INFO] [23/121] 반포한강공원 (primary=KEY_3)
2026-05-19 04:41:57,428 [INFO] [24/121] 보라매공원 (primary=KEY_4)
2026-05-19 04:41:58,423 [INFO] [25/121] 북서울꿈의숲 (primary=KEY_1)
2026-05-19 04:41:59,957 [INFO] [26/121] 서대문독립공원 (primary=KEY_2)
2026-05-19 04:42:00,951 [INFO] [27/121] 서리풀공원·몽마르뜨공원 (primary=KEY_3)
2026-05-19 04:42:01,957 [INFO] [28/121] 서울대공원 (primary=KEY_4)
2026-05-19 04:42:02,919 [INFO] [29/121] 서울숲공원 (primary=KEY_1)
2026-05-19 04:42:04,036 [INFO] [30/121] 송현녹지광장 (primary=KEY_2)
2026-05-19 04:42:05,165 [INFO] [31/121] 아차산 (primary=KEY_3)
2026-05-19 04:42:06,140 [INFO] [32/121] 안양천 (primary=KEY_4)
2026-05-19 04:42:07,107 [INFO] [33/121] 양화한강공원 (primary=KEY_1)
2026-05-19 04:42:08,079 [INFO] [34/121] 어린이대공원 (primary=KEY_2)
2026-05-19 04:42:09,200 [INFO] [35/121] 여의도한강공원 (primary=KEY_3)
2026-05-19 04:42:10,310 [INFO] [36/121] 여의서로 (primary=KEY_4)
2026-05-19 04:42:11,419 [INFO] [37/121] 올림픽공원 (primary=KEY_1)
2026-05-19 04:42:12,713 [INFO] [38/121] 월드컵공원 (primary=KEY_2)
2026-05-19 04:42:14,007 [INFO] [39/121] 응봉산 (primary=KEY_3)
2026-05-19 04:42:15,124 [INFO] [40/121] 이촌한강공원 (primary=KEY_4)
2026-05-19 04:42:16,107 [INFO] [41/121] 잠실종합운동장 (primary=KEY_1)
2026-05-19 04:42:17,119 [INFO] [42/121] 잠실한강공원 (primary=KEY_2)
2026-05-19 04:42:18,096 [INFO] [43/121] 잠원한강공원 (primary=KEY_3)
2026-05-19 04:42:19,079 [INFO] [44/121] 청계산 (primary=KEY_4)
2026-05-19 04:42:20,069 [INFO] [45/121] 홍제폭포 (primary=KEY_1)
2026-05-19 04:42:21,043 [INFO] [46/121] 가락시장 (primary=KEY_2)
2026-05-19 04:42:22,189 [INFO] [47/121] 가로수길 (primary=KEY_3)
2026-05-19 04:42:23,345 [INFO] [48/121] 광장(전통)시장 (primary=KEY_4)
2026-05-19 04:42:24,329 [INFO] [49/121] 김포공항 (primary=KEY_1)
2026-05-19 04:42:25,505 [INFO] [50/121] 남대문시장 (primary=KEY_2)
2026-05-19 04:42:26,648 [INFO] [51/121] 노량진 (primary=KEY_3)
2026-05-19 04:42:27,805 [INFO] [52/121] 덕수궁길·정동길 (primary=KEY_4)
2026-05-19 04:42:28,965 [INFO] [53/121] 북창동 먹자골목 (primary=KEY_1)
2026-05-19 04:42:30,085 [INFO] [54/121] 북촌한옥마을 (primary=KEY_2)
2026-05-19 04:42:31,913 [INFO] [55/121] 서촌 (primary=KEY_3)
2026-05-19 04:42:33,030 [INFO] [56/121] 성수카페거리 (primary=KEY_4)
2026-05-19 04:42:34,324 [INFO] [57/121] 송리단길·호수단길 (primary=KEY_1)
2026-05-19 04:42:35,472 [INFO] [58/121] 신촌 스타광장 (primary=KEY_2)
2026-05-19 04:42:36,490 [INFO] [59/121] 압구정로데오거리 (primary=KEY_3)
2026-05-19 04:42:37,631 [INFO] [60/121] 여의도 (primary=KEY_4)
2026-05-19 04:42:39,419 [INFO] [61/121] 연남동 (primary=KEY_1)
2026-05-19 04:42:40,555 [INFO] [62/121] 영등포 타임스퀘어 (primary=KEY_2)
2026-05-19 04:42:41,679 [INFO] [63/121] 용리단길 (primary=KEY_3)
2026-05-19 04:42:42,726 [INFO] [64/121] 이태원 앤틱가구거리 (primary=KEY_4)
2026-05-19 04:42:43,740 [INFO] [65/121] 익선동 (primary=KEY_1)
2026-05-19 04:42:44,893 [INFO] [66/121] 인사동 (primary=KEY_2)
2026-05-19 04:42:46,179 [INFO] [67/121] 잠실롯데타워·석촌호수 (primary=KEY_3)
2026-05-19 04:42:47,613 [INFO] [68/121] 창동 신경제 중심지 (primary=KEY_4)
2026-05-19 04:42:49,088 [INFO] [69/121] 청담동 명품거리 (primary=KEY_1)
2026-05-19 04:42:50,311 [INFO] [70/121] 청량리 제기동 일대 전통시장 (primary=KEY_2)
2026-05-19 04:42:51,540 [INFO] [71/121] 해방촌·경리단길 (primary=KEY_3)
2026-05-19 04:42:52,532 [INFO] [72/121] DDP(동대문디자인플라자) (primary=KEY_4)
2026-05-19 04:42:53,690 [INFO] [73/121] DMC(디지털미디어시티) (primary=KEY_1)
2026-05-19 04:42:55,187 [INFO] [74/121] 가산디지털단지역 (primary=KEY_2)
2026-05-19 04:42:56,767 [INFO] [75/121] 강남역 (primary=KEY_3)
2026-05-19 04:42:58,108 [INFO] [76/121] 건대입구역 (primary=KEY_4)
2026-05-19 04:42:59,258 [INFO] [77/121] 고덕역 (primary=KEY_1)
2026-05-19 04:43:00,389 [INFO] [78/121] 고속터미널역 (primary=KEY_2)
2026-05-19 04:43:01,549 [INFO] [79/121] 교대역 (primary=KEY_3)
2026-05-19 04:43:02,576 [INFO] [80/121] 구로디지털단지역 (primary=KEY_4)
2026-05-19 04:43:03,868 [INFO] [81/121] 구로역 (primary=KEY_1)
2026-05-19 04:43:05,014 [INFO] [82/121] 군자역 (primary=KEY_2)
2026-05-19 04:43:06,031 [INFO] [83/121] 대림역 (primary=KEY_3)
2026-05-19 04:43:07,188 [INFO] [84/121] 동대문역 (primary=KEY_4)
2026-05-19 04:43:08,340 [INFO] [85/121] 뚝섬역 (primary=KEY_1)
2026-05-19 04:43:09,487 [INFO] [86/121] 미아사거리역 (primary=KEY_2)
2026-05-19 04:43:10,654 [INFO] [87/121] 발산역 (primary=KEY_3)
2026-05-19 04:43:11,946 [INFO] [88/121] 사당역 (primary=KEY_4)
2026-05-19 04:43:13,102 [INFO] [89/121] 삼각지역 (primary=KEY_1)
2026-05-19 04:43:14,136 [INFO] [90/121] 서울대입구역 (primary=KEY_2)
2026-05-19 04:43:15,261 [INFO] [91/121] 서울식물원·마곡나루역 (primary=KEY_3)
2026-05-19 04:43:16,563 [INFO] [92/121] 서울역 (primary=KEY_4)
2026-05-19 04:43:17,766 [INFO] [93/121] 선릉역 (primary=KEY_1)
2026-05-19 04:43:19,219 [INFO] [94/121] 성신여대입구역 (primary=KEY_2)
2026-05-19 04:43:20,222 [INFO] [95/121] 수유역 (primary=KEY_3)
2026-05-19 04:43:21,355 [INFO] [96/121] 숭례문 (primary=KEY_4)
2026-05-19 04:43:22,524 [INFO] [97/121] 시의회 앞 (primary=KEY_1)
2026-05-19 04:43:23,681 [INFO] [98/121] 신논현역·논현역 (primary=KEY_2)
2026-05-19 04:43:24,955 [INFO] [99/121] 신도림역 (primary=KEY_3)
2026-05-19 04:43:25,951 [INFO] [100/121] 신림역 (primary=KEY_4)
2026-05-19 04:43:26,980 [INFO] [101/121] 신정네거리역 (primary=KEY_1)
2026-05-19 04:43:28,109 [INFO] [102/121] 신촌·이대역 (primary=KEY_2)
2026-05-19 04:43:29,261 [INFO] [103/121] 쌍문역 (primary=KEY_3)
2026-05-19 04:43:30,403 [INFO] [104/121] 양재역 (primary=KEY_4)
2026-05-19 04:43:31,564 [INFO] [105/121] 역삼역 (primary=KEY_1)
2026-05-19 04:43:32,849 [INFO] [106/121] 연신내역 (primary=KEY_2)
2026-05-19 04:43:33,880 [INFO] [107/121] 오목교역·목동운동장 (primary=KEY_3)
2026-05-19 04:43:35,445 [INFO] [108/121] 왕십리역 (primary=KEY_4)
2026-05-19 04:43:36,634 [INFO] [109/121] 용산역 (primary=KEY_1)
2026-05-19 04:43:37,942 [INFO] [110/121] 이태원역 (primary=KEY_2)
2026-05-19 04:43:39,003 [INFO] [111/121] 잠실새내역 (primary=KEY_3)
2026-05-19 04:43:40,150 [INFO] [112/121] 잠실역 (primary=KEY_4)
2026-05-19 04:43:41,454 [INFO] [113/121] 장지역 (primary=KEY_1)
2026-05-19 04:43:42,768 [INFO] [114/121] 장한평역 (primary=KEY_2)
2026-05-19 04:43:43,935 [INFO] [115/121] 천호역 (primary=KEY_3)
2026-05-19 04:43:45,115 [INFO] [116/121] 총신대입구(이수)역 (primary=KEY_4)
2026-05-19 04:43:46,289 [INFO] [117/121] 충정로역 (primary=KEY_1)
2026-05-19 04:43:47,465 [INFO] [118/121] 합정역 (primary=KEY_2)
2026-05-19 04:43:48,615 [INFO] [119/121] 혜화역 (primary=KEY_3)
2026-05-19 04:43:49,761 [INFO] [120/121] 홍대입구역(2호선) (primary=KEY_4)
2026-05-19 04:43:50,909 [INFO] [121/121] 회기역 (primary=KEY_1)
2026-05-19 04:43:53,114 [INFO] === 수집 완료 | 성공 121, 실패 0 ===
2026-05-19 04:43:53,114 [INFO] 카테고리별 저장 결과:
2026-05-19 04:43:53,114 [INFO]    accident                  | 신규     1행 | 누적      3행 | 16컬럼
2026-05-19 04:43:53,114 [INFO]    area_meta                 | 신규   121행 | 누적    484행 | 5컬럼
2026-05-19 04:43:53,114 [INFO]    bike                      | 신규    11행 | 누적     44행 | 12컬럼
2026-05-19 04:43:53,114 [INFO]    bike_sbike_stts           | 신규   559행 | 누적   2236행 | 12컬럼
2026-05-19 04:43:53,114 [INFO]    bus                       | 신규     3행 | 누적     12행 | 11컬럼
2026-05-19 04:43:53,114 [INFO]    bus_bus_stn_stts          | 신규  1745행 | 누적   6980행 | 11컬럼
2026-05-19 04:43:53,115 [INFO]    charger                   | 신규     4행 | 누적     37행 | 15컬럼
2026-05-19 04:43:53,115 [INFO]    charger_charger_stts      | 신규  1882행 | 누적   5923행 | 15컬럼
2026-05-19 04:43:53,115 [INFO]    cmrcl                     | 신규    82행 | 누적    328행 | 20컬럼
2026-05-19 04:43:53,115 [INFO]    events                    | 신규    13행 | 누적     52행 | 14컬럼
2026-05-19 04:43:53,115 [INFO]    events_event_stts         | 신규   173행 | 누적    692행 | 14컬럼
2026-05-19 04:43:53,115 [INFO]    parking                   | 신규     6행 | 누적     24행 | 21컬럼
2026-05-19 04:43:53,115 [INFO]    parking_prk_stts          | 신규  1835행 | 누적   7340행 | 21컬럼
2026-05-19 04:43:53,115 [INFO]    ppltn                     | 신규   121행 | 누적    484행 | 26컬럼
2026-05-19 04:43:53,115 [INFO]    road                      | 신규   121행 | 누적    484행 | 21컬럼
2026-05-19 04:43:53,115 [INFO]    road_road_traffic_stts    | 신규  5246행 | 누적  20984행 | 17컬럼
2026-05-19 04:43:53,115 [INFO]    subway                    | 신규    38행 | 누적    152행 | 13컬럼
2026-05-19 04:43:53,115 [INFO]    subway_sub_stts           | 신규   183행 | 누적    732행 | 13컬럼
2026-05-19 04:43:53,115 [INFO]    weather                   | 신규   119행 | 누적    476행 | 29컬럼
2026-05-19 04:43:53,115 [INFO] 키별 사용량:
2026-05-19 04:43:53,115 [INFO]    🟢 KEY_1 (31/1000) 
2026-05-19 04:43:53,115 [INFO]    🟢 KEY_2 (30/1000) 
2026-05-19 04:43:53,115 [INFO]    🟢 KEY_3 (30/1000) 
2026-05-19 04:43:53,115 [INFO]    🟢 KEY_4 (30/1000) 
2026-05-19 05:41:07,774 [INFO] 등록된 키: 4개, 합산 한도 4,000건/일
2026-05-19 05:41:07,775 [INFO] POI 로드: 매뉴얼 v8.5 기준 fallback 121개 (121개 전체)
2026-05-19 05:41:07,775 [INFO] === 수집 시작 2026-05-19T05:41:07.775570+09:00 ===
2026-05-19 05:41:07,775 [INFO] 대상 장소: 121개 | API: citydata (통합)
2026-05-19 05:41:07,775 [INFO] 키 풀: 4/4 활성 | 오늘 사용 0/4000건
2026-05-19 05:41:07,775 [INFO]   [KEY_1] 담당 31장소
2026-05-19 05:41:07,775 [INFO]   [KEY_2] 담당 30장소
2026-05-19 05:41:07,775 [INFO]   [KEY_3] 담당 30장소
2026-05-19 05:41:07,775 [INFO]   [KEY_4] 담당 30장소
2026-05-19 05:41:07,776 [INFO] [1/121] 경복궁 (primary=KEY_1)
2026-05-19 05:41:09,616 [INFO] [2/121] 광화문·덕수궁 (primary=KEY_2)
2026-05-19 05:41:12,129 [INFO] [3/121] 보신각 (primary=KEY_3)
2026-05-19 05:41:14,097 [INFO] [4/121] 서울 암사동 유적 (primary=KEY_4)
2026-05-19 05:41:15,864 [INFO] [5/121] 창덕궁·종묘 (primary=KEY_1)
2026-05-19 05:41:17,964 [INFO] [6/121] 강남 MICE 관광특구 (primary=KEY_2)
2026-05-19 05:41:19,935 [INFO] [7/121] 동대문 관광특구 (primary=KEY_3)
2026-05-19 05:41:22,447 [INFO] [8/121] 명동 관광특구 (primary=KEY_4)
2026-05-19 05:41:24,139 [INFO] [9/121] 이태원 관광특구 (primary=KEY_1)
2026-05-19 05:41:26,134 [INFO] [10/121] 잠실 관광특구 (primary=KEY_2)
2026-05-19 05:41:28,678 [INFO] [11/121] 종로·청계 관광특구 (primary=KEY_3)
2026-05-19 05:41:31,219 [INFO] [12/121] 홍대 관광특구 (primary=KEY_4)
2026-05-19 05:41:32,767 [INFO] [13/121] 강서한강공원 (primary=KEY_1)
2026-05-19 05:41:33,838 [INFO] [14/121] 고척돔 (primary=KEY_2)
2026-05-19 05:41:34,918 [INFO] [15/121] 광나루한강공원 (primary=KEY_3)
2026-05-19 05:41:36,159 [INFO] [16/121] 광화문광장 (primary=KEY_4)
2026-05-19 05:41:37,429 [INFO] [17/121] 국립중앙박물관·용산가족공원 (primary=KEY_1)
2026-05-19 05:41:38,533 [INFO] [18/121] 난지한강공원 (primary=KEY_2)
2026-05-19 05:41:39,608 [INFO] [19/121] 남산공원 (primary=KEY_3)
2026-05-19 05:41:41,085 [INFO] [20/121] 노들섬 (primary=KEY_4)
2026-05-19 05:41:42,157 [INFO] [21/121] 뚝섬한강공원 (primary=KEY_1)
2026-05-19 05:41:43,245 [INFO] [22/121] 망원한강공원 (primary=KEY_2)
2026-05-19 05:41:44,509 [INFO] [23/121] 반포한강공원 (primary=KEY_3)
2026-05-19 05:41:46,297 [INFO] [24/121] 보라매공원 (primary=KEY_4)
2026-05-19 05:41:47,383 [INFO] [25/121] 북서울꿈의숲 (primary=KEY_1)
2026-05-19 05:41:48,632 [INFO] [26/121] 서대문독립공원 (primary=KEY_2)
2026-05-19 05:41:49,718 [INFO] [27/121] 서리풀공원·몽마르뜨공원 (primary=KEY_3)
2026-05-19 05:41:51,001 [INFO] [28/121] 서울대공원 (primary=KEY_4)
2026-05-19 05:41:52,087 [INFO] [29/121] 서울숲공원 (primary=KEY_1)
2026-05-19 05:41:53,341 [INFO] [30/121] 송현녹지광장 (primary=KEY_2)
2026-05-19 05:41:54,617 [INFO] [31/121] 아차산 (primary=KEY_3)
2026-05-19 05:41:55,680 [INFO] [32/121] 안양천 (primary=KEY_4)
2026-05-19 05:41:56,760 [INFO] [33/121] 양화한강공원 (primary=KEY_1)
2026-05-19 05:41:57,829 [INFO] [34/121] 어린이대공원 (primary=KEY_2)
2026-05-19 05:41:59,091 [INFO] [35/121] 여의도한강공원 (primary=KEY_3)
2026-05-19 05:42:00,342 [INFO] [36/121] 여의서로 (primary=KEY_4)
2026-05-19 05:42:01,585 [INFO] [37/121] 올림픽공원 (primary=KEY_1)
2026-05-19 05:42:04,068 [INFO] [38/121] 월드컵공원 (primary=KEY_2)
2026-05-19 05:42:05,514 [INFO] [39/121] 응봉산 (primary=KEY_3)
2026-05-19 05:42:06,771 [INFO] [40/121] 이촌한강공원 (primary=KEY_4)
2026-05-19 05:42:07,839 [INFO] [41/121] 잠실종합운동장 (primary=KEY_1)
2026-05-19 05:42:08,914 [INFO] [42/121] 잠실한강공원 (primary=KEY_2)
2026-05-19 05:42:09,995 [INFO] [43/121] 잠원한강공원 (primary=KEY_3)
2026-05-19 05:42:11,078 [INFO] [44/121] 청계산 (primary=KEY_4)
2026-05-19 05:42:13,152 [INFO] [45/121] 홍제폭포 (primary=KEY_1)
2026-05-19 05:42:14,215 [INFO] [46/121] 가락시장 (primary=KEY_2)
2026-05-19 05:42:15,500 [INFO] [47/121] 가로수길 (primary=KEY_3)
2026-05-19 05:42:16,799 [INFO] [48/121] 광장(전통)시장 (primary=KEY_4)
2026-05-19 05:42:17,880 [INFO] [49/121] 김포공항 (primary=KEY_1)
2026-05-19 05:42:19,327 [INFO] [50/121] 남대문시장 (primary=KEY_2)
2026-05-19 05:42:20,597 [INFO] [51/121] 노량진 (primary=KEY_3)
2026-05-19 05:42:21,898 [INFO] [52/121] 덕수궁길·정동길 (primary=KEY_4)
2026-05-19 05:42:23,203 [INFO] [53/121] 북창동 먹자골목 (primary=KEY_1)
2026-05-19 05:42:24,469 [INFO] [54/121] 북촌한옥마을 (primary=KEY_2)
2026-05-19 05:42:25,892 [INFO] [55/121] 서촌 (primary=KEY_3)
2026-05-19 05:42:27,145 [INFO] [56/121] 성수카페거리 (primary=KEY_4)
2026-05-19 05:42:28,606 [INFO] [57/121] 송리단길·호수단길 (primary=KEY_1)
2026-05-19 05:42:29,883 [INFO] [58/121] 신촌 스타광장 (primary=KEY_2)
2026-05-19 05:42:31,013 [INFO] [59/121] 압구정로데오거리 (primary=KEY_3)
2026-05-19 05:42:32,290 [INFO] [60/121] 여의도 (primary=KEY_4)
2026-05-19 05:42:34,392 [INFO] [61/121] 연남동 (primary=KEY_1)
2026-05-19 05:42:35,666 [INFO] [62/121] 영등포 타임스퀘어 (primary=KEY_2)
2026-05-19 05:42:36,928 [INFO] [63/121] 용리단길 (primary=KEY_3)
2026-05-19 05:42:38,045 [INFO] [64/121] 이태원 앤틱가구거리 (primary=KEY_4)
2026-05-19 05:42:39,324 [INFO] [65/121] 익선동 (primary=KEY_1)
2026-05-19 05:42:40,614 [INFO] [66/121] 인사동 (primary=KEY_2)
2026-05-19 05:42:42,078 [INFO] [67/121] 잠실롯데타워·석촌호수 (primary=KEY_3)
2026-05-19 05:42:43,712 [INFO] [68/121] 창동 신경제 중심지 (primary=KEY_4)
2026-05-19 05:42:45,374 [INFO] [69/121] 청담동 명품거리 (primary=KEY_1)
2026-05-19 05:42:46,686 [INFO] [70/121] 청량리 제기동 일대 전통시장 (primary=KEY_2)
2026-05-19 05:42:47,989 [INFO] [71/121] 해방촌·경리단길 (primary=KEY_3)
2026-05-19 05:42:49,079 [INFO] [72/121] DDP(동대문디자인플라자) (primary=KEY_4)
2026-05-19 05:42:50,395 [INFO] [73/121] DMC(디지털미디어시티) (primary=KEY_1)
2026-05-19 05:42:52,106 [INFO] [74/121] 가산디지털단지역 (primary=KEY_2)
2026-05-19 05:42:53,912 [INFO] [75/121] 강남역 (primary=KEY_3)
2026-05-19 05:42:55,402 [INFO] [76/121] 건대입구역 (primary=KEY_4)
2026-05-19 05:42:56,689 [INFO] [77/121] 고덕역 (primary=KEY_1)
2026-05-19 05:42:57,963 [INFO] [78/121] 고속터미널역 (primary=KEY_2)
2026-05-19 05:42:59,269 [INFO] [79/121] 교대역 (primary=KEY_3)
2026-05-19 05:43:00,548 [INFO] [80/121] 구로디지털단지역 (primary=KEY_4)
2026-05-19 05:43:02,011 [INFO] [81/121] 구로역 (primary=KEY_1)
2026-05-19 05:43:03,276 [INFO] [82/121] 군자역 (primary=KEY_2)
2026-05-19 05:43:04,550 [INFO] [83/121] 대림역 (primary=KEY_3)
2026-05-19 05:43:05,860 [INFO] [84/121] 동대문역 (primary=KEY_4)
2026-05-19 05:43:07,159 [INFO] [85/121] 뚝섬역 (primary=KEY_1)
2026-05-19 05:43:08,457 [INFO] [86/121] 미아사거리역 (primary=KEY_2)
2026-05-19 05:43:09,739 [INFO] [87/121] 발산역 (primary=KEY_3)
2026-05-19 05:43:11,361 [INFO] [88/121] 사당역 (primary=KEY_4)
2026-05-19 05:43:12,637 [INFO] [89/121] 삼각지역 (primary=KEY_1)
2026-05-19 05:43:13,753 [INFO] [90/121] 서울대입구역 (primary=KEY_2)
2026-05-19 05:43:15,082 [INFO] [91/121] 서울식물원·마곡나루역 (primary=KEY_3)
2026-05-19 05:43:16,540 [INFO] [92/121] 서울역 (primary=KEY_4)
2026-05-19 05:43:18,061 [INFO] [93/121] 선릉역 (primary=KEY_1)
2026-05-19 05:43:19,729 [INFO] [94/121] 성신여대입구역 (primary=KEY_2)
2026-05-19 05:43:20,875 [INFO] [95/121] 수유역 (primary=KEY_3)
2026-05-19 05:43:22,160 [INFO] [96/121] 숭례문 (primary=KEY_4)
2026-05-19 05:43:23,457 [INFO] [97/121] 시의회 앞 (primary=KEY_1)
2026-05-19 05:43:24,772 [INFO] [98/121] 신논현역·논현역 (primary=KEY_2)
2026-05-19 05:43:26,082 [INFO] [99/121] 신도림역 (primary=KEY_3)
2026-05-19 05:43:27,186 [INFO] [100/121] 신림역 (primary=KEY_4)
2026-05-19 05:43:28,494 [INFO] [101/121] 신정네거리역 (primary=KEY_1)
2026-05-19 05:43:29,787 [INFO] [102/121] 신촌·이대역 (primary=KEY_2)
2026-05-19 05:43:31,072 [INFO] [103/121] 쌍문역 (primary=KEY_3)
2026-05-19 05:43:32,343 [INFO] [104/121] 양재역 (primary=KEY_4)
2026-05-19 05:43:33,630 [INFO] [105/121] 역삼역 (primary=KEY_1)
2026-05-19 05:43:35,122 [INFO] [106/121] 연신내역 (primary=KEY_2)
2026-05-19 05:43:36,239 [INFO] [107/121] 오목교역·목동운동장 (primary=KEY_3)
2026-05-19 05:43:38,059 [INFO] [108/121] 왕십리역 (primary=KEY_4)
2026-05-19 05:43:39,540 [INFO] [109/121] 용산역 (primary=KEY_1)
2026-05-19 05:43:40,994 [INFO] [110/121] 이태원역 (primary=KEY_2)
2026-05-19 05:43:42,187 [INFO] [111/121] 잠실새내역 (primary=KEY_3)
2026-05-19 05:43:43,466 [INFO] [112/121] 잠실역 (primary=KEY_4)
2026-05-19 05:43:44,937 [INFO] [113/121] 장지역 (primary=KEY_1)
2026-05-19 05:43:46,392 [INFO] [114/121] 장한평역 (primary=KEY_2)
2026-05-19 05:43:47,669 [INFO] [115/121] 천호역 (primary=KEY_3)
2026-05-19 05:43:48,961 [INFO] [116/121] 총신대입구(이수)역 (primary=KEY_4)
2026-05-19 05:43:50,245 [INFO] [117/121] 충정로역 (primary=KEY_1)
2026-05-19 05:43:51,552 [INFO] [118/121] 합정역 (primary=KEY_2)
2026-05-19 05:43:52,871 [INFO] [119/121] 혜화역 (primary=KEY_3)
2026-05-19 05:43:54,154 [INFO] [120/121] 홍대입구역(2호선) (primary=KEY_4)
2026-05-19 05:43:55,456 [INFO] [121/121] 회기역 (primary=KEY_1)
2026-05-19 05:43:57,819 [INFO] === 수집 완료 | 성공 121, 실패 0 ===
2026-05-19 05:43:57,819 [INFO] 카테고리별 저장 결과:
2026-05-19 05:43:57,819 [INFO]    accident                  | 신규     1행 | 누적      4행 | 16컬럼
2026-05-19 05:43:57,819 [INFO]    area_meta                 | 신규   121행 | 누적    605행 | 5컬럼
2026-05-19 05:43:57,819 [INFO]    bike                      | 신규    11행 | 누적     55행 | 12컬럼
2026-05-19 05:43:57,819 [INFO]    bike_sbike_stts           | 신규   559행 | 누적   2795행 | 12컬럼
2026-05-19 05:43:57,819 [INFO]    bus                       | 신규     3행 | 누적     15행 | 11컬럼
2026-05-19 05:43:57,819 [INFO]    bus_bus_stn_stts          | 신규  1745행 | 누적   8725행 | 11컬럼
2026-05-19 05:43:57,819 [INFO]    charger                   | 신규     4행 | 누적     41행 | 15컬럼
2026-05-19 05:43:57,819 [INFO]    charger_charger_stts      | 신규  1882행 | 누적   7790행 | 15컬럼
2026-05-19 05:43:57,819 [INFO]    cmrcl                     | 신규    82행 | 누적    410행 | 20컬럼
2026-05-19 05:43:57,820 [INFO]    events                    | 신규    14행 | 누적     66행 | 14컬럼
2026-05-19 05:43:57,820 [INFO]    events_event_stts         | 신규   176행 | 누적    868행 | 14컬럼
2026-05-19 05:43:57,820 [INFO]    parking                   | 신규     6행 | 누적     30행 | 21컬럼
2026-05-19 05:43:57,820 [INFO]    parking_prk_stts          | 신규  1835행 | 누적   9175행 | 21컬럼
2026-05-19 05:43:57,820 [INFO]    ppltn                     | 신규   121행 | 누적    605행 | 26컬럼
2026-05-19 05:43:57,820 [INFO]    road                      | 신규   121행 | 누적    605행 | 21컬럼
2026-05-19 05:43:57,820 [INFO]    road_road_traffic_stts    | 신규  5246행 | 누적  26230행 | 17컬럼
2026-05-19 05:43:57,820 [INFO]    subway                    | 신규    38행 | 누적    190행 | 13컬럼
2026-05-19 05:43:57,820 [INFO]    subway_sub_stts           | 신규   183행 | 누적    915행 | 13컬럼
2026-05-19 05:43:57,820 [INFO]    weather                   | 신규   119행 | 누적    595행 | 29컬럼
2026-05-19 05:43:57,820 [INFO] 키별 사용량:
2026-05-19 05:43:57,820 [INFO]    🟢 KEY_1 (31/1000) 
2026-05-19 05:43:57,820 [INFO]    🟢 KEY_2 (30/1000) 
2026-05-19 05:43:57,820 [INFO]    🟢 KEY_3 (30/1000) 
2026-05-19 05:43:57,820 [INFO]    🟢 KEY_4 (30/1000) 
