2026-06-09 00:19:04,297 [INFO] 등록된 키: 4개, 합산 한도 4,000건/일
2026-06-09 00:19:04,298 [INFO] POI 로드: 매뉴얼 v8.5 기준 fallback 121개 (121개 전체)
2026-06-09 00:19:04,298 [INFO] === 수집 시작 2026-06-09T00:19:04.298157+09:00 ===
2026-06-09 00:19:04,298 [INFO] 대상 장소: 121개 | API: citydata (통합)
2026-06-09 00:19:04,298 [INFO] 키 풀: 4/4 활성 | 오늘 사용 0/4000건
2026-06-09 00:19:04,298 [INFO]   [KEY_1] 담당 31장소
2026-06-09 00:19:04,298 [INFO]   [KEY_2] 담당 30장소
2026-06-09 00:19:04,298 [INFO]   [KEY_3] 담당 30장소
2026-06-09 00:19:04,298 [INFO]   [KEY_4] 담당 30장소
2026-06-09 00:19:04,298 [INFO] [1/121] 경복궁 (primary=KEY_1)
2026-06-09 00:19:06,606 [INFO] [2/121] 광화문·덕수궁 (primary=KEY_2)
2026-06-09 00:19:08,951 [INFO] [3/121] 보신각 (primary=KEY_3)
2026-06-09 00:19:10,492 [INFO] [4/121] 서울 암사동 유적 (primary=KEY_4)
2026-06-09 00:19:12,421 [INFO] [5/121] 창덕궁·종묘 (primary=KEY_1)
2026-06-09 00:19:14,553 [INFO] [6/121] 강남 MICE 관광특구 (primary=KEY_2)
2026-06-09 00:19:16,565 [INFO] [7/121] 동대문 관광특구 (primary=KEY_3)
2026-06-09 00:19:19,109 [INFO] [8/121] 명동 관광특구 (primary=KEY_4)
2026-06-09 00:19:21,752 [INFO] [9/121] 이태원 관광특구 (primary=KEY_1)
2026-06-09 00:19:23,110 [INFO] [10/121] 잠실 관광특구 (primary=KEY_2)
2026-06-09 00:19:24,710 [INFO] [11/121] 종로·청계 관광특구 (primary=KEY_3)
2026-06-09 00:19:26,300 [INFO] [12/121] 홍대 관광특구 (primary=KEY_4)
2026-06-09 00:19:29,112 [INFO] [13/121] 강서한강공원 (primary=KEY_1)
2026-06-09 00:19:30,264 [INFO] [14/121] 고척돔 (primary=KEY_2)
2026-06-09 00:19:31,588 [INFO] [15/121] 광나루한강공원 (primary=KEY_3)
2026-06-09 00:19:32,931 [INFO] [16/121] 광화문광장 (primary=KEY_4)
2026-06-09 00:19:35,055 [INFO] [17/121] 국립중앙박물관·용산가족공원 (primary=KEY_1)
2026-06-09 00:19:36,391 [INFO] [18/121] 난지한강공원 (primary=KEY_2)
2026-06-09 00:19:37,522 [INFO] [19/121] 남산공원 (primary=KEY_3)
2026-06-09 00:19:39,135 [INFO] [20/121] 노들섬 (primary=KEY_4)
2026-06-09 00:19:41,067 [INFO] [21/121] 뚝섬한강공원 (primary=KEY_1)
2026-06-09 00:19:42,226 [INFO] [22/121] 망원한강공원 (primary=KEY_2)
2026-06-09 00:19:43,581 [INFO] [23/121] 반포한강공원 (primary=KEY_3)
2026-06-09 00:19:45,400 [INFO] [24/121] 보라매공원 (primary=KEY_4)
2026-06-09 00:19:46,578 [INFO] [25/121] 북서울꿈의숲 (primary=KEY_1)
2026-06-09 00:19:48,336 [INFO] [26/121] 서대문독립공원 (primary=KEY_2)
2026-06-09 00:19:50,246 [INFO] [27/121] 서리풀공원·몽마르뜨공원 (primary=KEY_3)
2026-06-09 00:19:52,172 [INFO] [28/121] 서울대공원 (primary=KEY_4)
2026-06-09 00:19:53,317 [INFO] [29/121] 서울숲공원 (primary=KEY_1)
2026-06-09 00:19:55,338 [INFO] [30/121] 송현녹지광장 (primary=KEY_2)
2026-06-09 00:19:57,452 [INFO] [31/121] 아차산 (primary=KEY_3)
2026-06-09 00:19:59,743 [INFO] [32/121] 안양천 (primary=KEY_4)
2026-06-09 00:20:00,905 [INFO] [33/121] 양화한강공원 (primary=KEY_1)
2026-06-09 00:20:02,036 [INFO] [34/121] 어린이대공원 (primary=KEY_2)
2026-06-09 00:20:03,967 [INFO] [35/121] 여의도한강공원 (primary=KEY_3)
2026-06-09 00:20:05,274 [INFO] [36/121] 여의서로 (primary=KEY_4)
2026-06-09 00:20:06,396 [INFO] [37/121] 올림픽공원 (primary=KEY_1)
2026-06-09 00:20:08,542 [INFO] [38/121] 월드컵공원 (primary=KEY_2)
2026-06-09 00:20:10,076 [INFO] [39/121] 응봉산 (primary=KEY_3)
2026-06-09 00:20:11,378 [INFO] [40/121] 이촌한강공원 (primary=KEY_4)
2026-06-09 00:20:12,496 [INFO] [41/121] 잠실종합운동장 (primary=KEY_1)
2026-06-09 00:20:13,645 [INFO] [42/121] 잠실한강공원 (primary=KEY_2)
2026-06-09 00:20:14,789 [INFO] [43/121] 잠원한강공원 (primary=KEY_3)
2026-06-09 00:20:15,941 [INFO] [44/121] 청계산 (primary=KEY_4)
2026-06-09 00:20:17,070 [INFO] [45/121] 홍제폭포 (primary=KEY_1)
2026-06-09 00:20:18,222 [INFO] [46/121] 가락시장 (primary=KEY_2)
2026-06-09 00:20:19,563 [INFO] [47/121] 가로수길 (primary=KEY_3)
2026-06-09 00:20:20,925 [INFO] [48/121] 광장(전통)시장 (primary=KEY_4)
2026-06-09 00:20:22,076 [INFO] [49/121] 김포공항 (primary=KEY_1)
2026-06-09 00:20:23,442 [INFO] [50/121] 남대문시장 (primary=KEY_2)
2026-06-09 00:20:24,588 [INFO] [51/121] 노량진 (primary=KEY_3)
2026-06-09 00:20:25,783 [INFO] [52/121] 덕수궁길·정동길 (primary=KEY_4)
2026-06-09 00:20:27,141 [INFO] [53/121] 북창동 먹자골목 (primary=KEY_1)
2026-06-09 00:20:28,856 [INFO] [54/121] 북촌한옥마을 (primary=KEY_2)
2026-06-09 00:20:30,208 [INFO] [55/121] 서촌 (primary=KEY_3)
2026-06-09 00:20:31,566 [INFO] [56/121] 성수카페거리 (primary=KEY_4)
2026-06-09 00:20:32,954 [INFO] [57/121] 송리단길·호수단길 (primary=KEY_1)
2026-06-09 00:20:34,308 [INFO] [58/121] 신촌 스타광장 (primary=KEY_2)
2026-06-09 00:20:35,450 [INFO] [59/121] 압구정로데오거리 (primary=KEY_3)
2026-06-09 00:20:36,798 [INFO] [60/121] 여의도 (primary=KEY_4)
2026-06-09 00:20:38,789 [INFO] [61/121] 연남동 (primary=KEY_1)
2026-06-09 00:20:40,143 [INFO] [62/121] 영등포 타임스퀘어 (primary=KEY_2)
2026-06-09 00:20:42,419 [INFO] [63/121] 용리단길 (primary=KEY_3)
2026-06-09 00:20:43,625 [INFO] [64/121] 이태원 앤틱가구거리 (primary=KEY_4)
2026-06-09 00:20:44,793 [INFO] [65/121] 익선동 (primary=KEY_1)
2026-06-09 00:20:46,199 [INFO] [66/121] 인사동 (primary=KEY_2)
2026-06-09 00:20:47,581 [INFO] [67/121] 잠실롯데타워·석촌호수 (primary=KEY_3)
2026-06-09 00:20:48,992 [INFO] [68/121] 창동 신경제 중심지 (primary=KEY_4)
2026-06-09 00:20:50,528 [INFO] [69/121] 청담동 명품거리 (primary=KEY_1)
2026-06-09 00:20:51,907 [INFO] [70/121] 청량리 제기동 일대 전통시장 (primary=KEY_2)
2026-06-09 00:20:53,279 [INFO] [71/121] 해방촌·경리단길 (primary=KEY_3)
2026-06-09 00:20:54,436 [INFO] [72/121] DDP(동대문디자인플라자) (primary=KEY_4)
2026-06-09 00:20:55,869 [INFO] [73/121] DMC(디지털미디어시티) (primary=KEY_1)
2026-06-09 00:20:57,481 [INFO] [74/121] 가산디지털단지역 (primary=KEY_2)
2026-06-09 00:20:59,049 [INFO] [75/121] 강남역 (primary=KEY_3)
2026-06-09 00:21:00,643 [INFO] [76/121] 건대입구역 (primary=KEY_4)
2026-06-09 00:21:02,048 [INFO] [77/121] 고덕역 (primary=KEY_1)
2026-06-09 00:21:04,175 [INFO] [78/121] 고속터미널역 (primary=KEY_2)
2026-06-09 00:21:05,350 [INFO] [79/121] 교대역 (primary=KEY_3)
2026-06-09 00:21:06,506 [INFO] [80/121] 구로디지털단지역 (primary=KEY_4)
2026-06-09 00:21:07,845 [INFO] [81/121] 구로역 (primary=KEY_1)
2026-06-09 00:21:08,984 [INFO] [82/121] 군자역 (primary=KEY_2)
2026-06-09 00:21:11,122 [INFO] [83/121] 대림역 (primary=KEY_3)
2026-06-09 00:21:12,466 [INFO] [84/121] 동대문역 (primary=KEY_4)
2026-06-09 00:21:13,826 [INFO] [85/121] 뚝섬역 (primary=KEY_1)
2026-06-09 00:21:15,159 [INFO] [86/121] 미아사거리역 (primary=KEY_2)
2026-06-09 00:21:16,504 [INFO] [87/121] 발산역 (primary=KEY_3)
2026-06-09 00:21:18,028 [INFO] [88/121] 사당역 (primary=KEY_4)
2026-06-09 00:21:19,381 [INFO] [89/121] 삼각지역 (primary=KEY_1)
2026-06-09 00:21:20,539 [INFO] [90/121] 서울대입구역 (primary=KEY_2)
2026-06-09 00:21:21,681 [INFO] [91/121] 서울식물원·마곡나루역 (primary=KEY_3)
2026-06-09 00:21:23,029 [INFO] [92/121] 서울역 (primary=KEY_4)
2026-06-09 00:21:24,411 [INFO] [93/121] 선릉역 (primary=KEY_1)
2026-06-09 00:21:26,018 [INFO] [94/121] 성신여대입구역 (primary=KEY_2)
2026-06-09 00:21:27,179 [INFO] [95/121] 수유역 (primary=KEY_3)
2026-06-09 00:21:28,525 [INFO] [96/121] 숭례문 (primary=KEY_4)
2026-06-09 00:21:30,586 [INFO] [97/121] 시의회 앞 (primary=KEY_1)
2026-06-09 00:21:32,174 [INFO] [98/121] 신논현역·논현역 (primary=KEY_2)
2026-06-09 00:21:33,551 [INFO] [99/121] 신도림역 (primary=KEY_3)
2026-06-09 00:21:34,704 [INFO] [100/121] 신림역 (primary=KEY_4)
2026-06-09 00:21:35,871 [INFO] [101/121] 신정네거리역 (primary=KEY_1)
2026-06-09 00:21:37,021 [INFO] [102/121] 신촌·이대역 (primary=KEY_2)
2026-06-09 00:21:38,396 [INFO] [103/121] 쌍문역 (primary=KEY_3)
2026-06-09 00:21:39,581 [INFO] [104/121] 양재역 (primary=KEY_4)
2026-06-09 00:21:40,934 [INFO] [105/121] 역삼역 (primary=KEY_1)
2026-06-09 00:21:42,299 [INFO] [106/121] 연신내역 (primary=KEY_2)
2026-06-09 00:21:43,498 [INFO] [107/121] 오목교역·목동운동장 (primary=KEY_3)
2026-06-09 00:21:45,046 [INFO] [108/121] 왕십리역 (primary=KEY_4)
2026-06-09 00:21:46,422 [INFO] [109/121] 용산역 (primary=KEY_1)
2026-06-09 00:21:47,785 [INFO] [110/121] 이태원역 (primary=KEY_2)
2026-06-09 00:21:48,953 [INFO] [111/121] 잠실새내역 (primary=KEY_3)
2026-06-09 00:21:50,294 [INFO] [112/121] 잠실역 (primary=KEY_4)
2026-06-09 00:21:51,694 [INFO] [113/121] 장지역 (primary=KEY_1)
2026-06-09 00:21:53,038 [INFO] [114/121] 장한평역 (primary=KEY_2)
2026-06-09 00:21:55,165 [INFO] [115/121] 천호역 (primary=KEY_3)
2026-06-09 00:21:56,519 [INFO] [116/121] 총신대입구(이수)역 (primary=KEY_4)
2026-06-09 00:21:58,002 [INFO] [117/121] 충정로역 (primary=KEY_1)
2026-06-09 00:21:59,207 [INFO] [118/121] 합정역 (primary=KEY_2)
2026-06-09 00:22:00,551 [INFO] [119/121] 혜화역 (primary=KEY_3)
2026-06-09 00:22:01,922 [INFO] [120/121] 홍대입구역(2호선) (primary=KEY_4)
2026-06-09 00:22:03,117 [INFO] [121/121] 회기역 (primary=KEY_1)
2026-06-09 00:22:04,793 [INFO] === 수집 완료 | 성공 121, 실패 0 ===
2026-06-09 00:22:04,794 [INFO] 카테고리별 저장 결과:
2026-06-09 00:22:04,794 [INFO]    accident                  | 신규     2행 | 누적      2행 | 16컬럼
2026-06-09 00:22:04,794 [INFO]    area_meta                 | 신규   121행 | 누적    121행 | 5컬럼
2026-06-09 00:22:04,794 [INFO]    bike                      | 신규    11행 | 누적     11행 | 12컬럼
2026-06-09 00:22:04,794 [INFO]    bike_sbike_stts           | 신규   554행 | 누적    554행 | 12컬럼
2026-06-09 00:22:04,794 [INFO]    bus                       | 신규     3행 | 누적      3행 | 11컬럼
2026-06-09 00:22:04,794 [INFO]    bus_bus_stn_stts          | 신규  1745행 | 누적   1745행 | 11컬럼
2026-06-09 00:22:04,794 [INFO]    charger                   | 신규    25행 | 누적     25행 | 15컬럼
2026-06-09 00:22:04,794 [INFO]    charger_charger_stts      | 신규   322행 | 누적    322행 | 15컬럼
2026-06-09 00:22:04,794 [INFO]    cmrcl                     | 신규    82행 | 누적     82행 | 20컬럼
2026-06-09 00:22:04,794 [INFO]    events                    | 신규    15행 | 누적     15행 | 14컬럼
2026-06-09 00:22:04,794 [INFO]    events_event_stts         | 신규   152행 | 누적    152행 | 14컬럼
2026-06-09 00:22:04,794 [INFO]    parking                   | 신규     6행 | 누적      6행 | 21컬럼
2026-06-09 00:22:04,794 [INFO]    parking_prk_stts          | 신규  1831행 | 누적   1831행 | 21컬럼
2026-06-09 00:22:04,794 [INFO]    ppltn                     | 신규   121행 | 누적    121행 | 26컬럼
2026-06-09 00:22:04,794 [INFO]    road                      | 신규   121행 | 누적    121행 | 21컬럼
2026-06-09 00:22:04,794 [INFO]    road_road_traffic_stts    | 신규  5254행 | 누적   5254행 | 17컬럼
2026-06-09 00:22:04,794 [INFO]    subway                    | 신규    38행 | 누적     38행 | 12컬럼
2026-06-09 00:22:04,794 [INFO]    subway_sub_stts           | 신규   183행 | 누적    183행 | 13컬럼
2026-06-09 00:22:04,794 [INFO]    weather                   | 신규   119행 | 누적    119행 | 29컬럼
2026-06-09 00:22:04,794 [INFO] 키별 사용량:
2026-06-09 00:22:04,794 [INFO]    🟢 KEY_1 (31/1000) 
2026-06-09 00:22:04,794 [INFO]    🟢 KEY_2 (30/1000) 
2026-06-09 00:22:04,795 [INFO]    🟢 KEY_3 (30/1000) 
2026-06-09 00:22:04,795 [INFO]    🟢 KEY_4 (30/1000) 
2026-06-09 02:17:36,116 [INFO] 등록된 키: 4개, 합산 한도 4,000건/일
2026-06-09 02:17:36,117 [INFO] POI 로드: 매뉴얼 v8.5 기준 fallback 121개 (121개 전체)
2026-06-09 02:17:36,117 [INFO] === 수집 시작 2026-06-09T02:17:36.117367+09:00 ===
2026-06-09 02:17:36,117 [INFO] 대상 장소: 121개 | API: citydata (통합)
2026-06-09 02:17:36,117 [INFO] 키 풀: 4/4 활성 | 오늘 사용 0/4000건
2026-06-09 02:17:36,117 [INFO]   [KEY_1] 담당 31장소
2026-06-09 02:17:36,117 [INFO]   [KEY_2] 담당 30장소
2026-06-09 02:17:36,117 [INFO]   [KEY_3] 담당 30장소
2026-06-09 02:17:36,117 [INFO]   [KEY_4] 담당 30장소
2026-06-09 02:17:36,117 [INFO] [1/121] 경복궁 (primary=KEY_1)
2026-06-09 02:17:38,239 [INFO] [2/121] 광화문·덕수궁 (primary=KEY_2)
2026-06-09 02:17:41,329 [INFO] [3/121] 보신각 (primary=KEY_3)
2026-06-09 02:17:43,282 [INFO] [4/121] 서울 암사동 유적 (primary=KEY_4)
2026-06-09 02:17:45,173 [INFO] [5/121] 창덕궁·종묘 (primary=KEY_1)
2026-06-09 02:17:47,274 [INFO] [6/121] 강남 MICE 관광특구 (primary=KEY_2)
2026-06-09 02:17:49,579 [INFO] [7/121] 동대문 관광특구 (primary=KEY_3)
2026-06-09 02:17:51,701 [INFO] [8/121] 명동 관광특구 (primary=KEY_4)
2026-06-09 02:17:54,455 [INFO] [9/121] 이태원 관광특구 (primary=KEY_1)
2026-06-09 02:17:55,811 [INFO] [10/121] 잠실 관광특구 (primary=KEY_2)
2026-06-09 02:17:57,960 [INFO] [11/121] 종로·청계 관광특구 (primary=KEY_3)
2026-06-09 02:18:00,084 [INFO] [12/121] 홍대 관광특구 (primary=KEY_4)
2026-06-09 02:18:02,418 [INFO] [13/121] 강서한강공원 (primary=KEY_1)
2026-06-09 02:18:04,323 [INFO] [14/121] 고척돔 (primary=KEY_2)
2026-06-09 02:18:05,446 [INFO] [15/121] 광나루한강공원 (primary=KEY_3)
2026-06-09 02:18:06,774 [INFO] [16/121] 광화문광장 (primary=KEY_4)
2026-06-09 02:18:08,676 [INFO] [17/121] 국립중앙박물관·용산가족공원 (primary=KEY_1)
2026-06-09 02:18:10,390 [INFO] [18/121] 난지한강공원 (primary=KEY_2)
2026-06-09 02:18:12,284 [INFO] [19/121] 남산공원 (primary=KEY_3)
2026-06-09 02:18:13,810 [INFO] [20/121] 노들섬 (primary=KEY_4)
2026-06-09 02:18:15,536 [INFO] [21/121] 뚝섬한강공원 (primary=KEY_1)
2026-06-09 02:18:16,662 [INFO] [22/121] 망원한강공원 (primary=KEY_2)
2026-06-09 02:18:17,982 [INFO] [23/121] 반포한강공원 (primary=KEY_3)
2026-06-09 02:18:19,122 [INFO] [24/121] 보라매공원 (primary=KEY_4)
2026-06-09 02:18:21,005 [INFO] [25/121] 북서울꿈의숲 (primary=KEY_1)
2026-06-09 02:18:22,181 [INFO] [26/121] 서대문독립공원 (primary=KEY_2)
2026-06-09 02:18:23,315 [INFO] [27/121] 서리풀공원·몽마르뜨공원 (primary=KEY_3)
2026-06-09 02:18:24,482 [INFO] [28/121] 서울대공원 (primary=KEY_4)
2026-06-09 02:18:25,588 [INFO] [29/121] 서울숲공원 (primary=KEY_1)
2026-06-09 02:18:27,509 [INFO] [30/121] 송현녹지광장 (primary=KEY_2)
2026-06-09 02:18:28,834 [INFO] [31/121] 아차산 (primary=KEY_3)
2026-06-09 02:18:31,113 [INFO] [32/121] 안양천 (primary=KEY_4)
2026-06-09 02:18:32,241 [INFO] [33/121] 양화한강공원 (primary=KEY_1)
2026-06-09 02:18:33,374 [INFO] [34/121] 어린이대공원 (primary=KEY_2)
2026-06-09 02:18:34,555 [INFO] [35/121] 여의도한강공원 (primary=KEY_3)
2026-06-09 02:18:35,888 [INFO] [36/121] 여의서로 (primary=KEY_4)
2026-06-09 02:18:37,597 [INFO] [37/121] 올림픽공원 (primary=KEY_1)
2026-06-09 02:18:38,961 [INFO] [38/121] 월드컵공원 (primary=KEY_2)
2026-06-09 02:18:40,534 [INFO] [39/121] 응봉산 (primary=KEY_3)
2026-06-09 02:18:41,857 [INFO] [40/121] 이촌한강공원 (primary=KEY_4)
2026-06-09 02:18:43,657 [INFO] [41/121] 잠실종합운동장 (primary=KEY_1)
2026-06-09 02:18:44,784 [INFO] [42/121] 잠실한강공원 (primary=KEY_2)
2026-06-09 02:18:46,679 [INFO] [43/121] 잠원한강공원 (primary=KEY_3)
2026-06-09 02:18:47,998 [INFO] [44/121] 청계산 (primary=KEY_4)
2026-06-09 02:18:49,135 [INFO] [45/121] 홍제폭포 (primary=KEY_1)
2026-06-09 02:18:50,266 [INFO] [46/121] 가락시장 (primary=KEY_2)
2026-06-09 02:18:51,623 [INFO] [47/121] 가로수길 (primary=KEY_3)
2026-06-09 02:18:53,557 [INFO] [48/121] 광장(전통)시장 (primary=KEY_4)
2026-06-09 02:18:54,720 [INFO] [49/121] 김포공항 (primary=KEY_1)
2026-06-09 02:18:56,097 [INFO] [50/121] 남대문시장 (primary=KEY_2)
2026-06-09 02:18:57,269 [INFO] [51/121] 노량진 (primary=KEY_3)
2026-06-09 02:18:58,431 [INFO] [52/121] 덕수궁길·정동길 (primary=KEY_4)
2026-06-09 02:18:59,808 [INFO] [53/121] 북창동 먹자골목 (primary=KEY_1)
2026-06-09 02:19:00,958 [INFO] [54/121] 북촌한옥마을 (primary=KEY_2)
2026-06-09 02:19:02,271 [INFO] [55/121] 서촌 (primary=KEY_3)
2026-06-09 02:19:03,615 [INFO] [56/121] 성수카페거리 (primary=KEY_4)
2026-06-09 02:19:05,721 [INFO] [57/121] 송리단길·호수단길 (primary=KEY_1)
2026-06-09 02:19:07,847 [INFO] [58/121] 신촌 스타광장 (primary=KEY_2)
2026-06-09 02:19:08,996 [INFO] [59/121] 압구정로데오거리 (primary=KEY_3)
2026-06-09 02:19:10,364 [INFO] [60/121] 여의도 (primary=KEY_4)
2026-06-09 02:19:12,403 [INFO] [61/121] 연남동 (primary=KEY_1)
2026-06-09 02:19:13,730 [INFO] [62/121] 영등포 타임스퀘어 (primary=KEY_2)
2026-06-09 02:19:15,042 [INFO] [63/121] 용리단길 (primary=KEY_3)
2026-06-09 02:19:16,207 [INFO] [64/121] 이태원 앤틱가구거리 (primary=KEY_4)
2026-06-09 02:19:17,353 [INFO] [65/121] 익선동 (primary=KEY_1)
2026-06-09 02:19:18,698 [INFO] [66/121] 인사동 (primary=KEY_2)
2026-06-09 02:19:20,072 [INFO] [67/121] 잠실롯데타워·석촌호수 (primary=KEY_3)
2026-06-09 02:19:22,390 [INFO] [68/121] 창동 신경제 중심지 (primary=KEY_4)
2026-06-09 02:19:23,941 [INFO] [69/121] 청담동 명품거리 (primary=KEY_1)
2026-06-09 02:19:25,269 [INFO] [70/121] 청량리 제기동 일대 전통시장 (primary=KEY_2)
2026-06-09 02:19:26,626 [INFO] [71/121] 해방촌·경리단길 (primary=KEY_3)
2026-06-09 02:19:27,764 [INFO] [72/121] DDP(동대문디자인플라자) (primary=KEY_4)
2026-06-09 02:19:29,171 [INFO] [73/121] DMC(디지털미디어시티) (primary=KEY_1)
2026-06-09 02:19:30,726 [INFO] [74/121] 가산디지털단지역 (primary=KEY_2)
2026-06-09 02:19:32,230 [INFO] [75/121] 강남역 (primary=KEY_3)
2026-06-09 02:19:33,811 [INFO] [76/121] 건대입구역 (primary=KEY_4)
2026-06-09 02:19:35,760 [INFO] [77/121] 고덕역 (primary=KEY_1)
2026-06-09 02:19:36,928 [INFO] [78/121] 고속터미널역 (primary=KEY_2)
2026-06-09 02:19:38,086 [INFO] [79/121] 교대역 (primary=KEY_3)
2026-06-09 02:19:39,251 [INFO] [80/121] 구로디지털단지역 (primary=KEY_4)
2026-06-09 02:19:40,629 [INFO] [81/121] 구로역 (primary=KEY_1)
2026-06-09 02:19:41,772 [INFO] [82/121] 군자역 (primary=KEY_2)
2026-06-09 02:19:42,932 [INFO] [83/121] 대림역 (primary=KEY_3)
2026-06-09 02:19:44,084 [INFO] [84/121] 동대문역 (primary=KEY_4)
2026-06-09 02:19:45,253 [INFO] [85/121] 뚝섬역 (primary=KEY_1)
2026-06-09 02:19:46,585 [INFO] [86/121] 미아사거리역 (primary=KEY_2)
2026-06-09 02:19:48,514 [INFO] [87/121] 발산역 (primary=KEY_3)
2026-06-09 02:19:50,045 [INFO] [88/121] 사당역 (primary=KEY_4)
2026-06-09 02:19:51,198 [INFO] [89/121] 삼각지역 (primary=KEY_1)
2026-06-09 02:19:52,352 [INFO] [90/121] 서울대입구역 (primary=KEY_2)
2026-06-09 02:19:53,503 [INFO] [91/121] 서울식물원·마곡나루역 (primary=KEY_3)
2026-06-09 02:19:54,846 [INFO] [92/121] 서울역 (primary=KEY_4)
2026-06-09 02:19:56,240 [INFO] [93/121] 선릉역 (primary=KEY_1)
2026-06-09 02:19:57,801 [INFO] [94/121] 성신여대입구역 (primary=KEY_2)
2026-06-09 02:19:58,961 [INFO] [95/121] 수유역 (primary=KEY_3)
2026-06-09 02:20:00,300 [INFO] [96/121] 숭례문 (primary=KEY_4)
2026-06-09 02:20:01,634 [INFO] [97/121] 시의회 앞 (primary=KEY_1)
2026-06-09 02:20:02,977 [INFO] [98/121] 신논현역·논현역 (primary=KEY_2)
2026-06-09 02:20:04,323 [INFO] [99/121] 신도림역 (primary=KEY_3)
2026-06-09 02:20:05,459 [INFO] [100/121] 신림역 (primary=KEY_4)
2026-06-09 02:20:06,588 [INFO] [101/121] 신정네거리역 (primary=KEY_1)
2026-06-09 02:20:07,728 [INFO] [102/121] 신촌·이대역 (primary=KEY_2)
2026-06-09 02:20:09,078 [INFO] [103/121] 쌍문역 (primary=KEY_3)
2026-06-09 02:20:10,208 [INFO] [104/121] 양재역 (primary=KEY_4)
2026-06-09 02:20:11,360 [INFO] [105/121] 역삼역 (primary=KEY_1)
2026-06-09 02:20:12,691 [INFO] [106/121] 연신내역 (primary=KEY_2)
2026-06-09 02:20:13,827 [INFO] [107/121] 오목교역·목동운동장 (primary=KEY_3)
2026-06-09 02:20:15,364 [INFO] [108/121] 왕십리역 (primary=KEY_4)
2026-06-09 02:20:16,688 [INFO] [109/121] 용산역 (primary=KEY_1)
2026-06-09 02:20:18,013 [INFO] [110/121] 이태원역 (primary=KEY_2)
2026-06-09 02:20:19,161 [INFO] [111/121] 잠실새내역 (primary=KEY_3)
2026-06-09 02:20:20,493 [INFO] [112/121] 잠실역 (primary=KEY_4)
2026-06-09 02:20:21,821 [INFO] [113/121] 장지역 (primary=KEY_1)
2026-06-09 02:20:23,139 [INFO] [114/121] 장한평역 (primary=KEY_2)
2026-06-09 02:20:24,473 [INFO] [115/121] 천호역 (primary=KEY_3)
2026-06-09 02:20:25,817 [INFO] [116/121] 총신대입구(이수)역 (primary=KEY_4)
2026-06-09 02:20:27,233 [INFO] [117/121] 충정로역 (primary=KEY_1)
2026-06-09 02:20:28,402 [INFO] [118/121] 합정역 (primary=KEY_2)
2026-06-09 02:20:29,749 [INFO] [119/121] 혜화역 (primary=KEY_3)
2026-06-09 02:20:30,907 [INFO] [120/121] 홍대입구역(2호선) (primary=KEY_4)
2026-06-09 02:20:32,062 [INFO] [121/121] 회기역 (primary=KEY_1)
2026-06-09 02:20:34,156 [INFO] === 수집 완료 | 성공 121, 실패 0 ===
2026-06-09 02:20:34,156 [INFO] 카테고리별 저장 결과:
2026-06-09 02:20:34,156 [INFO]    accident                  | 신규     2행 | 누적      4행 | 16컬럼
2026-06-09 02:20:34,156 [INFO]    area_meta                 | 신규   121행 | 누적    242행 | 5컬럼
2026-06-09 02:20:34,156 [INFO]    bike                      | 신규    11행 | 누적     22행 | 12컬럼
2026-06-09 02:20:34,156 [INFO]    bike_sbike_stts           | 신규   554행 | 누적   1108행 | 12컬럼
2026-06-09 02:20:34,156 [INFO]    bus                       | 신규     3행 | 누적      6행 | 11컬럼
2026-06-09 02:20:34,156 [INFO]    bus_bus_stn_stts          | 신규  1745행 | 누적   3490행 | 11컬럼
2026-06-09 02:20:34,156 [INFO]    charger                   | 신규    25행 | 누적     50행 | 15컬럼
2026-06-09 02:20:34,156 [INFO]    charger_charger_stts      | 신규   322행 | 누적    640행 | 15컬럼
2026-06-09 02:20:34,156 [INFO]    cmrcl                     | 신규    82행 | 누적    164행 | 20컬럼
2026-06-09 02:20:34,156 [INFO]    events                    | 신규    15행 | 누적     30행 | 14컬럼
2026-06-09 02:20:34,156 [INFO]    events_event_stts         | 신규   152행 | 누적    304행 | 14컬럼
2026-06-09 02:20:34,156 [INFO]    parking                   | 신규     6행 | 누적     12행 | 21컬럼
2026-06-09 02:20:34,156 [INFO]    parking_prk_stts          | 신규  1831행 | 누적   3662행 | 21컬럼
2026-06-09 02:20:34,156 [INFO]    ppltn                     | 신규   121행 | 누적    242행 | 26컬럼
2026-06-09 02:20:34,156 [INFO]    road                      | 신규   121행 | 누적    242행 | 21컬럼
2026-06-09 02:20:34,156 [INFO]    road_road_traffic_stts    | 신규  5254행 | 누적  10508행 | 17컬럼
2026-06-09 02:20:34,156 [INFO]    subway                    | 신규    38행 | 누적     76행 | 12컬럼
2026-06-09 02:20:34,156 [INFO]    subway_sub_stts           | 신규   183행 | 누적    366행 | 13컬럼
2026-06-09 02:20:34,156 [INFO]    weather                   | 신규   119행 | 누적    238행 | 30컬럼
2026-06-09 02:20:34,157 [INFO] 키별 사용량:
2026-06-09 02:20:34,157 [INFO]    🟢 KEY_1 (31/1000) 
2026-06-09 02:20:34,157 [INFO]    🟢 KEY_2 (30/1000) 
2026-06-09 02:20:34,157 [INFO]    🟢 KEY_3 (30/1000) 
2026-06-09 02:20:34,157 [INFO]    🟢 KEY_4 (30/1000) 
