2026-07-20 00:08:00,695 [INFO] 등록된 키: 4개, 합산 한도 4,000건/일
2026-07-20 00:08:00,695 [INFO] POI 로드: 매뉴얼 v8.5 기준 fallback 121개 (121개 전체)
2026-07-20 00:08:00,695 [INFO] === 수집 시작 2026-07-20T00:08:00.695786+09:00 ===
2026-07-20 00:08:00,695 [INFO] 대상 장소: 121개 | API: citydata (통합)
2026-07-20 00:08:00,695 [INFO] 키 풀: 4/4 활성 | 오늘 사용 0/4000건
2026-07-20 00:08:00,696 [INFO]   [KEY_1] 담당 31장소
2026-07-20 00:08:00,696 [INFO]   [KEY_2] 담당 30장소
2026-07-20 00:08:00,696 [INFO]   [KEY_3] 담당 30장소
2026-07-20 00:08:00,696 [INFO]   [KEY_4] 담당 30장소
2026-07-20 00:08:00,696 [INFO] [1/121] 경복궁 (primary=KEY_1)
2026-07-20 00:08:02,331 [INFO] [2/121] 광화문·덕수궁 (primary=KEY_2)
2026-07-20 00:08:04,239 [INFO] [3/121] 보신각 (primary=KEY_3)
2026-07-20 00:08:05,854 [INFO] [4/121] 서울 암사동 유적 (primary=KEY_4)
2026-07-20 00:08:07,312 [INFO] [5/121] 창덕궁·종묘 (primary=KEY_1)
2026-07-20 00:08:09,156 [INFO] [6/121] 강남 MICE 관광특구 (primary=KEY_2)
2026-07-20 00:08:11,051 [INFO] [7/121] 동대문 관광특구 (primary=KEY_3)
2026-07-20 00:08:12,846 [INFO] [8/121] 명동 관광특구 (primary=KEY_4)
2026-07-20 00:08:14,803 [INFO] [9/121] 이태원 관광특구 (primary=KEY_1)
2026-07-20 00:08:15,926 [INFO] [10/121] 잠실 관광특구 (primary=KEY_2)
2026-07-20 00:08:17,388 [INFO] [11/121] 종로·청계 관광특구 (primary=KEY_3)
2026-07-20 00:08:18,807 [INFO] [12/121] 홍대 관광특구 (primary=KEY_4)
2026-07-20 00:08:20,606 [INFO] [13/121] 강서한강공원 (primary=KEY_1)
2026-07-20 00:08:21,567 [INFO] [14/121] 고척돔 (primary=KEY_2)
2026-07-20 00:08:23,039 [INFO] [15/121] 광나루한강공원 (primary=KEY_3)
2026-07-20 00:08:24,636 [INFO] [16/121] 광화문광장 (primary=KEY_4)
2026-07-20 00:08:26,500 [INFO] [17/121] 국립중앙박물관·용산가족공원 (primary=KEY_1)
2026-07-20 00:08:27,501 [INFO] [18/121] 난지한강공원 (primary=KEY_2)
2026-07-20 00:08:28,458 [INFO] [19/121] 남산공원 (primary=KEY_3)
2026-07-20 00:08:29,706 [INFO] [20/121] 노들섬 (primary=KEY_4)
2026-07-20 00:08:31,187 [INFO] [21/121] 뚝섬한강공원 (primary=KEY_1)
2026-07-20 00:08:32,161 [INFO] [22/121] 망원한강공원 (primary=KEY_2)
2026-07-20 00:08:33,273 [INFO] [23/121] 반포한강공원 (primary=KEY_3)
2026-07-20 00:08:34,230 [INFO] [24/121] 보라매공원 (primary=KEY_4)
2026-07-20 00:08:35,210 [INFO] [25/121] 북서울꿈의숲 (primary=KEY_1)
2026-07-20 00:08:36,307 [INFO] [26/121] 서대문독립공원 (primary=KEY_2)
2026-07-20 00:08:37,368 [INFO] [27/121] 서리풀공원·몽마르뜨공원 (primary=KEY_3)
2026-07-20 00:08:38,890 [INFO] [28/121] 서울대공원 (primary=KEY_4)
2026-07-20 00:08:39,845 [INFO] [29/121] 서울숲공원 (primary=KEY_1)
2026-07-20 00:08:40,958 [INFO] [30/121] 송현녹지광장 (primary=KEY_2)
2026-07-20 00:08:42,060 [INFO] [31/121] 아차산 (primary=KEY_3)
2026-07-20 00:08:43,784 [INFO] [32/121] 안양천 (primary=KEY_4)
2026-07-20 00:08:44,749 [INFO] [33/121] 양화한강공원 (primary=KEY_1)
2026-07-20 00:08:45,713 [INFO] [34/121] 어린이대공원 (primary=KEY_2)
2026-07-20 00:08:47,348 [INFO] [35/121] 여의도한강공원 (primary=KEY_3)
2026-07-20 00:08:48,456 [INFO] [36/121] 여의서로 (primary=KEY_4)
2026-07-20 00:08:49,538 [INFO] [37/121] 올림픽공원 (primary=KEY_1)
2026-07-20 00:08:50,671 [INFO] [38/121] 월드컵공원 (primary=KEY_2)
2026-07-20 00:08:51,927 [INFO] [39/121] 응봉산 (primary=KEY_3)
2026-07-20 00:08:53,008 [INFO] [40/121] 이촌한강공원 (primary=KEY_4)
2026-07-20 00:08:53,960 [INFO] [41/121] 잠실종합운동장 (primary=KEY_1)
2026-07-20 00:08:54,928 [INFO] [42/121] 잠실한강공원 (primary=KEY_2)
2026-07-20 00:08:55,895 [INFO] [43/121] 잠원한강공원 (primary=KEY_3)
2026-07-20 00:08:56,851 [INFO] [44/121] 청계산 (primary=KEY_4)
2026-07-20 00:08:57,811 [INFO] [45/121] 홍제폭포 (primary=KEY_1)
2026-07-20 00:08:59,276 [INFO] [46/121] 가락시장 (primary=KEY_2)
2026-07-20 00:09:00,392 [INFO] [47/121] 가로수길 (primary=KEY_3)
2026-07-20 00:09:01,519 [INFO] [48/121] 광장(전통)시장 (primary=KEY_4)
2026-07-20 00:09:02,483 [INFO] [49/121] 김포공항 (primary=KEY_1)
2026-07-20 00:09:03,736 [INFO] [50/121] 남대문시장 (primary=KEY_2)
2026-07-20 00:09:04,831 [INFO] [51/121] 노량진 (primary=KEY_3)
2026-07-20 00:09:05,949 [INFO] [52/121] 덕수궁길·정동길 (primary=KEY_4)
2026-07-20 00:09:07,065 [INFO] [53/121] 북창동 먹자골목 (primary=KEY_1)
2026-07-20 00:09:08,155 [INFO] [54/121] 북촌한옥마을 (primary=KEY_2)
2026-07-20 00:09:09,370 [INFO] [55/121] 서촌 (primary=KEY_3)
2026-07-20 00:09:10,457 [INFO] [56/121] 성수카페거리 (primary=KEY_4)
2026-07-20 00:09:11,702 [INFO] [57/121] 송리단길·호수단길 (primary=KEY_1)
2026-07-20 00:09:12,826 [INFO] [58/121] 신촌 스타광장 (primary=KEY_2)
2026-07-20 00:09:13,796 [INFO] [59/121] 압구정로데오거리 (primary=KEY_3)
2026-07-20 00:09:14,897 [INFO] [60/121] 여의도 (primary=KEY_4)
2026-07-20 00:09:16,626 [INFO] [61/121] 연남동 (primary=KEY_1)
2026-07-20 00:09:17,726 [INFO] [62/121] 영등포 타임스퀘어 (primary=KEY_2)
2026-07-20 00:09:18,822 [INFO] [63/121] 용리단길 (primary=KEY_3)
2026-07-20 00:09:19,825 [INFO] [64/121] 이태원 앤틱가구거리 (primary=KEY_4)
2026-07-20 00:09:20,801 [INFO] [65/121] 익선동 (primary=KEY_1)
2026-07-20 00:09:21,930 [INFO] [66/121] 인사동 (primary=KEY_2)
2026-07-20 00:09:23,180 [INFO] [67/121] 잠실롯데타워·석촌호수 (primary=KEY_3)
2026-07-20 00:09:24,571 [INFO] [68/121] 창동 신경제 중심지 (primary=KEY_4)
2026-07-20 00:09:25,977 [INFO] [69/121] 청담동 명품거리 (primary=KEY_1)
2026-07-20 00:09:27,079 [INFO] [70/121] 청량리 제기동 일대 전통시장 (primary=KEY_2)
2026-07-20 00:09:28,185 [INFO] [71/121] 해방촌·경리단길 (primary=KEY_3)
2026-07-20 00:09:29,152 [INFO] [72/121] DDP(동대문디자인플라자) (primary=KEY_4)
2026-07-20 00:09:30,300 [INFO] [73/121] DMC(디지털미디어시티) (primary=KEY_1)
2026-07-20 00:09:31,719 [INFO] [74/121] 가산디지털단지역 (primary=KEY_2)
2026-07-20 00:09:33,243 [INFO] [75/121] 강남역 (primary=KEY_3)
2026-07-20 00:09:34,507 [INFO] [76/121] 건대입구역 (primary=KEY_4)
2026-07-20 00:09:35,638 [INFO] [77/121] 고덕역 (primary=KEY_1)
2026-07-20 00:09:36,737 [INFO] [78/121] 고속터미널역 (primary=KEY_2)
2026-07-20 00:09:37,849 [INFO] [79/121] 교대역 (primary=KEY_3)
2026-07-20 00:09:38,816 [INFO] [80/121] 구로디지털단지역 (primary=KEY_4)
2026-07-20 00:09:40,175 [INFO] [81/121] 구로역 (primary=KEY_1)
2026-07-20 00:09:41,269 [INFO] [82/121] 군자역 (primary=KEY_2)
2026-07-20 00:09:42,275 [INFO] [83/121] 대림역 (primary=KEY_3)
2026-07-20 00:09:43,378 [INFO] [84/121] 동대문역 (primary=KEY_4)
2026-07-20 00:09:44,497 [INFO] [85/121] 뚝섬역 (primary=KEY_1)
2026-07-20 00:09:45,615 [INFO] [86/121] 미아사거리역 (primary=KEY_2)
2026-07-20 00:09:46,748 [INFO] [87/121] 발산역 (primary=KEY_3)
2026-07-20 00:09:47,996 [INFO] [88/121] 사당역 (primary=KEY_4)
2026-07-20 00:09:49,100 [INFO] [89/121] 삼각지역 (primary=KEY_1)
2026-07-20 00:09:50,065 [INFO] [90/121] 서울대입구역 (primary=KEY_2)
2026-07-20 00:09:51,167 [INFO] [91/121] 서울식물원·마곡나루역 (primary=KEY_3)
2026-07-20 00:09:52,921 [INFO] [92/121] 서울역 (primary=KEY_4)
2026-07-20 00:09:54,701 [INFO] [93/121] 선릉역 (primary=KEY_1)
2026-07-20 00:09:56,620 [INFO] [94/121] 성신여대입구역 (primary=KEY_2)
2026-07-20 00:09:57,741 [INFO] [95/121] 수유역 (primary=KEY_3)
2026-07-20 00:09:59,361 [INFO] [96/121] 숭례문 (primary=KEY_4)
2026-07-20 00:10:00,727 [INFO] [97/121] 시의회 앞 (primary=KEY_1)
2026-07-20 00:10:02,340 [INFO] [98/121] 신논현역·논현역 (primary=KEY_2)
2026-07-20 00:10:04,085 [INFO] [99/121] 신도림역 (primary=KEY_3)
2026-07-20 00:10:05,043 [INFO] [100/121] 신림역 (primary=KEY_4)
2026-07-20 00:10:06,169 [INFO] [101/121] 신정네거리역 (primary=KEY_1)
2026-07-20 00:10:07,774 [INFO] [102/121] 신촌·이대역 (primary=KEY_2)
2026-07-20 00:10:08,903 [INFO] [103/121] 쌍문역 (primary=KEY_3)
2026-07-20 00:10:10,741 [INFO] [104/121] 양재역 (primary=KEY_4)
2026-07-20 00:10:11,833 [INFO] [105/121] 역삼역 (primary=KEY_1)
2026-07-20 00:10:13,569 [INFO] [106/121] 연신내역 (primary=KEY_2)
2026-07-20 00:10:14,667 [INFO] [107/121] 오목교역·목동운동장 (primary=KEY_3)
2026-07-20 00:10:16,675 [INFO] [108/121] 왕십리역 (primary=KEY_4)
2026-07-20 00:10:18,419 [INFO] [109/121] 용산역 (primary=KEY_1)
2026-07-20 00:10:19,767 [INFO] [110/121] 이태원역 (primary=KEY_2)
2026-07-20 00:10:20,736 [INFO] [111/121] 잠실새내역 (primary=KEY_3)
2026-07-20 00:10:21,859 [INFO] [112/121] 잠실역 (primary=KEY_4)
2026-07-20 00:10:23,266 [INFO] [113/121] 장지역 (primary=KEY_1)
2026-07-20 00:10:24,492 [INFO] [114/121] 장한평역 (primary=KEY_2)
2026-07-20 00:10:25,590 [INFO] [115/121] 천호역 (primary=KEY_3)
2026-07-20 00:10:26,689 [INFO] [116/121] 총신대입구(이수)역 (primary=KEY_4)
2026-07-20 00:10:27,801 [INFO] [117/121] 충정로역 (primary=KEY_1)
2026-07-20 00:10:28,892 [INFO] [118/121] 합정역 (primary=KEY_2)
2026-07-20 00:10:30,010 [INFO] [119/121] 혜화역 (primary=KEY_3)
2026-07-20 00:10:31,111 [INFO] [120/121] 홍대입구역(2호선) (primary=KEY_4)
2026-07-20 00:10:32,214 [INFO] [121/121] 회기역 (primary=KEY_1)
2026-07-20 00:10:34,495 [INFO] === 수집 완료 | 성공 121, 실패 0 ===
2026-07-20 00:10:34,495 [INFO] 카테고리별 저장 결과:
2026-07-20 00:10:34,495 [INFO]    accident                  | 신규     3행 | 누적      3행 | 16컬럼
2026-07-20 00:10:34,495 [INFO]    area_meta                 | 신규   121행 | 누적    121행 | 5컬럼
2026-07-20 00:10:34,495 [INFO]    bike                      | 신규    11행 | 누적     11행 | 12컬럼
2026-07-20 00:10:34,495 [INFO]    bike_sbike_stts           | 신규   570행 | 누적    570행 | 12컬럼
2026-07-20 00:10:34,495 [INFO]    bus                       | 신규     3행 | 누적      3행 | 11컬럼
2026-07-20 00:10:34,495 [INFO]    bus_bus_stn_stts          | 신규  1745행 | 누적   1745행 | 11컬럼
2026-07-20 00:10:34,495 [INFO]    charger                   | 신규     4행 | 누적      4행 | 15컬럼
2026-07-20 00:10:34,495 [INFO]    charger_charger_stts      | 신규  1918행 | 누적   1918행 | 15컬럼
2026-07-20 00:10:34,495 [INFO]    cmrcl                     | 신규    82행 | 누적     82행 | 20컬럼
2026-07-20 00:10:34,495 [INFO]    events                    | 신규     8행 | 누적      8행 | 14컬럼
2026-07-20 00:10:34,495 [INFO]    events_event_stts         | 신규   129행 | 누적    129행 | 14컬럼
2026-07-20 00:10:34,496 [INFO]    parking                   | 신규     6행 | 누적      6행 | 21컬럼
2026-07-20 00:10:34,496 [INFO]    parking_prk_stts          | 신규  1834행 | 누적   1834행 | 21컬럼
2026-07-20 00:10:34,496 [INFO]    ppltn                     | 신규   121행 | 누적    121행 | 26컬럼
2026-07-20 00:10:34,496 [INFO]    road                      | 신규   121행 | 누적    121행 | 21컬럼
2026-07-20 00:10:34,496 [INFO]    road_road_traffic_stts    | 신규  5271행 | 누적   5271행 | 17컬럼
2026-07-20 00:10:34,496 [INFO]    subway                    | 신규    38행 | 누적     38행 | 12컬럼
2026-07-20 00:10:34,496 [INFO]    subway_sub_stts           | 신규   183행 | 누적    183행 | 13컬럼
2026-07-20 00:10:34,496 [INFO]    weather                   | 신규   119행 | 누적    119행 | 29컬럼
2026-07-20 00:10:34,496 [INFO] 키별 사용량:
2026-07-20 00:10:34,496 [INFO]    🟢 KEY_1 (31/1000) 
2026-07-20 00:10:34,496 [INFO]    🟢 KEY_2 (30/1000) 
2026-07-20 00:10:34,496 [INFO]    🟢 KEY_3 (30/1000) 
2026-07-20 00:10:34,496 [INFO]    🟢 KEY_4 (30/1000) 
2026-07-20 02:11:31,324 [INFO] 등록된 키: 4개, 합산 한도 4,000건/일
2026-07-20 02:11:31,325 [INFO] POI 로드: 매뉴얼 v8.5 기준 fallback 121개 (121개 전체)
2026-07-20 02:11:31,325 [INFO] === 수집 시작 2026-07-20T02:11:31.325382+09:00 ===
2026-07-20 02:11:31,325 [INFO] 대상 장소: 121개 | API: citydata (통합)
2026-07-20 02:11:31,325 [INFO] 키 풀: 4/4 활성 | 오늘 사용 0/4000건
2026-07-20 02:11:31,325 [INFO]   [KEY_1] 담당 31장소
2026-07-20 02:11:31,325 [INFO]   [KEY_2] 담당 30장소
2026-07-20 02:11:31,325 [INFO]   [KEY_3] 담당 30장소
2026-07-20 02:11:31,325 [INFO]   [KEY_4] 담당 30장소
2026-07-20 02:11:31,325 [INFO] [1/121] 경복궁 (primary=KEY_1)
2026-07-20 02:11:33,248 [INFO] [2/121] 광화문·덕수궁 (primary=KEY_2)
2026-07-20 02:11:35,485 [INFO] [3/121] 보신각 (primary=KEY_3)
2026-07-20 02:11:37,543 [INFO] [4/121] 서울 암사동 유적 (primary=KEY_4)
2026-07-20 02:11:39,407 [INFO] [5/121] 창덕궁·종묘 (primary=KEY_1)
2026-07-20 02:11:41,424 [INFO] [6/121] 강남 MICE 관광특구 (primary=KEY_2)
2026-07-20 02:11:43,309 [INFO] [7/121] 동대문 관광특구 (primary=KEY_3)
2026-07-20 02:11:45,538 [INFO] [8/121] 명동 관광특구 (primary=KEY_4)
2026-07-20 02:11:48,136 [INFO] [9/121] 이태원 관광특구 (primary=KEY_1)
2026-07-20 02:11:50,038 [INFO] [10/121] 잠실 관광특구 (primary=KEY_2)
2026-07-20 02:11:52,449 [INFO] [11/121] 종로·청계 관광특구 (primary=KEY_3)
2026-07-20 02:11:53,884 [INFO] [12/121] 홍대 관광특구 (primary=KEY_4)
2026-07-20 02:11:56,140 [INFO] [13/121] 강서한강공원 (primary=KEY_1)
2026-07-20 02:11:57,200 [INFO] [14/121] 고척돔 (primary=KEY_2)
2026-07-20 02:11:58,893 [INFO] [15/121] 광나루한강공원 (primary=KEY_3)
2026-07-20 02:12:00,110 [INFO] [16/121] 광화문광장 (primary=KEY_4)
2026-07-20 02:12:02,158 [INFO] [17/121] 국립중앙박물관·용산가족공원 (primary=KEY_1)
2026-07-20 02:12:03,218 [INFO] [18/121] 난지한강공원 (primary=KEY_2)
2026-07-20 02:12:04,929 [INFO] [19/121] 남산공원 (primary=KEY_3)
2026-07-20 02:12:07,110 [INFO] [20/121] 노들섬 (primary=KEY_4)
2026-07-20 02:12:08,151 [INFO] [21/121] 뚝섬한강공원 (primary=KEY_1)
2026-07-20 02:12:10,339 [INFO] [22/121] 망원한강공원 (primary=KEY_2)
2026-07-20 02:12:11,558 [INFO] [23/121] 반포한강공원 (primary=KEY_3)
2026-07-20 02:12:12,605 [INFO] [24/121] 보라매공원 (primary=KEY_4)
2026-07-20 02:12:13,661 [INFO] [25/121] 북서울꿈의숲 (primary=KEY_1)
2026-07-20 02:12:14,871 [INFO] [26/121] 서대문독립공원 (primary=KEY_2)
2026-07-20 02:12:16,647 [INFO] [27/121] 서리풀공원·몽마르뜨공원 (primary=KEY_3)
2026-07-20 02:12:17,711 [INFO] [28/121] 서울대공원 (primary=KEY_4)
2026-07-20 02:12:18,756 [INFO] [29/121] 서울숲공원 (primary=KEY_1)
2026-07-20 02:12:19,990 [INFO] [30/121] 송현녹지광장 (primary=KEY_2)
2026-07-20 02:12:21,210 [INFO] [31/121] 아차산 (primary=KEY_3)
2026-07-20 02:12:22,252 [INFO] [32/121] 안양천 (primary=KEY_4)
2026-07-20 02:12:23,298 [INFO] [33/121] 양화한강공원 (primary=KEY_1)
2026-07-20 02:12:24,339 [INFO] [34/121] 어린이대공원 (primary=KEY_2)
2026-07-20 02:12:25,573 [INFO] [35/121] 여의도한강공원 (primary=KEY_3)
2026-07-20 02:12:26,783 [INFO] [36/121] 여의서로 (primary=KEY_4)
2026-07-20 02:12:28,969 [INFO] [37/121] 올림픽공원 (primary=KEY_1)
2026-07-20 02:12:30,217 [INFO] [38/121] 월드컵공원 (primary=KEY_2)
2026-07-20 02:12:31,625 [INFO] [39/121] 응봉산 (primary=KEY_3)
2026-07-20 02:12:32,846 [INFO] [40/121] 이촌한강공원 (primary=KEY_4)
2026-07-20 02:12:33,899 [INFO] [41/121] 잠실종합운동장 (primary=KEY_1)
2026-07-20 02:12:34,971 [INFO] [42/121] 잠실한강공원 (primary=KEY_2)
2026-07-20 02:12:36,037 [INFO] [43/121] 잠원한강공원 (primary=KEY_3)
2026-07-20 02:12:37,111 [INFO] [44/121] 청계산 (primary=KEY_4)
2026-07-20 02:12:38,166 [INFO] [45/121] 홍제폭포 (primary=KEY_1)
2026-07-20 02:12:39,203 [INFO] [46/121] 가락시장 (primary=KEY_2)
2026-07-20 02:12:40,459 [INFO] [47/121] 가로수길 (primary=KEY_3)
2026-07-20 02:12:41,723 [INFO] [48/121] 광장(전통)시장 (primary=KEY_4)
2026-07-20 02:12:42,786 [INFO] [49/121] 김포공항 (primary=KEY_1)
2026-07-20 02:12:44,186 [INFO] [50/121] 남대문시장 (primary=KEY_2)
2026-07-20 02:12:45,426 [INFO] [51/121] 노량진 (primary=KEY_3)
2026-07-20 02:12:46,677 [INFO] [52/121] 덕수궁길·정동길 (primary=KEY_4)
2026-07-20 02:12:47,923 [INFO] [53/121] 북창동 먹자골목 (primary=KEY_1)
2026-07-20 02:12:49,132 [INFO] [54/121] 북촌한옥마을 (primary=KEY_2)
2026-07-20 02:12:51,178 [INFO] [55/121] 서촌 (primary=KEY_3)
2026-07-20 02:12:52,397 [INFO] [56/121] 성수카페거리 (primary=KEY_4)
2026-07-20 02:12:53,825 [INFO] [57/121] 송리단길·호수단길 (primary=KEY_1)
2026-07-20 02:12:55,078 [INFO] [58/121] 신촌 스타광장 (primary=KEY_2)
2026-07-20 02:12:56,145 [INFO] [59/121] 압구정로데오거리 (primary=KEY_3)
2026-07-20 02:12:57,542 [INFO] [60/121] 여의도 (primary=KEY_4)
2026-07-20 02:12:59,493 [INFO] [61/121] 연남동 (primary=KEY_1)
2026-07-20 02:13:00,729 [INFO] [62/121] 영등포 타임스퀘어 (primary=KEY_2)
2026-07-20 02:13:01,948 [INFO] [63/121] 용리단길 (primary=KEY_3)
2026-07-20 02:13:03,049 [INFO] [64/121] 이태원 앤틱가구거리 (primary=KEY_4)
2026-07-20 02:13:04,125 [INFO] [65/121] 익선동 (primary=KEY_1)
2026-07-20 02:13:05,368 [INFO] [66/121] 인사동 (primary=KEY_2)
2026-07-20 02:13:06,769 [INFO] [67/121] 잠실롯데타워·석촌호수 (primary=KEY_3)
2026-07-20 02:13:08,344 [INFO] [68/121] 창동 신경제 중심지 (primary=KEY_4)
2026-07-20 02:13:09,911 [INFO] [69/121] 청담동 명품거리 (primary=KEY_1)
2026-07-20 02:13:11,174 [INFO] [70/121] 청량리 제기동 일대 전통시장 (primary=KEY_2)
2026-07-20 02:13:12,411 [INFO] [71/121] 해방촌·경리단길 (primary=KEY_3)
2026-07-20 02:13:13,462 [INFO] [72/121] DDP(동대문디자인플라자) (primary=KEY_4)
2026-07-20 02:13:15,397 [INFO] [73/121] DMC(디지털미디어시티) (primary=KEY_1)
2026-07-20 02:13:16,987 [INFO] [74/121] 가산디지털단지역 (primary=KEY_2)
2026-07-20 02:13:18,711 [INFO] [75/121] 강남역 (primary=KEY_3)
2026-07-20 02:13:20,126 [INFO] [76/121] 건대입구역 (primary=KEY_4)
2026-07-20 02:13:21,360 [INFO] [77/121] 고덕역 (primary=KEY_1)
2026-07-20 02:13:22,586 [INFO] [78/121] 고속터미널역 (primary=KEY_2)
2026-07-20 02:13:23,823 [INFO] [79/121] 교대역 (primary=KEY_3)
2026-07-20 02:13:24,897 [INFO] [80/121] 구로디지털단지역 (primary=KEY_4)
2026-07-20 02:13:26,441 [INFO] [81/121] 구로역 (primary=KEY_1)
2026-07-20 02:13:27,665 [INFO] [82/121] 군자역 (primary=KEY_2)
2026-07-20 02:13:28,734 [INFO] [83/121] 대림역 (primary=KEY_3)
2026-07-20 02:13:29,971 [INFO] [84/121] 동대문역 (primary=KEY_4)
2026-07-20 02:13:31,209 [INFO] [85/121] 뚝섬역 (primary=KEY_1)
2026-07-20 02:13:32,433 [INFO] [86/121] 미아사거리역 (primary=KEY_2)
2026-07-20 02:13:33,658 [INFO] [87/121] 발산역 (primary=KEY_3)
2026-07-20 02:13:35,707 [INFO] [88/121] 사당역 (primary=KEY_4)
2026-07-20 02:13:37,758 [INFO] [89/121] 삼각지역 (primary=KEY_1)
2026-07-20 02:13:39,416 [INFO] [90/121] 서울대입구역 (primary=KEY_2)
2026-07-20 02:13:41,291 [INFO] [91/121] 서울식물원·마곡나루역 (primary=KEY_3)
2026-07-20 02:13:43,346 [INFO] [92/121] 서울역 (primary=KEY_4)
2026-07-20 02:13:45,314 [INFO] [93/121] 선릉역 (primary=KEY_1)
2026-07-20 02:13:46,911 [INFO] [94/121] 성신여대입구역 (primary=KEY_2)
2026-07-20 02:13:48,002 [INFO] [95/121] 수유역 (primary=KEY_3)
2026-07-20 02:13:49,896 [INFO] [96/121] 숭례문 (primary=KEY_4)
2026-07-20 02:13:51,942 [INFO] [97/121] 시의회 앞 (primary=KEY_1)
2026-07-20 02:13:53,190 [INFO] [98/121] 신논현역·논현역 (primary=KEY_2)
2026-07-20 02:13:55,107 [INFO] [99/121] 신도림역 (primary=KEY_3)
2026-07-20 02:13:56,177 [INFO] [100/121] 신림역 (primary=KEY_4)
2026-07-20 02:13:57,296 [INFO] [101/121] 신정네거리역 (primary=KEY_1)
2026-07-20 02:13:59,497 [INFO] [102/121] 신촌·이대역 (primary=KEY_2)
2026-07-20 02:14:00,744 [INFO] [103/121] 쌍문역 (primary=KEY_3)
2026-07-20 02:14:02,612 [INFO] [104/121] 양재역 (primary=KEY_4)
2026-07-20 02:14:03,869 [INFO] [105/121] 역삼역 (primary=KEY_1)
2026-07-20 02:14:05,933 [INFO] [106/121] 연신내역 (primary=KEY_2)
2026-07-20 02:14:07,677 [INFO] [107/121] 오목교역·목동운동장 (primary=KEY_3)
2026-07-20 02:14:09,417 [INFO] [108/121] 왕십리역 (primary=KEY_4)
2026-07-20 02:14:10,694 [INFO] [109/121] 용산역 (primary=KEY_1)
2026-07-20 02:14:12,761 [INFO] [110/121] 이태원역 (primary=KEY_2)
2026-07-20 02:14:13,857 [INFO] [111/121] 잠실새내역 (primary=KEY_3)
2026-07-20 02:14:15,094 [INFO] [112/121] 잠실역 (primary=KEY_4)
2026-07-20 02:14:16,517 [INFO] [113/121] 장지역 (primary=KEY_1)
2026-07-20 02:14:17,972 [INFO] [114/121] 장한평역 (primary=KEY_2)
2026-07-20 02:14:19,871 [INFO] [115/121] 천호역 (primary=KEY_3)
2026-07-20 02:14:21,138 [INFO] [116/121] 총신대입구(이수)역 (primary=KEY_4)
2026-07-20 02:14:22,389 [INFO] [117/121] 충정로역 (primary=KEY_1)
2026-07-20 02:14:23,662 [INFO] [118/121] 합정역 (primary=KEY_2)
2026-07-20 02:14:24,921 [INFO] [119/121] 혜화역 (primary=KEY_3)
2026-07-20 02:14:26,151 [INFO] [120/121] 홍대입구역(2호선) (primary=KEY_4)
2026-07-20 02:14:28,101 [INFO] [121/121] 회기역 (primary=KEY_1)
2026-07-20 02:14:30,616 [INFO] === 수집 완료 | 성공 121, 실패 0 ===
2026-07-20 02:14:30,617 [INFO] 카테고리별 저장 결과:
2026-07-20 02:14:30,617 [INFO]    accident                  | 신규     3행 | 누적      6행 | 16컬럼
2026-07-20 02:14:30,617 [INFO]    area_meta                 | 신규   121행 | 누적    242행 | 5컬럼
2026-07-20 02:14:30,617 [INFO]    bike                      | 신규    11행 | 누적     22행 | 12컬럼
2026-07-20 02:14:30,617 [INFO]    bike_sbike_stts           | 신규   570행 | 누적   1140행 | 12컬럼
2026-07-20 02:14:30,617 [INFO]    bus                       | 신규     3행 | 누적      6행 | 11컬럼
2026-07-20 02:14:30,617 [INFO]    bus_bus_stn_stts          | 신규  1745행 | 누적   3490행 | 11컬럼
2026-07-20 02:14:30,617 [INFO]    charger                   | 신규     4행 | 누적      8행 | 15컬럼
2026-07-20 02:14:30,617 [INFO]    charger_charger_stts      | 신규  1918행 | 누적   3810행 | 15컬럼
2026-07-20 02:14:30,617 [INFO]    cmrcl                     | 신규    82행 | 누적    164행 | 20컬럼
2026-07-20 02:14:30,617 [INFO]    events                    | 신규     8행 | 누적     16행 | 14컬럼
2026-07-20 02:14:30,617 [INFO]    events_event_stts         | 신규   129행 | 누적    258행 | 14컬럼
2026-07-20 02:14:30,617 [INFO]    parking                   | 신규     6행 | 누적     12행 | 21컬럼
2026-07-20 02:14:30,617 [INFO]    parking_prk_stts          | 신규  1834행 | 누적   3668행 | 21컬럼
2026-07-20 02:14:30,617 [INFO]    ppltn                     | 신규   121행 | 누적    242행 | 26컬럼
2026-07-20 02:14:30,617 [INFO]    road                      | 신규   121행 | 누적    242행 | 21컬럼
2026-07-20 02:14:30,617 [INFO]    road_road_traffic_stts    | 신규  5271행 | 누적  10542행 | 17컬럼
2026-07-20 02:14:30,617 [INFO]    subway                    | 신규    38행 | 누적     76행 | 12컬럼
2026-07-20 02:14:30,617 [INFO]    subway_sub_stts           | 신규   183행 | 누적    366행 | 13컬럼
2026-07-20 02:14:30,617 [INFO]    weather                   | 신규   119행 | 누적    238행 | 29컬럼
2026-07-20 02:14:30,617 [INFO] 키별 사용량:
2026-07-20 02:14:30,617 [INFO]    🟢 KEY_1 (31/1000) 
2026-07-20 02:14:30,617 [INFO]    🟢 KEY_2 (30/1000) 
2026-07-20 02:14:30,617 [INFO]    🟢 KEY_3 (30/1000) 
2026-07-20 02:14:30,617 [INFO]    🟢 KEY_4 (30/1000) 
2026-07-20 04:20:59,768 [INFO] 등록된 키: 4개, 합산 한도 4,000건/일
2026-07-20 04:20:59,769 [INFO] POI 로드: 매뉴얼 v8.5 기준 fallback 121개 (121개 전체)
2026-07-20 04:20:59,769 [INFO] === 수집 시작 2026-07-20T04:20:59.769607+09:00 ===
2026-07-20 04:20:59,769 [INFO] 대상 장소: 121개 | API: citydata (통합)
2026-07-20 04:20:59,769 [INFO] 키 풀: 4/4 활성 | 오늘 사용 0/4000건
2026-07-20 04:20:59,769 [INFO]   [KEY_1] 담당 31장소
2026-07-20 04:20:59,769 [INFO]   [KEY_2] 담당 30장소
2026-07-20 04:20:59,769 [INFO]   [KEY_3] 담당 30장소
2026-07-20 04:20:59,769 [INFO]   [KEY_4] 담당 30장소
2026-07-20 04:20:59,770 [INFO] [1/121] 경복궁 (primary=KEY_1)
2026-07-20 04:21:02,871 [INFO] [2/121] 광화문·덕수궁 (primary=KEY_2)
2026-07-20 04:21:05,426 [INFO] [3/121] 보신각 (primary=KEY_3)
2026-07-20 04:21:07,587 [INFO] [4/121] 서울 암사동 유적 (primary=KEY_4)
2026-07-20 04:21:09,486 [INFO] [5/121] 창덕궁·종묘 (primary=KEY_1)
2026-07-20 04:21:10,816 [INFO] [6/121] 강남 MICE 관광특구 (primary=KEY_2)
2026-07-20 04:21:12,925 [INFO] [7/121] 동대문 관광특구 (primary=KEY_3)
2026-07-20 04:21:15,272 [INFO] [8/121] 명동 관광특구 (primary=KEY_4)
2026-07-20 04:21:18,043 [INFO] [9/121] 이태원 관광특구 (primary=KEY_1)
2026-07-20 04:21:19,580 [INFO] [10/121] 잠실 관광특구 (primary=KEY_2)
2026-07-20 04:21:21,534 [INFO] [11/121] 종로·청계 관광특구 (primary=KEY_3)
2026-07-20 04:21:24,291 [INFO] [12/121] 홍대 관광특구 (primary=KEY_4)
2026-07-20 04:21:25,857 [INFO] [13/121] 강서한강공원 (primary=KEY_1)
2026-07-20 04:21:27,013 [INFO] [14/121] 고척돔 (primary=KEY_2)
2026-07-20 04:21:29,324 [INFO] [15/121] 광나루한강공원 (primary=KEY_3)
2026-07-20 04:21:30,652 [INFO] [16/121] 광화문광장 (primary=KEY_4)
2026-07-20 04:21:32,767 [INFO] [17/121] 국립중앙박물관·용산가족공원 (primary=KEY_1)
2026-07-20 04:21:34,887 [INFO] [18/121] 난지한강공원 (primary=KEY_2)
2026-07-20 04:21:36,974 [INFO] [19/121] 남산공원 (primary=KEY_3)
2026-07-20 04:21:39,684 [INFO] [20/121] 노들섬 (primary=KEY_4)
2026-07-20 04:21:41,598 [INFO] [21/121] 뚝섬한강공원 (primary=KEY_1)
2026-07-20 04:21:42,746 [INFO] [22/121] 망원한강공원 (primary=KEY_2)
2026-07-20 04:21:44,078 [INFO] [23/121] 반포한강공원 (primary=KEY_3)
2026-07-20 04:21:46,167 [INFO] [24/121] 보라매공원 (primary=KEY_4)
2026-07-20 04:21:48,266 [INFO] [25/121] 북서울꿈의숲 (primary=KEY_1)
2026-07-20 04:21:50,740 [INFO] [26/121] 서대문독립공원 (primary=KEY_2)
2026-07-20 04:21:51,917 [INFO] [27/121] 서리풀공원·몽마르뜨공원 (primary=KEY_3)
2026-07-20 04:21:53,097 [INFO] [28/121] 서울대공원 (primary=KEY_4)
2026-07-20 04:21:54,228 [INFO] [29/121] 서울숲공원 (primary=KEY_1)
2026-07-20 04:21:55,583 [INFO] [30/121] 송현녹지광장 (primary=KEY_2)
2026-07-20 04:21:56,928 [INFO] [31/121] 아차산 (primary=KEY_3)
2026-07-20 04:21:58,078 [INFO] [32/121] 안양천 (primary=KEY_4)
2026-07-20 04:21:59,230 [INFO] [33/121] 양화한강공원 (primary=KEY_1)
2026-07-20 04:22:01,504 [INFO] [34/121] 어린이대공원 (primary=KEY_2)
2026-07-20 04:22:02,856 [INFO] [35/121] 여의도한강공원 (primary=KEY_3)
2026-07-20 04:22:04,196 [INFO] [36/121] 여의서로 (primary=KEY_4)
2026-07-20 04:22:05,526 [INFO] [37/121] 올림픽공원 (primary=KEY_1)
2026-07-20 04:22:06,894 [INFO] [38/121] 월드컵공원 (primary=KEY_2)
2026-07-20 04:22:08,444 [INFO] [39/121] 응봉산 (primary=KEY_3)
2026-07-20 04:22:10,539 [INFO] [40/121] 이촌한강공원 (primary=KEY_4)
2026-07-20 04:22:12,448 [INFO] [41/121] 잠실종합운동장 (primary=KEY_1)
2026-07-20 04:22:14,359 [INFO] [42/121] 잠실한강공원 (primary=KEY_2)
2026-07-20 04:22:15,507 [INFO] [43/121] 잠원한강공원 (primary=KEY_3)
2026-07-20 04:22:16,632 [INFO] [44/121] 청계산 (primary=KEY_4)
2026-07-20 04:22:17,764 [INFO] [45/121] 홍제폭포 (primary=KEY_1)
2026-07-20 04:22:18,892 [INFO] [46/121] 가락시장 (primary=KEY_2)
2026-07-20 04:22:20,249 [INFO] [47/121] 가로수길 (primary=KEY_3)
2026-07-20 04:22:21,616 [INFO] [48/121] 광장(전통)시장 (primary=KEY_4)
2026-07-20 04:22:23,551 [INFO] [49/121] 김포공항 (primary=KEY_1)
2026-07-20 04:22:25,107 [INFO] [50/121] 남대문시장 (primary=KEY_2)
2026-07-20 04:22:26,452 [INFO] [51/121] 노량진 (primary=KEY_3)
2026-07-20 04:22:27,798 [INFO] [52/121] 덕수궁길·정동길 (primary=KEY_4)
2026-07-20 04:22:29,163 [INFO] [53/121] 북창동 먹자골목 (primary=KEY_1)
2026-07-20 04:22:30,505 [INFO] [54/121] 북촌한옥마을 (primary=KEY_2)
2026-07-20 04:22:32,060 [INFO] [55/121] 서촌 (primary=KEY_3)
2026-07-20 04:22:33,402 [INFO] [56/121] 성수카페거리 (primary=KEY_4)
2026-07-20 04:22:34,960 [INFO] [57/121] 송리단길·호수단길 (primary=KEY_1)
2026-07-20 04:22:36,329 [INFO] [58/121] 신촌 스타광장 (primary=KEY_2)
2026-07-20 04:22:37,496 [INFO] [59/121] 압구정로데오거리 (primary=KEY_3)
2026-07-20 04:22:38,857 [INFO] [60/121] 여의도 (primary=KEY_4)
2026-07-20 04:22:41,084 [INFO] [61/121] 연남동 (primary=KEY_1)
2026-07-20 04:22:42,460 [INFO] [62/121] 영등포 타임스퀘어 (primary=KEY_2)
2026-07-20 04:22:43,819 [INFO] [63/121] 용리단길 (primary=KEY_3)
2026-07-20 04:22:45,013 [INFO] [64/121] 이태원 앤틱가구거리 (primary=KEY_4)
2026-07-20 04:22:46,194 [INFO] [65/121] 익선동 (primary=KEY_1)
2026-07-20 04:22:47,622 [INFO] [66/121] 인사동 (primary=KEY_2)
2026-07-20 04:22:49,205 [INFO] [67/121] 잠실롯데타워·석촌호수 (primary=KEY_3)
2026-07-20 04:22:50,980 [INFO] [68/121] 창동 신경제 중심지 (primary=KEY_4)
2026-07-20 04:22:52,752 [INFO] [69/121] 청담동 명품거리 (primary=KEY_1)
2026-07-20 04:22:54,112 [INFO] [70/121] 청량리 제기동 일대 전통시장 (primary=KEY_2)
2026-07-20 04:22:55,479 [INFO] [71/121] 해방촌·경리단길 (primary=KEY_3)
2026-07-20 04:22:56,651 [INFO] [72/121] DDP(동대문디자인플라자) (primary=KEY_4)
2026-07-20 04:22:58,070 [INFO] [73/121] DMC(디지털미디어시티) (primary=KEY_1)
2026-07-20 04:22:59,858 [INFO] [74/121] 가산디지털단지역 (primary=KEY_2)
2026-07-20 04:23:01,800 [INFO] [75/121] 강남역 (primary=KEY_3)
2026-07-20 04:23:03,396 [INFO] [76/121] 건대입구역 (primary=KEY_4)
2026-07-20 04:23:05,914 [INFO] [77/121] 고덕역 (primary=KEY_1)
2026-07-20 04:23:07,269 [INFO] [78/121] 고속터미널역 (primary=KEY_2)
2026-07-20 04:23:08,646 [INFO] [79/121] 교대역 (primary=KEY_3)
2026-07-20 04:23:10,971 [INFO] [80/121] 구로디지털단지역 (primary=KEY_4)
2026-07-20 04:23:12,743 [INFO] [81/121] 구로역 (primary=KEY_1)
2026-07-20 04:23:14,086 [INFO] [82/121] 군자역 (primary=KEY_2)
2026-07-20 04:23:15,251 [INFO] [83/121] 대림역 (primary=KEY_3)
2026-07-20 04:23:16,629 [INFO] [84/121] 동대문역 (primary=KEY_4)
2026-07-20 04:23:18,006 [INFO] [85/121] 뚝섬역 (primary=KEY_1)
2026-07-20 04:23:19,375 [INFO] [86/121] 미아사거리역 (primary=KEY_2)
2026-07-20 04:23:20,737 [INFO] [87/121] 발산역 (primary=KEY_3)
2026-07-20 04:23:22,484 [INFO] [88/121] 사당역 (primary=KEY_4)
2026-07-20 04:23:23,846 [INFO] [89/121] 삼각지역 (primary=KEY_1)
2026-07-20 04:23:25,031 [INFO] [90/121] 서울대입구역 (primary=KEY_2)
2026-07-20 04:23:26,376 [INFO] [91/121] 서울식물원·마곡나루역 (primary=KEY_3)
2026-07-20 04:23:27,924 [INFO] [92/121] 서울역 (primary=KEY_4)
2026-07-20 04:23:29,328 [INFO] [93/121] 선릉역 (primary=KEY_1)
2026-07-20 04:23:31,106 [INFO] [94/121] 성신여대입구역 (primary=KEY_2)
2026-07-20 04:23:32,288 [INFO] [95/121] 수유역 (primary=KEY_3)
2026-07-20 04:23:33,648 [INFO] [96/121] 숭례문 (primary=KEY_4)
2026-07-20 04:23:35,202 [INFO] [97/121] 시의회 앞 (primary=KEY_1)
2026-07-20 04:23:36,574 [INFO] [98/121] 신논현역·논현역 (primary=KEY_2)
2026-07-20 04:23:37,940 [INFO] [99/121] 신도림역 (primary=KEY_3)
2026-07-20 04:23:39,098 [INFO] [100/121] 신림역 (primary=KEY_4)
2026-07-20 04:23:40,278 [INFO] [101/121] 신정네거리역 (primary=KEY_1)
2026-07-20 04:23:41,675 [INFO] [102/121] 신촌·이대역 (primary=KEY_2)
2026-07-20 04:23:43,027 [INFO] [103/121] 쌍문역 (primary=KEY_3)
2026-07-20 04:23:44,370 [INFO] [104/121] 양재역 (primary=KEY_4)
2026-07-20 04:23:45,739 [INFO] [105/121] 역삼역 (primary=KEY_1)
2026-07-20 04:23:47,300 [INFO] [106/121] 연신내역 (primary=KEY_2)
2026-07-20 04:23:48,485 [INFO] [107/121] 오목교역·목동운동장 (primary=KEY_3)
2026-07-20 04:23:50,442 [INFO] [108/121] 왕십리역 (primary=KEY_4)
2026-07-20 04:23:51,825 [INFO] [109/121] 용산역 (primary=KEY_1)
2026-07-20 04:23:53,388 [INFO] [110/121] 이태원역 (primary=KEY_2)
2026-07-20 04:23:54,549 [INFO] [111/121] 잠실새내역 (primary=KEY_3)
2026-07-20 04:23:55,908 [INFO] [112/121] 잠실역 (primary=KEY_4)
2026-07-20 04:23:57,479 [INFO] [113/121] 장지역 (primary=KEY_1)
2026-07-20 04:23:59,127 [INFO] [114/121] 장한평역 (primary=KEY_2)
2026-07-20 04:24:00,469 [INFO] [115/121] 천호역 (primary=KEY_3)
2026-07-20 04:24:01,822 [INFO] [116/121] 총신대입구(이수)역 (primary=KEY_4)
2026-07-20 04:24:03,181 [INFO] [117/121] 충정로역 (primary=KEY_1)
2026-07-20 04:24:04,536 [INFO] [118/121] 합정역 (primary=KEY_2)
2026-07-20 04:24:05,897 [INFO] [119/121] 혜화역 (primary=KEY_3)
2026-07-20 04:24:07,265 [INFO] [120/121] 홍대입구역(2호선) (primary=KEY_4)
2026-07-20 04:24:08,619 [INFO] [121/121] 회기역 (primary=KEY_1)
2026-07-20 04:24:10,791 [INFO] === 수집 완료 | 성공 121, 실패 0 ===
2026-07-20 04:24:10,792 [INFO] 카테고리별 저장 결과:
2026-07-20 04:24:10,792 [INFO]    accident                  | 신규     3행 | 누적      9행 | 16컬럼
2026-07-20 04:24:10,792 [INFO]    area_meta                 | 신규   121행 | 누적    363행 | 5컬럼
2026-07-20 04:24:10,792 [INFO]    bike                      | 신규    11행 | 누적     33행 | 12컬럼
2026-07-20 04:24:10,792 [INFO]    bike_sbike_stts           | 신규   570행 | 누적   1710행 | 12컬럼
2026-07-20 04:24:10,792 [INFO]    bus                       | 신규     3행 | 누적      9행 | 11컬럼
2026-07-20 04:24:10,792 [INFO]    bus_bus_stn_stts          | 신규  1745행 | 누적   5235행 | 11컬럼
2026-07-20 04:24:10,792 [INFO]    charger                   | 신규     4행 | 누적     12행 | 15컬럼
2026-07-20 04:24:10,792 [INFO]    charger_charger_stts      | 신규  1918행 | 누적   5715행 | 15컬럼
2026-07-20 04:24:10,792 [INFO]    cmrcl                     | 신규    82행 | 누적    246행 | 20컬럼
2026-07-20 04:24:10,792 [INFO]    events                    | 신규     8행 | 누적     24행 | 14컬럼
2026-07-20 04:24:10,792 [INFO]    events_event_stts         | 신규   129행 | 누적    387행 | 14컬럼
2026-07-20 04:24:10,792 [INFO]    parking                   | 신규     6행 | 누적     18행 | 21컬럼
2026-07-20 04:24:10,792 [INFO]    parking_prk_stts          | 신규  1834행 | 누적   5502행 | 21컬럼
2026-07-20 04:24:10,792 [INFO]    ppltn                     | 신규   121행 | 누적    363행 | 26컬럼
2026-07-20 04:24:10,792 [INFO]    road                      | 신규   121행 | 누적    363행 | 21컬럼
2026-07-20 04:24:10,792 [INFO]    road_road_traffic_stts    | 신규  5271행 | 누적  15813행 | 17컬럼
2026-07-20 04:24:10,792 [INFO]    subway                    | 신규    38행 | 누적    114행 | 12컬럼
2026-07-20 04:24:10,792 [INFO]    subway_sub_stts           | 신규   183행 | 누적    549행 | 13컬럼
2026-07-20 04:24:10,792 [INFO]    weather                   | 신규   119행 | 누적    357행 | 29컬럼
2026-07-20 04:24:10,792 [INFO] 키별 사용량:
2026-07-20 04:24:10,793 [INFO]    🟢 KEY_1 (31/1000) 
2026-07-20 04:24:10,793 [INFO]    🟢 KEY_2 (30/1000) 
2026-07-20 04:24:10,793 [INFO]    🟢 KEY_3 (30/1000) 
2026-07-20 04:24:10,793 [INFO]    🟢 KEY_4 (30/1000) 
2026-07-20 06:04:05,653 [INFO] 등록된 키: 4개, 합산 한도 4,000건/일
2026-07-20 06:04:05,653 [INFO] POI 로드: 매뉴얼 v8.5 기준 fallback 121개 (121개 전체)
2026-07-20 06:04:05,653 [INFO] === 수집 시작 2026-07-20T06:04:05.653746+09:00 ===
2026-07-20 06:04:05,653 [INFO] 대상 장소: 121개 | API: citydata (통합)
2026-07-20 06:04:05,653 [INFO] 키 풀: 4/4 활성 | 오늘 사용 0/4000건
2026-07-20 06:04:05,654 [INFO]   [KEY_1] 담당 31장소
2026-07-20 06:04:05,654 [INFO]   [KEY_2] 담당 30장소
2026-07-20 06:04:05,654 [INFO]   [KEY_3] 담당 30장소
2026-07-20 06:04:05,654 [INFO]   [KEY_4] 담당 30장소
2026-07-20 06:04:05,654 [INFO] [1/121] 경복궁 (primary=KEY_1)
2026-07-20 06:04:07,804 [INFO] [2/121] 광화문·덕수궁 (primary=KEY_2)
2026-07-20 06:04:10,345 [INFO] [3/121] 보신각 (primary=KEY_3)
2026-07-20 06:04:12,476 [INFO] [4/121] 서울 암사동 유적 (primary=KEY_4)
2026-07-20 06:04:14,402 [INFO] [5/121] 창덕궁·종묘 (primary=KEY_1)
2026-07-20 06:04:16,516 [INFO] [6/121] 강남 MICE 관광특구 (primary=KEY_2)
2026-07-20 06:04:18,635 [INFO] [7/121] 동대문 관광특구 (primary=KEY_3)
2026-07-20 06:04:20,240 [INFO] [8/121] 명동 관광특구 (primary=KEY_4)
2026-07-20 06:04:22,816 [INFO] [9/121] 이태원 관광특구 (primary=KEY_1)
2026-07-20 06:04:24,396 [INFO] [10/121] 잠실 관광특구 (primary=KEY_2)
2026-07-20 06:04:26,972 [INFO] [11/121] 종로·청계 관광특구 (primary=KEY_3)
2026-07-20 06:04:29,696 [INFO] [12/121] 홍대 관광특구 (primary=KEY_4)
2026-07-20 06:04:32,077 [INFO] [13/121] 강서한강공원 (primary=KEY_1)
2026-07-20 06:04:33,995 [INFO] [14/121] 고척돔 (primary=KEY_2)
2026-07-20 06:04:35,927 [INFO] [15/121] 광나루한강공원 (primary=KEY_3)
2026-07-20 06:04:37,259 [INFO] [16/121] 광화문광장 (primary=KEY_4)
2026-07-20 06:04:39,412 [INFO] [17/121] 국립중앙박물관·용산가족공원 (primary=KEY_1)
2026-07-20 06:04:41,332 [INFO] [18/121] 난지한강공원 (primary=KEY_2)
2026-07-20 06:04:42,480 [INFO] [19/121] 남산공원 (primary=KEY_3)
2026-07-20 06:04:44,047 [INFO] [20/121] 노들섬 (primary=KEY_4)
2026-07-20 06:04:45,187 [INFO] [21/121] 뚝섬한강공원 (primary=KEY_1)
2026-07-20 06:04:46,340 [INFO] [22/121] 망원한강공원 (primary=KEY_2)
2026-07-20 06:04:47,705 [INFO] [23/121] 반포한강공원 (primary=KEY_3)
2026-07-20 06:04:48,850 [INFO] [24/121] 보라매공원 (primary=KEY_4)
2026-07-20 06:04:50,783 [INFO] [25/121] 북서울꿈의숲 (primary=KEY_1)
2026-07-20 06:04:52,151 [INFO] [26/121] 서대문독립공원 (primary=KEY_2)
2026-07-20 06:04:53,345 [INFO] [27/121] 서리풀공원·몽마르뜨공원 (primary=KEY_3)
2026-07-20 06:04:54,719 [INFO] [28/121] 서울대공원 (primary=KEY_4)
2026-07-20 06:04:56,626 [INFO] [29/121] 서울숲공원 (primary=KEY_1)
2026-07-20 06:04:58,953 [INFO] [30/121] 송현녹지광장 (primary=KEY_2)
2026-07-20 06:05:00,342 [INFO] [31/121] 아차산 (primary=KEY_3)
2026-07-20 06:05:02,277 [INFO] [32/121] 안양천 (primary=KEY_4)
2026-07-20 06:05:03,421 [INFO] [33/121] 양화한강공원 (primary=KEY_1)
2026-07-20 06:05:04,559 [INFO] [34/121] 어린이대공원 (primary=KEY_2)
2026-07-20 06:05:05,919 [INFO] [35/121] 여의도한강공원 (primary=KEY_3)
2026-07-20 06:05:08,022 [INFO] [36/121] 여의서로 (primary=KEY_4)
2026-07-20 06:05:09,354 [INFO] [37/121] 올림픽공원 (primary=KEY_1)
2026-07-20 06:05:10,731 [INFO] [38/121] 월드컵공원 (primary=KEY_2)
2026-07-20 06:05:12,280 [INFO] [39/121] 응봉산 (primary=KEY_3)
2026-07-20 06:05:14,374 [INFO] [40/121] 이촌한강공원 (primary=KEY_4)
2026-07-20 06:05:15,511 [INFO] [41/121] 잠실종합운동장 (primary=KEY_1)
2026-07-20 06:05:16,659 [INFO] [42/121] 잠실한강공원 (primary=KEY_2)
2026-07-20 06:05:17,798 [INFO] [43/121] 잠원한강공원 (primary=KEY_3)
2026-07-20 06:05:18,928 [INFO] [44/121] 청계산 (primary=KEY_4)
2026-07-20 06:05:20,064 [INFO] [45/121] 홍제폭포 (primary=KEY_1)
2026-07-20 06:05:21,192 [INFO] [46/121] 가락시장 (primary=KEY_2)
2026-07-20 06:05:22,547 [INFO] [47/121] 가로수길 (primary=KEY_3)
2026-07-20 06:05:23,912 [INFO] [48/121] 광장(전통)시장 (primary=KEY_4)
2026-07-20 06:05:25,066 [INFO] [49/121] 김포공항 (primary=KEY_1)
2026-07-20 06:05:26,616 [INFO] [50/121] 남대문시장 (primary=KEY_2)
2026-07-20 06:05:27,956 [INFO] [51/121] 노량진 (primary=KEY_3)
2026-07-20 06:05:29,313 [INFO] [52/121] 덕수궁길·정동길 (primary=KEY_4)
2026-07-20 06:05:31,443 [INFO] [53/121] 북창동 먹자골목 (primary=KEY_1)
2026-07-20 06:05:32,784 [INFO] [54/121] 북촌한옥마을 (primary=KEY_2)
2026-07-20 06:05:34,330 [INFO] [55/121] 서촌 (primary=KEY_3)
2026-07-20 06:05:35,665 [INFO] [56/121] 성수카페거리 (primary=KEY_4)
2026-07-20 06:05:37,221 [INFO] [57/121] 송리단길·호수단길 (primary=KEY_1)
2026-07-20 06:05:38,582 [INFO] [58/121] 신촌 스타광장 (primary=KEY_2)
2026-07-20 06:05:40,516 [INFO] [59/121] 압구정로데오거리 (primary=KEY_3)
2026-07-20 06:05:41,871 [INFO] [60/121] 여의도 (primary=KEY_4)
2026-07-20 06:05:44,142 [INFO] [61/121] 연남동 (primary=KEY_1)
2026-07-20 06:05:46,261 [INFO] [62/121] 영등포 타임스퀘어 (primary=KEY_2)
2026-07-20 06:05:47,599 [INFO] [63/121] 용리단길 (primary=KEY_3)
2026-07-20 06:05:48,776 [INFO] [64/121] 이태원 앤틱가구거리 (primary=KEY_4)
2026-07-20 06:05:50,115 [INFO] [65/121] 익선동 (primary=KEY_1)
2026-07-20 06:05:51,494 [INFO] [66/121] 인사동 (primary=KEY_2)
2026-07-20 06:05:53,044 [INFO] [67/121] 잠실롯데타워·석촌호수 (primary=KEY_3)
2026-07-20 06:05:54,798 [INFO] [68/121] 창동 신경제 중심지 (primary=KEY_4)
2026-07-20 06:05:56,550 [INFO] [69/121] 청담동 명품거리 (primary=KEY_1)
2026-07-20 06:05:57,902 [INFO] [70/121] 청량리 제기동 일대 전통시장 (primary=KEY_2)
2026-07-20 06:05:59,294 [INFO] [71/121] 해방촌·경리단길 (primary=KEY_3)
2026-07-20 06:06:00,438 [INFO] [72/121] DDP(동대문디자인플라자) (primary=KEY_4)
2026-07-20 06:06:01,863 [INFO] [73/121] DMC(디지털미디어시티) (primary=KEY_1)
2026-07-20 06:06:03,653 [INFO] [74/121] 가산디지털단지역 (primary=KEY_2)
2026-07-20 06:06:05,596 [INFO] [75/121] 강남역 (primary=KEY_3)
2026-07-20 06:06:07,173 [INFO] [76/121] 건대입구역 (primary=KEY_4)
2026-07-20 06:06:09,323 [INFO] [77/121] 고덕역 (primary=KEY_1)
2026-07-20 06:06:10,663 [INFO] [78/121] 고속터미널역 (primary=KEY_2)
2026-07-20 06:06:12,019 [INFO] [79/121] 교대역 (primary=KEY_3)
2026-07-20 06:06:13,371 [INFO] [80/121] 구로디지털단지역 (primary=KEY_4)
2026-07-20 06:06:15,100 [INFO] [81/121] 구로역 (primary=KEY_1)
2026-07-20 06:06:16,447 [INFO] [82/121] 군자역 (primary=KEY_2)
2026-07-20 06:06:17,805 [INFO] [83/121] 대림역 (primary=KEY_3)
2026-07-20 06:06:19,167 [INFO] [84/121] 동대문역 (primary=KEY_4)
2026-07-20 06:06:20,523 [INFO] [85/121] 뚝섬역 (primary=KEY_1)
2026-07-20 06:06:21,869 [INFO] [86/121] 미아사거리역 (primary=KEY_2)
2026-07-20 06:06:23,228 [INFO] [87/121] 발산역 (primary=KEY_3)
2026-07-20 06:06:24,972 [INFO] [88/121] 사당역 (primary=KEY_4)
2026-07-20 06:06:26,331 [INFO] [89/121] 삼각지역 (primary=KEY_1)
2026-07-20 06:06:27,681 [INFO] [90/121] 서울대입구역 (primary=KEY_2)
2026-07-20 06:06:29,040 [INFO] [91/121] 서울식물원·마곡나루역 (primary=KEY_3)
2026-07-20 06:06:30,590 [INFO] [92/121] 서울역 (primary=KEY_4)
2026-07-20 06:06:32,179 [INFO] [93/121] 선릉역 (primary=KEY_1)
2026-07-20 06:06:33,949 [INFO] [94/121] 성신여대입구역 (primary=KEY_2)
2026-07-20 06:06:35,149 [INFO] [95/121] 수유역 (primary=KEY_3)
2026-07-20 06:06:36,498 [INFO] [96/121] 숭례문 (primary=KEY_4)
2026-07-20 06:06:38,052 [INFO] [97/121] 시의회 앞 (primary=KEY_1)
2026-07-20 06:06:39,424 [INFO] [98/121] 신논현역·논현역 (primary=KEY_2)
2026-07-20 06:06:40,813 [INFO] [99/121] 신도림역 (primary=KEY_3)
2026-07-20 06:06:41,978 [INFO] [100/121] 신림역 (primary=KEY_4)
2026-07-20 06:06:43,341 [INFO] [101/121] 신정네거리역 (primary=KEY_1)
2026-07-20 06:06:44,691 [INFO] [102/121] 신촌·이대역 (primary=KEY_2)
2026-07-20 06:06:46,061 [INFO] [103/121] 쌍문역 (primary=KEY_3)
2026-07-20 06:06:47,406 [INFO] [104/121] 양재역 (primary=KEY_4)
2026-07-20 06:06:48,765 [INFO] [105/121] 역삼역 (primary=KEY_1)
2026-07-20 06:06:50,306 [INFO] [106/121] 연신내역 (primary=KEY_2)
2026-07-20 06:06:51,506 [INFO] [107/121] 오목교역·목동운동장 (primary=KEY_3)
2026-07-20 06:06:53,482 [INFO] [108/121] 왕십리역 (primary=KEY_4)
2026-07-20 06:06:55,048 [INFO] [109/121] 용산역 (primary=KEY_1)
2026-07-20 06:06:56,591 [INFO] [110/121] 이태원역 (primary=KEY_2)
2026-07-20 06:06:57,753 [INFO] [111/121] 잠실새내역 (primary=KEY_3)
2026-07-20 06:06:59,112 [INFO] [112/121] 잠실역 (primary=KEY_4)
2026-07-20 06:07:00,757 [INFO] [113/121] 장지역 (primary=KEY_1)
2026-07-20 06:07:02,311 [INFO] [114/121] 장한평역 (primary=KEY_2)
2026-07-20 06:07:03,676 [INFO] [115/121] 천호역 (primary=KEY_3)
2026-07-20 06:07:05,045 [INFO] [116/121] 총신대입구(이수)역 (primary=KEY_4)
2026-07-20 06:07:06,425 [INFO] [117/121] 충정로역 (primary=KEY_1)
2026-07-20 06:07:07,777 [INFO] [118/121] 합정역 (primary=KEY_2)
2026-07-20 06:07:09,164 [INFO] [119/121] 혜화역 (primary=KEY_3)
2026-07-20 06:07:10,508 [INFO] [120/121] 홍대입구역(2호선) (primary=KEY_4)
2026-07-20 06:07:11,871 [INFO] [121/121] 회기역 (primary=KEY_1)
2026-07-20 06:07:14,226 [INFO] === 수집 완료 | 성공 121, 실패 0 ===
2026-07-20 06:07:14,226 [INFO] 카테고리별 저장 결과:
2026-07-20 06:07:14,226 [INFO]    accident                  | 신규     3행 | 누적     12행 | 16컬럼
2026-07-20 06:07:14,226 [INFO]    area_meta                 | 신규   121행 | 누적    484행 | 5컬럼
2026-07-20 06:07:14,226 [INFO]    bike                      | 신규    11행 | 누적     44행 | 12컬럼
2026-07-20 06:07:14,226 [INFO]    bike_sbike_stts           | 신규   570행 | 누적   2280행 | 12컬럼
2026-07-20 06:07:14,226 [INFO]    bus                       | 신규     3행 | 누적     12행 | 11컬럼
2026-07-20 06:07:14,226 [INFO]    bus_bus_stn_stts          | 신규  1745행 | 누적   6980행 | 11컬럼
2026-07-20 06:07:14,226 [INFO]    charger                   | 신규     4행 | 누적     16행 | 15컬럼
2026-07-20 06:07:14,226 [INFO]    charger_charger_stts      | 신규  1918행 | 누적   7620행 | 15컬럼
2026-07-20 06:07:14,226 [INFO]    cmrcl                     | 신규    82행 | 누적    328행 | 20컬럼
2026-07-20 06:07:14,226 [INFO]    events                    | 신규     9행 | 누적     33행 | 14컬럼
2026-07-20 06:07:14,226 [INFO]    events_event_stts         | 신규   129행 | 누적    516행 | 14컬럼
2026-07-20 06:07:14,226 [INFO]    parking                   | 신규     6행 | 누적     24행 | 21컬럼
2026-07-20 06:07:14,226 [INFO]    parking_prk_stts          | 신규  1834행 | 누적   7336행 | 21컬럼
2026-07-20 06:07:14,226 [INFO]    ppltn                     | 신규   121행 | 누적    484행 | 26컬럼
2026-07-20 06:07:14,226 [INFO]    road                      | 신규   121행 | 누적    484행 | 21컬럼
2026-07-20 06:07:14,226 [INFO]    road_road_traffic_stts    | 신규  5271행 | 누적  21084행 | 17컬럼
2026-07-20 06:07:14,226 [INFO]    subway                    | 신규    38행 | 누적    152행 | 12컬럼
2026-07-20 06:07:14,227 [INFO]    subway_sub_stts           | 신규   183행 | 누적    732행 | 13컬럼
2026-07-20 06:07:14,227 [INFO]    weather                   | 신규   119행 | 누적    476행 | 29컬럼
2026-07-20 06:07:14,227 [INFO] 키별 사용량:
2026-07-20 06:07:14,227 [INFO]    🟢 KEY_1 (31/1000) 
2026-07-20 06:07:14,227 [INFO]    🟢 KEY_2 (30/1000) 
2026-07-20 06:07:14,227 [INFO]    🟢 KEY_3 (30/1000) 
2026-07-20 06:07:14,227 [INFO]    🟢 KEY_4 (30/1000) 
