2026-09-26 03:32:15,767 [INFO] 등록된 키: 4개, 합산 한도 4,000건/일
2026-09-26 03:32:15,768 [INFO] POI 로드: 매뉴얼 v8.5 기준 fallback 121개 (121개 전체)
2026-09-26 03:32:15,768 [INFO] === 수집 시작 2026-09-26T03:32:15.768320+09:00 ===
2026-09-26 03:32:15,768 [INFO] 대상 장소: 121개 | API: citydata (통합)
2026-09-26 03:32:15,768 [INFO] 키 풀: 4/4 활성 | 오늘 사용 0/4000건
2026-09-26 03:32:15,768 [INFO]   [KEY_1] 담당 31장소
2026-09-26 03:32:15,768 [INFO]   [KEY_2] 담당 30장소
2026-09-26 03:32:15,768 [INFO]   [KEY_3] 담당 30장소
2026-09-26 03:32:15,768 [INFO]   [KEY_4] 담당 30장소
2026-09-26 03:32:15,768 [INFO] [1/121] 경복궁 (primary=KEY_1)
2026-09-26 03:32:17,695 [INFO] [2/121] 광화문·덕수궁 (primary=KEY_2)
2026-09-26 03:32:20,207 [INFO] [3/121] 보신각 (primary=KEY_3)
2026-09-26 03:32:21,424 [INFO] [4/121] 서울 암사동 유적 (primary=KEY_4)
2026-09-26 03:32:22,464 [INFO] [5/121] 창덕궁·종묘 (primary=KEY_1)
2026-09-26 03:32:24,316 [INFO] [6/121] 강남 MICE 관광특구 (primary=KEY_2)
2026-09-26 03:32:26,345 [INFO] [7/121] 동대문 관광특구 (primary=KEY_3)
2026-09-26 03:32:30,785 [INFO] [8/121] 명동 관광특구 (primary=KEY_4)
2026-09-26 03:32:32,572 [INFO] [9/121] 이태원 관광특구 (primary=KEY_1)
2026-09-26 03:32:33,861 [INFO] [10/121] 잠실 관광특구 (primary=KEY_2)
2026-09-26 03:32:36,422 [INFO] [11/121] 종로·청계 관광특구 (primary=KEY_3)
2026-09-26 03:32:38,669 [INFO] [12/121] 홍대 관광특구 (primary=KEY_4)
2026-09-26 03:32:40,280 [INFO] [13/121] 강서한강공원 (primary=KEY_1)
2026-09-26 03:32:41,324 [INFO] [14/121] 고척돔 (primary=KEY_2)
2026-09-26 03:32:42,388 [INFO] [15/121] 광나루한강공원 (primary=KEY_3)
2026-09-26 03:32:43,599 [INFO] [16/121] 광화문광장 (primary=KEY_4)
2026-09-26 03:32:45,790 [INFO] [17/121] 국립중앙박물관·용산가족공원 (primary=KEY_1)
2026-09-26 03:32:46,874 [INFO] [18/121] 난지한강공원 (primary=KEY_2)
2026-09-26 03:32:47,934 [INFO] [19/121] 남산공원 (primary=KEY_3)
2026-09-26 03:32:49,349 [INFO] [20/121] 노들섬 (primary=KEY_4)
2026-09-26 03:32:51,205 [INFO] [21/121] 뚝섬한강공원 (primary=KEY_1)
2026-09-26 03:32:53,203 [INFO] [22/121] 망원한강공원 (primary=KEY_2)
2026-09-26 03:32:54,412 [INFO] [23/121] 반포한강공원 (primary=KEY_3)
2026-09-26 03:32:55,450 [INFO] [24/121] 보라매공원 (primary=KEY_4)
2026-09-26 03:32:57,466 [INFO] [25/121] 북서울꿈의숲 (primary=KEY_1)
2026-09-26 03:32:58,673 [INFO] [26/121] 서대문독립공원 (primary=KEY_2)
2026-09-26 03:32:59,753 [INFO] [27/121] 서리풀공원·몽마르뜨공원 (primary=KEY_3)
2026-09-26 03:33:00,996 [INFO] [28/121] 서울대공원 (primary=KEY_4)
2026-09-26 03:33:02,684 [INFO] [29/121] 서울숲공원 (primary=KEY_1)
2026-09-26 03:33:03,928 [INFO] [30/121] 송현녹지광장 (primary=KEY_2)
2026-09-26 03:33:05,157 [INFO] [31/121] 아차산 (primary=KEY_3)
2026-09-26 03:33:07,009 [INFO] [32/121] 안양천 (primary=KEY_4)
2026-09-26 03:33:08,877 [INFO] [33/121] 양화한강공원 (primary=KEY_1)
2026-09-26 03:33:10,570 [INFO] [34/121] 어린이대공원 (primary=KEY_2)
2026-09-26 03:33:11,799 [INFO] [35/121] 여의도한강공원 (primary=KEY_3)
2026-09-26 03:33:13,004 [INFO] [36/121] 여의서로 (primary=KEY_4)
2026-09-26 03:33:14,205 [INFO] [37/121] 올림픽공원 (primary=KEY_1)
2026-09-26 03:33:15,466 [INFO] [38/121] 월드컵공원 (primary=KEY_2)
2026-09-26 03:33:17,845 [INFO] [39/121] 응봉산 (primary=KEY_3)
2026-09-26 03:33:19,141 [INFO] [40/121] 이촌한강공원 (primary=KEY_4)
2026-09-26 03:33:20,182 [INFO] [41/121] 잠실종합운동장 (primary=KEY_1)
2026-09-26 03:33:21,242 [INFO] [42/121] 잠실한강공원 (primary=KEY_2)
2026-09-26 03:33:22,314 [INFO] [43/121] 잠원한강공원 (primary=KEY_3)
2026-09-26 03:33:23,360 [INFO] [44/121] 청계산 (primary=KEY_4)
2026-09-26 03:33:24,398 [INFO] [45/121] 홍제폭포 (primary=KEY_1)
2026-09-26 03:33:25,444 [INFO] [46/121] 가락시장 (primary=KEY_2)
2026-09-26 03:33:27,563 [INFO] [47/121] 가로수길 (primary=KEY_3)
2026-09-26 03:33:29,610 [INFO] [48/121] 광장(전통)시장 (primary=KEY_4)
2026-09-26 03:33:30,687 [INFO] [49/121] 김포공항 (primary=KEY_1)
2026-09-26 03:33:32,119 [INFO] [50/121] 남대문시장 (primary=KEY_2)
2026-09-26 03:33:34,297 [INFO] [51/121] 노량진 (primary=KEY_3)
2026-09-26 03:33:35,541 [INFO] [52/121] 덕수궁길·정동길 (primary=KEY_4)
2026-09-26 03:33:36,787 [INFO] [53/121] 북창동 먹자골목 (primary=KEY_1)
2026-09-26 03:33:38,007 [INFO] [54/121] 북촌한옥마을 (primary=KEY_2)
2026-09-26 03:33:39,411 [INFO] [55/121] 서촌 (primary=KEY_3)
2026-09-26 03:33:40,637 [INFO] [56/121] 성수카페거리 (primary=KEY_4)
2026-09-26 03:33:42,030 [INFO] [57/121] 송리단길·호수단길 (primary=KEY_1)
2026-09-26 03:33:43,272 [INFO] [58/121] 신촌 스타광장 (primary=KEY_2)
2026-09-26 03:33:44,344 [INFO] [59/121] 압구정로데오거리 (primary=KEY_3)
2026-09-26 03:33:45,558 [INFO] [60/121] 여의도 (primary=KEY_4)
2026-09-26 03:33:47,515 [INFO] [61/121] 연남동 (primary=KEY_1)
2026-09-26 03:33:48,734 [INFO] [62/121] 영등포 타임스퀘어 (primary=KEY_2)
2026-09-26 03:33:49,980 [INFO] [63/121] 용리단길 (primary=KEY_3)
2026-09-26 03:33:51,112 [INFO] [64/121] 이태원 앤틱가구거리 (primary=KEY_4)
2026-09-26 03:33:52,182 [INFO] [65/121] 익선동 (primary=KEY_1)
2026-09-26 03:33:53,418 [INFO] [66/121] 인사동 (primary=KEY_2)
2026-09-26 03:33:54,802 [INFO] [67/121] 잠실롯데타워·석촌호수 (primary=KEY_3)
2026-09-26 03:33:56,346 [INFO] [68/121] 창동 신경제 중심지 (primary=KEY_4)
2026-09-26 03:33:57,902 [INFO] [69/121] 청담동 명품거리 (primary=KEY_1)
2026-09-26 03:33:59,134 [INFO] [70/121] 청량리 제기동 일대 전통시장 (primary=KEY_2)
2026-09-26 03:34:00,361 [INFO] [71/121] 해방촌·경리단길 (primary=KEY_3)
2026-09-26 03:34:01,463 [INFO] [72/121] DDP(동대문디자인플라자) (primary=KEY_4)
2026-09-26 03:34:02,700 [INFO] [73/121] DMC(디지털미디어시티) (primary=KEY_1)
2026-09-26 03:34:04,274 [INFO] [74/121] 가산디지털단지역 (primary=KEY_2)
2026-09-26 03:34:05,988 [INFO] [75/121] 강남역 (primary=KEY_3)
2026-09-26 03:34:07,403 [INFO] [76/121] 건대입구역 (primary=KEY_4)
2026-09-26 03:34:08,651 [INFO] [77/121] 고덕역 (primary=KEY_1)
2026-09-26 03:34:09,872 [INFO] [78/121] 고속터미널역 (primary=KEY_2)
2026-09-26 03:34:11,187 [INFO] [79/121] 교대역 (primary=KEY_3)
2026-09-26 03:34:12,268 [INFO] [80/121] 구로디지털단지역 (primary=KEY_4)
2026-09-26 03:34:13,660 [INFO] [81/121] 구로역 (primary=KEY_1)
2026-09-26 03:34:14,875 [INFO] [82/121] 군자역 (primary=KEY_2)
2026-09-26 03:34:15,957 [INFO] [83/121] 대림역 (primary=KEY_3)
2026-09-26 03:34:17,187 [INFO] [84/121] 동대문역 (primary=KEY_4)
2026-09-26 03:34:18,424 [INFO] [85/121] 뚝섬역 (primary=KEY_1)
2026-09-26 03:34:19,646 [INFO] [86/121] 미아사거리역 (primary=KEY_2)
2026-09-26 03:34:20,874 [INFO] [87/121] 발산역 (primary=KEY_3)
2026-09-26 03:34:22,436 [INFO] [88/121] 사당역 (primary=KEY_4)
2026-09-26 03:34:23,832 [INFO] [89/121] 삼각지역 (primary=KEY_1)
2026-09-26 03:34:24,888 [INFO] [90/121] 서울대입구역 (primary=KEY_2)
2026-09-26 03:34:26,105 [INFO] [91/121] 서울식물원·마곡나루역 (primary=KEY_3)
2026-09-26 03:34:27,485 [INFO] [92/121] 서울역 (primary=KEY_4)
2026-09-26 03:34:28,745 [INFO] [93/121] 선릉역 (primary=KEY_1)
2026-09-26 03:34:31,455 [INFO] [94/121] 성신여대입구역 (primary=KEY_2)
2026-09-26 03:34:32,524 [INFO] [95/121] 수유역 (primary=KEY_3)
2026-09-26 03:34:33,745 [INFO] [96/121] 숭례문 (primary=KEY_4)
2026-09-26 03:34:34,976 [INFO] [97/121] 시의회 앞 (primary=KEY_1)
2026-09-26 03:34:36,206 [INFO] [98/121] 신논현역·논현역 (primary=KEY_2)
2026-09-26 03:34:37,447 [INFO] [99/121] 신도림역 (primary=KEY_3)
2026-09-26 03:34:38,513 [INFO] [100/121] 신림역 (primary=KEY_4)
2026-09-26 03:34:39,599 [INFO] [101/121] 신정네거리역 (primary=KEY_1)
2026-09-26 03:34:40,815 [INFO] [102/121] 신촌·이대역 (primary=KEY_2)
2026-09-26 03:34:42,051 [INFO] [103/121] 쌍문역 (primary=KEY_3)
2026-09-26 03:34:43,283 [INFO] [104/121] 양재역 (primary=KEY_4)
2026-09-26 03:34:44,517 [INFO] [105/121] 역삼역 (primary=KEY_1)
2026-09-26 03:34:45,903 [INFO] [106/121] 연신내역 (primary=KEY_2)
2026-09-26 03:34:46,989 [INFO] [107/121] 오목교역·목동운동장 (primary=KEY_3)
2026-09-26 03:34:48,725 [INFO] [108/121] 왕십리역 (primary=KEY_4)
2026-09-26 03:34:50,006 [INFO] [109/121] 용산역 (primary=KEY_1)
2026-09-26 03:34:51,403 [INFO] [110/121] 이태원역 (primary=KEY_2)
2026-09-26 03:34:52,466 [INFO] [111/121] 잠실새내역 (primary=KEY_3)
2026-09-26 03:34:53,707 [INFO] [112/121] 잠실역 (primary=KEY_4)
2026-09-26 03:34:55,153 [INFO] [113/121] 장지역 (primary=KEY_1)
2026-09-26 03:34:56,542 [INFO] [114/121] 장한평역 (primary=KEY_2)
2026-09-26 03:34:57,767 [INFO] [115/121] 천호역 (primary=KEY_3)
2026-09-26 03:34:59,000 [INFO] [116/121] 총신대입구(이수)역 (primary=KEY_4)
2026-09-26 03:35:00,238 [INFO] [117/121] 충정로역 (primary=KEY_1)
2026-09-26 03:35:01,463 [INFO] [118/121] 합정역 (primary=KEY_2)
2026-09-26 03:35:02,723 [INFO] [119/121] 혜화역 (primary=KEY_3)
2026-09-26 03:35:04,250 [INFO] [120/121] 홍대입구역(2호선) (primary=KEY_4)
2026-09-26 03:35:05,609 [INFO] [121/121] 회기역 (primary=KEY_1)
2026-09-26 03:35:07,145 [INFO] === 수집 완료 | 성공 121, 실패 0 ===
2026-09-26 03:35:07,145 [INFO] 카테고리별 저장 결과:
2026-09-26 03:35:07,145 [INFO]    area_meta                 | 신규   121행 | 누적    121행 | 5컬럼
2026-09-26 03:35:07,145 [INFO]    bike                      | 신규    11행 | 누적     11행 | 12컬럼
2026-09-26 03:35:07,145 [INFO]    bike_sbike_stts           | 신규   575행 | 누적    575행 | 12컬럼
2026-09-26 03:35:07,145 [INFO]    bus                       | 신규     3행 | 누적      3행 | 11컬럼
2026-09-26 03:35:07,145 [INFO]    bus_bus_stn_stts          | 신규  1745행 | 누적   1745행 | 11컬럼
2026-09-26 03:35:07,145 [INFO]    charger                   | 신규     4행 | 누적      4행 | 15컬럼
2026-09-26 03:35:07,145 [INFO]    charger_charger_stts      | 신규  1921행 | 누적   1921행 | 15컬럼
2026-09-26 03:35:07,145 [INFO]    cmrcl                     | 신규    82행 | 누적     82행 | 21컬럼
2026-09-26 03:35:07,145 [INFO]    events                    | 신규    13행 | 누적     13행 | 14컬럼
2026-09-26 03:35:07,145 [INFO]    events_event_stts         | 신규   119행 | 누적    119행 | 14컬럼
2026-09-26 03:35:07,146 [INFO]    parking                   | 신규     6행 | 누적      6행 | 21컬럼
2026-09-26 03:35:07,146 [INFO]    parking_prk_stts          | 신규  1832행 | 누적   1832행 | 21컬럼
2026-09-26 03:35:07,146 [INFO]    ppltn                     | 신규   121행 | 누적    121행 | 26컬럼
2026-09-26 03:35:07,146 [INFO]    road                      | 신규   121행 | 누적    121행 | 21컬럼
2026-09-26 03:35:07,146 [INFO]    road_road_traffic_stts    | 신규  5303행 | 누적   5303행 | 17컬럼
2026-09-26 03:35:07,146 [INFO]    subway                    | 신규    38행 | 누적     38행 | 12컬럼
2026-09-26 03:35:07,146 [INFO]    subway_sub_stts           | 신규   183행 | 누적    183행 | 13컬럼
2026-09-26 03:35:07,146 [INFO]    weather                   | 신규   119행 | 누적    119행 | 29컬럼
2026-09-26 03:35:07,146 [INFO] 키별 사용량:
2026-09-26 03:35:07,146 [INFO]    🟢 KEY_1 (31/1000) 
2026-09-26 03:35:07,146 [INFO]    🟢 KEY_2 (30/1000) 
2026-09-26 03:35:07,146 [INFO]    🟢 KEY_3 (30/1000) 
2026-09-26 03:35:07,146 [INFO]    🟢 KEY_4 (30/1000) 
2026-09-26 10:29:36,341 [INFO] 등록된 키: 4개, 합산 한도 4,000건/일
2026-09-26 10:29:36,342 [INFO] POI 로드: 매뉴얼 v8.5 기준 fallback 121개 (121개 전체)
2026-09-26 10:29:36,342 [INFO] === 수집 시작 2026-09-26T10:29:36.342157+09:00 ===
2026-09-26 10:29:36,342 [INFO] 대상 장소: 121개 | API: citydata (통합)
2026-09-26 10:29:36,342 [INFO] 키 풀: 4/4 활성 | 오늘 사용 0/4000건
2026-09-26 10:29:36,342 [INFO]   [KEY_1] 담당 31장소
2026-09-26 10:29:36,342 [INFO]   [KEY_2] 담당 30장소
2026-09-26 10:29:36,342 [INFO]   [KEY_3] 담당 30장소
2026-09-26 10:29:36,342 [INFO]   [KEY_4] 담당 30장소
2026-09-26 10:29:36,342 [INFO] [1/121] 경복궁 (primary=KEY_1)
2026-09-26 10:29:38,259 [INFO] [2/121] 광화문·덕수궁 (primary=KEY_2)
2026-09-26 10:29:40,682 [INFO] [3/121] 보신각 (primary=KEY_3)
2026-09-26 10:29:43,188 [INFO] [4/121] 서울 암사동 유적 (primary=KEY_4)
2026-09-26 10:29:44,873 [INFO] [5/121] 창덕궁·종묘 (primary=KEY_1)
2026-09-26 10:29:46,832 [INFO] [6/121] 강남 MICE 관광특구 (primary=KEY_2)
2026-09-26 10:29:48,762 [INFO] [7/121] 동대문 관광특구 (primary=KEY_3)
2026-09-26 10:29:50,941 [INFO] [8/121] 명동 관광특구 (primary=KEY_4)
2026-09-26 10:29:52,803 [INFO] [9/121] 이태원 관광특구 (primary=KEY_1)
2026-09-26 10:29:54,881 [INFO] [10/121] 잠실 관광특구 (primary=KEY_2)
2026-09-26 10:29:57,389 [INFO] [11/121] 종로·청계 관광특구 (primary=KEY_3)
2026-09-26 10:29:59,711 [INFO] [12/121] 홍대 관광특구 (primary=KEY_4)
2026-09-26 10:30:01,864 [INFO] [13/121] 강서한강공원 (primary=KEY_1)
2026-09-26 10:30:03,076 [INFO] [14/121] 고척돔 (primary=KEY_2)
2026-09-26 10:30:04,225 [INFO] [15/121] 광나루한강공원 (primary=KEY_3)
2026-09-26 10:30:06,369 [INFO] [16/121] 광화문광장 (primary=KEY_4)
2026-09-26 10:30:08,471 [INFO] [17/121] 국립중앙박물관·용산가족공원 (primary=KEY_1)
2026-09-26 10:30:09,596 [INFO] [18/121] 난지한강공원 (primary=KEY_2)
2026-09-26 10:30:10,713 [INFO] [19/121] 남산공원 (primary=KEY_3)
2026-09-26 10:30:12,216 [INFO] [20/121] 노들섬 (primary=KEY_4)
2026-09-26 10:30:13,918 [INFO] [21/121] 뚝섬한강공원 (primary=KEY_1)
2026-09-26 10:30:15,052 [INFO] [22/121] 망원한강공원 (primary=KEY_2)
2026-09-26 10:30:18,526 [INFO] [23/121] 반포한강공원 (primary=KEY_3)
2026-09-26 10:30:20,729 [INFO] [24/121] 보라매공원 (primary=KEY_4)
2026-09-26 10:30:22,639 [INFO] [25/121] 북서울꿈의숲 (primary=KEY_1)
2026-09-26 10:30:25,062 [INFO] [26/121] 서대문독립공원 (primary=KEY_2)
2026-09-26 10:30:26,215 [INFO] [27/121] 서리풀공원·몽마르뜨공원 (primary=KEY_3)
2026-09-26 10:30:28,252 [INFO] [28/121] 서울대공원 (primary=KEY_4)
2026-09-26 10:30:29,377 [INFO] [29/121] 서울숲공원 (primary=KEY_1)
2026-09-26 10:30:31,630 [INFO] [30/121] 송현녹지광장 (primary=KEY_2)
2026-09-26 10:30:34,104 [INFO] [31/121] 아차산 (primary=KEY_3)
2026-09-26 10:30:35,206 [INFO] [32/121] 안양천 (primary=KEY_4)
2026-09-26 10:30:36,342 [INFO] [33/121] 양화한강공원 (primary=KEY_1)
2026-09-26 10:30:37,464 [INFO] [34/121] 어린이대공원 (primary=KEY_2)
2026-09-26 10:30:38,763 [INFO] [35/121] 여의도한강공원 (primary=KEY_3)
2026-09-26 10:30:40,081 [INFO] [36/121] 여의서로 (primary=KEY_4)
2026-09-26 10:30:41,937 [INFO] [37/121] 올림픽공원 (primary=KEY_1)
2026-09-26 10:30:43,289 [INFO] [38/121] 월드컵공원 (primary=KEY_2)
2026-09-26 10:30:44,821 [INFO] [39/121] 응봉산 (primary=KEY_3)
2026-09-26 10:30:46,135 [INFO] [40/121] 이촌한강공원 (primary=KEY_4)
2026-09-26 10:30:47,262 [INFO] [41/121] 잠실종합운동장 (primary=KEY_1)
2026-09-26 10:30:49,136 [INFO] [42/121] 잠실한강공원 (primary=KEY_2)
2026-09-26 10:30:50,272 [INFO] [43/121] 잠원한강공원 (primary=KEY_3)
2026-09-26 10:30:51,411 [INFO] [44/121] 청계산 (primary=KEY_4)
2026-09-26 10:30:52,519 [INFO] [45/121] 홍제폭포 (primary=KEY_1)
2026-09-26 10:30:53,628 [INFO] [46/121] 가락시장 (primary=KEY_2)
2026-09-26 10:30:54,950 [INFO] [47/121] 가로수길 (primary=KEY_3)
2026-09-26 10:30:56,327 [INFO] [48/121] 광장(전통)시장 (primary=KEY_4)
2026-09-26 10:30:57,478 [INFO] [49/121] 김포공항 (primary=KEY_1)
2026-09-26 10:30:59,027 [INFO] [50/121] 남대문시장 (primary=KEY_2)
2026-09-26 10:31:00,331 [INFO] [51/121] 노량진 (primary=KEY_3)
2026-09-26 10:31:01,653 [INFO] [52/121] 덕수궁길·정동길 (primary=KEY_4)
2026-09-26 10:31:02,968 [INFO] [53/121] 북창동 먹자골목 (primary=KEY_1)
2026-09-26 10:31:04,288 [INFO] [54/121] 북촌한옥마을 (primary=KEY_2)
2026-09-26 10:31:05,806 [INFO] [55/121] 서촌 (primary=KEY_3)
2026-09-26 10:31:07,878 [INFO] [56/121] 성수카페거리 (primary=KEY_4)
2026-09-26 10:31:09,392 [INFO] [57/121] 송리단길·호수단길 (primary=KEY_1)
2026-09-26 10:31:10,720 [INFO] [58/121] 신촌 스타광장 (primary=KEY_2)
2026-09-26 10:31:11,902 [INFO] [59/121] 압구정로데오거리 (primary=KEY_3)
2026-09-26 10:31:13,230 [INFO] [60/121] 여의도 (primary=KEY_4)
2026-09-26 10:31:15,349 [INFO] [61/121] 연남동 (primary=KEY_1)
2026-09-26 10:31:16,655 [INFO] [62/121] 영등포 타임스퀘어 (primary=KEY_2)
2026-09-26 10:31:18,547 [INFO] [63/121] 용리단길 (primary=KEY_3)
2026-09-26 10:31:19,701 [INFO] [64/121] 이태원 앤틱가구거리 (primary=KEY_4)
2026-09-26 10:31:21,002 [INFO] [65/121] 익선동 (primary=KEY_1)
2026-09-26 10:31:22,349 [INFO] [66/121] 인사동 (primary=KEY_2)
2026-09-26 10:31:23,861 [INFO] [67/121] 잠실롯데타워·석촌호수 (primary=KEY_3)
2026-09-26 10:31:25,582 [INFO] [68/121] 창동 신경제 중심지 (primary=KEY_4)
2026-09-26 10:31:27,297 [INFO] [69/121] 청담동 명품거리 (primary=KEY_1)
2026-09-26 10:31:28,599 [INFO] [70/121] 청량리 제기동 일대 전통시장 (primary=KEY_2)
2026-09-26 10:31:29,911 [INFO] [71/121] 해방촌·경리단길 (primary=KEY_3)
2026-09-26 10:31:31,078 [INFO] [72/121] DDP(동대문디자인플라자) (primary=KEY_4)
2026-09-26 10:31:32,419 [INFO] [73/121] DMC(디지털미디어시티) (primary=KEY_1)
2026-09-26 10:31:34,159 [INFO] [74/121] 가산디지털단지역 (primary=KEY_2)
2026-09-26 10:31:36,031 [INFO] [75/121] 강남역 (primary=KEY_3)
2026-09-26 10:31:37,551 [INFO] [76/121] 건대입구역 (primary=KEY_4)
2026-09-26 10:31:38,919 [INFO] [77/121] 고덕역 (primary=KEY_1)
2026-09-26 10:31:40,244 [INFO] [78/121] 고속터미널역 (primary=KEY_2)
2026-09-26 10:31:41,579 [INFO] [79/121] 교대역 (primary=KEY_3)
2026-09-26 10:31:42,884 [INFO] [80/121] 구로디지털단지역 (primary=KEY_4)
2026-09-26 10:31:44,567 [INFO] [81/121] 구로역 (primary=KEY_1)
2026-09-26 10:31:45,907 [INFO] [82/121] 군자역 (primary=KEY_2)
2026-09-26 10:31:47,233 [INFO] [83/121] 대림역 (primary=KEY_3)
2026-09-26 10:31:48,557 [INFO] [84/121] 동대문역 (primary=KEY_4)
2026-09-26 10:31:49,853 [INFO] [85/121] 뚝섬역 (primary=KEY_1)
2026-09-26 10:31:51,160 [INFO] [86/121] 미아사거리역 (primary=KEY_2)
2026-09-26 10:31:52,501 [INFO] [87/121] 발산역 (primary=KEY_3)
2026-09-26 10:31:54,207 [INFO] [88/121] 사당역 (primary=KEY_4)
2026-09-26 10:31:55,526 [INFO] [89/121] 삼각지역 (primary=KEY_1)
2026-09-26 10:31:56,843 [INFO] [90/121] 서울대입구역 (primary=KEY_2)
2026-09-26 10:31:58,149 [INFO] [91/121] 서울식물원·마곡나루역 (primary=KEY_3)
2026-09-26 10:31:59,668 [INFO] [92/121] 서울역 (primary=KEY_4)
2026-09-26 10:32:02,028 [INFO] [93/121] 선릉역 (primary=KEY_1)
2026-09-26 10:32:03,774 [INFO] [94/121] 성신여대입구역 (primary=KEY_2)
2026-09-26 10:32:04,909 [INFO] [95/121] 수유역 (primary=KEY_3)
2026-09-26 10:32:06,210 [INFO] [96/121] 숭례문 (primary=KEY_4)
2026-09-26 10:32:07,539 [INFO] [97/121] 시의회 앞 (primary=KEY_1)
2026-09-26 10:32:08,872 [INFO] [98/121] 신논현역·논현역 (primary=KEY_2)
2026-09-26 10:32:10,221 [INFO] [99/121] 신도림역 (primary=KEY_3)
2026-09-26 10:32:11,360 [INFO] [100/121] 신림역 (primary=KEY_4)
2026-09-26 10:32:12,672 [INFO] [101/121] 신정네거리역 (primary=KEY_1)
2026-09-26 10:32:13,980 [INFO] [102/121] 신촌·이대역 (primary=KEY_2)
2026-09-26 10:32:15,321 [INFO] [103/121] 쌍문역 (primary=KEY_3)
2026-09-26 10:32:17,390 [INFO] [104/121] 양재역 (primary=KEY_4)
2026-09-26 10:32:18,923 [INFO] [105/121] 역삼역 (primary=KEY_1)
2026-09-26 10:32:20,428 [INFO] [106/121] 연신내역 (primary=KEY_2)
2026-09-26 10:32:21,575 [INFO] [107/121] 오목교역·목동운동장 (primary=KEY_3)
2026-09-26 10:32:23,476 [INFO] [108/121] 왕십리역 (primary=KEY_4)
2026-09-26 10:32:25,043 [INFO] [109/121] 용산역 (primary=KEY_1)
2026-09-26 10:32:26,563 [INFO] [110/121] 이태원역 (primary=KEY_2)
2026-09-26 10:32:28,308 [INFO] [111/121] 잠실새내역 (primary=KEY_3)
2026-09-26 10:32:29,619 [INFO] [112/121] 잠실역 (primary=KEY_4)
2026-09-26 10:32:31,186 [INFO] [113/121] 장지역 (primary=KEY_1)
2026-09-26 10:32:32,728 [INFO] [114/121] 장한평역 (primary=KEY_2)
2026-09-26 10:32:34,050 [INFO] [115/121] 천호역 (primary=KEY_3)
2026-09-26 10:32:35,580 [INFO] [116/121] 총신대입구(이수)역 (primary=KEY_4)
2026-09-26 10:32:37,066 [INFO] [117/121] 충정로역 (primary=KEY_1)
2026-09-26 10:32:38,434 [INFO] [118/121] 합정역 (primary=KEY_2)
2026-09-26 10:32:39,777 [INFO] [119/121] 혜화역 (primary=KEY_3)
2026-09-26 10:32:41,096 [INFO] [120/121] 홍대입구역(2호선) (primary=KEY_4)
2026-09-26 10:32:42,451 [INFO] [121/121] 회기역 (primary=KEY_1)
2026-09-26 10:32:44,521 [INFO] === 수집 완료 | 성공 121, 실패 0 ===
2026-09-26 10:32:44,522 [INFO] 카테고리별 저장 결과:
2026-09-26 10:32:44,522 [INFO]    accident                  | 신규     1행 | 누적      1행 | 16컬럼
2026-09-26 10:32:44,522 [INFO]    accident_acdnt_cntrl_stts | 신규     2행 | 누적      2행 | 16컬럼
2026-09-26 10:32:44,522 [INFO]    area_meta                 | 신규   121행 | 누적    242행 | 5컬럼
2026-09-26 10:32:44,522 [INFO]    bike                      | 신규    11행 | 누적     22행 | 12컬럼
2026-09-26 10:32:44,522 [INFO]    bike_sbike_stts           | 신규   575행 | 누적   1150행 | 12컬럼
2026-09-26 10:32:44,522 [INFO]    bus                       | 신규     3행 | 누적      6행 | 11컬럼
2026-09-26 10:32:44,522 [INFO]    bus_bus_stn_stts          | 신규  1745행 | 누적   3490행 | 11컬럼
2026-09-26 10:32:44,522 [INFO]    charger                   | 신규     4행 | 누적      8행 | 15컬럼
2026-09-26 10:32:44,522 [INFO]    charger_charger_stts      | 신규  1921행 | 누적   3816행 | 15컬럼
2026-09-26 10:32:44,522 [INFO]    cmrcl                     | 신규    82행 | 누적    164행 | 21컬럼
2026-09-26 10:32:44,522 [INFO]    events                    | 신규    12행 | 누적     25행 | 14컬럼
2026-09-26 10:32:44,522 [INFO]    events_event_stts         | 신규   120행 | 누적    239행 | 14컬럼
2026-09-26 10:32:44,522 [INFO]    parking                   | 신규     6행 | 누적     12행 | 21컬럼
2026-09-26 10:32:44,522 [INFO]    parking_prk_stts          | 신규  1832행 | 누적   3664행 | 21컬럼
2026-09-26 10:32:44,522 [INFO]    ppltn                     | 신규   121행 | 누적    242행 | 26컬럼
2026-09-26 10:32:44,522 [INFO]    road                      | 신규   121행 | 누적    242행 | 21컬럼
2026-09-26 10:32:44,522 [INFO]    road_road_traffic_stts    | 신규  5303행 | 누적  10606행 | 17컬럼
2026-09-26 10:32:44,522 [INFO]    subway                    | 신규    38행 | 누적     76행 | 12컬럼
2026-09-26 10:32:44,523 [INFO]    subway_sub_stts           | 신규   183행 | 누적    366행 | 13컬럼
2026-09-26 10:32:44,523 [INFO]    weather                   | 신규   119행 | 누적    238행 | 29컬럼
2026-09-26 10:32:44,523 [INFO] 키별 사용량:
2026-09-26 10:32:44,523 [INFO]    🟢 KEY_1 (31/1000) 
2026-09-26 10:32:44,523 [INFO]    🟢 KEY_2 (30/1000) 
2026-09-26 10:32:44,523 [INFO]    🟢 KEY_3 (30/1000) 
2026-09-26 10:32:44,523 [INFO]    🟢 KEY_4 (30/1000) 
2026-09-26 16:34:16,834 [INFO] 등록된 키: 4개, 합산 한도 4,000건/일
2026-09-26 16:34:16,835 [INFO] POI 로드: 매뉴얼 v8.5 기준 fallback 121개 (121개 전체)
2026-09-26 16:34:16,835 [INFO] === 수집 시작 2026-09-26T16:34:16.835326+09:00 ===
2026-09-26 16:34:16,835 [INFO] 대상 장소: 121개 | API: citydata (통합)
2026-09-26 16:34:16,835 [INFO] 키 풀: 4/4 활성 | 오늘 사용 0/4000건
2026-09-26 16:34:16,835 [INFO]   [KEY_1] 담당 31장소
2026-09-26 16:34:16,835 [INFO]   [KEY_2] 담당 30장소
2026-09-26 16:34:16,835 [INFO]   [KEY_3] 담당 30장소
2026-09-26 16:34:16,835 [INFO]   [KEY_4] 담당 30장소
2026-09-26 16:34:16,835 [INFO] [1/121] 경복궁 (primary=KEY_1)
2026-09-26 16:34:19,048 [INFO] [2/121] 광화문·덕수궁 (primary=KEY_2)
2026-09-26 16:34:21,473 [INFO] [3/121] 보신각 (primary=KEY_3)
2026-09-26 16:34:23,665 [INFO] [4/121] 서울 암사동 유적 (primary=KEY_4)
2026-09-26 16:34:25,725 [INFO] [5/121] 창덕궁·종묘 (primary=KEY_1)
2026-09-26 16:34:27,098 [INFO] [6/121] 강남 MICE 관광특구 (primary=KEY_2)
2026-09-26 16:34:29,033 [INFO] [7/121] 동대문 관광특구 (primary=KEY_3)
2026-09-26 16:34:31,150 [INFO] [8/121] 명동 관광특구 (primary=KEY_4)
2026-09-26 16:34:33,940 [INFO] [9/121] 이태원 관광특구 (primary=KEY_1)
2026-09-26 16:34:35,329 [INFO] [10/121] 잠실 관광특구 (primary=KEY_2)
2026-09-26 16:34:37,110 [INFO] [11/121] 종로·청계 관광특구 (primary=KEY_3)
2026-09-26 16:34:38,521 [INFO] [12/121] 홍대 관광특구 (primary=KEY_4)
2026-09-26 16:34:40,871 [INFO] [13/121] 강서한강공원 (primary=KEY_1)
2026-09-26 16:34:42,608 [INFO] [14/121] 고척돔 (primary=KEY_2)
2026-09-26 16:34:44,617 [INFO] [15/121] 광나루한강공원 (primary=KEY_3)
2026-09-26 16:34:45,812 [INFO] [16/121] 광화문광장 (primary=KEY_4)
2026-09-26 16:34:47,710 [INFO] [17/121] 국립중앙박물관·용산가족공원 (primary=KEY_1)
2026-09-26 16:34:48,793 [INFO] [18/121] 난지한강공원 (primary=KEY_2)
2026-09-26 16:34:49,839 [INFO] [19/121] 남산공원 (primary=KEY_3)
2026-09-26 16:34:51,237 [INFO] [20/121] 노들섬 (primary=KEY_4)
2026-09-26 16:34:52,266 [INFO] [21/121] 뚝섬한강공원 (primary=KEY_1)
2026-09-26 16:34:53,321 [INFO] [22/121] 망원한강공원 (primary=KEY_2)
2026-09-26 16:34:55,353 [INFO] [23/121] 반포한강공원 (primary=KEY_3)
2026-09-26 16:34:56,401 [INFO] [24/121] 보라매공원 (primary=KEY_4)
2026-09-26 16:34:57,452 [INFO] [25/121] 북서울꿈의숲 (primary=KEY_1)
2026-09-26 16:34:58,852 [INFO] [26/121] 서대문독립공원 (primary=KEY_2)
2026-09-26 16:34:59,903 [INFO] [27/121] 서리풀공원·몽마르뜨공원 (primary=KEY_3)
2026-09-26 16:35:01,171 [INFO] [28/121] 서울대공원 (primary=KEY_4)
2026-09-26 16:35:02,240 [INFO] [29/121] 서울숲공원 (primary=KEY_1)
2026-09-26 16:35:04,408 [INFO] [30/121] 송현녹지광장 (primary=KEY_2)
2026-09-26 16:35:05,630 [INFO] [31/121] 아차산 (primary=KEY_3)
2026-09-26 16:35:06,680 [INFO] [32/121] 안양천 (primary=KEY_4)
2026-09-26 16:35:07,720 [INFO] [33/121] 양화한강공원 (primary=KEY_1)
2026-09-26 16:35:08,868 [INFO] [34/121] 어린이대공원 (primary=KEY_2)
2026-09-26 16:35:10,089 [INFO] [35/121] 여의도한강공원 (primary=KEY_3)
2026-09-26 16:35:11,382 [INFO] [36/121] 여의서로 (primary=KEY_4)
2026-09-26 16:35:12,573 [INFO] [37/121] 올림픽공원 (primary=KEY_1)
2026-09-26 16:35:13,823 [INFO] [38/121] 월드컵공원 (primary=KEY_2)
2026-09-26 16:35:15,204 [INFO] [39/121] 응봉산 (primary=KEY_3)
2026-09-26 16:35:16,554 [INFO] [40/121] 이촌한강공원 (primary=KEY_4)
2026-09-26 16:35:17,615 [INFO] [41/121] 잠실종합운동장 (primary=KEY_1)
2026-09-26 16:35:18,665 [INFO] [42/121] 잠실한강공원 (primary=KEY_2)
2026-09-26 16:35:19,710 [INFO] [43/121] 잠원한강공원 (primary=KEY_3)
2026-09-26 16:35:20,770 [INFO] [44/121] 청계산 (primary=KEY_4)
2026-09-26 16:35:22,476 [INFO] [45/121] 홍제폭포 (primary=KEY_1)
2026-09-26 16:35:23,511 [INFO] [46/121] 가락시장 (primary=KEY_2)
2026-09-26 16:35:24,757 [INFO] [47/121] 가로수길 (primary=KEY_3)
2026-09-26 16:35:26,784 [INFO] [48/121] 광장(전통)시장 (primary=KEY_4)
2026-09-26 16:35:28,441 [INFO] [49/121] 김포공항 (primary=KEY_1)
2026-09-26 16:35:30,475 [INFO] [50/121] 남대문시장 (primary=KEY_2)
2026-09-26 16:35:32,367 [INFO] [51/121] 노량진 (primary=KEY_3)
2026-09-26 16:35:34,219 [INFO] [52/121] 덕수궁길·정동길 (primary=KEY_4)
2026-09-26 16:35:36,410 [INFO] [53/121] 북창동 먹자골목 (primary=KEY_1)
2026-09-26 16:35:37,623 [INFO] [54/121] 북촌한옥마을 (primary=KEY_2)
2026-09-26 16:35:39,161 [INFO] [55/121] 서촌 (primary=KEY_3)
2026-09-26 16:35:40,365 [INFO] [56/121] 성수카페거리 (primary=KEY_4)
2026-09-26 16:35:41,780 [INFO] [57/121] 송리단길·호수단길 (primary=KEY_1)
2026-09-26 16:35:44,000 [INFO] [58/121] 신촌 스타광장 (primary=KEY_2)
2026-09-26 16:35:46,399 [INFO] [59/121] 압구정로데오거리 (primary=KEY_3)
2026-09-26 16:35:48,448 [INFO] [60/121] 여의도 (primary=KEY_4)
2026-09-26 16:35:50,685 [INFO] [61/121] 연남동 (primary=KEY_1)
2026-09-26 16:35:52,733 [INFO] [62/121] 영등포 타임스퀘어 (primary=KEY_2)
2026-09-26 16:35:53,961 [INFO] [63/121] 용리단길 (primary=KEY_3)
2026-09-26 16:35:55,038 [INFO] [64/121] 이태원 앤틱가구거리 (primary=KEY_4)
2026-09-26 16:35:57,120 [INFO] [65/121] 익선동 (primary=KEY_1)
2026-09-26 16:35:58,378 [INFO] [66/121] 인사동 (primary=KEY_2)
2026-09-26 16:35:59,773 [INFO] [67/121] 잠실롯데타워·석촌호수 (primary=KEY_3)
2026-09-26 16:36:01,417 [INFO] [68/121] 창동 신경제 중심지 (primary=KEY_4)
2026-09-26 16:36:03,938 [INFO] [69/121] 청담동 명품거리 (primary=KEY_1)
2026-09-26 16:36:06,159 [INFO] [70/121] 청량리 제기동 일대 전통시장 (primary=KEY_2)
2026-09-26 16:36:08,062 [INFO] [71/121] 해방촌·경리단길 (primary=KEY_3)
2026-09-26 16:36:09,143 [INFO] [72/121] DDP(동대문디자인플라자) (primary=KEY_4)
2026-09-26 16:36:10,516 [INFO] [73/121] DMC(디지털미디어시티) (primary=KEY_1)
2026-09-26 16:36:12,289 [INFO] [74/121] 가산디지털단지역 (primary=KEY_2)
2026-09-26 16:36:14,052 [INFO] [75/121] 강남역 (primary=KEY_3)
2026-09-26 16:36:15,478 [INFO] [76/121] 건대입구역 (primary=KEY_4)
2026-09-26 16:36:17,516 [INFO] [77/121] 고덕역 (primary=KEY_1)
2026-09-26 16:36:18,728 [INFO] [78/121] 고속터미널역 (primary=KEY_2)
2026-09-26 16:36:19,977 [INFO] [79/121] 교대역 (primary=KEY_3)
2026-09-26 16:36:21,219 [INFO] [80/121] 구로디지털단지역 (primary=KEY_4)
2026-09-26 16:36:22,805 [INFO] [81/121] 구로역 (primary=KEY_1)
2026-09-26 16:36:24,012 [INFO] [82/121] 군자역 (primary=KEY_2)
2026-09-26 16:36:25,242 [INFO] [83/121] 대림역 (primary=KEY_3)
2026-09-26 16:36:27,152 [INFO] [84/121] 동대문역 (primary=KEY_4)
2026-09-26 16:36:28,387 [INFO] [85/121] 뚝섬역 (primary=KEY_1)
2026-09-26 16:36:29,636 [INFO] [86/121] 미아사거리역 (primary=KEY_2)
2026-09-26 16:36:30,863 [INFO] [87/121] 발산역 (primary=KEY_3)
2026-09-26 16:36:32,417 [INFO] [88/121] 사당역 (primary=KEY_4)
2026-09-26 16:36:33,635 [INFO] [89/121] 삼각지역 (primary=KEY_1)
2026-09-26 16:36:34,855 [INFO] [90/121] 서울대입구역 (primary=KEY_2)
2026-09-26 16:36:36,080 [INFO] [91/121] 서울식물원·마곡나루역 (primary=KEY_3)
2026-09-26 16:36:37,469 [INFO] [92/121] 서울역 (primary=KEY_4)
2026-09-26 16:36:38,899 [INFO] [93/121] 선릉역 (primary=KEY_1)
2026-09-26 16:36:40,464 [INFO] [94/121] 성신여대입구역 (primary=KEY_2)
2026-09-26 16:36:41,567 [INFO] [95/121] 수유역 (primary=KEY_3)
2026-09-26 16:36:42,783 [INFO] [96/121] 숭례문 (primary=KEY_4)
2026-09-26 16:36:44,034 [INFO] [97/121] 시의회 앞 (primary=KEY_1)
2026-09-26 16:36:45,264 [INFO] [98/121] 신논현역·논현역 (primary=KEY_2)
2026-09-26 16:36:46,538 [INFO] [99/121] 신도림역 (primary=KEY_3)
2026-09-26 16:36:48,490 [INFO] [100/121] 신림역 (primary=KEY_4)
2026-09-26 16:36:49,719 [INFO] [101/121] 신정네거리역 (primary=KEY_1)
2026-09-26 16:36:50,955 [INFO] [102/121] 신촌·이대역 (primary=KEY_2)
2026-09-26 16:36:52,995 [INFO] [103/121] 쌍문역 (primary=KEY_3)
2026-09-26 16:36:54,226 [INFO] [104/121] 양재역 (primary=KEY_4)
2026-09-26 16:36:56,327 [INFO] [105/121] 역삼역 (primary=KEY_1)
2026-09-26 16:36:57,709 [INFO] [106/121] 연신내역 (primary=KEY_2)
2026-09-26 16:36:58,787 [INFO] [107/121] 오목교역·목동운동장 (primary=KEY_3)
2026-09-26 16:37:00,511 [INFO] [108/121] 왕십리역 (primary=KEY_4)
2026-09-26 16:37:01,985 [INFO] [109/121] 용산역 (primary=KEY_1)
2026-09-26 16:37:03,371 [INFO] [110/121] 이태원역 (primary=KEY_2)
2026-09-26 16:37:04,448 [INFO] [111/121] 잠실새내역 (primary=KEY_3)
2026-09-26 16:37:05,678 [INFO] [112/121] 잠실역 (primary=KEY_4)
2026-09-26 16:37:08,166 [INFO] [113/121] 장지역 (primary=KEY_1)
2026-09-26 16:37:09,572 [INFO] [114/121] 장한평역 (primary=KEY_2)
2026-09-26 16:37:10,803 [INFO] [115/121] 천호역 (primary=KEY_3)
2026-09-26 16:37:12,226 [INFO] [116/121] 총신대입구(이수)역 (primary=KEY_4)
2026-09-26 16:37:13,485 [INFO] [117/121] 충정로역 (primary=KEY_1)
2026-09-26 16:37:14,731 [INFO] [118/121] 합정역 (primary=KEY_2)
2026-09-26 16:37:16,058 [INFO] [119/121] 혜화역 (primary=KEY_3)
2026-09-26 16:37:17,290 [INFO] [120/121] 홍대입구역(2호선) (primary=KEY_4)
2026-09-26 16:37:18,590 [INFO] [121/121] 회기역 (primary=KEY_1)
2026-09-26 16:37:20,571 [INFO] === 수집 완료 | 성공 121, 실패 0 ===
2026-09-26 16:37:20,571 [INFO] 카테고리별 저장 결과:
2026-09-26 16:37:20,571 [INFO]    accident                  | 신규     1행 | 누적      2행 | 16컬럼
2026-09-26 16:37:20,571 [INFO]    accident_acdnt_cntrl_stts | 신규     3행 | 누적      5행 | 16컬럼
2026-09-26 16:37:20,571 [INFO]    area_meta                 | 신규   121행 | 누적    363행 | 5컬럼
2026-09-26 16:37:20,571 [INFO]    bike                      | 신규    11행 | 누적     33행 | 12컬럼
2026-09-26 16:37:20,572 [INFO]    bike_sbike_stts           | 신규   575행 | 누적   1725행 | 12컬럼
2026-09-26 16:37:20,572 [INFO]    bus                       | 신규     3행 | 누적      9행 | 11컬럼
2026-09-26 16:37:20,572 [INFO]    bus_bus_stn_stts          | 신규  1745행 | 누적   5235행 | 11컬럼
2026-09-26 16:37:20,572 [INFO]    charger                   | 신규     4행 | 누적     12행 | 15컬럼
2026-09-26 16:37:20,572 [INFO]    charger_charger_stts      | 신규  1920행 | 누적   5723행 | 15컬럼
2026-09-26 16:37:20,572 [INFO]    cmrcl                     | 신규    82행 | 누적    246행 | 21컬럼
2026-09-26 16:37:20,572 [INFO]    events                    | 신규    12행 | 누적     37행 | 14컬럼
2026-09-26 16:37:20,572 [INFO]    events_event_stts         | 신규   120행 | 누적    359행 | 14컬럼
2026-09-26 16:37:20,572 [INFO]    parking                   | 신규     6행 | 누적     18행 | 21컬럼
2026-09-26 16:37:20,572 [INFO]    parking_prk_stts          | 신규  1832행 | 누적   5496행 | 21컬럼
2026-09-26 16:37:20,572 [INFO]    ppltn                     | 신규   121행 | 누적    363행 | 26컬럼
2026-09-26 16:37:20,572 [INFO]    road                      | 신규   121행 | 누적    363행 | 21컬럼
2026-09-26 16:37:20,572 [INFO]    road_road_traffic_stts    | 신규  5303행 | 누적  15909행 | 17컬럼
2026-09-26 16:37:20,572 [INFO]    subway                    | 신규    38행 | 누적    114행 | 12컬럼
2026-09-26 16:37:20,572 [INFO]    subway_sub_stts           | 신규   183행 | 누적    549행 | 13컬럼
2026-09-26 16:37:20,572 [INFO]    weather                   | 신규   119행 | 누적    357행 | 29컬럼
2026-09-26 16:37:20,572 [INFO] 키별 사용량:
2026-09-26 16:37:20,572 [INFO]    🟢 KEY_1 (31/1000) 
2026-09-26 16:37:20,572 [INFO]    🟢 KEY_2 (30/1000) 
2026-09-26 16:37:20,572 [INFO]    🟢 KEY_3 (30/1000) 
2026-09-26 16:37:20,572 [INFO]    🟢 KEY_4 (30/1000) 
2026-09-26 22:01:37,197 [INFO] 등록된 키: 4개, 합산 한도 4,000건/일
2026-09-26 22:01:37,198 [INFO] POI 로드: 매뉴얼 v8.5 기준 fallback 121개 (121개 전체)
2026-09-26 22:01:37,198 [INFO] === 수집 시작 2026-09-26T22:01:37.198107+09:00 ===
2026-09-26 22:01:37,198 [INFO] 대상 장소: 121개 | API: citydata (통합)
2026-09-26 22:01:37,198 [INFO] 키 풀: 4/4 활성 | 오늘 사용 0/4000건
2026-09-26 22:01:37,198 [INFO]   [KEY_1] 담당 31장소
2026-09-26 22:01:37,198 [INFO]   [KEY_2] 담당 30장소
2026-09-26 22:01:37,198 [INFO]   [KEY_3] 담당 30장소
2026-09-26 22:01:37,198 [INFO]   [KEY_4] 담당 30장소
2026-09-26 22:01:37,198 [INFO] [1/121] 경복궁 (primary=KEY_1)
2026-09-26 22:01:39,194 [INFO] [2/121] 광화문·덕수궁 (primary=KEY_2)
2026-09-26 22:01:41,564 [INFO] [3/121] 보신각 (primary=KEY_3)
2026-09-26 22:01:43,743 [INFO] [4/121] 서울 암사동 유적 (primary=KEY_4)
2026-09-26 22:01:45,740 [INFO] [5/121] 창덕궁·종묘 (primary=KEY_1)
2026-09-26 22:01:47,716 [INFO] [6/121] 강남 MICE 관광특구 (primary=KEY_2)
2026-09-26 22:01:48,926 [INFO] [7/121] 동대문 관광특구 (primary=KEY_3)
2026-09-26 22:01:51,146 [INFO] [8/121] 명동 관광특구 (primary=KEY_4)
2026-09-26 22:01:52,817 [INFO] [9/121] 이태원 관광특구 (primary=KEY_1)
2026-09-26 22:01:54,050 [INFO] [10/121] 잠실 관광특구 (primary=KEY_2)
2026-09-26 22:01:56,644 [INFO] [11/121] 종로·청계 관광특구 (primary=KEY_3)
2026-09-26 22:01:58,693 [INFO] [12/121] 홍대 관광특구 (primary=KEY_4)
2026-09-26 22:02:00,106 [INFO] [13/121] 강서한강공원 (primary=KEY_1)
2026-09-26 22:02:01,307 [INFO] [14/121] 고척돔 (primary=KEY_2)
2026-09-26 22:02:03,308 [INFO] [15/121] 광나루한강공원 (primary=KEY_3)
2026-09-26 22:02:04,504 [INFO] [16/121] 광화문광장 (primary=KEY_4)
2026-09-26 22:02:06,532 [INFO] [17/121] 국립중앙박물관·용산가족공원 (primary=KEY_1)
2026-09-26 22:02:07,743 [INFO] [18/121] 난지한강공원 (primary=KEY_2)
2026-09-26 22:02:08,784 [INFO] [19/121] 남산공원 (primary=KEY_3)
2026-09-26 22:02:10,976 [INFO] [20/121] 노들섬 (primary=KEY_4)
2026-09-26 22:02:12,656 [INFO] [21/121] 뚝섬한강공원 (primary=KEY_1)
2026-09-26 22:02:14,353 [INFO] [22/121] 망원한강공원 (primary=KEY_2)
2026-09-26 22:02:15,559 [INFO] [23/121] 반포한강공원 (primary=KEY_3)
2026-09-26 22:02:16,597 [INFO] [24/121] 보라매공원 (primary=KEY_4)
2026-09-26 22:02:17,657 [INFO] [25/121] 북서울꿈의숲 (primary=KEY_1)
2026-09-26 22:02:19,839 [INFO] [26/121] 서대문독립공원 (primary=KEY_2)
2026-09-26 22:02:20,927 [INFO] [27/121] 서리풀공원·몽마르뜨공원 (primary=KEY_3)
2026-09-26 22:02:22,136 [INFO] [28/121] 서울대공원 (primary=KEY_4)
2026-09-26 22:02:23,170 [INFO] [29/121] 서울숲공원 (primary=KEY_1)
2026-09-26 22:02:24,387 [INFO] [30/121] 송현녹지광장 (primary=KEY_2)
2026-09-26 22:02:25,713 [INFO] [31/121] 아차산 (primary=KEY_3)
2026-09-26 22:02:26,761 [INFO] [32/121] 안양천 (primary=KEY_4)
2026-09-26 22:02:27,795 [INFO] [33/121] 양화한강공원 (primary=KEY_1)
2026-09-26 22:02:28,831 [INFO] [34/121] 어린이대공원 (primary=KEY_2)
2026-09-26 22:02:30,846 [INFO] [35/121] 여의도한강공원 (primary=KEY_3)
2026-09-26 22:02:32,056 [INFO] [36/121] 여의서로 (primary=KEY_4)
2026-09-26 22:02:33,263 [INFO] [37/121] 올림픽공원 (primary=KEY_1)
2026-09-26 22:02:34,685 [INFO] [38/121] 월드컵공원 (primary=KEY_2)
2026-09-26 22:02:36,078 [INFO] [39/121] 응봉산 (primary=KEY_3)
2026-09-26 22:02:37,296 [INFO] [40/121] 이촌한강공원 (primary=KEY_4)
2026-09-26 22:02:38,352 [INFO] [41/121] 잠실종합운동장 (primary=KEY_1)
2026-09-26 22:02:39,409 [INFO] [42/121] 잠실한강공원 (primary=KEY_2)
2026-09-26 22:02:40,446 [INFO] [43/121] 잠원한강공원 (primary=KEY_3)
2026-09-26 22:02:41,489 [INFO] [44/121] 청계산 (primary=KEY_4)
2026-09-26 22:02:42,515 [INFO] [45/121] 홍제폭포 (primary=KEY_1)
2026-09-26 22:02:43,562 [INFO] [46/121] 가락시장 (primary=KEY_2)
2026-09-26 22:02:44,803 [INFO] [47/121] 가로수길 (primary=KEY_3)
2026-09-26 22:02:47,042 [INFO] [48/121] 광장(전통)시장 (primary=KEY_4)
2026-09-26 22:02:48,093 [INFO] [49/121] 김포공항 (primary=KEY_1)
2026-09-26 22:02:50,148 [INFO] [50/121] 남대문시장 (primary=KEY_2)
2026-09-26 22:02:51,357 [INFO] [51/121] 노량진 (primary=KEY_3)
2026-09-26 22:02:52,610 [INFO] [52/121] 덕수궁길·정동길 (primary=KEY_4)
2026-09-26 22:02:53,856 [INFO] [53/121] 북창동 먹자골목 (primary=KEY_1)
2026-09-26 22:02:55,069 [INFO] [54/121] 북촌한옥마을 (primary=KEY_2)
2026-09-26 22:02:56,455 [INFO] [55/121] 서촌 (primary=KEY_3)
2026-09-26 22:02:57,660 [INFO] [56/121] 성수카페거리 (primary=KEY_4)
2026-09-26 22:02:59,050 [INFO] [57/121] 송리단길·호수단길 (primary=KEY_1)
2026-09-26 22:03:00,300 [INFO] [58/121] 신촌 스타광장 (primary=KEY_2)
2026-09-26 22:03:01,357 [INFO] [59/121] 압구정로데오거리 (primary=KEY_3)
2026-09-26 22:03:02,577 [INFO] [60/121] 여의도 (primary=KEY_4)
2026-09-26 22:03:04,761 [INFO] [61/121] 연남동 (primary=KEY_1)
2026-09-26 22:03:05,977 [INFO] [62/121] 영등포 타임스퀘어 (primary=KEY_2)
2026-09-26 22:03:07,210 [INFO] [63/121] 용리단길 (primary=KEY_3)
2026-09-26 22:03:08,307 [INFO] [64/121] 이태원 앤틱가구거리 (primary=KEY_4)
2026-09-26 22:03:09,537 [INFO] [65/121] 익선동 (primary=KEY_1)
2026-09-26 22:03:10,786 [INFO] [66/121] 인사동 (primary=KEY_2)
2026-09-26 22:03:12,193 [INFO] [67/121] 잠실롯데타워·석촌호수 (primary=KEY_3)
2026-09-26 22:03:13,776 [INFO] [68/121] 창동 신경제 중심지 (primary=KEY_4)
2026-09-26 22:03:15,365 [INFO] [69/121] 청담동 명품거리 (primary=KEY_1)
2026-09-26 22:03:16,593 [INFO] [70/121] 청량리 제기동 일대 전통시장 (primary=KEY_2)
2026-09-26 22:03:17,828 [INFO] [71/121] 해방촌·경리단길 (primary=KEY_3)
2026-09-26 22:03:19,906 [INFO] [72/121] DDP(동대문디자인플라자) (primary=KEY_4)
2026-09-26 22:03:21,953 [INFO] [73/121] DMC(디지털미디어시티) (primary=KEY_1)
2026-09-26 22:03:24,175 [INFO] [74/121] 가산디지털단지역 (primary=KEY_2)
2026-09-26 22:03:26,696 [INFO] [75/121] 강남역 (primary=KEY_3)
2026-09-26 22:03:28,920 [INFO] [76/121] 건대입구역 (primary=KEY_4)
2026-09-26 22:03:30,804 [INFO] [77/121] 고덕역 (primary=KEY_1)
2026-09-26 22:03:32,981 [INFO] [78/121] 고속터미널역 (primary=KEY_2)
2026-09-26 22:03:35,057 [INFO] [79/121] 교대역 (primary=KEY_3)
2026-09-26 22:03:36,301 [INFO] [80/121] 구로디지털단지역 (primary=KEY_4)
2026-09-26 22:03:37,848 [INFO] [81/121] 구로역 (primary=KEY_1)
2026-09-26 22:03:39,705 [INFO] [82/121] 군자역 (primary=KEY_2)
2026-09-26 22:03:41,589 [INFO] [83/121] 대림역 (primary=KEY_3)
2026-09-26 22:03:43,393 [INFO] [84/121] 동대문역 (primary=KEY_4)
2026-09-26 22:03:45,276 [INFO] [85/121] 뚝섬역 (primary=KEY_1)
2026-09-26 22:03:46,495 [INFO] [86/121] 미아사거리역 (primary=KEY_2)
2026-09-26 22:03:47,740 [INFO] [87/121] 발산역 (primary=KEY_3)
2026-09-26 22:03:49,376 [INFO] [88/121] 사당역 (primary=KEY_4)
2026-09-26 22:03:50,902 [INFO] [89/121] 삼각지역 (primary=KEY_1)
2026-09-26 22:03:52,798 [INFO] [90/121] 서울대입구역 (primary=KEY_2)
2026-09-26 22:03:54,010 [INFO] [91/121] 서울식물원·마곡나루역 (primary=KEY_3)
2026-09-26 22:03:55,409 [INFO] [92/121] 서울역 (primary=KEY_4)
2026-09-26 22:03:56,868 [INFO] [93/121] 선릉역 (primary=KEY_1)
2026-09-26 22:03:59,227 [INFO] [94/121] 성신여대입구역 (primary=KEY_2)
2026-09-26 22:04:00,859 [INFO] [95/121] 수유역 (primary=KEY_3)
2026-09-26 22:04:02,741 [INFO] [96/121] 숭례문 (primary=KEY_4)
2026-09-26 22:04:03,965 [INFO] [97/121] 시의회 앞 (primary=KEY_1)
2026-09-26 22:04:05,199 [INFO] [98/121] 신논현역·논현역 (primary=KEY_2)
2026-09-26 22:04:06,431 [INFO] [99/121] 신도림역 (primary=KEY_3)
2026-09-26 22:04:07,506 [INFO] [100/121] 신림역 (primary=KEY_4)
2026-09-26 22:04:09,552 [INFO] [101/121] 신정네거리역 (primary=KEY_1)
2026-09-26 22:04:10,817 [INFO] [102/121] 신촌·이대역 (primary=KEY_2)
2026-09-26 22:04:12,040 [INFO] [103/121] 쌍문역 (primary=KEY_3)
2026-09-26 22:04:13,281 [INFO] [104/121] 양재역 (primary=KEY_4)
2026-09-26 22:04:14,744 [INFO] [105/121] 역삼역 (primary=KEY_1)
2026-09-26 22:04:16,138 [INFO] [106/121] 연신내역 (primary=KEY_2)
2026-09-26 22:04:17,262 [INFO] [107/121] 오목교역·목동운동장 (primary=KEY_3)
2026-09-26 22:04:19,662 [INFO] [108/121] 왕십리역 (primary=KEY_4)
2026-09-26 22:04:21,073 [INFO] [109/121] 용산역 (primary=KEY_1)
2026-09-26 22:04:22,524 [INFO] [110/121] 이태원역 (primary=KEY_2)
2026-09-26 22:04:23,616 [INFO] [111/121] 잠실새내역 (primary=KEY_3)
2026-09-26 22:04:24,845 [INFO] [112/121] 잠실역 (primary=KEY_4)
2026-09-26 22:04:26,377 [INFO] [113/121] 장지역 (primary=KEY_1)
2026-09-26 22:04:27,768 [INFO] [114/121] 장한평역 (primary=KEY_2)
2026-09-26 22:04:28,982 [INFO] [115/121] 천호역 (primary=KEY_3)
2026-09-26 22:04:31,164 [INFO] [116/121] 총신대입구(이수)역 (primary=KEY_4)
2026-09-26 22:04:32,386 [INFO] [117/121] 충정로역 (primary=KEY_1)
2026-09-26 22:04:33,742 [INFO] [118/121] 합정역 (primary=KEY_2)
2026-09-26 22:04:34,983 [INFO] [119/121] 혜화역 (primary=KEY_3)
2026-09-26 22:04:36,318 [INFO] [120/121] 홍대입구역(2호선) (primary=KEY_4)
2026-09-26 22:04:37,538 [INFO] [121/121] 회기역 (primary=KEY_1)
2026-09-26 22:04:39,300 [INFO] === 수집 완료 | 성공 121, 실패 0 ===
2026-09-26 22:04:39,300 [INFO] 카테고리별 저장 결과:
2026-09-26 22:04:39,300 [INFO]    accident                  | 신규     1행 | 누적      3행 | 16컬럼
2026-09-26 22:04:39,300 [INFO]    accident_acdnt_cntrl_stts | 신규     2행 | 누적      7행 | 16컬럼
2026-09-26 22:04:39,300 [INFO]    area_meta                 | 신규   121행 | 누적    484행 | 5컬럼
2026-09-26 22:04:39,300 [INFO]    bike                      | 신규    11행 | 누적     44행 | 12컬럼
2026-09-26 22:04:39,300 [INFO]    bike_sbike_stts           | 신규   575행 | 누적   2300행 | 12컬럼
2026-09-26 22:04:39,300 [INFO]    bus                       | 신규     3행 | 누적     12행 | 11컬럼
2026-09-26 22:04:39,300 [INFO]    bus_bus_stn_stts          | 신규  1745행 | 누적   6980행 | 11컬럼
2026-09-26 22:04:39,300 [INFO]    charger                   | 신규     4행 | 누적     16행 | 15컬럼
2026-09-26 22:04:39,300 [INFO]    charger_charger_stts      | 신규  1921행 | 누적   7631행 | 15컬럼
2026-09-26 22:04:39,300 [INFO]    cmrcl                     | 신규    82행 | 누적    328행 | 21컬럼
2026-09-26 22:04:39,300 [INFO]    events                    | 신규    12행 | 누적     49행 | 14컬럼
2026-09-26 22:04:39,300 [INFO]    events_event_stts         | 신규   120행 | 누적    479행 | 14컬럼
2026-09-26 22:04:39,300 [INFO]    parking                   | 신규     6행 | 누적     24행 | 21컬럼
2026-09-26 22:04:39,300 [INFO]    parking_prk_stts          | 신규  1832행 | 누적   7328행 | 21컬럼
2026-09-26 22:04:39,300 [INFO]    ppltn                     | 신규   121행 | 누적    484행 | 26컬럼
2026-09-26 22:04:39,300 [INFO]    road                      | 신규   121행 | 누적    484행 | 21컬럼
2026-09-26 22:04:39,300 [INFO]    road_road_traffic_stts    | 신규  5303행 | 누적  21212행 | 17컬럼
2026-09-26 22:04:39,300 [INFO]    subway                    | 신규    38행 | 누적    152행 | 12컬럼
2026-09-26 22:04:39,300 [INFO]    subway_sub_stts           | 신규   183행 | 누적    732행 | 13컬럼
2026-09-26 22:04:39,300 [INFO]    weather                   | 신규   119행 | 누적    476행 | 29컬럼
2026-09-26 22:04:39,300 [INFO] 키별 사용량:
2026-09-26 22:04:39,301 [INFO]    🟢 KEY_1 (31/1000) 
2026-09-26 22:04:39,301 [INFO]    🟢 KEY_2 (30/1000) 
2026-09-26 22:04:39,301 [INFO]    🟢 KEY_3 (30/1000) 
2026-09-26 22:04:39,301 [INFO]    🟢 KEY_4 (30/1000) 
