2026-05-20 00:17:45,790 [INFO] 등록된 키: 4개, 합산 한도 4,000건/일
2026-05-20 00:17:45,790 [INFO] POI 로드: 매뉴얼 v8.5 기준 fallback 121개 (121개 전체)
2026-05-20 00:17:45,790 [INFO] === 수집 시작 2026-05-20T00:17:45.790974+09:00 ===
2026-05-20 00:17:45,791 [INFO] 대상 장소: 121개 | API: citydata (통합)
2026-05-20 00:17:45,791 [INFO] 키 풀: 4/4 활성 | 오늘 사용 0/4000건
2026-05-20 00:17:45,791 [INFO]   [KEY_1] 담당 31장소
2026-05-20 00:17:45,791 [INFO]   [KEY_2] 담당 30장소
2026-05-20 00:17:45,791 [INFO]   [KEY_3] 담당 30장소
2026-05-20 00:17:45,791 [INFO]   [KEY_4] 담당 30장소
2026-05-20 00:17:45,791 [INFO] [1/121] 경복궁 (primary=KEY_1)
2026-05-20 00:17:48,154 [INFO] [2/121] 광화문·덕수궁 (primary=KEY_2)
2026-05-20 00:17:50,662 [INFO] [3/121] 보신각 (primary=KEY_3)
2026-05-20 00:17:52,837 [INFO] [4/121] 서울 암사동 유적 (primary=KEY_4)
2026-05-20 00:17:54,689 [INFO] [5/121] 창덕궁·종묘 (primary=KEY_1)
2026-05-20 00:17:56,848 [INFO] [6/121] 강남 MICE 관광특구 (primary=KEY_2)
2026-05-20 00:17:58,850 [INFO] [7/121] 동대문 관광특구 (primary=KEY_3)
2026-05-20 00:18:01,518 [INFO] [8/121] 명동 관광특구 (primary=KEY_4)
2026-05-20 00:18:03,999 [INFO] [9/121] 이태원 관광특구 (primary=KEY_1)
2026-05-20 00:18:05,370 [INFO] [10/121] 잠실 관광특구 (primary=KEY_2)
2026-05-20 00:18:07,215 [INFO] [11/121] 종로·청계 관광특구 (primary=KEY_3)
2026-05-20 00:18:08,854 [INFO] [12/121] 홍대 관광특구 (primary=KEY_4)
2026-05-20 00:18:11,527 [INFO] [13/121] 강서한강공원 (primary=KEY_1)
2026-05-20 00:18:13,254 [INFO] [14/121] 고척돔 (primary=KEY_2)
2026-05-20 00:18:14,405 [INFO] [15/121] 광나루한강공원 (primary=KEY_3)
2026-05-20 00:18:15,947 [INFO] [16/121] 광화문광장 (primary=KEY_4)
2026-05-20 00:18:17,293 [INFO] [17/121] 국립중앙박물관·용산가족공원 (primary=KEY_1)
2026-05-20 00:18:19,655 [INFO] [18/121] 난지한강공원 (primary=KEY_2)
2026-05-20 00:18:21,403 [INFO] [19/121] 남산공원 (primary=KEY_3)
2026-05-20 00:18:23,800 [INFO] [20/121] 노들섬 (primary=KEY_4)
2026-05-20 00:18:24,930 [INFO] [21/121] 뚝섬한강공원 (primary=KEY_1)
2026-05-20 00:18:26,093 [INFO] [22/121] 망원한강공원 (primary=KEY_2)
2026-05-20 00:18:27,444 [INFO] [23/121] 반포한강공원 (primary=KEY_3)
2026-05-20 00:18:28,592 [INFO] [24/121] 보라매공원 (primary=KEY_4)
2026-05-20 00:18:30,376 [INFO] [25/121] 북서울꿈의숲 (primary=KEY_1)
2026-05-20 00:18:31,523 [INFO] [26/121] 서대문독립공원 (primary=KEY_2)
2026-05-20 00:18:32,703 [INFO] [27/121] 서리풀공원·몽마르뜨공원 (primary=KEY_3)
2026-05-20 00:18:34,867 [INFO] [28/121] 서울대공원 (primary=KEY_4)
2026-05-20 00:18:37,194 [INFO] [29/121] 서울숲공원 (primary=KEY_1)
2026-05-20 00:18:38,556 [INFO] [30/121] 송현녹지광장 (primary=KEY_2)
2026-05-20 00:18:39,916 [INFO] [31/121] 아차산 (primary=KEY_3)
2026-05-20 00:18:41,053 [INFO] [32/121] 안양천 (primary=KEY_4)
2026-05-20 00:18:43,772 [INFO] [33/121] 양화한강공원 (primary=KEY_1)
2026-05-20 00:18:46,133 [INFO] [34/121] 어린이대공원 (primary=KEY_2)
2026-05-20 00:18:48,120 [INFO] [35/121] 여의도한강공원 (primary=KEY_3)
2026-05-20 00:18:49,483 [INFO] [36/121] 여의서로 (primary=KEY_4)
2026-05-20 00:18:51,438 [INFO] [37/121] 올림픽공원 (primary=KEY_1)
2026-05-20 00:18:52,840 [INFO] [38/121] 월드컵공원 (primary=KEY_2)
2026-05-20 00:18:54,414 [INFO] [39/121] 응봉산 (primary=KEY_3)
2026-05-20 00:18:55,772 [INFO] [40/121] 이촌한강공원 (primary=KEY_4)
2026-05-20 00:18:56,926 [INFO] [41/121] 잠실종합운동장 (primary=KEY_1)
2026-05-20 00:18:58,097 [INFO] [42/121] 잠실한강공원 (primary=KEY_2)
2026-05-20 00:18:59,276 [INFO] [43/121] 잠원한강공원 (primary=KEY_3)
2026-05-20 00:19:01,237 [INFO] [44/121] 청계산 (primary=KEY_4)
2026-05-20 00:19:02,996 [INFO] [45/121] 홍제폭포 (primary=KEY_1)
2026-05-20 00:19:04,169 [INFO] [46/121] 가락시장 (primary=KEY_2)
2026-05-20 00:19:05,580 [INFO] [47/121] 가로수길 (primary=KEY_3)
2026-05-20 00:19:07,179 [INFO] [48/121] 광장(전통)시장 (primary=KEY_4)
2026-05-20 00:19:08,356 [INFO] [49/121] 김포공항 (primary=KEY_1)
2026-05-20 00:19:09,949 [INFO] [50/121] 남대문시장 (primary=KEY_2)
2026-05-20 00:19:11,489 [INFO] [51/121] 노량진 (primary=KEY_3)
2026-05-20 00:19:12,881 [INFO] [52/121] 덕수궁길·정동길 (primary=KEY_4)
2026-05-20 00:19:14,278 [INFO] [53/121] 북창동 먹자골목 (primary=KEY_1)
2026-05-20 00:19:15,444 [INFO] [54/121] 북촌한옥마을 (primary=KEY_2)
2026-05-20 00:19:16,841 [INFO] [55/121] 서촌 (primary=KEY_3)
2026-05-20 00:19:18,203 [INFO] [56/121] 성수카페거리 (primary=KEY_4)
2026-05-20 00:19:19,599 [INFO] [57/121] 송리단길·호수단길 (primary=KEY_1)
2026-05-20 00:19:21,007 [INFO] [58/121] 신촌 스타광장 (primary=KEY_2)
2026-05-20 00:19:22,175 [INFO] [59/121] 압구정로데오거리 (primary=KEY_3)
2026-05-20 00:19:23,553 [INFO] [60/121] 여의도 (primary=KEY_4)
2026-05-20 00:19:25,773 [INFO] [61/121] 연남동 (primary=KEY_1)
2026-05-20 00:19:27,148 [INFO] [62/121] 영등포 타임스퀘어 (primary=KEY_2)
2026-05-20 00:19:29,509 [INFO] [63/121] 용리단길 (primary=KEY_3)
2026-05-20 00:19:30,726 [INFO] [64/121] 이태원 앤틱가구거리 (primary=KEY_4)
2026-05-20 00:19:31,899 [INFO] [65/121] 익선동 (primary=KEY_1)
2026-05-20 00:19:33,286 [INFO] [66/121] 인사동 (primary=KEY_2)
2026-05-20 00:19:34,701 [INFO] [67/121] 잠실롯데타워·석촌호수 (primary=KEY_3)
2026-05-20 00:19:36,324 [INFO] [68/121] 창동 신경제 중심지 (primary=KEY_4)
2026-05-20 00:19:38,136 [INFO] [69/121] 청담동 명품거리 (primary=KEY_1)
2026-05-20 00:19:39,520 [INFO] [70/121] 청량리 제기동 일대 전통시장 (primary=KEY_2)
2026-05-20 00:19:40,934 [INFO] [71/121] 해방촌·경리단길 (primary=KEY_3)
2026-05-20 00:19:42,117 [INFO] [72/121] DDP(동대문디자인플라자) (primary=KEY_4)
2026-05-20 00:19:43,505 [INFO] [73/121] DMC(디지털미디어시티) (primary=KEY_1)
2026-05-20 00:19:45,322 [INFO] [74/121] 가산디지털단지역 (primary=KEY_2)
2026-05-20 00:19:47,114 [INFO] [75/121] 강남역 (primary=KEY_3)
2026-05-20 00:19:48,713 [INFO] [76/121] 건대입구역 (primary=KEY_4)
2026-05-20 00:19:50,113 [INFO] [77/121] 고덕역 (primary=KEY_1)
2026-05-20 00:19:51,480 [INFO] [78/121] 고속터미널역 (primary=KEY_2)
2026-05-20 00:19:52,888 [INFO] [79/121] 교대역 (primary=KEY_3)
2026-05-20 00:19:54,680 [INFO] [80/121] 구로디지털단지역 (primary=KEY_4)
2026-05-20 00:19:56,241 [INFO] [81/121] 구로역 (primary=KEY_1)
2026-05-20 00:19:57,406 [INFO] [82/121] 군자역 (primary=KEY_2)
2026-05-20 00:19:58,784 [INFO] [83/121] 대림역 (primary=KEY_3)
2026-05-20 00:20:00,174 [INFO] [84/121] 동대문역 (primary=KEY_4)
2026-05-20 00:20:01,567 [INFO] [85/121] 뚝섬역 (primary=KEY_1)
2026-05-20 00:20:02,924 [INFO] [86/121] 미아사거리역 (primary=KEY_2)
2026-05-20 00:20:04,294 [INFO] [87/121] 발산역 (primary=KEY_3)
2026-05-20 00:20:05,852 [INFO] [88/121] 사당역 (primary=KEY_4)
2026-05-20 00:20:07,245 [INFO] [89/121] 삼각지역 (primary=KEY_1)
2026-05-20 00:20:08,424 [INFO] [90/121] 서울대입구역 (primary=KEY_2)
2026-05-20 00:20:09,775 [INFO] [91/121] 서울식물원·마곡나루역 (primary=KEY_3)
2026-05-20 00:20:11,156 [INFO] [92/121] 서울역 (primary=KEY_4)
2026-05-20 00:20:12,554 [INFO] [93/121] 선릉역 (primary=KEY_1)
2026-05-20 00:20:14,156 [INFO] [94/121] 성신여대입구역 (primary=KEY_2)
2026-05-20 00:20:15,352 [INFO] [95/121] 수유역 (primary=KEY_3)
2026-05-20 00:20:16,715 [INFO] [96/121] 숭례문 (primary=KEY_4)
2026-05-20 00:20:19,301 [INFO] [97/121] 시의회 앞 (primary=KEY_1)
2026-05-20 00:20:20,683 [INFO] [98/121] 신논현역·논현역 (primary=KEY_2)
2026-05-20 00:20:23,239 [INFO] [99/121] 신도림역 (primary=KEY_3)
2026-05-20 00:20:24,415 [INFO] [100/121] 신림역 (primary=KEY_4)
2026-05-20 00:20:26,386 [INFO] [101/121] 신정네거리역 (primary=KEY_1)
2026-05-20 00:20:28,370 [INFO] [102/121] 신촌·이대역 (primary=KEY_2)
2026-05-20 00:20:30,345 [INFO] [103/121] 쌍문역 (primary=KEY_3)
2026-05-20 00:20:32,504 [INFO] [104/121] 양재역 (primary=KEY_4)
2026-05-20 00:20:34,658 [INFO] [105/121] 역삼역 (primary=KEY_1)
2026-05-20 00:20:36,218 [INFO] [106/121] 연신내역 (primary=KEY_2)
2026-05-20 00:20:38,213 [INFO] [107/121] 오목교역·목동운동장 (primary=KEY_3)
2026-05-20 00:20:40,607 [INFO] [108/121] 왕십리역 (primary=KEY_4)
2026-05-20 00:20:42,006 [INFO] [109/121] 용산역 (primary=KEY_1)
2026-05-20 00:20:44,349 [INFO] [110/121] 이태원역 (primary=KEY_2)
2026-05-20 00:20:46,338 [INFO] [111/121] 잠실새내역 (primary=KEY_3)
2026-05-20 00:20:47,708 [INFO] [112/121] 잠실역 (primary=KEY_4)
2026-05-20 00:20:50,166 [INFO] [113/121] 장지역 (primary=KEY_1)
2026-05-20 00:20:51,723 [INFO] [114/121] 장한평역 (primary=KEY_2)
2026-05-20 00:20:53,691 [INFO] [115/121] 천호역 (primary=KEY_3)
2026-05-20 00:20:55,089 [INFO] [116/121] 총신대입구(이수)역 (primary=KEY_4)
2026-05-20 00:20:56,484 [INFO] [117/121] 충정로역 (primary=KEY_1)
2026-05-20 00:20:58,661 [INFO] [118/121] 합정역 (primary=KEY_2)
2026-05-20 00:21:00,650 [INFO] [119/121] 혜화역 (primary=KEY_3)
2026-05-20 00:21:02,040 [INFO] [120/121] 홍대입구역(2호선) (primary=KEY_4)
2026-05-20 00:21:04,369 [INFO] [121/121] 회기역 (primary=KEY_1)
2026-05-20 00:21:06,158 [INFO] === 수집 완료 | 성공 121, 실패 0 ===
2026-05-20 00:21:06,158 [INFO] 카테고리별 저장 결과:
2026-05-20 00:21:06,158 [INFO]    accident                  | 신규     1행 | 누적      1행 | 16컬럼
2026-05-20 00:21:06,158 [INFO]    area_meta                 | 신규   121행 | 누적    121행 | 5컬럼
2026-05-20 00:21:06,158 [INFO]    bike                      | 신규    11행 | 누적     11행 | 12컬럼
2026-05-20 00:21:06,158 [INFO]    bike_sbike_stts           | 신규   559행 | 누적    559행 | 12컬럼
2026-05-20 00:21:06,158 [INFO]    bus                       | 신규     3행 | 누적      3행 | 11컬럼
2026-05-20 00:21:06,158 [INFO]    bus_bus_stn_stts          | 신규  1745행 | 누적   1745행 | 11컬럼
2026-05-20 00:21:06,158 [INFO]    charger                   | 신규    10행 | 누적     10행 | 15컬럼
2026-05-20 00:21:06,158 [INFO]    charger_charger_stts      | 신규  1257행 | 누적   1257행 | 15컬럼
2026-05-20 00:21:06,158 [INFO]    cmrcl                     | 신규    82행 | 누적     82행 | 20컬럼
2026-05-20 00:21:06,159 [INFO]    events                    | 신규    14행 | 누적     14행 | 14컬럼
2026-05-20 00:21:06,159 [INFO]    events_event_stts         | 신규   176행 | 누적    176행 | 14컬럼
2026-05-20 00:21:06,159 [INFO]    parking                   | 신규     6행 | 누적      6행 | 21컬럼
2026-05-20 00:21:06,159 [INFO]    parking_prk_stts          | 신규  1835행 | 누적   1835행 | 21컬럼
2026-05-20 00:21:06,159 [INFO]    ppltn                     | 신규   121행 | 누적    121행 | 26컬럼
2026-05-20 00:21:06,159 [INFO]    road                      | 신규   121행 | 누적    121행 | 21컬럼
2026-05-20 00:21:06,159 [INFO]    road_road_traffic_stts    | 신규  5246행 | 누적   5246행 | 17컬럼
2026-05-20 00:21:06,159 [INFO]    subway                    | 신규    38행 | 누적     38행 | 12컬럼
2026-05-20 00:21:06,159 [INFO]    subway_sub_stts           | 신규   183행 | 누적    183행 | 13컬럼
2026-05-20 00:21:06,159 [INFO]    weather                   | 신규   119행 | 누적    119행 | 29컬럼
2026-05-20 00:21:06,159 [INFO] 키별 사용량:
2026-05-20 00:21:06,159 [INFO]    🟢 KEY_1 (31/1000) 
2026-05-20 00:21:06,159 [INFO]    🟢 KEY_2 (30/1000) 
2026-05-20 00:21:06,159 [INFO]    🟢 KEY_3 (30/1000) 
2026-05-20 00:21:06,159 [INFO]    🟢 KEY_4 (30/1000) 
2026-05-20 02:10:02,156 [INFO] 등록된 키: 4개, 합산 한도 4,000건/일
2026-05-20 02:10:02,157 [INFO] POI 로드: 매뉴얼 v8.5 기준 fallback 121개 (121개 전체)
2026-05-20 02:10:02,157 [INFO] === 수집 시작 2026-05-20T02:10:02.157084+09:00 ===
2026-05-20 02:10:02,157 [INFO] 대상 장소: 121개 | API: citydata (통합)
2026-05-20 02:10:02,157 [INFO] 키 풀: 4/4 활성 | 오늘 사용 0/4000건
2026-05-20 02:10:02,157 [INFO]   [KEY_1] 담당 31장소
2026-05-20 02:10:02,157 [INFO]   [KEY_2] 담당 30장소
2026-05-20 02:10:02,157 [INFO]   [KEY_3] 담당 30장소
2026-05-20 02:10:02,157 [INFO]   [KEY_4] 담당 30장소
2026-05-20 02:10:02,157 [INFO] [1/121] 경복궁 (primary=KEY_1)
2026-05-20 02:10:03,711 [INFO] [2/121] 광화문·덕수궁 (primary=KEY_2)
2026-05-20 02:10:05,594 [INFO] [3/121] 보신각 (primary=KEY_3)
2026-05-20 02:10:07,277 [INFO] [4/121] 서울 암사동 유적 (primary=KEY_4)
2026-05-20 02:10:08,827 [INFO] [5/121] 창덕궁·종묘 (primary=KEY_1)
2026-05-20 02:10:10,049 [INFO] [6/121] 강남 MICE 관광특구 (primary=KEY_2)
2026-05-20 02:10:12,131 [INFO] [7/121] 동대문 관광특구 (primary=KEY_3)
2026-05-20 02:10:13,423 [INFO] [8/121] 명동 관광특구 (primary=KEY_4)
2026-05-20 02:10:14,740 [INFO] [9/121] 이태원 관광특구 (primary=KEY_1)
2026-05-20 02:10:16,422 [INFO] [10/121] 잠실 관광특구 (primary=KEY_2)
2026-05-20 02:10:17,734 [INFO] [11/121] 종로·청계 관광특구 (primary=KEY_3)
2026-05-20 02:10:19,049 [INFO] [12/121] 홍대 관광특구 (primary=KEY_4)
2026-05-20 02:10:20,340 [INFO] [13/121] 강서한강공원 (primary=KEY_1)
2026-05-20 02:10:21,298 [INFO] [14/121] 고척돔 (primary=KEY_2)
2026-05-20 02:10:22,258 [INFO] [15/121] 광나루한강공원 (primary=KEY_3)
2026-05-20 02:10:23,932 [INFO] [16/121] 광화문광장 (primary=KEY_4)
2026-05-20 02:10:25,069 [INFO] [17/121] 국립중앙박물관·용산가족공원 (primary=KEY_1)
2026-05-20 02:10:26,052 [INFO] [18/121] 난지한강공원 (primary=KEY_2)
2026-05-20 02:10:27,028 [INFO] [19/121] 남산공원 (primary=KEY_3)
2026-05-20 02:10:28,309 [INFO] [20/121] 노들섬 (primary=KEY_4)
2026-05-20 02:10:29,287 [INFO] [21/121] 뚝섬한강공원 (primary=KEY_1)
2026-05-20 02:10:30,256 [INFO] [22/121] 망원한강공원 (primary=KEY_2)
2026-05-20 02:10:31,410 [INFO] [23/121] 반포한강공원 (primary=KEY_3)
2026-05-20 02:10:32,383 [INFO] [24/121] 보라매공원 (primary=KEY_4)
2026-05-20 02:10:33,373 [INFO] [25/121] 북서울꿈의숲 (primary=KEY_1)
2026-05-20 02:10:34,930 [INFO] [26/121] 서대문독립공원 (primary=KEY_2)
2026-05-20 02:10:35,912 [INFO] [27/121] 서리풀공원·몽마르뜨공원 (primary=KEY_3)
2026-05-20 02:10:36,934 [INFO] [28/121] 서울대공원 (primary=KEY_4)
2026-05-20 02:10:37,908 [INFO] [29/121] 서울숲공원 (primary=KEY_1)
2026-05-20 02:10:39,057 [INFO] [30/121] 송현녹지광장 (primary=KEY_2)
2026-05-20 02:10:40,202 [INFO] [31/121] 아차산 (primary=KEY_3)
2026-05-20 02:10:41,170 [INFO] [32/121] 안양천 (primary=KEY_4)
2026-05-20 02:10:42,689 [INFO] [33/121] 양화한강공원 (primary=KEY_1)
2026-05-20 02:10:44,245 [INFO] [34/121] 어린이대공원 (primary=KEY_2)
2026-05-20 02:10:45,253 [INFO] [35/121] 여의도한강공원 (primary=KEY_3)
2026-05-20 02:10:46,379 [INFO] [36/121] 여의서로 (primary=KEY_4)
2026-05-20 02:10:47,355 [INFO] [37/121] 올림픽공원 (primary=KEY_1)
2026-05-20 02:10:48,509 [INFO] [38/121] 월드컵공원 (primary=KEY_2)
2026-05-20 02:10:49,811 [INFO] [39/121] 응봉산 (primary=KEY_3)
2026-05-20 02:10:50,918 [INFO] [40/121] 이촌한강공원 (primary=KEY_4)
2026-05-20 02:10:51,902 [INFO] [41/121] 잠실종합운동장 (primary=KEY_1)
2026-05-20 02:10:52,901 [INFO] [42/121] 잠실한강공원 (primary=KEY_2)
2026-05-20 02:10:53,872 [INFO] [43/121] 잠원한강공원 (primary=KEY_3)
2026-05-20 02:10:54,844 [INFO] [44/121] 청계산 (primary=KEY_4)
2026-05-20 02:10:55,804 [INFO] [45/121] 홍제폭포 (primary=KEY_1)
2026-05-20 02:10:56,771 [INFO] [46/121] 가락시장 (primary=KEY_2)
2026-05-20 02:10:57,922 [INFO] [47/121] 가로수길 (primary=KEY_3)
2026-05-20 02:10:59,074 [INFO] [48/121] 광장(전통)시장 (primary=KEY_4)
2026-05-20 02:11:00,068 [INFO] [49/121] 김포공항 (primary=KEY_1)
2026-05-20 02:11:01,216 [INFO] [50/121] 남대문시장 (primary=KEY_2)
2026-05-20 02:11:02,211 [INFO] [51/121] 노량진 (primary=KEY_3)
2026-05-20 02:11:03,209 [INFO] [52/121] 덕수궁길·정동길 (primary=KEY_4)
2026-05-20 02:11:04,354 [INFO] [53/121] 북창동 먹자골목 (primary=KEY_1)
2026-05-20 02:11:05,337 [INFO] [54/121] 북촌한옥마을 (primary=KEY_2)
2026-05-20 02:11:06,454 [INFO] [55/121] 서촌 (primary=KEY_3)
2026-05-20 02:11:07,565 [INFO] [56/121] 성수카페거리 (primary=KEY_4)
2026-05-20 02:11:08,690 [INFO] [57/121] 송리단길·호수단길 (primary=KEY_1)
2026-05-20 02:11:09,818 [INFO] [58/121] 신촌 스타광장 (primary=KEY_2)
2026-05-20 02:11:10,806 [INFO] [59/121] 압구정로데오거리 (primary=KEY_3)
2026-05-20 02:11:11,967 [INFO] [60/121] 여의도 (primary=KEY_4)
2026-05-20 02:11:13,558 [INFO] [61/121] 연남동 (primary=KEY_1)
2026-05-20 02:11:14,666 [INFO] [62/121] 영등포 타임스퀘어 (primary=KEY_2)
2026-05-20 02:11:15,768 [INFO] [63/121] 용리단길 (primary=KEY_3)
2026-05-20 02:11:16,753 [INFO] [64/121] 이태원 앤틱가구거리 (primary=KEY_4)
2026-05-20 02:11:17,747 [INFO] [65/121] 익선동 (primary=KEY_1)
2026-05-20 02:11:18,887 [INFO] [66/121] 인사동 (primary=KEY_2)
2026-05-20 02:11:20,015 [INFO] [67/121] 잠실롯데타워·석촌호수 (primary=KEY_3)
2026-05-20 02:11:21,146 [INFO] [68/121] 창동 신경제 중심지 (primary=KEY_4)
2026-05-20 02:11:22,428 [INFO] [69/121] 청담동 명품거리 (primary=KEY_1)
2026-05-20 02:11:23,540 [INFO] [70/121] 청량리 제기동 일대 전통시장 (primary=KEY_2)
2026-05-20 02:11:24,679 [INFO] [71/121] 해방촌·경리단길 (primary=KEY_3)
2026-05-20 02:11:25,671 [INFO] [72/121] DDP(동대문디자인플라자) (primary=KEY_4)
2026-05-20 02:11:26,806 [INFO] [73/121] DMC(디지털미디어시티) (primary=KEY_1)
2026-05-20 02:11:28,116 [INFO] [74/121] 가산디지털단지역 (primary=KEY_2)
2026-05-20 02:11:29,382 [INFO] [75/121] 강남역 (primary=KEY_3)
2026-05-20 02:11:30,667 [INFO] [76/121] 건대입구역 (primary=KEY_4)
2026-05-20 02:11:31,822 [INFO] [77/121] 고덕역 (primary=KEY_1)
2026-05-20 02:11:32,816 [INFO] [78/121] 고속터미널역 (primary=KEY_2)
2026-05-20 02:11:33,830 [INFO] [79/121] 교대역 (primary=KEY_3)
2026-05-20 02:11:34,826 [INFO] [80/121] 구로디지털단지역 (primary=KEY_4)
2026-05-20 02:11:35,953 [INFO] [81/121] 구로역 (primary=KEY_1)
2026-05-20 02:11:36,926 [INFO] [82/121] 군자역 (primary=KEY_2)
2026-05-20 02:11:37,934 [INFO] [83/121] 대림역 (primary=KEY_3)
2026-05-20 02:11:38,953 [INFO] [84/121] 동대문역 (primary=KEY_4)
2026-05-20 02:11:39,967 [INFO] [85/121] 뚝섬역 (primary=KEY_1)
2026-05-20 02:11:41,095 [INFO] [86/121] 미아사거리역 (primary=KEY_2)
2026-05-20 02:11:42,216 [INFO] [87/121] 발산역 (primary=KEY_3)
2026-05-20 02:11:43,496 [INFO] [88/121] 사당역 (primary=KEY_4)
2026-05-20 02:11:44,510 [INFO] [89/121] 삼각지역 (primary=KEY_1)
2026-05-20 02:11:45,503 [INFO] [90/121] 서울대입구역 (primary=KEY_2)
2026-05-20 02:11:46,510 [INFO] [91/121] 서울식물원·마곡나루역 (primary=KEY_3)
2026-05-20 02:11:47,648 [INFO] [92/121] 서울역 (primary=KEY_4)
2026-05-20 02:11:48,808 [INFO] [93/121] 선릉역 (primary=KEY_1)
2026-05-20 02:11:50,115 [INFO] [94/121] 성신여대입구역 (primary=KEY_2)
2026-05-20 02:11:51,123 [INFO] [95/121] 수유역 (primary=KEY_3)
2026-05-20 02:11:52,267 [INFO] [96/121] 숭례문 (primary=KEY_4)
2026-05-20 02:11:53,412 [INFO] [97/121] 시의회 앞 (primary=KEY_1)
2026-05-20 02:11:54,548 [INFO] [98/121] 신논현역·논현역 (primary=KEY_2)
2026-05-20 02:11:55,708 [INFO] [99/121] 신도림역 (primary=KEY_3)
2026-05-20 02:11:56,703 [INFO] [100/121] 신림역 (primary=KEY_4)
2026-05-20 02:11:57,714 [INFO] [101/121] 신정네거리역 (primary=KEY_1)
2026-05-20 02:11:58,719 [INFO] [102/121] 신촌·이대역 (primary=KEY_2)
2026-05-20 02:11:59,878 [INFO] [103/121] 쌍문역 (primary=KEY_3)
2026-05-20 02:12:00,872 [INFO] [104/121] 양재역 (primary=KEY_4)
2026-05-20 02:12:01,884 [INFO] [105/121] 역삼역 (primary=KEY_1)
2026-05-20 02:12:03,003 [INFO] [106/121] 연신내역 (primary=KEY_2)
2026-05-20 02:12:04,008 [INFO] [107/121] 오목교역·목동운동장 (primary=KEY_3)
2026-05-20 02:12:05,422 [INFO] [108/121] 왕십리역 (primary=KEY_4)
2026-05-20 02:12:06,570 [INFO] [109/121] 용산역 (primary=KEY_1)
2026-05-20 02:12:07,694 [INFO] [110/121] 이태원역 (primary=KEY_2)
2026-05-20 02:12:08,684 [INFO] [111/121] 잠실새내역 (primary=KEY_3)
2026-05-20 02:12:09,799 [INFO] [112/121] 잠실역 (primary=KEY_4)
2026-05-20 02:12:10,932 [INFO] [113/121] 장지역 (primary=KEY_1)
2026-05-20 02:12:12,065 [INFO] [114/121] 장한평역 (primary=KEY_2)
2026-05-20 02:12:13,210 [INFO] [115/121] 천호역 (primary=KEY_3)
2026-05-20 02:12:14,352 [INFO] [116/121] 총신대입구(이수)역 (primary=KEY_4)
2026-05-20 02:12:15,477 [INFO] [117/121] 충정로역 (primary=KEY_1)
2026-05-20 02:12:16,513 [INFO] [118/121] 합정역 (primary=KEY_2)
2026-05-20 02:12:17,652 [INFO] [119/121] 혜화역 (primary=KEY_3)
2026-05-20 02:12:18,654 [INFO] [120/121] 홍대입구역(2호선) (primary=KEY_4)
2026-05-20 02:12:19,672 [INFO] [121/121] 회기역 (primary=KEY_1)
2026-05-20 02:12:21,493 [INFO] === 수집 완료 | 성공 121, 실패 0 ===
2026-05-20 02:12:21,493 [INFO] 카테고리별 저장 결과:
2026-05-20 02:12:21,493 [INFO]    accident                  | 신규     1행 | 누적      2행 | 16컬럼
2026-05-20 02:12:21,493 [INFO]    area_meta                 | 신규   121행 | 누적    242행 | 5컬럼
2026-05-20 02:12:21,493 [INFO]    bike                      | 신규    11행 | 누적     22행 | 12컬럼
2026-05-20 02:12:21,493 [INFO]    bike_sbike_stts           | 신규   559행 | 누적   1118행 | 12컬럼
2026-05-20 02:12:21,494 [INFO]    bus                       | 신규     3행 | 누적      6행 | 11컬럼
2026-05-20 02:12:21,494 [INFO]    bus_bus_stn_stts          | 신규  1745행 | 누적   3490행 | 11컬럼
2026-05-20 02:12:21,494 [INFO]    charger                   | 신규    25행 | 누적     35행 | 15컬럼
2026-05-20 02:12:21,494 [INFO]    charger_charger_stts      | 신규   324행 | 누적   1569행 | 15컬럼
2026-05-20 02:12:21,494 [INFO]    cmrcl                     | 신규    82행 | 누적    164행 | 20컬럼
2026-05-20 02:12:21,494 [INFO]    events                    | 신규    14행 | 누적     28행 | 14컬럼
2026-05-20 02:12:21,494 [INFO]    events_event_stts         | 신규   176행 | 누적    352행 | 14컬럼
2026-05-20 02:12:21,494 [INFO]    parking                   | 신규     6행 | 누적     12행 | 21컬럼
2026-05-20 02:12:21,494 [INFO]    parking_prk_stts          | 신규  1835행 | 누적   3670행 | 21컬럼
2026-05-20 02:12:21,494 [INFO]    ppltn                     | 신규   121행 | 누적    242행 | 26컬럼
2026-05-20 02:12:21,494 [INFO]    road                      | 신규   121행 | 누적    242행 | 21컬럼
2026-05-20 02:12:21,494 [INFO]    road_road_traffic_stts    | 신규  5246행 | 누적  10492행 | 17컬럼
2026-05-20 02:12:21,494 [INFO]    subway                    | 신규    38행 | 누적     76행 | 12컬럼
2026-05-20 02:12:21,494 [INFO]    subway_sub_stts           | 신규   183행 | 누적    366행 | 13컬럼
2026-05-20 02:12:21,494 [INFO]    weather                   | 신규   119행 | 누적    238행 | 29컬럼
2026-05-20 02:12:21,494 [INFO] 키별 사용량:
2026-05-20 02:12:21,495 [INFO]    🟢 KEY_1 (31/1000) 
2026-05-20 02:12:21,495 [INFO]    🟢 KEY_2 (30/1000) 
2026-05-20 02:12:21,495 [INFO]    🟢 KEY_3 (30/1000) 
2026-05-20 02:12:21,495 [INFO]    🟢 KEY_4 (30/1000) 
2026-05-20 03:50:59,021 [INFO] 등록된 키: 4개, 합산 한도 4,000건/일
2026-05-20 03:50:59,021 [INFO] POI 로드: 매뉴얼 v8.5 기준 fallback 121개 (121개 전체)
2026-05-20 03:50:59,022 [INFO] === 수집 시작 2026-05-20T03:50:59.022052+09:00 ===
2026-05-20 03:50:59,022 [INFO] 대상 장소: 121개 | API: citydata (통합)
2026-05-20 03:50:59,022 [INFO] 키 풀: 4/4 활성 | 오늘 사용 0/4000건
2026-05-20 03:50:59,022 [INFO]   [KEY_1] 담당 31장소
2026-05-20 03:50:59,022 [INFO]   [KEY_2] 담당 30장소
2026-05-20 03:50:59,022 [INFO]   [KEY_3] 담당 30장소
2026-05-20 03:50:59,022 [INFO]   [KEY_4] 담당 30장소
2026-05-20 03:50:59,022 [INFO] [1/121] 경복궁 (primary=KEY_1)
2026-05-20 03:51:00,984 [INFO] [2/121] 광화문·덕수궁 (primary=KEY_2)
2026-05-20 03:51:03,339 [INFO] [3/121] 보신각 (primary=KEY_3)
2026-05-20 03:51:05,494 [INFO] [4/121] 서울 암사동 유적 (primary=KEY_4)
2026-05-20 03:51:07,206 [INFO] [5/121] 창덕궁·종묘 (primary=KEY_1)
2026-05-20 03:51:09,307 [INFO] [6/121] 강남 MICE 관광특구 (primary=KEY_2)
2026-05-20 03:51:11,231 [INFO] [7/121] 동대문 관광특구 (primary=KEY_3)
2026-05-20 03:51:13,581 [INFO] [8/121] 명동 관광특구 (primary=KEY_4)
2026-05-20 03:51:16,059 [INFO] [9/121] 이태원 관광특구 (primary=KEY_1)
2026-05-20 03:51:17,616 [INFO] [10/121] 잠실 관광특구 (primary=KEY_2)
2026-05-20 03:51:19,208 [INFO] [11/121] 종로·청계 관광특구 (primary=KEY_3)
2026-05-20 03:51:20,801 [INFO] [12/121] 홍대 관광특구 (primary=KEY_4)
2026-05-20 03:51:22,973 [INFO] [13/121] 강서한강공원 (primary=KEY_1)
2026-05-20 03:51:24,680 [INFO] [14/121] 고척돔 (primary=KEY_2)
2026-05-20 03:51:26,576 [INFO] [15/121] 광나루한강공원 (primary=KEY_3)
2026-05-20 03:51:28,659 [INFO] [16/121] 광화문광장 (primary=KEY_4)
2026-05-20 03:51:30,020 [INFO] [17/121] 국립중앙박물관·용산가족공원 (primary=KEY_1)
2026-05-20 03:51:31,845 [INFO] [18/121] 난지한강공원 (primary=KEY_2)
2026-05-20 03:51:32,994 [INFO] [19/121] 남산공원 (primary=KEY_3)
2026-05-20 03:51:35,347 [INFO] [20/121] 노들섬 (primary=KEY_4)
2026-05-20 03:51:36,474 [INFO] [21/121] 뚝섬한강공원 (primary=KEY_1)
2026-05-20 03:51:38,211 [INFO] [22/121] 망원한강공원 (primary=KEY_2)
2026-05-20 03:51:39,579 [INFO] [23/121] 반포한강공원 (primary=KEY_3)
2026-05-20 03:51:40,729 [INFO] [24/121] 보라매공원 (primary=KEY_4)
2026-05-20 03:51:41,914 [INFO] [25/121] 북서울꿈의숲 (primary=KEY_1)
2026-05-20 03:51:43,068 [INFO] [26/121] 서대문독립공원 (primary=KEY_2)
2026-05-20 03:51:44,219 [INFO] [27/121] 서리풀공원·몽마르뜨공원 (primary=KEY_3)
2026-05-20 03:51:46,195 [INFO] [28/121] 서울대공원 (primary=KEY_4)
2026-05-20 03:51:47,335 [INFO] [29/121] 서울숲공원 (primary=KEY_1)
2026-05-20 03:51:48,686 [INFO] [30/121] 송현녹지광장 (primary=KEY_2)
2026-05-20 03:51:50,043 [INFO] [31/121] 아차산 (primary=KEY_3)
2026-05-20 03:51:51,184 [INFO] [32/121] 안양천 (primary=KEY_4)
2026-05-20 03:51:53,110 [INFO] [33/121] 양화한강공원 (primary=KEY_1)
2026-05-20 03:51:54,260 [INFO] [34/121] 어린이대공원 (primary=KEY_2)
2026-05-20 03:51:55,424 [INFO] [35/121] 여의도한강공원 (primary=KEY_3)
2026-05-20 03:51:57,548 [INFO] [36/121] 여의서로 (primary=KEY_4)
2026-05-20 03:51:59,460 [INFO] [37/121] 올림픽공원 (primary=KEY_1)
2026-05-20 03:52:00,840 [INFO] [38/121] 월드컵공원 (primary=KEY_2)
2026-05-20 03:52:02,401 [INFO] [39/121] 응봉산 (primary=KEY_3)
2026-05-20 03:52:03,726 [INFO] [40/121] 이촌한강공원 (primary=KEY_4)
2026-05-20 03:52:04,873 [INFO] [41/121] 잠실종합운동장 (primary=KEY_1)
2026-05-20 03:52:06,015 [INFO] [42/121] 잠실한강공원 (primary=KEY_2)
2026-05-20 03:52:07,159 [INFO] [43/121] 잠원한강공원 (primary=KEY_3)
2026-05-20 03:52:08,305 [INFO] [44/121] 청계산 (primary=KEY_4)
2026-05-20 03:52:10,413 [INFO] [45/121] 홍제폭포 (primary=KEY_1)
2026-05-20 03:52:11,549 [INFO] [46/121] 가락시장 (primary=KEY_2)
2026-05-20 03:52:13,686 [INFO] [47/121] 가로수길 (primary=KEY_3)
2026-05-20 03:52:15,845 [INFO] [48/121] 광장(전통)시장 (primary=KEY_4)
2026-05-20 03:52:17,002 [INFO] [49/121] 김포공항 (primary=KEY_1)
2026-05-20 03:52:18,578 [INFO] [50/121] 남대문시장 (primary=KEY_2)
2026-05-20 03:52:19,752 [INFO] [51/121] 노량진 (primary=KEY_3)
2026-05-20 03:52:20,921 [INFO] [52/121] 덕수궁길·정동길 (primary=KEY_4)
2026-05-20 03:52:22,295 [INFO] [53/121] 북창동 먹자골목 (primary=KEY_1)
2026-05-20 03:52:23,458 [INFO] [54/121] 북촌한옥마을 (primary=KEY_2)
2026-05-20 03:52:25,592 [INFO] [55/121] 서촌 (primary=KEY_3)
2026-05-20 03:52:26,948 [INFO] [56/121] 성수카페거리 (primary=KEY_4)
2026-05-20 03:52:28,318 [INFO] [57/121] 송리단길·호수단길 (primary=KEY_1)
2026-05-20 03:52:29,710 [INFO] [58/121] 신촌 스타광장 (primary=KEY_2)
2026-05-20 03:52:30,876 [INFO] [59/121] 압구정로데오거리 (primary=KEY_3)
2026-05-20 03:52:32,234 [INFO] [60/121] 여의도 (primary=KEY_4)
2026-05-20 03:52:34,258 [INFO] [61/121] 연남동 (primary=KEY_1)
2026-05-20 03:52:35,619 [INFO] [62/121] 영등포 타임스퀘어 (primary=KEY_2)
2026-05-20 03:52:36,979 [INFO] [63/121] 용리단길 (primary=KEY_3)
2026-05-20 03:52:38,188 [INFO] [64/121] 이태원 앤틱가구거리 (primary=KEY_4)
2026-05-20 03:52:39,375 [INFO] [65/121] 익선동 (primary=KEY_1)
2026-05-20 03:52:40,748 [INFO] [66/121] 인사동 (primary=KEY_2)
2026-05-20 03:52:42,130 [INFO] [67/121] 잠실롯데타워·석촌호수 (primary=KEY_3)
2026-05-20 03:52:43,502 [INFO] [68/121] 창동 신경제 중심지 (primary=KEY_4)
2026-05-20 03:52:45,076 [INFO] [69/121] 청담동 명품거리 (primary=KEY_1)
2026-05-20 03:52:46,426 [INFO] [70/121] 청량리 제기동 일대 전통시장 (primary=KEY_2)
2026-05-20 03:52:47,801 [INFO] [71/121] 해방촌·경리단길 (primary=KEY_3)
2026-05-20 03:52:48,974 [INFO] [72/121] DDP(동대문디자인플라자) (primary=KEY_4)
2026-05-20 03:52:50,408 [INFO] [73/121] DMC(디지털미디어시티) (primary=KEY_1)
2026-05-20 03:52:51,997 [INFO] [74/121] 가산디지털단지역 (primary=KEY_2)
2026-05-20 03:52:53,553 [INFO] [75/121] 강남역 (primary=KEY_3)
2026-05-20 03:52:55,121 [INFO] [76/121] 건대입구역 (primary=KEY_4)
2026-05-20 03:52:56,506 [INFO] [77/121] 고덕역 (primary=KEY_1)
2026-05-20 03:52:57,673 [INFO] [78/121] 고속터미널역 (primary=KEY_2)
2026-05-20 03:52:58,854 [INFO] [79/121] 교대역 (primary=KEY_3)
2026-05-20 03:53:00,014 [INFO] [80/121] 구로디지털단지역 (primary=KEY_4)
2026-05-20 03:53:01,389 [INFO] [81/121] 구로역 (primary=KEY_1)
2026-05-20 03:53:02,552 [INFO] [82/121] 군자역 (primary=KEY_2)
2026-05-20 03:53:03,718 [INFO] [83/121] 대림역 (primary=KEY_3)
2026-05-20 03:53:04,885 [INFO] [84/121] 동대문역 (primary=KEY_4)
2026-05-20 03:53:06,845 [INFO] [85/121] 뚝섬역 (primary=KEY_1)
2026-05-20 03:53:08,214 [INFO] [86/121] 미아사거리역 (primary=KEY_2)
2026-05-20 03:53:09,572 [INFO] [87/121] 발산역 (primary=KEY_3)
2026-05-20 03:53:11,146 [INFO] [88/121] 사당역 (primary=KEY_4)
2026-05-20 03:53:12,335 [INFO] [89/121] 삼각지역 (primary=KEY_1)
2026-05-20 03:53:13,503 [INFO] [90/121] 서울대입구역 (primary=KEY_2)
2026-05-20 03:53:14,665 [INFO] [91/121] 서울식물원·마곡나루역 (primary=KEY_3)
2026-05-20 03:53:16,023 [INFO] [92/121] 서울역 (primary=KEY_4)
2026-05-20 03:53:17,460 [INFO] [93/121] 선릉역 (primary=KEY_1)
2026-05-20 03:53:19,028 [INFO] [94/121] 성신여대입구역 (primary=KEY_2)
2026-05-20 03:53:20,207 [INFO] [95/121] 수유역 (primary=KEY_3)
2026-05-20 03:53:21,552 [INFO] [96/121] 숭례문 (primary=KEY_4)
2026-05-20 03:53:22,922 [INFO] [97/121] 시의회 앞 (primary=KEY_1)
2026-05-20 03:53:24,303 [INFO] [98/121] 신논현역·논현역 (primary=KEY_2)
2026-05-20 03:53:25,687 [INFO] [99/121] 신도림역 (primary=KEY_3)
2026-05-20 03:53:26,847 [INFO] [100/121] 신림역 (primary=KEY_4)
2026-05-20 03:53:28,010 [INFO] [101/121] 신정네거리역 (primary=KEY_1)
2026-05-20 03:53:29,188 [INFO] [102/121] 신촌·이대역 (primary=KEY_2)
2026-05-20 03:53:30,549 [INFO] [103/121] 쌍문역 (primary=KEY_3)
2026-05-20 03:53:31,725 [INFO] [104/121] 양재역 (primary=KEY_4)
2026-05-20 03:53:32,897 [INFO] [105/121] 역삼역 (primary=KEY_1)
2026-05-20 03:53:34,258 [INFO] [106/121] 연신내역 (primary=KEY_2)
2026-05-20 03:53:35,476 [INFO] [107/121] 오목교역·목동운동장 (primary=KEY_3)
2026-05-20 03:53:37,043 [INFO] [108/121] 왕십리역 (primary=KEY_4)
2026-05-20 03:53:38,422 [INFO] [109/121] 용산역 (primary=KEY_1)
2026-05-20 03:53:39,795 [INFO] [110/121] 이태원역 (primary=KEY_2)
2026-05-20 03:53:40,963 [INFO] [111/121] 잠실새내역 (primary=KEY_3)
2026-05-20 03:53:42,317 [INFO] [112/121] 잠실역 (primary=KEY_4)
2026-05-20 03:53:43,686 [INFO] [113/121] 장지역 (primary=KEY_1)
2026-05-20 03:53:45,031 [INFO] [114/121] 장한평역 (primary=KEY_2)
2026-05-20 03:53:46,401 [INFO] [115/121] 천호역 (primary=KEY_3)
2026-05-20 03:53:47,770 [INFO] [116/121] 총신대입구(이수)역 (primary=KEY_4)
2026-05-20 03:53:49,179 [INFO] [117/121] 충정로역 (primary=KEY_1)
2026-05-20 03:53:50,353 [INFO] [118/121] 합정역 (primary=KEY_2)
2026-05-20 03:53:51,708 [INFO] [119/121] 혜화역 (primary=KEY_3)
2026-05-20 03:53:52,880 [INFO] [120/121] 홍대입구역(2호선) (primary=KEY_4)
2026-05-20 03:53:54,080 [INFO] [121/121] 회기역 (primary=KEY_1)
2026-05-20 03:53:56,200 [INFO] === 수집 완료 | 성공 121, 실패 0 ===
2026-05-20 03:53:56,200 [INFO] 카테고리별 저장 결과:
2026-05-20 03:53:56,200 [INFO]    area_meta                 | 신규   121행 | 누적    363행 | 5컬럼
2026-05-20 03:53:56,200 [INFO]    bike                      | 신규    11행 | 누적     33행 | 12컬럼
2026-05-20 03:53:56,200 [INFO]    bike_sbike_stts           | 신규   559행 | 누적   1677행 | 12컬럼
2026-05-20 03:53:56,200 [INFO]    bus                       | 신규     3행 | 누적      9행 | 11컬럼
2026-05-20 03:53:56,200 [INFO]    bus_bus_stn_stts          | 신규  1745행 | 누적   5235행 | 11컬럼
2026-05-20 03:53:56,200 [INFO]    charger                   | 신규    22행 | 누적     57행 | 15컬럼
2026-05-20 03:53:56,201 [INFO]    charger_charger_stts      | 신규   493행 | 누적   2057행 | 15컬럼
2026-05-20 03:53:56,201 [INFO]    cmrcl                     | 신규    82행 | 누적    246행 | 20컬럼
2026-05-20 03:53:56,201 [INFO]    events                    | 신규    14행 | 누적     42행 | 14컬럼
2026-05-20 03:53:56,201 [INFO]    events_event_stts         | 신규   176행 | 누적    528행 | 14컬럼
2026-05-20 03:53:56,201 [INFO]    parking                   | 신규     6행 | 누적     18행 | 21컬럼
2026-05-20 03:53:56,201 [INFO]    parking_prk_stts          | 신규  1835행 | 누적   5505행 | 21컬럼
2026-05-20 03:53:56,201 [INFO]    ppltn                     | 신규   121행 | 누적    363행 | 26컬럼
2026-05-20 03:53:56,201 [INFO]    road                      | 신규   121행 | 누적    363행 | 21컬럼
2026-05-20 03:53:56,201 [INFO]    road_road_traffic_stts    | 신규  5246행 | 누적  15738행 | 17컬럼
2026-05-20 03:53:56,201 [INFO]    subway                    | 신규    38행 | 누적    114행 | 12컬럼
2026-05-20 03:53:56,201 [INFO]    subway_sub_stts           | 신규   183행 | 누적    549행 | 13컬럼
2026-05-20 03:53:56,201 [INFO]    weather                   | 신규   119행 | 누적    357행 | 29컬럼
2026-05-20 03:53:56,201 [INFO] 키별 사용량:
2026-05-20 03:53:56,201 [INFO]    🟢 KEY_1 (31/1000) 
2026-05-20 03:53:56,201 [INFO]    🟢 KEY_2 (30/1000) 
2026-05-20 03:53:56,201 [INFO]    🟢 KEY_3 (30/1000) 
2026-05-20 03:53:56,201 [INFO]    🟢 KEY_4 (30/1000) 
