2026-06-11 00:18:36,764 [INFO] 등록된 키: 4개, 합산 한도 4,000건/일
2026-06-11 00:18:36,765 [INFO] POI 로드: 매뉴얼 v8.5 기준 fallback 121개 (121개 전체)
2026-06-11 00:18:36,765 [INFO] === 수집 시작 2026-06-11T00:18:36.765323+09:00 ===
2026-06-11 00:18:36,765 [INFO] 대상 장소: 121개 | API: citydata (통합)
2026-06-11 00:18:36,765 [INFO] 키 풀: 4/4 활성 | 오늘 사용 0/4000건
2026-06-11 00:18:36,765 [INFO]   [KEY_1] 담당 31장소
2026-06-11 00:18:36,765 [INFO]   [KEY_2] 담당 30장소
2026-06-11 00:18:36,765 [INFO]   [KEY_3] 담당 30장소
2026-06-11 00:18:36,765 [INFO]   [KEY_4] 담당 30장소
2026-06-11 00:18:36,765 [INFO] [1/121] 경복궁 (primary=KEY_1)
2026-06-11 00:18:38,944 [INFO] [2/121] 광화문·덕수궁 (primary=KEY_2)
2026-06-11 00:18:41,254 [INFO] [3/121] 보신각 (primary=KEY_3)
2026-06-11 00:18:42,631 [INFO] [4/121] 서울 암사동 유적 (primary=KEY_4)
2026-06-11 00:18:44,782 [INFO] [5/121] 창덕궁·종묘 (primary=KEY_1)
2026-06-11 00:18:46,722 [INFO] [6/121] 강남 MICE 관광특구 (primary=KEY_2)
2026-06-11 00:18:48,724 [INFO] [7/121] 동대문 관광특구 (primary=KEY_3)
2026-06-11 00:18:50,371 [INFO] [8/121] 명동 관광특구 (primary=KEY_4)
2026-06-11 00:18:52,365 [INFO] [9/121] 이태원 관광특구 (primary=KEY_1)
2026-06-11 00:18:54,432 [INFO] [10/121] 잠실 관광특구 (primary=KEY_2)
2026-06-11 00:18:56,027 [INFO] [11/121] 종로·청계 관광특구 (primary=KEY_3)
2026-06-11 00:18:58,881 [INFO] [12/121] 홍대 관광특구 (primary=KEY_4)
2026-06-11 00:19:01,266 [INFO] [13/121] 강서한강공원 (primary=KEY_1)
2026-06-11 00:19:02,992 [INFO] [14/121] 고척돔 (primary=KEY_2)
2026-06-11 00:19:04,895 [INFO] [15/121] 광나루한강공원 (primary=KEY_3)
2026-06-11 00:19:07,025 [INFO] [16/121] 광화문광장 (primary=KEY_4)
2026-06-11 00:19:09,217 [INFO] [17/121] 국립중앙박물관·용산가족공원 (primary=KEY_1)
2026-06-11 00:19:10,363 [INFO] [18/121] 난지한강공원 (primary=KEY_2)
2026-06-11 00:19:11,504 [INFO] [19/121] 남산공원 (primary=KEY_3)
2026-06-11 00:19:13,684 [INFO] [20/121] 노들섬 (primary=KEY_4)
2026-06-11 00:19:15,615 [INFO] [21/121] 뚝섬한강공원 (primary=KEY_1)
2026-06-11 00:19:16,764 [INFO] [22/121] 망원한강공원 (primary=KEY_2)
2026-06-11 00:19:18,821 [INFO] [23/121] 반포한강공원 (primary=KEY_3)
2026-06-11 00:19:19,968 [INFO] [24/121] 보라매공원 (primary=KEY_4)
2026-06-11 00:19:21,202 [INFO] [25/121] 북서울꿈의숲 (primary=KEY_1)
2026-06-11 00:19:22,365 [INFO] [26/121] 서대문독립공원 (primary=KEY_2)
2026-06-11 00:19:24,267 [INFO] [27/121] 서리풀공원·몽마르뜨공원 (primary=KEY_3)
2026-06-11 00:19:25,483 [INFO] [28/121] 서울대공원 (primary=KEY_4)
2026-06-11 00:19:27,414 [INFO] [29/121] 서울숲공원 (primary=KEY_1)
2026-06-11 00:19:28,795 [INFO] [30/121] 송현녹지광장 (primary=KEY_2)
2026-06-11 00:19:30,739 [INFO] [31/121] 아차산 (primary=KEY_3)
2026-06-11 00:19:31,884 [INFO] [32/121] 안양천 (primary=KEY_4)
2026-06-11 00:19:34,194 [INFO] [33/121] 양화한강공원 (primary=KEY_1)
2026-06-11 00:19:35,325 [INFO] [34/121] 어린이대공원 (primary=KEY_2)
2026-06-11 00:19:36,536 [INFO] [35/121] 여의도한강공원 (primary=KEY_3)
2026-06-11 00:19:37,892 [INFO] [36/121] 여의서로 (primary=KEY_4)
2026-06-11 00:19:39,032 [INFO] [37/121] 올림픽공원 (primary=KEY_1)
2026-06-11 00:19:40,441 [INFO] [38/121] 월드컵공원 (primary=KEY_2)
2026-06-11 00:19:42,115 [INFO] [39/121] 응봉산 (primary=KEY_3)
2026-06-11 00:19:43,452 [INFO] [40/121] 이촌한강공원 (primary=KEY_4)
2026-06-11 00:19:44,608 [INFO] [41/121] 잠실종합운동장 (primary=KEY_1)
2026-06-11 00:19:46,701 [INFO] [42/121] 잠실한강공원 (primary=KEY_2)
2026-06-11 00:19:47,869 [INFO] [43/121] 잠원한강공원 (primary=KEY_3)
2026-06-11 00:19:49,038 [INFO] [44/121] 청계산 (primary=KEY_4)
2026-06-11 00:19:50,172 [INFO] [45/121] 홍제폭포 (primary=KEY_1)
2026-06-11 00:19:51,320 [INFO] [46/121] 가락시장 (primary=KEY_2)
2026-06-11 00:19:53,449 [INFO] [47/121] 가로수길 (primary=KEY_3)
2026-06-11 00:19:55,599 [INFO] [48/121] 광장(전통)시장 (primary=KEY_4)
2026-06-11 00:19:56,790 [INFO] [49/121] 김포공항 (primary=KEY_1)
2026-06-11 00:19:58,181 [INFO] [50/121] 남대문시장 (primary=KEY_2)
2026-06-11 00:20:00,053 [INFO] [51/121] 노량진 (primary=KEY_3)
2026-06-11 00:20:01,984 [INFO] [52/121] 덕수궁길·정동길 (primary=KEY_4)
2026-06-11 00:20:03,381 [INFO] [53/121] 북창동 먹자골목 (primary=KEY_1)
2026-06-11 00:20:04,534 [INFO] [54/121] 북촌한옥마을 (primary=KEY_2)
2026-06-11 00:20:05,918 [INFO] [55/121] 서촌 (primary=KEY_3)
2026-06-11 00:20:07,224 [INFO] [56/121] 성수카페거리 (primary=KEY_4)
2026-06-11 00:20:08,590 [INFO] [57/121] 송리단길·호수단길 (primary=KEY_1)
2026-06-11 00:20:09,936 [INFO] [58/121] 신촌 스타광장 (primary=KEY_2)
2026-06-11 00:20:11,878 [INFO] [59/121] 압구정로데오거리 (primary=KEY_3)
2026-06-11 00:20:13,263 [INFO] [60/121] 여의도 (primary=KEY_4)
2026-06-11 00:20:15,213 [INFO] [61/121] 연남동 (primary=KEY_1)
2026-06-11 00:20:16,527 [INFO] [62/121] 영등포 타임스퀘어 (primary=KEY_2)
2026-06-11 00:20:17,865 [INFO] [63/121] 용리단길 (primary=KEY_3)
2026-06-11 00:20:19,049 [INFO] [64/121] 이태원 앤틱가구거리 (primary=KEY_4)
2026-06-11 00:20:20,228 [INFO] [65/121] 익선동 (primary=KEY_1)
2026-06-11 00:20:21,609 [INFO] [66/121] 인사동 (primary=KEY_2)
2026-06-11 00:20:22,945 [INFO] [67/121] 잠실롯데타워·석촌호수 (primary=KEY_3)
2026-06-11 00:20:24,902 [INFO] [68/121] 창동 신경제 중심지 (primary=KEY_4)
2026-06-11 00:20:26,483 [INFO] [69/121] 청담동 명품거리 (primary=KEY_1)
2026-06-11 00:20:27,863 [INFO] [70/121] 청량리 제기동 일대 전통시장 (primary=KEY_2)
2026-06-11 00:20:30,389 [INFO] [71/121] 해방촌·경리단길 (primary=KEY_3)
2026-06-11 00:20:31,526 [INFO] [72/121] DDP(동대문디자인플라자) (primary=KEY_4)
2026-06-11 00:20:33,551 [INFO] [73/121] DMC(디지털미디어시티) (primary=KEY_1)
2026-06-11 00:20:35,185 [INFO] [74/121] 가산디지털단지역 (primary=KEY_2)
2026-06-11 00:20:36,735 [INFO] [75/121] 강남역 (primary=KEY_3)
2026-06-11 00:20:38,287 [INFO] [76/121] 건대입구역 (primary=KEY_4)
2026-06-11 00:20:39,635 [INFO] [77/121] 고덕역 (primary=KEY_1)
2026-06-11 00:20:40,796 [INFO] [78/121] 고속터미널역 (primary=KEY_2)
2026-06-11 00:20:42,000 [INFO] [79/121] 교대역 (primary=KEY_3)
2026-06-11 00:20:43,197 [INFO] [80/121] 구로디지털단지역 (primary=KEY_4)
2026-06-11 00:20:44,558 [INFO] [81/121] 구로역 (primary=KEY_1)
2026-06-11 00:20:45,691 [INFO] [82/121] 군자역 (primary=KEY_2)
2026-06-11 00:20:46,870 [INFO] [83/121] 대림역 (primary=KEY_3)
2026-06-11 00:20:48,250 [INFO] [84/121] 동대문역 (primary=KEY_4)
2026-06-11 00:20:49,682 [INFO] [85/121] 뚝섬역 (primary=KEY_1)
2026-06-11 00:20:51,049 [INFO] [86/121] 미아사거리역 (primary=KEY_2)
2026-06-11 00:20:52,387 [INFO] [87/121] 발산역 (primary=KEY_3)
2026-06-11 00:20:53,919 [INFO] [88/121] 사당역 (primary=KEY_4)
2026-06-11 00:20:55,287 [INFO] [89/121] 삼각지역 (primary=KEY_1)
2026-06-11 00:20:56,464 [INFO] [90/121] 서울대입구역 (primary=KEY_2)
2026-06-11 00:20:57,633 [INFO] [91/121] 서울식물원·마곡나루역 (primary=KEY_3)
2026-06-11 00:20:59,021 [INFO] [92/121] 서울역 (primary=KEY_4)
2026-06-11 00:21:00,401 [INFO] [93/121] 선릉역 (primary=KEY_1)
2026-06-11 00:21:01,954 [INFO] [94/121] 성신여대입구역 (primary=KEY_2)
2026-06-11 00:21:03,137 [INFO] [95/121] 수유역 (primary=KEY_3)
2026-06-11 00:21:04,523 [INFO] [96/121] 숭례문 (primary=KEY_4)
2026-06-11 00:21:05,884 [INFO] [97/121] 시의회 앞 (primary=KEY_1)
2026-06-11 00:21:07,246 [INFO] [98/121] 신논현역·논현역 (primary=KEY_2)
2026-06-11 00:21:08,611 [INFO] [99/121] 신도림역 (primary=KEY_3)
2026-06-11 00:21:09,763 [INFO] [100/121] 신림역 (primary=KEY_4)
2026-06-11 00:21:10,932 [INFO] [101/121] 신정네거리역 (primary=KEY_1)
2026-06-11 00:21:12,111 [INFO] [102/121] 신촌·이대역 (primary=KEY_2)
2026-06-11 00:21:13,464 [INFO] [103/121] 쌍문역 (primary=KEY_3)
2026-06-11 00:21:14,603 [INFO] [104/121] 양재역 (primary=KEY_4)
2026-06-11 00:21:15,939 [INFO] [105/121] 역삼역 (primary=KEY_1)
2026-06-11 00:21:17,292 [INFO] [106/121] 연신내역 (primary=KEY_2)
2026-06-11 00:21:18,475 [INFO] [107/121] 오목교역·목동운동장 (primary=KEY_3)
2026-06-11 00:21:20,065 [INFO] [108/121] 왕십리역 (primary=KEY_4)
2026-06-11 00:21:21,414 [INFO] [109/121] 용산역 (primary=KEY_1)
2026-06-11 00:21:23,555 [INFO] [110/121] 이태원역 (primary=KEY_2)
2026-06-11 00:21:25,491 [INFO] [111/121] 잠실새내역 (primary=KEY_3)
2026-06-11 00:21:27,462 [INFO] [112/121] 잠실역 (primary=KEY_4)
2026-06-11 00:21:29,572 [INFO] [113/121] 장지역 (primary=KEY_1)
2026-06-11 00:21:31,705 [INFO] [114/121] 장한평역 (primary=KEY_2)
2026-06-11 00:21:33,653 [INFO] [115/121] 천호역 (primary=KEY_3)
2026-06-11 00:21:35,903 [INFO] [116/121] 총신대입구(이수)역 (primary=KEY_4)
2026-06-11 00:21:37,245 [INFO] [117/121] 충정로역 (primary=KEY_1)
2026-06-11 00:21:39,183 [INFO] [118/121] 합정역 (primary=KEY_2)
2026-06-11 00:21:41,235 [INFO] [119/121] 혜화역 (primary=KEY_3)
2026-06-11 00:21:43,666 [INFO] [120/121] 홍대입구역(2호선) (primary=KEY_4)
2026-06-11 00:21:45,510 [INFO] [121/121] 회기역 (primary=KEY_1)
2026-06-11 00:21:47,253 [INFO] === 수집 완료 | 성공 121, 실패 0 ===
2026-06-11 00:21:47,253 [INFO] 카테고리별 저장 결과:
2026-06-11 00:21:47,253 [INFO]    accident                  | 신규     7행 | 누적      7행 | 16컬럼
2026-06-11 00:21:47,253 [INFO]    accident_acdnt_cntrl_stts | 신규     2행 | 누적      2행 | 16컬럼
2026-06-11 00:21:47,254 [INFO]    area_meta                 | 신규   121행 | 누적    121행 | 5컬럼
2026-06-11 00:21:47,254 [INFO]    bike                      | 신규    11행 | 누적     11행 | 12컬럼
2026-06-11 00:21:47,254 [INFO]    bike_sbike_stts           | 신규   545행 | 누적    545행 | 12컬럼
2026-06-11 00:21:47,254 [INFO]    bus                       | 신규     3행 | 누적      3행 | 11컬럼
2026-06-11 00:21:47,254 [INFO]    bus_bus_stn_stts          | 신규  1745행 | 누적   1745행 | 11컬럼
2026-06-11 00:21:47,254 [INFO]    charger                   | 신규    25행 | 누적     25행 | 15컬럼
2026-06-11 00:21:47,254 [INFO]    charger_charger_stts      | 신규   336행 | 누적    336행 | 15컬럼
2026-06-11 00:21:47,254 [INFO]    cmrcl                     | 신규    82행 | 누적     82행 | 20컬럼
2026-06-11 00:21:47,254 [INFO]    events                    | 신규    16행 | 누적     16행 | 14컬럼
2026-06-11 00:21:47,254 [INFO]    events_event_stts         | 신규   167행 | 누적    167행 | 14컬럼
2026-06-11 00:21:47,254 [INFO]    parking                   | 신규     6행 | 누적      6행 | 21컬럼
2026-06-11 00:21:47,254 [INFO]    parking_prk_stts          | 신규  1831행 | 누적   1831행 | 21컬럼
2026-06-11 00:21:47,254 [INFO]    ppltn                     | 신규   121행 | 누적    121행 | 26컬럼
2026-06-11 00:21:47,254 [INFO]    road                      | 신규   121행 | 누적    121행 | 21컬럼
2026-06-11 00:21:47,254 [INFO]    road_road_traffic_stts    | 신규  5061행 | 누적   5061행 | 17컬럼
2026-06-11 00:21:47,254 [INFO]    subway                    | 신규    38행 | 누적     38행 | 12컬럼
2026-06-11 00:21:47,254 [INFO]    subway_sub_stts           | 신규   183행 | 누적    183행 | 13컬럼
2026-06-11 00:21:47,254 [INFO]    weather                   | 신규   119행 | 누적    119행 | 29컬럼
2026-06-11 00:21:47,254 [INFO] 키별 사용량:
2026-06-11 00:21:47,254 [INFO]    🟢 KEY_1 (31/1000) 
2026-06-11 00:21:47,254 [INFO]    🟢 KEY_2 (30/1000) 
2026-06-11 00:21:47,254 [INFO]    🟢 KEY_3 (30/1000) 
2026-06-11 00:21:47,254 [INFO]    🟢 KEY_4 (30/1000) 
