2026-08-01 01:53:06,650 [INFO] 등록된 키: 4개, 합산 한도 4,000건/일
2026-08-01 01:53:06,650 [INFO] POI 로드: 매뉴얼 v8.5 기준 fallback 121개 (121개 전체)
2026-08-01 01:53:06,650 [INFO] === 수집 시작 2026-08-01T01:53:06.650747+09:00 ===
2026-08-01 01:53:06,650 [INFO] 대상 장소: 121개 | API: citydata (통합)
2026-08-01 01:53:06,650 [INFO] 키 풀: 4/4 활성 | 오늘 사용 0/4000건
2026-08-01 01:53:06,650 [INFO]   [KEY_1] 담당 31장소
2026-08-01 01:53:06,651 [INFO]   [KEY_2] 담당 30장소
2026-08-01 01:53:06,651 [INFO]   [KEY_3] 담당 30장소
2026-08-01 01:53:06,651 [INFO]   [KEY_4] 담당 30장소
2026-08-01 01:53:06,651 [INFO] [1/121] 경복궁 (primary=KEY_1)
2026-08-01 01:53:08,756 [INFO] [2/121] 광화문·덕수궁 (primary=KEY_2)
2026-08-01 01:53:11,100 [INFO] [3/121] 보신각 (primary=KEY_3)
2026-08-01 01:53:13,209 [INFO] [4/121] 서울 암사동 유적 (primary=KEY_4)
2026-08-01 01:53:14,916 [INFO] [5/121] 창덕궁·종묘 (primary=KEY_1)
2026-08-01 01:53:17,029 [INFO] [6/121] 강남 MICE 관광특구 (primary=KEY_2)
2026-08-01 01:53:19,127 [INFO] [7/121] 동대문 관광특구 (primary=KEY_3)
2026-08-01 01:53:21,462 [INFO] [8/121] 명동 관광특구 (primary=KEY_4)
2026-08-01 01:53:23,992 [INFO] [9/121] 이태원 관광특구 (primary=KEY_1)
2026-08-01 01:53:25,954 [INFO] [10/121] 잠실 관광특구 (primary=KEY_2)
2026-08-01 01:53:27,772 [INFO] [11/121] 종로·청계 관광특구 (primary=KEY_3)
2026-08-01 01:53:30,126 [INFO] [12/121] 홍대 관광특구 (primary=KEY_4)
2026-08-01 01:53:32,441 [INFO] [13/121] 강서한강공원 (primary=KEY_1)
2026-08-01 01:53:34,343 [INFO] [14/121] 고척돔 (primary=KEY_2)
2026-08-01 01:53:35,468 [INFO] [15/121] 광나루한강공원 (primary=KEY_3)
2026-08-01 01:53:36,807 [INFO] [16/121] 광화문광장 (primary=KEY_4)
2026-08-01 01:53:38,744 [INFO] [17/121] 국립중앙박물관·용산가족공원 (primary=KEY_1)
2026-08-01 01:53:40,830 [INFO] [18/121] 난지한강공원 (primary=KEY_2)
2026-08-01 01:53:42,148 [INFO] [19/121] 남산공원 (primary=KEY_3)
2026-08-01 01:53:43,703 [INFO] [20/121] 노들섬 (primary=KEY_4)
2026-08-01 01:53:45,599 [INFO] [21/121] 뚝섬한강공원 (primary=KEY_1)
2026-08-01 01:53:46,747 [INFO] [22/121] 망원한강공원 (primary=KEY_2)
2026-08-01 01:53:48,068 [INFO] [23/121] 반포한강공원 (primary=KEY_3)
2026-08-01 01:53:51,145 [INFO] [24/121] 보라매공원 (primary=KEY_4)
2026-08-01 01:53:52,299 [INFO] [25/121] 북서울꿈의숲 (primary=KEY_1)
2026-08-01 01:53:54,402 [INFO] [26/121] 서대문독립공원 (primary=KEY_2)
2026-08-01 01:53:56,176 [INFO] [27/121] 서리풀공원·몽마르뜨공원 (primary=KEY_3)
2026-08-01 01:53:57,396 [INFO] [28/121] 서울대공원 (primary=KEY_4)
2026-08-01 01:53:58,526 [INFO] [29/121] 서울숲공원 (primary=KEY_1)
2026-08-01 01:53:59,886 [INFO] [30/121] 송현녹지광장 (primary=KEY_2)
2026-08-01 01:54:01,246 [INFO] [31/121] 아차산 (primary=KEY_3)
2026-08-01 01:54:02,373 [INFO] [32/121] 안양천 (primary=KEY_4)
2026-08-01 01:54:04,277 [INFO] [33/121] 양화한강공원 (primary=KEY_1)
2026-08-01 01:54:05,412 [INFO] [34/121] 어린이대공원 (primary=KEY_2)
2026-08-01 01:54:07,326 [INFO] [35/121] 여의도한강공원 (primary=KEY_3)
2026-08-01 01:54:09,392 [INFO] [36/121] 여의서로 (primary=KEY_4)
2026-08-01 01:54:10,710 [INFO] [37/121] 올림픽공원 (primary=KEY_1)
2026-08-01 01:54:12,187 [INFO] [38/121] 월드컵공원 (primary=KEY_2)
2026-08-01 01:54:13,725 [INFO] [39/121] 응봉산 (primary=KEY_3)
2026-08-01 01:54:15,042 [INFO] [40/121] 이촌한강공원 (primary=KEY_4)
2026-08-01 01:54:16,175 [INFO] [41/121] 잠실종합운동장 (primary=KEY_1)
2026-08-01 01:54:17,320 [INFO] [42/121] 잠실한강공원 (primary=KEY_2)
2026-08-01 01:54:18,457 [INFO] [43/121] 잠원한강공원 (primary=KEY_3)
2026-08-01 01:54:20,341 [INFO] [44/121] 청계산 (primary=KEY_4)
2026-08-01 01:54:22,599 [INFO] [45/121] 홍제폭포 (primary=KEY_1)
2026-08-01 01:54:23,736 [INFO] [46/121] 가락시장 (primary=KEY_2)
2026-08-01 01:54:25,090 [INFO] [47/121] 가로수길 (primary=KEY_3)
2026-08-01 01:54:26,458 [INFO] [48/121] 광장(전통)시장 (primary=KEY_4)
2026-08-01 01:54:27,603 [INFO] [49/121] 김포공항 (primary=KEY_1)
2026-08-01 01:54:29,141 [INFO] [50/121] 남대문시장 (primary=KEY_2)
2026-08-01 01:54:31,430 [INFO] [51/121] 노량진 (primary=KEY_3)
2026-08-01 01:54:32,782 [INFO] [52/121] 덕수궁길·정동길 (primary=KEY_4)
2026-08-01 01:54:34,137 [INFO] [53/121] 북창동 먹자골목 (primary=KEY_1)
2026-08-01 01:54:35,456 [INFO] [54/121] 북촌한옥마을 (primary=KEY_2)
2026-08-01 01:54:36,996 [INFO] [55/121] 서촌 (primary=KEY_3)
2026-08-01 01:54:38,333 [INFO] [56/121] 성수카페거리 (primary=KEY_4)
2026-08-01 01:54:39,879 [INFO] [57/121] 송리단길·호수단길 (primary=KEY_1)
2026-08-01 01:54:41,241 [INFO] [58/121] 신촌 스타광장 (primary=KEY_2)
2026-08-01 01:54:42,397 [INFO] [59/121] 압구정로데오거리 (primary=KEY_3)
2026-08-01 01:54:43,799 [INFO] [60/121] 여의도 (primary=KEY_4)
2026-08-01 01:54:45,983 [INFO] [61/121] 연남동 (primary=KEY_1)
2026-08-01 01:54:47,305 [INFO] [62/121] 영등포 타임스퀘어 (primary=KEY_2)
2026-08-01 01:54:49,414 [INFO] [63/121] 용리단길 (primary=KEY_3)
2026-08-01 01:54:50,578 [INFO] [64/121] 이태원 앤틱가구거리 (primary=KEY_4)
2026-08-01 01:54:51,733 [INFO] [65/121] 익선동 (primary=KEY_1)
2026-08-01 01:54:53,056 [INFO] [66/121] 인사동 (primary=KEY_2)
2026-08-01 01:54:54,596 [INFO] [67/121] 잠실롯데타워·석촌호수 (primary=KEY_3)
2026-08-01 01:54:56,337 [INFO] [68/121] 창동 신경제 중심지 (primary=KEY_4)
2026-08-01 01:54:58,076 [INFO] [69/121] 청담동 명품거리 (primary=KEY_1)
2026-08-01 01:54:59,417 [INFO] [70/121] 청량리 제기동 일대 전통시장 (primary=KEY_2)
2026-08-01 01:55:00,762 [INFO] [71/121] 해방촌·경리단길 (primary=KEY_3)
2026-08-01 01:55:02,005 [INFO] [72/121] DDP(동대문디자인플라자) (primary=KEY_4)
2026-08-01 01:55:03,359 [INFO] [73/121] DMC(디지털미디어시티) (primary=KEY_1)
2026-08-01 01:55:05,107 [INFO] [74/121] 가산디지털단지역 (primary=KEY_2)
2026-08-01 01:55:07,007 [INFO] [75/121] 강남역 (primary=KEY_3)
2026-08-01 01:55:08,559 [INFO] [76/121] 건대입구역 (primary=KEY_4)
2026-08-01 01:55:09,897 [INFO] [77/121] 고덕역 (primary=KEY_1)
2026-08-01 01:55:11,243 [INFO] [78/121] 고속터미널역 (primary=KEY_2)
2026-08-01 01:55:12,582 [INFO] [79/121] 교대역 (primary=KEY_3)
2026-08-01 01:55:13,737 [INFO] [80/121] 구로디지털단지역 (primary=KEY_4)
2026-08-01 01:55:15,446 [INFO] [81/121] 구로역 (primary=KEY_1)
2026-08-01 01:55:16,769 [INFO] [82/121] 군자역 (primary=KEY_2)
2026-08-01 01:55:17,919 [INFO] [83/121] 대림역 (primary=KEY_3)
2026-08-01 01:55:20,013 [INFO] [84/121] 동대문역 (primary=KEY_4)
2026-08-01 01:55:21,356 [INFO] [85/121] 뚝섬역 (primary=KEY_1)
2026-08-01 01:55:22,700 [INFO] [86/121] 미아사거리역 (primary=KEY_2)
2026-08-01 01:55:24,781 [INFO] [87/121] 발산역 (primary=KEY_3)
2026-08-01 01:55:26,500 [INFO] [88/121] 사당역 (primary=KEY_4)
2026-08-01 01:55:27,839 [INFO] [89/121] 삼각지역 (primary=KEY_1)
2026-08-01 01:55:28,986 [INFO] [90/121] 서울대입구역 (primary=KEY_2)
2026-08-01 01:55:30,313 [INFO] [91/121] 서울식물원·마곡나루역 (primary=KEY_3)
2026-08-01 01:55:31,857 [INFO] [92/121] 서울역 (primary=KEY_4)
2026-08-01 01:55:33,246 [INFO] [93/121] 선릉역 (primary=KEY_1)
2026-08-01 01:55:34,981 [INFO] [94/121] 성신여대입구역 (primary=KEY_2)
2026-08-01 01:55:36,141 [INFO] [95/121] 수유역 (primary=KEY_3)
2026-08-01 01:55:37,482 [INFO] [96/121] 숭례문 (primary=KEY_4)
2026-08-01 01:55:39,011 [INFO] [97/121] 시의회 앞 (primary=KEY_1)
2026-08-01 01:55:40,382 [INFO] [98/121] 신논현역·논현역 (primary=KEY_2)
2026-08-01 01:55:41,739 [INFO] [99/121] 신도림역 (primary=KEY_3)
2026-08-01 01:55:42,892 [INFO] [100/121] 신림역 (primary=KEY_4)
2026-08-01 01:55:44,052 [INFO] [101/121] 신정네거리역 (primary=KEY_1)
2026-08-01 01:55:45,375 [INFO] [102/121] 신촌·이대역 (primary=KEY_2)
2026-08-01 01:55:46,730 [INFO] [103/121] 쌍문역 (primary=KEY_3)
2026-08-01 01:55:48,074 [INFO] [104/121] 양재역 (primary=KEY_4)
2026-08-01 01:55:49,437 [INFO] [105/121] 역삼역 (primary=KEY_1)
2026-08-01 01:55:50,971 [INFO] [106/121] 연신내역 (primary=KEY_2)
2026-08-01 01:55:52,150 [INFO] [107/121] 오목교역·목동운동장 (primary=KEY_3)
2026-08-01 01:55:54,162 [INFO] [108/121] 왕십리역 (primary=KEY_4)
2026-08-01 01:55:55,533 [INFO] [109/121] 용산역 (primary=KEY_1)
2026-08-01 01:55:57,078 [INFO] [110/121] 이태원역 (primary=KEY_2)
2026-08-01 01:55:58,237 [INFO] [111/121] 잠실새내역 (primary=KEY_3)
2026-08-01 01:55:59,568 [INFO] [112/121] 잠실역 (primary=KEY_4)
2026-08-01 01:56:01,181 [INFO] [113/121] 장지역 (primary=KEY_1)
2026-08-01 01:56:02,727 [INFO] [114/121] 장한평역 (primary=KEY_2)
2026-08-01 01:56:04,063 [INFO] [115/121] 천호역 (primary=KEY_3)
2026-08-01 01:56:05,412 [INFO] [116/121] 총신대입구(이수)역 (primary=KEY_4)
2026-08-01 01:56:06,757 [INFO] [117/121] 충정로역 (primary=KEY_1)
2026-08-01 01:56:08,100 [INFO] [118/121] 합정역 (primary=KEY_2)
2026-08-01 01:56:09,459 [INFO] [119/121] 혜화역 (primary=KEY_3)
2026-08-01 01:56:10,784 [INFO] [120/121] 홍대입구역(2호선) (primary=KEY_4)
2026-08-01 01:56:12,122 [INFO] [121/121] 회기역 (primary=KEY_1)
2026-08-01 01:56:13,850 [INFO] === 수집 완료 | 성공 121, 실패 0 ===
2026-08-01 01:56:13,850 [INFO] 카테고리별 저장 결과:
2026-08-01 01:56:13,850 [INFO]    accident                  | 신규     2행 | 누적      2행 | 16컬럼
2026-08-01 01:56:13,850 [INFO]    area_meta                 | 신규   121행 | 누적    121행 | 5컬럼
2026-08-01 01:56:13,850 [INFO]    bike                      | 신규    11행 | 누적     11행 | 12컬럼
2026-08-01 01:56:13,850 [INFO]    bike_sbike_stts           | 신규   573행 | 누적    573행 | 12컬럼
2026-08-01 01:56:13,851 [INFO]    bus                       | 신규     3행 | 누적      3행 | 11컬럼
2026-08-01 01:56:13,851 [INFO]    bus_bus_stn_stts          | 신규  1745행 | 누적   1745행 | 11컬럼
2026-08-01 01:56:13,851 [INFO]    charger                   | 신규     4행 | 누적      4행 | 15컬럼
2026-08-01 01:56:13,851 [INFO]    charger_charger_stts      | 신규  1922행 | 누적   1922행 | 15컬럼
2026-08-01 01:56:13,851 [INFO]    cmrcl                     | 신규    82행 | 누적     82행 | 20컬럼
2026-08-01 01:56:13,851 [INFO]    events                    | 신규    14행 | 누적     14행 | 14컬럼
2026-08-01 01:56:13,851 [INFO]    events_event_stts         | 신규   129행 | 누적    129행 | 14컬럼
2026-08-01 01:56:13,851 [INFO]    parking                   | 신규     6행 | 누적      6행 | 21컬럼
2026-08-01 01:56:13,851 [INFO]    parking_prk_stts          | 신규  1834행 | 누적   1834행 | 21컬럼
2026-08-01 01:56:13,851 [INFO]    ppltn                     | 신규   121행 | 누적    121행 | 26컬럼
2026-08-01 01:56:13,851 [INFO]    road                      | 신규   121행 | 누적    121행 | 21컬럼
2026-08-01 01:56:13,851 [INFO]    road_road_traffic_stts    | 신규  5279행 | 누적   5279행 | 17컬럼
2026-08-01 01:56:13,851 [INFO]    subway                    | 신규    38행 | 누적     38행 | 12컬럼
2026-08-01 01:56:13,851 [INFO]    subway_sub_stts           | 신규   183행 | 누적    183행 | 13컬럼
2026-08-01 01:56:13,851 [INFO]    weather                   | 신규   119행 | 누적    119행 | 29컬럼
2026-08-01 01:56:13,851 [INFO] 키별 사용량:
2026-08-01 01:56:13,851 [INFO]    🟢 KEY_1 (31/1000) 
2026-08-01 01:56:13,851 [INFO]    🟢 KEY_2 (30/1000) 
2026-08-01 01:56:13,851 [INFO]    🟢 KEY_3 (30/1000) 
2026-08-01 01:56:13,851 [INFO]    🟢 KEY_4 (30/1000) 
2026-08-01 03:41:37,229 [INFO] 등록된 키: 4개, 합산 한도 4,000건/일
2026-08-01 03:41:37,230 [INFO] POI 로드: 매뉴얼 v8.5 기준 fallback 121개 (121개 전체)
2026-08-01 03:41:37,230 [INFO] === 수집 시작 2026-08-01T03:41:37.230318+09:00 ===
2026-08-01 03:41:37,230 [INFO] 대상 장소: 121개 | API: citydata (통합)
2026-08-01 03:41:37,230 [INFO] 키 풀: 4/4 활성 | 오늘 사용 0/4000건
2026-08-01 03:41:37,230 [INFO]   [KEY_1] 담당 31장소
2026-08-01 03:41:37,230 [INFO]   [KEY_2] 담당 30장소
2026-08-01 03:41:37,230 [INFO]   [KEY_3] 담당 30장소
2026-08-01 03:41:37,230 [INFO]   [KEY_4] 담당 30장소
2026-08-01 03:41:37,230 [INFO] [1/121] 경복궁 (primary=KEY_1)
2026-08-01 03:41:38,811 [INFO] [2/121] 광화문·덕수궁 (primary=KEY_2)
2026-08-01 03:41:40,666 [INFO] [3/121] 보신각 (primary=KEY_3)
2026-08-01 03:41:42,482 [INFO] [4/121] 서울 암사동 유적 (primary=KEY_4)
2026-08-01 03:41:44,260 [INFO] [5/121] 창덕궁·종묘 (primary=KEY_1)
2026-08-01 03:41:45,651 [INFO] [6/121] 강남 MICE 관광특구 (primary=KEY_2)
2026-08-01 03:41:46,902 [INFO] [7/121] 동대문 관광특구 (primary=KEY_3)
2026-08-01 03:41:48,340 [INFO] [8/121] 명동 관광특구 (primary=KEY_4)
2026-08-01 03:41:49,828 [INFO] [9/121] 이태원 관광특구 (primary=KEY_1)
2026-08-01 03:41:50,963 [INFO] [10/121] 잠실 관광특구 (primary=KEY_2)
2026-08-01 03:41:53,249 [INFO] [11/121] 종로·청계 관광특구 (primary=KEY_3)
2026-08-01 03:41:54,567 [INFO] [12/121] 홍대 관광특구 (primary=KEY_4)
2026-08-01 03:41:56,130 [INFO] [13/121] 강서한강공원 (primary=KEY_1)
2026-08-01 03:41:57,089 [INFO] [14/121] 고척돔 (primary=KEY_2)
2026-08-01 03:41:58,888 [INFO] [15/121] 광나루한강공원 (primary=KEY_3)
2026-08-01 03:42:00,017 [INFO] [16/121] 광화문광장 (primary=KEY_4)
2026-08-01 03:42:01,135 [INFO] [17/121] 국립중앙박물관·용산가족공원 (primary=KEY_1)
2026-08-01 03:42:02,117 [INFO] [18/121] 난지한강공원 (primary=KEY_2)
2026-08-01 03:42:03,628 [INFO] [19/121] 남산공원 (primary=KEY_3)
2026-08-01 03:42:04,889 [INFO] [20/121] 노들섬 (primary=KEY_4)
2026-08-01 03:42:05,851 [INFO] [21/121] 뚝섬한강공원 (primary=KEY_1)
2026-08-01 03:42:06,845 [INFO] [22/121] 망원한강공원 (primary=KEY_2)
2026-08-01 03:42:07,944 [INFO] [23/121] 반포한강공원 (primary=KEY_3)
2026-08-01 03:42:08,905 [INFO] [24/121] 보라매공원 (primary=KEY_4)
2026-08-01 03:42:09,877 [INFO] [25/121] 북서울꿈의숲 (primary=KEY_1)
2026-08-01 03:42:10,985 [INFO] [26/121] 서대문독립공원 (primary=KEY_2)
2026-08-01 03:42:12,123 [INFO] [27/121] 서리풀공원·몽마르뜨공원 (primary=KEY_3)
2026-08-01 03:42:13,811 [INFO] [28/121] 서울대공원 (primary=KEY_4)
2026-08-01 03:42:14,763 [INFO] [29/121] 서울숲공원 (primary=KEY_1)
2026-08-01 03:42:15,871 [INFO] [30/121] 송현녹지광장 (primary=KEY_2)
2026-08-01 03:42:16,979 [INFO] [31/121] 아차산 (primary=KEY_3)
2026-08-01 03:42:17,949 [INFO] [32/121] 안양천 (primary=KEY_4)
2026-08-01 03:42:18,910 [INFO] [33/121] 양화한강공원 (primary=KEY_1)
2026-08-01 03:42:19,917 [INFO] [34/121] 어린이대공원 (primary=KEY_2)
2026-08-01 03:42:21,057 [INFO] [35/121] 여의도한강공원 (primary=KEY_3)
2026-08-01 03:42:22,169 [INFO] [36/121] 여의서로 (primary=KEY_4)
2026-08-01 03:42:23,263 [INFO] [37/121] 올림픽공원 (primary=KEY_1)
2026-08-01 03:42:24,400 [INFO] [38/121] 월드컵공원 (primary=KEY_2)
2026-08-01 03:42:25,698 [INFO] [39/121] 응봉산 (primary=KEY_3)
2026-08-01 03:42:26,803 [INFO] [40/121] 이촌한강공원 (primary=KEY_4)
2026-08-01 03:42:27,782 [INFO] [41/121] 잠실종합운동장 (primary=KEY_1)
2026-08-01 03:42:28,772 [INFO] [42/121] 잠실한강공원 (primary=KEY_2)
2026-08-01 03:42:29,746 [INFO] [43/121] 잠원한강공원 (primary=KEY_3)
2026-08-01 03:42:31,540 [INFO] [44/121] 청계산 (primary=KEY_4)
2026-08-01 03:42:32,554 [INFO] [45/121] 홍제폭포 (primary=KEY_1)
2026-08-01 03:42:33,513 [INFO] [46/121] 가락시장 (primary=KEY_2)
2026-08-01 03:42:34,661 [INFO] [47/121] 가로수길 (primary=KEY_3)
2026-08-01 03:42:35,788 [INFO] [48/121] 광장(전통)시장 (primary=KEY_4)
2026-08-01 03:42:37,576 [INFO] [49/121] 김포공항 (primary=KEY_1)
2026-08-01 03:42:38,854 [INFO] [50/121] 남대문시장 (primary=KEY_2)
2026-08-01 03:42:39,981 [INFO] [51/121] 노량진 (primary=KEY_3)
2026-08-01 03:42:41,113 [INFO] [52/121] 덕수궁길·정동길 (primary=KEY_4)
2026-08-01 03:42:42,235 [INFO] [53/121] 북창동 먹자골목 (primary=KEY_1)
2026-08-01 03:42:43,365 [INFO] [54/121] 북촌한옥마을 (primary=KEY_2)
2026-08-01 03:42:44,630 [INFO] [55/121] 서촌 (primary=KEY_3)
2026-08-01 03:42:45,757 [INFO] [56/121] 성수카페거리 (primary=KEY_4)
2026-08-01 03:42:47,041 [INFO] [57/121] 송리단길·호수단길 (primary=KEY_1)
2026-08-01 03:42:48,192 [INFO] [58/121] 신촌 스타광장 (primary=KEY_2)
2026-08-01 03:42:49,236 [INFO] [59/121] 압구정로데오거리 (primary=KEY_3)
2026-08-01 03:42:50,375 [INFO] [60/121] 여의도 (primary=KEY_4)
2026-08-01 03:42:52,141 [INFO] [61/121] 연남동 (primary=KEY_1)
2026-08-01 03:42:53,258 [INFO] [62/121] 영등포 타임스퀘어 (primary=KEY_2)
2026-08-01 03:42:54,385 [INFO] [63/121] 용리단길 (primary=KEY_3)
2026-08-01 03:42:55,398 [INFO] [64/121] 이태원 앤틱가구거리 (primary=KEY_4)
2026-08-01 03:42:56,407 [INFO] [65/121] 익선동 (primary=KEY_1)
2026-08-01 03:42:57,557 [INFO] [66/121] 인사동 (primary=KEY_2)
2026-08-01 03:42:58,825 [INFO] [67/121] 잠실롯데타워·석촌호수 (primary=KEY_3)
2026-08-01 03:43:00,244 [INFO] [68/121] 창동 신경제 중심지 (primary=KEY_4)
2026-08-01 03:43:01,675 [INFO] [69/121] 청담동 명품거리 (primary=KEY_1)
2026-08-01 03:43:02,788 [INFO] [70/121] 청량리 제기동 일대 전통시장 (primary=KEY_2)
2026-08-01 03:43:03,947 [INFO] [71/121] 해방촌·경리단길 (primary=KEY_3)
2026-08-01 03:43:04,947 [INFO] [72/121] DDP(동대문디자인플라자) (primary=KEY_4)
2026-08-01 03:43:06,139 [INFO] [73/121] DMC(디지털미디어시티) (primary=KEY_1)
2026-08-01 03:43:07,595 [INFO] [74/121] 가산디지털단지역 (primary=KEY_2)
2026-08-01 03:43:09,149 [INFO] [75/121] 강남역 (primary=KEY_3)
2026-08-01 03:43:10,466 [INFO] [76/121] 건대입구역 (primary=KEY_4)
2026-08-01 03:43:11,628 [INFO] [77/121] 고덕역 (primary=KEY_1)
2026-08-01 03:43:12,737 [INFO] [78/121] 고속터미널역 (primary=KEY_2)
2026-08-01 03:43:13,905 [INFO] [79/121] 교대역 (primary=KEY_3)
2026-08-01 03:43:14,909 [INFO] [80/121] 구로디지털단지역 (primary=KEY_4)
2026-08-01 03:43:16,322 [INFO] [81/121] 구로역 (primary=KEY_1)
2026-08-01 03:43:17,450 [INFO] [82/121] 군자역 (primary=KEY_2)
2026-08-01 03:43:18,466 [INFO] [83/121] 대림역 (primary=KEY_3)
2026-08-01 03:43:19,598 [INFO] [84/121] 동대문역 (primary=KEY_4)
2026-08-01 03:43:20,755 [INFO] [85/121] 뚝섬역 (primary=KEY_1)
2026-08-01 03:43:21,888 [INFO] [86/121] 미아사거리역 (primary=KEY_2)
2026-08-01 03:43:23,017 [INFO] [87/121] 발산역 (primary=KEY_3)
2026-08-01 03:43:24,421 [INFO] [88/121] 사당역 (primary=KEY_4)
2026-08-01 03:43:25,554 [INFO] [89/121] 삼각지역 (primary=KEY_1)
2026-08-01 03:43:26,554 [INFO] [90/121] 서울대입구역 (primary=KEY_2)
2026-08-01 03:43:27,701 [INFO] [91/121] 서울식물원·마곡나루역 (primary=KEY_3)
2026-08-01 03:43:28,969 [INFO] [92/121] 서울역 (primary=KEY_4)
2026-08-01 03:43:30,140 [INFO] [93/121] 선릉역 (primary=KEY_1)
2026-08-01 03:43:31,571 [INFO] [94/121] 성신여대입구역 (primary=KEY_2)
2026-08-01 03:43:32,568 [INFO] [95/121] 수유역 (primary=KEY_3)
2026-08-01 03:43:33,686 [INFO] [96/121] 숭례문 (primary=KEY_4)
2026-08-01 03:43:34,988 [INFO] [97/121] 시의회 앞 (primary=KEY_1)
2026-08-01 03:43:36,126 [INFO] [98/121] 신논현역·논현역 (primary=KEY_2)
2026-08-01 03:43:37,282 [INFO] [99/121] 신도림역 (primary=KEY_3)
2026-08-01 03:43:38,273 [INFO] [100/121] 신림역 (primary=KEY_4)
2026-08-01 03:43:39,284 [INFO] [101/121] 신정네거리역 (primary=KEY_1)
2026-08-01 03:43:40,406 [INFO] [102/121] 신촌·이대역 (primary=KEY_2)
2026-08-01 03:43:41,570 [INFO] [103/121] 쌍문역 (primary=KEY_3)
2026-08-01 03:43:42,692 [INFO] [104/121] 양재역 (primary=KEY_4)
2026-08-01 03:43:43,849 [INFO] [105/121] 역삼역 (primary=KEY_1)
2026-08-01 03:43:45,110 [INFO] [106/121] 연신내역 (primary=KEY_2)
2026-08-01 03:43:46,136 [INFO] [107/121] 오목교역·목동운동장 (primary=KEY_3)
2026-08-01 03:43:47,691 [INFO] [108/121] 왕십리역 (primary=KEY_4)
2026-08-01 03:43:48,863 [INFO] [109/121] 용산역 (primary=KEY_1)
2026-08-01 03:43:50,117 [INFO] [110/121] 이태원역 (primary=KEY_2)
2026-08-01 03:43:51,103 [INFO] [111/121] 잠실새내역 (primary=KEY_3)
2026-08-01 03:43:52,225 [INFO] [112/121] 잠실역 (primary=KEY_4)
2026-08-01 03:43:53,587 [INFO] [113/121] 장지역 (primary=KEY_1)
2026-08-01 03:43:54,840 [INFO] [114/121] 장한평역 (primary=KEY_2)
2026-08-01 03:43:56,002 [INFO] [115/121] 천호역 (primary=KEY_3)
2026-08-01 03:43:57,150 [INFO] [116/121] 총신대입구(이수)역 (primary=KEY_4)
2026-08-01 03:43:58,300 [INFO] [117/121] 충정로역 (primary=KEY_1)
2026-08-01 03:43:59,441 [INFO] [118/121] 합정역 (primary=KEY_2)
2026-08-01 03:44:00,594 [INFO] [119/121] 혜화역 (primary=KEY_3)
2026-08-01 03:44:01,711 [INFO] [120/121] 홍대입구역(2호선) (primary=KEY_4)
2026-08-01 03:44:02,884 [INFO] [121/121] 회기역 (primary=KEY_1)
2026-08-01 03:44:04,861 [INFO] === 수집 완료 | 성공 121, 실패 0 ===
2026-08-01 03:44:04,861 [INFO] 카테고리별 저장 결과:
2026-08-01 03:44:04,861 [INFO]    area_meta                 | 신규   121행 | 누적    242행 | 5컬럼
2026-08-01 03:44:04,861 [INFO]    bike                      | 신규    11행 | 누적     22행 | 12컬럼
2026-08-01 03:44:04,861 [INFO]    bike_sbike_stts           | 신규   573행 | 누적   1146행 | 12컬럼
2026-08-01 03:44:04,861 [INFO]    bus                       | 신규     3행 | 누적      6행 | 11컬럼
2026-08-01 03:44:04,861 [INFO]    bus_bus_stn_stts          | 신규  1745행 | 누적   3490행 | 11컬럼
2026-08-01 03:44:04,861 [INFO]    charger                   | 신규     4행 | 누적      8행 | 15컬럼
2026-08-01 03:44:04,861 [INFO]    charger_charger_stts      | 신규  1922행 | 누적   3818행 | 15컬럼
2026-08-01 03:44:04,861 [INFO]    cmrcl                     | 신규    82행 | 누적    164행 | 20컬럼
2026-08-01 03:44:04,861 [INFO]    events                    | 신규    14행 | 누적     28행 | 14컬럼
2026-08-01 03:44:04,861 [INFO]    events_event_stts         | 신규   129행 | 누적    258행 | 14컬럼
2026-08-01 03:44:04,861 [INFO]    parking                   | 신규     6행 | 누적     12행 | 21컬럼
2026-08-01 03:44:04,861 [INFO]    parking_prk_stts          | 신규  1834행 | 누적   3668행 | 21컬럼
2026-08-01 03:44:04,861 [INFO]    ppltn                     | 신규   121행 | 누적    242행 | 26컬럼
2026-08-01 03:44:04,861 [INFO]    road                      | 신규   121행 | 누적    242행 | 21컬럼
2026-08-01 03:44:04,862 [INFO]    road_road_traffic_stts    | 신규  5279행 | 누적  10558행 | 17컬럼
2026-08-01 03:44:04,862 [INFO]    subway                    | 신규    38행 | 누적     76행 | 12컬럼
2026-08-01 03:44:04,862 [INFO]    subway_sub_stts           | 신규   183행 | 누적    366행 | 13컬럼
2026-08-01 03:44:04,862 [INFO]    weather                   | 신규   119행 | 누적    238행 | 29컬럼
2026-08-01 03:44:04,862 [INFO] 키별 사용량:
2026-08-01 03:44:04,862 [INFO]    🟢 KEY_1 (31/1000) 
2026-08-01 03:44:04,862 [INFO]    🟢 KEY_2 (30/1000) 
2026-08-01 03:44:04,862 [INFO]    🟢 KEY_3 (30/1000) 
2026-08-01 03:44:04,862 [INFO]    🟢 KEY_4 (30/1000) 
2026-08-01 05:26:49,177 [INFO] 등록된 키: 4개, 합산 한도 4,000건/일
2026-08-01 05:26:49,177 [INFO] POI 로드: 매뉴얼 v8.5 기준 fallback 121개 (121개 전체)
2026-08-01 05:26:49,177 [INFO] === 수집 시작 2026-08-01T05:26:49.177870+09:00 ===
2026-08-01 05:26:49,178 [INFO] 대상 장소: 121개 | API: citydata (통합)
2026-08-01 05:26:49,178 [INFO] 키 풀: 4/4 활성 | 오늘 사용 0/4000건
2026-08-01 05:26:49,178 [INFO]   [KEY_1] 담당 31장소
2026-08-01 05:26:49,178 [INFO]   [KEY_2] 담당 30장소
2026-08-01 05:26:49,178 [INFO]   [KEY_3] 담당 30장소
2026-08-01 05:26:49,178 [INFO]   [KEY_4] 담당 30장소
2026-08-01 05:26:49,178 [INFO] [1/121] 경복궁 (primary=KEY_1)
2026-08-01 05:26:50,474 [INFO] [2/121] 광화문·덕수궁 (primary=KEY_2)
2026-08-01 05:26:52,062 [INFO] [3/121] 보신각 (primary=KEY_3)
2026-08-01 05:26:53,188 [INFO] [4/121] 서울 암사동 유적 (primary=KEY_4)
2026-08-01 05:26:54,280 [INFO] [5/121] 창덕궁·종묘 (primary=KEY_1)
2026-08-01 05:26:55,394 [INFO] [6/121] 강남 MICE 관광특구 (primary=KEY_2)
2026-08-01 05:26:56,652 [INFO] [7/121] 동대문 관광특구 (primary=KEY_3)
2026-08-01 05:26:57,962 [INFO] [8/121] 명동 관광특구 (primary=KEY_4)
2026-08-01 05:26:59,430 [INFO] [9/121] 이태원 관광특구 (primary=KEY_1)
2026-08-01 05:27:00,697 [INFO] [10/121] 잠실 관광특구 (primary=KEY_2)
2026-08-01 05:27:02,139 [INFO] [11/121] 종로·청계 관광특구 (primary=KEY_3)
2026-08-01 05:27:03,970 [INFO] [12/121] 홍대 관광특구 (primary=KEY_4)
2026-08-01 05:27:05,402 [INFO] [13/121] 강서한강공원 (primary=KEY_1)
2026-08-01 05:27:06,502 [INFO] [14/121] 고척돔 (primary=KEY_2)
2026-08-01 05:27:08,260 [INFO] [15/121] 광나루한강공원 (primary=KEY_3)
2026-08-01 05:27:09,484 [INFO] [16/121] 광화문광장 (primary=KEY_4)
2026-08-01 05:27:10,734 [INFO] [17/121] 국립중앙박물관·용산가족공원 (primary=KEY_1)
2026-08-01 05:27:11,709 [INFO] [18/121] 난지한강공원 (primary=KEY_2)
2026-08-01 05:27:12,678 [INFO] [19/121] 남산공원 (primary=KEY_3)
2026-08-01 05:27:13,956 [INFO] [20/121] 노들섬 (primary=KEY_4)
2026-08-01 05:27:15,042 [INFO] [21/121] 뚝섬한강공원 (primary=KEY_1)
2026-08-01 05:27:16,018 [INFO] [22/121] 망원한강공원 (primary=KEY_2)
2026-08-01 05:27:17,129 [INFO] [23/121] 반포한강공원 (primary=KEY_3)
2026-08-01 05:27:18,097 [INFO] [24/121] 보라매공원 (primary=KEY_4)
2026-08-01 05:27:19,080 [INFO] [25/121] 북서울꿈의숲 (primary=KEY_1)
2026-08-01 05:27:20,206 [INFO] [26/121] 서대문독립공원 (primary=KEY_2)
2026-08-01 05:27:21,196 [INFO] [27/121] 서리풀공원·몽마르뜨공원 (primary=KEY_3)
2026-08-01 05:27:22,196 [INFO] [28/121] 서울대공원 (primary=KEY_4)
2026-08-01 05:27:23,150 [INFO] [29/121] 서울숲공원 (primary=KEY_1)
2026-08-01 05:27:24,262 [INFO] [30/121] 송현녹지광장 (primary=KEY_2)
2026-08-01 05:27:25,379 [INFO] [31/121] 아차산 (primary=KEY_3)
2026-08-01 05:27:26,355 [INFO] [32/121] 안양천 (primary=KEY_4)
2026-08-01 05:27:27,329 [INFO] [33/121] 양화한강공원 (primary=KEY_1)
2026-08-01 05:27:28,315 [INFO] [34/121] 어린이대공원 (primary=KEY_2)
2026-08-01 05:27:29,425 [INFO] [35/121] 여의도한강공원 (primary=KEY_3)
2026-08-01 05:27:30,530 [INFO] [36/121] 여의서로 (primary=KEY_4)
2026-08-01 05:27:31,629 [INFO] [37/121] 올림픽공원 (primary=KEY_1)
2026-08-01 05:27:32,907 [INFO] [38/121] 월드컵공원 (primary=KEY_2)
2026-08-01 05:27:34,179 [INFO] [39/121] 응봉산 (primary=KEY_3)
2026-08-01 05:27:35,287 [INFO] [40/121] 이촌한강공원 (primary=KEY_4)
2026-08-01 05:27:36,260 [INFO] [41/121] 잠실종합운동장 (primary=KEY_1)
2026-08-01 05:27:37,230 [INFO] [42/121] 잠실한강공원 (primary=KEY_2)
2026-08-01 05:27:38,201 [INFO] [43/121] 잠원한강공원 (primary=KEY_3)
2026-08-01 05:27:39,292 [INFO] [44/121] 청계산 (primary=KEY_4)
2026-08-01 05:27:40,263 [INFO] [45/121] 홍제폭포 (primary=KEY_1)
2026-08-01 05:27:41,235 [INFO] [46/121] 가락시장 (primary=KEY_2)
2026-08-01 05:27:42,386 [INFO] [47/121] 가로수길 (primary=KEY_3)
2026-08-01 05:27:43,534 [INFO] [48/121] 광장(전통)시장 (primary=KEY_4)
2026-08-01 05:27:44,518 [INFO] [49/121] 김포공항 (primary=KEY_1)
2026-08-01 05:27:45,784 [INFO] [50/121] 남대문시장 (primary=KEY_2)
2026-08-01 05:27:46,899 [INFO] [51/121] 노량진 (primary=KEY_3)
2026-08-01 05:27:48,040 [INFO] [52/121] 덕수궁길·정동길 (primary=KEY_4)
2026-08-01 05:27:49,182 [INFO] [53/121] 북창동 먹자골목 (primary=KEY_1)
2026-08-01 05:27:50,316 [INFO] [54/121] 북촌한옥마을 (primary=KEY_2)
2026-08-01 05:27:51,560 [INFO] [55/121] 서촌 (primary=KEY_3)
2026-08-01 05:27:52,670 [INFO] [56/121] 성수카페거리 (primary=KEY_4)
2026-08-01 05:27:53,950 [INFO] [57/121] 송리단길·호수단길 (primary=KEY_1)
2026-08-01 05:27:55,089 [INFO] [58/121] 신촌 스타광장 (primary=KEY_2)
2026-08-01 05:27:56,088 [INFO] [59/121] 압구정로데오거리 (primary=KEY_3)
2026-08-01 05:27:57,229 [INFO] [60/121] 여의도 (primary=KEY_4)
2026-08-01 05:27:59,043 [INFO] [61/121] 연남동 (primary=KEY_1)
2026-08-01 05:28:00,169 [INFO] [62/121] 영등포 타임스퀘어 (primary=KEY_2)
2026-08-01 05:28:01,289 [INFO] [63/121] 용리단길 (primary=KEY_3)
2026-08-01 05:28:02,291 [INFO] [64/121] 이태원 앤틱가구거리 (primary=KEY_4)
2026-08-01 05:28:03,836 [INFO] [65/121] 익선동 (primary=KEY_1)
2026-08-01 05:28:04,985 [INFO] [66/121] 인사동 (primary=KEY_2)
2026-08-01 05:28:06,280 [INFO] [67/121] 잠실롯데타워·석촌호수 (primary=KEY_3)
2026-08-01 05:28:07,713 [INFO] [68/121] 창동 신경제 중심지 (primary=KEY_4)
2026-08-01 05:28:09,156 [INFO] [69/121] 청담동 명품거리 (primary=KEY_1)
2026-08-01 05:28:10,278 [INFO] [70/121] 청량리 제기동 일대 전통시장 (primary=KEY_2)
2026-08-01 05:28:11,417 [INFO] [71/121] 해방촌·경리단길 (primary=KEY_3)
2026-08-01 05:28:12,442 [INFO] [72/121] DDP(동대문디자인플라자) (primary=KEY_4)
2026-08-01 05:28:13,571 [INFO] [73/121] DMC(디지털미디어시티) (primary=KEY_1)
2026-08-01 05:28:15,143 [INFO] [74/121] 가산디지털단지역 (primary=KEY_2)
2026-08-01 05:28:16,724 [INFO] [75/121] 강남역 (primary=KEY_3)
2026-08-01 05:28:18,027 [INFO] [76/121] 건대입구역 (primary=KEY_4)
2026-08-01 05:28:19,158 [INFO] [77/121] 고덕역 (primary=KEY_1)
2026-08-01 05:28:20,293 [INFO] [78/121] 고속터미널역 (primary=KEY_2)
2026-08-01 05:28:21,449 [INFO] [79/121] 교대역 (primary=KEY_3)
2026-08-01 05:28:22,583 [INFO] [80/121] 구로디지털단지역 (primary=KEY_4)
2026-08-01 05:28:23,995 [INFO] [81/121] 구로역 (primary=KEY_1)
2026-08-01 05:28:25,106 [INFO] [82/121] 군자역 (primary=KEY_2)
2026-08-01 05:28:26,240 [INFO] [83/121] 대림역 (primary=KEY_3)
2026-08-01 05:28:27,386 [INFO] [84/121] 동대문역 (primary=KEY_4)
2026-08-01 05:28:28,532 [INFO] [85/121] 뚝섬역 (primary=KEY_1)
2026-08-01 05:28:29,676 [INFO] [86/121] 미아사거리역 (primary=KEY_2)
2026-08-01 05:28:30,815 [INFO] [87/121] 발산역 (primary=KEY_3)
2026-08-01 05:28:32,259 [INFO] [88/121] 사당역 (primary=KEY_4)
2026-08-01 05:28:33,410 [INFO] [89/121] 삼각지역 (primary=KEY_1)
2026-08-01 05:28:34,406 [INFO] [90/121] 서울대입구역 (primary=KEY_2)
2026-08-01 05:28:35,522 [INFO] [91/121] 서울식물원·마곡나루역 (primary=KEY_3)
2026-08-01 05:28:36,797 [INFO] [92/121] 서울역 (primary=KEY_4)
2026-08-01 05:28:38,116 [INFO] [93/121] 선릉역 (primary=KEY_1)
2026-08-01 05:28:39,586 [INFO] [94/121] 성신여대입구역 (primary=KEY_2)
2026-08-01 05:28:40,588 [INFO] [95/121] 수유역 (primary=KEY_3)
2026-08-01 05:28:41,728 [INFO] [96/121] 숭례문 (primary=KEY_4)
2026-08-01 05:28:43,007 [INFO] [97/121] 시의회 앞 (primary=KEY_1)
2026-08-01 05:28:44,146 [INFO] [98/121] 신논현역·논현역 (primary=KEY_2)
2026-08-01 05:28:45,304 [INFO] [99/121] 신도림역 (primary=KEY_3)
2026-08-01 05:28:46,305 [INFO] [100/121] 신림역 (primary=KEY_4)
2026-08-01 05:28:47,304 [INFO] [101/121] 신정네거리역 (primary=KEY_1)
2026-08-01 05:28:48,466 [INFO] [102/121] 신촌·이대역 (primary=KEY_2)
2026-08-01 05:28:49,625 [INFO] [103/121] 쌍문역 (primary=KEY_3)
2026-08-01 05:28:50,747 [INFO] [104/121] 양재역 (primary=KEY_4)
2026-08-01 05:28:51,880 [INFO] [105/121] 역삼역 (primary=KEY_1)
2026-08-01 05:28:53,152 [INFO] [106/121] 연신내역 (primary=KEY_2)
2026-08-01 05:28:54,174 [INFO] [107/121] 오목교역·목동운동장 (primary=KEY_3)
2026-08-01 05:28:55,764 [INFO] [108/121] 왕십리역 (primary=KEY_4)
2026-08-01 05:28:57,116 [INFO] [109/121] 용산역 (primary=KEY_1)
2026-08-01 05:28:58,393 [INFO] [110/121] 이태원역 (primary=KEY_2)
2026-08-01 05:28:59,395 [INFO] [111/121] 잠실새내역 (primary=KEY_3)
2026-08-01 05:29:00,552 [INFO] [112/121] 잠실역 (primary=KEY_4)
2026-08-01 05:29:01,883 [INFO] [113/121] 장지역 (primary=KEY_1)
2026-08-01 05:29:03,175 [INFO] [114/121] 장한평역 (primary=KEY_2)
2026-08-01 05:29:04,327 [INFO] [115/121] 천호역 (primary=KEY_3)
2026-08-01 05:29:05,474 [INFO] [116/121] 총신대입구(이수)역 (primary=KEY_4)
2026-08-01 05:29:06,622 [INFO] [117/121] 충정로역 (primary=KEY_1)
2026-08-01 05:29:07,776 [INFO] [118/121] 합정역 (primary=KEY_2)
2026-08-01 05:29:08,925 [INFO] [119/121] 혜화역 (primary=KEY_3)
2026-08-01 05:29:10,074 [INFO] [120/121] 홍대입구역(2호선) (primary=KEY_4)
2026-08-01 05:29:11,243 [INFO] [121/121] 회기역 (primary=KEY_1)
2026-08-01 05:29:13,318 [INFO] === 수집 완료 | 성공 121, 실패 0 ===
2026-08-01 05:29:13,319 [INFO] 카테고리별 저장 결과:
2026-08-01 05:29:13,319 [INFO]    accident                  | 신규     2행 | 누적      4행 | 16컬럼
2026-08-01 05:29:13,319 [INFO]    area_meta                 | 신규   121행 | 누적    363행 | 5컬럼
2026-08-01 05:29:13,319 [INFO]    bike                      | 신규    11행 | 누적     33행 | 12컬럼
2026-08-01 05:29:13,319 [INFO]    bike_sbike_stts           | 신규   573행 | 누적   1719행 | 12컬럼
2026-08-01 05:29:13,319 [INFO]    bus                       | 신규     3행 | 누적      9행 | 11컬럼
2026-08-01 05:29:13,319 [INFO]    bus_bus_stn_stts          | 신규  1745행 | 누적   5235행 | 11컬럼
2026-08-01 05:29:13,319 [INFO]    charger                   | 신규     4행 | 누적     12행 | 15컬럼
2026-08-01 05:29:13,319 [INFO]    charger_charger_stts      | 신규  1922행 | 누적   5727행 | 15컬럼
2026-08-01 05:29:13,319 [INFO]    cmrcl                     | 신규    82행 | 누적    246행 | 20컬럼
2026-08-01 05:29:13,319 [INFO]    events                    | 신규    13행 | 누적     41행 | 14컬럼
2026-08-01 05:29:13,319 [INFO]    events_event_stts         | 신규   138행 | 누적    396행 | 14컬럼
2026-08-01 05:29:13,319 [INFO]    parking                   | 신규     6행 | 누적     18행 | 21컬럼
2026-08-01 05:29:13,319 [INFO]    parking_prk_stts          | 신규  1834행 | 누적   5502행 | 21컬럼
2026-08-01 05:29:13,319 [INFO]    ppltn                     | 신규   121행 | 누적    363행 | 26컬럼
2026-08-01 05:29:13,319 [INFO]    road                      | 신규   121행 | 누적    363행 | 21컬럼
2026-08-01 05:29:13,319 [INFO]    road_road_traffic_stts    | 신규  5279행 | 누적  15837행 | 17컬럼
2026-08-01 05:29:13,319 [INFO]    subway                    | 신규    38행 | 누적    114행 | 12컬럼
2026-08-01 05:29:13,319 [INFO]    subway_sub_stts           | 신규   183행 | 누적    549행 | 13컬럼
2026-08-01 05:29:13,319 [INFO]    weather                   | 신규   119행 | 누적    357행 | 29컬럼
2026-08-01 05:29:13,319 [INFO] 키별 사용량:
2026-08-01 05:29:13,320 [INFO]    🟢 KEY_1 (31/1000) 
2026-08-01 05:29:13,320 [INFO]    🟢 KEY_2 (30/1000) 
2026-08-01 05:29:13,320 [INFO]    🟢 KEY_3 (30/1000) 
2026-08-01 05:29:13,320 [INFO]    🟢 KEY_4 (30/1000) 
