2026-07-06 00:23:29,896 [INFO] 등록된 키: 4개, 합산 한도 4,000건/일
2026-07-06 00:23:29,896 [INFO] POI 로드: 매뉴얼 v8.5 기준 fallback 121개 (121개 전체)
2026-07-06 00:23:29,896 [INFO] === 수집 시작 2026-07-06T00:23:29.896945+09:00 ===
2026-07-06 00:23:29,897 [INFO] 대상 장소: 121개 | API: citydata (통합)
2026-07-06 00:23:29,897 [INFO] 키 풀: 4/4 활성 | 오늘 사용 0/4000건
2026-07-06 00:23:29,897 [INFO]   [KEY_1] 담당 31장소
2026-07-06 00:23:29,897 [INFO]   [KEY_2] 담당 30장소
2026-07-06 00:23:29,897 [INFO]   [KEY_3] 담당 30장소
2026-07-06 00:23:29,897 [INFO]   [KEY_4] 담당 30장소
2026-07-06 00:23:29,897 [INFO] [1/121] 경복궁 (primary=KEY_1)
2026-07-06 00:23:31,716 [INFO] [2/121] 광화문·덕수궁 (primary=KEY_2)
2026-07-06 00:23:33,565 [INFO] [3/121] 보신각 (primary=KEY_3)
2026-07-06 00:23:35,373 [INFO] [4/121] 서울 암사동 유적 (primary=KEY_4)
2026-07-06 00:23:37,167 [INFO] [5/121] 창덕궁·종묘 (primary=KEY_1)
2026-07-06 00:23:39,101 [INFO] [6/121] 강남 MICE 관광특구 (primary=KEY_2)
2026-07-06 00:23:40,105 [INFO] [7/121] 동대문 관광특구 (primary=KEY_3)
2026-07-06 00:23:41,406 [INFO] [8/121] 명동 관광특구 (primary=KEY_4)
2026-07-06 00:23:43,168 [INFO] [9/121] 이태원 관광특구 (primary=KEY_1)
2026-07-06 00:23:44,846 [INFO] [10/121] 잠실 관광특구 (primary=KEY_2)
2026-07-06 00:23:46,722 [INFO] [11/121] 종로·청계 관광특구 (primary=KEY_3)
2026-07-06 00:23:48,044 [INFO] [12/121] 홍대 관광특구 (primary=KEY_4)
2026-07-06 00:23:49,347 [INFO] [13/121] 강서한강공원 (primary=KEY_1)
2026-07-06 00:23:50,445 [INFO] [14/121] 고척돔 (primary=KEY_2)
2026-07-06 00:23:51,549 [INFO] [15/121] 광나루한강공원 (primary=KEY_3)
2026-07-06 00:23:52,660 [INFO] [16/121] 광화문광장 (primary=KEY_4)
2026-07-06 00:23:53,787 [INFO] [17/121] 국립중앙박물관·용산가족공원 (primary=KEY_1)
2026-07-06 00:23:54,771 [INFO] [18/121] 난지한강공원 (primary=KEY_2)
2026-07-06 00:23:56,419 [INFO] [19/121] 남산공원 (primary=KEY_3)
2026-07-06 00:23:57,694 [INFO] [20/121] 노들섬 (primary=KEY_4)
2026-07-06 00:23:58,680 [INFO] [21/121] 뚝섬한강공원 (primary=KEY_1)
2026-07-06 00:23:59,664 [INFO] [22/121] 망원한강공원 (primary=KEY_2)
2026-07-06 00:24:01,470 [INFO] [23/121] 반포한강공원 (primary=KEY_3)
2026-07-06 00:24:02,449 [INFO] [24/121] 보라매공원 (primary=KEY_4)
2026-07-06 00:24:03,449 [INFO] [25/121] 북서울꿈의숲 (primary=KEY_1)
2026-07-06 00:24:04,430 [INFO] [26/121] 서대문독립공원 (primary=KEY_2)
2026-07-06 00:24:05,539 [INFO] [27/121] 서리풀공원·몽마르뜨공원 (primary=KEY_3)
2026-07-06 00:24:06,562 [INFO] [28/121] 서울대공원 (primary=KEY_4)
2026-07-06 00:24:08,874 [INFO] [29/121] 서울숲공원 (primary=KEY_1)
2026-07-06 00:24:09,995 [INFO] [30/121] 송현녹지광장 (primary=KEY_2)
2026-07-06 00:24:11,133 [INFO] [31/121] 아차산 (primary=KEY_3)
2026-07-06 00:24:12,109 [INFO] [32/121] 안양천 (primary=KEY_4)
2026-07-06 00:24:13,075 [INFO] [33/121] 양화한강공원 (primary=KEY_1)
2026-07-06 00:24:14,036 [INFO] [34/121] 어린이대공원 (primary=KEY_2)
2026-07-06 00:24:15,033 [INFO] [35/121] 여의도한강공원 (primary=KEY_3)
2026-07-06 00:24:16,139 [INFO] [36/121] 여의서로 (primary=KEY_4)
2026-07-06 00:24:17,108 [INFO] [37/121] 올림픽공원 (primary=KEY_1)
2026-07-06 00:24:18,239 [INFO] [38/121] 월드컵공원 (primary=KEY_2)
2026-07-06 00:24:19,566 [INFO] [39/121] 응봉산 (primary=KEY_3)
2026-07-06 00:24:20,665 [INFO] [40/121] 이촌한강공원 (primary=KEY_4)
2026-07-06 00:24:21,637 [INFO] [41/121] 잠실종합운동장 (primary=KEY_1)
2026-07-06 00:24:22,611 [INFO] [42/121] 잠실한강공원 (primary=KEY_2)
2026-07-06 00:24:23,602 [INFO] [43/121] 잠원한강공원 (primary=KEY_3)
2026-07-06 00:24:24,579 [INFO] [44/121] 청계산 (primary=KEY_4)
2026-07-06 00:24:25,552 [INFO] [45/121] 홍제폭포 (primary=KEY_1)
2026-07-06 00:24:26,526 [INFO] [46/121] 가락시장 (primary=KEY_2)
2026-07-06 00:24:27,660 [INFO] [47/121] 가로수길 (primary=KEY_3)
2026-07-06 00:24:28,804 [INFO] [48/121] 광장(전통)시장 (primary=KEY_4)
2026-07-06 00:24:29,806 [INFO] [49/121] 김포공항 (primary=KEY_1)
2026-07-06 00:24:30,952 [INFO] [50/121] 남대문시장 (primary=KEY_2)
2026-07-06 00:24:31,942 [INFO] [51/121] 노량진 (primary=KEY_3)
2026-07-06 00:24:32,955 [INFO] [52/121] 덕수궁길·정동길 (primary=KEY_4)
2026-07-06 00:24:34,088 [INFO] [53/121] 북창동 먹자골목 (primary=KEY_1)
2026-07-06 00:24:35,078 [INFO] [54/121] 북촌한옥마을 (primary=KEY_2)
2026-07-06 00:24:36,230 [INFO] [55/121] 서촌 (primary=KEY_3)
2026-07-06 00:24:37,353 [INFO] [56/121] 성수카페거리 (primary=KEY_4)
2026-07-06 00:24:38,501 [INFO] [57/121] 송리단길·호수단길 (primary=KEY_1)
2026-07-06 00:24:39,650 [INFO] [58/121] 신촌 스타광장 (primary=KEY_2)
2026-07-06 00:24:40,651 [INFO] [59/121] 압구정로데오거리 (primary=KEY_3)
2026-07-06 00:24:41,786 [INFO] [60/121] 여의도 (primary=KEY_4)
2026-07-06 00:24:43,566 [INFO] [61/121] 연남동 (primary=KEY_1)
2026-07-06 00:24:44,690 [INFO] [62/121] 영등포 타임스퀘어 (primary=KEY_2)
2026-07-06 00:24:45,815 [INFO] [63/121] 용리단길 (primary=KEY_3)
2026-07-06 00:24:46,822 [INFO] [64/121] 이태원 앤틱가구거리 (primary=KEY_4)
2026-07-06 00:24:47,833 [INFO] [65/121] 익선동 (primary=KEY_1)
2026-07-06 00:24:49,538 [INFO] [66/121] 인사동 (primary=KEY_2)
2026-07-06 00:24:50,820 [INFO] [67/121] 잠실롯데타워·석촌호수 (primary=KEY_3)
2026-07-06 00:24:52,256 [INFO] [68/121] 창동 신경제 중심지 (primary=KEY_4)
2026-07-06 00:24:53,688 [INFO] [69/121] 청담동 명품거리 (primary=KEY_1)
2026-07-06 00:24:54,815 [INFO] [70/121] 청량리 제기동 일대 전통시장 (primary=KEY_2)
2026-07-06 00:24:55,954 [INFO] [71/121] 해방촌·경리단길 (primary=KEY_3)
2026-07-06 00:24:56,944 [INFO] [72/121] DDP(동대문디자인플라자) (primary=KEY_4)
2026-07-06 00:24:58,136 [INFO] [73/121] DMC(디지털미디어시티) (primary=KEY_1)
2026-07-06 00:24:59,572 [INFO] [74/121] 가산디지털단지역 (primary=KEY_2)
2026-07-06 00:25:01,121 [INFO] [75/121] 강남역 (primary=KEY_3)
2026-07-06 00:25:02,406 [INFO] [76/121] 건대입구역 (primary=KEY_4)
2026-07-06 00:25:03,556 [INFO] [77/121] 고덕역 (primary=KEY_1)
2026-07-06 00:25:04,672 [INFO] [78/121] 고속터미널역 (primary=KEY_2)
2026-07-06 00:25:05,811 [INFO] [79/121] 교대역 (primary=KEY_3)
2026-07-06 00:25:06,804 [INFO] [80/121] 구로디지털단지역 (primary=KEY_4)
2026-07-06 00:25:08,211 [INFO] [81/121] 구로역 (primary=KEY_1)
2026-07-06 00:25:09,317 [INFO] [82/121] 군자역 (primary=KEY_2)
2026-07-06 00:25:10,303 [INFO] [83/121] 대림역 (primary=KEY_3)
2026-07-06 00:25:11,430 [INFO] [84/121] 동대문역 (primary=KEY_4)
2026-07-06 00:25:12,551 [INFO] [85/121] 뚝섬역 (primary=KEY_1)
2026-07-06 00:25:13,666 [INFO] [86/121] 미아사거리역 (primary=KEY_2)
2026-07-06 00:25:14,782 [INFO] [87/121] 발산역 (primary=KEY_3)
2026-07-06 00:25:16,187 [INFO] [88/121] 사당역 (primary=KEY_4)
2026-07-06 00:25:17,303 [INFO] [89/121] 삼각지역 (primary=KEY_1)
2026-07-06 00:25:18,301 [INFO] [90/121] 서울대입구역 (primary=KEY_2)
2026-07-06 00:25:19,423 [INFO] [91/121] 서울식물원·마곡나루역 (primary=KEY_3)
2026-07-06 00:25:20,695 [INFO] [92/121] 서울역 (primary=KEY_4)
2026-07-06 00:25:21,864 [INFO] [93/121] 선릉역 (primary=KEY_1)
2026-07-06 00:25:23,298 [INFO] [94/121] 성신여대입구역 (primary=KEY_2)
2026-07-06 00:25:24,293 [INFO] [95/121] 수유역 (primary=KEY_3)
2026-07-06 00:25:25,414 [INFO] [96/121] 숭례문 (primary=KEY_4)
2026-07-06 00:25:26,683 [INFO] [97/121] 시의회 앞 (primary=KEY_1)
2026-07-06 00:25:27,829 [INFO] [98/121] 신논현역·논현역 (primary=KEY_2)
2026-07-06 00:25:28,984 [INFO] [99/121] 신도림역 (primary=KEY_3)
2026-07-06 00:25:29,973 [INFO] [100/121] 신림역 (primary=KEY_4)
2026-07-06 00:25:30,994 [INFO] [101/121] 신정네거리역 (primary=KEY_1)
2026-07-06 00:25:32,116 [INFO] [102/121] 신촌·이대역 (primary=KEY_2)
2026-07-06 00:25:33,262 [INFO] [103/121] 쌍문역 (primary=KEY_3)
2026-07-06 00:25:34,394 [INFO] [104/121] 양재역 (primary=KEY_4)
2026-07-06 00:25:35,543 [INFO] [105/121] 역삼역 (primary=KEY_1)
2026-07-06 00:25:36,836 [INFO] [106/121] 연신내역 (primary=KEY_2)
2026-07-06 00:25:37,831 [INFO] [107/121] 오목교역·목동운동장 (primary=KEY_3)
2026-07-06 00:25:39,379 [INFO] [108/121] 왕십리역 (primary=KEY_4)
2026-07-06 00:25:40,535 [INFO] [109/121] 용산역 (primary=KEY_1)
2026-07-06 00:25:41,796 [INFO] [110/121] 이태원역 (primary=KEY_2)
2026-07-06 00:25:42,788 [INFO] [111/121] 잠실새내역 (primary=KEY_3)
2026-07-06 00:25:43,914 [INFO] [112/121] 잠실역 (primary=KEY_4)
2026-07-06 00:25:45,257 [INFO] [113/121] 장지역 (primary=KEY_1)
2026-07-06 00:25:46,527 [INFO] [114/121] 장한평역 (primary=KEY_2)
2026-07-06 00:25:47,646 [INFO] [115/121] 천호역 (primary=KEY_3)
2026-07-06 00:25:48,785 [INFO] [116/121] 총신대입구(이수)역 (primary=KEY_4)
2026-07-06 00:25:49,921 [INFO] [117/121] 충정로역 (primary=KEY_1)
2026-07-06 00:25:51,062 [INFO] [118/121] 합정역 (primary=KEY_2)
2026-07-06 00:25:52,196 [INFO] [119/121] 혜화역 (primary=KEY_3)
2026-07-06 00:25:53,317 [INFO] [120/121] 홍대입구역(2호선) (primary=KEY_4)
2026-07-06 00:25:54,457 [INFO] [121/121] 회기역 (primary=KEY_1)
2026-07-06 00:25:55,998 [INFO] === 수집 완료 | 성공 121, 실패 0 ===
2026-07-06 00:25:55,998 [INFO] 카테고리별 저장 결과:
2026-07-06 00:25:55,998 [INFO]    accident                  | 신규     3행 | 누적      3행 | 16컬럼
2026-07-06 00:25:55,998 [INFO]    area_meta                 | 신규   121행 | 누적    121행 | 5컬럼
2026-07-06 00:25:55,998 [INFO]    bike                      | 신규    12행 | 누적     12행 | 12컬럼
2026-07-06 00:25:55,998 [INFO]    bike_sbike_stts           | 신규   554행 | 누적    554행 | 12컬럼
2026-07-06 00:25:55,998 [INFO]    bus                       | 신규     3행 | 누적      3행 | 11컬럼
2026-07-06 00:25:55,999 [INFO]    bus_bus_stn_stts          | 신규  1745행 | 누적   1745행 | 11컬럼
2026-07-06 00:25:55,999 [INFO]    charger                   | 신규    13행 | 누적     13행 | 15컬럼
2026-07-06 00:25:55,999 [INFO]    charger_charger_stts      | 신규  1493행 | 누적   1493행 | 15컬럼
2026-07-06 00:25:55,999 [INFO]    cmrcl                     | 신규    82행 | 누적     82행 | 20컬럼
2026-07-06 00:25:55,999 [INFO]    events                    | 신규     7행 | 누적      7행 | 14컬럼
2026-07-06 00:25:55,999 [INFO]    events_event_stts         | 신규   121행 | 누적    121행 | 14컬럼
2026-07-06 00:25:55,999 [INFO]    parking                   | 신규     6행 | 누적      6행 | 21컬럼
2026-07-06 00:25:55,999 [INFO]    parking_prk_stts          | 신규  1833행 | 누적   1833행 | 21컬럼
2026-07-06 00:25:55,999 [INFO]    ppltn                     | 신규   121행 | 누적    121행 | 26컬럼
2026-07-06 00:25:55,999 [INFO]    road                      | 신규   121행 | 누적    121행 | 21컬럼
2026-07-06 00:25:55,999 [INFO]    road_road_traffic_stts    | 신규  5263행 | 누적   5263행 | 17컬럼
2026-07-06 00:25:55,999 [INFO]    subway                    | 신규    38행 | 누적     38행 | 13컬럼
2026-07-06 00:25:55,999 [INFO]    subway_sub_stts           | 신규   183행 | 누적    183행 | 13컬럼
2026-07-06 00:25:55,999 [INFO]    weather                   | 신규   119행 | 누적    119행 | 29컬럼
2026-07-06 00:25:55,999 [INFO] 키별 사용량:
2026-07-06 00:25:55,999 [INFO]    🟢 KEY_1 (31/1000) 
2026-07-06 00:25:56,000 [INFO]    🟢 KEY_2 (30/1000) 
2026-07-06 00:25:56,000 [INFO]    🟢 KEY_3 (30/1000) 
2026-07-06 00:25:56,000 [INFO]    🟢 KEY_4 (30/1000) 
2026-07-06 02:24:03,610 [INFO] 등록된 키: 4개, 합산 한도 4,000건/일
2026-07-06 02:24:03,611 [INFO] POI 로드: 매뉴얼 v8.5 기준 fallback 121개 (121개 전체)
2026-07-06 02:24:03,611 [INFO] === 수집 시작 2026-07-06T02:24:03.611617+09:00 ===
2026-07-06 02:24:03,611 [INFO] 대상 장소: 121개 | API: citydata (통합)
2026-07-06 02:24:03,611 [INFO] 키 풀: 4/4 활성 | 오늘 사용 0/4000건
2026-07-06 02:24:03,611 [INFO]   [KEY_1] 담당 31장소
2026-07-06 02:24:03,612 [INFO]   [KEY_2] 담당 30장소
2026-07-06 02:24:03,612 [INFO]   [KEY_3] 담당 30장소
2026-07-06 02:24:03,612 [INFO]   [KEY_4] 담당 30장소
2026-07-06 02:24:03,612 [INFO] [1/121] 경복궁 (primary=KEY_1)
2026-07-06 02:24:05,418 [INFO] [2/121] 광화문·덕수궁 (primary=KEY_2)
2026-07-06 02:24:06,824 [INFO] [3/121] 보신각 (primary=KEY_3)
2026-07-06 02:24:07,940 [INFO] [4/121] 서울 암사동 유적 (primary=KEY_4)
2026-07-06 02:24:09,444 [INFO] [5/121] 창덕궁·종묘 (primary=KEY_1)
2026-07-06 02:24:11,209 [INFO] [6/121] 강남 MICE 관광특구 (primary=KEY_2)
2026-07-06 02:24:12,756 [INFO] [7/121] 동대문 관광특구 (primary=KEY_3)
2026-07-06 02:24:14,738 [INFO] [8/121] 명동 관광특구 (primary=KEY_4)
2026-07-06 02:24:16,091 [INFO] [9/121] 이태원 관광특구 (primary=KEY_1)
2026-07-06 02:24:18,025 [INFO] [10/121] 잠실 관광특구 (primary=KEY_2)
2026-07-06 02:24:19,880 [INFO] [11/121] 종로·청계 관광특구 (primary=KEY_3)
2026-07-06 02:24:21,201 [INFO] [12/121] 홍대 관광특구 (primary=KEY_4)
2026-07-06 02:24:22,633 [INFO] [13/121] 강서한강공원 (primary=KEY_1)
2026-07-06 02:24:23,613 [INFO] [14/121] 고척돔 (primary=KEY_2)
2026-07-06 02:24:25,380 [INFO] [15/121] 광나루한강공원 (primary=KEY_3)
2026-07-06 02:24:26,485 [INFO] [16/121] 광화문광장 (primary=KEY_4)
2026-07-06 02:24:27,620 [INFO] [17/121] 국립중앙박물관·용산가족공원 (primary=KEY_1)
2026-07-06 02:24:28,607 [INFO] [18/121] 난지한강공원 (primary=KEY_2)
2026-07-06 02:24:30,250 [INFO] [19/121] 남산공원 (primary=KEY_3)
2026-07-06 02:24:31,526 [INFO] [20/121] 노들섬 (primary=KEY_4)
2026-07-06 02:24:32,489 [INFO] [21/121] 뚝섬한강공원 (primary=KEY_1)
2026-07-06 02:24:33,479 [INFO] [22/121] 망원한강공원 (primary=KEY_2)
2026-07-06 02:24:34,626 [INFO] [23/121] 반포한강공원 (primary=KEY_3)
2026-07-06 02:24:35,608 [INFO] [24/121] 보라매공원 (primary=KEY_4)
2026-07-06 02:24:36,602 [INFO] [25/121] 북서울꿈의숲 (primary=KEY_1)
2026-07-06 02:24:37,602 [INFO] [26/121] 서대문독립공원 (primary=KEY_2)
2026-07-06 02:24:38,594 [INFO] [27/121] 서리풀공원·몽마르뜨공원 (primary=KEY_3)
2026-07-06 02:24:40,267 [INFO] [28/121] 서울대공원 (primary=KEY_4)
2026-07-06 02:24:41,230 [INFO] [29/121] 서울숲공원 (primary=KEY_1)
2026-07-06 02:24:42,598 [INFO] [30/121] 송현녹지광장 (primary=KEY_2)
2026-07-06 02:24:43,706 [INFO] [31/121] 아차산 (primary=KEY_3)
2026-07-06 02:24:44,672 [INFO] [32/121] 안양천 (primary=KEY_4)
2026-07-06 02:24:45,646 [INFO] [33/121] 양화한강공원 (primary=KEY_1)
2026-07-06 02:24:46,622 [INFO] [34/121] 어린이대공원 (primary=KEY_2)
2026-07-06 02:24:47,621 [INFO] [35/121] 여의도한강공원 (primary=KEY_3)
2026-07-06 02:24:48,734 [INFO] [36/121] 여의서로 (primary=KEY_4)
2026-07-06 02:24:50,502 [INFO] [37/121] 올림픽공원 (primary=KEY_1)
2026-07-06 02:24:51,646 [INFO] [38/121] 월드컵공원 (primary=KEY_2)
2026-07-06 02:24:52,924 [INFO] [39/121] 응봉산 (primary=KEY_3)
2026-07-06 02:24:54,030 [INFO] [40/121] 이촌한강공원 (primary=KEY_4)
2026-07-06 02:24:54,998 [INFO] [41/121] 잠실종합운동장 (primary=KEY_1)
2026-07-06 02:24:55,991 [INFO] [42/121] 잠실한강공원 (primary=KEY_2)
2026-07-06 02:24:56,984 [INFO] [43/121] 잠원한강공원 (primary=KEY_3)
2026-07-06 02:24:57,948 [INFO] [44/121] 청계산 (primary=KEY_4)
2026-07-06 02:24:58,916 [INFO] [45/121] 홍제폭포 (primary=KEY_1)
2026-07-06 02:24:59,889 [INFO] [46/121] 가락시장 (primary=KEY_2)
2026-07-06 02:25:01,020 [INFO] [47/121] 가로수길 (primary=KEY_3)
2026-07-06 02:25:02,143 [INFO] [48/121] 광장(전통)시장 (primary=KEY_4)
2026-07-06 02:25:03,110 [INFO] [49/121] 김포공항 (primary=KEY_1)
2026-07-06 02:25:04,235 [INFO] [50/121] 남대문시장 (primary=KEY_2)
2026-07-06 02:25:05,221 [INFO] [51/121] 노량진 (primary=KEY_3)
2026-07-06 02:25:06,218 [INFO] [52/121] 덕수궁길·정동길 (primary=KEY_4)
2026-07-06 02:25:07,345 [INFO] [53/121] 북창동 먹자골목 (primary=KEY_1)
2026-07-06 02:25:08,529 [INFO] [54/121] 북촌한옥마을 (primary=KEY_2)
2026-07-06 02:25:09,642 [INFO] [55/121] 서촌 (primary=KEY_3)
2026-07-06 02:25:10,742 [INFO] [56/121] 성수카페거리 (primary=KEY_4)
2026-07-06 02:25:12,132 [INFO] [57/121] 송리단길·호수단길 (primary=KEY_1)
2026-07-06 02:25:13,260 [INFO] [58/121] 신촌 스타광장 (primary=KEY_2)
2026-07-06 02:25:14,236 [INFO] [59/121] 압구정로데오거리 (primary=KEY_3)
2026-07-06 02:25:15,340 [INFO] [60/121] 여의도 (primary=KEY_4)
2026-07-06 02:25:16,893 [INFO] [61/121] 연남동 (primary=KEY_1)
2026-07-06 02:25:17,988 [INFO] [62/121] 영등포 타임스퀘어 (primary=KEY_2)
2026-07-06 02:25:19,099 [INFO] [63/121] 용리단길 (primary=KEY_3)
2026-07-06 02:25:20,092 [INFO] [64/121] 이태원 앤틱가구거리 (primary=KEY_4)
2026-07-06 02:25:21,072 [INFO] [65/121] 익선동 (primary=KEY_1)
2026-07-06 02:25:22,194 [INFO] [66/121] 인사동 (primary=KEY_2)
2026-07-06 02:25:23,314 [INFO] [67/121] 잠실롯데타워·석촌호수 (primary=KEY_3)
2026-07-06 02:25:24,442 [INFO] [68/121] 창동 신경제 중심지 (primary=KEY_4)
2026-07-06 02:25:25,729 [INFO] [69/121] 청담동 명품거리 (primary=KEY_1)
2026-07-06 02:25:26,847 [INFO] [70/121] 청량리 제기동 일대 전통시장 (primary=KEY_2)
2026-07-06 02:25:27,954 [INFO] [71/121] 해방촌·경리단길 (primary=KEY_3)
2026-07-06 02:25:28,925 [INFO] [72/121] DDP(동대문디자인플라자) (primary=KEY_4)
2026-07-06 02:25:30,117 [INFO] [73/121] DMC(디지털미디어시티) (primary=KEY_1)
2026-07-06 02:25:31,397 [INFO] [74/121] 가산디지털단지역 (primary=KEY_2)
2026-07-06 02:25:32,650 [INFO] [75/121] 강남역 (primary=KEY_3)
2026-07-06 02:25:33,933 [INFO] [76/121] 건대입구역 (primary=KEY_4)
2026-07-06 02:25:35,070 [INFO] [77/121] 고덕역 (primary=KEY_1)
2026-07-06 02:25:36,056 [INFO] [78/121] 고속터미널역 (primary=KEY_2)
2026-07-06 02:25:37,058 [INFO] [79/121] 교대역 (primary=KEY_3)
2026-07-06 02:25:38,277 [INFO] [80/121] 구로디지털단지역 (primary=KEY_4)
2026-07-06 02:25:39,409 [INFO] [81/121] 구로역 (primary=KEY_1)
2026-07-06 02:25:40,407 [INFO] [82/121] 군자역 (primary=KEY_2)
2026-07-06 02:25:41,437 [INFO] [83/121] 대림역 (primary=KEY_3)
2026-07-06 02:25:42,423 [INFO] [84/121] 동대문역 (primary=KEY_4)
2026-07-06 02:25:43,433 [INFO] [85/121] 뚝섬역 (primary=KEY_1)
2026-07-06 02:25:44,550 [INFO] [86/121] 미아사거리역 (primary=KEY_2)
2026-07-06 02:25:45,673 [INFO] [87/121] 발산역 (primary=KEY_3)
2026-07-06 02:25:46,949 [INFO] [88/121] 사당역 (primary=KEY_4)
2026-07-06 02:25:47,950 [INFO] [89/121] 삼각지역 (primary=KEY_1)
2026-07-06 02:25:48,933 [INFO] [90/121] 서울대입구역 (primary=KEY_2)
2026-07-06 02:25:49,931 [INFO] [91/121] 서울식물원·마곡나루역 (primary=KEY_3)
2026-07-06 02:25:51,057 [INFO] [92/121] 서울역 (primary=KEY_4)
2026-07-06 02:25:52,431 [INFO] [93/121] 선릉역 (primary=KEY_1)
2026-07-06 02:25:53,726 [INFO] [94/121] 성신여대입구역 (primary=KEY_2)
2026-07-06 02:25:54,741 [INFO] [95/121] 수유역 (primary=KEY_3)
2026-07-06 02:25:55,859 [INFO] [96/121] 숭례문 (primary=KEY_4)
2026-07-06 02:25:56,990 [INFO] [97/121] 시의회 앞 (primary=KEY_1)
2026-07-06 02:25:58,136 [INFO] [98/121] 신논현역·논현역 (primary=KEY_2)
2026-07-06 02:25:59,288 [INFO] [99/121] 신도림역 (primary=KEY_3)
2026-07-06 02:26:00,270 [INFO] [100/121] 신림역 (primary=KEY_4)
2026-07-06 02:26:01,287 [INFO] [101/121] 신정네거리역 (primary=KEY_1)
2026-07-06 02:26:02,289 [INFO] [102/121] 신촌·이대역 (primary=KEY_2)
2026-07-06 02:26:03,417 [INFO] [103/121] 쌍문역 (primary=KEY_3)
2026-07-06 02:26:04,409 [INFO] [104/121] 양재역 (primary=KEY_4)
2026-07-06 02:26:05,416 [INFO] [105/121] 역삼역 (primary=KEY_1)
2026-07-06 02:26:06,539 [INFO] [106/121] 연신내역 (primary=KEY_2)
2026-07-06 02:26:07,544 [INFO] [107/121] 오목교역·목동운동장 (primary=KEY_3)
2026-07-06 02:26:08,800 [INFO] [108/121] 왕십리역 (primary=KEY_4)
2026-07-06 02:26:09,934 [INFO] [109/121] 용산역 (primary=KEY_1)
2026-07-06 02:26:11,052 [INFO] [110/121] 이태원역 (primary=KEY_2)
2026-07-06 02:26:12,021 [INFO] [111/121] 잠실새내역 (primary=KEY_3)
2026-07-06 02:26:13,128 [INFO] [112/121] 잠실역 (primary=KEY_4)
2026-07-06 02:26:14,240 [INFO] [113/121] 장지역 (primary=KEY_1)
2026-07-06 02:26:15,344 [INFO] [114/121] 장한평역 (primary=KEY_2)
2026-07-06 02:26:16,461 [INFO] [115/121] 천호역 (primary=KEY_3)
2026-07-06 02:26:17,581 [INFO] [116/121] 총신대입구(이수)역 (primary=KEY_4)
2026-07-06 02:26:18,757 [INFO] [117/121] 충정로역 (primary=KEY_1)
2026-07-06 02:26:19,747 [INFO] [118/121] 합정역 (primary=KEY_2)
2026-07-06 02:26:20,863 [INFO] [119/121] 혜화역 (primary=KEY_3)
2026-07-06 02:26:21,846 [INFO] [120/121] 홍대입구역(2호선) (primary=KEY_4)
2026-07-06 02:26:22,854 [INFO] [121/121] 회기역 (primary=KEY_1)
2026-07-06 02:26:24,679 [INFO] === 수집 완료 | 성공 121, 실패 0 ===
2026-07-06 02:26:24,679 [INFO] 카테고리별 저장 결과:
2026-07-06 02:26:24,679 [INFO]    accident                  | 신규     3행 | 누적      6행 | 16컬럼
2026-07-06 02:26:24,679 [INFO]    area_meta                 | 신규   121행 | 누적    242행 | 5컬럼
2026-07-06 02:26:24,679 [INFO]    bike                      | 신규    12행 | 누적     24행 | 12컬럼
2026-07-06 02:26:24,679 [INFO]    bike_sbike_stts           | 신규   554행 | 누적   1108행 | 12컬럼
2026-07-06 02:26:24,680 [INFO]    bus                       | 신규     3행 | 누적      6행 | 11컬럼
2026-07-06 02:26:24,680 [INFO]    bus_bus_stn_stts          | 신규  1745행 | 누적   3490행 | 11컬럼
2026-07-06 02:26:24,680 [INFO]    charger                   | 신규    26행 | 누적     39행 | 15컬럼
2026-07-06 02:26:24,680 [INFO]    charger_charger_stts      | 신규   340행 | 누적   1821행 | 15컬럼
2026-07-06 02:26:24,680 [INFO]    cmrcl                     | 신규    82행 | 누적    164행 | 20컬럼
2026-07-06 02:26:24,680 [INFO]    events                    | 신규     7행 | 누적     14행 | 14컬럼
2026-07-06 02:26:24,680 [INFO]    events_event_stts         | 신규   121행 | 누적    242행 | 14컬럼
2026-07-06 02:26:24,680 [INFO]    parking                   | 신규     6행 | 누적     12행 | 21컬럼
2026-07-06 02:26:24,680 [INFO]    parking_prk_stts          | 신규  1833행 | 누적   3666행 | 21컬럼
2026-07-06 02:26:24,680 [INFO]    ppltn                     | 신규   121행 | 누적    242행 | 26컬럼
2026-07-06 02:26:24,680 [INFO]    road                      | 신규   121행 | 누적    242행 | 21컬럼
2026-07-06 02:26:24,680 [INFO]    road_road_traffic_stts    | 신규  5263행 | 누적  10526행 | 17컬럼
2026-07-06 02:26:24,680 [INFO]    subway                    | 신규    38행 | 누적     76행 | 13컬럼
2026-07-06 02:26:24,680 [INFO]    subway_sub_stts           | 신규   183행 | 누적    366행 | 13컬럼
2026-07-06 02:26:24,680 [INFO]    weather                   | 신규   119행 | 누적    238행 | 29컬럼
2026-07-06 02:26:24,680 [INFO] 키별 사용량:
2026-07-06 02:26:24,680 [INFO]    🟢 KEY_1 (31/1000) 
2026-07-06 02:26:24,680 [INFO]    🟢 KEY_2 (30/1000) 
2026-07-06 02:26:24,680 [INFO]    🟢 KEY_3 (30/1000) 
2026-07-06 02:26:24,680 [INFO]    🟢 KEY_4 (30/1000) 
