2026-07-18 01:23:50,360 [INFO] 등록된 키: 4개, 합산 한도 4,000건/일
2026-07-18 01:23:50,361 [INFO] POI 로드: 매뉴얼 v8.5 기준 fallback 121개 (121개 전체)
2026-07-18 01:23:50,361 [INFO] === 수집 시작 2026-07-18T01:23:50.361084+09:00 ===
2026-07-18 01:23:50,361 [INFO] 대상 장소: 121개 | API: citydata (통합)
2026-07-18 01:23:50,361 [INFO] 키 풀: 4/4 활성 | 오늘 사용 0/4000건
2026-07-18 01:23:50,361 [INFO]   [KEY_1] 담당 31장소
2026-07-18 01:23:50,361 [INFO]   [KEY_2] 담당 30장소
2026-07-18 01:23:50,361 [INFO]   [KEY_3] 담당 30장소
2026-07-18 01:23:50,361 [INFO]   [KEY_4] 담당 30장소
2026-07-18 01:23:50,361 [INFO] [1/121] 경복궁 (primary=KEY_1)
2026-07-18 01:23:52,861 [INFO] [2/121] 광화문·덕수궁 (primary=KEY_2)
2026-07-18 01:23:55,410 [INFO] [3/121] 보신각 (primary=KEY_3)
2026-07-18 01:23:57,556 [INFO] [4/121] 서울 암사동 유적 (primary=KEY_4)
2026-07-18 01:23:59,372 [INFO] [5/121] 창덕궁·종묘 (primary=KEY_1)
2026-07-18 01:24:01,292 [INFO] [6/121] 강남 MICE 관광특구 (primary=KEY_2)
2026-07-18 01:24:03,416 [INFO] [7/121] 동대문 관광특구 (primary=KEY_3)
2026-07-18 01:24:05,617 [INFO] [8/121] 명동 관광특구 (primary=KEY_4)
2026-07-18 01:24:08,195 [INFO] [9/121] 이태원 관광특구 (primary=KEY_1)
2026-07-18 01:24:09,550 [INFO] [10/121] 잠실 관광특구 (primary=KEY_2)
2026-07-18 01:24:12,320 [INFO] [11/121] 종로·청계 관광특구 (primary=KEY_3)
2026-07-18 01:24:14,863 [INFO] [12/121] 홍대 관광특구 (primary=KEY_4)
2026-07-18 01:24:16,452 [INFO] [13/121] 강서한강공원 (primary=KEY_1)
2026-07-18 01:24:18,173 [INFO] [14/121] 고척돔 (primary=KEY_2)
2026-07-18 01:24:20,870 [INFO] [15/121] 광나루한강공원 (primary=KEY_3)
2026-07-18 01:24:22,975 [INFO] [16/121] 광화문광장 (primary=KEY_4)
2026-07-18 01:24:24,333 [INFO] [17/121] 국립중앙박물관·용산가족공원 (primary=KEY_1)
2026-07-18 01:24:25,492 [INFO] [18/121] 난지한강공원 (primary=KEY_2)
2026-07-18 01:24:27,406 [INFO] [19/121] 남산공원 (primary=KEY_3)
2026-07-18 01:24:28,960 [INFO] [20/121] 노들섬 (primary=KEY_4)
2026-07-18 01:24:30,109 [INFO] [21/121] 뚝섬한강공원 (primary=KEY_1)
2026-07-18 01:24:31,259 [INFO] [22/121] 망원한강공원 (primary=KEY_2)
2026-07-18 01:24:33,384 [INFO] [23/121] 반포한강공원 (primary=KEY_3)
2026-07-18 01:24:35,719 [INFO] [24/121] 보라매공원 (primary=KEY_4)
2026-07-18 01:24:37,640 [INFO] [25/121] 북서울꿈의숲 (primary=KEY_1)
2026-07-18 01:24:38,973 [INFO] [26/121] 서대문독립공원 (primary=KEY_2)
2026-07-18 01:24:40,916 [INFO] [27/121] 서리풀공원·몽마르뜨공원 (primary=KEY_3)
2026-07-18 01:24:42,095 [INFO] [28/121] 서울대공원 (primary=KEY_4)
2026-07-18 01:24:43,228 [INFO] [29/121] 서울숲공원 (primary=KEY_1)
2026-07-18 01:24:45,338 [INFO] [30/121] 송현녹지광장 (primary=KEY_2)
2026-07-18 01:24:46,685 [INFO] [31/121] 아차산 (primary=KEY_3)
2026-07-18 01:24:48,415 [INFO] [32/121] 안양천 (primary=KEY_4)
2026-07-18 01:24:49,568 [INFO] [33/121] 양화한강공원 (primary=KEY_1)
2026-07-18 01:24:50,713 [INFO] [34/121] 어린이대공원 (primary=KEY_2)
2026-07-18 01:24:52,073 [INFO] [35/121] 여의도한강공원 (primary=KEY_3)
2026-07-18 01:24:53,419 [INFO] [36/121] 여의서로 (primary=KEY_4)
2026-07-18 01:24:54,755 [INFO] [37/121] 올림픽공원 (primary=KEY_1)
2026-07-18 01:24:56,151 [INFO] [38/121] 월드컵공원 (primary=KEY_2)
2026-07-18 01:24:57,740 [INFO] [39/121] 응봉산 (primary=KEY_3)
2026-07-18 01:24:59,079 [INFO] [40/121] 이촌한강공원 (primary=KEY_4)
2026-07-18 01:25:00,984 [INFO] [41/121] 잠실종합운동장 (primary=KEY_1)
2026-07-18 01:25:02,911 [INFO] [42/121] 잠실한강공원 (primary=KEY_2)
2026-07-18 01:25:04,066 [INFO] [43/121] 잠원한강공원 (primary=KEY_3)
2026-07-18 01:25:05,197 [INFO] [44/121] 청계산 (primary=KEY_4)
2026-07-18 01:25:06,330 [INFO] [45/121] 홍제폭포 (primary=KEY_1)
2026-07-18 01:25:07,466 [INFO] [46/121] 가락시장 (primary=KEY_2)
2026-07-18 01:25:09,014 [INFO] [47/121] 가로수길 (primary=KEY_3)
2026-07-18 01:25:10,363 [INFO] [48/121] 광장(전통)시장 (primary=KEY_4)
2026-07-18 01:25:11,519 [INFO] [49/121] 김포공항 (primary=KEY_1)
2026-07-18 01:25:13,064 [INFO] [50/121] 남대문시장 (primary=KEY_2)
2026-07-18 01:25:15,558 [INFO] [51/121] 노량진 (primary=KEY_3)
2026-07-18 01:25:16,907 [INFO] [52/121] 덕수궁길·정동길 (primary=KEY_4)
2026-07-18 01:25:19,029 [INFO] [53/121] 북창동 먹자골목 (primary=KEY_1)
2026-07-18 01:25:20,368 [INFO] [54/121] 북촌한옥마을 (primary=KEY_2)
2026-07-18 01:25:21,906 [INFO] [55/121] 서촌 (primary=KEY_3)
2026-07-18 01:25:23,243 [INFO] [56/121] 성수카페거리 (primary=KEY_4)
2026-07-18 01:25:24,792 [INFO] [57/121] 송리단길·호수단길 (primary=KEY_1)
2026-07-18 01:25:26,137 [INFO] [58/121] 신촌 스타광장 (primary=KEY_2)
2026-07-18 01:25:27,291 [INFO] [59/121] 압구정로데오거리 (primary=KEY_3)
2026-07-18 01:25:28,635 [INFO] [60/121] 여의도 (primary=KEY_4)
2026-07-18 01:25:30,827 [INFO] [61/121] 연남동 (primary=KEY_1)
2026-07-18 01:25:32,158 [INFO] [62/121] 영등포 타임스퀘어 (primary=KEY_2)
2026-07-18 01:25:33,497 [INFO] [63/121] 용리단길 (primary=KEY_3)
2026-07-18 01:25:34,671 [INFO] [64/121] 이태원 앤틱가구거리 (primary=KEY_4)
2026-07-18 01:25:35,828 [INFO] [65/121] 익선동 (primary=KEY_1)
2026-07-18 01:25:37,190 [INFO] [66/121] 인사동 (primary=KEY_2)
2026-07-18 01:25:38,745 [INFO] [67/121] 잠실롯데타워·석촌호수 (primary=KEY_3)
2026-07-18 01:25:40,509 [INFO] [68/121] 창동 신경제 중심지 (primary=KEY_4)
2026-07-18 01:25:42,256 [INFO] [69/121] 청담동 명품거리 (primary=KEY_1)
2026-07-18 01:25:43,591 [INFO] [70/121] 청량리 제기동 일대 전통시장 (primary=KEY_2)
2026-07-18 01:25:44,959 [INFO] [71/121] 해방촌·경리단길 (primary=KEY_3)
2026-07-18 01:25:46,119 [INFO] [72/121] DDP(동대문디자인플라자) (primary=KEY_4)
2026-07-18 01:25:47,527 [INFO] [73/121] DMC(디지털미디어시티) (primary=KEY_1)
2026-07-18 01:25:49,882 [INFO] [74/121] 가산디지털단지역 (primary=KEY_2)
2026-07-18 01:25:52,594 [INFO] [75/121] 강남역 (primary=KEY_3)
2026-07-18 01:25:54,950 [INFO] [76/121] 건대입구역 (primary=KEY_4)
2026-07-18 01:25:57,079 [INFO] [77/121] 고덕역 (primary=KEY_1)
2026-07-18 01:25:59,215 [INFO] [78/121] 고속터미널역 (primary=KEY_2)
2026-07-18 01:26:00,576 [INFO] [79/121] 교대역 (primary=KEY_3)
2026-07-18 01:26:01,741 [INFO] [80/121] 구로디지털단지역 (primary=KEY_4)
2026-07-18 01:26:03,491 [INFO] [81/121] 구로역 (primary=KEY_1)
2026-07-18 01:26:05,618 [INFO] [82/121] 군자역 (primary=KEY_2)
2026-07-18 01:26:07,575 [INFO] [83/121] 대림역 (primary=KEY_3)
2026-07-18 01:26:09,693 [INFO] [84/121] 동대문역 (primary=KEY_4)
2026-07-18 01:26:11,806 [INFO] [85/121] 뚝섬역 (primary=KEY_1)
2026-07-18 01:26:13,935 [INFO] [86/121] 미아사거리역 (primary=KEY_2)
2026-07-18 01:26:16,047 [INFO] [87/121] 발산역 (primary=KEY_3)
2026-07-18 01:26:17,595 [INFO] [88/121] 사당역 (primary=KEY_4)
2026-07-18 01:26:18,936 [INFO] [89/121] 삼각지역 (primary=KEY_1)
2026-07-18 01:26:20,091 [INFO] [90/121] 서울대입구역 (primary=KEY_2)
2026-07-18 01:26:21,430 [INFO] [91/121] 서울식물원·마곡나루역 (primary=KEY_3)
2026-07-18 01:26:23,569 [INFO] [92/121] 서울역 (primary=KEY_4)
2026-07-18 01:26:25,732 [INFO] [93/121] 선릉역 (primary=KEY_1)
2026-07-18 01:26:27,511 [INFO] [94/121] 성신여대입구역 (primary=KEY_2)
2026-07-18 01:26:28,667 [INFO] [95/121] 수유역 (primary=KEY_3)
2026-07-18 01:26:30,034 [INFO] [96/121] 숭례문 (primary=KEY_4)
2026-07-18 01:26:32,356 [INFO] [97/121] 시의회 앞 (primary=KEY_1)
2026-07-18 01:26:34,474 [INFO] [98/121] 신논현역·논현역 (primary=KEY_2)
2026-07-18 01:26:35,845 [INFO] [99/121] 신도림역 (primary=KEY_3)
2026-07-18 01:26:36,996 [INFO] [100/121] 신림역 (primary=KEY_4)
2026-07-18 01:26:38,185 [INFO] [101/121] 신정네거리역 (primary=KEY_1)
2026-07-18 01:26:40,301 [INFO] [102/121] 신촌·이대역 (primary=KEY_2)
2026-07-18 01:26:42,435 [INFO] [103/121] 쌍문역 (primary=KEY_3)
2026-07-18 01:26:43,794 [INFO] [104/121] 양재역 (primary=KEY_4)
2026-07-18 01:26:45,168 [INFO] [105/121] 역삼역 (primary=KEY_1)
2026-07-18 01:26:46,728 [INFO] [106/121] 연신내역 (primary=KEY_2)
2026-07-18 01:26:47,917 [INFO] [107/121] 오목교역·목동운동장 (primary=KEY_3)
2026-07-18 01:26:49,880 [INFO] [108/121] 왕십리역 (primary=KEY_4)
2026-07-18 01:26:52,032 [INFO] [109/121] 용산역 (primary=KEY_1)
2026-07-18 01:26:53,582 [INFO] [110/121] 이태원역 (primary=KEY_2)
2026-07-18 01:26:54,747 [INFO] [111/121] 잠실새내역 (primary=KEY_3)
2026-07-18 01:26:56,138 [INFO] [112/121] 잠실역 (primary=KEY_4)
2026-07-18 01:26:57,690 [INFO] [113/121] 장지역 (primary=KEY_1)
2026-07-18 01:26:59,324 [INFO] [114/121] 장한평역 (primary=KEY_2)
2026-07-18 01:27:00,685 [INFO] [115/121] 천호역 (primary=KEY_3)
2026-07-18 01:27:02,622 [INFO] [116/121] 총신대입구(이수)역 (primary=KEY_4)
2026-07-18 01:27:03,992 [INFO] [117/121] 충정로역 (primary=KEY_1)
2026-07-18 01:27:05,360 [INFO] [118/121] 합정역 (primary=KEY_2)
2026-07-18 01:27:06,718 [INFO] [119/121] 혜화역 (primary=KEY_3)
2026-07-18 01:27:08,084 [INFO] [120/121] 홍대입구역(2호선) (primary=KEY_4)
2026-07-18 01:27:09,450 [INFO] [121/121] 회기역 (primary=KEY_1)
2026-07-18 01:27:11,990 [INFO] === 수집 완료 | 성공 121, 실패 0 ===
2026-07-18 01:27:11,990 [INFO] 카테고리별 저장 결과:
2026-07-18 01:27:11,990 [INFO]    accident                  | 신규     3행 | 누적      3행 | 16컬럼
2026-07-18 01:27:11,990 [INFO]    area_meta                 | 신규   121행 | 누적    121행 | 5컬럼
2026-07-18 01:27:11,990 [INFO]    bike                      | 신규    11행 | 누적     11행 | 12컬럼
2026-07-18 01:27:11,990 [INFO]    bike_sbike_stts           | 신규   570행 | 누적    570행 | 12컬럼
2026-07-18 01:27:11,990 [INFO]    bus                       | 신규     3행 | 누적      3행 | 11컬럼
2026-07-18 01:27:11,990 [INFO]    bus_bus_stn_stts          | 신규  1745행 | 누적   1745행 | 11컬럼
2026-07-18 01:27:11,990 [INFO]    charger                   | 신규     4행 | 누적      4행 | 15컬럼
2026-07-18 01:27:11,990 [INFO]    charger_charger_stts      | 신규  1918행 | 누적   1918행 | 15컬럼
2026-07-18 01:27:11,990 [INFO]    cmrcl                     | 신규    82행 | 누적     82행 | 20컬럼
2026-07-18 01:27:11,990 [INFO]    events                    | 신규     9행 | 누적      9행 | 14컬럼
2026-07-18 01:27:11,990 [INFO]    events_event_stts         | 신규   134행 | 누적    134행 | 14컬럼
2026-07-18 01:27:11,991 [INFO]    parking                   | 신규     6행 | 누적      6행 | 21컬럼
2026-07-18 01:27:11,991 [INFO]    parking_prk_stts          | 신규  1834행 | 누적   1834행 | 21컬럼
2026-07-18 01:27:11,991 [INFO]    ppltn                     | 신규   121행 | 누적    121행 | 26컬럼
2026-07-18 01:27:11,991 [INFO]    road                      | 신규   121행 | 누적    121행 | 21컬럼
2026-07-18 01:27:11,991 [INFO]    road_road_traffic_stts    | 신규  5267행 | 누적   5267행 | 17컬럼
2026-07-18 01:27:11,991 [INFO]    subway                    | 신규    38행 | 누적     38행 | 12컬럼
2026-07-18 01:27:11,991 [INFO]    subway_sub_stts           | 신규   183행 | 누적    183행 | 13컬럼
2026-07-18 01:27:11,991 [INFO]    weather                   | 신규   119행 | 누적    119행 | 29컬럼
2026-07-18 01:27:11,991 [INFO] 키별 사용량:
2026-07-18 01:27:11,991 [INFO]    🟢 KEY_1 (31/1000) 
2026-07-18 01:27:11,991 [INFO]    🟢 KEY_2 (30/1000) 
2026-07-18 01:27:11,991 [INFO]    🟢 KEY_3 (30/1000) 
2026-07-18 01:27:11,991 [INFO]    🟢 KEY_4 (30/1000) 
