2026-07-28 00:08:42,479 [INFO] 등록된 키: 4개, 합산 한도 4,000건/일
2026-07-28 00:08:42,479 [INFO] POI 로드: 매뉴얼 v8.5 기준 fallback 121개 (121개 전체)
2026-07-28 00:08:42,479 [INFO] === 수집 시작 2026-07-28T00:08:42.479920+09:00 ===
2026-07-28 00:08:42,480 [INFO] 대상 장소: 121개 | API: citydata (통합)
2026-07-28 00:08:42,480 [INFO] 키 풀: 4/4 활성 | 오늘 사용 0/4000건
2026-07-28 00:08:42,480 [INFO]   [KEY_1] 담당 31장소
2026-07-28 00:08:42,480 [INFO]   [KEY_2] 담당 30장소
2026-07-28 00:08:42,480 [INFO]   [KEY_3] 담당 30장소
2026-07-28 00:08:42,480 [INFO]   [KEY_4] 담당 30장소
2026-07-28 00:08:42,480 [INFO] [1/121] 경복궁 (primary=KEY_1)
2026-07-28 00:08:44,857 [INFO] [2/121] 광화문·덕수궁 (primary=KEY_2)
2026-07-28 00:08:46,907 [INFO] [3/121] 보신각 (primary=KEY_3)
2026-07-28 00:08:48,618 [INFO] [4/121] 서울 암사동 유적 (primary=KEY_4)
2026-07-28 00:08:49,614 [INFO] [5/121] 창덕궁·종묘 (primary=KEY_1)
2026-07-28 00:08:51,312 [INFO] [6/121] 강남 MICE 관광특구 (primary=KEY_2)
2026-07-28 00:08:52,483 [INFO] [7/121] 동대문 관광특구 (primary=KEY_3)
2026-07-28 00:08:53,815 [INFO] [8/121] 명동 관광특구 (primary=KEY_4)
2026-07-28 00:08:55,313 [INFO] [9/121] 이태원 관광특구 (primary=KEY_1)
2026-07-28 00:08:56,490 [INFO] [10/121] 잠실 관광특구 (primary=KEY_2)
2026-07-28 00:08:57,976 [INFO] [11/121] 종로·청계 관광특구 (primary=KEY_3)
2026-07-28 00:09:00,165 [INFO] [12/121] 홍대 관광특구 (primary=KEY_4)
2026-07-28 00:09:02,079 [INFO] [13/121] 강서한강공원 (primary=KEY_1)
2026-07-28 00:09:03,056 [INFO] [14/121] 고척돔 (primary=KEY_2)
2026-07-28 00:09:04,070 [INFO] [15/121] 광나루한강공원 (primary=KEY_3)
2026-07-28 00:09:05,902 [INFO] [16/121] 광화문광장 (primary=KEY_4)
2026-07-28 00:09:07,623 [INFO] [17/121] 국립중앙박물관·용산가족공원 (primary=KEY_1)
2026-07-28 00:09:08,627 [INFO] [18/121] 난지한강공원 (primary=KEY_2)
2026-07-28 00:09:10,172 [INFO] [19/121] 남산공원 (primary=KEY_3)
2026-07-28 00:09:11,503 [INFO] [20/121] 노들섬 (primary=KEY_4)
2026-07-28 00:09:12,493 [INFO] [21/121] 뚝섬한강공원 (primary=KEY_1)
2026-07-28 00:09:13,494 [INFO] [22/121] 망원한강공원 (primary=KEY_2)
2026-07-28 00:09:14,640 [INFO] [23/121] 반포한강공원 (primary=KEY_3)
2026-07-28 00:09:15,643 [INFO] [24/121] 보라매공원 (primary=KEY_4)
2026-07-28 00:09:16,813 [INFO] [25/121] 북서울꿈의숲 (primary=KEY_1)
2026-07-28 00:09:17,963 [INFO] [26/121] 서대문독립공원 (primary=KEY_2)
2026-07-28 00:09:19,000 [INFO] [27/121] 서리풀공원·몽마르뜨공원 (primary=KEY_3)
2026-07-28 00:09:20,170 [INFO] [28/121] 서울대공원 (primary=KEY_4)
2026-07-28 00:09:21,154 [INFO] [29/121] 서울숲공원 (primary=KEY_1)
2026-07-28 00:09:22,300 [INFO] [30/121] 송현녹지광장 (primary=KEY_2)
2026-07-28 00:09:23,436 [INFO] [31/121] 아차산 (primary=KEY_3)
2026-07-28 00:09:24,445 [INFO] [32/121] 안양천 (primary=KEY_4)
2026-07-28 00:09:25,441 [INFO] [33/121] 양화한강공원 (primary=KEY_1)
2026-07-28 00:09:26,442 [INFO] [34/121] 어린이대공원 (primary=KEY_2)
2026-07-28 00:09:27,585 [INFO] [35/121] 여의도한강공원 (primary=KEY_3)
2026-07-28 00:09:28,723 [INFO] [36/121] 여의서로 (primary=KEY_4)
2026-07-28 00:09:29,848 [INFO] [37/121] 올림픽공원 (primary=KEY_1)
2026-07-28 00:09:31,187 [INFO] [38/121] 월드컵공원 (primary=KEY_2)
2026-07-28 00:09:32,519 [INFO] [39/121] 응봉산 (primary=KEY_3)
2026-07-28 00:09:33,668 [INFO] [40/121] 이촌한강공원 (primary=KEY_4)
2026-07-28 00:09:34,652 [INFO] [41/121] 잠실종합운동장 (primary=KEY_1)
2026-07-28 00:09:35,662 [INFO] [42/121] 잠실한강공원 (primary=KEY_2)
2026-07-28 00:09:36,655 [INFO] [43/121] 잠원한강공원 (primary=KEY_3)
2026-07-28 00:09:37,656 [INFO] [44/121] 청계산 (primary=KEY_4)
2026-07-28 00:09:38,667 [INFO] [45/121] 홍제폭포 (primary=KEY_1)
2026-07-28 00:09:39,657 [INFO] [46/121] 가락시장 (primary=KEY_2)
2026-07-28 00:09:40,835 [INFO] [47/121] 가로수길 (primary=KEY_3)
2026-07-28 00:09:42,016 [INFO] [48/121] 광장(전통)시장 (primary=KEY_4)
2026-07-28 00:09:43,034 [INFO] [49/121] 김포공항 (primary=KEY_1)
2026-07-28 00:09:44,360 [INFO] [50/121] 남대문시장 (primary=KEY_2)
2026-07-28 00:09:45,517 [INFO] [51/121] 노량진 (primary=KEY_3)
2026-07-28 00:09:46,693 [INFO] [52/121] 덕수궁길·정동길 (primary=KEY_4)
2026-07-28 00:09:47,868 [INFO] [53/121] 북창동 먹자골목 (primary=KEY_1)
2026-07-28 00:09:49,010 [INFO] [54/121] 북촌한옥마을 (primary=KEY_2)
2026-07-28 00:09:50,295 [INFO] [55/121] 서촌 (primary=KEY_3)
2026-07-28 00:09:51,462 [INFO] [56/121] 성수카페거리 (primary=KEY_4)
2026-07-28 00:09:52,801 [INFO] [57/121] 송리단길·호수단길 (primary=KEY_1)
2026-07-28 00:09:53,992 [INFO] [58/121] 신촌 스타광장 (primary=KEY_2)
2026-07-28 00:09:55,027 [INFO] [59/121] 압구정로데오거리 (primary=KEY_3)
2026-07-28 00:09:56,197 [INFO] [60/121] 여의도 (primary=KEY_4)
2026-07-28 00:09:58,013 [INFO] [61/121] 연남동 (primary=KEY_1)
2026-07-28 00:09:59,171 [INFO] [62/121] 영등포 타임스퀘어 (primary=KEY_2)
2026-07-28 00:10:00,319 [INFO] [63/121] 용리단길 (primary=KEY_3)
2026-07-28 00:10:01,350 [INFO] [64/121] 이태원 앤틱가구거리 (primary=KEY_4)
2026-07-28 00:10:02,584 [INFO] [65/121] 익선동 (primary=KEY_1)
2026-07-28 00:10:03,817 [INFO] [66/121] 인사동 (primary=KEY_2)
2026-07-28 00:10:05,107 [INFO] [67/121] 잠실롯데타워·석촌호수 (primary=KEY_3)
2026-07-28 00:10:06,614 [INFO] [68/121] 창동 신경제 중심지 (primary=KEY_4)
2026-07-28 00:10:08,066 [INFO] [69/121] 청담동 명품거리 (primary=KEY_1)
2026-07-28 00:10:09,207 [INFO] [70/121] 청량리 제기동 일대 전통시장 (primary=KEY_2)
2026-07-28 00:10:10,389 [INFO] [71/121] 해방촌·경리단길 (primary=KEY_3)
2026-07-28 00:10:11,427 [INFO] [72/121] DDP(동대문디자인플라자) (primary=KEY_4)
2026-07-28 00:10:12,604 [INFO] [73/121] DMC(디지털미디어시티) (primary=KEY_1)
2026-07-28 00:10:14,097 [INFO] [74/121] 가산디지털단지역 (primary=KEY_2)
2026-07-28 00:10:15,703 [INFO] [75/121] 강남역 (primary=KEY_3)
2026-07-28 00:10:17,051 [INFO] [76/121] 건대입구역 (primary=KEY_4)
2026-07-28 00:10:18,925 [INFO] [77/121] 고덕역 (primary=KEY_1)
2026-07-28 00:10:20,698 [INFO] [78/121] 고속터미널역 (primary=KEY_2)
2026-07-28 00:10:22,422 [INFO] [79/121] 교대역 (primary=KEY_3)
2026-07-28 00:10:24,272 [INFO] [80/121] 구로디지털단지역 (primary=KEY_4)
2026-07-28 00:10:26,254 [INFO] [81/121] 구로역 (primary=KEY_1)
2026-07-28 00:10:27,403 [INFO] [82/121] 군자역 (primary=KEY_2)
2026-07-28 00:10:29,127 [INFO] [83/121] 대림역 (primary=KEY_3)
2026-07-28 00:10:30,292 [INFO] [84/121] 동대문역 (primary=KEY_4)
2026-07-28 00:10:31,441 [INFO] [85/121] 뚝섬역 (primary=KEY_1)
2026-07-28 00:10:32,601 [INFO] [86/121] 미아사거리역 (primary=KEY_2)
2026-07-28 00:10:34,448 [INFO] [87/121] 발산역 (primary=KEY_3)
2026-07-28 00:10:35,885 [INFO] [88/121] 사당역 (primary=KEY_4)
2026-07-28 00:10:37,035 [INFO] [89/121] 삼각지역 (primary=KEY_1)
2026-07-28 00:10:38,775 [INFO] [90/121] 서울대입구역 (primary=KEY_2)
2026-07-28 00:10:39,940 [INFO] [91/121] 서울식물원·마곡나루역 (primary=KEY_3)
2026-07-28 00:10:41,280 [INFO] [92/121] 서울역 (primary=KEY_4)
2026-07-28 00:10:42,481 [INFO] [93/121] 선릉역 (primary=KEY_1)
2026-07-28 00:10:48,699 [INFO] [94/121] 성신여대입구역 (primary=KEY_2)
2026-07-28 00:10:50,294 [INFO] [95/121] 수유역 (primary=KEY_3)
2026-07-28 00:10:51,463 [INFO] [96/121] 숭례문 (primary=KEY_4)
2026-07-28 00:10:52,762 [INFO] [97/121] 시의회 앞 (primary=KEY_1)
2026-07-28 00:10:53,951 [INFO] [98/121] 신논현역·논현역 (primary=KEY_2)
2026-07-28 00:10:55,123 [INFO] [99/121] 신도림역 (primary=KEY_3)
2026-07-28 00:10:56,146 [INFO] [100/121] 신림역 (primary=KEY_4)
2026-07-28 00:10:57,305 [INFO] [101/121] 신정네거리역 (primary=KEY_1)
2026-07-28 00:10:58,470 [INFO] [102/121] 신촌·이대역 (primary=KEY_2)
2026-07-28 00:10:59,616 [INFO] [103/121] 쌍문역 (primary=KEY_3)
2026-07-28 00:11:00,796 [INFO] [104/121] 양재역 (primary=KEY_4)
2026-07-28 00:11:01,957 [INFO] [105/121] 역삼역 (primary=KEY_1)
2026-07-28 00:11:03,263 [INFO] [106/121] 연신내역 (primary=KEY_2)
2026-07-28 00:11:04,306 [INFO] [107/121] 오목교역·목동운동장 (primary=KEY_3)
2026-07-28 00:11:05,909 [INFO] [108/121] 왕십리역 (primary=KEY_4)
2026-07-28 00:11:07,224 [INFO] [109/121] 용산역 (primary=KEY_1)
2026-07-28 00:11:08,516 [INFO] [110/121] 이태원역 (primary=KEY_2)
2026-07-28 00:11:09,587 [INFO] [111/121] 잠실새내역 (primary=KEY_3)
2026-07-28 00:11:10,740 [INFO] [112/121] 잠실역 (primary=KEY_4)
2026-07-28 00:11:12,048 [INFO] [113/121] 장지역 (primary=KEY_1)
2026-07-28 00:11:13,365 [INFO] [114/121] 장한평역 (primary=KEY_2)
2026-07-28 00:11:14,508 [INFO] [115/121] 천호역 (primary=KEY_3)
2026-07-28 00:11:15,797 [INFO] [116/121] 총신대입구(이수)역 (primary=KEY_4)
2026-07-28 00:11:16,957 [INFO] [117/121] 충정로역 (primary=KEY_1)
2026-07-28 00:11:18,134 [INFO] [118/121] 합정역 (primary=KEY_2)
2026-07-28 00:11:19,459 [INFO] [119/121] 혜화역 (primary=KEY_3)
2026-07-28 00:11:20,662 [INFO] [120/121] 홍대입구역(2호선) (primary=KEY_4)
2026-07-28 00:11:21,814 [INFO] [121/121] 회기역 (primary=KEY_1)
2026-07-28 00:11:23,445 [INFO] === 수집 완료 | 성공 121, 실패 0 ===
2026-07-28 00:11:23,445 [INFO] 카테고리별 저장 결과:
2026-07-28 00:11:23,445 [INFO]    accident                  | 신규     3행 | 누적      3행 | 16컬럼
2026-07-28 00:11:23,445 [INFO]    area_meta                 | 신규   121행 | 누적    121행 | 5컬럼
2026-07-28 00:11:23,446 [INFO]    bike                      | 신규    12행 | 누적     12행 | 12컬럼
2026-07-28 00:11:23,446 [INFO]    bike_sbike_stts           | 신규   571행 | 누적    571행 | 12컬럼
2026-07-28 00:11:23,446 [INFO]    bus                       | 신규     3행 | 누적      3행 | 11컬럼
2026-07-28 00:11:23,446 [INFO]    bus_bus_stn_stts          | 신규  1745행 | 누적   1745행 | 11컬럼
2026-07-28 00:11:23,446 [INFO]    charger                   | 신규     4행 | 누적      4행 | 15컬럼
2026-07-28 00:11:23,446 [INFO]    charger_charger_stts      | 신규  1919행 | 누적   1919행 | 15컬럼
2026-07-28 00:11:23,446 [INFO]    cmrcl                     | 신규    82행 | 누적     82행 | 20컬럼
2026-07-28 00:11:23,446 [INFO]    disaster                  | 신규    49행 | 누적     49행 | 9컬럼
2026-07-28 00:11:23,446 [INFO]    disaster_live_dst_message | 신규    22행 | 누적     22행 | 9컬럼
2026-07-28 00:11:23,446 [INFO]    events                    | 신규    13행 | 누적     13행 | 14컬럼
2026-07-28 00:11:23,446 [INFO]    events_event_stts         | 신규   132행 | 누적    132행 | 14컬럼
2026-07-28 00:11:23,446 [INFO]    parking                   | 신규     6행 | 누적      6행 | 21컬럼
2026-07-28 00:11:23,446 [INFO]    parking_prk_stts          | 신규  1834행 | 누적   1834행 | 21컬럼
2026-07-28 00:11:23,446 [INFO]    ppltn                     | 신규   121행 | 누적    121행 | 26컬럼
2026-07-28 00:11:23,446 [INFO]    road                      | 신규   121행 | 누적    121행 | 21컬럼
2026-07-28 00:11:23,446 [INFO]    road_road_traffic_stts    | 신규  5278행 | 누적   5278행 | 17컬럼
2026-07-28 00:11:23,446 [INFO]    subway                    | 신규    38행 | 누적     38행 | 12컬럼
2026-07-28 00:11:23,446 [INFO]    subway_sub_stts           | 신규   183행 | 누적    183행 | 13컬럼
2026-07-28 00:11:23,447 [INFO]    weather                   | 신규   119행 | 누적    119행 | 30컬럼
2026-07-28 00:11:23,447 [INFO] 키별 사용량:
2026-07-28 00:11:23,447 [INFO]    🟢 KEY_1 (31/1000) 
2026-07-28 00:11:23,447 [INFO]    🟢 KEY_2 (30/1000) 
2026-07-28 00:11:23,447 [INFO]    🟢 KEY_3 (30/1000) 
2026-07-28 00:11:23,447 [INFO]    🟢 KEY_4 (30/1000) 
2026-07-28 02:52:02,763 [INFO] 등록된 키: 4개, 합산 한도 4,000건/일
2026-07-28 02:52:02,764 [INFO] POI 로드: 매뉴얼 v8.5 기준 fallback 121개 (121개 전체)
2026-07-28 02:52:02,764 [INFO] === 수집 시작 2026-07-28T02:52:02.764664+09:00 ===
2026-07-28 02:52:02,764 [INFO] 대상 장소: 121개 | API: citydata (통합)
2026-07-28 02:52:02,764 [INFO] 키 풀: 4/4 활성 | 오늘 사용 0/4000건
2026-07-28 02:52:02,765 [INFO]   [KEY_1] 담당 31장소
2026-07-28 02:52:02,765 [INFO]   [KEY_2] 담당 30장소
2026-07-28 02:52:02,765 [INFO]   [KEY_3] 담당 30장소
2026-07-28 02:52:02,765 [INFO]   [KEY_4] 담당 30장소
2026-07-28 02:52:02,765 [INFO] [1/121] 경복궁 (primary=KEY_1)
2026-07-28 02:52:04,305 [INFO] [2/121] 광화문·덕수궁 (primary=KEY_2)
2026-07-28 02:52:06,213 [INFO] [3/121] 보신각 (primary=KEY_3)
2026-07-28 02:52:07,425 [INFO] [4/121] 서울 암사동 유적 (primary=KEY_4)
2026-07-28 02:52:08,888 [INFO] [5/121] 창덕궁·종묘 (primary=KEY_1)
2026-07-28 02:52:10,752 [INFO] [6/121] 강남 MICE 관광특구 (primary=KEY_2)
2026-07-28 02:52:11,860 [INFO] [7/121] 동대문 관광특구 (primary=KEY_3)
2026-07-28 02:52:13,151 [INFO] [8/121] 명동 관광특구 (primary=KEY_4)
2026-07-28 02:52:15,136 [INFO] [9/121] 이태원 관광특구 (primary=KEY_1)
2026-07-28 02:52:16,753 [INFO] [10/121] 잠실 관광특구 (primary=KEY_2)
2026-07-28 02:52:18,173 [INFO] [11/121] 종로·청계 관광특구 (primary=KEY_3)
2026-07-28 02:52:19,432 [INFO] [12/121] 홍대 관광특구 (primary=KEY_4)
2026-07-28 02:52:21,214 [INFO] [13/121] 강서한강공원 (primary=KEY_1)
2026-07-28 02:52:22,690 [INFO] [14/121] 고척돔 (primary=KEY_2)
2026-07-28 02:52:23,644 [INFO] [15/121] 광나루한강공원 (primary=KEY_3)
2026-07-28 02:52:24,720 [INFO] [16/121] 광화문광장 (primary=KEY_4)
2026-07-28 02:52:26,316 [INFO] [17/121] 국립중앙박물관·용산가족공원 (primary=KEY_1)
2026-07-28 02:52:28,373 [INFO] [18/121] 난지한강공원 (primary=KEY_2)
2026-07-28 02:52:29,320 [INFO] [19/121] 남산공원 (primary=KEY_3)
2026-07-28 02:52:31,082 [INFO] [20/121] 노들섬 (primary=KEY_4)
2026-07-28 02:52:32,029 [INFO] [21/121] 뚝섬한강공원 (primary=KEY_1)
2026-07-28 02:52:32,993 [INFO] [22/121] 망원한강공원 (primary=KEY_2)
2026-07-28 02:52:34,589 [INFO] [23/121] 반포한강공원 (primary=KEY_3)
2026-07-28 02:52:35,540 [INFO] [24/121] 보라매공원 (primary=KEY_4)
2026-07-28 02:52:36,512 [INFO] [25/121] 북서울꿈의숲 (primary=KEY_1)
2026-07-28 02:52:37,591 [INFO] [26/121] 서대문독립공원 (primary=KEY_2)
2026-07-28 02:52:38,581 [INFO] [27/121] 서리풀공원·몽마르뜨공원 (primary=KEY_3)
2026-07-28 02:52:39,568 [INFO] [28/121] 서울대공원 (primary=KEY_4)
2026-07-28 02:52:40,511 [INFO] [29/121] 서울숲공원 (primary=KEY_1)
2026-07-28 02:52:41,622 [INFO] [30/121] 송현녹지광장 (primary=KEY_2)
2026-07-28 02:52:42,755 [INFO] [31/121] 아차산 (primary=KEY_3)
2026-07-28 02:52:44,230 [INFO] [32/121] 안양천 (primary=KEY_4)
2026-07-28 02:52:45,194 [INFO] [33/121] 양화한강공원 (primary=KEY_1)
2026-07-28 02:52:46,151 [INFO] [34/121] 어린이대공원 (primary=KEY_2)
2026-07-28 02:52:47,764 [INFO] [35/121] 여의도한강공원 (primary=KEY_3)
2026-07-28 02:52:48,854 [INFO] [36/121] 여의서로 (primary=KEY_4)
2026-07-28 02:52:50,589 [INFO] [37/121] 올림픽공원 (primary=KEY_1)
2026-07-28 02:52:51,719 [INFO] [38/121] 월드컵공원 (primary=KEY_2)
2026-07-28 02:52:52,959 [INFO] [39/121] 응봉산 (primary=KEY_3)
2026-07-28 02:52:54,537 [INFO] [40/121] 이촌한강공원 (primary=KEY_4)
2026-07-28 02:52:55,486 [INFO] [41/121] 잠실종합운동장 (primary=KEY_1)
2026-07-28 02:52:56,460 [INFO] [42/121] 잠실한강공원 (primary=KEY_2)
2026-07-28 02:52:57,415 [INFO] [43/121] 잠원한강공원 (primary=KEY_3)
2026-07-28 02:52:58,363 [INFO] [44/121] 청계산 (primary=KEY_4)
2026-07-28 02:52:59,308 [INFO] [45/121] 홍제폭포 (primary=KEY_1)
2026-07-28 02:53:00,763 [INFO] [46/121] 가락시장 (primary=KEY_2)
2026-07-28 02:53:02,382 [INFO] [47/121] 가로수길 (primary=KEY_3)
2026-07-28 02:53:04,266 [INFO] [48/121] 광장(전통)시장 (primary=KEY_4)
2026-07-28 02:53:05,746 [INFO] [49/121] 김포공항 (primary=KEY_1)
2026-07-28 02:53:07,500 [INFO] [50/121] 남대문시장 (primary=KEY_2)
2026-07-28 02:53:08,600 [INFO] [51/121] 노량진 (primary=KEY_3)
2026-07-28 02:53:10,492 [INFO] [52/121] 덕수궁길·정동길 (primary=KEY_4)
2026-07-28 02:53:11,598 [INFO] [53/121] 북창동 먹자골목 (primary=KEY_1)
2026-07-28 02:53:12,683 [INFO] [54/121] 북촌한옥마을 (primary=KEY_2)
2026-07-28 02:53:14,689 [INFO] [55/121] 서촌 (primary=KEY_3)
2026-07-28 02:53:16,560 [INFO] [56/121] 성수카페거리 (primary=KEY_4)
2026-07-28 02:53:18,555 [INFO] [57/121] 송리단길·호수단길 (primary=KEY_1)
2026-07-28 02:53:20,312 [INFO] [58/121] 신촌 스타광장 (primary=KEY_2)
2026-07-28 02:53:21,803 [INFO] [59/121] 압구정로데오거리 (primary=KEY_3)
2026-07-28 02:53:22,916 [INFO] [60/121] 여의도 (primary=KEY_4)
2026-07-28 02:53:24,650 [INFO] [61/121] 연남동 (primary=KEY_1)
2026-07-28 02:53:25,754 [INFO] [62/121] 영등포 타임스퀘어 (primary=KEY_2)
2026-07-28 02:53:26,853 [INFO] [63/121] 용리단길 (primary=KEY_3)
2026-07-28 02:53:28,597 [INFO] [64/121] 이태원 앤틱가구거리 (primary=KEY_4)
2026-07-28 02:53:29,583 [INFO] [65/121] 익선동 (primary=KEY_1)
2026-07-28 02:53:31,465 [INFO] [66/121] 인사동 (primary=KEY_2)
2026-07-28 02:53:32,700 [INFO] [67/121] 잠실롯데타워·석촌호수 (primary=KEY_3)
2026-07-28 02:53:34,103 [INFO] [68/121] 창동 신경제 중심지 (primary=KEY_4)
2026-07-28 02:53:35,497 [INFO] [69/121] 청담동 명품거리 (primary=KEY_1)
2026-07-28 02:53:36,589 [INFO] [70/121] 청량리 제기동 일대 전통시장 (primary=KEY_2)
2026-07-28 02:53:37,696 [INFO] [71/121] 해방촌·경리단길 (primary=KEY_3)
2026-07-28 02:53:38,667 [INFO] [72/121] DDP(동대문디자인플라자) (primary=KEY_4)
2026-07-28 02:53:39,857 [INFO] [73/121] DMC(디지털미디어시티) (primary=KEY_1)
2026-07-28 02:53:41,897 [INFO] [74/121] 가산디지털단지역 (primary=KEY_2)
2026-07-28 02:53:43,406 [INFO] [75/121] 강남역 (primary=KEY_3)
2026-07-28 02:53:44,661 [INFO] [76/121] 건대입구역 (primary=KEY_4)
2026-07-28 02:53:45,780 [INFO] [77/121] 고덕역 (primary=KEY_1)
2026-07-28 02:53:46,871 [INFO] [78/121] 고속터미널역 (primary=KEY_2)
2026-07-28 02:53:47,987 [INFO] [79/121] 교대역 (primary=KEY_3)
2026-07-28 02:53:48,975 [INFO] [80/121] 구로디지털단지역 (primary=KEY_4)
2026-07-28 02:53:50,980 [INFO] [81/121] 구로역 (primary=KEY_1)
2026-07-28 02:53:52,060 [INFO] [82/121] 군자역 (primary=KEY_2)
2026-07-28 02:53:53,054 [INFO] [83/121] 대림역 (primary=KEY_3)
2026-07-28 02:53:54,169 [INFO] [84/121] 동대문역 (primary=KEY_4)
2026-07-28 02:53:55,286 [INFO] [85/121] 뚝섬역 (primary=KEY_1)
2026-07-28 02:53:56,396 [INFO] [86/121] 미아사거리역 (primary=KEY_2)
2026-07-28 02:53:57,500 [INFO] [87/121] 발산역 (primary=KEY_3)
2026-07-28 02:53:58,854 [INFO] [88/121] 사당역 (primary=KEY_4)
2026-07-28 02:53:59,957 [INFO] [89/121] 삼각지역 (primary=KEY_1)
2026-07-28 02:54:00,921 [INFO] [90/121] 서울대입구역 (primary=KEY_2)
2026-07-28 02:54:02,025 [INFO] [91/121] 서울식물원·마곡나루역 (primary=KEY_3)
2026-07-28 02:54:03,775 [INFO] [92/121] 서울역 (primary=KEY_4)
2026-07-28 02:54:04,921 [INFO] [93/121] 선릉역 (primary=KEY_1)
2026-07-28 02:54:06,304 [INFO] [94/121] 성신여대입구역 (primary=KEY_2)
2026-07-28 02:54:07,294 [INFO] [95/121] 수유역 (primary=KEY_3)
2026-07-28 02:54:08,392 [INFO] [96/121] 숭례문 (primary=KEY_4)
2026-07-28 02:54:09,641 [INFO] [97/121] 시의회 앞 (primary=KEY_1)
2026-07-28 02:54:10,814 [INFO] [98/121] 신논현역·논현역 (primary=KEY_2)
2026-07-28 02:54:11,946 [INFO] [99/121] 신도림역 (primary=KEY_3)
2026-07-28 02:54:13,423 [INFO] [100/121] 신림역 (primary=KEY_4)
2026-07-28 02:54:14,409 [INFO] [101/121] 신정네거리역 (primary=KEY_1)
2026-07-28 02:54:15,505 [INFO] [102/121] 신촌·이대역 (primary=KEY_2)
2026-07-28 02:54:16,643 [INFO] [103/121] 쌍문역 (primary=KEY_3)
2026-07-28 02:54:17,738 [INFO] [104/121] 양재역 (primary=KEY_4)
2026-07-28 02:54:18,834 [INFO] [105/121] 역삼역 (primary=KEY_1)
2026-07-28 02:54:20,078 [INFO] [106/121] 연신내역 (primary=KEY_2)
2026-07-28 02:54:21,834 [INFO] [107/121] 오목교역·목동운동장 (primary=KEY_3)
2026-07-28 02:54:23,337 [INFO] [108/121] 왕십리역 (primary=KEY_4)
2026-07-28 02:54:24,455 [INFO] [109/121] 용산역 (primary=KEY_1)
2026-07-28 02:54:25,696 [INFO] [110/121] 이태원역 (primary=KEY_2)
2026-07-28 02:54:26,669 [INFO] [111/121] 잠실새내역 (primary=KEY_3)
2026-07-28 02:54:27,799 [INFO] [112/121] 잠실역 (primary=KEY_4)
2026-07-28 02:54:29,043 [INFO] [113/121] 장지역 (primary=KEY_1)
2026-07-28 02:54:30,332 [INFO] [114/121] 장한평역 (primary=KEY_2)
2026-07-28 02:54:31,447 [INFO] [115/121] 천호역 (primary=KEY_3)
2026-07-28 02:54:32,575 [INFO] [116/121] 총신대입구(이수)역 (primary=KEY_4)
2026-07-28 02:54:33,682 [INFO] [117/121] 충정로역 (primary=KEY_1)
2026-07-28 02:54:34,796 [INFO] [118/121] 합정역 (primary=KEY_2)
2026-07-28 02:54:35,929 [INFO] [119/121] 혜화역 (primary=KEY_3)
2026-07-28 02:54:37,033 [INFO] [120/121] 홍대입구역(2호선) (primary=KEY_4)
2026-07-28 02:54:38,149 [INFO] [121/121] 회기역 (primary=KEY_1)
2026-07-28 02:54:40,081 [INFO] === 수집 완료 | 성공 121, 실패 0 ===
2026-07-28 02:54:40,081 [INFO] 카테고리별 저장 결과:
2026-07-28 02:54:40,081 [INFO]    accident                  | 신규     3행 | 누적      6행 | 16컬럼
2026-07-28 02:54:40,081 [INFO]    area_meta                 | 신규   121행 | 누적    242행 | 5컬럼
2026-07-28 02:54:40,081 [INFO]    bike                      | 신규    12행 | 누적     24행 | 12컬럼
2026-07-28 02:54:40,081 [INFO]    bike_sbike_stts           | 신규   571행 | 누적   1142행 | 12컬럼
2026-07-28 02:54:40,081 [INFO]    bus                       | 신규     3행 | 누적      6행 | 11컬럼
2026-07-28 02:54:40,082 [INFO]    bus_bus_stn_stts          | 신규  1745행 | 누적   3490행 | 11컬럼
2026-07-28 02:54:40,082 [INFO]    charger                   | 신규     4행 | 누적      8행 | 15컬럼
2026-07-28 02:54:40,082 [INFO]    charger_charger_stts      | 신규  1919행 | 누적   3812행 | 15컬럼
2026-07-28 02:54:40,082 [INFO]    cmrcl                     | 신규    82행 | 누적    164행 | 20컬럼
2026-07-28 02:54:40,082 [INFO]    events                    | 신규    13행 | 누적     26행 | 14컬럼
2026-07-28 02:54:40,082 [INFO]    events_event_stts         | 신규   132행 | 누적    264행 | 14컬럼
2026-07-28 02:54:40,082 [INFO]    parking                   | 신규     6행 | 누적     12행 | 21컬럼
2026-07-28 02:54:40,082 [INFO]    parking_prk_stts          | 신규  1834행 | 누적   3668행 | 21컬럼
2026-07-28 02:54:40,082 [INFO]    ppltn                     | 신규   121행 | 누적    242행 | 26컬럼
2026-07-28 02:54:40,082 [INFO]    road                      | 신규   121행 | 누적    242행 | 21컬럼
2026-07-28 02:54:40,082 [INFO]    road_road_traffic_stts    | 신규  5278행 | 누적  10556행 | 17컬럼
2026-07-28 02:54:40,082 [INFO]    subway                    | 신규    38행 | 누적     76행 | 12컬럼
2026-07-28 02:54:40,082 [INFO]    subway_sub_stts           | 신규   183행 | 누적    366행 | 13컬럼
2026-07-28 02:54:40,082 [INFO]    weather                   | 신규   119행 | 누적    238행 | 30컬럼
2026-07-28 02:54:40,082 [INFO] 키별 사용량:
2026-07-28 02:54:40,082 [INFO]    🟢 KEY_1 (31/1000) 
2026-07-28 02:54:40,082 [INFO]    🟢 KEY_2 (30/1000) 
2026-07-28 02:54:40,082 [INFO]    🟢 KEY_3 (30/1000) 
2026-07-28 02:54:40,082 [INFO]    🟢 KEY_4 (30/1000) 
2026-07-28 04:49:20,400 [INFO] 등록된 키: 4개, 합산 한도 4,000건/일
2026-07-28 04:49:20,401 [INFO] POI 로드: 매뉴얼 v8.5 기준 fallback 121개 (121개 전체)
2026-07-28 04:49:20,401 [INFO] === 수집 시작 2026-07-28T04:49:20.401395+09:00 ===
2026-07-28 04:49:20,401 [INFO] 대상 장소: 121개 | API: citydata (통합)
2026-07-28 04:49:20,401 [INFO] 키 풀: 4/4 활성 | 오늘 사용 0/4000건
2026-07-28 04:49:20,401 [INFO]   [KEY_1] 담당 31장소
2026-07-28 04:49:20,401 [INFO]   [KEY_2] 담당 30장소
2026-07-28 04:49:20,401 [INFO]   [KEY_3] 담당 30장소
2026-07-28 04:49:20,401 [INFO]   [KEY_4] 담당 30장소
2026-07-28 04:49:20,401 [INFO] [1/121] 경복궁 (primary=KEY_1)
2026-07-28 04:49:21,551 [INFO] [2/121] 광화문·덕수궁 (primary=KEY_2)
2026-07-28 04:49:23,116 [INFO] [3/121] 보신각 (primary=KEY_3)
2026-07-28 04:49:24,391 [INFO] [4/121] 서울 암사동 유적 (primary=KEY_4)
2026-07-28 04:49:25,495 [INFO] [5/121] 창덕궁·종묘 (primary=KEY_1)
2026-07-28 04:49:26,624 [INFO] [6/121] 강남 MICE 관광특구 (primary=KEY_2)
2026-07-28 04:49:27,758 [INFO] [7/121] 동대문 관광특구 (primary=KEY_3)
2026-07-28 04:49:29,199 [INFO] [8/121] 명동 관광특구 (primary=KEY_4)
2026-07-28 04:49:30,663 [INFO] [9/121] 이태원 관광특구 (primary=KEY_1)
2026-07-28 04:49:31,816 [INFO] [10/121] 잠실 관광특구 (primary=KEY_2)
2026-07-28 04:49:33,404 [INFO] [11/121] 종로·청계 관광특구 (primary=KEY_3)
2026-07-28 04:49:34,726 [INFO] [12/121] 홍대 관광특구 (primary=KEY_4)
2026-07-28 04:49:36,046 [INFO] [13/121] 강서한강공원 (primary=KEY_1)
2026-07-28 04:49:37,013 [INFO] [14/121] 고척돔 (primary=KEY_2)
2026-07-28 04:49:37,985 [INFO] [15/121] 광나루한강공원 (primary=KEY_3)
2026-07-28 04:49:39,103 [INFO] [16/121] 광화문광장 (primary=KEY_4)
2026-07-28 04:49:40,252 [INFO] [17/121] 국립중앙박물관·용산가족공원 (primary=KEY_1)
2026-07-28 04:49:41,359 [INFO] [18/121] 난지한강공원 (primary=KEY_2)
2026-07-28 04:49:42,350 [INFO] [19/121] 남산공원 (primary=KEY_3)
2026-07-28 04:49:43,656 [INFO] [20/121] 노들섬 (primary=KEY_4)
2026-07-28 04:49:44,769 [INFO] [21/121] 뚝섬한강공원 (primary=KEY_1)
2026-07-28 04:49:46,436 [INFO] [22/121] 망원한강공원 (primary=KEY_2)
2026-07-28 04:49:47,819 [INFO] [23/121] 반포한강공원 (primary=KEY_3)
2026-07-28 04:49:48,790 [INFO] [24/121] 보라매공원 (primary=KEY_4)
2026-07-28 04:49:49,908 [INFO] [25/121] 북서울꿈의숲 (primary=KEY_1)
2026-07-28 04:49:51,009 [INFO] [26/121] 서대문독립공원 (primary=KEY_2)
2026-07-28 04:49:52,011 [INFO] [27/121] 서리풀공원·몽마르뜨공원 (primary=KEY_3)
2026-07-28 04:49:53,031 [INFO] [28/121] 서울대공원 (primary=KEY_4)
2026-07-28 04:49:53,992 [INFO] [29/121] 서울숲공원 (primary=KEY_1)
2026-07-28 04:49:55,117 [INFO] [30/121] 송현녹지광장 (primary=KEY_2)
2026-07-28 04:49:56,220 [INFO] [31/121] 아차산 (primary=KEY_3)
2026-07-28 04:49:57,309 [INFO] [32/121] 안양천 (primary=KEY_4)
2026-07-28 04:49:58,405 [INFO] [33/121] 양화한강공원 (primary=KEY_1)
2026-07-28 04:49:59,363 [INFO] [34/121] 어린이대공원 (primary=KEY_2)
2026-07-28 04:50:00,480 [INFO] [35/121] 여의도한강공원 (primary=KEY_3)
2026-07-28 04:50:01,634 [INFO] [36/121] 여의서로 (primary=KEY_4)
2026-07-28 04:50:02,729 [INFO] [37/121] 올림픽공원 (primary=KEY_1)
2026-07-28 04:50:03,861 [INFO] [38/121] 월드컵공원 (primary=KEY_2)
2026-07-28 04:50:05,131 [INFO] [39/121] 응봉산 (primary=KEY_3)
2026-07-28 04:50:06,229 [INFO] [40/121] 이촌한강공원 (primary=KEY_4)
2026-07-28 04:50:07,181 [INFO] [41/121] 잠실종합운동장 (primary=KEY_1)
2026-07-28 04:50:08,181 [INFO] [42/121] 잠실한강공원 (primary=KEY_2)
2026-07-28 04:50:09,157 [INFO] [43/121] 잠원한강공원 (primary=KEY_3)
2026-07-28 04:50:10,111 [INFO] [44/121] 청계산 (primary=KEY_4)
2026-07-28 04:50:11,057 [INFO] [45/121] 홍제폭포 (primary=KEY_1)
2026-07-28 04:50:12,015 [INFO] [46/121] 가락시장 (primary=KEY_2)
2026-07-28 04:50:13,146 [INFO] [47/121] 가로수길 (primary=KEY_3)
2026-07-28 04:50:14,266 [INFO] [48/121] 광장(전통)시장 (primary=KEY_4)
2026-07-28 04:50:15,245 [INFO] [49/121] 김포공항 (primary=KEY_1)
2026-07-28 04:50:16,522 [INFO] [50/121] 남대문시장 (primary=KEY_2)
2026-07-28 04:50:17,765 [INFO] [51/121] 노량진 (primary=KEY_3)
2026-07-28 04:50:18,886 [INFO] [52/121] 덕수궁길·정동길 (primary=KEY_4)
2026-07-28 04:50:20,018 [INFO] [53/121] 북창동 먹자골목 (primary=KEY_1)
2026-07-28 04:50:21,128 [INFO] [54/121] 북촌한옥마을 (primary=KEY_2)
2026-07-28 04:50:22,384 [INFO] [55/121] 서촌 (primary=KEY_3)
2026-07-28 04:50:23,624 [INFO] [56/121] 성수카페거리 (primary=KEY_4)
2026-07-28 04:50:24,876 [INFO] [57/121] 송리단길·호수단길 (primary=KEY_1)
2026-07-28 04:50:26,007 [INFO] [58/121] 신촌 스타광장 (primary=KEY_2)
2026-07-28 04:50:26,994 [INFO] [59/121] 압구정로데오거리 (primary=KEY_3)
2026-07-28 04:50:28,099 [INFO] [60/121] 여의도 (primary=KEY_4)
2026-07-28 04:50:29,841 [INFO] [61/121] 연남동 (primary=KEY_1)
2026-07-28 04:50:30,954 [INFO] [62/121] 영등포 타임스퀘어 (primary=KEY_2)
2026-07-28 04:50:32,066 [INFO] [63/121] 용리단길 (primary=KEY_3)
2026-07-28 04:50:33,073 [INFO] [64/121] 이태원 앤틱가구거리 (primary=KEY_4)
2026-07-28 04:50:34,065 [INFO] [65/121] 익선동 (primary=KEY_1)
2026-07-28 04:50:35,184 [INFO] [66/121] 인사동 (primary=KEY_2)
2026-07-28 04:50:36,461 [INFO] [67/121] 잠실롯데타워·석촌호수 (primary=KEY_3)
2026-07-28 04:50:37,900 [INFO] [68/121] 창동 신경제 중심지 (primary=KEY_4)
2026-07-28 04:50:39,183 [INFO] [69/121] 청담동 명품거리 (primary=KEY_1)
2026-07-28 04:50:40,327 [INFO] [70/121] 청량리 제기동 일대 전통시장 (primary=KEY_2)
2026-07-28 04:50:41,495 [INFO] [71/121] 해방촌·경리단길 (primary=KEY_3)
2026-07-28 04:50:42,485 [INFO] [72/121] DDP(동대문디자인플라자) (primary=KEY_4)
2026-07-28 04:50:43,674 [INFO] [73/121] DMC(디지털미디어시티) (primary=KEY_1)
2026-07-28 04:50:45,099 [INFO] [74/121] 가산디지털단지역 (primary=KEY_2)
2026-07-28 04:50:46,646 [INFO] [75/121] 강남역 (primary=KEY_3)
2026-07-28 04:50:47,951 [INFO] [76/121] 건대입구역 (primary=KEY_4)
2026-07-28 04:50:49,086 [INFO] [77/121] 고덕역 (primary=KEY_1)
2026-07-28 04:50:50,215 [INFO] [78/121] 고속터미널역 (primary=KEY_2)
2026-07-28 04:50:51,347 [INFO] [79/121] 교대역 (primary=KEY_3)
2026-07-28 04:50:52,332 [INFO] [80/121] 구로디지털단지역 (primary=KEY_4)
2026-07-28 04:50:53,721 [INFO] [81/121] 구로역 (primary=KEY_1)
2026-07-28 04:50:54,822 [INFO] [82/121] 군자역 (primary=KEY_2)
2026-07-28 04:50:55,929 [INFO] [83/121] 대림역 (primary=KEY_3)
2026-07-28 04:50:57,071 [INFO] [84/121] 동대문역 (primary=KEY_4)
2026-07-28 04:50:59,325 [INFO] [85/121] 뚝섬역 (primary=KEY_1)
2026-07-28 04:51:00,453 [INFO] [86/121] 미아사거리역 (primary=KEY_2)
2026-07-28 04:51:01,573 [INFO] [87/121] 발산역 (primary=KEY_3)
2026-07-28 04:51:02,961 [INFO] [88/121] 사당역 (primary=KEY_4)
2026-07-28 04:51:04,083 [INFO] [89/121] 삼각지역 (primary=KEY_1)
2026-07-28 04:51:05,061 [INFO] [90/121] 서울대입구역 (primary=KEY_2)
2026-07-28 04:51:06,169 [INFO] [91/121] 서울식물원·마곡나루역 (primary=KEY_3)
2026-07-28 04:51:07,423 [INFO] [92/121] 서울역 (primary=KEY_4)
2026-07-28 04:51:08,594 [INFO] [93/121] 선릉역 (primary=KEY_1)
2026-07-28 04:51:09,990 [INFO] [94/121] 성신여대입구역 (primary=KEY_2)
2026-07-28 04:51:11,000 [INFO] [95/121] 수유역 (primary=KEY_3)
2026-07-28 04:51:12,119 [INFO] [96/121] 숭례문 (primary=KEY_4)
2026-07-28 04:51:13,361 [INFO] [97/121] 시의회 앞 (primary=KEY_1)
2026-07-28 04:51:14,473 [INFO] [98/121] 신논현역·논현역 (primary=KEY_2)
2026-07-28 04:51:15,607 [INFO] [99/121] 신도림역 (primary=KEY_3)
2026-07-28 04:51:16,583 [INFO] [100/121] 신림역 (primary=KEY_4)
2026-07-28 04:51:17,574 [INFO] [101/121] 신정네거리역 (primary=KEY_1)
2026-07-28 04:51:18,680 [INFO] [102/121] 신촌·이대역 (primary=KEY_2)
2026-07-28 04:51:19,796 [INFO] [103/121] 쌍문역 (primary=KEY_3)
2026-07-28 04:51:20,908 [INFO] [104/121] 양재역 (primary=KEY_4)
2026-07-28 04:51:22,024 [INFO] [105/121] 역삼역 (primary=KEY_1)
2026-07-28 04:51:23,265 [INFO] [106/121] 연신내역 (primary=KEY_2)
2026-07-28 04:51:24,273 [INFO] [107/121] 오목교역·목동운동장 (primary=KEY_3)
2026-07-28 04:51:25,796 [INFO] [108/121] 왕십리역 (primary=KEY_4)
2026-07-28 04:51:26,938 [INFO] [109/121] 용산역 (primary=KEY_1)
2026-07-28 04:51:28,189 [INFO] [110/121] 이태원역 (primary=KEY_2)
2026-07-28 04:51:29,187 [INFO] [111/121] 잠실새내역 (primary=KEY_3)
2026-07-28 04:51:30,296 [INFO] [112/121] 잠실역 (primary=KEY_4)
2026-07-28 04:51:31,628 [INFO] [113/121] 장지역 (primary=KEY_1)
2026-07-28 04:51:32,897 [INFO] [114/121] 장한평역 (primary=KEY_2)
2026-07-28 04:51:34,026 [INFO] [115/121] 천호역 (primary=KEY_3)
2026-07-28 04:51:35,146 [INFO] [116/121] 총신대입구(이수)역 (primary=KEY_4)
2026-07-28 04:51:36,275 [INFO] [117/121] 충정로역 (primary=KEY_1)
2026-07-28 04:51:37,390 [INFO] [118/121] 합정역 (primary=KEY_2)
2026-07-28 04:51:38,529 [INFO] [119/121] 혜화역 (primary=KEY_3)
2026-07-28 04:51:39,651 [INFO] [120/121] 홍대입구역(2호선) (primary=KEY_4)
2026-07-28 04:51:40,791 [INFO] [121/121] 회기역 (primary=KEY_1)
2026-07-28 04:51:42,926 [INFO] === 수집 완료 | 성공 121, 실패 0 ===
2026-07-28 04:51:42,926 [INFO] 카테고리별 저장 결과:
2026-07-28 04:51:42,926 [INFO]    accident                  | 신규     3행 | 누적      9행 | 16컬럼
2026-07-28 04:51:42,926 [INFO]    area_meta                 | 신규   121행 | 누적    363행 | 5컬럼
2026-07-28 04:51:42,926 [INFO]    bike                      | 신규    12행 | 누적     36행 | 12컬럼
2026-07-28 04:51:42,926 [INFO]    bike_sbike_stts           | 신규   571행 | 누적   1713행 | 12컬럼
2026-07-28 04:51:42,926 [INFO]    bus                       | 신규     3행 | 누적      9행 | 11컬럼
2026-07-28 04:51:42,926 [INFO]    bus_bus_stn_stts          | 신규  1745행 | 누적   5235행 | 11컬럼
2026-07-28 04:51:42,926 [INFO]    charger                   | 신규     4행 | 누적     12행 | 15컬럼
2026-07-28 04:51:42,926 [INFO]    charger_charger_stts      | 신규  1919행 | 누적   5718행 | 15컬럼
2026-07-28 04:51:42,926 [INFO]    cmrcl                     | 신규    82행 | 누적    246행 | 20컬럼
2026-07-28 04:51:42,926 [INFO]    events                    | 신규    13행 | 누적     39행 | 14컬럼
2026-07-28 04:51:42,926 [INFO]    events_event_stts         | 신규   132행 | 누적    396행 | 14컬럼
2026-07-28 04:51:42,927 [INFO]    parking                   | 신규     6행 | 누적     18행 | 21컬럼
2026-07-28 04:51:42,927 [INFO]    parking_prk_stts          | 신규  1834행 | 누적   5502행 | 21컬럼
2026-07-28 04:51:42,927 [INFO]    ppltn                     | 신규   121행 | 누적    363행 | 26컬럼
2026-07-28 04:51:42,927 [INFO]    road                      | 신규   121행 | 누적    363행 | 21컬럼
2026-07-28 04:51:42,927 [INFO]    road_road_traffic_stts    | 신규  5278행 | 누적  15834행 | 17컬럼
2026-07-28 04:51:42,927 [INFO]    subway                    | 신규    38행 | 누적    114행 | 13컬럼
2026-07-28 04:51:42,927 [INFO]    subway_sub_stts           | 신규   183행 | 누적    549행 | 13컬럼
2026-07-28 04:51:42,927 [INFO]    weather                   | 신규   119행 | 누적    357행 | 30컬럼
2026-07-28 04:51:42,927 [INFO] 키별 사용량:
2026-07-28 04:51:42,927 [INFO]    🟢 KEY_1 (31/1000) 
2026-07-28 04:51:42,927 [INFO]    🟢 KEY_2 (30/1000) 
2026-07-28 04:51:42,927 [INFO]    🟢 KEY_3 (30/1000) 
2026-07-28 04:51:42,927 [INFO]    🟢 KEY_4 (30/1000) 
2026-07-28 06:21:32,184 [INFO] 등록된 키: 4개, 합산 한도 4,000건/일
2026-07-28 06:21:32,185 [INFO] POI 로드: 매뉴얼 v8.5 기준 fallback 121개 (121개 전체)
2026-07-28 06:21:32,185 [INFO] === 수집 시작 2026-07-28T06:21:32.185641+09:00 ===
2026-07-28 06:21:32,185 [INFO] 대상 장소: 121개 | API: citydata (통합)
2026-07-28 06:21:32,185 [INFO] 키 풀: 4/4 활성 | 오늘 사용 0/4000건
2026-07-28 06:21:32,185 [INFO]   [KEY_1] 담당 31장소
2026-07-28 06:21:32,186 [INFO]   [KEY_2] 담당 30장소
2026-07-28 06:21:32,186 [INFO]   [KEY_3] 담당 30장소
2026-07-28 06:21:32,186 [INFO]   [KEY_4] 담당 30장소
2026-07-28 06:21:32,186 [INFO] [1/121] 경복궁 (primary=KEY_1)
2026-07-28 06:21:33,968 [INFO] [2/121] 광화문·덕수궁 (primary=KEY_2)
2026-07-28 06:21:35,456 [INFO] [3/121] 보신각 (primary=KEY_3)
2026-07-28 06:21:37,238 [INFO] [4/121] 서울 암사동 유적 (primary=KEY_4)
2026-07-28 06:21:39,005 [INFO] [5/121] 창덕궁·종묘 (primary=KEY_1)
2026-07-28 06:21:40,159 [INFO] [6/121] 강남 MICE 관광특구 (primary=KEY_2)
2026-07-28 06:21:41,339 [INFO] [7/121] 동대문 관광특구 (primary=KEY_3)
2026-07-28 06:21:42,860 [INFO] [8/121] 명동 관광특구 (primary=KEY_4)
2026-07-28 06:21:44,426 [INFO] [9/121] 이태원 관광특구 (primary=KEY_1)
2026-07-28 06:21:45,614 [INFO] [10/121] 잠실 관광특구 (primary=KEY_2)
2026-07-28 06:21:47,732 [INFO] [11/121] 종로·청계 관광특구 (primary=KEY_3)
2026-07-28 06:21:49,100 [INFO] [12/121] 홍대 관광특구 (primary=KEY_4)
2026-07-28 06:21:51,113 [INFO] [13/121] 강서한강공원 (primary=KEY_1)
2026-07-28 06:21:52,717 [INFO] [14/121] 고척돔 (primary=KEY_2)
2026-07-28 06:21:54,320 [INFO] [15/121] 광나루한강공원 (primary=KEY_3)
2026-07-28 06:21:56,073 [INFO] [16/121] 광화문광장 (primary=KEY_4)
2026-07-28 06:21:57,246 [INFO] [17/121] 국립중앙박물관·용산가족공원 (primary=KEY_1)
2026-07-28 06:21:58,275 [INFO] [18/121] 난지한강공원 (primary=KEY_2)
2026-07-28 06:21:59,870 [INFO] [19/121] 남산공원 (primary=KEY_3)
2026-07-28 06:22:01,224 [INFO] [20/121] 노들섬 (primary=KEY_4)
2026-07-28 06:22:02,220 [INFO] [21/121] 뚝섬한강공원 (primary=KEY_1)
2026-07-28 06:22:03,228 [INFO] [22/121] 망원한강공원 (primary=KEY_2)
2026-07-28 06:22:05,262 [INFO] [23/121] 반포한강공원 (primary=KEY_3)
2026-07-28 06:22:06,259 [INFO] [24/121] 보라매공원 (primary=KEY_4)
2026-07-28 06:22:07,292 [INFO] [25/121] 북서울꿈의숲 (primary=KEY_1)
2026-07-28 06:22:08,439 [INFO] [26/121] 서대문독립공원 (primary=KEY_2)
2026-07-28 06:22:10,072 [INFO] [27/121] 서리풀공원·몽마르뜨공원 (primary=KEY_3)
2026-07-28 06:22:12,142 [INFO] [28/121] 서울대공원 (primary=KEY_4)
2026-07-28 06:22:13,738 [INFO] [29/121] 서울숲공원 (primary=KEY_1)
2026-07-28 06:22:15,498 [INFO] [30/121] 송현녹지광장 (primary=KEY_2)
2026-07-28 06:22:17,263 [INFO] [31/121] 아차산 (primary=KEY_3)
2026-07-28 06:22:19,153 [INFO] [32/121] 안양천 (primary=KEY_4)
2026-07-28 06:22:20,747 [INFO] [33/121] 양화한강공원 (primary=KEY_1)
2026-07-28 06:22:22,348 [INFO] [34/121] 어린이대공원 (primary=KEY_2)
2026-07-28 06:22:24,123 [INFO] [35/121] 여의도한강공원 (primary=KEY_3)
2026-07-28 06:22:25,293 [INFO] [36/121] 여의서로 (primary=KEY_4)
2026-07-28 06:22:27,174 [INFO] [37/121] 올림픽공원 (primary=KEY_1)
2026-07-28 06:22:28,523 [INFO] [38/121] 월드컵공원 (primary=KEY_2)
2026-07-28 06:22:29,859 [INFO] [39/121] 응봉산 (primary=KEY_3)
2026-07-28 06:22:31,607 [INFO] [40/121] 이촌한강공원 (primary=KEY_4)
2026-07-28 06:22:32,677 [INFO] [41/121] 잠실종합운동장 (primary=KEY_1)
2026-07-28 06:22:33,696 [INFO] [42/121] 잠실한강공원 (primary=KEY_2)
2026-07-28 06:22:34,721 [INFO] [43/121] 잠원한강공원 (primary=KEY_3)
2026-07-28 06:22:35,735 [INFO] [44/121] 청계산 (primary=KEY_4)
2026-07-28 06:22:36,739 [INFO] [45/121] 홍제폭포 (primary=KEY_1)
2026-07-28 06:22:38,341 [INFO] [46/121] 가락시장 (primary=KEY_2)
2026-07-28 06:22:39,568 [INFO] [47/121] 가로수길 (primary=KEY_3)
2026-07-28 06:22:40,767 [INFO] [48/121] 광장(전통)시장 (primary=KEY_4)
2026-07-28 06:22:41,805 [INFO] [49/121] 김포공항 (primary=KEY_1)
2026-07-28 06:22:43,149 [INFO] [50/121] 남대문시장 (primary=KEY_2)
2026-07-28 06:22:44,325 [INFO] [51/121] 노량진 (primary=KEY_3)
2026-07-28 06:22:45,517 [INFO] [52/121] 덕수궁길·정동길 (primary=KEY_4)
2026-07-28 06:22:46,733 [INFO] [53/121] 북창동 먹자골목 (primary=KEY_1)
2026-07-28 06:22:47,895 [INFO] [54/121] 북촌한옥마을 (primary=KEY_2)
2026-07-28 06:22:49,226 [INFO] [55/121] 서촌 (primary=KEY_3)
2026-07-28 06:22:50,987 [INFO] [56/121] 성수카페거리 (primary=KEY_4)
2026-07-28 06:22:52,917 [INFO] [57/121] 송리단길·호수단길 (primary=KEY_1)
2026-07-28 06:22:54,151 [INFO] [58/121] 신촌 스타광장 (primary=KEY_2)
2026-07-28 06:22:55,173 [INFO] [59/121] 압구정로데오거리 (primary=KEY_3)
2026-07-28 06:22:56,947 [INFO] [60/121] 여의도 (primary=KEY_4)
2026-07-28 06:22:58,812 [INFO] [61/121] 연남동 (primary=KEY_1)
2026-07-28 06:22:59,985 [INFO] [62/121] 영등포 타임스퀘어 (primary=KEY_2)
2026-07-28 06:23:01,143 [INFO] [63/121] 용리단길 (primary=KEY_3)
2026-07-28 06:23:02,201 [INFO] [64/121] 이태원 앤틱가구거리 (primary=KEY_4)
2026-07-28 06:23:03,372 [INFO] [65/121] 익선동 (primary=KEY_1)
2026-07-28 06:23:04,575 [INFO] [66/121] 인사동 (primary=KEY_2)
2026-07-28 06:23:05,919 [INFO] [67/121] 잠실롯데타워·석촌호수 (primary=KEY_3)
2026-07-28 06:23:07,419 [INFO] [68/121] 창동 신경제 중심지 (primary=KEY_4)
2026-07-28 06:23:08,906 [INFO] [69/121] 청담동 명품거리 (primary=KEY_1)
2026-07-28 06:23:10,082 [INFO] [70/121] 청량리 제기동 일대 전통시장 (primary=KEY_2)
2026-07-28 06:23:11,272 [INFO] [71/121] 해방촌·경리단길 (primary=KEY_3)
2026-07-28 06:23:12,300 [INFO] [72/121] DDP(동대문디자인플라자) (primary=KEY_4)
2026-07-28 06:23:13,536 [INFO] [73/121] DMC(디지털미디어시티) (primary=KEY_1)
2026-07-28 06:23:15,075 [INFO] [74/121] 가산디지털단지역 (primary=KEY_2)
2026-07-28 06:23:16,710 [INFO] [75/121] 강남역 (primary=KEY_3)
2026-07-28 06:23:18,066 [INFO] [76/121] 건대입구역 (primary=KEY_4)
2026-07-28 06:23:19,272 [INFO] [77/121] 고덕역 (primary=KEY_1)
2026-07-28 06:23:20,437 [INFO] [78/121] 고속터미널역 (primary=KEY_2)
2026-07-28 06:23:22,240 [INFO] [79/121] 교대역 (primary=KEY_3)
2026-07-28 06:23:23,422 [INFO] [80/121] 구로디지털단지역 (primary=KEY_4)
2026-07-28 06:23:24,894 [INFO] [81/121] 구로역 (primary=KEY_1)
2026-07-28 06:23:26,051 [INFO] [82/121] 군자역 (primary=KEY_2)
2026-07-28 06:23:27,231 [INFO] [83/121] 대림역 (primary=KEY_3)
2026-07-28 06:23:28,458 [INFO] [84/121] 동대문역 (primary=KEY_4)
2026-07-28 06:23:29,647 [INFO] [85/121] 뚝섬역 (primary=KEY_1)
2026-07-28 06:23:30,834 [INFO] [86/121] 미아사거리역 (primary=KEY_2)
2026-07-28 06:23:32,011 [INFO] [87/121] 발산역 (primary=KEY_3)
2026-07-28 06:23:33,494 [INFO] [88/121] 사당역 (primary=KEY_4)
2026-07-28 06:23:34,670 [INFO] [89/121] 삼각지역 (primary=KEY_1)
2026-07-28 06:23:36,445 [INFO] [90/121] 서울대입구역 (primary=KEY_2)
2026-07-28 06:23:37,620 [INFO] [91/121] 서울식물원·마곡나루역 (primary=KEY_3)
2026-07-28 06:23:38,960 [INFO] [92/121] 서울역 (primary=KEY_4)
2026-07-28 06:23:40,344 [INFO] [93/121] 선릉역 (primary=KEY_1)
2026-07-28 06:23:41,855 [INFO] [94/121] 성신여대입구역 (primary=KEY_2)
2026-07-28 06:23:42,906 [INFO] [95/121] 수유역 (primary=KEY_3)
2026-07-28 06:23:44,075 [INFO] [96/121] 숭례문 (primary=KEY_4)
2026-07-28 06:23:45,425 [INFO] [97/121] 시의회 앞 (primary=KEY_1)
2026-07-28 06:23:46,620 [INFO] [98/121] 신논현역·논현역 (primary=KEY_2)
2026-07-28 06:23:47,815 [INFO] [99/121] 신도림역 (primary=KEY_3)
2026-07-28 06:23:48,832 [INFO] [100/121] 신림역 (primary=KEY_4)
2026-07-28 06:23:49,996 [INFO] [101/121] 신정네거리역 (primary=KEY_1)
2026-07-28 06:23:51,183 [INFO] [102/121] 신촌·이대역 (primary=KEY_2)
2026-07-28 06:23:52,365 [INFO] [103/121] 쌍문역 (primary=KEY_3)
2026-07-28 06:23:53,544 [INFO] [104/121] 양재역 (primary=KEY_4)
2026-07-28 06:23:54,719 [INFO] [105/121] 역삼역 (primary=KEY_1)
2026-07-28 06:23:56,064 [INFO] [106/121] 연신내역 (primary=KEY_2)
2026-07-28 06:23:57,097 [INFO] [107/121] 오목교역·목동운동장 (primary=KEY_3)
2026-07-28 06:23:58,738 [INFO] [108/121] 왕십리역 (primary=KEY_4)
2026-07-28 06:24:00,101 [INFO] [109/121] 용산역 (primary=KEY_1)
2026-07-28 06:24:02,036 [INFO] [110/121] 이태원역 (primary=KEY_2)
2026-07-28 06:24:03,666 [INFO] [111/121] 잠실새내역 (primary=KEY_3)
2026-07-28 06:24:04,836 [INFO] [112/121] 잠실역 (primary=KEY_4)
2026-07-28 06:24:06,223 [INFO] [113/121] 장지역 (primary=KEY_1)
2026-07-28 06:24:07,550 [INFO] [114/121] 장한평역 (primary=KEY_2)
2026-07-28 06:24:08,725 [INFO] [115/121] 천호역 (primary=KEY_3)
2026-07-28 06:24:09,941 [INFO] [116/121] 총신대입구(이수)역 (primary=KEY_4)
2026-07-28 06:24:11,159 [INFO] [117/121] 충정로역 (primary=KEY_1)
2026-07-28 06:24:12,357 [INFO] [118/121] 합정역 (primary=KEY_2)
2026-07-28 06:24:13,542 [INFO] [119/121] 혜화역 (primary=KEY_3)
2026-07-28 06:24:14,704 [INFO] [120/121] 홍대입구역(2호선) (primary=KEY_4)
2026-07-28 06:24:15,892 [INFO] [121/121] 회기역 (primary=KEY_1)
2026-07-28 06:24:19,025 [INFO] === 수집 완료 | 성공 121, 실패 0 ===
2026-07-28 06:24:19,025 [INFO] 카테고리별 저장 결과:
2026-07-28 06:24:19,025 [INFO]    accident                  | 신규     3행 | 누적     12행 | 16컬럼
2026-07-28 06:24:19,025 [INFO]    area_meta                 | 신규   121행 | 누적    484행 | 5컬럼
2026-07-28 06:24:19,025 [INFO]    bike                      | 신규    12행 | 누적     48행 | 12컬럼
2026-07-28 06:24:19,025 [INFO]    bike_sbike_stts           | 신규   571행 | 누적   2284행 | 12컬럼
2026-07-28 06:24:19,025 [INFO]    bus                       | 신규     3행 | 누적     12행 | 11컬럼
2026-07-28 06:24:19,025 [INFO]    bus_bus_stn_stts          | 신규  1745행 | 누적   6980행 | 11컬럼
2026-07-28 06:24:19,025 [INFO]    charger                   | 신규     4행 | 누적     16행 | 15컬럼
2026-07-28 06:24:19,025 [INFO]    charger_charger_stts      | 신규  1919행 | 누적   7624행 | 15컬럼
2026-07-28 06:24:19,025 [INFO]    cmrcl                     | 신규    82행 | 누적    328행 | 20컬럼
2026-07-28 06:24:19,025 [INFO]    events                    | 신규    13행 | 누적     52행 | 14컬럼
2026-07-28 06:24:19,025 [INFO]    events_event_stts         | 신규   139행 | 누적    535행 | 14컬럼
2026-07-28 06:24:19,025 [INFO]    parking                   | 신규     6행 | 누적     24행 | 21컬럼
2026-07-28 06:24:19,026 [INFO]    parking_prk_stts          | 신규  1834행 | 누적   7336행 | 21컬럼
2026-07-28 06:24:19,026 [INFO]    ppltn                     | 신규   121행 | 누적    484행 | 26컬럼
2026-07-28 06:24:19,026 [INFO]    road                      | 신규   121행 | 누적    484행 | 21컬럼
2026-07-28 06:24:19,026 [INFO]    road_road_traffic_stts    | 신규  5278행 | 누적  21112행 | 17컬럼
2026-07-28 06:24:19,026 [INFO]    subway                    | 신규    38행 | 누적    152행 | 13컬럼
2026-07-28 06:24:19,026 [INFO]    subway_sub_stts           | 신규   183행 | 누적    732행 | 13컬럼
2026-07-28 06:24:19,026 [INFO]    weather                   | 신규   119행 | 누적    476행 | 30컬럼
2026-07-28 06:24:19,026 [INFO] 키별 사용량:
2026-07-28 06:24:19,026 [INFO]    🟢 KEY_1 (31/1000) 
2026-07-28 06:24:19,026 [INFO]    🟢 KEY_2 (30/1000) 
2026-07-28 06:24:19,026 [INFO]    🟢 KEY_3 (30/1000) 
2026-07-28 06:24:19,026 [INFO]    🟢 KEY_4 (30/1000) 
2026-07-28 08:16:15,799 [INFO] 등록된 키: 4개, 합산 한도 4,000건/일
2026-07-28 08:16:15,800 [INFO] POI 로드: 매뉴얼 v8.5 기준 fallback 121개 (121개 전체)
2026-07-28 08:16:15,800 [INFO] === 수집 시작 2026-07-28T08:16:15.800795+09:00 ===
2026-07-28 08:16:15,800 [INFO] 대상 장소: 121개 | API: citydata (통합)
2026-07-28 08:16:15,800 [INFO] 키 풀: 4/4 활성 | 오늘 사용 0/4000건
2026-07-28 08:16:15,801 [INFO]   [KEY_1] 담당 31장소
2026-07-28 08:16:15,801 [INFO]   [KEY_2] 담당 30장소
2026-07-28 08:16:15,801 [INFO]   [KEY_3] 담당 30장소
2026-07-28 08:16:15,801 [INFO]   [KEY_4] 담당 30장소
2026-07-28 08:16:15,801 [INFO] [1/121] 경복궁 (primary=KEY_1)
2026-07-28 08:16:17,919 [INFO] [2/121] 광화문·덕수궁 (primary=KEY_2)
2026-07-28 08:16:20,229 [INFO] [3/121] 보신각 (primary=KEY_3)
2026-07-28 08:16:22,155 [INFO] [4/121] 서울 암사동 유적 (primary=KEY_4)
2026-07-28 08:16:24,076 [INFO] [5/121] 창덕궁·종묘 (primary=KEY_1)
2026-07-28 08:16:26,160 [INFO] [6/121] 강남 MICE 관광특구 (primary=KEY_2)
2026-07-28 08:16:27,502 [INFO] [7/121] 동대문 관광특구 (primary=KEY_3)
2026-07-28 08:16:29,661 [INFO] [8/121] 명동 관광특구 (primary=KEY_4)
2026-07-28 08:16:31,540 [INFO] [9/121] 이태원 관광특구 (primary=KEY_1)
2026-07-28 08:16:33,666 [INFO] [10/121] 잠실 관광특구 (primary=KEY_2)
2026-07-28 08:16:36,423 [INFO] [11/121] 종로·청계 관광특구 (primary=KEY_3)
2026-07-28 08:16:38,050 [INFO] [12/121] 홍대 관광특구 (primary=KEY_4)
2026-07-28 08:16:39,698 [INFO] [13/121] 강서한강공원 (primary=KEY_1)
2026-07-28 08:16:40,825 [INFO] [14/121] 고척돔 (primary=KEY_2)
2026-07-28 08:16:42,724 [INFO] [15/121] 광나루한강공원 (primary=KEY_3)
2026-07-28 08:16:44,995 [INFO] [16/121] 광화문광장 (primary=KEY_4)
2026-07-28 08:16:46,398 [INFO] [17/121] 국립중앙박물관·용산가족공원 (primary=KEY_1)
2026-07-28 08:16:48,314 [INFO] [18/121] 난지한강공원 (primary=KEY_2)
2026-07-28 08:16:49,629 [INFO] [19/121] 남산공원 (primary=KEY_3)
2026-07-28 08:16:51,188 [INFO] [20/121] 노들섬 (primary=KEY_4)
2026-07-28 08:16:53,267 [INFO] [21/121] 뚝섬한강공원 (primary=KEY_1)
2026-07-28 08:16:55,175 [INFO] [22/121] 망원한강공원 (primary=KEY_2)
2026-07-28 08:16:57,354 [INFO] [23/121] 반포한강공원 (primary=KEY_3)
2026-07-28 08:16:58,477 [INFO] [24/121] 보라매공원 (primary=KEY_4)
2026-07-28 08:16:59,640 [INFO] [25/121] 북서울꿈의숲 (primary=KEY_1)
2026-07-28 08:17:00,968 [INFO] [26/121] 서대문독립공원 (primary=KEY_2)
2026-07-28 08:17:02,151 [INFO] [27/121] 서리풀공원·몽마르뜨공원 (primary=KEY_3)
2026-07-28 08:17:03,510 [INFO] [28/121] 서울대공원 (primary=KEY_4)
2026-07-28 08:17:04,670 [INFO] [29/121] 서울숲공원 (primary=KEY_1)
2026-07-28 08:17:06,770 [INFO] [30/121] 송현녹지광장 (primary=KEY_2)
2026-07-28 08:17:08,153 [INFO] [31/121] 아차산 (primary=KEY_3)
2026-07-28 08:17:10,034 [INFO] [32/121] 안양천 (primary=KEY_4)
2026-07-28 08:17:11,202 [INFO] [33/121] 양화한강공원 (primary=KEY_1)
2026-07-28 08:17:13,103 [INFO] [34/121] 어린이대공원 (primary=KEY_2)
2026-07-28 08:17:14,475 [INFO] [35/121] 여의도한강공원 (primary=KEY_3)
2026-07-28 08:17:15,801 [INFO] [36/121] 여의서로 (primary=KEY_4)
2026-07-28 08:17:17,113 [INFO] [37/121] 올림픽공원 (primary=KEY_1)
2026-07-28 08:17:19,472 [INFO] [38/121] 월드컵공원 (primary=KEY_2)
2026-07-28 08:17:21,031 [INFO] [39/121] 응봉산 (primary=KEY_3)
2026-07-28 08:17:23,486 [INFO] [40/121] 이촌한강공원 (primary=KEY_4)
2026-07-28 08:17:24,627 [INFO] [41/121] 잠실종합운동장 (primary=KEY_1)
2026-07-28 08:17:25,774 [INFO] [42/121] 잠실한강공원 (primary=KEY_2)
2026-07-28 08:17:26,955 [INFO] [43/121] 잠원한강공원 (primary=KEY_3)
2026-07-28 08:17:29,252 [INFO] [44/121] 청계산 (primary=KEY_4)
2026-07-28 08:17:30,378 [INFO] [45/121] 홍제폭포 (primary=KEY_1)
2026-07-28 08:17:31,499 [INFO] [46/121] 가락시장 (primary=KEY_2)
2026-07-28 08:17:32,877 [INFO] [47/121] 가로수길 (primary=KEY_3)
2026-07-28 08:17:34,282 [INFO] [48/121] 광장(전통)시장 (primary=KEY_4)
2026-07-28 08:17:36,014 [INFO] [49/121] 김포공항 (primary=KEY_1)
2026-07-28 08:17:38,311 [INFO] [50/121] 남대문시장 (primary=KEY_2)
2026-07-28 08:17:39,649 [INFO] [51/121] 노량진 (primary=KEY_3)
2026-07-28 08:17:41,067 [INFO] [52/121] 덕수궁길·정동길 (primary=KEY_4)
2026-07-28 08:17:42,425 [INFO] [53/121] 북창동 먹자골목 (primary=KEY_1)
2026-07-28 08:17:43,760 [INFO] [54/121] 북촌한옥마을 (primary=KEY_2)
2026-07-28 08:17:45,289 [INFO] [55/121] 서촌 (primary=KEY_3)
2026-07-28 08:17:47,571 [INFO] [56/121] 성수카페거리 (primary=KEY_4)
2026-07-28 08:17:49,191 [INFO] [57/121] 송리단길·호수단길 (primary=KEY_1)
2026-07-28 08:17:50,536 [INFO] [58/121] 신촌 스타광장 (primary=KEY_2)
2026-07-28 08:17:52,630 [INFO] [59/121] 압구정로데오거리 (primary=KEY_3)
2026-07-28 08:17:53,994 [INFO] [60/121] 여의도 (primary=KEY_4)
2026-07-28 08:17:56,194 [INFO] [61/121] 연남동 (primary=KEY_1)
2026-07-28 08:17:57,577 [INFO] [62/121] 영등포 타임스퀘어 (primary=KEY_2)
2026-07-28 08:17:58,897 [INFO] [63/121] 용리단길 (primary=KEY_3)
2026-07-28 08:18:00,840 [INFO] [64/121] 이태원 앤틱가구거리 (primary=KEY_4)
2026-07-28 08:18:02,184 [INFO] [65/121] 익선동 (primary=KEY_1)
2026-07-28 08:18:03,554 [INFO] [66/121] 인사동 (primary=KEY_2)
2026-07-28 08:18:05,136 [INFO] [67/121] 잠실롯데타워·석촌호수 (primary=KEY_3)
2026-07-28 08:18:06,946 [INFO] [68/121] 창동 신경제 중심지 (primary=KEY_4)
2026-07-28 08:18:08,691 [INFO] [69/121] 청담동 명품거리 (primary=KEY_1)
2026-07-28 08:18:10,047 [INFO] [70/121] 청량리 제기동 일대 전통시장 (primary=KEY_2)
2026-07-28 08:18:12,363 [INFO] [71/121] 해방촌·경리단길 (primary=KEY_3)
2026-07-28 08:18:13,540 [INFO] [72/121] DDP(동대문디자인플라자) (primary=KEY_4)
2026-07-28 08:18:14,962 [INFO] [73/121] DMC(디지털미디어시티) (primary=KEY_1)
2026-07-28 08:18:16,729 [INFO] [74/121] 가산디지털단지역 (primary=KEY_2)
2026-07-28 08:18:18,679 [INFO] [75/121] 강남역 (primary=KEY_3)
2026-07-28 08:18:20,259 [INFO] [76/121] 건대입구역 (primary=KEY_4)
2026-07-28 08:18:21,696 [INFO] [77/121] 고덕역 (primary=KEY_1)
2026-07-28 08:18:23,064 [INFO] [78/121] 고속터미널역 (primary=KEY_2)
2026-07-28 08:18:25,126 [INFO] [79/121] 교대역 (primary=KEY_3)
2026-07-28 08:18:26,508 [INFO] [80/121] 구로디지털단지역 (primary=KEY_4)
2026-07-28 08:18:28,246 [INFO] [81/121] 구로역 (primary=KEY_1)
2026-07-28 08:18:30,189 [INFO] [82/121] 군자역 (primary=KEY_2)
2026-07-28 08:18:31,528 [INFO] [83/121] 대림역 (primary=KEY_3)
2026-07-28 08:18:32,880 [INFO] [84/121] 동대문역 (primary=KEY_4)
2026-07-28 08:18:34,247 [INFO] [85/121] 뚝섬역 (primary=KEY_1)
2026-07-28 08:18:35,596 [INFO] [86/121] 미아사거리역 (primary=KEY_2)
2026-07-28 08:18:36,984 [INFO] [87/121] 발산역 (primary=KEY_3)
2026-07-28 08:18:38,695 [INFO] [88/121] 사당역 (primary=KEY_4)
2026-07-28 08:18:40,041 [INFO] [89/121] 삼각지역 (primary=KEY_1)
2026-07-28 08:18:41,406 [INFO] [90/121] 서울대입구역 (primary=KEY_2)
2026-07-28 08:18:42,736 [INFO] [91/121] 서울식물원·마곡나루역 (primary=KEY_3)
2026-07-28 08:18:44,335 [INFO] [92/121] 서울역 (primary=KEY_4)
2026-07-28 08:18:45,911 [INFO] [93/121] 선릉역 (primary=KEY_1)
2026-07-28 08:18:47,671 [INFO] [94/121] 성신여대입구역 (primary=KEY_2)
2026-07-28 08:18:48,842 [INFO] [95/121] 수유역 (primary=KEY_3)
2026-07-28 08:18:50,184 [INFO] [96/121] 숭례문 (primary=KEY_4)
2026-07-28 08:18:51,815 [INFO] [97/121] 시의회 앞 (primary=KEY_1)
2026-07-28 08:18:53,151 [INFO] [98/121] 신논현역·논현역 (primary=KEY_2)
2026-07-28 08:18:54,509 [INFO] [99/121] 신도림역 (primary=KEY_3)
2026-07-28 08:18:55,678 [INFO] [100/121] 신림역 (primary=KEY_4)
2026-07-28 08:18:57,071 [INFO] [101/121] 신정네거리역 (primary=KEY_1)
2026-07-28 08:18:58,407 [INFO] [102/121] 신촌·이대역 (primary=KEY_2)
2026-07-28 08:18:59,750 [INFO] [103/121] 쌍문역 (primary=KEY_3)
2026-07-28 08:19:01,087 [INFO] [104/121] 양재역 (primary=KEY_4)
2026-07-28 08:19:02,510 [INFO] [105/121] 역삼역 (primary=KEY_1)
2026-07-28 08:19:04,084 [INFO] [106/121] 연신내역 (primary=KEY_2)
2026-07-28 08:19:05,249 [INFO] [107/121] 오목교역·목동운동장 (primary=KEY_3)
2026-07-28 08:19:07,199 [INFO] [108/121] 왕십리역 (primary=KEY_4)
2026-07-28 08:19:08,758 [INFO] [109/121] 용산역 (primary=KEY_1)
2026-07-28 08:19:10,353 [INFO] [110/121] 이태원역 (primary=KEY_2)
2026-07-28 08:19:11,550 [INFO] [111/121] 잠실새내역 (primary=KEY_3)
2026-07-28 08:19:12,904 [INFO] [112/121] 잠실역 (primary=KEY_4)
2026-07-28 08:19:14,504 [INFO] [113/121] 장지역 (primary=KEY_1)
2026-07-28 08:19:16,076 [INFO] [114/121] 장한평역 (primary=KEY_2)
2026-07-28 08:19:17,455 [INFO] [115/121] 천호역 (primary=KEY_3)
2026-07-28 08:19:18,855 [INFO] [116/121] 총신대입구(이수)역 (primary=KEY_4)
2026-07-28 08:19:20,206 [INFO] [117/121] 충정로역 (primary=KEY_1)
2026-07-28 08:19:21,621 [INFO] [118/121] 합정역 (primary=KEY_2)
2026-07-28 08:19:22,971 [INFO] [119/121] 혜화역 (primary=KEY_3)
2026-07-28 08:19:24,305 [INFO] [120/121] 홍대입구역(2호선) (primary=KEY_4)
2026-07-28 08:19:25,691 [INFO] [121/121] 회기역 (primary=KEY_1)
2026-07-28 08:19:28,375 [INFO] === 수집 완료 | 성공 121, 실패 0 ===
2026-07-28 08:19:28,375 [INFO] 카테고리별 저장 결과:
2026-07-28 08:19:28,375 [INFO]    accident                  | 신규     3행 | 누적     15행 | 16컬럼
2026-07-28 08:19:28,375 [INFO]    area_meta                 | 신규   121행 | 누적    605행 | 5컬럼
2026-07-28 08:19:28,375 [INFO]    bike                      | 신규    12행 | 누적     60행 | 12컬럼
2026-07-28 08:19:28,375 [INFO]    bike_sbike_stts           | 신규   571행 | 누적   2855행 | 12컬럼
2026-07-28 08:19:28,375 [INFO]    bus                       | 신규     3행 | 누적     15행 | 11컬럼
2026-07-28 08:19:28,375 [INFO]    bus_bus_stn_stts          | 신규  1745행 | 누적   8725행 | 11컬럼
2026-07-28 08:19:28,375 [INFO]    charger                   | 신규     4행 | 누적     20행 | 15컬럼
2026-07-28 08:19:28,375 [INFO]    charger_charger_stts      | 신규  1919행 | 누적   9530행 | 15컬럼
2026-07-28 08:19:28,375 [INFO]    cmrcl                     | 신규    82행 | 누적    410행 | 20컬럼
2026-07-28 08:19:28,375 [INFO]    events                    | 신규    13행 | 누적     65행 | 14컬럼
2026-07-28 08:19:28,375 [INFO]    events_event_stts         | 신규   139행 | 누적    674행 | 14컬럼
2026-07-28 08:19:28,375 [INFO]    parking                   | 신규     6행 | 누적     30행 | 21컬럼
2026-07-28 08:19:28,376 [INFO]    parking_prk_stts          | 신규  1834행 | 누적   9170행 | 21컬럼
2026-07-28 08:19:28,376 [INFO]    ppltn                     | 신규   121행 | 누적    605행 | 26컬럼
2026-07-28 08:19:28,376 [INFO]    road                      | 신규   121행 | 누적    605행 | 21컬럼
2026-07-28 08:19:28,376 [INFO]    road_road_traffic_stts    | 신규  5278행 | 누적  26390행 | 17컬럼
2026-07-28 08:19:28,376 [INFO]    subway                    | 신규    38행 | 누적    190행 | 13컬럼
2026-07-28 08:19:28,376 [INFO]    subway_sub_stts           | 신규   183행 | 누적    915행 | 13컬럼
2026-07-28 08:19:28,376 [INFO]    weather                   | 신규   119행 | 누적    595행 | 30컬럼
2026-07-28 08:19:28,376 [INFO] 키별 사용량:
2026-07-28 08:19:28,376 [INFO]    🟢 KEY_1 (31/1000) 
2026-07-28 08:19:28,376 [INFO]    🟢 KEY_2 (30/1000) 
2026-07-28 08:19:28,376 [INFO]    🟢 KEY_3 (30/1000) 
2026-07-28 08:19:28,376 [INFO]    🟢 KEY_4 (30/1000) 
2026-07-28 15:37:26,414 [INFO] 등록된 키: 4개, 합산 한도 4,000건/일
2026-07-28 15:37:26,414 [INFO] POI 로드: 매뉴얼 v8.5 기준 fallback 121개 (121개 전체)
2026-07-28 15:37:26,414 [INFO] === 수집 시작 2026-07-28T15:37:26.414907+09:00 ===
2026-07-28 15:37:26,415 [INFO] 대상 장소: 121개 | API: citydata (통합)
2026-07-28 15:37:26,415 [INFO] 키 풀: 4/4 활성 | 오늘 사용 0/4000건
2026-07-28 15:37:26,415 [INFO]   [KEY_1] 담당 31장소
2026-07-28 15:37:26,415 [INFO]   [KEY_2] 담당 30장소
2026-07-28 15:37:26,415 [INFO]   [KEY_3] 담당 30장소
2026-07-28 15:37:26,415 [INFO]   [KEY_4] 담당 30장소
2026-07-28 15:37:26,415 [INFO] [1/121] 경복궁 (primary=KEY_1)
2026-07-28 15:37:28,918 [INFO] [2/121] 광화문·덕수궁 (primary=KEY_2)
2026-07-28 15:37:31,203 [INFO] [3/121] 보신각 (primary=KEY_3)
2026-07-28 15:37:33,296 [INFO] [4/121] 서울 암사동 유적 (primary=KEY_4)
2026-07-28 15:37:34,426 [INFO] [5/121] 창덕궁·종묘 (primary=KEY_1)
2026-07-28 15:37:36,495 [INFO] [6/121] 강남 MICE 관광특구 (primary=KEY_2)
2026-07-28 15:37:38,955 [INFO] [7/121] 동대문 관광특구 (primary=KEY_3)
2026-07-28 15:37:40,837 [INFO] [8/121] 명동 관광특구 (primary=KEY_4)
2026-07-28 15:37:43,322 [INFO] [9/121] 이태원 관광특구 (primary=KEY_1)
2026-07-28 15:37:45,431 [INFO] [10/121] 잠실 관광특구 (primary=KEY_2)
2026-07-28 15:37:48,101 [INFO] [11/121] 종로·청계 관광특구 (primary=KEY_3)
2026-07-28 15:37:49,733 [INFO] [12/121] 홍대 관광특구 (primary=KEY_4)
2026-07-28 15:37:52,408 [INFO] [13/121] 강서한강공원 (primary=KEY_1)
2026-07-28 15:37:54,289 [INFO] [14/121] 고척돔 (primary=KEY_2)
2026-07-28 15:37:56,431 [INFO] [15/121] 광나루한강공원 (primary=KEY_3)
2026-07-28 15:37:58,526 [INFO] [16/121] 광화문광장 (primary=KEY_4)
2026-07-28 15:38:00,645 [INFO] [17/121] 국립중앙박물관·용산가족공원 (primary=KEY_1)
2026-07-28 15:38:01,803 [INFO] [18/121] 난지한강공원 (primary=KEY_2)
2026-07-28 15:38:02,917 [INFO] [19/121] 남산공원 (primary=KEY_3)
2026-07-28 15:38:04,489 [INFO] [20/121] 노들섬 (primary=KEY_4)
2026-07-28 15:38:05,624 [INFO] [21/121] 뚝섬한강공원 (primary=KEY_1)
2026-07-28 15:38:06,758 [INFO] [22/121] 망원한강공원 (primary=KEY_2)
2026-07-28 15:38:08,864 [INFO] [23/121] 반포한강공원 (primary=KEY_3)
2026-07-28 15:38:10,575 [INFO] [24/121] 보라매공원 (primary=KEY_4)
2026-07-28 15:38:12,406 [INFO] [25/121] 북서울꿈의숲 (primary=KEY_1)
2026-07-28 15:38:13,761 [INFO] [26/121] 서대문독립공원 (primary=KEY_2)
2026-07-28 15:38:15,710 [INFO] [27/121] 서리풀공원·몽마르뜨공원 (primary=KEY_3)
2026-07-28 15:38:17,049 [INFO] [28/121] 서울대공원 (primary=KEY_4)
2026-07-28 15:38:18,943 [INFO] [29/121] 서울숲공원 (primary=KEY_1)
2026-07-28 15:38:20,282 [INFO] [30/121] 송현녹지광장 (primary=KEY_2)
2026-07-28 15:38:22,307 [INFO] [31/121] 아차산 (primary=KEY_3)
2026-07-28 15:38:23,432 [INFO] [32/121] 안양천 (primary=KEY_4)
2026-07-28 15:38:24,542 [INFO] [33/121] 양화한강공원 (primary=KEY_1)
2026-07-28 15:38:25,658 [INFO] [34/121] 어린이대공원 (primary=KEY_2)
2026-07-28 15:38:27,002 [INFO] [35/121] 여의도한강공원 (primary=KEY_3)
2026-07-28 15:38:28,316 [INFO] [36/121] 여의서로 (primary=KEY_4)
2026-07-28 15:38:29,603 [INFO] [37/121] 올림픽공원 (primary=KEY_1)
2026-07-28 15:38:31,117 [INFO] [38/121] 월드컵공원 (primary=KEY_2)
2026-07-28 15:38:32,653 [INFO] [39/121] 응봉산 (primary=KEY_3)
2026-07-28 15:38:33,961 [INFO] [40/121] 이촌한강공원 (primary=KEY_4)
2026-07-28 15:38:35,115 [INFO] [41/121] 잠실종합운동장 (primary=KEY_1)
2026-07-28 15:38:36,276 [INFO] [42/121] 잠실한강공원 (primary=KEY_2)
2026-07-28 15:38:37,388 [INFO] [43/121] 잠원한강공원 (primary=KEY_3)
2026-07-28 15:38:38,509 [INFO] [44/121] 청계산 (primary=KEY_4)
2026-07-28 15:38:39,636 [INFO] [45/121] 홍제폭포 (primary=KEY_1)
2026-07-28 15:38:40,746 [INFO] [46/121] 가락시장 (primary=KEY_2)
2026-07-28 15:38:42,116 [INFO] [47/121] 가로수길 (primary=KEY_3)
2026-07-28 15:38:43,444 [INFO] [48/121] 광장(전통)시장 (primary=KEY_4)
2026-07-28 15:38:45,360 [INFO] [49/121] 김포공항 (primary=KEY_1)
2026-07-28 15:38:46,932 [INFO] [50/121] 남대문시장 (primary=KEY_2)
2026-07-28 15:38:48,254 [INFO] [51/121] 노량진 (primary=KEY_3)
2026-07-28 15:38:50,526 [INFO] [52/121] 덕수궁길·정동길 (primary=KEY_4)
2026-07-28 15:38:51,859 [INFO] [53/121] 북창동 먹자골목 (primary=KEY_1)
2026-07-28 15:38:53,235 [INFO] [54/121] 북촌한옥마을 (primary=KEY_2)
2026-07-28 15:38:54,791 [INFO] [55/121] 서촌 (primary=KEY_3)
2026-07-28 15:38:56,114 [INFO] [56/121] 성수카페거리 (primary=KEY_4)
2026-07-28 15:38:57,692 [INFO] [57/121] 송리단길·호수단길 (primary=KEY_1)
2026-07-28 15:38:59,076 [INFO] [58/121] 신촌 스타광장 (primary=KEY_2)
2026-07-28 15:39:00,242 [INFO] [59/121] 압구정로데오거리 (primary=KEY_3)
2026-07-28 15:39:01,637 [INFO] [60/121] 여의도 (primary=KEY_4)
2026-07-28 15:39:03,807 [INFO] [61/121] 연남동 (primary=KEY_1)
2026-07-28 15:39:06,441 [INFO] [62/121] 영등포 타임스퀘어 (primary=KEY_2)
2026-07-28 15:39:07,730 [INFO] [63/121] 용리단길 (primary=KEY_3)
2026-07-28 15:39:08,916 [INFO] [64/121] 이태원 앤틱가구거리 (primary=KEY_4)
2026-07-28 15:39:10,237 [INFO] [65/121] 익선동 (primary=KEY_1)
2026-07-28 15:39:11,584 [INFO] [66/121] 인사동 (primary=KEY_2)
2026-07-28 15:39:13,864 [INFO] [67/121] 잠실롯데타워·석촌호수 (primary=KEY_3)
2026-07-28 15:39:15,533 [INFO] [68/121] 창동 신경제 중심지 (primary=KEY_4)
2026-07-28 15:39:17,350 [INFO] [69/121] 청담동 명품거리 (primary=KEY_1)
2026-07-28 15:39:18,689 [INFO] [70/121] 청량리 제기동 일대 전통시장 (primary=KEY_2)
2026-07-28 15:39:20,074 [INFO] [71/121] 해방촌·경리단길 (primary=KEY_3)
2026-07-28 15:39:21,232 [INFO] [72/121] DDP(동대문디자인플라자) (primary=KEY_4)
2026-07-28 15:39:22,583 [INFO] [73/121] DMC(디지털미디어시티) (primary=KEY_1)
2026-07-28 15:39:24,341 [INFO] [74/121] 가산디지털단지역 (primary=KEY_2)
2026-07-28 15:39:26,299 [INFO] [75/121] 강남역 (primary=KEY_3)
2026-07-28 15:39:28,068 [INFO] [76/121] 건대입구역 (primary=KEY_4)
2026-07-28 15:39:29,435 [INFO] [77/121] 고덕역 (primary=KEY_1)
2026-07-28 15:39:30,805 [INFO] [78/121] 고속터미널역 (primary=KEY_2)
2026-07-28 15:39:32,160 [INFO] [79/121] 교대역 (primary=KEY_3)
2026-07-28 15:39:33,485 [INFO] [80/121] 구로디지털단지역 (primary=KEY_4)
2026-07-28 15:39:35,182 [INFO] [81/121] 구로역 (primary=KEY_1)
2026-07-28 15:39:36,509 [INFO] [82/121] 군자역 (primary=KEY_2)
2026-07-28 15:39:37,877 [INFO] [83/121] 대림역 (primary=KEY_3)
2026-07-28 15:39:39,235 [INFO] [84/121] 동대문역 (primary=KEY_4)
2026-07-28 15:39:40,565 [INFO] [85/121] 뚝섬역 (primary=KEY_1)
2026-07-28 15:39:41,919 [INFO] [86/121] 미아사거리역 (primary=KEY_2)
2026-07-28 15:39:43,894 [INFO] [87/121] 발산역 (primary=KEY_3)
2026-07-28 15:39:45,642 [INFO] [88/121] 사당역 (primary=KEY_4)
2026-07-28 15:39:47,019 [INFO] [89/121] 삼각지역 (primary=KEY_1)
2026-07-28 15:39:48,340 [INFO] [90/121] 서울대입구역 (primary=KEY_2)
2026-07-28 15:39:49,687 [INFO] [91/121] 서울식물원·마곡나루역 (primary=KEY_3)
2026-07-28 15:39:51,263 [INFO] [92/121] 서울역 (primary=KEY_4)
2026-07-28 15:39:52,877 [INFO] [93/121] 선릉역 (primary=KEY_1)
2026-07-28 15:39:54,610 [INFO] [94/121] 성신여대입구역 (primary=KEY_2)
2026-07-28 15:39:55,783 [INFO] [95/121] 수유역 (primary=KEY_3)
2026-07-28 15:39:57,166 [INFO] [96/121] 숭례문 (primary=KEY_4)
2026-07-28 15:39:58,713 [INFO] [97/121] 시의회 앞 (primary=KEY_1)
2026-07-28 15:40:00,069 [INFO] [98/121] 신논현역·논현역 (primary=KEY_2)
2026-07-28 15:40:02,184 [INFO] [99/121] 신도림역 (primary=KEY_3)
2026-07-28 15:40:03,335 [INFO] [100/121] 신림역 (primary=KEY_4)
2026-07-28 15:40:04,748 [INFO] [101/121] 신정네거리역 (primary=KEY_1)
2026-07-28 15:40:06,051 [INFO] [102/121] 신촌·이대역 (primary=KEY_2)
2026-07-28 15:40:07,419 [INFO] [103/121] 쌍문역 (primary=KEY_3)
2026-07-28 15:40:08,818 [INFO] [104/121] 양재역 (primary=KEY_4)
2026-07-28 15:40:10,149 [INFO] [105/121] 역삼역 (primary=KEY_1)
2026-07-28 15:40:11,700 [INFO] [106/121] 연신내역 (primary=KEY_2)
2026-07-28 15:40:12,898 [INFO] [107/121] 오목교역·목동운동장 (primary=KEY_3)
2026-07-28 15:40:14,874 [INFO] [108/121] 왕십리역 (primary=KEY_4)
2026-07-28 15:40:16,483 [INFO] [109/121] 용산역 (primary=KEY_1)
2026-07-28 15:40:18,011 [INFO] [110/121] 이태원역 (primary=KEY_2)
2026-07-28 15:40:19,152 [INFO] [111/121] 잠실새내역 (primary=KEY_3)
2026-07-28 15:40:20,473 [INFO] [112/121] 잠실역 (primary=KEY_4)
2026-07-28 15:40:22,017 [INFO] [113/121] 장지역 (primary=KEY_1)
2026-07-28 15:40:24,632 [INFO] [114/121] 장한평역 (primary=KEY_2)
2026-07-28 15:40:25,967 [INFO] [115/121] 천호역 (primary=KEY_3)
2026-07-28 15:40:27,542 [INFO] [116/121] 총신대입구(이수)역 (primary=KEY_4)
2026-07-28 15:40:28,877 [INFO] [117/121] 충정로역 (primary=KEY_1)
2026-07-28 15:40:30,211 [INFO] [118/121] 합정역 (primary=KEY_2)
2026-07-28 15:40:31,797 [INFO] [119/121] 혜화역 (primary=KEY_3)
2026-07-28 15:40:33,145 [INFO] [120/121] 홍대입구역(2호선) (primary=KEY_4)
2026-07-28 15:40:34,552 [INFO] [121/121] 회기역 (primary=KEY_1)
2026-07-28 15:40:37,365 [INFO] === 수집 완료 | 성공 121, 실패 0 ===
2026-07-28 15:40:37,365 [INFO] 카테고리별 저장 결과:
2026-07-28 15:40:37,365 [INFO]    accident                  | 신규     5행 | 누적     20행 | 16컬럼
2026-07-28 15:40:37,365 [INFO]    accident_acdnt_cntrl_stts | 신규     2행 | 누적      2행 | 16컬럼
2026-07-28 15:40:37,366 [INFO]    area_meta                 | 신규   121행 | 누적    726행 | 5컬럼
2026-07-28 15:40:37,366 [INFO]    bike                      | 신규    12행 | 누적     72행 | 12컬럼
2026-07-28 15:40:37,366 [INFO]    bike_sbike_stts           | 신규   571행 | 누적   3426행 | 12컬럼
2026-07-28 15:40:37,366 [INFO]    bus                       | 신규     3행 | 누적     18행 | 11컬럼
2026-07-28 15:40:37,366 [INFO]    bus_bus_stn_stts          | 신규  1745행 | 누적  10470행 | 11컬럼
2026-07-28 15:40:37,366 [INFO]    charger                   | 신규     4행 | 누적     24행 | 15컬럼
2026-07-28 15:40:37,366 [INFO]    charger_charger_stts      | 신규  1919행 | 누적  11436행 | 15컬럼
2026-07-28 15:40:37,366 [INFO]    cmrcl                     | 신규    82행 | 누적    492행 | 20컬럼
2026-07-28 15:40:37,366 [INFO]    disaster                  | 신규   120행 | 누적    169행 | 9컬럼
2026-07-28 15:40:37,366 [INFO]    events                    | 신규    13행 | 누적     78행 | 14컬럼
2026-07-28 15:40:37,366 [INFO]    events_event_stts         | 신규   139행 | 누적    813행 | 14컬럼
2026-07-28 15:40:37,366 [INFO]    parking                   | 신규     6행 | 누적     36행 | 21컬럼
2026-07-28 15:40:37,366 [INFO]    parking_prk_stts          | 신규  1834행 | 누적  11004행 | 21컬럼
2026-07-28 15:40:37,366 [INFO]    ppltn                     | 신규   121행 | 누적    726행 | 26컬럼
2026-07-28 15:40:37,366 [INFO]    road                      | 신규   121행 | 누적    726행 | 21컬럼
2026-07-28 15:40:37,366 [INFO]    road_road_traffic_stts    | 신규  5278행 | 누적  31668행 | 17컬럼
2026-07-28 15:40:37,366 [INFO]    subway                    | 신규    38행 | 누적    228행 | 13컬럼
2026-07-28 15:40:37,366 [INFO]    subway_sub_stts           | 신규   183행 | 누적   1098행 | 13컬럼
2026-07-28 15:40:37,366 [INFO]    weather                   | 신규   119행 | 누적    714행 | 30컬럼
2026-07-28 15:40:37,366 [INFO] 키별 사용량:
2026-07-28 15:40:37,366 [INFO]    🟢 KEY_1 (31/1000) 
2026-07-28 15:40:37,366 [INFO]    🟢 KEY_2 (30/1000) 
2026-07-28 15:40:37,366 [INFO]    🟢 KEY_3 (30/1000) 
2026-07-28 15:40:37,366 [INFO]    🟢 KEY_4 (30/1000) 
2026-07-28 18:43:34,007 [INFO] 등록된 키: 4개, 합산 한도 4,000건/일
2026-07-28 18:43:34,008 [INFO] POI 로드: 매뉴얼 v8.5 기준 fallback 121개 (121개 전체)
2026-07-28 18:43:34,008 [INFO] === 수집 시작 2026-07-28T18:43:34.008557+09:00 ===
2026-07-28 18:43:34,008 [INFO] 대상 장소: 121개 | API: citydata (통합)
2026-07-28 18:43:34,008 [INFO] 키 풀: 4/4 활성 | 오늘 사용 0/4000건
2026-07-28 18:43:34,008 [INFO]   [KEY_1] 담당 31장소
2026-07-28 18:43:34,008 [INFO]   [KEY_2] 담당 30장소
2026-07-28 18:43:34,008 [INFO]   [KEY_3] 담당 30장소
2026-07-28 18:43:34,009 [INFO]   [KEY_4] 담당 30장소
2026-07-28 18:43:34,009 [INFO] [1/121] 경복궁 (primary=KEY_1)
2026-07-28 18:43:36,417 [INFO] [2/121] 광화문·덕수궁 (primary=KEY_2)
2026-07-28 18:43:38,371 [INFO] [3/121] 보신각 (primary=KEY_3)
2026-07-28 18:43:40,854 [INFO] [4/121] 서울 암사동 유적 (primary=KEY_4)
2026-07-28 18:43:42,942 [INFO] [5/121] 창덕궁·종묘 (primary=KEY_1)
2026-07-28 18:43:45,079 [INFO] [6/121] 강남 MICE 관광특구 (primary=KEY_2)
2026-07-28 18:43:46,450 [INFO] [7/121] 동대문 관광특구 (primary=KEY_3)
2026-07-28 18:43:49,153 [INFO] [8/121] 명동 관광특구 (primary=KEY_4)
2026-07-28 18:43:51,935 [INFO] [9/121] 이태원 관광특구 (primary=KEY_1)
2026-07-28 18:43:54,103 [INFO] [10/121] 잠실 관광특구 (primary=KEY_2)
2026-07-28 18:43:56,470 [INFO] [11/121] 종로·청계 관광특구 (primary=KEY_3)
2026-07-28 18:43:58,842 [INFO] [12/121] 홍대 관광특구 (primary=KEY_4)
2026-07-28 18:44:01,247 [INFO] [13/121] 강서한강공원 (primary=KEY_1)
2026-07-28 18:44:03,140 [INFO] [14/121] 고척돔 (primary=KEY_2)
2026-07-28 18:44:05,080 [INFO] [15/121] 광나루한강공원 (primary=KEY_3)
2026-07-28 18:44:07,385 [INFO] [16/121] 광화문광장 (primary=KEY_4)
2026-07-28 18:44:09,527 [INFO] [17/121] 국립중앙박물관·용산가족공원 (primary=KEY_1)
2026-07-28 18:44:11,635 [INFO] [18/121] 난지한강공원 (primary=KEY_2)
2026-07-28 18:44:13,730 [INFO] [19/121] 남산공원 (primary=KEY_3)
2026-07-28 18:44:15,300 [INFO] [20/121] 노들섬 (primary=KEY_4)
2026-07-28 18:44:16,464 [INFO] [21/121] 뚝섬한강공원 (primary=KEY_1)
2026-07-28 18:44:17,615 [INFO] [22/121] 망원한강공원 (primary=KEY_2)
2026-07-28 18:44:20,095 [INFO] [23/121] 반포한강공원 (primary=KEY_3)
2026-07-28 18:44:21,239 [INFO] [24/121] 보라매공원 (primary=KEY_4)
2026-07-28 18:44:22,404 [INFO] [25/121] 북서울꿈의숲 (primary=KEY_1)
2026-07-28 18:44:23,769 [INFO] [26/121] 서대문독립공원 (primary=KEY_2)
2026-07-28 18:44:24,918 [INFO] [27/121] 서리풀공원·몽마르뜨공원 (primary=KEY_3)
2026-07-28 18:44:26,284 [INFO] [28/121] 서울대공원 (primary=KEY_4)
2026-07-28 18:44:27,405 [INFO] [29/121] 서울숲공원 (primary=KEY_1)
2026-07-28 18:44:28,756 [INFO] [30/121] 송현녹지광장 (primary=KEY_2)
2026-07-28 18:44:31,111 [INFO] [31/121] 아차산 (primary=KEY_3)
2026-07-28 18:44:32,237 [INFO] [32/121] 안양천 (primary=KEY_4)
2026-07-28 18:44:33,378 [INFO] [33/121] 양화한강공원 (primary=KEY_1)
2026-07-28 18:44:35,276 [INFO] [34/121] 어린이대공원 (primary=KEY_2)
2026-07-28 18:44:37,413 [INFO] [35/121] 여의도한강공원 (primary=KEY_3)
2026-07-28 18:44:38,783 [INFO] [36/121] 여의서로 (primary=KEY_4)
2026-07-28 18:44:40,097 [INFO] [37/121] 올림픽공원 (primary=KEY_1)
2026-07-28 18:44:42,474 [INFO] [38/121] 월드컵공원 (primary=KEY_2)
2026-07-28 18:44:44,817 [INFO] [39/121] 응봉산 (primary=KEY_3)
2026-07-28 18:44:46,953 [INFO] [40/121] 이촌한강공원 (primary=KEY_4)
2026-07-28 18:44:48,079 [INFO] [41/121] 잠실종합운동장 (primary=KEY_1)
2026-07-28 18:44:49,802 [INFO] [42/121] 잠실한강공원 (primary=KEY_2)
2026-07-28 18:44:51,926 [INFO] [43/121] 잠원한강공원 (primary=KEY_3)
2026-07-28 18:44:53,676 [INFO] [44/121] 청계산 (primary=KEY_4)
2026-07-28 18:44:55,581 [INFO] [45/121] 홍제폭포 (primary=KEY_1)
2026-07-28 18:44:57,498 [INFO] [46/121] 가락시장 (primary=KEY_2)
2026-07-28 18:44:59,666 [INFO] [47/121] 가로수길 (primary=KEY_3)
2026-07-28 18:45:01,285 [INFO] [48/121] 광장(전통)시장 (primary=KEY_4)
2026-07-28 18:45:03,396 [INFO] [49/121] 김포공항 (primary=KEY_1)
2026-07-28 18:45:06,129 [INFO] [50/121] 남대문시장 (primary=KEY_2)
2026-07-28 18:45:07,476 [INFO] [51/121] 노량진 (primary=KEY_3)
2026-07-28 18:45:08,967 [INFO] [52/121] 덕수궁길·정동길 (primary=KEY_4)
2026-07-28 18:45:10,319 [INFO] [53/121] 북창동 먹자골목 (primary=KEY_1)
2026-07-28 18:45:12,590 [INFO] [54/121] 북촌한옥마을 (primary=KEY_2)
2026-07-28 18:45:14,102 [INFO] [55/121] 서촌 (primary=KEY_3)
2026-07-28 18:45:16,228 [INFO] [56/121] 성수카페거리 (primary=KEY_4)
2026-07-28 18:45:18,549 [INFO] [57/121] 송리단길·호수단길 (primary=KEY_1)
2026-07-28 18:45:19,887 [INFO] [58/121] 신촌 스타광장 (primary=KEY_2)
2026-07-28 18:45:21,047 [INFO] [59/121] 압구정로데오거리 (primary=KEY_3)
2026-07-28 18:45:23,193 [INFO] [60/121] 여의도 (primary=KEY_4)
2026-07-28 18:45:26,174 [INFO] [61/121] 연남동 (primary=KEY_1)
2026-07-28 18:45:28,251 [INFO] [62/121] 영등포 타임스퀘어 (primary=KEY_2)
2026-07-28 18:45:31,388 [INFO] [63/121] 용리단길 (primary=KEY_3)
2026-07-28 18:45:32,548 [INFO] [64/121] 이태원 앤틱가구거리 (primary=KEY_4)
2026-07-28 18:45:34,836 [INFO] [65/121] 익선동 (primary=KEY_1)
2026-07-28 18:45:36,192 [INFO] [66/121] 인사동 (primary=KEY_2)
2026-07-28 18:45:38,554 [INFO] [67/121] 잠실롯데타워·석촌호수 (primary=KEY_3)
2026-07-28 18:45:40,286 [INFO] [68/121] 창동 신경제 중심지 (primary=KEY_4)
2026-07-28 18:45:43,691 [INFO] [69/121] 청담동 명품거리 (primary=KEY_1)
2026-07-28 18:45:45,055 [INFO] [70/121] 청량리 제기동 일대 전통시장 (primary=KEY_2)
2026-07-28 18:45:46,435 [INFO] [71/121] 해방촌·경리단길 (primary=KEY_3)
2026-07-28 18:45:47,574 [INFO] [72/121] DDP(동대문디자인플라자) (primary=KEY_4)
2026-07-28 18:45:49,910 [INFO] [73/121] DMC(디지털미디어시티) (primary=KEY_1)
2026-07-28 18:45:52,286 [INFO] [74/121] 가산디지털단지역 (primary=KEY_2)
2026-07-28 18:45:54,291 [INFO] [75/121] 강남역 (primary=KEY_3)
2026-07-28 18:45:56,839 [INFO] [76/121] 건대입구역 (primary=KEY_4)
2026-07-28 18:45:58,195 [INFO] [77/121] 고덕역 (primary=KEY_1)
2026-07-28 18:45:59,743 [INFO] [78/121] 고속터미널역 (primary=KEY_2)
2026-07-28 18:46:01,153 [INFO] [79/121] 교대역 (primary=KEY_3)
2026-07-28 18:46:03,290 [INFO] [80/121] 구로디지털단지역 (primary=KEY_4)
2026-07-28 18:46:05,044 [INFO] [81/121] 구로역 (primary=KEY_1)
2026-07-28 18:46:06,364 [INFO] [82/121] 군자역 (primary=KEY_2)
2026-07-28 18:46:07,695 [INFO] [83/121] 대림역 (primary=KEY_3)
2026-07-28 18:46:09,078 [INFO] [84/121] 동대문역 (primary=KEY_4)
2026-07-28 18:46:11,106 [INFO] [85/121] 뚝섬역 (primary=KEY_1)
2026-07-28 18:46:12,464 [INFO] [86/121] 미아사거리역 (primary=KEY_2)
2026-07-28 18:46:13,798 [INFO] [87/121] 발산역 (primary=KEY_3)
2026-07-28 18:46:15,521 [INFO] [88/121] 사당역 (primary=KEY_4)
2026-07-28 18:46:16,901 [INFO] [89/121] 삼각지역 (primary=KEY_1)
2026-07-28 18:46:18,234 [INFO] [90/121] 서울대입구역 (primary=KEY_2)
2026-07-28 18:46:19,584 [INFO] [91/121] 서울식물원·마곡나루역 (primary=KEY_3)
2026-07-28 18:46:21,116 [INFO] [92/121] 서울역 (primary=KEY_4)
2026-07-28 18:46:22,719 [INFO] [93/121] 선릉역 (primary=KEY_1)
2026-07-28 18:46:24,548 [INFO] [94/121] 성신여대입구역 (primary=KEY_2)
2026-07-28 18:46:25,897 [INFO] [95/121] 수유역 (primary=KEY_3)
2026-07-28 18:46:27,251 [INFO] [96/121] 숭례문 (primary=KEY_4)
2026-07-28 18:46:28,796 [INFO] [97/121] 시의회 앞 (primary=KEY_1)
2026-07-28 18:46:30,162 [INFO] [98/121] 신논현역·논현역 (primary=KEY_2)
2026-07-28 18:46:31,628 [INFO] [99/121] 신도림역 (primary=KEY_3)
2026-07-28 18:46:32,780 [INFO] [100/121] 신림역 (primary=KEY_4)
2026-07-28 18:46:34,141 [INFO] [101/121] 신정네거리역 (primary=KEY_1)
2026-07-28 18:46:35,491 [INFO] [102/121] 신촌·이대역 (primary=KEY_2)
2026-07-28 18:46:36,831 [INFO] [103/121] 쌍문역 (primary=KEY_3)
2026-07-28 18:46:38,182 [INFO] [104/121] 양재역 (primary=KEY_4)
2026-07-28 18:46:39,576 [INFO] [105/121] 역삼역 (primary=KEY_1)
2026-07-28 18:46:41,133 [INFO] [106/121] 연신내역 (primary=KEY_2)
2026-07-28 18:46:42,295 [INFO] [107/121] 오목교역·목동운동장 (primary=KEY_3)
2026-07-28 18:46:44,262 [INFO] [108/121] 왕십리역 (primary=KEY_4)
2026-07-28 18:46:45,809 [INFO] [109/121] 용산역 (primary=KEY_1)
2026-07-28 18:46:47,387 [INFO] [110/121] 이태원역 (primary=KEY_2)
2026-07-28 18:46:48,560 [INFO] [111/121] 잠실새내역 (primary=KEY_3)
2026-07-28 18:46:49,907 [INFO] [112/121] 잠실역 (primary=KEY_4)
2026-07-28 18:46:51,489 [INFO] [113/121] 장지역 (primary=KEY_1)
2026-07-28 18:46:53,037 [INFO] [114/121] 장한평역 (primary=KEY_2)
2026-07-28 18:46:55,412 [INFO] [115/121] 천호역 (primary=KEY_3)
2026-07-28 18:46:56,934 [INFO] [116/121] 총신대입구(이수)역 (primary=KEY_4)
2026-07-28 18:46:58,314 [INFO] [117/121] 충정로역 (primary=KEY_1)
2026-07-28 18:46:59,670 [INFO] [118/121] 합정역 (primary=KEY_2)
2026-07-28 18:47:01,223 [INFO] [119/121] 혜화역 (primary=KEY_3)
2026-07-28 18:47:02,599 [INFO] [120/121] 홍대입구역(2호선) (primary=KEY_4)
2026-07-28 18:47:03,966 [INFO] [121/121] 회기역 (primary=KEY_1)
2026-07-28 18:47:06,908 [INFO] === 수집 완료 | 성공 121, 실패 0 ===
2026-07-28 18:47:06,908 [INFO] 카테고리별 저장 결과:
2026-07-28 18:47:06,908 [INFO]    accident                  | 신규     3행 | 누적     23행 | 16컬럼
2026-07-28 18:47:06,908 [INFO]    area_meta                 | 신규   121행 | 누적    847행 | 5컬럼
2026-07-28 18:47:06,908 [INFO]    bike                      | 신규    12행 | 누적     84행 | 12컬럼
2026-07-28 18:47:06,909 [INFO]    bike_sbike_stts           | 신규   571행 | 누적   3997행 | 12컬럼
2026-07-28 18:47:06,909 [INFO]    bus                       | 신규     3행 | 누적     21행 | 11컬럼
2026-07-28 18:47:06,909 [INFO]    bus_bus_stn_stts          | 신규  1745행 | 누적  12215행 | 11컬럼
2026-07-28 18:47:06,909 [INFO]    charger                   | 신규     4행 | 누적     28행 | 15컬럼
2026-07-28 18:47:06,909 [INFO]    charger_charger_stts      | 신규  1921행 | 누적  13344행 | 15컬럼
2026-07-28 18:47:06,909 [INFO]    cmrcl                     | 신규    82행 | 누적    574행 | 20컬럼
2026-07-28 18:47:06,909 [INFO]    disaster                  | 신규    72행 | 누적    241행 | 9컬럼
2026-07-28 18:47:06,909 [INFO]    disaster_live_dst_message | 신규    96행 | 누적    118행 | 9컬럼
2026-07-28 18:47:06,909 [INFO]    events                    | 신규    13행 | 누적     91행 | 14컬럼
2026-07-28 18:47:06,909 [INFO]    events_event_stts         | 신규   139행 | 누적    952행 | 14컬럼
2026-07-28 18:47:06,909 [INFO]    parking                   | 신규     6행 | 누적     42행 | 21컬럼
2026-07-28 18:47:06,909 [INFO]    parking_prk_stts          | 신규  1834행 | 누적  12838행 | 21컬럼
2026-07-28 18:47:06,909 [INFO]    ppltn                     | 신규   121행 | 누적    847행 | 26컬럼
2026-07-28 18:47:06,909 [INFO]    road                      | 신규   121행 | 누적    847행 | 21컬럼
2026-07-28 18:47:06,909 [INFO]    road_road_traffic_stts    | 신규  5278행 | 누적  36946행 | 17컬럼
2026-07-28 18:47:06,909 [INFO]    subway                    | 신규    38행 | 누적    266행 | 13컬럼
2026-07-28 18:47:06,909 [INFO]    subway_sub_stts           | 신규   183행 | 누적   1281행 | 13컬럼
2026-07-28 18:47:06,909 [INFO]    weather                   | 신규   119행 | 누적    833행 | 30컬럼
2026-07-28 18:47:06,909 [INFO] 키별 사용량:
2026-07-28 18:47:06,909 [INFO]    🟢 KEY_1 (31/1000) 
2026-07-28 18:47:06,909 [INFO]    🟢 KEY_2 (30/1000) 
2026-07-28 18:47:06,909 [INFO]    🟢 KEY_3 (30/1000) 
2026-07-28 18:47:06,909 [INFO]    🟢 KEY_4 (30/1000) 
2026-07-28 21:06:41,014 [INFO] 등록된 키: 4개, 합산 한도 4,000건/일
2026-07-28 21:06:41,015 [INFO] POI 로드: 매뉴얼 v8.5 기준 fallback 121개 (121개 전체)
2026-07-28 21:06:41,015 [INFO] === 수집 시작 2026-07-28T21:06:41.015608+09:00 ===
2026-07-28 21:06:41,015 [INFO] 대상 장소: 121개 | API: citydata (통합)
2026-07-28 21:06:41,015 [INFO] 키 풀: 4/4 활성 | 오늘 사용 0/4000건
2026-07-28 21:06:41,015 [INFO]   [KEY_1] 담당 31장소
2026-07-28 21:06:41,016 [INFO]   [KEY_2] 담당 30장소
2026-07-28 21:06:41,016 [INFO]   [KEY_3] 담당 30장소
2026-07-28 21:06:41,016 [INFO]   [KEY_4] 담당 30장소
2026-07-28 21:06:41,016 [INFO] [1/121] 경복궁 (primary=KEY_1)
2026-07-28 21:06:43,359 [INFO] [2/121] 광화문·덕수궁 (primary=KEY_2)
2026-07-28 21:06:45,608 [INFO] [3/121] 보신각 (primary=KEY_3)
2026-07-28 21:06:47,753 [INFO] [4/121] 서울 암사동 유적 (primary=KEY_4)
2026-07-28 21:06:49,895 [INFO] [5/121] 창덕궁·종묘 (primary=KEY_1)
2026-07-28 21:06:52,222 [INFO] [6/121] 강남 MICE 관광특구 (primary=KEY_2)
2026-07-28 21:06:54,084 [INFO] [7/121] 동대문 관광특구 (primary=KEY_3)
2026-07-28 21:06:56,820 [INFO] [8/121] 명동 관광특구 (primary=KEY_4)
2026-07-28 21:06:58,565 [INFO] [9/121] 이태원 관광특구 (primary=KEY_1)
2026-07-28 21:07:00,899 [INFO] [10/121] 잠실 관광특구 (primary=KEY_2)
2026-07-28 21:07:02,763 [INFO] [11/121] 종로·청계 관광특구 (primary=KEY_3)
2026-07-28 21:07:04,441 [INFO] [12/121] 홍대 관광특구 (primary=KEY_4)
2026-07-28 21:07:06,527 [INFO] [13/121] 강서한강공원 (primary=KEY_1)
2026-07-28 21:07:07,618 [INFO] [14/121] 고척돔 (primary=KEY_2)
2026-07-28 21:07:09,593 [INFO] [15/121] 광나루한강공원 (primary=KEY_3)
2026-07-28 21:07:10,852 [INFO] [16/121] 광화문광장 (primary=KEY_4)
2026-07-28 21:07:12,137 [INFO] [17/121] 국립중앙박물관·용산가족공원 (primary=KEY_1)
2026-07-28 21:07:13,243 [INFO] [18/121] 난지한강공원 (primary=KEY_2)
2026-07-28 21:07:14,328 [INFO] [19/121] 남산공원 (primary=KEY_3)
2026-07-28 21:07:15,835 [INFO] [20/121] 노들섬 (primary=KEY_4)
2026-07-28 21:07:16,940 [INFO] [21/121] 뚝섬한강공원 (primary=KEY_1)
2026-07-28 21:07:18,044 [INFO] [22/121] 망원한강공원 (primary=KEY_2)
2026-07-28 21:07:19,338 [INFO] [23/121] 반포한강공원 (primary=KEY_3)
2026-07-28 21:07:20,424 [INFO] [24/121] 보라매공원 (primary=KEY_4)
2026-07-28 21:07:21,589 [INFO] [25/121] 북서울꿈의숲 (primary=KEY_1)
2026-07-28 21:07:22,872 [INFO] [26/121] 서대문독립공원 (primary=KEY_2)
2026-07-28 21:07:23,982 [INFO] [27/121] 서리풀공원·몽마르뜨공원 (primary=KEY_3)
2026-07-28 21:07:25,290 [INFO] [28/121] 서울대공원 (primary=KEY_4)
2026-07-28 21:07:26,367 [INFO] [29/121] 서울숲공원 (primary=KEY_1)
2026-07-28 21:07:27,659 [INFO] [30/121] 송현녹지광장 (primary=KEY_2)
2026-07-28 21:07:28,948 [INFO] [31/121] 아차산 (primary=KEY_3)
2026-07-28 21:07:30,042 [INFO] [32/121] 안양천 (primary=KEY_4)
2026-07-28 21:07:31,833 [INFO] [33/121] 양화한강공원 (primary=KEY_1)
2026-07-28 21:07:32,915 [INFO] [34/121] 어린이대공원 (primary=KEY_2)
2026-07-28 21:07:34,184 [INFO] [35/121] 여의도한강공원 (primary=KEY_3)
2026-07-28 21:07:35,457 [INFO] [36/121] 여의서로 (primary=KEY_4)
2026-07-28 21:07:37,321 [INFO] [37/121] 올림픽공원 (primary=KEY_1)
2026-07-28 21:07:39,532 [INFO] [38/121] 월드컵공원 (primary=KEY_2)
2026-07-28 21:07:41,567 [INFO] [39/121] 응봉산 (primary=KEY_3)
2026-07-28 21:07:43,546 [INFO] [40/121] 이촌한강공원 (primary=KEY_4)
2026-07-28 21:07:45,506 [INFO] [41/121] 잠실종합운동장 (primary=KEY_1)
2026-07-28 21:07:47,324 [INFO] [42/121] 잠실한강공원 (primary=KEY_2)
2026-07-28 21:07:49,130 [INFO] [43/121] 잠원한강공원 (primary=KEY_3)
2026-07-28 21:07:50,227 [INFO] [44/121] 청계산 (primary=KEY_4)
2026-07-28 21:07:51,331 [INFO] [45/121] 홍제폭포 (primary=KEY_1)
2026-07-28 21:07:53,294 [INFO] [46/121] 가락시장 (primary=KEY_2)
2026-07-28 21:07:55,321 [INFO] [47/121] 가로수길 (primary=KEY_3)
2026-07-28 21:07:57,338 [INFO] [48/121] 광장(전통)시장 (primary=KEY_4)
2026-07-28 21:07:58,430 [INFO] [49/121] 김포공항 (primary=KEY_1)
2026-07-28 21:07:59,917 [INFO] [50/121] 남대문시장 (primary=KEY_2)
2026-07-28 21:08:01,213 [INFO] [51/121] 노량진 (primary=KEY_3)
2026-07-28 21:08:02,510 [INFO] [52/121] 덕수궁길·정동길 (primary=KEY_4)
2026-07-28 21:08:04,504 [INFO] [53/121] 북창동 먹자골목 (primary=KEY_1)
2026-07-28 21:08:06,801 [INFO] [54/121] 북촌한옥마을 (primary=KEY_2)
2026-07-28 21:08:08,248 [INFO] [55/121] 서촌 (primary=KEY_3)
2026-07-28 21:08:09,541 [INFO] [56/121] 성수카페거리 (primary=KEY_4)
2026-07-28 21:08:11,028 [INFO] [57/121] 송리단길·호수단길 (primary=KEY_1)
2026-07-28 21:08:12,331 [INFO] [58/121] 신촌 스타광장 (primary=KEY_2)
2026-07-28 21:08:13,434 [INFO] [59/121] 압구정로데오거리 (primary=KEY_3)
2026-07-28 21:08:14,737 [INFO] [60/121] 여의도 (primary=KEY_4)
2026-07-28 21:08:16,798 [INFO] [61/121] 연남동 (primary=KEY_1)
2026-07-28 21:08:18,083 [INFO] [62/121] 영등포 타임스퀘어 (primary=KEY_2)
2026-07-28 21:08:19,373 [INFO] [63/121] 용리단길 (primary=KEY_3)
2026-07-28 21:08:20,510 [INFO] [64/121] 이태원 앤틱가구거리 (primary=KEY_4)
2026-07-28 21:08:21,802 [INFO] [65/121] 익선동 (primary=KEY_1)
2026-07-28 21:08:23,111 [INFO] [66/121] 인사동 (primary=KEY_2)
2026-07-28 21:08:24,555 [INFO] [67/121] 잠실롯데타워·석촌호수 (primary=KEY_3)
2026-07-28 21:08:26,236 [INFO] [68/121] 창동 신경제 중심지 (primary=KEY_4)
2026-07-28 21:08:27,938 [INFO] [69/121] 청담동 명품거리 (primary=KEY_1)
2026-07-28 21:08:29,222 [INFO] [70/121] 청량리 제기동 일대 전통시장 (primary=KEY_2)
2026-07-28 21:08:30,537 [INFO] [71/121] 해방촌·경리단길 (primary=KEY_3)
2026-07-28 21:08:31,658 [INFO] [72/121] DDP(동대문디자인플라자) (primary=KEY_4)
2026-07-28 21:08:32,982 [INFO] [73/121] DMC(디지털미디어시티) (primary=KEY_1)
2026-07-28 21:08:34,652 [INFO] [74/121] 가산디지털단지역 (primary=KEY_2)
2026-07-28 21:08:36,477 [INFO] [75/121] 강남역 (primary=KEY_3)
2026-07-28 21:08:37,984 [INFO] [76/121] 건대입구역 (primary=KEY_4)
2026-07-28 21:08:39,326 [INFO] [77/121] 고덕역 (primary=KEY_1)
2026-07-28 21:08:40,612 [INFO] [78/121] 고속터미널역 (primary=KEY_2)
2026-07-28 21:08:41,963 [INFO] [79/121] 교대역 (primary=KEY_3)
2026-07-28 21:08:43,265 [INFO] [80/121] 구로디지털단지역 (primary=KEY_4)
2026-07-28 21:08:44,897 [INFO] [81/121] 구로역 (primary=KEY_1)
2026-07-28 21:08:46,163 [INFO] [82/121] 군자역 (primary=KEY_2)
2026-07-28 21:08:47,464 [INFO] [83/121] 대림역 (primary=KEY_3)
2026-07-28 21:08:48,775 [INFO] [84/121] 동대문역 (primary=KEY_4)
2026-07-28 21:08:50,068 [INFO] [85/121] 뚝섬역 (primary=KEY_1)
2026-07-28 21:08:51,371 [INFO] [86/121] 미아사거리역 (primary=KEY_2)
2026-07-28 21:08:52,639 [INFO] [87/121] 발산역 (primary=KEY_3)
2026-07-28 21:08:54,296 [INFO] [88/121] 사당역 (primary=KEY_4)
2026-07-28 21:08:55,618 [INFO] [89/121] 삼각지역 (primary=KEY_1)
2026-07-28 21:08:57,521 [INFO] [90/121] 서울대입구역 (primary=KEY_2)
2026-07-28 21:08:58,808 [INFO] [91/121] 서울식물원·마곡나루역 (primary=KEY_3)
2026-07-28 21:09:00,261 [INFO] [92/121] 서울역 (primary=KEY_4)
2026-07-28 21:09:01,754 [INFO] [93/121] 선릉역 (primary=KEY_1)
2026-07-28 21:09:03,456 [INFO] [94/121] 성신여대입구역 (primary=KEY_2)
2026-07-28 21:09:04,583 [INFO] [95/121] 수유역 (primary=KEY_3)
2026-07-28 21:09:05,861 [INFO] [96/121] 숭례문 (primary=KEY_4)
2026-07-28 21:09:07,322 [INFO] [97/121] 시의회 앞 (primary=KEY_1)
2026-07-28 21:09:08,634 [INFO] [98/121] 신논현역·논현역 (primary=KEY_2)
2026-07-28 21:09:09,960 [INFO] [99/121] 신도림역 (primary=KEY_3)
2026-07-28 21:09:11,103 [INFO] [100/121] 신림역 (primary=KEY_4)
2026-07-28 21:09:12,410 [INFO] [101/121] 신정네거리역 (primary=KEY_1)
2026-07-28 21:09:13,706 [INFO] [102/121] 신촌·이대역 (primary=KEY_2)
2026-07-28 21:09:14,991 [INFO] [103/121] 쌍문역 (primary=KEY_3)
2026-07-28 21:09:16,279 [INFO] [104/121] 양재역 (primary=KEY_4)
2026-07-28 21:09:17,589 [INFO] [105/121] 역삼역 (primary=KEY_1)
2026-07-28 21:09:19,079 [INFO] [106/121] 연신내역 (primary=KEY_2)
2026-07-28 21:09:20,213 [INFO] [107/121] 오목교역·목동운동장 (primary=KEY_3)
2026-07-28 21:09:22,119 [INFO] [108/121] 왕십리역 (primary=KEY_4)
2026-07-28 21:09:23,600 [INFO] [109/121] 용산역 (primary=KEY_1)
2026-07-28 21:09:25,092 [INFO] [110/121] 이태원역 (primary=KEY_2)
2026-07-28 21:09:26,213 [INFO] [111/121] 잠실새내역 (primary=KEY_3)
2026-07-28 21:09:27,504 [INFO] [112/121] 잠실역 (primary=KEY_4)
2026-07-28 21:09:28,973 [INFO] [113/121] 장지역 (primary=KEY_1)
2026-07-28 21:09:30,437 [INFO] [114/121] 장한평역 (primary=KEY_2)
2026-07-28 21:09:31,719 [INFO] [115/121] 천호역 (primary=KEY_3)
2026-07-28 21:09:33,221 [INFO] [116/121] 총신대입구(이수)역 (primary=KEY_4)
2026-07-28 21:09:34,549 [INFO] [117/121] 충정로역 (primary=KEY_1)
2026-07-28 21:09:35,838 [INFO] [118/121] 합정역 (primary=KEY_2)
2026-07-28 21:09:37,294 [INFO] [119/121] 혜화역 (primary=KEY_3)
2026-07-28 21:09:38,572 [INFO] [120/121] 홍대입구역(2호선) (primary=KEY_4)
2026-07-28 21:09:39,897 [INFO] [121/121] 회기역 (primary=KEY_1)
2026-07-28 21:09:43,247 [INFO] === 수집 완료 | 성공 121, 실패 0 ===
2026-07-28 21:09:43,248 [INFO] 카테고리별 저장 결과:
2026-07-28 21:09:43,248 [INFO]    accident                  | 신규     9행 | 누적     32행 | 16컬럼
2026-07-28 21:09:43,248 [INFO]    accident_acdnt_cntrl_stts | 신규     2행 | 누적      4행 | 16컬럼
2026-07-28 21:09:43,248 [INFO]    area_meta                 | 신규   121행 | 누적    968행 | 5컬럼
2026-07-28 21:09:43,248 [INFO]    bike                      | 신규    12행 | 누적     96행 | 12컬럼
2026-07-28 21:09:43,248 [INFO]    bike_sbike_stts           | 신규   571행 | 누적   4568행 | 12컬럼
2026-07-28 21:09:43,248 [INFO]    bus                       | 신규     3행 | 누적     24행 | 11컬럼
2026-07-28 21:09:43,248 [INFO]    bus_bus_stn_stts          | 신규  1745행 | 누적  13960행 | 11컬럼
2026-07-28 21:09:43,248 [INFO]    charger                   | 신규     4행 | 누적     32행 | 15컬럼
2026-07-28 21:09:43,248 [INFO]    charger_charger_stts      | 신규  1921행 | 누적  15252행 | 15컬럼
2026-07-28 21:09:43,248 [INFO]    cmrcl                     | 신규    82행 | 누적    656행 | 20컬럼
2026-07-28 21:09:43,248 [INFO]    disaster                  | 신규    68행 | 누적    309행 | 9컬럼
2026-07-28 21:09:43,248 [INFO]    disaster_live_dst_message | 신규   104행 | 누적    222행 | 9컬럼
2026-07-28 21:09:43,248 [INFO]    events                    | 신규    13행 | 누적    104행 | 14컬럼
2026-07-28 21:09:43,248 [INFO]    events_event_stts         | 신규   139행 | 누적   1091행 | 14컬럼
2026-07-28 21:09:43,248 [INFO]    parking                   | 신규     6행 | 누적     48행 | 21컬럼
2026-07-28 21:09:43,248 [INFO]    parking_prk_stts          | 신규  1834행 | 누적  14672행 | 21컬럼
2026-07-28 21:09:43,248 [INFO]    ppltn                     | 신규   121행 | 누적    968행 | 26컬럼
2026-07-28 21:09:43,248 [INFO]    road                      | 신규   121행 | 누적    968행 | 21컬럼
2026-07-28 21:09:43,248 [INFO]    road_road_traffic_stts    | 신규  5278행 | 누적  42224행 | 17컬럼
2026-07-28 21:09:43,248 [INFO]    subway                    | 신규    38행 | 누적    304행 | 13컬럼
2026-07-28 21:09:43,248 [INFO]    subway_sub_stts           | 신규   183행 | 누적   1464행 | 13컬럼
2026-07-28 21:09:43,248 [INFO]    weather                   | 신규   119행 | 누적    952행 | 30컬럼
2026-07-28 21:09:43,248 [INFO] 키별 사용량:
2026-07-28 21:09:43,248 [INFO]    🟢 KEY_1 (31/1000) 
2026-07-28 21:09:43,249 [INFO]    🟢 KEY_2 (30/1000) 
2026-07-28 21:09:43,249 [INFO]    🟢 KEY_3 (30/1000) 
2026-07-28 21:09:43,249 [INFO]    🟢 KEY_4 (30/1000) 
