2026-08-12 00:11:35,386 [INFO] 등록된 키: 4개, 합산 한도 4,000건/일
2026-08-12 00:11:35,386 [INFO] POI 로드: 매뉴얼 v8.5 기준 fallback 121개 (121개 전체)
2026-08-12 00:11:35,386 [INFO] === 수집 시작 2026-08-12T00:11:35.386779+09:00 ===
2026-08-12 00:11:35,386 [INFO] 대상 장소: 121개 | API: citydata (통합)
2026-08-12 00:11:35,386 [INFO] 키 풀: 4/4 활성 | 오늘 사용 0/4000건
2026-08-12 00:11:35,387 [INFO]   [KEY_1] 담당 31장소
2026-08-12 00:11:35,387 [INFO]   [KEY_2] 담당 30장소
2026-08-12 00:11:35,387 [INFO]   [KEY_3] 담당 30장소
2026-08-12 00:11:35,387 [INFO]   [KEY_4] 담당 30장소
2026-08-12 00:11:35,387 [INFO] [1/121] 경복궁 (primary=KEY_1)
2026-08-12 00:11:37,484 [INFO] [2/121] 광화문·덕수궁 (primary=KEY_2)
2026-08-12 00:11:39,706 [INFO] [3/121] 보신각 (primary=KEY_3)
2026-08-12 00:11:41,458 [INFO] [4/121] 서울 암사동 유적 (primary=KEY_4)
2026-08-12 00:11:43,059 [INFO] [5/121] 창덕궁·종묘 (primary=KEY_1)
2026-08-12 00:11:44,218 [INFO] [6/121] 강남 MICE 관광특구 (primary=KEY_2)
2026-08-12 00:11:45,994 [INFO] [7/121] 동대문 관광특구 (primary=KEY_3)
2026-08-12 00:11:47,374 [INFO] [8/121] 명동 관광특구 (primary=KEY_4)
2026-08-12 00:11:49,513 [INFO] [9/121] 이태원 관광특구 (primary=KEY_1)
2026-08-12 00:11:50,708 [INFO] [10/121] 잠실 관광특구 (primary=KEY_2)
2026-08-12 00:11:52,250 [INFO] [11/121] 종로·청계 관광특구 (primary=KEY_3)
2026-08-12 00:11:53,620 [INFO] [12/121] 홍대 관광특구 (primary=KEY_4)
2026-08-12 00:11:55,029 [INFO] [13/121] 강서한강공원 (primary=KEY_1)
2026-08-12 00:11:56,767 [INFO] [14/121] 고척돔 (primary=KEY_2)
2026-08-12 00:11:58,371 [INFO] [15/121] 광나루한강공원 (primary=KEY_3)
2026-08-12 00:11:59,672 [INFO] [16/121] 광화문광장 (primary=KEY_4)
2026-08-12 00:12:01,030 [INFO] [17/121] 국립중앙박물관·용산가족공원 (primary=KEY_1)
2026-08-12 00:12:02,046 [INFO] [18/121] 난지한강공원 (primary=KEY_2)
2026-08-12 00:12:03,054 [INFO] [19/121] 남산공원 (primary=KEY_3)
2026-08-12 00:12:05,157 [INFO] [20/121] 노들섬 (primary=KEY_4)
2026-08-12 00:12:07,013 [INFO] [21/121] 뚝섬한강공원 (primary=KEY_1)
2026-08-12 00:12:08,029 [INFO] [22/121] 망원한강공원 (primary=KEY_2)
2026-08-12 00:12:09,193 [INFO] [23/121] 반포한강공원 (primary=KEY_3)
2026-08-12 00:12:10,199 [INFO] [24/121] 보라매공원 (primary=KEY_4)
2026-08-12 00:12:11,216 [INFO] [25/121] 북서울꿈의숲 (primary=KEY_1)
2026-08-12 00:12:12,386 [INFO] [26/121] 서대문독립공원 (primary=KEY_2)
2026-08-12 00:12:13,996 [INFO] [27/121] 서리풀공원·몽마르뜨공원 (primary=KEY_3)
2026-08-12 00:12:15,189 [INFO] [28/121] 서울대공원 (primary=KEY_4)
2026-08-12 00:12:17,062 [INFO] [29/121] 서울숲공원 (primary=KEY_1)
2026-08-12 00:12:18,223 [INFO] [30/121] 송현녹지광장 (primary=KEY_2)
2026-08-12 00:12:19,386 [INFO] [31/121] 아차산 (primary=KEY_3)
2026-08-12 00:12:20,391 [INFO] [32/121] 안양천 (primary=KEY_4)
2026-08-12 00:12:21,401 [INFO] [33/121] 양화한강공원 (primary=KEY_1)
2026-08-12 00:12:23,305 [INFO] [34/121] 어린이대공원 (primary=KEY_2)
2026-08-12 00:12:24,468 [INFO] [35/121] 여의도한강공원 (primary=KEY_3)
2026-08-12 00:12:25,645 [INFO] [36/121] 여의서로 (primary=KEY_4)
2026-08-12 00:12:27,379 [INFO] [37/121] 올림픽공원 (primary=KEY_1)
2026-08-12 00:12:28,713 [INFO] [38/121] 월드컵공원 (primary=KEY_2)
2026-08-12 00:12:30,058 [INFO] [39/121] 응봉산 (primary=KEY_3)
2026-08-12 00:12:31,826 [INFO] [40/121] 이촌한강공원 (primary=KEY_4)
2026-08-12 00:12:33,713 [INFO] [41/121] 잠실종합운동장 (primary=KEY_1)
2026-08-12 00:12:34,730 [INFO] [42/121] 잠실한강공원 (primary=KEY_2)
2026-08-12 00:12:35,761 [INFO] [43/121] 잠원한강공원 (primary=KEY_3)
2026-08-12 00:12:36,774 [INFO] [44/121] 청계산 (primary=KEY_4)
2026-08-12 00:12:37,786 [INFO] [45/121] 홍제폭포 (primary=KEY_1)
2026-08-12 00:12:38,784 [INFO] [46/121] 가락시장 (primary=KEY_2)
2026-08-12 00:12:39,975 [INFO] [47/121] 가로수길 (primary=KEY_3)
2026-08-12 00:12:41,191 [INFO] [48/121] 광장(전통)시장 (primary=KEY_4)
2026-08-12 00:12:42,222 [INFO] [49/121] 김포공항 (primary=KEY_1)
2026-08-12 00:12:44,428 [INFO] [50/121] 남대문시장 (primary=KEY_2)
2026-08-12 00:12:46,324 [INFO] [51/121] 노량진 (primary=KEY_3)
2026-08-12 00:12:48,100 [INFO] [52/121] 덕수궁길·정동길 (primary=KEY_4)
2026-08-12 00:12:49,874 [INFO] [53/121] 북창동 먹자골목 (primary=KEY_1)
2026-08-12 00:12:51,051 [INFO] [54/121] 북촌한옥마을 (primary=KEY_2)
2026-08-12 00:12:52,382 [INFO] [55/121] 서촌 (primary=KEY_3)
2026-08-12 00:12:53,550 [INFO] [56/121] 성수카페거리 (primary=KEY_4)
2026-08-12 00:12:55,463 [INFO] [57/121] 송리단길·호수단길 (primary=KEY_1)
2026-08-12 00:12:56,654 [INFO] [58/121] 신촌 스타광장 (primary=KEY_2)
2026-08-12 00:12:57,683 [INFO] [59/121] 압구정로데오거리 (primary=KEY_3)
2026-08-12 00:12:58,870 [INFO] [60/121] 여의도 (primary=KEY_4)
2026-08-12 00:13:01,468 [INFO] [61/121] 연남동 (primary=KEY_1)
2026-08-12 00:13:03,376 [INFO] [62/121] 영등포 타임스퀘어 (primary=KEY_2)
2026-08-12 00:13:05,425 [INFO] [63/121] 용리단길 (primary=KEY_3)
2026-08-12 00:13:06,473 [INFO] [64/121] 이태원 앤틱가구거리 (primary=KEY_4)
2026-08-12 00:13:08,242 [INFO] [65/121] 익선동 (primary=KEY_1)
2026-08-12 00:13:09,430 [INFO] [66/121] 인사동 (primary=KEY_2)
2026-08-12 00:13:10,813 [INFO] [67/121] 잠실롯데타워·석촌호수 (primary=KEY_3)
2026-08-12 00:13:12,447 [INFO] [68/121] 창동 신경제 중심지 (primary=KEY_4)
2026-08-12 00:13:13,934 [INFO] [69/121] 청담동 명품거리 (primary=KEY_1)
2026-08-12 00:13:15,820 [INFO] [70/121] 청량리 제기동 일대 전통시장 (primary=KEY_2)
2026-08-12 00:13:17,013 [INFO] [71/121] 해방촌·경리단길 (primary=KEY_3)
2026-08-12 00:13:18,961 [INFO] [72/121] DDP(동대문디자인플라자) (primary=KEY_4)
2026-08-12 00:13:20,189 [INFO] [73/121] DMC(디지털미디어시티) (primary=KEY_1)
2026-08-12 00:13:21,717 [INFO] [74/121] 가산디지털단지역 (primary=KEY_2)
2026-08-12 00:13:24,085 [INFO] [75/121] 강남역 (primary=KEY_3)
2026-08-12 00:13:25,420 [INFO] [76/121] 건대입구역 (primary=KEY_4)
2026-08-12 00:13:27,206 [INFO] [77/121] 고덕역 (primary=KEY_1)
2026-08-12 00:13:28,390 [INFO] [78/121] 고속터미널역 (primary=KEY_2)
2026-08-12 00:13:29,593 [INFO] [79/121] 교대역 (primary=KEY_3)
2026-08-12 00:13:31,657 [INFO] [80/121] 구로디지털단지역 (primary=KEY_4)
2026-08-12 00:13:33,125 [INFO] [81/121] 구로역 (primary=KEY_1)
2026-08-12 00:13:34,284 [INFO] [82/121] 군자역 (primary=KEY_2)
2026-08-12 00:13:35,470 [INFO] [83/121] 대림역 (primary=KEY_3)
2026-08-12 00:13:36,668 [INFO] [84/121] 동대문역 (primary=KEY_4)
2026-08-12 00:13:38,580 [INFO] [85/121] 뚝섬역 (primary=KEY_1)
2026-08-12 00:13:39,797 [INFO] [86/121] 미아사거리역 (primary=KEY_2)
2026-08-12 00:13:40,985 [INFO] [87/121] 발산역 (primary=KEY_3)
2026-08-12 00:13:42,452 [INFO] [88/121] 사당역 (primary=KEY_4)
2026-08-12 00:13:43,653 [INFO] [89/121] 삼각지역 (primary=KEY_1)
2026-08-12 00:13:45,685 [INFO] [90/121] 서울대입구역 (primary=KEY_2)
2026-08-12 00:13:46,864 [INFO] [91/121] 서울식물원·마곡나루역 (primary=KEY_3)
2026-08-12 00:13:48,940 [INFO] [92/121] 서울역 (primary=KEY_4)
2026-08-12 00:13:50,316 [INFO] [93/121] 선릉역 (primary=KEY_1)
2026-08-12 00:13:51,846 [INFO] [94/121] 성신여대입구역 (primary=KEY_2)
2026-08-12 00:13:52,883 [INFO] [95/121] 수유역 (primary=KEY_3)
2026-08-12 00:13:54,065 [INFO] [96/121] 숭례문 (primary=KEY_4)
2026-08-12 00:13:55,385 [INFO] [97/121] 시의회 앞 (primary=KEY_1)
2026-08-12 00:13:56,575 [INFO] [98/121] 신논현역·논현역 (primary=KEY_2)
2026-08-12 00:13:57,809 [INFO] [99/121] 신도림역 (primary=KEY_3)
2026-08-12 00:13:58,850 [INFO] [100/121] 신림역 (primary=KEY_4)
2026-08-12 00:14:00,018 [INFO] [101/121] 신정네거리역 (primary=KEY_1)
2026-08-12 00:14:01,213 [INFO] [102/121] 신촌·이대역 (primary=KEY_2)
2026-08-12 00:14:02,384 [INFO] [103/121] 쌍문역 (primary=KEY_3)
2026-08-12 00:14:03,723 [INFO] [104/121] 양재역 (primary=KEY_4)
2026-08-12 00:14:04,915 [INFO] [105/121] 역삼역 (primary=KEY_1)
2026-08-12 00:14:06,943 [INFO] [106/121] 연신내역 (primary=KEY_2)
2026-08-12 00:14:07,996 [INFO] [107/121] 오목교역·목동운동장 (primary=KEY_3)
2026-08-12 00:14:10,223 [INFO] [108/121] 왕십리역 (primary=KEY_4)
2026-08-12 00:14:11,590 [INFO] [109/121] 용산역 (primary=KEY_1)
2026-08-12 00:14:12,914 [INFO] [110/121] 이태원역 (primary=KEY_2)
2026-08-12 00:14:13,938 [INFO] [111/121] 잠실새내역 (primary=KEY_3)
2026-08-12 00:14:15,180 [INFO] [112/121] 잠실역 (primary=KEY_4)
2026-08-12 00:14:16,505 [INFO] [113/121] 장지역 (primary=KEY_1)
2026-08-12 00:14:17,845 [INFO] [114/121] 장한평역 (primary=KEY_2)
2026-08-12 00:14:19,022 [INFO] [115/121] 천호역 (primary=KEY_3)
2026-08-12 00:14:20,223 [INFO] [116/121] 총신대입구(이수)역 (primary=KEY_4)
2026-08-12 00:14:21,409 [INFO] [117/121] 충정로역 (primary=KEY_1)
2026-08-12 00:14:23,488 [INFO] [118/121] 합정역 (primary=KEY_2)
2026-08-12 00:14:24,676 [INFO] [119/121] 혜화역 (primary=KEY_3)
2026-08-12 00:14:25,871 [INFO] [120/121] 홍대입구역(2호선) (primary=KEY_4)
2026-08-12 00:14:27,078 [INFO] [121/121] 회기역 (primary=KEY_1)
2026-08-12 00:14:28,685 [INFO] === 수집 완료 | 성공 121, 실패 0 ===
2026-08-12 00:14:28,685 [INFO] 카테고리별 저장 결과:
2026-08-12 00:14:28,685 [INFO]    accident                  | 신규     2행 | 누적      2행 | 16컬럼
2026-08-12 00:14:28,685 [INFO]    area_meta                 | 신규   121행 | 누적    121행 | 5컬럼
2026-08-12 00:14:28,685 [INFO]    bike                      | 신규    11행 | 누적     11행 | 12컬럼
2026-08-12 00:14:28,685 [INFO]    bike_sbike_stts           | 신규   566행 | 누적    566행 | 12컬럼
2026-08-12 00:14:28,685 [INFO]    bus                       | 신규     3행 | 누적      3행 | 11컬럼
2026-08-12 00:14:28,686 [INFO]    bus_bus_stn_stts          | 신규  1745행 | 누적   1745행 | 11컬럼
2026-08-12 00:14:28,686 [INFO]    charger                   | 신규     4행 | 누적      4행 | 15컬럼
2026-08-12 00:14:28,686 [INFO]    charger_charger_stts      | 신규  1931행 | 누적   1931행 | 15컬럼
2026-08-12 00:14:28,686 [INFO]    cmrcl                     | 신규    82행 | 누적     82행 | 20컬럼
2026-08-12 00:14:28,686 [INFO]    disaster                  | 신규     6행 | 누적      6행 | 9컬럼
2026-08-12 00:14:28,686 [INFO]    events                    | 신규    15행 | 누적     15행 | 14컬럼
2026-08-12 00:14:28,686 [INFO]    events_event_stts         | 신규   135행 | 누적    135행 | 14컬럼
2026-08-12 00:14:28,686 [INFO]    parking                   | 신규     6행 | 누적      6행 | 21컬럼
2026-08-12 00:14:28,686 [INFO]    parking_prk_stts          | 신규  1834행 | 누적   1834행 | 21컬럼
2026-08-12 00:14:28,686 [INFO]    ppltn                     | 신규   121행 | 누적    121행 | 26컬럼
2026-08-12 00:14:28,686 [INFO]    road                      | 신규   121행 | 누적    121행 | 21컬럼
2026-08-12 00:14:28,686 [INFO]    road_road_traffic_stts    | 신규  5287행 | 누적   5287행 | 17컬럼
2026-08-12 00:14:28,686 [INFO]    subway                    | 신규    38행 | 누적     38행 | 12컬럼
2026-08-12 00:14:28,686 [INFO]    subway_sub_stts           | 신규   183행 | 누적    183행 | 13컬럼
2026-08-12 00:14:28,686 [INFO]    weather                   | 신규   119행 | 누적    119행 | 29컬럼
2026-08-12 00:14:28,686 [INFO] 키별 사용량:
2026-08-12 00:14:28,686 [INFO]    🟢 KEY_1 (31/1000) 
2026-08-12 00:14:28,686 [INFO]    🟢 KEY_2 (30/1000) 
2026-08-12 00:14:28,686 [INFO]    🟢 KEY_3 (30/1000) 
2026-08-12 00:14:28,686 [INFO]    🟢 KEY_4 (30/1000) 
2026-08-12 02:09:22,482 [INFO] 등록된 키: 4개, 합산 한도 4,000건/일
2026-08-12 02:09:22,483 [INFO] POI 로드: 매뉴얼 v8.5 기준 fallback 121개 (121개 전체)
2026-08-12 02:09:22,483 [INFO] === 수집 시작 2026-08-12T02:09:22.483594+09:00 ===
2026-08-12 02:09:22,483 [INFO] 대상 장소: 121개 | API: citydata (통합)
2026-08-12 02:09:22,483 [INFO] 키 풀: 4/4 활성 | 오늘 사용 0/4000건
2026-08-12 02:09:22,483 [INFO]   [KEY_1] 담당 31장소
2026-08-12 02:09:22,483 [INFO]   [KEY_2] 담당 30장소
2026-08-12 02:09:22,483 [INFO]   [KEY_3] 담당 30장소
2026-08-12 02:09:22,484 [INFO]   [KEY_4] 담당 30장소
2026-08-12 02:09:22,484 [INFO] [1/121] 경복궁 (primary=KEY_1)
2026-08-12 02:09:24,236 [INFO] [2/121] 광화문·덕수궁 (primary=KEY_2)
2026-08-12 02:09:26,488 [INFO] [3/121] 보신각 (primary=KEY_3)
2026-08-12 02:09:28,334 [INFO] [4/121] 서울 암사동 유적 (primary=KEY_4)
2026-08-12 02:09:29,985 [INFO] [5/121] 창덕궁·종묘 (primary=KEY_1)
2026-08-12 02:09:32,020 [INFO] [6/121] 강남 MICE 관광특구 (primary=KEY_2)
2026-08-12 02:09:33,836 [INFO] [7/121] 동대문 관광특구 (primary=KEY_3)
2026-08-12 02:09:35,871 [INFO] [8/121] 명동 관광특구 (primary=KEY_4)
2026-08-12 02:09:37,510 [INFO] [9/121] 이태원 관광특구 (primary=KEY_1)
2026-08-12 02:09:39,418 [INFO] [10/121] 잠실 관광특구 (primary=KEY_2)
2026-08-12 02:09:41,857 [INFO] [11/121] 종로·청계 관광특구 (primary=KEY_3)
2026-08-12 02:09:44,277 [INFO] [12/121] 홍대 관광특구 (primary=KEY_4)
2026-08-12 02:09:46,415 [INFO] [13/121] 강서한강공원 (primary=KEY_1)
2026-08-12 02:09:47,478 [INFO] [14/121] 고척돔 (primary=KEY_2)
2026-08-12 02:09:49,123 [INFO] [15/121] 광나루한강공원 (primary=KEY_3)
2026-08-12 02:09:50,352 [INFO] [16/121] 광화문광장 (primary=KEY_4)
2026-08-12 02:09:52,258 [INFO] [17/121] 국립중앙박물관·용산가족공원 (primary=KEY_1)
2026-08-12 02:09:53,348 [INFO] [18/121] 난지한강공원 (primary=KEY_2)
2026-08-12 02:09:55,052 [INFO] [19/121] 남산공원 (primary=KEY_3)
2026-08-12 02:09:57,131 [INFO] [20/121] 노들섬 (primary=KEY_4)
2026-08-12 02:09:59,024 [INFO] [21/121] 뚝섬한강공원 (primary=KEY_1)
2026-08-12 02:10:00,094 [INFO] [22/121] 망원한강공원 (primary=KEY_2)
2026-08-12 02:10:02,043 [INFO] [23/121] 반포한강공원 (primary=KEY_3)
2026-08-12 02:10:03,762 [INFO] [24/121] 보라매공원 (primary=KEY_4)
2026-08-12 02:10:04,893 [INFO] [25/121] 북서울꿈의숲 (primary=KEY_1)
2026-08-12 02:10:06,146 [INFO] [26/121] 서대문독립공원 (primary=KEY_2)
2026-08-12 02:10:07,225 [INFO] [27/121] 서리풀공원·몽마르뜨공원 (primary=KEY_3)
2026-08-12 02:10:08,308 [INFO] [28/121] 서울대공원 (primary=KEY_4)
2026-08-12 02:10:09,375 [INFO] [29/121] 서울숲공원 (primary=KEY_1)
2026-08-12 02:10:11,245 [INFO] [30/121] 송현녹지광장 (primary=KEY_2)
2026-08-12 02:10:12,473 [INFO] [31/121] 아차산 (primary=KEY_3)
2026-08-12 02:10:13,531 [INFO] [32/121] 안양천 (primary=KEY_4)
2026-08-12 02:10:14,587 [INFO] [33/121] 양화한강공원 (primary=KEY_1)
2026-08-12 02:10:15,645 [INFO] [34/121] 어린이대공원 (primary=KEY_2)
2026-08-12 02:10:16,883 [INFO] [35/121] 여의도한강공원 (primary=KEY_3)
2026-08-12 02:10:18,101 [INFO] [36/121] 여의서로 (primary=KEY_4)
2026-08-12 02:10:19,316 [INFO] [37/121] 올림픽공원 (primary=KEY_1)
2026-08-12 02:10:20,571 [INFO] [38/121] 월드컵공원 (primary=KEY_2)
2026-08-12 02:10:22,046 [INFO] [39/121] 응봉산 (primary=KEY_3)
2026-08-12 02:10:23,267 [INFO] [40/121] 이촌한강공원 (primary=KEY_4)
2026-08-12 02:10:24,332 [INFO] [41/121] 잠실종합운동장 (primary=KEY_1)
2026-08-12 02:10:25,394 [INFO] [42/121] 잠실한강공원 (primary=KEY_2)
2026-08-12 02:10:26,453 [INFO] [43/121] 잠원한강공원 (primary=KEY_3)
2026-08-12 02:10:27,515 [INFO] [44/121] 청계산 (primary=KEY_4)
2026-08-12 02:10:28,572 [INFO] [45/121] 홍제폭포 (primary=KEY_1)
2026-08-12 02:10:29,618 [INFO] [46/121] 가락시장 (primary=KEY_2)
2026-08-12 02:10:30,877 [INFO] [47/121] 가로수길 (primary=KEY_3)
2026-08-12 02:10:32,131 [INFO] [48/121] 광장(전통)시장 (primary=KEY_4)
2026-08-12 02:10:33,211 [INFO] [49/121] 김포공항 (primary=KEY_1)
2026-08-12 02:10:34,631 [INFO] [50/121] 남대문시장 (primary=KEY_2)
2026-08-12 02:10:35,872 [INFO] [51/121] 노량진 (primary=KEY_3)
2026-08-12 02:10:37,109 [INFO] [52/121] 덕수궁길·정동길 (primary=KEY_4)
2026-08-12 02:10:38,360 [INFO] [53/121] 북창동 먹자골목 (primary=KEY_1)
2026-08-12 02:10:39,584 [INFO] [54/121] 북촌한옥마을 (primary=KEY_2)
2026-08-12 02:10:41,025 [INFO] [55/121] 서촌 (primary=KEY_3)
2026-08-12 02:10:42,270 [INFO] [56/121] 성수카페거리 (primary=KEY_4)
2026-08-12 02:10:43,685 [INFO] [57/121] 송리단길·호수단길 (primary=KEY_1)
2026-08-12 02:10:44,944 [INFO] [58/121] 신촌 스타광장 (primary=KEY_2)
2026-08-12 02:10:46,027 [INFO] [59/121] 압구정로데오거리 (primary=KEY_3)
2026-08-12 02:10:47,251 [INFO] [60/121] 여의도 (primary=KEY_4)
2026-08-12 02:10:49,224 [INFO] [61/121] 연남동 (primary=KEY_1)
2026-08-12 02:10:50,474 [INFO] [62/121] 영등포 타임스퀘어 (primary=KEY_2)
2026-08-12 02:10:51,715 [INFO] [63/121] 용리단길 (primary=KEY_3)
2026-08-12 02:10:52,823 [INFO] [64/121] 이태원 앤틱가구거리 (primary=KEY_4)
2026-08-12 02:10:53,910 [INFO] [65/121] 익선동 (primary=KEY_1)
2026-08-12 02:10:55,160 [INFO] [66/121] 인사동 (primary=KEY_2)
2026-08-12 02:10:56,560 [INFO] [67/121] 잠실롯데타워·석촌호수 (primary=KEY_3)
2026-08-12 02:10:58,156 [INFO] [68/121] 창동 신경제 중심지 (primary=KEY_4)
2026-08-12 02:10:59,730 [INFO] [69/121] 청담동 명품거리 (primary=KEY_1)
2026-08-12 02:11:00,979 [INFO] [70/121] 청량리 제기동 일대 전통시장 (primary=KEY_2)
2026-08-12 02:11:02,219 [INFO] [71/121] 해방촌·경리단길 (primary=KEY_3)
2026-08-12 02:11:03,316 [INFO] [72/121] DDP(동대문디자인플라자) (primary=KEY_4)
2026-08-12 02:11:04,560 [INFO] [73/121] DMC(디지털미디어시티) (primary=KEY_1)
2026-08-12 02:11:06,146 [INFO] [74/121] 가산디지털단지역 (primary=KEY_2)
2026-08-12 02:11:07,883 [INFO] [75/121] 강남역 (primary=KEY_3)
2026-08-12 02:11:09,306 [INFO] [76/121] 건대입구역 (primary=KEY_4)
2026-08-12 02:11:10,547 [INFO] [77/121] 고덕역 (primary=KEY_1)
2026-08-12 02:11:12,589 [INFO] [78/121] 고속터미널역 (primary=KEY_2)
2026-08-12 02:11:13,825 [INFO] [79/121] 교대역 (primary=KEY_3)
2026-08-12 02:11:15,066 [INFO] [80/121] 구로디지털단지역 (primary=KEY_4)
2026-08-12 02:11:16,639 [INFO] [81/121] 구로역 (primary=KEY_1)
2026-08-12 02:11:17,857 [INFO] [82/121] 군자역 (primary=KEY_2)
2026-08-12 02:11:18,941 [INFO] [83/121] 대림역 (primary=KEY_3)
2026-08-12 02:11:20,183 [INFO] [84/121] 동대문역 (primary=KEY_4)
2026-08-12 02:11:21,470 [INFO] [85/121] 뚝섬역 (primary=KEY_1)
2026-08-12 02:11:22,701 [INFO] [86/121] 미아사거리역 (primary=KEY_2)
2026-08-12 02:11:23,945 [INFO] [87/121] 발산역 (primary=KEY_3)
2026-08-12 02:11:25,506 [INFO] [88/121] 사당역 (primary=KEY_4)
2026-08-12 02:11:26,751 [INFO] [89/121] 삼각지역 (primary=KEY_1)
2026-08-12 02:11:27,827 [INFO] [90/121] 서울대입구역 (primary=KEY_2)
2026-08-12 02:11:29,064 [INFO] [91/121] 서울식물원·마곡나루역 (primary=KEY_3)
2026-08-12 02:11:30,455 [INFO] [92/121] 서울역 (primary=KEY_4)
2026-08-12 02:11:31,735 [INFO] [93/121] 선릉역 (primary=KEY_1)
2026-08-12 02:11:33,313 [INFO] [94/121] 성신여대입구역 (primary=KEY_2)
2026-08-12 02:11:34,402 [INFO] [95/121] 수유역 (primary=KEY_3)
2026-08-12 02:11:35,640 [INFO] [96/121] 숭례문 (primary=KEY_4)
2026-08-12 02:11:37,059 [INFO] [97/121] 시의회 앞 (primary=KEY_1)
2026-08-12 02:11:38,302 [INFO] [98/121] 신논현역·논현역 (primary=KEY_2)
2026-08-12 02:11:39,555 [INFO] [99/121] 신도림역 (primary=KEY_3)
2026-08-12 02:11:40,626 [INFO] [100/121] 신림역 (primary=KEY_4)
2026-08-12 02:11:42,302 [INFO] [101/121] 신정네거리역 (primary=KEY_1)
2026-08-12 02:11:43,543 [INFO] [102/121] 신촌·이대역 (primary=KEY_2)
2026-08-12 02:11:44,776 [INFO] [103/121] 쌍문역 (primary=KEY_3)
2026-08-12 02:11:46,022 [INFO] [104/121] 양재역 (primary=KEY_4)
2026-08-12 02:11:47,257 [INFO] [105/121] 역삼역 (primary=KEY_1)
2026-08-12 02:11:48,664 [INFO] [106/121] 연신내역 (primary=KEY_2)
2026-08-12 02:11:49,758 [INFO] [107/121] 오목교역·목동운동장 (primary=KEY_3)
2026-08-12 02:11:51,506 [INFO] [108/121] 왕십리역 (primary=KEY_4)
2026-08-12 02:11:52,796 [INFO] [109/121] 용산역 (primary=KEY_1)
2026-08-12 02:11:54,216 [INFO] [110/121] 이태원역 (primary=KEY_2)
2026-08-12 02:11:55,292 [INFO] [111/121] 잠실새내역 (primary=KEY_3)
2026-08-12 02:11:56,606 [INFO] [112/121] 잠실역 (primary=KEY_4)
2026-08-12 02:11:58,009 [INFO] [113/121] 장지역 (primary=KEY_1)
2026-08-12 02:11:59,424 [INFO] [114/121] 장한평역 (primary=KEY_2)
2026-08-12 02:12:00,675 [INFO] [115/121] 천호역 (primary=KEY_3)
2026-08-12 02:12:01,945 [INFO] [116/121] 총신대입구(이수)역 (primary=KEY_4)
2026-08-12 02:12:03,206 [INFO] [117/121] 충정로역 (primary=KEY_1)
2026-08-12 02:12:04,471 [INFO] [118/121] 합정역 (primary=KEY_2)
2026-08-12 02:12:05,718 [INFO] [119/121] 혜화역 (primary=KEY_3)
2026-08-12 02:12:06,962 [INFO] [120/121] 홍대입구역(2호선) (primary=KEY_4)
2026-08-12 02:12:08,218 [INFO] [121/121] 회기역 (primary=KEY_1)
2026-08-12 02:12:10,154 [INFO] === 수집 완료 | 성공 121, 실패 0 ===
2026-08-12 02:12:10,154 [INFO] 카테고리별 저장 결과:
2026-08-12 02:12:10,154 [INFO]    accident                  | 신규     2행 | 누적      4행 | 16컬럼
2026-08-12 02:12:10,154 [INFO]    area_meta                 | 신규   121행 | 누적    242행 | 5컬럼
2026-08-12 02:12:10,154 [INFO]    bike                      | 신규    11행 | 누적     22행 | 12컬럼
2026-08-12 02:12:10,154 [INFO]    bike_sbike_stts           | 신규   566행 | 누적   1132행 | 12컬럼
2026-08-12 02:12:10,154 [INFO]    bus                       | 신규     3행 | 누적      6행 | 11컬럼
2026-08-12 02:12:10,154 [INFO]    bus_bus_stn_stts          | 신규  1745행 | 누적   3490행 | 11컬럼
2026-08-12 02:12:10,154 [INFO]    charger                   | 신규     4행 | 누적      8행 | 15컬럼
2026-08-12 02:12:10,154 [INFO]    charger_charger_stts      | 신규  1931행 | 누적   3836행 | 15컬럼
2026-08-12 02:12:10,154 [INFO]    cmrcl                     | 신규    82행 | 누적    164행 | 20컬럼
2026-08-12 02:12:10,154 [INFO]    events                    | 신규    15행 | 누적     30행 | 14컬럼
2026-08-12 02:12:10,154 [INFO]    events_event_stts         | 신규   135행 | 누적    270행 | 14컬럼
2026-08-12 02:12:10,155 [INFO]    parking                   | 신규     6행 | 누적     12행 | 21컬럼
2026-08-12 02:12:10,155 [INFO]    parking_prk_stts          | 신규  1834행 | 누적   3668행 | 21컬럼
2026-08-12 02:12:10,155 [INFO]    ppltn                     | 신규   121행 | 누적    242행 | 26컬럼
2026-08-12 02:12:10,155 [INFO]    road                      | 신규   121행 | 누적    242행 | 21컬럼
2026-08-12 02:12:10,155 [INFO]    road_road_traffic_stts    | 신규  5287행 | 누적  10574행 | 17컬럼
2026-08-12 02:12:10,155 [INFO]    subway                    | 신규    38행 | 누적     76행 | 12컬럼
2026-08-12 02:12:10,155 [INFO]    subway_sub_stts           | 신규   183행 | 누적    366행 | 13컬럼
2026-08-12 02:12:10,155 [INFO]    weather                   | 신규   119행 | 누적    238행 | 29컬럼
2026-08-12 02:12:10,155 [INFO] 키별 사용량:
2026-08-12 02:12:10,155 [INFO]    🟢 KEY_1 (31/1000) 
2026-08-12 02:12:10,155 [INFO]    🟢 KEY_2 (30/1000) 
2026-08-12 02:12:10,155 [INFO]    🟢 KEY_3 (30/1000) 
2026-08-12 02:12:10,155 [INFO]    🟢 KEY_4 (30/1000) 
