2026-05-24 00:32:23,326 [INFO] 등록된 키: 4개, 합산 한도 4,000건/일
2026-05-24 00:32:23,327 [INFO] POI 로드: 매뉴얼 v8.5 기준 fallback 121개 (121개 전체)
2026-05-24 00:32:23,327 [INFO] === 수집 시작 2026-05-24T00:32:23.327738+09:00 ===
2026-05-24 00:32:23,327 [INFO] 대상 장소: 121개 | API: citydata (통합)
2026-05-24 00:32:23,327 [INFO] 키 풀: 4/4 활성 | 오늘 사용 0/4000건
2026-05-24 00:32:23,328 [INFO]   [KEY_1] 담당 31장소
2026-05-24 00:32:23,328 [INFO]   [KEY_2] 담당 30장소
2026-05-24 00:32:23,328 [INFO]   [KEY_3] 담당 30장소
2026-05-24 00:32:23,328 [INFO]   [KEY_4] 담당 30장소
2026-05-24 00:32:23,328 [INFO] [1/121] 경복궁 (primary=KEY_1)
2026-05-24 00:32:25,024 [INFO] [2/121] 광화문·덕수궁 (primary=KEY_2)
2026-05-24 00:32:27,002 [INFO] [3/121] 보신각 (primary=KEY_3)
2026-05-24 00:32:28,118 [INFO] [4/121] 서울 암사동 유적 (primary=KEY_4)
2026-05-24 00:32:29,221 [INFO] [5/121] 창덕궁·종묘 (primary=KEY_1)
2026-05-24 00:32:30,881 [INFO] [6/121] 강남 MICE 관광특구 (primary=KEY_2)
2026-05-24 00:32:32,549 [INFO] [7/121] 동대문 관광특구 (primary=KEY_3)
2026-05-24 00:32:33,859 [INFO] [8/121] 명동 관광특구 (primary=KEY_4)
2026-05-24 00:32:35,880 [INFO] [9/121] 이태원 관광특구 (primary=KEY_1)
2026-05-24 00:32:37,009 [INFO] [10/121] 잠실 관광특구 (primary=KEY_2)
2026-05-24 00:32:39,153 [INFO] [11/121] 종로·청계 관광특구 (primary=KEY_3)
2026-05-24 00:32:40,463 [INFO] [12/121] 홍대 관광특구 (primary=KEY_4)
2026-05-24 00:32:42,312 [INFO] [13/121] 강서한강공원 (primary=KEY_1)
2026-05-24 00:32:43,810 [INFO] [14/121] 고척돔 (primary=KEY_2)
2026-05-24 00:32:44,780 [INFO] [15/121] 광나루한강공원 (primary=KEY_3)
2026-05-24 00:32:46,422 [INFO] [16/121] 광화문광장 (primary=KEY_4)
2026-05-24 00:32:48,105 [INFO] [17/121] 국립중앙박물관·용산가족공원 (primary=KEY_1)
2026-05-24 00:32:49,089 [INFO] [18/121] 난지한강공원 (primary=KEY_2)
2026-05-24 00:32:50,582 [INFO] [19/121] 남산공원 (primary=KEY_3)
2026-05-24 00:32:51,843 [INFO] [20/121] 노들섬 (primary=KEY_4)
2026-05-24 00:32:53,340 [INFO] [21/121] 뚝섬한강공원 (primary=KEY_1)
2026-05-24 00:32:54,316 [INFO] [22/121] 망원한강공원 (primary=KEY_2)
2026-05-24 00:32:55,423 [INFO] [23/121] 반포한강공원 (primary=KEY_3)
2026-05-24 00:32:56,411 [INFO] [24/121] 보라매공원 (primary=KEY_4)
2026-05-24 00:32:57,525 [INFO] [25/121] 북서울꿈의숲 (primary=KEY_1)
2026-05-24 00:32:58,632 [INFO] [26/121] 서대문독립공원 (primary=KEY_2)
2026-05-24 00:32:59,609 [INFO] [27/121] 서리풀공원·몽마르뜨공원 (primary=KEY_3)
2026-05-24 00:33:00,612 [INFO] [28/121] 서울대공원 (primary=KEY_4)
2026-05-24 00:33:01,563 [INFO] [29/121] 서울숲공원 (primary=KEY_1)
2026-05-24 00:33:02,681 [INFO] [30/121] 송현녹지광장 (primary=KEY_2)
2026-05-24 00:33:03,789 [INFO] [31/121] 아차산 (primary=KEY_3)
2026-05-24 00:33:04,750 [INFO] [32/121] 안양천 (primary=KEY_4)
2026-05-24 00:33:06,284 [INFO] [33/121] 양화한강공원 (primary=KEY_1)
2026-05-24 00:33:08,046 [INFO] [34/121] 어린이대공원 (primary=KEY_2)
2026-05-24 00:33:09,700 [INFO] [35/121] 여의도한강공원 (primary=KEY_3)
2026-05-24 00:33:11,325 [INFO] [36/121] 여의서로 (primary=KEY_4)
2026-05-24 00:33:13,228 [INFO] [37/121] 올림픽공원 (primary=KEY_1)
2026-05-24 00:33:14,904 [INFO] [38/121] 월드컵공원 (primary=KEY_2)
2026-05-24 00:33:16,720 [INFO] [39/121] 응봉산 (primary=KEY_3)
2026-05-24 00:33:18,355 [INFO] [40/121] 이촌한강공원 (primary=KEY_4)
2026-05-24 00:33:19,318 [INFO] [41/121] 잠실종합운동장 (primary=KEY_1)
2026-05-24 00:33:20,828 [INFO] [42/121] 잠실한강공원 (primary=KEY_2)
2026-05-24 00:33:22,614 [INFO] [43/121] 잠원한강공원 (primary=KEY_3)
2026-05-24 00:33:24,127 [INFO] [44/121] 청계산 (primary=KEY_4)
2026-05-24 00:33:25,083 [INFO] [45/121] 홍제폭포 (primary=KEY_1)
2026-05-24 00:33:26,040 [INFO] [46/121] 가락시장 (primary=KEY_2)
2026-05-24 00:33:27,182 [INFO] [47/121] 가로수길 (primary=KEY_3)
2026-05-24 00:33:28,337 [INFO] [48/121] 광장(전통)시장 (primary=KEY_4)
2026-05-24 00:33:29,316 [INFO] [49/121] 김포공항 (primary=KEY_1)
2026-05-24 00:33:30,479 [INFO] [50/121] 남대문시장 (primary=KEY_2)
2026-05-24 00:33:32,142 [INFO] [51/121] 노량진 (primary=KEY_3)
2026-05-24 00:33:33,280 [INFO] [52/121] 덕수궁길·정동길 (primary=KEY_4)
2026-05-24 00:33:34,424 [INFO] [53/121] 북창동 먹자골목 (primary=KEY_1)
2026-05-24 00:33:35,532 [INFO] [54/121] 북촌한옥마을 (primary=KEY_2)
2026-05-24 00:33:36,798 [INFO] [55/121] 서촌 (primary=KEY_3)
2026-05-24 00:33:37,914 [INFO] [56/121] 성수카페거리 (primary=KEY_4)
2026-05-24 00:33:39,194 [INFO] [57/121] 송리단길·호수단길 (primary=KEY_1)
2026-05-24 00:33:40,339 [INFO] [58/121] 신촌 스타광장 (primary=KEY_2)
2026-05-24 00:33:41,324 [INFO] [59/121] 압구정로데오거리 (primary=KEY_3)
2026-05-24 00:33:42,451 [INFO] [60/121] 여의도 (primary=KEY_4)
2026-05-24 00:33:44,749 [INFO] [61/121] 연남동 (primary=KEY_1)
2026-05-24 00:33:45,863 [INFO] [62/121] 영등포 타임스퀘어 (primary=KEY_2)
2026-05-24 00:33:46,988 [INFO] [63/121] 용리단길 (primary=KEY_3)
2026-05-24 00:33:48,523 [INFO] [64/121] 이태원 앤틱가구거리 (primary=KEY_4)
2026-05-24 00:33:49,629 [INFO] [65/121] 익선동 (primary=KEY_1)
2026-05-24 00:33:50,768 [INFO] [66/121] 인사동 (primary=KEY_2)
2026-05-24 00:33:52,031 [INFO] [67/121] 잠실롯데타워·석촌호수 (primary=KEY_3)
2026-05-24 00:33:53,465 [INFO] [68/121] 창동 신경제 중심지 (primary=KEY_4)
2026-05-24 00:33:54,918 [INFO] [69/121] 청담동 명품거리 (primary=KEY_1)
2026-05-24 00:33:56,066 [INFO] [70/121] 청량리 제기동 일대 전통시장 (primary=KEY_2)
2026-05-24 00:33:57,194 [INFO] [71/121] 해방촌·경리단길 (primary=KEY_3)
2026-05-24 00:33:58,175 [INFO] [72/121] DDP(동대문디자인플라자) (primary=KEY_4)
2026-05-24 00:33:59,318 [INFO] [73/121] DMC(디지털미디어시티) (primary=KEY_1)
2026-05-24 00:34:00,784 [INFO] [74/121] 가산디지털단지역 (primary=KEY_2)
2026-05-24 00:34:02,367 [INFO] [75/121] 강남역 (primary=KEY_3)
2026-05-24 00:34:03,665 [INFO] [76/121] 건대입구역 (primary=KEY_4)
2026-05-24 00:34:04,796 [INFO] [77/121] 고덕역 (primary=KEY_1)
2026-05-24 00:34:05,918 [INFO] [78/121] 고속터미널역 (primary=KEY_2)
2026-05-24 00:34:07,060 [INFO] [79/121] 교대역 (primary=KEY_3)
2026-05-24 00:34:08,066 [INFO] [80/121] 구로디지털단지역 (primary=KEY_4)
2026-05-24 00:34:09,471 [INFO] [81/121] 구로역 (primary=KEY_1)
2026-05-24 00:34:10,575 [INFO] [82/121] 군자역 (primary=KEY_2)
2026-05-24 00:34:11,587 [INFO] [83/121] 대림역 (primary=KEY_3)
2026-05-24 00:34:12,719 [INFO] [84/121] 동대문역 (primary=KEY_4)
2026-05-24 00:34:13,833 [INFO] [85/121] 뚝섬역 (primary=KEY_1)
2026-05-24 00:34:14,958 [INFO] [86/121] 미아사거리역 (primary=KEY_2)
2026-05-24 00:34:16,084 [INFO] [87/121] 발산역 (primary=KEY_3)
2026-05-24 00:34:17,488 [INFO] [88/121] 사당역 (primary=KEY_4)
2026-05-24 00:34:18,614 [INFO] [89/121] 삼각지역 (primary=KEY_1)
2026-05-24 00:34:19,599 [INFO] [90/121] 서울대입구역 (primary=KEY_2)
2026-05-24 00:34:20,711 [INFO] [91/121] 서울식물원·마곡나루역 (primary=KEY_3)
2026-05-24 00:34:21,977 [INFO] [92/121] 서울역 (primary=KEY_4)
2026-05-24 00:34:23,704 [INFO] [93/121] 선릉역 (primary=KEY_1)
2026-05-24 00:34:25,135 [INFO] [94/121] 성신여대입구역 (primary=KEY_2)
2026-05-24 00:34:26,134 [INFO] [95/121] 수유역 (primary=KEY_3)
2026-05-24 00:34:27,257 [INFO] [96/121] 숭례문 (primary=KEY_4)
2026-05-24 00:34:28,378 [INFO] [97/121] 시의회 앞 (primary=KEY_1)
2026-05-24 00:34:29,509 [INFO] [98/121] 신논현역·논현역 (primary=KEY_2)
2026-05-24 00:34:30,659 [INFO] [99/121] 신도림역 (primary=KEY_3)
2026-05-24 00:34:31,651 [INFO] [100/121] 신림역 (primary=KEY_4)
2026-05-24 00:34:32,764 [INFO] [101/121] 신정네거리역 (primary=KEY_1)
2026-05-24 00:34:33,894 [INFO] [102/121] 신촌·이대역 (primary=KEY_2)
2026-05-24 00:34:35,023 [INFO] [103/121] 쌍문역 (primary=KEY_3)
2026-05-24 00:34:36,149 [INFO] [104/121] 양재역 (primary=KEY_4)
2026-05-24 00:34:37,296 [INFO] [105/121] 역삼역 (primary=KEY_1)
2026-05-24 00:34:38,549 [INFO] [106/121] 연신내역 (primary=KEY_2)
2026-05-24 00:34:39,561 [INFO] [107/121] 오목교역·목동운동장 (primary=KEY_3)
2026-05-24 00:34:41,108 [INFO] [108/121] 왕십리역 (primary=KEY_4)
2026-05-24 00:34:42,263 [INFO] [109/121] 용산역 (primary=KEY_1)
2026-05-24 00:34:43,544 [INFO] [110/121] 이태원역 (primary=KEY_2)
2026-05-24 00:34:44,583 [INFO] [111/121] 잠실새내역 (primary=KEY_3)
2026-05-24 00:34:45,713 [INFO] [112/121] 잠실역 (primary=KEY_4)
2026-05-24 00:34:46,980 [INFO] [113/121] 장지역 (primary=KEY_1)
2026-05-24 00:34:48,244 [INFO] [114/121] 장한평역 (primary=KEY_2)
2026-05-24 00:34:49,356 [INFO] [115/121] 천호역 (primary=KEY_3)
2026-05-24 00:34:50,478 [INFO] [116/121] 총신대입구(이수)역 (primary=KEY_4)
2026-05-24 00:34:51,624 [INFO] [117/121] 충정로역 (primary=KEY_1)
2026-05-24 00:34:52,766 [INFO] [118/121] 합정역 (primary=KEY_2)
2026-05-24 00:34:53,917 [INFO] [119/121] 혜화역 (primary=KEY_3)
2026-05-24 00:34:55,021 [INFO] [120/121] 홍대입구역(2호선) (primary=KEY_4)
2026-05-24 00:34:56,146 [INFO] [121/121] 회기역 (primary=KEY_1)
2026-05-24 00:34:57,672 [INFO] === 수집 완료 | 성공 121, 실패 0 ===
2026-05-24 00:34:57,672 [INFO] 카테고리별 저장 결과:
2026-05-24 00:34:57,672 [INFO]    accident                  | 신규     2행 | 누적      2행 | 16컬럼
2026-05-24 00:34:57,673 [INFO]    area_meta                 | 신규   121행 | 누적    121행 | 5컬럼
2026-05-24 00:34:57,673 [INFO]    bike                      | 신규    11행 | 누적     11행 | 12컬럼
2026-05-24 00:34:57,673 [INFO]    bike_sbike_stts           | 신규   556행 | 누적    556행 | 12컬럼
2026-05-24 00:34:57,673 [INFO]    bus                       | 신규     3행 | 누적      3행 | 11컬럼
2026-05-24 00:34:57,673 [INFO]    bus_bus_stn_stts          | 신규  1745행 | 누적   1745행 | 11컬럼
2026-05-24 00:34:57,673 [INFO]    charger                   | 신규     4행 | 누적      4행 | 15컬럼
2026-05-24 00:34:57,673 [INFO]    charger_charger_stts      | 신규  1869행 | 누적   1869행 | 15컬럼
2026-05-24 00:34:57,673 [INFO]    cmrcl                     | 신규    82행 | 누적     82행 | 20컬럼
2026-05-24 00:34:57,673 [INFO]    events                    | 신규    11행 | 누적     11행 | 14컬럼
2026-05-24 00:34:57,673 [INFO]    events_event_stts         | 신규   180행 | 누적    180행 | 14컬럼
2026-05-24 00:34:57,673 [INFO]    parking                   | 신규     6행 | 누적      6행 | 21컬럼
2026-05-24 00:34:57,673 [INFO]    parking_prk_stts          | 신규  1835행 | 누적   1835행 | 21컬럼
2026-05-24 00:34:57,673 [INFO]    ppltn                     | 신규   121행 | 누적    121행 | 26컬럼
2026-05-24 00:34:57,673 [INFO]    road                      | 신규   121행 | 누적    121행 | 21컬럼
2026-05-24 00:34:57,673 [INFO]    road_road_traffic_stts    | 신규  5250행 | 누적   5250행 | 17컬럼
2026-05-24 00:34:57,673 [INFO]    subway                    | 신규    38행 | 누적     38행 | 13컬럼
2026-05-24 00:34:57,673 [INFO]    subway_sub_stts           | 신규   183행 | 누적    183행 | 13컬럼
2026-05-24 00:34:57,673 [INFO]    weather                   | 신규   119행 | 누적    119행 | 29컬럼
2026-05-24 00:34:57,673 [INFO] 키별 사용량:
2026-05-24 00:34:57,674 [INFO]    🟢 KEY_1 (31/1000) 
2026-05-24 00:34:57,674 [INFO]    🟢 KEY_2 (30/1000) 
2026-05-24 00:34:57,674 [INFO]    🟢 KEY_3 (30/1000) 
2026-05-24 00:34:57,674 [INFO]    🟢 KEY_4 (30/1000) 
2026-05-24 01:29:49,042 [INFO] 등록된 키: 4개, 합산 한도 4,000건/일
2026-05-24 01:29:49,043 [INFO] POI 로드: 매뉴얼 v8.5 기준 fallback 121개 (121개 전체)
2026-05-24 01:29:49,043 [INFO] === 수집 시작 2026-05-24T01:29:49.043129+09:00 ===
2026-05-24 01:29:49,043 [INFO] 대상 장소: 121개 | API: citydata (통합)
2026-05-24 01:29:49,043 [INFO] 키 풀: 4/4 활성 | 오늘 사용 0/4000건
2026-05-24 01:29:49,043 [INFO]   [KEY_1] 담당 31장소
2026-05-24 01:29:49,043 [INFO]   [KEY_2] 담당 30장소
2026-05-24 01:29:49,043 [INFO]   [KEY_3] 담당 30장소
2026-05-24 01:29:49,043 [INFO]   [KEY_4] 담당 30장소
2026-05-24 01:29:49,043 [INFO] [1/121] 경복궁 (primary=KEY_1)
2026-05-24 01:29:50,875 [INFO] [2/121] 광화문·덕수궁 (primary=KEY_2)
2026-05-24 01:29:53,047 [INFO] [3/121] 보신각 (primary=KEY_3)
2026-05-24 01:29:54,986 [INFO] [4/121] 서울 암사동 유적 (primary=KEY_4)
2026-05-24 01:29:56,743 [INFO] [5/121] 창덕궁·종묘 (primary=KEY_1)
2026-05-24 01:29:57,990 [INFO] [6/121] 강남 MICE 관광특구 (primary=KEY_2)
2026-05-24 01:29:59,284 [INFO] [7/121] 동대문 관광특구 (primary=KEY_3)
2026-05-24 01:30:01,450 [INFO] [8/121] 명동 관광특구 (primary=KEY_4)
2026-05-24 01:30:03,640 [INFO] [9/121] 이태원 관광특구 (primary=KEY_1)
2026-05-24 01:30:04,906 [INFO] [10/121] 잠실 관광특구 (primary=KEY_2)
2026-05-24 01:30:06,392 [INFO] [11/121] 종로·청계 관광특구 (primary=KEY_3)
2026-05-24 01:30:07,869 [INFO] [12/121] 홍대 관광특구 (primary=KEY_4)
2026-05-24 01:30:10,037 [INFO] [13/121] 강서한강공원 (primary=KEY_1)
2026-05-24 01:30:11,093 [INFO] [14/121] 고척돔 (primary=KEY_2)
2026-05-24 01:30:12,162 [INFO] [15/121] 광나루한강공원 (primary=KEY_3)
2026-05-24 01:30:13,983 [INFO] [16/121] 광화문광장 (primary=KEY_4)
2026-05-24 01:30:15,251 [INFO] [17/121] 국립중앙박물관·용산가족공원 (primary=KEY_1)
2026-05-24 01:30:16,352 [INFO] [18/121] 난지한강공원 (primary=KEY_2)
2026-05-24 01:30:18,468 [INFO] [19/121] 남산공원 (primary=KEY_3)
2026-05-24 01:30:19,946 [INFO] [20/121] 노들섬 (primary=KEY_4)
2026-05-24 01:30:21,034 [INFO] [21/121] 뚝섬한강공원 (primary=KEY_1)
2026-05-24 01:30:22,124 [INFO] [22/121] 망원한강공원 (primary=KEY_2)
2026-05-24 01:30:23,409 [INFO] [23/121] 반포한강공원 (primary=KEY_3)
2026-05-24 01:30:24,487 [INFO] [24/121] 보라매공원 (primary=KEY_4)
2026-05-24 01:30:25,590 [INFO] [25/121] 북서울꿈의숲 (primary=KEY_1)
2026-05-24 01:30:26,696 [INFO] [26/121] 서대문독립공원 (primary=KEY_2)
2026-05-24 01:30:28,454 [INFO] [27/121] 서리풀공원·몽마르뜨공원 (primary=KEY_3)
2026-05-24 01:30:29,579 [INFO] [28/121] 서울대공원 (primary=KEY_4)
2026-05-24 01:30:30,667 [INFO] [29/121] 서울숲공원 (primary=KEY_1)
2026-05-24 01:30:31,943 [INFO] [30/121] 송현녹지광장 (primary=KEY_2)
2026-05-24 01:30:33,195 [INFO] [31/121] 아차산 (primary=KEY_3)
2026-05-24 01:30:34,294 [INFO] [32/121] 안양천 (primary=KEY_4)
2026-05-24 01:30:35,935 [INFO] [33/121] 양화한강공원 (primary=KEY_1)
2026-05-24 01:30:37,012 [INFO] [34/121] 어린이대공원 (primary=KEY_2)
2026-05-24 01:30:38,118 [INFO] [35/121] 여의도한강공원 (primary=KEY_3)
2026-05-24 01:30:39,373 [INFO] [36/121] 여의서로 (primary=KEY_4)
2026-05-24 01:30:41,145 [INFO] [37/121] 올림픽공원 (primary=KEY_1)
2026-05-24 01:30:42,423 [INFO] [38/121] 월드컵공원 (primary=KEY_2)
2026-05-24 01:30:43,872 [INFO] [39/121] 응봉산 (primary=KEY_3)
2026-05-24 01:30:45,107 [INFO] [40/121] 이촌한강공원 (primary=KEY_4)
2026-05-24 01:30:46,188 [INFO] [41/121] 잠실종합운동장 (primary=KEY_1)
2026-05-24 01:30:47,261 [INFO] [42/121] 잠실한강공원 (primary=KEY_2)
2026-05-24 01:30:48,349 [INFO] [43/121] 잠원한강공원 (primary=KEY_3)
2026-05-24 01:30:49,429 [INFO] [44/121] 청계산 (primary=KEY_4)
2026-05-24 01:30:50,498 [INFO] [45/121] 홍제폭포 (primary=KEY_1)
2026-05-24 01:30:51,563 [INFO] [46/121] 가락시장 (primary=KEY_2)
2026-05-24 01:30:52,853 [INFO] [47/121] 가로수길 (primary=KEY_3)
2026-05-24 01:30:54,129 [INFO] [48/121] 광장(전통)시장 (primary=KEY_4)
2026-05-24 01:30:55,209 [INFO] [49/121] 김포공항 (primary=KEY_1)
2026-05-24 01:30:56,523 [INFO] [50/121] 남대문시장 (primary=KEY_2)
2026-05-24 01:30:57,624 [INFO] [51/121] 노량진 (primary=KEY_3)
2026-05-24 01:30:58,721 [INFO] [52/121] 덕수궁길·정동길 (primary=KEY_4)
2026-05-24 01:31:00,006 [INFO] [53/121] 북창동 먹자골목 (primary=KEY_1)
2026-05-24 01:31:01,091 [INFO] [54/121] 북촌한옥마을 (primary=KEY_2)
2026-05-24 01:31:02,367 [INFO] [55/121] 서촌 (primary=KEY_3)
2026-05-24 01:31:03,633 [INFO] [56/121] 성수카페거리 (primary=KEY_4)
2026-05-24 01:31:04,897 [INFO] [57/121] 송리단길·호수단길 (primary=KEY_1)
2026-05-24 01:31:06,165 [INFO] [58/121] 신촌 스타광장 (primary=KEY_2)
2026-05-24 01:31:07,261 [INFO] [59/121] 압구정로데오거리 (primary=KEY_3)
2026-05-24 01:31:08,508 [INFO] [60/121] 여의도 (primary=KEY_4)
2026-05-24 01:31:10,340 [INFO] [61/121] 연남동 (primary=KEY_1)
2026-05-24 01:31:11,641 [INFO] [62/121] 영등포 타임스퀘어 (primary=KEY_2)
2026-05-24 01:31:12,895 [INFO] [63/121] 용리단길 (primary=KEY_3)
2026-05-24 01:31:14,000 [INFO] [64/121] 이태원 앤틱가구거리 (primary=KEY_4)
2026-05-24 01:31:15,089 [INFO] [65/121] 익선동 (primary=KEY_1)
2026-05-24 01:31:16,364 [INFO] [66/121] 인사동 (primary=KEY_2)
2026-05-24 01:31:17,639 [INFO] [67/121] 잠실롯데타워·석촌호수 (primary=KEY_3)
2026-05-24 01:31:18,901 [INFO] [68/121] 창동 신경제 중심지 (primary=KEY_4)
2026-05-24 01:31:20,379 [INFO] [69/121] 청담동 명품거리 (primary=KEY_1)
2026-05-24 01:31:21,705 [INFO] [70/121] 청량리 제기동 일대 전통시장 (primary=KEY_2)
2026-05-24 01:31:22,983 [INFO] [71/121] 해방촌·경리단길 (primary=KEY_3)
2026-05-24 01:31:24,064 [INFO] [72/121] DDP(동대문디자인플라자) (primary=KEY_4)
2026-05-24 01:31:25,380 [INFO] [73/121] DMC(디지털미디어시티) (primary=KEY_1)
2026-05-24 01:31:26,831 [INFO] [74/121] 가산디지털단지역 (primary=KEY_2)
2026-05-24 01:31:28,278 [INFO] [75/121] 강남역 (primary=KEY_3)
2026-05-24 01:31:29,728 [INFO] [76/121] 건대입구역 (primary=KEY_4)
2026-05-24 01:31:31,019 [INFO] [77/121] 고덕역 (primary=KEY_1)
2026-05-24 01:31:32,104 [INFO] [78/121] 고속터미널역 (primary=KEY_2)
2026-05-24 01:31:33,223 [INFO] [79/121] 교대역 (primary=KEY_3)
2026-05-24 01:31:34,323 [INFO] [80/121] 구로디지털단지역 (primary=KEY_4)
2026-05-24 01:31:35,597 [INFO] [81/121] 구로역 (primary=KEY_1)
2026-05-24 01:31:36,682 [INFO] [82/121] 군자역 (primary=KEY_2)
2026-05-24 01:31:37,792 [INFO] [83/121] 대림역 (primary=KEY_3)
2026-05-24 01:31:38,887 [INFO] [84/121] 동대문역 (primary=KEY_4)
2026-05-24 01:31:39,984 [INFO] [85/121] 뚝섬역 (primary=KEY_1)
2026-05-24 01:31:41,241 [INFO] [86/121] 미아사거리역 (primary=KEY_2)
2026-05-24 01:31:42,527 [INFO] [87/121] 발산역 (primary=KEY_3)
2026-05-24 01:31:43,963 [INFO] [88/121] 사당역 (primary=KEY_4)
2026-05-24 01:31:45,243 [INFO] [89/121] 삼각지역 (primary=KEY_1)
2026-05-24 01:31:46,336 [INFO] [90/121] 서울대입구역 (primary=KEY_2)
2026-05-24 01:31:47,429 [INFO] [91/121] 서울식물원·마곡나루역 (primary=KEY_3)
2026-05-24 01:31:48,708 [INFO] [92/121] 서울역 (primary=KEY_4)
2026-05-24 01:31:50,026 [INFO] [93/121] 선릉역 (primary=KEY_1)
2026-05-24 01:31:51,489 [INFO] [94/121] 성신여대입구역 (primary=KEY_2)
2026-05-24 01:31:52,604 [INFO] [95/121] 수유역 (primary=KEY_3)
2026-05-24 01:31:53,856 [INFO] [96/121] 숭례문 (primary=KEY_4)
2026-05-24 01:31:55,141 [INFO] [97/121] 시의회 앞 (primary=KEY_1)
2026-05-24 01:31:56,426 [INFO] [98/121] 신논현역·논현역 (primary=KEY_2)
2026-05-24 01:31:57,734 [INFO] [99/121] 신도림역 (primary=KEY_3)
2026-05-24 01:31:58,829 [INFO] [100/121] 신림역 (primary=KEY_4)
2026-05-24 01:31:59,926 [INFO] [101/121] 신정네거리역 (primary=KEY_1)
2026-05-24 01:32:01,006 [INFO] [102/121] 신촌·이대역 (primary=KEY_2)
2026-05-24 01:32:02,266 [INFO] [103/121] 쌍문역 (primary=KEY_3)
2026-05-24 01:32:03,373 [INFO] [104/121] 양재역 (primary=KEY_4)
2026-05-24 01:32:04,469 [INFO] [105/121] 역삼역 (primary=KEY_1)
2026-05-24 01:32:05,728 [INFO] [106/121] 연신내역 (primary=KEY_2)
2026-05-24 01:32:06,830 [INFO] [107/121] 오목교역·목동운동장 (primary=KEY_3)
2026-05-24 01:32:08,247 [INFO] [108/121] 왕십리역 (primary=KEY_4)
2026-05-24 01:32:09,517 [INFO] [109/121] 용산역 (primary=KEY_1)
2026-05-24 01:32:10,775 [INFO] [110/121] 이태원역 (primary=KEY_2)
2026-05-24 01:32:11,881 [INFO] [111/121] 잠실새내역 (primary=KEY_3)
2026-05-24 01:32:13,137 [INFO] [112/121] 잠실역 (primary=KEY_4)
2026-05-24 01:32:14,415 [INFO] [113/121] 장지역 (primary=KEY_1)
2026-05-24 01:32:15,665 [INFO] [114/121] 장한평역 (primary=KEY_2)
2026-05-24 01:32:16,918 [INFO] [115/121] 천호역 (primary=KEY_3)
2026-05-24 01:32:18,180 [INFO] [116/121] 총신대입구(이수)역 (primary=KEY_4)
2026-05-24 01:32:19,500 [INFO] [117/121] 충정로역 (primary=KEY_1)
2026-05-24 01:32:20,601 [INFO] [118/121] 합정역 (primary=KEY_2)
2026-05-24 01:32:21,896 [INFO] [119/121] 혜화역 (primary=KEY_3)
2026-05-24 01:32:22,977 [INFO] [120/121] 홍대입구역(2호선) (primary=KEY_4)
2026-05-24 01:32:24,076 [INFO] [121/121] 회기역 (primary=KEY_1)
2026-05-24 01:32:26,085 [INFO] === 수집 완료 | 성공 121, 실패 0 ===
2026-05-24 01:32:26,085 [INFO] 카테고리별 저장 결과:
2026-05-24 01:32:26,085 [INFO]    accident                  | 신규     2행 | 누적      4행 | 16컬럼
2026-05-24 01:32:26,085 [INFO]    area_meta                 | 신규   121행 | 누적    242행 | 5컬럼
2026-05-24 01:32:26,085 [INFO]    bike                      | 신규    11행 | 누적     22행 | 12컬럼
2026-05-24 01:32:26,085 [INFO]    bike_sbike_stts           | 신규   556행 | 누적   1112행 | 12컬럼
2026-05-24 01:32:26,085 [INFO]    bus                       | 신규     3행 | 누적      6행 | 11컬럼
2026-05-24 01:32:26,085 [INFO]    bus_bus_stn_stts          | 신규  1745행 | 누적   3490행 | 11컬럼
2026-05-24 01:32:26,085 [INFO]    charger                   | 신규    25행 | 누적     29행 | 15컬럼
2026-05-24 01:32:26,085 [INFO]    charger_charger_stts      | 신규   322행 | 누적   2174행 | 15컬럼
2026-05-24 01:32:26,085 [INFO]    cmrcl                     | 신규    82행 | 누적    164행 | 20컬럼
2026-05-24 01:32:26,085 [INFO]    events                    | 신규    11행 | 누적     22행 | 14컬럼
2026-05-24 01:32:26,085 [INFO]    events_event_stts         | 신규   180행 | 누적    360행 | 14컬럼
2026-05-24 01:32:26,085 [INFO]    parking                   | 신규     6행 | 누적     12행 | 21컬럼
2026-05-24 01:32:26,086 [INFO]    parking_prk_stts          | 신규  1835행 | 누적   3670행 | 21컬럼
2026-05-24 01:32:26,086 [INFO]    ppltn                     | 신규   121행 | 누적    242행 | 26컬럼
2026-05-24 01:32:26,086 [INFO]    road                      | 신규   121행 | 누적    242행 | 21컬럼
2026-05-24 01:32:26,086 [INFO]    road_road_traffic_stts    | 신규  5250행 | 누적  10500행 | 17컬럼
2026-05-24 01:32:26,086 [INFO]    subway                    | 신규    38행 | 누적     76행 | 13컬럼
2026-05-24 01:32:26,086 [INFO]    subway_sub_stts           | 신규   183행 | 누적    366행 | 13컬럼
2026-05-24 01:32:26,086 [INFO]    weather                   | 신규   119행 | 누적    238행 | 29컬럼
2026-05-24 01:32:26,086 [INFO] 키별 사용량:
2026-05-24 01:32:26,086 [INFO]    🟢 KEY_1 (31/1000) 
2026-05-24 01:32:26,086 [INFO]    🟢 KEY_2 (30/1000) 
2026-05-24 01:32:26,086 [INFO]    🟢 KEY_3 (30/1000) 
2026-05-24 01:32:26,086 [INFO]    🟢 KEY_4 (30/1000) 
