2026-05-12 00:14:31,476 [INFO] 등록된 키: 3개, 합산 한도 3,000건/일
2026-05-12 00:14:31,477 [INFO] POI 로드: 매뉴얼 v8.5 기준 fallback 121개 (121개 전체)
2026-05-12 00:14:31,477 [INFO] === 수집 시작 2026-05-12T00:14:31.477260+09:00 ===
2026-05-12 00:14:31,477 [INFO] 대상 장소: 121개 | API: citydata (통합)
2026-05-12 00:14:31,477 [INFO] 키 풀: 3/3 활성 | 오늘 사용 0/3000건
2026-05-12 00:14:31,477 [INFO]   [KEY_1] 담당 41장소
2026-05-12 00:14:31,477 [INFO]   [KEY_2] 담당 40장소
2026-05-12 00:14:31,477 [INFO]   [KEY_3] 담당 40장소
2026-05-12 00:14:31,477 [INFO] [1/121] 경복궁 (primary=KEY_1)
2026-05-12 00:14:33,503 [INFO] [2/121] 광화문·덕수궁 (primary=KEY_2)
2026-05-12 00:14:36,384 [INFO] [3/121] 보신각 (primary=KEY_3)
2026-05-12 00:14:38,282 [INFO] [4/121] 서울 암사동 유적 (primary=KEY_1)
2026-05-12 00:14:39,269 [INFO] [5/121] 창덕궁·종묘 (primary=KEY_2)
2026-05-12 00:14:40,962 [INFO] [6/121] 강남 MICE 관광특구 (primary=KEY_3)
2026-05-12 00:14:42,260 [INFO] [7/121] 동대문 관광특구 (primary=KEY_1)
2026-05-12 00:14:44,187 [INFO] [8/121] 명동 관광특구 (primary=KEY_2)
2026-05-12 00:14:46,300 [INFO] [9/121] 이태원 관광특구 (primary=KEY_3)
2026-05-12 00:14:47,476 [INFO] [10/121] 잠실 관광특구 (primary=KEY_1)
2026-05-12 00:14:49,125 [INFO] [11/121] 종로·청계 관광특구 (primary=KEY_2)
2026-05-12 00:14:51,074 [INFO] [12/121] 홍대 관광특구 (primary=KEY_3)
2026-05-12 00:14:53,272 [INFO] [13/121] 강서한강공원 (primary=KEY_1)
2026-05-12 00:14:54,278 [INFO] [14/121] 고척돔 (primary=KEY_2)
2026-05-12 00:14:55,257 [INFO] [15/121] 광나루한강공원 (primary=KEY_3)
2026-05-12 00:14:57,254 [INFO] [16/121] 광화문광장 (primary=KEY_1)
2026-05-12 00:14:58,429 [INFO] [17/121] 국립중앙박물관·용산가족공원 (primary=KEY_2)
2026-05-12 00:14:59,438 [INFO] [18/121] 난지한강공원 (primary=KEY_3)
2026-05-12 00:15:00,416 [INFO] [19/121] 남산공원 (primary=KEY_1)
2026-05-12 00:15:01,742 [INFO] [20/121] 노들섬 (primary=KEY_2)
2026-05-12 00:15:02,717 [INFO] [21/121] 뚝섬한강공원 (primary=KEY_3)
2026-05-12 00:15:03,726 [INFO] [22/121] 망원한강공원 (primary=KEY_1)
2026-05-12 00:15:04,889 [INFO] [23/121] 반포한강공원 (primary=KEY_2)
2026-05-12 00:15:05,879 [INFO] [24/121] 보라매공원 (primary=KEY_3)
2026-05-12 00:15:06,875 [INFO] [25/121] 북서울꿈의숲 (primary=KEY_1)
2026-05-12 00:15:07,990 [INFO] [26/121] 서대문독립공원 (primary=KEY_2)
2026-05-12 00:15:08,983 [INFO] [27/121] 서리풀공원·몽마르뜨공원 (primary=KEY_3)
2026-05-12 00:15:10,162 [INFO] [28/121] 서울대공원 (primary=KEY_1)
2026-05-12 00:15:11,132 [INFO] [29/121] 서울숲공원 (primary=KEY_2)
2026-05-12 00:15:12,280 [INFO] [30/121] 송현녹지광장 (primary=KEY_3)
2026-05-12 00:15:13,426 [INFO] [31/121] 아차산 (primary=KEY_1)
2026-05-12 00:15:14,430 [INFO] [32/121] 안양천 (primary=KEY_2)
2026-05-12 00:15:15,450 [INFO] [33/121] 양화한강공원 (primary=KEY_3)
2026-05-12 00:15:16,439 [INFO] [34/121] 어린이대공원 (primary=KEY_1)
2026-05-12 00:15:17,594 [INFO] [35/121] 여의도한강공원 (primary=KEY_2)
2026-05-12 00:15:18,731 [INFO] [36/121] 여의서로 (primary=KEY_3)
2026-05-12 00:15:19,846 [INFO] [37/121] 올림픽공원 (primary=KEY_1)
2026-05-12 00:15:21,152 [INFO] [38/121] 월드컵공원 (primary=KEY_2)
2026-05-12 00:15:22,473 [INFO] [39/121] 응봉산 (primary=KEY_3)
2026-05-12 00:15:23,587 [INFO] [40/121] 이촌한강공원 (primary=KEY_1)
2026-05-12 00:15:24,579 [INFO] [41/121] 잠실종합운동장 (primary=KEY_2)
2026-05-12 00:15:25,597 [INFO] [42/121] 잠실한강공원 (primary=KEY_3)
2026-05-12 00:15:26,591 [INFO] [43/121] 잠원한강공원 (primary=KEY_1)
2026-05-12 00:15:27,566 [INFO] [44/121] 청계산 (primary=KEY_2)
2026-05-12 00:15:28,545 [INFO] [45/121] 홍제폭포 (primary=KEY_3)
2026-05-12 00:15:29,539 [INFO] [46/121] 가락시장 (primary=KEY_1)
2026-05-12 00:15:30,695 [INFO] [47/121] 가로수길 (primary=KEY_2)
2026-05-12 00:15:31,850 [INFO] [48/121] 광장(전통)시장 (primary=KEY_3)
2026-05-12 00:15:32,854 [INFO] [49/121] 김포공항 (primary=KEY_1)
2026-05-12 00:15:34,183 [INFO] [50/121] 남대문시장 (primary=KEY_2)
2026-05-12 00:15:35,339 [INFO] [51/121] 노량진 (primary=KEY_3)
2026-05-12 00:15:36,523 [INFO] [52/121] 덕수궁길·정동길 (primary=KEY_1)
2026-05-12 00:15:37,720 [INFO] [53/121] 북창동 먹자골목 (primary=KEY_2)
2026-05-12 00:15:38,860 [INFO] [54/121] 북촌한옥마을 (primary=KEY_3)
2026-05-12 00:15:40,146 [INFO] [55/121] 서촌 (primary=KEY_1)
2026-05-12 00:15:42,003 [INFO] [56/121] 성수카페거리 (primary=KEY_2)
2026-05-12 00:15:43,295 [INFO] [57/121] 송리단길·호수단길 (primary=KEY_3)
2026-05-12 00:15:44,459 [INFO] [58/121] 신촌 스타광장 (primary=KEY_1)
2026-05-12 00:15:45,465 [INFO] [59/121] 압구정로데오거리 (primary=KEY_2)
2026-05-12 00:15:46,617 [INFO] [60/121] 여의도 (primary=KEY_3)
2026-05-12 00:15:48,434 [INFO] [61/121] 연남동 (primary=KEY_1)
2026-05-12 00:15:49,573 [INFO] [62/121] 영등포 타임스퀘어 (primary=KEY_2)
2026-05-12 00:15:50,797 [INFO] [63/121] 용리단길 (primary=KEY_3)
2026-05-12 00:15:51,823 [INFO] [64/121] 이태원 앤틱가구거리 (primary=KEY_1)
2026-05-12 00:15:52,972 [INFO] [65/121] 익선동 (primary=KEY_2)
2026-05-12 00:15:54,136 [INFO] [66/121] 인사동 (primary=KEY_3)
2026-05-12 00:15:55,505 [INFO] [67/121] 잠실롯데타워·석촌호수 (primary=KEY_1)
2026-05-12 00:15:56,958 [INFO] [68/121] 창동 신경제 중심지 (primary=KEY_2)
2026-05-12 00:15:58,417 [INFO] [69/121] 청담동 명품거리 (primary=KEY_3)
2026-05-12 00:15:59,567 [INFO] [70/121] 청량리 제기동 일대 전통시장 (primary=KEY_1)
2026-05-12 00:16:00,728 [INFO] [71/121] 해방촌·경리단길 (primary=KEY_2)
2026-05-12 00:16:01,733 [INFO] [72/121] DDP(동대문디자인플라자) (primary=KEY_3)
2026-05-12 00:16:02,901 [INFO] [73/121] DMC(디지털미디어시티) (primary=KEY_1)
2026-05-12 00:16:04,374 [INFO] [74/121] 가산디지털단지역 (primary=KEY_2)
2026-05-12 00:16:05,970 [INFO] [75/121] 강남역 (primary=KEY_3)
2026-05-12 00:16:07,332 [INFO] [76/121] 건대입구역 (primary=KEY_1)
2026-05-12 00:16:08,487 [INFO] [77/121] 고덕역 (primary=KEY_2)
2026-05-12 00:16:09,638 [INFO] [78/121] 고속터미널역 (primary=KEY_3)
2026-05-12 00:16:10,785 [INFO] [79/121] 교대역 (primary=KEY_1)
2026-05-12 00:16:11,917 [INFO] [80/121] 구로디지털단지역 (primary=KEY_2)
2026-05-12 00:16:13,343 [INFO] [81/121] 구로역 (primary=KEY_3)
2026-05-12 00:16:14,472 [INFO] [82/121] 군자역 (primary=KEY_1)
2026-05-12 00:16:15,627 [INFO] [83/121] 대림역 (primary=KEY_2)
2026-05-12 00:16:16,786 [INFO] [84/121] 동대문역 (primary=KEY_3)
2026-05-12 00:16:17,945 [INFO] [85/121] 뚝섬역 (primary=KEY_1)
2026-05-12 00:16:19,105 [INFO] [86/121] 미아사거리역 (primary=KEY_2)
2026-05-12 00:16:20,253 [INFO] [87/121] 발산역 (primary=KEY_3)
2026-05-12 00:16:21,569 [INFO] [88/121] 사당역 (primary=KEY_1)
2026-05-12 00:16:22,729 [INFO] [89/121] 삼각지역 (primary=KEY_2)
2026-05-12 00:16:23,757 [INFO] [90/121] 서울대입구역 (primary=KEY_3)
2026-05-12 00:16:24,901 [INFO] [91/121] 서울식물원·마곡나루역 (primary=KEY_1)
2026-05-12 00:16:26,210 [INFO] [92/121] 서울역 (primary=KEY_2)
2026-05-12 00:16:27,547 [INFO] [93/121] 선릉역 (primary=KEY_3)
2026-05-12 00:16:29,001 [INFO] [94/121] 성신여대입구역 (primary=KEY_1)
2026-05-12 00:16:30,011 [INFO] [95/121] 수유역 (primary=KEY_2)
2026-05-12 00:16:31,168 [INFO] [96/121] 숭례문 (primary=KEY_3)
2026-05-12 00:16:32,343 [INFO] [97/121] 시의회 앞 (primary=KEY_1)
2026-05-12 00:16:33,507 [INFO] [98/121] 신논현역·논현역 (primary=KEY_2)
2026-05-12 00:16:34,686 [INFO] [99/121] 신도림역 (primary=KEY_3)
2026-05-12 00:16:35,697 [INFO] [100/121] 신림역 (primary=KEY_1)
2026-05-12 00:16:36,859 [INFO] [101/121] 신정네거리역 (primary=KEY_2)
2026-05-12 00:16:38,009 [INFO] [102/121] 신촌·이대역 (primary=KEY_3)
2026-05-12 00:16:39,170 [INFO] [103/121] 쌍문역 (primary=KEY_1)
2026-05-12 00:16:40,333 [INFO] [104/121] 양재역 (primary=KEY_2)
2026-05-12 00:16:41,509 [INFO] [105/121] 역삼역 (primary=KEY_3)
2026-05-12 00:16:42,817 [INFO] [106/121] 연신내역 (primary=KEY_1)
2026-05-12 00:16:43,858 [INFO] [107/121] 오목교역·목동운동장 (primary=KEY_2)
2026-05-12 00:16:45,529 [INFO] [108/121] 왕십리역 (primary=KEY_3)
2026-05-12 00:16:46,863 [INFO] [109/121] 용산역 (primary=KEY_1)
2026-05-12 00:16:48,151 [INFO] [110/121] 이태원역 (primary=KEY_2)
2026-05-12 00:16:49,166 [INFO] [111/121] 잠실새내역 (primary=KEY_3)
2026-05-12 00:16:50,322 [INFO] [112/121] 잠실역 (primary=KEY_1)
2026-05-12 00:16:51,628 [INFO] [113/121] 장지역 (primary=KEY_2)
2026-05-12 00:16:52,930 [INFO] [114/121] 장한평역 (primary=KEY_3)
2026-05-12 00:16:54,087 [INFO] [115/121] 천호역 (primary=KEY_1)
2026-05-12 00:16:55,247 [INFO] [116/121] 총신대입구(이수)역 (primary=KEY_2)
2026-05-12 00:16:56,406 [INFO] [117/121] 충정로역 (primary=KEY_3)
2026-05-12 00:16:57,558 [INFO] [118/121] 합정역 (primary=KEY_1)
2026-05-12 00:16:58,728 [INFO] [119/121] 혜화역 (primary=KEY_2)
2026-05-12 00:16:59,867 [INFO] [120/121] 홍대입구역(2호선) (primary=KEY_3)
2026-05-12 00:17:01,033 [INFO] [121/121] 회기역 (primary=KEY_1)
2026-05-12 00:17:02,541 [INFO] === 수집 완료 | 성공 121, 실패 0 ===
2026-05-12 00:17:02,541 [INFO] 카테고리별 저장 결과:
2026-05-12 00:17:02,541 [INFO]    accident                  | 신규     2행 | 누적      2행 | 16컬럼
2026-05-12 00:17:02,541 [INFO]    area_meta                 | 신규   121행 | 누적    121행 | 5컬럼
2026-05-12 00:17:02,541 [INFO]    bike                      | 신규    11행 | 누적     11행 | 12컬럼
2026-05-12 00:17:02,541 [INFO]    bike_sbike_stts           | 신규   559행 | 누적    559행 | 12컬럼
2026-05-12 00:17:02,541 [INFO]    bus                       | 신규     3행 | 누적      3행 | 11컬럼
2026-05-12 00:17:02,542 [INFO]    bus_bus_stn_stts          | 신규  1745행 | 누적   1745행 | 11컬럼
2026-05-12 00:17:02,542 [INFO]    charger                   | 신규     4행 | 누적      4행 | 15컬럼
2026-05-12 00:17:02,542 [INFO]    charger_charger_stts      | 신규  1886행 | 누적   1886행 | 15컬럼
2026-05-12 00:17:02,542 [INFO]    cmrcl                     | 신규    82행 | 누적     82행 | 20컬럼
2026-05-12 00:17:02,542 [INFO]    events                    | 신규    13행 | 누적     13행 | 14컬럼
2026-05-12 00:17:02,542 [INFO]    events_event_stts         | 신규   152행 | 누적    152행 | 14컬럼
2026-05-12 00:17:02,542 [INFO]    news                      | 신규    64행 | 누적     64행 | 10컬럼
2026-05-12 00:17:02,542 [INFO]    news_live_yna_news        | 신규    10행 | 누적     10행 | 10컬럼
2026-05-12 00:17:02,542 [INFO]    parking                   | 신규     6행 | 누적      6행 | 21컬럼
2026-05-12 00:17:02,542 [INFO]    parking_prk_stts          | 신규  1835행 | 누적   1835행 | 21컬럼
2026-05-12 00:17:02,542 [INFO]    ppltn                     | 신규   121행 | 누적    121행 | 26컬럼
2026-05-12 00:17:02,542 [INFO]    road                      | 신규   121행 | 누적    121행 | 21컬럼
2026-05-12 00:17:02,542 [INFO]    road_road_traffic_stts    | 신규  5235행 | 누적   5235행 | 17컬럼
2026-05-12 00:17:02,542 [INFO]    subway                    | 신규    38행 | 누적     38행 | 12컬럼
2026-05-12 00:17:02,542 [INFO]    subway_sub_stts           | 신규   183행 | 누적    183행 | 13컬럼
2026-05-12 00:17:02,542 [INFO]    weather                   | 신규   119행 | 누적    119행 | 30컬럼
2026-05-12 00:17:02,542 [INFO] 키별 사용량:
2026-05-12 00:17:02,542 [INFO]    🟢 KEY_1 (41/1000) 
2026-05-12 00:17:02,542 [INFO]    🟢 KEY_2 (40/1000) 
2026-05-12 00:17:02,542 [INFO]    🟢 KEY_3 (40/1000) 
