2026-07-31 01:44:40,005 [INFO] 등록된 키: 4개, 합산 한도 4,000건/일
2026-07-31 01:44:40,006 [INFO] POI 로드: 매뉴얼 v8.5 기준 fallback 121개 (121개 전체)
2026-07-31 01:44:40,006 [INFO] === 수집 시작 2026-07-31T01:44:40.006548+09:00 ===
2026-07-31 01:44:40,006 [INFO] 대상 장소: 121개 | API: citydata (통합)
2026-07-31 01:44:40,006 [INFO] 키 풀: 4/4 활성 | 오늘 사용 0/4000건
2026-07-31 01:44:40,006 [INFO]   [KEY_1] 담당 31장소
2026-07-31 01:44:40,006 [INFO]   [KEY_2] 담당 30장소
2026-07-31 01:44:40,007 [INFO]   [KEY_3] 담당 30장소
2026-07-31 01:44:40,007 [INFO]   [KEY_4] 담당 30장소
2026-07-31 01:44:40,007 [INFO] [1/121] 경복궁 (primary=KEY_1)
2026-07-31 01:44:41,842 [INFO] [2/121] 광화문·덕수궁 (primary=KEY_2)
2026-07-31 01:44:43,530 [INFO] [3/121] 보신각 (primary=KEY_3)
2026-07-31 01:44:44,806 [INFO] [4/121] 서울 암사동 유적 (primary=KEY_4)
2026-07-31 01:44:45,777 [INFO] [5/121] 창덕궁·종묘 (primary=KEY_1)
2026-07-31 01:44:47,447 [INFO] [6/121] 강남 MICE 관광특구 (primary=KEY_2)
2026-07-31 01:44:49,259 [INFO] [7/121] 동대문 관광특구 (primary=KEY_3)
2026-07-31 01:44:51,289 [INFO] [8/121] 명동 관광특구 (primary=KEY_4)
2026-07-31 01:44:52,762 [INFO] [9/121] 이태원 관광특구 (primary=KEY_1)
2026-07-31 01:44:53,916 [INFO] [10/121] 잠실 관광특구 (primary=KEY_2)
2026-07-31 01:44:55,367 [INFO] [11/121] 종로·청계 관광특구 (primary=KEY_3)
2026-07-31 01:44:56,690 [INFO] [12/121] 홍대 관광특구 (primary=KEY_4)
2026-07-31 01:44:58,131 [INFO] [13/121] 강서한강공원 (primary=KEY_1)
2026-07-31 01:44:59,232 [INFO] [14/121] 고척돔 (primary=KEY_2)
2026-07-31 01:45:00,212 [INFO] [15/121] 광나루한강공원 (primary=KEY_3)
2026-07-31 01:45:01,322 [INFO] [16/121] 광화문광장 (primary=KEY_4)
2026-07-31 01:45:03,016 [INFO] [17/121] 국립중앙박물관·용산가족공원 (primary=KEY_1)
2026-07-31 01:45:04,005 [INFO] [18/121] 난지한강공원 (primary=KEY_2)
2026-07-31 01:45:05,122 [INFO] [19/121] 남산공원 (primary=KEY_3)
2026-07-31 01:45:06,520 [INFO] [20/121] 노들섬 (primary=KEY_4)
2026-07-31 01:45:07,900 [INFO] [21/121] 뚝섬한강공원 (primary=KEY_1)
2026-07-31 01:45:08,873 [INFO] [22/121] 망원한강공원 (primary=KEY_2)
2026-07-31 01:45:09,988 [INFO] [23/121] 반포한강공원 (primary=KEY_3)
2026-07-31 01:45:10,959 [INFO] [24/121] 보라매공원 (primary=KEY_4)
2026-07-31 01:45:11,936 [INFO] [25/121] 북서울꿈의숲 (primary=KEY_1)
2026-07-31 01:45:13,056 [INFO] [26/121] 서대문독립공원 (primary=KEY_2)
2026-07-31 01:45:14,067 [INFO] [27/121] 서리풀공원·몽마르뜨공원 (primary=KEY_3)
2026-07-31 01:45:15,064 [INFO] [28/121] 서울대공원 (primary=KEY_4)
2026-07-31 01:45:16,029 [INFO] [29/121] 서울숲공원 (primary=KEY_1)
2026-07-31 01:45:17,146 [INFO] [30/121] 송현녹지광장 (primary=KEY_2)
2026-07-31 01:45:18,274 [INFO] [31/121] 아차산 (primary=KEY_3)
2026-07-31 01:45:19,248 [INFO] [32/121] 안양천 (primary=KEY_4)
2026-07-31 01:45:20,219 [INFO] [33/121] 양화한강공원 (primary=KEY_1)
2026-07-31 01:45:21,326 [INFO] [34/121] 어린이대공원 (primary=KEY_2)
2026-07-31 01:45:22,447 [INFO] [35/121] 여의도한강공원 (primary=KEY_3)
2026-07-31 01:45:23,560 [INFO] [36/121] 여의서로 (primary=KEY_4)
2026-07-31 01:45:24,669 [INFO] [37/121] 올림픽공원 (primary=KEY_1)
2026-07-31 01:45:25,807 [INFO] [38/121] 월드컵공원 (primary=KEY_2)
2026-07-31 01:45:27,076 [INFO] [39/121] 응봉산 (primary=KEY_3)
2026-07-31 01:45:28,178 [INFO] [40/121] 이촌한강공원 (primary=KEY_4)
2026-07-31 01:45:29,138 [INFO] [41/121] 잠실종합운동장 (primary=KEY_1)
2026-07-31 01:45:30,108 [INFO] [42/121] 잠실한강공원 (primary=KEY_2)
2026-07-31 01:45:31,082 [INFO] [43/121] 잠원한강공원 (primary=KEY_3)
2026-07-31 01:45:32,045 [INFO] [44/121] 청계산 (primary=KEY_4)
2026-07-31 01:45:33,015 [INFO] [45/121] 홍제폭포 (primary=KEY_1)
2026-07-31 01:45:34,666 [INFO] [46/121] 가락시장 (primary=KEY_2)
2026-07-31 01:45:35,802 [INFO] [47/121] 가로수길 (primary=KEY_3)
2026-07-31 01:45:36,951 [INFO] [48/121] 광장(전통)시장 (primary=KEY_4)
2026-07-31 01:45:37,937 [INFO] [49/121] 김포공항 (primary=KEY_1)
2026-07-31 01:45:39,196 [INFO] [50/121] 남대문시장 (primary=KEY_2)
2026-07-31 01:45:40,310 [INFO] [51/121] 노량진 (primary=KEY_3)
2026-07-31 01:45:41,434 [INFO] [52/121] 덕수궁길·정동길 (primary=KEY_4)
2026-07-31 01:45:42,563 [INFO] [53/121] 북창동 먹자골목 (primary=KEY_1)
2026-07-31 01:45:43,682 [INFO] [54/121] 북촌한옥마을 (primary=KEY_2)
2026-07-31 01:45:44,938 [INFO] [55/121] 서촌 (primary=KEY_3)
2026-07-31 01:45:46,052 [INFO] [56/121] 성수카페거리 (primary=KEY_4)
2026-07-31 01:45:47,337 [INFO] [57/121] 송리단길·호수단길 (primary=KEY_1)
2026-07-31 01:45:48,487 [INFO] [58/121] 신촌 스타광장 (primary=KEY_2)
2026-07-31 01:45:49,467 [INFO] [59/121] 압구정로데오거리 (primary=KEY_3)
2026-07-31 01:45:50,601 [INFO] [60/121] 여의도 (primary=KEY_4)
2026-07-31 01:45:52,376 [INFO] [61/121] 연남동 (primary=KEY_1)
2026-07-31 01:45:53,484 [INFO] [62/121] 영등포 타임스퀘어 (primary=KEY_2)
2026-07-31 01:45:54,601 [INFO] [63/121] 용리단길 (primary=KEY_3)
2026-07-31 01:45:55,605 [INFO] [64/121] 이태원 앤틱가구거리 (primary=KEY_4)
2026-07-31 01:45:56,602 [INFO] [65/121] 익선동 (primary=KEY_1)
2026-07-31 01:45:57,726 [INFO] [66/121] 인사동 (primary=KEY_2)
2026-07-31 01:45:58,997 [INFO] [67/121] 잠실롯데타워·석촌호수 (primary=KEY_3)
2026-07-31 01:46:00,418 [INFO] [68/121] 창동 신경제 중심지 (primary=KEY_4)
2026-07-31 01:46:01,829 [INFO] [69/121] 청담동 명품거리 (primary=KEY_1)
2026-07-31 01:46:02,971 [INFO] [70/121] 청량리 제기동 일대 전통시장 (primary=KEY_2)
2026-07-31 01:46:04,094 [INFO] [71/121] 해방촌·경리단길 (primary=KEY_3)
2026-07-31 01:46:05,106 [INFO] [72/121] DDP(동대문디자인플라자) (primary=KEY_4)
2026-07-31 01:46:06,240 [INFO] [73/121] DMC(디지털미디어시티) (primary=KEY_1)
2026-07-31 01:46:07,672 [INFO] [74/121] 가산디지털단지역 (primary=KEY_2)
2026-07-31 01:46:09,211 [INFO] [75/121] 강남역 (primary=KEY_3)
2026-07-31 01:46:10,518 [INFO] [76/121] 건대입구역 (primary=KEY_4)
2026-07-31 01:46:11,642 [INFO] [77/121] 고덕역 (primary=KEY_1)
2026-07-31 01:46:12,761 [INFO] [78/121] 고속터미널역 (primary=KEY_2)
2026-07-31 01:46:13,907 [INFO] [79/121] 교대역 (primary=KEY_3)
2026-07-31 01:46:14,898 [INFO] [80/121] 구로디지털단지역 (primary=KEY_4)
2026-07-31 01:46:16,298 [INFO] [81/121] 구로역 (primary=KEY_1)
2026-07-31 01:46:17,402 [INFO] [82/121] 군자역 (primary=KEY_2)
2026-07-31 01:46:18,407 [INFO] [83/121] 대림역 (primary=KEY_3)
2026-07-31 01:46:19,539 [INFO] [84/121] 동대문역 (primary=KEY_4)
2026-07-31 01:46:20,683 [INFO] [85/121] 뚝섬역 (primary=KEY_1)
2026-07-31 01:46:21,811 [INFO] [86/121] 미아사거리역 (primary=KEY_2)
2026-07-31 01:46:22,947 [INFO] [87/121] 발산역 (primary=KEY_3)
2026-07-31 01:46:24,355 [INFO] [88/121] 사당역 (primary=KEY_4)
2026-07-31 01:46:25,480 [INFO] [89/121] 삼각지역 (primary=KEY_1)
2026-07-31 01:46:26,475 [INFO] [90/121] 서울대입구역 (primary=KEY_2)
2026-07-31 01:46:27,588 [INFO] [91/121] 서울식물원·마곡나루역 (primary=KEY_3)
2026-07-31 01:46:28,852 [INFO] [92/121] 서울역 (primary=KEY_4)
2026-07-31 01:46:30,027 [INFO] [93/121] 선릉역 (primary=KEY_1)
2026-07-31 01:46:31,462 [INFO] [94/121] 성신여대입구역 (primary=KEY_2)
2026-07-31 01:46:32,456 [INFO] [95/121] 수유역 (primary=KEY_3)
2026-07-31 01:46:34,282 [INFO] [96/121] 숭례문 (primary=KEY_4)
2026-07-31 01:46:35,562 [INFO] [97/121] 시의회 앞 (primary=KEY_1)
2026-07-31 01:46:36,699 [INFO] [98/121] 신논현역·논현역 (primary=KEY_2)
2026-07-31 01:46:37,857 [INFO] [99/121] 신도림역 (primary=KEY_3)
2026-07-31 01:46:38,867 [INFO] [100/121] 신림역 (primary=KEY_4)
2026-07-31 01:46:39,879 [INFO] [101/121] 신정네거리역 (primary=KEY_1)
2026-07-31 01:46:41,012 [INFO] [102/121] 신촌·이대역 (primary=KEY_2)
2026-07-31 01:46:42,136 [INFO] [103/121] 쌍문역 (primary=KEY_3)
2026-07-31 01:46:43,261 [INFO] [104/121] 양재역 (primary=KEY_4)
2026-07-31 01:46:44,420 [INFO] [105/121] 역삼역 (primary=KEY_1)
2026-07-31 01:46:45,698 [INFO] [106/121] 연신내역 (primary=KEY_2)
2026-07-31 01:46:46,729 [INFO] [107/121] 오목교역·목동운동장 (primary=KEY_3)
2026-07-31 01:46:48,302 [INFO] [108/121] 왕십리역 (primary=KEY_4)
2026-07-31 01:46:49,455 [INFO] [109/121] 용산역 (primary=KEY_1)
2026-07-31 01:46:50,724 [INFO] [110/121] 이태원역 (primary=KEY_2)
2026-07-31 01:46:51,724 [INFO] [111/121] 잠실새내역 (primary=KEY_3)
2026-07-31 01:46:52,872 [INFO] [112/121] 잠실역 (primary=KEY_4)
2026-07-31 01:46:54,201 [INFO] [113/121] 장지역 (primary=KEY_1)
2026-07-31 01:46:55,472 [INFO] [114/121] 장한평역 (primary=KEY_2)
2026-07-31 01:46:56,614 [INFO] [115/121] 천호역 (primary=KEY_3)
2026-07-31 01:46:57,767 [INFO] [116/121] 총신대입구(이수)역 (primary=KEY_4)
2026-07-31 01:46:58,928 [INFO] [117/121] 충정로역 (primary=KEY_1)
2026-07-31 01:47:00,073 [INFO] [118/121] 합정역 (primary=KEY_2)
2026-07-31 01:47:01,212 [INFO] [119/121] 혜화역 (primary=KEY_3)
2026-07-31 01:47:02,357 [INFO] [120/121] 홍대입구역(2호선) (primary=KEY_4)
2026-07-31 01:47:03,500 [INFO] [121/121] 회기역 (primary=KEY_1)
2026-07-31 01:47:05,081 [INFO] === 수집 완료 | 성공 121, 실패 0 ===
2026-07-31 01:47:05,081 [INFO] 카테고리별 저장 결과:
2026-07-31 01:47:05,081 [INFO]    accident                  | 신규     2행 | 누적      2행 | 16컬럼
2026-07-31 01:47:05,081 [INFO]    area_meta                 | 신규   121행 | 누적    121행 | 5컬럼
2026-07-31 01:47:05,082 [INFO]    bike                      | 신규    11행 | 누적     11행 | 12컬럼
2026-07-31 01:47:05,082 [INFO]    bike_sbike_stts           | 신규   573행 | 누적    573행 | 12컬럼
2026-07-31 01:47:05,082 [INFO]    bus                       | 신규     3행 | 누적      3행 | 11컬럼
2026-07-31 01:47:05,082 [INFO]    bus_bus_stn_stts          | 신규  1745행 | 누적   1745행 | 11컬럼
2026-07-31 01:47:05,082 [INFO]    charger                   | 신규     4행 | 누적      4행 | 15컬럼
2026-07-31 01:47:05,082 [INFO]    charger_charger_stts      | 신규  1922행 | 누적   1922행 | 15컬럼
2026-07-31 01:47:05,082 [INFO]    cmrcl                     | 신규    82행 | 누적     82행 | 20컬럼
2026-07-31 01:47:05,082 [INFO]    events                    | 신규    13행 | 누적     13행 | 14컬럼
2026-07-31 01:47:05,082 [INFO]    events_event_stts         | 신규   141행 | 누적    141행 | 14컬럼
2026-07-31 01:47:05,082 [INFO]    parking                   | 신규     6행 | 누적      6행 | 21컬럼
2026-07-31 01:47:05,082 [INFO]    parking_prk_stts          | 신규  1834행 | 누적   1834행 | 21컬럼
2026-07-31 01:47:05,082 [INFO]    ppltn                     | 신규   121행 | 누적    121행 | 26컬럼
2026-07-31 01:47:05,082 [INFO]    road                      | 신규   121행 | 누적    121행 | 21컬럼
2026-07-31 01:47:05,082 [INFO]    road_road_traffic_stts    | 신규  5278행 | 누적   5278행 | 17컬럼
2026-07-31 01:47:05,082 [INFO]    subway                    | 신규    38행 | 누적     38행 | 12컬럼
2026-07-31 01:47:05,082 [INFO]    subway_sub_stts           | 신규   183행 | 누적    183행 | 12컬럼
2026-07-31 01:47:05,082 [INFO]    weather                   | 신규   119행 | 누적    119행 | 29컬럼
2026-07-31 01:47:05,082 [INFO] 키별 사용량:
2026-07-31 01:47:05,083 [INFO]    🟢 KEY_1 (31/1000) 
2026-07-31 01:47:05,083 [INFO]    🟢 KEY_2 (30/1000) 
2026-07-31 01:47:05,083 [INFO]    🟢 KEY_3 (30/1000) 
2026-07-31 01:47:05,083 [INFO]    🟢 KEY_4 (30/1000) 
