2026-05-14 00:11:23,978 [INFO] 등록된 키: 4개, 합산 한도 4,000건/일
2026-05-14 00:11:23,979 [INFO] POI 로드: 매뉴얼 v8.5 기준 fallback 121개 (121개 전체)
2026-05-14 00:11:23,979 [INFO] === 수집 시작 2026-05-14T00:11:23.979686+09:00 ===
2026-05-14 00:11:23,979 [INFO] 대상 장소: 121개 | API: citydata (통합)
2026-05-14 00:11:23,979 [INFO] 키 풀: 4/4 활성 | 오늘 사용 0/4000건
2026-05-14 00:11:23,979 [INFO]   [KEY_1] 담당 31장소
2026-05-14 00:11:23,980 [INFO]   [KEY_2] 담당 30장소
2026-05-14 00:11:23,980 [INFO]   [KEY_3] 담당 30장소
2026-05-14 00:11:23,980 [INFO]   [KEY_4] 담당 30장소
2026-05-14 00:11:23,980 [INFO] [1/121] 경복궁 (primary=KEY_1)
2026-05-14 00:11:25,945 [INFO] [2/121] 광화문·덕수궁 (primary=KEY_2)
2026-05-14 00:11:27,828 [INFO] [3/121] 보신각 (primary=KEY_3)
2026-05-14 00:11:29,525 [INFO] [4/121] 서울 암사동 유적 (primary=KEY_4)
2026-05-14 00:11:31,051 [INFO] [5/121] 창덕궁·종묘 (primary=KEY_1)
2026-05-14 00:11:32,734 [INFO] [6/121] 강남 MICE 관광특구 (primary=KEY_2)
2026-05-14 00:11:33,737 [INFO] [7/121] 동대문 관광특구 (primary=KEY_3)
2026-05-14 00:11:35,201 [INFO] [8/121] 명동 관광특구 (primary=KEY_4)
2026-05-14 00:11:36,680 [INFO] [9/121] 이태원 관광특구 (primary=KEY_1)
2026-05-14 00:11:37,845 [INFO] [10/121] 잠실 관광특구 (primary=KEY_2)
2026-05-14 00:11:39,163 [INFO] [11/121] 종로·청계 관광특구 (primary=KEY_3)
2026-05-14 00:11:40,509 [INFO] [12/121] 홍대 관광특구 (primary=KEY_4)
2026-05-14 00:11:42,409 [INFO] [13/121] 강서한강공원 (primary=KEY_1)
2026-05-14 00:11:43,958 [INFO] [14/121] 고척돔 (primary=KEY_2)
2026-05-14 00:11:44,939 [INFO] [15/121] 광나루한강공원 (primary=KEY_3)
2026-05-14 00:11:46,075 [INFO] [16/121] 광화문광장 (primary=KEY_4)
2026-05-14 00:11:47,259 [INFO] [17/121] 국립중앙박물관·용산가족공원 (primary=KEY_1)
2026-05-14 00:11:48,882 [INFO] [18/121] 난지한강공원 (primary=KEY_2)
2026-05-14 00:11:49,880 [INFO] [19/121] 남산공원 (primary=KEY_3)
2026-05-14 00:11:51,211 [INFO] [20/121] 노들섬 (primary=KEY_4)
2026-05-14 00:11:52,199 [INFO] [21/121] 뚝섬한강공원 (primary=KEY_1)
2026-05-14 00:11:53,193 [INFO] [22/121] 망원한강공원 (primary=KEY_2)
2026-05-14 00:11:54,332 [INFO] [23/121] 반포한강공원 (primary=KEY_3)
2026-05-14 00:11:55,337 [INFO] [24/121] 보라매공원 (primary=KEY_4)
2026-05-14 00:11:56,336 [INFO] [25/121] 북서울꿈의숲 (primary=KEY_1)
2026-05-14 00:11:57,912 [INFO] [26/121] 서대문독립공원 (primary=KEY_2)
2026-05-14 00:11:58,935 [INFO] [27/121] 서리풀공원·몽마르뜨공원 (primary=KEY_3)
2026-05-14 00:12:00,111 [INFO] [28/121] 서울대공원 (primary=KEY_4)
2026-05-14 00:12:01,089 [INFO] [29/121] 서울숲공원 (primary=KEY_1)
2026-05-14 00:12:02,225 [INFO] [30/121] 송현녹지광장 (primary=KEY_2)
2026-05-14 00:12:03,353 [INFO] [31/121] 아차산 (primary=KEY_3)
2026-05-14 00:12:04,327 [INFO] [32/121] 안양천 (primary=KEY_4)
2026-05-14 00:12:05,444 [INFO] [33/121] 양화한강공원 (primary=KEY_1)
2026-05-14 00:12:06,431 [INFO] [34/121] 어린이대공원 (primary=KEY_2)
2026-05-14 00:12:07,571 [INFO] [35/121] 여의도한강공원 (primary=KEY_3)
2026-05-14 00:12:08,691 [INFO] [36/121] 여의서로 (primary=KEY_4)
2026-05-14 00:12:09,808 [INFO] [37/121] 올림픽공원 (primary=KEY_1)
2026-05-14 00:12:11,029 [INFO] [38/121] 월드컵공원 (primary=KEY_2)
2026-05-14 00:12:12,333 [INFO] [39/121] 응봉산 (primary=KEY_3)
2026-05-14 00:12:13,463 [INFO] [40/121] 이촌한강공원 (primary=KEY_4)
2026-05-14 00:12:14,449 [INFO] [41/121] 잠실종합운동장 (primary=KEY_1)
2026-05-14 00:12:15,458 [INFO] [42/121] 잠실한강공원 (primary=KEY_2)
2026-05-14 00:12:16,467 [INFO] [43/121] 잠원한강공원 (primary=KEY_3)
2026-05-14 00:12:17,458 [INFO] [44/121] 청계산 (primary=KEY_4)
2026-05-14 00:12:18,447 [INFO] [45/121] 홍제폭포 (primary=KEY_1)
2026-05-14 00:12:19,428 [INFO] [46/121] 가락시장 (primary=KEY_2)
2026-05-14 00:12:20,589 [INFO] [47/121] 가로수길 (primary=KEY_3)
2026-05-14 00:12:22,334 [INFO] [48/121] 광장(전통)시장 (primary=KEY_4)
2026-05-14 00:12:23,339 [INFO] [49/121] 김포공항 (primary=KEY_1)
2026-05-14 00:12:24,663 [INFO] [50/121] 남대문시장 (primary=KEY_2)
2026-05-14 00:12:25,810 [INFO] [51/121] 노량진 (primary=KEY_3)
2026-05-14 00:12:26,985 [INFO] [52/121] 덕수궁길·정동길 (primary=KEY_4)
2026-05-14 00:12:28,176 [INFO] [53/121] 북창동 먹자골목 (primary=KEY_1)
2026-05-14 00:12:29,322 [INFO] [54/121] 북촌한옥마을 (primary=KEY_2)
2026-05-14 00:12:30,613 [INFO] [55/121] 서촌 (primary=KEY_3)
2026-05-14 00:12:31,754 [INFO] [56/121] 성수카페거리 (primary=KEY_4)
2026-05-14 00:12:33,060 [INFO] [57/121] 송리단길·호수단길 (primary=KEY_1)
2026-05-14 00:12:34,218 [INFO] [58/121] 신촌 스타광장 (primary=KEY_2)
2026-05-14 00:12:35,227 [INFO] [59/121] 압구정로데오거리 (primary=KEY_3)
2026-05-14 00:12:36,371 [INFO] [60/121] 여의도 (primary=KEY_4)
2026-05-14 00:12:38,177 [INFO] [61/121] 연남동 (primary=KEY_1)
2026-05-14 00:12:39,314 [INFO] [62/121] 영등포 타임스퀘어 (primary=KEY_2)
2026-05-14 00:12:40,465 [INFO] [63/121] 용리단길 (primary=KEY_3)
2026-05-14 00:12:41,624 [INFO] [64/121] 이태원 앤틱가구거리 (primary=KEY_4)
2026-05-14 00:12:42,766 [INFO] [65/121] 익선동 (primary=KEY_1)
2026-05-14 00:12:43,927 [INFO] [66/121] 인사동 (primary=KEY_2)
2026-05-14 00:12:45,215 [INFO] [67/121] 잠실롯데타워·석촌호수 (primary=KEY_3)
2026-05-14 00:12:46,728 [INFO] [68/121] 창동 신경제 중심지 (primary=KEY_4)
2026-05-14 00:12:48,198 [INFO] [69/121] 청담동 명품거리 (primary=KEY_1)
2026-05-14 00:12:49,353 [INFO] [70/121] 청량리 제기동 일대 전통시장 (primary=KEY_2)
2026-05-14 00:12:50,520 [INFO] [71/121] 해방촌·경리단길 (primary=KEY_3)
2026-05-14 00:12:51,650 [INFO] [72/121] DDP(동대문디자인플라자) (primary=KEY_4)
2026-05-14 00:12:52,827 [INFO] [73/121] DMC(디지털미디어시티) (primary=KEY_1)
2026-05-14 00:12:54,325 [INFO] [74/121] 가산디지털단지역 (primary=KEY_2)
2026-05-14 00:12:55,925 [INFO] [75/121] 강남역 (primary=KEY_3)
2026-05-14 00:12:57,252 [INFO] [76/121] 건대입구역 (primary=KEY_4)
2026-05-14 00:12:58,419 [INFO] [77/121] 고덕역 (primary=KEY_1)
2026-05-14 00:12:59,573 [INFO] [78/121] 고속터미널역 (primary=KEY_2)
2026-05-14 00:13:00,769 [INFO] [79/121] 교대역 (primary=KEY_3)
2026-05-14 00:13:01,967 [INFO] [80/121] 구로디지털단지역 (primary=KEY_4)
2026-05-14 00:13:03,403 [INFO] [81/121] 구로역 (primary=KEY_1)
2026-05-14 00:13:04,548 [INFO] [82/121] 군자역 (primary=KEY_2)
2026-05-14 00:13:05,719 [INFO] [83/121] 대림역 (primary=KEY_3)
2026-05-14 00:13:06,878 [INFO] [84/121] 동대문역 (primary=KEY_4)
2026-05-14 00:13:08,045 [INFO] [85/121] 뚝섬역 (primary=KEY_1)
2026-05-14 00:13:09,193 [INFO] [86/121] 미아사거리역 (primary=KEY_2)
2026-05-14 00:13:10,356 [INFO] [87/121] 발산역 (primary=KEY_3)
2026-05-14 00:13:11,794 [INFO] [88/121] 사당역 (primary=KEY_4)
2026-05-14 00:13:12,951 [INFO] [89/121] 삼각지역 (primary=KEY_1)
2026-05-14 00:13:14,653 [INFO] [90/121] 서울대입구역 (primary=KEY_2)
2026-05-14 00:13:16,371 [INFO] [91/121] 서울식물원·마곡나루역 (primary=KEY_3)
2026-05-14 00:13:18,243 [INFO] [92/121] 서울역 (primary=KEY_4)
2026-05-14 00:13:20,165 [INFO] [93/121] 선릉역 (primary=KEY_1)
2026-05-14 00:13:22,255 [INFO] [94/121] 성신여대입구역 (primary=KEY_2)
2026-05-14 00:13:23,985 [INFO] [95/121] 수유역 (primary=KEY_3)
2026-05-14 00:13:25,157 [INFO] [96/121] 숭례문 (primary=KEY_4)
2026-05-14 00:13:26,898 [INFO] [97/121] 시의회 앞 (primary=KEY_1)
2026-05-14 00:13:28,619 [INFO] [98/121] 신논현역·논현역 (primary=KEY_2)
2026-05-14 00:13:29,810 [INFO] [99/121] 신도림역 (primary=KEY_3)
2026-05-14 00:13:31,393 [INFO] [100/121] 신림역 (primary=KEY_4)
2026-05-14 00:13:32,549 [INFO] [101/121] 신정네거리역 (primary=KEY_1)
2026-05-14 00:13:33,696 [INFO] [102/121] 신촌·이대역 (primary=KEY_2)
2026-05-14 00:13:35,415 [INFO] [103/121] 쌍문역 (primary=KEY_3)
2026-05-14 00:13:36,560 [INFO] [104/121] 양재역 (primary=KEY_4)
2026-05-14 00:13:37,735 [INFO] [105/121] 역삼역 (primary=KEY_1)
2026-05-14 00:13:39,089 [INFO] [106/121] 연신내역 (primary=KEY_2)
2026-05-14 00:13:40,124 [INFO] [107/121] 오목교역·목동운동장 (primary=KEY_3)
2026-05-14 00:13:41,717 [INFO] [108/121] 왕십리역 (primary=KEY_4)
2026-05-14 00:13:43,024 [INFO] [109/121] 용산역 (primary=KEY_1)
2026-05-14 00:13:44,332 [INFO] [110/121] 이태원역 (primary=KEY_2)
2026-05-14 00:13:45,358 [INFO] [111/121] 잠실새내역 (primary=KEY_3)
2026-05-14 00:13:46,523 [INFO] [112/121] 잠실역 (primary=KEY_4)
2026-05-14 00:13:47,835 [INFO] [113/121] 장지역 (primary=KEY_1)
2026-05-14 00:13:49,146 [INFO] [114/121] 장한평역 (primary=KEY_2)
2026-05-14 00:13:50,295 [INFO] [115/121] 천호역 (primary=KEY_3)
2026-05-14 00:13:51,609 [INFO] [116/121] 총신대입구(이수)역 (primary=KEY_4)
2026-05-14 00:13:52,771 [INFO] [117/121] 충정로역 (primary=KEY_1)
2026-05-14 00:13:53,918 [INFO] [118/121] 합정역 (primary=KEY_2)
2026-05-14 00:13:55,222 [INFO] [119/121] 혜화역 (primary=KEY_3)
2026-05-14 00:13:56,374 [INFO] [120/121] 홍대입구역(2호선) (primary=KEY_4)
2026-05-14 00:13:57,544 [INFO] [121/121] 회기역 (primary=KEY_1)
2026-05-14 00:13:59,111 [INFO] === 수집 완료 | 성공 121, 실패 0 ===
2026-05-14 00:13:59,111 [INFO] 카테고리별 저장 결과:
2026-05-14 00:13:59,111 [INFO]    accident                  | 신규     5행 | 누적      5행 | 16컬럼
2026-05-14 00:13:59,112 [INFO]    area_meta                 | 신규   121행 | 누적    121행 | 5컬럼
2026-05-14 00:13:59,112 [INFO]    bike                      | 신규    11행 | 누적     11행 | 12컬럼
2026-05-14 00:13:59,112 [INFO]    bike_sbike_stts           | 신규   559행 | 누적    559행 | 12컬럼
2026-05-14 00:13:59,112 [INFO]    bus                       | 신규     3행 | 누적      3행 | 11컬럼
2026-05-14 00:13:59,112 [INFO]    bus_bus_stn_stts          | 신규  1745행 | 누적   1745행 | 11컬럼
2026-05-14 00:13:59,112 [INFO]    charger                   | 신규    11행 | 누적     11행 | 15컬럼
2026-05-14 00:13:59,112 [INFO]    charger_charger_stts      | 신규  1522행 | 누적   1522행 | 15컬럼
2026-05-14 00:13:59,112 [INFO]    cmrcl                     | 신규    82행 | 누적     82행 | 20컬럼
2026-05-14 00:13:59,112 [INFO]    events                    | 신규    13행 | 누적     13행 | 14컬럼
2026-05-14 00:13:59,112 [INFO]    events_event_stts         | 신규   168행 | 누적    168행 | 14컬럼
2026-05-14 00:13:59,112 [INFO]    news                      | 신규   112행 | 누적    112행 | 10컬럼
2026-05-14 00:13:59,112 [INFO]    news_live_yna_news        | 신규    16행 | 누적     16행 | 10컬럼
2026-05-14 00:13:59,112 [INFO]    parking                   | 신규     6행 | 누적      6행 | 21컬럼
2026-05-14 00:13:59,112 [INFO]    parking_prk_stts          | 신규  1835행 | 누적   1835행 | 21컬럼
2026-05-14 00:13:59,112 [INFO]    ppltn                     | 신규   121행 | 누적    121행 | 26컬럼
2026-05-14 00:13:59,112 [INFO]    road                      | 신규   121행 | 누적    121행 | 21컬럼
2026-05-14 00:13:59,112 [INFO]    road_road_traffic_stts    | 신규  5239행 | 누적   5239행 | 17컬럼
2026-05-14 00:13:59,112 [INFO]    subway                    | 신규    38행 | 누적     38행 | 12컬럼
2026-05-14 00:13:59,112 [INFO]    subway_sub_stts           | 신규   183행 | 누적    183행 | 13컬럼
2026-05-14 00:13:59,112 [INFO]    weather                   | 신규   119행 | 누적    119행 | 30컬럼
2026-05-14 00:13:59,113 [INFO] 키별 사용량:
2026-05-14 00:13:59,113 [INFO]    🟢 KEY_1 (31/1000) 
2026-05-14 00:13:59,113 [INFO]    🟢 KEY_2 (30/1000) 
2026-05-14 00:13:59,113 [INFO]    🟢 KEY_3 (30/1000) 
2026-05-14 00:13:59,113 [INFO]    🟢 KEY_4 (30/1000) 
2026-05-14 01:59:16,127 [INFO] 등록된 키: 4개, 합산 한도 4,000건/일
2026-05-14 01:59:16,127 [INFO] POI 로드: 매뉴얼 v8.5 기준 fallback 121개 (121개 전체)
2026-05-14 01:59:16,127 [INFO] === 수집 시작 2026-05-14T01:59:16.127888+09:00 ===
2026-05-14 01:59:16,128 [INFO] 대상 장소: 121개 | API: citydata (통합)
2026-05-14 01:59:16,128 [INFO] 키 풀: 4/4 활성 | 오늘 사용 0/4000건
2026-05-14 01:59:16,128 [INFO]   [KEY_1] 담당 31장소
2026-05-14 01:59:16,128 [INFO]   [KEY_2] 담당 30장소
2026-05-14 01:59:16,128 [INFO]   [KEY_3] 담당 30장소
2026-05-14 01:59:16,128 [INFO]   [KEY_4] 담당 30장소
2026-05-14 01:59:16,128 [INFO] [1/121] 경복궁 (primary=KEY_1)
2026-05-14 01:59:17,898 [INFO] [2/121] 광화문·덕수궁 (primary=KEY_2)
2026-05-14 01:59:20,151 [INFO] [3/121] 보신각 (primary=KEY_3)
2026-05-14 01:59:22,101 [INFO] [4/121] 서울 암사동 유적 (primary=KEY_4)
2026-05-14 01:59:23,827 [INFO] [5/121] 창덕궁·종묘 (primary=KEY_1)
2026-05-14 01:59:25,224 [INFO] [6/121] 강남 MICE 관광특구 (primary=KEY_2)
2026-05-14 01:59:27,174 [INFO] [7/121] 동대문 관광특구 (primary=KEY_3)
2026-05-14 01:59:28,646 [INFO] [8/121] 명동 관광특구 (primary=KEY_4)
2026-05-14 01:59:31,001 [INFO] [9/121] 이태원 관광특구 (primary=KEY_1)
2026-05-14 01:59:32,934 [INFO] [10/121] 잠실 관광특구 (primary=KEY_2)
2026-05-14 01:59:34,555 [INFO] [11/121] 종로·청계 관광특구 (primary=KEY_3)
2026-05-14 01:59:36,666 [INFO] [12/121] 홍대 관광특구 (primary=KEY_4)
2026-05-14 01:59:38,145 [INFO] [13/121] 강서한강공원 (primary=KEY_1)
2026-05-14 01:59:39,853 [INFO] [14/121] 고척돔 (primary=KEY_2)
2026-05-14 01:59:41,569 [INFO] [15/121] 광나루한강공원 (primary=KEY_3)
2026-05-14 01:59:42,825 [INFO] [16/121] 광화문광장 (primary=KEY_4)
2026-05-14 01:59:44,774 [INFO] [17/121] 국립중앙박물관·용산가족공원 (primary=KEY_1)
2026-05-14 01:59:46,497 [INFO] [18/121] 난지한강공원 (primary=KEY_2)
2026-05-14 01:59:48,196 [INFO] [19/121] 남산공원 (primary=KEY_3)
2026-05-14 01:59:50,280 [INFO] [20/121] 노들섬 (primary=KEY_4)
2026-05-14 01:59:51,196 [INFO] [21/121] 뚝섬한강공원 (primary=KEY_1)
2026-05-14 01:59:52,923 [INFO] [22/121] 망원한강공원 (primary=KEY_2)
2026-05-14 01:59:54,188 [INFO] [23/121] 반포한강공원 (primary=KEY_3)
2026-05-14 01:59:55,908 [INFO] [24/121] 보라매공원 (primary=KEY_4)
2026-05-14 01:59:56,985 [INFO] [25/121] 북서울꿈의숲 (primary=KEY_1)
2026-05-14 01:59:58,897 [INFO] [26/121] 서대문독립공원 (primary=KEY_2)
2026-05-14 01:59:59,969 [INFO] [27/121] 서리풀공원·몽마르뜨공원 (primary=KEY_3)
2026-05-14 02:00:01,090 [INFO] [28/121] 서울대공원 (primary=KEY_4)
2026-05-14 02:00:02,780 [INFO] [29/121] 서울숲공원 (primary=KEY_1)
2026-05-14 02:00:03,991 [INFO] [30/121] 송현녹지광장 (primary=KEY_2)
2026-05-14 02:00:05,231 [INFO] [31/121] 아차산 (primary=KEY_3)
2026-05-14 02:00:06,275 [INFO] [32/121] 안양천 (primary=KEY_4)
2026-05-14 02:00:07,376 [INFO] [33/121] 양화한강공원 (primary=KEY_1)
2026-05-14 02:00:08,442 [INFO] [34/121] 어린이대공원 (primary=KEY_2)
2026-05-14 02:00:09,648 [INFO] [35/121] 여의도한강공원 (primary=KEY_3)
2026-05-14 02:00:10,864 [INFO] [36/121] 여의서로 (primary=KEY_4)
2026-05-14 02:00:12,127 [INFO] [37/121] 올림픽공원 (primary=KEY_1)
2026-05-14 02:00:13,383 [INFO] [38/121] 월드컵공원 (primary=KEY_2)
2026-05-14 02:00:14,825 [INFO] [39/121] 응봉산 (primary=KEY_3)
2026-05-14 02:00:16,061 [INFO] [40/121] 이촌한강공원 (primary=KEY_4)
2026-05-14 02:00:17,121 [INFO] [41/121] 잠실종합운동장 (primary=KEY_1)
2026-05-14 02:00:18,173 [INFO] [42/121] 잠실한강공원 (primary=KEY_2)
2026-05-14 02:00:19,251 [INFO] [43/121] 잠원한강공원 (primary=KEY_3)
2026-05-14 02:00:20,290 [INFO] [44/121] 청계산 (primary=KEY_4)
2026-05-14 02:00:21,353 [INFO] [45/121] 홍제폭포 (primary=KEY_1)
2026-05-14 02:00:23,077 [INFO] [46/121] 가락시장 (primary=KEY_2)
2026-05-14 02:00:24,300 [INFO] [47/121] 가로수길 (primary=KEY_3)
2026-05-14 02:00:26,211 [INFO] [48/121] 광장(전통)시장 (primary=KEY_4)
2026-05-14 02:00:27,285 [INFO] [49/121] 김포공항 (primary=KEY_1)
2026-05-14 02:00:28,580 [INFO] [50/121] 남대문시장 (primary=KEY_2)
2026-05-14 02:00:29,827 [INFO] [51/121] 노량진 (primary=KEY_3)
2026-05-14 02:00:31,059 [INFO] [52/121] 덕수궁길·정동길 (primary=KEY_4)
2026-05-14 02:00:32,288 [INFO] [53/121] 북창동 먹자골목 (primary=KEY_1)
2026-05-14 02:00:33,499 [INFO] [54/121] 북촌한옥마을 (primary=KEY_2)
2026-05-14 02:00:34,898 [INFO] [55/121] 서촌 (primary=KEY_3)
2026-05-14 02:00:36,147 [INFO] [56/121] 성수카페거리 (primary=KEY_4)
2026-05-14 02:00:37,584 [INFO] [57/121] 송리단길·호수단길 (primary=KEY_1)
2026-05-14 02:00:38,809 [INFO] [58/121] 신촌 스타광장 (primary=KEY_2)
2026-05-14 02:00:39,870 [INFO] [59/121] 압구정로데오거리 (primary=KEY_3)
2026-05-14 02:00:41,087 [INFO] [60/121] 여의도 (primary=KEY_4)
2026-05-14 02:00:43,059 [INFO] [61/121] 연남동 (primary=KEY_1)
2026-05-14 02:00:44,300 [INFO] [62/121] 영등포 타임스퀘어 (primary=KEY_2)
2026-05-14 02:00:45,509 [INFO] [63/121] 용리단길 (primary=KEY_3)
2026-05-14 02:00:46,585 [INFO] [64/121] 이태원 앤틱가구거리 (primary=KEY_4)
2026-05-14 02:00:47,669 [INFO] [65/121] 익선동 (primary=KEY_1)
2026-05-14 02:00:48,941 [INFO] [66/121] 인사동 (primary=KEY_2)
2026-05-14 02:00:50,339 [INFO] [67/121] 잠실롯데타워·석촌호수 (primary=KEY_3)
2026-05-14 02:00:51,975 [INFO] [68/121] 창동 신경제 중심지 (primary=KEY_4)
2026-05-14 02:00:53,539 [INFO] [69/121] 청담동 명품거리 (primary=KEY_1)
2026-05-14 02:00:54,807 [INFO] [70/121] 청량리 제기동 일대 전통시장 (primary=KEY_2)
2026-05-14 02:00:56,758 [INFO] [71/121] 해방촌·경리단길 (primary=KEY_3)
2026-05-14 02:00:57,818 [INFO] [72/121] DDP(동대문디자인플라자) (primary=KEY_4)
2026-05-14 02:00:59,091 [INFO] [73/121] DMC(디지털미디어시티) (primary=KEY_1)
2026-05-14 02:01:00,685 [INFO] [74/121] 가산디지털단지역 (primary=KEY_2)
2026-05-14 02:01:02,404 [INFO] [75/121] 강남역 (primary=KEY_3)
2026-05-14 02:01:03,856 [INFO] [76/121] 건대입구역 (primary=KEY_4)
2026-05-14 02:01:05,099 [INFO] [77/121] 고덕역 (primary=KEY_1)
2026-05-14 02:01:06,354 [INFO] [78/121] 고속터미널역 (primary=KEY_2)
2026-05-14 02:01:07,581 [INFO] [79/121] 교대역 (primary=KEY_3)
2026-05-14 02:01:08,647 [INFO] [80/121] 구로디지털단지역 (primary=KEY_4)
2026-05-14 02:01:10,243 [INFO] [81/121] 구로역 (primary=KEY_1)
2026-05-14 02:01:11,490 [INFO] [82/121] 군자역 (primary=KEY_2)
2026-05-14 02:01:12,569 [INFO] [83/121] 대림역 (primary=KEY_3)
2026-05-14 02:01:13,831 [INFO] [84/121] 동대문역 (primary=KEY_4)
2026-05-14 02:01:15,049 [INFO] [85/121] 뚝섬역 (primary=KEY_1)
2026-05-14 02:01:16,263 [INFO] [86/121] 미아사거리역 (primary=KEY_2)
2026-05-14 02:01:17,515 [INFO] [87/121] 발산역 (primary=KEY_3)
2026-05-14 02:01:19,105 [INFO] [88/121] 사당역 (primary=KEY_4)
2026-05-14 02:01:20,340 [INFO] [89/121] 삼각지역 (primary=KEY_1)
2026-05-14 02:01:21,394 [INFO] [90/121] 서울대입구역 (primary=KEY_2)
2026-05-14 02:01:22,641 [INFO] [91/121] 서울식물원·마곡나루역 (primary=KEY_3)
2026-05-14 02:01:24,045 [INFO] [92/121] 서울역 (primary=KEY_4)
2026-05-14 02:01:25,358 [INFO] [93/121] 선릉역 (primary=KEY_1)
2026-05-14 02:01:26,965 [INFO] [94/121] 성신여대입구역 (primary=KEY_2)
2026-05-14 02:01:28,061 [INFO] [95/121] 수유역 (primary=KEY_3)
2026-05-14 02:01:29,286 [INFO] [96/121] 숭례문 (primary=KEY_4)
2026-05-14 02:01:30,527 [INFO] [97/121] 시의회 앞 (primary=KEY_1)
2026-05-14 02:01:31,791 [INFO] [98/121] 신논현역·논현역 (primary=KEY_2)
2026-05-14 02:01:33,102 [INFO] [99/121] 신도림역 (primary=KEY_3)
2026-05-14 02:01:34,199 [INFO] [100/121] 신림역 (primary=KEY_4)
2026-05-14 02:01:35,270 [INFO] [101/121] 신정네거리역 (primary=KEY_1)
2026-05-14 02:01:36,494 [INFO] [102/121] 신촌·이대역 (primary=KEY_2)
2026-05-14 02:01:37,750 [INFO] [103/121] 쌍문역 (primary=KEY_3)
2026-05-14 02:01:39,007 [INFO] [104/121] 양재역 (primary=KEY_4)
2026-05-14 02:01:40,283 [INFO] [105/121] 역삼역 (primary=KEY_1)
2026-05-14 02:01:41,715 [INFO] [106/121] 연신내역 (primary=KEY_2)
2026-05-14 02:01:42,814 [INFO] [107/121] 오목교역·목동운동장 (primary=KEY_3)
2026-05-14 02:01:44,539 [INFO] [108/121] 왕십리역 (primary=KEY_4)
2026-05-14 02:01:45,801 [INFO] [109/121] 용산역 (primary=KEY_1)
2026-05-14 02:01:47,237 [INFO] [110/121] 이태원역 (primary=KEY_2)
2026-05-14 02:01:48,370 [INFO] [111/121] 잠실새내역 (primary=KEY_3)
2026-05-14 02:01:49,585 [INFO] [112/121] 잠실역 (primary=KEY_4)
2026-05-14 02:01:51,025 [INFO] [113/121] 장지역 (primary=KEY_1)
2026-05-14 02:01:52,413 [INFO] [114/121] 장한평역 (primary=KEY_2)
2026-05-14 02:01:53,640 [INFO] [115/121] 천호역 (primary=KEY_3)
2026-05-14 02:01:54,908 [INFO] [116/121] 총신대입구(이수)역 (primary=KEY_4)
2026-05-14 02:01:56,144 [INFO] [117/121] 충정로역 (primary=KEY_1)
2026-05-14 02:01:57,412 [INFO] [118/121] 합정역 (primary=KEY_2)
2026-05-14 02:01:58,682 [INFO] [119/121] 혜화역 (primary=KEY_3)
2026-05-14 02:01:59,896 [INFO] [120/121] 홍대입구역(2호선) (primary=KEY_4)
2026-05-14 02:02:01,144 [INFO] [121/121] 회기역 (primary=KEY_1)
2026-05-14 02:02:03,120 [INFO] === 수집 완료 | 성공 121, 실패 0 ===
2026-05-14 02:02:03,120 [INFO] 카테고리별 저장 결과:
2026-05-14 02:02:03,121 [INFO]    accident                  | 신규     4행 | 누적      9행 | 16컬럼
2026-05-14 02:02:03,121 [INFO]    area_meta                 | 신규   121행 | 누적    242행 | 5컬럼
2026-05-14 02:02:03,121 [INFO]    bike                      | 신규    11행 | 누적     22행 | 12컬럼
2026-05-14 02:02:03,121 [INFO]    bike_sbike_stts           | 신규   559행 | 누적   1118행 | 12컬럼
2026-05-14 02:02:03,121 [INFO]    bus                       | 신규     3행 | 누적      6행 | 11컬럼
2026-05-14 02:02:03,121 [INFO]    bus_bus_stn_stts          | 신규  1745행 | 누적   3490행 | 11컬럼
2026-05-14 02:02:03,121 [INFO]    charger                   | 신규     4행 | 누적     15행 | 15컬럼
2026-05-14 02:02:03,121 [INFO]    charger_charger_stts      | 신규  1884행 | 누적   3381행 | 15컬럼
2026-05-14 02:02:03,121 [INFO]    cmrcl                     | 신규    82행 | 누적    164행 | 20컬럼
2026-05-14 02:02:03,121 [INFO]    events                    | 신규    13행 | 누적     26행 | 14컬럼
2026-05-14 02:02:03,121 [INFO]    events_event_stts         | 신규   168행 | 누적    336행 | 14컬럼
2026-05-14 02:02:03,121 [INFO]    parking                   | 신규     6행 | 누적     12행 | 21컬럼
2026-05-14 02:02:03,121 [INFO]    parking_prk_stts          | 신규  1835행 | 누적   3670행 | 21컬럼
2026-05-14 02:02:03,121 [INFO]    ppltn                     | 신규   121행 | 누적    242행 | 26컬럼
2026-05-14 02:02:03,121 [INFO]    road                      | 신규   121행 | 누적    242행 | 21컬럼
2026-05-14 02:02:03,121 [INFO]    road_road_traffic_stts    | 신규  5239행 | 누적  10478행 | 17컬럼
2026-05-14 02:02:03,121 [INFO]    subway                    | 신규    38행 | 누적     76행 | 12컬럼
2026-05-14 02:02:03,121 [INFO]    subway_sub_stts           | 신규   183행 | 누적    366행 | 13컬럼
2026-05-14 02:02:03,122 [INFO]    weather                   | 신규   119행 | 누적    238행 | 30컬럼
2026-05-14 02:02:03,122 [INFO] 키별 사용량:
2026-05-14 02:02:03,122 [INFO]    🟢 KEY_1 (31/1000) 
2026-05-14 02:02:03,122 [INFO]    🟢 KEY_2 (30/1000) 
2026-05-14 02:02:03,122 [INFO]    🟢 KEY_3 (30/1000) 
2026-05-14 02:02:03,122 [INFO]    🟢 KEY_4 (30/1000) 
2026-05-14 02:49:52,518 [INFO] 등록된 키: 4개, 합산 한도 4,000건/일
2026-05-14 02:49:52,518 [INFO] POI 로드: 매뉴얼 v8.5 기준 fallback 121개 (121개 전체)
2026-05-14 02:49:52,519 [INFO] === 수집 시작 2026-05-14T02:49:52.519060+09:00 ===
2026-05-14 02:49:52,519 [INFO] 대상 장소: 121개 | API: citydata (통합)
2026-05-14 02:49:52,519 [INFO] 키 풀: 4/4 활성 | 오늘 사용 0/4000건
2026-05-14 02:49:52,519 [INFO]   [KEY_1] 담당 31장소
2026-05-14 02:49:52,519 [INFO]   [KEY_2] 담당 30장소
2026-05-14 02:49:52,519 [INFO]   [KEY_3] 담당 30장소
2026-05-14 02:49:52,519 [INFO]   [KEY_4] 담당 30장소
2026-05-14 02:49:52,519 [INFO] [1/121] 경복궁 (primary=KEY_1)
2026-05-14 02:49:54,226 [INFO] [2/121] 광화문·덕수궁 (primary=KEY_2)
2026-05-14 02:49:56,363 [INFO] [3/121] 보신각 (primary=KEY_3)
2026-05-14 02:49:57,592 [INFO] [4/121] 서울 암사동 유적 (primary=KEY_4)
2026-05-14 02:49:59,229 [INFO] [5/121] 창덕궁·종묘 (primary=KEY_1)
2026-05-14 02:50:00,532 [INFO] [6/121] 강남 MICE 관광특구 (primary=KEY_2)
2026-05-14 02:50:01,735 [INFO] [7/121] 동대문 관광특구 (primary=KEY_3)
2026-05-14 02:50:03,116 [INFO] [8/121] 명동 관광특구 (primary=KEY_4)
2026-05-14 02:50:04,680 [INFO] [9/121] 이태원 관광특구 (primary=KEY_1)
2026-05-14 02:50:05,888 [INFO] [10/121] 잠실 관광특구 (primary=KEY_2)
2026-05-14 02:50:08,037 [INFO] [11/121] 종로·청계 관광특구 (primary=KEY_3)
2026-05-14 02:50:09,410 [INFO] [12/121] 홍대 관광특구 (primary=KEY_4)
2026-05-14 02:50:11,335 [INFO] [13/121] 강서한강공원 (primary=KEY_1)
2026-05-14 02:50:12,956 [INFO] [14/121] 고척돔 (primary=KEY_2)
2026-05-14 02:50:13,977 [INFO] [15/121] 광나루한강공원 (primary=KEY_3)
2026-05-14 02:50:15,132 [INFO] [16/121] 광화문광장 (primary=KEY_4)
2026-05-14 02:50:16,319 [INFO] [17/121] 국립중앙박물관·용산가족공원 (primary=KEY_1)
2026-05-14 02:50:17,349 [INFO] [18/121] 난지한강공원 (primary=KEY_2)
2026-05-14 02:50:18,348 [INFO] [19/121] 남산공원 (primary=KEY_3)
2026-05-14 02:50:19,717 [INFO] [20/121] 노들섬 (primary=KEY_4)
2026-05-14 02:50:20,741 [INFO] [21/121] 뚝섬한강공원 (primary=KEY_1)
2026-05-14 02:50:21,783 [INFO] [22/121] 망원한강공원 (primary=KEY_2)
2026-05-14 02:50:22,987 [INFO] [23/121] 반포한강공원 (primary=KEY_3)
2026-05-14 02:50:24,033 [INFO] [24/121] 보라매공원 (primary=KEY_4)
2026-05-14 02:50:25,068 [INFO] [25/121] 북서울꿈의숲 (primary=KEY_1)
2026-05-14 02:50:26,256 [INFO] [26/121] 서대문독립공원 (primary=KEY_2)
2026-05-14 02:50:27,302 [INFO] [27/121] 서리풀공원·몽마르뜨공원 (primary=KEY_3)
2026-05-14 02:50:28,370 [INFO] [28/121] 서울대공원 (primary=KEY_4)
2026-05-14 02:50:29,383 [INFO] [29/121] 서울숲공원 (primary=KEY_1)
2026-05-14 02:50:30,580 [INFO] [30/121] 송현녹지광장 (primary=KEY_2)
2026-05-14 02:50:31,755 [INFO] [31/121] 아차산 (primary=KEY_3)
2026-05-14 02:50:32,780 [INFO] [32/121] 안양천 (primary=KEY_4)
2026-05-14 02:50:33,796 [INFO] [33/121] 양화한강공원 (primary=KEY_1)
2026-05-14 02:50:34,817 [INFO] [34/121] 어린이대공원 (primary=KEY_2)
2026-05-14 02:50:36,029 [INFO] [35/121] 여의도한강공원 (primary=KEY_3)
2026-05-14 02:50:37,188 [INFO] [36/121] 여의서로 (primary=KEY_4)
2026-05-14 02:50:38,363 [INFO] [37/121] 올림픽공원 (primary=KEY_1)
2026-05-14 02:50:39,597 [INFO] [38/121] 월드컵공원 (primary=KEY_2)
2026-05-14 02:50:40,994 [INFO] [39/121] 응봉산 (primary=KEY_3)
2026-05-14 02:50:42,162 [INFO] [40/121] 이촌한강공원 (primary=KEY_4)
2026-05-14 02:50:43,161 [INFO] [41/121] 잠실종합운동장 (primary=KEY_1)
2026-05-14 02:50:44,194 [INFO] [42/121] 잠실한강공원 (primary=KEY_2)
2026-05-14 02:50:45,234 [INFO] [43/121] 잠원한강공원 (primary=KEY_3)
2026-05-14 02:50:46,234 [INFO] [44/121] 청계산 (primary=KEY_4)
2026-05-14 02:50:47,256 [INFO] [45/121] 홍제폭포 (primary=KEY_1)
2026-05-14 02:50:48,266 [INFO] [46/121] 가락시장 (primary=KEY_2)
2026-05-14 02:50:49,463 [INFO] [47/121] 가로수길 (primary=KEY_3)
2026-05-14 02:50:50,664 [INFO] [48/121] 광장(전통)시장 (primary=KEY_4)
2026-05-14 02:50:51,710 [INFO] [49/121] 김포공항 (primary=KEY_1)
2026-05-14 02:50:52,936 [INFO] [50/121] 남대문시장 (primary=KEY_2)
2026-05-14 02:50:54,101 [INFO] [51/121] 노량진 (primary=KEY_3)
2026-05-14 02:50:55,310 [INFO] [52/121] 덕수궁길·정동길 (primary=KEY_4)
2026-05-14 02:50:56,490 [INFO] [53/121] 북창동 먹자골목 (primary=KEY_1)
2026-05-14 02:50:57,642 [INFO] [54/121] 북촌한옥마을 (primary=KEY_2)
2026-05-14 02:50:58,990 [INFO] [55/121] 서촌 (primary=KEY_3)
2026-05-14 02:51:00,159 [INFO] [56/121] 성수카페거리 (primary=KEY_4)
2026-05-14 02:51:01,490 [INFO] [57/121] 송리단길·호수단길 (primary=KEY_1)
2026-05-14 02:51:02,698 [INFO] [58/121] 신촌 스타광장 (primary=KEY_2)
2026-05-14 02:51:03,728 [INFO] [59/121] 압구정로데오거리 (primary=KEY_3)
2026-05-14 02:51:04,911 [INFO] [60/121] 여의도 (primary=KEY_4)
2026-05-14 02:51:06,831 [INFO] [61/121] 연남동 (primary=KEY_1)
2026-05-14 02:51:07,986 [INFO] [62/121] 영등포 타임스퀘어 (primary=KEY_2)
2026-05-14 02:51:09,169 [INFO] [63/121] 용리단길 (primary=KEY_3)
2026-05-14 02:51:10,239 [INFO] [64/121] 이태원 앤틱가구거리 (primary=KEY_4)
2026-05-14 02:51:11,258 [INFO] [65/121] 익선동 (primary=KEY_1)
2026-05-14 02:51:12,442 [INFO] [66/121] 인사동 (primary=KEY_2)
2026-05-14 02:51:13,788 [INFO] [67/121] 잠실롯데타워·석촌호수 (primary=KEY_3)
2026-05-14 02:51:15,305 [INFO] [68/121] 창동 신경제 중심지 (primary=KEY_4)
2026-05-14 02:51:16,834 [INFO] [69/121] 청담동 명품거리 (primary=KEY_1)
2026-05-14 02:51:18,206 [INFO] [70/121] 청량리 제기동 일대 전통시장 (primary=KEY_2)
2026-05-14 02:51:19,379 [INFO] [71/121] 해방촌·경리단길 (primary=KEY_3)
2026-05-14 02:51:20,397 [INFO] [72/121] DDP(동대문디자인플라자) (primary=KEY_4)
2026-05-14 02:51:21,588 [INFO] [73/121] DMC(디지털미디어시티) (primary=KEY_1)
2026-05-14 02:51:23,696 [INFO] [74/121] 가산디지털단지역 (primary=KEY_2)
2026-05-14 02:51:25,353 [INFO] [75/121] 강남역 (primary=KEY_3)
2026-05-14 02:51:26,712 [INFO] [76/121] 건대입구역 (primary=KEY_4)
2026-05-14 02:51:27,907 [INFO] [77/121] 고덕역 (primary=KEY_1)
2026-05-14 02:51:29,099 [INFO] [78/121] 고속터미널역 (primary=KEY_2)
2026-05-14 02:51:30,303 [INFO] [79/121] 교대역 (primary=KEY_3)
2026-05-14 02:51:31,339 [INFO] [80/121] 구로디지털단지역 (primary=KEY_4)
2026-05-14 02:51:32,853 [INFO] [81/121] 구로역 (primary=KEY_1)
2026-05-14 02:51:34,015 [INFO] [82/121] 군자역 (primary=KEY_2)
2026-05-14 02:51:35,059 [INFO] [83/121] 대림역 (primary=KEY_3)
2026-05-14 02:51:36,239 [INFO] [84/121] 동대문역 (primary=KEY_4)
2026-05-14 02:51:37,453 [INFO] [85/121] 뚝섬역 (primary=KEY_1)
2026-05-14 02:51:38,631 [INFO] [86/121] 미아사거리역 (primary=KEY_2)
2026-05-14 02:51:39,819 [INFO] [87/121] 발산역 (primary=KEY_3)
2026-05-14 02:51:41,177 [INFO] [88/121] 사당역 (primary=KEY_4)
2026-05-14 02:51:42,349 [INFO] [89/121] 삼각지역 (primary=KEY_1)
2026-05-14 02:51:43,382 [INFO] [90/121] 서울대입구역 (primary=KEY_2)
2026-05-14 02:51:44,566 [INFO] [91/121] 서울식물원·마곡나루역 (primary=KEY_3)
2026-05-14 02:51:45,896 [INFO] [92/121] 서울역 (primary=KEY_4)
2026-05-14 02:51:47,147 [INFO] [93/121] 선릉역 (primary=KEY_1)
2026-05-14 02:51:48,673 [INFO] [94/121] 성신여대입구역 (primary=KEY_2)
2026-05-14 02:51:49,720 [INFO] [95/121] 수유역 (primary=KEY_3)
2026-05-14 02:51:50,896 [INFO] [96/121] 숭례문 (primary=KEY_4)
2026-05-14 02:51:52,121 [INFO] [97/121] 시의회 앞 (primary=KEY_1)
2026-05-14 02:51:53,298 [INFO] [98/121] 신논현역·논현역 (primary=KEY_2)
2026-05-14 02:51:54,512 [INFO] [99/121] 신도림역 (primary=KEY_3)
2026-05-14 02:51:55,570 [INFO] [100/121] 신림역 (primary=KEY_4)
2026-05-14 02:51:56,620 [INFO] [101/121] 신정네거리역 (primary=KEY_1)
2026-05-14 02:51:57,795 [INFO] [102/121] 신촌·이대역 (primary=KEY_2)
2026-05-14 02:51:59,006 [INFO] [103/121] 쌍문역 (primary=KEY_3)
2026-05-14 02:52:00,175 [INFO] [104/121] 양재역 (primary=KEY_4)
2026-05-14 02:52:01,388 [INFO] [105/121] 역삼역 (primary=KEY_1)
2026-05-14 02:52:02,743 [INFO] [106/121] 연신내역 (primary=KEY_2)
2026-05-14 02:52:03,790 [INFO] [107/121] 오목교역·목동운동장 (primary=KEY_3)
2026-05-14 02:52:05,442 [INFO] [108/121] 왕십리역 (primary=KEY_4)
2026-05-14 02:52:06,680 [INFO] [109/121] 용산역 (primary=KEY_1)
2026-05-14 02:52:08,011 [INFO] [110/121] 이태원역 (primary=KEY_2)
2026-05-14 02:52:09,137 [INFO] [111/121] 잠실새내역 (primary=KEY_3)
2026-05-14 02:52:10,344 [INFO] [112/121] 잠실역 (primary=KEY_4)
2026-05-14 02:52:11,703 [INFO] [113/121] 장지역 (primary=KEY_1)
2026-05-14 02:52:13,062 [INFO] [114/121] 장한평역 (primary=KEY_2)
2026-05-14 02:52:14,257 [INFO] [115/121] 천호역 (primary=KEY_3)
2026-05-14 02:52:15,460 [INFO] [116/121] 총신대입구(이수)역 (primary=KEY_4)
2026-05-14 02:52:16,677 [INFO] [117/121] 충정로역 (primary=KEY_1)
2026-05-14 02:52:17,886 [INFO] [118/121] 합정역 (primary=KEY_2)
2026-05-14 02:52:19,119 [INFO] [119/121] 혜화역 (primary=KEY_3)
2026-05-14 02:52:20,297 [INFO] [120/121] 홍대입구역(2호선) (primary=KEY_4)
2026-05-14 02:52:21,510 [INFO] [121/121] 회기역 (primary=KEY_1)
2026-05-14 02:52:23,623 [INFO] === 수집 완료 | 성공 121, 실패 0 ===
2026-05-14 02:52:23,624 [INFO] 카테고리별 저장 결과:
2026-05-14 02:52:23,624 [INFO]    accident                  | 신규     4행 | 누적     13행 | 16컬럼
2026-05-14 02:52:23,624 [INFO]    area_meta                 | 신규   121행 | 누적    363행 | 5컬럼
2026-05-14 02:52:23,624 [INFO]    bike                      | 신규    11행 | 누적     33행 | 12컬럼
2026-05-14 02:52:23,624 [INFO]    bike_sbike_stts           | 신규   559행 | 누적   1677행 | 12컬럼
2026-05-14 02:52:23,624 [INFO]    bus                       | 신규     3행 | 누적      9행 | 11컬럼
2026-05-14 02:52:23,624 [INFO]    bus_bus_stn_stts          | 신규  1745행 | 누적   5235행 | 11컬럼
2026-05-14 02:52:23,624 [INFO]    charger                   | 신규     4행 | 누적     19행 | 15컬럼
2026-05-14 02:52:23,624 [INFO]    charger_charger_stts      | 신규  1880행 | 누적   5246행 | 15컬럼
2026-05-14 02:52:23,624 [INFO]    cmrcl                     | 신규    82행 | 누적    246행 | 20컬럼
2026-05-14 02:52:23,624 [INFO]    events                    | 신규    13행 | 누적     39행 | 14컬럼
2026-05-14 02:52:23,624 [INFO]    events_event_stts         | 신규   168행 | 누적    504행 | 14컬럼
2026-05-14 02:52:23,624 [INFO]    parking                   | 신규     6행 | 누적     18행 | 21컬럼
2026-05-14 02:52:23,624 [INFO]    parking_prk_stts          | 신규  1835행 | 누적   5505행 | 21컬럼
2026-05-14 02:52:23,624 [INFO]    ppltn                     | 신규   121행 | 누적    363행 | 26컬럼
2026-05-14 02:52:23,624 [INFO]    road                      | 신규   121행 | 누적    363행 | 21컬럼
2026-05-14 02:52:23,624 [INFO]    road_road_traffic_stts    | 신규  5239행 | 누적  15717행 | 17컬럼
2026-05-14 02:52:23,624 [INFO]    subway                    | 신규    38행 | 누적    114행 | 12컬럼
2026-05-14 02:52:23,624 [INFO]    subway_sub_stts           | 신규   183행 | 누적    549행 | 13컬럼
2026-05-14 02:52:23,624 [INFO]    weather                   | 신규   119행 | 누적    357행 | 31컬럼
2026-05-14 02:52:23,625 [INFO] 키별 사용량:
2026-05-14 02:52:23,625 [INFO]    🟢 KEY_1 (31/1000) 
2026-05-14 02:52:23,625 [INFO]    🟢 KEY_2 (30/1000) 
2026-05-14 02:52:23,625 [INFO]    🟢 KEY_3 (30/1000) 
2026-05-14 02:52:23,625 [INFO]    🟢 KEY_4 (30/1000) 
2026-05-14 03:50:44,324 [INFO] 등록된 키: 4개, 합산 한도 4,000건/일
2026-05-14 03:50:44,325 [INFO] POI 로드: 매뉴얼 v8.5 기준 fallback 121개 (121개 전체)
2026-05-14 03:50:44,325 [INFO] === 수집 시작 2026-05-14T03:50:44.325327+09:00 ===
2026-05-14 03:50:44,325 [INFO] 대상 장소: 121개 | API: citydata (통합)
2026-05-14 03:50:44,325 [INFO] 키 풀: 4/4 활성 | 오늘 사용 0/4000건
2026-05-14 03:50:44,325 [INFO]   [KEY_1] 담당 31장소
2026-05-14 03:50:44,325 [INFO]   [KEY_2] 담당 30장소
2026-05-14 03:50:44,325 [INFO]   [KEY_3] 담당 30장소
2026-05-14 03:50:44,325 [INFO]   [KEY_4] 담당 30장소
2026-05-14 03:50:44,325 [INFO] [1/121] 경복궁 (primary=KEY_1)
2026-05-14 03:50:46,350 [INFO] [2/121] 광화문·덕수궁 (primary=KEY_2)
2026-05-14 03:50:48,731 [INFO] [3/121] 보신각 (primary=KEY_3)
2026-05-14 03:50:50,102 [INFO] [4/121] 서울 암사동 유적 (primary=KEY_4)
2026-05-14 03:50:51,457 [INFO] [5/121] 창덕궁·종묘 (primary=KEY_1)
2026-05-14 03:50:53,814 [INFO] [6/121] 강남 MICE 관광특구 (primary=KEY_2)
2026-05-14 03:50:56,025 [INFO] [7/121] 동대문 관광특구 (primary=KEY_3)
2026-05-14 03:50:58,446 [INFO] [8/121] 명동 관광특구 (primary=KEY_4)
2026-05-14 03:51:00,327 [INFO] [9/121] 이태원 관광특구 (primary=KEY_1)
2026-05-14 03:51:01,739 [INFO] [10/121] 잠실 관광특구 (primary=KEY_2)
2026-05-14 03:51:04,773 [INFO] [11/121] 종로·청계 관광특구 (primary=KEY_3)
2026-05-14 03:51:06,389 [INFO] [12/121] 홍대 관광특구 (primary=KEY_4)
2026-05-14 03:51:08,820 [INFO] [13/121] 강서한강공원 (primary=KEY_1)
2026-05-14 03:51:10,970 [INFO] [14/121] 고척돔 (primary=KEY_2)
2026-05-14 03:51:12,926 [INFO] [15/121] 광나루한강공원 (primary=KEY_3)
2026-05-14 03:51:14,954 [INFO] [16/121] 광화문광장 (primary=KEY_4)
2026-05-14 03:51:16,330 [INFO] [17/121] 국립중앙박물관·용산가족공원 (primary=KEY_1)
2026-05-14 03:51:18,476 [INFO] [18/121] 난지한강공원 (primary=KEY_2)
2026-05-14 03:51:19,627 [INFO] [19/121] 남산공원 (primary=KEY_3)
2026-05-14 03:51:22,228 [INFO] [20/121] 노들섬 (primary=KEY_4)
2026-05-14 03:51:23,193 [INFO] [21/121] 뚝섬한강공원 (primary=KEY_1)
2026-05-14 03:51:25,368 [INFO] [22/121] 망원한강공원 (primary=KEY_2)
2026-05-14 03:51:26,752 [INFO] [23/121] 반포한강공원 (primary=KEY_3)
2026-05-14 03:51:27,932 [INFO] [24/121] 보라매공원 (primary=KEY_4)
2026-05-14 03:51:30,094 [INFO] [25/121] 북서울꿈의숲 (primary=KEY_1)
2026-05-14 03:51:31,449 [INFO] [26/121] 서대문독립공원 (primary=KEY_2)
2026-05-14 03:51:32,636 [INFO] [27/121] 서리풀공원·몽마르뜨공원 (primary=KEY_3)
2026-05-14 03:51:34,665 [INFO] [28/121] 서울대공원 (primary=KEY_4)
2026-05-14 03:51:36,602 [INFO] [29/121] 서울숲공원 (primary=KEY_1)
2026-05-14 03:51:38,013 [INFO] [30/121] 송현녹지광장 (primary=KEY_2)
2026-05-14 03:51:40,372 [INFO] [31/121] 아차산 (primary=KEY_3)
2026-05-14 03:51:42,347 [INFO] [32/121] 안양천 (primary=KEY_4)
2026-05-14 03:51:44,314 [INFO] [33/121] 양화한강공원 (primary=KEY_1)
2026-05-14 03:51:45,482 [INFO] [34/121] 어린이대공원 (primary=KEY_2)
2026-05-14 03:51:46,861 [INFO] [35/121] 여의도한강공원 (primary=KEY_3)
2026-05-14 03:51:48,218 [INFO] [36/121] 여의서로 (primary=KEY_4)
2026-05-14 03:51:49,575 [INFO] [37/121] 올림픽공원 (primary=KEY_1)
2026-05-14 03:51:50,984 [INFO] [38/121] 월드컵공원 (primary=KEY_2)
2026-05-14 03:51:52,601 [INFO] [39/121] 응봉산 (primary=KEY_3)
2026-05-14 03:51:53,978 [INFO] [40/121] 이촌한강공원 (primary=KEY_4)
2026-05-14 03:51:55,943 [INFO] [41/121] 잠실종합운동장 (primary=KEY_1)
2026-05-14 03:51:57,118 [INFO] [42/121] 잠실한강공원 (primary=KEY_2)
2026-05-14 03:51:58,317 [INFO] [43/121] 잠원한강공원 (primary=KEY_3)
2026-05-14 03:51:59,481 [INFO] [44/121] 청계산 (primary=KEY_4)
2026-05-14 03:52:01,620 [INFO] [45/121] 홍제폭포 (primary=KEY_1)
2026-05-14 03:52:03,945 [INFO] [46/121] 가락시장 (primary=KEY_2)
2026-05-14 03:52:05,367 [INFO] [47/121] 가로수길 (primary=KEY_3)
2026-05-14 03:52:06,763 [INFO] [48/121] 광장(전통)시장 (primary=KEY_4)
2026-05-14 03:52:07,945 [INFO] [49/121] 김포공항 (primary=KEY_1)
2026-05-14 03:52:10,153 [INFO] [50/121] 남대문시장 (primary=KEY_2)
2026-05-14 03:52:11,540 [INFO] [51/121] 노량진 (primary=KEY_3)
2026-05-14 03:52:12,953 [INFO] [52/121] 덕수궁길·정동길 (primary=KEY_4)
2026-05-14 03:52:14,350 [INFO] [53/121] 북창동 먹자골목 (primary=KEY_1)
2026-05-14 03:52:15,724 [INFO] [54/121] 북촌한옥마을 (primary=KEY_2)
2026-05-14 03:52:17,307 [INFO] [55/121] 서촌 (primary=KEY_3)
2026-05-14 03:52:18,676 [INFO] [56/121] 성수카페거리 (primary=KEY_4)
2026-05-14 03:52:20,275 [INFO] [57/121] 송리단길·호수단길 (primary=KEY_1)
2026-05-14 03:52:21,689 [INFO] [58/121] 신촌 스타광장 (primary=KEY_2)
2026-05-14 03:52:22,886 [INFO] [59/121] 압구정로데오거리 (primary=KEY_3)
2026-05-14 03:52:25,280 [INFO] [60/121] 여의도 (primary=KEY_4)
2026-05-14 03:52:27,538 [INFO] [61/121] 연남동 (primary=KEY_1)
2026-05-14 03:52:28,934 [INFO] [62/121] 영등포 타임스퀘어 (primary=KEY_2)
2026-05-14 03:52:30,313 [INFO] [63/121] 용리단길 (primary=KEY_3)
2026-05-14 03:52:31,516 [INFO] [64/121] 이태원 앤틱가구거리 (primary=KEY_4)
2026-05-14 03:52:32,730 [INFO] [65/121] 익선동 (primary=KEY_1)
2026-05-14 03:52:34,132 [INFO] [66/121] 인사동 (primary=KEY_2)
2026-05-14 03:52:35,727 [INFO] [67/121] 잠실롯데타워·석촌호수 (primary=KEY_3)
2026-05-14 03:52:37,572 [INFO] [68/121] 창동 신경제 중심지 (primary=KEY_4)
2026-05-14 03:52:39,409 [INFO] [69/121] 청담동 명품거리 (primary=KEY_1)
2026-05-14 03:52:40,860 [INFO] [70/121] 청량리 제기동 일대 전통시장 (primary=KEY_2)
2026-05-14 03:52:42,267 [INFO] [71/121] 해방촌·경리단길 (primary=KEY_3)
2026-05-14 03:52:43,455 [INFO] [72/121] DDP(동대문디자인플라자) (primary=KEY_4)
2026-05-14 03:52:44,861 [INFO] [73/121] DMC(디지털미디어시티) (primary=KEY_1)
2026-05-14 03:52:46,700 [INFO] [74/121] 가산디지털단지역 (primary=KEY_2)
2026-05-14 03:52:48,731 [INFO] [75/121] 강남역 (primary=KEY_3)
2026-05-14 03:52:50,376 [INFO] [76/121] 건대입구역 (primary=KEY_4)
2026-05-14 03:52:51,753 [INFO] [77/121] 고덕역 (primary=KEY_1)
2026-05-14 03:52:53,123 [INFO] [78/121] 고속터미널역 (primary=KEY_2)
2026-05-14 03:52:54,527 [INFO] [79/121] 교대역 (primary=KEY_3)
2026-05-14 03:52:55,735 [INFO] [80/121] 구로디지털단지역 (primary=KEY_4)
2026-05-14 03:52:57,526 [INFO] [81/121] 구로역 (primary=KEY_1)
2026-05-14 03:52:58,886 [INFO] [82/121] 군자역 (primary=KEY_2)
2026-05-14 03:53:00,070 [INFO] [83/121] 대림역 (primary=KEY_3)
2026-05-14 03:53:01,479 [INFO] [84/121] 동대문역 (primary=KEY_4)
2026-05-14 03:53:02,884 [INFO] [85/121] 뚝섬역 (primary=KEY_1)
2026-05-14 03:53:05,262 [INFO] [86/121] 미아사거리역 (primary=KEY_2)
2026-05-14 03:53:06,633 [INFO] [87/121] 발산역 (primary=KEY_3)
2026-05-14 03:53:09,022 [INFO] [88/121] 사당역 (primary=KEY_4)
2026-05-14 03:53:10,427 [INFO] [89/121] 삼각지역 (primary=KEY_1)
2026-05-14 03:53:11,587 [INFO] [90/121] 서울대입구역 (primary=KEY_2)
2026-05-14 03:53:12,982 [INFO] [91/121] 서울식물원·마곡나루역 (primary=KEY_3)
2026-05-14 03:53:14,579 [INFO] [92/121] 서울역 (primary=KEY_4)
2026-05-14 03:53:16,047 [INFO] [93/121] 선릉역 (primary=KEY_1)
2026-05-14 03:53:17,879 [INFO] [94/121] 성신여대입구역 (primary=KEY_2)
2026-05-14 03:53:19,066 [INFO] [95/121] 수유역 (primary=KEY_3)
2026-05-14 03:53:20,456 [INFO] [96/121] 숭례문 (primary=KEY_4)
2026-05-14 03:53:22,650 [INFO] [97/121] 시의회 앞 (primary=KEY_1)
2026-05-14 03:53:24,059 [INFO] [98/121] 신논현역·논현역 (primary=KEY_2)
2026-05-14 03:53:26,682 [INFO] [99/121] 신도림역 (primary=KEY_3)
2026-05-14 03:53:27,898 [INFO] [100/121] 신림역 (primary=KEY_4)
2026-05-14 03:53:29,070 [INFO] [101/121] 신정네거리역 (primary=KEY_1)
2026-05-14 03:53:30,437 [INFO] [102/121] 신촌·이대역 (primary=KEY_2)
2026-05-14 03:53:31,837 [INFO] [103/121] 쌍문역 (primary=KEY_3)
2026-05-14 03:53:33,250 [INFO] [104/121] 양재역 (primary=KEY_4)
2026-05-14 03:53:34,661 [INFO] [105/121] 역삼역 (primary=KEY_1)
2026-05-14 03:53:36,256 [INFO] [106/121] 연신내역 (primary=KEY_2)
2026-05-14 03:53:37,457 [INFO] [107/121] 오목교역·목동운동장 (primary=KEY_3)
2026-05-14 03:53:39,482 [INFO] [108/121] 왕십리역 (primary=KEY_4)
2026-05-14 03:53:40,867 [INFO] [109/121] 용산역 (primary=KEY_1)
2026-05-14 03:53:42,471 [INFO] [110/121] 이태원역 (primary=KEY_2)
2026-05-14 03:53:43,674 [INFO] [111/121] 잠실새내역 (primary=KEY_3)
2026-05-14 03:53:45,100 [INFO] [112/121] 잠실역 (primary=KEY_4)
2026-05-14 03:53:46,711 [INFO] [113/121] 장지역 (primary=KEY_1)
2026-05-14 03:53:48,270 [INFO] [114/121] 장한평역 (primary=KEY_2)
2026-05-14 03:53:49,662 [INFO] [115/121] 천호역 (primary=KEY_3)
2026-05-14 03:53:51,049 [INFO] [116/121] 총신대입구(이수)역 (primary=KEY_4)
2026-05-14 03:53:52,437 [INFO] [117/121] 충정로역 (primary=KEY_1)
2026-05-14 03:53:53,833 [INFO] [118/121] 합정역 (primary=KEY_2)
2026-05-14 03:53:55,217 [INFO] [119/121] 혜화역 (primary=KEY_3)
2026-05-14 03:53:56,606 [INFO] [120/121] 홍대입구역(2호선) (primary=KEY_4)
2026-05-14 03:53:58,005 [INFO] [121/121] 회기역 (primary=KEY_1)
2026-05-14 03:54:00,432 [INFO] === 수집 완료 | 성공 121, 실패 0 ===
2026-05-14 03:54:00,432 [INFO] 카테고리별 저장 결과:
2026-05-14 03:54:00,433 [INFO]    area_meta                 | 신규   121행 | 누적    484행 | 5컬럼
2026-05-14 03:54:00,433 [INFO]    bike                      | 신규    11행 | 누적     44행 | 12컬럼
2026-05-14 03:54:00,433 [INFO]    bike_sbike_stts           | 신규   559행 | 누적   2236행 | 12컬럼
2026-05-14 03:54:00,433 [INFO]    bus                       | 신규     3행 | 누적     12행 | 11컬럼
2026-05-14 03:54:00,433 [INFO]    bus_bus_stn_stts          | 신규  1745행 | 누적   6980행 | 11컬럼
2026-05-14 03:54:00,433 [INFO]    charger                   | 신규     4행 | 누적     23행 | 15컬럼
2026-05-14 03:54:00,433 [INFO]    charger_charger_stts      | 신규  1884행 | 누적   7115행 | 15컬럼
2026-05-14 03:54:00,433 [INFO]    cmrcl                     | 신규    82행 | 누적    328행 | 20컬럼
2026-05-14 03:54:00,433 [INFO]    events                    | 신규    13행 | 누적     52행 | 14컬럼
2026-05-14 03:54:00,433 [INFO]    events_event_stts         | 신규   168행 | 누적    672행 | 14컬럼
2026-05-14 03:54:00,433 [INFO]    parking                   | 신규     6행 | 누적     24행 | 21컬럼
2026-05-14 03:54:00,433 [INFO]    parking_prk_stts          | 신규  1835행 | 누적   7340행 | 21컬럼
2026-05-14 03:54:00,433 [INFO]    ppltn                     | 신규   121행 | 누적    484행 | 26컬럼
2026-05-14 03:54:00,433 [INFO]    road                      | 신규   121행 | 누적    484행 | 21컬럼
2026-05-14 03:54:00,433 [INFO]    road_road_traffic_stts    | 신규  5239행 | 누적  20956행 | 17컬럼
2026-05-14 03:54:00,433 [INFO]    subway                    | 신규    38행 | 누적    152행 | 12컬럼
2026-05-14 03:54:00,433 [INFO]    subway_sub_stts           | 신규   183행 | 누적    732행 | 13컬럼
2026-05-14 03:54:00,433 [INFO]    weather                   | 신규   119행 | 누적    476행 | 31컬럼
2026-05-14 03:54:00,434 [INFO] 키별 사용량:
2026-05-14 03:54:00,434 [INFO]    🟢 KEY_1 (31/1000) 
2026-05-14 03:54:00,434 [INFO]    🟢 KEY_2 (30/1000) 
2026-05-14 03:54:00,434 [INFO]    🟢 KEY_3 (30/1000) 
2026-05-14 03:54:00,434 [INFO]    🟢 KEY_4 (30/1000) 
2026-05-14 04:42:20,896 [INFO] 등록된 키: 4개, 합산 한도 4,000건/일
2026-05-14 04:42:20,897 [INFO] POI 로드: 매뉴얼 v8.5 기준 fallback 121개 (121개 전체)
2026-05-14 04:42:20,897 [INFO] === 수집 시작 2026-05-14T04:42:20.897811+09:00 ===
2026-05-14 04:42:20,897 [INFO] 대상 장소: 121개 | API: citydata (통합)
2026-05-14 04:42:20,898 [INFO] 키 풀: 4/4 활성 | 오늘 사용 0/4000건
2026-05-14 04:42:20,898 [INFO]   [KEY_1] 담당 31장소
2026-05-14 04:42:20,898 [INFO]   [KEY_2] 담당 30장소
2026-05-14 04:42:20,898 [INFO]   [KEY_3] 담당 30장소
2026-05-14 04:42:20,898 [INFO]   [KEY_4] 담당 30장소
2026-05-14 04:42:20,898 [INFO] [1/121] 경복궁 (primary=KEY_1)
2026-05-14 04:42:22,843 [INFO] [2/121] 광화문·덕수궁 (primary=KEY_2)
2026-05-14 04:42:25,176 [INFO] [3/121] 보신각 (primary=KEY_3)
2026-05-14 04:42:26,429 [INFO] [4/121] 서울 암사동 유적 (primary=KEY_4)
2026-05-14 04:42:27,532 [INFO] [5/121] 창덕궁·종묘 (primary=KEY_1)
2026-05-14 04:42:29,482 [INFO] [6/121] 강남 MICE 관광특구 (primary=KEY_2)
2026-05-14 04:42:31,422 [INFO] [7/121] 동대문 관광특구 (primary=KEY_3)
2026-05-14 04:42:33,604 [INFO] [8/121] 명동 관광특구 (primary=KEY_4)
2026-05-14 04:42:35,996 [INFO] [9/121] 이태원 관광특구 (primary=KEY_1)
2026-05-14 04:42:38,350 [INFO] [10/121] 잠실 관광특구 (primary=KEY_2)
2026-05-14 04:42:40,117 [INFO] [11/121] 종로·청계 관광특구 (primary=KEY_3)
2026-05-14 04:42:41,621 [INFO] [12/121] 홍대 관광특구 (primary=KEY_4)
2026-05-14 04:42:43,117 [INFO] [13/121] 강서한강공원 (primary=KEY_1)
2026-05-14 04:42:44,189 [INFO] [14/121] 고척돔 (primary=KEY_2)
2026-05-14 04:42:46,313 [INFO] [15/121] 광나루한강공원 (primary=KEY_3)
2026-05-14 04:42:47,603 [INFO] [16/121] 광화문광장 (primary=KEY_4)
2026-05-14 04:42:48,908 [INFO] [17/121] 국립중앙박물관·용산가족공원 (primary=KEY_1)
2026-05-14 04:42:50,005 [INFO] [18/121] 난지한강공원 (primary=KEY_2)
2026-05-14 04:42:51,076 [INFO] [19/121] 남산공원 (primary=KEY_3)
2026-05-14 04:42:52,589 [INFO] [20/121] 노들섬 (primary=KEY_4)
2026-05-14 04:42:53,506 [INFO] [21/121] 뚝섬한강공원 (primary=KEY_1)
2026-05-14 04:42:54,788 [INFO] [22/121] 망원한강공원 (primary=KEY_2)
2026-05-14 04:42:56,051 [INFO] [23/121] 반포한강공원 (primary=KEY_3)
2026-05-14 04:42:57,842 [INFO] [24/121] 보라매공원 (primary=KEY_4)
2026-05-14 04:42:58,934 [INFO] [25/121] 북서울꿈의숲 (primary=KEY_1)
2026-05-14 04:43:00,184 [INFO] [26/121] 서대문독립공원 (primary=KEY_2)
2026-05-14 04:43:02,000 [INFO] [27/121] 서리풀공원·몽마르뜨공원 (primary=KEY_3)
2026-05-14 04:43:03,719 [INFO] [28/121] 서울대공원 (primary=KEY_4)
2026-05-14 04:43:04,777 [INFO] [29/121] 서울숲공원 (primary=KEY_1)
2026-05-14 04:43:06,049 [INFO] [30/121] 송현녹지광장 (primary=KEY_2)
2026-05-14 04:43:07,326 [INFO] [31/121] 아차산 (primary=KEY_3)
2026-05-14 04:43:09,008 [INFO] [32/121] 안양천 (primary=KEY_4)
2026-05-14 04:43:10,087 [INFO] [33/121] 양화한강공원 (primary=KEY_1)
2026-05-14 04:43:11,160 [INFO] [34/121] 어린이대공원 (primary=KEY_2)
2026-05-14 04:43:12,468 [INFO] [35/121] 여의도한강공원 (primary=KEY_3)
2026-05-14 04:43:13,724 [INFO] [36/121] 여의서로 (primary=KEY_4)
2026-05-14 04:43:14,993 [INFO] [37/121] 올림픽공원 (primary=KEY_1)
2026-05-14 04:43:16,331 [INFO] [38/121] 월드컵공원 (primary=KEY_2)
2026-05-14 04:43:17,810 [INFO] [39/121] 응봉산 (primary=KEY_3)
2026-05-14 04:43:19,084 [INFO] [40/121] 이촌한강공원 (primary=KEY_4)
2026-05-14 04:43:20,156 [INFO] [41/121] 잠실종합운동장 (primary=KEY_1)
2026-05-14 04:43:21,273 [INFO] [42/121] 잠실한강공원 (primary=KEY_2)
2026-05-14 04:43:22,386 [INFO] [43/121] 잠원한강공원 (primary=KEY_3)
2026-05-14 04:43:23,482 [INFO] [44/121] 청계산 (primary=KEY_4)
2026-05-14 04:43:24,551 [INFO] [45/121] 홍제폭포 (primary=KEY_1)
2026-05-14 04:43:25,625 [INFO] [46/121] 가락시장 (primary=KEY_2)
2026-05-14 04:43:26,889 [INFO] [47/121] 가로수길 (primary=KEY_3)
2026-05-14 04:43:28,207 [INFO] [48/121] 광장(전통)시장 (primary=KEY_4)
2026-05-14 04:43:29,293 [INFO] [49/121] 김포공항 (primary=KEY_1)
2026-05-14 04:43:30,620 [INFO] [50/121] 남대문시장 (primary=KEY_2)
2026-05-14 04:43:31,882 [INFO] [51/121] 노량진 (primary=KEY_3)
2026-05-14 04:43:33,169 [INFO] [52/121] 덕수궁길·정동길 (primary=KEY_4)
2026-05-14 04:43:34,451 [INFO] [53/121] 북창동 먹자골목 (primary=KEY_1)
2026-05-14 04:43:35,762 [INFO] [54/121] 북촌한옥마을 (primary=KEY_2)
2026-05-14 04:43:37,211 [INFO] [55/121] 서촌 (primary=KEY_3)
2026-05-14 04:43:38,505 [INFO] [56/121] 성수카페거리 (primary=KEY_4)
2026-05-14 04:43:39,940 [INFO] [57/121] 송리단길·호수단길 (primary=KEY_1)
2026-05-14 04:43:41,221 [INFO] [58/121] 신촌 스타광장 (primary=KEY_2)
2026-05-14 04:43:42,316 [INFO] [59/121] 압구정로데오거리 (primary=KEY_3)
2026-05-14 04:43:43,645 [INFO] [60/121] 여의도 (primary=KEY_4)
2026-05-14 04:43:45,695 [INFO] [61/121] 연남동 (primary=KEY_1)
2026-05-14 04:43:46,953 [INFO] [62/121] 영등포 타임스퀘어 (primary=KEY_2)
2026-05-14 04:43:48,248 [INFO] [63/121] 용리단길 (primary=KEY_3)
2026-05-14 04:43:49,380 [INFO] [64/121] 이태원 앤틱가구거리 (primary=KEY_4)
2026-05-14 04:43:50,495 [INFO] [65/121] 익선동 (primary=KEY_1)
2026-05-14 04:43:51,830 [INFO] [66/121] 인사동 (primary=KEY_2)
2026-05-14 04:43:53,294 [INFO] [67/121] 잠실롯데타워·석촌호수 (primary=KEY_3)
2026-05-14 04:43:54,941 [INFO] [68/121] 창동 신경제 중심지 (primary=KEY_4)
2026-05-14 04:43:56,622 [INFO] [69/121] 청담동 명품거리 (primary=KEY_1)
2026-05-14 04:43:57,939 [INFO] [70/121] 청량리 제기동 일대 전통시장 (primary=KEY_2)
2026-05-14 04:43:59,219 [INFO] [71/121] 해방촌·경리단길 (primary=KEY_3)
2026-05-14 04:44:00,301 [INFO] [72/121] DDP(동대문디자인플라자) (primary=KEY_4)
2026-05-14 04:44:01,662 [INFO] [73/121] DMC(디지털미디어시티) (primary=KEY_1)
2026-05-14 04:44:03,343 [INFO] [74/121] 가산디지털단지역 (primary=KEY_2)
2026-05-14 04:44:05,188 [INFO] [75/121] 강남역 (primary=KEY_3)
2026-05-14 04:44:06,659 [INFO] [76/121] 건대입구역 (primary=KEY_4)
2026-05-14 04:44:07,923 [INFO] [77/121] 고덕역 (primary=KEY_1)
2026-05-14 04:44:09,200 [INFO] [78/121] 고속터미널역 (primary=KEY_2)
2026-05-14 04:44:10,528 [INFO] [79/121] 교대역 (primary=KEY_3)
2026-05-14 04:44:11,635 [INFO] [80/121] 구로디지털단지역 (primary=KEY_4)
2026-05-14 04:44:13,110 [INFO] [81/121] 구로역 (primary=KEY_1)
2026-05-14 04:44:14,363 [INFO] [82/121] 군자역 (primary=KEY_2)
2026-05-14 04:44:15,454 [INFO] [83/121] 대림역 (primary=KEY_3)
2026-05-14 04:44:16,728 [INFO] [84/121] 동대문역 (primary=KEY_4)
2026-05-14 04:44:18,056 [INFO] [85/121] 뚝섬역 (primary=KEY_1)
2026-05-14 04:44:19,350 [INFO] [86/121] 미아사거리역 (primary=KEY_2)
2026-05-14 04:44:20,625 [INFO] [87/121] 발산역 (primary=KEY_3)
2026-05-14 04:44:22,105 [INFO] [88/121] 사당역 (primary=KEY_4)
2026-05-14 04:44:23,375 [INFO] [89/121] 삼각지역 (primary=KEY_1)
2026-05-14 04:44:25,525 [INFO] [90/121] 서울대입구역 (primary=KEY_2)
2026-05-14 04:44:27,521 [INFO] [91/121] 서울식물원·마곡나루역 (primary=KEY_3)
2026-05-14 04:44:29,673 [INFO] [92/121] 서울역 (primary=KEY_4)
2026-05-14 04:44:31,000 [INFO] [93/121] 선릉역 (primary=KEY_1)
2026-05-14 04:44:33,326 [INFO] [94/121] 성신여대입구역 (primary=KEY_2)
2026-05-14 04:44:34,474 [INFO] [95/121] 수유역 (primary=KEY_3)
2026-05-14 04:44:36,353 [INFO] [96/121] 숭례문 (primary=KEY_4)
2026-05-14 04:44:37,627 [INFO] [97/121] 시의회 앞 (primary=KEY_1)
2026-05-14 04:44:38,919 [INFO] [98/121] 신논현역·논현역 (primary=KEY_2)
2026-05-14 04:44:40,223 [INFO] [99/121] 신도림역 (primary=KEY_3)
2026-05-14 04:44:42,072 [INFO] [100/121] 신림역 (primary=KEY_4)
2026-05-14 04:44:43,185 [INFO] [101/121] 신정네거리역 (primary=KEY_1)
2026-05-14 04:44:45,141 [INFO] [102/121] 신촌·이대역 (primary=KEY_2)
2026-05-14 04:44:46,426 [INFO] [103/121] 쌍문역 (primary=KEY_3)
2026-05-14 04:44:47,691 [INFO] [104/121] 양재역 (primary=KEY_4)
2026-05-14 04:44:49,026 [INFO] [105/121] 역삼역 (primary=KEY_1)
2026-05-14 04:44:50,475 [INFO] [106/121] 연신내역 (primary=KEY_2)
2026-05-14 04:44:51,578 [INFO] [107/121] 오목교역·목동운동장 (primary=KEY_3)
2026-05-14 04:44:54,086 [INFO] [108/121] 왕십리역 (primary=KEY_4)
2026-05-14 04:44:55,391 [INFO] [109/121] 용산역 (primary=KEY_1)
2026-05-14 04:44:56,898 [INFO] [110/121] 이태원역 (primary=KEY_2)
2026-05-14 04:44:58,050 [INFO] [111/121] 잠실새내역 (primary=KEY_3)
2026-05-14 04:44:59,304 [INFO] [112/121] 잠실역 (primary=KEY_4)
2026-05-14 04:45:01,336 [INFO] [113/121] 장지역 (primary=KEY_1)
2026-05-14 04:45:02,764 [INFO] [114/121] 장한평역 (primary=KEY_2)
2026-05-14 04:45:04,075 [INFO] [115/121] 천호역 (primary=KEY_3)
2026-05-14 04:45:05,347 [INFO] [116/121] 총신대입구(이수)역 (primary=KEY_4)
2026-05-14 04:45:06,600 [INFO] [117/121] 충정로역 (primary=KEY_1)
2026-05-14 04:45:07,872 [INFO] [118/121] 합정역 (primary=KEY_2)
2026-05-14 04:45:09,163 [INFO] [119/121] 혜화역 (primary=KEY_3)
2026-05-14 04:45:11,093 [INFO] [120/121] 홍대입구역(2호선) (primary=KEY_4)
2026-05-14 04:45:13,046 [INFO] [121/121] 회기역 (primary=KEY_1)
2026-05-14 04:45:15,471 [INFO] === 수집 완료 | 성공 121, 실패 0 ===
2026-05-14 04:45:15,471 [INFO] 카테고리별 저장 결과:
2026-05-14 04:45:15,471 [INFO]    accident                  | 신규     2행 | 누적     15행 | 16컬럼
2026-05-14 04:45:15,471 [INFO]    area_meta                 | 신규   121행 | 누적    605행 | 5컬럼
2026-05-14 04:45:15,471 [INFO]    bike                      | 신규    11행 | 누적     55행 | 12컬럼
2026-05-14 04:45:15,471 [INFO]    bike_sbike_stts           | 신규   559행 | 누적   2795행 | 12컬럼
2026-05-14 04:45:15,471 [INFO]    bus                       | 신규     3행 | 누적     15행 | 11컬럼
2026-05-14 04:45:15,471 [INFO]    bus_bus_stn_stts          | 신규  1745행 | 누적   8725행 | 11컬럼
2026-05-14 04:45:15,471 [INFO]    charger                   | 신규     4행 | 누적     27행 | 15컬럼
2026-05-14 04:45:15,471 [INFO]    charger_charger_stts      | 신규  1884행 | 누적   8984행 | 15컬럼
2026-05-14 04:45:15,471 [INFO]    cmrcl                     | 신규    82행 | 누적    410행 | 20컬럼
2026-05-14 04:45:15,471 [INFO]    events                    | 신규    13행 | 누적     65행 | 14컬럼
2026-05-14 04:45:15,472 [INFO]    events_event_stts         | 신규   168행 | 누적    840행 | 14컬럼
2026-05-14 04:45:15,472 [INFO]    parking                   | 신규     6행 | 누적     30행 | 21컬럼
2026-05-14 04:45:15,472 [INFO]    parking_prk_stts          | 신규  1835행 | 누적   9175행 | 21컬럼
2026-05-14 04:45:15,472 [INFO]    ppltn                     | 신규   121행 | 누적    605행 | 26컬럼
2026-05-14 04:45:15,472 [INFO]    road                      | 신규   121행 | 누적    605행 | 21컬럼
2026-05-14 04:45:15,472 [INFO]    road_road_traffic_stts    | 신규  5239행 | 누적  26195행 | 17컬럼
2026-05-14 04:45:15,472 [INFO]    subway                    | 신규    38행 | 누적    190행 | 13컬럼
2026-05-14 04:45:15,472 [INFO]    subway_sub_stts           | 신규   183행 | 누적    915행 | 13컬럼
2026-05-14 04:45:15,472 [INFO]    weather                   | 신규   119행 | 누적    595행 | 31컬럼
2026-05-14 04:45:15,472 [INFO] 키별 사용량:
2026-05-14 04:45:15,472 [INFO]    🟢 KEY_1 (31/1000) 
2026-05-14 04:45:15,472 [INFO]    🟢 KEY_2 (30/1000) 
2026-05-14 04:45:15,472 [INFO]    🟢 KEY_3 (30/1000) 
2026-05-14 04:45:15,472 [INFO]    🟢 KEY_4 (30/1000) 
