2026-06-06 00:13:05,433 [INFO] 등록된 키: 4개, 합산 한도 4,000건/일
2026-06-06 00:13:05,434 [INFO] POI 로드: 매뉴얼 v8.5 기준 fallback 121개 (121개 전체)
2026-06-06 00:13:05,434 [INFO] === 수집 시작 2026-06-06T00:13:05.434418+09:00 ===
2026-06-06 00:13:05,434 [INFO] 대상 장소: 121개 | API: citydata (통합)
2026-06-06 00:13:05,434 [INFO] 키 풀: 4/4 활성 | 오늘 사용 0/4000건
2026-06-06 00:13:05,434 [INFO]   [KEY_1] 담당 31장소
2026-06-06 00:13:05,434 [INFO]   [KEY_2] 담당 30장소
2026-06-06 00:13:05,434 [INFO]   [KEY_3] 담당 30장소
2026-06-06 00:13:05,434 [INFO]   [KEY_4] 담당 30장소
2026-06-06 00:13:05,434 [INFO] [1/121] 경복궁 (primary=KEY_1)
2026-06-06 00:13:07,375 [INFO] [2/121] 광화문·덕수궁 (primary=KEY_2)
2026-06-06 00:13:09,009 [INFO] [3/121] 보신각 (primary=KEY_3)
2026-06-06 00:13:11,011 [INFO] [4/121] 서울 암사동 유적 (primary=KEY_4)
2026-06-06 00:13:12,806 [INFO] [5/121] 창덕궁·종묘 (primary=KEY_1)
2026-06-06 00:13:14,754 [INFO] [6/121] 강남 MICE 관광특구 (primary=KEY_2)
2026-06-06 00:13:16,931 [INFO] [7/121] 동대문 관광특구 (primary=KEY_3)
2026-06-06 00:13:18,984 [INFO] [8/121] 명동 관광특구 (primary=KEY_4)
2026-06-06 00:13:21,291 [INFO] [9/121] 이태원 관광특구 (primary=KEY_1)
2026-06-06 00:13:23,503 [INFO] [10/121] 잠실 관광특구 (primary=KEY_2)
2026-06-06 00:13:24,962 [INFO] [11/121] 종로·청계 관광특구 (primary=KEY_3)
2026-06-06 00:13:26,465 [INFO] [12/121] 홍대 관광특구 (primary=KEY_4)
2026-06-06 00:13:28,005 [INFO] [13/121] 강서한강공원 (primary=KEY_1)
2026-06-06 00:13:29,777 [INFO] [14/121] 고척돔 (primary=KEY_2)
2026-06-06 00:13:31,443 [INFO] [15/121] 광나루한강공원 (primary=KEY_3)
2026-06-06 00:13:32,723 [INFO] [16/121] 광화문광장 (primary=KEY_4)
2026-06-06 00:13:33,975 [INFO] [17/121] 국립중앙박물관·용산가족공원 (primary=KEY_1)
2026-06-06 00:13:35,077 [INFO] [18/121] 난지한강공원 (primary=KEY_2)
2026-06-06 00:13:36,866 [INFO] [19/121] 남산공원 (primary=KEY_3)
2026-06-06 00:13:38,335 [INFO] [20/121] 노들섬 (primary=KEY_4)
2026-06-06 00:13:39,433 [INFO] [21/121] 뚝섬한강공원 (primary=KEY_1)
2026-06-06 00:13:40,516 [INFO] [22/121] 망원한강공원 (primary=KEY_2)
2026-06-06 00:13:41,795 [INFO] [23/121] 반포한강공원 (primary=KEY_3)
2026-06-06 00:13:42,889 [INFO] [24/121] 보라매공원 (primary=KEY_4)
2026-06-06 00:13:43,972 [INFO] [25/121] 북서울꿈의숲 (primary=KEY_1)
2026-06-06 00:13:45,091 [INFO] [26/121] 서대문독립공원 (primary=KEY_2)
2026-06-06 00:13:46,209 [INFO] [27/121] 서리풀공원·몽마르뜨공원 (primary=KEY_3)
2026-06-06 00:13:47,485 [INFO] [28/121] 서울대공원 (primary=KEY_4)
2026-06-06 00:13:48,578 [INFO] [29/121] 서울숲공원 (primary=KEY_1)
2026-06-06 00:13:49,876 [INFO] [30/121] 송현녹지광장 (primary=KEY_2)
2026-06-06 00:13:51,146 [INFO] [31/121] 아차산 (primary=KEY_3)
2026-06-06 00:13:52,226 [INFO] [32/121] 안양천 (primary=KEY_4)
2026-06-06 00:13:53,331 [INFO] [33/121] 양화한강공원 (primary=KEY_1)
2026-06-06 00:13:54,411 [INFO] [34/121] 어린이대공원 (primary=KEY_2)
2026-06-06 00:13:55,537 [INFO] [35/121] 여의도한강공원 (primary=KEY_3)
2026-06-06 00:13:56,836 [INFO] [36/121] 여의서로 (primary=KEY_4)
2026-06-06 00:13:57,916 [INFO] [37/121] 올림픽공원 (primary=KEY_1)
2026-06-06 00:13:59,217 [INFO] [38/121] 월드컵공원 (primary=KEY_2)
2026-06-06 00:14:00,734 [INFO] [39/121] 응봉산 (primary=KEY_3)
2026-06-06 00:14:02,016 [INFO] [40/121] 이촌한강공원 (primary=KEY_4)
2026-06-06 00:14:03,130 [INFO] [41/121] 잠실종합운동장 (primary=KEY_1)
2026-06-06 00:14:04,221 [INFO] [42/121] 잠실한강공원 (primary=KEY_2)
2026-06-06 00:14:05,336 [INFO] [43/121] 잠원한강공원 (primary=KEY_3)
2026-06-06 00:14:06,408 [INFO] [44/121] 청계산 (primary=KEY_4)
2026-06-06 00:14:07,511 [INFO] [45/121] 홍제폭포 (primary=KEY_1)
2026-06-06 00:14:08,605 [INFO] [46/121] 가락시장 (primary=KEY_2)
2026-06-06 00:14:09,919 [INFO] [47/121] 가로수길 (primary=KEY_3)
2026-06-06 00:14:11,245 [INFO] [48/121] 광장(전통)시장 (primary=KEY_4)
2026-06-06 00:14:12,368 [INFO] [49/121] 김포공항 (primary=KEY_1)
2026-06-06 00:14:13,658 [INFO] [50/121] 남대문시장 (primary=KEY_2)
2026-06-06 00:14:14,803 [INFO] [51/121] 노량진 (primary=KEY_3)
2026-06-06 00:14:15,922 [INFO] [52/121] 덕수궁길·정동길 (primary=KEY_4)
2026-06-06 00:14:17,271 [INFO] [53/121] 북창동 먹자골목 (primary=KEY_1)
2026-06-06 00:14:18,365 [INFO] [54/121] 북촌한옥마을 (primary=KEY_2)
2026-06-06 00:14:19,688 [INFO] [55/121] 서촌 (primary=KEY_3)
2026-06-06 00:14:20,948 [INFO] [56/121] 성수카페거리 (primary=KEY_4)
2026-06-06 00:14:22,275 [INFO] [57/121] 송리단길·호수단길 (primary=KEY_1)
2026-06-06 00:14:23,584 [INFO] [58/121] 신촌 스타광장 (primary=KEY_2)
2026-06-06 00:14:24,707 [INFO] [59/121] 압구정로데오거리 (primary=KEY_3)
2026-06-06 00:14:26,591 [INFO] [60/121] 여의도 (primary=KEY_4)
2026-06-06 00:14:28,434 [INFO] [61/121] 연남동 (primary=KEY_1)
2026-06-06 00:14:29,738 [INFO] [62/121] 영등포 타임스퀘어 (primary=KEY_2)
2026-06-06 00:14:31,006 [INFO] [63/121] 용리단길 (primary=KEY_3)
2026-06-06 00:14:32,130 [INFO] [64/121] 이태원 앤틱가구거리 (primary=KEY_4)
2026-06-06 00:14:33,394 [INFO] [65/121] 익선동 (primary=KEY_1)
2026-06-06 00:14:34,708 [INFO] [66/121] 인사동 (primary=KEY_2)
2026-06-06 00:14:35,985 [INFO] [67/121] 잠실롯데타워·석촌호수 (primary=KEY_3)
2026-06-06 00:14:37,308 [INFO] [68/121] 창동 신경제 중심지 (primary=KEY_4)
2026-06-06 00:14:38,800 [INFO] [69/121] 청담동 명품거리 (primary=KEY_1)
2026-06-06 00:14:40,068 [INFO] [70/121] 청량리 제기동 일대 전통시장 (primary=KEY_2)
2026-06-06 00:14:41,385 [INFO] [71/121] 해방촌·경리단길 (primary=KEY_3)
2026-06-06 00:14:42,473 [INFO] [72/121] DDP(동대문디자인플라자) (primary=KEY_4)
2026-06-06 00:14:43,819 [INFO] [73/121] DMC(디지털미디어시티) (primary=KEY_1)
2026-06-06 00:14:45,355 [INFO] [74/121] 가산디지털단지역 (primary=KEY_2)
2026-06-06 00:14:46,817 [INFO] [75/121] 강남역 (primary=KEY_3)
2026-06-06 00:14:48,297 [INFO] [76/121] 건대입구역 (primary=KEY_4)
2026-06-06 00:14:49,565 [INFO] [77/121] 고덕역 (primary=KEY_1)
2026-06-06 00:14:50,863 [INFO] [78/121] 고속터미널역 (primary=KEY_2)
2026-06-06 00:14:52,001 [INFO] [79/121] 교대역 (primary=KEY_3)
2026-06-06 00:14:53,123 [INFO] [80/121] 구로디지털단지역 (primary=KEY_4)
2026-06-06 00:14:54,406 [INFO] [81/121] 구로역 (primary=KEY_1)
2026-06-06 00:14:55,509 [INFO] [82/121] 군자역 (primary=KEY_2)
2026-06-06 00:14:56,790 [INFO] [83/121] 대림역 (primary=KEY_3)
2026-06-06 00:14:58,105 [INFO] [84/121] 동대문역 (primary=KEY_4)
2026-06-06 00:14:59,421 [INFO] [85/121] 뚝섬역 (primary=KEY_1)
2026-06-06 00:15:00,727 [INFO] [86/121] 미아사거리역 (primary=KEY_2)
2026-06-06 00:15:01,992 [INFO] [87/121] 발산역 (primary=KEY_3)
2026-06-06 00:15:03,458 [INFO] [88/121] 사당역 (primary=KEY_4)
2026-06-06 00:15:04,735 [INFO] [89/121] 삼각지역 (primary=KEY_1)
2026-06-06 00:15:05,868 [INFO] [90/121] 서울대입구역 (primary=KEY_2)
2026-06-06 00:15:06,996 [INFO] [91/121] 서울식물원·마곡나루역 (primary=KEY_3)
2026-06-06 00:15:08,298 [INFO] [92/121] 서울역 (primary=KEY_4)
2026-06-06 00:15:09,591 [INFO] [93/121] 선릉역 (primary=KEY_1)
2026-06-06 00:15:11,060 [INFO] [94/121] 성신여대입구역 (primary=KEY_2)
2026-06-06 00:15:12,153 [INFO] [95/121] 수유역 (primary=KEY_3)
2026-06-06 00:15:13,444 [INFO] [96/121] 숭례문 (primary=KEY_4)
2026-06-06 00:15:14,752 [INFO] [97/121] 시의회 앞 (primary=KEY_1)
2026-06-06 00:15:16,069 [INFO] [98/121] 신논현역·논현역 (primary=KEY_2)
2026-06-06 00:15:17,358 [INFO] [99/121] 신도림역 (primary=KEY_3)
2026-06-06 00:15:18,453 [INFO] [100/121] 신림역 (primary=KEY_4)
2026-06-06 00:15:19,567 [INFO] [101/121] 신정네거리역 (primary=KEY_1)
2026-06-06 00:15:20,678 [INFO] [102/121] 신촌·이대역 (primary=KEY_2)
2026-06-06 00:15:21,988 [INFO] [103/121] 쌍문역 (primary=KEY_3)
2026-06-06 00:15:23,278 [INFO] [104/121] 양재역 (primary=KEY_4)
2026-06-06 00:15:24,551 [INFO] [105/121] 역삼역 (primary=KEY_1)
2026-06-06 00:15:25,822 [INFO] [106/121] 연신내역 (primary=KEY_2)
2026-06-06 00:15:26,930 [INFO] [107/121] 오목교역·목동운동장 (primary=KEY_3)
2026-06-06 00:15:28,434 [INFO] [108/121] 왕십리역 (primary=KEY_4)
2026-06-06 00:15:29,764 [INFO] [109/121] 용산역 (primary=KEY_1)
2026-06-06 00:15:31,060 [INFO] [110/121] 이태원역 (primary=KEY_2)
2026-06-06 00:15:32,150 [INFO] [111/121] 잠실새내역 (primary=KEY_3)
2026-06-06 00:15:33,429 [INFO] [112/121] 잠실역 (primary=KEY_4)
2026-06-06 00:15:34,739 [INFO] [113/121] 장지역 (primary=KEY_1)
2026-06-06 00:15:36,047 [INFO] [114/121] 장한평역 (primary=KEY_2)
2026-06-06 00:15:37,347 [INFO] [115/121] 천호역 (primary=KEY_3)
2026-06-06 00:15:38,723 [INFO] [116/121] 총신대입구(이수)역 (primary=KEY_4)
2026-06-06 00:15:39,995 [INFO] [117/121] 충정로역 (primary=KEY_1)
2026-06-06 00:15:41,275 [INFO] [118/121] 합정역 (primary=KEY_2)
2026-06-06 00:15:42,545 [INFO] [119/121] 혜화역 (primary=KEY_3)
2026-06-06 00:15:43,848 [INFO] [120/121] 홍대입구역(2호선) (primary=KEY_4)
2026-06-06 00:15:44,983 [INFO] [121/121] 회기역 (primary=KEY_1)
2026-06-06 00:15:46,694 [INFO] === 수집 완료 | 성공 121, 실패 0 ===
2026-06-06 00:15:46,694 [INFO] 카테고리별 저장 결과:
2026-06-06 00:15:46,695 [INFO]    accident                  | 신규     1행 | 누적      1행 | 16컬럼
2026-06-06 00:15:46,695 [INFO]    area_meta                 | 신규   121행 | 누적    121행 | 5컬럼
2026-06-06 00:15:46,695 [INFO]    bike                      | 신규    10행 | 누적     10행 | 12컬럼
2026-06-06 00:15:46,695 [INFO]    bike_sbike_stts           | 신규   554행 | 누적    554행 | 12컬럼
2026-06-06 00:15:46,695 [INFO]    bus                       | 신규     3행 | 누적      3행 | 11컬럼
2026-06-06 00:15:46,695 [INFO]    bus_bus_stn_stts          | 신규  1745행 | 누적   1745행 | 11컬럼
2026-06-06 00:15:46,695 [INFO]    charger                   | 신규    25행 | 누적     25행 | 15컬럼
2026-06-06 00:15:46,695 [INFO]    charger_charger_stts      | 신규   322행 | 누적    322행 | 15컬럼
2026-06-06 00:15:46,695 [INFO]    cmrcl                     | 신규    82행 | 누적     82행 | 20컬럼
2026-06-06 00:15:46,695 [INFO]    disaster                  | 신규    17행 | 누적     17행 | 9컬럼
2026-06-06 00:15:46,695 [INFO]    events                    | 신규    12행 | 누적     12행 | 14컬럼
2026-06-06 00:15:46,695 [INFO]    events_event_stts         | 신규   158행 | 누적    158행 | 14컬럼
2026-06-06 00:15:46,695 [INFO]    news                      | 신규     6행 | 누적      6행 | 10컬럼
2026-06-06 00:15:46,695 [INFO]    parking                   | 신규     6행 | 누적      6행 | 21컬럼
2026-06-06 00:15:46,695 [INFO]    parking_prk_stts          | 신규  1835행 | 누적   1835행 | 21컬럼
2026-06-06 00:15:46,695 [INFO]    ppltn                     | 신규   121행 | 누적    121행 | 26컬럼
2026-06-06 00:15:46,695 [INFO]    road                      | 신규   121행 | 누적    121행 | 21컬럼
2026-06-06 00:15:46,696 [INFO]    road_road_traffic_stts    | 신규  5254행 | 누적   5254행 | 17컬럼
2026-06-06 00:15:46,696 [INFO]    subway                    | 신규    38행 | 누적     38행 | 12컬럼
2026-06-06 00:15:46,696 [INFO]    subway_sub_stts           | 신규   183행 | 누적    183행 | 13컬럼
2026-06-06 00:15:46,696 [INFO]    weather                   | 신규   119행 | 누적    119행 | 29컬럼
2026-06-06 00:15:46,696 [INFO] 키별 사용량:
2026-06-06 00:15:46,696 [INFO]    🟢 KEY_1 (31/1000) 
2026-06-06 00:15:46,696 [INFO]    🟢 KEY_2 (30/1000) 
2026-06-06 00:15:46,696 [INFO]    🟢 KEY_3 (30/1000) 
2026-06-06 00:15:46,696 [INFO]    🟢 KEY_4 (30/1000) 
2026-06-06 01:59:12,733 [INFO] 등록된 키: 4개, 합산 한도 4,000건/일
2026-06-06 01:59:12,734 [INFO] POI 로드: 매뉴얼 v8.5 기준 fallback 121개 (121개 전체)
2026-06-06 01:59:12,734 [INFO] === 수집 시작 2026-06-06T01:59:12.734726+09:00 ===
2026-06-06 01:59:12,734 [INFO] 대상 장소: 121개 | API: citydata (통합)
2026-06-06 01:59:12,734 [INFO] 키 풀: 4/4 활성 | 오늘 사용 0/4000건
2026-06-06 01:59:12,734 [INFO]   [KEY_1] 담당 31장소
2026-06-06 01:59:12,734 [INFO]   [KEY_2] 담당 30장소
2026-06-06 01:59:12,734 [INFO]   [KEY_3] 담당 30장소
2026-06-06 01:59:12,734 [INFO]   [KEY_4] 담당 30장소
2026-06-06 01:59:12,735 [INFO] [1/121] 경복궁 (primary=KEY_1)
2026-06-06 01:59:14,741 [INFO] [2/121] 광화문·덕수궁 (primary=KEY_2)
2026-06-06 01:59:16,985 [INFO] [3/121] 보신각 (primary=KEY_3)
2026-06-06 01:59:19,167 [INFO] [4/121] 서울 암사동 유적 (primary=KEY_4)
2026-06-06 01:59:21,034 [INFO] [5/121] 창덕궁·종묘 (primary=KEY_1)
2026-06-06 01:59:23,217 [INFO] [6/121] 강남 MICE 관광특구 (primary=KEY_2)
2026-06-06 01:59:24,955 [INFO] [7/121] 동대문 관광특구 (primary=KEY_3)
2026-06-06 01:59:26,361 [INFO] [8/121] 명동 관광특구 (primary=KEY_4)
2026-06-06 01:59:27,816 [INFO] [9/121] 이태원 관광특구 (primary=KEY_1)
2026-06-06 01:59:29,658 [INFO] [10/121] 잠실 관광특구 (primary=KEY_2)
2026-06-06 01:59:31,077 [INFO] [11/121] 종로·청계 관광특구 (primary=KEY_3)
2026-06-06 01:59:32,518 [INFO] [12/121] 홍대 관광특구 (primary=KEY_4)
2026-06-06 01:59:34,929 [INFO] [13/121] 강서한강공원 (primary=KEY_1)
2026-06-06 01:59:35,987 [INFO] [14/121] 고척돔 (primary=KEY_2)
2026-06-06 01:59:37,034 [INFO] [15/121] 광나루한강공원 (primary=KEY_3)
2026-06-06 01:59:39,215 [INFO] [16/121] 광화문광장 (primary=KEY_4)
2026-06-06 01:59:41,281 [INFO] [17/121] 국립중앙박물관·용산가족공원 (primary=KEY_1)
2026-06-06 01:59:42,341 [INFO] [18/121] 난지한강공원 (primary=KEY_2)
2026-06-06 01:59:44,379 [INFO] [19/121] 남산공원 (primary=KEY_3)
2026-06-06 01:59:45,773 [INFO] [20/121] 노들섬 (primary=KEY_4)
2026-06-06 01:59:46,810 [INFO] [21/121] 뚝섬한강공원 (primary=KEY_1)
2026-06-06 01:59:47,863 [INFO] [22/121] 망원한강공원 (primary=KEY_2)
2026-06-06 01:59:50,523 [INFO] [23/121] 반포한강공원 (primary=KEY_3)
2026-06-06 01:59:51,715 [INFO] [24/121] 보라매공원 (primary=KEY_4)
2026-06-06 01:59:52,791 [INFO] [25/121] 북서울꿈의숲 (primary=KEY_1)
2026-06-06 01:59:53,862 [INFO] [26/121] 서대문독립공원 (primary=KEY_2)
2026-06-06 01:59:55,726 [INFO] [27/121] 서리풀공원·몽마르뜨공원 (primary=KEY_3)
2026-06-06 01:59:56,817 [INFO] [28/121] 서울대공원 (primary=KEY_4)
2026-06-06 01:59:58,691 [INFO] [29/121] 서울숲공원 (primary=KEY_1)
2026-06-06 02:00:00,620 [INFO] [30/121] 송현녹지광장 (primary=KEY_2)
2026-06-06 02:00:02,268 [INFO] [31/121] 아차산 (primary=KEY_3)
2026-06-06 02:00:03,324 [INFO] [32/121] 안양천 (primary=KEY_4)
2026-06-06 02:00:05,196 [INFO] [33/121] 양화한강공원 (primary=KEY_1)
2026-06-06 02:00:06,234 [INFO] [34/121] 어린이대공원 (primary=KEY_2)
2026-06-06 02:00:07,292 [INFO] [35/121] 여의도한강공원 (primary=KEY_3)
2026-06-06 02:00:08,494 [INFO] [36/121] 여의서로 (primary=KEY_4)
2026-06-06 02:00:09,534 [INFO] [37/121] 올림픽공원 (primary=KEY_1)
2026-06-06 02:00:10,755 [INFO] [38/121] 월드컵공원 (primary=KEY_2)
2026-06-06 02:00:13,110 [INFO] [39/121] 응봉산 (primary=KEY_3)
2026-06-06 02:00:15,119 [INFO] [40/121] 이촌한강공원 (primary=KEY_4)
2026-06-06 02:00:17,155 [INFO] [41/121] 잠실종합운동장 (primary=KEY_1)
2026-06-06 02:00:18,195 [INFO] [42/121] 잠실한강공원 (primary=KEY_2)
2026-06-06 02:00:19,242 [INFO] [43/121] 잠원한강공원 (primary=KEY_3)
2026-06-06 02:00:20,436 [INFO] [44/121] 청계산 (primary=KEY_4)
2026-06-06 02:00:21,473 [INFO] [45/121] 홍제폭포 (primary=KEY_1)
2026-06-06 02:00:22,513 [INFO] [46/121] 가락시장 (primary=KEY_2)
2026-06-06 02:00:24,378 [INFO] [47/121] 가로수길 (primary=KEY_3)
2026-06-06 02:00:25,606 [INFO] [48/121] 광장(전통)시장 (primary=KEY_4)
2026-06-06 02:00:26,657 [INFO] [49/121] 김포공항 (primary=KEY_1)
2026-06-06 02:00:27,882 [INFO] [50/121] 남대문시장 (primary=KEY_2)
2026-06-06 02:00:28,937 [INFO] [51/121] 노량진 (primary=KEY_3)
2026-06-06 02:00:30,018 [INFO] [52/121] 덕수궁길·정동길 (primary=KEY_4)
2026-06-06 02:00:31,252 [INFO] [53/121] 북창동 먹자골목 (primary=KEY_1)
2026-06-06 02:00:32,304 [INFO] [54/121] 북촌한옥마을 (primary=KEY_2)
2026-06-06 02:00:33,536 [INFO] [55/121] 서촌 (primary=KEY_3)
2026-06-06 02:00:34,738 [INFO] [56/121] 성수카페거리 (primary=KEY_4)
2026-06-06 02:00:35,965 [INFO] [57/121] 송리단길·호수단길 (primary=KEY_1)
2026-06-06 02:00:37,191 [INFO] [58/121] 신촌 스타광장 (primary=KEY_2)
2026-06-06 02:00:38,242 [INFO] [59/121] 압구정로데오거리 (primary=KEY_3)
2026-06-06 02:00:39,451 [INFO] [60/121] 여의도 (primary=KEY_4)
2026-06-06 02:00:41,273 [INFO] [61/121] 연남동 (primary=KEY_1)
2026-06-06 02:00:42,475 [INFO] [62/121] 영등포 타임스퀘어 (primary=KEY_2)
2026-06-06 02:00:43,711 [INFO] [63/121] 용리단길 (primary=KEY_3)
2026-06-06 02:00:44,772 [INFO] [64/121] 이태원 앤틱가구거리 (primary=KEY_4)
2026-06-06 02:00:45,818 [INFO] [65/121] 익선동 (primary=KEY_1)
2026-06-06 02:00:47,039 [INFO] [66/121] 인사동 (primary=KEY_2)
2026-06-06 02:00:48,270 [INFO] [67/121] 잠실롯데타워·석촌호수 (primary=KEY_3)
2026-06-06 02:00:49,501 [INFO] [68/121] 창동 신경제 중심지 (primary=KEY_4)
2026-06-06 02:00:51,431 [INFO] [69/121] 청담동 명품거리 (primary=KEY_1)
2026-06-06 02:00:52,654 [INFO] [70/121] 청량리 제기동 일대 전통시장 (primary=KEY_2)
2026-06-06 02:00:53,896 [INFO] [71/121] 해방촌·경리단길 (primary=KEY_3)
2026-06-06 02:00:54,939 [INFO] [72/121] DDP(동대문디자인플라자) (primary=KEY_4)
2026-06-06 02:00:56,216 [INFO] [73/121] DMC(디지털미디어시티) (primary=KEY_1)
2026-06-06 02:00:57,638 [INFO] [74/121] 가산디지털단지역 (primary=KEY_2)
2026-06-06 02:00:59,007 [INFO] [75/121] 강남역 (primary=KEY_3)
2026-06-06 02:01:00,436 [INFO] [76/121] 건대입구역 (primary=KEY_4)
2026-06-06 02:01:01,653 [INFO] [77/121] 고덕역 (primary=KEY_1)
2026-06-06 02:01:02,737 [INFO] [78/121] 고속터미널역 (primary=KEY_2)
2026-06-06 02:01:03,805 [INFO] [79/121] 교대역 (primary=KEY_3)
2026-06-06 02:01:04,858 [INFO] [80/121] 구로디지털단지역 (primary=KEY_4)
2026-06-06 02:01:06,072 [INFO] [81/121] 구로역 (primary=KEY_1)
2026-06-06 02:01:07,122 [INFO] [82/121] 군자역 (primary=KEY_2)
2026-06-06 02:01:08,205 [INFO] [83/121] 대림역 (primary=KEY_3)
2026-06-06 02:01:09,267 [INFO] [84/121] 동대문역 (primary=KEY_4)
2026-06-06 02:01:10,476 [INFO] [85/121] 뚝섬역 (primary=KEY_1)
2026-06-06 02:01:11,685 [INFO] [86/121] 미아사거리역 (primary=KEY_2)
2026-06-06 02:01:12,892 [INFO] [87/121] 발산역 (primary=KEY_3)
2026-06-06 02:01:14,285 [INFO] [88/121] 사당역 (primary=KEY_4)
2026-06-06 02:01:15,514 [INFO] [89/121] 삼각지역 (primary=KEY_1)
2026-06-06 02:01:17,773 [INFO] [90/121] 서울대입구역 (primary=KEY_2)
2026-06-06 02:01:18,837 [INFO] [91/121] 서울식물원·마곡나루역 (primary=KEY_3)
2026-06-06 02:01:20,055 [INFO] [92/121] 서울역 (primary=KEY_4)
2026-06-06 02:01:21,302 [INFO] [93/121] 선릉역 (primary=KEY_1)
2026-06-06 02:01:22,717 [INFO] [94/121] 성신여대입구역 (primary=KEY_2)
2026-06-06 02:01:23,768 [INFO] [95/121] 수유역 (primary=KEY_3)
2026-06-06 02:01:24,974 [INFO] [96/121] 숭례문 (primary=KEY_4)
2026-06-06 02:01:26,190 [INFO] [97/121] 시의회 앞 (primary=KEY_1)
2026-06-06 02:01:27,411 [INFO] [98/121] 신논현역·논현역 (primary=KEY_2)
2026-06-06 02:01:28,643 [INFO] [99/121] 신도림역 (primary=KEY_3)
2026-06-06 02:01:29,699 [INFO] [100/121] 신림역 (primary=KEY_4)
2026-06-06 02:01:30,769 [INFO] [101/121] 신정네거리역 (primary=KEY_1)
2026-06-06 02:01:31,833 [INFO] [102/121] 신촌·이대역 (primary=KEY_2)
2026-06-06 02:01:33,052 [INFO] [103/121] 쌍문역 (primary=KEY_3)
2026-06-06 02:01:34,169 [INFO] [104/121] 양재역 (primary=KEY_4)
2026-06-06 02:01:35,248 [INFO] [105/121] 역삼역 (primary=KEY_1)
2026-06-06 02:01:36,462 [INFO] [106/121] 연신내역 (primary=KEY_2)
2026-06-06 02:01:37,527 [INFO] [107/121] 오목교역·목동운동장 (primary=KEY_3)
2026-06-06 02:01:38,948 [INFO] [108/121] 왕십리역 (primary=KEY_4)
2026-06-06 02:01:40,212 [INFO] [109/121] 용산역 (primary=KEY_1)
2026-06-06 02:01:41,451 [INFO] [110/121] 이태원역 (primary=KEY_2)
2026-06-06 02:01:42,529 [INFO] [111/121] 잠실새내역 (primary=KEY_3)
2026-06-06 02:01:43,743 [INFO] [112/121] 잠실역 (primary=KEY_4)
2026-06-06 02:01:44,976 [INFO] [113/121] 장지역 (primary=KEY_1)
2026-06-06 02:01:46,198 [INFO] [114/121] 장한평역 (primary=KEY_2)
2026-06-06 02:01:47,419 [INFO] [115/121] 천호역 (primary=KEY_3)
2026-06-06 02:01:48,641 [INFO] [116/121] 총신대입구(이수)역 (primary=KEY_4)
2026-06-06 02:01:49,912 [INFO] [117/121] 충정로역 (primary=KEY_1)
2026-06-06 02:01:50,995 [INFO] [118/121] 합정역 (primary=KEY_2)
2026-06-06 02:01:52,218 [INFO] [119/121] 혜화역 (primary=KEY_3)
2026-06-06 02:01:53,303 [INFO] [120/121] 홍대입구역(2호선) (primary=KEY_4)
2026-06-06 02:01:54,398 [INFO] [121/121] 회기역 (primary=KEY_1)
2026-06-06 02:01:56,294 [INFO] === 수집 완료 | 성공 121, 실패 0 ===
2026-06-06 02:01:56,294 [INFO] 카테고리별 저장 결과:
2026-06-06 02:01:56,294 [INFO]    accident                  | 신규     1행 | 누적      2행 | 16컬럼
2026-06-06 02:01:56,294 [INFO]    area_meta                 | 신규   121행 | 누적    242행 | 5컬럼
2026-06-06 02:01:56,294 [INFO]    bike                      | 신규    10행 | 누적     20행 | 12컬럼
2026-06-06 02:01:56,294 [INFO]    bike_sbike_stts           | 신규   554행 | 누적   1108행 | 12컬럼
2026-06-06 02:01:56,294 [INFO]    bus                       | 신규     3행 | 누적      6행 | 11컬럼
2026-06-06 02:01:56,295 [INFO]    bus_bus_stn_stts          | 신규  1745행 | 누적   3490행 | 11컬럼
2026-06-06 02:01:56,295 [INFO]    charger                   | 신규    25행 | 누적     50행 | 15컬럼
2026-06-06 02:01:56,295 [INFO]    charger_charger_stts      | 신규   322행 | 누적    640행 | 15컬럼
2026-06-06 02:01:56,295 [INFO]    cmrcl                     | 신규    82행 | 누적    164행 | 20컬럼
2026-06-06 02:01:56,295 [INFO]    events                    | 신규    12행 | 누적     24행 | 14컬럼
2026-06-06 02:01:56,295 [INFO]    events_event_stts         | 신규   158행 | 누적    316행 | 14컬럼
2026-06-06 02:01:56,295 [INFO]    parking                   | 신규     6행 | 누적     12행 | 21컬럼
2026-06-06 02:01:56,295 [INFO]    parking_prk_stts          | 신규  1835행 | 누적   3670행 | 21컬럼
2026-06-06 02:01:56,295 [INFO]    ppltn                     | 신규   121행 | 누적    242행 | 26컬럼
2026-06-06 02:01:56,295 [INFO]    road                      | 신규   121행 | 누적    242행 | 21컬럼
2026-06-06 02:01:56,295 [INFO]    road_road_traffic_stts    | 신규  5254행 | 누적  10508행 | 17컬럼
2026-06-06 02:01:56,295 [INFO]    subway                    | 신규    38행 | 누적     76행 | 12컬럼
2026-06-06 02:01:56,295 [INFO]    subway_sub_stts           | 신규   183행 | 누적    366행 | 13컬럼
2026-06-06 02:01:56,295 [INFO]    weather                   | 신규   119행 | 누적    238행 | 29컬럼
2026-06-06 02:01:56,295 [INFO] 키별 사용량:
2026-06-06 02:01:56,295 [INFO]    🟢 KEY_1 (31/1000) 
2026-06-06 02:01:56,295 [INFO]    🟢 KEY_2 (30/1000) 
2026-06-06 02:01:56,295 [INFO]    🟢 KEY_3 (30/1000) 
2026-06-06 02:01:56,295 [INFO]    🟢 KEY_4 (30/1000) 
2026-06-06 02:43:49,506 [INFO] 등록된 키: 4개, 합산 한도 4,000건/일
2026-06-06 02:43:49,506 [INFO] POI 로드: 매뉴얼 v8.5 기준 fallback 121개 (121개 전체)
2026-06-06 02:43:49,506 [INFO] === 수집 시작 2026-06-06T02:43:49.506823+09:00 ===
2026-06-06 02:43:49,506 [INFO] 대상 장소: 121개 | API: citydata (통합)
2026-06-06 02:43:49,506 [INFO] 키 풀: 4/4 활성 | 오늘 사용 0/4000건
2026-06-06 02:43:49,507 [INFO]   [KEY_1] 담당 31장소
2026-06-06 02:43:49,507 [INFO]   [KEY_2] 담당 30장소
2026-06-06 02:43:49,507 [INFO]   [KEY_3] 담당 30장소
2026-06-06 02:43:49,507 [INFO]   [KEY_4] 담당 30장소
2026-06-06 02:43:49,507 [INFO] [1/121] 경복궁 (primary=KEY_1)
2026-06-06 02:43:51,240 [INFO] [2/121] 광화문·덕수궁 (primary=KEY_2)
2026-06-06 02:43:53,084 [INFO] [3/121] 보신각 (primary=KEY_3)
2026-06-06 02:43:54,221 [INFO] [4/121] 서울 암사동 유적 (primary=KEY_4)
2026-06-06 02:43:55,217 [INFO] [5/121] 창덕궁·종묘 (primary=KEY_1)
2026-06-06 02:43:56,911 [INFO] [6/121] 강남 MICE 관광특구 (primary=KEY_2)
2026-06-06 02:43:58,598 [INFO] [7/121] 동대문 관광특구 (primary=KEY_3)
2026-06-06 02:44:00,095 [INFO] [8/121] 명동 관광특구 (primary=KEY_4)
2026-06-06 02:44:02,023 [INFO] [9/121] 이태원 관광특구 (primary=KEY_1)
2026-06-06 02:44:03,658 [INFO] [10/121] 잠실 관광특구 (primary=KEY_2)
2026-06-06 02:44:05,583 [INFO] [11/121] 종로·청계 관광특구 (primary=KEY_3)
2026-06-06 02:44:06,898 [INFO] [12/121] 홍대 관광특구 (primary=KEY_4)
2026-06-06 02:44:08,218 [INFO] [13/121] 강서한강공원 (primary=KEY_1)
2026-06-06 02:44:09,750 [INFO] [14/121] 고척돔 (primary=KEY_2)
2026-06-06 02:44:10,736 [INFO] [15/121] 광나루한강공원 (primary=KEY_3)
2026-06-06 02:44:11,867 [INFO] [16/121] 광화문광장 (primary=KEY_4)
2026-06-06 02:44:12,995 [INFO] [17/121] 국립중앙박물관·용산가족공원 (primary=KEY_1)
2026-06-06 02:44:15,314 [INFO] [18/121] 난지한강공원 (primary=KEY_2)
2026-06-06 02:44:16,290 [INFO] [19/121] 남산공원 (primary=KEY_3)
2026-06-06 02:44:17,616 [INFO] [20/121] 노들섬 (primary=KEY_4)
2026-06-06 02:44:18,599 [INFO] [21/121] 뚝섬한강공원 (primary=KEY_1)
2026-06-06 02:44:19,598 [INFO] [22/121] 망원한강공원 (primary=KEY_2)
2026-06-06 02:44:20,737 [INFO] [23/121] 반포한강공원 (primary=KEY_3)
2026-06-06 02:44:21,720 [INFO] [24/121] 보라매공원 (primary=KEY_4)
2026-06-06 02:44:22,712 [INFO] [25/121] 북서울꿈의숲 (primary=KEY_1)
2026-06-06 02:44:23,724 [INFO] [26/121] 서대문독립공원 (primary=KEY_2)
2026-06-06 02:44:24,733 [INFO] [27/121] 서리풀공원·몽마르뜨공원 (primary=KEY_3)
2026-06-06 02:44:25,753 [INFO] [28/121] 서울대공원 (primary=KEY_4)
2026-06-06 02:44:26,725 [INFO] [29/121] 서울숲공원 (primary=KEY_1)
2026-06-06 02:44:27,856 [INFO] [30/121] 송현녹지광장 (primary=KEY_2)
2026-06-06 02:44:28,971 [INFO] [31/121] 아차산 (primary=KEY_3)
2026-06-06 02:44:30,648 [INFO] [32/121] 안양천 (primary=KEY_4)
2026-06-06 02:44:31,641 [INFO] [33/121] 양화한강공원 (primary=KEY_1)
2026-06-06 02:44:32,606 [INFO] [34/121] 어린이대공원 (primary=KEY_2)
2026-06-06 02:44:33,606 [INFO] [35/121] 여의도한강공원 (primary=KEY_3)
2026-06-06 02:44:35,009 [INFO] [36/121] 여의서로 (primary=KEY_4)
2026-06-06 02:44:35,984 [INFO] [37/121] 올림픽공원 (primary=KEY_1)
2026-06-06 02:44:37,150 [INFO] [38/121] 월드컵공원 (primary=KEY_2)
2026-06-06 02:44:38,440 [INFO] [39/121] 응봉산 (primary=KEY_3)
2026-06-06 02:44:39,548 [INFO] [40/121] 이촌한강공원 (primary=KEY_4)
2026-06-06 02:44:41,086 [INFO] [41/121] 잠실종합운동장 (primary=KEY_1)
2026-06-06 02:44:42,085 [INFO] [42/121] 잠실한강공원 (primary=KEY_2)
2026-06-06 02:44:43,074 [INFO] [43/121] 잠원한강공원 (primary=KEY_3)
2026-06-06 02:44:44,051 [INFO] [44/121] 청계산 (primary=KEY_4)
2026-06-06 02:44:45,043 [INFO] [45/121] 홍제폭포 (primary=KEY_1)
2026-06-06 02:44:46,024 [INFO] [46/121] 가락시장 (primary=KEY_2)
2026-06-06 02:44:47,161 [INFO] [47/121] 가로수길 (primary=KEY_3)
2026-06-06 02:44:48,341 [INFO] [48/121] 광장(전통)시장 (primary=KEY_4)
2026-06-06 02:44:49,331 [INFO] [49/121] 김포공항 (primary=KEY_1)
2026-06-06 02:44:50,517 [INFO] [50/121] 남대문시장 (primary=KEY_2)
2026-06-06 02:44:51,520 [INFO] [51/121] 노량진 (primary=KEY_3)
2026-06-06 02:44:52,545 [INFO] [52/121] 덕수궁길·정동길 (primary=KEY_4)
2026-06-06 02:44:53,702 [INFO] [53/121] 북창동 먹자골목 (primary=KEY_1)
2026-06-06 02:44:54,691 [INFO] [54/121] 북촌한옥마을 (primary=KEY_2)
2026-06-06 02:44:55,834 [INFO] [55/121] 서촌 (primary=KEY_3)
2026-06-06 02:44:56,980 [INFO] [56/121] 성수카페거리 (primary=KEY_4)
2026-06-06 02:44:58,121 [INFO] [57/121] 송리단길·호수단길 (primary=KEY_1)
2026-06-06 02:44:59,272 [INFO] [58/121] 신촌 스타광장 (primary=KEY_2)
2026-06-06 02:45:00,284 [INFO] [59/121] 압구정로데오거리 (primary=KEY_3)
2026-06-06 02:45:01,432 [INFO] [60/121] 여의도 (primary=KEY_4)
2026-06-06 02:45:03,011 [INFO] [61/121] 연남동 (primary=KEY_1)
2026-06-06 02:45:04,121 [INFO] [62/121] 영등포 타임스퀘어 (primary=KEY_2)
2026-06-06 02:45:05,240 [INFO] [63/121] 용리단길 (primary=KEY_3)
2026-06-06 02:45:06,233 [INFO] [64/121] 이태원 앤틱가구거리 (primary=KEY_4)
2026-06-06 02:45:07,225 [INFO] [65/121] 익선동 (primary=KEY_1)
2026-06-06 02:45:08,340 [INFO] [66/121] 인사동 (primary=KEY_2)
2026-06-06 02:45:09,461 [INFO] [67/121] 잠실롯데타워·석촌호수 (primary=KEY_3)
2026-06-06 02:45:10,588 [INFO] [68/121] 창동 신경제 중심지 (primary=KEY_4)
2026-06-06 02:45:11,854 [INFO] [69/121] 청담동 명품거리 (primary=KEY_1)
2026-06-06 02:45:12,969 [INFO] [70/121] 청량리 제기동 일대 전통시장 (primary=KEY_2)
2026-06-06 02:45:14,112 [INFO] [71/121] 해방촌·경리단길 (primary=KEY_3)
2026-06-06 02:45:15,097 [INFO] [72/121] DDP(동대문디자인플라자) (primary=KEY_4)
2026-06-06 02:45:16,272 [INFO] [73/121] DMC(디지털미디어시티) (primary=KEY_1)
2026-06-06 02:45:17,540 [INFO] [74/121] 가산디지털단지역 (primary=KEY_2)
2026-06-06 02:45:18,794 [INFO] [75/121] 강남역 (primary=KEY_3)
2026-06-06 02:45:20,083 [INFO] [76/121] 건대입구역 (primary=KEY_4)
2026-06-06 02:45:21,251 [INFO] [77/121] 고덕역 (primary=KEY_1)
2026-06-06 02:45:22,253 [INFO] [78/121] 고속터미널역 (primary=KEY_2)
2026-06-06 02:45:23,265 [INFO] [79/121] 교대역 (primary=KEY_3)
2026-06-06 02:45:24,262 [INFO] [80/121] 구로디지털단지역 (primary=KEY_4)
2026-06-06 02:45:25,404 [INFO] [81/121] 구로역 (primary=KEY_1)
2026-06-06 02:45:26,403 [INFO] [82/121] 군자역 (primary=KEY_2)
2026-06-06 02:45:27,410 [INFO] [83/121] 대림역 (primary=KEY_3)
2026-06-06 02:45:28,436 [INFO] [84/121] 동대문역 (primary=KEY_4)
2026-06-06 02:45:29,451 [INFO] [85/121] 뚝섬역 (primary=KEY_1)
2026-06-06 02:45:30,571 [INFO] [86/121] 미아사거리역 (primary=KEY_2)
2026-06-06 02:45:31,687 [INFO] [87/121] 발산역 (primary=KEY_3)
2026-06-06 02:45:32,938 [INFO] [88/121] 사당역 (primary=KEY_4)
2026-06-06 02:45:33,947 [INFO] [89/121] 삼각지역 (primary=KEY_1)
2026-06-06 02:45:34,940 [INFO] [90/121] 서울대입구역 (primary=KEY_2)
2026-06-06 02:45:35,931 [INFO] [91/121] 서울식물원·마곡나루역 (primary=KEY_3)
2026-06-06 02:45:37,058 [INFO] [92/121] 서울역 (primary=KEY_4)
2026-06-06 02:45:38,219 [INFO] [93/121] 선릉역 (primary=KEY_1)
2026-06-06 02:45:39,505 [INFO] [94/121] 성신여대입구역 (primary=KEY_2)
2026-06-06 02:45:40,582 [INFO] [95/121] 수유역 (primary=KEY_3)
2026-06-06 02:45:42,259 [INFO] [96/121] 숭례문 (primary=KEY_4)
2026-06-06 02:45:43,385 [INFO] [97/121] 시의회 앞 (primary=KEY_1)
2026-06-06 02:45:44,548 [INFO] [98/121] 신논현역·논현역 (primary=KEY_2)
2026-06-06 02:45:45,719 [INFO] [99/121] 신도림역 (primary=KEY_3)
2026-06-06 02:45:46,713 [INFO] [100/121] 신림역 (primary=KEY_4)
2026-06-06 02:45:47,730 [INFO] [101/121] 신정네거리역 (primary=KEY_1)
2026-06-06 02:45:48,721 [INFO] [102/121] 신촌·이대역 (primary=KEY_2)
2026-06-06 02:45:49,857 [INFO] [103/121] 쌍문역 (primary=KEY_3)
2026-06-06 02:45:50,858 [INFO] [104/121] 양재역 (primary=KEY_4)
2026-06-06 02:45:51,862 [INFO] [105/121] 역삼역 (primary=KEY_1)
2026-06-06 02:45:53,001 [INFO] [106/121] 연신내역 (primary=KEY_2)
2026-06-06 02:45:54,019 [INFO] [107/121] 오목교역·목동운동장 (primary=KEY_3)
2026-06-06 02:45:55,311 [INFO] [108/121] 왕십리역 (primary=KEY_4)
2026-06-06 02:45:56,470 [INFO] [109/121] 용산역 (primary=KEY_1)
2026-06-06 02:45:57,611 [INFO] [110/121] 이태원역 (primary=KEY_2)
2026-06-06 02:45:58,599 [INFO] [111/121] 잠실새내역 (primary=KEY_3)
2026-06-06 02:45:59,760 [INFO] [112/121] 잠실역 (primary=KEY_4)
2026-06-06 02:46:00,894 [INFO] [113/121] 장지역 (primary=KEY_1)
2026-06-06 02:46:02,031 [INFO] [114/121] 장한평역 (primary=KEY_2)
2026-06-06 02:46:03,151 [INFO] [115/121] 천호역 (primary=KEY_3)
2026-06-06 02:46:04,350 [INFO] [116/121] 총신대입구(이수)역 (primary=KEY_4)
2026-06-06 02:46:05,533 [INFO] [117/121] 충정로역 (primary=KEY_1)
2026-06-06 02:46:06,532 [INFO] [118/121] 합정역 (primary=KEY_2)
2026-06-06 02:46:07,651 [INFO] [119/121] 혜화역 (primary=KEY_3)
2026-06-06 02:46:08,643 [INFO] [120/121] 홍대입구역(2호선) (primary=KEY_4)
2026-06-06 02:46:10,028 [INFO] [121/121] 회기역 (primary=KEY_1)
2026-06-06 02:46:11,898 [INFO] === 수집 완료 | 성공 121, 실패 0 ===
2026-06-06 02:46:11,898 [INFO] 카테고리별 저장 결과:
2026-06-06 02:46:11,898 [INFO]    accident                  | 신규     1행 | 누적      3행 | 16컬럼
2026-06-06 02:46:11,898 [INFO]    area_meta                 | 신규   121행 | 누적    363행 | 5컬럼
2026-06-06 02:46:11,898 [INFO]    bike                      | 신규    10행 | 누적     30행 | 12컬럼
2026-06-06 02:46:11,898 [INFO]    bike_sbike_stts           | 신규   554행 | 누적   1662행 | 12컬럼
2026-06-06 02:46:11,898 [INFO]    bus                       | 신규     3행 | 누적      9행 | 11컬럼
2026-06-06 02:46:11,898 [INFO]    bus_bus_stn_stts          | 신규  1745행 | 누적   5235행 | 11컬럼
2026-06-06 02:46:11,898 [INFO]    charger                   | 신규    25행 | 누적     75행 | 15컬럼
2026-06-06 02:46:11,898 [INFO]    charger_charger_stts      | 신규   322행 | 누적    960행 | 15컬럼
2026-06-06 02:46:11,898 [INFO]    cmrcl                     | 신규    82행 | 누적    246행 | 20컬럼
2026-06-06 02:46:11,898 [INFO]    events                    | 신규    12행 | 누적     36행 | 14컬럼
2026-06-06 02:46:11,898 [INFO]    events_event_stts         | 신규   158행 | 누적    474행 | 14컬럼
2026-06-06 02:46:11,898 [INFO]    parking                   | 신규     6행 | 누적     18행 | 21컬럼
2026-06-06 02:46:11,898 [INFO]    parking_prk_stts          | 신규  1835행 | 누적   5505행 | 21컬럼
2026-06-06 02:46:11,898 [INFO]    ppltn                     | 신규   121행 | 누적    363행 | 26컬럼
2026-06-06 02:46:11,898 [INFO]    road                      | 신규   121행 | 누적    363행 | 21컬럼
2026-06-06 02:46:11,899 [INFO]    road_road_traffic_stts    | 신규  5254행 | 누적  15762행 | 17컬럼
2026-06-06 02:46:11,899 [INFO]    subway                    | 신규    38행 | 누적    114행 | 12컬럼
2026-06-06 02:46:11,899 [INFO]    subway_sub_stts           | 신규   183행 | 누적    549행 | 13컬럼
2026-06-06 02:46:11,899 [INFO]    weather                   | 신규   119행 | 누적    357행 | 29컬럼
2026-06-06 02:46:11,899 [INFO] 키별 사용량:
2026-06-06 02:46:11,899 [INFO]    🟢 KEY_1 (31/1000) 
2026-06-06 02:46:11,899 [INFO]    🟢 KEY_2 (30/1000) 
2026-06-06 02:46:11,899 [INFO]    🟢 KEY_3 (30/1000) 
2026-06-06 02:46:11,899 [INFO]    🟢 KEY_4 (30/1000) 
2026-06-06 03:51:39,135 [INFO] 등록된 키: 4개, 합산 한도 4,000건/일
2026-06-06 03:51:39,136 [INFO] POI 로드: 매뉴얼 v8.5 기준 fallback 121개 (121개 전체)
2026-06-06 03:51:39,136 [INFO] === 수집 시작 2026-06-06T03:51:39.136074+09:00 ===
2026-06-06 03:51:39,136 [INFO] 대상 장소: 121개 | API: citydata (통합)
2026-06-06 03:51:39,136 [INFO] 키 풀: 4/4 활성 | 오늘 사용 0/4000건
2026-06-06 03:51:39,136 [INFO]   [KEY_1] 담당 31장소
2026-06-06 03:51:39,136 [INFO]   [KEY_2] 담당 30장소
2026-06-06 03:51:39,136 [INFO]   [KEY_3] 담당 30장소
2026-06-06 03:51:39,136 [INFO]   [KEY_4] 담당 30장소
2026-06-06 03:51:39,136 [INFO] [1/121] 경복궁 (primary=KEY_1)
2026-06-06 03:51:41,165 [INFO] [2/121] 광화문·덕수궁 (primary=KEY_2)
2026-06-06 03:51:43,688 [INFO] [3/121] 보신각 (primary=KEY_3)
2026-06-06 03:51:45,608 [INFO] [4/121] 서울 암사동 유적 (primary=KEY_4)
2026-06-06 03:51:47,511 [INFO] [5/121] 창덕궁·종묘 (primary=KEY_1)
2026-06-06 03:51:49,799 [INFO] [6/121] 강남 MICE 관광특구 (primary=KEY_2)
2026-06-06 03:51:51,805 [INFO] [7/121] 동대문 관광특구 (primary=KEY_3)
2026-06-06 03:51:53,568 [INFO] [8/121] 명동 관광특구 (primary=KEY_4)
2026-06-06 03:51:55,933 [INFO] [9/121] 이태원 관광특구 (primary=KEY_1)
2026-06-06 03:51:58,237 [INFO] [10/121] 잠실 관광특구 (primary=KEY_2)
2026-06-06 03:52:00,656 [INFO] [11/121] 종로·청계 관광특구 (primary=KEY_3)
2026-06-06 03:52:03,361 [INFO] [12/121] 홍대 관광특구 (primary=KEY_4)
2026-06-06 03:52:04,916 [INFO] [13/121] 강서한강공원 (primary=KEY_1)
2026-06-06 03:52:06,043 [INFO] [14/121] 고척돔 (primary=KEY_2)
2026-06-06 03:52:07,746 [INFO] [15/121] 광나루한강공원 (primary=KEY_3)
2026-06-06 03:52:09,071 [INFO] [16/121] 광화문광장 (primary=KEY_4)
2026-06-06 03:52:11,057 [INFO] [17/121] 국립중앙박물관·용산가족공원 (primary=KEY_1)
2026-06-06 03:52:12,206 [INFO] [18/121] 난지한강공원 (primary=KEY_2)
2026-06-06 03:52:13,374 [INFO] [19/121] 남산공원 (primary=KEY_3)
2026-06-06 03:52:15,523 [INFO] [20/121] 노들섬 (primary=KEY_4)
2026-06-06 03:52:17,665 [INFO] [21/121] 뚝섬한강공원 (primary=KEY_1)
2026-06-06 03:52:19,464 [INFO] [22/121] 망원한강공원 (primary=KEY_2)
2026-06-06 03:52:21,841 [INFO] [23/121] 반포한강공원 (primary=KEY_3)
2026-06-06 03:52:23,644 [INFO] [24/121] 보라매공원 (primary=KEY_4)
2026-06-06 03:52:25,559 [INFO] [25/121] 북서울꿈의숲 (primary=KEY_1)
2026-06-06 03:52:26,721 [INFO] [26/121] 서대문독립공원 (primary=KEY_2)
2026-06-06 03:52:27,863 [INFO] [27/121] 서리풀공원·몽마르뜨공원 (primary=KEY_3)
2026-06-06 03:52:29,022 [INFO] [28/121] 서울대공원 (primary=KEY_4)
2026-06-06 03:52:30,715 [INFO] [29/121] 서울숲공원 (primary=KEY_1)
2026-06-06 03:52:32,048 [INFO] [30/121] 송현녹지광장 (primary=KEY_2)
2026-06-06 03:52:33,403 [INFO] [31/121] 아차산 (primary=KEY_3)
2026-06-06 03:52:35,123 [INFO] [32/121] 안양천 (primary=KEY_4)
2026-06-06 03:52:36,259 [INFO] [33/121] 양화한강공원 (primary=KEY_1)
2026-06-06 03:52:37,383 [INFO] [34/121] 어린이대공원 (primary=KEY_2)
2026-06-06 03:52:39,520 [INFO] [35/121] 여의도한강공원 (primary=KEY_3)
2026-06-06 03:52:40,858 [INFO] [36/121] 여의서로 (primary=KEY_4)
2026-06-06 03:52:42,001 [INFO] [37/121] 올림픽공원 (primary=KEY_1)
2026-06-06 03:52:43,356 [INFO] [38/121] 월드컵공원 (primary=KEY_2)
2026-06-06 03:52:44,910 [INFO] [39/121] 응봉산 (primary=KEY_3)
2026-06-06 03:52:46,236 [INFO] [40/121] 이촌한강공원 (primary=KEY_4)
2026-06-06 03:52:47,386 [INFO] [41/121] 잠실종합운동장 (primary=KEY_1)
2026-06-06 03:52:48,536 [INFO] [42/121] 잠실한강공원 (primary=KEY_2)
2026-06-06 03:52:49,696 [INFO] [43/121] 잠원한강공원 (primary=KEY_3)
2026-06-06 03:52:50,855 [INFO] [44/121] 청계산 (primary=KEY_4)
2026-06-06 03:52:51,994 [INFO] [45/121] 홍제폭포 (primary=KEY_1)
2026-06-06 03:52:53,119 [INFO] [46/121] 가락시장 (primary=KEY_2)
2026-06-06 03:52:54,464 [INFO] [47/121] 가로수길 (primary=KEY_3)
2026-06-06 03:52:56,601 [INFO] [48/121] 광장(전통)시장 (primary=KEY_4)
2026-06-06 03:52:57,758 [INFO] [49/121] 김포공항 (primary=KEY_1)
2026-06-06 03:52:59,790 [INFO] [50/121] 남대문시장 (primary=KEY_2)
2026-06-06 03:53:00,945 [INFO] [51/121] 노량진 (primary=KEY_3)
2026-06-06 03:53:02,287 [INFO] [52/121] 덕수궁길·정동길 (primary=KEY_4)
2026-06-06 03:53:03,657 [INFO] [53/121] 북창동 먹자골목 (primary=KEY_1)
2026-06-06 03:53:04,805 [INFO] [54/121] 북촌한옥마을 (primary=KEY_2)
2026-06-06 03:53:06,168 [INFO] [55/121] 서촌 (primary=KEY_3)
2026-06-06 03:53:07,515 [INFO] [56/121] 성수카페거리 (primary=KEY_4)
2026-06-06 03:53:08,899 [INFO] [57/121] 송리단길·호수단길 (primary=KEY_1)
2026-06-06 03:53:10,254 [INFO] [58/121] 신촌 스타광장 (primary=KEY_2)
2026-06-06 03:53:11,406 [INFO] [59/121] 압구정로데오거리 (primary=KEY_3)
2026-06-06 03:53:12,754 [INFO] [60/121] 여의도 (primary=KEY_4)
2026-06-06 03:53:14,745 [INFO] [61/121] 연남동 (primary=KEY_1)
2026-06-06 03:53:16,082 [INFO] [62/121] 영등포 타임스퀘어 (primary=KEY_2)
2026-06-06 03:53:17,431 [INFO] [63/121] 용리단길 (primary=KEY_3)
2026-06-06 03:53:18,605 [INFO] [64/121] 이태원 앤틱가구거리 (primary=KEY_4)
2026-06-06 03:53:20,422 [INFO] [65/121] 익선동 (primary=KEY_1)
2026-06-06 03:53:21,802 [INFO] [66/121] 인사동 (primary=KEY_2)
2026-06-06 03:53:23,162 [INFO] [67/121] 잠실롯데타워·석촌호수 (primary=KEY_3)
2026-06-06 03:53:24,657 [INFO] [68/121] 창동 신경제 중심지 (primary=KEY_4)
2026-06-06 03:53:26,224 [INFO] [69/121] 청담동 명품거리 (primary=KEY_1)
2026-06-06 03:53:27,564 [INFO] [70/121] 청량리 제기동 일대 전통시장 (primary=KEY_2)
2026-06-06 03:53:28,919 [INFO] [71/121] 해방촌·경리단길 (primary=KEY_3)
2026-06-06 03:53:30,073 [INFO] [72/121] DDP(동대문디자인플라자) (primary=KEY_4)
2026-06-06 03:53:31,487 [INFO] [73/121] DMC(디지털미디어시티) (primary=KEY_1)
2026-06-06 03:53:33,057 [INFO] [74/121] 가산디지털단지역 (primary=KEY_2)
2026-06-06 03:53:34,611 [INFO] [75/121] 강남역 (primary=KEY_3)
2026-06-06 03:53:36,196 [INFO] [76/121] 건대입구역 (primary=KEY_4)
2026-06-06 03:53:37,565 [INFO] [77/121] 고덕역 (primary=KEY_1)
2026-06-06 03:53:38,903 [INFO] [78/121] 고속터미널역 (primary=KEY_2)
2026-06-06 03:53:40,274 [INFO] [79/121] 교대역 (primary=KEY_3)
2026-06-06 03:53:41,445 [INFO] [80/121] 구로디지털단지역 (primary=KEY_4)
2026-06-06 03:53:42,807 [INFO] [81/121] 구로역 (primary=KEY_1)
2026-06-06 03:53:43,958 [INFO] [82/121] 군자역 (primary=KEY_2)
2026-06-06 03:53:45,136 [INFO] [83/121] 대림역 (primary=KEY_3)
2026-06-06 03:53:46,704 [INFO] [84/121] 동대문역 (primary=KEY_4)
2026-06-06 03:53:47,867 [INFO] [85/121] 뚝섬역 (primary=KEY_1)
2026-06-06 03:53:49,211 [INFO] [86/121] 미아사거리역 (primary=KEY_2)
2026-06-06 03:53:50,572 [INFO] [87/121] 발산역 (primary=KEY_3)
2026-06-06 03:53:52,120 [INFO] [88/121] 사당역 (primary=KEY_4)
2026-06-06 03:53:53,494 [INFO] [89/121] 삼각지역 (primary=KEY_1)
2026-06-06 03:53:54,658 [INFO] [90/121] 서울대입구역 (primary=KEY_2)
2026-06-06 03:53:55,810 [INFO] [91/121] 서울식물원·마곡나루역 (primary=KEY_3)
2026-06-06 03:53:57,178 [INFO] [92/121] 서울역 (primary=KEY_4)
2026-06-06 03:53:58,559 [INFO] [93/121] 선릉역 (primary=KEY_1)
2026-06-06 03:54:00,165 [INFO] [94/121] 성신여대입구역 (primary=KEY_2)
2026-06-06 03:54:01,341 [INFO] [95/121] 수유역 (primary=KEY_3)
2026-06-06 03:54:02,698 [INFO] [96/121] 숭례문 (primary=KEY_4)
2026-06-06 03:54:04,043 [INFO] [97/121] 시의회 앞 (primary=KEY_1)
2026-06-06 03:54:05,391 [INFO] [98/121] 신논현역·논현역 (primary=KEY_2)
2026-06-06 03:54:06,736 [INFO] [99/121] 신도림역 (primary=KEY_3)
2026-06-06 03:54:07,894 [INFO] [100/121] 신림역 (primary=KEY_4)
2026-06-06 03:54:09,057 [INFO] [101/121] 신정네거리역 (primary=KEY_1)
2026-06-06 03:54:10,206 [INFO] [102/121] 신촌·이대역 (primary=KEY_2)
2026-06-06 03:54:11,544 [INFO] [103/121] 쌍문역 (primary=KEY_3)
2026-06-06 03:54:12,691 [INFO] [104/121] 양재역 (primary=KEY_4)
2026-06-06 03:54:14,032 [INFO] [105/121] 역삼역 (primary=KEY_1)
2026-06-06 03:54:15,381 [INFO] [106/121] 연신내역 (primary=KEY_2)
2026-06-06 03:54:16,554 [INFO] [107/121] 오목교역·목동운동장 (primary=KEY_3)
2026-06-06 03:54:18,307 [INFO] [108/121] 왕십리역 (primary=KEY_4)
2026-06-06 03:54:19,674 [INFO] [109/121] 용산역 (primary=KEY_1)
2026-06-06 03:54:21,220 [INFO] [110/121] 이태원역 (primary=KEY_2)
2026-06-06 03:54:22,368 [INFO] [111/121] 잠실새내역 (primary=KEY_3)
2026-06-06 03:54:23,727 [INFO] [112/121] 잠실역 (primary=KEY_4)
2026-06-06 03:54:25,079 [INFO] [113/121] 장지역 (primary=KEY_1)
2026-06-06 03:54:26,442 [INFO] [114/121] 장한평역 (primary=KEY_2)
2026-06-06 03:54:27,801 [INFO] [115/121] 천호역 (primary=KEY_3)
2026-06-06 03:54:29,162 [INFO] [116/121] 총신대입구(이수)역 (primary=KEY_4)
2026-06-06 03:54:30,586 [INFO] [117/121] 충정로역 (primary=KEY_1)
2026-06-06 03:54:31,946 [INFO] [118/121] 합정역 (primary=KEY_2)
2026-06-06 03:54:33,345 [INFO] [119/121] 혜화역 (primary=KEY_3)
2026-06-06 03:54:34,689 [INFO] [120/121] 홍대입구역(2호선) (primary=KEY_4)
2026-06-06 03:54:35,892 [INFO] [121/121] 회기역 (primary=KEY_1)
2026-06-06 03:54:38,144 [INFO] === 수집 완료 | 성공 121, 실패 0 ===
2026-06-06 03:54:38,144 [INFO] 카테고리별 저장 결과:
2026-06-06 03:54:38,144 [INFO]    area_meta                 | 신규   121행 | 누적    484행 | 5컬럼
2026-06-06 03:54:38,144 [INFO]    bike                      | 신규    10행 | 누적     40행 | 12컬럼
2026-06-06 03:54:38,144 [INFO]    bike_sbike_stts           | 신규   554행 | 누적   2216행 | 12컬럼
2026-06-06 03:54:38,144 [INFO]    bus                       | 신규     3행 | 누적     12행 | 11컬럼
2026-06-06 03:54:38,144 [INFO]    bus_bus_stn_stts          | 신규  1745행 | 누적   6980행 | 11컬럼
2026-06-06 03:54:38,144 [INFO]    charger                   | 신규    12행 | 누적     87행 | 15컬럼
2026-06-06 03:54:38,144 [INFO]    charger_charger_stts      | 신규   706행 | 누적   1661행 | 15컬럼
2026-06-06 03:54:38,145 [INFO]    cmrcl                     | 신규    82행 | 누적    328행 | 20컬럼
2026-06-06 03:54:38,145 [INFO]    events                    | 신규    12행 | 누적     48행 | 14컬럼
2026-06-06 03:54:38,145 [INFO]    events_event_stts         | 신규   158행 | 누적    632행 | 14컬럼
2026-06-06 03:54:38,145 [INFO]    parking                   | 신규     6행 | 누적     24행 | 21컬럼
2026-06-06 03:54:38,145 [INFO]    parking_prk_stts          | 신규  1835행 | 누적   7340행 | 21컬럼
2026-06-06 03:54:38,145 [INFO]    ppltn                     | 신규   121행 | 누적    484행 | 26컬럼
2026-06-06 03:54:38,145 [INFO]    road                      | 신규   121행 | 누적    484행 | 21컬럼
2026-06-06 03:54:38,145 [INFO]    road_road_traffic_stts    | 신규  5254행 | 누적  21016행 | 17컬럼
2026-06-06 03:54:38,145 [INFO]    subway                    | 신규    38행 | 누적    152행 | 12컬럼
2026-06-06 03:54:38,145 [INFO]    subway_sub_stts           | 신규   183행 | 누적    732행 | 13컬럼
2026-06-06 03:54:38,145 [INFO]    weather                   | 신규   119행 | 누적    476행 | 29컬럼
2026-06-06 03:54:38,145 [INFO] 키별 사용량:
2026-06-06 03:54:38,145 [INFO]    🟢 KEY_1 (31/1000) 
2026-06-06 03:54:38,145 [INFO]    🟢 KEY_2 (30/1000) 
2026-06-06 03:54:38,145 [INFO]    🟢 KEY_3 (30/1000) 
2026-06-06 03:54:38,145 [INFO]    🟢 KEY_4 (30/1000) 
