2026-08-11 00:12:07,465 [INFO] 등록된 키: 4개, 합산 한도 4,000건/일
2026-08-11 00:12:07,466 [INFO] POI 로드: 매뉴얼 v8.5 기준 fallback 121개 (121개 전체)
2026-08-11 00:12:07,466 [INFO] === 수집 시작 2026-08-11T00:12:07.466471+09:00 ===
2026-08-11 00:12:07,466 [INFO] 대상 장소: 121개 | API: citydata (통합)
2026-08-11 00:12:07,466 [INFO] 키 풀: 4/4 활성 | 오늘 사용 0/4000건
2026-08-11 00:12:07,466 [INFO]   [KEY_1] 담당 31장소
2026-08-11 00:12:07,466 [INFO]   [KEY_2] 담당 30장소
2026-08-11 00:12:07,466 [INFO]   [KEY_3] 담당 30장소
2026-08-11 00:12:07,467 [INFO]   [KEY_4] 담당 30장소
2026-08-11 00:12:07,467 [INFO] [1/121] 경복궁 (primary=KEY_1)
2026-08-11 00:12:09,937 [INFO] [2/121] 광화문·덕수궁 (primary=KEY_2)
2026-08-11 00:12:12,812 [INFO] [3/121] 보신각 (primary=KEY_3)
2026-08-11 00:12:14,339 [INFO] [4/121] 서울 암사동 유적 (primary=KEY_4)
2026-08-11 00:12:16,159 [INFO] [5/121] 창덕궁·종묘 (primary=KEY_1)
2026-08-11 00:12:18,631 [INFO] [6/121] 강남 MICE 관광특구 (primary=KEY_2)
2026-08-11 00:12:21,106 [INFO] [7/121] 동대문 관광특구 (primary=KEY_3)
2026-08-11 00:12:23,352 [INFO] [8/121] 명동 관광특구 (primary=KEY_4)
2026-08-11 00:12:25,320 [INFO] [9/121] 이태원 관광특구 (primary=KEY_1)
2026-08-11 00:12:26,846 [INFO] [10/121] 잠실 관광특구 (primary=KEY_2)
2026-08-11 00:12:29,365 [INFO] [11/121] 종로·청계 관광특구 (primary=KEY_3)
2026-08-11 00:12:31,126 [INFO] [12/121] 홍대 관광특구 (primary=KEY_4)
2026-08-11 00:12:32,877 [INFO] [13/121] 강서한강공원 (primary=KEY_1)
2026-08-11 00:12:33,995 [INFO] [14/121] 고척돔 (primary=KEY_2)
2026-08-11 00:12:35,317 [INFO] [15/121] 광나루한강공원 (primary=KEY_3)
2026-08-11 00:12:37,771 [INFO] [16/121] 광화문광장 (primary=KEY_4)
2026-08-11 00:12:39,296 [INFO] [17/121] 국립중앙박물관·용산가족공원 (primary=KEY_1)
2026-08-11 00:12:40,434 [INFO] [18/121] 난지한강공원 (primary=KEY_2)
2026-08-11 00:12:41,565 [INFO] [19/121] 남산공원 (primary=KEY_3)
2026-08-11 00:12:43,143 [INFO] [20/121] 노들섬 (primary=KEY_4)
2026-08-11 00:12:44,305 [INFO] [21/121] 뚝섬한강공원 (primary=KEY_1)
2026-08-11 00:12:45,648 [INFO] [22/121] 망원한강공원 (primary=KEY_2)
2026-08-11 00:12:46,982 [INFO] [23/121] 반포한강공원 (primary=KEY_3)
2026-08-11 00:12:48,880 [INFO] [24/121] 보라매공원 (primary=KEY_4)
2026-08-11 00:12:50,064 [INFO] [25/121] 북서울꿈의숲 (primary=KEY_1)
2026-08-11 00:12:52,567 [INFO] [26/121] 서대문독립공원 (primary=KEY_2)
2026-08-11 00:12:53,702 [INFO] [27/121] 서리풀공원·몽마르뜨공원 (primary=KEY_3)
2026-08-11 00:12:55,068 [INFO] [28/121] 서울대공원 (primary=KEY_4)
2026-08-11 00:12:56,193 [INFO] [29/121] 서울숲공원 (primary=KEY_1)
2026-08-11 00:12:57,555 [INFO] [30/121] 송현녹지광장 (primary=KEY_2)
2026-08-11 00:12:59,925 [INFO] [31/121] 아차산 (primary=KEY_3)
2026-08-11 00:13:01,054 [INFO] [32/121] 안양천 (primary=KEY_4)
2026-08-11 00:13:02,182 [INFO] [33/121] 양화한강공원 (primary=KEY_1)
2026-08-11 00:13:03,310 [INFO] [34/121] 어린이대공원 (primary=KEY_2)
2026-08-11 00:13:04,678 [INFO] [35/121] 여의도한강공원 (primary=KEY_3)
2026-08-11 00:13:06,213 [INFO] [36/121] 여의서로 (primary=KEY_4)
2026-08-11 00:13:07,542 [INFO] [37/121] 올림픽공원 (primary=KEY_1)
2026-08-11 00:13:09,087 [INFO] [38/121] 월드컵공원 (primary=KEY_2)
2026-08-11 00:13:11,609 [INFO] [39/121] 응봉산 (primary=KEY_3)
2026-08-11 00:13:12,983 [INFO] [40/121] 이촌한강공원 (primary=KEY_4)
2026-08-11 00:13:14,121 [INFO] [41/121] 잠실종합운동장 (primary=KEY_1)
2026-08-11 00:13:15,298 [INFO] [42/121] 잠실한강공원 (primary=KEY_2)
2026-08-11 00:13:16,443 [INFO] [43/121] 잠원한강공원 (primary=KEY_3)
2026-08-11 00:13:17,605 [INFO] [44/121] 청계산 (primary=KEY_4)
2026-08-11 00:13:19,501 [INFO] [45/121] 홍제폭포 (primary=KEY_1)
2026-08-11 00:13:20,666 [INFO] [46/121] 가락시장 (primary=KEY_2)
2026-08-11 00:13:22,028 [INFO] [47/121] 가로수길 (primary=KEY_3)
2026-08-11 00:13:23,392 [INFO] [48/121] 광장(전통)시장 (primary=KEY_4)
2026-08-11 00:13:24,571 [INFO] [49/121] 김포공항 (primary=KEY_1)
2026-08-11 00:13:26,303 [INFO] [50/121] 남대문시장 (primary=KEY_2)
2026-08-11 00:13:27,640 [INFO] [51/121] 노량진 (primary=KEY_3)
2026-08-11 00:13:28,983 [INFO] [52/121] 덕수궁길·정동길 (primary=KEY_4)
2026-08-11 00:13:30,342 [INFO] [53/121] 북창동 먹자골목 (primary=KEY_1)
2026-08-11 00:13:31,712 [INFO] [54/121] 북촌한옥마을 (primary=KEY_2)
2026-08-11 00:13:33,901 [INFO] [55/121] 서촌 (primary=KEY_3)
2026-08-11 00:13:35,243 [INFO] [56/121] 성수카페거리 (primary=KEY_4)
2026-08-11 00:13:36,784 [INFO] [57/121] 송리단길·호수단길 (primary=KEY_1)
2026-08-11 00:13:38,140 [INFO] [58/121] 신촌 스타광장 (primary=KEY_2)
2026-08-11 00:13:39,330 [INFO] [59/121] 압구정로데오거리 (primary=KEY_3)
2026-08-11 00:13:40,700 [INFO] [60/121] 여의도 (primary=KEY_4)
2026-08-11 00:13:42,890 [INFO] [61/121] 연남동 (primary=KEY_1)
2026-08-11 00:13:44,217 [INFO] [62/121] 영등포 타임스퀘어 (primary=KEY_2)
2026-08-11 00:13:45,562 [INFO] [63/121] 용리단길 (primary=KEY_3)
2026-08-11 00:13:47,889 [INFO] [64/121] 이태원 앤틱가구거리 (primary=KEY_4)
2026-08-11 00:13:49,229 [INFO] [65/121] 익선동 (primary=KEY_1)
2026-08-11 00:13:50,587 [INFO] [66/121] 인사동 (primary=KEY_2)
2026-08-11 00:13:52,157 [INFO] [67/121] 잠실롯데타워·석촌호수 (primary=KEY_3)
2026-08-11 00:13:53,953 [INFO] [68/121] 창동 신경제 중심지 (primary=KEY_4)
2026-08-11 00:13:55,805 [INFO] [69/121] 청담동 명품거리 (primary=KEY_1)
2026-08-11 00:13:57,157 [INFO] [70/121] 청량리 제기동 일대 전통시장 (primary=KEY_2)
2026-08-11 00:13:59,191 [INFO] [71/121] 해방촌·경리단길 (primary=KEY_3)
2026-08-11 00:14:00,346 [INFO] [72/121] DDP(동대문디자인플라자) (primary=KEY_4)
2026-08-11 00:14:01,728 [INFO] [73/121] DMC(디지털미디어시티) (primary=KEY_1)
2026-08-11 00:14:03,566 [INFO] [74/121] 가산디지털단지역 (primary=KEY_2)
2026-08-11 00:14:05,513 [INFO] [75/121] 강남역 (primary=KEY_3)
2026-08-11 00:14:07,090 [INFO] [76/121] 건대입구역 (primary=KEY_4)
2026-08-11 00:14:08,433 [INFO] [77/121] 고덕역 (primary=KEY_1)
2026-08-11 00:14:09,771 [INFO] [78/121] 고속터미널역 (primary=KEY_2)
2026-08-11 00:14:11,173 [INFO] [79/121] 교대역 (primary=KEY_3)
2026-08-11 00:14:12,715 [INFO] [80/121] 구로디지털단지역 (primary=KEY_4)
2026-08-11 00:14:14,437 [INFO] [81/121] 구로역 (primary=KEY_1)
2026-08-11 00:14:15,806 [INFO] [82/121] 군자역 (primary=KEY_2)
2026-08-11 00:14:17,162 [INFO] [83/121] 대림역 (primary=KEY_3)
2026-08-11 00:14:18,571 [INFO] [84/121] 동대문역 (primary=KEY_4)
2026-08-11 00:14:19,918 [INFO] [85/121] 뚝섬역 (primary=KEY_1)
2026-08-11 00:14:21,261 [INFO] [86/121] 미아사거리역 (primary=KEY_2)
2026-08-11 00:14:22,590 [INFO] [87/121] 발산역 (primary=KEY_3)
2026-08-11 00:14:24,333 [INFO] [88/121] 사당역 (primary=KEY_4)
2026-08-11 00:14:25,730 [INFO] [89/121] 삼각지역 (primary=KEY_1)
2026-08-11 00:14:27,069 [INFO] [90/121] 서울대입구역 (primary=KEY_2)
2026-08-11 00:14:28,392 [INFO] [91/121] 서울식물원·마곡나루역 (primary=KEY_3)
2026-08-11 00:14:29,943 [INFO] [92/121] 서울역 (primary=KEY_4)
2026-08-11 00:14:31,717 [INFO] [93/121] 선릉역 (primary=KEY_1)
2026-08-11 00:14:33,540 [INFO] [94/121] 성신여대입구역 (primary=KEY_2)
2026-08-11 00:14:34,705 [INFO] [95/121] 수유역 (primary=KEY_3)
2026-08-11 00:14:36,033 [INFO] [96/121] 숭례문 (primary=KEY_4)
2026-08-11 00:14:37,556 [INFO] [97/121] 시의회 앞 (primary=KEY_1)
2026-08-11 00:14:38,915 [INFO] [98/121] 신논현역·논현역 (primary=KEY_2)
2026-08-11 00:14:40,297 [INFO] [99/121] 신도림역 (primary=KEY_3)
2026-08-11 00:14:41,468 [INFO] [100/121] 신림역 (primary=KEY_4)
2026-08-11 00:14:42,811 [INFO] [101/121] 신정네거리역 (primary=KEY_1)
2026-08-11 00:14:44,151 [INFO] [102/121] 신촌·이대역 (primary=KEY_2)
2026-08-11 00:14:45,496 [INFO] [103/121] 쌍문역 (primary=KEY_3)
2026-08-11 00:14:46,827 [INFO] [104/121] 양재역 (primary=KEY_4)
2026-08-11 00:14:48,218 [INFO] [105/121] 역삼역 (primary=KEY_1)
2026-08-11 00:14:49,763 [INFO] [106/121] 연신내역 (primary=KEY_2)
2026-08-11 00:14:50,935 [INFO] [107/121] 오목교역·목동운동장 (primary=KEY_3)
2026-08-11 00:14:52,948 [INFO] [108/121] 왕십리역 (primary=KEY_4)
2026-08-11 00:14:54,505 [INFO] [109/121] 용산역 (primary=KEY_1)
2026-08-11 00:14:56,071 [INFO] [110/121] 이태원역 (primary=KEY_2)
2026-08-11 00:14:57,217 [INFO] [111/121] 잠실새내역 (primary=KEY_3)
2026-08-11 00:14:58,555 [INFO] [112/121] 잠실역 (primary=KEY_4)
2026-08-11 00:15:00,093 [INFO] [113/121] 장지역 (primary=KEY_1)
2026-08-11 00:15:01,627 [INFO] [114/121] 장한평역 (primary=KEY_2)
2026-08-11 00:15:02,957 [INFO] [115/121] 천호역 (primary=KEY_3)
2026-08-11 00:15:04,322 [INFO] [116/121] 총신대입구(이수)역 (primary=KEY_4)
2026-08-11 00:15:05,647 [INFO] [117/121] 충정로역 (primary=KEY_1)
2026-08-11 00:15:06,981 [INFO] [118/121] 합정역 (primary=KEY_2)
2026-08-11 00:15:08,358 [INFO] [119/121] 혜화역 (primary=KEY_3)
2026-08-11 00:15:09,698 [INFO] [120/121] 홍대입구역(2호선) (primary=KEY_4)
2026-08-11 00:15:11,101 [INFO] [121/121] 회기역 (primary=KEY_1)
2026-08-11 00:15:13,017 [INFO] === 수집 완료 | 성공 121, 실패 0 ===
2026-08-11 00:15:13,017 [INFO] 카테고리별 저장 결과:
2026-08-11 00:15:13,017 [INFO]    accident                  | 신규     2행 | 누적      2행 | 16컬럼
2026-08-11 00:15:13,017 [INFO]    area_meta                 | 신규   121행 | 누적    121행 | 5컬럼
2026-08-11 00:15:13,017 [INFO]    bike                      | 신규    11행 | 누적     11행 | 12컬럼
2026-08-11 00:15:13,017 [INFO]    bike_sbike_stts           | 신규   566행 | 누적    566행 | 12컬럼
2026-08-11 00:15:13,017 [INFO]    bus                       | 신규     3행 | 누적      3행 | 11컬럼
2026-08-11 00:15:13,017 [INFO]    bus_bus_stn_stts          | 신규  1745행 | 누적   1745행 | 11컬럼
2026-08-11 00:15:13,017 [INFO]    charger                   | 신규     4행 | 누적      4행 | 15컬럼
2026-08-11 00:15:13,017 [INFO]    charger_charger_stts      | 신규  1929행 | 누적   1929행 | 15컬럼
2026-08-11 00:15:13,018 [INFO]    cmrcl                     | 신규    82행 | 누적     82행 | 20컬럼
2026-08-11 00:15:13,018 [INFO]    disaster                  | 신규   112행 | 누적    112행 | 9컬럼
2026-08-11 00:15:13,018 [INFO]    disaster_live_dst_message | 신규    16행 | 누적     16행 | 9컬럼
2026-08-11 00:15:13,018 [INFO]    events                    | 신규    15행 | 누적     15행 | 14컬럼
2026-08-11 00:15:13,018 [INFO]    events_event_stts         | 신규   138행 | 누적    138행 | 14컬럼
2026-08-11 00:15:13,018 [INFO]    parking                   | 신규     6행 | 누적      6행 | 21컬럼
2026-08-11 00:15:13,018 [INFO]    parking_prk_stts          | 신규  1834행 | 누적   1834행 | 21컬럼
2026-08-11 00:15:13,018 [INFO]    ppltn                     | 신규   120행 | 누적    120행 | 26컬럼
2026-08-11 00:15:13,018 [INFO]    road                      | 신규   121행 | 누적    121행 | 21컬럼
2026-08-11 00:15:13,018 [INFO]    road_road_traffic_stts    | 신규  5284행 | 누적   5284행 | 17컬럼
2026-08-11 00:15:13,018 [INFO]    subway                    | 신규    38행 | 누적     38행 | 12컬럼
2026-08-11 00:15:13,018 [INFO]    subway_sub_stts           | 신규   183행 | 누적    183행 | 13컬럼
2026-08-11 00:15:13,018 [INFO]    weather                   | 신규   119행 | 누적    119행 | 29컬럼
2026-08-11 00:15:13,018 [INFO] 키별 사용량:
2026-08-11 00:15:13,018 [INFO]    🟢 KEY_1 (31/1000) 
2026-08-11 00:15:13,018 [INFO]    🟢 KEY_2 (30/1000) 
2026-08-11 00:15:13,018 [INFO]    🟢 KEY_3 (30/1000) 
2026-08-11 00:15:13,018 [INFO]    🟢 KEY_4 (30/1000) 
