2026-09-09 03:34:23,526 [INFO] 등록된 키: 4개, 합산 한도 4,000건/일
2026-09-09 03:34:23,527 [INFO] POI 로드: 매뉴얼 v8.5 기준 fallback 121개 (121개 전체)
2026-09-09 03:34:23,527 [INFO] === 수집 시작 2026-09-09T03:34:23.527512+09:00 ===
2026-09-09 03:34:23,527 [INFO] 대상 장소: 121개 | API: citydata (통합)
2026-09-09 03:34:23,527 [INFO] 키 풀: 4/4 활성 | 오늘 사용 0/4000건
2026-09-09 03:34:23,527 [INFO]   [KEY_1] 담당 31장소
2026-09-09 03:34:23,527 [INFO]   [KEY_2] 담당 30장소
2026-09-09 03:34:23,527 [INFO]   [KEY_3] 담당 30장소
2026-09-09 03:34:23,527 [INFO]   [KEY_4] 담당 30장소
2026-09-09 03:34:23,528 [INFO] [1/121] 경복궁 (primary=KEY_1)
2026-09-09 03:34:25,426 [INFO] [2/121] 광화문·덕수궁 (primary=KEY_2)
2026-09-09 03:34:27,666 [INFO] [3/121] 보신각 (primary=KEY_3)
2026-09-09 03:34:28,910 [INFO] [4/121] 서울 암사동 유적 (primary=KEY_4)
2026-09-09 03:34:29,962 [INFO] [5/121] 창덕궁·종묘 (primary=KEY_1)
2026-09-09 03:34:31,825 [INFO] [6/121] 강남 MICE 관광특구 (primary=KEY_2)
2026-09-09 03:34:33,719 [INFO] [7/121] 동대문 관광특구 (primary=KEY_3)
2026-09-09 03:34:35,164 [INFO] [8/121] 명동 관광특구 (primary=KEY_4)
2026-09-09 03:34:36,783 [INFO] [9/121] 이태원 관광특구 (primary=KEY_1)
2026-09-09 03:34:38,018 [INFO] [10/121] 잠실 관광특구 (primary=KEY_2)
2026-09-09 03:34:39,630 [INFO] [11/121] 종로·청계 관광특구 (primary=KEY_3)
2026-09-09 03:34:43,132 [INFO] [12/121] 홍대 관광특구 (primary=KEY_4)
2026-09-09 03:34:45,392 [INFO] [13/121] 강서한강공원 (primary=KEY_1)
2026-09-09 03:34:47,085 [INFO] [14/121] 고척돔 (primary=KEY_2)
2026-09-09 03:34:48,787 [INFO] [15/121] 광나루한강공원 (primary=KEY_3)
2026-09-09 03:34:50,853 [INFO] [16/121] 광화문광장 (primary=KEY_4)
2026-09-09 03:34:52,078 [INFO] [17/121] 국립중앙박물관·용산가족공원 (primary=KEY_1)
2026-09-09 03:34:53,135 [INFO] [18/121] 난지한강공원 (primary=KEY_2)
2026-09-09 03:34:54,825 [INFO] [19/121] 남산공원 (primary=KEY_3)
2026-09-09 03:34:56,247 [INFO] [20/121] 노들섬 (primary=KEY_4)
2026-09-09 03:34:57,946 [INFO] [21/121] 뚝섬한강공원 (primary=KEY_1)
2026-09-09 03:34:59,662 [INFO] [22/121] 망원한강공원 (primary=KEY_2)
2026-09-09 03:35:01,523 [INFO] [23/121] 반포한강공원 (primary=KEY_3)
2026-09-09 03:35:02,643 [INFO] [24/121] 보라매공원 (primary=KEY_4)
2026-09-09 03:35:03,698 [INFO] [25/121] 북서울꿈의숲 (primary=KEY_1)
2026-09-09 03:35:04,896 [INFO] [26/121] 서대문독립공원 (primary=KEY_2)
2026-09-09 03:35:06,945 [INFO] [27/121] 서리풀공원·몽마르뜨공원 (primary=KEY_3)
2026-09-09 03:35:09,040 [INFO] [28/121] 서울대공원 (primary=KEY_4)
2026-09-09 03:35:10,070 [INFO] [29/121] 서울숲공원 (primary=KEY_1)
2026-09-09 03:35:11,283 [INFO] [30/121] 송현녹지광장 (primary=KEY_2)
2026-09-09 03:35:12,656 [INFO] [31/121] 아차산 (primary=KEY_3)
2026-09-09 03:35:13,695 [INFO] [32/121] 안양천 (primary=KEY_4)
2026-09-09 03:35:14,744 [INFO] [33/121] 양화한강공원 (primary=KEY_1)
2026-09-09 03:35:15,945 [INFO] [34/121] 어린이대공원 (primary=KEY_2)
2026-09-09 03:35:17,160 [INFO] [35/121] 여의도한강공원 (primary=KEY_3)
2026-09-09 03:35:18,365 [INFO] [36/121] 여의서로 (primary=KEY_4)
2026-09-09 03:35:19,563 [INFO] [37/121] 올림픽공원 (primary=KEY_1)
2026-09-09 03:35:20,869 [INFO] [38/121] 월드컵공원 (primary=KEY_2)
2026-09-09 03:35:22,252 [INFO] [39/121] 응봉산 (primary=KEY_3)
2026-09-09 03:35:23,531 [INFO] [40/121] 이촌한강공원 (primary=KEY_4)
2026-09-09 03:35:24,582 [INFO] [41/121] 잠실종합운동장 (primary=KEY_1)
2026-09-09 03:35:25,636 [INFO] [42/121] 잠실한강공원 (primary=KEY_2)
2026-09-09 03:35:26,691 [INFO] [43/121] 잠원한강공원 (primary=KEY_3)
2026-09-09 03:35:28,393 [INFO] [44/121] 청계산 (primary=KEY_4)
2026-09-09 03:35:29,428 [INFO] [45/121] 홍제폭포 (primary=KEY_1)
2026-09-09 03:35:30,485 [INFO] [46/121] 가락시장 (primary=KEY_2)
2026-09-09 03:35:31,716 [INFO] [47/121] 가로수길 (primary=KEY_3)
2026-09-09 03:35:32,959 [INFO] [48/121] 광장(전통)시장 (primary=KEY_4)
2026-09-09 03:35:34,016 [INFO] [49/121] 김포공항 (primary=KEY_1)
2026-09-09 03:35:36,366 [INFO] [50/121] 남대문시장 (primary=KEY_2)
2026-09-09 03:35:37,579 [INFO] [51/121] 노량진 (primary=KEY_3)
2026-09-09 03:35:38,801 [INFO] [52/121] 덕수궁길·정동길 (primary=KEY_4)
2026-09-09 03:35:40,037 [INFO] [53/121] 북창동 먹자골목 (primary=KEY_1)
2026-09-09 03:35:41,244 [INFO] [54/121] 북촌한옥마을 (primary=KEY_2)
2026-09-09 03:35:42,621 [INFO] [55/121] 서촌 (primary=KEY_3)
2026-09-09 03:35:43,829 [INFO] [56/121] 성수카페거리 (primary=KEY_4)
2026-09-09 03:35:45,223 [INFO] [57/121] 송리단길·호수단길 (primary=KEY_1)
2026-09-09 03:35:46,456 [INFO] [58/121] 신촌 스타광장 (primary=KEY_2)
2026-09-09 03:35:47,517 [INFO] [59/121] 압구정로데오거리 (primary=KEY_3)
2026-09-09 03:35:48,739 [INFO] [60/121] 여의도 (primary=KEY_4)
2026-09-09 03:35:50,708 [INFO] [61/121] 연남동 (primary=KEY_1)
2026-09-09 03:35:51,911 [INFO] [62/121] 영등포 타임스퀘어 (primary=KEY_2)
2026-09-09 03:35:53,135 [INFO] [63/121] 용리단길 (primary=KEY_3)
2026-09-09 03:35:54,216 [INFO] [64/121] 이태원 앤틱가구거리 (primary=KEY_4)
2026-09-09 03:35:55,286 [INFO] [65/121] 익선동 (primary=KEY_1)
2026-09-09 03:35:56,538 [INFO] [66/121] 인사동 (primary=KEY_2)
2026-09-09 03:35:57,943 [INFO] [67/121] 잠실롯데타워·석촌호수 (primary=KEY_3)
2026-09-09 03:36:00,167 [INFO] [68/121] 창동 신경제 중심지 (primary=KEY_4)
2026-09-09 03:36:01,754 [INFO] [69/121] 청담동 명품거리 (primary=KEY_1)
2026-09-09 03:36:02,969 [INFO] [70/121] 청량리 제기동 일대 전통시장 (primary=KEY_2)
2026-09-09 03:36:04,196 [INFO] [71/121] 해방촌·경리단길 (primary=KEY_3)
2026-09-09 03:36:05,958 [INFO] [72/121] DDP(동대문디자인플라자) (primary=KEY_4)
2026-09-09 03:36:07,189 [INFO] [73/121] DMC(디지털미디어시티) (primary=KEY_1)
2026-09-09 03:36:09,742 [INFO] [74/121] 가산디지털단지역 (primary=KEY_2)
2026-09-09 03:36:11,465 [INFO] [75/121] 강남역 (primary=KEY_3)
2026-09-09 03:36:12,870 [INFO] [76/121] 건대입구역 (primary=KEY_4)
2026-09-09 03:36:14,104 [INFO] [77/121] 고덕역 (primary=KEY_1)
2026-09-09 03:36:15,317 [INFO] [78/121] 고속터미널역 (primary=KEY_2)
2026-09-09 03:36:16,548 [INFO] [79/121] 교대역 (primary=KEY_3)
2026-09-09 03:36:17,622 [INFO] [80/121] 구로디지털단지역 (primary=KEY_4)
2026-09-09 03:36:19,162 [INFO] [81/121] 구로역 (primary=KEY_1)
2026-09-09 03:36:20,368 [INFO] [82/121] 군자역 (primary=KEY_2)
2026-09-09 03:36:21,437 [INFO] [83/121] 대림역 (primary=KEY_3)
2026-09-09 03:36:22,662 [INFO] [84/121] 동대문역 (primary=KEY_4)
2026-09-09 03:36:23,895 [INFO] [85/121] 뚝섬역 (primary=KEY_1)
2026-09-09 03:36:25,126 [INFO] [86/121] 미아사거리역 (primary=KEY_2)
2026-09-09 03:36:26,348 [INFO] [87/121] 발산역 (primary=KEY_3)
2026-09-09 03:36:27,911 [INFO] [88/121] 사당역 (primary=KEY_4)
2026-09-09 03:36:29,211 [INFO] [89/121] 삼각지역 (primary=KEY_1)
2026-09-09 03:36:30,283 [INFO] [90/121] 서울대입구역 (primary=KEY_2)
2026-09-09 03:36:31,516 [INFO] [91/121] 서울식물원·마곡나루역 (primary=KEY_3)
2026-09-09 03:36:32,903 [INFO] [92/121] 서울역 (primary=KEY_4)
2026-09-09 03:36:34,170 [INFO] [93/121] 선릉역 (primary=KEY_1)
2026-09-09 03:36:35,754 [INFO] [94/121] 성신여대입구역 (primary=KEY_2)
2026-09-09 03:36:36,913 [INFO] [95/121] 수유역 (primary=KEY_3)
2026-09-09 03:36:38,126 [INFO] [96/121] 숭례문 (primary=KEY_4)
2026-09-09 03:36:39,365 [INFO] [97/121] 시의회 앞 (primary=KEY_1)
2026-09-09 03:36:40,604 [INFO] [98/121] 신논현역·논현역 (primary=KEY_2)
2026-09-09 03:36:41,856 [INFO] [99/121] 신도림역 (primary=KEY_3)
2026-09-09 03:36:42,935 [INFO] [100/121] 신림역 (primary=KEY_4)
2026-09-09 03:36:44,020 [INFO] [101/121] 신정네거리역 (primary=KEY_1)
2026-09-09 03:36:45,253 [INFO] [102/121] 신촌·이대역 (primary=KEY_2)
2026-09-09 03:36:46,479 [INFO] [103/121] 쌍문역 (primary=KEY_3)
2026-09-09 03:36:47,694 [INFO] [104/121] 양재역 (primary=KEY_4)
2026-09-09 03:36:48,939 [INFO] [105/121] 역삼역 (primary=KEY_1)
2026-09-09 03:36:50,337 [INFO] [106/121] 연신내역 (primary=KEY_2)
2026-09-09 03:36:51,420 [INFO] [107/121] 오목교역·목동운동장 (primary=KEY_3)
2026-09-09 03:36:53,149 [INFO] [108/121] 왕십리역 (primary=KEY_4)
2026-09-09 03:36:54,401 [INFO] [109/121] 용산역 (primary=KEY_1)
2026-09-09 03:36:55,794 [INFO] [110/121] 이태원역 (primary=KEY_2)
2026-09-09 03:36:56,860 [INFO] [111/121] 잠실새내역 (primary=KEY_3)
2026-09-09 03:36:58,213 [INFO] [112/121] 잠실역 (primary=KEY_4)
2026-09-09 03:36:59,662 [INFO] [113/121] 장지역 (primary=KEY_1)
2026-09-09 03:37:01,098 [INFO] [114/121] 장한평역 (primary=KEY_2)
2026-09-09 03:37:02,331 [INFO] [115/121] 천호역 (primary=KEY_3)
2026-09-09 03:37:03,566 [INFO] [116/121] 총신대입구(이수)역 (primary=KEY_4)
2026-09-09 03:37:04,835 [INFO] [117/121] 충정로역 (primary=KEY_1)
2026-09-09 03:37:06,247 [INFO] [118/121] 합정역 (primary=KEY_2)
2026-09-09 03:37:07,648 [INFO] [119/121] 혜화역 (primary=KEY_3)
2026-09-09 03:37:09,038 [INFO] [120/121] 홍대입구역(2호선) (primary=KEY_4)
2026-09-09 03:37:10,439 [INFO] [121/121] 회기역 (primary=KEY_1)
2026-09-09 03:37:12,248 [INFO] === 수집 완료 | 성공 121, 실패 0 ===
2026-09-09 03:37:12,248 [INFO] 카테고리별 저장 결과:
2026-09-09 03:37:12,248 [INFO]    area_meta                 | 신규   121행 | 누적    121행 | 5컬럼
2026-09-09 03:37:12,248 [INFO]    bike                      | 신규    10행 | 누적     10행 | 12컬럼
2026-09-09 03:37:12,248 [INFO]    bike_sbike_stts           | 신규   573행 | 누적    573행 | 12컬럼
2026-09-09 03:37:12,248 [INFO]    bus                       | 신규     3행 | 누적      3행 | 11컬럼
2026-09-09 03:37:12,249 [INFO]    bus_bus_stn_stts          | 신규  1745행 | 누적   1745행 | 11컬럼
2026-09-09 03:37:12,249 [INFO]    charger                   | 신규     4행 | 누적      4행 | 15컬럼
2026-09-09 03:37:12,249 [INFO]    charger_charger_stts      | 신규  1919행 | 누적   1919행 | 15컬럼
2026-09-09 03:37:12,249 [INFO]    cmrcl                     | 신규    82행 | 누적     82행 | 20컬럼
2026-09-09 03:37:12,249 [INFO]    events                    | 신규    15행 | 누적     15행 | 14컬럼
2026-09-09 03:37:12,249 [INFO]    events_event_stts         | 신규   103행 | 누적    103행 | 14컬럼
2026-09-09 03:37:12,249 [INFO]    parking                   | 신규     6행 | 누적      6행 | 21컬럼
2026-09-09 03:37:12,249 [INFO]    parking_prk_stts          | 신규  1827행 | 누적   1827행 | 21컬럼
2026-09-09 03:37:12,249 [INFO]    ppltn                     | 신규   121행 | 누적    121행 | 26컬럼
2026-09-09 03:37:12,249 [INFO]    road                      | 신규   121행 | 누적    121행 | 21컬럼
2026-09-09 03:37:12,249 [INFO]    road_road_traffic_stts    | 신규  5296행 | 누적   5296행 | 17컬럼
2026-09-09 03:37:12,249 [INFO]    subway                    | 신규    38행 | 누적     38행 | 12컬럼
2026-09-09 03:37:12,249 [INFO]    subway_sub_stts           | 신규   183행 | 누적    183행 | 12컬럼
2026-09-09 03:37:12,249 [INFO]    weather                   | 신규   119행 | 누적    119행 | 29컬럼
2026-09-09 03:37:12,249 [INFO] 키별 사용량:
2026-09-09 03:37:12,249 [INFO]    🟢 KEY_1 (31/1000) 
2026-09-09 03:37:12,249 [INFO]    🟢 KEY_2 (30/1000) 
2026-09-09 03:37:12,249 [INFO]    🟢 KEY_3 (30/1000) 
2026-09-09 03:37:12,249 [INFO]    🟢 KEY_4 (30/1000) 
2026-09-09 06:49:23,580 [INFO] 등록된 키: 4개, 합산 한도 4,000건/일
2026-09-09 06:49:23,580 [INFO] POI 로드: 매뉴얼 v8.5 기준 fallback 121개 (121개 전체)
2026-09-09 06:49:23,580 [INFO] === 수집 시작 2026-09-09T06:49:23.580896+09:00 ===
2026-09-09 06:49:23,581 [INFO] 대상 장소: 121개 | API: citydata (통합)
2026-09-09 06:49:23,581 [INFO] 키 풀: 4/4 활성 | 오늘 사용 0/4000건
2026-09-09 06:49:23,581 [INFO]   [KEY_1] 담당 31장소
2026-09-09 06:49:23,581 [INFO]   [KEY_2] 담당 30장소
2026-09-09 06:49:23,581 [INFO]   [KEY_3] 담당 30장소
2026-09-09 06:49:23,581 [INFO]   [KEY_4] 담당 30장소
2026-09-09 06:49:23,581 [INFO] [1/121] 경복궁 (primary=KEY_1)
2026-09-09 06:49:25,628 [INFO] [2/121] 광화문·덕수궁 (primary=KEY_2)
2026-09-09 06:49:28,011 [INFO] [3/121] 보신각 (primary=KEY_3)
2026-09-09 06:49:30,383 [INFO] [4/121] 서울 암사동 유적 (primary=KEY_4)
2026-09-09 06:49:32,231 [INFO] [5/121] 창덕궁·종묘 (primary=KEY_1)
2026-09-09 06:49:33,509 [INFO] [6/121] 강남 MICE 관광특구 (primary=KEY_2)
2026-09-09 06:49:35,534 [INFO] [7/121] 동대문 관광특구 (primary=KEY_3)
2026-09-09 06:49:37,803 [INFO] [8/121] 명동 관광특구 (primary=KEY_4)
2026-09-09 06:49:40,997 [INFO] [9/121] 이태원 관광특구 (primary=KEY_1)
2026-09-09 06:49:43,048 [INFO] [10/121] 잠실 관광특구 (primary=KEY_2)
2026-09-09 06:49:45,833 [INFO] [11/121] 종로·청계 관광특구 (primary=KEY_3)
2026-09-09 06:49:47,481 [INFO] [12/121] 홍대 관광특구 (primary=KEY_4)
2026-09-09 06:49:49,732 [INFO] [13/121] 강서한강공원 (primary=KEY_1)
2026-09-09 06:49:51,860 [INFO] [14/121] 고척돔 (primary=KEY_2)
2026-09-09 06:49:52,963 [INFO] [15/121] 광나루한강공원 (primary=KEY_3)
2026-09-09 06:49:54,241 [INFO] [16/121] 광화문광장 (primary=KEY_4)
2026-09-09 06:49:55,561 [INFO] [17/121] 국립중앙박물관·용산가족공원 (primary=KEY_1)
2026-09-09 06:49:57,427 [INFO] [18/121] 난지한강공원 (primary=KEY_2)
2026-09-09 06:49:58,539 [INFO] [19/121] 남산공원 (primary=KEY_3)
2026-09-09 06:50:00,042 [INFO] [20/121] 노들섬 (primary=KEY_4)
2026-09-09 06:50:01,914 [INFO] [21/121] 뚝섬한강공원 (primary=KEY_1)
2026-09-09 06:50:03,982 [INFO] [22/121] 망원한강공원 (primary=KEY_2)
2026-09-09 06:50:05,267 [INFO] [23/121] 반포한강공원 (primary=KEY_3)
2026-09-09 06:50:07,084 [INFO] [24/121] 보라매공원 (primary=KEY_4)
2026-09-09 06:50:08,197 [INFO] [25/121] 북서울꿈의숲 (primary=KEY_1)
2026-09-09 06:50:10,228 [INFO] [26/121] 서대문독립공원 (primary=KEY_2)
2026-09-09 06:50:11,329 [INFO] [27/121] 서리풀공원·몽마르뜨공원 (primary=KEY_3)
2026-09-09 06:50:13,365 [INFO] [28/121] 서울대공원 (primary=KEY_4)
2026-09-09 06:50:14,447 [INFO] [29/121] 서울숲공원 (primary=KEY_1)
2026-09-09 06:50:15,734 [INFO] [30/121] 송현녹지광장 (primary=KEY_2)
2026-09-09 06:50:17,017 [INFO] [31/121] 아차산 (primary=KEY_3)
2026-09-09 06:50:18,105 [INFO] [32/121] 안양천 (primary=KEY_4)
2026-09-09 06:50:19,931 [INFO] [33/121] 양화한강공원 (primary=KEY_1)
2026-09-09 06:50:21,026 [INFO] [34/121] 어린이대공원 (primary=KEY_2)
2026-09-09 06:50:22,312 [INFO] [35/121] 여의도한강공원 (primary=KEY_3)
2026-09-09 06:50:23,803 [INFO] [36/121] 여의서로 (primary=KEY_4)
2026-09-09 06:50:25,076 [INFO] [37/121] 올림픽공원 (primary=KEY_1)
2026-09-09 06:50:27,149 [INFO] [38/121] 월드컵공원 (primary=KEY_2)
2026-09-09 06:50:29,374 [INFO] [39/121] 응봉산 (primary=KEY_3)
2026-09-09 06:50:31,390 [INFO] [40/121] 이촌한강공원 (primary=KEY_4)
2026-09-09 06:50:32,666 [INFO] [41/121] 잠실종합운동장 (primary=KEY_1)
2026-09-09 06:50:34,478 [INFO] [42/121] 잠실한강공원 (primary=KEY_2)
2026-09-09 06:50:35,584 [INFO] [43/121] 잠원한강공원 (primary=KEY_3)
2026-09-09 06:50:36,670 [INFO] [44/121] 청계산 (primary=KEY_4)
2026-09-09 06:50:37,765 [INFO] [45/121] 홍제폭포 (primary=KEY_1)
2026-09-09 06:50:38,863 [INFO] [46/121] 가락시장 (primary=KEY_2)
2026-09-09 06:50:40,171 [INFO] [47/121] 가로수길 (primary=KEY_3)
2026-09-09 06:50:41,517 [INFO] [48/121] 광장(전통)시장 (primary=KEY_4)
2026-09-09 06:50:42,626 [INFO] [49/121] 김포공항 (primary=KEY_1)
2026-09-09 06:50:44,103 [INFO] [50/121] 남대문시장 (primary=KEY_2)
2026-09-09 06:50:45,406 [INFO] [51/121] 노량진 (primary=KEY_3)
2026-09-09 06:50:46,711 [INFO] [52/121] 덕수궁길·정동길 (primary=KEY_4)
2026-09-09 06:50:48,041 [INFO] [53/121] 북창동 먹자골목 (primary=KEY_1)
2026-09-09 06:50:49,320 [INFO] [54/121] 북촌한옥마을 (primary=KEY_2)
2026-09-09 06:50:50,780 [INFO] [55/121] 서촌 (primary=KEY_3)
2026-09-09 06:50:52,072 [INFO] [56/121] 성수카페거리 (primary=KEY_4)
2026-09-09 06:50:53,553 [INFO] [57/121] 송리단길·호수단길 (primary=KEY_1)
2026-09-09 06:50:54,858 [INFO] [58/121] 신촌 스타광장 (primary=KEY_2)
2026-09-09 06:50:55,988 [INFO] [59/121] 압구정로데오거리 (primary=KEY_3)
2026-09-09 06:50:57,286 [INFO] [60/121] 여의도 (primary=KEY_4)
2026-09-09 06:50:59,364 [INFO] [61/121] 연남동 (primary=KEY_1)
2026-09-09 06:51:00,655 [INFO] [62/121] 영등포 타임스퀘어 (primary=KEY_2)
2026-09-09 06:51:01,937 [INFO] [63/121] 용리단길 (primary=KEY_3)
2026-09-09 06:51:03,067 [INFO] [64/121] 이태원 앤틱가구거리 (primary=KEY_4)
2026-09-09 06:51:04,344 [INFO] [65/121] 익선동 (primary=KEY_1)
2026-09-09 06:51:05,648 [INFO] [66/121] 인사동 (primary=KEY_2)
2026-09-09 06:51:07,119 [INFO] [67/121] 잠실롯데타워·석촌호수 (primary=KEY_3)
2026-09-09 06:51:08,812 [INFO] [68/121] 창동 신경제 중심지 (primary=KEY_4)
2026-09-09 06:51:10,490 [INFO] [69/121] 청담동 명품거리 (primary=KEY_1)
2026-09-09 06:51:11,850 [INFO] [70/121] 청량리 제기동 일대 전통시장 (primary=KEY_2)
2026-09-09 06:51:13,251 [INFO] [71/121] 해방촌·경리단길 (primary=KEY_3)
2026-09-09 06:51:14,356 [INFO] [72/121] DDP(동대문디자인플라자) (primary=KEY_4)
2026-09-09 06:51:15,658 [INFO] [73/121] DMC(디지털미디어시티) (primary=KEY_1)
2026-09-09 06:51:17,534 [INFO] [74/121] 가산디지털단지역 (primary=KEY_2)
2026-09-09 06:51:19,396 [INFO] [75/121] 강남역 (primary=KEY_3)
2026-09-09 06:51:20,941 [INFO] [76/121] 건대입구역 (primary=KEY_4)
2026-09-09 06:51:22,266 [INFO] [77/121] 고덕역 (primary=KEY_1)
2026-09-09 06:51:23,561 [INFO] [78/121] 고속터미널역 (primary=KEY_2)
2026-09-09 06:51:24,858 [INFO] [79/121] 교대역 (primary=KEY_3)
2026-09-09 06:51:26,150 [INFO] [80/121] 구로디지털단지역 (primary=KEY_4)
2026-09-09 06:51:27,811 [INFO] [81/121] 구로역 (primary=KEY_1)
2026-09-09 06:51:29,093 [INFO] [82/121] 군자역 (primary=KEY_2)
2026-09-09 06:51:30,383 [INFO] [83/121] 대림역 (primary=KEY_3)
2026-09-09 06:51:31,693 [INFO] [84/121] 동대문역 (primary=KEY_4)
2026-09-09 06:51:33,093 [INFO] [85/121] 뚝섬역 (primary=KEY_1)
2026-09-09 06:51:34,385 [INFO] [86/121] 미아사거리역 (primary=KEY_2)
2026-09-09 06:51:36,611 [INFO] [87/121] 발산역 (primary=KEY_3)
2026-09-09 06:51:38,269 [INFO] [88/121] 사당역 (primary=KEY_4)
2026-09-09 06:51:39,576 [INFO] [89/121] 삼각지역 (primary=KEY_1)
2026-09-09 06:51:40,894 [INFO] [90/121] 서울대입구역 (primary=KEY_2)
2026-09-09 06:51:43,718 [INFO] [91/121] 서울식물원·마곡나루역 (primary=KEY_3)
2026-09-09 06:51:45,253 [INFO] [92/121] 서울역 (primary=KEY_4)
2026-09-09 06:51:46,771 [INFO] [93/121] 선릉역 (primary=KEY_1)
2026-09-09 06:51:48,488 [INFO] [94/121] 성신여대입구역 (primary=KEY_2)
2026-09-09 06:51:49,625 [INFO] [95/121] 수유역 (primary=KEY_3)
2026-09-09 06:51:50,928 [INFO] [96/121] 숭례문 (primary=KEY_4)
2026-09-09 06:51:52,252 [INFO] [97/121] 시의회 앞 (primary=KEY_1)
2026-09-09 06:51:53,548 [INFO] [98/121] 신논현역·논현역 (primary=KEY_2)
2026-09-09 06:51:54,864 [INFO] [99/121] 신도림역 (primary=KEY_3)
2026-09-09 06:51:56,000 [INFO] [100/121] 신림역 (primary=KEY_4)
2026-09-09 06:51:57,299 [INFO] [101/121] 신정네거리역 (primary=KEY_1)
2026-09-09 06:51:58,595 [INFO] [102/121] 신촌·이대역 (primary=KEY_2)
2026-09-09 06:51:59,976 [INFO] [103/121] 쌍문역 (primary=KEY_3)
2026-09-09 06:52:01,267 [INFO] [104/121] 양재역 (primary=KEY_4)
2026-09-09 06:52:03,316 [INFO] [105/121] 역삼역 (primary=KEY_1)
2026-09-09 06:52:05,861 [INFO] [106/121] 연신내역 (primary=KEY_2)
2026-09-09 06:52:07,723 [INFO] [107/121] 오목교역·목동운동장 (primary=KEY_3)
2026-09-09 06:52:10,300 [INFO] [108/121] 왕십리역 (primary=KEY_4)
2026-09-09 06:52:12,511 [INFO] [109/121] 용산역 (primary=KEY_1)
2026-09-09 06:52:14,721 [INFO] [110/121] 이태원역 (primary=KEY_2)
2026-09-09 06:52:16,557 [INFO] [111/121] 잠실새내역 (primary=KEY_3)
2026-09-09 06:52:18,640 [INFO] [112/121] 잠실역 (primary=KEY_4)
2026-09-09 06:52:20,880 [INFO] [113/121] 장지역 (primary=KEY_1)
2026-09-09 06:52:23,087 [INFO] [114/121] 장한평역 (primary=KEY_2)
2026-09-09 06:52:25,132 [INFO] [115/121] 천호역 (primary=KEY_3)
2026-09-09 06:52:26,455 [INFO] [116/121] 총신대입구(이수)역 (primary=KEY_4)
2026-09-09 06:52:27,768 [INFO] [117/121] 충정로역 (primary=KEY_1)
2026-09-09 06:52:29,978 [INFO] [118/121] 합정역 (primary=KEY_2)
2026-09-09 06:52:32,024 [INFO] [119/121] 혜화역 (primary=KEY_3)
2026-09-09 06:52:33,320 [INFO] [120/121] 홍대입구역(2호선) (primary=KEY_4)
2026-09-09 06:52:34,637 [INFO] [121/121] 회기역 (primary=KEY_1)
2026-09-09 06:52:37,430 [INFO] === 수집 완료 | 성공 121, 실패 0 ===
2026-09-09 06:52:37,430 [INFO] 카테고리별 저장 결과:
2026-09-09 06:52:37,430 [INFO]    accident                  | 신규     2행 | 누적      2행 | 16컬럼
2026-09-09 06:52:37,430 [INFO]    area_meta                 | 신규   121행 | 누적    242행 | 5컬럼
2026-09-09 06:52:37,430 [INFO]    bike                      | 신규    10행 | 누적     20행 | 12컬럼
2026-09-09 06:52:37,430 [INFO]    bike_sbike_stts           | 신규   573행 | 누적   1146행 | 12컬럼
2026-09-09 06:52:37,430 [INFO]    bus                       | 신규     3행 | 누적      6행 | 11컬럼
2026-09-09 06:52:37,430 [INFO]    bus_bus_stn_stts          | 신규  1745행 | 누적   3490행 | 11컬럼
2026-09-09 06:52:37,430 [INFO]    charger                   | 신규     4행 | 누적      8행 | 15컬럼
2026-09-09 06:52:37,430 [INFO]    charger_charger_stts      | 신규  1919행 | 누적   3812행 | 15컬럼
2026-09-09 06:52:37,430 [INFO]    cmrcl                     | 신규    82행 | 누적    164행 | 20컬럼
2026-09-09 06:52:37,430 [INFO]    events                    | 신규    17행 | 누적     32행 | 14컬럼
2026-09-09 06:52:37,430 [INFO]    events_event_stts         | 신규   107행 | 누적    210행 | 14컬럼
2026-09-09 06:52:37,430 [INFO]    parking                   | 신규     6행 | 누적     12행 | 21컬럼
2026-09-09 06:52:37,430 [INFO]    parking_prk_stts          | 신규  1827행 | 누적   3654행 | 21컬럼
2026-09-09 06:52:37,430 [INFO]    ppltn                     | 신규   121행 | 누적    242행 | 26컬럼
2026-09-09 06:52:37,431 [INFO]    road                      | 신규   121행 | 누적    242행 | 21컬럼
2026-09-09 06:52:37,431 [INFO]    road_road_traffic_stts    | 신규  5296행 | 누적  10592행 | 17컬럼
2026-09-09 06:52:37,431 [INFO]    subway                    | 신규    38행 | 누적     76행 | 12컬럼
2026-09-09 06:52:37,431 [INFO]    subway_sub_stts           | 신규   183행 | 누적    366행 | 13컬럼
2026-09-09 06:52:37,431 [INFO]    weather                   | 신규   119행 | 누적    238행 | 29컬럼
2026-09-09 06:52:37,431 [INFO] 키별 사용량:
2026-09-09 06:52:37,431 [INFO]    🟢 KEY_1 (31/1000) 
2026-09-09 06:52:37,431 [INFO]    🟢 KEY_2 (30/1000) 
2026-09-09 06:52:37,431 [INFO]    🟢 KEY_3 (30/1000) 
2026-09-09 06:52:37,431 [INFO]    🟢 KEY_4 (30/1000) 
2026-09-09 09:07:11,839 [INFO] 등록된 키: 4개, 합산 한도 4,000건/일
2026-09-09 09:07:11,840 [INFO] POI 로드: 매뉴얼 v8.5 기준 fallback 121개 (121개 전체)
2026-09-09 09:07:11,840 [INFO] === 수집 시작 2026-09-09T09:07:11.840509+09:00 ===
2026-09-09 09:07:11,840 [INFO] 대상 장소: 121개 | API: citydata (통합)
2026-09-09 09:07:11,840 [INFO] 키 풀: 4/4 활성 | 오늘 사용 0/4000건
2026-09-09 09:07:11,840 [INFO]   [KEY_1] 담당 31장소
2026-09-09 09:07:11,840 [INFO]   [KEY_2] 담당 30장소
2026-09-09 09:07:11,840 [INFO]   [KEY_3] 담당 30장소
2026-09-09 09:07:11,840 [INFO]   [KEY_4] 담당 30장소
2026-09-09 09:07:11,840 [INFO] [1/121] 경복궁 (primary=KEY_1)
2026-09-09 09:07:14,019 [INFO] [2/121] 광화문·덕수궁 (primary=KEY_2)
2026-09-09 09:07:16,339 [INFO] [3/121] 보신각 (primary=KEY_3)
2026-09-09 09:07:17,613 [INFO] [4/121] 서울 암사동 유적 (primary=KEY_4)
2026-09-09 09:07:19,724 [INFO] [5/121] 창덕궁·종묘 (primary=KEY_1)
2026-09-09 09:07:24,282 [INFO] [6/121] 강남 MICE 관광특구 (primary=KEY_2)
2026-09-09 09:07:25,561 [INFO] [7/121] 동대문 관광특구 (primary=KEY_3)
2026-09-09 09:07:27,927 [INFO] [8/121] 명동 관광특구 (primary=KEY_4)
2026-09-09 09:07:29,679 [INFO] [9/121] 이태원 관광특구 (primary=KEY_1)
2026-09-09 09:07:31,672 [INFO] [10/121] 잠실 관광특구 (primary=KEY_2)
2026-09-09 09:07:33,378 [INFO] [11/121] 종로·청계 관광특구 (primary=KEY_3)
2026-09-09 09:07:34,868 [INFO] [12/121] 홍대 관광특구 (primary=KEY_4)
2026-09-09 09:07:36,395 [INFO] [13/121] 강서한강공원 (primary=KEY_1)
2026-09-09 09:07:38,158 [INFO] [14/121] 고척돔 (primary=KEY_2)
2026-09-09 09:07:40,286 [INFO] [15/121] 광나루한강공원 (primary=KEY_3)
2026-09-09 09:07:41,536 [INFO] [16/121] 광화문광장 (primary=KEY_4)
2026-09-09 09:07:42,836 [INFO] [17/121] 국립중앙박물관·용산가족공원 (primary=KEY_1)
2026-09-09 09:07:43,922 [INFO] [18/121] 난지한강공원 (primary=KEY_2)
2026-09-09 09:07:44,998 [INFO] [19/121] 남산공원 (primary=KEY_3)
2026-09-09 09:07:46,457 [INFO] [20/121] 노들섬 (primary=KEY_4)
2026-09-09 09:07:48,241 [INFO] [21/121] 뚝섬한강공원 (primary=KEY_1)
2026-09-09 09:07:49,336 [INFO] [22/121] 망원한강공원 (primary=KEY_2)
2026-09-09 09:07:50,610 [INFO] [23/121] 반포한강공원 (primary=KEY_3)
2026-09-09 09:07:51,699 [INFO] [24/121] 보라매공원 (primary=KEY_4)
2026-09-09 09:07:52,820 [INFO] [25/121] 북서울꿈의숲 (primary=KEY_1)
2026-09-09 09:07:54,117 [INFO] [26/121] 서대문독립공원 (primary=KEY_2)
2026-09-09 09:07:56,245 [INFO] [27/121] 서리풀공원·몽마르뜨공원 (primary=KEY_3)
2026-09-09 09:07:57,551 [INFO] [28/121] 서울대공원 (primary=KEY_4)
2026-09-09 09:07:58,624 [INFO] [29/121] 서울숲공원 (primary=KEY_1)
2026-09-09 09:07:59,888 [INFO] [30/121] 송현녹지광장 (primary=KEY_2)
2026-09-09 09:08:01,169 [INFO] [31/121] 아차산 (primary=KEY_3)
2026-09-09 09:08:02,250 [INFO] [32/121] 안양천 (primary=KEY_4)
2026-09-09 09:08:03,332 [INFO] [33/121] 양화한강공원 (primary=KEY_1)
2026-09-09 09:08:05,140 [INFO] [34/121] 어린이대공원 (primary=KEY_2)
2026-09-09 09:08:06,415 [INFO] [35/121] 여의도한강공원 (primary=KEY_3)
2026-09-09 09:08:07,689 [INFO] [36/121] 여의서로 (primary=KEY_4)
2026-09-09 09:08:09,812 [INFO] [37/121] 올림픽공원 (primary=KEY_1)
2026-09-09 09:08:11,127 [INFO] [38/121] 월드컵공원 (primary=KEY_2)
2026-09-09 09:08:12,596 [INFO] [39/121] 응봉산 (primary=KEY_3)
2026-09-09 09:08:13,858 [INFO] [40/121] 이촌한강공원 (primary=KEY_4)
2026-09-09 09:08:14,937 [INFO] [41/121] 잠실종합운동장 (primary=KEY_1)
2026-09-09 09:08:16,046 [INFO] [42/121] 잠실한강공원 (primary=KEY_2)
2026-09-09 09:08:17,137 [INFO] [43/121] 잠원한강공원 (primary=KEY_3)
2026-09-09 09:08:18,224 [INFO] [44/121] 청계산 (primary=KEY_4)
2026-09-09 09:08:19,303 [INFO] [45/121] 홍제폭포 (primary=KEY_1)
2026-09-09 09:08:20,380 [INFO] [46/121] 가락시장 (primary=KEY_2)
2026-09-09 09:08:21,665 [INFO] [47/121] 가로수길 (primary=KEY_3)
2026-09-09 09:08:22,957 [INFO] [48/121] 광장(전통)시장 (primary=KEY_4)
2026-09-09 09:08:24,063 [INFO] [49/121] 김포공항 (primary=KEY_1)
2026-09-09 09:08:25,532 [INFO] [50/121] 남대문시장 (primary=KEY_2)
2026-09-09 09:08:26,801 [INFO] [51/121] 노량진 (primary=KEY_3)
2026-09-09 09:08:28,087 [INFO] [52/121] 덕수궁길·정동길 (primary=KEY_4)
2026-09-09 09:08:29,380 [INFO] [53/121] 북창동 먹자골목 (primary=KEY_1)
2026-09-09 09:08:30,637 [INFO] [54/121] 북촌한옥마을 (primary=KEY_2)
2026-09-09 09:08:32,072 [INFO] [55/121] 서촌 (primary=KEY_3)
2026-09-09 09:08:33,332 [INFO] [56/121] 성수카페거리 (primary=KEY_4)
2026-09-09 09:08:34,781 [INFO] [57/121] 송리단길·호수단길 (primary=KEY_1)
2026-09-09 09:08:36,073 [INFO] [58/121] 신촌 스타광장 (primary=KEY_2)
2026-09-09 09:08:37,167 [INFO] [59/121] 압구정로데오거리 (primary=KEY_3)
2026-09-09 09:08:38,444 [INFO] [60/121] 여의도 (primary=KEY_4)
2026-09-09 09:08:40,531 [INFO] [61/121] 연남동 (primary=KEY_1)
2026-09-09 09:08:41,781 [INFO] [62/121] 영등포 타임스퀘어 (primary=KEY_2)
2026-09-09 09:08:43,040 [INFO] [63/121] 용리단길 (primary=KEY_3)
2026-09-09 09:08:44,148 [INFO] [64/121] 이태원 앤틱가구거리 (primary=KEY_4)
2026-09-09 09:08:45,414 [INFO] [65/121] 익선동 (primary=KEY_1)
2026-09-09 09:08:46,714 [INFO] [66/121] 인사동 (primary=KEY_2)
2026-09-09 09:08:48,171 [INFO] [67/121] 잠실롯데타워·석촌호수 (primary=KEY_3)
2026-09-09 09:08:49,804 [INFO] [68/121] 창동 신경제 중심지 (primary=KEY_4)
2026-09-09 09:08:51,467 [INFO] [69/121] 청담동 명품거리 (primary=KEY_1)
2026-09-09 09:08:52,780 [INFO] [70/121] 청량리 제기동 일대 전통시장 (primary=KEY_2)
2026-09-09 09:08:54,148 [INFO] [71/121] 해방촌·경리단길 (primary=KEY_3)
2026-09-09 09:08:55,239 [INFO] [72/121] DDP(동대문디자인플라자) (primary=KEY_4)
2026-09-09 09:08:56,705 [INFO] [73/121] DMC(디지털미디어시티) (primary=KEY_1)
2026-09-09 09:08:58,373 [INFO] [74/121] 가산디지털단지역 (primary=KEY_2)
2026-09-09 09:09:00,206 [INFO] [75/121] 강남역 (primary=KEY_3)
2026-09-09 09:09:01,712 [INFO] [76/121] 건대입구역 (primary=KEY_4)
2026-09-09 09:09:03,022 [INFO] [77/121] 고덕역 (primary=KEY_1)
2026-09-09 09:09:04,289 [INFO] [78/121] 고속터미널역 (primary=KEY_2)
2026-09-09 09:09:05,584 [INFO] [79/121] 교대역 (primary=KEY_3)
2026-09-09 09:09:06,862 [INFO] [80/121] 구로디지털단지역 (primary=KEY_4)
2026-09-09 09:09:08,487 [INFO] [81/121] 구로역 (primary=KEY_1)
2026-09-09 09:09:09,741 [INFO] [82/121] 군자역 (primary=KEY_2)
2026-09-09 09:09:11,009 [INFO] [83/121] 대림역 (primary=KEY_3)
2026-09-09 09:09:12,288 [INFO] [84/121] 동대문역 (primary=KEY_4)
2026-09-09 09:09:13,566 [INFO] [85/121] 뚝섬역 (primary=KEY_1)
2026-09-09 09:09:14,837 [INFO] [86/121] 미아사거리역 (primary=KEY_2)
2026-09-09 09:09:16,120 [INFO] [87/121] 발산역 (primary=KEY_3)
2026-09-09 09:09:17,752 [INFO] [88/121] 사당역 (primary=KEY_4)
2026-09-09 09:09:19,044 [INFO] [89/121] 삼각지역 (primary=KEY_1)
2026-09-09 09:09:20,335 [INFO] [90/121] 서울대입구역 (primary=KEY_2)
2026-09-09 09:09:21,632 [INFO] [91/121] 서울식물원·마곡나루역 (primary=KEY_3)
2026-09-09 09:09:23,104 [INFO] [92/121] 서울역 (primary=KEY_4)
2026-09-09 09:09:24,613 [INFO] [93/121] 선릉역 (primary=KEY_1)
2026-09-09 09:09:26,245 [INFO] [94/121] 성신여대입구역 (primary=KEY_2)
2026-09-09 09:09:27,353 [INFO] [95/121] 수유역 (primary=KEY_3)
2026-09-09 09:09:28,653 [INFO] [96/121] 숭례문 (primary=KEY_4)
2026-09-09 09:09:29,938 [INFO] [97/121] 시의회 앞 (primary=KEY_1)
2026-09-09 09:09:31,237 [INFO] [98/121] 신논현역·논현역 (primary=KEY_2)
2026-09-09 09:09:32,548 [INFO] [99/121] 신도림역 (primary=KEY_3)
2026-09-09 09:09:33,646 [INFO] [100/121] 신림역 (primary=KEY_4)
2026-09-09 09:09:34,926 [INFO] [101/121] 신정네거리역 (primary=KEY_1)
2026-09-09 09:09:36,192 [INFO] [102/121] 신촌·이대역 (primary=KEY_2)
2026-09-09 09:09:37,470 [INFO] [103/121] 쌍문역 (primary=KEY_3)
2026-09-09 09:09:38,740 [INFO] [104/121] 양재역 (primary=KEY_4)
2026-09-09 09:09:40,016 [INFO] [105/121] 역삼역 (primary=KEY_1)
2026-09-09 09:09:41,474 [INFO] [106/121] 연신내역 (primary=KEY_2)
2026-09-09 09:09:42,599 [INFO] [107/121] 오목교역·목동운동장 (primary=KEY_3)
2026-09-09 09:09:44,430 [INFO] [108/121] 왕십리역 (primary=KEY_4)
2026-09-09 09:09:45,908 [INFO] [109/121] 용산역 (primary=KEY_1)
2026-09-09 09:09:47,355 [INFO] [110/121] 이태원역 (primary=KEY_2)
2026-09-09 09:09:48,454 [INFO] [111/121] 잠실새내역 (primary=KEY_3)
2026-09-09 09:09:49,816 [INFO] [112/121] 잠실역 (primary=KEY_4)
2026-09-09 09:09:51,333 [INFO] [113/121] 장지역 (primary=KEY_1)
2026-09-09 09:09:52,792 [INFO] [114/121] 장한평역 (primary=KEY_2)
2026-09-09 09:09:54,107 [INFO] [115/121] 천호역 (primary=KEY_3)
2026-09-09 09:09:55,393 [INFO] [116/121] 총신대입구(이수)역 (primary=KEY_4)
2026-09-09 09:09:56,681 [INFO] [117/121] 충정로역 (primary=KEY_1)
2026-09-09 09:09:57,960 [INFO] [118/121] 합정역 (primary=KEY_2)
2026-09-09 09:09:59,249 [INFO] [119/121] 혜화역 (primary=KEY_3)
2026-09-09 09:10:00,524 [INFO] [120/121] 홍대입구역(2호선) (primary=KEY_4)
2026-09-09 09:10:01,799 [INFO] [121/121] 회기역 (primary=KEY_1)
2026-09-09 09:10:04,071 [INFO] === 수집 완료 | 성공 121, 실패 0 ===
2026-09-09 09:10:04,071 [INFO] 카테고리별 저장 결과:
2026-09-09 09:10:04,071 [INFO]    accident                  | 신규     2행 | 누적      4행 | 16컬럼
2026-09-09 09:10:04,071 [INFO]    accident_acdnt_cntrl_stts | 신규     8행 | 누적      8행 | 16컬럼
2026-09-09 09:10:04,071 [INFO]    area_meta                 | 신규   121행 | 누적    363행 | 5컬럼
2026-09-09 09:10:04,071 [INFO]    bike                      | 신규    10행 | 누적     30행 | 12컬럼
2026-09-09 09:10:04,071 [INFO]    bike_sbike_stts           | 신규   573행 | 누적   1719행 | 12컬럼
2026-09-09 09:10:04,072 [INFO]    bus                       | 신규     3행 | 누적      9행 | 11컬럼
2026-09-09 09:10:04,072 [INFO]    bus_bus_stn_stts          | 신규  1745행 | 누적   5235행 | 11컬럼
2026-09-09 09:10:04,072 [INFO]    charger                   | 신규     4행 | 누적     12행 | 15컬럼
2026-09-09 09:10:04,072 [INFO]    charger_charger_stts      | 신규  1919행 | 누적   5718행 | 15컬럼
2026-09-09 09:10:04,072 [INFO]    cmrcl                     | 신규    82행 | 누적    246행 | 20컬럼
2026-09-09 09:10:04,072 [INFO]    events                    | 신규    17행 | 누적     49행 | 14컬럼
2026-09-09 09:10:04,072 [INFO]    events_event_stts         | 신규   107행 | 누적    317행 | 14컬럼
2026-09-09 09:10:04,072 [INFO]    parking                   | 신규     6행 | 누적     18행 | 21컬럼
2026-09-09 09:10:04,072 [INFO]    parking_prk_stts          | 신규  1827행 | 누적   5481행 | 21컬럼
2026-09-09 09:10:04,072 [INFO]    ppltn                     | 신규   121행 | 누적    363행 | 26컬럼
2026-09-09 09:10:04,072 [INFO]    road                      | 신규   121행 | 누적    363행 | 21컬럼
2026-09-09 09:10:04,072 [INFO]    road_road_traffic_stts    | 신규  5296행 | 누적  15888행 | 17컬럼
2026-09-09 09:10:04,072 [INFO]    subway                    | 신규    38행 | 누적    114행 | 12컬럼
2026-09-09 09:10:04,072 [INFO]    subway_sub_stts           | 신규   183행 | 누적    549행 | 13컬럼
2026-09-09 09:10:04,072 [INFO]    weather                   | 신규   119행 | 누적    357행 | 29컬럼
2026-09-09 09:10:04,072 [INFO] 키별 사용량:
2026-09-09 09:10:04,072 [INFO]    🟢 KEY_1 (31/1000) 
2026-09-09 09:10:04,072 [INFO]    🟢 KEY_2 (30/1000) 
2026-09-09 09:10:04,072 [INFO]    🟢 KEY_3 (30/1000) 
2026-09-09 09:10:04,072 [INFO]    🟢 KEY_4 (30/1000) 
2026-09-09 13:36:23,129 [INFO] 등록된 키: 4개, 합산 한도 4,000건/일
2026-09-09 13:36:23,129 [INFO] POI 로드: 매뉴얼 v8.5 기준 fallback 121개 (121개 전체)
2026-09-09 13:36:23,129 [INFO] === 수집 시작 2026-09-09T13:36:23.129875+09:00 ===
2026-09-09 13:36:23,129 [INFO] 대상 장소: 121개 | API: citydata (통합)
2026-09-09 13:36:23,129 [INFO] 키 풀: 4/4 활성 | 오늘 사용 0/4000건
2026-09-09 13:36:23,130 [INFO]   [KEY_1] 담당 31장소
2026-09-09 13:36:23,130 [INFO]   [KEY_2] 담당 30장소
2026-09-09 13:36:23,130 [INFO]   [KEY_3] 담당 30장소
2026-09-09 13:36:23,130 [INFO]   [KEY_4] 담당 30장소
2026-09-09 13:36:23,130 [INFO] [1/121] 경복궁 (primary=KEY_1)
2026-09-09 13:36:25,175 [INFO] [2/121] 광화문·덕수궁 (primary=KEY_2)
2026-09-09 13:36:27,705 [INFO] [3/121] 보신각 (primary=KEY_3)
2026-09-09 13:36:29,606 [INFO] [4/121] 서울 암사동 유적 (primary=KEY_4)
2026-09-09 13:36:31,313 [INFO] [5/121] 창덕궁·종묘 (primary=KEY_1)
2026-09-09 13:36:33,333 [INFO] [6/121] 강남 MICE 관광특구 (primary=KEY_2)
2026-09-09 13:36:35,225 [INFO] [7/121] 동대문 관광특구 (primary=KEY_3)
2026-09-09 13:36:37,345 [INFO] [8/121] 명동 관광특구 (primary=KEY_4)
2026-09-09 13:36:39,758 [INFO] [9/121] 이태원 관광특구 (primary=KEY_1)
2026-09-09 13:36:41,174 [INFO] [10/121] 잠실 관광특구 (primary=KEY_2)
2026-09-09 13:36:43,567 [INFO] [11/121] 종로·청계 관광특구 (primary=KEY_3)
2026-09-09 13:36:44,999 [INFO] [12/121] 홍대 관광특구 (primary=KEY_4)
2026-09-09 13:36:46,461 [INFO] [13/121] 강서한강공원 (primary=KEY_1)
2026-09-09 13:36:48,276 [INFO] [14/121] 고척돔 (primary=KEY_2)
2026-09-09 13:36:50,285 [INFO] [15/121] 광나루한강공원 (primary=KEY_3)
2026-09-09 13:36:51,495 [INFO] [16/121] 광화문광장 (primary=KEY_4)
2026-09-09 13:36:53,689 [INFO] [17/121] 국립중앙박물관·용산가족공원 (primary=KEY_1)
2026-09-09 13:36:54,730 [INFO] [18/121] 난지한강공원 (primary=KEY_2)
2026-09-09 13:36:55,779 [INFO] [19/121] 남산공원 (primary=KEY_3)
2026-09-09 13:36:57,824 [INFO] [20/121] 노들섬 (primary=KEY_4)
2026-09-09 13:36:58,873 [INFO] [21/121] 뚝섬한강공원 (primary=KEY_1)
2026-09-09 13:36:59,999 [INFO] [22/121] 망원한강공원 (primary=KEY_2)
2026-09-09 13:37:01,254 [INFO] [23/121] 반포한강공원 (primary=KEY_3)
2026-09-09 13:37:02,299 [INFO] [24/121] 보라매공원 (primary=KEY_4)
2026-09-09 13:37:03,365 [INFO] [25/121] 북서울꿈의숲 (primary=KEY_1)
2026-09-09 13:37:04,587 [INFO] [26/121] 서대문독립공원 (primary=KEY_2)
2026-09-09 13:37:05,661 [INFO] [27/121] 서리풀공원·몽마르뜨공원 (primary=KEY_3)
2026-09-09 13:37:07,544 [INFO] [28/121] 서울대공원 (primary=KEY_4)
2026-09-09 13:37:08,603 [INFO] [29/121] 서울숲공원 (primary=KEY_1)
2026-09-09 13:37:10,790 [INFO] [30/121] 송현녹지광장 (primary=KEY_2)
2026-09-09 13:37:12,965 [INFO] [31/121] 아차산 (primary=KEY_3)
2026-09-09 13:37:14,011 [INFO] [32/121] 안양천 (primary=KEY_4)
2026-09-09 13:37:15,716 [INFO] [33/121] 양화한강공원 (primary=KEY_1)
2026-09-09 13:37:16,769 [INFO] [34/121] 어린이대공원 (primary=KEY_2)
2026-09-09 13:37:18,002 [INFO] [35/121] 여의도한강공원 (primary=KEY_3)
2026-09-09 13:37:19,249 [INFO] [36/121] 여의서로 (primary=KEY_4)
2026-09-09 13:37:20,461 [INFO] [37/121] 올림픽공원 (primary=KEY_1)
2026-09-09 13:37:21,719 [INFO] [38/121] 월드컵공원 (primary=KEY_2)
2026-09-09 13:37:23,177 [INFO] [39/121] 응봉산 (primary=KEY_3)
2026-09-09 13:37:24,412 [INFO] [40/121] 이촌한강공원 (primary=KEY_4)
2026-09-09 13:37:25,465 [INFO] [41/121] 잠실종합운동장 (primary=KEY_1)
2026-09-09 13:37:26,602 [INFO] [42/121] 잠실한강공원 (primary=KEY_2)
2026-09-09 13:37:27,664 [INFO] [43/121] 잠원한강공원 (primary=KEY_3)
2026-09-09 13:37:29,522 [INFO] [44/121] 청계산 (primary=KEY_4)
2026-09-09 13:37:30,566 [INFO] [45/121] 홍제폭포 (primary=KEY_1)
2026-09-09 13:37:31,622 [INFO] [46/121] 가락시장 (primary=KEY_2)
2026-09-09 13:37:32,869 [INFO] [47/121] 가로수길 (primary=KEY_3)
2026-09-09 13:37:34,148 [INFO] [48/121] 광장(전통)시장 (primary=KEY_4)
2026-09-09 13:37:35,216 [INFO] [49/121] 김포공항 (primary=KEY_1)
2026-09-09 13:37:36,652 [INFO] [50/121] 남대문시장 (primary=KEY_2)
2026-09-09 13:37:37,871 [INFO] [51/121] 노량진 (primary=KEY_3)
2026-09-09 13:37:39,162 [INFO] [52/121] 덕수궁길·정동길 (primary=KEY_4)
2026-09-09 13:37:40,470 [INFO] [53/121] 북창동 먹자골목 (primary=KEY_1)
2026-09-09 13:37:41,725 [INFO] [54/121] 북촌한옥마을 (primary=KEY_2)
2026-09-09 13:37:43,109 [INFO] [55/121] 서촌 (primary=KEY_3)
2026-09-09 13:37:44,317 [INFO] [56/121] 성수카페거리 (primary=KEY_4)
2026-09-09 13:37:46,700 [INFO] [57/121] 송리단길·호수단길 (primary=KEY_1)
2026-09-09 13:37:47,946 [INFO] [58/121] 신촌 스타광장 (primary=KEY_2)
2026-09-09 13:37:49,195 [INFO] [59/121] 압구정로데오거리 (primary=KEY_3)
2026-09-09 13:37:50,430 [INFO] [60/121] 여의도 (primary=KEY_4)
2026-09-09 13:37:52,473 [INFO] [61/121] 연남동 (primary=KEY_1)
2026-09-09 13:37:53,686 [INFO] [62/121] 영등포 타임스퀘어 (primary=KEY_2)
2026-09-09 13:37:54,903 [INFO] [63/121] 용리단길 (primary=KEY_3)
2026-09-09 13:37:56,019 [INFO] [64/121] 이태원 앤틱가구거리 (primary=KEY_4)
2026-09-09 13:37:57,249 [INFO] [65/121] 익선동 (primary=KEY_1)
2026-09-09 13:37:58,495 [INFO] [66/121] 인사동 (primary=KEY_2)
2026-09-09 13:37:59,901 [INFO] [67/121] 잠실롯데타워·석촌호수 (primary=KEY_3)
2026-09-09 13:38:01,484 [INFO] [68/121] 창동 신경제 중심지 (primary=KEY_4)
2026-09-09 13:38:03,081 [INFO] [69/121] 청담동 명품거리 (primary=KEY_1)
2026-09-09 13:38:04,312 [INFO] [70/121] 청량리 제기동 일대 전통시장 (primary=KEY_2)
2026-09-09 13:38:05,583 [INFO] [71/121] 해방촌·경리단길 (primary=KEY_3)
2026-09-09 13:38:06,677 [INFO] [72/121] DDP(동대문디자인플라자) (primary=KEY_4)
2026-09-09 13:38:07,936 [INFO] [73/121] DMC(디지털미디어시티) (primary=KEY_1)
2026-09-09 13:38:09,522 [INFO] [74/121] 가산디지털단지역 (primary=KEY_2)
2026-09-09 13:38:11,228 [INFO] [75/121] 강남역 (primary=KEY_3)
2026-09-09 13:38:12,642 [INFO] [76/121] 건대입구역 (primary=KEY_4)
2026-09-09 13:38:13,904 [INFO] [77/121] 고덕역 (primary=KEY_1)
2026-09-09 13:38:15,693 [INFO] [78/121] 고속터미널역 (primary=KEY_2)
2026-09-09 13:38:16,981 [INFO] [79/121] 교대역 (primary=KEY_3)
2026-09-09 13:38:18,210 [INFO] [80/121] 구로디지털단지역 (primary=KEY_4)
2026-09-09 13:38:19,756 [INFO] [81/121] 구로역 (primary=KEY_1)
2026-09-09 13:38:20,963 [INFO] [82/121] 군자역 (primary=KEY_2)
2026-09-09 13:38:22,188 [INFO] [83/121] 대림역 (primary=KEY_3)
2026-09-09 13:38:23,443 [INFO] [84/121] 동대문역 (primary=KEY_4)
2026-09-09 13:38:24,719 [INFO] [85/121] 뚝섬역 (primary=KEY_1)
2026-09-09 13:38:25,944 [INFO] [86/121] 미아사거리역 (primary=KEY_2)
2026-09-09 13:38:27,175 [INFO] [87/121] 발산역 (primary=KEY_3)
2026-09-09 13:38:28,744 [INFO] [88/121] 사당역 (primary=KEY_4)
2026-09-09 13:38:29,981 [INFO] [89/121] 삼각지역 (primary=KEY_1)
2026-09-09 13:38:31,270 [INFO] [90/121] 서울대입구역 (primary=KEY_2)
2026-09-09 13:38:32,495 [INFO] [91/121] 서울식물원·마곡나루역 (primary=KEY_3)
2026-09-09 13:38:33,903 [INFO] [92/121] 서울역 (primary=KEY_4)
2026-09-09 13:38:35,346 [INFO] [93/121] 선릉역 (primary=KEY_1)
2026-09-09 13:38:38,114 [INFO] [94/121] 성신여대입구역 (primary=KEY_2)
2026-09-09 13:38:39,218 [INFO] [95/121] 수유역 (primary=KEY_3)
2026-09-09 13:38:40,446 [INFO] [96/121] 숭례문 (primary=KEY_4)
2026-09-09 13:38:41,675 [INFO] [97/121] 시의회 앞 (primary=KEY_1)
2026-09-09 13:38:42,907 [INFO] [98/121] 신논현역·논현역 (primary=KEY_2)
2026-09-09 13:38:44,149 [INFO] [99/121] 신도림역 (primary=KEY_3)
2026-09-09 13:38:45,203 [INFO] [100/121] 신림역 (primary=KEY_4)
2026-09-09 13:38:46,478 [INFO] [101/121] 신정네거리역 (primary=KEY_1)
2026-09-09 13:38:47,684 [INFO] [102/121] 신촌·이대역 (primary=KEY_2)
2026-09-09 13:38:48,913 [INFO] [103/121] 쌍문역 (primary=KEY_3)
2026-09-09 13:38:50,146 [INFO] [104/121] 양재역 (primary=KEY_4)
2026-09-09 13:38:51,395 [INFO] [105/121] 역삼역 (primary=KEY_1)
2026-09-09 13:38:52,796 [INFO] [106/121] 연신내역 (primary=KEY_2)
2026-09-09 13:38:53,910 [INFO] [107/121] 오목교역·목동운동장 (primary=KEY_3)
2026-09-09 13:38:55,641 [INFO] [108/121] 왕십리역 (primary=KEY_4)
2026-09-09 13:38:57,060 [INFO] [109/121] 용산역 (primary=KEY_1)
2026-09-09 13:38:58,449 [INFO] [110/121] 이태원역 (primary=KEY_2)
2026-09-09 13:38:59,506 [INFO] [111/121] 잠실새내역 (primary=KEY_3)
2026-09-09 13:39:00,808 [INFO] [112/121] 잠실역 (primary=KEY_4)
2026-09-09 13:39:02,213 [INFO] [113/121] 장지역 (primary=KEY_1)
2026-09-09 13:39:03,614 [INFO] [114/121] 장한평역 (primary=KEY_2)
2026-09-09 13:39:05,458 [INFO] [115/121] 천호역 (primary=KEY_3)
2026-09-09 13:39:06,860 [INFO] [116/121] 총신대입구(이수)역 (primary=KEY_4)
2026-09-09 13:39:08,092 [INFO] [117/121] 충정로역 (primary=KEY_1)
2026-09-09 13:39:09,318 [INFO] [118/121] 합정역 (primary=KEY_2)
2026-09-09 13:39:10,551 [INFO] [119/121] 혜화역 (primary=KEY_3)
2026-09-09 13:39:11,776 [INFO] [120/121] 홍대입구역(2호선) (primary=KEY_4)
2026-09-09 13:39:13,028 [INFO] [121/121] 회기역 (primary=KEY_1)
2026-09-09 13:39:15,260 [INFO] === 수집 완료 | 성공 121, 실패 0 ===
2026-09-09 13:39:15,260 [INFO] 카테고리별 저장 결과:
2026-09-09 13:39:15,260 [INFO]    accident                  | 신규     8행 | 누적     12행 | 16컬럼
2026-09-09 13:39:15,260 [INFO]    area_meta                 | 신규   121행 | 누적    484행 | 5컬럼
2026-09-09 13:39:15,260 [INFO]    bike                      | 신규    10행 | 누적     40행 | 12컬럼
2026-09-09 13:39:15,260 [INFO]    bike_sbike_stts           | 신규   574행 | 누적   2293행 | 12컬럼
2026-09-09 13:39:15,260 [INFO]    bus                       | 신규     3행 | 누적     12행 | 11컬럼
2026-09-09 13:39:15,260 [INFO]    bus_bus_stn_stts          | 신규  1745행 | 누적   6980행 | 11컬럼
2026-09-09 13:39:15,260 [INFO]    charger                   | 신규     4행 | 누적     16행 | 15컬럼
2026-09-09 13:39:15,260 [INFO]    charger_charger_stts      | 신규  1919행 | 누적   7624행 | 15컬럼
2026-09-09 13:39:15,260 [INFO]    cmrcl                     | 신규    82행 | 누적    328행 | 20컬럼
2026-09-09 13:39:15,260 [INFO]    events                    | 신규    17행 | 누적     66행 | 14컬럼
2026-09-09 13:39:15,260 [INFO]    events_event_stts         | 신규   107행 | 누적    424행 | 14컬럼
2026-09-09 13:39:15,260 [INFO]    parking                   | 신규     6행 | 누적     24행 | 21컬럼
2026-09-09 13:39:15,260 [INFO]    parking_prk_stts          | 신규  1827행 | 누적   7308행 | 21컬럼
2026-09-09 13:39:15,260 [INFO]    ppltn                     | 신규   121행 | 누적    484행 | 26컬럼
2026-09-09 13:39:15,260 [INFO]    road                      | 신규   121행 | 누적    484행 | 21컬럼
2026-09-09 13:39:15,260 [INFO]    road_road_traffic_stts    | 신규  5296행 | 누적  21184행 | 17컬럼
2026-09-09 13:39:15,260 [INFO]    subway                    | 신규    38행 | 누적    152행 | 12컬럼
2026-09-09 13:39:15,260 [INFO]    subway_sub_stts           | 신규   183행 | 누적    732행 | 13컬럼
2026-09-09 13:39:15,260 [INFO]    weather                   | 신규   119행 | 누적    476행 | 29컬럼
2026-09-09 13:39:15,260 [INFO] 키별 사용량:
2026-09-09 13:39:15,260 [INFO]    🟢 KEY_1 (31/1000) 
2026-09-09 13:39:15,260 [INFO]    🟢 KEY_2 (30/1000) 
2026-09-09 13:39:15,260 [INFO]    🟢 KEY_3 (30/1000) 
2026-09-09 13:39:15,261 [INFO]    🟢 KEY_4 (30/1000) 
2026-09-09 18:39:13,412 [INFO] 등록된 키: 4개, 합산 한도 4,000건/일
2026-09-09 18:39:13,412 [INFO] POI 로드: 매뉴얼 v8.5 기준 fallback 121개 (121개 전체)
2026-09-09 18:39:13,412 [INFO] === 수집 시작 2026-09-09T18:39:13.412956+09:00 ===
2026-09-09 18:39:13,413 [INFO] 대상 장소: 121개 | API: citydata (통합)
2026-09-09 18:39:13,413 [INFO] 키 풀: 4/4 활성 | 오늘 사용 0/4000건
2026-09-09 18:39:13,413 [INFO]   [KEY_1] 담당 31장소
2026-09-09 18:39:13,413 [INFO]   [KEY_2] 담당 30장소
2026-09-09 18:39:13,413 [INFO]   [KEY_3] 담당 30장소
2026-09-09 18:39:13,413 [INFO]   [KEY_4] 담당 30장소
2026-09-09 18:39:13,413 [INFO] [1/121] 경복궁 (primary=KEY_1)
2026-09-09 18:39:15,927 [INFO] [2/121] 광화문·덕수궁 (primary=KEY_2)
2026-09-09 18:39:18,528 [INFO] [3/121] 보신각 (primary=KEY_3)
2026-09-09 18:39:20,414 [INFO] [4/121] 서울 암사동 유적 (primary=KEY_4)
2026-09-09 18:39:21,545 [INFO] [5/121] 창덕궁·종묘 (primary=KEY_1)
2026-09-09 18:39:23,233 [INFO] [6/121] 강남 MICE 관광특구 (primary=KEY_2)
2026-09-09 18:39:25,205 [INFO] [7/121] 동대문 관광특구 (primary=KEY_3)
2026-09-09 18:39:27,219 [INFO] [8/121] 명동 관광특구 (primary=KEY_4)
2026-09-09 18:39:28,840 [INFO] [9/121] 이태원 관광특구 (primary=KEY_1)
2026-09-09 18:39:30,823 [INFO] [10/121] 잠실 관광특구 (primary=KEY_2)
2026-09-09 18:39:33,106 [INFO] [11/121] 종로·청계 관광특구 (primary=KEY_3)
2026-09-09 18:39:34,479 [INFO] [12/121] 홍대 관광특구 (primary=KEY_4)
2026-09-09 18:39:36,914 [INFO] [13/121] 강서한강공원 (primary=KEY_1)
2026-09-09 18:39:38,455 [INFO] [14/121] 고척돔 (primary=KEY_2)
2026-09-09 18:39:40,148 [INFO] [15/121] 광나루한강공원 (primary=KEY_3)
2026-09-09 18:39:41,264 [INFO] [16/121] 광화문광장 (primary=KEY_4)
2026-09-09 18:39:42,964 [INFO] [17/121] 국립중앙박물관·용산가족공원 (primary=KEY_1)
2026-09-09 18:39:43,956 [INFO] [18/121] 난지한강공원 (primary=KEY_2)
2026-09-09 18:39:45,639 [INFO] [19/121] 남산공원 (primary=KEY_3)
2026-09-09 18:39:47,755 [INFO] [20/121] 노들섬 (primary=KEY_4)
2026-09-09 18:39:49,284 [INFO] [21/121] 뚝섬한강공원 (primary=KEY_1)
2026-09-09 18:39:50,291 [INFO] [22/121] 망원한강공원 (primary=KEY_2)
2026-09-09 18:39:51,403 [INFO] [23/121] 반포한강공원 (primary=KEY_3)
2026-09-09 18:39:52,401 [INFO] [24/121] 보라매공원 (primary=KEY_4)
2026-09-09 18:39:53,409 [INFO] [25/121] 북서울꿈의숲 (primary=KEY_1)
2026-09-09 18:39:54,543 [INFO] [26/121] 서대문독립공원 (primary=KEY_2)
2026-09-09 18:39:55,536 [INFO] [27/121] 서리풀공원·몽마르뜨공원 (primary=KEY_3)
2026-09-09 18:39:57,391 [INFO] [28/121] 서울대공원 (primary=KEY_4)
2026-09-09 18:39:58,347 [INFO] [29/121] 서울숲공원 (primary=KEY_1)
2026-09-09 18:40:00,192 [INFO] [30/121] 송현녹지광장 (primary=KEY_2)
2026-09-09 18:40:01,316 [INFO] [31/121] 아차산 (primary=KEY_3)
2026-09-09 18:40:02,387 [INFO] [32/121] 안양천 (primary=KEY_4)
2026-09-09 18:40:03,457 [INFO] [33/121] 양화한강공원 (primary=KEY_1)
2026-09-09 18:40:04,413 [INFO] [34/121] 어린이대공원 (primary=KEY_2)
2026-09-09 18:40:05,541 [INFO] [35/121] 여의도한강공원 (primary=KEY_3)
2026-09-09 18:40:06,655 [INFO] [36/121] 여의서로 (primary=KEY_4)
2026-09-09 18:40:07,782 [INFO] [37/121] 올림픽공원 (primary=KEY_1)
2026-09-09 18:40:08,929 [INFO] [38/121] 월드컵공원 (primary=KEY_2)
2026-09-09 18:40:10,194 [INFO] [39/121] 응봉산 (primary=KEY_3)
2026-09-09 18:40:11,290 [INFO] [40/121] 이촌한강공원 (primary=KEY_4)
2026-09-09 18:40:12,279 [INFO] [41/121] 잠실종합운동장 (primary=KEY_1)
2026-09-09 18:40:13,269 [INFO] [42/121] 잠실한강공원 (primary=KEY_2)
2026-09-09 18:40:14,261 [INFO] [43/121] 잠원한강공원 (primary=KEY_3)
2026-09-09 18:40:15,355 [INFO] [44/121] 청계산 (primary=KEY_4)
2026-09-09 18:40:16,334 [INFO] [45/121] 홍제폭포 (primary=KEY_1)
2026-09-09 18:40:17,432 [INFO] [46/121] 가락시장 (primary=KEY_2)
2026-09-09 18:40:18,569 [INFO] [47/121] 가로수길 (primary=KEY_3)
2026-09-09 18:40:19,711 [INFO] [48/121] 광장(전통)시장 (primary=KEY_4)
2026-09-09 18:40:21,265 [INFO] [49/121] 김포공항 (primary=KEY_1)
2026-09-09 18:40:22,546 [INFO] [50/121] 남대문시장 (primary=KEY_2)
2026-09-09 18:40:23,678 [INFO] [51/121] 노량진 (primary=KEY_3)
2026-09-09 18:40:24,828 [INFO] [52/121] 덕수궁길·정동길 (primary=KEY_4)
2026-09-09 18:40:26,564 [INFO] [53/121] 북창동 먹자골목 (primary=KEY_1)
2026-09-09 18:40:27,672 [INFO] [54/121] 북촌한옥마을 (primary=KEY_2)
2026-09-09 18:40:28,938 [INFO] [55/121] 서촌 (primary=KEY_3)
2026-09-09 18:40:30,089 [INFO] [56/121] 성수카페거리 (primary=KEY_4)
2026-09-09 18:40:32,046 [INFO] [57/121] 송리단길·호수단길 (primary=KEY_1)
2026-09-09 18:40:33,757 [INFO] [58/121] 신촌 스타광장 (primary=KEY_2)
2026-09-09 18:40:34,733 [INFO] [59/121] 압구정로데오거리 (primary=KEY_3)
2026-09-09 18:40:35,910 [INFO] [60/121] 여의도 (primary=KEY_4)
2026-09-09 18:40:37,662 [INFO] [61/121] 연남동 (primary=KEY_1)
2026-09-09 18:40:38,797 [INFO] [62/121] 영등포 타임스퀘어 (primary=KEY_2)
2026-09-09 18:40:39,900 [INFO] [63/121] 용리단길 (primary=KEY_3)
2026-09-09 18:40:41,036 [INFO] [64/121] 이태원 앤틱가구거리 (primary=KEY_4)
2026-09-09 18:40:42,177 [INFO] [65/121] 익선동 (primary=KEY_1)
2026-09-09 18:40:43,325 [INFO] [66/121] 인사동 (primary=KEY_2)
2026-09-09 18:40:45,302 [INFO] [67/121] 잠실롯데타워·석촌호수 (primary=KEY_3)
2026-09-09 18:40:47,306 [INFO] [68/121] 창동 신경제 중심지 (primary=KEY_4)
2026-09-09 18:40:48,732 [INFO] [69/121] 청담동 명품거리 (primary=KEY_1)
2026-09-09 18:40:49,868 [INFO] [70/121] 청량리 제기동 일대 전통시장 (primary=KEY_2)
2026-09-09 18:40:51,039 [INFO] [71/121] 해방촌·경리단길 (primary=KEY_3)
2026-09-09 18:40:52,021 [INFO] [72/121] DDP(동대문디자인플라자) (primary=KEY_4)
2026-09-09 18:40:53,160 [INFO] [73/121] DMC(디지털미디어시티) (primary=KEY_1)
2026-09-09 18:40:54,598 [INFO] [74/121] 가산디지털단지역 (primary=KEY_2)
2026-09-09 18:40:56,141 [INFO] [75/121] 강남역 (primary=KEY_3)
2026-09-09 18:40:57,462 [INFO] [76/121] 건대입구역 (primary=KEY_4)
2026-09-09 18:40:58,611 [INFO] [77/121] 고덕역 (primary=KEY_1)
2026-09-09 18:41:00,310 [INFO] [78/121] 고속터미널역 (primary=KEY_2)
2026-09-09 18:41:01,488 [INFO] [79/121] 교대역 (primary=KEY_3)
2026-09-09 18:41:02,626 [INFO] [80/121] 구로디지털단지역 (primary=KEY_4)
2026-09-09 18:41:04,619 [INFO] [81/121] 구로역 (primary=KEY_1)
2026-09-09 18:41:06,311 [INFO] [82/121] 군자역 (primary=KEY_2)
2026-09-09 18:41:07,753 [INFO] [83/121] 대림역 (primary=KEY_3)
2026-09-09 18:41:09,599 [INFO] [84/121] 동대문역 (primary=KEY_4)
2026-09-09 18:41:10,727 [INFO] [85/121] 뚝섬역 (primary=KEY_1)
2026-09-09 18:41:11,847 [INFO] [86/121] 미아사거리역 (primary=KEY_2)
2026-09-09 18:41:13,100 [INFO] [87/121] 발산역 (primary=KEY_3)
2026-09-09 18:41:14,527 [INFO] [88/121] 사당역 (primary=KEY_4)
2026-09-09 18:41:15,654 [INFO] [89/121] 삼각지역 (primary=KEY_1)
2026-09-09 18:41:16,777 [INFO] [90/121] 서울대입구역 (primary=KEY_2)
2026-09-09 18:41:17,933 [INFO] [91/121] 서울식물원·마곡나루역 (primary=KEY_3)
2026-09-09 18:41:19,229 [INFO] [92/121] 서울역 (primary=KEY_4)
2026-09-09 18:41:20,528 [INFO] [93/121] 선릉역 (primary=KEY_1)
2026-09-09 18:41:22,572 [INFO] [94/121] 성신여대입구역 (primary=KEY_2)
2026-09-09 18:41:23,578 [INFO] [95/121] 수유역 (primary=KEY_3)
2026-09-09 18:41:25,345 [INFO] [96/121] 숭례문 (primary=KEY_4)
2026-09-09 18:41:26,531 [INFO] [97/121] 시의회 앞 (primary=KEY_1)
2026-09-09 18:41:28,382 [INFO] [98/121] 신논현역·논현역 (primary=KEY_2)
2026-09-09 18:41:29,548 [INFO] [99/121] 신도림역 (primary=KEY_3)
2026-09-09 18:41:30,549 [INFO] [100/121] 신림역 (primary=KEY_4)
2026-09-09 18:41:31,671 [INFO] [101/121] 신정네거리역 (primary=KEY_1)
2026-09-09 18:41:32,815 [INFO] [102/121] 신촌·이대역 (primary=KEY_2)
2026-09-09 18:41:33,989 [INFO] [103/121] 쌍문역 (primary=KEY_3)
2026-09-09 18:41:35,104 [INFO] [104/121] 양재역 (primary=KEY_4)
2026-09-09 18:41:36,255 [INFO] [105/121] 역삼역 (primary=KEY_1)
2026-09-09 18:41:37,531 [INFO] [106/121] 연신내역 (primary=KEY_2)
2026-09-09 18:41:38,518 [INFO] [107/121] 오목교역·목동운동장 (primary=KEY_3)
2026-09-09 18:41:40,099 [INFO] [108/121] 왕십리역 (primary=KEY_4)
2026-09-09 18:41:41,422 [INFO] [109/121] 용산역 (primary=KEY_1)
2026-09-09 18:41:42,690 [INFO] [110/121] 이태원역 (primary=KEY_2)
2026-09-09 18:41:43,691 [INFO] [111/121] 잠실새내역 (primary=KEY_3)
2026-09-09 18:41:44,876 [INFO] [112/121] 잠실역 (primary=KEY_4)
2026-09-09 18:41:46,916 [INFO] [113/121] 장지역 (primary=KEY_1)
2026-09-09 18:41:48,224 [INFO] [114/121] 장한평역 (primary=KEY_2)
2026-09-09 18:41:49,352 [INFO] [115/121] 천호역 (primary=KEY_3)
2026-09-09 18:41:50,617 [INFO] [116/121] 총신대입구(이수)역 (primary=KEY_4)
2026-09-09 18:41:51,771 [INFO] [117/121] 충정로역 (primary=KEY_1)
2026-09-09 18:41:53,765 [INFO] [118/121] 합정역 (primary=KEY_2)
2026-09-09 18:41:54,974 [INFO] [119/121] 혜화역 (primary=KEY_3)
2026-09-09 18:41:56,122 [INFO] [120/121] 홍대입구역(2호선) (primary=KEY_4)
2026-09-09 18:41:57,403 [INFO] [121/121] 회기역 (primary=KEY_1)
2026-09-09 18:41:59,619 [INFO] === 수집 완료 | 성공 121, 실패 0 ===
2026-09-09 18:41:59,619 [INFO] 카테고리별 저장 결과:
2026-09-09 18:41:59,619 [INFO]    accident                  | 신규     3행 | 누적     15행 | 16컬럼
2026-09-09 18:41:59,619 [INFO]    area_meta                 | 신규   121행 | 누적    605행 | 5컬럼
2026-09-09 18:41:59,619 [INFO]    bike                      | 신규    10행 | 누적     50행 | 12컬럼
2026-09-09 18:41:59,619 [INFO]    bike_sbike_stts           | 신규   575행 | 누적   2868행 | 12컬럼
2026-09-09 18:41:59,619 [INFO]    bus                       | 신규     3행 | 누적     15행 | 11컬럼
2026-09-09 18:41:59,619 [INFO]    bus_bus_stn_stts          | 신규  1745행 | 누적   8725행 | 11컬럼
2026-09-09 18:41:59,619 [INFO]    charger                   | 신규     4행 | 누적     20행 | 15컬럼
2026-09-09 18:41:59,619 [INFO]    charger_charger_stts      | 신규  1919행 | 누적   9530행 | 15컬럼
2026-09-09 18:41:59,619 [INFO]    cmrcl                     | 신규    82행 | 누적    410행 | 20컬럼
2026-09-09 18:41:59,619 [INFO]    events                    | 신규    17행 | 누적     83행 | 14컬럼
2026-09-09 18:41:59,619 [INFO]    events_event_stts         | 신규   107행 | 누적    531행 | 14컬럼
2026-09-09 18:41:59,619 [INFO]    parking                   | 신규     6행 | 누적     30행 | 21컬럼
2026-09-09 18:41:59,619 [INFO]    parking_prk_stts          | 신규  1829행 | 누적   9137행 | 21컬럼
2026-09-09 18:41:59,620 [INFO]    ppltn                     | 신규   121행 | 누적    605행 | 26컬럼
2026-09-09 18:41:59,620 [INFO]    road                      | 신규   121행 | 누적    605행 | 21컬럼
2026-09-09 18:41:59,620 [INFO]    road_road_traffic_stts    | 신규  5296행 | 누적  26480행 | 17컬럼
2026-09-09 18:41:59,620 [INFO]    subway                    | 신규    38행 | 누적    190행 | 12컬럼
2026-09-09 18:41:59,620 [INFO]    subway_sub_stts           | 신규   183행 | 누적    915행 | 13컬럼
2026-09-09 18:41:59,620 [INFO]    weather                   | 신규   119행 | 누적    595행 | 29컬럼
2026-09-09 18:41:59,620 [INFO] 키별 사용량:
2026-09-09 18:41:59,620 [INFO]    🟢 KEY_1 (31/1000) 
2026-09-09 18:41:59,620 [INFO]    🟢 KEY_2 (30/1000) 
2026-09-09 18:41:59,620 [INFO]    🟢 KEY_3 (30/1000) 
2026-09-09 18:41:59,620 [INFO]    🟢 KEY_4 (30/1000) 
