2026-08-07 00:24:52,034 [INFO] 등록된 키: 4개, 합산 한도 4,000건/일
2026-08-07 00:24:52,035 [INFO] POI 로드: 매뉴얼 v8.5 기준 fallback 121개 (121개 전체)
2026-08-07 00:24:52,035 [INFO] === 수집 시작 2026-08-07T00:24:52.035597+09:00 ===
2026-08-07 00:24:52,035 [INFO] 대상 장소: 121개 | API: citydata (통합)
2026-08-07 00:24:52,035 [INFO] 키 풀: 4/4 활성 | 오늘 사용 0/4000건
2026-08-07 00:24:52,035 [INFO]   [KEY_1] 담당 31장소
2026-08-07 00:24:52,035 [INFO]   [KEY_2] 담당 30장소
2026-08-07 00:24:52,036 [INFO]   [KEY_3] 담당 30장소
2026-08-07 00:24:52,036 [INFO]   [KEY_4] 담당 30장소
2026-08-07 00:24:52,036 [INFO] [1/121] 경복궁 (primary=KEY_1)
2026-08-07 00:24:54,382 [INFO] [2/121] 광화문·덕수궁 (primary=KEY_2)
2026-08-07 00:24:56,119 [INFO] [3/121] 보신각 (primary=KEY_3)
2026-08-07 00:24:58,235 [INFO] [4/121] 서울 암사동 유적 (primary=KEY_4)
2026-08-07 00:25:00,498 [INFO] [5/121] 창덕궁·종묘 (primary=KEY_1)
2026-08-07 00:25:02,624 [INFO] [6/121] 강남 MICE 관광특구 (primary=KEY_2)
2026-08-07 00:25:04,571 [INFO] [7/121] 동대문 관광특구 (primary=KEY_3)
2026-08-07 00:25:06,904 [INFO] [8/121] 명동 관광특구 (primary=KEY_4)
2026-08-07 00:25:08,893 [INFO] [9/121] 이태원 관광특구 (primary=KEY_1)
2026-08-07 00:25:10,268 [INFO] [10/121] 잠실 관광특구 (primary=KEY_2)
2026-08-07 00:25:12,617 [INFO] [11/121] 종로·청계 관광특구 (primary=KEY_3)
2026-08-07 00:25:14,985 [INFO] [12/121] 홍대 관광특구 (primary=KEY_4)
2026-08-07 00:25:16,560 [INFO] [13/121] 강서한강공원 (primary=KEY_1)
2026-08-07 00:25:18,640 [INFO] [14/121] 고척돔 (primary=KEY_2)
2026-08-07 00:25:20,537 [INFO] [15/121] 광나루한강공원 (primary=KEY_3)
2026-08-07 00:25:21,851 [INFO] [16/121] 광화문광장 (primary=KEY_4)
2026-08-07 00:25:23,952 [INFO] [17/121] 국립중앙박물관·용산가족공원 (primary=KEY_1)
2026-08-07 00:25:25,689 [INFO] [18/121] 난지한강공원 (primary=KEY_2)
2026-08-07 00:25:27,582 [INFO] [19/121] 남산공원 (primary=KEY_3)
2026-08-07 00:25:29,331 [INFO] [20/121] 노들섬 (primary=KEY_4)
2026-08-07 00:25:31,218 [INFO] [21/121] 뚝섬한강공원 (primary=KEY_1)
2026-08-07 00:25:32,369 [INFO] [22/121] 망원한강공원 (primary=KEY_2)
2026-08-07 00:25:34,656 [INFO] [23/121] 반포한강공원 (primary=KEY_3)
2026-08-07 00:25:36,542 [INFO] [24/121] 보라매공원 (primary=KEY_4)
2026-08-07 00:25:38,441 [INFO] [25/121] 북서울꿈의숲 (primary=KEY_1)
2026-08-07 00:25:39,812 [INFO] [26/121] 서대문독립공원 (primary=KEY_2)
2026-08-07 00:25:41,003 [INFO] [27/121] 서리풀공원·몽마르뜨공원 (primary=KEY_3)
2026-08-07 00:25:43,131 [INFO] [28/121] 서울대공원 (primary=KEY_4)
2026-08-07 00:25:45,377 [INFO] [29/121] 서울숲공원 (primary=KEY_1)
2026-08-07 00:25:46,747 [INFO] [30/121] 송현녹지광장 (primary=KEY_2)
2026-08-07 00:25:49,245 [INFO] [31/121] 아차산 (primary=KEY_3)
2026-08-07 00:25:50,380 [INFO] [32/121] 안양천 (primary=KEY_4)
2026-08-07 00:25:52,305 [INFO] [33/121] 양화한강공원 (primary=KEY_1)
2026-08-07 00:25:54,225 [INFO] [34/121] 어린이대공원 (primary=KEY_2)
2026-08-07 00:25:56,331 [INFO] [35/121] 여의도한강공원 (primary=KEY_3)
2026-08-07 00:25:57,656 [INFO] [36/121] 여의서로 (primary=KEY_4)
2026-08-07 00:26:00,105 [INFO] [37/121] 올림픽공원 (primary=KEY_1)
2026-08-07 00:26:02,437 [INFO] [38/121] 월드컵공원 (primary=KEY_2)
2026-08-07 00:26:04,729 [INFO] [39/121] 응봉산 (primary=KEY_3)
2026-08-07 00:26:07,179 [INFO] [40/121] 이촌한강공원 (primary=KEY_4)
2026-08-07 00:26:08,306 [INFO] [41/121] 잠실종합운동장 (primary=KEY_1)
2026-08-07 00:26:09,460 [INFO] [42/121] 잠실한강공원 (primary=KEY_2)
2026-08-07 00:26:11,812 [INFO] [43/121] 잠원한강공원 (primary=KEY_3)
2026-08-07 00:26:12,962 [INFO] [44/121] 청계산 (primary=KEY_4)
2026-08-07 00:26:14,088 [INFO] [45/121] 홍제폭포 (primary=KEY_1)
2026-08-07 00:26:15,405 [INFO] [46/121] 가락시장 (primary=KEY_2)
2026-08-07 00:26:18,663 [INFO] [47/121] 가로수길 (primary=KEY_3)
2026-08-07 00:26:20,016 [INFO] [48/121] 광장(전통)시장 (primary=KEY_4)
2026-08-07 00:26:21,162 [INFO] [49/121] 김포공항 (primary=KEY_1)
2026-08-07 00:26:22,700 [INFO] [50/121] 남대문시장 (primary=KEY_2)
2026-08-07 00:26:24,819 [INFO] [51/121] 노량진 (primary=KEY_3)
2026-08-07 00:26:26,197 [INFO] [52/121] 덕수궁길·정동길 (primary=KEY_4)
2026-08-07 00:26:27,560 [INFO] [53/121] 북창동 먹자골목 (primary=KEY_1)
2026-08-07 00:26:28,888 [INFO] [54/121] 북촌한옥마을 (primary=KEY_2)
2026-08-07 00:26:30,429 [INFO] [55/121] 서촌 (primary=KEY_3)
2026-08-07 00:26:32,752 [INFO] [56/121] 성수카페거리 (primary=KEY_4)
2026-08-07 00:26:35,286 [INFO] [57/121] 송리단길·호수단길 (primary=KEY_1)
2026-08-07 00:26:36,655 [INFO] [58/121] 신촌 스타광장 (primary=KEY_2)
2026-08-07 00:26:37,808 [INFO] [59/121] 압구정로데오거리 (primary=KEY_3)
2026-08-07 00:26:39,153 [INFO] [60/121] 여의도 (primary=KEY_4)
2026-08-07 00:26:41,387 [INFO] [61/121] 연남동 (primary=KEY_1)
2026-08-07 00:26:42,734 [INFO] [62/121] 영등포 타임스퀘어 (primary=KEY_2)
2026-08-07 00:26:44,838 [INFO] [63/121] 용리단길 (primary=KEY_3)
2026-08-07 00:26:46,036 [INFO] [64/121] 이태원 앤틱가구거리 (primary=KEY_4)
2026-08-07 00:26:47,379 [INFO] [65/121] 익선동 (primary=KEY_1)
2026-08-07 00:26:48,770 [INFO] [66/121] 인사동 (primary=KEY_2)
2026-08-07 00:26:50,343 [INFO] [67/121] 잠실롯데타워·석촌호수 (primary=KEY_3)
2026-08-07 00:26:52,092 [INFO] [68/121] 창동 신경제 중심지 (primary=KEY_4)
2026-08-07 00:26:53,825 [INFO] [69/121] 청담동 명품거리 (primary=KEY_1)
2026-08-07 00:26:55,165 [INFO] [70/121] 청량리 제기동 일대 전통시장 (primary=KEY_2)
2026-08-07 00:26:57,301 [INFO] [71/121] 해방촌·경리단길 (primary=KEY_3)
2026-08-07 00:26:58,510 [INFO] [72/121] DDP(동대문디자인플라자) (primary=KEY_4)
2026-08-07 00:26:59,890 [INFO] [73/121] DMC(디지털미디어시티) (primary=KEY_1)
2026-08-07 00:27:01,717 [INFO] [74/121] 가산디지털단지역 (primary=KEY_2)
2026-08-07 00:27:03,657 [INFO] [75/121] 강남역 (primary=KEY_3)
2026-08-07 00:27:05,248 [INFO] [76/121] 건대입구역 (primary=KEY_4)
2026-08-07 00:27:07,290 [INFO] [77/121] 고덕역 (primary=KEY_1)
2026-08-07 00:27:08,622 [INFO] [78/121] 고속터미널역 (primary=KEY_2)
2026-08-07 00:27:10,013 [INFO] [79/121] 교대역 (primary=KEY_3)
2026-08-07 00:27:11,365 [INFO] [80/121] 구로디지털단지역 (primary=KEY_4)
2026-08-07 00:27:13,129 [INFO] [81/121] 구로역 (primary=KEY_1)
2026-08-07 00:27:14,471 [INFO] [82/121] 군자역 (primary=KEY_2)
2026-08-07 00:27:15,833 [INFO] [83/121] 대림역 (primary=KEY_3)
2026-08-07 00:27:17,227 [INFO] [84/121] 동대문역 (primary=KEY_4)
2026-08-07 00:27:18,598 [INFO] [85/121] 뚝섬역 (primary=KEY_1)
2026-08-07 00:27:19,981 [INFO] [86/121] 미아사거리역 (primary=KEY_2)
2026-08-07 00:27:21,336 [INFO] [87/121] 발산역 (primary=KEY_3)
2026-08-07 00:27:23,073 [INFO] [88/121] 사당역 (primary=KEY_4)
2026-08-07 00:27:24,430 [INFO] [89/121] 삼각지역 (primary=KEY_1)
2026-08-07 00:27:25,814 [INFO] [90/121] 서울대입구역 (primary=KEY_2)
2026-08-07 00:27:27,195 [INFO] [91/121] 서울식물원·마곡나루역 (primary=KEY_3)
2026-08-07 00:27:28,752 [INFO] [92/121] 서울역 (primary=KEY_4)
2026-08-07 00:27:30,336 [INFO] [93/121] 선릉역 (primary=KEY_1)
2026-08-07 00:27:33,234 [INFO] [94/121] 성신여대입구역 (primary=KEY_2)
2026-08-07 00:27:35,078 [INFO] [95/121] 수유역 (primary=KEY_3)
2026-08-07 00:27:36,422 [INFO] [96/121] 숭례문 (primary=KEY_4)
2026-08-07 00:27:37,960 [INFO] [97/121] 시의회 앞 (primary=KEY_1)
2026-08-07 00:27:39,326 [INFO] [98/121] 신논현역·논현역 (primary=KEY_2)
2026-08-07 00:27:40,688 [INFO] [99/121] 신도림역 (primary=KEY_3)
2026-08-07 00:27:41,899 [INFO] [100/121] 신림역 (primary=KEY_4)
2026-08-07 00:27:43,249 [INFO] [101/121] 신정네거리역 (primary=KEY_1)
2026-08-07 00:27:44,591 [INFO] [102/121] 신촌·이대역 (primary=KEY_2)
2026-08-07 00:27:45,965 [INFO] [103/121] 쌍문역 (primary=KEY_3)
2026-08-07 00:27:47,316 [INFO] [104/121] 양재역 (primary=KEY_4)
2026-08-07 00:27:48,671 [INFO] [105/121] 역삼역 (primary=KEY_1)
2026-08-07 00:27:50,209 [INFO] [106/121] 연신내역 (primary=KEY_2)
2026-08-07 00:27:51,394 [INFO] [107/121] 오목교역·목동운동장 (primary=KEY_3)
2026-08-07 00:27:53,377 [INFO] [108/121] 왕십리역 (primary=KEY_4)
2026-08-07 00:27:54,986 [INFO] [109/121] 용산역 (primary=KEY_1)
2026-08-07 00:27:56,525 [INFO] [110/121] 이태원역 (primary=KEY_2)
2026-08-07 00:27:57,688 [INFO] [111/121] 잠실새내역 (primary=KEY_3)
2026-08-07 00:28:00,233 [INFO] [112/121] 잠실역 (primary=KEY_4)
2026-08-07 00:28:01,818 [INFO] [113/121] 장지역 (primary=KEY_1)
2026-08-07 00:28:03,364 [INFO] [114/121] 장한평역 (primary=KEY_2)
2026-08-07 00:28:04,731 [INFO] [115/121] 천호역 (primary=KEY_3)
2026-08-07 00:28:06,133 [INFO] [116/121] 총신대입구(이수)역 (primary=KEY_4)
2026-08-07 00:28:07,491 [INFO] [117/121] 충정로역 (primary=KEY_1)
2026-08-07 00:28:08,871 [INFO] [118/121] 합정역 (primary=KEY_2)
2026-08-07 00:28:10,240 [INFO] [119/121] 혜화역 (primary=KEY_3)
2026-08-07 00:28:11,588 [INFO] [120/121] 홍대입구역(2호선) (primary=KEY_4)
2026-08-07 00:28:12,978 [INFO] [121/121] 회기역 (primary=KEY_1)
2026-08-07 00:28:14,813 [INFO] === 수집 완료 | 성공 121, 실패 0 ===
2026-08-07 00:28:14,813 [INFO] 카테고리별 저장 결과:
2026-08-07 00:28:14,813 [INFO]    accident                  | 신규     2행 | 누적      2행 | 16컬럼
2026-08-07 00:28:14,813 [INFO]    area_meta                 | 신규   121행 | 누적    121행 | 5컬럼
2026-08-07 00:28:14,813 [INFO]    bike                      | 신규    11행 | 누적     11행 | 12컬럼
2026-08-07 00:28:14,813 [INFO]    bike_sbike_stts           | 신규   565행 | 누적    565행 | 12컬럼
2026-08-07 00:28:14,813 [INFO]    bus                       | 신규     3행 | 누적      3행 | 11컬럼
2026-08-07 00:28:14,813 [INFO]    bus_bus_stn_stts          | 신규  1745행 | 누적   1745행 | 11컬럼
2026-08-07 00:28:14,813 [INFO]    charger                   | 신규     4행 | 누적      4행 | 15컬럼
2026-08-07 00:28:14,813 [INFO]    charger_charger_stts      | 신규  1931행 | 누적   1931행 | 15컬럼
2026-08-07 00:28:14,813 [INFO]    cmrcl                     | 신규    82행 | 누적     82행 | 20컬럼
2026-08-07 00:28:14,813 [INFO]    events                    | 신규    15행 | 누적     15행 | 14컬럼
2026-08-07 00:28:14,813 [INFO]    events_event_stts         | 신규   139행 | 누적    139행 | 14컬럼
2026-08-07 00:28:14,813 [INFO]    parking                   | 신규     6행 | 누적      6행 | 21컬럼
2026-08-07 00:28:14,813 [INFO]    parking_prk_stts          | 신규  1834행 | 누적   1834행 | 21컬럼
2026-08-07 00:28:14,813 [INFO]    ppltn                     | 신규   121행 | 누적    121행 | 26컬럼
2026-08-07 00:28:14,813 [INFO]    road                      | 신규   121행 | 누적    121행 | 21컬럼
2026-08-07 00:28:14,814 [INFO]    road_road_traffic_stts    | 신규  5283행 | 누적   5283행 | 17컬럼
2026-08-07 00:28:14,814 [INFO]    subway                    | 신규    38행 | 누적     38행 | 12컬럼
2026-08-07 00:28:14,814 [INFO]    subway_sub_stts           | 신규   183행 | 누적    183행 | 13컬럼
2026-08-07 00:28:14,814 [INFO]    weather                   | 신규   119행 | 누적    119행 | 29컬럼
2026-08-07 00:28:14,814 [INFO] 키별 사용량:
2026-08-07 00:28:14,814 [INFO]    🟢 KEY_1 (31/1000) 
2026-08-07 00:28:14,814 [INFO]    🟢 KEY_2 (30/1000) 
2026-08-07 00:28:14,814 [INFO]    🟢 KEY_3 (30/1000) 
2026-08-07 00:28:14,814 [INFO]    🟢 KEY_4 (30/1000) 
