2026-09-16 03:09:58,540 [INFO] 등록된 키: 4개, 합산 한도 4,000건/일
2026-09-16 03:09:58,541 [INFO] POI 로드: 매뉴얼 v8.5 기준 fallback 121개 (121개 전체)
2026-09-16 03:09:58,541 [INFO] === 수집 시작 2026-09-16T03:09:58.541386+09:00 ===
2026-09-16 03:09:58,541 [INFO] 대상 장소: 121개 | API: citydata (통합)
2026-09-16 03:09:58,541 [INFO] 키 풀: 4/4 활성 | 오늘 사용 0/4000건
2026-09-16 03:09:58,541 [INFO]   [KEY_1] 담당 31장소
2026-09-16 03:09:58,541 [INFO]   [KEY_2] 담당 30장소
2026-09-16 03:09:58,541 [INFO]   [KEY_3] 담당 30장소
2026-09-16 03:09:58,541 [INFO]   [KEY_4] 담당 30장소
2026-09-16 03:09:58,541 [INFO] [1/121] 경복궁 (primary=KEY_1)
2026-09-16 03:10:00,302 [INFO] [2/121] 광화문·덕수궁 (primary=KEY_2)
2026-09-16 03:10:02,305 [INFO] [3/121] 보신각 (primary=KEY_3)
2026-09-16 03:10:04,410 [INFO] [4/121] 서울 암사동 유적 (primary=KEY_4)
2026-09-16 03:10:06,147 [INFO] [5/121] 창덕궁·종묘 (primary=KEY_1)
2026-09-16 03:10:08,042 [INFO] [6/121] 강남 MICE 관광특구 (primary=KEY_2)
2026-09-16 03:10:09,307 [INFO] [7/121] 동대문 관광특구 (primary=KEY_3)
2026-09-16 03:10:11,608 [INFO] [8/121] 명동 관광특구 (primary=KEY_4)
2026-09-16 03:10:13,240 [INFO] [9/121] 이태원 관광특구 (primary=KEY_1)
2026-09-16 03:10:14,477 [INFO] [10/121] 잠실 관광특구 (primary=KEY_2)
2026-09-16 03:10:16,781 [INFO] [11/121] 종로·청계 관광특구 (primary=KEY_3)
2026-09-16 03:10:19,078 [INFO] [12/121] 홍대 관광특구 (primary=KEY_4)
2026-09-16 03:10:20,499 [INFO] [13/121] 강서한강공원 (primary=KEY_1)
2026-09-16 03:10:21,562 [INFO] [14/121] 고척돔 (primary=KEY_2)
2026-09-16 03:10:22,618 [INFO] [15/121] 광나루한강공원 (primary=KEY_3)
2026-09-16 03:10:24,494 [INFO] [16/121] 광화문광장 (primary=KEY_4)
2026-09-16 03:10:25,912 [INFO] [17/121] 국립중앙박물관·용산가족공원 (primary=KEY_1)
2026-09-16 03:10:26,995 [INFO] [18/121] 난지한강공원 (primary=KEY_2)
2026-09-16 03:10:28,054 [INFO] [19/121] 남산공원 (primary=KEY_3)
2026-09-16 03:10:30,146 [INFO] [20/121] 노들섬 (primary=KEY_4)
2026-09-16 03:10:31,214 [INFO] [21/121] 뚝섬한강공원 (primary=KEY_1)
2026-09-16 03:10:33,134 [INFO] [22/121] 망원한강공원 (primary=KEY_2)
2026-09-16 03:10:34,690 [INFO] [23/121] 반포한강공원 (primary=KEY_3)
2026-09-16 03:10:36,728 [INFO] [24/121] 보라매공원 (primary=KEY_4)
2026-09-16 03:10:37,814 [INFO] [25/121] 북서울꿈의숲 (primary=KEY_1)
2026-09-16 03:10:39,920 [INFO] [26/121] 서대문독립공원 (primary=KEY_2)
2026-09-16 03:10:41,009 [INFO] [27/121] 서리풀공원·몽마르뜨공원 (primary=KEY_3)
2026-09-16 03:10:42,115 [INFO] [28/121] 서울대공원 (primary=KEY_4)
2026-09-16 03:10:43,164 [INFO] [29/121] 서울숲공원 (primary=KEY_1)
2026-09-16 03:10:44,426 [INFO] [30/121] 송현녹지광장 (primary=KEY_2)
2026-09-16 03:10:45,666 [INFO] [31/121] 아차산 (primary=KEY_3)
2026-09-16 03:10:47,401 [INFO] [32/121] 안양천 (primary=KEY_4)
2026-09-16 03:10:48,482 [INFO] [33/121] 양화한강공원 (primary=KEY_1)
2026-09-16 03:10:49,537 [INFO] [34/121] 어린이대공원 (primary=KEY_2)
2026-09-16 03:10:50,777 [INFO] [35/121] 여의도한강공원 (primary=KEY_3)
2026-09-16 03:10:53,015 [INFO] [36/121] 여의서로 (primary=KEY_4)
2026-09-16 03:10:54,239 [INFO] [37/121] 올림픽공원 (primary=KEY_1)
2026-09-16 03:10:56,375 [INFO] [38/121] 월드컵공원 (primary=KEY_2)
2026-09-16 03:10:57,802 [INFO] [39/121] 응봉산 (primary=KEY_3)
2026-09-16 03:10:59,019 [INFO] [40/121] 이촌한강공원 (primary=KEY_4)
2026-09-16 03:11:00,106 [INFO] [41/121] 잠실종합운동장 (primary=KEY_1)
2026-09-16 03:11:01,175 [INFO] [42/121] 잠실한강공원 (primary=KEY_2)
2026-09-16 03:11:02,936 [INFO] [43/121] 잠원한강공원 (primary=KEY_3)
2026-09-16 03:11:03,994 [INFO] [44/121] 청계산 (primary=KEY_4)
2026-09-16 03:11:05,054 [INFO] [45/121] 홍제폭포 (primary=KEY_1)
2026-09-16 03:11:06,111 [INFO] [46/121] 가락시장 (primary=KEY_2)
2026-09-16 03:11:07,390 [INFO] [47/121] 가로수길 (primary=KEY_3)
2026-09-16 03:11:08,645 [INFO] [48/121] 광장(전통)시장 (primary=KEY_4)
2026-09-16 03:11:10,393 [INFO] [49/121] 김포공항 (primary=KEY_1)
2026-09-16 03:11:11,799 [INFO] [50/121] 남대문시장 (primary=KEY_2)
2026-09-16 03:11:13,029 [INFO] [51/121] 노량진 (primary=KEY_3)
2026-09-16 03:11:14,296 [INFO] [52/121] 덕수궁길·정동길 (primary=KEY_4)
2026-09-16 03:11:15,537 [INFO] [53/121] 북창동 먹자골목 (primary=KEY_1)
2026-09-16 03:11:16,759 [INFO] [54/121] 북촌한옥마을 (primary=KEY_2)
2026-09-16 03:11:18,191 [INFO] [55/121] 서촌 (primary=KEY_3)
2026-09-16 03:11:19,412 [INFO] [56/121] 성수카페거리 (primary=KEY_4)
2026-09-16 03:11:20,828 [INFO] [57/121] 송리단길·호수단길 (primary=KEY_1)
2026-09-16 03:11:22,069 [INFO] [58/121] 신촌 스타광장 (primary=KEY_2)
2026-09-16 03:11:23,160 [INFO] [59/121] 압구정로데오거리 (primary=KEY_3)
2026-09-16 03:11:25,414 [INFO] [60/121] 여의도 (primary=KEY_4)
2026-09-16 03:11:27,393 [INFO] [61/121] 연남동 (primary=KEY_1)
2026-09-16 03:11:28,613 [INFO] [62/121] 영등포 타임스퀘어 (primary=KEY_2)
2026-09-16 03:11:29,848 [INFO] [63/121] 용리단길 (primary=KEY_3)
2026-09-16 03:11:30,968 [INFO] [64/121] 이태원 앤틱가구거리 (primary=KEY_4)
2026-09-16 03:11:32,077 [INFO] [65/121] 익선동 (primary=KEY_1)
2026-09-16 03:11:33,322 [INFO] [66/121] 인사동 (primary=KEY_2)
2026-09-16 03:11:34,741 [INFO] [67/121] 잠실롯데타워·석촌호수 (primary=KEY_3)
2026-09-16 03:11:36,335 [INFO] [68/121] 창동 신경제 중심지 (primary=KEY_4)
2026-09-16 03:11:37,938 [INFO] [69/121] 청담동 명품거리 (primary=KEY_1)
2026-09-16 03:11:39,207 [INFO] [70/121] 청량리 제기동 일대 전통시장 (primary=KEY_2)
2026-09-16 03:11:40,493 [INFO] [71/121] 해방촌·경리단길 (primary=KEY_3)
2026-09-16 03:11:41,607 [INFO] [72/121] DDP(동대문디자인플라자) (primary=KEY_4)
2026-09-16 03:11:42,857 [INFO] [73/121] DMC(디지털미디어시티) (primary=KEY_1)
2026-09-16 03:11:44,470 [INFO] [74/121] 가산디지털단지역 (primary=KEY_2)
2026-09-16 03:11:46,274 [INFO] [75/121] 강남역 (primary=KEY_3)
2026-09-16 03:11:47,719 [INFO] [76/121] 건대입구역 (primary=KEY_4)
2026-09-16 03:11:48,974 [INFO] [77/121] 고덕역 (primary=KEY_1)
2026-09-16 03:11:50,216 [INFO] [78/121] 고속터미널역 (primary=KEY_2)
2026-09-16 03:11:51,505 [INFO] [79/121] 교대역 (primary=KEY_3)
2026-09-16 03:11:52,633 [INFO] [80/121] 구로디지털단지역 (primary=KEY_4)
2026-09-16 03:11:54,203 [INFO] [81/121] 구로역 (primary=KEY_1)
2026-09-16 03:11:55,438 [INFO] [82/121] 군자역 (primary=KEY_2)
2026-09-16 03:11:56,528 [INFO] [83/121] 대림역 (primary=KEY_3)
2026-09-16 03:11:57,773 [INFO] [84/121] 동대문역 (primary=KEY_4)
2026-09-16 03:11:59,036 [INFO] [85/121] 뚝섬역 (primary=KEY_1)
2026-09-16 03:12:00,314 [INFO] [86/121] 미아사거리역 (primary=KEY_2)
2026-09-16 03:12:01,555 [INFO] [87/121] 발산역 (primary=KEY_3)
2026-09-16 03:12:03,124 [INFO] [88/121] 사당역 (primary=KEY_4)
2026-09-16 03:12:04,355 [INFO] [89/121] 삼각지역 (primary=KEY_1)
2026-09-16 03:12:05,440 [INFO] [90/121] 서울대입구역 (primary=KEY_2)
2026-09-16 03:12:06,691 [INFO] [91/121] 서울식물원·마곡나루역 (primary=KEY_3)
2026-09-16 03:12:08,131 [INFO] [92/121] 서울역 (primary=KEY_4)
2026-09-16 03:12:09,418 [INFO] [93/121] 선릉역 (primary=KEY_1)
2026-09-16 03:12:11,011 [INFO] [94/121] 성신여대입구역 (primary=KEY_2)
2026-09-16 03:12:12,093 [INFO] [95/121] 수유역 (primary=KEY_3)
2026-09-16 03:12:13,336 [INFO] [96/121] 숭례문 (primary=KEY_4)
2026-09-16 03:12:14,604 [INFO] [97/121] 시의회 앞 (primary=KEY_1)
2026-09-16 03:12:15,881 [INFO] [98/121] 신논현역·논현역 (primary=KEY_2)
2026-09-16 03:12:17,140 [INFO] [99/121] 신도림역 (primary=KEY_3)
2026-09-16 03:12:18,209 [INFO] [100/121] 신림역 (primary=KEY_4)
2026-09-16 03:12:19,291 [INFO] [101/121] 신정네거리역 (primary=KEY_1)
2026-09-16 03:12:20,512 [INFO] [102/121] 신촌·이대역 (primary=KEY_2)
2026-09-16 03:12:21,783 [INFO] [103/121] 쌍문역 (primary=KEY_3)
2026-09-16 03:12:23,038 [INFO] [104/121] 양재역 (primary=KEY_4)
2026-09-16 03:12:24,290 [INFO] [105/121] 역삼역 (primary=KEY_1)
2026-09-16 03:12:25,697 [INFO] [106/121] 연신내역 (primary=KEY_2)
2026-09-16 03:12:26,821 [INFO] [107/121] 오목교역·목동운동장 (primary=KEY_3)
2026-09-16 03:12:28,561 [INFO] [108/121] 왕십리역 (primary=KEY_4)
2026-09-16 03:12:29,856 [INFO] [109/121] 용산역 (primary=KEY_1)
2026-09-16 03:12:31,304 [INFO] [110/121] 이태원역 (primary=KEY_2)
2026-09-16 03:12:32,383 [INFO] [111/121] 잠실새내역 (primary=KEY_3)
2026-09-16 03:12:33,618 [INFO] [112/121] 잠실역 (primary=KEY_4)
2026-09-16 03:12:35,102 [INFO] [113/121] 장지역 (primary=KEY_1)
2026-09-16 03:12:36,569 [INFO] [114/121] 장한평역 (primary=KEY_2)
2026-09-16 03:12:37,799 [INFO] [115/121] 천호역 (primary=KEY_3)
2026-09-16 03:12:39,084 [INFO] [116/121] 총신대입구(이수)역 (primary=KEY_4)
2026-09-16 03:12:40,342 [INFO] [117/121] 충정로역 (primary=KEY_1)
2026-09-16 03:12:41,589 [INFO] [118/121] 합정역 (primary=KEY_2)
2026-09-16 03:12:42,851 [INFO] [119/121] 혜화역 (primary=KEY_3)
2026-09-16 03:12:44,129 [INFO] [120/121] 홍대입구역(2호선) (primary=KEY_4)
2026-09-16 03:12:45,376 [INFO] [121/121] 회기역 (primary=KEY_1)
2026-09-16 03:12:47,064 [INFO] === 수집 완료 | 성공 121, 실패 0 ===
2026-09-16 03:12:47,064 [INFO] 카테고리별 저장 결과:
2026-09-16 03:12:47,065 [INFO]    area_meta                 | 신규   121행 | 누적    121행 | 5컬럼
2026-09-16 03:12:47,065 [INFO]    bike                      | 신규    10행 | 누적     10행 | 12컬럼
2026-09-16 03:12:47,065 [INFO]    bike_sbike_stts           | 신규   572행 | 누적    572행 | 12컬럼
2026-09-16 03:12:47,065 [INFO]    bus                       | 신규     3행 | 누적      3행 | 11컬럼
2026-09-16 03:12:47,065 [INFO]    bus_bus_stn_stts          | 신규  1745행 | 누적   1745행 | 11컬럼
2026-09-16 03:12:47,065 [INFO]    charger                   | 신규     4행 | 누적      4행 | 15컬럼
2026-09-16 03:12:47,065 [INFO]    charger_charger_stts      | 신규  1915행 | 누적   1915행 | 15컬럼
2026-09-16 03:12:47,065 [INFO]    cmrcl                     | 신규    82행 | 누적     82행 | 20컬럼
2026-09-16 03:12:47,065 [INFO]    events                    | 신규    15행 | 누적     15행 | 14컬럼
2026-09-16 03:12:47,065 [INFO]    events_event_stts         | 신규   123행 | 누적    123행 | 14컬럼
2026-09-16 03:12:47,065 [INFO]    parking                   | 신규     6행 | 누적      6행 | 21컬럼
2026-09-16 03:12:47,065 [INFO]    parking_prk_stts          | 신규  1832행 | 누적   1832행 | 21컬럼
2026-09-16 03:12:47,065 [INFO]    ppltn                     | 신규   121행 | 누적    121행 | 26컬럼
2026-09-16 03:12:47,065 [INFO]    road                      | 신규   121행 | 누적    121행 | 21컬럼
2026-09-16 03:12:47,065 [INFO]    road_road_traffic_stts    | 신규  5298행 | 누적   5298행 | 17컬럼
2026-09-16 03:12:47,065 [INFO]    subway                    | 신규    38행 | 누적     38행 | 12컬럼
2026-09-16 03:12:47,065 [INFO]    subway_sub_stts           | 신규   183행 | 누적    183행 | 13컬럼
2026-09-16 03:12:47,065 [INFO]    weather                   | 신규   119행 | 누적    119행 | 29컬럼
2026-09-16 03:12:47,065 [INFO] 키별 사용량:
2026-09-16 03:12:47,065 [INFO]    🟢 KEY_1 (31/1000) 
2026-09-16 03:12:47,066 [INFO]    🟢 KEY_2 (30/1000) 
2026-09-16 03:12:47,066 [INFO]    🟢 KEY_3 (30/1000) 
2026-09-16 03:12:47,066 [INFO]    🟢 KEY_4 (30/1000) 
