2026-09-10 03:32:16,218 [INFO] 등록된 키: 4개, 합산 한도 4,000건/일
2026-09-10 03:32:16,219 [INFO] POI 로드: 매뉴얼 v8.5 기준 fallback 121개 (121개 전체)
2026-09-10 03:32:16,219 [INFO] === 수집 시작 2026-09-10T03:32:16.219314+09:00 ===
2026-09-10 03:32:16,219 [INFO] 대상 장소: 121개 | API: citydata (통합)
2026-09-10 03:32:16,219 [INFO] 키 풀: 4/4 활성 | 오늘 사용 0/4000건
2026-09-10 03:32:16,219 [INFO]   [KEY_1] 담당 31장소
2026-09-10 03:32:16,219 [INFO]   [KEY_2] 담당 30장소
2026-09-10 03:32:16,219 [INFO]   [KEY_3] 담당 30장소
2026-09-10 03:32:16,219 [INFO]   [KEY_4] 담당 30장소
2026-09-10 03:32:16,219 [INFO] [1/121] 경복궁 (primary=KEY_1)
2026-09-10 03:32:18,532 [INFO] [2/121] 광화문·덕수궁 (primary=KEY_2)
2026-09-10 03:32:21,064 [INFO] [3/121] 보신각 (primary=KEY_3)
2026-09-10 03:32:23,551 [INFO] [4/121] 서울 암사동 유적 (primary=KEY_4)
2026-09-10 03:32:24,693 [INFO] [5/121] 창덕궁·종묘 (primary=KEY_1)
2026-09-10 03:32:27,162 [INFO] [6/121] 강남 MICE 관광특구 (primary=KEY_2)
2026-09-10 03:32:29,277 [INFO] [7/121] 동대문 관광특구 (primary=KEY_3)
2026-09-10 03:32:31,634 [INFO] [8/121] 명동 관광특구 (primary=KEY_4)
2026-09-10 03:32:34,213 [INFO] [9/121] 이태원 관광특구 (primary=KEY_1)
2026-09-10 03:32:36,723 [INFO] [10/121] 잠실 관광특구 (primary=KEY_2)
2026-09-10 03:32:39,268 [INFO] [11/121] 종로·청계 관광특구 (primary=KEY_3)
2026-09-10 03:32:40,869 [INFO] [12/121] 홍대 관광특구 (primary=KEY_4)
2026-09-10 03:32:42,455 [INFO] [13/121] 강서한강공원 (primary=KEY_1)
2026-09-10 03:32:43,585 [INFO] [14/121] 고척돔 (primary=KEY_2)
2026-09-10 03:32:44,744 [INFO] [15/121] 광나루한강공원 (primary=KEY_3)
2026-09-10 03:32:46,835 [INFO] [16/121] 광화문광장 (primary=KEY_4)
2026-09-10 03:32:48,191 [INFO] [17/121] 국립중앙박물관·용산가족공원 (primary=KEY_1)
2026-09-10 03:32:50,322 [INFO] [18/121] 난지한강공원 (primary=KEY_2)
2026-09-10 03:32:52,426 [INFO] [19/121] 남산공원 (primary=KEY_3)
2026-09-10 03:32:54,668 [INFO] [20/121] 노들섬 (primary=KEY_4)
2026-09-10 03:32:55,809 [INFO] [21/121] 뚝섬한강공원 (primary=KEY_1)
2026-09-10 03:32:56,951 [INFO] [22/121] 망원한강공원 (primary=KEY_2)
2026-09-10 03:32:58,489 [INFO] [23/121] 반포한강공원 (primary=KEY_3)
2026-09-10 03:33:00,396 [INFO] [24/121] 보라매공원 (primary=KEY_4)
2026-09-10 03:33:01,550 [INFO] [25/121] 북서울꿈의숲 (primary=KEY_1)
2026-09-10 03:33:03,647 [INFO] [26/121] 서대문독립공원 (primary=KEY_2)
2026-09-10 03:33:04,834 [INFO] [27/121] 서리풀공원·몽마르뜨공원 (primary=KEY_3)
2026-09-10 03:33:06,021 [INFO] [28/121] 서울대공원 (primary=KEY_4)
2026-09-10 03:33:07,148 [INFO] [29/121] 서울숲공원 (primary=KEY_1)
2026-09-10 03:33:08,493 [INFO] [30/121] 송현녹지광장 (primary=KEY_2)
2026-09-10 03:33:11,785 [INFO] [31/121] 아차산 (primary=KEY_3)
2026-09-10 03:33:12,929 [INFO] [32/121] 안양천 (primary=KEY_4)
2026-09-10 03:33:14,069 [INFO] [33/121] 양화한강공원 (primary=KEY_1)
2026-09-10 03:33:16,345 [INFO] [34/121] 어린이대공원 (primary=KEY_2)
2026-09-10 03:33:17,685 [INFO] [35/121] 여의도한강공원 (primary=KEY_3)
2026-09-10 03:33:19,017 [INFO] [36/121] 여의서로 (primary=KEY_4)
2026-09-10 03:33:20,341 [INFO] [37/121] 올림픽공원 (primary=KEY_1)
2026-09-10 03:33:22,484 [INFO] [38/121] 월드컵공원 (primary=KEY_2)
2026-09-10 03:33:24,802 [INFO] [39/121] 응봉산 (primary=KEY_3)
2026-09-10 03:33:26,904 [INFO] [40/121] 이촌한강공원 (primary=KEY_4)
2026-09-10 03:33:28,043 [INFO] [41/121] 잠실종합운동장 (primary=KEY_1)
2026-09-10 03:33:29,194 [INFO] [42/121] 잠실한강공원 (primary=KEY_2)
2026-09-10 03:33:30,337 [INFO] [43/121] 잠원한강공원 (primary=KEY_3)
2026-09-10 03:33:31,479 [INFO] [44/121] 청계산 (primary=KEY_4)
2026-09-10 03:33:32,615 [INFO] [45/121] 홍제폭포 (primary=KEY_1)
2026-09-10 03:33:34,525 [INFO] [46/121] 가락시장 (primary=KEY_2)
2026-09-10 03:33:36,636 [INFO] [47/121] 가로수길 (primary=KEY_3)
2026-09-10 03:33:39,143 [INFO] [48/121] 광장(전통)시장 (primary=KEY_4)
2026-09-10 03:33:40,292 [INFO] [49/121] 김포공항 (primary=KEY_1)
2026-09-10 03:33:41,853 [INFO] [50/121] 남대문시장 (primary=KEY_2)
2026-09-10 03:33:43,196 [INFO] [51/121] 노량진 (primary=KEY_3)
2026-09-10 03:33:45,323 [INFO] [52/121] 덕수궁길·정동길 (primary=KEY_4)
2026-09-10 03:33:46,691 [INFO] [53/121] 북창동 먹자골목 (primary=KEY_1)
2026-09-10 03:33:48,040 [INFO] [54/121] 북촌한옥마을 (primary=KEY_2)
2026-09-10 03:33:49,575 [INFO] [55/121] 서촌 (primary=KEY_3)
2026-09-10 03:33:50,916 [INFO] [56/121] 성수카페거리 (primary=KEY_4)
2026-09-10 03:33:52,467 [INFO] [57/121] 송리단길·호수단길 (primary=KEY_1)
2026-09-10 03:33:53,843 [INFO] [58/121] 신촌 스타광장 (primary=KEY_2)
2026-09-10 03:33:54,996 [INFO] [59/121] 압구정로데오거리 (primary=KEY_3)
2026-09-10 03:33:56,386 [INFO] [60/121] 여의도 (primary=KEY_4)
2026-09-10 03:33:58,627 [INFO] [61/121] 연남동 (primary=KEY_1)
2026-09-10 03:33:59,975 [INFO] [62/121] 영등포 타임스퀘어 (primary=KEY_2)
2026-09-10 03:34:01,319 [INFO] [63/121] 용리단길 (primary=KEY_3)
2026-09-10 03:34:02,500 [INFO] [64/121] 이태원 앤틱가구거리 (primary=KEY_4)
2026-09-10 03:34:03,676 [INFO] [65/121] 익선동 (primary=KEY_1)
2026-09-10 03:34:05,036 [INFO] [66/121] 인사동 (primary=KEY_2)
2026-09-10 03:34:06,594 [INFO] [67/121] 잠실롯데타워·석촌호수 (primary=KEY_3)
2026-09-10 03:34:08,385 [INFO] [68/121] 창동 신경제 중심지 (primary=KEY_4)
2026-09-10 03:34:10,909 [INFO] [69/121] 청담동 명품거리 (primary=KEY_1)
2026-09-10 03:34:12,257 [INFO] [70/121] 청량리 제기동 일대 전통시장 (primary=KEY_2)
2026-09-10 03:34:13,620 [INFO] [71/121] 해방촌·경리단길 (primary=KEY_3)
2026-09-10 03:34:14,830 [INFO] [72/121] DDP(동대문디자인플라자) (primary=KEY_4)
2026-09-10 03:34:16,204 [INFO] [73/121] DMC(디지털미디어시티) (primary=KEY_1)
2026-09-10 03:34:17,980 [INFO] [74/121] 가산디지털단지역 (primary=KEY_2)
2026-09-10 03:34:19,917 [INFO] [75/121] 강남역 (primary=KEY_3)
2026-09-10 03:34:21,527 [INFO] [76/121] 건대입구역 (primary=KEY_4)
2026-09-10 03:34:23,669 [INFO] [77/121] 고덕역 (primary=KEY_1)
2026-09-10 03:34:25,026 [INFO] [78/121] 고속터미널역 (primary=KEY_2)
2026-09-10 03:34:26,401 [INFO] [79/121] 교대역 (primary=KEY_3)
2026-09-10 03:34:27,583 [INFO] [80/121] 구로디지털단지역 (primary=KEY_4)
2026-09-10 03:34:29,317 [INFO] [81/121] 구로역 (primary=KEY_1)
2026-09-10 03:34:30,653 [INFO] [82/121] 군자역 (primary=KEY_2)
2026-09-10 03:34:31,831 [INFO] [83/121] 대림역 (primary=KEY_3)
2026-09-10 03:34:33,199 [INFO] [84/121] 동대문역 (primary=KEY_4)
2026-09-10 03:34:34,560 [INFO] [85/121] 뚝섬역 (primary=KEY_1)
2026-09-10 03:34:35,920 [INFO] [86/121] 미아사거리역 (primary=KEY_2)
2026-09-10 03:34:37,274 [INFO] [87/121] 발산역 (primary=KEY_3)
2026-09-10 03:34:38,845 [INFO] [88/121] 사당역 (primary=KEY_4)
2026-09-10 03:34:40,204 [INFO] [89/121] 삼각지역 (primary=KEY_1)
2026-09-10 03:34:41,368 [INFO] [90/121] 서울대입구역 (primary=KEY_2)
2026-09-10 03:34:42,721 [INFO] [91/121] 서울식물원·마곡나루역 (primary=KEY_3)
2026-09-10 03:34:44,278 [INFO] [92/121] 서울역 (primary=KEY_4)
2026-09-10 03:34:45,659 [INFO] [93/121] 선릉역 (primary=KEY_1)
2026-09-10 03:34:47,426 [INFO] [94/121] 성신여대입구역 (primary=KEY_2)
2026-09-10 03:34:48,607 [INFO] [95/121] 수유역 (primary=KEY_3)
2026-09-10 03:34:49,975 [INFO] [96/121] 숭례문 (primary=KEY_4)
2026-09-10 03:34:51,339 [INFO] [97/121] 시의회 앞 (primary=KEY_1)
2026-09-10 03:34:52,702 [INFO] [98/121] 신논현역·논현역 (primary=KEY_2)
2026-09-10 03:34:54,097 [INFO] [99/121] 신도림역 (primary=KEY_3)
2026-09-10 03:34:55,262 [INFO] [100/121] 신림역 (primary=KEY_4)
2026-09-10 03:34:56,429 [INFO] [101/121] 신정네거리역 (primary=KEY_1)
2026-09-10 03:34:57,778 [INFO] [102/121] 신촌·이대역 (primary=KEY_2)
2026-09-10 03:34:59,132 [INFO] [103/121] 쌍문역 (primary=KEY_3)
2026-09-10 03:35:00,482 [INFO] [104/121] 양재역 (primary=KEY_4)
2026-09-10 03:35:01,819 [INFO] [105/121] 역삼역 (primary=KEY_1)
2026-09-10 03:35:03,358 [INFO] [106/121] 연신내역 (primary=KEY_2)
2026-09-10 03:35:04,536 [INFO] [107/121] 오목교역·목동운동장 (primary=KEY_3)
2026-09-10 03:35:06,481 [INFO] [108/121] 왕십리역 (primary=KEY_4)
2026-09-10 03:35:07,837 [INFO] [109/121] 용산역 (primary=KEY_1)
2026-09-10 03:35:09,457 [INFO] [110/121] 이태원역 (primary=KEY_2)
2026-09-10 03:35:10,599 [INFO] [111/121] 잠실새내역 (primary=KEY_3)
2026-09-10 03:35:11,947 [INFO] [112/121] 잠실역 (primary=KEY_4)
2026-09-10 03:35:13,546 [INFO] [113/121] 장지역 (primary=KEY_1)
2026-09-10 03:35:15,092 [INFO] [114/121] 장한평역 (primary=KEY_2)
2026-09-10 03:35:16,439 [INFO] [115/121] 천호역 (primary=KEY_3)
2026-09-10 03:35:17,796 [INFO] [116/121] 총신대입구(이수)역 (primary=KEY_4)
2026-09-10 03:35:19,139 [INFO] [117/121] 충정로역 (primary=KEY_1)
2026-09-10 03:35:20,512 [INFO] [118/121] 합정역 (primary=KEY_2)
2026-09-10 03:35:22,421 [INFO] [119/121] 혜화역 (primary=KEY_3)
2026-09-10 03:35:23,755 [INFO] [120/121] 홍대입구역(2호선) (primary=KEY_4)
2026-09-10 03:35:25,108 [INFO] [121/121] 회기역 (primary=KEY_1)
2026-09-10 03:35:26,796 [INFO] === 수집 완료 | 성공 121, 실패 0 ===
2026-09-10 03:35:26,796 [INFO] 카테고리별 저장 결과:
2026-09-10 03:35:26,796 [INFO]    area_meta                 | 신규   121행 | 누적    121행 | 5컬럼
2026-09-10 03:35:26,796 [INFO]    bike                      | 신규    10행 | 누적     10행 | 12컬럼
2026-09-10 03:35:26,796 [INFO]    bike_sbike_stts           | 신규   575행 | 누적    575행 | 12컬럼
2026-09-10 03:35:26,796 [INFO]    bus                       | 신규     3행 | 누적      3행 | 11컬럼
2026-09-10 03:35:26,796 [INFO]    bus_bus_stn_stts          | 신규  1745행 | 누적   1745행 | 11컬럼
2026-09-10 03:35:26,796 [INFO]    charger                   | 신규     4행 | 누적      4행 | 15컬럼
2026-09-10 03:35:26,796 [INFO]    charger_charger_stts      | 신규  1919행 | 누적   1919행 | 15컬럼
2026-09-10 03:35:26,796 [INFO]    cmrcl                     | 신규    82행 | 누적     82행 | 20컬럼
2026-09-10 03:35:26,796 [INFO]    events                    | 신규    17행 | 누적     17행 | 14컬럼
2026-09-10 03:35:26,796 [INFO]    events_event_stts         | 신규   107행 | 누적    107행 | 14컬럼
2026-09-10 03:35:26,796 [INFO]    parking                   | 신규     6행 | 누적      6행 | 21컬럼
2026-09-10 03:35:26,796 [INFO]    parking_prk_stts          | 신규  1829행 | 누적   1829행 | 21컬럼
2026-09-10 03:35:26,796 [INFO]    ppltn                     | 신규   121행 | 누적    121행 | 26컬럼
2026-09-10 03:35:26,796 [INFO]    road                      | 신규   121행 | 누적    121행 | 21컬럼
2026-09-10 03:35:26,796 [INFO]    road_road_traffic_stts    | 신규  5296행 | 누적   5296행 | 17컬럼
2026-09-10 03:35:26,797 [INFO]    subway                    | 신규    38행 | 누적     38행 | 12컬럼
2026-09-10 03:35:26,797 [INFO]    subway_sub_stts           | 신규   183행 | 누적    183행 | 12컬럼
2026-09-10 03:35:26,797 [INFO]    weather                   | 신규   119행 | 누적    119행 | 29컬럼
2026-09-10 03:35:26,797 [INFO] 키별 사용량:
2026-09-10 03:35:26,797 [INFO]    🟢 KEY_1 (31/1000) 
2026-09-10 03:35:26,797 [INFO]    🟢 KEY_2 (30/1000) 
2026-09-10 03:35:26,797 [INFO]    🟢 KEY_3 (30/1000) 
2026-09-10 03:35:26,797 [INFO]    🟢 KEY_4 (30/1000) 
2026-09-10 06:41:09,544 [INFO] 등록된 키: 4개, 합산 한도 4,000건/일
2026-09-10 06:41:09,545 [INFO] POI 로드: 매뉴얼 v8.5 기준 fallback 121개 (121개 전체)
2026-09-10 06:41:09,545 [INFO] === 수집 시작 2026-09-10T06:41:09.545296+09:00 ===
2026-09-10 06:41:09,545 [INFO] 대상 장소: 121개 | API: citydata (통합)
2026-09-10 06:41:09,545 [INFO] 키 풀: 4/4 활성 | 오늘 사용 0/4000건
2026-09-10 06:41:09,545 [INFO]   [KEY_1] 담당 31장소
2026-09-10 06:41:09,545 [INFO]   [KEY_2] 담당 30장소
2026-09-10 06:41:09,545 [INFO]   [KEY_3] 담당 30장소
2026-09-10 06:41:09,545 [INFO]   [KEY_4] 담당 30장소
2026-09-10 06:41:09,545 [INFO] [1/121] 경복궁 (primary=KEY_1)
2026-09-10 06:41:12,018 [INFO] [2/121] 광화문·덕수궁 (primary=KEY_2)
2026-09-10 06:41:13,922 [INFO] [3/121] 보신각 (primary=KEY_3)
2026-09-10 06:41:16,383 [INFO] [4/121] 서울 암사동 유적 (primary=KEY_4)
2026-09-10 06:41:18,261 [INFO] [5/121] 창덕궁·종묘 (primary=KEY_1)
2026-09-10 06:41:20,708 [INFO] [6/121] 강남 MICE 관광특구 (primary=KEY_2)
2026-09-10 06:41:25,250 [INFO] [7/121] 동대문 관광특구 (primary=KEY_3)
2026-09-10 06:41:27,764 [INFO] [8/121] 명동 관광특구 (primary=KEY_4)
2026-09-10 06:41:30,307 [INFO] [9/121] 이태원 관광특구 (primary=KEY_1)
2026-09-10 06:41:32,417 [INFO] [10/121] 잠실 관광특구 (primary=KEY_2)
2026-09-10 06:41:35,290 [INFO] [11/121] 종로·청계 관광특구 (primary=KEY_3)
2026-09-10 06:41:37,985 [INFO] [12/121] 홍대 관광특구 (primary=KEY_4)
2026-09-10 06:41:39,600 [INFO] [13/121] 강서한강공원 (primary=KEY_1)
2026-09-10 06:41:40,917 [INFO] [14/121] 고척돔 (primary=KEY_2)
2026-09-10 06:41:42,795 [INFO] [15/121] 광나루한강공원 (primary=KEY_3)
2026-09-10 06:41:44,797 [INFO] [16/121] 광화문광장 (primary=KEY_4)
2026-09-10 06:41:46,154 [INFO] [17/121] 국립중앙박물관·용산가족공원 (primary=KEY_1)
2026-09-10 06:41:48,420 [INFO] [18/121] 난지한강공원 (primary=KEY_2)
2026-09-10 06:41:50,497 [INFO] [19/121] 남산공원 (primary=KEY_3)
2026-09-10 06:41:52,050 [INFO] [20/121] 노들섬 (primary=KEY_4)
2026-09-10 06:41:53,167 [INFO] [21/121] 뚝섬한강공원 (primary=KEY_1)
2026-09-10 06:41:54,292 [INFO] [22/121] 망원한강공원 (primary=KEY_2)
2026-09-10 06:41:55,618 [INFO] [23/121] 반포한강공원 (primary=KEY_3)
2026-09-10 06:41:56,747 [INFO] [24/121] 보라매공원 (primary=KEY_4)
2026-09-10 06:41:58,067 [INFO] [25/121] 북서울꿈의숲 (primary=KEY_1)
2026-09-10 06:41:59,400 [INFO] [26/121] 서대문독립공원 (primary=KEY_2)
2026-09-10 06:42:00,532 [INFO] [27/121] 서리풀공원·몽마르뜨공원 (primary=KEY_3)
2026-09-10 06:42:01,873 [INFO] [28/121] 서울대공원 (primary=KEY_4)
2026-09-10 06:42:03,194 [INFO] [29/121] 서울숲공원 (primary=KEY_1)
2026-09-10 06:42:04,538 [INFO] [30/121] 송현녹지광장 (primary=KEY_2)
2026-09-10 06:42:05,896 [INFO] [31/121] 아차산 (primary=KEY_3)
2026-09-10 06:42:07,014 [INFO] [32/121] 안양천 (primary=KEY_4)
2026-09-10 06:42:08,325 [INFO] [33/121] 양화한강공원 (primary=KEY_1)
2026-09-10 06:42:10,222 [INFO] [34/121] 어린이대공원 (primary=KEY_2)
2026-09-10 06:42:12,317 [INFO] [35/121] 여의도한강공원 (primary=KEY_3)
2026-09-10 06:42:14,583 [INFO] [36/121] 여의서로 (primary=KEY_4)
2026-09-10 06:42:16,857 [INFO] [37/121] 올림픽공원 (primary=KEY_1)
2026-09-10 06:42:18,968 [INFO] [38/121] 월드컵공원 (primary=KEY_2)
2026-09-10 06:42:21,260 [INFO] [39/121] 응봉산 (primary=KEY_3)
2026-09-10 06:42:23,522 [INFO] [40/121] 이촌한강공원 (primary=KEY_4)
2026-09-10 06:42:25,411 [INFO] [41/121] 잠실종합운동장 (primary=KEY_1)
2026-09-10 06:42:27,298 [INFO] [42/121] 잠실한강공원 (primary=KEY_2)
2026-09-10 06:42:29,203 [INFO] [43/121] 잠원한강공원 (primary=KEY_3)
2026-09-10 06:42:30,330 [INFO] [44/121] 청계산 (primary=KEY_4)
2026-09-10 06:42:32,412 [INFO] [45/121] 홍제폭포 (primary=KEY_1)
2026-09-10 06:42:34,688 [INFO] [46/121] 가락시장 (primary=KEY_2)
2026-09-10 06:42:36,629 [INFO] [47/121] 가로수길 (primary=KEY_3)
2026-09-10 06:42:38,932 [INFO] [48/121] 광장(전통)시장 (primary=KEY_4)
2026-09-10 06:42:40,840 [INFO] [49/121] 김포공항 (primary=KEY_1)
2026-09-10 06:42:42,384 [INFO] [50/121] 남대문시장 (primary=KEY_2)
2026-09-10 06:42:44,496 [INFO] [51/121] 노량진 (primary=KEY_3)
2026-09-10 06:42:45,840 [INFO] [52/121] 덕수궁길·정동길 (primary=KEY_4)
2026-09-10 06:42:47,202 [INFO] [53/121] 북창동 먹자골목 (primary=KEY_1)
2026-09-10 06:42:48,534 [INFO] [54/121] 북촌한옥마을 (primary=KEY_2)
2026-09-10 06:42:50,086 [INFO] [55/121] 서촌 (primary=KEY_3)
2026-09-10 06:42:51,409 [INFO] [56/121] 성수카페거리 (primary=KEY_4)
2026-09-10 06:42:52,959 [INFO] [57/121] 송리단길·호수단길 (primary=KEY_1)
2026-09-10 06:42:54,303 [INFO] [58/121] 신촌 스타광장 (primary=KEY_2)
2026-09-10 06:42:56,590 [INFO] [59/121] 압구정로데오거리 (primary=KEY_3)
2026-09-10 06:42:58,878 [INFO] [60/121] 여의도 (primary=KEY_4)
2026-09-10 06:43:01,915 [INFO] [61/121] 연남동 (primary=KEY_1)
2026-09-10 06:43:03,235 [INFO] [62/121] 영등포 타임스퀘어 (primary=KEY_2)
2026-09-10 06:43:04,562 [INFO] [63/121] 용리단길 (primary=KEY_3)
2026-09-10 06:43:05,728 [INFO] [64/121] 이태원 앤틱가구거리 (primary=KEY_4)
2026-09-10 06:43:08,198 [INFO] [65/121] 익선동 (primary=KEY_1)
2026-09-10 06:43:09,546 [INFO] [66/121] 인사동 (primary=KEY_2)
2026-09-10 06:43:11,073 [INFO] [67/121] 잠실롯데타워·석촌호수 (primary=KEY_3)
2026-09-10 06:43:13,583 [INFO] [68/121] 창동 신경제 중심지 (primary=KEY_4)
2026-09-10 06:43:15,324 [INFO] [69/121] 청담동 명품거리 (primary=KEY_1)
2026-09-10 06:43:16,678 [INFO] [70/121] 청량리 제기동 일대 전통시장 (primary=KEY_2)
2026-09-10 06:43:18,054 [INFO] [71/121] 해방촌·경리단길 (primary=KEY_3)
2026-09-10 06:43:19,213 [INFO] [72/121] DDP(동대문디자인플라자) (primary=KEY_4)
2026-09-10 06:43:20,604 [INFO] [73/121] DMC(디지털미디어시티) (primary=KEY_1)
2026-09-10 06:43:22,342 [INFO] [74/121] 가산디지털단지역 (primary=KEY_2)
2026-09-10 06:43:24,244 [INFO] [75/121] 강남역 (primary=KEY_3)
2026-09-10 06:43:26,967 [INFO] [76/121] 건대입구역 (primary=KEY_4)
2026-09-10 06:43:29,072 [INFO] [77/121] 고덕역 (primary=KEY_1)
2026-09-10 06:43:30,400 [INFO] [78/121] 고속터미널역 (primary=KEY_2)
2026-09-10 06:43:31,744 [INFO] [79/121] 교대역 (primary=KEY_3)
2026-09-10 06:43:34,231 [INFO] [80/121] 구로디지털단지역 (primary=KEY_4)
2026-09-10 06:43:37,068 [INFO] [81/121] 구로역 (primary=KEY_1)
2026-09-10 06:43:38,383 [INFO] [82/121] 군자역 (primary=KEY_2)
2026-09-10 06:43:40,899 [INFO] [83/121] 대림역 (primary=KEY_3)
2026-09-10 06:43:42,239 [INFO] [84/121] 동대문역 (primary=KEY_4)
2026-09-10 06:43:43,579 [INFO] [85/121] 뚝섬역 (primary=KEY_1)
2026-09-10 06:43:44,918 [INFO] [86/121] 미아사거리역 (primary=KEY_2)
2026-09-10 06:43:46,291 [INFO] [87/121] 발산역 (primary=KEY_3)
2026-09-10 06:43:48,001 [INFO] [88/121] 사당역 (primary=KEY_4)
2026-09-10 06:43:50,128 [INFO] [89/121] 삼각지역 (primary=KEY_1)
2026-09-10 06:43:51,472 [INFO] [90/121] 서울대입구역 (primary=KEY_2)
2026-09-10 06:43:52,815 [INFO] [91/121] 서울식물원·마곡나루역 (primary=KEY_3)
2026-09-10 06:43:54,347 [INFO] [92/121] 서울역 (primary=KEY_4)
2026-09-10 06:43:55,923 [INFO] [93/121] 선릉역 (primary=KEY_1)
2026-09-10 06:43:57,661 [INFO] [94/121] 성신여대입구역 (primary=KEY_2)
2026-09-10 06:43:58,827 [INFO] [95/121] 수유역 (primary=KEY_3)
2026-09-10 06:44:00,175 [INFO] [96/121] 숭례문 (primary=KEY_4)
2026-09-10 06:44:01,521 [INFO] [97/121] 시의회 앞 (primary=KEY_1)
2026-09-10 06:44:02,895 [INFO] [98/121] 신논현역·논현역 (primary=KEY_2)
2026-09-10 06:44:04,259 [INFO] [99/121] 신도림역 (primary=KEY_3)
2026-09-10 06:44:05,409 [INFO] [100/121] 신림역 (primary=KEY_4)
2026-09-10 06:44:06,763 [INFO] [101/121] 신정네거리역 (primary=KEY_1)
2026-09-10 06:44:08,144 [INFO] [102/121] 신촌·이대역 (primary=KEY_2)
2026-09-10 06:44:09,488 [INFO] [103/121] 쌍문역 (primary=KEY_3)
2026-09-10 06:44:10,820 [INFO] [104/121] 양재역 (primary=KEY_4)
2026-09-10 06:44:12,174 [INFO] [105/121] 역삼역 (primary=KEY_1)
2026-09-10 06:44:13,707 [INFO] [106/121] 연신내역 (primary=KEY_2)
2026-09-10 06:44:14,883 [INFO] [107/121] 오목교역·목동운동장 (primary=KEY_3)
2026-09-10 06:44:16,834 [INFO] [108/121] 왕십리역 (primary=KEY_4)
2026-09-10 06:44:18,404 [INFO] [109/121] 용산역 (primary=KEY_1)
2026-09-10 06:44:19,956 [INFO] [110/121] 이태원역 (primary=KEY_2)
2026-09-10 06:44:21,104 [INFO] [111/121] 잠실새내역 (primary=KEY_3)
2026-09-10 06:44:22,495 [INFO] [112/121] 잠실역 (primary=KEY_4)
2026-09-10 06:44:24,030 [INFO] [113/121] 장지역 (primary=KEY_1)
2026-09-10 06:44:25,562 [INFO] [114/121] 장한평역 (primary=KEY_2)
2026-09-10 06:44:26,894 [INFO] [115/121] 천호역 (primary=KEY_3)
2026-09-10 06:44:28,241 [INFO] [116/121] 총신대입구(이수)역 (primary=KEY_4)
2026-09-10 06:44:29,570 [INFO] [117/121] 충정로역 (primary=KEY_1)
2026-09-10 06:44:30,908 [INFO] [118/121] 합정역 (primary=KEY_2)
2026-09-10 06:44:32,260 [INFO] [119/121] 혜화역 (primary=KEY_3)
2026-09-10 06:44:33,599 [INFO] [120/121] 홍대입구역(2호선) (primary=KEY_4)
2026-09-10 06:44:34,962 [INFO] [121/121] 회기역 (primary=KEY_1)
2026-09-10 06:44:36,901 [INFO] === 수집 완료 | 성공 121, 실패 0 ===
2026-09-10 06:44:36,901 [INFO] 카테고리별 저장 결과:
2026-09-10 06:44:36,902 [INFO]    accident                  | 신규     2행 | 누적      2행 | 16컬럼
2026-09-10 06:44:36,902 [INFO]    area_meta                 | 신규   121행 | 누적    242행 | 5컬럼
2026-09-10 06:44:36,902 [INFO]    bike                      | 신규    10행 | 누적     20행 | 12컬럼
2026-09-10 06:44:36,902 [INFO]    bike_sbike_stts           | 신규   575행 | 누적   1150행 | 12컬럼
2026-09-10 06:44:36,902 [INFO]    bus                       | 신규     3행 | 누적      6행 | 11컬럼
2026-09-10 06:44:36,902 [INFO]    bus_bus_stn_stts          | 신규  1745행 | 누적   3490행 | 11컬럼
2026-09-10 06:44:36,902 [INFO]    charger                   | 신규     4행 | 누적      8행 | 15컬럼
2026-09-10 06:44:36,902 [INFO]    charger_charger_stts      | 신규  1919행 | 누적   3812행 | 15컬럼
2026-09-10 06:44:36,902 [INFO]    cmrcl                     | 신규    82행 | 누적    164행 | 20컬럼
2026-09-10 06:44:36,902 [INFO]    events                    | 신규    16행 | 누적     33행 | 14컬럼
2026-09-10 06:44:36,902 [INFO]    events_event_stts         | 신규   114행 | 누적    221행 | 14컬럼
2026-09-10 06:44:36,902 [INFO]    parking                   | 신규     6행 | 누적     12행 | 21컬럼
2026-09-10 06:44:36,902 [INFO]    parking_prk_stts          | 신규  1829행 | 누적   3658행 | 21컬럼
2026-09-10 06:44:36,902 [INFO]    ppltn                     | 신규   121행 | 누적    242행 | 26컬럼
2026-09-10 06:44:36,902 [INFO]    road                      | 신규   121행 | 누적    242행 | 21컬럼
2026-09-10 06:44:36,902 [INFO]    road_road_traffic_stts    | 신규  5296행 | 누적  10592행 | 17컬럼
2026-09-10 06:44:36,902 [INFO]    subway                    | 신규    38행 | 누적     76행 | 12컬럼
2026-09-10 06:44:36,902 [INFO]    subway_sub_stts           | 신규   183행 | 누적    366행 | 13컬럼
2026-09-10 06:44:36,902 [INFO]    weather                   | 신규   119행 | 누적    238행 | 29컬럼
2026-09-10 06:44:36,902 [INFO] 키별 사용량:
2026-09-10 06:44:36,902 [INFO]    🟢 KEY_1 (31/1000) 
2026-09-10 06:44:36,902 [INFO]    🟢 KEY_2 (30/1000) 
2026-09-10 06:44:36,902 [INFO]    🟢 KEY_3 (30/1000) 
2026-09-10 06:44:36,902 [INFO]    🟢 KEY_4 (30/1000) 
2026-09-10 09:07:59,732 [INFO] 등록된 키: 4개, 합산 한도 4,000건/일
2026-09-10 09:07:59,733 [INFO] POI 로드: 매뉴얼 v8.5 기준 fallback 121개 (121개 전체)
2026-09-10 09:07:59,733 [INFO] === 수집 시작 2026-09-10T09:07:59.733276+09:00 ===
2026-09-10 09:07:59,733 [INFO] 대상 장소: 121개 | API: citydata (통합)
2026-09-10 09:07:59,733 [INFO] 키 풀: 4/4 활성 | 오늘 사용 0/4000건
2026-09-10 09:07:59,733 [INFO]   [KEY_1] 담당 31장소
2026-09-10 09:07:59,733 [INFO]   [KEY_2] 담당 30장소
2026-09-10 09:07:59,733 [INFO]   [KEY_3] 담당 30장소
2026-09-10 09:07:59,733 [INFO]   [KEY_4] 담당 30장소
2026-09-10 09:07:59,733 [INFO] [1/121] 경복궁 (primary=KEY_1)
2026-09-10 09:08:01,813 [INFO] [2/121] 광화문·덕수궁 (primary=KEY_2)
2026-09-10 09:08:04,507 [INFO] [3/121] 보신각 (primary=KEY_3)
2026-09-10 09:08:07,033 [INFO] [4/121] 서울 암사동 유적 (primary=KEY_4)
2026-09-10 09:08:08,936 [INFO] [5/121] 창덕궁·종묘 (primary=KEY_1)
2026-09-10 09:08:11,232 [INFO] [6/121] 강남 MICE 관광특구 (primary=KEY_2)
2026-09-10 09:08:12,604 [INFO] [7/121] 동대문 관광특구 (primary=KEY_3)
2026-09-10 09:08:15,088 [INFO] [8/121] 명동 관광특구 (primary=KEY_4)
2026-09-10 09:08:17,960 [INFO] [9/121] 이태원 관광특구 (primary=KEY_1)
2026-09-10 09:08:20,065 [INFO] [10/121] 잠실 관광특구 (primary=KEY_2)
2026-09-10 09:08:23,028 [INFO] [11/121] 종로·청계 관광특구 (primary=KEY_3)
2026-09-10 09:08:24,597 [INFO] [12/121] 홍대 관광특구 (primary=KEY_4)
2026-09-10 09:08:26,163 [INFO] [13/121] 강서한강공원 (primary=KEY_1)
2026-09-10 09:08:28,067 [INFO] [14/121] 고척돔 (primary=KEY_2)
2026-09-10 09:08:29,193 [INFO] [15/121] 광나루한강공원 (primary=KEY_3)
2026-09-10 09:08:30,508 [INFO] [16/121] 광화문광장 (primary=KEY_4)
2026-09-10 09:08:31,861 [INFO] [17/121] 국립중앙박물관·용산가족공원 (primary=KEY_1)
2026-09-10 09:08:33,767 [INFO] [18/121] 난지한강공원 (primary=KEY_2)
2026-09-10 09:08:36,051 [INFO] [19/121] 남산공원 (primary=KEY_3)
2026-09-10 09:08:38,422 [INFO] [20/121] 노들섬 (primary=KEY_4)
2026-09-10 09:08:40,310 [INFO] [21/121] 뚝섬한강공원 (primary=KEY_1)
2026-09-10 09:08:41,653 [INFO] [22/121] 망원한강공원 (primary=KEY_2)
2026-09-10 09:08:42,978 [INFO] [23/121] 반포한강공원 (primary=KEY_3)
2026-09-10 09:08:44,135 [INFO] [24/121] 보라매공원 (primary=KEY_4)
2026-09-10 09:08:45,307 [INFO] [25/121] 북서울꿈의숲 (primary=KEY_1)
2026-09-10 09:08:47,408 [INFO] [26/121] 서대문독립공원 (primary=KEY_2)
2026-09-10 09:08:48,558 [INFO] [27/121] 서리풀공원·몽마르뜨공원 (primary=KEY_3)
2026-09-10 09:08:49,964 [INFO] [28/121] 서울대공원 (primary=KEY_4)
2026-09-10 09:08:51,302 [INFO] [29/121] 서울숲공원 (primary=KEY_1)
2026-09-10 09:08:52,844 [INFO] [30/121] 송현녹지광장 (primary=KEY_2)
2026-09-10 09:08:54,370 [INFO] [31/121] 아차산 (primary=KEY_3)
2026-09-10 09:08:55,695 [INFO] [32/121] 안양천 (primary=KEY_4)
2026-09-10 09:08:57,021 [INFO] [33/121] 양화한강공원 (primary=KEY_1)
2026-09-10 09:08:58,355 [INFO] [34/121] 어린이대공원 (primary=KEY_2)
2026-09-10 09:08:59,924 [INFO] [35/121] 여의도한강공원 (primary=KEY_3)
2026-09-10 09:09:01,434 [INFO] [36/121] 여의서로 (primary=KEY_4)
2026-09-10 09:09:02,936 [INFO] [37/121] 올림픽공원 (primary=KEY_1)
2026-09-10 09:09:04,524 [INFO] [38/121] 월드컵공원 (primary=KEY_2)
2026-09-10 09:09:06,329 [INFO] [39/121] 응봉산 (primary=KEY_3)
2026-09-10 09:09:07,648 [INFO] [40/121] 이촌한강공원 (primary=KEY_4)
2026-09-10 09:09:08,768 [INFO] [41/121] 잠실종합운동장 (primary=KEY_1)
2026-09-10 09:09:10,106 [INFO] [42/121] 잠실한강공원 (primary=KEY_2)
2026-09-10 09:09:11,238 [INFO] [43/121] 잠원한강공원 (primary=KEY_3)
2026-09-10 09:09:12,569 [INFO] [44/121] 청계산 (primary=KEY_4)
2026-09-10 09:09:13,887 [INFO] [45/121] 홍제폭포 (primary=KEY_1)
2026-09-10 09:09:15,020 [INFO] [46/121] 가락시장 (primary=KEY_2)
2026-09-10 09:09:16,377 [INFO] [47/121] 가로수길 (primary=KEY_3)
2026-09-10 09:09:17,964 [INFO] [48/121] 광장(전통)시장 (primary=KEY_4)
2026-09-10 09:09:19,307 [INFO] [49/121] 김포공항 (primary=KEY_1)
2026-09-10 09:09:21,067 [INFO] [50/121] 남대문시장 (primary=KEY_2)
2026-09-10 09:09:23,368 [INFO] [51/121] 노량진 (primary=KEY_3)
2026-09-10 09:09:24,730 [INFO] [52/121] 덕수궁길·정동길 (primary=KEY_4)
2026-09-10 09:09:26,151 [INFO] [53/121] 북창동 먹자골목 (primary=KEY_1)
2026-09-10 09:09:27,494 [INFO] [54/121] 북촌한옥마을 (primary=KEY_2)
2026-09-10 09:09:29,234 [INFO] [55/121] 서촌 (primary=KEY_3)
2026-09-10 09:09:30,550 [INFO] [56/121] 성수카페거리 (primary=KEY_4)
2026-09-10 09:09:32,085 [INFO] [57/121] 송리단길·호수단길 (primary=KEY_1)
2026-09-10 09:09:33,437 [INFO] [58/121] 신촌 스타광장 (primary=KEY_2)
2026-09-10 09:09:34,600 [INFO] [59/121] 압구정로데오거리 (primary=KEY_3)
2026-09-10 09:09:35,958 [INFO] [60/121] 여의도 (primary=KEY_4)
2026-09-10 09:09:38,308 [INFO] [61/121] 연남동 (primary=KEY_1)
2026-09-10 09:09:39,634 [INFO] [62/121] 영등포 타임스퀘어 (primary=KEY_2)
2026-09-10 09:09:40,998 [INFO] [63/121] 용리단길 (primary=KEY_3)
2026-09-10 09:09:42,163 [INFO] [64/121] 이태원 앤틱가구거리 (primary=KEY_4)
2026-09-10 09:09:44,641 [INFO] [65/121] 익선동 (primary=KEY_1)
2026-09-10 09:09:46,199 [INFO] [66/121] 인사동 (primary=KEY_2)
2026-09-10 09:09:47,755 [INFO] [67/121] 잠실롯데타워·석촌호수 (primary=KEY_3)
2026-09-10 09:09:49,489 [INFO] [68/121] 창동 신경제 중심지 (primary=KEY_4)
2026-09-10 09:09:51,246 [INFO] [69/121] 청담동 명품거리 (primary=KEY_1)
2026-09-10 09:09:52,574 [INFO] [70/121] 청량리 제기동 일대 전통시장 (primary=KEY_2)
2026-09-10 09:09:53,966 [INFO] [71/121] 해방촌·경리단길 (primary=KEY_3)
2026-09-10 09:09:55,120 [INFO] [72/121] DDP(동대문디자인플라자) (primary=KEY_4)
2026-09-10 09:09:56,485 [INFO] [73/121] DMC(디지털미디어시티) (primary=KEY_1)
2026-09-10 09:09:58,273 [INFO] [74/121] 가산디지털단지역 (primary=KEY_2)
2026-09-10 09:10:00,184 [INFO] [75/121] 강남역 (primary=KEY_3)
2026-09-10 09:10:01,781 [INFO] [76/121] 건대입구역 (primary=KEY_4)
2026-09-10 09:10:03,188 [INFO] [77/121] 고덕역 (primary=KEY_1)
2026-09-10 09:10:04,530 [INFO] [78/121] 고속터미널역 (primary=KEY_2)
2026-09-10 09:10:05,856 [INFO] [79/121] 교대역 (primary=KEY_3)
2026-09-10 09:10:07,191 [INFO] [80/121] 구로디지털단지역 (primary=KEY_4)
2026-09-10 09:10:08,906 [INFO] [81/121] 구로역 (primary=KEY_1)
2026-09-10 09:10:10,248 [INFO] [82/121] 군자역 (primary=KEY_2)
2026-09-10 09:10:11,583 [INFO] [83/121] 대림역 (primary=KEY_3)
2026-09-10 09:10:13,099 [INFO] [84/121] 동대문역 (primary=KEY_4)
2026-09-10 09:10:14,422 [INFO] [85/121] 뚝섬역 (primary=KEY_1)
2026-09-10 09:10:15,771 [INFO] [86/121] 미아사거리역 (primary=KEY_2)
2026-09-10 09:10:17,294 [INFO] [87/121] 발산역 (primary=KEY_3)
2026-09-10 09:10:19,011 [INFO] [88/121] 사당역 (primary=KEY_4)
2026-09-10 09:10:20,335 [INFO] [89/121] 삼각지역 (primary=KEY_1)
2026-09-10 09:10:21,658 [INFO] [90/121] 서울대입구역 (primary=KEY_2)
2026-09-10 09:10:22,975 [INFO] [91/121] 서울식물원·마곡나루역 (primary=KEY_3)
2026-09-10 09:10:24,511 [INFO] [92/121] 서울역 (primary=KEY_4)
2026-09-10 09:10:26,245 [INFO] [93/121] 선릉역 (primary=KEY_1)
2026-09-10 09:10:28,001 [INFO] [94/121] 성신여대입구역 (primary=KEY_2)
2026-09-10 09:10:29,135 [INFO] [95/121] 수유역 (primary=KEY_3)
2026-09-10 09:10:30,650 [INFO] [96/121] 숭례문 (primary=KEY_4)
2026-09-10 09:10:32,012 [INFO] [97/121] 시의회 앞 (primary=KEY_1)
2026-09-10 09:10:33,364 [INFO] [98/121] 신논현역·논현역 (primary=KEY_2)
2026-09-10 09:10:34,710 [INFO] [99/121] 신도림역 (primary=KEY_3)
2026-09-10 09:10:35,860 [INFO] [100/121] 신림역 (primary=KEY_4)
2026-09-10 09:10:37,202 [INFO] [101/121] 신정네거리역 (primary=KEY_1)
2026-09-10 09:10:38,533 [INFO] [102/121] 신촌·이대역 (primary=KEY_2)
2026-09-10 09:10:39,855 [INFO] [103/121] 쌍문역 (primary=KEY_3)
2026-09-10 09:10:41,204 [INFO] [104/121] 양재역 (primary=KEY_4)
2026-09-10 09:10:42,547 [INFO] [105/121] 역삼역 (primary=KEY_1)
2026-09-10 09:10:44,100 [INFO] [106/121] 연신내역 (primary=KEY_2)
2026-09-10 09:10:45,264 [INFO] [107/121] 오목교역·목동운동장 (primary=KEY_3)
2026-09-10 09:10:47,181 [INFO] [108/121] 왕십리역 (primary=KEY_4)
2026-09-10 09:10:48,912 [INFO] [109/121] 용산역 (primary=KEY_1)
2026-09-10 09:10:50,421 [INFO] [110/121] 이태원역 (primary=KEY_2)
2026-09-10 09:10:51,572 [INFO] [111/121] 잠실새내역 (primary=KEY_3)
2026-09-10 09:10:52,992 [INFO] [112/121] 잠실역 (primary=KEY_4)
2026-09-10 09:10:54,510 [INFO] [113/121] 장지역 (primary=KEY_1)
2026-09-10 09:10:56,036 [INFO] [114/121] 장한평역 (primary=KEY_2)
2026-09-10 09:10:57,384 [INFO] [115/121] 천호역 (primary=KEY_3)
2026-09-10 09:10:58,731 [INFO] [116/121] 총신대입구(이수)역 (primary=KEY_4)
2026-09-10 09:11:00,054 [INFO] [117/121] 충정로역 (primary=KEY_1)
2026-09-10 09:11:01,426 [INFO] [118/121] 합정역 (primary=KEY_2)
2026-09-10 09:11:02,785 [INFO] [119/121] 혜화역 (primary=KEY_3)
2026-09-10 09:11:04,309 [INFO] [120/121] 홍대입구역(2호선) (primary=KEY_4)
2026-09-10 09:11:05,646 [INFO] [121/121] 회기역 (primary=KEY_1)
2026-09-10 09:11:07,675 [INFO] === 수집 완료 | 성공 121, 실패 0 ===
2026-09-10 09:11:07,675 [INFO] 카테고리별 저장 결과:
2026-09-10 09:11:07,675 [INFO]    accident                  | 신규     5행 | 누적      7행 | 16컬럼
2026-09-10 09:11:07,675 [INFO]    area_meta                 | 신규   121행 | 누적    363행 | 5컬럼
2026-09-10 09:11:07,675 [INFO]    bike                      | 신규    10행 | 누적     30행 | 12컬럼
2026-09-10 09:11:07,675 [INFO]    bike_sbike_stts           | 신규   575행 | 누적   1725행 | 12컬럼
2026-09-10 09:11:07,675 [INFO]    bus                       | 신규     3행 | 누적      9행 | 11컬럼
2026-09-10 09:11:07,675 [INFO]    bus_bus_stn_stts          | 신규  1745행 | 누적   5235행 | 11컬럼
2026-09-10 09:11:07,675 [INFO]    charger                   | 신규     4행 | 누적     12행 | 15컬럼
2026-09-10 09:11:07,675 [INFO]    charger_charger_stts      | 신규  1919행 | 누적   5718행 | 15컬럼
2026-09-10 09:11:07,675 [INFO]    cmrcl                     | 신규    82행 | 누적    246행 | 20컬럼
2026-09-10 09:11:07,675 [INFO]    events                    | 신규    16행 | 누적     49행 | 14컬럼
2026-09-10 09:11:07,675 [INFO]    events_event_stts         | 신규   114행 | 누적    335행 | 14컬럼
2026-09-10 09:11:07,675 [INFO]    parking                   | 신규     6행 | 누적     18행 | 21컬럼
2026-09-10 09:11:07,675 [INFO]    parking_prk_stts          | 신규  1829행 | 누적   5487행 | 21컬럼
2026-09-10 09:11:07,675 [INFO]    ppltn                     | 신규   120행 | 누적    362행 | 26컬럼
2026-09-10 09:11:07,675 [INFO]    road                      | 신규   121행 | 누적    363행 | 21컬럼
2026-09-10 09:11:07,675 [INFO]    road_road_traffic_stts    | 신규  5296행 | 누적  15888행 | 17컬럼
2026-09-10 09:11:07,675 [INFO]    subway                    | 신규    38행 | 누적    114행 | 12컬럼
2026-09-10 09:11:07,675 [INFO]    subway_sub_stts           | 신규   183행 | 누적    549행 | 13컬럼
2026-09-10 09:11:07,675 [INFO]    weather                   | 신규   119행 | 누적    357행 | 29컬럼
2026-09-10 09:11:07,675 [INFO] 키별 사용량:
2026-09-10 09:11:07,675 [INFO]    🟢 KEY_1 (31/1000) 
2026-09-10 09:11:07,676 [INFO]    🟢 KEY_2 (30/1000) 
2026-09-10 09:11:07,676 [INFO]    🟢 KEY_3 (30/1000) 
2026-09-10 09:11:07,676 [INFO]    🟢 KEY_4 (30/1000) 
