2026-05-26 00:14:27,182 [INFO] 등록된 키: 4개, 합산 한도 4,000건/일
2026-05-26 00:14:27,183 [INFO] POI 로드: 매뉴얼 v8.5 기준 fallback 121개 (121개 전체)
2026-05-26 00:14:27,183 [INFO] === 수집 시작 2026-05-26T00:14:27.183631+09:00 ===
2026-05-26 00:14:27,183 [INFO] 대상 장소: 121개 | API: citydata (통합)
2026-05-26 00:14:27,183 [INFO] 키 풀: 4/4 활성 | 오늘 사용 0/4000건
2026-05-26 00:14:27,183 [INFO]   [KEY_1] 담당 31장소
2026-05-26 00:14:27,183 [INFO]   [KEY_2] 담당 30장소
2026-05-26 00:14:27,184 [INFO]   [KEY_3] 담당 30장소
2026-05-26 00:14:27,184 [INFO]   [KEY_4] 담당 30장소
2026-05-26 00:14:27,184 [INFO] [1/121] 경복궁 (primary=KEY_1)
2026-05-26 00:14:29,544 [INFO] [2/121] 광화문·덕수궁 (primary=KEY_2)
2026-05-26 00:14:32,345 [INFO] [3/121] 보신각 (primary=KEY_3)
2026-05-26 00:14:34,571 [INFO] [4/121] 서울 암사동 유적 (primary=KEY_4)
2026-05-26 00:14:36,511 [INFO] [5/121] 창덕궁·종묘 (primary=KEY_1)
2026-05-26 00:14:38,672 [INFO] [6/121] 강남 MICE 관광특구 (primary=KEY_2)
2026-05-26 00:14:40,252 [INFO] [7/121] 동대문 관광특구 (primary=KEY_3)
2026-05-26 00:14:42,658 [INFO] [8/121] 명동 관광특구 (primary=KEY_4)
2026-05-26 00:14:45,114 [INFO] [9/121] 이태원 관광특구 (primary=KEY_1)
2026-05-26 00:14:47,144 [INFO] [10/121] 잠실 관광특구 (primary=KEY_2)
2026-05-26 00:14:49,976 [INFO] [11/121] 종로·청계 관광특구 (primary=KEY_3)
2026-05-26 00:14:52,196 [INFO] [12/121] 홍대 관광특구 (primary=KEY_4)
2026-05-26 00:14:54,630 [INFO] [13/121] 강서한강공원 (primary=KEY_1)
2026-05-26 00:14:56,376 [INFO] [14/121] 고척돔 (primary=KEY_2)
2026-05-26 00:14:58,238 [INFO] [15/121] 광나루한강공원 (primary=KEY_3)
2026-05-26 00:15:00,190 [INFO] [16/121] 광화문광장 (primary=KEY_4)
2026-05-26 00:15:01,547 [INFO] [17/121] 국립중앙박물관·용산가족공원 (primary=KEY_1)
2026-05-26 00:15:03,509 [INFO] [18/121] 난지한강공원 (primary=KEY_2)
2026-05-26 00:15:04,656 [INFO] [19/121] 남산공원 (primary=KEY_3)
2026-05-26 00:15:07,025 [INFO] [20/121] 노들섬 (primary=KEY_4)
2026-05-26 00:15:08,973 [INFO] [21/121] 뚝섬한강공원 (primary=KEY_1)
2026-05-26 00:15:10,961 [INFO] [22/121] 망원한강공원 (primary=KEY_2)
2026-05-26 00:15:12,322 [INFO] [23/121] 반포한강공원 (primary=KEY_3)
2026-05-26 00:15:13,465 [INFO] [24/121] 보라매공원 (primary=KEY_4)
2026-05-26 00:15:14,619 [INFO] [25/121] 북서울꿈의숲 (primary=KEY_1)
2026-05-26 00:15:16,547 [INFO] [26/121] 서대문독립공원 (primary=KEY_2)
2026-05-26 00:15:17,885 [INFO] [27/121] 서리풀공원·몽마르뜨공원 (primary=KEY_3)
2026-05-26 00:15:19,291 [INFO] [28/121] 서울대공원 (primary=KEY_4)
2026-05-26 00:15:20,422 [INFO] [29/121] 서울숲공원 (primary=KEY_1)
2026-05-26 00:15:22,730 [INFO] [30/121] 송현녹지광장 (primary=KEY_2)
2026-05-26 00:15:24,081 [INFO] [31/121] 아차산 (primary=KEY_3)
2026-05-26 00:15:25,268 [INFO] [32/121] 안양천 (primary=KEY_4)
2026-05-26 00:15:26,595 [INFO] [33/121] 양화한강공원 (primary=KEY_1)
2026-05-26 00:15:28,336 [INFO] [34/121] 어린이대공원 (primary=KEY_2)
2026-05-26 00:15:30,486 [INFO] [35/121] 여의도한강공원 (primary=KEY_3)
2026-05-26 00:15:31,836 [INFO] [36/121] 여의서로 (primary=KEY_4)
2026-05-26 00:15:33,762 [INFO] [37/121] 올림픽공원 (primary=KEY_1)
2026-05-26 00:15:36,103 [INFO] [38/121] 월드컵공원 (primary=KEY_2)
2026-05-26 00:15:37,668 [INFO] [39/121] 응봉산 (primary=KEY_3)
2026-05-26 00:15:39,007 [INFO] [40/121] 이촌한강공원 (primary=KEY_4)
2026-05-26 00:15:40,153 [INFO] [41/121] 잠실종합운동장 (primary=KEY_1)
2026-05-26 00:15:41,321 [INFO] [42/121] 잠실한강공원 (primary=KEY_2)
2026-05-26 00:15:42,485 [INFO] [43/121] 잠원한강공원 (primary=KEY_3)
2026-05-26 00:15:43,618 [INFO] [44/121] 청계산 (primary=KEY_4)
2026-05-26 00:15:44,755 [INFO] [45/121] 홍제폭포 (primary=KEY_1)
2026-05-26 00:15:45,889 [INFO] [46/121] 가락시장 (primary=KEY_2)
2026-05-26 00:15:47,266 [INFO] [47/121] 가로수길 (primary=KEY_3)
2026-05-26 00:15:48,649 [INFO] [48/121] 광장(전통)시장 (primary=KEY_4)
2026-05-26 00:15:49,854 [INFO] [49/121] 김포공항 (primary=KEY_1)
2026-05-26 00:15:51,439 [INFO] [50/121] 남대문시장 (primary=KEY_2)
2026-05-26 00:15:52,812 [INFO] [51/121] 노량진 (primary=KEY_3)
2026-05-26 00:15:54,170 [INFO] [52/121] 덕수궁길·정동길 (primary=KEY_4)
2026-05-26 00:15:55,543 [INFO] [53/121] 북창동 먹자골목 (primary=KEY_1)
2026-05-26 00:15:56,899 [INFO] [54/121] 북촌한옥마을 (primary=KEY_2)
2026-05-26 00:15:58,442 [INFO] [55/121] 서촌 (primary=KEY_3)
2026-05-26 00:15:59,807 [INFO] [56/121] 성수카페거리 (primary=KEY_4)
2026-05-26 00:16:01,415 [INFO] [57/121] 송리단길·호수단길 (primary=KEY_1)
2026-05-26 00:16:02,801 [INFO] [58/121] 신촌 스타광장 (primary=KEY_2)
2026-05-26 00:16:03,963 [INFO] [59/121] 압구정로데오거리 (primary=KEY_3)
2026-05-26 00:16:05,326 [INFO] [60/121] 여의도 (primary=KEY_4)
2026-05-26 00:16:07,544 [INFO] [61/121] 연남동 (primary=KEY_1)
2026-05-26 00:16:09,693 [INFO] [62/121] 영등포 타임스퀘어 (primary=KEY_2)
2026-05-26 00:16:11,028 [INFO] [63/121] 용리단길 (primary=KEY_3)
2026-05-26 00:16:12,917 [INFO] [64/121] 이태원 앤틱가구거리 (primary=KEY_4)
2026-05-26 00:16:14,070 [INFO] [65/121] 익선동 (primary=KEY_1)
2026-05-26 00:16:15,433 [INFO] [66/121] 인사동 (primary=KEY_2)
2026-05-26 00:16:17,044 [INFO] [67/121] 잠실롯데타워·석촌호수 (primary=KEY_3)
2026-05-26 00:16:18,813 [INFO] [68/121] 창동 신경제 중심지 (primary=KEY_4)
2026-05-26 00:16:20,581 [INFO] [69/121] 청담동 명품거리 (primary=KEY_1)
2026-05-26 00:16:21,940 [INFO] [70/121] 청량리 제기동 일대 전통시장 (primary=KEY_2)
2026-05-26 00:16:23,310 [INFO] [71/121] 해방촌·경리단길 (primary=KEY_3)
2026-05-26 00:16:24,477 [INFO] [72/121] DDP(동대문디자인플라자) (primary=KEY_4)
2026-05-26 00:16:25,858 [INFO] [73/121] DMC(디지털미디어시티) (primary=KEY_1)
2026-05-26 00:16:27,660 [INFO] [74/121] 가산디지털단지역 (primary=KEY_2)
2026-05-26 00:16:29,643 [INFO] [75/121] 강남역 (primary=KEY_3)
2026-05-26 00:16:31,237 [INFO] [76/121] 건대입구역 (primary=KEY_4)
2026-05-26 00:16:32,634 [INFO] [77/121] 고덕역 (primary=KEY_1)
2026-05-26 00:16:33,995 [INFO] [78/121] 고속터미널역 (primary=KEY_2)
2026-05-26 00:16:35,377 [INFO] [79/121] 교대역 (primary=KEY_3)
2026-05-26 00:16:36,547 [INFO] [80/121] 구로디지털단지역 (primary=KEY_4)
2026-05-26 00:16:38,143 [INFO] [81/121] 구로역 (primary=KEY_1)
2026-05-26 00:16:39,491 [INFO] [82/121] 군자역 (primary=KEY_2)
2026-05-26 00:16:40,689 [INFO] [83/121] 대림역 (primary=KEY_3)
2026-05-26 00:16:42,070 [INFO] [84/121] 동대문역 (primary=KEY_4)
2026-05-26 00:16:43,470 [INFO] [85/121] 뚝섬역 (primary=KEY_1)
2026-05-26 00:16:44,841 [INFO] [86/121] 미아사거리역 (primary=KEY_2)
2026-05-26 00:16:46,213 [INFO] [87/121] 발산역 (primary=KEY_3)
2026-05-26 00:16:47,790 [INFO] [88/121] 사당역 (primary=KEY_4)
2026-05-26 00:16:49,159 [INFO] [89/121] 삼각지역 (primary=KEY_1)
2026-05-26 00:16:50,324 [INFO] [90/121] 서울대입구역 (primary=KEY_2)
2026-05-26 00:16:51,682 [INFO] [91/121] 서울식물원·마곡나루역 (primary=KEY_3)
2026-05-26 00:16:53,252 [INFO] [92/121] 서울역 (primary=KEY_4)
2026-05-26 00:16:54,862 [INFO] [93/121] 선릉역 (primary=KEY_1)
2026-05-26 00:16:56,639 [INFO] [94/121] 성신여대입구역 (primary=KEY_2)
2026-05-26 00:16:57,820 [INFO] [95/121] 수유역 (primary=KEY_3)
2026-05-26 00:16:59,200 [INFO] [96/121] 숭례문 (primary=KEY_4)
2026-05-26 00:17:00,615 [INFO] [97/121] 시의회 앞 (primary=KEY_1)
2026-05-26 00:17:01,999 [INFO] [98/121] 신논현역·논현역 (primary=KEY_2)
2026-05-26 00:17:03,394 [INFO] [99/121] 신도림역 (primary=KEY_3)
2026-05-26 00:17:04,563 [INFO] [100/121] 신림역 (primary=KEY_4)
2026-05-26 00:17:05,745 [INFO] [101/121] 신정네거리역 (primary=KEY_1)
2026-05-26 00:17:07,126 [INFO] [102/121] 신촌·이대역 (primary=KEY_2)
2026-05-26 00:17:08,499 [INFO] [103/121] 쌍문역 (primary=KEY_3)
2026-05-26 00:17:10,651 [INFO] [104/121] 양재역 (primary=KEY_4)
2026-05-26 00:17:12,022 [INFO] [105/121] 역삼역 (primary=KEY_1)
2026-05-26 00:17:13,592 [INFO] [106/121] 연신내역 (primary=KEY_2)
2026-05-26 00:17:14,817 [INFO] [107/121] 오목교역·목동운동장 (primary=KEY_3)
2026-05-26 00:17:16,857 [INFO] [108/121] 왕십리역 (primary=KEY_4)
2026-05-26 00:17:18,262 [INFO] [109/121] 용산역 (primary=KEY_1)
2026-05-26 00:17:19,837 [INFO] [110/121] 이태원역 (primary=KEY_2)
2026-05-26 00:17:21,025 [INFO] [111/121] 잠실새내역 (primary=KEY_3)
2026-05-26 00:17:22,439 [INFO] [112/121] 잠실역 (primary=KEY_4)
2026-05-26 00:17:24,016 [INFO] [113/121] 장지역 (primary=KEY_1)
2026-05-26 00:17:25,606 [INFO] [114/121] 장한평역 (primary=KEY_2)
2026-05-26 00:17:27,018 [INFO] [115/121] 천호역 (primary=KEY_3)
2026-05-26 00:17:28,397 [INFO] [116/121] 총신대입구(이수)역 (primary=KEY_4)
2026-05-26 00:17:29,767 [INFO] [117/121] 충정로역 (primary=KEY_1)
2026-05-26 00:17:31,144 [INFO] [118/121] 합정역 (primary=KEY_2)
2026-05-26 00:17:32,530 [INFO] [119/121] 혜화역 (primary=KEY_3)
2026-05-26 00:17:33,899 [INFO] [120/121] 홍대입구역(2호선) (primary=KEY_4)
2026-05-26 00:17:35,295 [INFO] [121/121] 회기역 (primary=KEY_1)
2026-05-26 00:17:37,106 [INFO] === 수집 완료 | 성공 121, 실패 0 ===
2026-05-26 00:17:37,106 [INFO] 카테고리별 저장 결과:
2026-05-26 00:17:37,106 [INFO]    accident                  | 신규     2행 | 누적      2행 | 16컬럼
2026-05-26 00:17:37,106 [INFO]    area_meta                 | 신규   121행 | 누적    121행 | 5컬럼
2026-05-26 00:17:37,106 [INFO]    bike                      | 신규    11행 | 누적     11행 | 12컬럼
2026-05-26 00:17:37,106 [INFO]    bike_sbike_stts           | 신규   556행 | 누적    556행 | 12컬럼
2026-05-26 00:17:37,107 [INFO]    bus                       | 신규     3행 | 누적      3행 | 11컬럼
2026-05-26 00:17:37,107 [INFO]    bus_bus_stn_stts          | 신규  1745행 | 누적   1745행 | 11컬럼
2026-05-26 00:17:37,107 [INFO]    charger                   | 신규     4행 | 누적      4행 | 15컬럼
2026-05-26 00:17:37,107 [INFO]    charger_charger_stts      | 신규  1869행 | 누적   1869행 | 15컬럼
2026-05-26 00:17:37,107 [INFO]    cmrcl                     | 신규    82행 | 누적     82행 | 20컬럼
2026-05-26 00:17:37,107 [INFO]    events                    | 신규    11행 | 누적     11행 | 14컬럼
2026-05-26 00:17:37,107 [INFO]    events_event_stts         | 신규   168행 | 누적    168행 | 14컬럼
2026-05-26 00:17:37,107 [INFO]    news_live_yna_news        | 신규   111행 | 누적    111행 | 10컬럼
2026-05-26 00:17:37,107 [INFO]    parking                   | 신규     6행 | 누적      6행 | 21컬럼
2026-05-26 00:17:37,107 [INFO]    parking_prk_stts          | 신규  1835행 | 누적   1835행 | 21컬럼
2026-05-26 00:17:37,107 [INFO]    ppltn                     | 신규   121행 | 누적    121행 | 26컬럼
2026-05-26 00:17:37,107 [INFO]    road                      | 신규   121행 | 누적    121행 | 21컬럼
2026-05-26 00:17:37,107 [INFO]    road_road_traffic_stts    | 신규  5252행 | 누적   5252행 | 17컬럼
2026-05-26 00:17:37,107 [INFO]    subway                    | 신규    38행 | 누적     38행 | 13컬럼
2026-05-26 00:17:37,107 [INFO]    subway_sub_stts           | 신규   183행 | 누적    183행 | 13컬럼
2026-05-26 00:17:37,107 [INFO]    weather                   | 신규   119행 | 누적    119행 | 29컬럼
2026-05-26 00:17:37,108 [INFO] 키별 사용량:
2026-05-26 00:17:37,108 [INFO]    🟢 KEY_1 (31/1000) 
2026-05-26 00:17:37,108 [INFO]    🟢 KEY_2 (30/1000) 
2026-05-26 00:17:37,108 [INFO]    🟢 KEY_3 (30/1000) 
2026-05-26 00:17:37,108 [INFO]    🟢 KEY_4 (30/1000) 
2026-05-26 01:53:07,383 [INFO] 등록된 키: 4개, 합산 한도 4,000건/일
2026-05-26 01:53:07,384 [INFO] POI 로드: 매뉴얼 v8.5 기준 fallback 121개 (121개 전체)
2026-05-26 01:53:07,384 [INFO] === 수집 시작 2026-05-26T01:53:07.384492+09:00 ===
2026-05-26 01:53:07,384 [INFO] 대상 장소: 121개 | API: citydata (통합)
2026-05-26 01:53:07,384 [INFO] 키 풀: 4/4 활성 | 오늘 사용 0/4000건
2026-05-26 01:53:07,384 [INFO]   [KEY_1] 담당 31장소
2026-05-26 01:53:07,384 [INFO]   [KEY_2] 담당 30장소
2026-05-26 01:53:07,384 [INFO]   [KEY_3] 담당 30장소
2026-05-26 01:53:07,384 [INFO]   [KEY_4] 담당 30장소
2026-05-26 01:53:07,385 [INFO] [1/121] 경복궁 (primary=KEY_1)
2026-05-26 01:53:09,305 [INFO] [2/121] 광화문·덕수궁 (primary=KEY_2)
2026-05-26 01:53:11,698 [INFO] [3/121] 보신각 (primary=KEY_3)
2026-05-26 01:53:12,874 [INFO] [4/121] 서울 암사동 유적 (primary=KEY_4)
2026-05-26 01:53:13,884 [INFO] [5/121] 창덕궁·종묘 (primary=KEY_1)
2026-05-26 01:53:15,041 [INFO] [6/121] 강남 MICE 관광특구 (primary=KEY_2)
2026-05-26 01:53:16,244 [INFO] [7/121] 동대문 관광특구 (primary=KEY_3)
2026-05-26 01:53:18,227 [INFO] [8/121] 명동 관광특구 (primary=KEY_4)
2026-05-26 01:53:20,539 [INFO] [9/121] 이태원 관광특구 (primary=KEY_1)
2026-05-26 01:53:21,720 [INFO] [10/121] 잠실 관광특구 (primary=KEY_2)
2026-05-26 01:53:23,404 [INFO] [11/121] 종로·청계 관광특구 (primary=KEY_3)
2026-05-26 01:53:25,630 [INFO] [12/121] 홍대 관광특구 (primary=KEY_4)
2026-05-26 01:53:27,574 [INFO] [13/121] 강서한강공원 (primary=KEY_1)
2026-05-26 01:53:29,162 [INFO] [14/121] 고척돔 (primary=KEY_2)
2026-05-26 01:53:30,173 [INFO] [15/121] 광나루한강공원 (primary=KEY_3)
2026-05-26 01:53:32,436 [INFO] [16/121] 광화문광장 (primary=KEY_4)
2026-05-26 01:53:34,752 [INFO] [17/121] 국립중앙박물관·용산가족공원 (primary=KEY_1)
2026-05-26 01:53:36,489 [INFO] [18/121] 난지한강공원 (primary=KEY_2)
2026-05-26 01:53:38,379 [INFO] [19/121] 남산공원 (primary=KEY_3)
2026-05-26 01:53:40,298 [INFO] [20/121] 노들섬 (primary=KEY_4)
2026-05-26 01:53:41,305 [INFO] [21/121] 뚝섬한강공원 (primary=KEY_1)
2026-05-26 01:53:43,038 [INFO] [22/121] 망원한강공원 (primary=KEY_2)
2026-05-26 01:53:44,215 [INFO] [23/121] 반포한강공원 (primary=KEY_3)
2026-05-26 01:53:45,991 [INFO] [24/121] 보라매공원 (primary=KEY_4)
2026-05-26 01:53:47,012 [INFO] [25/121] 북서울꿈의숲 (primary=KEY_1)
2026-05-26 01:53:48,160 [INFO] [26/121] 서대문독립공원 (primary=KEY_2)
2026-05-26 01:53:49,783 [INFO] [27/121] 서리풀공원·몽마르뜨공원 (primary=KEY_3)
2026-05-26 01:53:50,841 [INFO] [28/121] 서울대공원 (primary=KEY_4)
2026-05-26 01:53:51,850 [INFO] [29/121] 서울숲공원 (primary=KEY_1)
2026-05-26 01:53:53,022 [INFO] [30/121] 송현녹지광장 (primary=KEY_2)
2026-05-26 01:53:54,345 [INFO] [31/121] 아차산 (primary=KEY_3)
2026-05-26 01:53:56,263 [INFO] [32/121] 안양천 (primary=KEY_4)
2026-05-26 01:53:57,274 [INFO] [33/121] 양화한강공원 (primary=KEY_1)
2026-05-26 01:53:58,287 [INFO] [34/121] 어린이대공원 (primary=KEY_2)
2026-05-26 01:53:59,467 [INFO] [35/121] 여의도한강공원 (primary=KEY_3)
2026-05-26 01:54:00,635 [INFO] [36/121] 여의서로 (primary=KEY_4)
2026-05-26 01:54:01,790 [INFO] [37/121] 올림픽공원 (primary=KEY_1)
2026-05-26 01:54:03,003 [INFO] [38/121] 월드컵공원 (primary=KEY_2)
2026-05-26 01:54:04,339 [INFO] [39/121] 응봉산 (primary=KEY_3)
2026-05-26 01:54:05,499 [INFO] [40/121] 이촌한강공원 (primary=KEY_4)
2026-05-26 01:54:06,506 [INFO] [41/121] 잠실종합운동장 (primary=KEY_1)
2026-05-26 01:54:08,113 [INFO] [42/121] 잠실한강공원 (primary=KEY_2)
2026-05-26 01:54:09,135 [INFO] [43/121] 잠원한강공원 (primary=KEY_3)
2026-05-26 01:54:10,159 [INFO] [44/121] 청계산 (primary=KEY_4)
2026-05-26 01:54:11,168 [INFO] [45/121] 홍제폭포 (primary=KEY_1)
2026-05-26 01:54:12,324 [INFO] [46/121] 가락시장 (primary=KEY_2)
2026-05-26 01:54:13,519 [INFO] [47/121] 가로수길 (primary=KEY_3)
2026-05-26 01:54:14,741 [INFO] [48/121] 광장(전통)시장 (primary=KEY_4)
2026-05-26 01:54:15,766 [INFO] [49/121] 김포공항 (primary=KEY_1)
2026-05-26 01:54:16,962 [INFO] [50/121] 남대문시장 (primary=KEY_2)
2026-05-26 01:54:18,137 [INFO] [51/121] 노량진 (primary=KEY_3)
2026-05-26 01:54:19,892 [INFO] [52/121] 덕수궁길·정동길 (primary=KEY_4)
2026-05-26 01:54:21,084 [INFO] [53/121] 북창동 먹자골목 (primary=KEY_1)
2026-05-26 01:54:22,240 [INFO] [54/121] 북촌한옥마을 (primary=KEY_2)
2026-05-26 01:54:24,162 [INFO] [55/121] 서촌 (primary=KEY_3)
2026-05-26 01:54:25,329 [INFO] [56/121] 성수카페거리 (primary=KEY_4)
2026-05-26 01:54:26,664 [INFO] [57/121] 송리단길·호수단길 (primary=KEY_1)
2026-05-26 01:54:27,859 [INFO] [58/121] 신촌 스타광장 (primary=KEY_2)
2026-05-26 01:54:28,888 [INFO] [59/121] 압구정로데오거리 (primary=KEY_3)
2026-05-26 01:54:30,071 [INFO] [60/121] 여의도 (primary=KEY_4)
2026-05-26 01:54:31,941 [INFO] [61/121] 연남동 (primary=KEY_1)
2026-05-26 01:54:33,104 [INFO] [62/121] 영등포 타임스퀘어 (primary=KEY_2)
2026-05-26 01:54:34,258 [INFO] [63/121] 용리단길 (primary=KEY_3)
2026-05-26 01:54:36,162 [INFO] [64/121] 이태원 앤틱가구거리 (primary=KEY_4)
2026-05-26 01:54:37,185 [INFO] [65/121] 익선동 (primary=KEY_1)
2026-05-26 01:54:38,379 [INFO] [66/121] 인사동 (primary=KEY_2)
2026-05-26 01:54:39,589 [INFO] [67/121] 잠실롯데타워·석촌호수 (primary=KEY_3)
2026-05-26 01:54:41,084 [INFO] [68/121] 창동 신경제 중심지 (primary=KEY_4)
2026-05-26 01:54:43,173 [INFO] [69/121] 청담동 명품거리 (primary=KEY_1)
2026-05-26 01:54:44,393 [INFO] [70/121] 청량리 제기동 일대 전통시장 (primary=KEY_2)
2026-05-26 01:54:45,579 [INFO] [71/121] 해방촌·경리단길 (primary=KEY_3)
2026-05-26 01:54:46,615 [INFO] [72/121] DDP(동대문디자인플라자) (primary=KEY_4)
2026-05-26 01:54:47,818 [INFO] [73/121] DMC(디지털미디어시티) (primary=KEY_1)
2026-05-26 01:54:49,339 [INFO] [74/121] 가산디지털단지역 (primary=KEY_2)
2026-05-26 01:54:51,843 [INFO] [75/121] 강남역 (primary=KEY_3)
2026-05-26 01:54:53,199 [INFO] [76/121] 건대입구역 (primary=KEY_4)
2026-05-26 01:54:54,392 [INFO] [77/121] 고덕역 (primary=KEY_1)
2026-05-26 01:54:55,559 [INFO] [78/121] 고속터미널역 (primary=KEY_2)
2026-05-26 01:54:56,749 [INFO] [79/121] 교대역 (primary=KEY_3)
2026-05-26 01:54:57,800 [INFO] [80/121] 구로디지털단지역 (primary=KEY_4)
2026-05-26 01:54:59,153 [INFO] [81/121] 구로역 (primary=KEY_1)
2026-05-26 01:55:01,053 [INFO] [82/121] 군자역 (primary=KEY_2)
2026-05-26 01:55:02,081 [INFO] [83/121] 대림역 (primary=KEY_3)
2026-05-26 01:55:03,538 [INFO] [84/121] 동대문역 (primary=KEY_4)
2026-05-26 01:55:04,717 [INFO] [85/121] 뚝섬역 (primary=KEY_1)
2026-05-26 01:55:05,880 [INFO] [86/121] 미아사거리역 (primary=KEY_2)
2026-05-26 01:55:07,047 [INFO] [87/121] 발산역 (primary=KEY_3)
2026-05-26 01:55:08,657 [INFO] [88/121] 사당역 (primary=KEY_4)
2026-05-26 01:55:09,823 [INFO] [89/121] 삼각지역 (primary=KEY_1)
2026-05-26 01:55:10,839 [INFO] [90/121] 서울대입구역 (primary=KEY_2)
2026-05-26 01:55:12,011 [INFO] [91/121] 서울식물원·마곡나루역 (primary=KEY_3)
2026-05-26 01:55:13,344 [INFO] [92/121] 서울역 (primary=KEY_4)
2026-05-26 01:55:14,569 [INFO] [93/121] 선릉역 (primary=KEY_1)
2026-05-26 01:55:16,070 [INFO] [94/121] 성신여대입구역 (primary=KEY_2)
2026-05-26 01:55:17,104 [INFO] [95/121] 수유역 (primary=KEY_3)
2026-05-26 01:55:18,292 [INFO] [96/121] 숭례문 (primary=KEY_4)
2026-05-26 01:55:19,488 [INFO] [97/121] 시의회 앞 (primary=KEY_1)
2026-05-26 01:55:20,671 [INFO] [98/121] 신논현역·논현역 (primary=KEY_2)
2026-05-26 01:55:21,862 [INFO] [99/121] 신도림역 (primary=KEY_3)
2026-05-26 01:55:23,780 [INFO] [100/121] 신림역 (primary=KEY_4)
2026-05-26 01:55:24,803 [INFO] [101/121] 신정네거리역 (primary=KEY_1)
2026-05-26 01:55:25,968 [INFO] [102/121] 신촌·이대역 (primary=KEY_2)
2026-05-26 01:55:27,150 [INFO] [103/121] 쌍문역 (primary=KEY_3)
2026-05-26 01:55:28,323 [INFO] [104/121] 양재역 (primary=KEY_4)
2026-05-26 01:55:29,498 [INFO] [105/121] 역삼역 (primary=KEY_1)
2026-05-26 01:55:30,825 [INFO] [106/121] 연신내역 (primary=KEY_2)
2026-05-26 01:55:31,856 [INFO] [107/121] 오목교역·목동운동장 (primary=KEY_3)
2026-05-26 01:55:33,502 [INFO] [108/121] 왕십리역 (primary=KEY_4)
2026-05-26 01:55:34,702 [INFO] [109/121] 용산역 (primary=KEY_1)
2026-05-26 01:55:36,029 [INFO] [110/121] 이태원역 (primary=KEY_2)
2026-05-26 01:55:37,118 [INFO] [111/121] 잠실새내역 (primary=KEY_3)
2026-05-26 01:55:39,030 [INFO] [112/121] 잠실역 (primary=KEY_4)
2026-05-26 01:55:40,371 [INFO] [113/121] 장지역 (primary=KEY_1)
2026-05-26 01:55:41,847 [INFO] [114/121] 장한평역 (primary=KEY_2)
2026-05-26 01:55:43,034 [INFO] [115/121] 천호역 (primary=KEY_3)
2026-05-26 01:55:44,798 [INFO] [116/121] 총신대입구(이수)역 (primary=KEY_4)
2026-05-26 01:55:45,977 [INFO] [117/121] 충정로역 (primary=KEY_1)
2026-05-26 01:55:47,161 [INFO] [118/121] 합정역 (primary=KEY_2)
2026-05-26 01:55:48,358 [INFO] [119/121] 혜화역 (primary=KEY_3)
2026-05-26 01:55:49,521 [INFO] [120/121] 홍대입구역(2호선) (primary=KEY_4)
2026-05-26 01:55:50,715 [INFO] [121/121] 회기역 (primary=KEY_1)
2026-05-26 01:55:52,564 [INFO] === 수집 완료 | 성공 121, 실패 0 ===
2026-05-26 01:55:52,564 [INFO] 카테고리별 저장 결과:
2026-05-26 01:55:52,564 [INFO]    accident                  | 신규     2행 | 누적      4행 | 16컬럼
2026-05-26 01:55:52,564 [INFO]    area_meta                 | 신규   121행 | 누적    242행 | 5컬럼
2026-05-26 01:55:52,564 [INFO]    bike                      | 신규    11행 | 누적     22행 | 12컬럼
2026-05-26 01:55:52,564 [INFO]    bike_sbike_stts           | 신규   556행 | 누적   1112행 | 12컬럼
2026-05-26 01:55:52,564 [INFO]    bus                       | 신규     3행 | 누적      6행 | 11컬럼
2026-05-26 01:55:52,564 [INFO]    bus_bus_stn_stts          | 신규  1745행 | 누적   3490행 | 11컬럼
2026-05-26 01:55:52,564 [INFO]    charger                   | 신규     4행 | 누적      8행 | 15컬럼
2026-05-26 01:55:52,564 [INFO]    charger_charger_stts      | 신규  1869행 | 누적   3708행 | 15컬럼
2026-05-26 01:55:52,564 [INFO]    cmrcl                     | 신규    82행 | 누적    164행 | 20컬럼
2026-05-26 01:55:52,564 [INFO]    events                    | 신규    11행 | 누적     22행 | 14컬럼
2026-05-26 01:55:52,564 [INFO]    events_event_stts         | 신규   168행 | 누적    336행 | 14컬럼
2026-05-26 01:55:52,564 [INFO]    parking                   | 신규     6행 | 누적     12행 | 21컬럼
2026-05-26 01:55:52,564 [INFO]    parking_prk_stts          | 신규  1835행 | 누적   3670행 | 21컬럼
2026-05-26 01:55:52,564 [INFO]    ppltn                     | 신규   121행 | 누적    242행 | 26컬럼
2026-05-26 01:55:52,564 [INFO]    road                      | 신규   121행 | 누적    242행 | 21컬럼
2026-05-26 01:55:52,564 [INFO]    road_road_traffic_stts    | 신규  5252행 | 누적  10504행 | 17컬럼
2026-05-26 01:55:52,565 [INFO]    subway                    | 신규    38행 | 누적     76행 | 13컬럼
2026-05-26 01:55:52,565 [INFO]    subway_sub_stts           | 신규   183행 | 누적    366행 | 13컬럼
2026-05-26 01:55:52,565 [INFO]    weather                   | 신규   119행 | 누적    238행 | 29컬럼
2026-05-26 01:55:52,565 [INFO] 키별 사용량:
2026-05-26 01:55:52,565 [INFO]    🟢 KEY_1 (31/1000) 
2026-05-26 01:55:52,565 [INFO]    🟢 KEY_2 (30/1000) 
2026-05-26 01:55:52,565 [INFO]    🟢 KEY_3 (30/1000) 
2026-05-26 01:55:52,565 [INFO]    🟢 KEY_4 (30/1000) 
2026-05-26 02:41:14,845 [INFO] 등록된 키: 4개, 합산 한도 4,000건/일
2026-05-26 02:41:14,846 [INFO] POI 로드: 매뉴얼 v8.5 기준 fallback 121개 (121개 전체)
2026-05-26 02:41:14,846 [INFO] === 수집 시작 2026-05-26T02:41:14.846663+09:00 ===
2026-05-26 02:41:14,846 [INFO] 대상 장소: 121개 | API: citydata (통합)
2026-05-26 02:41:14,846 [INFO] 키 풀: 4/4 활성 | 오늘 사용 0/4000건
2026-05-26 02:41:14,846 [INFO]   [KEY_1] 담당 31장소
2026-05-26 02:41:14,846 [INFO]   [KEY_2] 담당 30장소
2026-05-26 02:41:14,847 [INFO]   [KEY_3] 담당 30장소
2026-05-26 02:41:14,847 [INFO]   [KEY_4] 담당 30장소
2026-05-26 02:41:14,847 [INFO] [1/121] 경복궁 (primary=KEY_1)
2026-05-26 02:41:16,813 [INFO] [2/121] 광화문·덕수궁 (primary=KEY_2)
2026-05-26 02:41:19,740 [INFO] [3/121] 보신각 (primary=KEY_3)
2026-05-26 02:41:21,905 [INFO] [4/121] 서울 암사동 유적 (primary=KEY_4)
2026-05-26 02:41:24,250 [INFO] [5/121] 창덕궁·종묘 (primary=KEY_1)
2026-05-26 02:41:26,573 [INFO] [6/121] 강남 MICE 관광특구 (primary=KEY_2)
2026-05-26 02:41:29,530 [INFO] [7/121] 동대문 관광특구 (primary=KEY_3)
2026-05-26 02:41:32,336 [INFO] [8/121] 명동 관광특구 (primary=KEY_4)
2026-05-26 02:41:33,972 [INFO] [9/121] 이태원 관광특구 (primary=KEY_1)
2026-05-26 02:41:35,357 [INFO] [10/121] 잠실 관광특구 (primary=KEY_2)
2026-05-26 02:41:36,951 [INFO] [11/121] 종로·청계 관광특구 (primary=KEY_3)
2026-05-26 02:41:38,584 [INFO] [12/121] 홍대 관광특구 (primary=KEY_4)
2026-05-26 02:41:40,999 [INFO] [13/121] 강서한강공원 (primary=KEY_1)
2026-05-26 02:41:42,928 [INFO] [14/121] 고척돔 (primary=KEY_2)
2026-05-26 02:41:44,861 [INFO] [15/121] 광나루한강공원 (primary=KEY_3)
2026-05-26 02:41:46,797 [INFO] [16/121] 광화문광장 (primary=KEY_4)
2026-05-26 02:41:48,212 [INFO] [17/121] 국립중앙박물관·용산가족공원 (primary=KEY_1)
2026-05-26 02:41:49,360 [INFO] [18/121] 난지한강공원 (primary=KEY_2)
2026-05-26 02:41:51,663 [INFO] [19/121] 남산공원 (primary=KEY_3)
2026-05-26 02:41:53,272 [INFO] [20/121] 노들섬 (primary=KEY_4)
2026-05-26 02:41:54,432 [INFO] [21/121] 뚝섬한강공원 (primary=KEY_1)
2026-05-26 02:41:55,615 [INFO] [22/121] 망원한강공원 (primary=KEY_2)
2026-05-26 02:41:56,981 [INFO] [23/121] 반포한강공원 (primary=KEY_3)
2026-05-26 02:41:58,121 [INFO] [24/121] 보라매공원 (primary=KEY_4)
2026-05-26 02:42:00,084 [INFO] [25/121] 북서울꿈의숲 (primary=KEY_1)
2026-05-26 02:42:02,238 [INFO] [26/121] 서대문독립공원 (primary=KEY_2)
2026-05-26 02:42:04,399 [INFO] [27/121] 서리풀공원·몽마르뜨공원 (primary=KEY_3)
2026-05-26 02:42:06,539 [INFO] [28/121] 서울대공원 (primary=KEY_4)
2026-05-26 02:42:07,689 [INFO] [29/121] 서울숲공원 (primary=KEY_1)
2026-05-26 02:42:09,831 [INFO] [30/121] 송현녹지광장 (primary=KEY_2)
2026-05-26 02:42:11,184 [INFO] [31/121] 아차산 (primary=KEY_3)
2026-05-26 02:42:12,316 [INFO] [32/121] 안양천 (primary=KEY_4)
2026-05-26 02:42:14,243 [INFO] [33/121] 양화한강공원 (primary=KEY_1)
2026-05-26 02:42:15,411 [INFO] [34/121] 어린이대공원 (primary=KEY_2)
2026-05-26 02:42:17,182 [INFO] [35/121] 여의도한강공원 (primary=KEY_3)
2026-05-26 02:42:18,523 [INFO] [36/121] 여의서로 (primary=KEY_4)
2026-05-26 02:42:19,667 [INFO] [37/121] 올림픽공원 (primary=KEY_1)
2026-05-26 02:42:21,054 [INFO] [38/121] 월드컵공원 (primary=KEY_2)
2026-05-26 02:42:23,416 [INFO] [39/121] 응봉산 (primary=KEY_3)
2026-05-26 02:42:25,463 [INFO] [40/121] 이촌한강공원 (primary=KEY_4)
2026-05-26 02:42:26,612 [INFO] [41/121] 잠실종합운동장 (primary=KEY_1)
2026-05-26 02:42:27,758 [INFO] [42/121] 잠실한강공원 (primary=KEY_2)
2026-05-26 02:42:28,918 [INFO] [43/121] 잠원한강공원 (primary=KEY_3)
2026-05-26 02:42:30,067 [INFO] [44/121] 청계산 (primary=KEY_4)
2026-05-26 02:42:31,201 [INFO] [45/121] 홍제폭포 (primary=KEY_1)
2026-05-26 02:42:32,360 [INFO] [46/121] 가락시장 (primary=KEY_2)
2026-05-26 02:42:33,733 [INFO] [47/121] 가로수길 (primary=KEY_3)
2026-05-26 02:42:35,132 [INFO] [48/121] 광장(전통)시장 (primary=KEY_4)
2026-05-26 02:42:36,293 [INFO] [49/121] 김포공항 (primary=KEY_1)
2026-05-26 02:42:37,687 [INFO] [50/121] 남대문시장 (primary=KEY_2)
2026-05-26 02:42:39,450 [INFO] [51/121] 노량진 (primary=KEY_3)
2026-05-26 02:42:40,635 [INFO] [52/121] 덕수궁길·정동길 (primary=KEY_4)
2026-05-26 02:42:42,015 [INFO] [53/121] 북창동 먹자골목 (primary=KEY_1)
2026-05-26 02:42:43,957 [INFO] [54/121] 북촌한옥마을 (primary=KEY_2)
2026-05-26 02:42:45,330 [INFO] [55/121] 서촌 (primary=KEY_3)
2026-05-26 02:42:46,687 [INFO] [56/121] 성수카페거리 (primary=KEY_4)
2026-05-26 02:42:48,061 [INFO] [57/121] 송리단길·호수단길 (primary=KEY_1)
2026-05-26 02:42:49,442 [INFO] [58/121] 신촌 스타광장 (primary=KEY_2)
2026-05-26 02:42:50,620 [INFO] [59/121] 압구정로데오거리 (primary=KEY_3)
2026-05-26 02:42:52,006 [INFO] [60/121] 여의도 (primary=KEY_4)
2026-05-26 02:42:54,818 [INFO] [61/121] 연남동 (primary=KEY_1)
2026-05-26 02:42:56,177 [INFO] [62/121] 영등포 타임스퀘어 (primary=KEY_2)
2026-05-26 02:42:57,530 [INFO] [63/121] 용리단길 (primary=KEY_3)
2026-05-26 02:42:59,297 [INFO] [64/121] 이태원 앤틱가구거리 (primary=KEY_4)
2026-05-26 02:43:00,474 [INFO] [65/121] 익선동 (primary=KEY_1)
2026-05-26 02:43:01,866 [INFO] [66/121] 인사동 (primary=KEY_2)
2026-05-26 02:43:03,252 [INFO] [67/121] 잠실롯데타워·석촌호수 (primary=KEY_3)
2026-05-26 02:43:04,637 [INFO] [68/121] 창동 신경제 중심지 (primary=KEY_4)
2026-05-26 02:43:06,212 [INFO] [69/121] 청담동 명품거리 (primary=KEY_1)
2026-05-26 02:43:07,585 [INFO] [70/121] 청량리 제기동 일대 전통시장 (primary=KEY_2)
2026-05-26 02:43:08,968 [INFO] [71/121] 해방촌·경리단길 (primary=KEY_3)
2026-05-26 02:43:10,158 [INFO] [72/121] DDP(동대문디자인플라자) (primary=KEY_4)
2026-05-26 02:43:11,594 [INFO] [73/121] DMC(디지털미디어시티) (primary=KEY_1)
2026-05-26 02:43:13,198 [INFO] [74/121] 가산디지털단지역 (primary=KEY_2)
2026-05-26 02:43:15,360 [INFO] [75/121] 강남역 (primary=KEY_3)
2026-05-26 02:43:16,937 [INFO] [76/121] 건대입구역 (primary=KEY_4)
2026-05-26 02:43:18,332 [INFO] [77/121] 고덕역 (primary=KEY_1)
2026-05-26 02:43:19,518 [INFO] [78/121] 고속터미널역 (primary=KEY_2)
2026-05-26 02:43:20,710 [INFO] [79/121] 교대역 (primary=KEY_3)
2026-05-26 02:43:21,903 [INFO] [80/121] 구로디지털단지역 (primary=KEY_4)
2026-05-26 02:43:23,269 [INFO] [81/121] 구로역 (primary=KEY_1)
2026-05-26 02:43:24,426 [INFO] [82/121] 군자역 (primary=KEY_2)
2026-05-26 02:43:25,612 [INFO] [83/121] 대림역 (primary=KEY_3)
2026-05-26 02:43:26,796 [INFO] [84/121] 동대문역 (primary=KEY_4)
2026-05-26 02:43:27,967 [INFO] [85/121] 뚝섬역 (primary=KEY_1)
2026-05-26 02:43:29,348 [INFO] [86/121] 미아사거리역 (primary=KEY_2)
2026-05-26 02:43:30,717 [INFO] [87/121] 발산역 (primary=KEY_3)
2026-05-26 02:43:32,271 [INFO] [88/121] 사당역 (primary=KEY_4)
2026-05-26 02:43:33,639 [INFO] [89/121] 삼각지역 (primary=KEY_1)
2026-05-26 02:43:34,810 [INFO] [90/121] 서울대입구역 (primary=KEY_2)
2026-05-26 02:43:35,992 [INFO] [91/121] 서울식물원·마곡나루역 (primary=KEY_3)
2026-05-26 02:43:37,367 [INFO] [92/121] 서울역 (primary=KEY_4)
2026-05-26 02:43:38,811 [INFO] [93/121] 선릉역 (primary=KEY_1)
2026-05-26 02:43:40,382 [INFO] [94/121] 성신여대입구역 (primary=KEY_2)
2026-05-26 02:43:41,589 [INFO] [95/121] 수유역 (primary=KEY_3)
2026-05-26 02:43:42,952 [INFO] [96/121] 숭례문 (primary=KEY_4)
2026-05-26 02:43:44,508 [INFO] [97/121] 시의회 앞 (primary=KEY_1)
2026-05-26 02:43:45,877 [INFO] [98/121] 신논현역·논현역 (primary=KEY_2)
2026-05-26 02:43:47,258 [INFO] [99/121] 신도림역 (primary=KEY_3)
2026-05-26 02:43:48,437 [INFO] [100/121] 신림역 (primary=KEY_4)
2026-05-26 02:43:49,619 [INFO] [101/121] 신정네거리역 (primary=KEY_1)
2026-05-26 02:43:50,800 [INFO] [102/121] 신촌·이대역 (primary=KEY_2)
2026-05-26 02:43:52,166 [INFO] [103/121] 쌍문역 (primary=KEY_3)
2026-05-26 02:43:53,347 [INFO] [104/121] 양재역 (primary=KEY_4)
2026-05-26 02:43:54,520 [INFO] [105/121] 역삼역 (primary=KEY_1)
2026-05-26 02:43:55,896 [INFO] [106/121] 연신내역 (primary=KEY_2)
2026-05-26 02:43:57,100 [INFO] [107/121] 오목교역·목동운동장 (primary=KEY_3)
2026-05-26 02:43:58,702 [INFO] [108/121] 왕십리역 (primary=KEY_4)
2026-05-26 02:44:00,110 [INFO] [109/121] 용산역 (primary=KEY_1)
2026-05-26 02:44:01,475 [INFO] [110/121] 이태원역 (primary=KEY_2)
2026-05-26 02:44:02,664 [INFO] [111/121] 잠실새내역 (primary=KEY_3)
2026-05-26 02:44:04,034 [INFO] [112/121] 잠실역 (primary=KEY_4)
2026-05-26 02:44:05,402 [INFO] [113/121] 장지역 (primary=KEY_1)
2026-05-26 02:44:06,763 [INFO] [114/121] 장한평역 (primary=KEY_2)
2026-05-26 02:44:08,127 [INFO] [115/121] 천호역 (primary=KEY_3)
2026-05-26 02:44:09,506 [INFO] [116/121] 총신대입구(이수)역 (primary=KEY_4)
2026-05-26 02:44:10,964 [INFO] [117/121] 충정로역 (primary=KEY_1)
2026-05-26 02:44:13,749 [INFO] [118/121] 합정역 (primary=KEY_2)
2026-05-26 02:44:15,141 [INFO] [119/121] 혜화역 (primary=KEY_3)
2026-05-26 02:44:16,341 [INFO] [120/121] 홍대입구역(2호선) (primary=KEY_4)
2026-05-26 02:44:17,546 [INFO] [121/121] 회기역 (primary=KEY_1)
2026-05-26 02:44:19,836 [INFO] === 수집 완료 | 성공 121, 실패 0 ===
2026-05-26 02:44:19,836 [INFO] 카테고리별 저장 결과:
2026-05-26 02:44:19,836 [INFO]    accident                  | 신규     2행 | 누적      6행 | 16컬럼
2026-05-26 02:44:19,836 [INFO]    area_meta                 | 신규   121행 | 누적    363행 | 5컬럼
2026-05-26 02:44:19,836 [INFO]    bike                      | 신규    11행 | 누적     33행 | 12컬럼
2026-05-26 02:44:19,836 [INFO]    bike_sbike_stts           | 신규   556행 | 누적   1668행 | 12컬럼
2026-05-26 02:44:19,836 [INFO]    bus                       | 신규     3행 | 누적      9행 | 11컬럼
2026-05-26 02:44:19,836 [INFO]    bus_bus_stn_stts          | 신규  1745행 | 누적   5235행 | 11컬럼
2026-05-26 02:44:19,836 [INFO]    charger                   | 신규    24행 | 누적     32행 | 15컬럼
2026-05-26 02:44:19,836 [INFO]    charger_charger_stts      | 신규   375행 | 누적   4080행 | 15컬럼
2026-05-26 02:44:19,836 [INFO]    cmrcl                     | 신규    82행 | 누적    246행 | 20컬럼
2026-05-26 02:44:19,836 [INFO]    events                    | 신규    11행 | 누적     33행 | 14컬럼
2026-05-26 02:44:19,836 [INFO]    events_event_stts         | 신규   168행 | 누적    504행 | 14컬럼
2026-05-26 02:44:19,837 [INFO]    parking                   | 신규     6행 | 누적     18행 | 21컬럼
2026-05-26 02:44:19,837 [INFO]    parking_prk_stts          | 신규  1835행 | 누적   5505행 | 21컬럼
2026-05-26 02:44:19,837 [INFO]    ppltn                     | 신규   121행 | 누적    363행 | 26컬럼
2026-05-26 02:44:19,837 [INFO]    road                      | 신규   121행 | 누적    363행 | 21컬럼
2026-05-26 02:44:19,837 [INFO]    road_road_traffic_stts    | 신규  5252행 | 누적  15756행 | 17컬럼
2026-05-26 02:44:19,837 [INFO]    subway                    | 신규    38행 | 누적    114행 | 13컬럼
2026-05-26 02:44:19,837 [INFO]    subway_sub_stts           | 신규   183행 | 누적    549행 | 13컬럼
2026-05-26 02:44:19,837 [INFO]    weather                   | 신규   119행 | 누적    357행 | 29컬럼
2026-05-26 02:44:19,837 [INFO] 키별 사용량:
2026-05-26 02:44:19,837 [INFO]    🟢 KEY_1 (31/1000) 
2026-05-26 02:44:19,837 [INFO]    🟢 KEY_2 (30/1000) 
2026-05-26 02:44:19,837 [INFO]    🟢 KEY_3 (30/1000) 
2026-05-26 02:44:19,837 [INFO]    🟢 KEY_4 (30/1000) 
2026-05-26 03:46:17,107 [INFO] 등록된 키: 4개, 합산 한도 4,000건/일
2026-05-26 03:46:17,108 [INFO] POI 로드: 매뉴얼 v8.5 기준 fallback 121개 (121개 전체)
2026-05-26 03:46:17,108 [INFO] === 수집 시작 2026-05-26T03:46:17.108593+09:00 ===
2026-05-26 03:46:17,108 [INFO] 대상 장소: 121개 | API: citydata (통합)
2026-05-26 03:46:17,108 [INFO] 키 풀: 4/4 활성 | 오늘 사용 0/4000건
2026-05-26 03:46:17,108 [INFO]   [KEY_1] 담당 31장소
2026-05-26 03:46:17,108 [INFO]   [KEY_2] 담당 30장소
2026-05-26 03:46:17,108 [INFO]   [KEY_3] 담당 30장소
2026-05-26 03:46:17,108 [INFO]   [KEY_4] 담당 30장소
2026-05-26 03:46:17,109 [INFO] [1/121] 경복궁 (primary=KEY_1)
2026-05-26 03:46:18,877 [INFO] [2/121] 광화문·덕수궁 (primary=KEY_2)
2026-05-26 03:46:21,241 [INFO] [3/121] 보신각 (primary=KEY_3)
2026-05-26 03:46:23,380 [INFO] [4/121] 서울 암사동 유적 (primary=KEY_4)
2026-05-26 03:46:25,119 [INFO] [5/121] 창덕궁·종묘 (primary=KEY_1)
2026-05-26 03:46:27,060 [INFO] [6/121] 강남 MICE 관광특구 (primary=KEY_2)
2026-05-26 03:46:29,038 [INFO] [7/121] 동대문 관광특구 (primary=KEY_3)
2026-05-26 03:46:31,427 [INFO] [8/121] 명동 관광특구 (primary=KEY_4)
2026-05-26 03:46:33,882 [INFO] [9/121] 이태원 관광특구 (primary=KEY_1)
2026-05-26 03:46:35,873 [INFO] [10/121] 잠실 관광특구 (primary=KEY_2)
2026-05-26 03:46:38,481 [INFO] [11/121] 종로·청계 관광특구 (primary=KEY_3)
2026-05-26 03:46:40,696 [INFO] [12/121] 홍대 관광특구 (primary=KEY_4)
2026-05-26 03:46:42,317 [INFO] [13/121] 강서한강공원 (primary=KEY_1)
2026-05-26 03:46:44,241 [INFO] [14/121] 고척돔 (primary=KEY_2)
2026-05-26 03:46:45,395 [INFO] [15/121] 광나루한강공원 (primary=KEY_3)
2026-05-26 03:46:47,321 [INFO] [16/121] 광화문광장 (primary=KEY_4)
2026-05-26 03:46:49,471 [INFO] [17/121] 국립중앙박물관·용산가족공원 (primary=KEY_1)
2026-05-26 03:46:51,414 [INFO] [18/121] 난지한강공원 (primary=KEY_2)
2026-05-26 03:46:53,360 [INFO] [19/121] 남산공원 (primary=KEY_3)
2026-05-26 03:46:55,969 [INFO] [20/121] 노들섬 (primary=KEY_4)
2026-05-26 03:46:57,120 [INFO] [21/121] 뚝섬한강공원 (primary=KEY_1)
2026-05-26 03:46:58,287 [INFO] [22/121] 망원한강공원 (primary=KEY_2)
2026-05-26 03:47:00,423 [INFO] [23/121] 반포한강공원 (primary=KEY_3)
2026-05-26 03:47:02,767 [INFO] [24/121] 보라매공원 (primary=KEY_4)
2026-05-26 03:47:03,967 [INFO] [25/121] 북서울꿈의숲 (primary=KEY_1)
2026-05-26 03:47:05,326 [INFO] [26/121] 서대문독립공원 (primary=KEY_2)
2026-05-26 03:47:07,080 [INFO] [27/121] 서리풀공원·몽마르뜨공원 (primary=KEY_3)
2026-05-26 03:47:08,291 [INFO] [28/121] 서울대공원 (primary=KEY_4)
2026-05-26 03:47:10,233 [INFO] [29/121] 서울숲공원 (primary=KEY_1)
2026-05-26 03:47:11,593 [INFO] [30/121] 송현녹지광장 (primary=KEY_2)
2026-05-26 03:47:13,555 [INFO] [31/121] 아차산 (primary=KEY_3)
2026-05-26 03:47:15,480 [INFO] [32/121] 안양천 (primary=KEY_4)
2026-05-26 03:47:16,638 [INFO] [33/121] 양화한강공원 (primary=KEY_1)
2026-05-26 03:47:17,788 [INFO] [34/121] 어린이대공원 (primary=KEY_2)
2026-05-26 03:47:19,179 [INFO] [35/121] 여의도한강공원 (primary=KEY_3)
2026-05-26 03:47:20,525 [INFO] [36/121] 여의서로 (primary=KEY_4)
2026-05-26 03:47:22,676 [INFO] [37/121] 올림픽공원 (primary=KEY_1)
2026-05-26 03:47:24,108 [INFO] [38/121] 월드컵공원 (primary=KEY_2)
2026-05-26 03:47:25,711 [INFO] [39/121] 응봉산 (primary=KEY_3)
2026-05-26 03:47:27,054 [INFO] [40/121] 이촌한강공원 (primary=KEY_4)
2026-05-26 03:47:28,207 [INFO] [41/121] 잠실종합운동장 (primary=KEY_1)
2026-05-26 03:47:29,358 [INFO] [42/121] 잠실한강공원 (primary=KEY_2)
2026-05-26 03:47:30,535 [INFO] [43/121] 잠원한강공원 (primary=KEY_3)
2026-05-26 03:47:31,692 [INFO] [44/121] 청계산 (primary=KEY_4)
2026-05-26 03:47:32,844 [INFO] [45/121] 홍제폭포 (primary=KEY_1)
2026-05-26 03:47:33,993 [INFO] [46/121] 가락시장 (primary=KEY_2)
2026-05-26 03:47:35,367 [INFO] [47/121] 가로수길 (primary=KEY_3)
2026-05-26 03:47:36,752 [INFO] [48/121] 광장(전통)시장 (primary=KEY_4)
2026-05-26 03:47:38,712 [INFO] [49/121] 김포공항 (primary=KEY_1)
2026-05-26 03:47:40,105 [INFO] [50/121] 남대문시장 (primary=KEY_2)
2026-05-26 03:47:41,459 [INFO] [51/121] 노량진 (primary=KEY_3)
2026-05-26 03:47:42,853 [INFO] [52/121] 덕수궁길·정동길 (primary=KEY_4)
2026-05-26 03:47:44,455 [INFO] [53/121] 북창동 먹자골목 (primary=KEY_1)
2026-05-26 03:47:45,821 [INFO] [54/121] 북촌한옥마을 (primary=KEY_2)
2026-05-26 03:47:47,390 [INFO] [55/121] 서촌 (primary=KEY_3)
2026-05-26 03:47:48,769 [INFO] [56/121] 성수카페거리 (primary=KEY_4)
2026-05-26 03:47:50,340 [INFO] [57/121] 송리단길·호수단길 (primary=KEY_1)
2026-05-26 03:47:51,717 [INFO] [58/121] 신촌 스타광장 (primary=KEY_2)
2026-05-26 03:47:52,889 [INFO] [59/121] 압구정로데오거리 (primary=KEY_3)
2026-05-26 03:47:54,268 [INFO] [60/121] 여의도 (primary=KEY_4)
2026-05-26 03:47:57,955 [INFO] [61/121] 연남동 (primary=KEY_1)
2026-05-26 03:47:59,295 [INFO] [62/121] 영등포 타임스퀘어 (primary=KEY_2)
2026-05-26 03:48:00,654 [INFO] [63/121] 용리단길 (primary=KEY_3)
2026-05-26 03:48:01,848 [INFO] [64/121] 이태원 앤틱가구거리 (primary=KEY_4)
2026-05-26 03:48:03,028 [INFO] [65/121] 익선동 (primary=KEY_1)
2026-05-26 03:48:04,408 [INFO] [66/121] 인사동 (primary=KEY_2)
2026-05-26 03:48:05,811 [INFO] [67/121] 잠실롯데타워·석촌호수 (primary=KEY_3)
2026-05-26 03:48:07,630 [INFO] [68/121] 창동 신경제 중심지 (primary=KEY_4)
2026-05-26 03:48:09,402 [INFO] [69/121] 청담동 명품거리 (primary=KEY_1)
2026-05-26 03:48:10,803 [INFO] [70/121] 청량리 제기동 일대 전통시장 (primary=KEY_2)
2026-05-26 03:48:12,181 [INFO] [71/121] 해방촌·경리단길 (primary=KEY_3)
2026-05-26 03:48:13,345 [INFO] [72/121] DDP(동대문디자인플라자) (primary=KEY_4)
2026-05-26 03:48:14,722 [INFO] [73/121] DMC(디지털미디어시티) (primary=KEY_1)
2026-05-26 03:48:16,508 [INFO] [74/121] 가산디지털단지역 (primary=KEY_2)
2026-05-26 03:48:18,488 [INFO] [75/121] 강남역 (primary=KEY_3)
2026-05-26 03:48:20,092 [INFO] [76/121] 건대입구역 (primary=KEY_4)
2026-05-26 03:48:22,618 [INFO] [77/121] 고덕역 (primary=KEY_1)
2026-05-26 03:48:23,996 [INFO] [78/121] 고속터미널역 (primary=KEY_2)
2026-05-26 03:48:25,372 [INFO] [79/121] 교대역 (primary=KEY_3)
2026-05-26 03:48:26,559 [INFO] [80/121] 구로디지털단지역 (primary=KEY_4)
2026-05-26 03:48:28,147 [INFO] [81/121] 구로역 (primary=KEY_1)
2026-05-26 03:48:29,495 [INFO] [82/121] 군자역 (primary=KEY_2)
2026-05-26 03:48:30,670 [INFO] [83/121] 대림역 (primary=KEY_3)
2026-05-26 03:48:32,094 [INFO] [84/121] 동대문역 (primary=KEY_4)
2026-05-26 03:48:33,479 [INFO] [85/121] 뚝섬역 (primary=KEY_1)
2026-05-26 03:48:34,862 [INFO] [86/121] 미아사거리역 (primary=KEY_2)
2026-05-26 03:48:36,230 [INFO] [87/121] 발산역 (primary=KEY_3)
2026-05-26 03:48:37,974 [INFO] [88/121] 사당역 (primary=KEY_4)
2026-05-26 03:48:39,393 [INFO] [89/121] 삼각지역 (primary=KEY_1)
2026-05-26 03:48:40,567 [INFO] [90/121] 서울대입구역 (primary=KEY_2)
2026-05-26 03:48:42,514 [INFO] [91/121] 서울식물원·마곡나루역 (primary=KEY_3)
2026-05-26 03:48:44,110 [INFO] [92/121] 서울역 (primary=KEY_4)
2026-05-26 03:48:45,545 [INFO] [93/121] 선릉역 (primary=KEY_1)
2026-05-26 03:48:47,327 [INFO] [94/121] 성신여대입구역 (primary=KEY_2)
2026-05-26 03:48:48,513 [INFO] [95/121] 수유역 (primary=KEY_3)
2026-05-26 03:48:49,888 [INFO] [96/121] 숭례문 (primary=KEY_4)
2026-05-26 03:48:51,276 [INFO] [97/121] 시의회 앞 (primary=KEY_1)
2026-05-26 03:48:52,647 [INFO] [98/121] 신논현역·논현역 (primary=KEY_2)
2026-05-26 03:48:54,089 [INFO] [99/121] 신도림역 (primary=KEY_3)
2026-05-26 03:48:55,254 [INFO] [100/121] 신림역 (primary=KEY_4)
2026-05-26 03:48:56,435 [INFO] [101/121] 신정네거리역 (primary=KEY_1)
2026-05-26 03:48:57,814 [INFO] [102/121] 신촌·이대역 (primary=KEY_2)
2026-05-26 03:48:59,198 [INFO] [103/121] 쌍문역 (primary=KEY_3)
2026-05-26 03:49:00,589 [INFO] [104/121] 양재역 (primary=KEY_4)
2026-05-26 03:49:01,987 [INFO] [105/121] 역삼역 (primary=KEY_1)
2026-05-26 03:49:03,550 [INFO] [106/121] 연신내역 (primary=KEY_2)
2026-05-26 03:49:04,749 [INFO] [107/121] 오목교역·목동운동장 (primary=KEY_3)
2026-05-26 03:49:06,736 [INFO] [108/121] 왕십리역 (primary=KEY_4)
2026-05-26 03:49:08,166 [INFO] [109/121] 용산역 (primary=KEY_1)
2026-05-26 03:49:09,730 [INFO] [110/121] 이태원역 (primary=KEY_2)
2026-05-26 03:49:10,914 [INFO] [111/121] 잠실새내역 (primary=KEY_3)
2026-05-26 03:49:12,376 [INFO] [112/121] 잠실역 (primary=KEY_4)
2026-05-26 03:49:13,970 [INFO] [113/121] 장지역 (primary=KEY_1)
2026-05-26 03:49:15,572 [INFO] [114/121] 장한평역 (primary=KEY_2)
2026-05-26 03:49:16,955 [INFO] [115/121] 천호역 (primary=KEY_3)
2026-05-26 03:49:18,342 [INFO] [116/121] 총신대입구(이수)역 (primary=KEY_4)
2026-05-26 03:49:19,734 [INFO] [117/121] 충정로역 (primary=KEY_1)
2026-05-26 03:49:21,119 [INFO] [118/121] 합정역 (primary=KEY_2)
2026-05-26 03:49:22,491 [INFO] [119/121] 혜화역 (primary=KEY_3)
2026-05-26 03:49:23,879 [INFO] [120/121] 홍대입구역(2호선) (primary=KEY_4)
2026-05-26 03:49:25,278 [INFO] [121/121] 회기역 (primary=KEY_1)
2026-05-26 03:49:27,607 [INFO] === 수집 완료 | 성공 121, 실패 0 ===
2026-05-26 03:49:27,607 [INFO] 카테고리별 저장 결과:
2026-05-26 03:49:27,607 [INFO]    area_meta                 | 신규   121행 | 누적    484행 | 5컬럼
2026-05-26 03:49:27,607 [INFO]    bike                      | 신규    11행 | 누적     44행 | 12컬럼
2026-05-26 03:49:27,607 [INFO]    bike_sbike_stts           | 신규   556행 | 누적   2224행 | 12컬럼
2026-05-26 03:49:27,607 [INFO]    bus                       | 신규     3행 | 누적     12행 | 11컬럼
2026-05-26 03:49:27,607 [INFO]    bus_bus_stn_stts          | 신규  1745행 | 누적   6980행 | 11컬럼
2026-05-26 03:49:27,607 [INFO]    charger                   | 신규     4행 | 누적     36행 | 15컬럼
2026-05-26 03:49:27,607 [INFO]    charger_charger_stts      | 신규  1869행 | 누적   5934행 | 15컬럼
2026-05-26 03:49:27,607 [INFO]    cmrcl                     | 신규    82행 | 누적    328행 | 20컬럼
2026-05-26 03:49:27,607 [INFO]    events                    | 신규    11행 | 누적     44행 | 14컬럼
2026-05-26 03:49:27,607 [INFO]    events_event_stts         | 신규   168행 | 누적    672행 | 14컬럼
2026-05-26 03:49:27,608 [INFO]    parking                   | 신규     6행 | 누적     24행 | 21컬럼
2026-05-26 03:49:27,608 [INFO]    parking_prk_stts          | 신규  1835행 | 누적   7340행 | 21컬럼
2026-05-26 03:49:27,608 [INFO]    ppltn                     | 신규   121행 | 누적    484행 | 26컬럼
2026-05-26 03:49:27,608 [INFO]    road                      | 신규   121행 | 누적    484행 | 21컬럼
2026-05-26 03:49:27,608 [INFO]    road_road_traffic_stts    | 신규  5252행 | 누적  21008행 | 17컬럼
2026-05-26 03:49:27,608 [INFO]    subway                    | 신규    38행 | 누적    152행 | 13컬럼
2026-05-26 03:49:27,608 [INFO]    subway_sub_stts           | 신규   183행 | 누적    732행 | 13컬럼
2026-05-26 03:49:27,608 [INFO]    weather                   | 신규   119행 | 누적    476행 | 29컬럼
2026-05-26 03:49:27,608 [INFO] 키별 사용량:
2026-05-26 03:49:27,608 [INFO]    🟢 KEY_1 (31/1000) 
2026-05-26 03:49:27,608 [INFO]    🟢 KEY_2 (30/1000) 
2026-05-26 03:49:27,608 [INFO]    🟢 KEY_3 (30/1000) 
2026-05-26 03:49:27,608 [INFO]    🟢 KEY_4 (30/1000) 
2026-05-26 04:40:47,107 [INFO] 등록된 키: 4개, 합산 한도 4,000건/일
2026-05-26 04:40:47,107 [INFO] POI 로드: 매뉴얼 v8.5 기준 fallback 121개 (121개 전체)
2026-05-26 04:40:47,107 [INFO] === 수집 시작 2026-05-26T04:40:47.107781+09:00 ===
2026-05-26 04:40:47,107 [INFO] 대상 장소: 121개 | API: citydata (통합)
2026-05-26 04:40:47,107 [INFO] 키 풀: 4/4 활성 | 오늘 사용 0/4000건
2026-05-26 04:40:47,108 [INFO]   [KEY_1] 담당 31장소
2026-05-26 04:40:47,108 [INFO]   [KEY_2] 담당 30장소
2026-05-26 04:40:47,108 [INFO]   [KEY_3] 담당 30장소
2026-05-26 04:40:47,108 [INFO]   [KEY_4] 담당 30장소
2026-05-26 04:40:47,108 [INFO] [1/121] 경복궁 (primary=KEY_1)
2026-05-26 04:40:48,723 [INFO] [2/121] 광화문·덕수궁 (primary=KEY_2)
2026-05-26 04:40:50,622 [INFO] [3/121] 보신각 (primary=KEY_3)
2026-05-26 04:40:52,337 [INFO] [4/121] 서울 암사동 유적 (primary=KEY_4)
2026-05-26 04:40:53,885 [INFO] [5/121] 창덕궁·종묘 (primary=KEY_1)
2026-05-26 04:40:55,009 [INFO] [6/121] 강남 MICE 관광특구 (primary=KEY_2)
2026-05-26 04:40:56,605 [INFO] [7/121] 동대문 관광특구 (primary=KEY_3)
2026-05-26 04:40:58,660 [INFO] [8/121] 명동 관광특구 (primary=KEY_4)
2026-05-26 04:41:00,150 [INFO] [9/121] 이태원 관광특구 (primary=KEY_1)
2026-05-26 04:41:01,317 [INFO] [10/121] 잠실 관광특구 (primary=KEY_2)
2026-05-26 04:41:02,650 [INFO] [11/121] 종로·청계 관광특구 (primary=KEY_3)
2026-05-26 04:41:04,559 [INFO] [12/121] 홍대 관광특구 (primary=KEY_4)
2026-05-26 04:41:05,867 [INFO] [13/121] 강서한강공원 (primary=KEY_1)
2026-05-26 04:41:06,848 [INFO] [14/121] 고척돔 (primary=KEY_2)
2026-05-26 04:41:07,835 [INFO] [15/121] 광나루한강공원 (primary=KEY_3)
2026-05-26 04:41:09,537 [INFO] [16/121] 광화문광장 (primary=KEY_4)
2026-05-26 04:41:10,708 [INFO] [17/121] 국립중앙박물관·용산가족공원 (primary=KEY_1)
2026-05-26 04:41:11,695 [INFO] [18/121] 난지한강공원 (primary=KEY_2)
2026-05-26 04:41:12,684 [INFO] [19/121] 남산공원 (primary=KEY_3)
2026-05-26 04:41:13,990 [INFO] [20/121] 노들섬 (primary=KEY_4)
2026-05-26 04:41:15,563 [INFO] [21/121] 뚝섬한강공원 (primary=KEY_1)
2026-05-26 04:41:16,561 [INFO] [22/121] 망원한강공원 (primary=KEY_2)
2026-05-26 04:41:17,709 [INFO] [23/121] 반포한강공원 (primary=KEY_3)
2026-05-26 04:41:18,700 [INFO] [24/121] 보라매공원 (primary=KEY_4)
2026-05-26 04:41:19,697 [INFO] [25/121] 북서울꿈의숲 (primary=KEY_1)
2026-05-26 04:41:20,718 [INFO] [26/121] 서대문독립공원 (primary=KEY_2)
2026-05-26 04:41:21,703 [INFO] [27/121] 서리풀공원·몽마르뜨공원 (primary=KEY_3)
2026-05-26 04:41:22,723 [INFO] [28/121] 서울대공원 (primary=KEY_4)
2026-05-26 04:41:23,702 [INFO] [29/121] 서울숲공원 (primary=KEY_1)
2026-05-26 04:41:24,830 [INFO] [30/121] 송현녹지광장 (primary=KEY_2)
2026-05-26 04:41:25,978 [INFO] [31/121] 아차산 (primary=KEY_3)
2026-05-26 04:41:27,991 [INFO] [32/121] 안양천 (primary=KEY_4)
2026-05-26 04:41:28,972 [INFO] [33/121] 양화한강공원 (primary=KEY_1)
2026-05-26 04:41:29,951 [INFO] [34/121] 어린이대공원 (primary=KEY_2)
2026-05-26 04:41:30,968 [INFO] [35/121] 여의도한강공원 (primary=KEY_3)
2026-05-26 04:41:32,098 [INFO] [36/121] 여의서로 (primary=KEY_4)
2026-05-26 04:41:33,096 [INFO] [37/121] 올림픽공원 (primary=KEY_1)
2026-05-26 04:41:34,256 [INFO] [38/121] 월드컵공원 (primary=KEY_2)
2026-05-26 04:41:35,562 [INFO] [39/121] 응봉산 (primary=KEY_3)
2026-05-26 04:41:36,690 [INFO] [40/121] 이촌한강공원 (primary=KEY_4)
2026-05-26 04:41:37,685 [INFO] [41/121] 잠실종합운동장 (primary=KEY_1)
2026-05-26 04:41:38,687 [INFO] [42/121] 잠실한강공원 (primary=KEY_2)
2026-05-26 04:41:39,693 [INFO] [43/121] 잠원한강공원 (primary=KEY_3)
2026-05-26 04:41:40,668 [INFO] [44/121] 청계산 (primary=KEY_4)
2026-05-26 04:41:41,650 [INFO] [45/121] 홍제폭포 (primary=KEY_1)
2026-05-26 04:41:42,621 [INFO] [46/121] 가락시장 (primary=KEY_2)
2026-05-26 04:41:43,782 [INFO] [47/121] 가로수길 (primary=KEY_3)
2026-05-26 04:41:44,986 [INFO] [48/121] 광장(전통)시장 (primary=KEY_4)
2026-05-26 04:41:46,004 [INFO] [49/121] 김포공항 (primary=KEY_1)
2026-05-26 04:41:47,190 [INFO] [50/121] 남대문시장 (primary=KEY_2)
2026-05-26 04:41:48,198 [INFO] [51/121] 노량진 (primary=KEY_3)
2026-05-26 04:41:49,211 [INFO] [52/121] 덕수궁길·정동길 (primary=KEY_4)
2026-05-26 04:41:50,383 [INFO] [53/121] 북창동 먹자골목 (primary=KEY_1)
2026-05-26 04:41:51,377 [INFO] [54/121] 북촌한옥마을 (primary=KEY_2)
2026-05-26 04:41:52,514 [INFO] [55/121] 서촌 (primary=KEY_3)
2026-05-26 04:41:53,645 [INFO] [56/121] 성수카페거리 (primary=KEY_4)
2026-05-26 04:41:54,815 [INFO] [57/121] 송리단길·호수단길 (primary=KEY_1)
2026-05-26 04:41:55,988 [INFO] [58/121] 신촌 스타광장 (primary=KEY_2)
2026-05-26 04:41:56,985 [INFO] [59/121] 압구정로데오거리 (primary=KEY_3)
2026-05-26 04:41:58,136 [INFO] [60/121] 여의도 (primary=KEY_4)
2026-05-26 04:41:59,790 [INFO] [61/121] 연남동 (primary=KEY_1)
2026-05-26 04:42:00,922 [INFO] [62/121] 영등포 타임스퀘어 (primary=KEY_2)
2026-05-26 04:42:02,066 [INFO] [63/121] 용리단길 (primary=KEY_3)
2026-05-26 04:42:03,081 [INFO] [64/121] 이태원 앤틱가구거리 (primary=KEY_4)
2026-05-26 04:42:04,088 [INFO] [65/121] 익선동 (primary=KEY_1)
2026-05-26 04:42:05,242 [INFO] [66/121] 인사동 (primary=KEY_2)
2026-05-26 04:42:06,399 [INFO] [67/121] 잠실롯데타워·석촌호수 (primary=KEY_3)
2026-05-26 04:42:07,583 [INFO] [68/121] 창동 신경제 중심지 (primary=KEY_4)
2026-05-26 04:42:08,934 [INFO] [69/121] 청담동 명품거리 (primary=KEY_1)
2026-05-26 04:42:10,054 [INFO] [70/121] 청량리 제기동 일대 전통시장 (primary=KEY_2)
2026-05-26 04:42:11,203 [INFO] [71/121] 해방촌·경리단길 (primary=KEY_3)
2026-05-26 04:42:12,191 [INFO] [72/121] DDP(동대문디자인플라자) (primary=KEY_4)
2026-05-26 04:42:13,388 [INFO] [73/121] DMC(디지털미디어시티) (primary=KEY_1)
2026-05-26 04:42:14,708 [INFO] [74/121] 가산디지털단지역 (primary=KEY_2)
2026-05-26 04:42:15,989 [INFO] [75/121] 강남역 (primary=KEY_3)
2026-05-26 04:42:17,298 [INFO] [76/121] 건대입구역 (primary=KEY_4)
2026-05-26 04:42:18,458 [INFO] [77/121] 고덕역 (primary=KEY_1)
2026-05-26 04:42:19,592 [INFO] [78/121] 고속터미널역 (primary=KEY_2)
2026-05-26 04:42:20,645 [INFO] [79/121] 교대역 (primary=KEY_3)
2026-05-26 04:42:21,660 [INFO] [80/121] 구로디지털단지역 (primary=KEY_4)
2026-05-26 04:42:22,821 [INFO] [81/121] 구로역 (primary=KEY_1)
2026-05-26 04:42:23,830 [INFO] [82/121] 군자역 (primary=KEY_2)
2026-05-26 04:42:24,843 [INFO] [83/121] 대림역 (primary=KEY_3)
2026-05-26 04:42:25,873 [INFO] [84/121] 동대문역 (primary=KEY_4)
2026-05-26 04:42:26,886 [INFO] [85/121] 뚝섬역 (primary=KEY_1)
2026-05-26 04:42:28,031 [INFO] [86/121] 미아사거리역 (primary=KEY_2)
2026-05-26 04:42:29,166 [INFO] [87/121] 발산역 (primary=KEY_3)
2026-05-26 04:42:30,472 [INFO] [88/121] 사당역 (primary=KEY_4)
2026-05-26 04:42:31,627 [INFO] [89/121] 삼각지역 (primary=KEY_1)
2026-05-26 04:42:32,646 [INFO] [90/121] 서울대입구역 (primary=KEY_2)
2026-05-26 04:42:33,661 [INFO] [91/121] 서울식물원·마곡나루역 (primary=KEY_3)
2026-05-26 04:42:34,842 [INFO] [92/121] 서울역 (primary=KEY_4)
2026-05-26 04:42:36,034 [INFO] [93/121] 선릉역 (primary=KEY_1)
2026-05-26 04:42:37,374 [INFO] [94/121] 성신여대입구역 (primary=KEY_2)
2026-05-26 04:42:38,421 [INFO] [95/121] 수유역 (primary=KEY_3)
2026-05-26 04:42:39,575 [INFO] [96/121] 숭례문 (primary=KEY_4)
2026-05-26 04:42:40,743 [INFO] [97/121] 시의회 앞 (primary=KEY_1)
2026-05-26 04:42:41,913 [INFO] [98/121] 신논현역·논현역 (primary=KEY_2)
2026-05-26 04:42:43,107 [INFO] [99/121] 신도림역 (primary=KEY_3)
2026-05-26 04:42:44,124 [INFO] [100/121] 신림역 (primary=KEY_4)
2026-05-26 04:42:45,147 [INFO] [101/121] 신정네거리역 (primary=KEY_1)
2026-05-26 04:42:46,175 [INFO] [102/121] 신촌·이대역 (primary=KEY_2)
2026-05-26 04:42:47,336 [INFO] [103/121] 쌍문역 (primary=KEY_3)
2026-05-26 04:42:48,354 [INFO] [104/121] 양재역 (primary=KEY_4)
2026-05-26 04:42:49,521 [INFO] [105/121] 역삼역 (primary=KEY_1)
2026-05-26 04:42:50,667 [INFO] [106/121] 연신내역 (primary=KEY_2)
2026-05-26 04:42:51,685 [INFO] [107/121] 오목교역·목동운동장 (primary=KEY_3)
2026-05-26 04:42:52,980 [INFO] [108/121] 왕십리역 (primary=KEY_4)
2026-05-26 04:42:54,155 [INFO] [109/121] 용산역 (primary=KEY_1)
2026-05-26 04:42:55,309 [INFO] [110/121] 이태원역 (primary=KEY_2)
2026-05-26 04:42:56,310 [INFO] [111/121] 잠실새내역 (primary=KEY_3)
2026-05-26 04:42:57,446 [INFO] [112/121] 잠실역 (primary=KEY_4)
2026-05-26 04:42:58,647 [INFO] [113/121] 장지역 (primary=KEY_1)
2026-05-26 04:42:59,808 [INFO] [114/121] 장한평역 (primary=KEY_2)
2026-05-26 04:43:00,947 [INFO] [115/121] 천호역 (primary=KEY_3)
2026-05-26 04:43:02,105 [INFO] [116/121] 총신대입구(이수)역 (primary=KEY_4)
2026-05-26 04:43:03,318 [INFO] [117/121] 충정로역 (primary=KEY_1)
2026-05-26 04:43:04,332 [INFO] [118/121] 합정역 (primary=KEY_2)
2026-05-26 04:43:05,508 [INFO] [119/121] 혜화역 (primary=KEY_3)
2026-05-26 04:43:06,531 [INFO] [120/121] 홍대입구역(2호선) (primary=KEY_4)
2026-05-26 04:43:07,565 [INFO] [121/121] 회기역 (primary=KEY_1)
2026-05-26 04:43:09,759 [INFO] === 수집 완료 | 성공 121, 실패 0 ===
2026-05-26 04:43:09,759 [INFO] 카테고리별 저장 결과:
2026-05-26 04:43:09,759 [INFO]    accident                  | 신규     2행 | 누적      8행 | 16컬럼
2026-05-26 04:43:09,759 [INFO]    area_meta                 | 신규   121행 | 누적    605행 | 5컬럼
2026-05-26 04:43:09,759 [INFO]    bike                      | 신규    11행 | 누적     55행 | 12컬럼
2026-05-26 04:43:09,759 [INFO]    bike_sbike_stts           | 신규   556행 | 누적   2780행 | 12컬럼
2026-05-26 04:43:09,759 [INFO]    bus                       | 신규     3행 | 누적     15행 | 11컬럼
2026-05-26 04:43:09,759 [INFO]    bus_bus_stn_stts          | 신규  1745행 | 누적   8725행 | 11컬럼
2026-05-26 04:43:09,759 [INFO]    charger                   | 신규    25행 | 누적     61행 | 15컬럼
2026-05-26 04:43:09,759 [INFO]    charger_charger_stts      | 신규   322행 | 누적   6254행 | 15컬럼
2026-05-26 04:43:09,760 [INFO]    cmrcl                     | 신규    82행 | 누적    410행 | 20컬럼
2026-05-26 04:43:09,760 [INFO]    events                    | 신규    11행 | 누적     55행 | 14컬럼
2026-05-26 04:43:09,760 [INFO]    events_event_stts         | 신규   168행 | 누적    840행 | 14컬럼
2026-05-26 04:43:09,760 [INFO]    parking                   | 신규     6행 | 누적     30행 | 21컬럼
2026-05-26 04:43:09,760 [INFO]    parking_prk_stts          | 신규  1835행 | 누적   9175행 | 21컬럼
2026-05-26 04:43:09,760 [INFO]    ppltn                     | 신규   121행 | 누적    605행 | 26컬럼
2026-05-26 04:43:09,760 [INFO]    road                      | 신규   121행 | 누적    605행 | 21컬럼
2026-05-26 04:43:09,760 [INFO]    road_road_traffic_stts    | 신규  5252행 | 누적  26260행 | 17컬럼
2026-05-26 04:43:09,760 [INFO]    subway                    | 신규    38행 | 누적    190행 | 13컬럼
2026-05-26 04:43:09,760 [INFO]    subway_sub_stts           | 신규   183행 | 누적    915행 | 13컬럼
2026-05-26 04:43:09,760 [INFO]    weather                   | 신규   119행 | 누적    595행 | 29컬럼
2026-05-26 04:43:09,760 [INFO] 키별 사용량:
2026-05-26 04:43:09,760 [INFO]    🟢 KEY_1 (31/1000) 
2026-05-26 04:43:09,760 [INFO]    🟢 KEY_2 (30/1000) 
2026-05-26 04:43:09,760 [INFO]    🟢 KEY_3 (30/1000) 
2026-05-26 04:43:09,760 [INFO]    🟢 KEY_4 (30/1000) 
