2026-09-15 04:17:54,766 [INFO] 등록된 키: 4개, 합산 한도 4,000건/일
2026-09-15 04:17:54,767 [INFO] POI 로드: 매뉴얼 v8.5 기준 fallback 121개 (121개 전체)
2026-09-15 04:17:54,767 [INFO] === 수집 시작 2026-09-15T04:17:54.767567+09:00 ===
2026-09-15 04:17:54,767 [INFO] 대상 장소: 121개 | API: citydata (통합)
2026-09-15 04:17:54,767 [INFO] 키 풀: 4/4 활성 | 오늘 사용 0/4000건
2026-09-15 04:17:54,767 [INFO]   [KEY_1] 담당 31장소
2026-09-15 04:17:54,767 [INFO]   [KEY_2] 담당 30장소
2026-09-15 04:17:54,767 [INFO]   [KEY_3] 담당 30장소
2026-09-15 04:17:54,768 [INFO]   [KEY_4] 담당 30장소
2026-09-15 04:17:54,768 [INFO] [1/121] 경복궁 (primary=KEY_1)
2026-09-15 04:17:56,713 [INFO] [2/121] 광화문·덕수궁 (primary=KEY_2)
2026-09-15 04:17:59,391 [INFO] [3/121] 보신각 (primary=KEY_3)
2026-09-15 04:18:01,853 [INFO] [4/121] 서울 암사동 유적 (primary=KEY_4)
2026-09-15 04:18:03,179 [INFO] [5/121] 창덕궁·종묘 (primary=KEY_1)
2026-09-15 04:18:04,486 [INFO] [6/121] 강남 MICE 관광특구 (primary=KEY_2)
2026-09-15 04:18:06,628 [INFO] [7/121] 동대문 관광특구 (primary=KEY_3)
2026-09-15 04:18:08,378 [INFO] [8/121] 명동 관광특구 (primary=KEY_4)
2026-09-15 04:18:11,155 [INFO] [9/121] 이태원 관광특구 (primary=KEY_1)
2026-09-15 04:18:13,280 [INFO] [10/121] 잠실 관광특구 (primary=KEY_2)
2026-09-15 04:18:15,208 [INFO] [11/121] 종로·청계 관광특구 (primary=KEY_3)
2026-09-15 04:18:17,550 [INFO] [12/121] 홍대 관광특구 (primary=KEY_4)
2026-09-15 04:18:19,902 [INFO] [13/121] 강서한강공원 (primary=KEY_1)
2026-09-15 04:18:21,962 [INFO] [14/121] 고척돔 (primary=KEY_2)
2026-09-15 04:18:23,088 [INFO] [15/121] 광나루한강공원 (primary=KEY_3)
2026-09-15 04:18:24,388 [INFO] [16/121] 광화문광장 (primary=KEY_4)
2026-09-15 04:18:25,753 [INFO] [17/121] 국립중앙박물관·용산가족공원 (primary=KEY_1)
2026-09-15 04:18:26,899 [INFO] [18/121] 난지한강공원 (primary=KEY_2)
2026-09-15 04:18:28,019 [INFO] [19/121] 남산공원 (primary=KEY_3)
2026-09-15 04:18:29,554 [INFO] [20/121] 노들섬 (primary=KEY_4)
2026-09-15 04:18:31,419 [INFO] [21/121] 뚝섬한강공원 (primary=KEY_1)
2026-09-15 04:18:33,740 [INFO] [22/121] 망원한강공원 (primary=KEY_2)
2026-09-15 04:18:35,260 [INFO] [23/121] 반포한강공원 (primary=KEY_3)
2026-09-15 04:18:36,383 [INFO] [24/121] 보라매공원 (primary=KEY_4)
2026-09-15 04:18:38,285 [INFO] [25/121] 북서울꿈의숲 (primary=KEY_1)
2026-09-15 04:18:39,626 [INFO] [26/121] 서대문독립공원 (primary=KEY_2)
2026-09-15 04:18:40,758 [INFO] [27/121] 서리풀공원·몽마르뜨공원 (primary=KEY_3)
2026-09-15 04:18:42,661 [INFO] [28/121] 서울대공원 (primary=KEY_4)
2026-09-15 04:18:43,788 [INFO] [29/121] 서울숲공원 (primary=KEY_1)
2026-09-15 04:18:45,858 [INFO] [30/121] 송현녹지광장 (primary=KEY_2)
2026-09-15 04:18:47,201 [INFO] [31/121] 아차산 (primary=KEY_3)
2026-09-15 04:18:48,527 [INFO] [32/121] 안양천 (primary=KEY_4)
2026-09-15 04:18:49,654 [INFO] [33/121] 양화한강공원 (primary=KEY_1)
2026-09-15 04:18:51,979 [INFO] [34/121] 어린이대공원 (primary=KEY_2)
2026-09-15 04:18:53,320 [INFO] [35/121] 여의도한강공원 (primary=KEY_3)
2026-09-15 04:18:54,634 [INFO] [36/121] 여의서로 (primary=KEY_4)
2026-09-15 04:18:55,947 [INFO] [37/121] 올림픽공원 (primary=KEY_1)
2026-09-15 04:18:57,332 [INFO] [38/121] 월드컵공원 (primary=KEY_2)
2026-09-15 04:18:59,816 [INFO] [39/121] 응봉산 (primary=KEY_3)
2026-09-15 04:19:01,136 [INFO] [40/121] 이촌한강공원 (primary=KEY_4)
2026-09-15 04:19:02,452 [INFO] [41/121] 잠실종합운동장 (primary=KEY_1)
2026-09-15 04:19:03,595 [INFO] [42/121] 잠실한강공원 (primary=KEY_2)
2026-09-15 04:19:04,730 [INFO] [43/121] 잠원한강공원 (primary=KEY_3)
2026-09-15 04:19:06,545 [INFO] [44/121] 청계산 (primary=KEY_4)
2026-09-15 04:19:07,669 [INFO] [45/121] 홍제폭포 (primary=KEY_1)
2026-09-15 04:19:08,805 [INFO] [46/121] 가락시장 (primary=KEY_2)
2026-09-15 04:19:10,150 [INFO] [47/121] 가로수길 (primary=KEY_3)
2026-09-15 04:19:11,509 [INFO] [48/121] 광장(전통)시장 (primary=KEY_4)
2026-09-15 04:19:12,651 [INFO] [49/121] 김포공항 (primary=KEY_1)
2026-09-15 04:19:14,367 [INFO] [50/121] 남대문시장 (primary=KEY_2)
2026-09-15 04:19:15,699 [INFO] [51/121] 노량진 (primary=KEY_3)
2026-09-15 04:19:17,052 [INFO] [52/121] 덕수궁길·정동길 (primary=KEY_4)
2026-09-15 04:19:19,161 [INFO] [53/121] 북창동 먹자골목 (primary=KEY_1)
2026-09-15 04:19:20,483 [INFO] [54/121] 북촌한옥마을 (primary=KEY_2)
2026-09-15 04:19:21,996 [INFO] [55/121] 서촌 (primary=KEY_3)
2026-09-15 04:19:24,434 [INFO] [56/121] 성수카페거리 (primary=KEY_4)
2026-09-15 04:19:25,977 [INFO] [57/121] 송리단길·호수단길 (primary=KEY_1)
2026-09-15 04:19:27,310 [INFO] [58/121] 신촌 스타광장 (primary=KEY_2)
2026-09-15 04:19:28,453 [INFO] [59/121] 압구정로데오거리 (primary=KEY_3)
2026-09-15 04:19:29,782 [INFO] [60/121] 여의도 (primary=KEY_4)
2026-09-15 04:19:31,973 [INFO] [61/121] 연남동 (primary=KEY_1)
2026-09-15 04:19:33,305 [INFO] [62/121] 영등포 타임스퀘어 (primary=KEY_2)
2026-09-15 04:19:34,623 [INFO] [63/121] 용리단길 (primary=KEY_3)
2026-09-15 04:19:35,797 [INFO] [64/121] 이태원 앤틱가구거리 (primary=KEY_4)
2026-09-15 04:19:36,935 [INFO] [65/121] 익선동 (primary=KEY_1)
2026-09-15 04:19:38,272 [INFO] [66/121] 인사동 (primary=KEY_2)
2026-09-15 04:19:40,633 [INFO] [67/121] 잠실롯데타워·석촌호수 (primary=KEY_3)
2026-09-15 04:19:42,384 [INFO] [68/121] 창동 신경제 중심지 (primary=KEY_4)
2026-09-15 04:19:44,140 [INFO] [69/121] 청담동 명품거리 (primary=KEY_1)
2026-09-15 04:19:45,472 [INFO] [70/121] 청량리 제기동 일대 전통시장 (primary=KEY_2)
2026-09-15 04:19:46,837 [INFO] [71/121] 해방촌·경리단길 (primary=KEY_3)
2026-09-15 04:19:48,028 [INFO] [72/121] DDP(동대문디자인플라자) (primary=KEY_4)
2026-09-15 04:19:49,390 [INFO] [73/121] DMC(디지털미디어시티) (primary=KEY_1)
2026-09-15 04:19:51,177 [INFO] [74/121] 가산디지털단지역 (primary=KEY_2)
2026-09-15 04:19:53,107 [INFO] [75/121] 강남역 (primary=KEY_3)
2026-09-15 04:19:54,658 [INFO] [76/121] 건대입구역 (primary=KEY_4)
2026-09-15 04:19:56,050 [INFO] [77/121] 고덕역 (primary=KEY_1)
2026-09-15 04:19:57,395 [INFO] [78/121] 고속터미널역 (primary=KEY_2)
2026-09-15 04:19:59,515 [INFO] [79/121] 교대역 (primary=KEY_3)
2026-09-15 04:20:00,684 [INFO] [80/121] 구로디지털단지역 (primary=KEY_4)
2026-09-15 04:20:02,383 [INFO] [81/121] 구로역 (primary=KEY_1)
2026-09-15 04:20:03,703 [INFO] [82/121] 군자역 (primary=KEY_2)
2026-09-15 04:20:04,896 [INFO] [83/121] 대림역 (primary=KEY_3)
2026-09-15 04:20:06,229 [INFO] [84/121] 동대문역 (primary=KEY_4)
2026-09-15 04:20:07,553 [INFO] [85/121] 뚝섬역 (primary=KEY_1)
2026-09-15 04:20:08,872 [INFO] [86/121] 미아사거리역 (primary=KEY_2)
2026-09-15 04:20:11,147 [INFO] [87/121] 발산역 (primary=KEY_3)
2026-09-15 04:20:12,868 [INFO] [88/121] 사당역 (primary=KEY_4)
2026-09-15 04:20:14,211 [INFO] [89/121] 삼각지역 (primary=KEY_1)
2026-09-15 04:20:15,348 [INFO] [90/121] 서울대입구역 (primary=KEY_2)
2026-09-15 04:20:16,674 [INFO] [91/121] 서울식물원·마곡나루역 (primary=KEY_3)
2026-09-15 04:20:18,189 [INFO] [92/121] 서울역 (primary=KEY_4)
2026-09-15 04:20:19,552 [INFO] [93/121] 선릉역 (primary=KEY_1)
2026-09-15 04:20:21,285 [INFO] [94/121] 성신여대입구역 (primary=KEY_2)
2026-09-15 04:20:22,425 [INFO] [95/121] 수유역 (primary=KEY_3)
2026-09-15 04:20:23,748 [INFO] [96/121] 숭례문 (primary=KEY_4)
2026-09-15 04:20:25,091 [INFO] [97/121] 시의회 앞 (primary=KEY_1)
2026-09-15 04:20:26,435 [INFO] [98/121] 신논현역·논현역 (primary=KEY_2)
2026-09-15 04:20:27,767 [INFO] [99/121] 신도림역 (primary=KEY_3)
2026-09-15 04:20:28,909 [INFO] [100/121] 신림역 (primary=KEY_4)
2026-09-15 04:20:30,052 [INFO] [101/121] 신정네거리역 (primary=KEY_1)
2026-09-15 04:20:31,371 [INFO] [102/121] 신촌·이대역 (primary=KEY_2)
2026-09-15 04:20:32,695 [INFO] [103/121] 쌍문역 (primary=KEY_3)
2026-09-15 04:20:34,068 [INFO] [104/121] 양재역 (primary=KEY_4)
2026-09-15 04:20:35,388 [INFO] [105/121] 역삼역 (primary=KEY_1)
2026-09-15 04:20:36,914 [INFO] [106/121] 연신내역 (primary=KEY_2)
2026-09-15 04:20:38,070 [INFO] [107/121] 오목교역·목동운동장 (primary=KEY_3)
2026-09-15 04:20:39,993 [INFO] [108/121] 왕십리역 (primary=KEY_4)
2026-09-15 04:20:41,353 [INFO] [109/121] 용산역 (primary=KEY_1)
2026-09-15 04:20:43,625 [INFO] [110/121] 이태원역 (primary=KEY_2)
2026-09-15 04:20:45,519 [INFO] [111/121] 잠실새내역 (primary=KEY_3)
2026-09-15 04:20:46,854 [INFO] [112/121] 잠실역 (primary=KEY_4)
2026-09-15 04:20:48,433 [INFO] [113/121] 장지역 (primary=KEY_1)
2026-09-15 04:20:49,946 [INFO] [114/121] 장한평역 (primary=KEY_2)
2026-09-15 04:20:51,292 [INFO] [115/121] 천호역 (primary=KEY_3)
2026-09-15 04:20:52,650 [INFO] [116/121] 총신대입구(이수)역 (primary=KEY_4)
2026-09-15 04:20:53,997 [INFO] [117/121] 충정로역 (primary=KEY_1)
2026-09-15 04:20:55,327 [INFO] [118/121] 합정역 (primary=KEY_2)
2026-09-15 04:20:56,647 [INFO] [119/121] 혜화역 (primary=KEY_3)
2026-09-15 04:20:57,970 [INFO] [120/121] 홍대입구역(2호선) (primary=KEY_4)
2026-09-15 04:20:59,305 [INFO] [121/121] 회기역 (primary=KEY_1)
2026-09-15 04:21:01,060 [INFO] === 수집 완료 | 성공 121, 실패 0 ===
2026-09-15 04:21:01,061 [INFO] 카테고리별 저장 결과:
2026-09-15 04:21:01,061 [INFO]    accident                  | 신규     4행 | 누적      4행 | 16컬럼
2026-09-15 04:21:01,061 [INFO]    accident_acdnt_cntrl_stts | 신규     4행 | 누적      4행 | 16컬럼
2026-09-15 04:21:01,061 [INFO]    area_meta                 | 신규   121행 | 누적    121행 | 5컬럼
2026-09-15 04:21:01,061 [INFO]    bike                      | 신규    11행 | 누적     11행 | 12컬럼
2026-09-15 04:21:01,061 [INFO]    bike_sbike_stts           | 신규   571행 | 누적    571행 | 12컬럼
2026-09-15 04:21:01,061 [INFO]    bus                       | 신규     3행 | 누적      3행 | 11컬럼
2026-09-15 04:21:01,061 [INFO]    bus_bus_stn_stts          | 신규  1745행 | 누적   1745행 | 11컬럼
2026-09-15 04:21:01,061 [INFO]    charger                   | 신규     4행 | 누적      4행 | 15컬럼
2026-09-15 04:21:01,061 [INFO]    charger_charger_stts      | 신규  1915행 | 누적   1915행 | 15컬럼
2026-09-15 04:21:01,061 [INFO]    cmrcl                     | 신규    82행 | 누적     82행 | 20컬럼
2026-09-15 04:21:01,061 [INFO]    events                    | 신규    15행 | 누적     15행 | 14컬럼
2026-09-15 04:21:01,061 [INFO]    events_event_stts         | 신규   124행 | 누적    124행 | 14컬럼
2026-09-15 04:21:01,061 [INFO]    parking                   | 신규     6행 | 누적      6행 | 21컬럼
2026-09-15 04:21:01,061 [INFO]    parking_prk_stts          | 신규  1832행 | 누적   1832행 | 21컬럼
2026-09-15 04:21:01,062 [INFO]    ppltn                     | 신규   121행 | 누적    121행 | 26컬럼
2026-09-15 04:21:01,062 [INFO]    road                      | 신규   121행 | 누적    121행 | 21컬럼
2026-09-15 04:21:01,062 [INFO]    road_road_traffic_stts    | 신규  5298행 | 누적   5298행 | 17컬럼
2026-09-15 04:21:01,062 [INFO]    subway                    | 신규    38행 | 누적     38행 | 12컬럼
2026-09-15 04:21:01,062 [INFO]    subway_sub_stts           | 신규   183행 | 누적    183행 | 13컬럼
2026-09-15 04:21:01,062 [INFO]    weather                   | 신규   119행 | 누적    119행 | 29컬럼
2026-09-15 04:21:01,062 [INFO] 키별 사용량:
2026-09-15 04:21:01,062 [INFO]    🟢 KEY_1 (31/1000) 
2026-09-15 04:21:01,062 [INFO]    🟢 KEY_2 (30/1000) 
2026-09-15 04:21:01,062 [INFO]    🟢 KEY_3 (30/1000) 
2026-09-15 04:21:01,062 [INFO]    🟢 KEY_4 (30/1000) 
2026-09-15 08:06:48,715 [INFO] 등록된 키: 4개, 합산 한도 4,000건/일
2026-09-15 08:06:48,715 [INFO] POI 로드: 매뉴얼 v8.5 기준 fallback 121개 (121개 전체)
2026-09-15 08:06:48,715 [INFO] === 수집 시작 2026-09-15T08:06:48.715884+09:00 ===
2026-09-15 08:06:48,715 [INFO] 대상 장소: 121개 | API: citydata (통합)
2026-09-15 08:06:48,716 [INFO] 키 풀: 4/4 활성 | 오늘 사용 0/4000건
2026-09-15 08:06:48,716 [INFO]   [KEY_1] 담당 31장소
2026-09-15 08:06:48,716 [INFO]   [KEY_2] 담당 30장소
2026-09-15 08:06:48,716 [INFO]   [KEY_3] 담당 30장소
2026-09-15 08:06:48,716 [INFO]   [KEY_4] 담당 30장소
2026-09-15 08:06:48,716 [INFO] [1/121] 경복궁 (primary=KEY_1)
2026-09-15 08:06:50,000 [INFO] [2/121] 광화문·덕수궁 (primary=KEY_2)
2026-09-15 08:06:51,575 [INFO] [3/121] 보신각 (primary=KEY_3)
2026-09-15 08:06:52,824 [INFO] [4/121] 서울 암사동 유적 (primary=KEY_4)
2026-09-15 08:06:53,930 [INFO] [5/121] 창덕궁·종묘 (primary=KEY_1)
2026-09-15 08:06:55,179 [INFO] [6/121] 강남 MICE 관광특구 (primary=KEY_2)
2026-09-15 08:06:57,000 [INFO] [7/121] 동대문 관광특구 (primary=KEY_3)
2026-09-15 08:06:59,144 [INFO] [8/121] 명동 관광특구 (primary=KEY_4)
2026-09-15 08:07:01,154 [INFO] [9/121] 이태원 관광특구 (primary=KEY_1)
2026-09-15 08:07:02,301 [INFO] [10/121] 잠실 관광특구 (primary=KEY_2)
2026-09-15 08:07:04,441 [INFO] [11/121] 종로·청계 관광특구 (primary=KEY_3)
2026-09-15 08:07:05,838 [INFO] [12/121] 홍대 관광특구 (primary=KEY_4)
2026-09-15 08:07:07,301 [INFO] [13/121] 강서한강공원 (primary=KEY_1)
2026-09-15 08:07:08,272 [INFO] [14/121] 고척돔 (primary=KEY_2)
2026-09-15 08:07:09,931 [INFO] [15/121] 광나루한강공원 (primary=KEY_3)
2026-09-15 08:07:11,713 [INFO] [16/121] 광화문광장 (primary=KEY_4)
2026-09-15 08:07:12,841 [INFO] [17/121] 국립중앙박물관·용산가족공원 (primary=KEY_1)
2026-09-15 08:07:13,841 [INFO] [18/121] 난지한강공원 (primary=KEY_2)
2026-09-15 08:07:14,811 [INFO] [19/121] 남산공원 (primary=KEY_3)
2026-09-15 08:07:16,120 [INFO] [20/121] 노들섬 (primary=KEY_4)
2026-09-15 08:07:17,091 [INFO] [21/121] 뚝섬한강공원 (primary=KEY_1)
2026-09-15 08:07:18,082 [INFO] [22/121] 망원한강공원 (primary=KEY_2)
2026-09-15 08:07:19,198 [INFO] [23/121] 반포한강공원 (primary=KEY_3)
2026-09-15 08:07:20,173 [INFO] [24/121] 보라매공원 (primary=KEY_4)
2026-09-15 08:07:21,187 [INFO] [25/121] 북서울꿈의숲 (primary=KEY_1)
2026-09-15 08:07:22,327 [INFO] [26/121] 서대문독립공원 (primary=KEY_2)
2026-09-15 08:07:23,346 [INFO] [27/121] 서리풀공원·몽마르뜨공원 (primary=KEY_3)
2026-09-15 08:07:24,557 [INFO] [28/121] 서울대공원 (primary=KEY_4)
2026-09-15 08:07:25,527 [INFO] [29/121] 서울숲공원 (primary=KEY_1)
2026-09-15 08:07:26,652 [INFO] [30/121] 송현녹지광장 (primary=KEY_2)
2026-09-15 08:07:27,784 [INFO] [31/121] 아차산 (primary=KEY_3)
2026-09-15 08:07:28,900 [INFO] [32/121] 안양천 (primary=KEY_4)
2026-09-15 08:07:30,412 [INFO] [33/121] 양화한강공원 (primary=KEY_1)
2026-09-15 08:07:31,922 [INFO] [34/121] 어린이대공원 (primary=KEY_2)
2026-09-15 08:07:33,195 [INFO] [35/121] 여의도한강공원 (primary=KEY_3)
2026-09-15 08:07:34,855 [INFO] [36/121] 여의서로 (primary=KEY_4)
2026-09-15 08:07:35,957 [INFO] [37/121] 올림픽공원 (primary=KEY_1)
2026-09-15 08:07:37,819 [INFO] [38/121] 월드컵공원 (primary=KEY_2)
2026-09-15 08:07:39,087 [INFO] [39/121] 응봉산 (primary=KEY_3)
2026-09-15 08:07:40,326 [INFO] [40/121] 이촌한강공원 (primary=KEY_4)
2026-09-15 08:07:42,105 [INFO] [41/121] 잠실종합운동장 (primary=KEY_1)
2026-09-15 08:07:43,747 [INFO] [42/121] 잠실한강공원 (primary=KEY_2)
2026-09-15 08:07:45,263 [INFO] [43/121] 잠원한강공원 (primary=KEY_3)
2026-09-15 08:07:47,029 [INFO] [44/121] 청계산 (primary=KEY_4)
2026-09-15 08:07:48,029 [INFO] [45/121] 홍제폭포 (primary=KEY_1)
2026-09-15 08:07:49,129 [INFO] [46/121] 가락시장 (primary=KEY_2)
2026-09-15 08:07:50,268 [INFO] [47/121] 가로수길 (primary=KEY_3)
2026-09-15 08:07:51,440 [INFO] [48/121] 광장(전통)시장 (primary=KEY_4)
2026-09-15 08:07:52,431 [INFO] [49/121] 김포공항 (primary=KEY_1)
2026-09-15 08:07:53,697 [INFO] [50/121] 남대문시장 (primary=KEY_2)
2026-09-15 08:07:55,605 [INFO] [51/121] 노량진 (primary=KEY_3)
2026-09-15 08:07:56,750 [INFO] [52/121] 덕수궁길·정동길 (primary=KEY_4)
2026-09-15 08:07:57,885 [INFO] [53/121] 북창동 먹자골목 (primary=KEY_1)
2026-09-15 08:07:58,986 [INFO] [54/121] 북촌한옥마을 (primary=KEY_2)
2026-09-15 08:08:00,918 [INFO] [55/121] 서촌 (primary=KEY_3)
2026-09-15 08:08:02,059 [INFO] [56/121] 성수카페거리 (primary=KEY_4)
2026-09-15 08:08:03,336 [INFO] [57/121] 송리단길·호수단길 (primary=KEY_1)
2026-09-15 08:08:04,486 [INFO] [58/121] 신촌 스타광장 (primary=KEY_2)
2026-09-15 08:08:05,469 [INFO] [59/121] 압구정로데오거리 (primary=KEY_3)
2026-09-15 08:08:07,304 [INFO] [60/121] 여의도 (primary=KEY_4)
2026-09-15 08:08:09,149 [INFO] [61/121] 연남동 (primary=KEY_1)
2026-09-15 08:08:10,263 [INFO] [62/121] 영등포 타임스퀘어 (primary=KEY_2)
2026-09-15 08:08:11,379 [INFO] [63/121] 용리단길 (primary=KEY_3)
2026-09-15 08:08:12,409 [INFO] [64/121] 이태원 앤틱가구거리 (primary=KEY_4)
2026-09-15 08:08:13,526 [INFO] [65/121] 익선동 (primary=KEY_1)
2026-09-15 08:08:14,673 [INFO] [66/121] 인사동 (primary=KEY_2)
2026-09-15 08:08:15,976 [INFO] [67/121] 잠실롯데타워·석촌호수 (primary=KEY_3)
2026-09-15 08:08:17,397 [INFO] [68/121] 창동 신경제 중심지 (primary=KEY_4)
2026-09-15 08:08:18,854 [INFO] [69/121] 청담동 명품거리 (primary=KEY_1)
2026-09-15 08:08:20,017 [INFO] [70/121] 청량리 제기동 일대 전통시장 (primary=KEY_2)
2026-09-15 08:08:21,219 [INFO] [71/121] 해방촌·경리단길 (primary=KEY_3)
2026-09-15 08:08:22,203 [INFO] [72/121] DDP(동대문디자인플라자) (primary=KEY_4)
2026-09-15 08:08:23,334 [INFO] [73/121] DMC(디지털미디어시티) (primary=KEY_1)
2026-09-15 08:08:24,769 [INFO] [74/121] 가산디지털단지역 (primary=KEY_2)
2026-09-15 08:08:26,316 [INFO] [75/121] 강남역 (primary=KEY_3)
2026-09-15 08:08:27,596 [INFO] [76/121] 건대입구역 (primary=KEY_4)
2026-09-15 08:08:28,719 [INFO] [77/121] 고덕역 (primary=KEY_1)
2026-09-15 08:08:29,836 [INFO] [78/121] 고속터미널역 (primary=KEY_2)
2026-09-15 08:08:31,017 [INFO] [79/121] 교대역 (primary=KEY_3)
2026-09-15 08:08:32,162 [INFO] [80/121] 구로디지털단지역 (primary=KEY_4)
2026-09-15 08:08:33,546 [INFO] [81/121] 구로역 (primary=KEY_1)
2026-09-15 08:08:34,658 [INFO] [82/121] 군자역 (primary=KEY_2)
2026-09-15 08:08:35,790 [INFO] [83/121] 대림역 (primary=KEY_3)
2026-09-15 08:08:36,950 [INFO] [84/121] 동대문역 (primary=KEY_4)
2026-09-15 08:08:38,097 [INFO] [85/121] 뚝섬역 (primary=KEY_1)
2026-09-15 08:08:39,215 [INFO] [86/121] 미아사거리역 (primary=KEY_2)
2026-09-15 08:08:40,367 [INFO] [87/121] 발산역 (primary=KEY_3)
2026-09-15 08:08:41,781 [INFO] [88/121] 사당역 (primary=KEY_4)
2026-09-15 08:08:42,915 [INFO] [89/121] 삼각지역 (primary=KEY_1)
2026-09-15 08:08:44,037 [INFO] [90/121] 서울대입구역 (primary=KEY_2)
2026-09-15 08:08:45,178 [INFO] [91/121] 서울식물원·마곡나루역 (primary=KEY_3)
2026-09-15 08:08:46,472 [INFO] [92/121] 서울역 (primary=KEY_4)
2026-09-15 08:08:47,810 [INFO] [93/121] 선릉역 (primary=KEY_1)
2026-09-15 08:08:49,250 [INFO] [94/121] 성신여대입구역 (primary=KEY_2)
2026-09-15 08:08:50,297 [INFO] [95/121] 수유역 (primary=KEY_3)
2026-09-15 08:08:51,438 [INFO] [96/121] 숭례문 (primary=KEY_4)
2026-09-15 08:08:52,600 [INFO] [97/121] 시의회 앞 (primary=KEY_1)
2026-09-15 08:08:53,733 [INFO] [98/121] 신논현역·논현역 (primary=KEY_2)
2026-09-15 08:08:54,911 [INFO] [99/121] 신도림역 (primary=KEY_3)
2026-09-15 08:08:55,918 [INFO] [100/121] 신림역 (primary=KEY_4)
2026-09-15 08:08:57,068 [INFO] [101/121] 신정네거리역 (primary=KEY_1)
2026-09-15 08:08:58,200 [INFO] [102/121] 신촌·이대역 (primary=KEY_2)
2026-09-15 08:08:59,368 [INFO] [103/121] 쌍문역 (primary=KEY_3)
2026-09-15 08:09:00,497 [INFO] [104/121] 양재역 (primary=KEY_4)
2026-09-15 08:09:01,664 [INFO] [105/121] 역삼역 (primary=KEY_1)
2026-09-15 08:09:02,940 [INFO] [106/121] 연신내역 (primary=KEY_2)
2026-09-15 08:09:03,986 [INFO] [107/121] 오목교역·목동운동장 (primary=KEY_3)
2026-09-15 08:09:05,534 [INFO] [108/121] 왕십리역 (primary=KEY_4)
2026-09-15 08:09:06,920 [INFO] [109/121] 용산역 (primary=KEY_1)
2026-09-15 08:09:08,205 [INFO] [110/121] 이태원역 (primary=KEY_2)
2026-09-15 08:09:09,201 [INFO] [111/121] 잠실새내역 (primary=KEY_3)
2026-09-15 08:09:10,426 [INFO] [112/121] 잠실역 (primary=KEY_4)
2026-09-15 08:09:11,715 [INFO] [113/121] 장지역 (primary=KEY_1)
2026-09-15 08:09:12,987 [INFO] [114/121] 장한평역 (primary=KEY_2)
2026-09-15 08:09:14,130 [INFO] [115/121] 천호역 (primary=KEY_3)
2026-09-15 08:09:15,309 [INFO] [116/121] 총신대입구(이수)역 (primary=KEY_4)
2026-09-15 08:09:16,443 [INFO] [117/121] 충정로역 (primary=KEY_1)
2026-09-15 08:09:17,596 [INFO] [118/121] 합정역 (primary=KEY_2)
2026-09-15 08:09:18,734 [INFO] [119/121] 혜화역 (primary=KEY_3)
2026-09-15 08:09:19,862 [INFO] [120/121] 홍대입구역(2호선) (primary=KEY_4)
2026-09-15 08:09:21,013 [INFO] [121/121] 회기역 (primary=KEY_1)
2026-09-15 08:09:23,008 [INFO] === 수집 완료 | 성공 121, 실패 0 ===
2026-09-15 08:09:23,008 [INFO] 카테고리별 저장 결과:
2026-09-15 08:09:23,008 [INFO]    accident                  | 신규     2행 | 누적      6행 | 16컬럼
2026-09-15 08:09:23,008 [INFO]    area_meta                 | 신규   121행 | 누적    242행 | 5컬럼
2026-09-15 08:09:23,008 [INFO]    bike                      | 신규    10행 | 누적     21행 | 12컬럼
2026-09-15 08:09:23,008 [INFO]    bike_sbike_stts           | 신규   570행 | 누적   1141행 | 12컬럼
2026-09-15 08:09:23,008 [INFO]    bus                       | 신규     3행 | 누적      6행 | 11컬럼
2026-09-15 08:09:23,008 [INFO]    bus_bus_stn_stts          | 신규  1745행 | 누적   3490행 | 11컬럼
2026-09-15 08:09:23,008 [INFO]    charger                   | 신규     4행 | 누적      8행 | 15컬럼
2026-09-15 08:09:23,008 [INFO]    charger_charger_stts      | 신규  1915행 | 누적   3804행 | 15컬럼
2026-09-15 08:09:23,008 [INFO]    cmrcl                     | 신규    82행 | 누적    164행 | 20컬럼
2026-09-15 08:09:23,008 [INFO]    events                    | 신규    15행 | 누적     30행 | 14컬럼
2026-09-15 08:09:23,009 [INFO]    events_event_stts         | 신규   123행 | 누적    247행 | 14컬럼
2026-09-15 08:09:23,009 [INFO]    parking                   | 신규     6행 | 누적     12행 | 21컬럼
2026-09-15 08:09:23,009 [INFO]    parking_prk_stts          | 신규  1832행 | 누적   3664행 | 21컬럼
2026-09-15 08:09:23,009 [INFO]    ppltn                     | 신규   121행 | 누적    242행 | 26컬럼
2026-09-15 08:09:23,009 [INFO]    road                      | 신규   121행 | 누적    242행 | 21컬럼
2026-09-15 08:09:23,009 [INFO]    road_road_traffic_stts    | 신규  5298행 | 누적  10596행 | 17컬럼
2026-09-15 08:09:23,009 [INFO]    subway                    | 신규    38행 | 누적     76행 | 12컬럼
2026-09-15 08:09:23,009 [INFO]    subway_sub_stts           | 신규   183행 | 누적    366행 | 13컬럼
2026-09-15 08:09:23,009 [INFO]    weather                   | 신규   119행 | 누적    238행 | 29컬럼
2026-09-15 08:09:23,009 [INFO] 키별 사용량:
2026-09-15 08:09:23,009 [INFO]    🟢 KEY_1 (31/1000) 
2026-09-15 08:09:23,009 [INFO]    🟢 KEY_2 (30/1000) 
2026-09-15 08:09:23,009 [INFO]    🟢 KEY_3 (30/1000) 
2026-09-15 08:09:23,009 [INFO]    🟢 KEY_4 (30/1000) 
2026-09-15 10:26:07,585 [INFO] 등록된 키: 4개, 합산 한도 4,000건/일
2026-09-15 10:26:07,585 [INFO] POI 로드: 매뉴얼 v8.5 기준 fallback 121개 (121개 전체)
2026-09-15 10:26:07,585 [INFO] === 수집 시작 2026-09-15T10:26:07.585841+09:00 ===
2026-09-15 10:26:07,585 [INFO] 대상 장소: 121개 | API: citydata (통합)
2026-09-15 10:26:07,586 [INFO] 키 풀: 4/4 활성 | 오늘 사용 0/4000건
2026-09-15 10:26:07,586 [INFO]   [KEY_1] 담당 31장소
2026-09-15 10:26:07,586 [INFO]   [KEY_2] 담당 30장소
2026-09-15 10:26:07,586 [INFO]   [KEY_3] 담당 30장소
2026-09-15 10:26:07,586 [INFO]   [KEY_4] 담당 30장소
2026-09-15 10:26:07,586 [INFO] [1/121] 경복궁 (primary=KEY_1)
2026-09-15 10:26:09,685 [INFO] [2/121] 광화문·덕수궁 (primary=KEY_2)
2026-09-15 10:26:12,568 [INFO] [3/121] 보신각 (primary=KEY_3)
2026-09-15 10:26:14,691 [INFO] [4/121] 서울 암사동 유적 (primary=KEY_4)
2026-09-15 10:26:16,571 [INFO] [5/121] 창덕궁·종묘 (primary=KEY_1)
2026-09-15 10:26:17,889 [INFO] [6/121] 강남 MICE 관광특구 (primary=KEY_2)
2026-09-15 10:26:19,262 [INFO] [7/121] 동대문 관광특구 (primary=KEY_3)
2026-09-15 10:26:20,844 [INFO] [8/121] 명동 관광특구 (primary=KEY_4)
2026-09-15 10:26:23,732 [INFO] [9/121] 이태원 관광특구 (primary=KEY_1)
2026-09-15 10:26:25,941 [INFO] [10/121] 잠실 관광특구 (primary=KEY_2)
2026-09-15 10:26:27,886 [INFO] [11/121] 종로·청계 관광특구 (primary=KEY_3)
2026-09-15 10:26:30,381 [INFO] [12/121] 홍대 관광특구 (primary=KEY_4)
2026-09-15 10:26:32,934 [INFO] [13/121] 강서한강공원 (primary=KEY_1)
2026-09-15 10:26:35,035 [INFO] [14/121] 고척돔 (primary=KEY_2)
2026-09-15 10:26:36,946 [INFO] [15/121] 광나루한강공원 (primary=KEY_3)
2026-09-15 10:26:38,266 [INFO] [16/121] 광화문광장 (primary=KEY_4)
2026-09-15 10:26:40,568 [INFO] [17/121] 국립중앙박물관·용산가족공원 (primary=KEY_1)
2026-09-15 10:26:41,898 [INFO] [18/121] 난지한강공원 (primary=KEY_2)
2026-09-15 10:26:43,981 [INFO] [19/121] 남산공원 (primary=KEY_3)
2026-09-15 10:26:45,557 [INFO] [20/121] 노들섬 (primary=KEY_4)
2026-09-15 10:26:46,716 [INFO] [21/121] 뚝섬한강공원 (primary=KEY_1)
2026-09-15 10:26:48,634 [INFO] [22/121] 망원한강공원 (primary=KEY_2)
2026-09-15 10:26:50,214 [INFO] [23/121] 반포한강공원 (primary=KEY_3)
2026-09-15 10:26:51,370 [INFO] [24/121] 보라매공원 (primary=KEY_4)
2026-09-15 10:26:52,511 [INFO] [25/121] 북서울꿈의숲 (primary=KEY_1)
2026-09-15 10:26:53,864 [INFO] [26/121] 서대문독립공원 (primary=KEY_2)
2026-09-15 10:26:55,232 [INFO] [27/121] 서리풀공원·몽마르뜨공원 (primary=KEY_3)
2026-09-15 10:26:56,600 [INFO] [28/121] 서울대공원 (primary=KEY_4)
2026-09-15 10:26:57,916 [INFO] [29/121] 서울숲공원 (primary=KEY_1)
2026-09-15 10:26:59,451 [INFO] [30/121] 송현녹지광장 (primary=KEY_2)
2026-09-15 10:27:01,569 [INFO] [31/121] 아차산 (primary=KEY_3)
2026-09-15 10:27:02,734 [INFO] [32/121] 안양천 (primary=KEY_4)
2026-09-15 10:27:04,070 [INFO] [33/121] 양화한강공원 (primary=KEY_1)
2026-09-15 10:27:05,214 [INFO] [34/121] 어린이대공원 (primary=KEY_2)
2026-09-15 10:27:06,543 [INFO] [35/121] 여의도한강공원 (primary=KEY_3)
2026-09-15 10:27:08,068 [INFO] [36/121] 여의서로 (primary=KEY_4)
2026-09-15 10:27:09,390 [INFO] [37/121] 올림픽공원 (primary=KEY_1)
2026-09-15 10:27:11,716 [INFO] [38/121] 월드컵공원 (primary=KEY_2)
2026-09-15 10:27:13,276 [INFO] [39/121] 응봉산 (primary=KEY_3)
2026-09-15 10:27:14,591 [INFO] [40/121] 이촌한강공원 (primary=KEY_4)
2026-09-15 10:27:15,743 [INFO] [41/121] 잠실종합운동장 (primary=KEY_1)
2026-09-15 10:27:17,078 [INFO] [42/121] 잠실한강공원 (primary=KEY_2)
2026-09-15 10:27:18,235 [INFO] [43/121] 잠원한강공원 (primary=KEY_3)
2026-09-15 10:27:19,381 [INFO] [44/121] 청계산 (primary=KEY_4)
2026-09-15 10:27:20,553 [INFO] [45/121] 홍제폭포 (primary=KEY_1)
2026-09-15 10:27:21,697 [INFO] [46/121] 가락시장 (primary=KEY_2)
2026-09-15 10:27:23,264 [INFO] [47/121] 가로수길 (primary=KEY_3)
2026-09-15 10:27:25,222 [INFO] [48/121] 광장(전통)시장 (primary=KEY_4)
2026-09-15 10:27:26,367 [INFO] [49/121] 김포공항 (primary=KEY_1)
2026-09-15 10:27:27,966 [INFO] [50/121] 남대문시장 (primary=KEY_2)
2026-09-15 10:27:29,305 [INFO] [51/121] 노량진 (primary=KEY_3)
2026-09-15 10:27:30,672 [INFO] [52/121] 덕수궁길·정동길 (primary=KEY_4)
2026-09-15 10:27:32,022 [INFO] [53/121] 북창동 먹자골목 (primary=KEY_1)
2026-09-15 10:27:34,314 [INFO] [54/121] 북촌한옥마을 (primary=KEY_2)
2026-09-15 10:27:35,859 [INFO] [55/121] 서촌 (primary=KEY_3)
2026-09-15 10:27:37,205 [INFO] [56/121] 성수카페거리 (primary=KEY_4)
2026-09-15 10:27:38,741 [INFO] [57/121] 송리단길·호수단길 (primary=KEY_1)
2026-09-15 10:27:40,082 [INFO] [58/121] 신촌 스타광장 (primary=KEY_2)
2026-09-15 10:27:41,242 [INFO] [59/121] 압구정로데오거리 (primary=KEY_3)
2026-09-15 10:27:42,583 [INFO] [60/121] 여의도 (primary=KEY_4)
2026-09-15 10:27:45,912 [INFO] [61/121] 연남동 (primary=KEY_1)
2026-09-15 10:27:47,240 [INFO] [62/121] 영등포 타임스퀘어 (primary=KEY_2)
2026-09-15 10:27:48,573 [INFO] [63/121] 용리단길 (primary=KEY_3)
2026-09-15 10:27:49,767 [INFO] [64/121] 이태원 앤틱가구거리 (primary=KEY_4)
2026-09-15 10:27:51,102 [INFO] [65/121] 익선동 (primary=KEY_1)
2026-09-15 10:27:52,499 [INFO] [66/121] 인사동 (primary=KEY_2)
2026-09-15 10:27:54,044 [INFO] [67/121] 잠실롯데타워·석촌호수 (primary=KEY_3)
2026-09-15 10:27:55,831 [INFO] [68/121] 창동 신경제 중심지 (primary=KEY_4)
2026-09-15 10:27:57,600 [INFO] [69/121] 청담동 명품거리 (primary=KEY_1)
2026-09-15 10:27:58,982 [INFO] [70/121] 청량리 제기동 일대 전통시장 (primary=KEY_2)
2026-09-15 10:28:00,405 [INFO] [71/121] 해방촌·경리단길 (primary=KEY_3)
2026-09-15 10:28:01,550 [INFO] [72/121] DDP(동대문디자인플라자) (primary=KEY_4)
2026-09-15 10:28:02,922 [INFO] [73/121] DMC(디지털미디어시티) (primary=KEY_1)
2026-09-15 10:28:04,760 [INFO] [74/121] 가산디지털단지역 (primary=KEY_2)
2026-09-15 10:28:06,692 [INFO] [75/121] 강남역 (primary=KEY_3)
2026-09-15 10:28:08,290 [INFO] [76/121] 건대입구역 (primary=KEY_4)
2026-09-15 10:28:09,646 [INFO] [77/121] 고덕역 (primary=KEY_1)
2026-09-15 10:28:10,975 [INFO] [78/121] 고속터미널역 (primary=KEY_2)
2026-09-15 10:28:12,342 [INFO] [79/121] 교대역 (primary=KEY_3)
2026-09-15 10:28:13,669 [INFO] [80/121] 구로디지털단지역 (primary=KEY_4)
2026-09-15 10:28:15,384 [INFO] [81/121] 구로역 (primary=KEY_1)
2026-09-15 10:28:16,707 [INFO] [82/121] 군자역 (primary=KEY_2)
2026-09-15 10:28:18,078 [INFO] [83/121] 대림역 (primary=KEY_3)
2026-09-15 10:28:19,431 [INFO] [84/121] 동대문역 (primary=KEY_4)
2026-09-15 10:28:20,799 [INFO] [85/121] 뚝섬역 (primary=KEY_1)
2026-09-15 10:28:22,124 [INFO] [86/121] 미아사거리역 (primary=KEY_2)
2026-09-15 10:28:23,488 [INFO] [87/121] 발산역 (primary=KEY_3)
2026-09-15 10:28:25,233 [INFO] [88/121] 사당역 (primary=KEY_4)
2026-09-15 10:28:26,577 [INFO] [89/121] 삼각지역 (primary=KEY_1)
2026-09-15 10:28:27,917 [INFO] [90/121] 서울대입구역 (primary=KEY_2)
2026-09-15 10:28:29,283 [INFO] [91/121] 서울식물원·마곡나루역 (primary=KEY_3)
2026-09-15 10:28:30,809 [INFO] [92/121] 서울역 (primary=KEY_4)
2026-09-15 10:28:32,389 [INFO] [93/121] 선릉역 (primary=KEY_1)
2026-09-15 10:28:34,947 [INFO] [94/121] 성신여대입구역 (primary=KEY_2)
2026-09-15 10:28:36,116 [INFO] [95/121] 수유역 (primary=KEY_3)
2026-09-15 10:28:37,582 [INFO] [96/121] 숭례문 (primary=KEY_4)
2026-09-15 10:28:38,960 [INFO] [97/121] 시의회 앞 (primary=KEY_1)
2026-09-15 10:28:41,400 [INFO] [98/121] 신논현역·논현역 (primary=KEY_2)
2026-09-15 10:28:42,763 [INFO] [99/121] 신도림역 (primary=KEY_3)
2026-09-15 10:28:43,915 [INFO] [100/121] 신림역 (primary=KEY_4)
2026-09-15 10:28:45,281 [INFO] [101/121] 신정네거리역 (primary=KEY_1)
2026-09-15 10:28:46,641 [INFO] [102/121] 신촌·이대역 (primary=KEY_2)
2026-09-15 10:28:47,992 [INFO] [103/121] 쌍문역 (primary=KEY_3)
2026-09-15 10:28:49,339 [INFO] [104/121] 양재역 (primary=KEY_4)
2026-09-15 10:28:50,671 [INFO] [105/121] 역삼역 (primary=KEY_1)
2026-09-15 10:28:52,205 [INFO] [106/121] 연신내역 (primary=KEY_2)
2026-09-15 10:28:53,377 [INFO] [107/121] 오목교역·목동운동장 (primary=KEY_3)
2026-09-15 10:28:55,350 [INFO] [108/121] 왕십리역 (primary=KEY_4)
2026-09-15 10:28:56,887 [INFO] [109/121] 용산역 (primary=KEY_1)
2026-09-15 10:28:58,447 [INFO] [110/121] 이태원역 (primary=KEY_2)
2026-09-15 10:28:59,586 [INFO] [111/121] 잠실새내역 (primary=KEY_3)
2026-09-15 10:29:01,045 [INFO] [112/121] 잠실역 (primary=KEY_4)
2026-09-15 10:29:02,578 [INFO] [113/121] 장지역 (primary=KEY_1)
2026-09-15 10:29:04,141 [INFO] [114/121] 장한평역 (primary=KEY_2)
2026-09-15 10:29:05,501 [INFO] [115/121] 천호역 (primary=KEY_3)
2026-09-15 10:29:07,066 [INFO] [116/121] 총신대입구(이수)역 (primary=KEY_4)
2026-09-15 10:29:08,450 [INFO] [117/121] 충정로역 (primary=KEY_1)
2026-09-15 10:29:09,810 [INFO] [118/121] 합정역 (primary=KEY_2)
2026-09-15 10:29:11,179 [INFO] [119/121] 혜화역 (primary=KEY_3)
2026-09-15 10:29:12,536 [INFO] [120/121] 홍대입구역(2호선) (primary=KEY_4)
2026-09-15 10:29:13,889 [INFO] [121/121] 회기역 (primary=KEY_1)
2026-09-15 10:29:16,235 [INFO] === 수집 완료 | 성공 121, 실패 0 ===
2026-09-15 10:29:16,236 [INFO] 카테고리별 저장 결과:
2026-09-15 10:29:16,236 [INFO]    accident                  | 신규     3행 | 누적      9행 | 16컬럼
2026-09-15 10:29:16,236 [INFO]    area_meta                 | 신규   121행 | 누적    363행 | 5컬럼
2026-09-15 10:29:16,236 [INFO]    bike                      | 신규    10행 | 누적     31행 | 12컬럼
2026-09-15 10:29:16,236 [INFO]    bike_sbike_stts           | 신규   570행 | 누적   1711행 | 12컬럼
2026-09-15 10:29:16,236 [INFO]    bus                       | 신규     3행 | 누적      9행 | 11컬럼
2026-09-15 10:29:16,236 [INFO]    bus_bus_stn_stts          | 신규  1745행 | 누적   5235행 | 11컬럼
2026-09-15 10:29:16,236 [INFO]    charger                   | 신규     4행 | 누적     12행 | 15컬럼
2026-09-15 10:29:16,236 [INFO]    charger_charger_stts      | 신규  1915행 | 누적   5706행 | 15컬럼
2026-09-15 10:29:16,236 [INFO]    cmrcl                     | 신규    82행 | 누적    246행 | 20컬럼
2026-09-15 10:29:16,236 [INFO]    events                    | 신규    15행 | 누적     45행 | 14컬럼
2026-09-15 10:29:16,236 [INFO]    events_event_stts         | 신규   123행 | 누적    370행 | 14컬럼
2026-09-15 10:29:16,236 [INFO]    parking                   | 신규     6행 | 누적     18행 | 21컬럼
2026-09-15 10:29:16,236 [INFO]    parking_prk_stts          | 신규  1832행 | 누적   5496행 | 21컬럼
2026-09-15 10:29:16,236 [INFO]    ppltn                     | 신규   121행 | 누적    363행 | 26컬럼
2026-09-15 10:29:16,236 [INFO]    road                      | 신규   121행 | 누적    363행 | 21컬럼
2026-09-15 10:29:16,236 [INFO]    road_road_traffic_stts    | 신규  5298행 | 누적  15894행 | 17컬럼
2026-09-15 10:29:16,236 [INFO]    subway                    | 신규    38행 | 누적    114행 | 12컬럼
2026-09-15 10:29:16,236 [INFO]    subway_sub_stts           | 신규   183행 | 누적    549행 | 13컬럼
2026-09-15 10:29:16,236 [INFO]    weather                   | 신규   119행 | 누적    357행 | 29컬럼
2026-09-15 10:29:16,236 [INFO] 키별 사용량:
2026-09-15 10:29:16,236 [INFO]    🟢 KEY_1 (31/1000) 
2026-09-15 10:29:16,236 [INFO]    🟢 KEY_2 (30/1000) 
2026-09-15 10:29:16,236 [INFO]    🟢 KEY_3 (30/1000) 
2026-09-15 10:29:16,236 [INFO]    🟢 KEY_4 (30/1000) 
2026-09-15 16:39:49,990 [INFO] 등록된 키: 4개, 합산 한도 4,000건/일
2026-09-15 16:39:49,991 [INFO] POI 로드: 매뉴얼 v8.5 기준 fallback 121개 (121개 전체)
2026-09-15 16:39:49,991 [INFO] === 수집 시작 2026-09-15T16:39:49.991558+09:00 ===
2026-09-15 16:39:49,991 [INFO] 대상 장소: 121개 | API: citydata (통합)
2026-09-15 16:39:49,991 [INFO] 키 풀: 4/4 활성 | 오늘 사용 0/4000건
2026-09-15 16:39:49,991 [INFO]   [KEY_1] 담당 31장소
2026-09-15 16:39:49,991 [INFO]   [KEY_2] 담당 30장소
2026-09-15 16:39:49,991 [INFO]   [KEY_3] 담당 30장소
2026-09-15 16:39:49,991 [INFO]   [KEY_4] 담당 30장소
2026-09-15 16:39:49,992 [INFO] [1/121] 경복궁 (primary=KEY_1)
2026-09-15 16:39:51,906 [INFO] [2/121] 광화문·덕수궁 (primary=KEY_2)
2026-09-15 16:39:54,458 [INFO] [3/121] 보신각 (primary=KEY_3)
2026-09-15 16:39:56,673 [INFO] [4/121] 서울 암사동 유적 (primary=KEY_4)
2026-09-15 16:39:57,725 [INFO] [5/121] 창덕궁·종묘 (primary=KEY_1)
2026-09-15 16:39:58,934 [INFO] [6/121] 강남 MICE 관광특구 (primary=KEY_2)
2026-09-15 16:40:00,819 [INFO] [7/121] 동대문 관광특구 (primary=KEY_3)
2026-09-15 16:40:03,038 [INFO] [8/121] 명동 관광특구 (primary=KEY_4)
2026-09-15 16:40:05,458 [INFO] [9/121] 이태원 관광특구 (primary=KEY_1)
2026-09-15 16:40:06,683 [INFO] [10/121] 잠실 관광특구 (primary=KEY_2)
2026-09-15 16:40:08,266 [INFO] [11/121] 종로·청계 관광특구 (primary=KEY_3)
2026-09-15 16:40:09,678 [INFO] [12/121] 홍대 관광특구 (primary=KEY_4)
2026-09-15 16:40:11,277 [INFO] [13/121] 강서한강공원 (primary=KEY_1)
2026-09-15 16:40:13,288 [INFO] [14/121] 고척돔 (primary=KEY_2)
2026-09-15 16:40:14,519 [INFO] [15/121] 광나루한강공원 (primary=KEY_3)
2026-09-15 16:40:15,717 [INFO] [16/121] 광화문광장 (primary=KEY_4)
2026-09-15 16:40:17,597 [INFO] [17/121] 국립중앙박물관·용산가족공원 (primary=KEY_1)
2026-09-15 16:40:18,798 [INFO] [18/121] 난지한강공원 (primary=KEY_2)
2026-09-15 16:40:19,848 [INFO] [19/121] 남산공원 (primary=KEY_3)
2026-09-15 16:40:22,039 [INFO] [20/121] 노들섬 (primary=KEY_4)
2026-09-15 16:40:23,727 [INFO] [21/121] 뚝섬한강공원 (primary=KEY_1)
2026-09-15 16:40:25,425 [INFO] [22/121] 망원한강공원 (primary=KEY_2)
2026-09-15 16:40:27,638 [INFO] [23/121] 반포한강공원 (primary=KEY_3)
2026-09-15 16:40:28,680 [INFO] [24/121] 보라매공원 (primary=KEY_4)
2026-09-15 16:40:29,729 [INFO] [25/121] 북서울꿈의숲 (primary=KEY_1)
2026-09-15 16:40:30,955 [INFO] [26/121] 서대문독립공원 (primary=KEY_2)
2026-09-15 16:40:32,006 [INFO] [27/121] 서리풀공원·몽마르뜨공원 (primary=KEY_3)
2026-09-15 16:40:33,238 [INFO] [28/121] 서울대공원 (primary=KEY_4)
2026-09-15 16:40:35,231 [INFO] [29/121] 서울숲공원 (primary=KEY_1)
2026-09-15 16:40:36,455 [INFO] [30/121] 송현녹지광장 (primary=KEY_2)
2026-09-15 16:40:38,637 [INFO] [31/121] 아차산 (primary=KEY_3)
2026-09-15 16:40:40,388 [INFO] [32/121] 안양천 (primary=KEY_4)
2026-09-15 16:40:42,243 [INFO] [33/121] 양화한강공원 (primary=KEY_1)
2026-09-15 16:40:43,285 [INFO] [34/121] 어린이대공원 (primary=KEY_2)
2026-09-15 16:40:44,512 [INFO] [35/121] 여의도한강공원 (primary=KEY_3)
2026-09-15 16:40:45,722 [INFO] [36/121] 여의서로 (primary=KEY_4)
2026-09-15 16:40:46,925 [INFO] [37/121] 올림픽공원 (primary=KEY_1)
2026-09-15 16:40:48,202 [INFO] [38/121] 월드컵공원 (primary=KEY_2)
2026-09-15 16:40:49,632 [INFO] [39/121] 응봉산 (primary=KEY_3)
2026-09-15 16:40:51,413 [INFO] [40/121] 이촌한강공원 (primary=KEY_4)
2026-09-15 16:40:52,464 [INFO] [41/121] 잠실종합운동장 (primary=KEY_1)
2026-09-15 16:40:53,532 [INFO] [42/121] 잠실한강공원 (primary=KEY_2)
2026-09-15 16:40:54,581 [INFO] [43/121] 잠원한강공원 (primary=KEY_3)
2026-09-15 16:40:55,646 [INFO] [44/121] 청계산 (primary=KEY_4)
2026-09-15 16:40:56,695 [INFO] [45/121] 홍제폭포 (primary=KEY_1)
2026-09-15 16:40:57,741 [INFO] [46/121] 가락시장 (primary=KEY_2)
2026-09-15 16:40:59,804 [INFO] [47/121] 가로수길 (primary=KEY_3)
2026-09-15 16:41:01,081 [INFO] [48/121] 광장(전통)시장 (primary=KEY_4)
2026-09-15 16:41:02,150 [INFO] [49/121] 김포공항 (primary=KEY_1)
2026-09-15 16:41:03,551 [INFO] [50/121] 남대문시장 (primary=KEY_2)
2026-09-15 16:41:04,779 [INFO] [51/121] 노량진 (primary=KEY_3)
2026-09-15 16:41:06,027 [INFO] [52/121] 덕수궁길·정동길 (primary=KEY_4)
2026-09-15 16:41:07,286 [INFO] [53/121] 북창동 먹자골목 (primary=KEY_1)
2026-09-15 16:41:09,141 [INFO] [54/121] 북촌한옥마을 (primary=KEY_2)
2026-09-15 16:41:10,531 [INFO] [55/121] 서촌 (primary=KEY_3)
2026-09-15 16:41:11,749 [INFO] [56/121] 성수카페거리 (primary=KEY_4)
2026-09-15 16:41:13,149 [INFO] [57/121] 송리단길·호수단길 (primary=KEY_1)
2026-09-15 16:41:14,402 [INFO] [58/121] 신촌 스타광장 (primary=KEY_2)
2026-09-15 16:41:15,453 [INFO] [59/121] 압구정로데오거리 (primary=KEY_3)
2026-09-15 16:41:16,705 [INFO] [60/121] 여의도 (primary=KEY_4)
2026-09-15 16:41:18,652 [INFO] [61/121] 연남동 (primary=KEY_1)
2026-09-15 16:41:19,876 [INFO] [62/121] 영등포 타임스퀘어 (primary=KEY_2)
2026-09-15 16:41:21,101 [INFO] [63/121] 용리단길 (primary=KEY_3)
2026-09-15 16:41:22,261 [INFO] [64/121] 이태원 앤틱가구거리 (primary=KEY_4)
2026-09-15 16:41:23,477 [INFO] [65/121] 익선동 (primary=KEY_1)
2026-09-15 16:41:24,747 [INFO] [66/121] 인사동 (primary=KEY_2)
2026-09-15 16:41:26,146 [INFO] [67/121] 잠실롯데타워·석촌호수 (primary=KEY_3)
2026-09-15 16:41:27,703 [INFO] [68/121] 창동 신경제 중심지 (primary=KEY_4)
2026-09-15 16:41:29,342 [INFO] [69/121] 청담동 명품거리 (primary=KEY_1)
2026-09-15 16:41:30,590 [INFO] [70/121] 청량리 제기동 일대 전통시장 (primary=KEY_2)
2026-09-15 16:41:31,971 [INFO] [71/121] 해방촌·경리단길 (primary=KEY_3)
2026-09-15 16:41:33,029 [INFO] [72/121] DDP(동대문디자인플라자) (primary=KEY_4)
2026-09-15 16:41:34,299 [INFO] [73/121] DMC(디지털미디어시티) (primary=KEY_1)
2026-09-15 16:41:35,986 [INFO] [74/121] 가산디지털단지역 (primary=KEY_2)
2026-09-15 16:41:37,571 [INFO] [75/121] 강남역 (primary=KEY_3)
2026-09-15 16:41:38,977 [INFO] [76/121] 건대입구역 (primary=KEY_4)
2026-09-15 16:41:40,209 [INFO] [77/121] 고덕역 (primary=KEY_1)
2026-09-15 16:41:41,489 [INFO] [78/121] 고속터미널역 (primary=KEY_2)
2026-09-15 16:41:42,769 [INFO] [79/121] 교대역 (primary=KEY_3)
2026-09-15 16:41:44,009 [INFO] [80/121] 구로디지털단지역 (primary=KEY_4)
2026-09-15 16:41:45,588 [INFO] [81/121] 구로역 (primary=KEY_1)
2026-09-15 16:41:46,830 [INFO] [82/121] 군자역 (primary=KEY_2)
2026-09-15 16:41:48,088 [INFO] [83/121] 대림역 (primary=KEY_3)
2026-09-15 16:41:49,351 [INFO] [84/121] 동대문역 (primary=KEY_4)
2026-09-15 16:41:50,585 [INFO] [85/121] 뚝섬역 (primary=KEY_1)
2026-09-15 16:41:51,813 [INFO] [86/121] 미아사거리역 (primary=KEY_2)
2026-09-15 16:41:53,026 [INFO] [87/121] 발산역 (primary=KEY_3)
2026-09-15 16:41:54,565 [INFO] [88/121] 사당역 (primary=KEY_4)
2026-09-15 16:41:55,841 [INFO] [89/121] 삼각지역 (primary=KEY_1)
2026-09-15 16:41:57,087 [INFO] [90/121] 서울대입구역 (primary=KEY_2)
2026-09-15 16:41:58,313 [INFO] [91/121] 서울식물원·마곡나루역 (primary=KEY_3)
2026-09-15 16:41:59,725 [INFO] [92/121] 서울역 (primary=KEY_4)
2026-09-15 16:42:01,167 [INFO] [93/121] 선릉역 (primary=KEY_1)
2026-09-15 16:42:02,836 [INFO] [94/121] 성신여대입구역 (primary=KEY_2)
2026-09-15 16:42:03,908 [INFO] [95/121] 수유역 (primary=KEY_3)
2026-09-15 16:42:05,149 [INFO] [96/121] 숭례문 (primary=KEY_4)
2026-09-15 16:42:06,407 [INFO] [97/121] 시의회 앞 (primary=KEY_1)
2026-09-15 16:42:07,654 [INFO] [98/121] 신논현역·논현역 (primary=KEY_2)
2026-09-15 16:42:08,891 [INFO] [99/121] 신도림역 (primary=KEY_3)
2026-09-15 16:42:10,007 [INFO] [100/121] 신림역 (primary=KEY_4)
2026-09-15 16:42:11,292 [INFO] [101/121] 신정네거리역 (primary=KEY_1)
2026-09-15 16:42:12,514 [INFO] [102/121] 신촌·이대역 (primary=KEY_2)
2026-09-15 16:42:13,754 [INFO] [103/121] 쌍문역 (primary=KEY_3)
2026-09-15 16:42:14,992 [INFO] [104/121] 양재역 (primary=KEY_4)
2026-09-15 16:42:16,287 [INFO] [105/121] 역삼역 (primary=KEY_1)
2026-09-15 16:42:17,704 [INFO] [106/121] 연신내역 (primary=KEY_2)
2026-09-15 16:42:18,796 [INFO] [107/121] 오목교역·목동운동장 (primary=KEY_3)
2026-09-15 16:42:20,520 [INFO] [108/121] 왕십리역 (primary=KEY_4)
2026-09-15 16:42:21,909 [INFO] [109/121] 용산역 (primary=KEY_1)
2026-09-15 16:42:23,358 [INFO] [110/121] 이태원역 (primary=KEY_2)
2026-09-15 16:42:24,415 [INFO] [111/121] 잠실새내역 (primary=KEY_3)
2026-09-15 16:42:25,734 [INFO] [112/121] 잠실역 (primary=KEY_4)
2026-09-15 16:42:27,115 [INFO] [113/121] 장지역 (primary=KEY_1)
2026-09-15 16:42:28,534 [INFO] [114/121] 장한평역 (primary=KEY_2)
2026-09-15 16:42:29,775 [INFO] [115/121] 천호역 (primary=KEY_3)
2026-09-15 16:42:31,208 [INFO] [116/121] 총신대입구(이수)역 (primary=KEY_4)
2026-09-15 16:42:33,281 [INFO] [117/121] 충정로역 (primary=KEY_1)
2026-09-15 16:42:35,153 [INFO] [118/121] 합정역 (primary=KEY_2)
2026-09-15 16:42:37,068 [INFO] [119/121] 혜화역 (primary=KEY_3)
2026-09-15 16:42:39,287 [INFO] [120/121] 홍대입구역(2호선) (primary=KEY_4)
2026-09-15 16:42:41,357 [INFO] [121/121] 회기역 (primary=KEY_1)
2026-09-15 16:42:44,526 [INFO] === 수집 완료 | 성공 121, 실패 0 ===
2026-09-15 16:42:44,526 [INFO] 카테고리별 저장 결과:
2026-09-15 16:42:44,526 [INFO]    accident                  | 신규     4행 | 누적     13행 | 16컬럼
2026-09-15 16:42:44,526 [INFO]    accident_acdnt_cntrl_stts | 신규     2행 | 누적      6행 | 16컬럼
2026-09-15 16:42:44,526 [INFO]    area_meta                 | 신규   121행 | 누적    484행 | 5컬럼
2026-09-15 16:42:44,526 [INFO]    bike                      | 신규    10행 | 누적     41행 | 12컬럼
2026-09-15 16:42:44,526 [INFO]    bike_sbike_stts           | 신규   570행 | 누적   2281행 | 12컬럼
2026-09-15 16:42:44,526 [INFO]    bus                       | 신규     3행 | 누적     12행 | 11컬럼
2026-09-15 16:42:44,526 [INFO]    bus_bus_stn_stts          | 신규  1745행 | 누적   6980행 | 11컬럼
2026-09-15 16:42:44,526 [INFO]    charger                   | 신규     4행 | 누적     16행 | 15컬럼
2026-09-15 16:42:44,526 [INFO]    charger_charger_stts      | 신규  1915행 | 누적   7608행 | 15컬럼
2026-09-15 16:42:44,526 [INFO]    cmrcl                     | 신규    82행 | 누적    328행 | 20컬럼
2026-09-15 16:42:44,526 [INFO]    events                    | 신규    15행 | 누적     60행 | 14컬럼
2026-09-15 16:42:44,526 [INFO]    events_event_stts         | 신규   123행 | 누적    493행 | 14컬럼
2026-09-15 16:42:44,526 [INFO]    parking                   | 신규     6행 | 누적     24행 | 21컬럼
2026-09-15 16:42:44,526 [INFO]    parking_prk_stts          | 신규  1832행 | 누적   7328행 | 21컬럼
2026-09-15 16:42:44,526 [INFO]    ppltn                     | 신규   121행 | 누적    484행 | 26컬럼
2026-09-15 16:42:44,526 [INFO]    road                      | 신규   121행 | 누적    484행 | 21컬럼
2026-09-15 16:42:44,526 [INFO]    road_road_traffic_stts    | 신규  5298행 | 누적  21192행 | 17컬럼
2026-09-15 16:42:44,526 [INFO]    subway                    | 신규    38행 | 누적    152행 | 12컬럼
2026-09-15 16:42:44,526 [INFO]    subway_sub_stts           | 신규   183행 | 누적    732행 | 13컬럼
2026-09-15 16:42:44,526 [INFO]    weather                   | 신규   119행 | 누적    476행 | 29컬럼
2026-09-15 16:42:44,526 [INFO] 키별 사용량:
2026-09-15 16:42:44,526 [INFO]    🟢 KEY_1 (31/1000) 
2026-09-15 16:42:44,526 [INFO]    🟢 KEY_2 (30/1000) 
2026-09-15 16:42:44,527 [INFO]    🟢 KEY_3 (30/1000) 
2026-09-15 16:42:44,527 [INFO]    🟢 KEY_4 (30/1000) 
2026-09-15 22:29:30,470 [INFO] 등록된 키: 4개, 합산 한도 4,000건/일
2026-09-15 22:29:30,471 [INFO] POI 로드: 매뉴얼 v8.5 기준 fallback 121개 (121개 전체)
2026-09-15 22:29:30,471 [INFO] === 수집 시작 2026-09-15T22:29:30.471476+09:00 ===
2026-09-15 22:29:30,471 [INFO] 대상 장소: 121개 | API: citydata (통합)
2026-09-15 22:29:30,471 [INFO] 키 풀: 4/4 활성 | 오늘 사용 0/4000건
2026-09-15 22:29:30,471 [INFO]   [KEY_1] 담당 31장소
2026-09-15 22:29:30,471 [INFO]   [KEY_2] 담당 30장소
2026-09-15 22:29:30,471 [INFO]   [KEY_3] 담당 30장소
2026-09-15 22:29:30,471 [INFO]   [KEY_4] 담당 30장소
2026-09-15 22:29:30,472 [INFO] [1/121] 경복궁 (primary=KEY_1)
2026-09-15 22:29:32,774 [INFO] [2/121] 광화문·덕수궁 (primary=KEY_2)
2026-09-15 22:29:35,472 [INFO] [3/121] 보신각 (primary=KEY_3)
2026-09-15 22:29:37,944 [INFO] [4/121] 서울 암사동 유적 (primary=KEY_4)
2026-09-15 22:29:40,019 [INFO] [5/121] 창덕궁·종묘 (primary=KEY_1)
2026-09-15 22:29:41,525 [INFO] [6/121] 강남 MICE 관광특구 (primary=KEY_2)
2026-09-15 22:29:43,686 [INFO] [7/121] 동대문 관광특구 (primary=KEY_3)
2026-09-15 22:29:46,031 [INFO] [8/121] 명동 관광특구 (primary=KEY_4)
2026-09-15 22:29:48,006 [INFO] [9/121] 이태원 관광특구 (primary=KEY_1)
2026-09-15 22:29:50,182 [INFO] [10/121] 잠실 관광특구 (primary=KEY_2)
2026-09-15 22:29:52,910 [INFO] [11/121] 종로·청계 관광특구 (primary=KEY_3)
2026-09-15 22:29:55,429 [INFO] [12/121] 홍대 관광특구 (primary=KEY_4)
2026-09-15 22:29:57,009 [INFO] [13/121] 강서한강공원 (primary=KEY_1)
2026-09-15 22:29:59,262 [INFO] [14/121] 고척돔 (primary=KEY_2)
2026-09-15 22:30:01,543 [INFO] [15/121] 광나루한강공원 (primary=KEY_3)
2026-09-15 22:30:02,886 [INFO] [16/121] 광화문광장 (primary=KEY_4)
2026-09-15 22:30:05,273 [INFO] [17/121] 국립중앙박물관·용산가족공원 (primary=KEY_1)
2026-09-15 22:30:07,341 [INFO] [18/121] 난지한강공원 (primary=KEY_2)
2026-09-15 22:30:09,434 [INFO] [19/121] 남산공원 (primary=KEY_3)
2026-09-15 22:30:10,973 [INFO] [20/121] 노들섬 (primary=KEY_4)
2026-09-15 22:30:12,090 [INFO] [21/121] 뚝섬한강공원 (primary=KEY_1)
2026-09-15 22:30:13,218 [INFO] [22/121] 망원한강공원 (primary=KEY_2)
2026-09-15 22:30:14,531 [INFO] [23/121] 반포한강공원 (primary=KEY_3)
2026-09-15 22:30:16,618 [INFO] [24/121] 보라매공원 (primary=KEY_4)
2026-09-15 22:30:18,724 [INFO] [25/121] 북서울꿈의숲 (primary=KEY_1)
2026-09-15 22:30:21,017 [INFO] [26/121] 서대문독립공원 (primary=KEY_2)
2026-09-15 22:30:22,945 [INFO] [27/121] 서리풀공원·몽마르뜨공원 (primary=KEY_3)
2026-09-15 22:30:25,226 [INFO] [28/121] 서울대공원 (primary=KEY_4)
2026-09-15 22:30:26,337 [INFO] [29/121] 서울숲공원 (primary=KEY_1)
2026-09-15 22:30:27,659 [INFO] [30/121] 송현녹지광장 (primary=KEY_2)
2026-09-15 22:30:29,926 [INFO] [31/121] 아차산 (primary=KEY_3)
2026-09-15 22:30:31,056 [INFO] [32/121] 안양천 (primary=KEY_4)
2026-09-15 22:30:32,184 [INFO] [33/121] 양화한강공원 (primary=KEY_1)
2026-09-15 22:30:33,314 [INFO] [34/121] 어린이대공원 (primary=KEY_2)
2026-09-15 22:30:34,464 [INFO] [35/121] 여의도한강공원 (primary=KEY_3)
2026-09-15 22:30:35,817 [INFO] [36/121] 여의서로 (primary=KEY_4)
2026-09-15 22:30:37,120 [INFO] [37/121] 올림픽공원 (primary=KEY_1)
2026-09-15 22:30:39,250 [INFO] [38/121] 월드컵공원 (primary=KEY_2)
2026-09-15 22:30:42,689 [INFO] [39/121] 응봉산 (primary=KEY_3)
2026-09-15 22:30:44,005 [INFO] [40/121] 이촌한강공원 (primary=KEY_4)
2026-09-15 22:30:45,706 [INFO] [41/121] 잠실종합운동장 (primary=KEY_1)
2026-09-15 22:30:46,828 [INFO] [42/121] 잠실한강공원 (primary=KEY_2)
2026-09-15 22:30:48,121 [INFO] [43/121] 잠원한강공원 (primary=KEY_3)
2026-09-15 22:30:49,242 [INFO] [44/121] 청계산 (primary=KEY_4)
2026-09-15 22:30:50,357 [INFO] [45/121] 홍제폭포 (primary=KEY_1)
2026-09-15 22:30:51,486 [INFO] [46/121] 가락시장 (primary=KEY_2)
2026-09-15 22:30:52,814 [INFO] [47/121] 가로수길 (primary=KEY_3)
2026-09-15 22:30:54,153 [INFO] [48/121] 광장(전통)시장 (primary=KEY_4)
2026-09-15 22:30:55,303 [INFO] [49/121] 김포공항 (primary=KEY_1)
2026-09-15 22:30:56,819 [INFO] [50/121] 남대문시장 (primary=KEY_2)
2026-09-15 22:30:58,150 [INFO] [51/121] 노량진 (primary=KEY_3)
2026-09-15 22:30:59,487 [INFO] [52/121] 덕수궁길·정동길 (primary=KEY_4)
2026-09-15 22:31:00,826 [INFO] [53/121] 북창동 먹자골목 (primary=KEY_1)
2026-09-15 22:31:02,920 [INFO] [54/121] 북촌한옥마을 (primary=KEY_2)
2026-09-15 22:31:05,377 [INFO] [55/121] 서촌 (primary=KEY_3)
2026-09-15 22:31:06,748 [INFO] [56/121] 성수카페거리 (primary=KEY_4)
2026-09-15 22:31:08,090 [INFO] [57/121] 송리단길·호수단길 (primary=KEY_1)
2026-09-15 22:31:09,443 [INFO] [58/121] 신촌 스타광장 (primary=KEY_2)
2026-09-15 22:31:10,584 [INFO] [59/121] 압구정로데오거리 (primary=KEY_3)
2026-09-15 22:31:11,941 [INFO] [60/121] 여의도 (primary=KEY_4)
2026-09-15 22:31:15,023 [INFO] [61/121] 연남동 (primary=KEY_1)
2026-09-15 22:31:16,340 [INFO] [62/121] 영등포 타임스퀘어 (primary=KEY_2)
2026-09-15 22:31:17,657 [INFO] [63/121] 용리단길 (primary=KEY_3)
2026-09-15 22:31:18,817 [INFO] [64/121] 이태원 앤틱가구거리 (primary=KEY_4)
2026-09-15 22:31:19,952 [INFO] [65/121] 익선동 (primary=KEY_1)
2026-09-15 22:31:21,361 [INFO] [66/121] 인사동 (primary=KEY_2)
2026-09-15 22:31:22,711 [INFO] [67/121] 잠실롯데타워·석촌호수 (primary=KEY_3)
2026-09-15 22:31:24,242 [INFO] [68/121] 창동 신경제 중심지 (primary=KEY_4)
2026-09-15 22:31:25,961 [INFO] [69/121] 청담동 명품거리 (primary=KEY_1)
2026-09-15 22:31:27,282 [INFO] [70/121] 청량리 제기동 일대 전통시장 (primary=KEY_2)
2026-09-15 22:31:28,620 [INFO] [71/121] 해방촌·경리단길 (primary=KEY_3)
2026-09-15 22:31:29,798 [INFO] [72/121] DDP(동대문디자인플라자) (primary=KEY_4)
2026-09-15 22:31:31,194 [INFO] [73/121] DMC(디지털미디어시티) (primary=KEY_1)
2026-09-15 22:31:32,728 [INFO] [74/121] 가산디지털단지역 (primary=KEY_2)
2026-09-15 22:31:34,447 [INFO] [75/121] 강남역 (primary=KEY_3)
2026-09-15 22:31:35,986 [INFO] [76/121] 건대입구역 (primary=KEY_4)
2026-09-15 22:31:37,365 [INFO] [77/121] 고덕역 (primary=KEY_1)
2026-09-15 22:31:38,685 [INFO] [78/121] 고속터미널역 (primary=KEY_2)
2026-09-15 22:31:40,039 [INFO] [79/121] 교대역 (primary=KEY_3)
2026-09-15 22:31:41,197 [INFO] [80/121] 구로디지털단지역 (primary=KEY_4)
2026-09-15 22:31:42,718 [INFO] [81/121] 구로역 (primary=KEY_1)
2026-09-15 22:31:43,878 [INFO] [82/121] 군자역 (primary=KEY_2)
2026-09-15 22:31:45,239 [INFO] [83/121] 대림역 (primary=KEY_3)
2026-09-15 22:31:46,575 [INFO] [84/121] 동대문역 (primary=KEY_4)
2026-09-15 22:31:47,906 [INFO] [85/121] 뚝섬역 (primary=KEY_1)
2026-09-15 22:31:49,234 [INFO] [86/121] 미아사거리역 (primary=KEY_2)
2026-09-15 22:31:50,555 [INFO] [87/121] 발산역 (primary=KEY_3)
2026-09-15 22:31:52,073 [INFO] [88/121] 사당역 (primary=KEY_4)
2026-09-15 22:31:53,399 [INFO] [89/121] 삼각지역 (primary=KEY_1)
2026-09-15 22:31:54,535 [INFO] [90/121] 서울대입구역 (primary=KEY_2)
2026-09-15 22:31:55,679 [INFO] [91/121] 서울식물원·마곡나루역 (primary=KEY_3)
2026-09-15 22:31:58,155 [INFO] [92/121] 서울역 (primary=KEY_4)
2026-09-15 22:32:00,502 [INFO] [93/121] 선릉역 (primary=KEY_1)
2026-09-15 22:32:03,026 [INFO] [94/121] 성신여대입구역 (primary=KEY_2)
2026-09-15 22:32:04,927 [INFO] [95/121] 수유역 (primary=KEY_3)
2026-09-15 22:32:07,024 [INFO] [96/121] 숭례문 (primary=KEY_4)
2026-09-15 22:32:09,524 [INFO] [97/121] 시의회 앞 (primary=KEY_1)
2026-09-15 22:32:11,971 [INFO] [98/121] 신논현역·논현역 (primary=KEY_2)
2026-09-15 22:32:14,453 [INFO] [99/121] 신도림역 (primary=KEY_3)
2026-09-15 22:32:16,340 [INFO] [100/121] 신림역 (primary=KEY_4)
2026-09-15 22:32:18,618 [INFO] [101/121] 신정네거리역 (primary=KEY_1)
2026-09-15 22:32:20,701 [INFO] [102/121] 신촌·이대역 (primary=KEY_2)
2026-09-15 22:32:22,794 [INFO] [103/121] 쌍문역 (primary=KEY_3)
2026-09-15 22:32:24,700 [INFO] [104/121] 양재역 (primary=KEY_4)
2026-09-15 22:32:26,826 [INFO] [105/121] 역삼역 (primary=KEY_1)
2026-09-15 22:32:28,179 [INFO] [106/121] 연신내역 (primary=KEY_2)
2026-09-15 22:32:29,345 [INFO] [107/121] 오목교역·목동운동장 (primary=KEY_3)
2026-09-15 22:32:32,234 [INFO] [108/121] 왕십리역 (primary=KEY_4)
2026-09-15 22:32:34,357 [INFO] [109/121] 용산역 (primary=KEY_1)
2026-09-15 22:32:35,869 [INFO] [110/121] 이태원역 (primary=KEY_2)
2026-09-15 22:32:37,961 [INFO] [111/121] 잠실새내역 (primary=KEY_3)
2026-09-15 22:32:39,297 [INFO] [112/121] 잠실역 (primary=KEY_4)
2026-09-15 22:32:40,635 [INFO] [113/121] 장지역 (primary=KEY_1)
2026-09-15 22:32:42,979 [INFO] [114/121] 장한평역 (primary=KEY_2)
2026-09-15 22:32:45,463 [INFO] [115/121] 천호역 (primary=KEY_3)
2026-09-15 22:32:46,827 [INFO] [116/121] 총신대입구(이수)역 (primary=KEY_4)
2026-09-15 22:32:49,116 [INFO] [117/121] 충정로역 (primary=KEY_1)
2026-09-15 22:32:50,467 [INFO] [118/121] 합정역 (primary=KEY_2)
2026-09-15 22:32:51,792 [INFO] [119/121] 혜화역 (primary=KEY_3)
2026-09-15 22:32:53,122 [INFO] [120/121] 홍대입구역(2호선) (primary=KEY_4)
2026-09-15 22:32:54,478 [INFO] [121/121] 회기역 (primary=KEY_1)
2026-09-15 22:32:58,528 [INFO] === 수집 완료 | 성공 121, 실패 0 ===
2026-09-15 22:32:58,528 [INFO] 카테고리별 저장 결과:
2026-09-15 22:32:58,528 [INFO]    accident                  | 신규    12행 | 누적     25행 | 16컬럼
2026-09-15 22:32:58,528 [INFO]    accident_acdnt_cntrl_stts | 신규     2행 | 누적      8행 | 16컬럼
2026-09-15 22:32:58,528 [INFO]    area_meta                 | 신규   121행 | 누적    605행 | 5컬럼
2026-09-15 22:32:58,528 [INFO]    bike                      | 신규    10행 | 누적     51행 | 12컬럼
2026-09-15 22:32:58,528 [INFO]    bike_sbike_stts           | 신규   572행 | 누적   2853행 | 12컬럼
2026-09-15 22:32:58,528 [INFO]    bus                       | 신규     3행 | 누적     15행 | 11컬럼
2026-09-15 22:32:58,528 [INFO]    bus_bus_stn_stts          | 신규  1745행 | 누적   8725행 | 11컬럼
2026-09-15 22:32:58,528 [INFO]    charger                   | 신규     6행 | 누적     22행 | 15컬럼
2026-09-15 22:32:58,528 [INFO]    charger_charger_stts      | 신규  1185행 | 누적   8785행 | 15컬럼
2026-09-15 22:32:58,529 [INFO]    cmrcl                     | 신규    82행 | 누적    410행 | 20컬럼
2026-09-15 22:32:58,529 [INFO]    events                    | 신규    15행 | 누적     75행 | 14컬럼
2026-09-15 22:32:58,529 [INFO]    events_event_stts         | 신규   123행 | 누적    616행 | 14컬럼
2026-09-15 22:32:58,529 [INFO]    parking                   | 신규     6행 | 누적     30행 | 21컬럼
2026-09-15 22:32:58,529 [INFO]    parking_prk_stts          | 신규  1832행 | 누적   9160행 | 21컬럼
2026-09-15 22:32:58,529 [INFO]    ppltn                     | 신규   121행 | 누적    605행 | 26컬럼
2026-09-15 22:32:58,529 [INFO]    road                      | 신규   121행 | 누적    605행 | 21컬럼
2026-09-15 22:32:58,529 [INFO]    road_road_traffic_stts    | 신규  5298행 | 누적  26490행 | 17컬럼
2026-09-15 22:32:58,529 [INFO]    subway                    | 신규    38행 | 누적    190행 | 12컬럼
2026-09-15 22:32:58,529 [INFO]    subway_sub_stts           | 신규   183행 | 누적    915행 | 13컬럼
2026-09-15 22:32:58,529 [INFO]    weather                   | 신규   119행 | 누적    595행 | 29컬럼
2026-09-15 22:32:58,529 [INFO] 키별 사용량:
2026-09-15 22:32:58,529 [INFO]    🟢 KEY_1 (31/1000) 
2026-09-15 22:32:58,529 [INFO]    🟢 KEY_2 (30/1000) 
2026-09-15 22:32:58,529 [INFO]    🟢 KEY_3 (30/1000) 
2026-09-15 22:32:58,529 [INFO]    🟢 KEY_4 (30/1000) 
