2026-06-28 00:36:32,697 [INFO] 등록된 키: 4개, 합산 한도 4,000건/일
2026-06-28 00:36:32,698 [INFO] POI 로드: 매뉴얼 v8.5 기준 fallback 121개 (121개 전체)
2026-06-28 00:36:32,698 [INFO] === 수집 시작 2026-06-28T00:36:32.698557+09:00 ===
2026-06-28 00:36:32,698 [INFO] 대상 장소: 121개 | API: citydata (통합)
2026-06-28 00:36:32,698 [INFO] 키 풀: 4/4 활성 | 오늘 사용 0/4000건
2026-06-28 00:36:32,698 [INFO]   [KEY_1] 담당 31장소
2026-06-28 00:36:32,698 [INFO]   [KEY_2] 담당 30장소
2026-06-28 00:36:32,698 [INFO]   [KEY_3] 담당 30장소
2026-06-28 00:36:32,698 [INFO]   [KEY_4] 담당 30장소
2026-06-28 00:36:32,699 [INFO] [1/121] 경복궁 (primary=KEY_1)
2026-06-28 00:36:35,006 [INFO] [2/121] 광화문·덕수궁 (primary=KEY_2)
2026-06-28 00:36:37,689 [INFO] [3/121] 보신각 (primary=KEY_3)
2026-06-28 00:36:39,794 [INFO] [4/121] 서울 암사동 유적 (primary=KEY_4)
2026-06-28 00:36:41,681 [INFO] [5/121] 창덕궁·종묘 (primary=KEY_1)
2026-06-28 00:36:43,805 [INFO] [6/121] 강남 MICE 관광특구 (primary=KEY_2)
2026-06-28 00:36:45,905 [INFO] [7/121] 동대문 관광특구 (primary=KEY_3)
2026-06-28 00:36:48,261 [INFO] [8/121] 명동 관광특구 (primary=KEY_4)
2026-06-28 00:36:51,166 [INFO] [9/121] 이태원 관광특구 (primary=KEY_1)
2026-06-28 00:36:52,510 [INFO] [10/121] 잠실 관광특구 (primary=KEY_2)
2026-06-28 00:36:55,223 [INFO] [11/121] 종로·청계 관광특구 (primary=KEY_3)
2026-06-28 00:36:57,894 [INFO] [12/121] 홍대 관광특구 (primary=KEY_4)
2026-06-28 00:36:59,475 [INFO] [13/121] 강서한강공원 (primary=KEY_1)
2026-06-28 00:37:00,590 [INFO] [14/121] 고척돔 (primary=KEY_2)
2026-06-28 00:37:02,478 [INFO] [15/121] 광나루한강공원 (primary=KEY_3)
2026-06-28 00:37:03,783 [INFO] [16/121] 광화문광장 (primary=KEY_4)
2026-06-28 00:37:05,864 [INFO] [17/121] 국립중앙박물관·용산가족공원 (primary=KEY_1)
2026-06-28 00:37:07,759 [INFO] [18/121] 난지한강공원 (primary=KEY_2)
2026-06-28 00:37:08,889 [INFO] [19/121] 남산공원 (primary=KEY_3)
2026-06-28 00:37:11,190 [INFO] [20/121] 노들섬 (primary=KEY_4)
2026-06-28 00:37:12,894 [INFO] [21/121] 뚝섬한강공원 (primary=KEY_1)
2026-06-28 00:37:14,030 [INFO] [22/121] 망원한강공원 (primary=KEY_2)
2026-06-28 00:37:16,109 [INFO] [23/121] 반포한강공원 (primary=KEY_3)
2026-06-28 00:37:17,995 [INFO] [24/121] 보라매공원 (primary=KEY_4)
2026-06-28 00:37:19,163 [INFO] [25/121] 북서울꿈의숲 (primary=KEY_1)
2026-06-28 00:37:21,990 [INFO] [26/121] 서대문독립공원 (primary=KEY_2)
2026-06-28 00:37:23,121 [INFO] [27/121] 서리풀공원·몽마르뜨공원 (primary=KEY_3)
2026-06-28 00:37:24,274 [INFO] [28/121] 서울대공원 (primary=KEY_4)
2026-06-28 00:37:25,388 [INFO] [29/121] 서울숲공원 (primary=KEY_1)
2026-06-28 00:37:27,856 [INFO] [30/121] 송현녹지광장 (primary=KEY_2)
2026-06-28 00:37:30,136 [INFO] [31/121] 아차산 (primary=KEY_3)
2026-06-28 00:37:31,262 [INFO] [32/121] 안양천 (primary=KEY_4)
2026-06-28 00:37:32,386 [INFO] [33/121] 양화한강공원 (primary=KEY_1)
2026-06-28 00:37:34,259 [INFO] [34/121] 어린이대공원 (primary=KEY_2)
2026-06-28 00:37:35,584 [INFO] [35/121] 여의도한강공원 (primary=KEY_3)
2026-06-28 00:37:36,898 [INFO] [36/121] 여의서로 (primary=KEY_4)
2026-06-28 00:37:38,980 [INFO] [37/121] 올림픽공원 (primary=KEY_1)
2026-06-28 00:37:41,110 [INFO] [38/121] 월드컵공원 (primary=KEY_2)
2026-06-28 00:37:42,657 [INFO] [39/121] 응봉산 (primary=KEY_3)
2026-06-28 00:37:43,986 [INFO] [40/121] 이촌한강공원 (primary=KEY_4)
2026-06-28 00:37:45,308 [INFO] [41/121] 잠실종합운동장 (primary=KEY_1)
2026-06-28 00:37:47,589 [INFO] [42/121] 잠실한강공원 (primary=KEY_2)
2026-06-28 00:37:48,732 [INFO] [43/121] 잠원한강공원 (primary=KEY_3)
2026-06-28 00:37:50,623 [INFO] [44/121] 청계산 (primary=KEY_4)
2026-06-28 00:37:51,755 [INFO] [45/121] 홍제폭포 (primary=KEY_1)
2026-06-28 00:37:52,886 [INFO] [46/121] 가락시장 (primary=KEY_2)
2026-06-28 00:37:54,267 [INFO] [47/121] 가로수길 (primary=KEY_3)
2026-06-28 00:37:55,639 [INFO] [48/121] 광장(전통)시장 (primary=KEY_4)
2026-06-28 00:37:56,796 [INFO] [49/121] 김포공항 (primary=KEY_1)
2026-06-28 00:37:58,350 [INFO] [50/121] 남대문시장 (primary=KEY_2)
2026-06-28 00:38:00,806 [INFO] [51/121] 노량진 (primary=KEY_3)
2026-06-28 00:38:02,159 [INFO] [52/121] 덕수궁길·정동길 (primary=KEY_4)
2026-06-28 00:38:03,516 [INFO] [53/121] 북창동 먹자골목 (primary=KEY_1)
2026-06-28 00:38:05,604 [INFO] [54/121] 북촌한옥마을 (primary=KEY_2)
2026-06-28 00:38:07,131 [INFO] [55/121] 서촌 (primary=KEY_3)
2026-06-28 00:38:08,473 [INFO] [56/121] 성수카페거리 (primary=KEY_4)
2026-06-28 00:38:10,784 [INFO] [57/121] 송리단길·호수단길 (primary=KEY_1)
2026-06-28 00:38:12,135 [INFO] [58/121] 신촌 스타광장 (primary=KEY_2)
2026-06-28 00:38:13,278 [INFO] [59/121] 압구정로데오거리 (primary=KEY_3)
2026-06-28 00:38:14,632 [INFO] [60/121] 여의도 (primary=KEY_4)
2026-06-28 00:38:16,805 [INFO] [61/121] 연남동 (primary=KEY_1)
2026-06-28 00:38:18,129 [INFO] [62/121] 영등포 타임스퀘어 (primary=KEY_2)
2026-06-28 00:38:19,448 [INFO] [63/121] 용리단길 (primary=KEY_3)
2026-06-28 00:38:20,604 [INFO] [64/121] 이태원 앤틱가구거리 (primary=KEY_4)
2026-06-28 00:38:21,951 [INFO] [65/121] 익선동 (primary=KEY_1)
2026-06-28 00:38:23,292 [INFO] [66/121] 인사동 (primary=KEY_2)
2026-06-28 00:38:24,828 [INFO] [67/121] 잠실롯데타워·석촌호수 (primary=KEY_3)
2026-06-28 00:38:26,566 [INFO] [68/121] 창동 신경제 중심지 (primary=KEY_4)
2026-06-28 00:38:28,328 [INFO] [69/121] 청담동 명품거리 (primary=KEY_1)
2026-06-28 00:38:29,674 [INFO] [70/121] 청량리 제기동 일대 전통시장 (primary=KEY_2)
2026-06-28 00:38:31,019 [INFO] [71/121] 해방촌·경리단길 (primary=KEY_3)
2026-06-28 00:38:32,154 [INFO] [72/121] DDP(동대문디자인플라자) (primary=KEY_4)
2026-06-28 00:38:33,488 [INFO] [73/121] DMC(디지털미디어시티) (primary=KEY_1)
2026-06-28 00:38:35,246 [INFO] [74/121] 가산디지털단지역 (primary=KEY_2)
2026-06-28 00:38:37,154 [INFO] [75/121] 강남역 (primary=KEY_3)
2026-06-28 00:38:38,714 [INFO] [76/121] 건대입구역 (primary=KEY_4)
2026-06-28 00:38:40,067 [INFO] [77/121] 고덕역 (primary=KEY_1)
2026-06-28 00:38:41,449 [INFO] [78/121] 고속터미널역 (primary=KEY_2)
2026-06-28 00:38:42,797 [INFO] [79/121] 교대역 (primary=KEY_3)
2026-06-28 00:38:43,956 [INFO] [80/121] 구로디지털단지역 (primary=KEY_4)
2026-06-28 00:38:45,660 [INFO] [81/121] 구로역 (primary=KEY_1)
2026-06-28 00:38:46,975 [INFO] [82/121] 군자역 (primary=KEY_2)
2026-06-28 00:38:48,136 [INFO] [83/121] 대림역 (primary=KEY_3)
2026-06-28 00:38:49,487 [INFO] [84/121] 동대문역 (primary=KEY_4)
2026-06-28 00:38:50,833 [INFO] [85/121] 뚝섬역 (primary=KEY_1)
2026-06-28 00:38:52,181 [INFO] [86/121] 미아사거리역 (primary=KEY_2)
2026-06-28 00:38:53,512 [INFO] [87/121] 발산역 (primary=KEY_3)
2026-06-28 00:38:55,265 [INFO] [88/121] 사당역 (primary=KEY_4)
2026-06-28 00:38:56,630 [INFO] [89/121] 삼각지역 (primary=KEY_1)
2026-06-28 00:38:57,791 [INFO] [90/121] 서울대입구역 (primary=KEY_2)
2026-06-28 00:38:59,132 [INFO] [91/121] 서울식물원·마곡나루역 (primary=KEY_3)
2026-06-28 00:39:00,652 [INFO] [92/121] 서울역 (primary=KEY_4)
2026-06-28 00:39:02,025 [INFO] [93/121] 선릉역 (primary=KEY_1)
2026-06-28 00:39:03,787 [INFO] [94/121] 성신여대입구역 (primary=KEY_2)
2026-06-28 00:39:04,944 [INFO] [95/121] 수유역 (primary=KEY_3)
2026-06-28 00:39:06,301 [INFO] [96/121] 숭례문 (primary=KEY_4)
2026-06-28 00:39:07,835 [INFO] [97/121] 시의회 앞 (primary=KEY_1)
2026-06-28 00:39:09,184 [INFO] [98/121] 신논현역·논현역 (primary=KEY_2)
2026-06-28 00:39:10,556 [INFO] [99/121] 신도림역 (primary=KEY_3)
2026-06-28 00:39:11,700 [INFO] [100/121] 신림역 (primary=KEY_4)
2026-06-28 00:39:13,048 [INFO] [101/121] 신정네거리역 (primary=KEY_1)
2026-06-28 00:39:14,383 [INFO] [102/121] 신촌·이대역 (primary=KEY_2)
2026-06-28 00:39:15,737 [INFO] [103/121] 쌍문역 (primary=KEY_3)
2026-06-28 00:39:17,067 [INFO] [104/121] 양재역 (primary=KEY_4)
2026-06-28 00:39:18,419 [INFO] [105/121] 역삼역 (primary=KEY_1)
2026-06-28 00:39:19,943 [INFO] [106/121] 연신내역 (primary=KEY_2)
2026-06-28 00:39:21,115 [INFO] [107/121] 오목교역·목동운동장 (primary=KEY_3)
2026-06-28 00:39:23,047 [INFO] [108/121] 왕십리역 (primary=KEY_4)
2026-06-28 00:39:24,423 [INFO] [109/121] 용산역 (primary=KEY_1)
2026-06-28 00:39:26,034 [INFO] [110/121] 이태원역 (primary=KEY_2)
2026-06-28 00:39:27,190 [INFO] [111/121] 잠실새내역 (primary=KEY_3)
2026-06-28 00:39:28,525 [INFO] [112/121] 잠실역 (primary=KEY_4)
2026-06-28 00:39:30,058 [INFO] [113/121] 장지역 (primary=KEY_1)
2026-06-28 00:39:31,598 [INFO] [114/121] 장한평역 (primary=KEY_2)
2026-06-28 00:39:32,942 [INFO] [115/121] 천호역 (primary=KEY_3)
2026-06-28 00:39:34,298 [INFO] [116/121] 총신대입구(이수)역 (primary=KEY_4)
2026-06-28 00:39:35,661 [INFO] [117/121] 충정로역 (primary=KEY_1)
2026-06-28 00:39:37,027 [INFO] [118/121] 합정역 (primary=KEY_2)
2026-06-28 00:39:38,379 [INFO] [119/121] 혜화역 (primary=KEY_3)
2026-06-28 00:39:39,729 [INFO] [120/121] 홍대입구역(2호선) (primary=KEY_4)
2026-06-28 00:39:41,089 [INFO] [121/121] 회기역 (primary=KEY_1)
2026-06-28 00:39:42,833 [INFO] === 수집 완료 | 성공 121, 실패 0 ===
2026-06-28 00:39:42,833 [INFO] 카테고리별 저장 결과:
2026-06-28 00:39:42,833 [INFO]    accident                  | 신규     4행 | 누적      4행 | 16컬럼
2026-06-28 00:39:42,833 [INFO]    accident_acdnt_cntrl_stts | 신규     5행 | 누적      5행 | 16컬럼
2026-06-28 00:39:42,833 [INFO]    area_meta                 | 신규   121행 | 누적    121행 | 5컬럼
2026-06-28 00:39:42,833 [INFO]    bike                      | 신규    12행 | 누적     12행 | 12컬럼
2026-06-28 00:39:42,833 [INFO]    bike_sbike_stts           | 신규   555행 | 누적    555행 | 12컬럼
2026-06-28 00:39:42,833 [INFO]    bus                       | 신규     3행 | 누적      3행 | 11컬럼
2026-06-28 00:39:42,833 [INFO]    bus_bus_stn_stts          | 신규  1745행 | 누적   1745행 | 11컬럼
2026-06-28 00:39:42,833 [INFO]    charger                   | 신규     4행 | 누적      4행 | 15컬럼
2026-06-28 00:39:42,833 [INFO]    charger_charger_stts      | 신규  1915행 | 누적   1915행 | 15컬럼
2026-06-28 00:39:42,833 [INFO]    cmrcl                     | 신규    82행 | 누적     82행 | 20컬럼
2026-06-28 00:39:42,833 [INFO]    events                    | 신규    10행 | 누적     10행 | 14컬럼
2026-06-28 00:39:42,834 [INFO]    events_event_stts         | 신규   143행 | 누적    143행 | 14컬럼
2026-06-28 00:39:42,834 [INFO]    parking                   | 신규     6행 | 누적      6행 | 21컬럼
2026-06-28 00:39:42,834 [INFO]    parking_prk_stts          | 신규  1833행 | 누적   1833행 | 21컬럼
2026-06-28 00:39:42,834 [INFO]    ppltn                     | 신규   121행 | 누적    121행 | 26컬럼
2026-06-28 00:39:42,834 [INFO]    road                      | 신규   121행 | 누적    121행 | 21컬럼
2026-06-28 00:39:42,834 [INFO]    road_road_traffic_stts    | 신규  5259행 | 누적   5259행 | 17컬럼
2026-06-28 00:39:42,834 [INFO]    subway                    | 신규    38행 | 누적     38행 | 13컬럼
2026-06-28 00:39:42,834 [INFO]    subway_sub_stts           | 신규   183행 | 누적    183행 | 13컬럼
2026-06-28 00:39:42,834 [INFO]    weather                   | 신규   119행 | 누적    119행 | 29컬럼
2026-06-28 00:39:42,834 [INFO] 키별 사용량:
2026-06-28 00:39:42,834 [INFO]    🟢 KEY_1 (31/1000) 
2026-06-28 00:39:42,834 [INFO]    🟢 KEY_2 (30/1000) 
2026-06-28 00:39:42,834 [INFO]    🟢 KEY_3 (30/1000) 
2026-06-28 00:39:42,834 [INFO]    🟢 KEY_4 (30/1000) 
2026-06-28 01:34:25,619 [INFO] 등록된 키: 4개, 합산 한도 4,000건/일
2026-06-28 01:34:25,620 [INFO] POI 로드: 매뉴얼 v8.5 기준 fallback 121개 (121개 전체)
2026-06-28 01:34:25,620 [INFO] === 수집 시작 2026-06-28T01:34:25.620241+09:00 ===
2026-06-28 01:34:25,620 [INFO] 대상 장소: 121개 | API: citydata (통합)
2026-06-28 01:34:25,620 [INFO] 키 풀: 4/4 활성 | 오늘 사용 0/4000건
2026-06-28 01:34:25,620 [INFO]   [KEY_1] 담당 31장소
2026-06-28 01:34:25,620 [INFO]   [KEY_2] 담당 30장소
2026-06-28 01:34:25,620 [INFO]   [KEY_3] 담당 30장소
2026-06-28 01:34:25,620 [INFO]   [KEY_4] 담당 30장소
2026-06-28 01:34:25,620 [INFO] [1/121] 경복궁 (primary=KEY_1)
2026-06-28 01:34:27,932 [INFO] [2/121] 광화문·덕수궁 (primary=KEY_2)
2026-06-28 01:34:30,443 [INFO] [3/121] 보신각 (primary=KEY_3)
2026-06-28 01:34:32,444 [INFO] [4/121] 서울 암사동 유적 (primary=KEY_4)
2026-06-28 01:34:34,532 [INFO] [5/121] 창덕궁·종묘 (primary=KEY_1)
2026-06-28 01:34:36,795 [INFO] [6/121] 강남 MICE 관광특구 (primary=KEY_2)
2026-06-28 01:34:39,088 [INFO] [7/121] 동대문 관광특구 (primary=KEY_3)
2026-06-28 01:34:41,665 [INFO] [8/121] 명동 관광특구 (primary=KEY_4)
2026-06-28 01:34:44,236 [INFO] [9/121] 이태원 관광특구 (primary=KEY_1)
2026-06-28 01:34:46,347 [INFO] [10/121] 잠실 관광특구 (primary=KEY_2)
2026-06-28 01:34:49,293 [INFO] [11/121] 종로·청계 관광특구 (primary=KEY_3)
2026-06-28 01:34:51,836 [INFO] [12/121] 홍대 관광특구 (primary=KEY_4)
2026-06-28 01:34:54,551 [INFO] [13/121] 강서한강공원 (primary=KEY_1)
2026-06-28 01:34:56,437 [INFO] [14/121] 고척돔 (primary=KEY_2)
2026-06-28 01:34:57,583 [INFO] [15/121] 광나루한강공원 (primary=KEY_3)
2026-06-28 01:34:59,497 [INFO] [16/121] 광화문광장 (primary=KEY_4)
2026-06-28 01:35:01,781 [INFO] [17/121] 국립중앙박물관·용산가족공원 (primary=KEY_1)
2026-06-28 01:35:03,104 [INFO] [18/121] 난지한강공원 (primary=KEY_2)
2026-06-28 01:35:04,240 [INFO] [19/121] 남산공원 (primary=KEY_3)
2026-06-28 01:35:06,891 [INFO] [20/121] 노들섬 (primary=KEY_4)
2026-06-28 01:35:08,964 [INFO] [21/121] 뚝섬한강공원 (primary=KEY_1)
2026-06-28 01:35:10,848 [INFO] [22/121] 망원한강공원 (primary=KEY_2)
2026-06-28 01:35:12,171 [INFO] [23/121] 반포한강공원 (primary=KEY_3)
2026-06-28 01:35:13,323 [INFO] [24/121] 보라매공원 (primary=KEY_4)
2026-06-28 01:35:14,460 [INFO] [25/121] 북서울꿈의숲 (primary=KEY_1)
2026-06-28 01:35:15,775 [INFO] [26/121] 서대문독립공원 (primary=KEY_2)
2026-06-28 01:35:16,913 [INFO] [27/121] 서리풀공원·몽마르뜨공원 (primary=KEY_3)
2026-06-28 01:35:18,068 [INFO] [28/121] 서울대공원 (primary=KEY_4)
2026-06-28 01:35:19,194 [INFO] [29/121] 서울숲공원 (primary=KEY_1)
2026-06-28 01:35:20,525 [INFO] [30/121] 송현녹지광장 (primary=KEY_2)
2026-06-28 01:35:21,852 [INFO] [31/121] 아차산 (primary=KEY_3)
2026-06-28 01:35:22,983 [INFO] [32/121] 안양천 (primary=KEY_4)
2026-06-28 01:35:24,116 [INFO] [33/121] 양화한강공원 (primary=KEY_1)
2026-06-28 01:35:25,248 [INFO] [34/121] 어린이대공원 (primary=KEY_2)
2026-06-28 01:35:27,527 [INFO] [35/121] 여의도한강공원 (primary=KEY_3)
2026-06-28 01:35:28,850 [INFO] [36/121] 여의서로 (primary=KEY_4)
2026-06-28 01:35:30,748 [INFO] [37/121] 올림픽공원 (primary=KEY_1)
2026-06-28 01:35:33,231 [INFO] [38/121] 월드컵공원 (primary=KEY_2)
2026-06-28 01:35:34,774 [INFO] [39/121] 응봉산 (primary=KEY_3)
2026-06-28 01:35:36,103 [INFO] [40/121] 이촌한강공원 (primary=KEY_4)
2026-06-28 01:35:37,234 [INFO] [41/121] 잠실종합운동장 (primary=KEY_1)
2026-06-28 01:35:38,370 [INFO] [42/121] 잠실한강공원 (primary=KEY_2)
2026-06-28 01:35:39,516 [INFO] [43/121] 잠원한강공원 (primary=KEY_3)
2026-06-28 01:35:40,652 [INFO] [44/121] 청계산 (primary=KEY_4)
2026-06-28 01:35:41,790 [INFO] [45/121] 홍제폭포 (primary=KEY_1)
2026-06-28 01:35:42,922 [INFO] [46/121] 가락시장 (primary=KEY_2)
2026-06-28 01:35:44,305 [INFO] [47/121] 가로수길 (primary=KEY_3)
2026-06-28 01:35:46,794 [INFO] [48/121] 광장(전통)시장 (primary=KEY_4)
2026-06-28 01:35:48,701 [INFO] [49/121] 김포공항 (primary=KEY_1)
2026-06-28 01:35:50,255 [INFO] [50/121] 남대문시장 (primary=KEY_2)
2026-06-28 01:35:51,596 [INFO] [51/121] 노량진 (primary=KEY_3)
2026-06-28 01:35:53,711 [INFO] [52/121] 덕수궁길·정동길 (primary=KEY_4)
2026-06-28 01:35:55,075 [INFO] [53/121] 북창동 먹자골목 (primary=KEY_1)
2026-06-28 01:35:56,408 [INFO] [54/121] 북촌한옥마을 (primary=KEY_2)
2026-06-28 01:35:57,936 [INFO] [55/121] 서촌 (primary=KEY_3)
2026-06-28 01:36:00,220 [INFO] [56/121] 성수카페거리 (primary=KEY_4)
2026-06-28 01:36:02,886 [INFO] [57/121] 송리단길·호수단길 (primary=KEY_1)
2026-06-28 01:36:04,259 [INFO] [58/121] 신촌 스타광장 (primary=KEY_2)
2026-06-28 01:36:05,413 [INFO] [59/121] 압구정로데오거리 (primary=KEY_3)
2026-06-28 01:36:06,739 [INFO] [60/121] 여의도 (primary=KEY_4)
2026-06-28 01:36:08,923 [INFO] [61/121] 연남동 (primary=KEY_1)
2026-06-28 01:36:10,251 [INFO] [62/121] 영등포 타임스퀘어 (primary=KEY_2)
2026-06-28 01:36:11,588 [INFO] [63/121] 용리단길 (primary=KEY_3)
2026-06-28 01:36:12,731 [INFO] [64/121] 이태원 앤틱가구거리 (primary=KEY_4)
2026-06-28 01:36:13,868 [INFO] [65/121] 익선동 (primary=KEY_1)
2026-06-28 01:36:15,195 [INFO] [66/121] 인사동 (primary=KEY_2)
2026-06-28 01:36:16,732 [INFO] [67/121] 잠실롯데타워·석촌호수 (primary=KEY_3)
2026-06-28 01:36:18,462 [INFO] [68/121] 창동 신경제 중심지 (primary=KEY_4)
2026-06-28 01:36:20,235 [INFO] [69/121] 청담동 명품거리 (primary=KEY_1)
2026-06-28 01:36:21,566 [INFO] [70/121] 청량리 제기동 일대 전통시장 (primary=KEY_2)
2026-06-28 01:36:22,891 [INFO] [71/121] 해방촌·경리단길 (primary=KEY_3)
2026-06-28 01:36:24,029 [INFO] [72/121] DDP(동대문디자인플라자) (primary=KEY_4)
2026-06-28 01:36:25,370 [INFO] [73/121] DMC(디지털미디어시티) (primary=KEY_1)
2026-06-28 01:36:27,105 [INFO] [74/121] 가산디지털단지역 (primary=KEY_2)
2026-06-28 01:36:29,030 [INFO] [75/121] 강남역 (primary=KEY_3)
2026-06-28 01:36:30,585 [INFO] [76/121] 건대입구역 (primary=KEY_4)
2026-06-28 01:36:31,945 [INFO] [77/121] 고덕역 (primary=KEY_1)
2026-06-28 01:36:33,289 [INFO] [78/121] 고속터미널역 (primary=KEY_2)
2026-06-28 01:36:34,635 [INFO] [79/121] 교대역 (primary=KEY_3)
2026-06-28 01:36:35,809 [INFO] [80/121] 구로디지털단지역 (primary=KEY_4)
2026-06-28 01:36:37,534 [INFO] [81/121] 구로역 (primary=KEY_1)
2026-06-28 01:36:38,874 [INFO] [82/121] 군자역 (primary=KEY_2)
2026-06-28 01:36:40,055 [INFO] [83/121] 대림역 (primary=KEY_3)
2026-06-28 01:36:41,985 [INFO] [84/121] 동대문역 (primary=KEY_4)
2026-06-28 01:36:43,324 [INFO] [85/121] 뚝섬역 (primary=KEY_1)
2026-06-28 01:36:44,654 [INFO] [86/121] 미아사거리역 (primary=KEY_2)
2026-06-28 01:36:45,993 [INFO] [87/121] 발산역 (primary=KEY_3)
2026-06-28 01:36:47,711 [INFO] [88/121] 사당역 (primary=KEY_4)
2026-06-28 01:36:49,050 [INFO] [89/121] 삼각지역 (primary=KEY_1)
2026-06-28 01:36:50,291 [INFO] [90/121] 서울대입구역 (primary=KEY_2)
2026-06-28 01:36:51,630 [INFO] [91/121] 서울식물원·마곡나루역 (primary=KEY_3)
2026-06-28 01:36:53,165 [INFO] [92/121] 서울역 (primary=KEY_4)
2026-06-28 01:36:54,555 [INFO] [93/121] 선릉역 (primary=KEY_1)
2026-06-28 01:36:57,068 [INFO] [94/121] 성신여대입구역 (primary=KEY_2)
2026-06-28 01:36:59,003 [INFO] [95/121] 수유역 (primary=KEY_3)
2026-06-28 01:37:01,138 [INFO] [96/121] 숭례문 (primary=KEY_4)
2026-06-28 01:37:02,907 [INFO] [97/121] 시의회 앞 (primary=KEY_1)
2026-06-28 01:37:05,010 [INFO] [98/121] 신논현역·논현역 (primary=KEY_2)
2026-06-28 01:37:06,949 [INFO] [99/121] 신도림역 (primary=KEY_3)
2026-06-28 01:37:08,853 [INFO] [100/121] 신림역 (primary=KEY_4)
2026-06-28 01:37:10,785 [INFO] [101/121] 신정네거리역 (primary=KEY_1)
2026-06-28 01:37:12,131 [INFO] [102/121] 신촌·이대역 (primary=KEY_2)
2026-06-28 01:37:14,047 [INFO] [103/121] 쌍문역 (primary=KEY_3)
2026-06-28 01:37:16,143 [INFO] [104/121] 양재역 (primary=KEY_4)
2026-06-28 01:37:18,059 [INFO] [105/121] 역삼역 (primary=KEY_1)
2026-06-28 01:37:19,587 [INFO] [106/121] 연신내역 (primary=KEY_2)
2026-06-28 01:37:20,750 [INFO] [107/121] 오목교역·목동운동장 (primary=KEY_3)
2026-06-28 01:37:23,450 [INFO] [108/121] 왕십리역 (primary=KEY_4)
2026-06-28 01:37:25,005 [INFO] [109/121] 용산역 (primary=KEY_1)
2026-06-28 01:37:26,587 [INFO] [110/121] 이태원역 (primary=KEY_2)
2026-06-28 01:37:27,746 [INFO] [111/121] 잠실새내역 (primary=KEY_3)
2026-06-28 01:37:29,094 [INFO] [112/121] 잠실역 (primary=KEY_4)
2026-06-28 01:37:31,568 [INFO] [113/121] 장지역 (primary=KEY_1)
2026-06-28 01:37:33,101 [INFO] [114/121] 장한평역 (primary=KEY_2)
2026-06-28 01:37:34,444 [INFO] [115/121] 천호역 (primary=KEY_3)
2026-06-28 01:37:35,775 [INFO] [116/121] 총신대입구(이수)역 (primary=KEY_4)
2026-06-28 01:37:38,074 [INFO] [117/121] 충정로역 (primary=KEY_1)
2026-06-28 01:37:40,185 [INFO] [118/121] 합정역 (primary=KEY_2)
2026-06-28 01:37:41,535 [INFO] [119/121] 혜화역 (primary=KEY_3)
2026-06-28 01:37:43,068 [INFO] [120/121] 홍대입구역(2호선) (primary=KEY_4)
2026-06-28 01:37:44,979 [INFO] [121/121] 회기역 (primary=KEY_1)
2026-06-28 01:37:47,074 [INFO] === 수집 완료 | 성공 121, 실패 0 ===
2026-06-28 01:37:47,074 [INFO] 카테고리별 저장 결과:
2026-06-28 01:37:47,074 [INFO]    accident                  | 신규     4행 | 누적      8행 | 16컬럼
2026-06-28 01:37:47,074 [INFO]    accident_acdnt_cntrl_stts | 신규     5행 | 누적     10행 | 16컬럼
2026-06-28 01:37:47,074 [INFO]    area_meta                 | 신규   121행 | 누적    242행 | 5컬럼
2026-06-28 01:37:47,074 [INFO]    bike                      | 신규    12행 | 누적     24행 | 12컬럼
2026-06-28 01:37:47,075 [INFO]    bike_sbike_stts           | 신규   555행 | 누적   1110행 | 12컬럼
2026-06-28 01:37:47,075 [INFO]    bus                       | 신규     3행 | 누적      6행 | 11컬럼
2026-06-28 01:37:47,075 [INFO]    bus_bus_stn_stts          | 신규  1745행 | 누적   3490행 | 11컬럼
2026-06-28 01:37:47,075 [INFO]    charger                   | 신규     4행 | 누적      8행 | 15컬럼
2026-06-28 01:37:47,075 [INFO]    charger_charger_stts      | 신규  1915행 | 누적   3800행 | 15컬럼
2026-06-28 01:37:47,075 [INFO]    cmrcl                     | 신규    82행 | 누적    164행 | 20컬럼
2026-06-28 01:37:47,075 [INFO]    events                    | 신규    10행 | 누적     20행 | 14컬럼
2026-06-28 01:37:47,075 [INFO]    events_event_stts         | 신규   143행 | 누적    286행 | 14컬럼
2026-06-28 01:37:47,075 [INFO]    parking                   | 신규     6행 | 누적     12행 | 21컬럼
2026-06-28 01:37:47,075 [INFO]    parking_prk_stts          | 신규  1833행 | 누적   3666행 | 21컬럼
2026-06-28 01:37:47,075 [INFO]    ppltn                     | 신규   121행 | 누적    242행 | 26컬럼
2026-06-28 01:37:47,075 [INFO]    road                      | 신규   121행 | 누적    242행 | 21컬럼
2026-06-28 01:37:47,075 [INFO]    road_road_traffic_stts    | 신규  5259행 | 누적  10518행 | 17컬럼
2026-06-28 01:37:47,075 [INFO]    subway                    | 신규    38행 | 누적     76행 | 13컬럼
2026-06-28 01:37:47,076 [INFO]    subway_sub_stts           | 신규   183행 | 누적    366행 | 13컬럼
2026-06-28 01:37:47,076 [INFO]    weather                   | 신규   119행 | 누적    238행 | 29컬럼
2026-06-28 01:37:47,076 [INFO] 키별 사용량:
2026-06-28 01:37:47,076 [INFO]    🟢 KEY_1 (31/1000) 
2026-06-28 01:37:47,076 [INFO]    🟢 KEY_2 (30/1000) 
2026-06-28 01:37:47,076 [INFO]    🟢 KEY_3 (30/1000) 
2026-06-28 01:37:47,076 [INFO]    🟢 KEY_4 (30/1000) 
2026-06-28 03:37:09,757 [INFO] 등록된 키: 4개, 합산 한도 4,000건/일
2026-06-28 03:37:09,758 [INFO] POI 로드: 매뉴얼 v8.5 기준 fallback 121개 (121개 전체)
2026-06-28 03:37:09,758 [INFO] === 수집 시작 2026-06-28T03:37:09.758156+09:00 ===
2026-06-28 03:37:09,758 [INFO] 대상 장소: 121개 | API: citydata (통합)
2026-06-28 03:37:09,758 [INFO] 키 풀: 4/4 활성 | 오늘 사용 0/4000건
2026-06-28 03:37:09,758 [INFO]   [KEY_1] 담당 31장소
2026-06-28 03:37:09,758 [INFO]   [KEY_2] 담당 30장소
2026-06-28 03:37:09,758 [INFO]   [KEY_3] 담당 30장소
2026-06-28 03:37:09,758 [INFO]   [KEY_4] 담당 30장소
2026-06-28 03:37:09,758 [INFO] [1/121] 경복궁 (primary=KEY_1)
2026-06-28 03:37:11,287 [INFO] [2/121] 광화문·덕수궁 (primary=KEY_2)
2026-06-28 03:37:12,835 [INFO] [3/121] 보신각 (primary=KEY_3)
2026-06-28 03:37:14,773 [INFO] [4/121] 서울 암사동 유적 (primary=KEY_4)
2026-06-28 03:37:16,007 [INFO] [5/121] 창덕궁·종묘 (primary=KEY_1)
2026-06-28 03:37:17,911 [INFO] [6/121] 강남 MICE 관광특구 (primary=KEY_2)
2026-06-28 03:37:19,306 [INFO] [7/121] 동대문 관광특구 (primary=KEY_3)
2026-06-28 03:37:20,617 [INFO] [8/121] 명동 관광특구 (primary=KEY_4)
2026-06-28 03:37:22,640 [INFO] [9/121] 이태원 관광특구 (primary=KEY_1)
2026-06-28 03:37:23,902 [INFO] [10/121] 잠실 관광특구 (primary=KEY_2)
2026-06-28 03:37:25,346 [INFO] [11/121] 종로·청계 관광특구 (primary=KEY_3)
2026-06-28 03:37:26,660 [INFO] [12/121] 홍대 관광특구 (primary=KEY_4)
2026-06-28 03:37:28,095 [INFO] [13/121] 강서한강공원 (primary=KEY_1)
2026-06-28 03:37:29,322 [INFO] [14/121] 고척돔 (primary=KEY_2)
2026-06-28 03:37:31,108 [INFO] [15/121] 광나루한강공원 (primary=KEY_3)
2026-06-28 03:37:32,994 [INFO] [16/121] 광화문광장 (primary=KEY_4)
2026-06-28 03:37:34,116 [INFO] [17/121] 국립중앙박물관·용산가족공원 (primary=KEY_1)
2026-06-28 03:37:35,762 [INFO] [18/121] 난지한강공원 (primary=KEY_2)
2026-06-28 03:37:37,533 [INFO] [19/121] 남산공원 (primary=KEY_3)
2026-06-28 03:37:38,831 [INFO] [20/121] 노들섬 (primary=KEY_4)
2026-06-28 03:37:39,816 [INFO] [21/121] 뚝섬한강공원 (primary=KEY_1)
2026-06-28 03:37:40,928 [INFO] [22/121] 망원한강공원 (primary=KEY_2)
2026-06-28 03:37:42,593 [INFO] [23/121] 반포한강공원 (primary=KEY_3)
2026-06-28 03:37:43,563 [INFO] [24/121] 보라매공원 (primary=KEY_4)
2026-06-28 03:37:44,573 [INFO] [25/121] 북서울꿈의숲 (primary=KEY_1)
2026-06-28 03:37:45,678 [INFO] [26/121] 서대문독립공원 (primary=KEY_2)
2026-06-28 03:37:46,799 [INFO] [27/121] 서리풀공원·몽마르뜨공원 (primary=KEY_3)
2026-06-28 03:37:48,352 [INFO] [28/121] 서울대공원 (primary=KEY_4)
2026-06-28 03:37:49,867 [INFO] [29/121] 서울숲공원 (primary=KEY_1)
2026-06-28 03:37:51,010 [INFO] [30/121] 송현녹지광장 (primary=KEY_2)
2026-06-28 03:37:52,138 [INFO] [31/121] 아차산 (primary=KEY_3)
2026-06-28 03:37:53,107 [INFO] [32/121] 안양천 (primary=KEY_4)
2026-06-28 03:37:54,083 [INFO] [33/121] 양화한강공원 (primary=KEY_1)
2026-06-28 03:37:55,179 [INFO] [34/121] 어린이대공원 (primary=KEY_2)
2026-06-28 03:37:56,581 [INFO] [35/121] 여의도한강공원 (primary=KEY_3)
2026-06-28 03:37:58,502 [INFO] [36/121] 여의서로 (primary=KEY_4)
2026-06-28 03:37:59,603 [INFO] [37/121] 올림픽공원 (primary=KEY_1)
2026-06-28 03:38:00,765 [INFO] [38/121] 월드컵공원 (primary=KEY_2)
2026-06-28 03:38:02,051 [INFO] [39/121] 응봉산 (primary=KEY_3)
2026-06-28 03:38:03,147 [INFO] [40/121] 이촌한강공원 (primary=KEY_4)
2026-06-28 03:38:04,125 [INFO] [41/121] 잠실종합운동장 (primary=KEY_1)
2026-06-28 03:38:05,109 [INFO] [42/121] 잠실한강공원 (primary=KEY_2)
2026-06-28 03:38:06,093 [INFO] [43/121] 잠원한강공원 (primary=KEY_3)
2026-06-28 03:38:07,074 [INFO] [44/121] 청계산 (primary=KEY_4)
2026-06-28 03:38:08,055 [INFO] [45/121] 홍제폭포 (primary=KEY_1)
2026-06-28 03:38:09,023 [INFO] [46/121] 가락시장 (primary=KEY_2)
2026-06-28 03:38:10,702 [INFO] [47/121] 가로수길 (primary=KEY_3)
2026-06-28 03:38:11,863 [INFO] [48/121] 광장(전통)시장 (primary=KEY_4)
2026-06-28 03:38:12,850 [INFO] [49/121] 김포공항 (primary=KEY_1)
2026-06-28 03:38:14,132 [INFO] [50/121] 남대문시장 (primary=KEY_2)
2026-06-28 03:38:15,269 [INFO] [51/121] 노량진 (primary=KEY_3)
2026-06-28 03:38:16,415 [INFO] [52/121] 덕수궁길·정동길 (primary=KEY_4)
2026-06-28 03:38:17,564 [INFO] [53/121] 북창동 먹자골목 (primary=KEY_1)
2026-06-28 03:38:18,679 [INFO] [54/121] 북촌한옥마을 (primary=KEY_2)
2026-06-28 03:38:19,939 [INFO] [55/121] 서촌 (primary=KEY_3)
2026-06-28 03:38:21,066 [INFO] [56/121] 성수카페거리 (primary=KEY_4)
2026-06-28 03:38:22,333 [INFO] [57/121] 송리단길·호수단길 (primary=KEY_1)
2026-06-28 03:38:23,474 [INFO] [58/121] 신촌 스타광장 (primary=KEY_2)
2026-06-28 03:38:24,458 [INFO] [59/121] 압구정로데오거리 (primary=KEY_3)
2026-06-28 03:38:25,593 [INFO] [60/121] 여의도 (primary=KEY_4)
2026-06-28 03:38:27,353 [INFO] [61/121] 연남동 (primary=KEY_1)
2026-06-28 03:38:28,467 [INFO] [62/121] 영등포 타임스퀘어 (primary=KEY_2)
2026-06-28 03:38:30,267 [INFO] [63/121] 용리단길 (primary=KEY_3)
2026-06-28 03:38:31,288 [INFO] [64/121] 이태원 앤틱가구거리 (primary=KEY_4)
2026-06-28 03:38:32,291 [INFO] [65/121] 익선동 (primary=KEY_1)
2026-06-28 03:38:33,433 [INFO] [66/121] 인사동 (primary=KEY_2)
2026-06-28 03:38:34,708 [INFO] [67/121] 잠실롯데타워·석촌호수 (primary=KEY_3)
2026-06-28 03:38:36,138 [INFO] [68/121] 창동 신경제 중심지 (primary=KEY_4)
2026-06-28 03:38:37,559 [INFO] [69/121] 청담동 명품거리 (primary=KEY_1)
2026-06-28 03:38:38,688 [INFO] [70/121] 청량리 제기동 일대 전통시장 (primary=KEY_2)
2026-06-28 03:38:39,876 [INFO] [71/121] 해방촌·경리단길 (primary=KEY_3)
2026-06-28 03:38:40,863 [INFO] [72/121] DDP(동대문디자인플라자) (primary=KEY_4)
2026-06-28 03:38:41,986 [INFO] [73/121] DMC(디지털미디어시티) (primary=KEY_1)
2026-06-28 03:38:43,439 [INFO] [74/121] 가산디지털단지역 (primary=KEY_2)
2026-06-28 03:38:44,980 [INFO] [75/121] 강남역 (primary=KEY_3)
2026-06-28 03:38:46,299 [INFO] [76/121] 건대입구역 (primary=KEY_4)
2026-06-28 03:38:47,435 [INFO] [77/121] 고덕역 (primary=KEY_1)
2026-06-28 03:38:48,546 [INFO] [78/121] 고속터미널역 (primary=KEY_2)
2026-06-28 03:38:49,704 [INFO] [79/121] 교대역 (primary=KEY_3)
2026-06-28 03:38:50,719 [INFO] [80/121] 구로디지털단지역 (primary=KEY_4)
2026-06-28 03:38:52,123 [INFO] [81/121] 구로역 (primary=KEY_1)
2026-06-28 03:38:53,231 [INFO] [82/121] 군자역 (primary=KEY_2)
2026-06-28 03:38:54,247 [INFO] [83/121] 대림역 (primary=KEY_3)
2026-06-28 03:38:55,392 [INFO] [84/121] 동대문역 (primary=KEY_4)
2026-06-28 03:38:56,518 [INFO] [85/121] 뚝섬역 (primary=KEY_1)
2026-06-28 03:38:57,650 [INFO] [86/121] 미아사거리역 (primary=KEY_2)
2026-06-28 03:38:58,775 [INFO] [87/121] 발산역 (primary=KEY_3)
2026-06-28 03:39:00,055 [INFO] [88/121] 사당역 (primary=KEY_4)
2026-06-28 03:39:01,198 [INFO] [89/121] 삼각지역 (primary=KEY_1)
2026-06-28 03:39:02,193 [INFO] [90/121] 서울대입구역 (primary=KEY_2)
2026-06-28 03:39:03,314 [INFO] [91/121] 서울식물원·마곡나루역 (primary=KEY_3)
2026-06-28 03:39:04,588 [INFO] [92/121] 서울역 (primary=KEY_4)
2026-06-28 03:39:05,770 [INFO] [93/121] 선릉역 (primary=KEY_1)
2026-06-28 03:39:07,223 [INFO] [94/121] 성신여대입구역 (primary=KEY_2)
2026-06-28 03:39:08,218 [INFO] [95/121] 수유역 (primary=KEY_3)
2026-06-28 03:39:09,347 [INFO] [96/121] 숭례문 (primary=KEY_4)
2026-06-28 03:39:10,624 [INFO] [97/121] 시의회 앞 (primary=KEY_1)
2026-06-28 03:39:11,762 [INFO] [98/121] 신논현역·논현역 (primary=KEY_2)
2026-06-28 03:39:12,921 [INFO] [99/121] 신도림역 (primary=KEY_3)
2026-06-28 03:39:13,906 [INFO] [100/121] 신림역 (primary=KEY_4)
2026-06-28 03:39:14,914 [INFO] [101/121] 신정네거리역 (primary=KEY_1)
2026-06-28 03:39:16,031 [INFO] [102/121] 신촌·이대역 (primary=KEY_2)
2026-06-28 03:39:17,176 [INFO] [103/121] 쌍문역 (primary=KEY_3)
2026-06-28 03:39:18,305 [INFO] [104/121] 양재역 (primary=KEY_4)
2026-06-28 03:39:19,447 [INFO] [105/121] 역삼역 (primary=KEY_1)
2026-06-28 03:39:20,720 [INFO] [106/121] 연신내역 (primary=KEY_2)
2026-06-28 03:39:21,744 [INFO] [107/121] 오목교역·목동운동장 (primary=KEY_3)
2026-06-28 03:39:23,305 [INFO] [108/121] 왕십리역 (primary=KEY_4)
2026-06-28 03:39:24,491 [INFO] [109/121] 용산역 (primary=KEY_1)
2026-06-28 03:39:25,763 [INFO] [110/121] 이태원역 (primary=KEY_2)
2026-06-28 03:39:26,768 [INFO] [111/121] 잠실새내역 (primary=KEY_3)
2026-06-28 03:39:27,980 [INFO] [112/121] 잠실역 (primary=KEY_4)
2026-06-28 03:39:29,252 [INFO] [113/121] 장지역 (primary=KEY_1)
2026-06-28 03:39:30,530 [INFO] [114/121] 장한평역 (primary=KEY_2)
2026-06-28 03:39:31,666 [INFO] [115/121] 천호역 (primary=KEY_3)
2026-06-28 03:39:32,804 [INFO] [116/121] 총신대입구(이수)역 (primary=KEY_4)
2026-06-28 03:39:33,949 [INFO] [117/121] 충정로역 (primary=KEY_1)
2026-06-28 03:39:35,101 [INFO] [118/121] 합정역 (primary=KEY_2)
2026-06-28 03:39:36,250 [INFO] [119/121] 혜화역 (primary=KEY_3)
2026-06-28 03:39:37,370 [INFO] [120/121] 홍대입구역(2호선) (primary=KEY_4)
2026-06-28 03:39:38,507 [INFO] [121/121] 회기역 (primary=KEY_1)
2026-06-28 03:39:40,583 [INFO] === 수집 완료 | 성공 121, 실패 0 ===
2026-06-28 03:39:40,583 [INFO] 카테고리별 저장 결과:
2026-06-28 03:39:40,583 [INFO]    area_meta                 | 신규   121행 | 누적    363행 | 5컬럼
2026-06-28 03:39:40,583 [INFO]    bike                      | 신규    12행 | 누적     36행 | 12컬럼
2026-06-28 03:39:40,583 [INFO]    bike_sbike_stts           | 신규   555행 | 누적   1665행 | 12컬럼
2026-06-28 03:39:40,583 [INFO]    bus                       | 신규     3행 | 누적      9행 | 11컬럼
2026-06-28 03:39:40,583 [INFO]    bus_bus_stn_stts          | 신규  1745행 | 누적   5235행 | 11컬럼
2026-06-28 03:39:40,583 [INFO]    charger                   | 신규     4행 | 누적     12행 | 15컬럼
2026-06-28 03:39:40,583 [INFO]    charger_charger_stts      | 신규  1915행 | 누적   5700행 | 15컬럼
2026-06-28 03:39:40,583 [INFO]    cmrcl                     | 신규    82행 | 누적    246행 | 20컬럼
2026-06-28 03:39:40,583 [INFO]    events                    | 신규    10행 | 누적     30행 | 14컬럼
2026-06-28 03:39:40,583 [INFO]    events_event_stts         | 신규   143행 | 누적    429행 | 14컬럼
2026-06-28 03:39:40,583 [INFO]    parking                   | 신규     6행 | 누적     18행 | 21컬럼
2026-06-28 03:39:40,583 [INFO]    parking_prk_stts          | 신규  1833행 | 누적   5499행 | 21컬럼
2026-06-28 03:39:40,583 [INFO]    ppltn                     | 신규   121행 | 누적    363행 | 26컬럼
2026-06-28 03:39:40,584 [INFO]    road                      | 신규   121행 | 누적    363행 | 21컬럼
2026-06-28 03:39:40,584 [INFO]    road_road_traffic_stts    | 신규  5259행 | 누적  15777행 | 17컬럼
2026-06-28 03:39:40,584 [INFO]    subway                    | 신규    38행 | 누적    114행 | 13컬럼
2026-06-28 03:39:40,584 [INFO]    subway_sub_stts           | 신규   183행 | 누적    549행 | 13컬럼
2026-06-28 03:39:40,584 [INFO]    weather                   | 신규   119행 | 누적    357행 | 29컬럼
2026-06-28 03:39:40,584 [INFO] 키별 사용량:
2026-06-28 03:39:40,584 [INFO]    🟢 KEY_1 (31/1000) 
2026-06-28 03:39:40,584 [INFO]    🟢 KEY_2 (30/1000) 
2026-06-28 03:39:40,584 [INFO]    🟢 KEY_3 (30/1000) 
2026-06-28 03:39:40,584 [INFO]    🟢 KEY_4 (30/1000) 
2026-06-28 04:40:02,519 [INFO] 등록된 키: 4개, 합산 한도 4,000건/일
2026-06-28 04:40:02,520 [INFO] POI 로드: 매뉴얼 v8.5 기준 fallback 121개 (121개 전체)
2026-06-28 04:40:02,520 [INFO] === 수집 시작 2026-06-28T04:40:02.520204+09:00 ===
2026-06-28 04:40:02,520 [INFO] 대상 장소: 121개 | API: citydata (통합)
2026-06-28 04:40:02,520 [INFO] 키 풀: 4/4 활성 | 오늘 사용 0/4000건
2026-06-28 04:40:02,520 [INFO]   [KEY_1] 담당 31장소
2026-06-28 04:40:02,520 [INFO]   [KEY_2] 담당 30장소
2026-06-28 04:40:02,520 [INFO]   [KEY_3] 담당 30장소
2026-06-28 04:40:02,520 [INFO]   [KEY_4] 담당 30장소
2026-06-28 04:40:02,520 [INFO] [1/121] 경복궁 (primary=KEY_1)
2026-06-28 04:40:04,437 [INFO] [2/121] 광화문·덕수궁 (primary=KEY_2)
2026-06-28 04:40:06,962 [INFO] [3/121] 보신각 (primary=KEY_3)
2026-06-28 04:40:09,258 [INFO] [4/121] 서울 암사동 유적 (primary=KEY_4)
2026-06-28 04:40:11,161 [INFO] [5/121] 창덕궁·종묘 (primary=KEY_1)
2026-06-28 04:40:13,267 [INFO] [6/121] 강남 MICE 관광특구 (primary=KEY_2)
2026-06-28 04:40:15,392 [INFO] [7/121] 동대문 관광특구 (primary=KEY_3)
2026-06-28 04:40:17,731 [INFO] [8/121] 명동 관광특구 (primary=KEY_4)
2026-06-28 04:40:20,304 [INFO] [9/121] 이태원 관광특구 (primary=KEY_1)
2026-06-28 04:40:22,233 [INFO] [10/121] 잠실 관광특구 (primary=KEY_2)
2026-06-28 04:40:24,597 [INFO] [11/121] 종로·청계 관광특구 (primary=KEY_3)
2026-06-28 04:40:26,180 [INFO] [12/121] 홍대 관광특구 (primary=KEY_4)
2026-06-28 04:40:27,765 [INFO] [13/121] 강서한강공원 (primary=KEY_1)
2026-06-28 04:40:29,680 [INFO] [14/121] 고척돔 (primary=KEY_2)
2026-06-28 04:40:31,004 [INFO] [15/121] 광나루한강공원 (primary=KEY_3)
2026-06-28 04:40:32,345 [INFO] [16/121] 광화문광장 (primary=KEY_4)
2026-06-28 04:40:33,704 [INFO] [17/121] 국립중앙박물관·용산가족공원 (primary=KEY_1)
2026-06-28 04:40:34,852 [INFO] [18/121] 난지한강공원 (primary=KEY_2)
2026-06-28 04:40:35,992 [INFO] [19/121] 남산공원 (primary=KEY_3)
2026-06-28 04:40:38,341 [INFO] [20/121] 노들섬 (primary=KEY_4)
2026-06-28 04:40:39,478 [INFO] [21/121] 뚝섬한강공원 (primary=KEY_1)
2026-06-28 04:40:40,637 [INFO] [22/121] 망원한강공원 (primary=KEY_2)
2026-06-28 04:40:41,990 [INFO] [23/121] 반포한강공원 (primary=KEY_3)
2026-06-28 04:40:44,391 [INFO] [24/121] 보라매공원 (primary=KEY_4)
2026-06-28 04:40:46,127 [INFO] [25/121] 북서울꿈의숲 (primary=KEY_1)
2026-06-28 04:40:47,465 [INFO] [26/121] 서대문독립공원 (primary=KEY_2)
2026-06-28 04:40:48,621 [INFO] [27/121] 서리풀공원·몽마르뜨공원 (primary=KEY_3)
2026-06-28 04:40:49,820 [INFO] [28/121] 서울대공원 (primary=KEY_4)
2026-06-28 04:40:51,913 [INFO] [29/121] 서울숲공원 (primary=KEY_1)
2026-06-28 04:40:54,016 [INFO] [30/121] 송현녹지광장 (primary=KEY_2)
2026-06-28 04:40:55,353 [INFO] [31/121] 아차산 (primary=KEY_3)
2026-06-28 04:40:56,487 [INFO] [32/121] 안양천 (primary=KEY_4)
2026-06-28 04:40:57,611 [INFO] [33/121] 양화한강공원 (primary=KEY_1)
2026-06-28 04:40:59,336 [INFO] [34/121] 어린이대공원 (primary=KEY_2)
2026-06-28 04:41:00,694 [INFO] [35/121] 여의도한강공원 (primary=KEY_3)
2026-06-28 04:41:02,798 [INFO] [36/121] 여의서로 (primary=KEY_4)
2026-06-28 04:41:04,126 [INFO] [37/121] 올림픽공원 (primary=KEY_1)
2026-06-28 04:41:05,520 [INFO] [38/121] 월드컵공원 (primary=KEY_2)
2026-06-28 04:41:07,083 [INFO] [39/121] 응봉산 (primary=KEY_3)
2026-06-28 04:41:08,433 [INFO] [40/121] 이촌한강공원 (primary=KEY_4)
2026-06-28 04:41:10,350 [INFO] [41/121] 잠실종합운동장 (primary=KEY_1)
2026-06-28 04:41:11,544 [INFO] [42/121] 잠실한강공원 (primary=KEY_2)
2026-06-28 04:41:12,693 [INFO] [43/121] 잠원한강공원 (primary=KEY_3)
2026-06-28 04:41:13,830 [INFO] [44/121] 청계산 (primary=KEY_4)
2026-06-28 04:41:15,738 [INFO] [45/121] 홍제폭포 (primary=KEY_1)
2026-06-28 04:41:16,873 [INFO] [46/121] 가락시장 (primary=KEY_2)
2026-06-28 04:41:18,800 [INFO] [47/121] 가로수길 (primary=KEY_3)
2026-06-28 04:41:20,166 [INFO] [48/121] 광장(전통)시장 (primary=KEY_4)
2026-06-28 04:41:21,315 [INFO] [49/121] 김포공항 (primary=KEY_1)
2026-06-28 04:41:22,869 [INFO] [50/121] 남대문시장 (primary=KEY_2)
2026-06-28 04:41:24,976 [INFO] [51/121] 노량진 (primary=KEY_3)
2026-06-28 04:41:26,330 [INFO] [52/121] 덕수궁길·정동길 (primary=KEY_4)
2026-06-28 04:41:27,680 [INFO] [53/121] 북창동 먹자골목 (primary=KEY_1)
2026-06-28 04:41:29,782 [INFO] [54/121] 북촌한옥마을 (primary=KEY_2)
2026-06-28 04:41:31,323 [INFO] [55/121] 서촌 (primary=KEY_3)
2026-06-28 04:41:32,658 [INFO] [56/121] 성수카페거리 (primary=KEY_4)
2026-06-28 04:41:34,029 [INFO] [57/121] 송리단길·호수단길 (primary=KEY_1)
2026-06-28 04:41:35,399 [INFO] [58/121] 신촌 스타광장 (primary=KEY_2)
2026-06-28 04:41:36,563 [INFO] [59/121] 압구정로데오거리 (primary=KEY_3)
2026-06-28 04:41:37,917 [INFO] [60/121] 여의도 (primary=KEY_4)
2026-06-28 04:41:39,888 [INFO] [61/121] 연남동 (primary=KEY_1)
2026-06-28 04:41:41,237 [INFO] [62/121] 영등포 타임스퀘어 (primary=KEY_2)
2026-06-28 04:41:42,601 [INFO] [63/121] 용리단길 (primary=KEY_3)
2026-06-28 04:41:43,774 [INFO] [64/121] 이태원 앤틱가구거리 (primary=KEY_4)
2026-06-28 04:41:44,932 [INFO] [65/121] 익선동 (primary=KEY_1)
2026-06-28 04:41:46,312 [INFO] [66/121] 인사동 (primary=KEY_2)
2026-06-28 04:41:47,677 [INFO] [67/121] 잠실롯데타워·석촌호수 (primary=KEY_3)
2026-06-28 04:41:49,056 [INFO] [68/121] 창동 신경제 중심지 (primary=KEY_4)
2026-06-28 04:41:50,636 [INFO] [69/121] 청담동 명품거리 (primary=KEY_1)
2026-06-28 04:41:51,980 [INFO] [70/121] 청량리 제기동 일대 전통시장 (primary=KEY_2)
2026-06-28 04:41:53,387 [INFO] [71/121] 해방촌·경리단길 (primary=KEY_3)
2026-06-28 04:41:54,535 [INFO] [72/121] DDP(동대문디자인플라자) (primary=KEY_4)
2026-06-28 04:41:55,898 [INFO] [73/121] DMC(디지털미디어시티) (primary=KEY_1)
2026-06-28 04:41:57,470 [INFO] [74/121] 가산디지털단지역 (primary=KEY_2)
2026-06-28 04:41:59,011 [INFO] [75/121] 강남역 (primary=KEY_3)
2026-06-28 04:42:00,568 [INFO] [76/121] 건대입구역 (primary=KEY_4)
2026-06-28 04:42:01,928 [INFO] [77/121] 고덕역 (primary=KEY_1)
2026-06-28 04:42:03,267 [INFO] [78/121] 고속터미널역 (primary=KEY_2)
2026-06-28 04:42:04,435 [INFO] [79/121] 교대역 (primary=KEY_3)
2026-06-28 04:42:05,582 [INFO] [80/121] 구로디지털단지역 (primary=KEY_4)
2026-06-28 04:42:06,922 [INFO] [81/121] 구로역 (primary=KEY_1)
2026-06-28 04:42:08,060 [INFO] [82/121] 군자역 (primary=KEY_2)
2026-06-28 04:42:09,221 [INFO] [83/121] 대림역 (primary=KEY_3)
2026-06-28 04:42:10,384 [INFO] [84/121] 동대문역 (primary=KEY_4)
2026-06-28 04:42:11,551 [INFO] [85/121] 뚝섬역 (primary=KEY_1)
2026-06-28 04:42:12,891 [INFO] [86/121] 미아사거리역 (primary=KEY_2)
2026-06-28 04:42:14,233 [INFO] [87/121] 발산역 (primary=KEY_3)
2026-06-28 04:42:15,768 [INFO] [88/121] 사당역 (primary=KEY_4)
2026-06-28 04:42:17,112 [INFO] [89/121] 삼각지역 (primary=KEY_1)
2026-06-28 04:42:18,258 [INFO] [90/121] 서울대입구역 (primary=KEY_2)
2026-06-28 04:42:19,431 [INFO] [91/121] 서울식물원·마곡나루역 (primary=KEY_3)
2026-06-28 04:42:20,771 [INFO] [92/121] 서울역 (primary=KEY_4)
2026-06-28 04:42:22,148 [INFO] [93/121] 선릉역 (primary=KEY_1)
2026-06-28 04:42:23,722 [INFO] [94/121] 성신여대입구역 (primary=KEY_2)
2026-06-28 04:42:25,679 [INFO] [95/121] 수유역 (primary=KEY_3)
2026-06-28 04:42:27,017 [INFO] [96/121] 숭례문 (primary=KEY_4)
2026-06-28 04:42:28,372 [INFO] [97/121] 시의회 앞 (primary=KEY_1)
2026-06-28 04:42:29,726 [INFO] [98/121] 신논현역·논현역 (primary=KEY_2)
2026-06-28 04:42:31,094 [INFO] [99/121] 신도림역 (primary=KEY_3)
2026-06-28 04:42:32,249 [INFO] [100/121] 신림역 (primary=KEY_4)
2026-06-28 04:42:33,406 [INFO] [101/121] 신정네거리역 (primary=KEY_1)
2026-06-28 04:42:34,567 [INFO] [102/121] 신촌·이대역 (primary=KEY_2)
2026-06-28 04:42:35,924 [INFO] [103/121] 쌍문역 (primary=KEY_3)
2026-06-28 04:42:37,074 [INFO] [104/121] 양재역 (primary=KEY_4)
2026-06-28 04:42:38,424 [INFO] [105/121] 역삼역 (primary=KEY_1)
2026-06-28 04:42:39,775 [INFO] [106/121] 연신내역 (primary=KEY_2)
2026-06-28 04:42:40,939 [INFO] [107/121] 오목교역·목동운동장 (primary=KEY_3)
2026-06-28 04:42:42,498 [INFO] [108/121] 왕십리역 (primary=KEY_4)
2026-06-28 04:42:43,875 [INFO] [109/121] 용산역 (primary=KEY_1)
2026-06-28 04:42:45,244 [INFO] [110/121] 이태원역 (primary=KEY_2)
2026-06-28 04:42:46,407 [INFO] [111/121] 잠실새내역 (primary=KEY_3)
2026-06-28 04:42:47,755 [INFO] [112/121] 잠실역 (primary=KEY_4)
2026-06-28 04:42:49,119 [INFO] [113/121] 장지역 (primary=KEY_1)
2026-06-28 04:42:50,480 [INFO] [114/121] 장한평역 (primary=KEY_2)
2026-06-28 04:42:51,913 [INFO] [115/121] 천호역 (primary=KEY_3)
2026-06-28 04:42:53,293 [INFO] [116/121] 총신대입구(이수)역 (primary=KEY_4)
2026-06-28 04:42:54,645 [INFO] [117/121] 충정로역 (primary=KEY_1)
2026-06-28 04:42:55,817 [INFO] [118/121] 합정역 (primary=KEY_2)
2026-06-28 04:42:57,190 [INFO] [119/121] 혜화역 (primary=KEY_3)
2026-06-28 04:42:58,344 [INFO] [120/121] 홍대입구역(2호선) (primary=KEY_4)
2026-06-28 04:42:59,507 [INFO] [121/121] 회기역 (primary=KEY_1)
2026-06-28 04:43:01,803 [INFO] === 수집 완료 | 성공 121, 실패 0 ===
2026-06-28 04:43:01,803 [INFO] 카테고리별 저장 결과:
2026-06-28 04:43:01,803 [INFO]    accident                  | 신규     4행 | 누적     12행 | 16컬럼
2026-06-28 04:43:01,803 [INFO]    accident_acdnt_cntrl_stts | 신규     5행 | 누적     15행 | 16컬럼
2026-06-28 04:43:01,803 [INFO]    area_meta                 | 신규   121행 | 누적    484행 | 5컬럼
2026-06-28 04:43:01,803 [INFO]    bike                      | 신규    12행 | 누적     48행 | 12컬럼
2026-06-28 04:43:01,803 [INFO]    bike_sbike_stts           | 신규   555행 | 누적   2220행 | 12컬럼
2026-06-28 04:43:01,803 [INFO]    bus                       | 신규     3행 | 누적     12행 | 11컬럼
2026-06-28 04:43:01,803 [INFO]    bus_bus_stn_stts          | 신규  1745행 | 누적   6980행 | 11컬럼
2026-06-28 04:43:01,803 [INFO]    charger                   | 신규    16행 | 누적     28행 | 15컬럼
2026-06-28 04:43:01,803 [INFO]    charger_charger_stts      | 신규   731행 | 누적   6424행 | 15컬럼
2026-06-28 04:43:01,804 [INFO]    cmrcl                     | 신규    82행 | 누적    328행 | 20컬럼
2026-06-28 04:43:01,804 [INFO]    events                    | 신규    10행 | 누적     40행 | 14컬럼
2026-06-28 04:43:01,804 [INFO]    events_event_stts         | 신규   143행 | 누적    572행 | 14컬럼
2026-06-28 04:43:01,804 [INFO]    parking                   | 신규     6행 | 누적     24행 | 21컬럼
2026-06-28 04:43:01,804 [INFO]    parking_prk_stts          | 신규  1833행 | 누적   7332행 | 21컬럼
2026-06-28 04:43:01,804 [INFO]    ppltn                     | 신규   121행 | 누적    484행 | 26컬럼
2026-06-28 04:43:01,804 [INFO]    road                      | 신규   121행 | 누적    484행 | 21컬럼
2026-06-28 04:43:01,804 [INFO]    road_road_traffic_stts    | 신규  5259행 | 누적  21036행 | 17컬럼
2026-06-28 04:43:01,804 [INFO]    subway                    | 신규    38행 | 누적    152행 | 13컬럼
2026-06-28 04:43:01,804 [INFO]    subway_sub_stts           | 신규   183행 | 누적    732행 | 13컬럼
2026-06-28 04:43:01,804 [INFO]    weather                   | 신규   119행 | 누적    476행 | 29컬럼
2026-06-28 04:43:01,804 [INFO] 키별 사용량:
2026-06-28 04:43:01,804 [INFO]    🟢 KEY_1 (31/1000) 
2026-06-28 04:43:01,804 [INFO]    🟢 KEY_2 (30/1000) 
2026-06-28 04:43:01,804 [INFO]    🟢 KEY_3 (30/1000) 
2026-06-28 04:43:01,804 [INFO]    🟢 KEY_4 (30/1000) 
2026-06-28 05:34:18,246 [INFO] 등록된 키: 4개, 합산 한도 4,000건/일
2026-06-28 05:34:18,247 [INFO] POI 로드: 매뉴얼 v8.5 기준 fallback 121개 (121개 전체)
2026-06-28 05:34:18,247 [INFO] === 수집 시작 2026-06-28T05:34:18.247719+09:00 ===
2026-06-28 05:34:18,247 [INFO] 대상 장소: 121개 | API: citydata (통합)
2026-06-28 05:34:18,247 [INFO] 키 풀: 4/4 활성 | 오늘 사용 0/4000건
2026-06-28 05:34:18,248 [INFO]   [KEY_1] 담당 31장소
2026-06-28 05:34:18,248 [INFO]   [KEY_2] 담당 30장소
2026-06-28 05:34:18,248 [INFO]   [KEY_3] 담당 30장소
2026-06-28 05:34:18,248 [INFO]   [KEY_4] 담당 30장소
2026-06-28 05:34:18,248 [INFO] [1/121] 경복궁 (primary=KEY_1)
2026-06-28 05:34:20,372 [INFO] [2/121] 광화문·덕수궁 (primary=KEY_2)
2026-06-28 05:34:23,262 [INFO] [3/121] 보신각 (primary=KEY_3)
2026-06-28 05:34:25,384 [INFO] [4/121] 서울 암사동 유적 (primary=KEY_4)
2026-06-28 05:34:27,287 [INFO] [5/121] 창덕궁·종묘 (primary=KEY_1)
2026-06-28 05:34:29,357 [INFO] [6/121] 강남 MICE 관광특구 (primary=KEY_2)
2026-06-28 05:34:31,831 [INFO] [7/121] 동대문 관광특구 (primary=KEY_3)
2026-06-28 05:34:33,628 [INFO] [8/121] 명동 관광특구 (primary=KEY_4)
2026-06-28 05:34:36,411 [INFO] [9/121] 이태원 관광특구 (primary=KEY_1)
2026-06-28 05:34:38,911 [INFO] [10/121] 잠실 관광특구 (primary=KEY_2)
2026-06-28 05:34:40,883 [INFO] [11/121] 종로·청계 관광특구 (primary=KEY_3)
2026-06-28 05:34:42,492 [INFO] [12/121] 홍대 관광특구 (primary=KEY_4)
2026-06-28 05:34:44,879 [INFO] [13/121] 강서한강공원 (primary=KEY_1)
2026-06-28 05:34:46,790 [INFO] [14/121] 고척돔 (primary=KEY_2)
2026-06-28 05:34:48,686 [INFO] [15/121] 광나루한강공원 (primary=KEY_3)
2026-06-28 05:34:49,998 [INFO] [16/121] 광화문광장 (primary=KEY_4)
2026-06-28 05:34:51,520 [INFO] [17/121] 국립중앙박물관·용산가족공원 (primary=KEY_1)
2026-06-28 05:34:53,456 [INFO] [18/121] 난지한강공원 (primary=KEY_2)
2026-06-28 05:34:55,341 [INFO] [19/121] 남산공원 (primary=KEY_3)
2026-06-28 05:34:57,471 [INFO] [20/121] 노들섬 (primary=KEY_4)
2026-06-28 05:34:59,365 [INFO] [21/121] 뚝섬한강공원 (primary=KEY_1)
2026-06-28 05:35:01,433 [INFO] [22/121] 망원한강공원 (primary=KEY_2)
2026-06-28 05:35:02,760 [INFO] [23/121] 반포한강공원 (primary=KEY_3)
2026-06-28 05:35:03,893 [INFO] [24/121] 보라매공원 (primary=KEY_4)
2026-06-28 05:35:05,060 [INFO] [25/121] 북서울꿈의숲 (primary=KEY_1)
2026-06-28 05:35:06,404 [INFO] [26/121] 서대문독립공원 (primary=KEY_2)
2026-06-28 05:35:07,543 [INFO] [27/121] 서리풀공원·몽마르뜨공원 (primary=KEY_3)
2026-06-28 05:35:09,659 [INFO] [28/121] 서울대공원 (primary=KEY_4)
2026-06-28 05:35:10,773 [INFO] [29/121] 서울숲공원 (primary=KEY_1)
2026-06-28 05:35:13,226 [INFO] [30/121] 송현녹지광장 (primary=KEY_2)
2026-06-28 05:35:14,545 [INFO] [31/121] 아차산 (primary=KEY_3)
2026-06-28 05:35:15,669 [INFO] [32/121] 안양천 (primary=KEY_4)
2026-06-28 05:35:18,347 [INFO] [33/121] 양화한강공원 (primary=KEY_1)
2026-06-28 05:35:19,478 [INFO] [34/121] 어린이대공원 (primary=KEY_2)
2026-06-28 05:35:20,801 [INFO] [35/121] 여의도한강공원 (primary=KEY_3)
2026-06-28 05:35:22,105 [INFO] [36/121] 여의서로 (primary=KEY_4)
2026-06-28 05:35:23,424 [INFO] [37/121] 올림픽공원 (primary=KEY_1)
2026-06-28 05:35:24,970 [INFO] [38/121] 월드컵공원 (primary=KEY_2)
2026-06-28 05:35:27,285 [INFO] [39/121] 응봉산 (primary=KEY_3)
2026-06-28 05:35:28,598 [INFO] [40/121] 이촌한강공원 (primary=KEY_4)
2026-06-28 05:35:30,696 [INFO] [41/121] 잠실종합운동장 (primary=KEY_1)
2026-06-28 05:35:31,829 [INFO] [42/121] 잠실한강공원 (primary=KEY_2)
2026-06-28 05:35:32,982 [INFO] [43/121] 잠원한강공원 (primary=KEY_3)
2026-06-28 05:35:34,107 [INFO] [44/121] 청계산 (primary=KEY_4)
2026-06-28 05:35:35,241 [INFO] [45/121] 홍제폭포 (primary=KEY_1)
2026-06-28 05:35:36,373 [INFO] [46/121] 가락시장 (primary=KEY_2)
2026-06-28 05:35:37,733 [INFO] [47/121] 가로수길 (primary=KEY_3)
2026-06-28 05:35:39,128 [INFO] [48/121] 광장(전통)시장 (primary=KEY_4)
2026-06-28 05:35:41,032 [INFO] [49/121] 김포공항 (primary=KEY_1)
2026-06-28 05:35:42,574 [INFO] [50/121] 남대문시장 (primary=KEY_2)
2026-06-28 05:35:43,929 [INFO] [51/121] 노량진 (primary=KEY_3)
2026-06-28 05:35:45,304 [INFO] [52/121] 덕수궁길·정동길 (primary=KEY_4)
2026-06-28 05:35:46,851 [INFO] [53/121] 북창동 먹자골목 (primary=KEY_1)
2026-06-28 05:35:48,184 [INFO] [54/121] 북촌한옥마을 (primary=KEY_2)
2026-06-28 05:35:49,703 [INFO] [55/121] 서촌 (primary=KEY_3)
2026-06-28 05:35:51,047 [INFO] [56/121] 성수카페거리 (primary=KEY_4)
2026-06-28 05:35:52,584 [INFO] [57/121] 송리단길·호수단길 (primary=KEY_1)
2026-06-28 05:35:54,887 [INFO] [58/121] 신촌 스타광장 (primary=KEY_2)
2026-06-28 05:35:57,629 [INFO] [59/121] 압구정로데오거리 (primary=KEY_3)
2026-06-28 05:35:58,976 [INFO] [60/121] 여의도 (primary=KEY_4)
2026-06-28 05:36:01,177 [INFO] [61/121] 연남동 (primary=KEY_1)
2026-06-28 05:36:02,554 [INFO] [62/121] 영등포 타임스퀘어 (primary=KEY_2)
2026-06-28 05:36:03,862 [INFO] [63/121] 용리단길 (primary=KEY_3)
2026-06-28 05:36:05,024 [INFO] [64/121] 이태원 앤틱가구거리 (primary=KEY_4)
2026-06-28 05:36:06,371 [INFO] [65/121] 익선동 (primary=KEY_1)
2026-06-28 05:36:07,722 [INFO] [66/121] 인사동 (primary=KEY_2)
2026-06-28 05:36:09,246 [INFO] [67/121] 잠실롯데타워·석촌호수 (primary=KEY_3)
2026-06-28 05:36:10,979 [INFO] [68/121] 창동 신경제 중심지 (primary=KEY_4)
2026-06-28 05:36:12,732 [INFO] [69/121] 청담동 명품거리 (primary=KEY_1)
2026-06-28 05:36:14,073 [INFO] [70/121] 청량리 제기동 일대 전통시장 (primary=KEY_2)
2026-06-28 05:36:15,412 [INFO] [71/121] 해방촌·경리단길 (primary=KEY_3)
2026-06-28 05:36:16,555 [INFO] [72/121] DDP(동대문디자인플라자) (primary=KEY_4)
2026-06-28 05:36:17,918 [INFO] [73/121] DMC(디지털미디어시티) (primary=KEY_1)
2026-06-28 05:36:19,836 [INFO] [74/121] 가산디지털단지역 (primary=KEY_2)
2026-06-28 05:36:21,756 [INFO] [75/121] 강남역 (primary=KEY_3)
2026-06-28 05:36:23,294 [INFO] [76/121] 건대입구역 (primary=KEY_4)
2026-06-28 05:36:24,642 [INFO] [77/121] 고덕역 (primary=KEY_1)
2026-06-28 05:36:25,982 [INFO] [78/121] 고속터미널역 (primary=KEY_2)
2026-06-28 05:36:27,347 [INFO] [79/121] 교대역 (primary=KEY_3)
2026-06-28 05:36:28,691 [INFO] [80/121] 구로디지털단지역 (primary=KEY_4)
2026-06-28 05:36:30,424 [INFO] [81/121] 구로역 (primary=KEY_1)
2026-06-28 05:36:31,775 [INFO] [82/121] 군자역 (primary=KEY_2)
2026-06-28 05:36:33,125 [INFO] [83/121] 대림역 (primary=KEY_3)
2026-06-28 05:36:34,503 [INFO] [84/121] 동대문역 (primary=KEY_4)
2026-06-28 05:36:35,832 [INFO] [85/121] 뚝섬역 (primary=KEY_1)
2026-06-28 05:36:37,164 [INFO] [86/121] 미아사거리역 (primary=KEY_2)
2026-06-28 05:36:38,508 [INFO] [87/121] 발산역 (primary=KEY_3)
2026-06-28 05:36:40,252 [INFO] [88/121] 사당역 (primary=KEY_4)
2026-06-28 05:36:41,622 [INFO] [89/121] 삼각지역 (primary=KEY_1)
2026-06-28 05:36:42,955 [INFO] [90/121] 서울대입구역 (primary=KEY_2)
2026-06-28 05:36:44,305 [INFO] [91/121] 서울식물원·마곡나루역 (primary=KEY_3)
2026-06-28 05:36:47,383 [INFO] [92/121] 서울역 (primary=KEY_4)
2026-06-28 05:36:48,944 [INFO] [93/121] 선릉역 (primary=KEY_1)
2026-06-28 05:36:50,689 [INFO] [94/121] 성신여대입구역 (primary=KEY_2)
2026-06-28 05:36:51,858 [INFO] [95/121] 수유역 (primary=KEY_3)
2026-06-28 05:36:53,199 [INFO] [96/121] 숭례문 (primary=KEY_4)
2026-06-28 05:36:54,753 [INFO] [97/121] 시의회 앞 (primary=KEY_1)
2026-06-28 05:36:56,103 [INFO] [98/121] 신논현역·논현역 (primary=KEY_2)
2026-06-28 05:36:57,472 [INFO] [99/121] 신도림역 (primary=KEY_3)
2026-06-28 05:36:58,613 [INFO] [100/121] 신림역 (primary=KEY_4)
2026-06-28 05:36:59,959 [INFO] [101/121] 신정네거리역 (primary=KEY_1)
2026-06-28 05:37:01,299 [INFO] [102/121] 신촌·이대역 (primary=KEY_2)
2026-06-28 05:37:02,658 [INFO] [103/121] 쌍문역 (primary=KEY_3)
2026-06-28 05:37:03,993 [INFO] [104/121] 양재역 (primary=KEY_4)
2026-06-28 05:37:05,353 [INFO] [105/121] 역삼역 (primary=KEY_1)
2026-06-28 05:37:06,881 [INFO] [106/121] 연신내역 (primary=KEY_2)
2026-06-28 05:37:08,055 [INFO] [107/121] 오목교역·목동운동장 (primary=KEY_3)
2026-06-28 05:37:10,005 [INFO] [108/121] 왕십리역 (primary=KEY_4)
2026-06-28 05:37:11,551 [INFO] [109/121] 용산역 (primary=KEY_1)
2026-06-28 05:37:13,160 [INFO] [110/121] 이태원역 (primary=KEY_2)
2026-06-28 05:37:14,303 [INFO] [111/121] 잠실새내역 (primary=KEY_3)
2026-06-28 05:37:15,629 [INFO] [112/121] 잠실역 (primary=KEY_4)
2026-06-28 05:37:17,165 [INFO] [113/121] 장지역 (primary=KEY_1)
2026-06-28 05:37:18,695 [INFO] [114/121] 장한평역 (primary=KEY_2)
2026-06-28 05:37:20,033 [INFO] [115/121] 천호역 (primary=KEY_3)
2026-06-28 05:37:21,398 [INFO] [116/121] 총신대입구(이수)역 (primary=KEY_4)
2026-06-28 05:37:22,732 [INFO] [117/121] 충정로역 (primary=KEY_1)
2026-06-28 05:37:24,086 [INFO] [118/121] 합정역 (primary=KEY_2)
2026-06-28 05:37:25,455 [INFO] [119/121] 혜화역 (primary=KEY_3)
2026-06-28 05:37:27,568 [INFO] [120/121] 홍대입구역(2호선) (primary=KEY_4)
2026-06-28 05:37:28,933 [INFO] [121/121] 회기역 (primary=KEY_1)
2026-06-28 05:37:31,521 [INFO] === 수집 완료 | 성공 121, 실패 0 ===
2026-06-28 05:37:31,521 [INFO] 카테고리별 저장 결과:
2026-06-28 05:37:31,521 [INFO]    accident                  | 신규     4행 | 누적     16행 | 16컬럼
2026-06-28 05:37:31,521 [INFO]    accident_acdnt_cntrl_stts | 신규     5행 | 누적     20행 | 16컬럼
2026-06-28 05:37:31,521 [INFO]    area_meta                 | 신규   121행 | 누적    605행 | 5컬럼
2026-06-28 05:37:31,521 [INFO]    bike                      | 신규    12행 | 누적     60행 | 12컬럼
2026-06-28 05:37:31,521 [INFO]    bike_sbike_stts           | 신규   555행 | 누적   2775행 | 12컬럼
2026-06-28 05:37:31,521 [INFO]    bus                       | 신규     3행 | 누적     15행 | 11컬럼
2026-06-28 05:37:31,521 [INFO]    bus_bus_stn_stts          | 신규  1745행 | 누적   8725행 | 11컬럼
2026-06-28 05:37:31,522 [INFO]    charger                   | 신규     4행 | 누적     32행 | 15컬럼
2026-06-28 05:37:31,522 [INFO]    charger_charger_stts      | 신규  1915행 | 누적   8324행 | 15컬럼
2026-06-28 05:37:31,522 [INFO]    cmrcl                     | 신규    82행 | 누적    410행 | 20컬럼
2026-06-28 05:37:31,522 [INFO]    events                    | 신규     9행 | 누적     49행 | 14컬럼
2026-06-28 05:37:31,522 [INFO]    events_event_stts         | 신규   134행 | 누적    706행 | 14컬럼
2026-06-28 05:37:31,522 [INFO]    parking                   | 신규     6행 | 누적     30행 | 21컬럼
2026-06-28 05:37:31,522 [INFO]    parking_prk_stts          | 신규  1833행 | 누적   9165행 | 21컬럼
2026-06-28 05:37:31,522 [INFO]    ppltn                     | 신규   121행 | 누적    605행 | 26컬럼
2026-06-28 05:37:31,522 [INFO]    road                      | 신규   121행 | 누적    605행 | 21컬럼
2026-06-28 05:37:31,522 [INFO]    road_road_traffic_stts    | 신규  5259행 | 누적  26295행 | 17컬럼
2026-06-28 05:37:31,522 [INFO]    subway                    | 신규    38행 | 누적    190행 | 13컬럼
2026-06-28 05:37:31,522 [INFO]    subway_sub_stts           | 신규   183행 | 누적    915행 | 13컬럼
2026-06-28 05:37:31,522 [INFO]    weather                   | 신규   119행 | 누적    595행 | 29컬럼
2026-06-28 05:37:31,522 [INFO] 키별 사용량:
2026-06-28 05:37:31,522 [INFO]    🟢 KEY_1 (31/1000) 
2026-06-28 05:37:31,522 [INFO]    🟢 KEY_2 (30/1000) 
2026-06-28 05:37:31,522 [INFO]    🟢 KEY_3 (30/1000) 
2026-06-28 05:37:31,522 [INFO]    🟢 KEY_4 (30/1000) 
