2026-08-03 00:13:09,737 [INFO] 등록된 키: 4개, 합산 한도 4,000건/일
2026-08-03 00:13:09,738 [INFO] POI 로드: 매뉴얼 v8.5 기준 fallback 121개 (121개 전체)
2026-08-03 00:13:09,738 [INFO] === 수집 시작 2026-08-03T00:13:09.738543+09:00 ===
2026-08-03 00:13:09,738 [INFO] 대상 장소: 121개 | API: citydata (통합)
2026-08-03 00:13:09,738 [INFO] 키 풀: 4/4 활성 | 오늘 사용 0/4000건
2026-08-03 00:13:09,738 [INFO]   [KEY_1] 담당 31장소
2026-08-03 00:13:09,738 [INFO]   [KEY_2] 담당 30장소
2026-08-03 00:13:09,738 [INFO]   [KEY_3] 담당 30장소
2026-08-03 00:13:09,738 [INFO]   [KEY_4] 담당 30장소
2026-08-03 00:13:09,738 [INFO] [1/121] 경복궁 (primary=KEY_1)
2026-08-03 00:13:11,620 [INFO] [2/121] 광화문·덕수궁 (primary=KEY_2)
2026-08-03 00:13:13,834 [INFO] [3/121] 보신각 (primary=KEY_3)
2026-08-03 00:13:15,737 [INFO] [4/121] 서울 암사동 유적 (primary=KEY_4)
2026-08-03 00:13:17,445 [INFO] [5/121] 창덕궁·종묘 (primary=KEY_1)
2026-08-03 00:13:19,307 [INFO] [6/121] 강남 MICE 관광특구 (primary=KEY_2)
2026-08-03 00:13:21,203 [INFO] [7/121] 동대문 관광특구 (primary=KEY_3)
2026-08-03 00:13:23,351 [INFO] [8/121] 명동 관광특구 (primary=KEY_4)
2026-08-03 00:13:24,978 [INFO] [9/121] 이태원 관광특구 (primary=KEY_1)
2026-08-03 00:13:27,065 [INFO] [10/121] 잠실 관광특구 (primary=KEY_2)
2026-08-03 00:13:29,364 [INFO] [11/121] 종로·청계 관광특구 (primary=KEY_3)
2026-08-03 00:13:30,827 [INFO] [12/121] 홍대 관광특구 (primary=KEY_4)
2026-08-03 00:13:32,912 [INFO] [13/121] 강서한강공원 (primary=KEY_1)
2026-08-03 00:13:34,621 [INFO] [14/121] 고척돔 (primary=KEY_2)
2026-08-03 00:13:36,320 [INFO] [15/121] 광나루한강공원 (primary=KEY_3)
2026-08-03 00:13:38,221 [INFO] [16/121] 광화문광장 (primary=KEY_4)
2026-08-03 00:13:39,456 [INFO] [17/121] 국립중앙박물관·용산가족공원 (primary=KEY_1)
2026-08-03 00:13:40,542 [INFO] [18/121] 난지한강공원 (primary=KEY_2)
2026-08-03 00:13:41,589 [INFO] [19/121] 남산공원 (primary=KEY_3)
2026-08-03 00:13:48,024 [INFO] [20/121] 노들섬 (primary=KEY_4)
2026-08-03 00:13:49,090 [INFO] [21/121] 뚝섬한강공원 (primary=KEY_1)
2026-08-03 00:13:50,158 [INFO] [22/121] 망원한강공원 (primary=KEY_2)
2026-08-03 00:13:51,396 [INFO] [23/121] 반포한강공원 (primary=KEY_3)
2026-08-03 00:13:53,111 [INFO] [24/121] 보라매공원 (primary=KEY_4)
2026-08-03 00:13:54,856 [INFO] [25/121] 북서울꿈의숲 (primary=KEY_1)
2026-08-03 00:13:56,734 [INFO] [26/121] 서대문독립공원 (primary=KEY_2)
2026-08-03 00:13:58,464 [INFO] [27/121] 서리풀공원·몽마르뜨공원 (primary=KEY_3)
2026-08-03 00:13:59,568 [INFO] [28/121] 서울대공원 (primary=KEY_4)
2026-08-03 00:14:00,629 [INFO] [29/121] 서울숲공원 (primary=KEY_1)
2026-08-03 00:14:01,858 [INFO] [30/121] 송현녹지광장 (primary=KEY_2)
2026-08-03 00:14:03,098 [INFO] [31/121] 아차산 (primary=KEY_3)
2026-08-03 00:14:04,180 [INFO] [32/121] 안양천 (primary=KEY_4)
2026-08-03 00:14:05,258 [INFO] [33/121] 양화한강공원 (primary=KEY_1)
2026-08-03 00:14:06,317 [INFO] [34/121] 어린이대공원 (primary=KEY_2)
2026-08-03 00:14:07,722 [INFO] [35/121] 여의도한강공원 (primary=KEY_3)
2026-08-03 00:14:09,595 [INFO] [36/121] 여의서로 (primary=KEY_4)
2026-08-03 00:14:10,814 [INFO] [37/121] 올림픽공원 (primary=KEY_1)
2026-08-03 00:14:12,067 [INFO] [38/121] 월드컵공원 (primary=KEY_2)
2026-08-03 00:14:13,472 [INFO] [39/121] 응봉산 (primary=KEY_3)
2026-08-03 00:14:14,682 [INFO] [40/121] 이촌한강공원 (primary=KEY_4)
2026-08-03 00:14:15,745 [INFO] [41/121] 잠실종합운동장 (primary=KEY_1)
2026-08-03 00:14:16,804 [INFO] [42/121] 잠실한강공원 (primary=KEY_2)
2026-08-03 00:14:17,870 [INFO] [43/121] 잠원한강공원 (primary=KEY_3)
2026-08-03 00:14:19,505 [INFO] [44/121] 청계산 (primary=KEY_4)
2026-08-03 00:14:20,548 [INFO] [45/121] 홍제폭포 (primary=KEY_1)
2026-08-03 00:14:21,612 [INFO] [46/121] 가락시장 (primary=KEY_2)
2026-08-03 00:14:22,851 [INFO] [47/121] 가로수길 (primary=KEY_3)
2026-08-03 00:14:24,108 [INFO] [48/121] 광장(전통)시장 (primary=KEY_4)
2026-08-03 00:14:25,188 [INFO] [49/121] 김포공항 (primary=KEY_1)
2026-08-03 00:14:26,621 [INFO] [50/121] 남대문시장 (primary=KEY_2)
2026-08-03 00:14:27,856 [INFO] [51/121] 노량진 (primary=KEY_3)
2026-08-03 00:14:29,102 [INFO] [52/121] 덕수궁길·정동길 (primary=KEY_4)
2026-08-03 00:14:30,367 [INFO] [53/121] 북창동 먹자골목 (primary=KEY_1)
2026-08-03 00:14:31,596 [INFO] [54/121] 북촌한옥마을 (primary=KEY_2)
2026-08-03 00:14:32,982 [INFO] [55/121] 서촌 (primary=KEY_3)
2026-08-03 00:14:34,855 [INFO] [56/121] 성수카페거리 (primary=KEY_4)
2026-08-03 00:14:36,289 [INFO] [57/121] 송리단길·호수단길 (primary=KEY_1)
2026-08-03 00:14:37,563 [INFO] [58/121] 신촌 스타광장 (primary=KEY_2)
2026-08-03 00:14:38,645 [INFO] [59/121] 압구정로데오거리 (primary=KEY_3)
2026-08-03 00:14:39,888 [INFO] [60/121] 여의도 (primary=KEY_4)
2026-08-03 00:14:41,894 [INFO] [61/121] 연남동 (primary=KEY_1)
2026-08-03 00:14:43,134 [INFO] [62/121] 영등포 타임스퀘어 (primary=KEY_2)
2026-08-03 00:14:44,359 [INFO] [63/121] 용리단길 (primary=KEY_3)
2026-08-03 00:14:45,457 [INFO] [64/121] 이태원 앤틱가구거리 (primary=KEY_4)
2026-08-03 00:14:46,689 [INFO] [65/121] 익선동 (primary=KEY_1)
2026-08-03 00:14:47,951 [INFO] [66/121] 인사동 (primary=KEY_2)
2026-08-03 00:14:49,369 [INFO] [67/121] 잠실롯데타워·석촌호수 (primary=KEY_3)
2026-08-03 00:14:50,945 [INFO] [68/121] 창동 신경제 중심지 (primary=KEY_4)
2026-08-03 00:14:52,575 [INFO] [69/121] 청담동 명품거리 (primary=KEY_1)
2026-08-03 00:14:53,841 [INFO] [70/121] 청량리 제기동 일대 전통시장 (primary=KEY_2)
2026-08-03 00:14:55,111 [INFO] [71/121] 해방촌·경리단길 (primary=KEY_3)
2026-08-03 00:14:56,186 [INFO] [72/121] DDP(동대문디자인플라자) (primary=KEY_4)
2026-08-03 00:14:57,436 [INFO] [73/121] DMC(디지털미디어시티) (primary=KEY_1)
2026-08-03 00:14:59,038 [INFO] [74/121] 가산디지털단지역 (primary=KEY_2)
2026-08-03 00:15:00,761 [INFO] [75/121] 강남역 (primary=KEY_3)
2026-08-03 00:15:02,174 [INFO] [76/121] 건대입구역 (primary=KEY_4)
2026-08-03 00:15:03,440 [INFO] [77/121] 고덕역 (primary=KEY_1)
2026-08-03 00:15:04,674 [INFO] [78/121] 고속터미널역 (primary=KEY_2)
2026-08-03 00:15:05,936 [INFO] [79/121] 교대역 (primary=KEY_3)
2026-08-03 00:15:07,204 [INFO] [80/121] 구로디지털단지역 (primary=KEY_4)
2026-08-03 00:15:08,616 [INFO] [81/121] 구로역 (primary=KEY_1)
2026-08-03 00:15:09,813 [INFO] [82/121] 군자역 (primary=KEY_2)
2026-08-03 00:15:11,050 [INFO] [83/121] 대림역 (primary=KEY_3)
2026-08-03 00:15:12,278 [INFO] [84/121] 동대문역 (primary=KEY_4)
2026-08-03 00:15:13,503 [INFO] [85/121] 뚝섬역 (primary=KEY_1)
2026-08-03 00:15:14,732 [INFO] [86/121] 미아사거리역 (primary=KEY_2)
2026-08-03 00:15:15,944 [INFO] [87/121] 발산역 (primary=KEY_3)
2026-08-03 00:15:17,489 [INFO] [88/121] 사당역 (primary=KEY_4)
2026-08-03 00:15:18,778 [INFO] [89/121] 삼각지역 (primary=KEY_1)
2026-08-03 00:15:20,000 [INFO] [90/121] 서울대입구역 (primary=KEY_2)
2026-08-03 00:15:22,026 [INFO] [91/121] 서울식물원·마곡나루역 (primary=KEY_3)
2026-08-03 00:15:24,227 [INFO] [92/121] 서울역 (primary=KEY_4)
2026-08-03 00:15:26,457 [INFO] [93/121] 선릉역 (primary=KEY_1)
2026-08-03 00:15:28,848 [INFO] [94/121] 성신여대입구역 (primary=KEY_2)
2026-08-03 00:15:30,733 [INFO] [95/121] 수유역 (primary=KEY_3)
2026-08-03 00:15:32,627 [INFO] [96/121] 숭례문 (primary=KEY_4)
2026-08-03 00:15:34,598 [INFO] [97/121] 시의회 앞 (primary=KEY_1)
2026-08-03 00:15:35,829 [INFO] [98/121] 신논현역·논현역 (primary=KEY_2)
2026-08-03 00:15:37,726 [INFO] [99/121] 신도림역 (primary=KEY_3)
2026-08-03 00:15:40,198 [INFO] [100/121] 신림역 (primary=KEY_4)
2026-08-03 00:15:42,082 [INFO] [101/121] 신정네거리역 (primary=KEY_1)
2026-08-03 00:15:43,309 [INFO] [102/121] 신촌·이대역 (primary=KEY_2)
2026-08-03 00:15:45,138 [INFO] [103/121] 쌍문역 (primary=KEY_3)
2026-08-03 00:15:46,366 [INFO] [104/121] 양재역 (primary=KEY_4)
2026-08-03 00:15:48,438 [INFO] [105/121] 역삼역 (primary=KEY_1)
2026-08-03 00:15:49,853 [INFO] [106/121] 연신내역 (primary=KEY_2)
2026-08-03 00:15:51,613 [INFO] [107/121] 오목교역·목동운동장 (primary=KEY_3)
2026-08-03 00:15:53,388 [INFO] [108/121] 왕십리역 (primary=KEY_4)
2026-08-03 00:15:54,808 [INFO] [109/121] 용산역 (primary=KEY_1)
2026-08-03 00:15:56,877 [INFO] [110/121] 이태원역 (primary=KEY_2)
2026-08-03 00:15:58,524 [INFO] [111/121] 잠실새내역 (primary=KEY_3)
2026-08-03 00:15:59,772 [INFO] [112/121] 잠실역 (primary=KEY_4)
2026-08-03 00:16:01,174 [INFO] [113/121] 장지역 (primary=KEY_1)
2026-08-03 00:16:02,584 [INFO] [114/121] 장한평역 (primary=KEY_2)
2026-08-03 00:16:03,972 [INFO] [115/121] 천호역 (primary=KEY_3)
2026-08-03 00:16:05,882 [INFO] [116/121] 총신대입구(이수)역 (primary=KEY_4)
2026-08-03 00:16:08,104 [INFO] [117/121] 충정로역 (primary=KEY_1)
2026-08-03 00:16:09,348 [INFO] [118/121] 합정역 (primary=KEY_2)
2026-08-03 00:16:10,612 [INFO] [119/121] 혜화역 (primary=KEY_3)
2026-08-03 00:16:11,864 [INFO] [120/121] 홍대입구역(2호선) (primary=KEY_4)
2026-08-03 00:16:13,907 [INFO] [121/121] 회기역 (primary=KEY_1)
2026-08-03 00:16:15,462 [INFO] === 수집 완료 | 성공 121, 실패 0 ===
2026-08-03 00:16:15,462 [INFO] 카테고리별 저장 결과:
2026-08-03 00:16:15,462 [INFO]    accident                  | 신규     2행 | 누적      2행 | 16컬럼
2026-08-03 00:16:15,462 [INFO]    area_meta                 | 신규   121행 | 누적    121행 | 5컬럼
2026-08-03 00:16:15,462 [INFO]    bike                      | 신규    11행 | 누적     11행 | 12컬럼
2026-08-03 00:16:15,462 [INFO]    bike_sbike_stts           | 신규   573행 | 누적    573행 | 12컬럼
2026-08-03 00:16:15,462 [INFO]    bus                       | 신규     3행 | 누적      3행 | 11컬럼
2026-08-03 00:16:15,462 [INFO]    bus_bus_stn_stts          | 신규  1745행 | 누적   1745행 | 11컬럼
2026-08-03 00:16:15,462 [INFO]    charger                   | 신규     4행 | 누적      4행 | 15컬럼
2026-08-03 00:16:15,462 [INFO]    charger_charger_stts      | 신규  1922행 | 누적   1922행 | 15컬럼
2026-08-03 00:16:15,463 [INFO]    cmrcl                     | 신규    82행 | 누적     82행 | 20컬럼
2026-08-03 00:16:15,463 [INFO]    disaster                  | 신규    59행 | 누적     59행 | 9컬럼
2026-08-03 00:16:15,463 [INFO]    disaster_live_dst_message | 신규   103행 | 누적    103행 | 9컬럼
2026-08-03 00:16:15,463 [INFO]    events                    | 신규    14행 | 누적     14행 | 14컬럼
2026-08-03 00:16:15,463 [INFO]    events_event_stts         | 신규   125행 | 누적    125행 | 14컬럼
2026-08-03 00:16:15,463 [INFO]    parking                   | 신규     6행 | 누적      6행 | 21컬럼
2026-08-03 00:16:15,463 [INFO]    parking_prk_stts          | 신규  1834행 | 누적   1834행 | 21컬럼
2026-08-03 00:16:15,463 [INFO]    ppltn                     | 신규   121행 | 누적    121행 | 26컬럼
2026-08-03 00:16:15,463 [INFO]    road                      | 신규   121행 | 누적    121행 | 21컬럼
2026-08-03 00:16:15,463 [INFO]    road_road_traffic_stts    | 신규  5280행 | 누적   5280행 | 17컬럼
2026-08-03 00:16:15,463 [INFO]    subway                    | 신규    38행 | 누적     38행 | 13컬럼
2026-08-03 00:16:15,463 [INFO]    subway_sub_stts           | 신규   183행 | 누적    183행 | 13컬럼
2026-08-03 00:16:15,463 [INFO]    weather                   | 신규   119행 | 누적    119행 | 29컬럼
2026-08-03 00:16:15,463 [INFO] 키별 사용량:
2026-08-03 00:16:15,463 [INFO]    🟢 KEY_1 (31/1000) 
2026-08-03 00:16:15,463 [INFO]    🟢 KEY_2 (30/1000) 
2026-08-03 00:16:15,463 [INFO]    🟢 KEY_3 (30/1000) 
2026-08-03 00:16:15,463 [INFO]    🟢 KEY_4 (30/1000) 
2026-08-03 02:12:13,610 [INFO] 등록된 키: 4개, 합산 한도 4,000건/일
2026-08-03 02:12:13,611 [INFO] POI 로드: 매뉴얼 v8.5 기준 fallback 121개 (121개 전체)
2026-08-03 02:12:13,611 [INFO] === 수집 시작 2026-08-03T02:12:13.611082+09:00 ===
2026-08-03 02:12:13,611 [INFO] 대상 장소: 121개 | API: citydata (통합)
2026-08-03 02:12:13,611 [INFO] 키 풀: 4/4 활성 | 오늘 사용 0/4000건
2026-08-03 02:12:13,611 [INFO]   [KEY_1] 담당 31장소
2026-08-03 02:12:13,611 [INFO]   [KEY_2] 담당 30장소
2026-08-03 02:12:13,611 [INFO]   [KEY_3] 담당 30장소
2026-08-03 02:12:13,611 [INFO]   [KEY_4] 담당 30장소
2026-08-03 02:12:13,611 [INFO] [1/121] 경복궁 (primary=KEY_1)
2026-08-03 02:12:15,549 [INFO] [2/121] 광화문·덕수궁 (primary=KEY_2)
2026-08-03 02:12:18,279 [INFO] [3/121] 보신각 (primary=KEY_3)
2026-08-03 02:12:20,197 [INFO] [4/121] 서울 암사동 유적 (primary=KEY_4)
2026-08-03 02:12:21,891 [INFO] [5/121] 창덕궁·종묘 (primary=KEY_1)
2026-08-03 02:12:23,819 [INFO] [6/121] 강남 MICE 관광특구 (primary=KEY_2)
2026-08-03 02:12:25,175 [INFO] [7/121] 동대문 관광특구 (primary=KEY_3)
2026-08-03 02:12:26,766 [INFO] [8/121] 명동 관광특구 (primary=KEY_4)
2026-08-03 02:12:28,556 [INFO] [9/121] 이태원 관광특구 (primary=KEY_1)
2026-08-03 02:12:30,665 [INFO] [10/121] 잠실 관광특구 (primary=KEY_2)
2026-08-03 02:12:33,421 [INFO] [11/121] 종로·청계 관광특구 (primary=KEY_3)
2026-08-03 02:12:35,025 [INFO] [12/121] 홍대 관광특구 (primary=KEY_4)
2026-08-03 02:12:36,617 [INFO] [13/121] 강서한강공원 (primary=KEY_1)
2026-08-03 02:12:38,334 [INFO] [14/121] 고척돔 (primary=KEY_2)
2026-08-03 02:12:40,230 [INFO] [15/121] 광나루한강공원 (primary=KEY_3)
2026-08-03 02:12:42,298 [INFO] [16/121] 광화문광장 (primary=KEY_4)
2026-08-03 02:12:43,632 [INFO] [17/121] 국립중앙박물관·용산가족공원 (primary=KEY_1)
2026-08-03 02:12:45,431 [INFO] [18/121] 난지한강공원 (primary=KEY_2)
2026-08-03 02:12:46,576 [INFO] [19/121] 남산공원 (primary=KEY_3)
2026-08-03 02:12:48,141 [INFO] [20/121] 노들섬 (primary=KEY_4)
2026-08-03 02:12:50,017 [INFO] [21/121] 뚝섬한강공원 (primary=KEY_1)
2026-08-03 02:12:51,157 [INFO] [22/121] 망원한강공원 (primary=KEY_2)
2026-08-03 02:12:52,518 [INFO] [23/121] 반포한강공원 (primary=KEY_3)
2026-08-03 02:12:53,655 [INFO] [24/121] 보라매공원 (primary=KEY_4)
2026-08-03 02:12:55,782 [INFO] [25/121] 북서울꿈의숲 (primary=KEY_1)
2026-08-03 02:12:57,137 [INFO] [26/121] 서대문독립공원 (primary=KEY_2)
2026-08-03 02:12:59,092 [INFO] [27/121] 서리풀공원·몽마르뜨공원 (primary=KEY_3)
2026-08-03 02:13:00,244 [INFO] [28/121] 서울대공원 (primary=KEY_4)
2026-08-03 02:13:01,975 [INFO] [29/121] 서울숲공원 (primary=KEY_1)
2026-08-03 02:13:03,307 [INFO] [30/121] 송현녹지광장 (primary=KEY_2)
2026-08-03 02:13:05,393 [INFO] [31/121] 아차산 (primary=KEY_3)
2026-08-03 02:13:08,258 [INFO] [32/121] 안양천 (primary=KEY_4)
2026-08-03 02:13:10,172 [INFO] [33/121] 양화한강공원 (primary=KEY_1)
2026-08-03 02:13:12,478 [INFO] [34/121] 어린이대공원 (primary=KEY_2)
2026-08-03 02:13:14,444 [INFO] [35/121] 여의도한강공원 (primary=KEY_3)
2026-08-03 02:13:15,776 [INFO] [36/121] 여의서로 (primary=KEY_4)
2026-08-03 02:13:17,098 [INFO] [37/121] 올림픽공원 (primary=KEY_1)
2026-08-03 02:13:18,494 [INFO] [38/121] 월드컵공원 (primary=KEY_2)
2026-08-03 02:13:20,057 [INFO] [39/121] 응봉산 (primary=KEY_3)
2026-08-03 02:13:21,399 [INFO] [40/121] 이촌한강공원 (primary=KEY_4)
2026-08-03 02:13:22,548 [INFO] [41/121] 잠실종합운동장 (primary=KEY_1)
2026-08-03 02:13:23,690 [INFO] [42/121] 잠실한강공원 (primary=KEY_2)
2026-08-03 02:13:25,602 [INFO] [43/121] 잠원한강공원 (primary=KEY_3)
2026-08-03 02:13:26,752 [INFO] [44/121] 청계산 (primary=KEY_4)
2026-08-03 02:13:27,887 [INFO] [45/121] 홍제폭포 (primary=KEY_1)
2026-08-03 02:13:29,009 [INFO] [46/121] 가락시장 (primary=KEY_2)
2026-08-03 02:13:31,146 [INFO] [47/121] 가로수길 (primary=KEY_3)
2026-08-03 02:13:33,279 [INFO] [48/121] 광장(전통)시장 (primary=KEY_4)
2026-08-03 02:13:35,773 [INFO] [49/121] 김포공항 (primary=KEY_1)
2026-08-03 02:13:37,301 [INFO] [50/121] 남대문시장 (primary=KEY_2)
2026-08-03 02:13:39,203 [INFO] [51/121] 노량진 (primary=KEY_3)
2026-08-03 02:13:41,131 [INFO] [52/121] 덕수궁길·정동길 (primary=KEY_4)
2026-08-03 02:13:43,584 [INFO] [53/121] 북창동 먹자골목 (primary=KEY_1)
2026-08-03 02:13:44,915 [INFO] [54/121] 북촌한옥마을 (primary=KEY_2)
2026-08-03 02:13:46,464 [INFO] [55/121] 서촌 (primary=KEY_3)
2026-08-03 02:13:48,730 [INFO] [56/121] 성수카페거리 (primary=KEY_4)
2026-08-03 02:13:50,946 [INFO] [57/121] 송리단길·호수단길 (primary=KEY_1)
2026-08-03 02:13:53,089 [INFO] [58/121] 신촌 스타광장 (primary=KEY_2)
2026-08-03 02:13:55,200 [INFO] [59/121] 압구정로데오거리 (primary=KEY_3)
2026-08-03 02:13:56,575 [INFO] [60/121] 여의도 (primary=KEY_4)
2026-08-03 02:13:58,786 [INFO] [61/121] 연남동 (primary=KEY_1)
2026-08-03 02:14:00,106 [INFO] [62/121] 영등포 타임스퀘어 (primary=KEY_2)
2026-08-03 02:14:02,569 [INFO] [63/121] 용리단길 (primary=KEY_3)
2026-08-03 02:14:03,730 [INFO] [64/121] 이태원 앤틱가구거리 (primary=KEY_4)
2026-08-03 02:14:04,887 [INFO] [65/121] 익선동 (primary=KEY_1)
2026-08-03 02:14:06,226 [INFO] [66/121] 인사동 (primary=KEY_2)
2026-08-03 02:14:07,800 [INFO] [67/121] 잠실롯데타워·석촌호수 (primary=KEY_3)
2026-08-03 02:14:09,558 [INFO] [68/121] 창동 신경제 중심지 (primary=KEY_4)
2026-08-03 02:14:12,071 [INFO] [69/121] 청담동 명품거리 (primary=KEY_1)
2026-08-03 02:14:14,178 [INFO] [70/121] 청량리 제기동 일대 전통시장 (primary=KEY_2)
2026-08-03 02:14:16,108 [INFO] [71/121] 해방촌·경리단길 (primary=KEY_3)
2026-08-03 02:14:17,258 [INFO] [72/121] DDP(동대문디자인플라자) (primary=KEY_4)
2026-08-03 02:14:18,651 [INFO] [73/121] DMC(디지털미디어시티) (primary=KEY_1)
2026-08-03 02:14:21,182 [INFO] [74/121] 가산디지털단지역 (primary=KEY_2)
2026-08-03 02:14:23,124 [INFO] [75/121] 강남역 (primary=KEY_3)
2026-08-03 02:14:24,729 [INFO] [76/121] 건대입구역 (primary=KEY_4)
2026-08-03 02:14:26,094 [INFO] [77/121] 고덕역 (primary=KEY_1)
2026-08-03 02:14:28,182 [INFO] [78/121] 고속터미널역 (primary=KEY_2)
2026-08-03 02:14:29,564 [INFO] [79/121] 교대역 (primary=KEY_3)
2026-08-03 02:14:30,776 [INFO] [80/121] 구로디지털단지역 (primary=KEY_4)
2026-08-03 02:14:32,540 [INFO] [81/121] 구로역 (primary=KEY_1)
2026-08-03 02:14:33,879 [INFO] [82/121] 군자역 (primary=KEY_2)
2026-08-03 02:14:35,076 [INFO] [83/121] 대림역 (primary=KEY_3)
2026-08-03 02:14:36,422 [INFO] [84/121] 동대문역 (primary=KEY_4)
2026-08-03 02:14:38,377 [INFO] [85/121] 뚝섬역 (primary=KEY_1)
2026-08-03 02:14:40,743 [INFO] [86/121] 미아사거리역 (primary=KEY_2)
2026-08-03 02:14:42,082 [INFO] [87/121] 발산역 (primary=KEY_3)
2026-08-03 02:14:43,610 [INFO] [88/121] 사당역 (primary=KEY_4)
2026-08-03 02:14:44,951 [INFO] [89/121] 삼각지역 (primary=KEY_1)
2026-08-03 02:14:46,109 [INFO] [90/121] 서울대입구역 (primary=KEY_2)
2026-08-03 02:14:47,460 [INFO] [91/121] 서울식물원·마곡나루역 (primary=KEY_3)
2026-08-03 02:14:49,026 [INFO] [92/121] 서울역 (primary=KEY_4)
2026-08-03 02:14:50,446 [INFO] [93/121] 선릉역 (primary=KEY_1)
2026-08-03 02:14:52,216 [INFO] [94/121] 성신여대입구역 (primary=KEY_2)
2026-08-03 02:14:53,369 [INFO] [95/121] 수유역 (primary=KEY_3)
2026-08-03 02:14:54,733 [INFO] [96/121] 숭례문 (primary=KEY_4)
2026-08-03 02:14:56,297 [INFO] [97/121] 시의회 앞 (primary=KEY_1)
2026-08-03 02:14:57,639 [INFO] [98/121] 신논현역·논현역 (primary=KEY_2)
2026-08-03 02:14:58,995 [INFO] [99/121] 신도림역 (primary=KEY_3)
2026-08-03 02:15:00,166 [INFO] [100/121] 신림역 (primary=KEY_4)
2026-08-03 02:15:01,327 [INFO] [101/121] 신정네거리역 (primary=KEY_1)
2026-08-03 02:15:03,429 [INFO] [102/121] 신촌·이대역 (primary=KEY_2)
2026-08-03 02:15:04,778 [INFO] [103/121] 쌍문역 (primary=KEY_3)
2026-08-03 02:15:06,202 [INFO] [104/121] 양재역 (primary=KEY_4)
2026-08-03 02:15:07,527 [INFO] [105/121] 역삼역 (primary=KEY_1)
2026-08-03 02:15:09,059 [INFO] [106/121] 연신내역 (primary=KEY_2)
2026-08-03 02:15:10,227 [INFO] [107/121] 오목교역·목동운동장 (primary=KEY_3)
2026-08-03 02:15:12,131 [INFO] [108/121] 왕십리역 (primary=KEY_4)
2026-08-03 02:15:13,496 [INFO] [109/121] 용산역 (primary=KEY_1)
2026-08-03 02:15:15,047 [INFO] [110/121] 이태원역 (primary=KEY_2)
2026-08-03 02:15:16,975 [INFO] [111/121] 잠실새내역 (primary=KEY_3)
2026-08-03 02:15:18,326 [INFO] [112/121] 잠실역 (primary=KEY_4)
2026-08-03 02:15:19,945 [INFO] [113/121] 장지역 (primary=KEY_1)
2026-08-03 02:15:21,461 [INFO] [114/121] 장한평역 (primary=KEY_2)
2026-08-03 02:15:22,805 [INFO] [115/121] 천호역 (primary=KEY_3)
2026-08-03 02:15:24,167 [INFO] [116/121] 총신대입구(이수)역 (primary=KEY_4)
2026-08-03 02:15:25,515 [INFO] [117/121] 충정로역 (primary=KEY_1)
2026-08-03 02:15:26,894 [INFO] [118/121] 합정역 (primary=KEY_2)
2026-08-03 02:15:28,235 [INFO] [119/121] 혜화역 (primary=KEY_3)
2026-08-03 02:15:29,574 [INFO] [120/121] 홍대입구역(2호선) (primary=KEY_4)
2026-08-03 02:15:30,901 [INFO] [121/121] 회기역 (primary=KEY_1)
2026-08-03 02:15:32,927 [INFO] === 수집 완료 | 성공 121, 실패 0 ===
2026-08-03 02:15:32,927 [INFO] 카테고리별 저장 결과:
2026-08-03 02:15:32,927 [INFO]    accident                  | 신규     2행 | 누적      4행 | 16컬럼
2026-08-03 02:15:32,928 [INFO]    area_meta                 | 신규   121행 | 누적    242행 | 5컬럼
2026-08-03 02:15:32,928 [INFO]    bike                      | 신규    11행 | 누적     22행 | 12컬럼
2026-08-03 02:15:32,928 [INFO]    bike_sbike_stts           | 신규   573행 | 누적   1146행 | 12컬럼
2026-08-03 02:15:32,928 [INFO]    bus                       | 신규     3행 | 누적      6행 | 11컬럼
2026-08-03 02:15:32,928 [INFO]    bus_bus_stn_stts          | 신규  1745행 | 누적   3490행 | 11컬럼
2026-08-03 02:15:32,928 [INFO]    charger                   | 신규     4행 | 누적      8행 | 15컬럼
2026-08-03 02:15:32,928 [INFO]    charger_charger_stts      | 신규  1922행 | 누적   3818행 | 15컬럼
2026-08-03 02:15:32,928 [INFO]    cmrcl                     | 신규    82행 | 누적    164행 | 20컬럼
2026-08-03 02:15:32,928 [INFO]    events                    | 신규    14행 | 누적     28행 | 14컬럼
2026-08-03 02:15:32,928 [INFO]    events_event_stts         | 신규   125행 | 누적    250행 | 14컬럼
2026-08-03 02:15:32,928 [INFO]    parking                   | 신규     6행 | 누적     12행 | 21컬럼
2026-08-03 02:15:32,928 [INFO]    parking_prk_stts          | 신규  1834행 | 누적   3668행 | 21컬럼
2026-08-03 02:15:32,928 [INFO]    ppltn                     | 신규   121행 | 누적    242행 | 26컬럼
2026-08-03 02:15:32,928 [INFO]    road                      | 신규   121행 | 누적    242행 | 21컬럼
2026-08-03 02:15:32,928 [INFO]    road_road_traffic_stts    | 신규  5280행 | 누적  10560행 | 17컬럼
2026-08-03 02:15:32,928 [INFO]    subway                    | 신규    38행 | 누적     76행 | 13컬럼
2026-08-03 02:15:32,928 [INFO]    subway_sub_stts           | 신규   183행 | 누적    366행 | 13컬럼
2026-08-03 02:15:32,928 [INFO]    weather                   | 신규   119행 | 누적    238행 | 29컬럼
2026-08-03 02:15:32,928 [INFO] 키별 사용량:
2026-08-03 02:15:32,928 [INFO]    🟢 KEY_1 (31/1000) 
2026-08-03 02:15:32,928 [INFO]    🟢 KEY_2 (30/1000) 
2026-08-03 02:15:32,928 [INFO]    🟢 KEY_3 (30/1000) 
2026-08-03 02:15:32,929 [INFO]    🟢 KEY_4 (30/1000) 
