2026-07-16 00:45:07,467 [INFO] 등록된 키: 4개, 합산 한도 4,000건/일
2026-07-16 00:45:07,468 [INFO] POI 로드: 매뉴얼 v8.5 기준 fallback 121개 (121개 전체)
2026-07-16 00:45:07,468 [INFO] === 수집 시작 2026-07-16T00:45:07.468589+09:00 ===
2026-07-16 00:45:07,468 [INFO] 대상 장소: 121개 | API: citydata (통합)
2026-07-16 00:45:07,468 [INFO] 키 풀: 4/4 활성 | 오늘 사용 0/4000건
2026-07-16 00:45:07,468 [INFO]   [KEY_1] 담당 31장소
2026-07-16 00:45:07,468 [INFO]   [KEY_2] 담당 30장소
2026-07-16 00:45:07,468 [INFO]   [KEY_3] 담당 30장소
2026-07-16 00:45:07,468 [INFO]   [KEY_4] 담당 30장소
2026-07-16 00:45:07,469 [INFO] [1/121] 경복궁 (primary=KEY_1)
2026-07-16 00:45:09,599 [INFO] [2/121] 광화문·덕수궁 (primary=KEY_2)
2026-07-16 00:45:11,036 [INFO] [3/121] 보신각 (primary=KEY_3)
2026-07-16 00:45:12,998 [INFO] [4/121] 서울 암사동 유적 (primary=KEY_4)
2026-07-16 00:45:14,764 [INFO] [5/121] 창덕궁·종묘 (primary=KEY_1)
2026-07-16 00:45:16,031 [INFO] [6/121] 강남 MICE 관광특구 (primary=KEY_2)
2026-07-16 00:45:18,144 [INFO] [7/121] 동대문 관광특구 (primary=KEY_3)
2026-07-16 00:45:19,622 [INFO] [8/121] 명동 관광특구 (primary=KEY_4)
2026-07-16 00:45:21,456 [INFO] [9/121] 이태원 관광특구 (primary=KEY_1)
2026-07-16 00:45:23,620 [INFO] [10/121] 잠실 관광특구 (primary=KEY_2)
2026-07-16 00:45:25,081 [INFO] [11/121] 종로·청계 관광특구 (primary=KEY_3)
2026-07-16 00:45:26,583 [INFO] [12/121] 홍대 관광특구 (primary=KEY_4)
2026-07-16 00:45:29,099 [INFO] [13/121] 강서한강공원 (primary=KEY_1)
2026-07-16 00:45:31,333 [INFO] [14/121] 고척돔 (primary=KEY_2)
2026-07-16 00:45:33,271 [INFO] [15/121] 광나루한강공원 (primary=KEY_3)
2026-07-16 00:45:34,518 [INFO] [16/121] 광화문광장 (primary=KEY_4)
2026-07-16 00:45:35,781 [INFO] [17/121] 국립중앙박물관·용산가족공원 (primary=KEY_1)
2026-07-16 00:45:36,890 [INFO] [18/121] 난지한강공원 (primary=KEY_2)
2026-07-16 00:45:37,978 [INFO] [19/121] 남산공원 (primary=KEY_3)
2026-07-16 00:45:39,433 [INFO] [20/121] 노들섬 (primary=KEY_4)
2026-07-16 00:45:40,495 [INFO] [21/121] 뚝섬한강공원 (primary=KEY_1)
2026-07-16 00:45:41,593 [INFO] [22/121] 망원한강공원 (primary=KEY_2)
2026-07-16 00:45:42,860 [INFO] [23/121] 반포한강공원 (primary=KEY_3)
2026-07-16 00:45:43,940 [INFO] [24/121] 보라매공원 (primary=KEY_4)
2026-07-16 00:45:45,414 [INFO] [25/121] 북서울꿈의숲 (primary=KEY_1)
2026-07-16 00:45:46,508 [INFO] [26/121] 서대문독립공원 (primary=KEY_2)
2026-07-16 00:45:47,594 [INFO] [27/121] 서리풀공원·몽마르뜨공원 (primary=KEY_3)
2026-07-16 00:45:48,731 [INFO] [28/121] 서울대공원 (primary=KEY_4)
2026-07-16 00:45:50,622 [INFO] [29/121] 서울숲공원 (primary=KEY_1)
2026-07-16 00:45:51,898 [INFO] [30/121] 송현녹지광장 (primary=KEY_2)
2026-07-16 00:45:53,182 [INFO] [31/121] 아차산 (primary=KEY_3)
2026-07-16 00:45:54,269 [INFO] [32/121] 안양천 (primary=KEY_4)
2026-07-16 00:45:55,364 [INFO] [33/121] 양화한강공원 (primary=KEY_1)
2026-07-16 00:45:56,450 [INFO] [34/121] 어린이대공원 (primary=KEY_2)
2026-07-16 00:45:57,563 [INFO] [35/121] 여의도한강공원 (primary=KEY_3)
2026-07-16 00:45:58,828 [INFO] [36/121] 여의서로 (primary=KEY_4)
2026-07-16 00:45:59,952 [INFO] [37/121] 올림픽공원 (primary=KEY_1)
2026-07-16 00:46:01,245 [INFO] [38/121] 월드컵공원 (primary=KEY_2)
2026-07-16 00:46:02,711 [INFO] [39/121] 응봉산 (primary=KEY_3)
2026-07-16 00:46:03,971 [INFO] [40/121] 이촌한강공원 (primary=KEY_4)
2026-07-16 00:46:05,049 [INFO] [41/121] 잠실종합운동장 (primary=KEY_1)
2026-07-16 00:46:06,148 [INFO] [42/121] 잠실한강공원 (primary=KEY_2)
2026-07-16 00:46:07,253 [INFO] [43/121] 잠원한강공원 (primary=KEY_3)
2026-07-16 00:46:08,321 [INFO] [44/121] 청계산 (primary=KEY_4)
2026-07-16 00:46:10,092 [INFO] [45/121] 홍제폭포 (primary=KEY_1)
2026-07-16 00:46:11,159 [INFO] [46/121] 가락시장 (primary=KEY_2)
2026-07-16 00:46:12,432 [INFO] [47/121] 가로수길 (primary=KEY_3)
2026-07-16 00:46:13,706 [INFO] [48/121] 광장(전통)시장 (primary=KEY_4)
2026-07-16 00:46:14,796 [INFO] [49/121] 김포공항 (primary=KEY_1)
2026-07-16 00:46:16,105 [INFO] [50/121] 남대문시장 (primary=KEY_2)
2026-07-16 00:46:17,195 [INFO] [51/121] 노량진 (primary=KEY_3)
2026-07-16 00:46:18,291 [INFO] [52/121] 덕수궁길·정동길 (primary=KEY_4)
2026-07-16 00:46:19,579 [INFO] [53/121] 북창동 먹자골목 (primary=KEY_1)
2026-07-16 00:46:20,672 [INFO] [54/121] 북촌한옥마을 (primary=KEY_2)
2026-07-16 00:46:21,945 [INFO] [55/121] 서촌 (primary=KEY_3)
2026-07-16 00:46:23,208 [INFO] [56/121] 성수카페거리 (primary=KEY_4)
2026-07-16 00:46:24,479 [INFO] [57/121] 송리단길·호수단길 (primary=KEY_1)
2026-07-16 00:46:25,763 [INFO] [58/121] 신촌 스타광장 (primary=KEY_2)
2026-07-16 00:46:26,868 [INFO] [59/121] 압구정로데오거리 (primary=KEY_3)
2026-07-16 00:46:28,852 [INFO] [60/121] 여의도 (primary=KEY_4)
2026-07-16 00:46:31,388 [INFO] [61/121] 연남동 (primary=KEY_1)
2026-07-16 00:46:32,646 [INFO] [62/121] 영등포 타임스퀘어 (primary=KEY_2)
2026-07-16 00:46:33,913 [INFO] [63/121] 용리단길 (primary=KEY_3)
2026-07-16 00:46:35,029 [INFO] [64/121] 이태원 앤틱가구거리 (primary=KEY_4)
2026-07-16 00:46:36,132 [INFO] [65/121] 익선동 (primary=KEY_1)
2026-07-16 00:46:37,416 [INFO] [66/121] 인사동 (primary=KEY_2)
2026-07-16 00:46:38,705 [INFO] [67/121] 잠실롯데타워·석촌호수 (primary=KEY_3)
2026-07-16 00:46:39,988 [INFO] [68/121] 창동 신경제 중심지 (primary=KEY_4)
2026-07-16 00:46:41,483 [INFO] [69/121] 청담동 명품거리 (primary=KEY_1)
2026-07-16 00:46:42,760 [INFO] [70/121] 청량리 제기동 일대 전통시장 (primary=KEY_2)
2026-07-16 00:46:44,041 [INFO] [71/121] 해방촌·경리단길 (primary=KEY_3)
2026-07-16 00:46:45,116 [INFO] [72/121] DDP(동대문디자인플라자) (primary=KEY_4)
2026-07-16 00:46:46,399 [INFO] [73/121] DMC(디지털미디어시티) (primary=KEY_1)
2026-07-16 00:46:47,868 [INFO] [74/121] 가산디지털단지역 (primary=KEY_2)
2026-07-16 00:46:49,337 [INFO] [75/121] 강남역 (primary=KEY_3)
2026-07-16 00:46:50,804 [INFO] [76/121] 건대입구역 (primary=KEY_4)
2026-07-16 00:46:52,065 [INFO] [77/121] 고덕역 (primary=KEY_1)
2026-07-16 00:46:53,339 [INFO] [78/121] 고속터미널역 (primary=KEY_2)
2026-07-16 00:46:54,464 [INFO] [79/121] 교대역 (primary=KEY_3)
2026-07-16 00:46:55,583 [INFO] [80/121] 구로디지털단지역 (primary=KEY_4)
2026-07-16 00:46:56,856 [INFO] [81/121] 구로역 (primary=KEY_1)
2026-07-16 00:46:57,953 [INFO] [82/121] 군자역 (primary=KEY_2)
2026-07-16 00:46:59,044 [INFO] [83/121] 대림역 (primary=KEY_3)
2026-07-16 00:47:00,320 [INFO] [84/121] 동대문역 (primary=KEY_4)
2026-07-16 00:47:01,605 [INFO] [85/121] 뚝섬역 (primary=KEY_1)
2026-07-16 00:47:02,880 [INFO] [86/121] 미아사거리역 (primary=KEY_2)
2026-07-16 00:47:04,141 [INFO] [87/121] 발산역 (primary=KEY_3)
2026-07-16 00:47:05,582 [INFO] [88/121] 사당역 (primary=KEY_4)
2026-07-16 00:47:06,862 [INFO] [89/121] 삼각지역 (primary=KEY_1)
2026-07-16 00:47:07,961 [INFO] [90/121] 서울대입구역 (primary=KEY_2)
2026-07-16 00:47:09,072 [INFO] [91/121] 서울식물원·마곡나루역 (primary=KEY_3)
2026-07-16 00:47:10,356 [INFO] [92/121] 서울역 (primary=KEY_4)
2026-07-16 00:47:11,658 [INFO] [93/121] 선릉역 (primary=KEY_1)
2026-07-16 00:47:13,134 [INFO] [94/121] 성신여대입구역 (primary=KEY_2)
2026-07-16 00:47:14,245 [INFO] [95/121] 수유역 (primary=KEY_3)
2026-07-16 00:47:15,500 [INFO] [96/121] 숭례문 (primary=KEY_4)
2026-07-16 00:47:16,791 [INFO] [97/121] 시의회 앞 (primary=KEY_1)
2026-07-16 00:47:18,069 [INFO] [98/121] 신논현역·논현역 (primary=KEY_2)
2026-07-16 00:47:19,367 [INFO] [99/121] 신도림역 (primary=KEY_3)
2026-07-16 00:47:20,467 [INFO] [100/121] 신림역 (primary=KEY_4)
2026-07-16 00:47:21,569 [INFO] [101/121] 신정네거리역 (primary=KEY_1)
2026-07-16 00:47:22,668 [INFO] [102/121] 신촌·이대역 (primary=KEY_2)
2026-07-16 00:47:23,945 [INFO] [103/121] 쌍문역 (primary=KEY_3)
2026-07-16 00:47:25,056 [INFO] [104/121] 양재역 (primary=KEY_4)
2026-07-16 00:47:26,336 [INFO] [105/121] 역삼역 (primary=KEY_1)
2026-07-16 00:47:27,607 [INFO] [106/121] 연신내역 (primary=KEY_2)
2026-07-16 00:47:28,729 [INFO] [107/121] 오목교역·목동운동장 (primary=KEY_3)
2026-07-16 00:47:30,199 [INFO] [108/121] 왕십리역 (primary=KEY_4)
2026-07-16 00:47:31,494 [INFO] [109/121] 용산역 (primary=KEY_1)
2026-07-16 00:47:32,767 [INFO] [110/121] 이태원역 (primary=KEY_2)
2026-07-16 00:47:33,858 [INFO] [111/121] 잠실새내역 (primary=KEY_3)
2026-07-16 00:47:35,120 [INFO] [112/121] 잠실역 (primary=KEY_4)
2026-07-16 00:47:36,397 [INFO] [113/121] 장지역 (primary=KEY_1)
2026-07-16 00:47:37,659 [INFO] [114/121] 장한평역 (primary=KEY_2)
2026-07-16 00:47:38,942 [INFO] [115/121] 천호역 (primary=KEY_3)
2026-07-16 00:47:40,215 [INFO] [116/121] 총신대입구(이수)역 (primary=KEY_4)
2026-07-16 00:47:41,484 [INFO] [117/121] 충정로역 (primary=KEY_1)
2026-07-16 00:47:42,598 [INFO] [118/121] 합정역 (primary=KEY_2)
2026-07-16 00:47:44,990 [INFO] [119/121] 혜화역 (primary=KEY_3)
2026-07-16 00:47:47,119 [INFO] [120/121] 홍대입구역(2호선) (primary=KEY_4)
2026-07-16 00:47:49,263 [INFO] [121/121] 회기역 (primary=KEY_1)
2026-07-16 00:47:51,582 [INFO] === 수집 완료 | 성공 121, 실패 0 ===
2026-07-16 00:47:51,583 [INFO] 카테고리별 저장 결과:
2026-07-16 00:47:51,583 [INFO]    accident                  | 신규     3행 | 누적      3행 | 16컬럼
2026-07-16 00:47:51,583 [INFO]    area_meta                 | 신규   121행 | 누적    121행 | 5컬럼
2026-07-16 00:47:51,583 [INFO]    bike                      | 신규    12행 | 누적     12행 | 12컬럼
2026-07-16 00:47:51,583 [INFO]    bike_sbike_stts           | 신규   570행 | 누적    570행 | 12컬럼
2026-07-16 00:47:51,583 [INFO]    bus                       | 신규     3행 | 누적      3행 | 11컬럼
2026-07-16 00:47:51,583 [INFO]    bus_bus_stn_stts          | 신규  1745행 | 누적   1745행 | 11컬럼
2026-07-16 00:47:51,583 [INFO]    charger                   | 신규    28행 | 누적     28행 | 15컬럼
2026-07-16 00:47:51,583 [INFO]    charger_charger_stts      | 신규   335행 | 누적    335행 | 15컬럼
2026-07-16 00:47:51,583 [INFO]    cmrcl                     | 신규    82행 | 누적     82행 | 20컬럼
2026-07-16 00:47:51,583 [INFO]    events                    | 신규     9행 | 누적      9행 | 14컬럼
2026-07-16 00:47:51,583 [INFO]    events_event_stts         | 신규   125행 | 누적    125행 | 14컬럼
2026-07-16 00:47:51,583 [INFO]    parking                   | 신규     6행 | 누적      6행 | 21컬럼
2026-07-16 00:47:51,583 [INFO]    parking_prk_stts          | 신규  1834행 | 누적   1834행 | 21컬럼
2026-07-16 00:47:51,583 [INFO]    ppltn                     | 신규   121행 | 누적    121행 | 26컬럼
2026-07-16 00:47:51,583 [INFO]    road                      | 신규   121행 | 누적    121행 | 21컬럼
2026-07-16 00:47:51,583 [INFO]    road_road_traffic_stts    | 신규  5266행 | 누적   5266행 | 17컬럼
2026-07-16 00:47:51,583 [INFO]    subway                    | 신규    38행 | 누적     38행 | 12컬럼
2026-07-16 00:47:51,583 [INFO]    subway_sub_stts           | 신규   183행 | 누적    183행 | 13컬럼
2026-07-16 00:47:51,583 [INFO]    weather                   | 신규   119행 | 누적    119행 | 29컬럼
2026-07-16 00:47:51,583 [INFO] 키별 사용량:
2026-07-16 00:47:51,583 [INFO]    🟢 KEY_1 (31/1000) 
2026-07-16 00:47:51,583 [INFO]    🟢 KEY_2 (30/1000) 
2026-07-16 00:47:51,583 [INFO]    🟢 KEY_3 (30/1000) 
2026-07-16 00:47:51,583 [INFO]    🟢 KEY_4 (30/1000) 
