2026-07-03 00:29:03,093 [INFO] 등록된 키: 4개, 합산 한도 4,000건/일
2026-07-03 00:29:03,094 [INFO] POI 로드: 매뉴얼 v8.5 기준 fallback 121개 (121개 전체)
2026-07-03 00:29:03,094 [INFO] === 수집 시작 2026-07-03T00:29:03.094345+09:00 ===
2026-07-03 00:29:03,094 [INFO] 대상 장소: 121개 | API: citydata (통합)
2026-07-03 00:29:03,094 [INFO] 키 풀: 4/4 활성 | 오늘 사용 0/4000건
2026-07-03 00:29:03,094 [INFO]   [KEY_1] 담당 31장소
2026-07-03 00:29:03,094 [INFO]   [KEY_2] 담당 30장소
2026-07-03 00:29:03,094 [INFO]   [KEY_3] 담당 30장소
2026-07-03 00:29:03,094 [INFO]   [KEY_4] 담당 30장소
2026-07-03 00:29:03,094 [INFO] [1/121] 경복궁 (primary=KEY_1)
2026-07-03 00:29:05,008 [INFO] [2/121] 광화문·덕수궁 (primary=KEY_2)
2026-07-03 00:29:07,272 [INFO] [3/121] 보신각 (primary=KEY_3)
2026-07-03 00:29:09,343 [INFO] [4/121] 서울 암사동 유적 (primary=KEY_4)
2026-07-03 00:29:10,407 [INFO] [5/121] 창덕궁·종묘 (primary=KEY_1)
2026-07-03 00:29:12,228 [INFO] [6/121] 강남 MICE 관광특구 (primary=KEY_2)
2026-07-03 00:29:14,454 [INFO] [7/121] 동대문 관광특구 (primary=KEY_3)
2026-07-03 00:29:15,974 [INFO] [8/121] 명동 관광특구 (primary=KEY_4)
2026-07-03 00:29:18,321 [INFO] [9/121] 이태원 관광특구 (primary=KEY_1)
2026-07-03 00:29:20,273 [INFO] [10/121] 잠실 관광특구 (primary=KEY_2)
2026-07-03 00:29:22,050 [INFO] [11/121] 종로·청계 관광특구 (primary=KEY_3)
2026-07-03 00:29:23,525 [INFO] [12/121] 홍대 관광특구 (primary=KEY_4)
2026-07-03 00:29:25,653 [INFO] [13/121] 강서한강공원 (primary=KEY_1)
2026-07-03 00:29:26,723 [INFO] [14/121] 고척돔 (primary=KEY_2)
2026-07-03 00:29:28,468 [INFO] [15/121] 광나루한강공원 (primary=KEY_3)
2026-07-03 00:29:30,362 [INFO] [16/121] 광화문광장 (primary=KEY_4)
2026-07-03 00:29:32,281 [INFO] [17/121] 국립중앙박물관·용산가족공원 (primary=KEY_1)
2026-07-03 00:29:34,334 [INFO] [18/121] 난지한강공원 (primary=KEY_2)
2026-07-03 00:29:35,395 [INFO] [19/121] 남산공원 (primary=KEY_3)
2026-07-03 00:29:36,838 [INFO] [20/121] 노들섬 (primary=KEY_4)
2026-07-03 00:29:38,064 [INFO] [21/121] 뚝섬한강공원 (primary=KEY_1)
2026-07-03 00:29:39,132 [INFO] [22/121] 망원한강공원 (primary=KEY_2)
2026-07-03 00:29:41,041 [INFO] [23/121] 반포한강공원 (primary=KEY_3)
2026-07-03 00:29:42,129 [INFO] [24/121] 보라매공원 (primary=KEY_4)
2026-07-03 00:29:43,210 [INFO] [25/121] 북서울꿈의숲 (primary=KEY_1)
2026-07-03 00:29:44,432 [INFO] [26/121] 서대문독립공원 (primary=KEY_2)
2026-07-03 00:29:45,507 [INFO] [27/121] 서리풀공원·몽마르뜨공원 (primary=KEY_3)
2026-07-03 00:29:47,447 [INFO] [28/121] 서울대공원 (primary=KEY_4)
2026-07-03 00:29:49,189 [INFO] [29/121] 서울숲공원 (primary=KEY_1)
2026-07-03 00:29:51,117 [INFO] [30/121] 송현녹지광장 (primary=KEY_2)
2026-07-03 00:29:52,356 [INFO] [31/121] 아차산 (primary=KEY_3)
2026-07-03 00:29:53,410 [INFO] [32/121] 안양천 (primary=KEY_4)
2026-07-03 00:29:54,464 [INFO] [33/121] 양화한강공원 (primary=KEY_1)
2026-07-03 00:29:55,547 [INFO] [34/121] 어린이대공원 (primary=KEY_2)
2026-07-03 00:29:56,802 [INFO] [35/121] 여의도한강공원 (primary=KEY_3)
2026-07-03 00:29:58,034 [INFO] [36/121] 여의서로 (primary=KEY_4)
2026-07-03 00:29:59,253 [INFO] [37/121] 올림픽공원 (primary=KEY_1)
2026-07-03 00:30:00,696 [INFO] [38/121] 월드컵공원 (primary=KEY_2)
2026-07-03 00:30:02,140 [INFO] [39/121] 응봉산 (primary=KEY_3)
2026-07-03 00:30:03,347 [INFO] [40/121] 이촌한강공원 (primary=KEY_4)
2026-07-03 00:30:05,048 [INFO] [41/121] 잠실종합운동장 (primary=KEY_1)
2026-07-03 00:30:06,122 [INFO] [42/121] 잠실한강공원 (primary=KEY_2)
2026-07-03 00:30:07,190 [INFO] [43/121] 잠원한강공원 (primary=KEY_3)
2026-07-03 00:30:08,258 [INFO] [44/121] 청계산 (primary=KEY_4)
2026-07-03 00:30:09,318 [INFO] [45/121] 홍제폭포 (primary=KEY_1)
2026-07-03 00:30:10,373 [INFO] [46/121] 가락시장 (primary=KEY_2)
2026-07-03 00:30:11,621 [INFO] [47/121] 가로수길 (primary=KEY_3)
2026-07-03 00:30:12,872 [INFO] [48/121] 광장(전통)시장 (primary=KEY_4)
2026-07-03 00:30:13,931 [INFO] [49/121] 김포공항 (primary=KEY_1)
2026-07-03 00:30:15,980 [INFO] [50/121] 남대문시장 (primary=KEY_2)
2026-07-03 00:30:17,202 [INFO] [51/121] 노량진 (primary=KEY_3)
2026-07-03 00:30:18,441 [INFO] [52/121] 덕수궁길·정동길 (primary=KEY_4)
2026-07-03 00:30:19,700 [INFO] [53/121] 북창동 먹자골목 (primary=KEY_1)
2026-07-03 00:30:20,946 [INFO] [54/121] 북촌한옥마을 (primary=KEY_2)
2026-07-03 00:30:22,360 [INFO] [55/121] 서촌 (primary=KEY_3)
2026-07-03 00:30:23,586 [INFO] [56/121] 성수카페거리 (primary=KEY_4)
2026-07-03 00:30:24,984 [INFO] [57/121] 송리단길·호수단길 (primary=KEY_1)
2026-07-03 00:30:26,221 [INFO] [58/121] 신촌 스타광장 (primary=KEY_2)
2026-07-03 00:30:27,287 [INFO] [59/121] 압구정로데오거리 (primary=KEY_3)
2026-07-03 00:30:28,516 [INFO] [60/121] 여의도 (primary=KEY_4)
2026-07-03 00:30:30,622 [INFO] [61/121] 연남동 (primary=KEY_1)
2026-07-03 00:30:32,466 [INFO] [62/121] 영등포 타임스퀘어 (primary=KEY_2)
2026-07-03 00:30:33,692 [INFO] [63/121] 용리단길 (primary=KEY_3)
2026-07-03 00:30:34,765 [INFO] [64/121] 이태원 앤틱가구거리 (primary=KEY_4)
2026-07-03 00:30:35,988 [INFO] [65/121] 익선동 (primary=KEY_1)
2026-07-03 00:30:37,228 [INFO] [66/121] 인사동 (primary=KEY_2)
2026-07-03 00:30:38,639 [INFO] [67/121] 잠실롯데타워·석촌호수 (primary=KEY_3)
2026-07-03 00:30:40,874 [INFO] [68/121] 창동 신경제 중심지 (primary=KEY_4)
2026-07-03 00:30:42,446 [INFO] [69/121] 청담동 명품거리 (primary=KEY_1)
2026-07-03 00:30:43,741 [INFO] [70/121] 청량리 제기동 일대 전통시장 (primary=KEY_2)
2026-07-03 00:30:44,983 [INFO] [71/121] 해방촌·경리단길 (primary=KEY_3)
2026-07-03 00:30:46,049 [INFO] [72/121] DDP(동대문디자인플라자) (primary=KEY_4)
2026-07-03 00:30:47,296 [INFO] [73/121] DMC(디지털미디어시티) (primary=KEY_1)
2026-07-03 00:30:48,914 [INFO] [74/121] 가산디지털단지역 (primary=KEY_2)
2026-07-03 00:30:50,662 [INFO] [75/121] 강남역 (primary=KEY_3)
2026-07-03 00:30:52,096 [INFO] [76/121] 건대입구역 (primary=KEY_4)
2026-07-03 00:30:53,349 [INFO] [77/121] 고덕역 (primary=KEY_1)
2026-07-03 00:30:54,630 [INFO] [78/121] 고속터미널역 (primary=KEY_2)
2026-07-03 00:30:55,898 [INFO] [79/121] 교대역 (primary=KEY_3)
2026-07-03 00:30:57,149 [INFO] [80/121] 구로디지털단지역 (primary=KEY_4)
2026-07-03 00:30:58,709 [INFO] [81/121] 구로역 (primary=KEY_1)
2026-07-03 00:30:59,938 [INFO] [82/121] 군자역 (primary=KEY_2)
2026-07-03 00:31:01,236 [INFO] [83/121] 대림역 (primary=KEY_3)
2026-07-03 00:31:02,471 [INFO] [84/121] 동대문역 (primary=KEY_4)
2026-07-03 00:31:03,706 [INFO] [85/121] 뚝섬역 (primary=KEY_1)
2026-07-03 00:31:04,947 [INFO] [86/121] 미아사거리역 (primary=KEY_2)
2026-07-03 00:31:06,211 [INFO] [87/121] 발산역 (primary=KEY_3)
2026-07-03 00:31:07,627 [INFO] [88/121] 사당역 (primary=KEY_4)
2026-07-03 00:31:08,889 [INFO] [89/121] 삼각지역 (primary=KEY_1)
2026-07-03 00:31:10,109 [INFO] [90/121] 서울대입구역 (primary=KEY_2)
2026-07-03 00:31:11,323 [INFO] [91/121] 서울식물원·마곡나루역 (primary=KEY_3)
2026-07-03 00:31:12,727 [INFO] [92/121] 서울역 (primary=KEY_4)
2026-07-03 00:31:14,156 [INFO] [93/121] 선릉역 (primary=KEY_1)
2026-07-03 00:31:15,746 [INFO] [94/121] 성신여대입구역 (primary=KEY_2)
2026-07-03 00:31:16,835 [INFO] [95/121] 수유역 (primary=KEY_3)
2026-07-03 00:31:18,079 [INFO] [96/121] 숭례문 (primary=KEY_4)
2026-07-03 00:31:19,514 [INFO] [97/121] 시의회 앞 (primary=KEY_1)
2026-07-03 00:31:20,769 [INFO] [98/121] 신논현역·논현역 (primary=KEY_2)
2026-07-03 00:31:22,034 [INFO] [99/121] 신도림역 (primary=KEY_3)
2026-07-03 00:31:23,114 [INFO] [100/121] 신림역 (primary=KEY_4)
2026-07-03 00:31:24,354 [INFO] [101/121] 신정네거리역 (primary=KEY_1)
2026-07-03 00:31:25,582 [INFO] [102/121] 신촌·이대역 (primary=KEY_2)
2026-07-03 00:31:26,839 [INFO] [103/121] 쌍문역 (primary=KEY_3)
2026-07-03 00:31:28,056 [INFO] [104/121] 양재역 (primary=KEY_4)
2026-07-03 00:31:29,293 [INFO] [105/121] 역삼역 (primary=KEY_1)
2026-07-03 00:31:30,696 [INFO] [106/121] 연신내역 (primary=KEY_2)
2026-07-03 00:31:31,825 [INFO] [107/121] 오목교역·목동운동장 (primary=KEY_3)
2026-07-03 00:31:33,565 [INFO] [108/121] 왕십리역 (primary=KEY_4)
2026-07-03 00:31:34,988 [INFO] [109/121] 용산역 (primary=KEY_1)
2026-07-03 00:31:36,394 [INFO] [110/121] 이태원역 (primary=KEY_2)
2026-07-03 00:31:37,546 [INFO] [111/121] 잠실새내역 (primary=KEY_3)
2026-07-03 00:31:38,801 [INFO] [112/121] 잠실역 (primary=KEY_4)
2026-07-03 00:31:40,220 [INFO] [113/121] 장지역 (primary=KEY_1)
2026-07-03 00:31:41,629 [INFO] [114/121] 장한평역 (primary=KEY_2)
2026-07-03 00:31:42,881 [INFO] [115/121] 천호역 (primary=KEY_3)
2026-07-03 00:31:44,147 [INFO] [116/121] 총신대입구(이수)역 (primary=KEY_4)
2026-07-03 00:31:45,391 [INFO] [117/121] 충정로역 (primary=KEY_1)
2026-07-03 00:31:46,668 [INFO] [118/121] 합정역 (primary=KEY_2)
2026-07-03 00:31:48,924 [INFO] [119/121] 혜화역 (primary=KEY_3)
2026-07-03 00:31:50,161 [INFO] [120/121] 홍대입구역(2호선) (primary=KEY_4)
2026-07-03 00:31:51,404 [INFO] [121/121] 회기역 (primary=KEY_1)
2026-07-03 00:31:53,034 [INFO] === 수집 완료 | 성공 121, 실패 0 ===
2026-07-03 00:31:53,035 [INFO] 카테고리별 저장 결과:
2026-07-03 00:31:53,035 [INFO]    accident                  | 신규     3행 | 누적      3행 | 16컬럼
2026-07-03 00:31:53,035 [INFO]    area_meta                 | 신규   121행 | 누적    121행 | 5컬럼
2026-07-03 00:31:53,035 [INFO]    bike                      | 신규    12행 | 누적     12행 | 12컬럼
2026-07-03 00:31:53,035 [INFO]    bike_sbike_stts           | 신규   553행 | 누적    553행 | 12컬럼
2026-07-03 00:31:53,035 [INFO]    bus                       | 신규     3행 | 누적      3행 | 11컬럼
2026-07-03 00:31:53,035 [INFO]    bus_bus_stn_stts          | 신규  1745행 | 누적   1745행 | 11컬럼
2026-07-03 00:31:53,035 [INFO]    charger                   | 신규     4행 | 누적      4행 | 15컬럼
2026-07-03 00:31:53,035 [INFO]    charger_charger_stts      | 신규  1921행 | 누적   1921행 | 15컬럼
2026-07-03 00:31:53,035 [INFO]    cmrcl                     | 신규    82행 | 누적     82행 | 20컬럼
2026-07-03 00:31:53,035 [INFO]    events                    | 신규    11행 | 누적     11행 | 14컬럼
2026-07-03 00:31:53,035 [INFO]    events_event_stts         | 신규   121행 | 누적    121행 | 14컬럼
2026-07-03 00:31:53,035 [INFO]    parking                   | 신규     6행 | 누적      6행 | 21컬럼
2026-07-03 00:31:53,035 [INFO]    parking_prk_stts          | 신규  1833행 | 누적   1833행 | 21컬럼
2026-07-03 00:31:53,035 [INFO]    ppltn                     | 신규   121행 | 누적    121행 | 26컬럼
2026-07-03 00:31:53,035 [INFO]    road                      | 신규   121행 | 누적    121행 | 21컬럼
2026-07-03 00:31:53,035 [INFO]    road_road_traffic_stts    | 신규  5261행 | 누적   5261행 | 17컬럼
2026-07-03 00:31:53,035 [INFO]    subway                    | 신규    38행 | 누적     38행 | 12컬럼
2026-07-03 00:31:53,035 [INFO]    subway_sub_stts           | 신규   183행 | 누적    183행 | 13컬럼
2026-07-03 00:31:53,035 [INFO]    weather                   | 신규   119행 | 누적    119행 | 29컬럼
2026-07-03 00:31:53,035 [INFO] 키별 사용량:
2026-07-03 00:31:53,035 [INFO]    🟢 KEY_1 (31/1000) 
2026-07-03 00:31:53,035 [INFO]    🟢 KEY_2 (30/1000) 
2026-07-03 00:31:53,035 [INFO]    🟢 KEY_3 (30/1000) 
2026-07-03 00:31:53,036 [INFO]    🟢 KEY_4 (30/1000) 
2026-07-03 03:00:49,251 [INFO] 등록된 키: 4개, 합산 한도 4,000건/일
2026-07-03 03:00:49,251 [INFO] POI 로드: 매뉴얼 v8.5 기준 fallback 121개 (121개 전체)
2026-07-03 03:00:49,252 [INFO] === 수집 시작 2026-07-03T03:00:49.252064+09:00 ===
2026-07-03 03:00:49,252 [INFO] 대상 장소: 121개 | API: citydata (통합)
2026-07-03 03:00:49,252 [INFO] 키 풀: 4/4 활성 | 오늘 사용 0/4000건
2026-07-03 03:00:49,252 [INFO]   [KEY_1] 담당 31장소
2026-07-03 03:00:49,252 [INFO]   [KEY_2] 담당 30장소
2026-07-03 03:00:49,252 [INFO]   [KEY_3] 담당 30장소
2026-07-03 03:00:49,252 [INFO]   [KEY_4] 담당 30장소
2026-07-03 03:00:49,252 [INFO] [1/121] 경복궁 (primary=KEY_1)
2026-07-03 03:00:50,552 [INFO] [2/121] 광화문·덕수궁 (primary=KEY_2)
2026-07-03 03:00:52,555 [INFO] [3/121] 보신각 (primary=KEY_3)
2026-07-03 03:00:54,015 [INFO] [4/121] 서울 암사동 유적 (primary=KEY_4)
2026-07-03 03:00:55,279 [INFO] [5/121] 창덕궁·종묘 (primary=KEY_1)
2026-07-03 03:00:56,697 [INFO] [6/121] 강남 MICE 관광특구 (primary=KEY_2)
2026-07-03 03:00:58,134 [INFO] [7/121] 동대문 관광특구 (primary=KEY_3)
2026-07-03 03:00:59,839 [INFO] [8/121] 명동 관광특구 (primary=KEY_4)
2026-07-03 03:01:01,713 [INFO] [9/121] 이태원 관광특구 (primary=KEY_1)
2026-07-03 03:01:03,007 [INFO] [10/121] 잠실 관광특구 (primary=KEY_2)
2026-07-03 03:01:05,383 [INFO] [11/121] 종로·청계 관광특구 (primary=KEY_3)
2026-07-03 03:01:07,053 [INFO] [12/121] 홍대 관광특구 (primary=KEY_4)
2026-07-03 03:01:08,547 [INFO] [13/121] 강서한강공원 (primary=KEY_1)
2026-07-03 03:01:10,346 [INFO] [14/121] 고척돔 (primary=KEY_2)
2026-07-03 03:01:11,605 [INFO] [15/121] 광나루한강공원 (primary=KEY_3)
2026-07-03 03:01:12,864 [INFO] [16/121] 광화문광장 (primary=KEY_4)
2026-07-03 03:01:14,134 [INFO] [17/121] 국립중앙박물관·용산가족공원 (primary=KEY_1)
2026-07-03 03:01:15,227 [INFO] [18/121] 난지한강공원 (primary=KEY_2)
2026-07-03 03:01:16,304 [INFO] [19/121] 남산공원 (primary=KEY_3)
2026-07-03 03:01:17,946 [INFO] [20/121] 노들섬 (primary=KEY_4)
2026-07-03 03:01:19,023 [INFO] [21/121] 뚝섬한강공원 (primary=KEY_1)
2026-07-03 03:01:20,127 [INFO] [22/121] 망원한강공원 (primary=KEY_2)
2026-07-03 03:01:21,384 [INFO] [23/121] 반포한강공원 (primary=KEY_3)
2026-07-03 03:01:22,470 [INFO] [24/121] 보라매공원 (primary=KEY_4)
2026-07-03 03:01:23,593 [INFO] [25/121] 북서울꿈의숲 (primary=KEY_1)
2026-07-03 03:01:24,850 [INFO] [26/121] 서대문독립공원 (primary=KEY_2)
2026-07-03 03:01:25,930 [INFO] [27/121] 서리풀공원·몽마르뜨공원 (primary=KEY_3)
2026-07-03 03:01:27,041 [INFO] [28/121] 서울대공원 (primary=KEY_4)
2026-07-03 03:01:28,114 [INFO] [29/121] 서울숲공원 (primary=KEY_1)
2026-07-03 03:01:29,388 [INFO] [30/121] 송현녹지광장 (primary=KEY_2)
2026-07-03 03:01:30,654 [INFO] [31/121] 아차산 (primary=KEY_3)
2026-07-03 03:01:31,754 [INFO] [32/121] 안양천 (primary=KEY_4)
2026-07-03 03:01:32,841 [INFO] [33/121] 양화한강공원 (primary=KEY_1)
2026-07-03 03:01:34,107 [INFO] [34/121] 어린이대공원 (primary=KEY_2)
2026-07-03 03:01:35,396 [INFO] [35/121] 여의도한강공원 (primary=KEY_3)
2026-07-03 03:01:36,672 [INFO] [36/121] 여의서로 (primary=KEY_4)
2026-07-03 03:01:37,938 [INFO] [37/121] 올림픽공원 (primary=KEY_1)
2026-07-03 03:01:39,274 [INFO] [38/121] 월드컵공원 (primary=KEY_2)
2026-07-03 03:01:40,763 [INFO] [39/121] 응봉산 (primary=KEY_3)
2026-07-03 03:01:42,035 [INFO] [40/121] 이촌한강공원 (primary=KEY_4)
2026-07-03 03:01:43,114 [INFO] [41/121] 잠실종합운동장 (primary=KEY_1)
2026-07-03 03:01:44,221 [INFO] [42/121] 잠실한강공원 (primary=KEY_2)
2026-07-03 03:01:45,304 [INFO] [43/121] 잠원한강공원 (primary=KEY_3)
2026-07-03 03:01:46,394 [INFO] [44/121] 청계산 (primary=KEY_4)
2026-07-03 03:01:47,497 [INFO] [45/121] 홍제폭포 (primary=KEY_1)
2026-07-03 03:01:48,578 [INFO] [46/121] 가락시장 (primary=KEY_2)
2026-07-03 03:01:49,868 [INFO] [47/121] 가로수길 (primary=KEY_3)
2026-07-03 03:01:51,173 [INFO] [48/121] 광장(전통)시장 (primary=KEY_4)
2026-07-03 03:01:52,314 [INFO] [49/121] 김포공항 (primary=KEY_1)
2026-07-03 03:01:53,787 [INFO] [50/121] 남대문시장 (primary=KEY_2)
2026-07-03 03:01:55,084 [INFO] [51/121] 노량진 (primary=KEY_3)
2026-07-03 03:01:56,378 [INFO] [52/121] 덕수궁길·정동길 (primary=KEY_4)
2026-07-03 03:01:57,673 [INFO] [53/121] 북창동 먹자골목 (primary=KEY_1)
2026-07-03 03:01:58,935 [INFO] [54/121] 북촌한옥마을 (primary=KEY_2)
2026-07-03 03:02:00,384 [INFO] [55/121] 서촌 (primary=KEY_3)
2026-07-03 03:02:01,672 [INFO] [56/121] 성수카페거리 (primary=KEY_4)
2026-07-03 03:02:03,141 [INFO] [57/121] 송리단길·호수단길 (primary=KEY_1)
2026-07-03 03:02:04,418 [INFO] [58/121] 신촌 스타광장 (primary=KEY_2)
2026-07-03 03:02:05,513 [INFO] [59/121] 압구정로데오거리 (primary=KEY_3)
2026-07-03 03:02:06,791 [INFO] [60/121] 여의도 (primary=KEY_4)
2026-07-03 03:02:08,840 [INFO] [61/121] 연남동 (primary=KEY_1)
2026-07-03 03:02:10,110 [INFO] [62/121] 영등포 타임스퀘어 (primary=KEY_2)
2026-07-03 03:02:11,372 [INFO] [63/121] 용리단길 (primary=KEY_3)
2026-07-03 03:02:12,488 [INFO] [64/121] 이태원 앤틱가구거리 (primary=KEY_4)
2026-07-03 03:02:13,597 [INFO] [65/121] 익선동 (primary=KEY_1)
2026-07-03 03:02:14,868 [INFO] [66/121] 인사동 (primary=KEY_2)
2026-07-03 03:02:16,310 [INFO] [67/121] 잠실롯데타워·석촌호수 (primary=KEY_3)
2026-07-03 03:02:17,960 [INFO] [68/121] 창동 신경제 중심지 (primary=KEY_4)
2026-07-03 03:02:19,614 [INFO] [69/121] 청담동 명품거리 (primary=KEY_1)
2026-07-03 03:02:20,884 [INFO] [70/121] 청량리 제기동 일대 전통시장 (primary=KEY_2)
2026-07-03 03:02:22,191 [INFO] [71/121] 해방촌·경리단길 (primary=KEY_3)
2026-07-03 03:02:23,282 [INFO] [72/121] DDP(동대문디자인플라자) (primary=KEY_4)
2026-07-03 03:02:24,576 [INFO] [73/121] DMC(디지털미디어시티) (primary=KEY_1)
2026-07-03 03:02:26,253 [INFO] [74/121] 가산디지털단지역 (primary=KEY_2)
2026-07-03 03:02:28,076 [INFO] [75/121] 강남역 (primary=KEY_3)
2026-07-03 03:02:29,544 [INFO] [76/121] 건대입구역 (primary=KEY_4)
2026-07-03 03:02:30,835 [INFO] [77/121] 고덕역 (primary=KEY_1)
2026-07-03 03:02:32,104 [INFO] [78/121] 고속터미널역 (primary=KEY_2)
2026-07-03 03:02:33,391 [INFO] [79/121] 교대역 (primary=KEY_3)
2026-07-03 03:02:34,513 [INFO] [80/121] 구로디지털단지역 (primary=KEY_4)
2026-07-03 03:02:36,167 [INFO] [81/121] 구로역 (primary=KEY_1)
2026-07-03 03:02:37,436 [INFO] [82/121] 군자역 (primary=KEY_2)
2026-07-03 03:02:38,558 [INFO] [83/121] 대림역 (primary=KEY_3)
2026-07-03 03:02:39,864 [INFO] [84/121] 동대문역 (primary=KEY_4)
2026-07-03 03:02:41,160 [INFO] [85/121] 뚝섬역 (primary=KEY_1)
2026-07-03 03:02:42,446 [INFO] [86/121] 미아사거리역 (primary=KEY_2)
2026-07-03 03:02:43,712 [INFO] [87/121] 발산역 (primary=KEY_3)
2026-07-03 03:02:45,184 [INFO] [88/121] 사당역 (primary=KEY_4)
2026-07-03 03:02:46,475 [INFO] [89/121] 삼각지역 (primary=KEY_1)
2026-07-03 03:02:47,586 [INFO] [90/121] 서울대입구역 (primary=KEY_2)
2026-07-03 03:02:48,862 [INFO] [91/121] 서울식물원·마곡나루역 (primary=KEY_3)
2026-07-03 03:02:50,326 [INFO] [92/121] 서울역 (primary=KEY_4)
2026-07-03 03:02:51,666 [INFO] [93/121] 선릉역 (primary=KEY_1)
2026-07-03 03:02:53,343 [INFO] [94/121] 성신여대입구역 (primary=KEY_2)
2026-07-03 03:02:54,476 [INFO] [95/121] 수유역 (primary=KEY_3)
2026-07-03 03:02:55,768 [INFO] [96/121] 숭례문 (primary=KEY_4)
2026-07-03 03:02:57,237 [INFO] [97/121] 시의회 앞 (primary=KEY_1)
2026-07-03 03:02:58,528 [INFO] [98/121] 신논현역·논현역 (primary=KEY_2)
2026-07-03 03:02:59,859 [INFO] [99/121] 신도림역 (primary=KEY_3)
2026-07-03 03:03:00,959 [INFO] [100/121] 신림역 (primary=KEY_4)
2026-07-03 03:03:02,069 [INFO] [101/121] 신정네거리역 (primary=KEY_1)
2026-07-03 03:03:03,358 [INFO] [102/121] 신촌·이대역 (primary=KEY_2)
2026-07-03 03:03:04,630 [INFO] [103/121] 쌍문역 (primary=KEY_3)
2026-07-03 03:03:05,918 [INFO] [104/121] 양재역 (primary=KEY_4)
2026-07-03 03:03:07,203 [INFO] [105/121] 역삼역 (primary=KEY_1)
2026-07-03 03:03:08,653 [INFO] [106/121] 연신내역 (primary=KEY_2)
2026-07-03 03:03:09,776 [INFO] [107/121] 오목교역·목동운동장 (primary=KEY_3)
2026-07-03 03:03:11,606 [INFO] [108/121] 왕십리역 (primary=KEY_4)
2026-07-03 03:03:12,919 [INFO] [109/121] 용산역 (primary=KEY_1)
2026-07-03 03:03:14,378 [INFO] [110/121] 이태원역 (primary=KEY_2)
2026-07-03 03:03:15,507 [INFO] [111/121] 잠실새내역 (primary=KEY_3)
2026-07-03 03:03:16,839 [INFO] [112/121] 잠실역 (primary=KEY_4)
2026-07-03 03:03:18,306 [INFO] [113/121] 장지역 (primary=KEY_1)
2026-07-03 03:03:19,764 [INFO] [114/121] 장한평역 (primary=KEY_2)
2026-07-03 03:03:21,053 [INFO] [115/121] 천호역 (primary=KEY_3)
2026-07-03 03:03:22,344 [INFO] [116/121] 총신대입구(이수)역 (primary=KEY_4)
2026-07-03 03:03:23,637 [INFO] [117/121] 충정로역 (primary=KEY_1)
2026-07-03 03:03:24,913 [INFO] [118/121] 합정역 (primary=KEY_2)
2026-07-03 03:03:26,185 [INFO] [119/121] 혜화역 (primary=KEY_3)
2026-07-03 03:03:27,441 [INFO] [120/121] 홍대입구역(2호선) (primary=KEY_4)
2026-07-03 03:03:28,903 [INFO] [121/121] 회기역 (primary=KEY_1)
2026-07-03 03:03:31,031 [INFO] === 수집 완료 | 성공 121, 실패 0 ===
2026-07-03 03:03:31,031 [INFO] 카테고리별 저장 결과:
2026-07-03 03:03:31,031 [INFO]    accident                  | 신규     1행 | 누적      4행 | 16컬럼
2026-07-03 03:03:31,031 [INFO]    area_meta                 | 신규   121행 | 누적    242행 | 5컬럼
2026-07-03 03:03:31,031 [INFO]    bike                      | 신규    12행 | 누적     24행 | 12컬럼
2026-07-03 03:03:31,031 [INFO]    bike_sbike_stts           | 신규   553행 | 누적   1106행 | 12컬럼
2026-07-03 03:03:31,031 [INFO]    bus                       | 신규     3행 | 누적      6행 | 11컬럼
2026-07-03 03:03:31,031 [INFO]    bus_bus_stn_stts          | 신규  1745행 | 누적   3490행 | 11컬럼
2026-07-03 03:03:31,031 [INFO]    charger                   | 신규     4행 | 누적      8행 | 15컬럼
2026-07-03 03:03:31,031 [INFO]    charger_charger_stts      | 신규  1921행 | 누적   3812행 | 15컬럼
2026-07-03 03:03:31,031 [INFO]    cmrcl                     | 신규    82행 | 누적    164행 | 20컬럼
2026-07-03 03:03:31,031 [INFO]    events                    | 신규    11행 | 누적     22행 | 14컬럼
2026-07-03 03:03:31,031 [INFO]    events_event_stts         | 신규   121행 | 누적    242행 | 14컬럼
2026-07-03 03:03:31,031 [INFO]    parking                   | 신규     6행 | 누적     12행 | 21컬럼
2026-07-03 03:03:31,032 [INFO]    parking_prk_stts          | 신규  1833행 | 누적   3666행 | 21컬럼
2026-07-03 03:03:31,032 [INFO]    ppltn                     | 신규   121행 | 누적    242행 | 26컬럼
2026-07-03 03:03:31,032 [INFO]    road                      | 신규   121행 | 누적    242행 | 21컬럼
2026-07-03 03:03:31,032 [INFO]    road_road_traffic_stts    | 신규  5261행 | 누적  10522행 | 17컬럼
2026-07-03 03:03:31,032 [INFO]    subway                    | 신규    38행 | 누적     76행 | 12컬럼
2026-07-03 03:03:31,032 [INFO]    subway_sub_stts           | 신규   183행 | 누적    366행 | 13컬럼
2026-07-03 03:03:31,032 [INFO]    weather                   | 신규   119행 | 누적    238행 | 29컬럼
2026-07-03 03:03:31,032 [INFO] 키별 사용량:
2026-07-03 03:03:31,032 [INFO]    🟢 KEY_1 (31/1000) 
2026-07-03 03:03:31,032 [INFO]    🟢 KEY_2 (30/1000) 
2026-07-03 03:03:31,032 [INFO]    🟢 KEY_3 (30/1000) 
2026-07-03 03:03:31,032 [INFO]    🟢 KEY_4 (30/1000) 
2026-07-03 04:46:47,390 [INFO] 등록된 키: 4개, 합산 한도 4,000건/일
2026-07-03 04:46:47,390 [INFO] POI 로드: 매뉴얼 v8.5 기준 fallback 121개 (121개 전체)
2026-07-03 04:46:47,391 [INFO] === 수집 시작 2026-07-03T04:46:47.391008+09:00 ===
2026-07-03 04:46:47,391 [INFO] 대상 장소: 121개 | API: citydata (통합)
2026-07-03 04:46:47,391 [INFO] 키 풀: 4/4 활성 | 오늘 사용 0/4000건
2026-07-03 04:46:47,391 [INFO]   [KEY_1] 담당 31장소
2026-07-03 04:46:47,391 [INFO]   [KEY_2] 담당 30장소
2026-07-03 04:46:47,391 [INFO]   [KEY_3] 담당 30장소
2026-07-03 04:46:47,391 [INFO]   [KEY_4] 담당 30장소
2026-07-03 04:46:47,391 [INFO] [1/121] 경복궁 (primary=KEY_1)
2026-07-03 04:46:49,346 [INFO] [2/121] 광화문·덕수궁 (primary=KEY_2)
2026-07-03 04:46:52,078 [INFO] [3/121] 보신각 (primary=KEY_3)
2026-07-03 04:46:54,204 [INFO] [4/121] 서울 암사동 유적 (primary=KEY_4)
2026-07-03 04:46:56,117 [INFO] [5/121] 창덕궁·종묘 (primary=KEY_1)
2026-07-03 04:46:57,461 [INFO] [6/121] 강남 MICE 관광특구 (primary=KEY_2)
2026-07-03 04:46:59,803 [INFO] [7/121] 동대문 관광특구 (primary=KEY_3)
2026-07-03 04:47:02,153 [INFO] [8/121] 명동 관광특구 (primary=KEY_4)
2026-07-03 04:47:05,098 [INFO] [9/121] 이태원 관광특구 (primary=KEY_1)
2026-07-03 04:47:06,455 [INFO] [10/121] 잠실 관광특구 (primary=KEY_2)
2026-07-03 04:47:08,842 [INFO] [11/121] 종로·청계 관광특구 (primary=KEY_3)
2026-07-03 04:47:11,413 [INFO] [12/121] 홍대 관광특구 (primary=KEY_4)
2026-07-03 04:47:13,790 [INFO] [13/121] 강서한강공원 (primary=KEY_1)
2026-07-03 04:47:15,758 [INFO] [14/121] 고척돔 (primary=KEY_2)
2026-07-03 04:47:16,895 [INFO] [15/121] 광나루한강공원 (primary=KEY_3)
2026-07-03 04:47:18,231 [INFO] [16/121] 광화문광장 (primary=KEY_4)
2026-07-03 04:47:20,340 [INFO] [17/121] 국립중앙박물관·용산가족공원 (primary=KEY_1)
2026-07-03 04:47:21,497 [INFO] [18/121] 난지한강공원 (primary=KEY_2)
2026-07-03 04:47:22,630 [INFO] [19/121] 남산공원 (primary=KEY_3)
2026-07-03 04:47:24,184 [INFO] [20/121] 노들섬 (primary=KEY_4)
2026-07-03 04:47:25,322 [INFO] [21/121] 뚝섬한강공원 (primary=KEY_1)
2026-07-03 04:47:27,438 [INFO] [22/121] 망원한강공원 (primary=KEY_2)
2026-07-03 04:47:29,551 [INFO] [23/121] 반포한강공원 (primary=KEY_3)
2026-07-03 04:47:31,492 [INFO] [24/121] 보라매공원 (primary=KEY_4)
2026-07-03 04:47:33,420 [INFO] [25/121] 북서울꿈의숲 (primary=KEY_1)
2026-07-03 04:47:34,739 [INFO] [26/121] 서대문독립공원 (primary=KEY_2)
2026-07-03 04:47:35,890 [INFO] [27/121] 서리풀공원·몽마르뜨공원 (primary=KEY_3)
2026-07-03 04:47:37,056 [INFO] [28/121] 서울대공원 (primary=KEY_4)
2026-07-03 04:47:38,186 [INFO] [29/121] 서울숲공원 (primary=KEY_1)
2026-07-03 04:47:39,522 [INFO] [30/121] 송현녹지광장 (primary=KEY_2)
2026-07-03 04:47:40,864 [INFO] [31/121] 아차산 (primary=KEY_3)
2026-07-03 04:47:42,004 [INFO] [32/121] 안양천 (primary=KEY_4)
2026-07-03 04:47:44,126 [INFO] [33/121] 양화한강공원 (primary=KEY_1)
2026-07-03 04:47:45,261 [INFO] [34/121] 어린이대공원 (primary=KEY_2)
2026-07-03 04:47:46,621 [INFO] [35/121] 여의도한강공원 (primary=KEY_3)
2026-07-03 04:47:47,946 [INFO] [36/121] 여의서로 (primary=KEY_4)
2026-07-03 04:47:49,279 [INFO] [37/121] 올림픽공원 (primary=KEY_1)
2026-07-03 04:47:51,425 [INFO] [38/121] 월드컵공원 (primary=KEY_2)
2026-07-03 04:47:52,985 [INFO] [39/121] 응봉산 (primary=KEY_3)
2026-07-03 04:47:54,312 [INFO] [40/121] 이촌한강공원 (primary=KEY_4)
2026-07-03 04:47:55,450 [INFO] [41/121] 잠실종합운동장 (primary=KEY_1)
2026-07-03 04:47:56,589 [INFO] [42/121] 잠실한강공원 (primary=KEY_2)
2026-07-03 04:47:57,740 [INFO] [43/121] 잠원한강공원 (primary=KEY_3)
2026-07-03 04:47:59,658 [INFO] [44/121] 청계산 (primary=KEY_4)
2026-07-03 04:48:00,790 [INFO] [45/121] 홍제폭포 (primary=KEY_1)
2026-07-03 04:48:01,931 [INFO] [46/121] 가락시장 (primary=KEY_2)
2026-07-03 04:48:03,281 [INFO] [47/121] 가로수길 (primary=KEY_3)
2026-07-03 04:48:04,645 [INFO] [48/121] 광장(전통)시장 (primary=KEY_4)
2026-07-03 04:48:05,826 [INFO] [49/121] 김포공항 (primary=KEY_1)
2026-07-03 04:48:07,383 [INFO] [50/121] 남대문시장 (primary=KEY_2)
2026-07-03 04:48:08,732 [INFO] [51/121] 노량진 (primary=KEY_3)
2026-07-03 04:48:10,101 [INFO] [52/121] 덕수궁길·정동길 (primary=KEY_4)
2026-07-03 04:48:12,621 [INFO] [53/121] 북창동 먹자골목 (primary=KEY_1)
2026-07-03 04:48:13,959 [INFO] [54/121] 북촌한옥마을 (primary=KEY_2)
2026-07-03 04:48:16,656 [INFO] [55/121] 서촌 (primary=KEY_3)
2026-07-03 04:48:18,006 [INFO] [56/121] 성수카페거리 (primary=KEY_4)
2026-07-03 04:48:19,577 [INFO] [57/121] 송리단길·호수단길 (primary=KEY_1)
2026-07-03 04:48:20,936 [INFO] [58/121] 신촌 스타광장 (primary=KEY_2)
2026-07-03 04:48:22,091 [INFO] [59/121] 압구정로데오거리 (primary=KEY_3)
2026-07-03 04:48:23,455 [INFO] [60/121] 여의도 (primary=KEY_4)
2026-07-03 04:48:25,669 [INFO] [61/121] 연남동 (primary=KEY_1)
2026-07-03 04:48:27,012 [INFO] [62/121] 영등포 타임스퀘어 (primary=KEY_2)
2026-07-03 04:48:28,352 [INFO] [63/121] 용리단길 (primary=KEY_3)
2026-07-03 04:48:30,650 [INFO] [64/121] 이태원 앤틱가구거리 (primary=KEY_4)
2026-07-03 04:48:31,799 [INFO] [65/121] 익선동 (primary=KEY_1)
2026-07-03 04:48:33,181 [INFO] [66/121] 인사동 (primary=KEY_2)
2026-07-03 04:48:34,750 [INFO] [67/121] 잠실롯데타워·석촌호수 (primary=KEY_3)
2026-07-03 04:48:36,500 [INFO] [68/121] 창동 신경제 중심지 (primary=KEY_4)
2026-07-03 04:48:38,265 [INFO] [69/121] 청담동 명품거리 (primary=KEY_1)
2026-07-03 04:48:39,692 [INFO] [70/121] 청량리 제기동 일대 전통시장 (primary=KEY_2)
2026-07-03 04:48:41,047 [INFO] [71/121] 해방촌·경리단길 (primary=KEY_3)
2026-07-03 04:48:42,206 [INFO] [72/121] DDP(동대문디자인플라자) (primary=KEY_4)
2026-07-03 04:48:43,575 [INFO] [73/121] DMC(디지털미디어시티) (primary=KEY_1)
2026-07-03 04:48:45,353 [INFO] [74/121] 가산디지털단지역 (primary=KEY_2)
2026-07-03 04:48:47,307 [INFO] [75/121] 강남역 (primary=KEY_3)
2026-07-03 04:48:48,908 [INFO] [76/121] 건대입구역 (primary=KEY_4)
2026-07-03 04:48:50,287 [INFO] [77/121] 고덕역 (primary=KEY_1)
2026-07-03 04:48:51,649 [INFO] [78/121] 고속터미널역 (primary=KEY_2)
2026-07-03 04:48:53,017 [INFO] [79/121] 교대역 (primary=KEY_3)
2026-07-03 04:48:54,198 [INFO] [80/121] 구로디지털단지역 (primary=KEY_4)
2026-07-03 04:48:55,941 [INFO] [81/121] 구로역 (primary=KEY_1)
2026-07-03 04:48:57,289 [INFO] [82/121] 군자역 (primary=KEY_2)
2026-07-03 04:48:58,650 [INFO] [83/121] 대림역 (primary=KEY_3)
2026-07-03 04:49:00,015 [INFO] [84/121] 동대문역 (primary=KEY_4)
2026-07-03 04:49:02,145 [INFO] [85/121] 뚝섬역 (primary=KEY_1)
2026-07-03 04:49:03,507 [INFO] [86/121] 미아사거리역 (primary=KEY_2)
2026-07-03 04:49:04,855 [INFO] [87/121] 발산역 (primary=KEY_3)
2026-07-03 04:49:06,409 [INFO] [88/121] 사당역 (primary=KEY_4)
2026-07-03 04:49:07,757 [INFO] [89/121] 삼각지역 (primary=KEY_1)
2026-07-03 04:49:08,929 [INFO] [90/121] 서울대입구역 (primary=KEY_2)
2026-07-03 04:49:10,273 [INFO] [91/121] 서울식물원·마곡나루역 (primary=KEY_3)
2026-07-03 04:49:11,831 [INFO] [92/121] 서울역 (primary=KEY_4)
2026-07-03 04:49:13,219 [INFO] [93/121] 선릉역 (primary=KEY_1)
2026-07-03 04:49:15,015 [INFO] [94/121] 성신여대입구역 (primary=KEY_2)
2026-07-03 04:49:16,191 [INFO] [95/121] 수유역 (primary=KEY_3)
2026-07-03 04:49:17,533 [INFO] [96/121] 숭례문 (primary=KEY_4)
2026-07-03 04:49:19,097 [INFO] [97/121] 시의회 앞 (primary=KEY_1)
2026-07-03 04:49:20,467 [INFO] [98/121] 신논현역·논현역 (primary=KEY_2)
2026-07-03 04:49:22,512 [INFO] [99/121] 신도림역 (primary=KEY_3)
2026-07-03 04:49:23,681 [INFO] [100/121] 신림역 (primary=KEY_4)
2026-07-03 04:49:25,624 [INFO] [101/121] 신정네거리역 (primary=KEY_1)
2026-07-03 04:49:26,973 [INFO] [102/121] 신촌·이대역 (primary=KEY_2)
2026-07-03 04:49:28,357 [INFO] [103/121] 쌍문역 (primary=KEY_3)
2026-07-03 04:49:29,709 [INFO] [104/121] 양재역 (primary=KEY_4)
2026-07-03 04:49:31,101 [INFO] [105/121] 역삼역 (primary=KEY_1)
2026-07-03 04:49:32,662 [INFO] [106/121] 연신내역 (primary=KEY_2)
2026-07-03 04:49:33,839 [INFO] [107/121] 오목교역·목동운동장 (primary=KEY_3)
2026-07-03 04:49:35,829 [INFO] [108/121] 왕십리역 (primary=KEY_4)
2026-07-03 04:49:37,220 [INFO] [109/121] 용산역 (primary=KEY_1)
2026-07-03 04:49:38,779 [INFO] [110/121] 이태원역 (primary=KEY_2)
2026-07-03 04:49:40,033 [INFO] [111/121] 잠실새내역 (primary=KEY_3)
2026-07-03 04:49:41,390 [INFO] [112/121] 잠실역 (primary=KEY_4)
2026-07-03 04:49:42,957 [INFO] [113/121] 장지역 (primary=KEY_1)
2026-07-03 04:49:44,507 [INFO] [114/121] 장한평역 (primary=KEY_2)
2026-07-03 04:49:45,878 [INFO] [115/121] 천호역 (primary=KEY_3)
2026-07-03 04:49:47,251 [INFO] [116/121] 총신대입구(이수)역 (primary=KEY_4)
2026-07-03 04:49:48,623 [INFO] [117/121] 충정로역 (primary=KEY_1)
2026-07-03 04:49:50,029 [INFO] [118/121] 합정역 (primary=KEY_2)
2026-07-03 04:49:51,396 [INFO] [119/121] 혜화역 (primary=KEY_3)
2026-07-03 04:49:52,751 [INFO] [120/121] 홍대입구역(2호선) (primary=KEY_4)
2026-07-03 04:49:54,122 [INFO] [121/121] 회기역 (primary=KEY_1)
2026-07-03 04:49:56,342 [INFO] === 수집 완료 | 성공 121, 실패 0 ===
2026-07-03 04:49:56,343 [INFO] 카테고리별 저장 결과:
2026-07-03 04:49:56,343 [INFO]    accident                  | 신규     3행 | 누적      7행 | 16컬럼
2026-07-03 04:49:56,343 [INFO]    area_meta                 | 신규   121행 | 누적    363행 | 5컬럼
2026-07-03 04:49:56,343 [INFO]    bike                      | 신규    12행 | 누적     36행 | 12컬럼
2026-07-03 04:49:56,343 [INFO]    bike_sbike_stts           | 신규   553행 | 누적   1659행 | 12컬럼
2026-07-03 04:49:56,343 [INFO]    bus                       | 신규     3행 | 누적      9행 | 11컬럼
2026-07-03 04:49:56,343 [INFO]    bus_bus_stn_stts          | 신규  1745행 | 누적   5235행 | 11컬럼
2026-07-03 04:49:56,343 [INFO]    charger                   | 신규     4행 | 누적     12행 | 15컬럼
2026-07-03 04:49:56,343 [INFO]    charger_charger_stts      | 신규  1921행 | 누적   5718행 | 15컬럼
2026-07-03 04:49:56,343 [INFO]    cmrcl                     | 신규    82행 | 누적    246행 | 20컬럼
2026-07-03 04:49:56,343 [INFO]    events                    | 신규    11행 | 누적     33행 | 14컬럼
2026-07-03 04:49:56,343 [INFO]    events_event_stts         | 신규   121행 | 누적    363행 | 14컬럼
2026-07-03 04:49:56,343 [INFO]    parking                   | 신규     6행 | 누적     18행 | 21컬럼
2026-07-03 04:49:56,343 [INFO]    parking_prk_stts          | 신규  1833행 | 누적   5499행 | 21컬럼
2026-07-03 04:49:56,343 [INFO]    ppltn                     | 신규   121행 | 누적    363행 | 26컬럼
2026-07-03 04:49:56,343 [INFO]    road                      | 신규   121행 | 누적    363행 | 21컬럼
2026-07-03 04:49:56,343 [INFO]    road_road_traffic_stts    | 신규  5261행 | 누적  15783행 | 17컬럼
2026-07-03 04:49:56,343 [INFO]    subway                    | 신규    38행 | 누적    114행 | 13컬럼
2026-07-03 04:49:56,343 [INFO]    subway_sub_stts           | 신규   183행 | 누적    549행 | 13컬럼
2026-07-03 04:49:56,343 [INFO]    weather                   | 신규   119행 | 누적    357행 | 29컬럼
2026-07-03 04:49:56,343 [INFO] 키별 사용량:
2026-07-03 04:49:56,343 [INFO]    🟢 KEY_1 (31/1000) 
2026-07-03 04:49:56,343 [INFO]    🟢 KEY_2 (30/1000) 
2026-07-03 04:49:56,344 [INFO]    🟢 KEY_3 (30/1000) 
2026-07-03 04:49:56,344 [INFO]    🟢 KEY_4 (30/1000) 
2026-07-03 06:20:39,069 [INFO] 등록된 키: 4개, 합산 한도 4,000건/일
2026-07-03 06:20:39,070 [INFO] POI 로드: 매뉴얼 v8.5 기준 fallback 121개 (121개 전체)
2026-07-03 06:20:39,070 [INFO] === 수집 시작 2026-07-03T06:20:39.070590+09:00 ===
2026-07-03 06:20:39,070 [INFO] 대상 장소: 121개 | API: citydata (통합)
2026-07-03 06:20:39,070 [INFO] 키 풀: 4/4 활성 | 오늘 사용 0/4000건
2026-07-03 06:20:39,070 [INFO]   [KEY_1] 담당 31장소
2026-07-03 06:20:39,070 [INFO]   [KEY_2] 담당 30장소
2026-07-03 06:20:39,070 [INFO]   [KEY_3] 담당 30장소
2026-07-03 06:20:39,071 [INFO]   [KEY_4] 담당 30장소
2026-07-03 06:20:39,071 [INFO] [1/121] 경복궁 (primary=KEY_1)
2026-07-03 06:20:41,278 [INFO] [2/121] 광화문·덕수궁 (primary=KEY_2)
2026-07-03 06:20:43,661 [INFO] [3/121] 보신각 (primary=KEY_3)
2026-07-03 06:20:46,213 [INFO] [4/121] 서울 암사동 유적 (primary=KEY_4)
2026-07-03 06:20:47,368 [INFO] [5/121] 창덕궁·종묘 (primary=KEY_1)
2026-07-03 06:20:49,516 [INFO] [6/121] 강남 MICE 관광특구 (primary=KEY_2)
2026-07-03 06:20:50,891 [INFO] [7/121] 동대문 관광특구 (primary=KEY_3)
2026-07-03 06:20:53,303 [INFO] [8/121] 명동 관광특구 (primary=KEY_4)
2026-07-03 06:20:55,145 [INFO] [9/121] 이태원 관광특구 (primary=KEY_1)
2026-07-03 06:20:57,329 [INFO] [10/121] 잠실 관광특구 (primary=KEY_2)
2026-07-03 06:20:58,924 [INFO] [11/121] 종로·청계 관광특구 (primary=KEY_3)
2026-07-03 06:21:00,536 [INFO] [12/121] 홍대 관광특구 (primary=KEY_4)
2026-07-03 06:21:02,136 [INFO] [13/121] 강서한강공원 (primary=KEY_1)
2026-07-03 06:21:04,066 [INFO] [14/121] 고척돔 (primary=KEY_2)
2026-07-03 06:21:05,218 [INFO] [15/121] 광나루한강공원 (primary=KEY_3)
2026-07-03 06:21:06,560 [INFO] [16/121] 광화문광장 (primary=KEY_4)
2026-07-03 06:21:08,727 [INFO] [17/121] 국립중앙박물관·용산가족공원 (primary=KEY_1)
2026-07-03 06:21:10,569 [INFO] [18/121] 난지한강공원 (primary=KEY_2)
2026-07-03 06:21:12,507 [INFO] [19/121] 남산공원 (primary=KEY_3)
2026-07-03 06:21:15,278 [INFO] [20/121] 노들섬 (primary=KEY_4)
2026-07-03 06:21:17,209 [INFO] [21/121] 뚝섬한강공원 (primary=KEY_1)
2026-07-03 06:21:18,367 [INFO] [22/121] 망원한강공원 (primary=KEY_2)
2026-07-03 06:21:20,901 [INFO] [23/121] 반포한강공원 (primary=KEY_3)
2026-07-03 06:21:23,224 [INFO] [24/121] 보라매공원 (primary=KEY_4)
2026-07-03 06:21:25,190 [INFO] [25/121] 북서울꿈의숲 (primary=KEY_1)
2026-07-03 06:21:26,347 [INFO] [26/121] 서대문독립공원 (primary=KEY_2)
2026-07-03 06:21:28,299 [INFO] [27/121] 서리풀공원·몽마르뜨공원 (primary=KEY_3)
2026-07-03 06:21:29,706 [INFO] [28/121] 서울대공원 (primary=KEY_4)
2026-07-03 06:21:31,644 [INFO] [29/121] 서울숲공원 (primary=KEY_1)
2026-07-03 06:21:33,017 [INFO] [30/121] 송현녹지광장 (primary=KEY_2)
2026-07-03 06:21:34,394 [INFO] [31/121] 아차산 (primary=KEY_3)
2026-07-03 06:21:35,548 [INFO] [32/121] 안양천 (primary=KEY_4)
2026-07-03 06:21:36,705 [INFO] [33/121] 양화한강공원 (primary=KEY_1)
2026-07-03 06:21:39,028 [INFO] [34/121] 어린이대공원 (primary=KEY_2)
2026-07-03 06:21:40,225 [INFO] [35/121] 여의도한강공원 (primary=KEY_3)
2026-07-03 06:21:42,745 [INFO] [36/121] 여의서로 (primary=KEY_4)
2026-07-03 06:21:43,901 [INFO] [37/121] 올림픽공원 (primary=KEY_1)
2026-07-03 06:21:45,280 [INFO] [38/121] 월드컵공원 (primary=KEY_2)
2026-07-03 06:21:46,861 [INFO] [39/121] 응봉산 (primary=KEY_3)
2026-07-03 06:21:48,206 [INFO] [40/121] 이촌한강공원 (primary=KEY_4)
2026-07-03 06:21:49,361 [INFO] [41/121] 잠실종합운동장 (primary=KEY_1)
2026-07-03 06:21:51,333 [INFO] [42/121] 잠실한강공원 (primary=KEY_2)
2026-07-03 06:21:52,502 [INFO] [43/121] 잠원한강공원 (primary=KEY_3)
2026-07-03 06:21:54,437 [INFO] [44/121] 청계산 (primary=KEY_4)
2026-07-03 06:21:55,586 [INFO] [45/121] 홍제폭포 (primary=KEY_1)
2026-07-03 06:21:56,724 [INFO] [46/121] 가락시장 (primary=KEY_2)
2026-07-03 06:21:58,097 [INFO] [47/121] 가로수길 (primary=KEY_3)
2026-07-03 06:22:00,301 [INFO] [48/121] 광장(전통)시장 (primary=KEY_4)
2026-07-03 06:22:02,249 [INFO] [49/121] 김포공항 (primary=KEY_1)
2026-07-03 06:22:04,437 [INFO] [50/121] 남대문시장 (primary=KEY_2)
2026-07-03 06:22:06,581 [INFO] [51/121] 노량진 (primary=KEY_3)
2026-07-03 06:22:08,556 [INFO] [52/121] 덕수궁길·정동길 (primary=KEY_4)
2026-07-03 06:22:09,929 [INFO] [53/121] 북창동 먹자골목 (primary=KEY_1)
2026-07-03 06:22:11,887 [INFO] [54/121] 북촌한옥마을 (primary=KEY_2)
2026-07-03 06:22:13,251 [INFO] [55/121] 서촌 (primary=KEY_3)
2026-07-03 06:22:14,601 [INFO] [56/121] 성수카페거리 (primary=KEY_4)
2026-07-03 06:22:16,952 [INFO] [57/121] 송리단길·호수단길 (primary=KEY_1)
2026-07-03 06:22:19,318 [INFO] [58/121] 신촌 스타광장 (primary=KEY_2)
2026-07-03 06:22:20,485 [INFO] [59/121] 압구정로데오거리 (primary=KEY_3)
2026-07-03 06:22:22,646 [INFO] [60/121] 여의도 (primary=KEY_4)
2026-07-03 06:22:25,489 [INFO] [61/121] 연남동 (primary=KEY_1)
2026-07-03 06:22:27,642 [INFO] [62/121] 영등포 타임스퀘어 (primary=KEY_2)
2026-07-03 06:22:29,788 [INFO] [63/121] 용리단길 (primary=KEY_3)
2026-07-03 06:22:31,959 [INFO] [64/121] 이태원 앤틱가구거리 (primary=KEY_4)
2026-07-03 06:22:33,153 [INFO] [65/121] 익선동 (primary=KEY_1)
2026-07-03 06:22:35,337 [INFO] [66/121] 인사동 (primary=KEY_2)
2026-07-03 06:22:36,724 [INFO] [67/121] 잠실롯데타워·석촌호수 (primary=KEY_3)
2026-07-03 06:22:38,116 [INFO] [68/121] 창동 신경제 중심지 (primary=KEY_4)
2026-07-03 06:22:40,529 [INFO] [69/121] 청담동 명품거리 (primary=KEY_1)
2026-07-03 06:22:41,892 [INFO] [70/121] 청량리 제기동 일대 전통시장 (primary=KEY_2)
2026-07-03 06:22:44,451 [INFO] [71/121] 해방촌·경리단길 (primary=KEY_3)
2026-07-03 06:22:46,433 [INFO] [72/121] DDP(동대문디자인플라자) (primary=KEY_4)
2026-07-03 06:22:47,862 [INFO] [73/121] DMC(디지털미디어시티) (primary=KEY_1)
2026-07-03 06:22:50,254 [INFO] [74/121] 가산디지털단지역 (primary=KEY_2)
2026-07-03 06:22:51,832 [INFO] [75/121] 강남역 (primary=KEY_3)
2026-07-03 06:22:53,438 [INFO] [76/121] 건대입구역 (primary=KEY_4)
2026-07-03 06:22:54,817 [INFO] [77/121] 고덕역 (primary=KEY_1)
2026-07-03 06:22:56,197 [INFO] [78/121] 고속터미널역 (primary=KEY_2)
2026-07-03 06:22:58,192 [INFO] [79/121] 교대역 (primary=KEY_3)
2026-07-03 06:23:00,152 [INFO] [80/121] 구로디지털단지역 (primary=KEY_4)
2026-07-03 06:23:02,307 [INFO] [81/121] 구로역 (primary=KEY_1)
2026-07-03 06:23:04,268 [INFO] [82/121] 군자역 (primary=KEY_2)
2026-07-03 06:23:05,649 [INFO] [83/121] 대림역 (primary=KEY_3)
2026-07-03 06:23:07,817 [INFO] [84/121] 동대문역 (primary=KEY_4)
2026-07-03 06:23:09,974 [INFO] [85/121] 뚝섬역 (primary=KEY_1)
2026-07-03 06:23:11,356 [INFO] [86/121] 미아사거리역 (primary=KEY_2)
2026-07-03 06:23:12,738 [INFO] [87/121] 발산역 (primary=KEY_3)
2026-07-03 06:23:14,325 [INFO] [88/121] 사당역 (primary=KEY_4)
2026-07-03 06:23:15,724 [INFO] [89/121] 삼각지역 (primary=KEY_1)
2026-07-03 06:23:16,897 [INFO] [90/121] 서울대입구역 (primary=KEY_2)
2026-07-03 06:23:18,077 [INFO] [91/121] 서울식물원·마곡나루역 (primary=KEY_3)
2026-07-03 06:23:19,455 [INFO] [92/121] 서울역 (primary=KEY_4)
2026-07-03 06:23:20,865 [INFO] [93/121] 선릉역 (primary=KEY_1)
2026-07-03 06:23:22,471 [INFO] [94/121] 성신여대입구역 (primary=KEY_2)
2026-07-03 06:23:24,448 [INFO] [95/121] 수유역 (primary=KEY_3)
2026-07-03 06:23:25,820 [INFO] [96/121] 숭례문 (primary=KEY_4)
2026-07-03 06:23:27,978 [INFO] [97/121] 시의회 앞 (primary=KEY_1)
2026-07-03 06:23:29,382 [INFO] [98/121] 신논현역·논현역 (primary=KEY_2)
2026-07-03 06:23:30,789 [INFO] [99/121] 신도림역 (primary=KEY_3)
2026-07-03 06:23:32,742 [INFO] [100/121] 신림역 (primary=KEY_4)
2026-07-03 06:23:33,933 [INFO] [101/121] 신정네거리역 (primary=KEY_1)
2026-07-03 06:23:35,120 [INFO] [102/121] 신촌·이대역 (primary=KEY_2)
2026-07-03 06:23:37,283 [INFO] [103/121] 쌍문역 (primary=KEY_3)
2026-07-03 06:23:38,462 [INFO] [104/121] 양재역 (primary=KEY_4)
2026-07-03 06:23:39,870 [INFO] [105/121] 역삼역 (primary=KEY_1)
2026-07-03 06:23:41,276 [INFO] [106/121] 연신내역 (primary=KEY_2)
2026-07-03 06:23:42,465 [INFO] [107/121] 오목교역·목동운동장 (primary=KEY_3)
2026-07-03 06:23:44,056 [INFO] [108/121] 왕십리역 (primary=KEY_4)
2026-07-03 06:23:45,460 [INFO] [109/121] 용산역 (primary=KEY_1)
2026-07-03 06:23:46,857 [INFO] [110/121] 이태원역 (primary=KEY_2)
2026-07-03 06:23:48,021 [INFO] [111/121] 잠실새내역 (primary=KEY_3)
2026-07-03 06:23:49,389 [INFO] [112/121] 잠실역 (primary=KEY_4)
2026-07-03 06:23:50,771 [INFO] [113/121] 장지역 (primary=KEY_1)
2026-07-03 06:23:52,155 [INFO] [114/121] 장한평역 (primary=KEY_2)
2026-07-03 06:23:53,532 [INFO] [115/121] 천호역 (primary=KEY_3)
2026-07-03 06:23:54,949 [INFO] [116/121] 총신대입구(이수)역 (primary=KEY_4)
2026-07-03 06:23:56,379 [INFO] [117/121] 충정로역 (primary=KEY_1)
2026-07-03 06:23:57,768 [INFO] [118/121] 합정역 (primary=KEY_2)
2026-07-03 06:23:59,146 [INFO] [119/121] 혜화역 (primary=KEY_3)
2026-07-03 06:24:00,523 [INFO] [120/121] 홍대입구역(2호선) (primary=KEY_4)
2026-07-03 06:24:01,921 [INFO] [121/121] 회기역 (primary=KEY_1)
2026-07-03 06:24:04,293 [INFO] === 수집 완료 | 성공 121, 실패 0 ===
2026-07-03 06:24:04,293 [INFO] 카테고리별 저장 결과:
2026-07-03 06:24:04,293 [INFO]    accident                  | 신규     3행 | 누적     10행 | 16컬럼
2026-07-03 06:24:04,293 [INFO]    area_meta                 | 신규   121행 | 누적    484행 | 5컬럼
2026-07-03 06:24:04,293 [INFO]    bike                      | 신규    12행 | 누적     48행 | 12컬럼
2026-07-03 06:24:04,293 [INFO]    bike_sbike_stts           | 신규   553행 | 누적   2212행 | 12컬럼
2026-07-03 06:24:04,294 [INFO]    bus                       | 신규     3행 | 누적     12행 | 11컬럼
2026-07-03 06:24:04,294 [INFO]    bus_bus_stn_stts          | 신규  1745행 | 누적   6980행 | 11컬럼
2026-07-03 06:24:04,294 [INFO]    charger                   | 신규    26행 | 누적     38행 | 15컬럼
2026-07-03 06:24:04,294 [INFO]    charger_charger_stts      | 신규   340행 | 누적   6056행 | 15컬럼
2026-07-03 06:24:04,294 [INFO]    cmrcl                     | 신규    82행 | 누적    328행 | 20컬럼
2026-07-03 06:24:04,294 [INFO]    events                    | 신규    10행 | 누적     43행 | 14컬럼
2026-07-03 06:24:04,294 [INFO]    events_event_stts         | 신규   122행 | 누적    485행 | 14컬럼
2026-07-03 06:24:04,294 [INFO]    parking                   | 신규     6행 | 누적     24행 | 21컬럼
2026-07-03 06:24:04,294 [INFO]    parking_prk_stts          | 신규  1833행 | 누적   7332행 | 21컬럼
2026-07-03 06:24:04,294 [INFO]    ppltn                     | 신규   120행 | 누적    483행 | 26컬럼
2026-07-03 06:24:04,294 [INFO]    road                      | 신규   121행 | 누적    484행 | 21컬럼
2026-07-03 06:24:04,294 [INFO]    road_road_traffic_stts    | 신규  5261행 | 누적  21044행 | 17컬럼
2026-07-03 06:24:04,294 [INFO]    subway                    | 신규    38행 | 누적    152행 | 13컬럼
2026-07-03 06:24:04,294 [INFO]    subway_sub_stts           | 신규   183행 | 누적    732행 | 13컬럼
2026-07-03 06:24:04,294 [INFO]    weather                   | 신규   119행 | 누적    476행 | 29컬럼
2026-07-03 06:24:04,294 [INFO] 키별 사용량:
2026-07-03 06:24:04,295 [INFO]    🟢 KEY_1 (31/1000) 
2026-07-03 06:24:04,295 [INFO]    🟢 KEY_2 (30/1000) 
2026-07-03 06:24:04,295 [INFO]    🟢 KEY_3 (30/1000) 
2026-07-03 06:24:04,295 [INFO]    🟢 KEY_4 (30/1000) 
2026-07-03 08:19:30,712 [INFO] 등록된 키: 4개, 합산 한도 4,000건/일
2026-07-03 08:19:30,713 [INFO] POI 로드: 매뉴얼 v8.5 기준 fallback 121개 (121개 전체)
2026-07-03 08:19:30,713 [INFO] === 수집 시작 2026-07-03T08:19:30.713076+09:00 ===
2026-07-03 08:19:30,713 [INFO] 대상 장소: 121개 | API: citydata (통합)
2026-07-03 08:19:30,713 [INFO] 키 풀: 4/4 활성 | 오늘 사용 0/4000건
2026-07-03 08:19:30,713 [INFO]   [KEY_1] 담당 31장소
2026-07-03 08:19:30,713 [INFO]   [KEY_2] 담당 30장소
2026-07-03 08:19:30,713 [INFO]   [KEY_3] 담당 30장소
2026-07-03 08:19:30,713 [INFO]   [KEY_4] 담당 30장소
2026-07-03 08:19:30,713 [INFO] [1/121] 경복궁 (primary=KEY_1)
2026-07-03 08:19:32,653 [INFO] [2/121] 광화문·덕수궁 (primary=KEY_2)
2026-07-03 08:19:34,757 [INFO] [3/121] 보신각 (primary=KEY_3)
2026-07-03 08:19:36,037 [INFO] [4/121] 서울 암사동 유적 (primary=KEY_4)
2026-07-03 08:19:37,152 [INFO] [5/121] 창덕궁·종묘 (primary=KEY_1)
2026-07-03 08:19:38,271 [INFO] [6/121] 강남 MICE 관광특구 (primary=KEY_2)
2026-07-03 08:19:39,967 [INFO] [7/121] 동대문 관광특구 (primary=KEY_3)
2026-07-03 08:19:41,956 [INFO] [8/121] 명동 관광특구 (primary=KEY_4)
2026-07-03 08:19:43,579 [INFO] [9/121] 이태원 관광특구 (primary=KEY_1)
2026-07-03 08:19:45,393 [INFO] [10/121] 잠실 관광특구 (primary=KEY_2)
2026-07-03 08:19:47,515 [INFO] [11/121] 종로·청계 관광특구 (primary=KEY_3)
2026-07-03 08:19:49,639 [INFO] [12/121] 홍대 관광특구 (primary=KEY_4)
2026-07-03 08:19:51,755 [INFO] [13/121] 강서한강공원 (primary=KEY_1)
2026-07-03 08:19:52,725 [INFO] [14/121] 고척돔 (primary=KEY_2)
2026-07-03 08:19:54,515 [INFO] [15/121] 광나루한강공원 (primary=KEY_3)
2026-07-03 08:19:55,618 [INFO] [16/121] 광화문광장 (primary=KEY_4)
2026-07-03 08:19:56,749 [INFO] [17/121] 국립중앙박물관·용산가족공원 (primary=KEY_1)
2026-07-03 08:19:57,743 [INFO] [18/121] 난지한강공원 (primary=KEY_2)
2026-07-03 08:19:59,502 [INFO] [19/121] 남산공원 (primary=KEY_3)
2026-07-03 08:20:00,783 [INFO] [20/121] 노들섬 (primary=KEY_4)
2026-07-03 08:20:01,756 [INFO] [21/121] 뚝섬한강공원 (primary=KEY_1)
2026-07-03 08:20:02,727 [INFO] [22/121] 망원한강공원 (primary=KEY_2)
2026-07-03 08:20:04,686 [INFO] [23/121] 반포한강공원 (primary=KEY_3)
2026-07-03 08:20:05,801 [INFO] [24/121] 보라매공원 (primary=KEY_4)
2026-07-03 08:20:06,778 [INFO] [25/121] 북서울꿈의숲 (primary=KEY_1)
2026-07-03 08:20:08,002 [INFO] [26/121] 서대문독립공원 (primary=KEY_2)
2026-07-03 08:20:10,458 [INFO] [27/121] 서리풀공원·몽마르뜨공원 (primary=KEY_3)
2026-07-03 08:20:11,617 [INFO] [28/121] 서울대공원 (primary=KEY_4)
2026-07-03 08:20:12,582 [INFO] [29/121] 서울숲공원 (primary=KEY_1)
2026-07-03 08:20:13,695 [INFO] [30/121] 송현녹지광장 (primary=KEY_2)
2026-07-03 08:20:14,797 [INFO] [31/121] 아차산 (primary=KEY_3)
2026-07-03 08:20:15,890 [INFO] [32/121] 안양천 (primary=KEY_4)
2026-07-03 08:20:16,855 [INFO] [33/121] 양화한강공원 (primary=KEY_1)
2026-07-03 08:20:17,823 [INFO] [34/121] 어린이대공원 (primary=KEY_2)
2026-07-03 08:20:18,948 [INFO] [35/121] 여의도한강공원 (primary=KEY_3)
2026-07-03 08:20:20,052 [INFO] [36/121] 여의서로 (primary=KEY_4)
2026-07-03 08:20:21,146 [INFO] [37/121] 올림픽공원 (primary=KEY_1)
2026-07-03 08:20:22,411 [INFO] [38/121] 월드컵공원 (primary=KEY_2)
2026-07-03 08:20:23,688 [INFO] [39/121] 응봉산 (primary=KEY_3)
2026-07-03 08:20:25,326 [INFO] [40/121] 이촌한강공원 (primary=KEY_4)
2026-07-03 08:20:26,305 [INFO] [41/121] 잠실종합운동장 (primary=KEY_1)
2026-07-03 08:20:27,285 [INFO] [42/121] 잠실한강공원 (primary=KEY_2)
2026-07-03 08:20:28,269 [INFO] [43/121] 잠원한강공원 (primary=KEY_3)
2026-07-03 08:20:29,232 [INFO] [44/121] 청계산 (primary=KEY_4)
2026-07-03 08:20:30,197 [INFO] [45/121] 홍제폭포 (primary=KEY_1)
2026-07-03 08:20:31,165 [INFO] [46/121] 가락시장 (primary=KEY_2)
2026-07-03 08:20:32,296 [INFO] [47/121] 가로수길 (primary=KEY_3)
2026-07-03 08:20:33,982 [INFO] [48/121] 광장(전통)시장 (primary=KEY_4)
2026-07-03 08:20:34,987 [INFO] [49/121] 김포공항 (primary=KEY_1)
2026-07-03 08:20:36,306 [INFO] [50/121] 남대문시장 (primary=KEY_2)
2026-07-03 08:20:37,422 [INFO] [51/121] 노량진 (primary=KEY_3)
2026-07-03 08:20:38,543 [INFO] [52/121] 덕수궁길·정동길 (primary=KEY_4)
2026-07-03 08:20:39,690 [INFO] [53/121] 북창동 먹자골목 (primary=KEY_1)
2026-07-03 08:20:40,797 [INFO] [54/121] 북촌한옥마을 (primary=KEY_2)
2026-07-03 08:20:42,050 [INFO] [55/121] 서촌 (primary=KEY_3)
2026-07-03 08:20:43,175 [INFO] [56/121] 성수카페거리 (primary=KEY_4)
2026-07-03 08:20:44,456 [INFO] [57/121] 송리단길·호수단길 (primary=KEY_1)
2026-07-03 08:20:45,590 [INFO] [58/121] 신촌 스타광장 (primary=KEY_2)
2026-07-03 08:20:46,577 [INFO] [59/121] 압구정로데오거리 (primary=KEY_3)
2026-07-03 08:20:47,712 [INFO] [60/121] 여의도 (primary=KEY_4)
2026-07-03 08:20:49,477 [INFO] [61/121] 연남동 (primary=KEY_1)
2026-07-03 08:20:50,608 [INFO] [62/121] 영등포 타임스퀘어 (primary=KEY_2)
2026-07-03 08:20:51,726 [INFO] [63/121] 용리단길 (primary=KEY_3)
2026-07-03 08:20:52,729 [INFO] [64/121] 이태원 앤틱가구거리 (primary=KEY_4)
2026-07-03 08:20:53,843 [INFO] [65/121] 익선동 (primary=KEY_1)
2026-07-03 08:20:54,974 [INFO] [66/121] 인사동 (primary=KEY_2)
2026-07-03 08:20:56,244 [INFO] [67/121] 잠실롯데타워·석촌호수 (primary=KEY_3)
2026-07-03 08:20:57,662 [INFO] [68/121] 창동 신경제 중심지 (primary=KEY_4)
2026-07-03 08:20:59,115 [INFO] [69/121] 청담동 명품거리 (primary=KEY_1)
2026-07-03 08:21:00,285 [INFO] [70/121] 청량리 제기동 일대 전통시장 (primary=KEY_2)
2026-07-03 08:21:01,514 [INFO] [71/121] 해방촌·경리단길 (primary=KEY_3)
2026-07-03 08:21:02,489 [INFO] [72/121] DDP(동대문디자인플라자) (primary=KEY_4)
2026-07-03 08:21:03,651 [INFO] [73/121] DMC(디지털미디어시티) (primary=KEY_1)
2026-07-03 08:21:05,102 [INFO] [74/121] 가산디지털단지역 (primary=KEY_2)
2026-07-03 08:21:06,658 [INFO] [75/121] 강남역 (primary=KEY_3)
2026-07-03 08:21:07,947 [INFO] [76/121] 건대입구역 (primary=KEY_4)
2026-07-03 08:21:09,096 [INFO] [77/121] 고덕역 (primary=KEY_1)
2026-07-03 08:21:10,219 [INFO] [78/121] 고속터미널역 (primary=KEY_2)
2026-07-03 08:21:11,342 [INFO] [79/121] 교대역 (primary=KEY_3)
2026-07-03 08:21:12,466 [INFO] [80/121] 구로디지털단지역 (primary=KEY_4)
2026-07-03 08:21:13,862 [INFO] [81/121] 구로역 (primary=KEY_1)
2026-07-03 08:21:14,969 [INFO] [82/121] 군자역 (primary=KEY_2)
2026-07-03 08:21:16,104 [INFO] [83/121] 대림역 (primary=KEY_3)
2026-07-03 08:21:17,221 [INFO] [84/121] 동대문역 (primary=KEY_4)
2026-07-03 08:21:18,344 [INFO] [85/121] 뚝섬역 (primary=KEY_1)
2026-07-03 08:21:19,458 [INFO] [86/121] 미아사거리역 (primary=KEY_2)
2026-07-03 08:21:20,574 [INFO] [87/121] 발산역 (primary=KEY_3)
2026-07-03 08:21:21,963 [INFO] [88/121] 사당역 (primary=KEY_4)
2026-07-03 08:21:23,086 [INFO] [89/121] 삼각지역 (primary=KEY_1)
2026-07-03 08:21:24,199 [INFO] [90/121] 서울대입구역 (primary=KEY_2)
2026-07-03 08:21:25,321 [INFO] [91/121] 서울식물원·마곡나루역 (primary=KEY_3)
2026-07-03 08:21:26,608 [INFO] [92/121] 서울역 (primary=KEY_4)
2026-07-03 08:21:27,926 [INFO] [93/121] 선릉역 (primary=KEY_1)
2026-07-03 08:21:29,347 [INFO] [94/121] 성신여대입구역 (primary=KEY_2)
2026-07-03 08:21:30,365 [INFO] [95/121] 수유역 (primary=KEY_3)
2026-07-03 08:21:31,487 [INFO] [96/121] 숭례문 (primary=KEY_4)
2026-07-03 08:21:32,745 [INFO] [97/121] 시의회 앞 (primary=KEY_1)
2026-07-03 08:21:33,902 [INFO] [98/121] 신논현역·논현역 (primary=KEY_2)
2026-07-03 08:21:35,101 [INFO] [99/121] 신도림역 (primary=KEY_3)
2026-07-03 08:21:36,081 [INFO] [100/121] 신림역 (primary=KEY_4)
2026-07-03 08:21:37,193 [INFO] [101/121] 신정네거리역 (primary=KEY_1)
2026-07-03 08:21:38,319 [INFO] [102/121] 신촌·이대역 (primary=KEY_2)
2026-07-03 08:21:39,472 [INFO] [103/121] 쌍문역 (primary=KEY_3)
2026-07-03 08:21:40,594 [INFO] [104/121] 양재역 (primary=KEY_4)
2026-07-03 08:21:41,725 [INFO] [105/121] 역삼역 (primary=KEY_1)
2026-07-03 08:21:42,983 [INFO] [106/121] 연신내역 (primary=KEY_2)
2026-07-03 08:21:43,993 [INFO] [107/121] 오목교역·목동운동장 (primary=KEY_3)
2026-07-03 08:21:45,551 [INFO] [108/121] 왕십리역 (primary=KEY_4)
2026-07-03 08:21:46,844 [INFO] [109/121] 용산역 (primary=KEY_1)
2026-07-03 08:21:48,161 [INFO] [110/121] 이태원역 (primary=KEY_2)
2026-07-03 08:21:49,153 [INFO] [111/121] 잠실새내역 (primary=KEY_3)
2026-07-03 08:21:50,277 [INFO] [112/121] 잠실역 (primary=KEY_4)
2026-07-03 08:21:51,534 [INFO] [113/121] 장지역 (primary=KEY_1)
2026-07-03 08:21:52,799 [INFO] [114/121] 장한평역 (primary=KEY_2)
2026-07-03 08:21:53,931 [INFO] [115/121] 천호역 (primary=KEY_3)
2026-07-03 08:21:55,074 [INFO] [116/121] 총신대입구(이수)역 (primary=KEY_4)
2026-07-03 08:21:56,215 [INFO] [117/121] 충정로역 (primary=KEY_1)
2026-07-03 08:21:57,351 [INFO] [118/121] 합정역 (primary=KEY_2)
2026-07-03 08:21:58,484 [INFO] [119/121] 혜화역 (primary=KEY_3)
2026-07-03 08:21:59,610 [INFO] [120/121] 홍대입구역(2호선) (primary=KEY_4)
2026-07-03 08:22:00,782 [INFO] [121/121] 회기역 (primary=KEY_1)
2026-07-03 08:22:03,057 [INFO] === 수집 완료 | 성공 121, 실패 0 ===
2026-07-03 08:22:03,057 [INFO] 카테고리별 저장 결과:
2026-07-03 08:22:03,057 [INFO]    accident                  | 신규     5행 | 누적     15행 | 16컬럼
2026-07-03 08:22:03,058 [INFO]    area_meta                 | 신규   121행 | 누적    605행 | 5컬럼
2026-07-03 08:22:03,058 [INFO]    bike                      | 신규    12행 | 누적     60행 | 12컬럼
2026-07-03 08:22:03,058 [INFO]    bike_sbike_stts           | 신규   553행 | 누적   2765행 | 12컬럼
2026-07-03 08:22:03,058 [INFO]    bus                       | 신규     3행 | 누적     15행 | 11컬럼
2026-07-03 08:22:03,058 [INFO]    bus_bus_stn_stts          | 신규  1745행 | 누적   8725행 | 11컬럼
2026-07-03 08:22:03,058 [INFO]    charger                   | 신규     4행 | 누적     42행 | 15컬럼
2026-07-03 08:22:03,058 [INFO]    charger_charger_stts      | 신규  1921행 | 누적   7962행 | 15컬럼
2026-07-03 08:22:03,058 [INFO]    cmrcl                     | 신규    82행 | 누적    410행 | 20컬럼
2026-07-03 08:22:03,058 [INFO]    events                    | 신규    10행 | 누적     53행 | 14컬럼
2026-07-03 08:22:03,058 [INFO]    events_event_stts         | 신규   122행 | 누적    607행 | 14컬럼
2026-07-03 08:22:03,058 [INFO]    parking                   | 신규     6행 | 누적     30행 | 21컬럼
2026-07-03 08:22:03,058 [INFO]    parking_prk_stts          | 신규  1833행 | 누적   9165행 | 21컬럼
2026-07-03 08:22:03,058 [INFO]    ppltn                     | 신규   121행 | 누적    604행 | 26컬럼
2026-07-03 08:22:03,058 [INFO]    road                      | 신규   121행 | 누적    605행 | 21컬럼
2026-07-03 08:22:03,058 [INFO]    road_road_traffic_stts    | 신규  5261행 | 누적  26305행 | 17컬럼
2026-07-03 08:22:03,058 [INFO]    subway                    | 신규    38행 | 누적    190행 | 13컬럼
2026-07-03 08:22:03,058 [INFO]    subway_sub_stts           | 신규   183행 | 누적    915행 | 13컬럼
2026-07-03 08:22:03,058 [INFO]    weather                   | 신규   119행 | 누적    595행 | 29컬럼
2026-07-03 08:22:03,058 [INFO] 키별 사용량:
2026-07-03 08:22:03,058 [INFO]    🟢 KEY_1 (31/1000) 
2026-07-03 08:22:03,058 [INFO]    🟢 KEY_2 (30/1000) 
2026-07-03 08:22:03,058 [INFO]    🟢 KEY_3 (30/1000) 
2026-07-03 08:22:03,058 [INFO]    🟢 KEY_4 (30/1000) 
2026-07-03 13:03:31,335 [INFO] 등록된 키: 4개, 합산 한도 4,000건/일
2026-07-03 13:03:31,336 [INFO] POI 로드: 매뉴얼 v8.5 기준 fallback 121개 (121개 전체)
2026-07-03 13:03:31,336 [INFO] === 수집 시작 2026-07-03T13:03:31.336548+09:00 ===
2026-07-03 13:03:31,336 [INFO] 대상 장소: 121개 | API: citydata (통합)
2026-07-03 13:03:31,336 [INFO] 키 풀: 4/4 활성 | 오늘 사용 0/4000건
2026-07-03 13:03:31,336 [INFO]   [KEY_1] 담당 31장소
2026-07-03 13:03:31,336 [INFO]   [KEY_2] 담당 30장소
2026-07-03 13:03:31,336 [INFO]   [KEY_3] 담당 30장소
2026-07-03 13:03:31,337 [INFO]   [KEY_4] 담당 30장소
2026-07-03 13:03:31,337 [INFO] [1/121] 경복궁 (primary=KEY_1)
2026-07-03 13:03:33,486 [INFO] [2/121] 광화문·덕수궁 (primary=KEY_2)
2026-07-03 13:03:36,074 [INFO] [3/121] 보신각 (primary=KEY_3)
2026-07-03 13:03:38,439 [INFO] [4/121] 서울 암사동 유적 (primary=KEY_4)
2026-07-03 13:03:40,384 [INFO] [5/121] 창덕궁·종묘 (primary=KEY_1)
2026-07-03 13:03:42,716 [INFO] [6/121] 강남 MICE 관광특구 (primary=KEY_2)
2026-07-03 13:03:45,064 [INFO] [7/121] 동대문 관광특구 (primary=KEY_3)
2026-07-03 13:03:47,652 [INFO] [8/121] 명동 관광특구 (primary=KEY_4)
2026-07-03 13:03:49,696 [INFO] [9/121] 이태원 관광특구 (primary=KEY_1)
2026-07-03 13:03:51,864 [INFO] [10/121] 잠실 관광특구 (primary=KEY_2)
2026-07-03 13:03:53,683 [INFO] [11/121] 종로·청계 관광특구 (primary=KEY_3)
2026-07-03 13:03:55,536 [INFO] [12/121] 홍대 관광특구 (primary=KEY_4)
2026-07-03 13:03:58,142 [INFO] [13/121] 강서한강공원 (primary=KEY_1)
2026-07-03 13:04:00,092 [INFO] [14/121] 고척돔 (primary=KEY_2)
2026-07-03 13:04:02,059 [INFO] [15/121] 광나루한강공원 (primary=KEY_3)
2026-07-03 13:04:03,407 [INFO] [16/121] 광화문광장 (primary=KEY_4)
2026-07-03 13:04:04,779 [INFO] [17/121] 국립중앙박물관·용산가족공원 (primary=KEY_1)
2026-07-03 13:04:05,943 [INFO] [18/121] 난지한강공원 (primary=KEY_2)
2026-07-03 13:04:07,782 [INFO] [19/121] 남산공원 (primary=KEY_3)
2026-07-03 13:04:10,565 [INFO] [20/121] 노들섬 (primary=KEY_4)
2026-07-03 13:04:12,696 [INFO] [21/121] 뚝섬한강공원 (primary=KEY_1)
2026-07-03 13:04:15,080 [INFO] [22/121] 망원한강공원 (primary=KEY_2)
2026-07-03 13:04:16,490 [INFO] [23/121] 반포한강공원 (primary=KEY_3)
2026-07-03 13:04:17,638 [INFO] [24/121] 보라매공원 (primary=KEY_4)
2026-07-03 13:04:19,987 [INFO] [25/121] 북서울꿈의숲 (primary=KEY_1)
2026-07-03 13:04:21,143 [INFO] [26/121] 서대문독립공원 (primary=KEY_2)
2026-07-03 13:04:22,331 [INFO] [27/121] 서리풀공원·몽마르뜨공원 (primary=KEY_3)
2026-07-03 13:04:23,731 [INFO] [28/121] 서울대공원 (primary=KEY_4)
2026-07-03 13:04:25,076 [INFO] [29/121] 서울숲공원 (primary=KEY_1)
2026-07-03 13:04:26,443 [INFO] [30/121] 송현녹지광장 (primary=KEY_2)
2026-07-03 13:04:27,806 [INFO] [31/121] 아차산 (primary=KEY_3)
2026-07-03 13:04:29,753 [INFO] [32/121] 안양천 (primary=KEY_4)
2026-07-03 13:04:30,914 [INFO] [33/121] 양화한강공원 (primary=KEY_1)
2026-07-03 13:04:32,063 [INFO] [34/121] 어린이대공원 (primary=KEY_2)
2026-07-03 13:04:33,243 [INFO] [35/121] 여의도한강공원 (primary=KEY_3)
2026-07-03 13:04:34,597 [INFO] [36/121] 여의서로 (primary=KEY_4)
2026-07-03 13:04:35,953 [INFO] [37/121] 올림픽공원 (primary=KEY_1)
2026-07-03 13:04:37,340 [INFO] [38/121] 월드컵공원 (primary=KEY_2)
2026-07-03 13:04:38,964 [INFO] [39/121] 응봉산 (primary=KEY_3)
2026-07-03 13:04:41,136 [INFO] [40/121] 이촌한강공원 (primary=KEY_4)
2026-07-03 13:04:43,458 [INFO] [41/121] 잠실종합운동장 (primary=KEY_1)
2026-07-03 13:04:44,619 [INFO] [42/121] 잠실한강공원 (primary=KEY_2)
2026-07-03 13:04:45,779 [INFO] [43/121] 잠원한강공원 (primary=KEY_3)
2026-07-03 13:04:46,933 [INFO] [44/121] 청계산 (primary=KEY_4)
2026-07-03 13:04:49,076 [INFO] [45/121] 홍제폭포 (primary=KEY_1)
2026-07-03 13:04:50,220 [INFO] [46/121] 가락시장 (primary=KEY_2)
2026-07-03 13:04:51,605 [INFO] [47/121] 가로수길 (primary=KEY_3)
2026-07-03 13:04:52,997 [INFO] [48/121] 광장(전통)시장 (primary=KEY_4)
2026-07-03 13:04:54,181 [INFO] [49/121] 김포공항 (primary=KEY_1)
2026-07-03 13:04:55,763 [INFO] [50/121] 남대문시장 (primary=KEY_2)
2026-07-03 13:04:57,318 [INFO] [51/121] 노량진 (primary=KEY_3)
2026-07-03 13:04:58,693 [INFO] [52/121] 덕수궁길·정동길 (primary=KEY_4)
2026-07-03 13:05:00,066 [INFO] [53/121] 북창동 먹자골목 (primary=KEY_1)
2026-07-03 13:05:01,421 [INFO] [54/121] 북촌한옥마을 (primary=KEY_2)
2026-07-03 13:05:03,072 [INFO] [55/121] 서촌 (primary=KEY_3)
2026-07-03 13:05:04,452 [INFO] [56/121] 성수카페거리 (primary=KEY_4)
2026-07-03 13:05:06,792 [INFO] [57/121] 송리단길·호수단길 (primary=KEY_1)
2026-07-03 13:05:08,168 [INFO] [58/121] 신촌 스타광장 (primary=KEY_2)
2026-07-03 13:05:09,353 [INFO] [59/121] 압구정로데오거리 (primary=KEY_3)
2026-07-03 13:05:10,724 [INFO] [60/121] 여의도 (primary=KEY_4)
2026-07-03 13:05:12,752 [INFO] [61/121] 연남동 (primary=KEY_1)
2026-07-03 13:05:14,106 [INFO] [62/121] 영등포 타임스퀘어 (primary=KEY_2)
2026-07-03 13:05:15,463 [INFO] [63/121] 용리단길 (primary=KEY_3)
2026-07-03 13:05:16,644 [INFO] [64/121] 이태원 앤틱가구거리 (primary=KEY_4)
2026-07-03 13:05:17,998 [INFO] [65/121] 익선동 (primary=KEY_1)
2026-07-03 13:05:19,398 [INFO] [66/121] 인사동 (primary=KEY_2)
2026-07-03 13:05:20,818 [INFO] [67/121] 잠실롯데타워·석촌호수 (primary=KEY_3)
2026-07-03 13:05:22,436 [INFO] [68/121] 창동 신경제 중심지 (primary=KEY_4)
2026-07-03 13:05:24,214 [INFO] [69/121] 청담동 명품거리 (primary=KEY_1)
2026-07-03 13:05:26,557 [INFO] [70/121] 청량리 제기동 일대 전통시장 (primary=KEY_2)
2026-07-03 13:05:27,989 [INFO] [71/121] 해방촌·경리단길 (primary=KEY_3)
2026-07-03 13:05:29,162 [INFO] [72/121] DDP(동대문디자인플라자) (primary=KEY_4)
2026-07-03 13:05:30,545 [INFO] [73/121] DMC(디지털미디어시티) (primary=KEY_1)
2026-07-03 13:05:32,147 [INFO] [74/121] 가산디지털단지역 (primary=KEY_2)
2026-07-03 13:05:33,911 [INFO] [75/121] 강남역 (primary=KEY_3)
2026-07-03 13:05:35,712 [INFO] [76/121] 건대입구역 (primary=KEY_4)
2026-07-03 13:05:37,874 [INFO] [77/121] 고덕역 (primary=KEY_1)
2026-07-03 13:05:39,237 [INFO] [78/121] 고속터미널역 (primary=KEY_2)
2026-07-03 13:05:40,614 [INFO] [79/121] 교대역 (primary=KEY_3)
2026-07-03 13:05:42,564 [INFO] [80/121] 구로디지털단지역 (primary=KEY_4)
2026-07-03 13:05:44,117 [INFO] [81/121] 구로역 (primary=KEY_1)
2026-07-03 13:05:45,284 [INFO] [82/121] 군자역 (primary=KEY_2)
2026-07-03 13:05:46,653 [INFO] [83/121] 대림역 (primary=KEY_3)
2026-07-03 13:05:48,026 [INFO] [84/121] 동대문역 (primary=KEY_4)
2026-07-03 13:05:49,453 [INFO] [85/121] 뚝섬역 (primary=KEY_1)
2026-07-03 13:05:50,868 [INFO] [86/121] 미아사거리역 (primary=KEY_2)
2026-07-03 13:05:52,234 [INFO] [87/121] 발산역 (primary=KEY_3)
2026-07-03 13:05:53,842 [INFO] [88/121] 사당역 (primary=KEY_4)
2026-07-03 13:05:55,220 [INFO] [89/121] 삼각지역 (primary=KEY_1)
2026-07-03 13:05:56,474 [INFO] [90/121] 서울대입구역 (primary=KEY_2)
2026-07-03 13:05:57,852 [INFO] [91/121] 서울식물원·마곡나루역 (primary=KEY_3)
2026-07-03 13:05:59,241 [INFO] [92/121] 서울역 (primary=KEY_4)
2026-07-03 13:06:00,933 [INFO] [93/121] 선릉역 (primary=KEY_1)
2026-07-03 13:06:03,353 [INFO] [94/121] 성신여대입구역 (primary=KEY_2)
2026-07-03 13:06:04,541 [INFO] [95/121] 수유역 (primary=KEY_3)
2026-07-03 13:06:05,906 [INFO] [96/121] 숭례문 (primary=KEY_4)
2026-07-03 13:06:07,278 [INFO] [97/121] 시의회 앞 (primary=KEY_1)
2026-07-03 13:06:08,662 [INFO] [98/121] 신논현역·논현역 (primary=KEY_2)
2026-07-03 13:06:10,308 [INFO] [99/121] 신도림역 (primary=KEY_3)
2026-07-03 13:06:11,479 [INFO] [100/121] 신림역 (primary=KEY_4)
2026-07-03 13:06:12,644 [INFO] [101/121] 신정네거리역 (primary=KEY_1)
2026-07-03 13:06:14,014 [INFO] [102/121] 신촌·이대역 (primary=KEY_2)
2026-07-03 13:06:15,386 [INFO] [103/121] 쌍문역 (primary=KEY_3)
2026-07-03 13:06:16,752 [INFO] [104/121] 양재역 (primary=KEY_4)
2026-07-03 13:06:18,131 [INFO] [105/121] 역삼역 (primary=KEY_1)
2026-07-03 13:06:19,502 [INFO] [106/121] 연신내역 (primary=KEY_2)
2026-07-03 13:06:20,761 [INFO] [107/121] 오목교역·목동운동장 (primary=KEY_3)
2026-07-03 13:06:22,537 [INFO] [108/121] 왕십리역 (primary=KEY_4)
2026-07-03 13:06:23,925 [INFO] [109/121] 용산역 (primary=KEY_1)
2026-07-03 13:06:25,512 [INFO] [110/121] 이태원역 (primary=KEY_2)
2026-07-03 13:06:26,680 [INFO] [111/121] 잠실새내역 (primary=KEY_3)
2026-07-03 13:06:28,044 [INFO] [112/121] 잠실역 (primary=KEY_4)
2026-07-03 13:06:29,626 [INFO] [113/121] 장지역 (primary=KEY_1)
2026-07-03 13:06:31,199 [INFO] [114/121] 장한평역 (primary=KEY_2)
2026-07-03 13:06:32,567 [INFO] [115/121] 천호역 (primary=KEY_3)
2026-07-03 13:06:33,949 [INFO] [116/121] 총신대입구(이수)역 (primary=KEY_4)
2026-07-03 13:06:35,336 [INFO] [117/121] 충정로역 (primary=KEY_1)
2026-07-03 13:06:36,713 [INFO] [118/121] 합정역 (primary=KEY_2)
2026-07-03 13:06:38,093 [INFO] [119/121] 혜화역 (primary=KEY_3)
2026-07-03 13:06:39,465 [INFO] [120/121] 홍대입구역(2호선) (primary=KEY_4)
2026-07-03 13:06:40,862 [INFO] [121/121] 회기역 (primary=KEY_1)
2026-07-03 13:06:43,762 [INFO] === 수집 완료 | 성공 121, 실패 0 ===
2026-07-03 13:06:43,762 [INFO] 카테고리별 저장 결과:
2026-07-03 13:06:43,762 [INFO]    accident                  | 신규     8행 | 누적     23행 | 16컬럼
2026-07-03 13:06:43,762 [INFO]    accident_acdnt_cntrl_stts | 신규     2행 | 누적      2행 | 16컬럼
2026-07-03 13:06:43,762 [INFO]    area_meta                 | 신규   121행 | 누적    726행 | 5컬럼
2026-07-03 13:06:43,762 [INFO]    bike                      | 신규    12행 | 누적     72행 | 12컬럼
2026-07-03 13:06:43,762 [INFO]    bike_sbike_stts           | 신규   553행 | 누적   3318행 | 12컬럼
2026-07-03 13:06:43,762 [INFO]    bus                       | 신규     3행 | 누적     18행 | 11컬럼
2026-07-03 13:06:43,762 [INFO]    bus_bus_stn_stts          | 신규  1745행 | 누적  10470행 | 11컬럼
2026-07-03 13:06:43,762 [INFO]    charger                   | 신규     8행 | 누적     50행 | 15컬럼
2026-07-03 13:06:43,762 [INFO]    charger_charger_stts      | 신규  1041행 | 누적   8994행 | 15컬럼
2026-07-03 13:06:43,762 [INFO]    cmrcl                     | 신규    82행 | 누적    492행 | 20컬럼
2026-07-03 13:06:43,762 [INFO]    events                    | 신규    10행 | 누적     63행 | 14컬럼
2026-07-03 13:06:43,762 [INFO]    events_event_stts         | 신규   122행 | 누적    729행 | 14컬럼
2026-07-03 13:06:43,762 [INFO]    news                      | 신규   120행 | 누적    120행 | 10컬럼
2026-07-03 13:06:43,762 [INFO]    parking                   | 신규     6행 | 누적     36행 | 21컬럼
2026-07-03 13:06:43,762 [INFO]    parking_prk_stts          | 신규  1833행 | 누적  10998행 | 21컬럼
2026-07-03 13:06:43,762 [INFO]    ppltn                     | 신규   121행 | 누적    725행 | 26컬럼
2026-07-03 13:06:43,762 [INFO]    road                      | 신규   121행 | 누적    726행 | 21컬럼
2026-07-03 13:06:43,763 [INFO]    road_road_traffic_stts    | 신규  5261행 | 누적  31566행 | 17컬럼
2026-07-03 13:06:43,763 [INFO]    subway                    | 신규    38행 | 누적    228행 | 13컬럼
2026-07-03 13:06:43,763 [INFO]    subway_sub_stts           | 신규   183행 | 누적   1098행 | 13컬럼
2026-07-03 13:06:43,763 [INFO]    weather                   | 신규   119행 | 누적    714행 | 29컬럼
2026-07-03 13:06:43,763 [INFO] 키별 사용량:
2026-07-03 13:06:43,763 [INFO]    🟢 KEY_1 (31/1000) 
2026-07-03 13:06:43,763 [INFO]    🟢 KEY_2 (30/1000) 
2026-07-03 13:06:43,763 [INFO]    🟢 KEY_3 (30/1000) 
2026-07-03 13:06:43,763 [INFO]    🟢 KEY_4 (30/1000) 
2026-07-03 16:33:48,686 [INFO] 등록된 키: 4개, 합산 한도 4,000건/일
2026-07-03 16:33:48,687 [INFO] POI 로드: 매뉴얼 v8.5 기준 fallback 121개 (121개 전체)
2026-07-03 16:33:48,687 [INFO] === 수집 시작 2026-07-03T16:33:48.687187+09:00 ===
2026-07-03 16:33:48,687 [INFO] 대상 장소: 121개 | API: citydata (통합)
2026-07-03 16:33:48,687 [INFO] 키 풀: 4/4 활성 | 오늘 사용 0/4000건
2026-07-03 16:33:48,687 [INFO]   [KEY_1] 담당 31장소
2026-07-03 16:33:48,687 [INFO]   [KEY_2] 담당 30장소
2026-07-03 16:33:48,687 [INFO]   [KEY_3] 담당 30장소
2026-07-03 16:33:48,687 [INFO]   [KEY_4] 담당 30장소
2026-07-03 16:33:48,687 [INFO] [1/121] 경복궁 (primary=KEY_1)
2026-07-03 16:33:50,666 [INFO] [2/121] 광화문·덕수궁 (primary=KEY_2)
2026-07-03 16:33:53,338 [INFO] [3/121] 보신각 (primary=KEY_3)
2026-07-03 16:33:55,647 [INFO] [4/121] 서울 암사동 유적 (primary=KEY_4)
2026-07-03 16:33:57,426 [INFO] [5/121] 창덕궁·종묘 (primary=KEY_1)
2026-07-03 16:33:59,379 [INFO] [6/121] 강남 MICE 관광특구 (primary=KEY_2)
2026-07-03 16:34:01,291 [INFO] [7/121] 동대문 관광특구 (primary=KEY_3)
2026-07-03 16:34:02,986 [INFO] [8/121] 명동 관광특구 (primary=KEY_4)
2026-07-03 16:34:05,903 [INFO] [9/121] 이태원 관광특구 (primary=KEY_1)
2026-07-03 16:34:07,188 [INFO] [10/121] 잠실 관광특구 (primary=KEY_2)
2026-07-03 16:34:08,865 [INFO] [11/121] 종로·청계 관광특구 (primary=KEY_3)
2026-07-03 16:34:10,362 [INFO] [12/121] 홍대 관광특구 (primary=KEY_4)
2026-07-03 16:34:11,854 [INFO] [13/121] 강서한강공원 (primary=KEY_1)
2026-07-03 16:34:12,928 [INFO] [14/121] 고척돔 (primary=KEY_2)
2026-07-03 16:34:14,698 [INFO] [15/121] 광나루한강공원 (primary=KEY_3)
2026-07-03 16:34:15,942 [INFO] [16/121] 광화문광장 (primary=KEY_4)
2026-07-03 16:34:17,214 [INFO] [17/121] 국립중앙박물관·용산가족공원 (primary=KEY_1)
2026-07-03 16:34:19,342 [INFO] [18/121] 난지한강공원 (primary=KEY_2)
2026-07-03 16:34:20,430 [INFO] [19/121] 남산공원 (primary=KEY_3)
2026-07-03 16:34:22,071 [INFO] [20/121] 노들섬 (primary=KEY_4)
2026-07-03 16:34:23,142 [INFO] [21/121] 뚝섬한강공원 (primary=KEY_1)
2026-07-03 16:34:24,257 [INFO] [22/121] 망원한강공원 (primary=KEY_2)
2026-07-03 16:34:25,559 [INFO] [23/121] 반포한강공원 (primary=KEY_3)
2026-07-03 16:34:26,644 [INFO] [24/121] 보라매공원 (primary=KEY_4)
2026-07-03 16:34:27,734 [INFO] [25/121] 북서울꿈의숲 (primary=KEY_1)
2026-07-03 16:34:28,985 [INFO] [26/121] 서대문독립공원 (primary=KEY_2)
2026-07-03 16:34:30,076 [INFO] [27/121] 서리풀공원·몽마르뜨공원 (primary=KEY_3)
2026-07-03 16:34:32,405 [INFO] [28/121] 서울대공원 (primary=KEY_4)
2026-07-03 16:34:33,482 [INFO] [29/121] 서울숲공원 (primary=KEY_1)
2026-07-03 16:34:34,759 [INFO] [30/121] 송현녹지광장 (primary=KEY_2)
2026-07-03 16:34:36,012 [INFO] [31/121] 아차산 (primary=KEY_3)
2026-07-03 16:34:37,090 [INFO] [32/121] 안양천 (primary=KEY_4)
2026-07-03 16:34:38,861 [INFO] [33/121] 양화한강공원 (primary=KEY_1)
2026-07-03 16:34:39,943 [INFO] [34/121] 어린이대공원 (primary=KEY_2)
2026-07-03 16:34:41,221 [INFO] [35/121] 여의도한강공원 (primary=KEY_3)
2026-07-03 16:34:42,479 [INFO] [36/121] 여의서로 (primary=KEY_4)
2026-07-03 16:34:43,709 [INFO] [37/121] 올림픽공원 (primary=KEY_1)
2026-07-03 16:34:45,172 [INFO] [38/121] 월드컵공원 (primary=KEY_2)
2026-07-03 16:34:46,646 [INFO] [39/121] 응봉산 (primary=KEY_3)
2026-07-03 16:34:47,905 [INFO] [40/121] 이촌한강공원 (primary=KEY_4)
2026-07-03 16:34:49,014 [INFO] [41/121] 잠실종합운동장 (primary=KEY_1)
2026-07-03 16:34:50,101 [INFO] [42/121] 잠실한강공원 (primary=KEY_2)
2026-07-03 16:34:51,210 [INFO] [43/121] 잠원한강공원 (primary=KEY_3)
2026-07-03 16:34:52,299 [INFO] [44/121] 청계산 (primary=KEY_4)
2026-07-03 16:34:53,378 [INFO] [45/121] 홍제폭포 (primary=KEY_1)
2026-07-03 16:34:54,452 [INFO] [46/121] 가락시장 (primary=KEY_2)
2026-07-03 16:34:55,729 [INFO] [47/121] 가로수길 (primary=KEY_3)
2026-07-03 16:34:57,100 [INFO] [48/121] 광장(전통)시장 (primary=KEY_4)
2026-07-03 16:34:58,210 [INFO] [49/121] 김포공항 (primary=KEY_1)
2026-07-03 16:34:59,719 [INFO] [50/121] 남대문시장 (primary=KEY_2)
2026-07-03 16:35:00,989 [INFO] [51/121] 노량진 (primary=KEY_3)
2026-07-03 16:35:02,298 [INFO] [52/121] 덕수궁길·정동길 (primary=KEY_4)
2026-07-03 16:35:03,565 [INFO] [53/121] 북창동 먹자골목 (primary=KEY_1)
2026-07-03 16:35:04,814 [INFO] [54/121] 북촌한옥마을 (primary=KEY_2)
2026-07-03 16:35:06,266 [INFO] [55/121] 서촌 (primary=KEY_3)
2026-07-03 16:35:07,525 [INFO] [56/121] 성수카페거리 (primary=KEY_4)
2026-07-03 16:35:08,995 [INFO] [57/121] 송리단길·호수단길 (primary=KEY_1)
2026-07-03 16:35:10,256 [INFO] [58/121] 신촌 스타광장 (primary=KEY_2)
2026-07-03 16:35:11,346 [INFO] [59/121] 압구정로데오거리 (primary=KEY_3)
2026-07-03 16:35:12,604 [INFO] [60/121] 여의도 (primary=KEY_4)
2026-07-03 16:35:14,659 [INFO] [61/121] 연남동 (primary=KEY_1)
2026-07-03 16:35:15,911 [INFO] [62/121] 영등포 타임스퀘어 (primary=KEY_2)
2026-07-03 16:35:17,162 [INFO] [63/121] 용리단길 (primary=KEY_3)
2026-07-03 16:35:18,286 [INFO] [64/121] 이태원 앤틱가구거리 (primary=KEY_4)
2026-07-03 16:35:19,546 [INFO] [65/121] 익선동 (primary=KEY_1)
2026-07-03 16:35:20,834 [INFO] [66/121] 인사동 (primary=KEY_2)
2026-07-03 16:35:22,405 [INFO] [67/121] 잠실롯데타워·석촌호수 (primary=KEY_3)
2026-07-03 16:35:24,026 [INFO] [68/121] 창동 신경제 중심지 (primary=KEY_4)
2026-07-03 16:35:25,646 [INFO] [69/121] 청담동 명품거리 (primary=KEY_1)
2026-07-03 16:35:26,915 [INFO] [70/121] 청량리 제기동 일대 전통시장 (primary=KEY_2)
2026-07-03 16:35:28,197 [INFO] [71/121] 해방촌·경리단길 (primary=KEY_3)
2026-07-03 16:35:29,293 [INFO] [72/121] DDP(동대문디자인플라자) (primary=KEY_4)
2026-07-03 16:35:30,624 [INFO] [73/121] DMC(디지털미디어시티) (primary=KEY_1)
2026-07-03 16:35:32,387 [INFO] [74/121] 가산디지털단지역 (primary=KEY_2)
2026-07-03 16:35:34,180 [INFO] [75/121] 강남역 (primary=KEY_3)
2026-07-03 16:35:35,811 [INFO] [76/121] 건대입구역 (primary=KEY_4)
2026-07-03 16:35:37,090 [INFO] [77/121] 고덕역 (primary=KEY_1)
2026-07-03 16:35:38,351 [INFO] [78/121] 고속터미널역 (primary=KEY_2)
2026-07-03 16:35:39,859 [INFO] [79/121] 교대역 (primary=KEY_3)
2026-07-03 16:35:41,154 [INFO] [80/121] 구로디지털단지역 (primary=KEY_4)
2026-07-03 16:35:42,772 [INFO] [81/121] 구로역 (primary=KEY_1)
2026-07-03 16:35:44,022 [INFO] [82/121] 군자역 (primary=KEY_2)
2026-07-03 16:35:45,320 [INFO] [83/121] 대림역 (primary=KEY_3)
2026-07-03 16:35:46,622 [INFO] [84/121] 동대문역 (primary=KEY_4)
2026-07-03 16:35:47,898 [INFO] [85/121] 뚝섬역 (primary=KEY_1)
2026-07-03 16:35:49,178 [INFO] [86/121] 미아사거리역 (primary=KEY_2)
2026-07-03 16:35:50,451 [INFO] [87/121] 발산역 (primary=KEY_3)
2026-07-03 16:35:52,079 [INFO] [88/121] 사당역 (primary=KEY_4)
2026-07-03 16:35:53,403 [INFO] [89/121] 삼각지역 (primary=KEY_1)
2026-07-03 16:35:54,657 [INFO] [90/121] 서울대입구역 (primary=KEY_2)
2026-07-03 16:35:55,930 [INFO] [91/121] 서울식물원·마곡나루역 (primary=KEY_3)
2026-07-03 16:35:57,380 [INFO] [92/121] 서울역 (primary=KEY_4)
2026-07-03 16:35:58,856 [INFO] [93/121] 선릉역 (primary=KEY_1)
2026-07-03 16:36:00,501 [INFO] [94/121] 성신여대입구역 (primary=KEY_2)
2026-07-03 16:36:01,766 [INFO] [95/121] 수유역 (primary=KEY_3)
2026-07-03 16:36:03,037 [INFO] [96/121] 숭례문 (primary=KEY_4)
2026-07-03 16:36:04,490 [INFO] [97/121] 시의회 앞 (primary=KEY_1)
2026-07-03 16:36:05,768 [INFO] [98/121] 신논현역·논현역 (primary=KEY_2)
2026-07-03 16:36:07,074 [INFO] [99/121] 신도림역 (primary=KEY_3)
2026-07-03 16:36:08,169 [INFO] [100/121] 신림역 (primary=KEY_4)
2026-07-03 16:36:09,459 [INFO] [101/121] 신정네거리역 (primary=KEY_1)
2026-07-03 16:36:10,725 [INFO] [102/121] 신촌·이대역 (primary=KEY_2)
2026-07-03 16:36:11,989 [INFO] [103/121] 쌍문역 (primary=KEY_3)
2026-07-03 16:36:13,250 [INFO] [104/121] 양재역 (primary=KEY_4)
2026-07-03 16:36:14,515 [INFO] [105/121] 역삼역 (primary=KEY_1)
2026-07-03 16:36:16,003 [INFO] [106/121] 연신내역 (primary=KEY_2)
2026-07-03 16:36:17,144 [INFO] [107/121] 오목교역·목동운동장 (primary=KEY_3)
2026-07-03 16:36:18,988 [INFO] [108/121] 왕십리역 (primary=KEY_4)
2026-07-03 16:36:20,454 [INFO] [109/121] 용산역 (primary=KEY_1)
2026-07-03 16:36:21,894 [INFO] [110/121] 이태원역 (primary=KEY_2)
2026-07-03 16:36:22,987 [INFO] [111/121] 잠실새내역 (primary=KEY_3)
2026-07-03 16:36:24,258 [INFO] [112/121] 잠실역 (primary=KEY_4)
2026-07-03 16:36:25,699 [INFO] [113/121] 장지역 (primary=KEY_1)
2026-07-03 16:36:27,169 [INFO] [114/121] 장한평역 (primary=KEY_2)
2026-07-03 16:36:28,439 [INFO] [115/121] 천호역 (primary=KEY_3)
2026-07-03 16:36:29,889 [INFO] [116/121] 총신대입구(이수)역 (primary=KEY_4)
2026-07-03 16:36:31,182 [INFO] [117/121] 충정로역 (primary=KEY_1)
2026-07-03 16:36:32,458 [INFO] [118/121] 합정역 (primary=KEY_2)
2026-07-03 16:36:33,914 [INFO] [119/121] 혜화역 (primary=KEY_3)
2026-07-03 16:36:35,188 [INFO] [120/121] 홍대입구역(2호선) (primary=KEY_4)
2026-07-03 16:36:36,470 [INFO] [121/121] 회기역 (primary=KEY_1)
2026-07-03 16:36:40,236 [INFO] === 수집 완료 | 성공 121, 실패 0 ===
2026-07-03 16:36:40,236 [INFO] 카테고리별 저장 결과:
2026-07-03 16:36:40,236 [INFO]    accident                  | 신규     8행 | 누적     31행 | 16컬럼
2026-07-03 16:36:40,236 [INFO]    accident_acdnt_cntrl_stts | 신규     2행 | 누적      4행 | 16컬럼
2026-07-03 16:36:40,236 [INFO]    area_meta                 | 신규   121행 | 누적    847행 | 5컬럼
2026-07-03 16:36:40,236 [INFO]    bike                      | 신규    12행 | 누적     84행 | 12컬럼
2026-07-03 16:36:40,236 [INFO]    bike_sbike_stts           | 신규   553행 | 누적   3871행 | 12컬럼
2026-07-03 16:36:40,236 [INFO]    bus                       | 신규     3행 | 누적     21행 | 11컬럼
2026-07-03 16:36:40,237 [INFO]    bus_bus_stn_stts          | 신규  1745행 | 누적  12215행 | 11컬럼
2026-07-03 16:36:40,237 [INFO]    charger                   | 신규     4행 | 누적     54행 | 15컬럼
2026-07-03 16:36:40,237 [INFO]    charger_charger_stts      | 신규  1922행 | 누적  10901행 | 15컬럼
2026-07-03 16:36:40,237 [INFO]    cmrcl                     | 신규    82행 | 누적    574행 | 20컬럼
2026-07-03 16:36:40,237 [INFO]    events                    | 신규    10행 | 누적     73행 | 14컬럼
2026-07-03 16:36:40,237 [INFO]    events_event_stts         | 신규   122행 | 누적    851행 | 14컬럼
2026-07-03 16:36:40,237 [INFO]    news                      | 신규   120행 | 누적    240행 | 10컬럼
2026-07-03 16:36:40,237 [INFO]    parking                   | 신규     6행 | 누적     42행 | 21컬럼
2026-07-03 16:36:40,237 [INFO]    parking_prk_stts          | 신규  1833행 | 누적  12831행 | 21컬럼
2026-07-03 16:36:40,237 [INFO]    ppltn                     | 신규   121행 | 누적    846행 | 26컬럼
2026-07-03 16:36:40,237 [INFO]    road                      | 신규   121행 | 누적    847행 | 21컬럼
2026-07-03 16:36:40,237 [INFO]    road_road_traffic_stts    | 신규  5261행 | 누적  36827행 | 17컬럼
2026-07-03 16:36:40,237 [INFO]    subway                    | 신규    38행 | 누적    266행 | 13컬럼
2026-07-03 16:36:40,237 [INFO]    subway_sub_stts           | 신규   183행 | 누적   1281행 | 13컬럼
2026-07-03 16:36:40,237 [INFO]    weather                   | 신규   119행 | 누적    833행 | 29컬럼
2026-07-03 16:36:40,237 [INFO] 키별 사용량:
2026-07-03 16:36:40,237 [INFO]    🟢 KEY_1 (31/1000) 
2026-07-03 16:36:40,238 [INFO]    🟢 KEY_2 (30/1000) 
2026-07-03 16:36:40,238 [INFO]    🟢 KEY_3 (30/1000) 
2026-07-03 16:36:40,238 [INFO]    🟢 KEY_4 (30/1000) 
2026-07-03 19:48:34,290 [INFO] 등록된 키: 4개, 합산 한도 4,000건/일
2026-07-03 19:48:34,290 [INFO] POI 로드: 매뉴얼 v8.5 기준 fallback 121개 (121개 전체)
2026-07-03 19:48:34,290 [INFO] === 수집 시작 2026-07-03T19:48:34.290766+09:00 ===
2026-07-03 19:48:34,290 [INFO] 대상 장소: 121개 | API: citydata (통합)
2026-07-03 19:48:34,290 [INFO] 키 풀: 4/4 활성 | 오늘 사용 0/4000건
2026-07-03 19:48:34,290 [INFO]   [KEY_1] 담당 31장소
2026-07-03 19:48:34,291 [INFO]   [KEY_2] 담당 30장소
2026-07-03 19:48:34,291 [INFO]   [KEY_3] 담당 30장소
2026-07-03 19:48:34,291 [INFO]   [KEY_4] 담당 30장소
2026-07-03 19:48:34,291 [INFO] [1/121] 경복궁 (primary=KEY_1)
2026-07-03 19:48:36,423 [INFO] [2/121] 광화문·덕수궁 (primary=KEY_2)
2026-07-03 19:48:38,754 [INFO] [3/121] 보신각 (primary=KEY_3)
2026-07-03 19:48:40,875 [INFO] [4/121] 서울 암사동 유적 (primary=KEY_4)
2026-07-03 19:48:42,785 [INFO] [5/121] 창덕궁·종묘 (primary=KEY_1)
2026-07-03 19:48:44,883 [INFO] [6/121] 강남 MICE 관광특구 (primary=KEY_2)
2026-07-03 19:48:46,825 [INFO] [7/121] 동대문 관광특구 (primary=KEY_3)
2026-07-03 19:48:48,465 [INFO] [8/121] 명동 관광특구 (primary=KEY_4)
2026-07-03 19:48:51,074 [INFO] [9/121] 이태원 관광특구 (primary=KEY_1)
2026-07-03 19:48:53,213 [INFO] [10/121] 잠실 관광특구 (primary=KEY_2)
2026-07-03 19:48:54,798 [INFO] [11/121] 종로·청계 관광특구 (primary=KEY_3)
2026-07-03 19:48:56,417 [INFO] [12/121] 홍대 관광특구 (primary=KEY_4)
2026-07-03 19:48:58,776 [INFO] [13/121] 강서한강공원 (primary=KEY_1)
2026-07-03 19:49:00,694 [INFO] [14/121] 고척돔 (primary=KEY_2)
2026-07-03 19:49:01,840 [INFO] [15/121] 광나루한강공원 (primary=KEY_3)
2026-07-03 19:49:03,359 [INFO] [16/121] 광화문광장 (primary=KEY_4)
2026-07-03 19:49:04,719 [INFO] [17/121] 국립중앙박물관·용산가족공원 (primary=KEY_1)
2026-07-03 19:49:05,859 [INFO] [18/121] 난지한강공원 (primary=KEY_2)
2026-07-03 19:49:07,784 [INFO] [19/121] 남산공원 (primary=KEY_3)
2026-07-03 19:49:09,348 [INFO] [20/121] 노들섬 (primary=KEY_4)
2026-07-03 19:49:11,266 [INFO] [21/121] 뚝섬한강공원 (primary=KEY_1)
2026-07-03 19:49:13,201 [INFO] [22/121] 망원한강공원 (primary=KEY_2)
2026-07-03 19:49:14,595 [INFO] [23/121] 반포한강공원 (primary=KEY_3)
2026-07-03 19:49:16,513 [INFO] [24/121] 보라매공원 (primary=KEY_4)
2026-07-03 19:49:17,680 [INFO] [25/121] 북서울꿈의숲 (primary=KEY_1)
2026-07-03 19:49:19,633 [INFO] [26/121] 서대문독립공원 (primary=KEY_2)
2026-07-03 19:49:21,577 [INFO] [27/121] 서리풀공원·몽마르뜨공원 (primary=KEY_3)
2026-07-03 19:49:22,942 [INFO] [28/121] 서울대공원 (primary=KEY_4)
2026-07-03 19:49:24,867 [INFO] [29/121] 서울숲공원 (primary=KEY_1)
2026-07-03 19:49:26,215 [INFO] [30/121] 송현녹지광장 (primary=KEY_2)
2026-07-03 19:49:27,558 [INFO] [31/121] 아차산 (primary=KEY_3)
2026-07-03 19:49:29,276 [INFO] [32/121] 안양천 (primary=KEY_4)
2026-07-03 19:49:30,616 [INFO] [33/121] 양화한강공원 (primary=KEY_1)
2026-07-03 19:49:31,763 [INFO] [34/121] 어린이대공원 (primary=KEY_2)
2026-07-03 19:49:33,115 [INFO] [35/121] 여의도한강공원 (primary=KEY_3)
2026-07-03 19:49:34,472 [INFO] [36/121] 여의서로 (primary=KEY_4)
2026-07-03 19:49:35,623 [INFO] [37/121] 올림픽공원 (primary=KEY_1)
2026-07-03 19:49:36,988 [INFO] [38/121] 월드컵공원 (primary=KEY_2)
2026-07-03 19:49:38,564 [INFO] [39/121] 응봉산 (primary=KEY_3)
2026-07-03 19:49:39,911 [INFO] [40/121] 이촌한강공원 (primary=KEY_4)
2026-07-03 19:49:41,056 [INFO] [41/121] 잠실종합운동장 (primary=KEY_1)
2026-07-03 19:49:42,223 [INFO] [42/121] 잠실한강공원 (primary=KEY_2)
2026-07-03 19:49:43,393 [INFO] [43/121] 잠원한강공원 (primary=KEY_3)
2026-07-03 19:49:44,539 [INFO] [44/121] 청계산 (primary=KEY_4)
2026-07-03 19:49:45,686 [INFO] [45/121] 홍제폭포 (primary=KEY_1)
2026-07-03 19:49:46,822 [INFO] [46/121] 가락시장 (primary=KEY_2)
2026-07-03 19:49:48,192 [INFO] [47/121] 가로수길 (primary=KEY_3)
2026-07-03 19:49:49,558 [INFO] [48/121] 광장(전통)시장 (primary=KEY_4)
2026-07-03 19:49:50,724 [INFO] [49/121] 김포공항 (primary=KEY_1)
2026-07-03 19:49:52,182 [INFO] [50/121] 남대문시장 (primary=KEY_2)
2026-07-03 19:49:53,535 [INFO] [51/121] 노량진 (primary=KEY_3)
2026-07-03 19:49:56,036 [INFO] [52/121] 덕수궁길·정동길 (primary=KEY_4)
2026-07-03 19:49:57,464 [INFO] [53/121] 북창동 먹자골목 (primary=KEY_1)
2026-07-03 19:49:58,631 [INFO] [54/121] 북촌한옥마을 (primary=KEY_2)
2026-07-03 19:50:00,750 [INFO] [55/121] 서촌 (primary=KEY_3)
2026-07-03 19:50:03,042 [INFO] [56/121] 성수카페거리 (primary=KEY_4)
2026-07-03 19:50:05,541 [INFO] [57/121] 송리단길·호수단길 (primary=KEY_1)
2026-07-03 19:50:07,883 [INFO] [58/121] 신촌 스타광장 (primary=KEY_2)
2026-07-03 19:50:09,802 [INFO] [59/121] 압구정로데오거리 (primary=KEY_3)
2026-07-03 19:50:12,293 [INFO] [60/121] 여의도 (primary=KEY_4)
2026-07-03 19:50:15,042 [INFO] [61/121] 연남동 (primary=KEY_1)
2026-07-03 19:50:17,336 [INFO] [62/121] 영등포 타임스퀘어 (primary=KEY_2)
2026-07-03 19:50:18,675 [INFO] [63/121] 용리단길 (primary=KEY_3)
2026-07-03 19:50:19,837 [INFO] [64/121] 이태원 앤틱가구거리 (primary=KEY_4)
2026-07-03 19:50:21,950 [INFO] [65/121] 익선동 (primary=KEY_1)
2026-07-03 19:50:23,313 [INFO] [66/121] 인사동 (primary=KEY_2)
2026-07-03 19:50:25,247 [INFO] [67/121] 잠실롯데타워·석촌호수 (primary=KEY_3)
2026-07-03 19:50:26,618 [INFO] [68/121] 창동 신경제 중심지 (primary=KEY_4)
2026-07-03 19:50:29,030 [INFO] [69/121] 청담동 명품거리 (primary=KEY_1)
2026-07-03 19:50:31,163 [INFO] [70/121] 청량리 제기동 일대 전통시장 (primary=KEY_2)
2026-07-03 19:50:33,478 [INFO] [71/121] 해방촌·경리단길 (primary=KEY_3)
2026-07-03 19:50:34,615 [INFO] [72/121] DDP(동대문디자인플라자) (primary=KEY_4)
2026-07-03 19:50:36,746 [INFO] [73/121] DMC(디지털미디어시티) (primary=KEY_1)
2026-07-03 19:50:38,887 [INFO] [74/121] 가산디지털단지역 (primary=KEY_2)
2026-07-03 19:50:40,426 [INFO] [75/121] 강남역 (primary=KEY_3)
2026-07-03 19:50:42,103 [INFO] [76/121] 건대입구역 (primary=KEY_4)
2026-07-03 19:50:44,235 [INFO] [77/121] 고덕역 (primary=KEY_1)
2026-07-03 19:50:45,581 [INFO] [78/121] 고속터미널역 (primary=KEY_2)
2026-07-03 19:50:47,525 [INFO] [79/121] 교대역 (primary=KEY_3)
2026-07-03 19:50:48,708 [INFO] [80/121] 구로디지털단지역 (primary=KEY_4)
2026-07-03 19:50:50,057 [INFO] [81/121] 구로역 (primary=KEY_1)
2026-07-03 19:50:51,211 [INFO] [82/121] 군자역 (primary=KEY_2)
2026-07-03 19:50:52,561 [INFO] [83/121] 대림역 (primary=KEY_3)
2026-07-03 19:50:53,917 [INFO] [84/121] 동대문역 (primary=KEY_4)
2026-07-03 19:50:55,275 [INFO] [85/121] 뚝섬역 (primary=KEY_1)
2026-07-03 19:50:56,620 [INFO] [86/121] 미아사거리역 (primary=KEY_2)
2026-07-03 19:50:57,970 [INFO] [87/121] 발산역 (primary=KEY_3)
2026-07-03 19:51:00,284 [INFO] [88/121] 사당역 (primary=KEY_4)
2026-07-03 19:51:01,844 [INFO] [89/121] 삼각지역 (primary=KEY_1)
2026-07-03 19:51:03,762 [INFO] [90/121] 서울대입구역 (primary=KEY_2)
2026-07-03 19:51:05,105 [INFO] [91/121] 서울식물원·마곡나루역 (primary=KEY_3)
2026-07-03 19:51:06,470 [INFO] [92/121] 서울역 (primary=KEY_4)
2026-07-03 19:51:07,880 [INFO] [93/121] 선릉역 (primary=KEY_1)
2026-07-03 19:51:09,449 [INFO] [94/121] 성신여대입구역 (primary=KEY_2)
2026-07-03 19:51:10,830 [INFO] [95/121] 수유역 (primary=KEY_3)
2026-07-03 19:51:12,170 [INFO] [96/121] 숭례문 (primary=KEY_4)
2026-07-03 19:51:13,522 [INFO] [97/121] 시의회 앞 (primary=KEY_1)
2026-07-03 19:51:14,865 [INFO] [98/121] 신논현역·논현역 (primary=KEY_2)
2026-07-03 19:51:16,249 [INFO] [99/121] 신도림역 (primary=KEY_3)
2026-07-03 19:51:17,404 [INFO] [100/121] 신림역 (primary=KEY_4)
2026-07-03 19:51:18,572 [INFO] [101/121] 신정네거리역 (primary=KEY_1)
2026-07-03 19:51:19,731 [INFO] [102/121] 신촌·이대역 (primary=KEY_2)
2026-07-03 19:51:21,083 [INFO] [103/121] 쌍문역 (primary=KEY_3)
2026-07-03 19:51:22,417 [INFO] [104/121] 양재역 (primary=KEY_4)
2026-07-03 19:51:23,770 [INFO] [105/121] 역삼역 (primary=KEY_1)
2026-07-03 19:51:25,116 [INFO] [106/121] 연신내역 (primary=KEY_2)
2026-07-03 19:51:26,289 [INFO] [107/121] 오목교역·목동운동장 (primary=KEY_3)
2026-07-03 19:51:27,845 [INFO] [108/121] 왕십리역 (primary=KEY_4)
2026-07-03 19:51:29,206 [INFO] [109/121] 용산역 (primary=KEY_1)
2026-07-03 19:51:30,828 [INFO] [110/121] 이태원역 (primary=KEY_2)
2026-07-03 19:51:31,986 [INFO] [111/121] 잠실새내역 (primary=KEY_3)
2026-07-03 19:51:33,334 [INFO] [112/121] 잠실역 (primary=KEY_4)
2026-07-03 19:51:35,451 [INFO] [113/121] 장지역 (primary=KEY_1)
2026-07-03 19:51:36,810 [INFO] [114/121] 장한평역 (primary=KEY_2)
2026-07-03 19:51:38,162 [INFO] [115/121] 천호역 (primary=KEY_3)
2026-07-03 19:51:39,531 [INFO] [116/121] 총신대입구(이수)역 (primary=KEY_4)
2026-07-03 19:51:40,902 [INFO] [117/121] 충정로역 (primary=KEY_1)
2026-07-03 19:51:42,299 [INFO] [118/121] 합정역 (primary=KEY_2)
2026-07-03 19:51:43,656 [INFO] [119/121] 혜화역 (primary=KEY_3)
2026-07-03 19:51:44,998 [INFO] [120/121] 홍대입구역(2호선) (primary=KEY_4)
2026-07-03 19:51:46,417 [INFO] [121/121] 회기역 (primary=KEY_1)
2026-07-03 19:51:49,374 [INFO] === 수집 완료 | 성공 121, 실패 0 ===
2026-07-03 19:51:49,374 [INFO] 카테고리별 저장 결과:
2026-07-03 19:51:49,374 [INFO]    accident                  | 신규     5행 | 누적     36행 | 16컬럼
2026-07-03 19:51:49,374 [INFO]    area_meta                 | 신규   121행 | 누적    968행 | 5컬럼
2026-07-03 19:51:49,374 [INFO]    bike                      | 신규    12행 | 누적     96행 | 12컬럼
2026-07-03 19:51:49,374 [INFO]    bike_sbike_stts           | 신규   553행 | 누적   4424행 | 12컬럼
2026-07-03 19:51:49,374 [INFO]    bus                       | 신규     3행 | 누적     24행 | 11컬럼
2026-07-03 19:51:49,374 [INFO]    bus_bus_stn_stts          | 신규  1745행 | 누적  13960행 | 11컬럼
2026-07-03 19:51:49,374 [INFO]    charger                   | 신규    26행 | 누적     80행 | 15컬럼
2026-07-03 19:51:49,374 [INFO]    charger_charger_stts      | 신규   340행 | 누적  11239행 | 15컬럼
2026-07-03 19:51:49,374 [INFO]    cmrcl                     | 신규    82행 | 누적    656행 | 20컬럼
2026-07-03 19:51:49,374 [INFO]    events                    | 신규    10행 | 누적     83행 | 14컬럼
2026-07-03 19:51:49,374 [INFO]    events_event_stts         | 신규   122행 | 누적    973행 | 14컬럼
2026-07-03 19:51:49,374 [INFO]    news                      | 신규   120행 | 누적    360행 | 10컬럼
2026-07-03 19:51:49,374 [INFO]    parking                   | 신규     6행 | 누적     48행 | 21컬럼
2026-07-03 19:51:49,374 [INFO]    parking_prk_stts          | 신규  1833행 | 누적  14664행 | 21컬럼
2026-07-03 19:51:49,375 [INFO]    ppltn                     | 신규   121행 | 누적    967행 | 26컬럼
2026-07-03 19:51:49,375 [INFO]    road                      | 신규   121행 | 누적    968행 | 21컬럼
2026-07-03 19:51:49,375 [INFO]    road_road_traffic_stts    | 신규  5261행 | 누적  42088행 | 17컬럼
2026-07-03 19:51:49,375 [INFO]    subway                    | 신규    38행 | 누적    304행 | 13컬럼
2026-07-03 19:51:49,375 [INFO]    subway_sub_stts           | 신규   183행 | 누적   1464행 | 13컬럼
2026-07-03 19:51:49,375 [INFO]    weather                   | 신규   119행 | 누적    952행 | 29컬럼
2026-07-03 19:51:49,375 [INFO] 키별 사용량:
2026-07-03 19:51:49,375 [INFO]    🟢 KEY_1 (31/1000) 
2026-07-03 19:51:49,375 [INFO]    🟢 KEY_2 (30/1000) 
2026-07-03 19:51:49,375 [INFO]    🟢 KEY_3 (30/1000) 
2026-07-03 19:51:49,375 [INFO]    🟢 KEY_4 (30/1000) 
2026-07-03 22:04:12,155 [INFO] 등록된 키: 4개, 합산 한도 4,000건/일
2026-07-03 22:04:12,155 [INFO] POI 로드: 매뉴얼 v8.5 기준 fallback 121개 (121개 전체)
2026-07-03 22:04:12,155 [INFO] === 수집 시작 2026-07-03T22:04:12.155823+09:00 ===
2026-07-03 22:04:12,155 [INFO] 대상 장소: 121개 | API: citydata (통합)
2026-07-03 22:04:12,156 [INFO] 키 풀: 4/4 활성 | 오늘 사용 0/4000건
2026-07-03 22:04:12,156 [INFO]   [KEY_1] 담당 31장소
2026-07-03 22:04:12,156 [INFO]   [KEY_2] 담당 30장소
2026-07-03 22:04:12,156 [INFO]   [KEY_3] 담당 30장소
2026-07-03 22:04:12,156 [INFO]   [KEY_4] 담당 30장소
2026-07-03 22:04:12,156 [INFO] [1/121] 경복궁 (primary=KEY_1)
2026-07-03 22:04:14,305 [INFO] [2/121] 광화문·덕수궁 (primary=KEY_2)
2026-07-03 22:04:16,849 [INFO] [3/121] 보신각 (primary=KEY_3)
2026-07-03 22:04:18,977 [INFO] [4/121] 서울 암사동 유적 (primary=KEY_4)
2026-07-03 22:04:20,889 [INFO] [5/121] 창덕궁·종묘 (primary=KEY_1)
2026-07-03 22:04:23,005 [INFO] [6/121] 강남 MICE 관광특구 (primary=KEY_2)
2026-07-03 22:04:25,133 [INFO] [7/121] 동대문 관광특구 (primary=KEY_3)
2026-07-03 22:04:27,691 [INFO] [8/121] 명동 관광특구 (primary=KEY_4)
2026-07-03 22:04:30,483 [INFO] [9/121] 이태원 관광특구 (primary=KEY_1)
2026-07-03 22:04:31,854 [INFO] [10/121] 잠실 관광특구 (primary=KEY_2)
2026-07-03 22:04:34,418 [INFO] [11/121] 종로·청계 관광특구 (primary=KEY_3)
2026-07-03 22:04:36,013 [INFO] [12/121] 홍대 관광특구 (primary=KEY_4)
2026-07-03 22:04:38,570 [INFO] [13/121] 강서한강공원 (primary=KEY_1)
2026-07-03 22:04:39,708 [INFO] [14/121] 고척돔 (primary=KEY_2)
2026-07-03 22:04:41,621 [INFO] [15/121] 광나루한강공원 (primary=KEY_3)
2026-07-03 22:04:43,536 [INFO] [16/121] 광화문광장 (primary=KEY_4)
2026-07-03 22:04:44,916 [INFO] [17/121] 국립중앙박물관·용산가족공원 (primary=KEY_1)
2026-07-03 22:04:46,855 [INFO] [18/121] 난지한강공원 (primary=KEY_2)
2026-07-03 22:04:48,757 [INFO] [19/121] 남산공원 (primary=KEY_3)
2026-07-03 22:04:51,079 [INFO] [20/121] 노들섬 (primary=KEY_4)
2026-07-03 22:04:52,209 [INFO] [21/121] 뚝섬한강공원 (primary=KEY_1)
2026-07-03 22:04:54,144 [INFO] [22/121] 망원한강공원 (primary=KEY_2)
2026-07-03 22:04:55,506 [INFO] [23/121] 반포한강공원 (primary=KEY_3)
2026-07-03 22:04:56,655 [INFO] [24/121] 보라매공원 (primary=KEY_4)
2026-07-03 22:04:57,819 [INFO] [25/121] 북서울꿈의숲 (primary=KEY_1)
2026-07-03 22:04:59,913 [INFO] [26/121] 서대문독립공원 (primary=KEY_2)
2026-07-03 22:05:01,064 [INFO] [27/121] 서리풀공원·몽마르뜨공원 (primary=KEY_3)
2026-07-03 22:05:03,210 [INFO] [28/121] 서울대공원 (primary=KEY_4)
2026-07-03 22:05:05,124 [INFO] [29/121] 서울숲공원 (primary=KEY_1)
2026-07-03 22:05:07,234 [INFO] [30/121] 송현녹지광장 (primary=KEY_2)
2026-07-03 22:05:08,565 [INFO] [31/121] 아차산 (primary=KEY_3)
2026-07-03 22:05:10,468 [INFO] [32/121] 안양천 (primary=KEY_4)
2026-07-03 22:05:11,598 [INFO] [33/121] 양화한강공원 (primary=KEY_1)
2026-07-03 22:05:12,743 [INFO] [34/121] 어린이대공원 (primary=KEY_2)
2026-07-03 22:05:14,849 [INFO] [35/121] 여의도한강공원 (primary=KEY_3)
2026-07-03 22:05:16,961 [INFO] [36/121] 여의서로 (primary=KEY_4)
2026-07-03 22:05:19,054 [INFO] [37/121] 올림픽공원 (primary=KEY_1)
2026-07-03 22:05:21,420 [INFO] [38/121] 월드컵공원 (primary=KEY_2)
2026-07-03 22:05:23,754 [INFO] [39/121] 응봉산 (primary=KEY_3)
2026-07-03 22:05:25,858 [INFO] [40/121] 이촌한강공원 (primary=KEY_4)
2026-07-03 22:05:26,995 [INFO] [41/121] 잠실종합운동장 (primary=KEY_1)
2026-07-03 22:05:28,923 [INFO] [42/121] 잠실한강공원 (primary=KEY_2)
2026-07-03 22:05:30,072 [INFO] [43/121] 잠원한강공원 (primary=KEY_3)
2026-07-03 22:05:31,224 [INFO] [44/121] 청계산 (primary=KEY_4)
2026-07-03 22:05:32,350 [INFO] [45/121] 홍제폭포 (primary=KEY_1)
2026-07-03 22:05:34,246 [INFO] [46/121] 가락시장 (primary=KEY_2)
2026-07-03 22:05:36,380 [INFO] [47/121] 가로수길 (primary=KEY_3)
2026-07-03 22:05:37,747 [INFO] [48/121] 광장(전통)시장 (primary=KEY_4)
2026-07-03 22:05:40,499 [INFO] [49/121] 김포공항 (primary=KEY_1)
2026-07-03 22:05:42,867 [INFO] [50/121] 남대문시장 (primary=KEY_2)
2026-07-03 22:05:44,985 [INFO] [51/121] 노량진 (primary=KEY_3)
2026-07-03 22:05:46,355 [INFO] [52/121] 덕수궁길·정동길 (primary=KEY_4)
2026-07-03 22:05:47,725 [INFO] [53/121] 북창동 먹자골목 (primary=KEY_1)
2026-07-03 22:05:49,844 [INFO] [54/121] 북촌한옥마을 (primary=KEY_2)
2026-07-03 22:05:51,391 [INFO] [55/121] 서촌 (primary=KEY_3)
2026-07-03 22:05:53,498 [INFO] [56/121] 성수카페거리 (primary=KEY_4)
2026-07-03 22:05:55,041 [INFO] [57/121] 송리단길·호수단길 (primary=KEY_1)
2026-07-03 22:05:57,178 [INFO] [58/121] 신촌 스타광장 (primary=KEY_2)
2026-07-03 22:05:59,103 [INFO] [59/121] 압구정로데오거리 (primary=KEY_3)
2026-07-03 22:06:01,238 [INFO] [60/121] 여의도 (primary=KEY_4)
2026-07-03 22:06:03,437 [INFO] [61/121] 연남동 (primary=KEY_1)
2026-07-03 22:06:04,790 [INFO] [62/121] 영등포 타임스퀘어 (primary=KEY_2)
2026-07-03 22:06:06,140 [INFO] [63/121] 용리단길 (primary=KEY_3)
2026-07-03 22:06:08,145 [INFO] [64/121] 이태원 앤틱가구거리 (primary=KEY_4)
2026-07-03 22:06:09,491 [INFO] [65/121] 익선동 (primary=KEY_1)
2026-07-03 22:06:10,856 [INFO] [66/121] 인사동 (primary=KEY_2)
2026-07-03 22:06:13,209 [INFO] [67/121] 잠실롯데타워·석촌호수 (primary=KEY_3)
2026-07-03 22:06:15,727 [INFO] [68/121] 창동 신경제 중심지 (primary=KEY_4)
2026-07-03 22:06:18,247 [INFO] [69/121] 청담동 명품거리 (primary=KEY_1)
2026-07-03 22:06:19,597 [INFO] [70/121] 청량리 제기동 일대 전통시장 (primary=KEY_2)
2026-07-03 22:06:20,963 [INFO] [71/121] 해방촌·경리단길 (primary=KEY_3)
2026-07-03 22:06:22,300 [INFO] [72/121] DDP(동대문디자인플라자) (primary=KEY_4)
2026-07-03 22:06:24,249 [INFO] [73/121] DMC(디지털미디어시티) (primary=KEY_1)
2026-07-03 22:06:26,239 [INFO] [74/121] 가산디지털단지역 (primary=KEY_2)
2026-07-03 22:06:28,194 [INFO] [75/121] 강남역 (primary=KEY_3)
2026-07-03 22:06:29,995 [INFO] [76/121] 건대입구역 (primary=KEY_4)
2026-07-03 22:06:31,384 [INFO] [77/121] 고덕역 (primary=KEY_1)
2026-07-03 22:06:32,739 [INFO] [78/121] 고속터미널역 (primary=KEY_2)
2026-07-03 22:06:34,869 [INFO] [79/121] 교대역 (primary=KEY_3)
2026-07-03 22:06:36,229 [INFO] [80/121] 구로디지털단지역 (primary=KEY_4)
2026-07-03 22:06:37,994 [INFO] [81/121] 구로역 (primary=KEY_1)
2026-07-03 22:06:39,332 [INFO] [82/121] 군자역 (primary=KEY_2)
2026-07-03 22:06:40,683 [INFO] [83/121] 대림역 (primary=KEY_3)
2026-07-03 22:06:42,041 [INFO] [84/121] 동대문역 (primary=KEY_4)
2026-07-03 22:06:43,397 [INFO] [85/121] 뚝섬역 (primary=KEY_1)
2026-07-03 22:06:44,746 [INFO] [86/121] 미아사거리역 (primary=KEY_2)
2026-07-03 22:06:46,107 [INFO] [87/121] 발산역 (primary=KEY_3)
2026-07-03 22:06:47,850 [INFO] [88/121] 사당역 (primary=KEY_4)
2026-07-03 22:06:49,206 [INFO] [89/121] 삼각지역 (primary=KEY_1)
2026-07-03 22:06:50,590 [INFO] [90/121] 서울대입구역 (primary=KEY_2)
2026-07-03 22:06:51,942 [INFO] [91/121] 서울식물원·마곡나루역 (primary=KEY_3)
2026-07-03 22:06:53,497 [INFO] [92/121] 서울역 (primary=KEY_4)
2026-07-03 22:06:54,909 [INFO] [93/121] 선릉역 (primary=KEY_1)
2026-07-03 22:06:56,696 [INFO] [94/121] 성신여대입구역 (primary=KEY_2)
2026-07-03 22:06:58,056 [INFO] [95/121] 수유역 (primary=KEY_3)
2026-07-03 22:06:59,414 [INFO] [96/121] 숭례문 (primary=KEY_4)
2026-07-03 22:07:00,974 [INFO] [97/121] 시의회 앞 (primary=KEY_1)
2026-07-03 22:07:02,328 [INFO] [98/121] 신논현역·논현역 (primary=KEY_2)
2026-07-03 22:07:04,471 [INFO] [99/121] 신도림역 (primary=KEY_3)
2026-07-03 22:07:05,623 [INFO] [100/121] 신림역 (primary=KEY_4)
2026-07-03 22:07:06,965 [INFO] [101/121] 신정네거리역 (primary=KEY_1)
2026-07-03 22:07:08,313 [INFO] [102/121] 신촌·이대역 (primary=KEY_2)
2026-07-03 22:07:09,669 [INFO] [103/121] 쌍문역 (primary=KEY_3)
2026-07-03 22:07:11,004 [INFO] [104/121] 양재역 (primary=KEY_4)
2026-07-03 22:07:12,359 [INFO] [105/121] 역삼역 (primary=KEY_1)
2026-07-03 22:07:14,734 [INFO] [106/121] 연신내역 (primary=KEY_2)
2026-07-03 22:07:15,903 [INFO] [107/121] 오목교역·목동운동장 (primary=KEY_3)
2026-07-03 22:07:17,849 [INFO] [108/121] 왕십리역 (primary=KEY_4)
2026-07-03 22:07:19,228 [INFO] [109/121] 용산역 (primary=KEY_1)
2026-07-03 22:07:20,759 [INFO] [110/121] 이태원역 (primary=KEY_2)
2026-07-03 22:07:21,916 [INFO] [111/121] 잠실새내역 (primary=KEY_3)
2026-07-03 22:07:23,261 [INFO] [112/121] 잠실역 (primary=KEY_4)
2026-07-03 22:07:24,843 [INFO] [113/121] 장지역 (primary=KEY_1)
2026-07-03 22:07:26,408 [INFO] [114/121] 장한평역 (primary=KEY_2)
2026-07-03 22:07:27,774 [INFO] [115/121] 천호역 (primary=KEY_3)
2026-07-03 22:07:29,311 [INFO] [116/121] 총신대입구(이수)역 (primary=KEY_4)
2026-07-03 22:07:30,700 [INFO] [117/121] 충정로역 (primary=KEY_1)
2026-07-03 22:07:32,057 [INFO] [118/121] 합정역 (primary=KEY_2)
2026-07-03 22:07:33,619 [INFO] [119/121] 혜화역 (primary=KEY_3)
2026-07-03 22:07:34,958 [INFO] [120/121] 홍대입구역(2호선) (primary=KEY_4)
2026-07-03 22:07:36,343 [INFO] [121/121] 회기역 (primary=KEY_1)
2026-07-03 22:07:39,316 [INFO] === 수집 완료 | 성공 121, 실패 0 ===
2026-07-03 22:07:39,316 [INFO] 카테고리별 저장 결과:
2026-07-03 22:07:39,316 [INFO]    area_meta                 | 신규   121행 | 누적   1089행 | 5컬럼
2026-07-03 22:07:39,316 [INFO]    bike                      | 신규    12행 | 누적    108행 | 12컬럼
2026-07-03 22:07:39,316 [INFO]    bike_sbike_stts           | 신규   553행 | 누적   4977행 | 12컬럼
2026-07-03 22:07:39,316 [INFO]    bus                       | 신규     3행 | 누적     27행 | 11컬럼
2026-07-03 22:07:39,316 [INFO]    bus_bus_stn_stts          | 신규  1745행 | 누적  15705행 | 11컬럼
2026-07-03 22:07:39,316 [INFO]    charger                   | 신규     5행 | 누적     85행 | 15컬럼
2026-07-03 22:07:39,316 [INFO]    charger_charger_stts      | 신규  1862행 | 누적  13086행 | 15컬럼
2026-07-03 22:07:39,316 [INFO]    cmrcl                     | 신규    82행 | 누적    738행 | 20컬럼
2026-07-03 22:07:39,316 [INFO]    events                    | 신규    10행 | 누적     93행 | 14컬럼
2026-07-03 22:07:39,316 [INFO]    events_event_stts         | 신규   122행 | 누적   1095행 | 14컬럼
2026-07-03 22:07:39,316 [INFO]    news                      | 신규   120행 | 누적    480행 | 10컬럼
2026-07-03 22:07:39,316 [INFO]    parking                   | 신규     6행 | 누적     54행 | 21컬럼
2026-07-03 22:07:39,316 [INFO]    parking_prk_stts          | 신규  1833행 | 누적  16497행 | 21컬럼
2026-07-03 22:07:39,316 [INFO]    ppltn                     | 신규   121행 | 누적   1088행 | 26컬럼
2026-07-03 22:07:39,316 [INFO]    road                      | 신규   121행 | 누적   1089행 | 21컬럼
2026-07-03 22:07:39,317 [INFO]    road_road_traffic_stts    | 신규  5261행 | 누적  47349행 | 17컬럼
2026-07-03 22:07:39,317 [INFO]    subway                    | 신규    38행 | 누적    342행 | 13컬럼
2026-07-03 22:07:39,317 [INFO]    subway_sub_stts           | 신규   183행 | 누적   1647행 | 13컬럼
2026-07-03 22:07:39,317 [INFO]    weather                   | 신규   119행 | 누적   1071행 | 29컬럼
2026-07-03 22:07:39,317 [INFO] 키별 사용량:
2026-07-03 22:07:39,317 [INFO]    🟢 KEY_1 (31/1000) 
2026-07-03 22:07:39,317 [INFO]    🟢 KEY_2 (30/1000) 
2026-07-03 22:07:39,317 [INFO]    🟢 KEY_3 (30/1000) 
2026-07-03 22:07:39,317 [INFO]    🟢 KEY_4 (30/1000) 
