2026-07-11 00:39:26,273 [INFO] 등록된 키: 4개, 합산 한도 4,000건/일
2026-07-11 00:39:26,273 [INFO] POI 로드: 매뉴얼 v8.5 기준 fallback 121개 (121개 전체)
2026-07-11 00:39:26,273 [INFO] === 수집 시작 2026-07-11T00:39:26.273945+09:00 ===
2026-07-11 00:39:26,274 [INFO] 대상 장소: 121개 | API: citydata (통합)
2026-07-11 00:39:26,274 [INFO] 키 풀: 4/4 활성 | 오늘 사용 0/4000건
2026-07-11 00:39:26,274 [INFO]   [KEY_1] 담당 31장소
2026-07-11 00:39:26,274 [INFO]   [KEY_2] 담당 30장소
2026-07-11 00:39:26,274 [INFO]   [KEY_3] 담당 30장소
2026-07-11 00:39:26,274 [INFO]   [KEY_4] 담당 30장소
2026-07-11 00:39:26,274 [INFO] [1/121] 경복궁 (primary=KEY_1)
2026-07-11 00:39:29,478 [INFO] [2/121] 광화문·덕수궁 (primary=KEY_2)
2026-07-11 00:39:31,994 [INFO] [3/121] 보신각 (primary=KEY_3)
2026-07-11 00:39:34,272 [INFO] [4/121] 서울 암사동 유적 (primary=KEY_4)
2026-07-11 00:39:36,344 [INFO] [5/121] 창덕궁·종묘 (primary=KEY_1)
2026-07-11 00:39:38,730 [INFO] [6/121] 강남 MICE 관광특구 (primary=KEY_2)
2026-07-11 00:39:40,840 [INFO] [7/121] 동대문 관광특구 (primary=KEY_3)
2026-07-11 00:39:43,351 [INFO] [8/121] 명동 관광특구 (primary=KEY_4)
2026-07-11 00:39:45,341 [INFO] [9/121] 이태원 관광특구 (primary=KEY_1)
2026-07-11 00:39:46,880 [INFO] [10/121] 잠실 관광특구 (primary=KEY_2)
2026-07-11 00:39:48,663 [INFO] [11/121] 종로·청계 관광특구 (primary=KEY_3)
2026-07-11 00:39:51,163 [INFO] [12/121] 홍대 관광특구 (primary=KEY_4)
2026-07-11 00:39:53,668 [INFO] [13/121] 강서한강공원 (primary=KEY_1)
2026-07-11 00:39:54,815 [INFO] [14/121] 고척돔 (primary=KEY_2)
2026-07-11 00:39:56,131 [INFO] [15/121] 광나루한강공원 (primary=KEY_3)
2026-07-11 00:39:57,447 [INFO] [16/121] 광화문광장 (primary=KEY_4)
2026-07-11 00:39:58,778 [INFO] [17/121] 국립중앙박물관·용산가족공원 (primary=KEY_1)
2026-07-11 00:40:00,873 [INFO] [18/121] 난지한강공원 (primary=KEY_2)
2026-07-11 00:40:02,005 [INFO] [19/121] 남산공원 (primary=KEY_3)
2026-07-11 00:40:03,731 [INFO] [20/121] 노들섬 (primary=KEY_4)
2026-07-11 00:40:04,859 [INFO] [21/121] 뚝섬한강공원 (primary=KEY_1)
2026-07-11 00:40:07,143 [INFO] [22/121] 망원한강공원 (primary=KEY_2)
2026-07-11 00:40:08,521 [INFO] [23/121] 반포한강공원 (primary=KEY_3)
2026-07-11 00:40:10,424 [INFO] [24/121] 보라매공원 (primary=KEY_4)
2026-07-11 00:40:12,680 [INFO] [25/121] 북서울꿈의숲 (primary=KEY_1)
2026-07-11 00:40:14,927 [INFO] [26/121] 서대문독립공원 (primary=KEY_2)
2026-07-11 00:40:16,084 [INFO] [27/121] 서리풀공원·몽마르뜨공원 (primary=KEY_3)
2026-07-11 00:40:17,242 [INFO] [28/121] 서울대공원 (primary=KEY_4)
2026-07-11 00:40:18,357 [INFO] [29/121] 서울숲공원 (primary=KEY_1)
2026-07-11 00:40:19,680 [INFO] [30/121] 송현녹지광장 (primary=KEY_2)
2026-07-11 00:40:21,009 [INFO] [31/121] 아차산 (primary=KEY_3)
2026-07-11 00:40:22,317 [INFO] [32/121] 안양천 (primary=KEY_4)
2026-07-11 00:40:23,462 [INFO] [33/121] 양화한강공원 (primary=KEY_1)
2026-07-11 00:40:24,600 [INFO] [34/121] 어린이대공원 (primary=KEY_2)
2026-07-11 00:40:25,745 [INFO] [35/121] 여의도한강공원 (primary=KEY_3)
2026-07-11 00:40:27,066 [INFO] [36/121] 여의서로 (primary=KEY_4)
2026-07-11 00:40:28,204 [INFO] [37/121] 올림픽공원 (primary=KEY_1)
2026-07-11 00:40:29,565 [INFO] [38/121] 월드컵공원 (primary=KEY_2)
2026-07-11 00:40:31,119 [INFO] [39/121] 응봉산 (primary=KEY_3)
2026-07-11 00:40:32,439 [INFO] [40/121] 이촌한강공원 (primary=KEY_4)
2026-07-11 00:40:33,578 [INFO] [41/121] 잠실종합운동장 (primary=KEY_1)
2026-07-11 00:40:34,719 [INFO] [42/121] 잠실한강공원 (primary=KEY_2)
2026-07-11 00:40:35,868 [INFO] [43/121] 잠원한강공원 (primary=KEY_3)
2026-07-11 00:40:38,953 [INFO] [44/121] 청계산 (primary=KEY_4)
2026-07-11 00:40:41,025 [INFO] [45/121] 홍제폭포 (primary=KEY_1)
2026-07-11 00:40:42,154 [INFO] [46/121] 가락시장 (primary=KEY_2)
2026-07-11 00:40:43,513 [INFO] [47/121] 가로수길 (primary=KEY_3)
2026-07-11 00:40:44,883 [INFO] [48/121] 광장(전통)시장 (primary=KEY_4)
2026-07-11 00:40:46,045 [INFO] [49/121] 김포공항 (primary=KEY_1)
2026-07-11 00:40:47,416 [INFO] [50/121] 남대문시장 (primary=KEY_2)
2026-07-11 00:40:48,762 [INFO] [51/121] 노량진 (primary=KEY_3)
2026-07-11 00:40:50,092 [INFO] [52/121] 덕수궁길·정동길 (primary=KEY_4)
2026-07-11 00:40:51,452 [INFO] [53/121] 북창동 먹자골목 (primary=KEY_1)
2026-07-11 00:40:52,605 [INFO] [54/121] 북촌한옥마을 (primary=KEY_2)
2026-07-11 00:40:55,076 [INFO] [55/121] 서촌 (primary=KEY_3)
2026-07-11 00:40:56,412 [INFO] [56/121] 성수카페거리 (primary=KEY_4)
2026-07-11 00:40:57,760 [INFO] [57/121] 송리단길·호수단길 (primary=KEY_1)
2026-07-11 00:40:59,119 [INFO] [58/121] 신촌 스타광장 (primary=KEY_2)
2026-07-11 00:41:00,266 [INFO] [59/121] 압구정로데오거리 (primary=KEY_3)
2026-07-11 00:41:02,313 [INFO] [60/121] 여의도 (primary=KEY_4)
2026-07-11 00:41:04,289 [INFO] [61/121] 연남동 (primary=KEY_1)
2026-07-11 00:41:05,613 [INFO] [62/121] 영등포 타임스퀘어 (primary=KEY_2)
2026-07-11 00:41:07,878 [INFO] [63/121] 용리단길 (primary=KEY_3)
2026-07-11 00:41:09,053 [INFO] [64/121] 이태원 앤틱가구거리 (primary=KEY_4)
2026-07-11 00:41:11,502 [INFO] [65/121] 익선동 (primary=KEY_1)
2026-07-11 00:41:12,841 [INFO] [66/121] 인사동 (primary=KEY_2)
2026-07-11 00:41:14,200 [INFO] [67/121] 잠실롯데타워·석촌호수 (primary=KEY_3)
2026-07-11 00:41:15,732 [INFO] [68/121] 창동 신경제 중심지 (primary=KEY_4)
2026-07-11 00:41:18,041 [INFO] [69/121] 청담동 명품거리 (primary=KEY_1)
2026-07-11 00:41:19,372 [INFO] [70/121] 청량리 제기동 일대 전통시장 (primary=KEY_2)
2026-07-11 00:41:20,723 [INFO] [71/121] 해방촌·경리단길 (primary=KEY_3)
2026-07-11 00:41:21,866 [INFO] [72/121] DDP(동대문디자인플라자) (primary=KEY_4)
2026-07-11 00:41:23,226 [INFO] [73/121] DMC(디지털미디어시티) (primary=KEY_1)
2026-07-11 00:41:24,768 [INFO] [74/121] 가산디지털단지역 (primary=KEY_2)
2026-07-11 00:41:26,355 [INFO] [75/121] 강남역 (primary=KEY_3)
2026-07-11 00:41:27,907 [INFO] [76/121] 건대입구역 (primary=KEY_4)
2026-07-11 00:41:29,249 [INFO] [77/121] 고덕역 (primary=KEY_1)
2026-07-11 00:41:31,342 [INFO] [78/121] 고속터미널역 (primary=KEY_2)
2026-07-11 00:41:32,676 [INFO] [79/121] 교대역 (primary=KEY_3)
2026-07-11 00:41:33,839 [INFO] [80/121] 구로디지털단지역 (primary=KEY_4)
2026-07-11 00:41:35,199 [INFO] [81/121] 구로역 (primary=KEY_1)
2026-07-11 00:41:36,336 [INFO] [82/121] 군자역 (primary=KEY_2)
2026-07-11 00:41:37,684 [INFO] [83/121] 대림역 (primary=KEY_3)
2026-07-11 00:41:39,024 [INFO] [84/121] 동대문역 (primary=KEY_4)
2026-07-11 00:41:40,343 [INFO] [85/121] 뚝섬역 (primary=KEY_1)
2026-07-11 00:41:41,672 [INFO] [86/121] 미아사거리역 (primary=KEY_2)
2026-07-11 00:41:43,007 [INFO] [87/121] 발산역 (primary=KEY_3)
2026-07-11 00:41:44,530 [INFO] [88/121] 사당역 (primary=KEY_4)
2026-07-11 00:41:45,860 [INFO] [89/121] 삼각지역 (primary=KEY_1)
2026-07-11 00:41:46,997 [INFO] [90/121] 서울대입구역 (primary=KEY_2)
2026-07-11 00:41:48,148 [INFO] [91/121] 서울식물원·마곡나루역 (primary=KEY_3)
2026-07-11 00:41:49,487 [INFO] [92/121] 서울역 (primary=KEY_4)
2026-07-11 00:41:50,891 [INFO] [93/121] 선릉역 (primary=KEY_1)
2026-07-11 00:41:52,436 [INFO] [94/121] 성신여대입구역 (primary=KEY_2)
2026-07-11 00:41:53,601 [INFO] [95/121] 수유역 (primary=KEY_3)
2026-07-11 00:41:54,939 [INFO] [96/121] 숭례문 (primary=KEY_4)
2026-07-11 00:41:56,277 [INFO] [97/121] 시의회 앞 (primary=KEY_1)
2026-07-11 00:41:57,628 [INFO] [98/121] 신논현역·논현역 (primary=KEY_2)
2026-07-11 00:41:58,997 [INFO] [99/121] 신도림역 (primary=KEY_3)
2026-07-11 00:42:00,143 [INFO] [100/121] 신림역 (primary=KEY_4)
2026-07-11 00:42:01,299 [INFO] [101/121] 신정네거리역 (primary=KEY_1)
2026-07-11 00:42:02,450 [INFO] [102/121] 신촌·이대역 (primary=KEY_2)
2026-07-11 00:42:03,760 [INFO] [103/121] 쌍문역 (primary=KEY_3)
2026-07-11 00:42:05,663 [INFO] [104/121] 양재역 (primary=KEY_4)
2026-07-11 00:42:07,002 [INFO] [105/121] 역삼역 (primary=KEY_1)
2026-07-11 00:42:11,545 [INFO] [106/121] 연신내역 (primary=KEY_2)
2026-07-11 00:42:12,708 [INFO] [107/121] 오목교역·목동운동장 (primary=KEY_3)
2026-07-11 00:42:14,450 [INFO] [108/121] 왕십리역 (primary=KEY_4)
2026-07-11 00:42:15,798 [INFO] [109/121] 용산역 (primary=KEY_1)
2026-07-11 00:42:17,291 [INFO] [110/121] 이태원역 (primary=KEY_2)
2026-07-11 00:42:18,457 [INFO] [111/121] 잠실새내역 (primary=KEY_3)
2026-07-11 00:42:19,792 [INFO] [112/121] 잠실역 (primary=KEY_4)
2026-07-11 00:42:21,138 [INFO] [113/121] 장지역 (primary=KEY_1)
2026-07-11 00:42:22,472 [INFO] [114/121] 장한평역 (primary=KEY_2)
2026-07-11 00:42:23,818 [INFO] [115/121] 천호역 (primary=KEY_3)
2026-07-11 00:42:25,354 [INFO] [116/121] 총신대입구(이수)역 (primary=KEY_4)
2026-07-11 00:42:26,702 [INFO] [117/121] 충정로역 (primary=KEY_1)
2026-07-11 00:42:28,116 [INFO] [118/121] 합정역 (primary=KEY_2)
2026-07-11 00:42:29,483 [INFO] [119/121] 혜화역 (primary=KEY_3)
2026-07-11 00:42:30,796 [INFO] [120/121] 홍대입구역(2호선) (primary=KEY_4)
2026-07-11 00:42:32,196 [INFO] [121/121] 회기역 (primary=KEY_1)
2026-07-11 00:42:34,029 [INFO] === 수집 완료 | 성공 121, 실패 0 ===
2026-07-11 00:42:34,029 [INFO] 카테고리별 저장 결과:
2026-07-11 00:42:34,030 [INFO]    accident                  | 신규     3행 | 누적      3행 | 16컬럼
2026-07-11 00:42:34,030 [INFO]    area_meta                 | 신규   121행 | 누적    121행 | 5컬럼
2026-07-11 00:42:34,030 [INFO]    bike                      | 신규    12행 | 누적     12행 | 12컬럼
2026-07-11 00:42:34,030 [INFO]    bike_sbike_stts           | 신규   570행 | 누적    570행 | 12컬럼
2026-07-11 00:42:34,030 [INFO]    bus                       | 신규     3행 | 누적      3행 | 11컬럼
2026-07-11 00:42:34,030 [INFO]    bus_bus_stn_stts          | 신규  1745행 | 누적   1745행 | 11컬럼
2026-07-11 00:42:34,030 [INFO]    charger                   | 신규    12행 | 누적     12행 | 15컬럼
2026-07-11 00:42:34,030 [INFO]    charger_charger_stts      | 신규   719행 | 누적    719행 | 15컬럼
2026-07-11 00:42:34,030 [INFO]    cmrcl                     | 신규    82행 | 누적     82행 | 20컬럼
2026-07-11 00:42:34,030 [INFO]    events                    | 신규     6행 | 누적      6행 | 14컬럼
2026-07-11 00:42:34,030 [INFO]    events_event_stts         | 신규   132행 | 누적    132행 | 14컬럼
2026-07-11 00:42:34,030 [INFO]    parking                   | 신규     6행 | 누적      6행 | 21컬럼
2026-07-11 00:42:34,030 [INFO]    parking_prk_stts          | 신규  1834행 | 누적   1834행 | 21컬럼
2026-07-11 00:42:34,030 [INFO]    ppltn                     | 신규   121행 | 누적    121행 | 26컬럼
2026-07-11 00:42:34,030 [INFO]    road                      | 신규   121행 | 누적    121행 | 21컬럼
2026-07-11 00:42:34,030 [INFO]    road_road_traffic_stts    | 신규  5266행 | 누적   5266행 | 17컬럼
2026-07-11 00:42:34,030 [INFO]    subway                    | 신규    38행 | 누적     38행 | 12컬럼
2026-07-11 00:42:34,030 [INFO]    subway_sub_stts           | 신규   183행 | 누적    183행 | 13컬럼
2026-07-11 00:42:34,030 [INFO]    weather                   | 신규   119행 | 누적    119행 | 30컬럼
2026-07-11 00:42:34,031 [INFO] 키별 사용량:
2026-07-11 00:42:34,031 [INFO]    🟢 KEY_1 (31/1000) 
2026-07-11 00:42:34,031 [INFO]    🟢 KEY_2 (30/1000) 
2026-07-11 00:42:34,031 [INFO]    🟢 KEY_3 (30/1000) 
2026-07-11 00:42:34,031 [INFO]    🟢 KEY_4 (30/1000) 
2026-07-11 02:57:06,723 [INFO] 등록된 키: 4개, 합산 한도 4,000건/일
2026-07-11 02:57:06,723 [INFO] POI 로드: 매뉴얼 v8.5 기준 fallback 121개 (121개 전체)
2026-07-11 02:57:06,723 [INFO] === 수집 시작 2026-07-11T02:57:06.723976+09:00 ===
2026-07-11 02:57:06,724 [INFO] 대상 장소: 121개 | API: citydata (통합)
2026-07-11 02:57:06,724 [INFO] 키 풀: 4/4 활성 | 오늘 사용 0/4000건
2026-07-11 02:57:06,724 [INFO]   [KEY_1] 담당 31장소
2026-07-11 02:57:06,724 [INFO]   [KEY_2] 담당 30장소
2026-07-11 02:57:06,724 [INFO]   [KEY_3] 담당 30장소
2026-07-11 02:57:06,724 [INFO]   [KEY_4] 담당 30장소
2026-07-11 02:57:06,724 [INFO] [1/121] 경복궁 (primary=KEY_1)
2026-07-11 02:57:08,531 [INFO] [2/121] 광화문·덕수궁 (primary=KEY_2)
2026-07-11 02:57:10,480 [INFO] [3/121] 보신각 (primary=KEY_3)
2026-07-11 02:57:12,389 [INFO] [4/121] 서울 암사동 유적 (primary=KEY_4)
2026-07-11 02:57:13,356 [INFO] [5/121] 창덕궁·종묘 (primary=KEY_1)
2026-07-11 02:57:14,727 [INFO] [6/121] 강남 MICE 관광특구 (primary=KEY_2)
2026-07-11 02:57:15,711 [INFO] [7/121] 동대문 관광특구 (primary=KEY_3)
2026-07-11 02:57:17,142 [INFO] [8/121] 명동 관광특구 (primary=KEY_4)
2026-07-11 02:57:18,699 [INFO] [9/121] 이태원 관광특구 (primary=KEY_1)
2026-07-11 02:57:19,834 [INFO] [10/121] 잠실 관광특구 (primary=KEY_2)
2026-07-11 02:57:21,679 [INFO] [11/121] 종로·청계 관광특구 (primary=KEY_3)
2026-07-11 02:57:22,998 [INFO] [12/121] 홍대 관광특구 (primary=KEY_4)
2026-07-11 02:57:24,553 [INFO] [13/121] 강서한강공원 (primary=KEY_1)
2026-07-11 02:57:25,653 [INFO] [14/121] 고척돔 (primary=KEY_2)
2026-07-11 02:57:26,738 [INFO] [15/121] 광나루한강공원 (primary=KEY_3)
2026-07-11 02:57:27,840 [INFO] [16/121] 광화문광장 (primary=KEY_4)
2026-07-11 02:57:28,965 [INFO] [17/121] 국립중앙박물관·용산가족공원 (primary=KEY_1)
2026-07-11 02:57:30,622 [INFO] [18/121] 난지한강공원 (primary=KEY_2)
2026-07-11 02:57:32,259 [INFO] [19/121] 남산공원 (primary=KEY_3)
2026-07-11 02:57:33,570 [INFO] [20/121] 노들섬 (primary=KEY_4)
2026-07-11 02:57:34,525 [INFO] [21/121] 뚝섬한강공원 (primary=KEY_1)
2026-07-11 02:57:35,502 [INFO] [22/121] 망원한강공원 (primary=KEY_2)
2026-07-11 02:57:36,606 [INFO] [23/121] 반포한강공원 (primary=KEY_3)
2026-07-11 02:57:37,574 [INFO] [24/121] 보라매공원 (primary=KEY_4)
2026-07-11 02:57:38,807 [INFO] [25/121] 북서울꿈의숲 (primary=KEY_1)
2026-07-11 02:57:39,776 [INFO] [26/121] 서대문독립공원 (primary=KEY_2)
2026-07-11 02:57:40,758 [INFO] [27/121] 서리풀공원·몽마르뜨공원 (primary=KEY_3)
2026-07-11 02:57:41,788 [INFO] [28/121] 서울대공원 (primary=KEY_4)
2026-07-11 02:57:43,411 [INFO] [29/121] 서울숲공원 (primary=KEY_1)
2026-07-11 02:57:44,536 [INFO] [30/121] 송현녹지광장 (primary=KEY_2)
2026-07-11 02:57:45,636 [INFO] [31/121] 아차산 (primary=KEY_3)
2026-07-11 02:57:46,595 [INFO] [32/121] 안양천 (primary=KEY_4)
2026-07-11 02:57:47,561 [INFO] [33/121] 양화한강공원 (primary=KEY_1)
2026-07-11 02:57:48,665 [INFO] [34/121] 어린이대공원 (primary=KEY_2)
2026-07-11 02:57:49,657 [INFO] [35/121] 여의도한강공원 (primary=KEY_3)
2026-07-11 02:57:50,759 [INFO] [36/121] 여의서로 (primary=KEY_4)
2026-07-11 02:57:51,733 [INFO] [37/121] 올림픽공원 (primary=KEY_1)
2026-07-11 02:57:52,883 [INFO] [38/121] 월드컵공원 (primary=KEY_2)
2026-07-11 02:57:54,138 [INFO] [39/121] 응봉산 (primary=KEY_3)
2026-07-11 02:57:55,231 [INFO] [40/121] 이촌한강공원 (primary=KEY_4)
2026-07-11 02:57:56,190 [INFO] [41/121] 잠실종합운동장 (primary=KEY_1)
2026-07-11 02:57:57,156 [INFO] [42/121] 잠실한강공원 (primary=KEY_2)
2026-07-11 02:57:58,136 [INFO] [43/121] 잠원한강공원 (primary=KEY_3)
2026-07-11 02:57:59,117 [INFO] [44/121] 청계산 (primary=KEY_4)
2026-07-11 02:58:00,079 [INFO] [45/121] 홍제폭포 (primary=KEY_1)
2026-07-11 02:58:01,140 [INFO] [46/121] 가락시장 (primary=KEY_2)
2026-07-11 02:58:02,277 [INFO] [47/121] 가로수길 (primary=KEY_3)
2026-07-11 02:58:03,429 [INFO] [48/121] 광장(전통)시장 (primary=KEY_4)
2026-07-11 02:58:04,412 [INFO] [49/121] 김포공항 (primary=KEY_1)
2026-07-11 02:58:05,561 [INFO] [50/121] 남대문시장 (primary=KEY_2)
2026-07-11 02:58:06,549 [INFO] [51/121] 노량진 (primary=KEY_3)
2026-07-11 02:58:07,569 [INFO] [52/121] 덕수궁길·정동길 (primary=KEY_4)
2026-07-11 02:58:08,717 [INFO] [53/121] 북창동 먹자골목 (primary=KEY_1)
2026-07-11 02:58:09,701 [INFO] [54/121] 북촌한옥마을 (primary=KEY_2)
2026-07-11 02:58:10,837 [INFO] [55/121] 서촌 (primary=KEY_3)
2026-07-11 02:58:11,949 [INFO] [56/121] 성수카페거리 (primary=KEY_4)
2026-07-11 02:58:13,083 [INFO] [57/121] 송리단길·호수단길 (primary=KEY_1)
2026-07-11 02:58:14,238 [INFO] [58/121] 신촌 스타광장 (primary=KEY_2)
2026-07-11 02:58:15,237 [INFO] [59/121] 압구정로데오거리 (primary=KEY_3)
2026-07-11 02:58:16,369 [INFO] [60/121] 여의도 (primary=KEY_4)
2026-07-11 02:58:17,992 [INFO] [61/121] 연남동 (primary=KEY_1)
2026-07-11 02:58:19,111 [INFO] [62/121] 영등포 타임스퀘어 (primary=KEY_2)
2026-07-11 02:58:20,220 [INFO] [63/121] 용리단길 (primary=KEY_3)
2026-07-11 02:58:21,244 [INFO] [64/121] 이태원 앤틱가구거리 (primary=KEY_4)
2026-07-11 02:58:22,242 [INFO] [65/121] 익선동 (primary=KEY_1)
2026-07-11 02:58:23,391 [INFO] [66/121] 인사동 (primary=KEY_2)
2026-07-11 02:58:24,542 [INFO] [67/121] 잠실롯데타워·석촌호수 (primary=KEY_3)
2026-07-11 02:58:25,698 [INFO] [68/121] 창동 신경제 중심지 (primary=KEY_4)
2026-07-11 02:58:26,978 [INFO] [69/121] 청담동 명품거리 (primary=KEY_1)
2026-07-11 02:58:28,127 [INFO] [70/121] 청량리 제기동 일대 전통시장 (primary=KEY_2)
2026-07-11 02:58:29,266 [INFO] [71/121] 해방촌·경리단길 (primary=KEY_3)
2026-07-11 02:58:30,239 [INFO] [72/121] DDP(동대문디자인플라자) (primary=KEY_4)
2026-07-11 02:58:31,380 [INFO] [73/121] DMC(디지털미디어시티) (primary=KEY_1)
2026-07-11 02:58:32,685 [INFO] [74/121] 가산디지털단지역 (primary=KEY_2)
2026-07-11 02:58:33,966 [INFO] [75/121] 강남역 (primary=KEY_3)
2026-07-11 02:58:35,238 [INFO] [76/121] 건대입구역 (primary=KEY_4)
2026-07-11 02:58:36,349 [INFO] [77/121] 고덕역 (primary=KEY_1)
2026-07-11 02:58:37,333 [INFO] [78/121] 고속터미널역 (primary=KEY_2)
2026-07-11 02:58:38,338 [INFO] [79/121] 교대역 (primary=KEY_3)
2026-07-11 02:58:39,325 [INFO] [80/121] 구로디지털단지역 (primary=KEY_4)
2026-07-11 02:58:40,450 [INFO] [81/121] 구로역 (primary=KEY_1)
2026-07-11 02:58:41,440 [INFO] [82/121] 군자역 (primary=KEY_2)
2026-07-11 02:58:42,439 [INFO] [83/121] 대림역 (primary=KEY_3)
2026-07-11 02:58:43,429 [INFO] [84/121] 동대문역 (primary=KEY_4)
2026-07-11 02:58:44,426 [INFO] [85/121] 뚝섬역 (primary=KEY_1)
2026-07-11 02:58:45,555 [INFO] [86/121] 미아사거리역 (primary=KEY_2)
2026-07-11 02:58:46,673 [INFO] [87/121] 발산역 (primary=KEY_3)
2026-07-11 02:58:47,925 [INFO] [88/121] 사당역 (primary=KEY_4)
2026-07-11 02:58:49,064 [INFO] [89/121] 삼각지역 (primary=KEY_1)
2026-07-11 02:58:50,068 [INFO] [90/121] 서울대입구역 (primary=KEY_2)
2026-07-11 02:58:51,731 [INFO] [91/121] 서울식물원·마곡나루역 (primary=KEY_3)
2026-07-11 02:58:53,665 [INFO] [92/121] 서울역 (primary=KEY_4)
2026-07-11 02:58:54,973 [INFO] [93/121] 선릉역 (primary=KEY_1)
2026-07-11 02:58:56,402 [INFO] [94/121] 성신여대입구역 (primary=KEY_2)
2026-07-11 02:58:58,197 [INFO] [95/121] 수유역 (primary=KEY_3)
2026-07-11 02:58:59,328 [INFO] [96/121] 숭례문 (primary=KEY_4)
2026-07-11 02:59:01,274 [INFO] [97/121] 시의회 앞 (primary=KEY_1)
2026-07-11 02:59:03,118 [INFO] [98/121] 신논현역·논현역 (primary=KEY_2)
2026-07-11 02:59:04,252 [INFO] [99/121] 신도림역 (primary=KEY_3)
2026-07-11 02:59:06,064 [INFO] [100/121] 신림역 (primary=KEY_4)
2026-07-11 02:59:07,071 [INFO] [101/121] 신정네거리역 (primary=KEY_1)
2026-07-11 02:59:08,069 [INFO] [102/121] 신촌·이대역 (primary=KEY_2)
2026-07-11 02:59:09,208 [INFO] [103/121] 쌍문역 (primary=KEY_3)
2026-07-11 02:59:11,023 [INFO] [104/121] 양재역 (primary=KEY_4)
2026-07-11 02:59:12,572 [INFO] [105/121] 역삼역 (primary=KEY_1)
2026-07-11 02:59:13,732 [INFO] [106/121] 연신내역 (primary=KEY_2)
2026-07-11 02:59:15,410 [INFO] [107/121] 오목교역·목동운동장 (primary=KEY_3)
2026-07-11 02:59:16,684 [INFO] [108/121] 왕십리역 (primary=KEY_4)
2026-07-11 02:59:17,841 [INFO] [109/121] 용산역 (primary=KEY_1)
2026-07-11 02:59:18,981 [INFO] [110/121] 이태원역 (primary=KEY_2)
2026-07-11 02:59:20,648 [INFO] [111/121] 잠실새내역 (primary=KEY_3)
2026-07-11 02:59:21,787 [INFO] [112/121] 잠실역 (primary=KEY_4)
2026-07-11 02:59:23,593 [INFO] [113/121] 장지역 (primary=KEY_1)
2026-07-11 02:59:24,722 [INFO] [114/121] 장한평역 (primary=KEY_2)
2026-07-11 02:59:25,857 [INFO] [115/121] 천호역 (primary=KEY_3)
2026-07-11 02:59:27,003 [INFO] [116/121] 총신대입구(이수)역 (primary=KEY_4)
2026-07-11 02:59:28,151 [INFO] [117/121] 충정로역 (primary=KEY_1)
2026-07-11 02:59:29,173 [INFO] [118/121] 합정역 (primary=KEY_2)
2026-07-11 02:59:30,394 [INFO] [119/121] 혜화역 (primary=KEY_3)
2026-07-11 02:59:31,401 [INFO] [120/121] 홍대입구역(2호선) (primary=KEY_4)
2026-07-11 02:59:32,415 [INFO] [121/121] 회기역 (primary=KEY_1)
2026-07-11 02:59:34,275 [INFO] === 수집 완료 | 성공 121, 실패 0 ===
2026-07-11 02:59:34,275 [INFO] 카테고리별 저장 결과:
2026-07-11 02:59:34,275 [INFO]    accident                  | 신규     3행 | 누적      6행 | 16컬럼
2026-07-11 02:59:34,275 [INFO]    area_meta                 | 신규   121행 | 누적    242행 | 5컬럼
2026-07-11 02:59:34,275 [INFO]    bike                      | 신규    12행 | 누적     24행 | 12컬럼
2026-07-11 02:59:34,275 [INFO]    bike_sbike_stts           | 신규   570행 | 누적   1140행 | 12컬럼
2026-07-11 02:59:34,275 [INFO]    bus                       | 신규     3행 | 누적      6행 | 11컬럼
2026-07-11 02:59:34,275 [INFO]    bus_bus_stn_stts          | 신규  1745행 | 누적   3490행 | 11컬럼
2026-07-11 02:59:34,275 [INFO]    charger                   | 신규    28행 | 누적     40행 | 15컬럼
2026-07-11 02:59:34,275 [INFO]    charger_charger_stts      | 신규   332행 | 누적   1046행 | 15컬럼
2026-07-11 02:59:34,275 [INFO]    cmrcl                     | 신규    82행 | 누적    164행 | 20컬럼
2026-07-11 02:59:34,276 [INFO]    events                    | 신규     6행 | 누적     12행 | 14컬럼
2026-07-11 02:59:34,276 [INFO]    events_event_stts         | 신규   132행 | 누적    264행 | 14컬럼
2026-07-11 02:59:34,276 [INFO]    parking                   | 신규     6행 | 누적     12행 | 21컬럼
2026-07-11 02:59:34,276 [INFO]    parking_prk_stts          | 신규  1834행 | 누적   3668행 | 21컬럼
2026-07-11 02:59:34,276 [INFO]    ppltn                     | 신규   121행 | 누적    242행 | 26컬럼
2026-07-11 02:59:34,276 [INFO]    road                      | 신규   121행 | 누적    242행 | 21컬럼
2026-07-11 02:59:34,276 [INFO]    road_road_traffic_stts    | 신규  5266행 | 누적  10532행 | 17컬럼
2026-07-11 02:59:34,276 [INFO]    subway                    | 신규    38행 | 누적     76행 | 12컬럼
2026-07-11 02:59:34,276 [INFO]    subway_sub_stts           | 신규   183행 | 누적    366행 | 13컬럼
2026-07-11 02:59:34,276 [INFO]    weather                   | 신규   119행 | 누적    238행 | 30컬럼
2026-07-11 02:59:34,276 [INFO] 키별 사용량:
2026-07-11 02:59:34,276 [INFO]    🟢 KEY_1 (31/1000) 
2026-07-11 02:59:34,276 [INFO]    🟢 KEY_2 (30/1000) 
2026-07-11 02:59:34,276 [INFO]    🟢 KEY_3 (30/1000) 
2026-07-11 02:59:34,276 [INFO]    🟢 KEY_4 (30/1000) 
2026-07-11 04:48:06,563 [INFO] 등록된 키: 4개, 합산 한도 4,000건/일
2026-07-11 04:48:06,564 [INFO] POI 로드: 매뉴얼 v8.5 기준 fallback 121개 (121개 전체)
2026-07-11 04:48:06,564 [INFO] === 수집 시작 2026-07-11T04:48:06.564126+09:00 ===
2026-07-11 04:48:06,564 [INFO] 대상 장소: 121개 | API: citydata (통합)
2026-07-11 04:48:06,564 [INFO] 키 풀: 4/4 활성 | 오늘 사용 0/4000건
2026-07-11 04:48:06,564 [INFO]   [KEY_1] 담당 31장소
2026-07-11 04:48:06,564 [INFO]   [KEY_2] 담당 30장소
2026-07-11 04:48:06,564 [INFO]   [KEY_3] 담당 30장소
2026-07-11 04:48:06,564 [INFO]   [KEY_4] 담당 30장소
2026-07-11 04:48:06,564 [INFO] [1/121] 경복궁 (primary=KEY_1)
2026-07-11 04:48:08,350 [INFO] [2/121] 광화문·덕수궁 (primary=KEY_2)
2026-07-11 04:48:10,175 [INFO] [3/121] 보신각 (primary=KEY_3)
2026-07-11 04:48:12,232 [INFO] [4/121] 서울 암사동 유적 (primary=KEY_4)
2026-07-11 04:48:13,325 [INFO] [5/121] 창덕궁·종묘 (primary=KEY_1)
2026-07-11 04:48:14,697 [INFO] [6/121] 강남 MICE 관광특구 (primary=KEY_2)
2026-07-11 04:48:16,365 [INFO] [7/121] 동대문 관광특구 (primary=KEY_3)
2026-07-11 04:48:18,223 [INFO] [8/121] 명동 관광특구 (primary=KEY_4)
2026-07-11 04:48:20,113 [INFO] [9/121] 이태원 관광특구 (primary=KEY_1)
2026-07-11 04:48:21,256 [INFO] [10/121] 잠실 관광특구 (primary=KEY_2)
2026-07-11 04:48:23,119 [INFO] [11/121] 종로·청계 관광특구 (primary=KEY_3)
2026-07-11 04:48:24,525 [INFO] [12/121] 홍대 관광특구 (primary=KEY_4)
2026-07-11 04:48:25,837 [INFO] [13/121] 강서한강공원 (primary=KEY_1)
2026-07-11 04:48:26,796 [INFO] [14/121] 고척돔 (primary=KEY_2)
2026-07-11 04:48:28,318 [INFO] [15/121] 광나루한강공원 (primary=KEY_3)
2026-07-11 04:48:30,106 [INFO] [16/121] 광화문광장 (primary=KEY_4)
2026-07-11 04:48:31,220 [INFO] [17/121] 국립중앙박물관·용산가족공원 (primary=KEY_1)
2026-07-11 04:48:32,201 [INFO] [18/121] 난지한강공원 (primary=KEY_2)
2026-07-11 04:48:33,972 [INFO] [19/121] 남산공원 (primary=KEY_3)
2026-07-11 04:48:35,273 [INFO] [20/121] 노들섬 (primary=KEY_4)
2026-07-11 04:48:36,240 [INFO] [21/121] 뚝섬한강공원 (primary=KEY_1)
2026-07-11 04:48:37,228 [INFO] [22/121] 망원한강공원 (primary=KEY_2)
2026-07-11 04:48:38,354 [INFO] [23/121] 반포한강공원 (primary=KEY_3)
2026-07-11 04:48:39,343 [INFO] [24/121] 보라매공원 (primary=KEY_4)
2026-07-11 04:48:40,334 [INFO] [25/121] 북서울꿈의숲 (primary=KEY_1)
2026-07-11 04:48:41,541 [INFO] [26/121] 서대문독립공원 (primary=KEY_2)
2026-07-11 04:48:42,671 [INFO] [27/121] 서리풀공원·몽마르뜨공원 (primary=KEY_3)
2026-07-11 04:48:43,705 [INFO] [28/121] 서울대공원 (primary=KEY_4)
2026-07-11 04:48:44,697 [INFO] [29/121] 서울숲공원 (primary=KEY_1)
2026-07-11 04:48:45,822 [INFO] [30/121] 송현녹지광장 (primary=KEY_2)
2026-07-11 04:48:46,930 [INFO] [31/121] 아차산 (primary=KEY_3)
2026-07-11 04:48:48,059 [INFO] [32/121] 안양천 (primary=KEY_4)
2026-07-11 04:48:49,050 [INFO] [33/121] 양화한강공원 (primary=KEY_1)
2026-07-11 04:48:50,028 [INFO] [34/121] 어린이대공원 (primary=KEY_2)
2026-07-11 04:48:51,018 [INFO] [35/121] 여의도한강공원 (primary=KEY_3)
2026-07-11 04:48:52,132 [INFO] [36/121] 여의서로 (primary=KEY_4)
2026-07-11 04:48:53,097 [INFO] [37/121] 올림픽공원 (primary=KEY_1)
2026-07-11 04:48:54,371 [INFO] [38/121] 월드컵공원 (primary=KEY_2)
2026-07-11 04:48:56,521 [INFO] [39/121] 응봉산 (primary=KEY_3)
2026-07-11 04:48:58,433 [INFO] [40/121] 이촌한강공원 (primary=KEY_4)
2026-07-11 04:49:00,073 [INFO] [41/121] 잠실종합운동장 (primary=KEY_1)
2026-07-11 04:49:01,053 [INFO] [42/121] 잠실한강공원 (primary=KEY_2)
2026-07-11 04:49:02,165 [INFO] [43/121] 잠원한강공원 (primary=KEY_3)
2026-07-11 04:49:03,819 [INFO] [44/121] 청계산 (primary=KEY_4)
2026-07-11 04:49:05,327 [INFO] [45/121] 홍제폭포 (primary=KEY_1)
2026-07-11 04:49:06,300 [INFO] [46/121] 가락시장 (primary=KEY_2)
2026-07-11 04:49:07,695 [INFO] [47/121] 가로수길 (primary=KEY_3)
2026-07-11 04:49:08,994 [INFO] [48/121] 광장(전통)시장 (primary=KEY_4)
2026-07-11 04:49:09,992 [INFO] [49/121] 김포공항 (primary=KEY_1)
2026-07-11 04:49:11,688 [INFO] [50/121] 남대문시장 (primary=KEY_2)
2026-07-11 04:49:12,696 [INFO] [51/121] 노량진 (primary=KEY_3)
2026-07-11 04:49:13,699 [INFO] [52/121] 덕수궁길·정동길 (primary=KEY_4)
2026-07-11 04:49:14,842 [INFO] [53/121] 북창동 먹자골목 (primary=KEY_1)
2026-07-11 04:49:15,840 [INFO] [54/121] 북촌한옥마을 (primary=KEY_2)
2026-07-11 04:49:17,004 [INFO] [55/121] 서촌 (primary=KEY_3)
2026-07-11 04:49:18,128 [INFO] [56/121] 성수카페거리 (primary=KEY_4)
2026-07-11 04:49:19,258 [INFO] [57/121] 송리단길·호수단길 (primary=KEY_1)
2026-07-11 04:49:20,938 [INFO] [58/121] 신촌 스타광장 (primary=KEY_2)
2026-07-11 04:49:21,955 [INFO] [59/121] 압구정로데오거리 (primary=KEY_3)
2026-07-11 04:49:23,793 [INFO] [60/121] 여의도 (primary=KEY_4)
2026-07-11 04:49:25,413 [INFO] [61/121] 연남동 (primary=KEY_1)
2026-07-11 04:49:26,671 [INFO] [62/121] 영등포 타임스퀘어 (primary=KEY_2)
2026-07-11 04:49:27,796 [INFO] [63/121] 용리단길 (primary=KEY_3)
2026-07-11 04:49:28,806 [INFO] [64/121] 이태원 앤틱가구거리 (primary=KEY_4)
2026-07-11 04:49:29,795 [INFO] [65/121] 익선동 (primary=KEY_1)
2026-07-11 04:49:30,945 [INFO] [66/121] 인사동 (primary=KEY_2)
2026-07-11 04:49:32,092 [INFO] [67/121] 잠실롯데타워·석촌호수 (primary=KEY_3)
2026-07-11 04:49:33,254 [INFO] [68/121] 창동 신경제 중심지 (primary=KEY_4)
2026-07-11 04:49:34,559 [INFO] [69/121] 청담동 명품거리 (primary=KEY_1)
2026-07-11 04:49:35,679 [INFO] [70/121] 청량리 제기동 일대 전통시장 (primary=KEY_2)
2026-07-11 04:49:36,833 [INFO] [71/121] 해방촌·경리단길 (primary=KEY_3)
2026-07-11 04:49:37,817 [INFO] [72/121] DDP(동대문디자인플라자) (primary=KEY_4)
2026-07-11 04:49:38,959 [INFO] [73/121] DMC(디지털미디어시티) (primary=KEY_1)
2026-07-11 04:49:40,260 [INFO] [74/121] 가산디지털단지역 (primary=KEY_2)
2026-07-11 04:49:41,581 [INFO] [75/121] 강남역 (primary=KEY_3)
2026-07-11 04:49:42,860 [INFO] [76/121] 건대입구역 (primary=KEY_4)
2026-07-11 04:49:44,061 [INFO] [77/121] 고덕역 (primary=KEY_1)
2026-07-11 04:49:45,195 [INFO] [78/121] 고속터미널역 (primary=KEY_2)
2026-07-11 04:49:46,209 [INFO] [79/121] 교대역 (primary=KEY_3)
2026-07-11 04:49:47,211 [INFO] [80/121] 구로디지털단지역 (primary=KEY_4)
2026-07-11 04:49:48,348 [INFO] [81/121] 구로역 (primary=KEY_1)
2026-07-11 04:49:49,342 [INFO] [82/121] 군자역 (primary=KEY_2)
2026-07-11 04:49:50,362 [INFO] [83/121] 대림역 (primary=KEY_3)
2026-07-11 04:49:51,500 [INFO] [84/121] 동대문역 (primary=KEY_4)
2026-07-11 04:49:52,640 [INFO] [85/121] 뚝섬역 (primary=KEY_1)
2026-07-11 04:49:53,762 [INFO] [86/121] 미아사거리역 (primary=KEY_2)
2026-07-11 04:49:54,902 [INFO] [87/121] 발산역 (primary=KEY_3)
2026-07-11 04:49:56,166 [INFO] [88/121] 사당역 (primary=KEY_4)
2026-07-11 04:49:57,310 [INFO] [89/121] 삼각지역 (primary=KEY_1)
2026-07-11 04:49:58,846 [INFO] [90/121] 서울대입구역 (primary=KEY_2)
2026-07-11 04:49:59,856 [INFO] [91/121] 서울식물원·마곡나루역 (primary=KEY_3)
2026-07-11 04:50:01,023 [INFO] [92/121] 서울역 (primary=KEY_4)
2026-07-11 04:50:02,186 [INFO] [93/121] 선릉역 (primary=KEY_1)
2026-07-11 04:50:03,505 [INFO] [94/121] 성신여대입구역 (primary=KEY_2)
2026-07-11 04:50:04,535 [INFO] [95/121] 수유역 (primary=KEY_3)
2026-07-11 04:50:05,639 [INFO] [96/121] 숭례문 (primary=KEY_4)
2026-07-11 04:50:06,760 [INFO] [97/121] 시의회 앞 (primary=KEY_1)
2026-07-11 04:50:07,882 [INFO] [98/121] 신논현역·논현역 (primary=KEY_2)
2026-07-11 04:50:09,009 [INFO] [99/121] 신도림역 (primary=KEY_3)
2026-07-11 04:50:09,988 [INFO] [100/121] 신림역 (primary=KEY_4)
2026-07-11 04:50:10,979 [INFO] [101/121] 신정네거리역 (primary=KEY_1)
2026-07-11 04:50:11,955 [INFO] [102/121] 신촌·이대역 (primary=KEY_2)
2026-07-11 04:50:13,069 [INFO] [103/121] 쌍문역 (primary=KEY_3)
2026-07-11 04:50:14,059 [INFO] [104/121] 양재역 (primary=KEY_4)
2026-07-11 04:50:15,166 [INFO] [105/121] 역삼역 (primary=KEY_1)
2026-07-11 04:50:16,274 [INFO] [106/121] 연신내역 (primary=KEY_2)
2026-07-11 04:50:17,276 [INFO] [107/121] 오목교역·목동운동장 (primary=KEY_3)
2026-07-11 04:50:18,536 [INFO] [108/121] 왕십리역 (primary=KEY_4)
2026-07-11 04:50:19,697 [INFO] [109/121] 용산역 (primary=KEY_1)
2026-07-11 04:50:20,820 [INFO] [110/121] 이태원역 (primary=KEY_2)
2026-07-11 04:50:21,808 [INFO] [111/121] 잠실새내역 (primary=KEY_3)
2026-07-11 04:50:22,933 [INFO] [112/121] 잠실역 (primary=KEY_4)
2026-07-11 04:50:24,050 [INFO] [113/121] 장지역 (primary=KEY_1)
2026-07-11 04:50:25,180 [INFO] [114/121] 장한평역 (primary=KEY_2)
2026-07-11 04:50:26,311 [INFO] [115/121] 천호역 (primary=KEY_3)
2026-07-11 04:50:27,441 [INFO] [116/121] 총신대입구(이수)역 (primary=KEY_4)
2026-07-11 04:50:28,562 [INFO] [117/121] 충정로역 (primary=KEY_1)
2026-07-11 04:50:29,570 [INFO] [118/121] 합정역 (primary=KEY_2)
2026-07-11 04:50:30,799 [INFO] [119/121] 혜화역 (primary=KEY_3)
2026-07-11 04:50:31,793 [INFO] [120/121] 홍대입구역(2호선) (primary=KEY_4)
2026-07-11 04:50:32,810 [INFO] [121/121] 회기역 (primary=KEY_1)
2026-07-11 04:50:34,807 [INFO] === 수집 완료 | 성공 121, 실패 0 ===
2026-07-11 04:50:34,807 [INFO] 카테고리별 저장 결과:
2026-07-11 04:50:34,807 [INFO]    accident                  | 신규     3행 | 누적      9행 | 16컬럼
2026-07-11 04:50:34,807 [INFO]    area_meta                 | 신규   121행 | 누적    363행 | 5컬럼
2026-07-11 04:50:34,807 [INFO]    bike                      | 신규    12행 | 누적     36행 | 12컬럼
2026-07-11 04:50:34,807 [INFO]    bike_sbike_stts           | 신규   570행 | 누적   1710행 | 12컬럼
2026-07-11 04:50:34,807 [INFO]    bus                       | 신규     3행 | 누적      9행 | 11컬럼
2026-07-11 04:50:34,807 [INFO]    bus_bus_stn_stts          | 신규  1745행 | 누적   5235행 | 11컬럼
2026-07-11 04:50:34,807 [INFO]    charger                   | 신규    28행 | 누적     68행 | 15컬럼
2026-07-11 04:50:34,807 [INFO]    charger_charger_stts      | 신규   332행 | 누적   1377행 | 15컬럼
2026-07-11 04:50:34,808 [INFO]    cmrcl                     | 신규    82행 | 누적    246행 | 20컬럼
2026-07-11 04:50:34,808 [INFO]    events                    | 신규     6행 | 누적     18행 | 14컬럼
2026-07-11 04:50:34,808 [INFO]    events_event_stts         | 신규   132행 | 누적    396행 | 14컬럼
2026-07-11 04:50:34,808 [INFO]    parking                   | 신규     6행 | 누적     18행 | 21컬럼
2026-07-11 04:50:34,808 [INFO]    parking_prk_stts          | 신규  1834행 | 누적   5502행 | 21컬럼
2026-07-11 04:50:34,808 [INFO]    ppltn                     | 신규   121행 | 누적    363행 | 26컬럼
2026-07-11 04:50:34,808 [INFO]    road                      | 신규   121행 | 누적    363행 | 21컬럼
2026-07-11 04:50:34,808 [INFO]    road_road_traffic_stts    | 신규  5266행 | 누적  15798행 | 17컬럼
2026-07-11 04:50:34,808 [INFO]    subway                    | 신규    38행 | 누적    114행 | 13컬럼
2026-07-11 04:50:34,808 [INFO]    subway_sub_stts           | 신규   183행 | 누적    549행 | 13컬럼
2026-07-11 04:50:34,808 [INFO]    weather                   | 신규   119행 | 누적    357행 | 30컬럼
2026-07-11 04:50:34,808 [INFO] 키별 사용량:
2026-07-11 04:50:34,808 [INFO]    🟢 KEY_1 (31/1000) 
2026-07-11 04:50:34,808 [INFO]    🟢 KEY_2 (30/1000) 
2026-07-11 04:50:34,808 [INFO]    🟢 KEY_3 (30/1000) 
2026-07-11 04:50:34,808 [INFO]    🟢 KEY_4 (30/1000) 
2026-07-11 06:16:22,771 [INFO] 등록된 키: 4개, 합산 한도 4,000건/일
2026-07-11 06:16:22,772 [INFO] POI 로드: 매뉴얼 v8.5 기준 fallback 121개 (121개 전체)
2026-07-11 06:16:22,772 [INFO] === 수집 시작 2026-07-11T06:16:22.772407+09:00 ===
2026-07-11 06:16:22,772 [INFO] 대상 장소: 121개 | API: citydata (통합)
2026-07-11 06:16:22,772 [INFO] 키 풀: 4/4 활성 | 오늘 사용 0/4000건
2026-07-11 06:16:22,772 [INFO]   [KEY_1] 담당 31장소
2026-07-11 06:16:22,772 [INFO]   [KEY_2] 담당 30장소
2026-07-11 06:16:22,772 [INFO]   [KEY_3] 담당 30장소
2026-07-11 06:16:22,772 [INFO]   [KEY_4] 담당 30장소
2026-07-11 06:16:22,773 [INFO] [1/121] 경복궁 (primary=KEY_1)
2026-07-11 06:16:24,572 [INFO] [2/121] 광화문·덕수궁 (primary=KEY_2)
2026-07-11 06:16:26,665 [INFO] [3/121] 보신각 (primary=KEY_3)
2026-07-11 06:16:28,439 [INFO] [4/121] 서울 암사동 유적 (primary=KEY_4)
2026-07-11 06:16:30,065 [INFO] [5/121] 창덕궁·종묘 (primary=KEY_1)
2026-07-11 06:16:31,435 [INFO] [6/121] 강남 MICE 관광특구 (primary=KEY_2)
2026-07-11 06:16:32,584 [INFO] [7/121] 동대문 관광특구 (primary=KEY_3)
2026-07-11 06:16:34,432 [INFO] [8/121] 명동 관광특구 (primary=KEY_4)
2026-07-11 06:16:36,027 [INFO] [9/121] 이태원 관광특구 (primary=KEY_1)
2026-07-11 06:16:37,429 [INFO] [10/121] 잠실 관광특구 (primary=KEY_2)
2026-07-11 06:16:39,014 [INFO] [11/121] 종로·청계 관광특구 (primary=KEY_3)
2026-07-11 06:16:40,313 [INFO] [12/121] 홍대 관광특구 (primary=KEY_4)
2026-07-11 06:16:41,606 [INFO] [13/121] 강서한강공원 (primary=KEY_1)
2026-07-11 06:16:42,826 [INFO] [14/121] 고척돔 (primary=KEY_2)
2026-07-11 06:16:43,938 [INFO] [15/121] 광나루한강공원 (primary=KEY_3)
2026-07-11 06:16:45,036 [INFO] [16/121] 광화문광장 (primary=KEY_4)
2026-07-11 06:16:46,273 [INFO] [17/121] 국립중앙박물관·용산가족공원 (primary=KEY_1)
2026-07-11 06:16:47,273 [INFO] [18/121] 난지한강공원 (primary=KEY_2)
2026-07-11 06:16:48,241 [INFO] [19/121] 남산공원 (primary=KEY_3)
2026-07-11 06:16:49,512 [INFO] [20/121] 노들섬 (primary=KEY_4)
2026-07-11 06:16:50,481 [INFO] [21/121] 뚝섬한강공원 (primary=KEY_1)
2026-07-11 06:16:51,464 [INFO] [22/121] 망원한강공원 (primary=KEY_2)
2026-07-11 06:16:52,590 [INFO] [23/121] 반포한강공원 (primary=KEY_3)
2026-07-11 06:16:53,574 [INFO] [24/121] 보라매공원 (primary=KEY_4)
2026-07-11 06:16:54,562 [INFO] [25/121] 북서울꿈의숲 (primary=KEY_1)
2026-07-11 06:16:55,535 [INFO] [26/121] 서대문독립공원 (primary=KEY_2)
2026-07-11 06:16:57,071 [INFO] [27/121] 서리풀공원·몽마르뜨공원 (primary=KEY_3)
2026-07-11 06:16:58,221 [INFO] [28/121] 서울대공원 (primary=KEY_4)
2026-07-11 06:16:59,182 [INFO] [29/121] 서울숲공원 (primary=KEY_1)
2026-07-11 06:17:00,298 [INFO] [30/121] 송현녹지광장 (primary=KEY_2)
2026-07-11 06:17:01,414 [INFO] [31/121] 아차산 (primary=KEY_3)
2026-07-11 06:17:02,378 [INFO] [32/121] 안양천 (primary=KEY_4)
2026-07-11 06:17:03,347 [INFO] [33/121] 양화한강공원 (primary=KEY_1)
2026-07-11 06:17:04,318 [INFO] [34/121] 어린이대공원 (primary=KEY_2)
2026-07-11 06:17:05,452 [INFO] [35/121] 여의도한강공원 (primary=KEY_3)
2026-07-11 06:17:06,565 [INFO] [36/121] 여의서로 (primary=KEY_4)
2026-07-11 06:17:07,672 [INFO] [37/121] 올림픽공원 (primary=KEY_1)
2026-07-11 06:17:09,514 [INFO] [38/121] 월드컵공원 (primary=KEY_2)
2026-07-11 06:17:10,809 [INFO] [39/121] 응봉산 (primary=KEY_3)
2026-07-11 06:17:11,912 [INFO] [40/121] 이촌한강공원 (primary=KEY_4)
2026-07-11 06:17:12,885 [INFO] [41/121] 잠실종합운동장 (primary=KEY_1)
2026-07-11 06:17:13,874 [INFO] [42/121] 잠실한강공원 (primary=KEY_2)
2026-07-11 06:17:14,852 [INFO] [43/121] 잠원한강공원 (primary=KEY_3)
2026-07-11 06:17:15,821 [INFO] [44/121] 청계산 (primary=KEY_4)
2026-07-11 06:17:16,783 [INFO] [45/121] 홍제폭포 (primary=KEY_1)
2026-07-11 06:17:17,753 [INFO] [46/121] 가락시장 (primary=KEY_2)
2026-07-11 06:17:19,689 [INFO] [47/121] 가로수길 (primary=KEY_3)
2026-07-11 06:17:20,832 [INFO] [48/121] 광장(전통)시장 (primary=KEY_4)
2026-07-11 06:17:21,818 [INFO] [49/121] 김포공항 (primary=KEY_1)
2026-07-11 06:17:23,107 [INFO] [50/121] 남대문시장 (primary=KEY_2)
2026-07-11 06:17:24,238 [INFO] [51/121] 노량진 (primary=KEY_3)
2026-07-11 06:17:25,365 [INFO] [52/121] 덕수궁길·정동길 (primary=KEY_4)
2026-07-11 06:17:26,514 [INFO] [53/121] 북창동 먹자골목 (primary=KEY_1)
2026-07-11 06:17:27,617 [INFO] [54/121] 북촌한옥마을 (primary=KEY_2)
2026-07-11 06:17:28,876 [INFO] [55/121] 서촌 (primary=KEY_3)
2026-07-11 06:17:29,985 [INFO] [56/121] 성수카페거리 (primary=KEY_4)
2026-07-11 06:17:31,243 [INFO] [57/121] 송리단길·호수단길 (primary=KEY_1)
2026-07-11 06:17:32,394 [INFO] [58/121] 신촌 스타광장 (primary=KEY_2)
2026-07-11 06:17:33,373 [INFO] [59/121] 압구정로데오거리 (primary=KEY_3)
2026-07-11 06:17:34,501 [INFO] [60/121] 여의도 (primary=KEY_4)
2026-07-11 06:17:36,274 [INFO] [61/121] 연남동 (primary=KEY_1)
2026-07-11 06:17:37,370 [INFO] [62/121] 영등포 타임스퀘어 (primary=KEY_2)
2026-07-11 06:17:38,479 [INFO] [63/121] 용리단길 (primary=KEY_3)
2026-07-11 06:17:39,478 [INFO] [64/121] 이태원 앤틱가구거리 (primary=KEY_4)
2026-07-11 06:17:40,586 [INFO] [65/121] 익선동 (primary=KEY_1)
2026-07-11 06:17:41,709 [INFO] [66/121] 인사동 (primary=KEY_2)
2026-07-11 06:17:43,232 [INFO] [67/121] 잠실롯데타워·석촌호수 (primary=KEY_3)
2026-07-11 06:17:44,765 [INFO] [68/121] 창동 신경제 중심지 (primary=KEY_4)
2026-07-11 06:17:46,954 [INFO] [69/121] 청담동 명품거리 (primary=KEY_1)
2026-07-11 06:17:48,750 [INFO] [70/121] 청량리 제기동 일대 전통시장 (primary=KEY_2)
2026-07-11 06:17:50,676 [INFO] [71/121] 해방촌·경리단길 (primary=KEY_3)
2026-07-11 06:17:52,433 [INFO] [72/121] DDP(동대문디자인플라자) (primary=KEY_4)
2026-07-11 06:17:54,299 [INFO] [73/121] DMC(디지털미디어시티) (primary=KEY_1)
2026-07-11 06:17:56,401 [INFO] [74/121] 가산디지털단지역 (primary=KEY_2)
2026-07-11 06:17:57,816 [INFO] [75/121] 강남역 (primary=KEY_3)
2026-07-11 06:17:59,768 [INFO] [76/121] 건대입구역 (primary=KEY_4)
2026-07-11 06:18:00,927 [INFO] [77/121] 고덕역 (primary=KEY_1)
2026-07-11 06:18:02,047 [INFO] [78/121] 고속터미널역 (primary=KEY_2)
2026-07-11 06:18:03,179 [INFO] [79/121] 교대역 (primary=KEY_3)
2026-07-11 06:18:04,305 [INFO] [80/121] 구로디지털단지역 (primary=KEY_4)
2026-07-11 06:18:05,569 [INFO] [81/121] 구로역 (primary=KEY_1)
2026-07-11 06:18:06,549 [INFO] [82/121] 군자역 (primary=KEY_2)
2026-07-11 06:18:07,683 [INFO] [83/121] 대림역 (primary=KEY_3)
2026-07-11 06:18:08,800 [INFO] [84/121] 동대문역 (primary=KEY_4)
2026-07-11 06:18:10,719 [INFO] [85/121] 뚝섬역 (primary=KEY_1)
2026-07-11 06:18:11,841 [INFO] [86/121] 미아사거리역 (primary=KEY_2)
2026-07-11 06:18:12,978 [INFO] [87/121] 발산역 (primary=KEY_3)
2026-07-11 06:18:15,053 [INFO] [88/121] 사당역 (primary=KEY_4)
2026-07-11 06:18:16,186 [INFO] [89/121] 삼각지역 (primary=KEY_1)
2026-07-11 06:18:17,974 [INFO] [90/121] 서울대입구역 (primary=KEY_2)
2026-07-11 06:18:19,638 [INFO] [91/121] 서울식물원·마곡나루역 (primary=KEY_3)
2026-07-11 06:18:20,903 [INFO] [92/121] 서울역 (primary=KEY_4)
2026-07-11 06:18:22,207 [INFO] [93/121] 선릉역 (primary=KEY_1)
2026-07-11 06:18:23,605 [INFO] [94/121] 성신여대입구역 (primary=KEY_2)
2026-07-11 06:18:24,618 [INFO] [95/121] 수유역 (primary=KEY_3)
2026-07-11 06:18:25,726 [INFO] [96/121] 숭례문 (primary=KEY_4)
2026-07-11 06:18:27,008 [INFO] [97/121] 시의회 앞 (primary=KEY_1)
2026-07-11 06:18:28,145 [INFO] [98/121] 신논현역·논현역 (primary=KEY_2)
2026-07-11 06:18:29,296 [INFO] [99/121] 신도림역 (primary=KEY_3)
2026-07-11 06:18:30,280 [INFO] [100/121] 신림역 (primary=KEY_4)
2026-07-11 06:18:31,282 [INFO] [101/121] 신정네거리역 (primary=KEY_1)
2026-07-11 06:18:32,411 [INFO] [102/121] 신촌·이대역 (primary=KEY_2)
2026-07-11 06:18:33,541 [INFO] [103/121] 쌍문역 (primary=KEY_3)
2026-07-11 06:18:34,659 [INFO] [104/121] 양재역 (primary=KEY_4)
2026-07-11 06:18:35,792 [INFO] [105/121] 역삼역 (primary=KEY_1)
2026-07-11 06:18:37,053 [INFO] [106/121] 연신내역 (primary=KEY_2)
2026-07-11 06:18:38,085 [INFO] [107/121] 오목교역·목동운동장 (primary=KEY_3)
2026-07-11 06:18:39,514 [INFO] [108/121] 왕십리역 (primary=KEY_4)
2026-07-11 06:18:40,668 [INFO] [109/121] 용산역 (primary=KEY_1)
2026-07-11 06:18:41,943 [INFO] [110/121] 이태원역 (primary=KEY_2)
2026-07-11 06:18:42,943 [INFO] [111/121] 잠실새내역 (primary=KEY_3)
2026-07-11 06:18:44,074 [INFO] [112/121] 잠실역 (primary=KEY_4)
2026-07-11 06:18:45,351 [INFO] [113/121] 장지역 (primary=KEY_1)
2026-07-11 06:18:46,695 [INFO] [114/121] 장한평역 (primary=KEY_2)
2026-07-11 06:18:47,840 [INFO] [115/121] 천호역 (primary=KEY_3)
2026-07-11 06:18:48,982 [INFO] [116/121] 총신대입구(이수)역 (primary=KEY_4)
2026-07-11 06:18:50,117 [INFO] [117/121] 충정로역 (primary=KEY_1)
2026-07-11 06:18:51,239 [INFO] [118/121] 합정역 (primary=KEY_2)
2026-07-11 06:18:52,390 [INFO] [119/121] 혜화역 (primary=KEY_3)
2026-07-11 06:18:53,501 [INFO] [120/121] 홍대입구역(2호선) (primary=KEY_4)
2026-07-11 06:18:54,633 [INFO] [121/121] 회기역 (primary=KEY_1)
2026-07-11 06:18:56,814 [INFO] === 수집 완료 | 성공 121, 실패 0 ===
2026-07-11 06:18:56,814 [INFO] 카테고리별 저장 결과:
2026-07-11 06:18:56,814 [INFO]    accident                  | 신규     3행 | 누적     12행 | 16컬럼
2026-07-11 06:18:56,814 [INFO]    accident_acdnt_cntrl_stts | 신규     2행 | 누적      2행 | 16컬럼
2026-07-11 06:18:56,814 [INFO]    area_meta                 | 신규   121행 | 누적    484행 | 5컬럼
2026-07-11 06:18:56,814 [INFO]    bike                      | 신규    12행 | 누적     48행 | 12컬럼
2026-07-11 06:18:56,814 [INFO]    bike_sbike_stts           | 신규   570행 | 누적   2280행 | 12컬럼
2026-07-11 06:18:56,814 [INFO]    bus                       | 신규     3행 | 누적     12행 | 11컬럼
2026-07-11 06:18:56,814 [INFO]    bus_bus_stn_stts          | 신규  1745행 | 누적   6980행 | 11컬럼
2026-07-11 06:18:56,814 [INFO]    charger                   | 신규     9행 | 누적     77행 | 15컬럼
2026-07-11 06:18:56,815 [INFO]    charger_charger_stts      | 신규  1517행 | 누적   2884행 | 15컬럼
2026-07-11 06:18:56,815 [INFO]    cmrcl                     | 신규    82행 | 누적    328행 | 20컬럼
2026-07-11 06:18:56,815 [INFO]    events                    | 신규     7행 | 누적     25행 | 14컬럼
2026-07-11 06:18:56,815 [INFO]    events_event_stts         | 신규   130행 | 누적    526행 | 14컬럼
2026-07-11 06:18:56,815 [INFO]    parking                   | 신규     6행 | 누적     24행 | 21컬럼
2026-07-11 06:18:56,815 [INFO]    parking_prk_stts          | 신규  1834행 | 누적   7336행 | 21컬럼
2026-07-11 06:18:56,815 [INFO]    ppltn                     | 신규   121행 | 누적    484행 | 26컬럼
2026-07-11 06:18:56,815 [INFO]    road                      | 신규   121행 | 누적    484행 | 21컬럼
2026-07-11 06:18:56,815 [INFO]    road_road_traffic_stts    | 신규  5266행 | 누적  21064행 | 17컬럼
2026-07-11 06:18:56,815 [INFO]    subway                    | 신규    38행 | 누적    152행 | 13컬럼
2026-07-11 06:18:56,815 [INFO]    subway_sub_stts           | 신규   183행 | 누적    732행 | 13컬럼
2026-07-11 06:18:56,815 [INFO]    weather                   | 신규   119행 | 누적    476행 | 30컬럼
2026-07-11 06:18:56,815 [INFO] 키별 사용량:
2026-07-11 06:18:56,815 [INFO]    🟢 KEY_1 (31/1000) 
2026-07-11 06:18:56,815 [INFO]    🟢 KEY_2 (30/1000) 
2026-07-11 06:18:56,815 [INFO]    🟢 KEY_3 (30/1000) 
2026-07-11 06:18:56,815 [INFO]    🟢 KEY_4 (30/1000) 
2026-07-11 08:10:42,006 [INFO] 등록된 키: 4개, 합산 한도 4,000건/일
2026-07-11 08:10:42,007 [INFO] POI 로드: 매뉴얼 v8.5 기준 fallback 121개 (121개 전체)
2026-07-11 08:10:42,007 [INFO] === 수집 시작 2026-07-11T08:10:42.007381+09:00 ===
2026-07-11 08:10:42,007 [INFO] 대상 장소: 121개 | API: citydata (통합)
2026-07-11 08:10:42,007 [INFO] 키 풀: 4/4 활성 | 오늘 사용 0/4000건
2026-07-11 08:10:42,007 [INFO]   [KEY_1] 담당 31장소
2026-07-11 08:10:42,007 [INFO]   [KEY_2] 담당 30장소
2026-07-11 08:10:42,007 [INFO]   [KEY_3] 담당 30장소
2026-07-11 08:10:42,007 [INFO]   [KEY_4] 담당 30장소
2026-07-11 08:10:42,008 [INFO] [1/121] 경복궁 (primary=KEY_1)
2026-07-11 08:10:44,101 [INFO] [2/121] 광화문·덕수궁 (primary=KEY_2)
2026-07-11 08:10:45,845 [INFO] [3/121] 보신각 (primary=KEY_3)
2026-07-11 08:10:47,757 [INFO] [4/121] 서울 암사동 유적 (primary=KEY_4)
2026-07-11 08:10:49,650 [INFO] [5/121] 창덕궁·종묘 (primary=KEY_1)
2026-07-11 08:10:51,637 [INFO] [6/121] 강남 MICE 관광특구 (primary=KEY_2)
2026-07-11 08:10:52,978 [INFO] [7/121] 동대문 관광특구 (primary=KEY_3)
2026-07-11 08:10:54,596 [INFO] [8/121] 명동 관광특구 (primary=KEY_4)
2026-07-11 08:10:57,218 [INFO] [9/121] 이태원 관광특구 (primary=KEY_1)
2026-07-11 08:10:59,317 [INFO] [10/121] 잠실 관광특구 (primary=KEY_2)
2026-07-11 08:11:01,080 [INFO] [11/121] 종로·청계 관광특구 (primary=KEY_3)
2026-07-11 08:11:03,415 [INFO] [12/121] 홍대 관광특구 (primary=KEY_4)
2026-07-11 08:11:05,743 [INFO] [13/121] 강서한강공원 (primary=KEY_1)
2026-07-11 08:11:07,641 [INFO] [14/121] 고척돔 (primary=KEY_2)
2026-07-11 08:11:08,763 [INFO] [15/121] 광나루한강공원 (primary=KEY_3)
2026-07-11 08:11:10,846 [INFO] [16/121] 광화문광장 (primary=KEY_4)
2026-07-11 08:11:13,312 [INFO] [17/121] 국립중앙박물관·용산가족공원 (primary=KEY_1)
2026-07-11 08:11:15,207 [INFO] [18/121] 난지한강공원 (primary=KEY_2)
2026-07-11 08:11:16,499 [INFO] [19/121] 남산공원 (primary=KEY_3)
2026-07-11 08:11:18,799 [INFO] [20/121] 노들섬 (primary=KEY_4)
2026-07-11 08:11:19,929 [INFO] [21/121] 뚝섬한강공원 (primary=KEY_1)
2026-07-11 08:11:21,071 [INFO] [22/121] 망원한강공원 (primary=KEY_2)
2026-07-11 08:11:22,400 [INFO] [23/121] 반포한강공원 (primary=KEY_3)
2026-07-11 08:11:23,509 [INFO] [24/121] 보라매공원 (primary=KEY_4)
2026-07-11 08:11:24,645 [INFO] [25/121] 북서울꿈의숲 (primary=KEY_1)
2026-07-11 08:11:25,781 [INFO] [26/121] 서대문독립공원 (primary=KEY_2)
2026-07-11 08:11:27,697 [INFO] [27/121] 서리풀공원·몽마르뜨공원 (primary=KEY_3)
2026-07-11 08:11:29,623 [INFO] [28/121] 서울대공원 (primary=KEY_4)
2026-07-11 08:11:31,529 [INFO] [29/121] 서울숲공원 (primary=KEY_1)
2026-07-11 08:11:33,607 [INFO] [30/121] 송현녹지광장 (primary=KEY_2)
2026-07-11 08:11:34,933 [INFO] [31/121] 아차산 (primary=KEY_3)
2026-07-11 08:11:36,060 [INFO] [32/121] 안양천 (primary=KEY_4)
2026-07-11 08:11:37,177 [INFO] [33/121] 양화한강공원 (primary=KEY_1)
2026-07-11 08:11:38,307 [INFO] [34/121] 어린이대공원 (primary=KEY_2)
2026-07-11 08:11:39,513 [INFO] [35/121] 여의도한강공원 (primary=KEY_3)
2026-07-11 08:11:41,982 [INFO] [36/121] 여의서로 (primary=KEY_4)
2026-07-11 08:11:43,301 [INFO] [37/121] 올림픽공원 (primary=KEY_1)
2026-07-11 08:11:44,660 [INFO] [38/121] 월드컵공원 (primary=KEY_2)
2026-07-11 08:11:46,202 [INFO] [39/121] 응봉산 (primary=KEY_3)
2026-07-11 08:11:47,538 [INFO] [40/121] 이촌한강공원 (primary=KEY_4)
2026-07-11 08:11:49,437 [INFO] [41/121] 잠실종합운동장 (primary=KEY_1)
2026-07-11 08:11:50,569 [INFO] [42/121] 잠실한강공원 (primary=KEY_2)
2026-07-11 08:11:51,715 [INFO] [43/121] 잠원한강공원 (primary=KEY_3)
2026-07-11 08:11:52,840 [INFO] [44/121] 청계산 (primary=KEY_4)
2026-07-11 08:11:54,727 [INFO] [45/121] 홍제폭포 (primary=KEY_1)
2026-07-11 08:11:56,614 [INFO] [46/121] 가락시장 (primary=KEY_2)
2026-07-11 08:11:58,730 [INFO] [47/121] 가로수길 (primary=KEY_3)
2026-07-11 08:12:00,083 [INFO] [48/121] 광장(전통)시장 (primary=KEY_4)
2026-07-11 08:12:01,821 [INFO] [49/121] 김포공항 (primary=KEY_1)
2026-07-11 08:12:03,354 [INFO] [50/121] 남대문시장 (primary=KEY_2)
2026-07-11 08:12:04,679 [INFO] [51/121] 노량진 (primary=KEY_3)
2026-07-11 08:12:06,018 [INFO] [52/121] 덕수궁길·정동길 (primary=KEY_4)
2026-07-11 08:12:08,254 [INFO] [53/121] 북창동 먹자골목 (primary=KEY_1)
2026-07-11 08:12:10,143 [INFO] [54/121] 북촌한옥마을 (primary=KEY_2)
2026-07-11 08:12:11,718 [INFO] [55/121] 서촌 (primary=KEY_3)
2026-07-11 08:12:13,047 [INFO] [56/121] 성수카페거리 (primary=KEY_4)
2026-07-11 08:12:14,392 [INFO] [57/121] 송리단길·호수단길 (primary=KEY_1)
2026-07-11 08:12:15,739 [INFO] [58/121] 신촌 스타광장 (primary=KEY_2)
2026-07-11 08:12:16,871 [INFO] [59/121] 압구정로데오거리 (primary=KEY_3)
2026-07-11 08:12:18,213 [INFO] [60/121] 여의도 (primary=KEY_4)
2026-07-11 08:12:20,191 [INFO] [61/121] 연남동 (primary=KEY_1)
2026-07-11 08:12:21,537 [INFO] [62/121] 영등포 타임스퀘어 (primary=KEY_2)
2026-07-11 08:12:22,852 [INFO] [63/121] 용리단길 (primary=KEY_3)
2026-07-11 08:12:24,774 [INFO] [64/121] 이태원 앤틱가구거리 (primary=KEY_4)
2026-07-11 08:12:26,668 [INFO] [65/121] 익선동 (primary=KEY_1)
2026-07-11 08:12:28,622 [INFO] [66/121] 인사동 (primary=KEY_2)
2026-07-11 08:12:30,724 [INFO] [67/121] 잠실롯데타워·석촌호수 (primary=KEY_3)
2026-07-11 08:12:33,036 [INFO] [68/121] 창동 신경제 중심지 (primary=KEY_4)
2026-07-11 08:12:35,549 [INFO] [69/121] 청담동 명품거리 (primary=KEY_1)
2026-07-11 08:12:37,654 [INFO] [70/121] 청량리 제기동 일대 전통시장 (primary=KEY_2)
2026-07-11 08:12:40,120 [INFO] [71/121] 해방촌·경리단길 (primary=KEY_3)
2026-07-11 08:12:42,009 [INFO] [72/121] DDP(동대문디자인플라자) (primary=KEY_4)
2026-07-11 08:12:44,132 [INFO] [73/121] DMC(디지털미디어시티) (primary=KEY_1)
2026-07-11 08:12:46,512 [INFO] [74/121] 가산디지털단지역 (primary=KEY_2)
2026-07-11 08:12:48,420 [INFO] [75/121] 강남역 (primary=KEY_3)
2026-07-11 08:12:50,748 [INFO] [76/121] 건대입구역 (primary=KEY_4)
2026-07-11 08:12:53,280 [INFO] [77/121] 고덕역 (primary=KEY_1)
2026-07-11 08:12:54,608 [INFO] [78/121] 고속터미널역 (primary=KEY_2)
2026-07-11 08:12:55,985 [INFO] [79/121] 교대역 (primary=KEY_3)
2026-07-11 08:12:57,899 [INFO] [80/121] 구로디지털단지역 (primary=KEY_4)
2026-07-11 08:12:59,429 [INFO] [81/121] 구로역 (primary=KEY_1)
2026-07-11 08:13:00,586 [INFO] [82/121] 군자역 (primary=KEY_2)
2026-07-11 08:13:03,085 [INFO] [83/121] 대림역 (primary=KEY_3)
2026-07-11 08:13:04,426 [INFO] [84/121] 동대문역 (primary=KEY_4)
2026-07-11 08:13:05,774 [INFO] [85/121] 뚝섬역 (primary=KEY_1)
2026-07-11 08:13:07,286 [INFO] [86/121] 미아사거리역 (primary=KEY_2)
2026-07-11 08:13:08,613 [INFO] [87/121] 발산역 (primary=KEY_3)
2026-07-11 08:13:10,151 [INFO] [88/121] 사당역 (primary=KEY_4)
2026-07-11 08:13:11,543 [INFO] [89/121] 삼각지역 (primary=KEY_1)
2026-07-11 08:13:12,689 [INFO] [90/121] 서울대입구역 (primary=KEY_2)
2026-07-11 08:13:13,876 [INFO] [91/121] 서울식물원·마곡나루역 (primary=KEY_3)
2026-07-11 08:13:16,182 [INFO] [92/121] 서울역 (primary=KEY_4)
2026-07-11 08:13:18,737 [INFO] [93/121] 선릉역 (primary=KEY_1)
2026-07-11 08:13:20,284 [INFO] [94/121] 성신여대입구역 (primary=KEY_2)
2026-07-11 08:13:22,406 [INFO] [95/121] 수유역 (primary=KEY_3)
2026-07-11 08:13:23,750 [INFO] [96/121] 숭례문 (primary=KEY_4)
2026-07-11 08:13:25,101 [INFO] [97/121] 시의회 앞 (primary=KEY_1)
2026-07-11 08:13:26,446 [INFO] [98/121] 신논현역·논현역 (primary=KEY_2)
2026-07-11 08:13:27,794 [INFO] [99/121] 신도림역 (primary=KEY_3)
2026-07-11 08:13:28,939 [INFO] [100/121] 신림역 (primary=KEY_4)
2026-07-11 08:13:31,075 [INFO] [101/121] 신정네거리역 (primary=KEY_1)
2026-07-11 08:13:32,417 [INFO] [102/121] 신촌·이대역 (primary=KEY_2)
2026-07-11 08:13:33,760 [INFO] [103/121] 쌍문역 (primary=KEY_3)
2026-07-11 08:13:34,908 [INFO] [104/121] 양재역 (primary=KEY_4)
2026-07-11 08:13:37,010 [INFO] [105/121] 역삼역 (primary=KEY_1)
2026-07-11 08:13:38,353 [INFO] [106/121] 연신내역 (primary=KEY_2)
2026-07-11 08:13:40,275 [INFO] [107/121] 오목교역·목동운동장 (primary=KEY_3)
2026-07-11 08:13:42,013 [INFO] [108/121] 왕십리역 (primary=KEY_4)
2026-07-11 08:13:44,157 [INFO] [109/121] 용산역 (primary=KEY_1)
2026-07-11 08:13:46,814 [INFO] [110/121] 이태원역 (primary=KEY_2)
2026-07-11 08:13:47,968 [INFO] [111/121] 잠실새내역 (primary=KEY_3)
2026-07-11 08:13:49,288 [INFO] [112/121] 잠실역 (primary=KEY_4)
2026-07-11 08:13:50,657 [INFO] [113/121] 장지역 (primary=KEY_1)
2026-07-11 08:13:52,194 [INFO] [114/121] 장한평역 (primary=KEY_2)
2026-07-11 08:13:53,545 [INFO] [115/121] 천호역 (primary=KEY_3)
2026-07-11 08:13:54,906 [INFO] [116/121] 총신대입구(이수)역 (primary=KEY_4)
2026-07-11 08:13:56,325 [INFO] [117/121] 충정로역 (primary=KEY_1)
2026-07-11 08:13:57,672 [INFO] [118/121] 합정역 (primary=KEY_2)
2026-07-11 08:13:59,028 [INFO] [119/121] 혜화역 (primary=KEY_3)
2026-07-11 08:14:00,357 [INFO] [120/121] 홍대입구역(2호선) (primary=KEY_4)
2026-07-11 08:14:01,714 [INFO] [121/121] 회기역 (primary=KEY_1)
2026-07-11 08:14:04,330 [INFO] === 수집 완료 | 성공 121, 실패 0 ===
2026-07-11 08:14:04,330 [INFO] 카테고리별 저장 결과:
2026-07-11 08:14:04,330 [INFO]    accident                  | 신규     3행 | 누적     15행 | 16컬럼
2026-07-11 08:14:04,330 [INFO]    accident_acdnt_cntrl_stts | 신규     2행 | 누적      4행 | 16컬럼
2026-07-11 08:14:04,330 [INFO]    area_meta                 | 신규   121행 | 누적    605행 | 5컬럼
2026-07-11 08:14:04,330 [INFO]    bike                      | 신규    12행 | 누적     60행 | 12컬럼
2026-07-11 08:14:04,331 [INFO]    bike_sbike_stts           | 신규   570행 | 누적   2850행 | 12컬럼
2026-07-11 08:14:04,331 [INFO]    bus                       | 신규     3행 | 누적     15행 | 11컬럼
2026-07-11 08:14:04,331 [INFO]    bus_bus_stn_stts          | 신규  1745행 | 누적   8725행 | 11컬럼
2026-07-11 08:14:04,331 [INFO]    charger                   | 신규     8행 | 누적     85행 | 15컬럼
2026-07-11 08:14:04,331 [INFO]    charger_charger_stts      | 신규  1034행 | 누적   3909행 | 15컬럼
2026-07-11 08:14:04,331 [INFO]    cmrcl                     | 신규    82행 | 누적    410행 | 20컬럼
2026-07-11 08:14:04,331 [INFO]    events                    | 신규     7행 | 누적     32행 | 14컬럼
2026-07-11 08:14:04,331 [INFO]    events_event_stts         | 신규   130행 | 누적    656행 | 14컬럼
2026-07-11 08:14:04,331 [INFO]    parking                   | 신규     6행 | 누적     30행 | 21컬럼
2026-07-11 08:14:04,331 [INFO]    parking_prk_stts          | 신규  1834행 | 누적   9170행 | 21컬럼
2026-07-11 08:14:04,331 [INFO]    ppltn                     | 신규   121행 | 누적    605행 | 26컬럼
2026-07-11 08:14:04,331 [INFO]    road                      | 신규   121행 | 누적    605행 | 21컬럼
2026-07-11 08:14:04,331 [INFO]    road_road_traffic_stts    | 신규  5266행 | 누적  26330행 | 17컬럼
2026-07-11 08:14:04,331 [INFO]    subway                    | 신규    38행 | 누적    190행 | 13컬럼
2026-07-11 08:14:04,331 [INFO]    subway_sub_stts           | 신규   183행 | 누적    915행 | 13컬럼
2026-07-11 08:14:04,331 [INFO]    weather                   | 신규   119행 | 누적    595행 | 30컬럼
2026-07-11 08:14:04,331 [INFO] 키별 사용량:
2026-07-11 08:14:04,332 [INFO]    🟢 KEY_1 (31/1000) 
2026-07-11 08:14:04,332 [INFO]    🟢 KEY_2 (30/1000) 
2026-07-11 08:14:04,332 [INFO]    🟢 KEY_3 (30/1000) 
2026-07-11 08:14:04,332 [INFO]    🟢 KEY_4 (30/1000) 
2026-07-11 12:34:47,334 [INFO] 등록된 키: 4개, 합산 한도 4,000건/일
2026-07-11 12:34:47,334 [INFO] POI 로드: 매뉴얼 v8.5 기준 fallback 121개 (121개 전체)
2026-07-11 12:34:47,334 [INFO] === 수집 시작 2026-07-11T12:34:47.334881+09:00 ===
2026-07-11 12:34:47,334 [INFO] 대상 장소: 121개 | API: citydata (통합)
2026-07-11 12:34:47,335 [INFO] 키 풀: 4/4 활성 | 오늘 사용 0/4000건
2026-07-11 12:34:47,335 [INFO]   [KEY_1] 담당 31장소
2026-07-11 12:34:47,335 [INFO]   [KEY_2] 담당 30장소
2026-07-11 12:34:47,335 [INFO]   [KEY_3] 담당 30장소
2026-07-11 12:34:47,335 [INFO]   [KEY_4] 담당 30장소
2026-07-11 12:34:47,335 [INFO] [1/121] 경복궁 (primary=KEY_1)
2026-07-11 12:34:49,454 [INFO] [2/121] 광화문·덕수궁 (primary=KEY_2)
2026-07-11 12:34:52,340 [INFO] [3/121] 보신각 (primary=KEY_3)
2026-07-11 12:34:54,426 [INFO] [4/121] 서울 암사동 유적 (primary=KEY_4)
2026-07-11 12:34:56,318 [INFO] [5/121] 창덕궁·종묘 (primary=KEY_1)
2026-07-11 12:34:57,644 [INFO] [6/121] 강남 MICE 관광특구 (primary=KEY_2)
2026-07-11 12:34:59,551 [INFO] [7/121] 동대문 관광특구 (primary=KEY_3)
2026-07-11 12:35:01,889 [INFO] [8/121] 명동 관광특구 (primary=KEY_4)
2026-07-11 12:35:04,809 [INFO] [9/121] 이태원 관광특구 (primary=KEY_1)
2026-07-11 12:35:06,909 [INFO] [10/121] 잠실 관광특구 (primary=KEY_2)
2026-07-11 12:35:08,469 [INFO] [11/121] 종로·청계 관광특구 (primary=KEY_3)
2026-07-11 12:35:10,800 [INFO] [12/121] 홍대 관광특구 (primary=KEY_4)
2026-07-11 12:35:12,358 [INFO] [13/121] 강서한강공원 (primary=KEY_1)
2026-07-11 12:35:13,486 [INFO] [14/121] 고척돔 (primary=KEY_2)
2026-07-11 12:35:14,609 [INFO] [15/121] 광나루한강공원 (primary=KEY_3)
2026-07-11 12:35:17,055 [INFO] [16/121] 광화문광장 (primary=KEY_4)
2026-07-11 12:35:19,351 [INFO] [17/121] 국립중앙박물관·용산가족공원 (primary=KEY_1)
2026-07-11 12:35:21,612 [INFO] [18/121] 난지한강공원 (primary=KEY_2)
2026-07-11 12:35:23,503 [INFO] [19/121] 남산공원 (primary=KEY_3)
2026-07-11 12:35:25,044 [INFO] [20/121] 노들섬 (primary=KEY_4)
2026-07-11 12:35:27,141 [INFO] [21/121] 뚝섬한강공원 (primary=KEY_1)
2026-07-11 12:35:29,213 [INFO] [22/121] 망원한강공원 (primary=KEY_2)
2026-07-11 12:35:30,549 [INFO] [23/121] 반포한강공원 (primary=KEY_3)
2026-07-11 12:35:31,695 [INFO] [24/121] 보라매공원 (primary=KEY_4)
2026-07-11 12:35:32,845 [INFO] [25/121] 북서울꿈의숲 (primary=KEY_1)
2026-07-11 12:35:33,980 [INFO] [26/121] 서대문독립공원 (primary=KEY_2)
2026-07-11 12:35:35,135 [INFO] [27/121] 서리풀공원·몽마르뜨공원 (primary=KEY_3)
2026-07-11 12:35:36,483 [INFO] [28/121] 서울대공원 (primary=KEY_4)
2026-07-11 12:35:38,540 [INFO] [29/121] 서울숲공원 (primary=KEY_1)
2026-07-11 12:35:40,646 [INFO] [30/121] 송현녹지광장 (primary=KEY_2)
2026-07-11 12:35:42,751 [INFO] [31/121] 아차산 (primary=KEY_3)
2026-07-11 12:35:44,065 [INFO] [32/121] 안양천 (primary=KEY_4)
2026-07-11 12:35:45,199 [INFO] [33/121] 양화한강공원 (primary=KEY_1)
2026-07-11 12:35:47,085 [INFO] [34/121] 어린이대공원 (primary=KEY_2)
2026-07-11 12:35:48,421 [INFO] [35/121] 여의도한강공원 (primary=KEY_3)
2026-07-11 12:35:49,742 [INFO] [36/121] 여의서로 (primary=KEY_4)
2026-07-11 12:35:51,817 [INFO] [37/121] 올림픽공원 (primary=KEY_1)
2026-07-11 12:35:54,135 [INFO] [38/121] 월드컵공원 (primary=KEY_2)
2026-07-11 12:35:56,811 [INFO] [39/121] 응봉산 (primary=KEY_3)
2026-07-11 12:35:58,130 [INFO] [40/121] 이촌한강공원 (primary=KEY_4)
2026-07-11 12:35:59,264 [INFO] [41/121] 잠실종합운동장 (primary=KEY_1)
2026-07-11 12:36:00,407 [INFO] [42/121] 잠실한강공원 (primary=KEY_2)
2026-07-11 12:36:01,539 [INFO] [43/121] 잠원한강공원 (primary=KEY_3)
2026-07-11 12:36:02,669 [INFO] [44/121] 청계산 (primary=KEY_4)
2026-07-11 12:36:03,791 [INFO] [45/121] 홍제폭포 (primary=KEY_1)
2026-07-11 12:36:04,909 [INFO] [46/121] 가락시장 (primary=KEY_2)
2026-07-11 12:36:06,244 [INFO] [47/121] 가로수길 (primary=KEY_3)
2026-07-11 12:36:07,591 [INFO] [48/121] 광장(전통)시장 (primary=KEY_4)
2026-07-11 12:36:08,738 [INFO] [49/121] 김포공항 (primary=KEY_1)
2026-07-11 12:36:10,114 [INFO] [50/121] 남대문시장 (primary=KEY_2)
2026-07-11 12:36:11,435 [INFO] [51/121] 노량진 (primary=KEY_3)
2026-07-11 12:36:12,771 [INFO] [52/121] 덕수궁길·정동길 (primary=KEY_4)
2026-07-11 12:36:14,109 [INFO] [53/121] 북창동 먹자골목 (primary=KEY_1)
2026-07-11 12:36:16,017 [INFO] [54/121] 북촌한옥마을 (primary=KEY_2)
2026-07-11 12:36:18,109 [INFO] [55/121] 서촌 (primary=KEY_3)
2026-07-11 12:36:19,435 [INFO] [56/121] 성수카페거리 (primary=KEY_4)
2026-07-11 12:36:20,776 [INFO] [57/121] 송리단길·호수단길 (primary=KEY_1)
2026-07-11 12:36:22,115 [INFO] [58/121] 신촌 스타광장 (primary=KEY_2)
2026-07-11 12:36:24,407 [INFO] [59/121] 압구정로데오거리 (primary=KEY_3)
2026-07-11 12:36:25,737 [INFO] [60/121] 여의도 (primary=KEY_4)
2026-07-11 12:36:27,705 [INFO] [61/121] 연남동 (primary=KEY_1)
2026-07-11 12:36:29,049 [INFO] [62/121] 영등포 타임스퀘어 (primary=KEY_2)
2026-07-11 12:36:30,369 [INFO] [63/121] 용리단길 (primary=KEY_3)
2026-07-11 12:36:31,532 [INFO] [64/121] 이태원 앤틱가구거리 (primary=KEY_4)
2026-07-11 12:36:32,880 [INFO] [65/121] 익선동 (primary=KEY_1)
2026-07-11 12:36:34,242 [INFO] [66/121] 인사동 (primary=KEY_2)
2026-07-11 12:36:35,662 [INFO] [67/121] 잠실롯데타워·석촌호수 (primary=KEY_3)
2026-07-11 12:36:37,031 [INFO] [68/121] 창동 신경제 중심지 (primary=KEY_4)
2026-07-11 12:36:38,578 [INFO] [69/121] 청담동 명품거리 (primary=KEY_1)
2026-07-11 12:36:39,918 [INFO] [70/121] 청량리 제기동 일대 전통시장 (primary=KEY_2)
2026-07-11 12:36:41,275 [INFO] [71/121] 해방촌·경리단길 (primary=KEY_3)
2026-07-11 12:36:42,417 [INFO] [72/121] DDP(동대문디자인플라자) (primary=KEY_4)
2026-07-11 12:36:43,764 [INFO] [73/121] DMC(디지털미디어시티) (primary=KEY_1)
2026-07-11 12:36:46,251 [INFO] [74/121] 가산디지털단지역 (primary=KEY_2)
2026-07-11 12:36:47,785 [INFO] [75/121] 강남역 (primary=KEY_3)
2026-07-11 12:36:49,341 [INFO] [76/121] 건대입구역 (primary=KEY_4)
2026-07-11 12:36:50,687 [INFO] [77/121] 고덕역 (primary=KEY_1)
2026-07-11 12:36:52,021 [INFO] [78/121] 고속터미널역 (primary=KEY_2)
2026-07-11 12:36:54,734 [INFO] [79/121] 교대역 (primary=KEY_3)
2026-07-11 12:36:55,909 [INFO] [80/121] 구로디지털단지역 (primary=KEY_4)
2026-07-11 12:36:57,250 [INFO] [81/121] 구로역 (primary=KEY_1)
2026-07-11 12:36:58,403 [INFO] [82/121] 군자역 (primary=KEY_2)
2026-07-11 12:36:59,737 [INFO] [83/121] 대림역 (primary=KEY_3)
2026-07-11 12:37:01,099 [INFO] [84/121] 동대문역 (primary=KEY_4)
2026-07-11 12:37:02,435 [INFO] [85/121] 뚝섬역 (primary=KEY_1)
2026-07-11 12:37:03,777 [INFO] [86/121] 미아사거리역 (primary=KEY_2)
2026-07-11 12:37:05,107 [INFO] [87/121] 발산역 (primary=KEY_3)
2026-07-11 12:37:06,633 [INFO] [88/121] 사당역 (primary=KEY_4)
2026-07-11 12:37:07,956 [INFO] [89/121] 삼각지역 (primary=KEY_1)
2026-07-11 12:37:09,116 [INFO] [90/121] 서울대입구역 (primary=KEY_2)
2026-07-11 12:37:10,472 [INFO] [91/121] 서울식물원·마곡나루역 (primary=KEY_3)
2026-07-11 12:37:11,818 [INFO] [92/121] 서울역 (primary=KEY_4)
2026-07-11 12:37:13,961 [INFO] [93/121] 선릉역 (primary=KEY_1)
2026-07-11 12:37:15,542 [INFO] [94/121] 성신여대입구역 (primary=KEY_2)
2026-07-11 12:37:16,711 [INFO] [95/121] 수유역 (primary=KEY_3)
2026-07-11 12:37:18,042 [INFO] [96/121] 숭례문 (primary=KEY_4)
2026-07-11 12:37:19,396 [INFO] [97/121] 시의회 앞 (primary=KEY_1)
2026-07-11 12:37:20,741 [INFO] [98/121] 신논현역·논현역 (primary=KEY_2)
2026-07-11 12:37:22,112 [INFO] [99/121] 신도림역 (primary=KEY_3)
2026-07-11 12:37:23,270 [INFO] [100/121] 신림역 (primary=KEY_4)
2026-07-11 12:37:24,608 [INFO] [101/121] 신정네거리역 (primary=KEY_1)
2026-07-11 12:37:25,762 [INFO] [102/121] 신촌·이대역 (primary=KEY_2)
2026-07-11 12:37:27,099 [INFO] [103/121] 쌍문역 (primary=KEY_3)
2026-07-11 12:37:28,436 [INFO] [104/121] 양재역 (primary=KEY_4)
2026-07-11 12:37:29,786 [INFO] [105/121] 역삼역 (primary=KEY_1)
2026-07-11 12:37:31,185 [INFO] [106/121] 연신내역 (primary=KEY_2)
2026-07-11 12:37:32,368 [INFO] [107/121] 오목교역·목동운동장 (primary=KEY_3)
2026-07-11 12:37:33,905 [INFO] [108/121] 왕십리역 (primary=KEY_4)
2026-07-11 12:37:35,269 [INFO] [109/121] 용산역 (primary=KEY_1)
2026-07-11 12:37:37,759 [INFO] [110/121] 이태원역 (primary=KEY_2)
2026-07-11 12:37:39,568 [INFO] [111/121] 잠실새내역 (primary=KEY_3)
2026-07-11 12:37:41,110 [INFO] [112/121] 잠실역 (primary=KEY_4)
2026-07-11 12:37:43,389 [INFO] [113/121] 장지역 (primary=KEY_1)
2026-07-11 12:37:45,675 [INFO] [114/121] 장한평역 (primary=KEY_2)
2026-07-11 12:37:47,584 [INFO] [115/121] 천호역 (primary=KEY_3)
2026-07-11 12:37:49,877 [INFO] [116/121] 총신대입구(이수)역 (primary=KEY_4)
2026-07-11 12:37:52,361 [INFO] [117/121] 충정로역 (primary=KEY_1)
2026-07-11 12:37:53,718 [INFO] [118/121] 합정역 (primary=KEY_2)
2026-07-11 12:37:55,063 [INFO] [119/121] 혜화역 (primary=KEY_3)
2026-07-11 12:37:57,140 [INFO] [120/121] 홍대입구역(2호선) (primary=KEY_4)
2026-07-11 12:37:58,501 [INFO] [121/121] 회기역 (primary=KEY_1)
2026-07-11 12:38:02,088 [INFO] === 수집 완료 | 성공 121, 실패 0 ===
2026-07-11 12:38:02,088 [INFO] 카테고리별 저장 결과:
2026-07-11 12:38:02,088 [INFO]    accident                  | 신규    16행 | 누적     31행 | 16컬럼
2026-07-11 12:38:02,088 [INFO]    accident_acdnt_cntrl_stts | 신규     6행 | 누적     10행 | 16컬럼
2026-07-11 12:38:02,088 [INFO]    area_meta                 | 신규   121행 | 누적    726행 | 5컬럼
2026-07-11 12:38:02,088 [INFO]    bike                      | 신규    12행 | 누적     72행 | 12컬럼
2026-07-11 12:38:02,088 [INFO]    bike_sbike_stts           | 신규   570행 | 누적   3420행 | 12컬럼
2026-07-11 12:38:02,088 [INFO]    bus                       | 신규     3행 | 누적     18행 | 11컬럼
2026-07-11 12:38:02,088 [INFO]    bus_bus_stn_stts          | 신규  1745행 | 누적  10470행 | 11컬럼
2026-07-11 12:38:02,088 [INFO]    charger                   | 신규    28행 | 누적    113행 | 15컬럼
2026-07-11 12:38:02,089 [INFO]    charger_charger_stts      | 신규   332행 | 누적   4240행 | 15컬럼
2026-07-11 12:38:02,089 [INFO]    cmrcl                     | 신규    82행 | 누적    492행 | 20컬럼
2026-07-11 12:38:02,089 [INFO]    disaster                  | 신규   120행 | 누적    120행 | 9컬럼
2026-07-11 12:38:02,089 [INFO]    events                    | 신규     7행 | 누적     39행 | 14컬럼
2026-07-11 12:38:02,089 [INFO]    events_event_stts         | 신규   130행 | 누적    786행 | 14컬럼
2026-07-11 12:38:02,089 [INFO]    news                      | 신규   120행 | 누적    120행 | 10컬럼
2026-07-11 12:38:02,089 [INFO]    parking                   | 신규     6행 | 누적     36행 | 21컬럼
2026-07-11 12:38:02,089 [INFO]    parking_prk_stts          | 신규  1834행 | 누적  11004행 | 21컬럼
2026-07-11 12:38:02,089 [INFO]    ppltn                     | 신규   121행 | 누적    726행 | 26컬럼
2026-07-11 12:38:02,089 [INFO]    road                      | 신규   121행 | 누적    726행 | 21컬럼
2026-07-11 12:38:02,089 [INFO]    road_road_traffic_stts    | 신규  5266행 | 누적  31596행 | 17컬럼
2026-07-11 12:38:02,089 [INFO]    subway                    | 신규    38행 | 누적    228행 | 13컬럼
2026-07-11 12:38:02,089 [INFO]    subway_sub_stts           | 신규   183행 | 누적   1098행 | 13컬럼
2026-07-11 12:38:02,089 [INFO]    weather                   | 신규   119행 | 누적    714행 | 30컬럼
2026-07-11 12:38:02,089 [INFO] 키별 사용량:
2026-07-11 12:38:02,090 [INFO]    🟢 KEY_1 (31/1000) 
2026-07-11 12:38:02,090 [INFO]    🟢 KEY_2 (30/1000) 
2026-07-11 12:38:02,090 [INFO]    🟢 KEY_3 (30/1000) 
2026-07-11 12:38:02,090 [INFO]    🟢 KEY_4 (30/1000) 
