2026-07-01 00:05:23,893 [INFO] 등록된 키: 4개, 합산 한도 4,000건/일
2026-07-01 00:05:23,894 [INFO] POI 로드: 매뉴얼 v8.5 기준 fallback 121개 (121개 전체)
2026-07-01 00:05:23,894 [INFO] === 수집 시작 2026-07-01T00:05:23.894081+09:00 ===
2026-07-01 00:05:23,894 [INFO] 대상 장소: 121개 | API: citydata (통합)
2026-07-01 00:05:23,894 [INFO] 키 풀: 4/4 활성 | 오늘 사용 0/4000건
2026-07-01 00:05:23,894 [INFO]   [KEY_1] 담당 31장소
2026-07-01 00:05:23,894 [INFO]   [KEY_2] 담당 30장소
2026-07-01 00:05:23,894 [INFO]   [KEY_3] 담당 30장소
2026-07-01 00:05:23,894 [INFO]   [KEY_4] 담당 30장소
2026-07-01 00:05:23,894 [INFO] [1/121] 경복궁 (primary=KEY_1)
2026-07-01 00:05:25,829 [INFO] [2/121] 광화문·덕수궁 (primary=KEY_2)
2026-07-01 00:05:28,063 [INFO] [3/121] 보신각 (primary=KEY_3)
2026-07-01 00:05:29,328 [INFO] [4/121] 서울 암사동 유적 (primary=KEY_4)
2026-07-01 00:05:30,982 [INFO] [5/121] 창덕궁·종묘 (primary=KEY_1)
2026-07-01 00:05:32,108 [INFO] [6/121] 강남 MICE 관광특구 (primary=KEY_2)
2026-07-01 00:05:34,077 [INFO] [7/121] 동대문 관광특구 (primary=KEY_3)
2026-07-01 00:05:36,104 [INFO] [8/121] 명동 관광특구 (primary=KEY_4)
2026-07-01 00:05:37,748 [INFO] [9/121] 이태원 관광특구 (primary=KEY_1)
2026-07-01 00:05:38,891 [INFO] [10/121] 잠실 관광특구 (primary=KEY_2)
2026-07-01 00:05:40,929 [INFO] [11/121] 종로·청계 관광특구 (primary=KEY_3)
2026-07-01 00:05:42,269 [INFO] [12/121] 홍대 관광특구 (primary=KEY_4)
2026-07-01 00:05:43,790 [INFO] [13/121] 강서한강공원 (primary=KEY_1)
2026-07-01 00:05:44,773 [INFO] [14/121] 고척돔 (primary=KEY_2)
2026-07-01 00:05:45,759 [INFO] [15/121] 광나루한강공원 (primary=KEY_3)
2026-07-01 00:05:47,546 [INFO] [16/121] 광화문광장 (primary=KEY_4)
2026-07-01 00:05:48,694 [INFO] [17/121] 국립중앙박물관·용산가족공원 (primary=KEY_1)
2026-07-01 00:05:49,816 [INFO] [18/121] 난지한강공원 (primary=KEY_2)
2026-07-01 00:05:50,788 [INFO] [19/121] 남산공원 (primary=KEY_3)
2026-07-01 00:05:52,098 [INFO] [20/121] 노들섬 (primary=KEY_4)
2026-07-01 00:05:53,080 [INFO] [21/121] 뚝섬한강공원 (primary=KEY_1)
2026-07-01 00:05:54,127 [INFO] [22/121] 망원한강공원 (primary=KEY_2)
2026-07-01 00:05:55,273 [INFO] [23/121] 반포한강공원 (primary=KEY_3)
2026-07-01 00:05:56,254 [INFO] [24/121] 보라매공원 (primary=KEY_4)
2026-07-01 00:05:57,257 [INFO] [25/121] 북서울꿈의숲 (primary=KEY_1)
2026-07-01 00:05:58,373 [INFO] [26/121] 서대문독립공원 (primary=KEY_2)
2026-07-01 00:05:59,376 [INFO] [27/121] 서리풀공원·몽마르뜨공원 (primary=KEY_3)
2026-07-01 00:06:00,522 [INFO] [28/121] 서울대공원 (primary=KEY_4)
2026-07-01 00:06:02,310 [INFO] [29/121] 서울숲공원 (primary=KEY_1)
2026-07-01 00:06:03,461 [INFO] [30/121] 송현녹지광장 (primary=KEY_2)
2026-07-01 00:06:04,609 [INFO] [31/121] 아차산 (primary=KEY_3)
2026-07-01 00:06:05,594 [INFO] [32/121] 안양천 (primary=KEY_4)
2026-07-01 00:06:06,562 [INFO] [33/121] 양화한강공원 (primary=KEY_1)
2026-07-01 00:06:07,712 [INFO] [34/121] 어린이대공원 (primary=KEY_2)
2026-07-01 00:06:08,841 [INFO] [35/121] 여의도한강공원 (primary=KEY_3)
2026-07-01 00:06:09,951 [INFO] [36/121] 여의서로 (primary=KEY_4)
2026-07-01 00:06:11,047 [INFO] [37/121] 올림픽공원 (primary=KEY_1)
2026-07-01 00:06:12,338 [INFO] [38/121] 월드컵공원 (primary=KEY_2)
2026-07-01 00:06:13,649 [INFO] [39/121] 응봉산 (primary=KEY_3)
2026-07-01 00:06:14,797 [INFO] [40/121] 이촌한강공원 (primary=KEY_4)
2026-07-01 00:06:15,793 [INFO] [41/121] 잠실종합운동장 (primary=KEY_1)
2026-07-01 00:06:16,778 [INFO] [42/121] 잠실한강공원 (primary=KEY_2)
2026-07-01 00:06:17,760 [INFO] [43/121] 잠원한강공원 (primary=KEY_3)
2026-07-01 00:06:18,730 [INFO] [44/121] 청계산 (primary=KEY_4)
2026-07-01 00:06:19,722 [INFO] [45/121] 홍제폭포 (primary=KEY_1)
2026-07-01 00:06:20,690 [INFO] [46/121] 가락시장 (primary=KEY_2)
2026-07-01 00:06:21,836 [INFO] [47/121] 가로수길 (primary=KEY_3)
2026-07-01 00:06:23,001 [INFO] [48/121] 광장(전통)시장 (primary=KEY_4)
2026-07-01 00:06:24,009 [INFO] [49/121] 김포공항 (primary=KEY_1)
2026-07-01 00:06:25,292 [INFO] [50/121] 남대문시장 (primary=KEY_2)
2026-07-01 00:06:26,426 [INFO] [51/121] 노량진 (primary=KEY_3)
2026-07-01 00:06:27,558 [INFO] [52/121] 덕수궁길·정동길 (primary=KEY_4)
2026-07-01 00:06:28,793 [INFO] [53/121] 북창동 먹자골목 (primary=KEY_1)
2026-07-01 00:06:29,913 [INFO] [54/121] 북촌한옥마을 (primary=KEY_2)
2026-07-01 00:06:31,421 [INFO] [55/121] 서촌 (primary=KEY_3)
2026-07-01 00:06:32,549 [INFO] [56/121] 성수카페거리 (primary=KEY_4)
2026-07-01 00:06:33,838 [INFO] [57/121] 송리단길·호수단길 (primary=KEY_1)
2026-07-01 00:06:34,995 [INFO] [58/121] 신촌 스타광장 (primary=KEY_2)
2026-07-01 00:06:35,996 [INFO] [59/121] 압구정로데오거리 (primary=KEY_3)
2026-07-01 00:06:37,150 [INFO] [60/121] 여의도 (primary=KEY_4)
2026-07-01 00:06:38,911 [INFO] [61/121] 연남동 (primary=KEY_1)
2026-07-01 00:06:40,030 [INFO] [62/121] 영등포 타임스퀘어 (primary=KEY_2)
2026-07-01 00:06:41,150 [INFO] [63/121] 용리단길 (primary=KEY_3)
2026-07-01 00:06:42,163 [INFO] [64/121] 이태원 앤틱가구거리 (primary=KEY_4)
2026-07-01 00:06:43,172 [INFO] [65/121] 익선동 (primary=KEY_1)
2026-07-01 00:06:44,368 [INFO] [66/121] 인사동 (primary=KEY_2)
2026-07-01 00:06:45,668 [INFO] [67/121] 잠실롯데타워·석촌호수 (primary=KEY_3)
2026-07-01 00:06:47,134 [INFO] [68/121] 창동 신경제 중심지 (primary=KEY_4)
2026-07-01 00:06:48,625 [INFO] [69/121] 청담동 명품거리 (primary=KEY_1)
2026-07-01 00:06:50,171 [INFO] [70/121] 청량리 제기동 일대 전통시장 (primary=KEY_2)
2026-07-01 00:06:51,311 [INFO] [71/121] 해방촌·경리단길 (primary=KEY_3)
2026-07-01 00:06:52,311 [INFO] [72/121] DDP(동대문디자인플라자) (primary=KEY_4)
2026-07-01 00:06:53,476 [INFO] [73/121] DMC(디지털미디어시티) (primary=KEY_1)
2026-07-01 00:06:54,958 [INFO] [74/121] 가산디지털단지역 (primary=KEY_2)
2026-07-01 00:06:56,519 [INFO] [75/121] 강남역 (primary=KEY_3)
2026-07-01 00:06:57,809 [INFO] [76/121] 건대입구역 (primary=KEY_4)
2026-07-01 00:06:58,942 [INFO] [77/121] 고덕역 (primary=KEY_1)
2026-07-01 00:07:00,077 [INFO] [78/121] 고속터미널역 (primary=KEY_2)
2026-07-01 00:07:01,237 [INFO] [79/121] 교대역 (primary=KEY_3)
2026-07-01 00:07:02,374 [INFO] [80/121] 구로디지털단지역 (primary=KEY_4)
2026-07-01 00:07:03,797 [INFO] [81/121] 구로역 (primary=KEY_1)
2026-07-01 00:07:04,922 [INFO] [82/121] 군자역 (primary=KEY_2)
2026-07-01 00:07:06,070 [INFO] [83/121] 대림역 (primary=KEY_3)
2026-07-01 00:07:07,232 [INFO] [84/121] 동대문역 (primary=KEY_4)
2026-07-01 00:07:08,370 [INFO] [85/121] 뚝섬역 (primary=KEY_1)
2026-07-01 00:07:09,503 [INFO] [86/121] 미아사거리역 (primary=KEY_2)
2026-07-01 00:07:10,625 [INFO] [87/121] 발산역 (primary=KEY_3)
2026-07-01 00:07:12,020 [INFO] [88/121] 사당역 (primary=KEY_4)
2026-07-01 00:07:13,171 [INFO] [89/121] 삼각지역 (primary=KEY_1)
2026-07-01 00:07:14,361 [INFO] [90/121] 서울대입구역 (primary=KEY_2)
2026-07-01 00:07:15,508 [INFO] [91/121] 서울식물원·마곡나루역 (primary=KEY_3)
2026-07-01 00:07:16,809 [INFO] [92/121] 서울역 (primary=KEY_4)
2026-07-01 00:07:18,119 [INFO] [93/121] 선릉역 (primary=KEY_1)
2026-07-01 00:07:19,537 [INFO] [94/121] 성신여대입구역 (primary=KEY_2)
2026-07-01 00:07:20,530 [INFO] [95/121] 수유역 (primary=KEY_3)
2026-07-01 00:07:21,653 [INFO] [96/121] 숭례문 (primary=KEY_4)
2026-07-01 00:07:22,925 [INFO] [97/121] 시의회 앞 (primary=KEY_1)
2026-07-01 00:07:24,083 [INFO] [98/121] 신논현역·논현역 (primary=KEY_2)
2026-07-01 00:07:25,262 [INFO] [99/121] 신도림역 (primary=KEY_3)
2026-07-01 00:07:26,285 [INFO] [100/121] 신림역 (primary=KEY_4)
2026-07-01 00:07:27,434 [INFO] [101/121] 신정네거리역 (primary=KEY_1)
2026-07-01 00:07:28,553 [INFO] [102/121] 신촌·이대역 (primary=KEY_2)
2026-07-01 00:07:29,676 [INFO] [103/121] 쌍문역 (primary=KEY_3)
2026-07-01 00:07:30,794 [INFO] [104/121] 양재역 (primary=KEY_4)
2026-07-01 00:07:31,931 [INFO] [105/121] 역삼역 (primary=KEY_1)
2026-07-01 00:07:33,216 [INFO] [106/121] 연신내역 (primary=KEY_2)
2026-07-01 00:07:34,273 [INFO] [107/121] 오목교역·목동운동장 (primary=KEY_3)
2026-07-01 00:07:35,859 [INFO] [108/121] 왕십리역 (primary=KEY_4)
2026-07-01 00:07:37,218 [INFO] [109/121] 용산역 (primary=KEY_1)
2026-07-01 00:07:38,489 [INFO] [110/121] 이태원역 (primary=KEY_2)
2026-07-01 00:07:39,481 [INFO] [111/121] 잠실새내역 (primary=KEY_3)
2026-07-01 00:07:40,612 [INFO] [112/121] 잠실역 (primary=KEY_4)
2026-07-01 00:07:41,903 [INFO] [113/121] 장지역 (primary=KEY_1)
2026-07-01 00:07:43,192 [INFO] [114/121] 장한평역 (primary=KEY_2)
2026-07-01 00:07:44,383 [INFO] [115/121] 천호역 (primary=KEY_3)
2026-07-01 00:07:45,550 [INFO] [116/121] 총신대입구(이수)역 (primary=KEY_4)
2026-07-01 00:07:46,705 [INFO] [117/121] 충정로역 (primary=KEY_1)
2026-07-01 00:07:47,845 [INFO] [118/121] 합정역 (primary=KEY_2)
2026-07-01 00:07:48,994 [INFO] [119/121] 혜화역 (primary=KEY_3)
2026-07-01 00:07:50,130 [INFO] [120/121] 홍대입구역(2호선) (primary=KEY_4)
2026-07-01 00:07:51,267 [INFO] [121/121] 회기역 (primary=KEY_1)
2026-07-01 00:07:52,877 [INFO] === 수집 완료 | 성공 121, 실패 0 ===
2026-07-01 00:07:52,877 [INFO] 카테고리별 저장 결과:
2026-07-01 00:07:52,877 [INFO]    accident                  | 신규     5행 | 누적      5행 | 16컬럼
2026-07-01 00:07:52,877 [INFO]    area_meta                 | 신규   121행 | 누적    121행 | 5컬럼
2026-07-01 00:07:52,877 [INFO]    bike                      | 신규    12행 | 누적     12행 | 12컬럼
2026-07-01 00:07:52,877 [INFO]    bike_sbike_stts           | 신규   554행 | 누적    554행 | 12컬럼
2026-07-01 00:07:52,877 [INFO]    bus                       | 신규     3행 | 누적      3행 | 11컬럼
2026-07-01 00:07:52,877 [INFO]    bus_bus_stn_stts          | 신규  1745행 | 누적   1745행 | 11컬럼
2026-07-01 00:07:52,877 [INFO]    charger                   | 신규     4행 | 누적      4행 | 15컬럼
2026-07-01 00:07:52,877 [INFO]    charger_charger_stts      | 신규  1917행 | 누적   1917행 | 15컬럼
2026-07-01 00:07:52,877 [INFO]    cmrcl                     | 신규    82행 | 누적     82행 | 20컬럼
2026-07-01 00:07:52,877 [INFO]    events                    | 신규     9행 | 누적      9행 | 14컬럼
2026-07-01 00:07:52,878 [INFO]    events_event_stts         | 신규   122행 | 누적    122행 | 14컬럼
2026-07-01 00:07:52,878 [INFO]    news                      | 신규    27행 | 누적     27행 | 10컬럼
2026-07-01 00:07:52,878 [INFO]    parking                   | 신규     6행 | 누적      6행 | 21컬럼
2026-07-01 00:07:52,878 [INFO]    parking_prk_stts          | 신규  1833행 | 누적   1833행 | 21컬럼
2026-07-01 00:07:52,878 [INFO]    ppltn                     | 신규   121행 | 누적    121행 | 26컬럼
2026-07-01 00:07:52,878 [INFO]    road                      | 신규   121행 | 누적    121행 | 21컬럼
2026-07-01 00:07:52,878 [INFO]    road_road_traffic_stts    | 신규  5260행 | 누적   5260행 | 17컬럼
2026-07-01 00:07:52,878 [INFO]    subway                    | 신규    38행 | 누적     38행 | 12컬럼
2026-07-01 00:07:52,878 [INFO]    subway_sub_stts           | 신규   183행 | 누적    183행 | 13컬럼
2026-07-01 00:07:52,878 [INFO]    weather                   | 신규   119행 | 누적    119행 | 29컬럼
2026-07-01 00:07:52,878 [INFO] 키별 사용량:
2026-07-01 00:07:52,878 [INFO]    🟢 KEY_1 (31/1000) 
2026-07-01 00:07:52,878 [INFO]    🟢 KEY_2 (30/1000) 
2026-07-01 00:07:52,878 [INFO]    🟢 KEY_3 (30/1000) 
2026-07-01 00:07:52,878 [INFO]    🟢 KEY_4 (30/1000) 
2026-07-01 01:03:12,585 [INFO] 등록된 키: 4개, 합산 한도 4,000건/일
2026-07-01 01:03:12,586 [INFO] POI 로드: 매뉴얼 v8.5 기준 fallback 121개 (121개 전체)
2026-07-01 01:03:12,586 [INFO] === 수집 시작 2026-07-01T01:03:12.586302+09:00 ===
2026-07-01 01:03:12,586 [INFO] 대상 장소: 121개 | API: citydata (통합)
2026-07-01 01:03:12,586 [INFO] 키 풀: 4/4 활성 | 오늘 사용 0/4000건
2026-07-01 01:03:12,586 [INFO]   [KEY_1] 담당 31장소
2026-07-01 01:03:12,586 [INFO]   [KEY_2] 담당 30장소
2026-07-01 01:03:12,586 [INFO]   [KEY_3] 담당 30장소
2026-07-01 01:03:12,586 [INFO]   [KEY_4] 담당 30장소
2026-07-01 01:03:12,586 [INFO] [1/121] 경복궁 (primary=KEY_1)
2026-07-01 01:03:14,925 [INFO] [2/121] 광화문·덕수궁 (primary=KEY_2)
2026-07-01 01:03:17,055 [INFO] [3/121] 보신각 (primary=KEY_3)
2026-07-01 01:03:19,361 [INFO] [4/121] 서울 암사동 유적 (primary=KEY_4)
2026-07-01 01:03:21,494 [INFO] [5/121] 창덕궁·종묘 (primary=KEY_1)
2026-07-01 01:03:22,904 [INFO] [6/121] 강남 MICE 관광특구 (primary=KEY_2)
2026-07-01 01:03:24,892 [INFO] [7/121] 동대문 관광특구 (primary=KEY_3)
2026-07-01 01:03:27,245 [INFO] [8/121] 명동 관광특구 (primary=KEY_4)
2026-07-01 01:03:29,650 [INFO] [9/121] 이태원 관광특구 (primary=KEY_1)
2026-07-01 01:03:30,960 [INFO] [10/121] 잠실 관광특구 (primary=KEY_2)
2026-07-01 01:03:32,638 [INFO] [11/121] 종로·청계 관광특구 (primary=KEY_3)
2026-07-01 01:03:34,133 [INFO] [12/121] 홍대 관광특구 (primary=KEY_4)
2026-07-01 01:03:35,640 [INFO] [13/121] 강서한강공원 (primary=KEY_1)
2026-07-01 01:03:36,732 [INFO] [14/121] 고척돔 (primary=KEY_2)
2026-07-01 01:03:37,823 [INFO] [15/121] 광나루한강공원 (primary=KEY_3)
2026-07-01 01:03:40,121 [INFO] [16/121] 광화문광장 (primary=KEY_4)
2026-07-01 01:03:41,402 [INFO] [17/121] 국립중앙박물관·용산가족공원 (primary=KEY_1)
2026-07-01 01:03:42,514 [INFO] [18/121] 난지한강공원 (primary=KEY_2)
2026-07-01 01:03:43,619 [INFO] [19/121] 남산공원 (primary=KEY_3)
2026-07-01 01:03:45,093 [INFO] [20/121] 노들섬 (primary=KEY_4)
2026-07-01 01:03:46,888 [INFO] [21/121] 뚝섬한강공원 (primary=KEY_1)
2026-07-01 01:03:47,990 [INFO] [22/121] 망원한강공원 (primary=KEY_2)
2026-07-01 01:03:50,174 [INFO] [23/121] 반포한강공원 (primary=KEY_3)
2026-07-01 01:03:51,280 [INFO] [24/121] 보라매공원 (primary=KEY_4)
2026-07-01 01:03:52,384 [INFO] [25/121] 북서울꿈의숲 (primary=KEY_1)
2026-07-01 01:03:53,649 [INFO] [26/121] 서대문독립공원 (primary=KEY_2)
2026-07-01 01:03:54,743 [INFO] [27/121] 서리풀공원·몽마르뜨공원 (primary=KEY_3)
2026-07-01 01:03:56,838 [INFO] [28/121] 서울대공원 (primary=KEY_4)
2026-07-01 01:03:57,927 [INFO] [29/121] 서울숲공원 (primary=KEY_1)
2026-07-01 01:03:59,199 [INFO] [30/121] 송현녹지광장 (primary=KEY_2)
2026-07-01 01:04:00,484 [INFO] [31/121] 아차산 (primary=KEY_3)
2026-07-01 01:04:01,572 [INFO] [32/121] 안양천 (primary=KEY_4)
2026-07-01 01:04:02,648 [INFO] [33/121] 양화한강공원 (primary=KEY_1)
2026-07-01 01:04:03,748 [INFO] [34/121] 어린이대공원 (primary=KEY_2)
2026-07-01 01:04:05,030 [INFO] [35/121] 여의도한강공원 (primary=KEY_3)
2026-07-01 01:04:06,290 [INFO] [36/121] 여의서로 (primary=KEY_4)
2026-07-01 01:04:07,558 [INFO] [37/121] 올림픽공원 (primary=KEY_1)
2026-07-01 01:04:08,850 [INFO] [38/121] 월드컵공원 (primary=KEY_2)
2026-07-01 01:04:10,311 [INFO] [39/121] 응봉산 (primary=KEY_3)
2026-07-01 01:04:11,573 [INFO] [40/121] 이촌한강공원 (primary=KEY_4)
2026-07-01 01:04:12,668 [INFO] [41/121] 잠실종합운동장 (primary=KEY_1)
2026-07-01 01:04:13,765 [INFO] [42/121] 잠실한강공원 (primary=KEY_2)
2026-07-01 01:04:14,863 [INFO] [43/121] 잠원한강공원 (primary=KEY_3)
2026-07-01 01:04:15,946 [INFO] [44/121] 청계산 (primary=KEY_4)
2026-07-01 01:04:17,028 [INFO] [45/121] 홍제폭포 (primary=KEY_1)
2026-07-01 01:04:18,121 [INFO] [46/121] 가락시장 (primary=KEY_2)
2026-07-01 01:04:19,431 [INFO] [47/121] 가로수길 (primary=KEY_3)
2026-07-01 01:04:20,722 [INFO] [48/121] 광장(전통)시장 (primary=KEY_4)
2026-07-01 01:04:21,837 [INFO] [49/121] 김포공항 (primary=KEY_1)
2026-07-01 01:04:23,295 [INFO] [50/121] 남대문시장 (primary=KEY_2)
2026-07-01 01:04:24,596 [INFO] [51/121] 노량진 (primary=KEY_3)
2026-07-01 01:04:25,888 [INFO] [52/121] 덕수궁길·정동길 (primary=KEY_4)
2026-07-01 01:04:27,186 [INFO] [53/121] 북창동 먹자골목 (primary=KEY_1)
2026-07-01 01:04:29,318 [INFO] [54/121] 북촌한옥마을 (primary=KEY_2)
2026-07-01 01:04:30,765 [INFO] [55/121] 서촌 (primary=KEY_3)
2026-07-01 01:04:32,041 [INFO] [56/121] 성수카페거리 (primary=KEY_4)
2026-07-01 01:04:33,519 [INFO] [57/121] 송리단길·호수단길 (primary=KEY_1)
2026-07-01 01:04:34,819 [INFO] [58/121] 신촌 스타광장 (primary=KEY_2)
2026-07-01 01:04:35,943 [INFO] [59/121] 압구정로데오거리 (primary=KEY_3)
2026-07-01 01:04:37,244 [INFO] [60/121] 여의도 (primary=KEY_4)
2026-07-01 01:04:39,354 [INFO] [61/121] 연남동 (primary=KEY_1)
2026-07-01 01:04:40,630 [INFO] [62/121] 영등포 타임스퀘어 (primary=KEY_2)
2026-07-01 01:04:41,898 [INFO] [63/121] 용리단길 (primary=KEY_3)
2026-07-01 01:04:43,027 [INFO] [64/121] 이태원 앤틱가구거리 (primary=KEY_4)
2026-07-01 01:04:44,336 [INFO] [65/121] 익선동 (primary=KEY_1)
2026-07-01 01:04:45,631 [INFO] [66/121] 인사동 (primary=KEY_2)
2026-07-01 01:04:47,114 [INFO] [67/121] 잠실롯데타워·석촌호수 (primary=KEY_3)
2026-07-01 01:04:48,775 [INFO] [68/121] 창동 신경제 중심지 (primary=KEY_4)
2026-07-01 01:04:50,440 [INFO] [69/121] 청담동 명품거리 (primary=KEY_1)
2026-07-01 01:04:51,764 [INFO] [70/121] 청량리 제기동 일대 전통시장 (primary=KEY_2)
2026-07-01 01:04:53,069 [INFO] [71/121] 해방촌·경리단길 (primary=KEY_3)
2026-07-01 01:04:54,181 [INFO] [72/121] DDP(동대문디자인플라자) (primary=KEY_4)
2026-07-01 01:04:55,493 [INFO] [73/121] DMC(디지털미디어시티) (primary=KEY_1)
2026-07-01 01:04:57,157 [INFO] [74/121] 가산디지털단지역 (primary=KEY_2)
2026-07-01 01:04:58,984 [INFO] [75/121] 강남역 (primary=KEY_3)
2026-07-01 01:05:00,465 [INFO] [76/121] 건대입구역 (primary=KEY_4)
2026-07-01 01:05:01,767 [INFO] [77/121] 고덕역 (primary=KEY_1)
2026-07-01 01:05:03,021 [INFO] [78/121] 고속터미널역 (primary=KEY_2)
2026-07-01 01:05:04,314 [INFO] [79/121] 교대역 (primary=KEY_3)
2026-07-01 01:05:05,586 [INFO] [80/121] 구로디지털단지역 (primary=KEY_4)
2026-07-01 01:05:07,198 [INFO] [81/121] 구로역 (primary=KEY_1)
2026-07-01 01:05:08,457 [INFO] [82/121] 군자역 (primary=KEY_2)
2026-07-01 01:05:09,717 [INFO] [83/121] 대림역 (primary=KEY_3)
2026-07-01 01:05:10,980 [INFO] [84/121] 동대문역 (primary=KEY_4)
2026-07-01 01:05:12,249 [INFO] [85/121] 뚝섬역 (primary=KEY_1)
2026-07-01 01:05:13,515 [INFO] [86/121] 미아사거리역 (primary=KEY_2)
2026-07-01 01:05:14,776 [INFO] [87/121] 발산역 (primary=KEY_3)
2026-07-01 01:05:16,258 [INFO] [88/121] 사당역 (primary=KEY_4)
2026-07-01 01:05:17,530 [INFO] [89/121] 삼각지역 (primary=KEY_1)
2026-07-01 01:05:18,650 [INFO] [90/121] 서울대입구역 (primary=KEY_2)
2026-07-01 01:05:19,940 [INFO] [91/121] 서울식물원·마곡나루역 (primary=KEY_3)
2026-07-01 01:05:21,387 [INFO] [92/121] 서울역 (primary=KEY_4)
2026-07-01 01:05:22,704 [INFO] [93/121] 선릉역 (primary=KEY_1)
2026-07-01 01:05:24,357 [INFO] [94/121] 성신여대입구역 (primary=KEY_2)
2026-07-01 01:05:25,478 [INFO] [95/121] 수유역 (primary=KEY_3)
2026-07-01 01:05:26,749 [INFO] [96/121] 숭례문 (primary=KEY_4)
2026-07-01 01:05:28,216 [INFO] [97/121] 시의회 앞 (primary=KEY_1)
2026-07-01 01:05:29,501 [INFO] [98/121] 신논현역·논현역 (primary=KEY_2)
2026-07-01 01:05:30,813 [INFO] [99/121] 신도림역 (primary=KEY_3)
2026-07-01 01:05:31,936 [INFO] [100/121] 신림역 (primary=KEY_4)
2026-07-01 01:05:33,225 [INFO] [101/121] 신정네거리역 (primary=KEY_1)
2026-07-01 01:05:34,524 [INFO] [102/121] 신촌·이대역 (primary=KEY_2)
2026-07-01 01:05:35,813 [INFO] [103/121] 쌍문역 (primary=KEY_3)
2026-07-01 01:05:37,090 [INFO] [104/121] 양재역 (primary=KEY_4)
2026-07-01 01:05:38,383 [INFO] [105/121] 역삼역 (primary=KEY_1)
2026-07-01 01:05:39,842 [INFO] [106/121] 연신내역 (primary=KEY_2)
2026-07-01 01:05:40,976 [INFO] [107/121] 오목교역·목동운동장 (primary=KEY_3)
2026-07-01 01:05:42,809 [INFO] [108/121] 왕십리역 (primary=KEY_4)
2026-07-01 01:05:44,294 [INFO] [109/121] 용산역 (primary=KEY_1)
2026-07-01 01:05:45,756 [INFO] [110/121] 이태원역 (primary=KEY_2)
2026-07-01 01:05:46,922 [INFO] [111/121] 잠실새내역 (primary=KEY_3)
2026-07-01 01:05:48,184 [INFO] [112/121] 잠실역 (primary=KEY_4)
2026-07-01 01:05:49,645 [INFO] [113/121] 장지역 (primary=KEY_1)
2026-07-01 01:05:51,118 [INFO] [114/121] 장한평역 (primary=KEY_2)
2026-07-01 01:05:52,398 [INFO] [115/121] 천호역 (primary=KEY_3)
2026-07-01 01:05:53,700 [INFO] [116/121] 총신대입구(이수)역 (primary=KEY_4)
2026-07-01 01:05:54,999 [INFO] [117/121] 충정로역 (primary=KEY_1)
2026-07-01 01:05:56,274 [INFO] [118/121] 합정역 (primary=KEY_2)
2026-07-01 01:05:57,569 [INFO] [119/121] 혜화역 (primary=KEY_3)
2026-07-01 01:05:58,847 [INFO] [120/121] 홍대입구역(2호선) (primary=KEY_4)
2026-07-01 01:06:00,121 [INFO] [121/121] 회기역 (primary=KEY_1)
2026-07-01 01:06:02,217 [INFO] === 수집 완료 | 성공 121, 실패 0 ===
2026-07-01 01:06:02,217 [INFO] 카테고리별 저장 결과:
2026-07-01 01:06:02,217 [INFO]    accident                  | 신규     5행 | 누적     10행 | 16컬럼
2026-07-01 01:06:02,218 [INFO]    area_meta                 | 신규   121행 | 누적    242행 | 5컬럼
2026-07-01 01:06:02,218 [INFO]    bike                      | 신규    12행 | 누적     24행 | 12컬럼
2026-07-01 01:06:02,218 [INFO]    bike_sbike_stts           | 신규   554행 | 누적   1108행 | 12컬럼
2026-07-01 01:06:02,218 [INFO]    bus                       | 신규     3행 | 누적      6행 | 11컬럼
2026-07-01 01:06:02,218 [INFO]    bus_bus_stn_stts          | 신규  1745행 | 누적   3490행 | 11컬럼
2026-07-01 01:06:02,218 [INFO]    charger                   | 신규     4행 | 누적      8행 | 15컬럼
2026-07-01 01:06:02,218 [INFO]    charger_charger_stts      | 신규  1917행 | 누적   3804행 | 15컬럼
2026-07-01 01:06:02,218 [INFO]    cmrcl                     | 신규    82행 | 누적    164행 | 20컬럼
2026-07-01 01:06:02,218 [INFO]    events                    | 신규     9행 | 누적     18행 | 14컬럼
2026-07-01 01:06:02,218 [INFO]    events_event_stts         | 신규   122행 | 누적    244행 | 14컬럼
2026-07-01 01:06:02,218 [INFO]    parking                   | 신규     6행 | 누적     12행 | 21컬럼
2026-07-01 01:06:02,218 [INFO]    parking_prk_stts          | 신규  1833행 | 누적   3666행 | 21컬럼
2026-07-01 01:06:02,218 [INFO]    ppltn                     | 신규   121행 | 누적    242행 | 26컬럼
2026-07-01 01:06:02,218 [INFO]    road                      | 신규   121행 | 누적    242행 | 21컬럼
2026-07-01 01:06:02,218 [INFO]    road_road_traffic_stts    | 신규  5260행 | 누적  10520행 | 17컬럼
2026-07-01 01:06:02,218 [INFO]    subway                    | 신규    38행 | 누적     76행 | 13컬럼
2026-07-01 01:06:02,218 [INFO]    subway_sub_stts           | 신규   183행 | 누적    366행 | 13컬럼
2026-07-01 01:06:02,218 [INFO]    weather                   | 신규   119행 | 누적    238행 | 29컬럼
2026-07-01 01:06:02,219 [INFO] 키별 사용량:
2026-07-01 01:06:02,219 [INFO]    🟢 KEY_1 (31/1000) 
2026-07-01 01:06:02,219 [INFO]    🟢 KEY_2 (30/1000) 
2026-07-01 01:06:02,219 [INFO]    🟢 KEY_3 (30/1000) 
2026-07-01 01:06:02,219 [INFO]    🟢 KEY_4 (30/1000) 
2026-07-01 01:53:58,808 [INFO] 등록된 키: 4개, 합산 한도 4,000건/일
2026-07-01 01:53:58,809 [INFO] POI 로드: 매뉴얼 v8.5 기준 fallback 121개 (121개 전체)
2026-07-01 01:53:58,809 [INFO] === 수집 시작 2026-07-01T01:53:58.809322+09:00 ===
2026-07-01 01:53:58,809 [INFO] 대상 장소: 121개 | API: citydata (통합)
2026-07-01 01:53:58,809 [INFO] 키 풀: 4/4 활성 | 오늘 사용 0/4000건
2026-07-01 01:53:58,809 [INFO]   [KEY_1] 담당 31장소
2026-07-01 01:53:58,809 [INFO]   [KEY_2] 담당 30장소
2026-07-01 01:53:58,809 [INFO]   [KEY_3] 담당 30장소
2026-07-01 01:53:58,809 [INFO]   [KEY_4] 담당 30장소
2026-07-01 01:53:58,809 [INFO] [1/121] 경복궁 (primary=KEY_1)
2026-07-01 01:54:01,078 [INFO] [2/121] 광화문·덕수궁 (primary=KEY_2)
2026-07-01 01:54:02,633 [INFO] [3/121] 보신각 (primary=KEY_3)
2026-07-01 01:54:05,096 [INFO] [4/121] 서울 암사동 유적 (primary=KEY_4)
2026-07-01 01:54:06,425 [INFO] [5/121] 창덕궁·종묘 (primary=KEY_1)
2026-07-01 01:54:08,677 [INFO] [6/121] 강남 MICE 관광특구 (primary=KEY_2)
2026-07-01 01:54:10,979 [INFO] [7/121] 동대문 관광특구 (primary=KEY_3)
2026-07-01 01:54:13,307 [INFO] [8/121] 명동 관광특구 (primary=KEY_4)
2026-07-01 01:54:15,704 [INFO] [9/121] 이태원 관광특구 (primary=KEY_1)
2026-07-01 01:54:17,803 [INFO] [10/121] 잠실 관광특구 (primary=KEY_2)
2026-07-01 01:54:20,139 [INFO] [11/121] 종로·청계 관광특구 (primary=KEY_3)
2026-07-01 01:54:22,646 [INFO] [12/121] 홍대 관광특구 (primary=KEY_4)
2026-07-01 01:54:24,249 [INFO] [13/121] 강서한강공원 (primary=KEY_1)
2026-07-01 01:54:25,380 [INFO] [14/121] 고척돔 (primary=KEY_2)
2026-07-01 01:54:26,511 [INFO] [15/121] 광나루한강공원 (primary=KEY_3)
2026-07-01 01:54:28,600 [INFO] [16/121] 광화문광장 (primary=KEY_4)
2026-07-01 01:54:30,711 [INFO] [17/121] 국립중앙박물관·용산가족공원 (primary=KEY_1)
2026-07-01 01:54:31,854 [INFO] [18/121] 난지한강공원 (primary=KEY_2)
2026-07-01 01:54:33,954 [INFO] [19/121] 남산공원 (primary=KEY_3)
2026-07-01 01:54:36,272 [INFO] [20/121] 노들섬 (primary=KEY_4)
2026-07-01 01:54:38,166 [INFO] [21/121] 뚝섬한강공원 (primary=KEY_1)
2026-07-01 01:54:39,334 [INFO] [22/121] 망원한강공원 (primary=KEY_2)
2026-07-01 01:54:41,435 [INFO] [23/121] 반포한강공원 (primary=KEY_3)
2026-07-01 01:54:43,683 [INFO] [24/121] 보라매공원 (primary=KEY_4)
2026-07-01 01:54:45,033 [INFO] [25/121] 북서울꿈의숲 (primary=KEY_1)
2026-07-01 01:54:46,184 [INFO] [26/121] 서대문독립공원 (primary=KEY_2)
2026-07-01 01:54:48,275 [INFO] [27/121] 서리풀공원·몽마르뜨공원 (primary=KEY_3)
2026-07-01 01:54:50,204 [INFO] [28/121] 서울대공원 (primary=KEY_4)
2026-07-01 01:54:52,129 [INFO] [29/121] 서울숲공원 (primary=KEY_1)
2026-07-01 01:54:54,055 [INFO] [30/121] 송현녹지광장 (primary=KEY_2)
2026-07-01 01:54:55,406 [INFO] [31/121] 아차산 (primary=KEY_3)
2026-07-01 01:54:57,507 [INFO] [32/121] 안양천 (primary=KEY_4)
2026-07-01 01:54:58,645 [INFO] [33/121] 양화한강공원 (primary=KEY_1)
2026-07-01 01:54:59,780 [INFO] [34/121] 어린이대공원 (primary=KEY_2)
2026-07-01 01:55:00,924 [INFO] [35/121] 여의도한강공원 (primary=KEY_3)
2026-07-01 01:55:02,821 [INFO] [36/121] 여의서로 (primary=KEY_4)
2026-07-01 01:55:03,949 [INFO] [37/121] 올림픽공원 (primary=KEY_1)
2026-07-01 01:55:05,304 [INFO] [38/121] 월드컵공원 (primary=KEY_2)
2026-07-01 01:55:07,961 [INFO] [39/121] 응봉산 (primary=KEY_3)
2026-07-01 01:55:10,401 [INFO] [40/121] 이촌한강공원 (primary=KEY_4)
2026-07-01 01:55:11,542 [INFO] [41/121] 잠실종합운동장 (primary=KEY_1)
2026-07-01 01:55:12,683 [INFO] [42/121] 잠실한강공원 (primary=KEY_2)
2026-07-01 01:55:13,815 [INFO] [43/121] 잠원한강공원 (primary=KEY_3)
2026-07-01 01:55:14,980 [INFO] [44/121] 청계산 (primary=KEY_4)
2026-07-01 01:55:16,296 [INFO] [45/121] 홍제폭포 (primary=KEY_1)
2026-07-01 01:55:17,441 [INFO] [46/121] 가락시장 (primary=KEY_2)
2026-07-01 01:55:18,783 [INFO] [47/121] 가로수길 (primary=KEY_3)
2026-07-01 01:55:21,085 [INFO] [48/121] 광장(전통)시장 (primary=KEY_4)
2026-07-01 01:55:22,231 [INFO] [49/121] 김포공항 (primary=KEY_1)
2026-07-01 01:55:23,589 [INFO] [50/121] 남대문시장 (primary=KEY_2)
2026-07-01 01:55:24,753 [INFO] [51/121] 노량진 (primary=KEY_3)
2026-07-01 01:55:25,921 [INFO] [52/121] 덕수궁길·정동길 (primary=KEY_4)
2026-07-01 01:55:27,268 [INFO] [53/121] 북창동 먹자골목 (primary=KEY_1)
2026-07-01 01:55:28,416 [INFO] [54/121] 북촌한옥마을 (primary=KEY_2)
2026-07-01 01:55:29,775 [INFO] [55/121] 서촌 (primary=KEY_3)
2026-07-01 01:55:31,101 [INFO] [56/121] 성수카페거리 (primary=KEY_4)
2026-07-01 01:55:32,448 [INFO] [57/121] 송리단길·호수단길 (primary=KEY_1)
2026-07-01 01:55:33,815 [INFO] [58/121] 신촌 스타광장 (primary=KEY_2)
2026-07-01 01:55:34,972 [INFO] [59/121] 압구정로데오거리 (primary=KEY_3)
2026-07-01 01:55:36,321 [INFO] [60/121] 여의도 (primary=KEY_4)
2026-07-01 01:55:38,298 [INFO] [61/121] 연남동 (primary=KEY_1)
2026-07-01 01:55:39,623 [INFO] [62/121] 영등포 타임스퀘어 (primary=KEY_2)
2026-07-01 01:55:41,716 [INFO] [63/121] 용리단길 (primary=KEY_3)
2026-07-01 01:55:43,842 [INFO] [64/121] 이태원 앤틱가구거리 (primary=KEY_4)
2026-07-01 01:55:45,772 [INFO] [65/121] 익선동 (primary=KEY_1)
2026-07-01 01:55:48,244 [INFO] [66/121] 인사동 (primary=KEY_2)
2026-07-01 01:55:50,738 [INFO] [67/121] 잠실롯데타워·석촌호수 (primary=KEY_3)
2026-07-01 01:55:52,846 [INFO] [68/121] 창동 신경제 중심지 (primary=KEY_4)
2026-07-01 01:55:55,249 [INFO] [69/121] 청담동 명품거리 (primary=KEY_1)
2026-07-01 01:55:57,352 [INFO] [70/121] 청량리 제기동 일대 전통시장 (primary=KEY_2)
2026-07-01 01:55:59,828 [INFO] [71/121] 해방촌·경리단길 (primary=KEY_3)
2026-07-01 01:56:01,741 [INFO] [72/121] DDP(동대문디자인플라자) (primary=KEY_4)
2026-07-01 01:56:04,205 [INFO] [73/121] DMC(디지털미디어시티) (primary=KEY_1)
2026-07-01 01:56:06,477 [INFO] [74/121] 가산디지털단지역 (primary=KEY_2)
2026-07-01 01:56:09,143 [INFO] [75/121] 강남역 (primary=KEY_3)
2026-07-01 01:56:11,259 [INFO] [76/121] 건대입구역 (primary=KEY_4)
2026-07-01 01:56:13,775 [INFO] [77/121] 고덕역 (primary=KEY_1)
2026-07-01 01:56:16,235 [INFO] [78/121] 고속터미널역 (primary=KEY_2)
2026-07-01 01:56:18,551 [INFO] [79/121] 교대역 (primary=KEY_3)
2026-07-01 01:56:20,462 [INFO] [80/121] 구로디지털단지역 (primary=KEY_4)
2026-07-01 01:56:21,818 [INFO] [81/121] 구로역 (primary=KEY_1)
2026-07-01 01:56:22,960 [INFO] [82/121] 군자역 (primary=KEY_2)
2026-07-01 01:56:24,113 [INFO] [83/121] 대림역 (primary=KEY_3)
2026-07-01 01:56:25,284 [INFO] [84/121] 동대문역 (primary=KEY_4)
2026-07-01 01:56:26,625 [INFO] [85/121] 뚝섬역 (primary=KEY_1)
2026-07-01 01:56:29,095 [INFO] [86/121] 미아사거리역 (primary=KEY_2)
2026-07-01 01:56:31,222 [INFO] [87/121] 발산역 (primary=KEY_3)
2026-07-01 01:56:32,753 [INFO] [88/121] 사당역 (primary=KEY_4)
2026-07-01 01:56:34,114 [INFO] [89/121] 삼각지역 (primary=KEY_1)
2026-07-01 01:56:36,222 [INFO] [90/121] 서울대입구역 (primary=KEY_2)
2026-07-01 01:56:37,390 [INFO] [91/121] 서울식물원·마곡나루역 (primary=KEY_3)
2026-07-01 01:56:38,754 [INFO] [92/121] 서울역 (primary=KEY_4)
2026-07-01 01:56:40,157 [INFO] [93/121] 선릉역 (primary=KEY_1)
2026-07-01 01:56:42,507 [INFO] [94/121] 성신여대입구역 (primary=KEY_2)
2026-07-01 01:56:43,668 [INFO] [95/121] 수유역 (primary=KEY_3)
2026-07-01 01:56:45,015 [INFO] [96/121] 숭례문 (primary=KEY_4)
2026-07-01 01:56:46,372 [INFO] [97/121] 시의회 앞 (primary=KEY_1)
2026-07-01 01:56:47,745 [INFO] [98/121] 신논현역·논현역 (primary=KEY_2)
2026-07-01 01:56:49,111 [INFO] [99/121] 신도림역 (primary=KEY_3)
2026-07-01 01:56:50,274 [INFO] [100/121] 신림역 (primary=KEY_4)
2026-07-01 01:56:51,442 [INFO] [101/121] 신정네거리역 (primary=KEY_1)
2026-07-01 01:56:52,602 [INFO] [102/121] 신촌·이대역 (primary=KEY_2)
2026-07-01 01:56:53,964 [INFO] [103/121] 쌍문역 (primary=KEY_3)
2026-07-01 01:56:55,137 [INFO] [104/121] 양재역 (primary=KEY_4)
2026-07-01 01:56:56,511 [INFO] [105/121] 역삼역 (primary=KEY_1)
2026-07-01 01:56:57,857 [INFO] [106/121] 연신내역 (primary=KEY_2)
2026-07-01 01:56:59,031 [INFO] [107/121] 오목교역·목동운동장 (primary=KEY_3)
2026-07-01 01:57:00,587 [INFO] [108/121] 왕십리역 (primary=KEY_4)
2026-07-01 01:57:01,952 [INFO] [109/121] 용산역 (primary=KEY_1)
2026-07-01 01:57:04,245 [INFO] [110/121] 이태원역 (primary=KEY_2)
2026-07-01 01:57:05,395 [INFO] [111/121] 잠실새내역 (primary=KEY_3)
2026-07-01 01:57:06,731 [INFO] [112/121] 잠실역 (primary=KEY_4)
2026-07-01 01:57:08,063 [INFO] [113/121] 장지역 (primary=KEY_1)
2026-07-01 01:57:09,405 [INFO] [114/121] 장한평역 (primary=KEY_2)
2026-07-01 01:57:10,745 [INFO] [115/121] 천호역 (primary=KEY_3)
2026-07-01 01:57:12,087 [INFO] [116/121] 총신대입구(이수)역 (primary=KEY_4)
2026-07-01 01:57:13,425 [INFO] [117/121] 충정로역 (primary=KEY_1)
2026-07-01 01:57:14,626 [INFO] [118/121] 합정역 (primary=KEY_2)
2026-07-01 01:57:15,971 [INFO] [119/121] 혜화역 (primary=KEY_3)
2026-07-01 01:57:18,255 [INFO] [120/121] 홍대입구역(2호선) (primary=KEY_4)
2026-07-01 01:57:19,439 [INFO] [121/121] 회기역 (primary=KEY_1)
2026-07-01 01:57:22,803 [INFO] === 수집 완료 | 성공 121, 실패 0 ===
2026-07-01 01:57:22,803 [INFO] 카테고리별 저장 결과:
2026-07-01 01:57:22,803 [INFO]    accident                  | 신규     5행 | 누적     15행 | 16컬럼
2026-07-01 01:57:22,803 [INFO]    area_meta                 | 신규   121행 | 누적    363행 | 5컬럼
2026-07-01 01:57:22,803 [INFO]    bike                      | 신규    12행 | 누적     36행 | 12컬럼
2026-07-01 01:57:22,803 [INFO]    bike_sbike_stts           | 신규   554행 | 누적   1662행 | 12컬럼
2026-07-01 01:57:22,803 [INFO]    bus                       | 신규     3행 | 누적      9행 | 11컬럼
2026-07-01 01:57:22,803 [INFO]    bus_bus_stn_stts          | 신규  1745행 | 누적   5235행 | 11컬럼
2026-07-01 01:57:22,803 [INFO]    charger                   | 신규    25행 | 누적     33행 | 15컬럼
2026-07-01 01:57:22,804 [INFO]    charger_charger_stts      | 신규   340행 | 누적   4142행 | 15컬럼
2026-07-01 01:57:22,804 [INFO]    cmrcl                     | 신규    82행 | 누적    246행 | 20컬럼
2026-07-01 01:57:22,804 [INFO]    events                    | 신규     9행 | 누적     27행 | 14컬럼
2026-07-01 01:57:22,804 [INFO]    events_event_stts         | 신규   122행 | 누적    366행 | 14컬럼
2026-07-01 01:57:22,804 [INFO]    parking                   | 신규     6행 | 누적     18행 | 21컬럼
2026-07-01 01:57:22,804 [INFO]    parking_prk_stts          | 신규  1833행 | 누적   5499행 | 21컬럼
2026-07-01 01:57:22,804 [INFO]    ppltn                     | 신규   121행 | 누적    363행 | 26컬럼
2026-07-01 01:57:22,804 [INFO]    road                      | 신규   121행 | 누적    363행 | 21컬럼
2026-07-01 01:57:22,804 [INFO]    road_road_traffic_stts    | 신규  5260행 | 누적  15780행 | 17컬럼
2026-07-01 01:57:22,804 [INFO]    subway                    | 신규    38행 | 누적    114행 | 13컬럼
2026-07-01 01:57:22,804 [INFO]    subway_sub_stts           | 신규   183행 | 누적    549행 | 13컬럼
2026-07-01 01:57:22,804 [INFO]    weather                   | 신규   119행 | 누적    357행 | 29컬럼
2026-07-01 01:57:22,804 [INFO] 키별 사용량:
2026-07-01 01:57:22,804 [INFO]    🟢 KEY_1 (31/1000) 
2026-07-01 01:57:22,804 [INFO]    🟢 KEY_2 (30/1000) 
2026-07-01 01:57:22,804 [INFO]    🟢 KEY_3 (30/1000) 
2026-07-01 01:57:22,804 [INFO]    🟢 KEY_4 (30/1000) 
2026-07-01 02:45:45,097 [INFO] 등록된 키: 4개, 합산 한도 4,000건/일
2026-07-01 02:45:45,098 [INFO] POI 로드: 매뉴얼 v8.5 기준 fallback 121개 (121개 전체)
2026-07-01 02:45:45,098 [INFO] === 수집 시작 2026-07-01T02:45:45.098299+09:00 ===
2026-07-01 02:45:45,098 [INFO] 대상 장소: 121개 | API: citydata (통합)
2026-07-01 02:45:45,098 [INFO] 키 풀: 4/4 활성 | 오늘 사용 0/4000건
2026-07-01 02:45:45,098 [INFO]   [KEY_1] 담당 31장소
2026-07-01 02:45:45,098 [INFO]   [KEY_2] 담당 30장소
2026-07-01 02:45:45,098 [INFO]   [KEY_3] 담당 30장소
2026-07-01 02:45:45,098 [INFO]   [KEY_4] 담당 30장소
2026-07-01 02:45:45,098 [INFO] [1/121] 경복궁 (primary=KEY_1)
2026-07-01 02:45:47,236 [INFO] [2/121] 광화문·덕수궁 (primary=KEY_2)
2026-07-01 02:45:49,590 [INFO] [3/121] 보신각 (primary=KEY_3)
2026-07-01 02:45:50,951 [INFO] [4/121] 서울 암사동 유적 (primary=KEY_4)
2026-07-01 02:45:52,874 [INFO] [5/121] 창덕궁·종묘 (primary=KEY_1)
2026-07-01 02:45:54,588 [INFO] [6/121] 강남 MICE 관광특구 (primary=KEY_2)
2026-07-01 02:45:56,520 [INFO] [7/121] 동대문 관광특구 (primary=KEY_3)
2026-07-01 02:45:59,072 [INFO] [8/121] 명동 관광특구 (primary=KEY_4)
2026-07-01 02:46:01,638 [INFO] [9/121] 이태원 관광특구 (primary=KEY_1)
2026-07-01 02:46:03,758 [INFO] [10/121] 잠실 관광특구 (primary=KEY_2)
2026-07-01 02:46:05,352 [INFO] [11/121] 종로·청계 관광특구 (primary=KEY_3)
2026-07-01 02:46:07,712 [INFO] [12/121] 홍대 관광특구 (primary=KEY_4)
2026-07-01 02:46:09,306 [INFO] [13/121] 강서한강공원 (primary=KEY_1)
2026-07-01 02:46:11,193 [INFO] [14/121] 고척돔 (primary=KEY_2)
2026-07-01 02:46:12,912 [INFO] [15/121] 광나루한강공원 (primary=KEY_3)
2026-07-01 02:46:15,034 [INFO] [16/121] 광화문광장 (primary=KEY_4)
2026-07-01 02:46:17,534 [INFO] [17/121] 국립중앙박물관·용산가족공원 (primary=KEY_1)
2026-07-01 02:46:18,674 [INFO] [18/121] 난지한강공원 (primary=KEY_2)
2026-07-01 02:46:20,592 [INFO] [19/121] 남산공원 (primary=KEY_3)
2026-07-01 02:46:22,930 [INFO] [20/121] 노들섬 (primary=KEY_4)
2026-07-01 02:46:24,856 [INFO] [21/121] 뚝섬한강공원 (primary=KEY_1)
2026-07-01 02:46:26,768 [INFO] [22/121] 망원한강공원 (primary=KEY_2)
2026-07-01 02:46:28,881 [INFO] [23/121] 반포한강공원 (primary=KEY_3)
2026-07-01 02:46:30,026 [INFO] [24/121] 보라매공원 (primary=KEY_4)
2026-07-01 02:46:31,225 [INFO] [25/121] 북서울꿈의숲 (primary=KEY_1)
2026-07-01 02:46:32,386 [INFO] [26/121] 서대문독립공원 (primary=KEY_2)
2026-07-01 02:46:33,546 [INFO] [27/121] 서리풀공원·몽마르뜨공원 (primary=KEY_3)
2026-07-01 02:46:35,496 [INFO] [28/121] 서울대공원 (primary=KEY_4)
2026-07-01 02:46:37,433 [INFO] [29/121] 서울숲공원 (primary=KEY_1)
2026-07-01 02:46:38,806 [INFO] [30/121] 송현녹지광장 (primary=KEY_2)
2026-07-01 02:46:40,925 [INFO] [31/121] 아차산 (primary=KEY_3)
2026-07-01 02:46:42,842 [INFO] [32/121] 안양천 (primary=KEY_4)
2026-07-01 02:46:44,007 [INFO] [33/121] 양화한강공원 (primary=KEY_1)
2026-07-01 02:46:45,155 [INFO] [34/121] 어린이대공원 (primary=KEY_2)
2026-07-01 02:46:46,335 [INFO] [35/121] 여의도한강공원 (primary=KEY_3)
2026-07-01 02:46:47,687 [INFO] [36/121] 여의서로 (primary=KEY_4)
2026-07-01 02:46:48,866 [INFO] [37/121] 올림픽공원 (primary=KEY_1)
2026-07-01 02:46:50,240 [INFO] [38/121] 월드컵공원 (primary=KEY_2)
2026-07-01 02:46:51,845 [INFO] [39/121] 응봉산 (primary=KEY_3)
2026-07-01 02:46:53,178 [INFO] [40/121] 이촌한강공원 (primary=KEY_4)
2026-07-01 02:46:55,094 [INFO] [41/121] 잠실종합운동장 (primary=KEY_1)
2026-07-01 02:46:56,270 [INFO] [42/121] 잠실한강공원 (primary=KEY_2)
2026-07-01 02:46:57,424 [INFO] [43/121] 잠원한강공원 (primary=KEY_3)
2026-07-01 02:46:58,596 [INFO] [44/121] 청계산 (primary=KEY_4)
2026-07-01 02:47:00,506 [INFO] [45/121] 홍제폭포 (primary=KEY_1)
2026-07-01 02:47:01,654 [INFO] [46/121] 가락시장 (primary=KEY_2)
2026-07-01 02:47:03,064 [INFO] [47/121] 가로수길 (primary=KEY_3)
2026-07-01 02:47:05,207 [INFO] [48/121] 광장(전통)시장 (primary=KEY_4)
2026-07-01 02:47:06,393 [INFO] [49/121] 김포공항 (primary=KEY_1)
2026-07-01 02:47:07,800 [INFO] [50/121] 남대문시장 (primary=KEY_2)
2026-07-01 02:47:08,970 [INFO] [51/121] 노량진 (primary=KEY_3)
2026-07-01 02:47:10,161 [INFO] [52/121] 덕수궁길·정동길 (primary=KEY_4)
2026-07-01 02:47:11,553 [INFO] [53/121] 북창동 먹자골목 (primary=KEY_1)
2026-07-01 02:47:12,702 [INFO] [54/121] 북촌한옥마을 (primary=KEY_2)
2026-07-01 02:47:15,832 [INFO] [55/121] 서촌 (primary=KEY_3)
2026-07-01 02:47:17,179 [INFO] [56/121] 성수카페거리 (primary=KEY_4)
2026-07-01 02:47:18,534 [INFO] [57/121] 송리단길·호수단길 (primary=KEY_1)
2026-07-01 02:47:19,919 [INFO] [58/121] 신촌 스타광장 (primary=KEY_2)
2026-07-01 02:47:21,101 [INFO] [59/121] 압구정로데오거리 (primary=KEY_3)
2026-07-01 02:47:22,446 [INFO] [60/121] 여의도 (primary=KEY_4)
2026-07-01 02:47:24,433 [INFO] [61/121] 연남동 (primary=KEY_1)
2026-07-01 02:47:25,773 [INFO] [62/121] 영등포 타임스퀘어 (primary=KEY_2)
2026-07-01 02:47:27,110 [INFO] [63/121] 용리단길 (primary=KEY_3)
2026-07-01 02:47:28,313 [INFO] [64/121] 이태원 앤틱가구거리 (primary=KEY_4)
2026-07-01 02:47:29,496 [INFO] [65/121] 익선동 (primary=KEY_1)
2026-07-01 02:47:30,876 [INFO] [66/121] 인사동 (primary=KEY_2)
2026-07-01 02:47:32,243 [INFO] [67/121] 잠실롯데타워·석촌호수 (primary=KEY_3)
2026-07-01 02:47:33,618 [INFO] [68/121] 창동 신경제 중심지 (primary=KEY_4)
2026-07-01 02:47:35,195 [INFO] [69/121] 청담동 명품거리 (primary=KEY_1)
2026-07-01 02:47:36,561 [INFO] [70/121] 청량리 제기동 일대 전통시장 (primary=KEY_2)
2026-07-01 02:47:37,928 [INFO] [71/121] 해방촌·경리단길 (primary=KEY_3)
2026-07-01 02:47:39,116 [INFO] [72/121] DDP(동대문디자인플라자) (primary=KEY_4)
2026-07-01 02:47:40,531 [INFO] [73/121] DMC(디지털미디어시티) (primary=KEY_1)
2026-07-01 02:47:42,096 [INFO] [74/121] 가산디지털단지역 (primary=KEY_2)
2026-07-01 02:47:43,652 [INFO] [75/121] 강남역 (primary=KEY_3)
2026-07-01 02:47:45,244 [INFO] [76/121] 건대입구역 (primary=KEY_4)
2026-07-01 02:47:46,645 [INFO] [77/121] 고덕역 (primary=KEY_1)
2026-07-01 02:47:48,016 [INFO] [78/121] 고속터미널역 (primary=KEY_2)
2026-07-01 02:47:49,206 [INFO] [79/121] 교대역 (primary=KEY_3)
2026-07-01 02:47:51,145 [INFO] [80/121] 구로디지털단지역 (primary=KEY_4)
2026-07-01 02:47:52,503 [INFO] [81/121] 구로역 (primary=KEY_1)
2026-07-01 02:47:54,436 [INFO] [82/121] 군자역 (primary=KEY_2)
2026-07-01 02:47:55,632 [INFO] [83/121] 대림역 (primary=KEY_3)
2026-07-01 02:47:56,837 [INFO] [84/121] 동대문역 (primary=KEY_4)
2026-07-01 02:47:58,207 [INFO] [85/121] 뚝섬역 (primary=KEY_1)
2026-07-01 02:47:59,566 [INFO] [86/121] 미아사거리역 (primary=KEY_2)
2026-07-01 02:48:00,916 [INFO] [87/121] 발산역 (primary=KEY_3)
2026-07-01 02:48:02,495 [INFO] [88/121] 사당역 (primary=KEY_4)
2026-07-01 02:48:03,862 [INFO] [89/121] 삼각지역 (primary=KEY_1)
2026-07-01 02:48:05,020 [INFO] [90/121] 서울대입구역 (primary=KEY_2)
2026-07-01 02:48:06,187 [INFO] [91/121] 서울식물원·마곡나루역 (primary=KEY_3)
2026-07-01 02:48:07,591 [INFO] [92/121] 서울역 (primary=KEY_4)
2026-07-01 02:48:08,998 [INFO] [93/121] 선릉역 (primary=KEY_1)
2026-07-01 02:48:10,613 [INFO] [94/121] 성신여대입구역 (primary=KEY_2)
2026-07-01 02:48:11,783 [INFO] [95/121] 수유역 (primary=KEY_3)
2026-07-01 02:48:13,143 [INFO] [96/121] 숭례문 (primary=KEY_4)
2026-07-01 02:48:14,508 [INFO] [97/121] 시의회 앞 (primary=KEY_1)
2026-07-01 02:48:15,921 [INFO] [98/121] 신논현역·논현역 (primary=KEY_2)
2026-07-01 02:48:18,443 [INFO] [99/121] 신도림역 (primary=KEY_3)
2026-07-01 02:48:19,616 [INFO] [100/121] 신림역 (primary=KEY_4)
2026-07-01 02:48:20,800 [INFO] [101/121] 신정네거리역 (primary=KEY_1)
2026-07-01 02:48:21,959 [INFO] [102/121] 신촌·이대역 (primary=KEY_2)
2026-07-01 02:48:23,373 [INFO] [103/121] 쌍문역 (primary=KEY_3)
2026-07-01 02:48:24,528 [INFO] [104/121] 양재역 (primary=KEY_4)
2026-07-01 02:48:25,871 [INFO] [105/121] 역삼역 (primary=KEY_1)
2026-07-01 02:48:27,219 [INFO] [106/121] 연신내역 (primary=KEY_2)
2026-07-01 02:48:28,394 [INFO] [107/121] 오목교역·목동운동장 (primary=KEY_3)
2026-07-01 02:48:29,936 [INFO] [108/121] 왕십리역 (primary=KEY_4)
2026-07-01 02:48:31,377 [INFO] [109/121] 용산역 (primary=KEY_1)
2026-07-01 02:48:32,745 [INFO] [110/121] 이태원역 (primary=KEY_2)
2026-07-01 02:48:33,910 [INFO] [111/121] 잠실새내역 (primary=KEY_3)
2026-07-01 02:48:35,264 [INFO] [112/121] 잠실역 (primary=KEY_4)
2026-07-01 02:48:36,636 [INFO] [113/121] 장지역 (primary=KEY_1)
2026-07-01 02:48:38,027 [INFO] [114/121] 장한평역 (primary=KEY_2)
2026-07-01 02:48:39,377 [INFO] [115/121] 천호역 (primary=KEY_3)
2026-07-01 02:48:40,755 [INFO] [116/121] 총신대입구(이수)역 (primary=KEY_4)
2026-07-01 02:48:42,174 [INFO] [117/121] 충정로역 (primary=KEY_1)
2026-07-01 02:48:43,361 [INFO] [118/121] 합정역 (primary=KEY_2)
2026-07-01 02:48:44,778 [INFO] [119/121] 혜화역 (primary=KEY_3)
2026-07-01 02:48:45,949 [INFO] [120/121] 홍대입구역(2호선) (primary=KEY_4)
2026-07-01 02:48:47,151 [INFO] [121/121] 회기역 (primary=KEY_1)
2026-07-01 02:48:49,531 [INFO] === 수집 완료 | 성공 121, 실패 0 ===
2026-07-01 02:48:49,532 [INFO] 카테고리별 저장 결과:
2026-07-01 02:48:49,532 [INFO]    accident                  | 신규     7행 | 누적     22행 | 16컬럼
2026-07-01 02:48:49,532 [INFO]    accident_acdnt_cntrl_stts | 신규     2행 | 누적      2행 | 16컬럼
2026-07-01 02:48:49,532 [INFO]    area_meta                 | 신규   121행 | 누적    484행 | 5컬럼
2026-07-01 02:48:49,532 [INFO]    bike                      | 신규    12행 | 누적     48행 | 12컬럼
2026-07-01 02:48:49,532 [INFO]    bike_sbike_stts           | 신규   554행 | 누적   2216행 | 12컬럼
2026-07-01 02:48:49,532 [INFO]    bus                       | 신규     3행 | 누적     12행 | 11컬럼
2026-07-01 02:48:49,532 [INFO]    bus_bus_stn_stts          | 신규  1745행 | 누적   6980행 | 11컬럼
2026-07-01 02:48:49,532 [INFO]    charger                   | 신규    25행 | 누적     58행 | 15컬럼
2026-07-01 02:48:49,532 [INFO]    charger_charger_stts      | 신규   340행 | 누적   4480행 | 15컬럼
2026-07-01 02:48:49,532 [INFO]    cmrcl                     | 신규    82행 | 누적    328행 | 20컬럼
2026-07-01 02:48:49,532 [INFO]    events                    | 신규     9행 | 누적     36행 | 14컬럼
2026-07-01 02:48:49,532 [INFO]    events_event_stts         | 신규   122행 | 누적    488행 | 14컬럼
2026-07-01 02:48:49,532 [INFO]    parking                   | 신규     6행 | 누적     24행 | 21컬럼
2026-07-01 02:48:49,532 [INFO]    parking_prk_stts          | 신규  1833행 | 누적   7332행 | 21컬럼
2026-07-01 02:48:49,532 [INFO]    ppltn                     | 신규   121행 | 누적    484행 | 26컬럼
2026-07-01 02:48:49,532 [INFO]    road                      | 신규   121행 | 누적    484행 | 21컬럼
2026-07-01 02:48:49,533 [INFO]    road_road_traffic_stts    | 신규  5260행 | 누적  21040행 | 17컬럼
2026-07-01 02:48:49,533 [INFO]    subway                    | 신규    38행 | 누적    152행 | 13컬럼
2026-07-01 02:48:49,533 [INFO]    subway_sub_stts           | 신규   183행 | 누적    732행 | 13컬럼
2026-07-01 02:48:49,533 [INFO]    weather                   | 신규   119행 | 누적    476행 | 29컬럼
2026-07-01 02:48:49,533 [INFO] 키별 사용량:
2026-07-01 02:48:49,533 [INFO]    🟢 KEY_1 (31/1000) 
2026-07-01 02:48:49,533 [INFO]    🟢 KEY_2 (30/1000) 
2026-07-01 02:48:49,533 [INFO]    🟢 KEY_3 (30/1000) 
2026-07-01 02:48:49,533 [INFO]    🟢 KEY_4 (30/1000) 
