2026-08-28 05:21:34,581 [INFO] 등록된 키: 4개, 합산 한도 4,000건/일
2026-08-28 05:21:34,581 [INFO] POI 로드: 매뉴얼 v8.5 기준 fallback 121개 (121개 전체)
2026-08-28 05:21:34,581 [INFO] === 수집 시작 2026-08-28T05:21:34.581550+09:00 ===
2026-08-28 05:21:34,581 [INFO] 대상 장소: 121개 | API: citydata (통합)
2026-08-28 05:21:34,581 [INFO] 키 풀: 4/4 활성 | 오늘 사용 0/4000건
2026-08-28 05:21:34,581 [INFO]   [KEY_1] 담당 31장소
2026-08-28 05:21:34,581 [INFO]   [KEY_2] 담당 30장소
2026-08-28 05:21:34,581 [INFO]   [KEY_3] 담당 30장소
2026-08-28 05:21:34,581 [INFO]   [KEY_4] 담당 30장소
2026-08-28 05:21:34,581 [INFO] [1/121] 경복궁 (primary=KEY_1)
2026-08-28 05:21:35,869 [INFO] [2/121] 광화문·덕수궁 (primary=KEY_2)
2026-08-28 05:21:37,431 [INFO] [3/121] 보신각 (primary=KEY_3)
2026-08-28 05:21:38,562 [INFO] [4/121] 서울 암사동 유적 (primary=KEY_4)
2026-08-28 05:21:39,536 [INFO] [5/121] 창덕궁·종묘 (primary=KEY_1)
2026-08-28 05:21:40,659 [INFO] [6/121] 강남 MICE 관광특구 (primary=KEY_2)
2026-08-28 05:21:41,930 [INFO] [7/121] 동대문 관광특구 (primary=KEY_3)
2026-08-28 05:21:43,228 [INFO] [8/121] 명동 관광특구 (primary=KEY_4)
2026-08-28 05:21:44,675 [INFO] [9/121] 이태원 관광특구 (primary=KEY_1)
2026-08-28 05:21:45,829 [INFO] [10/121] 잠실 관광특구 (primary=KEY_2)
2026-08-28 05:21:47,263 [INFO] [11/121] 종로·청계 관광특구 (primary=KEY_3)
2026-08-28 05:21:48,555 [INFO] [12/121] 홍대 관광특구 (primary=KEY_4)
2026-08-28 05:21:49,860 [INFO] [13/121] 강서한강공원 (primary=KEY_1)
2026-08-28 05:21:50,832 [INFO] [14/121] 고척돔 (primary=KEY_2)
2026-08-28 05:21:51,811 [INFO] [15/121] 광나루한강공원 (primary=KEY_3)
2026-08-28 05:21:52,931 [INFO] [16/121] 광화문광장 (primary=KEY_4)
2026-08-28 05:21:54,072 [INFO] [17/121] 국립중앙박물관·용산가족공원 (primary=KEY_1)
2026-08-28 05:21:55,068 [INFO] [18/121] 난지한강공원 (primary=KEY_2)
2026-08-28 05:21:56,043 [INFO] [19/121] 남산공원 (primary=KEY_3)
2026-08-28 05:21:57,331 [INFO] [20/121] 노들섬 (primary=KEY_4)
2026-08-28 05:21:58,335 [INFO] [21/121] 뚝섬한강공원 (primary=KEY_1)
2026-08-28 05:21:59,320 [INFO] [22/121] 망원한강공원 (primary=KEY_2)
2026-08-28 05:22:00,447 [INFO] [23/121] 반포한강공원 (primary=KEY_3)
2026-08-28 05:22:01,421 [INFO] [24/121] 보라매공원 (primary=KEY_4)
2026-08-28 05:22:02,416 [INFO] [25/121] 북서울꿈의숲 (primary=KEY_1)
2026-08-28 05:22:03,550 [INFO] [26/121] 서대문독립공원 (primary=KEY_2)
2026-08-28 05:22:04,531 [INFO] [27/121] 서리풀공원·몽마르뜨공원 (primary=KEY_3)
2026-08-28 05:22:05,696 [INFO] [28/121] 서울대공원 (primary=KEY_4)
2026-08-28 05:22:06,665 [INFO] [29/121] 서울숲공원 (primary=KEY_1)
2026-08-28 05:22:07,791 [INFO] [30/121] 송현녹지광장 (primary=KEY_2)
2026-08-28 05:22:08,919 [INFO] [31/121] 아차산 (primary=KEY_3)
2026-08-28 05:22:09,892 [INFO] [32/121] 안양천 (primary=KEY_4)
2026-08-28 05:22:10,874 [INFO] [33/121] 양화한강공원 (primary=KEY_1)
2026-08-28 05:22:11,863 [INFO] [34/121] 어린이대공원 (primary=KEY_2)
2026-08-28 05:22:12,995 [INFO] [35/121] 여의도한강공원 (primary=KEY_3)
2026-08-28 05:22:14,106 [INFO] [36/121] 여의서로 (primary=KEY_4)
2026-08-28 05:22:15,218 [INFO] [37/121] 올림픽공원 (primary=KEY_1)
2026-08-28 05:22:16,506 [INFO] [38/121] 월드컵공원 (primary=KEY_2)
2026-08-28 05:22:17,775 [INFO] [39/121] 응봉산 (primary=KEY_3)
2026-08-28 05:22:18,882 [INFO] [40/121] 이촌한강공원 (primary=KEY_4)
2026-08-28 05:22:19,859 [INFO] [41/121] 잠실종합운동장 (primary=KEY_1)
2026-08-28 05:22:20,854 [INFO] [42/121] 잠실한강공원 (primary=KEY_2)
2026-08-28 05:22:21,844 [INFO] [43/121] 잠원한강공원 (primary=KEY_3)
2026-08-28 05:22:22,815 [INFO] [44/121] 청계산 (primary=KEY_4)
2026-08-28 05:22:23,785 [INFO] [45/121] 홍제폭포 (primary=KEY_1)
2026-08-28 05:22:24,762 [INFO] [46/121] 가락시장 (primary=KEY_2)
2026-08-28 05:22:25,921 [INFO] [47/121] 가로수길 (primary=KEY_3)
2026-08-28 05:22:27,091 [INFO] [48/121] 광장(전통)시장 (primary=KEY_4)
2026-08-28 05:22:28,071 [INFO] [49/121] 김포공항 (primary=KEY_1)
2026-08-28 05:22:29,353 [INFO] [50/121] 남대문시장 (primary=KEY_2)
2026-08-28 05:22:31,183 [INFO] [51/121] 노량진 (primary=KEY_3)
2026-08-28 05:22:32,438 [INFO] [52/121] 덕수궁길·정동길 (primary=KEY_4)
2026-08-28 05:22:33,710 [INFO] [53/121] 북창동 먹자골목 (primary=KEY_1)
2026-08-28 05:22:34,964 [INFO] [54/121] 북촌한옥마을 (primary=KEY_2)
2026-08-28 05:22:36,376 [INFO] [55/121] 서촌 (primary=KEY_3)
2026-08-28 05:22:37,629 [INFO] [56/121] 성수카페거리 (primary=KEY_4)
2026-08-28 05:22:39,038 [INFO] [57/121] 송리단길·호수단길 (primary=KEY_1)
2026-08-28 05:22:40,304 [INFO] [58/121] 신촌 스타광장 (primary=KEY_2)
2026-08-28 05:22:41,294 [INFO] [59/121] 압구정로데오거리 (primary=KEY_3)
2026-08-28 05:22:42,416 [INFO] [60/121] 여의도 (primary=KEY_4)
2026-08-28 05:22:44,238 [INFO] [61/121] 연남동 (primary=KEY_1)
2026-08-28 05:22:45,352 [INFO] [62/121] 영등포 타임스퀘어 (primary=KEY_2)
2026-08-28 05:22:46,474 [INFO] [63/121] 용리단길 (primary=KEY_3)
2026-08-28 05:22:47,481 [INFO] [64/121] 이태원 앤틱가구거리 (primary=KEY_4)
2026-08-28 05:22:48,754 [INFO] [65/121] 익선동 (primary=KEY_1)
2026-08-28 05:22:49,899 [INFO] [66/121] 인사동 (primary=KEY_2)
2026-08-28 05:22:51,312 [INFO] [67/121] 잠실롯데타워·석촌호수 (primary=KEY_3)
2026-08-28 05:22:52,745 [INFO] [68/121] 창동 신경제 중심지 (primary=KEY_4)
2026-08-28 05:22:54,212 [INFO] [69/121] 청담동 명품거리 (primary=KEY_1)
2026-08-28 05:22:55,339 [INFO] [70/121] 청량리 제기동 일대 전통시장 (primary=KEY_2)
2026-08-28 05:22:56,503 [INFO] [71/121] 해방촌·경리단길 (primary=KEY_3)
2026-08-28 05:22:57,492 [INFO] [72/121] DDP(동대문디자인플라자) (primary=KEY_4)
2026-08-28 05:22:58,638 [INFO] [73/121] DMC(디지털미디어시티) (primary=KEY_1)
2026-08-28 05:23:00,066 [INFO] [74/121] 가산디지털단지역 (primary=KEY_2)
2026-08-28 05:23:01,639 [INFO] [75/121] 강남역 (primary=KEY_3)
2026-08-28 05:23:02,978 [INFO] [76/121] 건대입구역 (primary=KEY_4)
2026-08-28 05:23:04,132 [INFO] [77/121] 고덕역 (primary=KEY_1)
2026-08-28 05:23:05,261 [INFO] [78/121] 고속터미널역 (primary=KEY_2)
2026-08-28 05:23:06,544 [INFO] [79/121] 교대역 (primary=KEY_3)
2026-08-28 05:23:07,682 [INFO] [80/121] 구로디지털단지역 (primary=KEY_4)
2026-08-28 05:23:09,204 [INFO] [81/121] 구로역 (primary=KEY_1)
2026-08-28 05:23:10,337 [INFO] [82/121] 군자역 (primary=KEY_2)
2026-08-28 05:23:11,461 [INFO] [83/121] 대림역 (primary=KEY_3)
2026-08-28 05:23:12,636 [INFO] [84/121] 동대문역 (primary=KEY_4)
2026-08-28 05:23:13,776 [INFO] [85/121] 뚝섬역 (primary=KEY_1)
2026-08-28 05:23:14,905 [INFO] [86/121] 미아사거리역 (primary=KEY_2)
2026-08-28 05:23:16,082 [INFO] [87/121] 발산역 (primary=KEY_3)
2026-08-28 05:23:17,514 [INFO] [88/121] 사당역 (primary=KEY_4)
2026-08-28 05:23:18,655 [INFO] [89/121] 삼각지역 (primary=KEY_1)
2026-08-28 05:23:19,784 [INFO] [90/121] 서울대입구역 (primary=KEY_2)
2026-08-28 05:23:20,908 [INFO] [91/121] 서울식물원·마곡나루역 (primary=KEY_3)
2026-08-28 05:23:22,252 [INFO] [92/121] 서울역 (primary=KEY_4)
2026-08-28 05:23:23,563 [INFO] [93/121] 선릉역 (primary=KEY_1)
2026-08-28 05:23:25,001 [INFO] [94/121] 성신여대입구역 (primary=KEY_2)
2026-08-28 05:23:26,001 [INFO] [95/121] 수유역 (primary=KEY_3)
2026-08-28 05:23:27,128 [INFO] [96/121] 숭례문 (primary=KEY_4)
2026-08-28 05:23:28,404 [INFO] [97/121] 시의회 앞 (primary=KEY_1)
2026-08-28 05:23:29,541 [INFO] [98/121] 신논현역·논현역 (primary=KEY_2)
2026-08-28 05:23:30,804 [INFO] [99/121] 신도림역 (primary=KEY_3)
2026-08-28 05:23:31,831 [INFO] [100/121] 신림역 (primary=KEY_4)
2026-08-28 05:23:32,831 [INFO] [101/121] 신정네거리역 (primary=KEY_1)
2026-08-28 05:23:33,960 [INFO] [102/121] 신촌·이대역 (primary=KEY_2)
2026-08-28 05:23:35,097 [INFO] [103/121] 쌍문역 (primary=KEY_3)
2026-08-28 05:23:36,224 [INFO] [104/121] 양재역 (primary=KEY_4)
2026-08-28 05:23:37,364 [INFO] [105/121] 역삼역 (primary=KEY_1)
2026-08-28 05:23:38,663 [INFO] [106/121] 연신내역 (primary=KEY_2)
2026-08-28 05:23:39,680 [INFO] [107/121] 오목교역·목동운동장 (primary=KEY_3)
2026-08-28 05:23:41,238 [INFO] [108/121] 왕십리역 (primary=KEY_4)
2026-08-28 05:23:42,548 [INFO] [109/121] 용산역 (primary=KEY_1)
2026-08-28 05:23:43,831 [INFO] [110/121] 이태원역 (primary=KEY_2)
2026-08-28 05:23:44,832 [INFO] [111/121] 잠실새내역 (primary=KEY_3)
2026-08-28 05:23:46,030 [INFO] [112/121] 잠실역 (primary=KEY_4)
2026-08-28 05:23:47,305 [INFO] [113/121] 장지역 (primary=KEY_1)
2026-08-28 05:23:48,574 [INFO] [114/121] 장한평역 (primary=KEY_2)
2026-08-28 05:23:49,719 [INFO] [115/121] 천호역 (primary=KEY_3)
2026-08-28 05:23:50,914 [INFO] [116/121] 총신대입구(이수)역 (primary=KEY_4)
2026-08-28 05:23:52,049 [INFO] [117/121] 충정로역 (primary=KEY_1)
2026-08-28 05:23:53,196 [INFO] [118/121] 합정역 (primary=KEY_2)
2026-08-28 05:23:54,353 [INFO] [119/121] 혜화역 (primary=KEY_3)
2026-08-28 05:23:55,494 [INFO] [120/121] 홍대입구역(2호선) (primary=KEY_4)
2026-08-28 05:23:56,633 [INFO] [121/121] 회기역 (primary=KEY_1)
2026-08-28 05:23:58,123 [INFO] === 수집 완료 | 성공 121, 실패 0 ===
2026-08-28 05:23:58,123 [INFO] 카테고리별 저장 결과:
2026-08-28 05:23:58,123 [INFO]    accident                  | 신규     2행 | 누적      2행 | 16컬럼
2026-08-28 05:23:58,123 [INFO]    area_meta                 | 신규   121행 | 누적    121행 | 5컬럼
2026-08-28 05:23:58,124 [INFO]    bike                      | 신규    10행 | 누적     10행 | 12컬럼
2026-08-28 05:23:58,124 [INFO]    bike_sbike_stts           | 신규   572행 | 누적    572행 | 12컬럼
2026-08-28 05:23:58,124 [INFO]    bus                       | 신규     3행 | 누적      3행 | 11컬럼
2026-08-28 05:23:58,124 [INFO]    bus_bus_stn_stts          | 신규  1745행 | 누적   1745행 | 11컬럼
2026-08-28 05:23:58,124 [INFO]    charger                   | 신규     4행 | 누적      4행 | 15컬럼
2026-08-28 05:23:58,124 [INFO]    charger_charger_stts      | 신규  1927행 | 누적   1927행 | 15컬럼
2026-08-28 05:23:58,124 [INFO]    cmrcl                     | 신규    82행 | 누적     82행 | 20컬럼
2026-08-28 05:23:58,124 [INFO]    events                    | 신규    11행 | 누적     11행 | 14컬럼
2026-08-28 05:23:58,124 [INFO]    events_event_stts         | 신규   133행 | 누적    133행 | 14컬럼
2026-08-28 05:23:58,124 [INFO]    parking                   | 신규     6행 | 누적      6행 | 21컬럼
2026-08-28 05:23:58,124 [INFO]    parking_prk_stts          | 신규  1827행 | 누적   1827행 | 21컬럼
2026-08-28 05:23:58,124 [INFO]    ppltn                     | 신규   121행 | 누적    121행 | 26컬럼
2026-08-28 05:23:58,124 [INFO]    road                      | 신규   121행 | 누적    121행 | 21컬럼
2026-08-28 05:23:58,124 [INFO]    road_road_traffic_stts    | 신규  5292행 | 누적   5292행 | 17컬럼
2026-08-28 05:23:58,124 [INFO]    subway                    | 신규    38행 | 누적     38행 | 12컬럼
2026-08-28 05:23:58,124 [INFO]    subway_sub_stts           | 신규   183행 | 누적    183행 | 13컬럼
2026-08-28 05:23:58,124 [INFO]    weather                   | 신규   119행 | 누적    119행 | 29컬럼
2026-08-28 05:23:58,124 [INFO] 키별 사용량:
2026-08-28 05:23:58,124 [INFO]    🟢 KEY_1 (31/1000) 
2026-08-28 05:23:58,124 [INFO]    🟢 KEY_2 (30/1000) 
2026-08-28 05:23:58,124 [INFO]    🟢 KEY_3 (30/1000) 
2026-08-28 05:23:58,124 [INFO]    🟢 KEY_4 (30/1000) 
2026-08-28 14:20:18,071 [INFO] 등록된 키: 4개, 합산 한도 4,000건/일
2026-08-28 14:20:18,071 [INFO] POI 로드: 매뉴얼 v8.5 기준 fallback 121개 (121개 전체)
2026-08-28 14:20:18,071 [INFO] === 수집 시작 2026-08-28T14:20:18.071815+09:00 ===
2026-08-28 14:20:18,071 [INFO] 대상 장소: 121개 | API: citydata (통합)
2026-08-28 14:20:18,071 [INFO] 키 풀: 4/4 활성 | 오늘 사용 0/4000건
2026-08-28 14:20:18,072 [INFO]   [KEY_1] 담당 31장소
2026-08-28 14:20:18,072 [INFO]   [KEY_2] 담당 30장소
2026-08-28 14:20:18,072 [INFO]   [KEY_3] 담당 30장소
2026-08-28 14:20:18,072 [INFO]   [KEY_4] 담당 30장소
2026-08-28 14:20:18,072 [INFO] [1/121] 경복궁 (primary=KEY_1)
2026-08-28 14:20:19,907 [INFO] [2/121] 광화문·덕수궁 (primary=KEY_2)
2026-08-28 14:20:21,492 [INFO] [3/121] 보신각 (primary=KEY_3)
2026-08-28 14:20:23,194 [INFO] [4/121] 서울 암사동 유적 (primary=KEY_4)
2026-08-28 14:20:24,316 [INFO] [5/121] 창덕궁·종묘 (primary=KEY_1)
2026-08-28 14:20:26,140 [INFO] [6/121] 강남 MICE 관광특구 (primary=KEY_2)
2026-08-28 14:20:27,559 [INFO] [7/121] 동대문 관광특구 (primary=KEY_3)
2026-08-28 14:20:28,999 [INFO] [8/121] 명동 관광특구 (primary=KEY_4)
2026-08-28 14:20:30,671 [INFO] [9/121] 이태원 관광특구 (primary=KEY_1)
2026-08-28 14:20:31,839 [INFO] [10/121] 잠실 관광특구 (primary=KEY_2)
2026-08-28 14:20:33,560 [INFO] [11/121] 종로·청계 관광특구 (primary=KEY_3)
2026-08-28 14:20:34,861 [INFO] [12/121] 홍대 관광특구 (primary=KEY_4)
2026-08-28 14:20:36,180 [INFO] [13/121] 강서한강공원 (primary=KEY_1)
2026-08-28 14:20:37,171 [INFO] [14/121] 고척돔 (primary=KEY_2)
2026-08-28 14:20:38,857 [INFO] [15/121] 광나루한강공원 (primary=KEY_3)
2026-08-28 14:20:40,564 [INFO] [16/121] 광화문광장 (primary=KEY_4)
2026-08-28 14:20:41,717 [INFO] [17/121] 국립중앙박물관·용산가족공원 (primary=KEY_1)
2026-08-28 14:20:42,714 [INFO] [18/121] 난지한강공원 (primary=KEY_2)
2026-08-28 14:20:43,704 [INFO] [19/121] 남산공원 (primary=KEY_3)
2026-08-28 14:20:45,024 [INFO] [20/121] 노들섬 (primary=KEY_4)
2026-08-28 14:20:46,002 [INFO] [21/121] 뚝섬한강공원 (primary=KEY_1)
2026-08-28 14:20:46,990 [INFO] [22/121] 망원한강공원 (primary=KEY_2)
2026-08-28 14:20:48,127 [INFO] [23/121] 반포한강공원 (primary=KEY_3)
2026-08-28 14:20:49,106 [INFO] [24/121] 보라매공원 (primary=KEY_4)
2026-08-28 14:20:50,126 [INFO] [25/121] 북서울꿈의숲 (primary=KEY_1)
2026-08-28 14:20:51,243 [INFO] [26/121] 서대문독립공원 (primary=KEY_2)
2026-08-28 14:20:52,230 [INFO] [27/121] 서리풀공원·몽마르뜨공원 (primary=KEY_3)
2026-08-28 14:20:53,371 [INFO] [28/121] 서울대공원 (primary=KEY_4)
2026-08-28 14:20:54,347 [INFO] [29/121] 서울숲공원 (primary=KEY_1)
2026-08-28 14:20:55,611 [INFO] [30/121] 송현녹지광장 (primary=KEY_2)
2026-08-28 14:20:56,753 [INFO] [31/121] 아차산 (primary=KEY_3)
2026-08-28 14:20:57,757 [INFO] [32/121] 안양천 (primary=KEY_4)
2026-08-28 14:20:58,742 [INFO] [33/121] 양화한강공원 (primary=KEY_1)
2026-08-28 14:20:59,744 [INFO] [34/121] 어린이대공원 (primary=KEY_2)
2026-08-28 14:21:00,896 [INFO] [35/121] 여의도한강공원 (primary=KEY_3)
2026-08-28 14:21:02,015 [INFO] [36/121] 여의서로 (primary=KEY_4)
2026-08-28 14:21:03,147 [INFO] [37/121] 올림픽공원 (primary=KEY_1)
2026-08-28 14:21:04,439 [INFO] [38/121] 월드컵공원 (primary=KEY_2)
2026-08-28 14:21:05,742 [INFO] [39/121] 응봉산 (primary=KEY_3)
2026-08-28 14:21:06,861 [INFO] [40/121] 이촌한강공원 (primary=KEY_4)
2026-08-28 14:21:07,834 [INFO] [41/121] 잠실종합운동장 (primary=KEY_1)
2026-08-28 14:21:08,811 [INFO] [42/121] 잠실한강공원 (primary=KEY_2)
2026-08-28 14:21:09,794 [INFO] [43/121] 잠원한강공원 (primary=KEY_3)
2026-08-28 14:21:10,794 [INFO] [44/121] 청계산 (primary=KEY_4)
2026-08-28 14:21:11,769 [INFO] [45/121] 홍제폭포 (primary=KEY_1)
2026-08-28 14:21:13,580 [INFO] [46/121] 가락시장 (primary=KEY_2)
2026-08-28 14:21:14,727 [INFO] [47/121] 가로수길 (primary=KEY_3)
2026-08-28 14:21:15,873 [INFO] [48/121] 광장(전통)시장 (primary=KEY_4)
2026-08-28 14:21:16,861 [INFO] [49/121] 김포공항 (primary=KEY_1)
2026-08-28 14:21:18,154 [INFO] [50/121] 남대문시장 (primary=KEY_2)
2026-08-28 14:21:19,284 [INFO] [51/121] 노량진 (primary=KEY_3)
2026-08-28 14:21:20,433 [INFO] [52/121] 덕수궁길·정동길 (primary=KEY_4)
2026-08-28 14:21:21,609 [INFO] [53/121] 북창동 먹자골목 (primary=KEY_1)
2026-08-28 14:21:22,738 [INFO] [54/121] 북촌한옥마을 (primary=KEY_2)
2026-08-28 14:21:24,026 [INFO] [55/121] 서촌 (primary=KEY_3)
2026-08-28 14:21:25,138 [INFO] [56/121] 성수카페거리 (primary=KEY_4)
2026-08-28 14:21:26,420 [INFO] [57/121] 송리단길·호수단길 (primary=KEY_1)
2026-08-28 14:21:27,564 [INFO] [58/121] 신촌 스타광장 (primary=KEY_2)
2026-08-28 14:21:28,564 [INFO] [59/121] 압구정로데오거리 (primary=KEY_3)
2026-08-28 14:21:29,708 [INFO] [60/121] 여의도 (primary=KEY_4)
2026-08-28 14:21:31,474 [INFO] [61/121] 연남동 (primary=KEY_1)
2026-08-28 14:21:33,454 [INFO] [62/121] 영등포 타임스퀘어 (primary=KEY_2)
2026-08-28 14:21:35,161 [INFO] [63/121] 용리단길 (primary=KEY_3)
2026-08-28 14:21:36,165 [INFO] [64/121] 이태원 앤틱가구거리 (primary=KEY_4)
2026-08-28 14:21:37,296 [INFO] [65/121] 익선동 (primary=KEY_1)
2026-08-28 14:21:38,616 [INFO] [66/121] 인사동 (primary=KEY_2)
2026-08-28 14:21:40,443 [INFO] [67/121] 잠실롯데타워·석촌호수 (primary=KEY_3)
2026-08-28 14:21:41,951 [INFO] [68/121] 창동 신경제 중심지 (primary=KEY_4)
2026-08-28 14:21:43,840 [INFO] [69/121] 청담동 명품거리 (primary=KEY_1)
2026-08-28 14:21:45,683 [INFO] [70/121] 청량리 제기동 일대 전통시장 (primary=KEY_2)
2026-08-28 14:21:46,842 [INFO] [71/121] 해방촌·경리단길 (primary=KEY_3)
2026-08-28 14:21:47,955 [INFO] [72/121] DDP(동대문디자인플라자) (primary=KEY_4)
2026-08-28 14:21:49,135 [INFO] [73/121] DMC(디지털미디어시티) (primary=KEY_1)
2026-08-28 14:21:51,458 [INFO] [74/121] 가산디지털단지역 (primary=KEY_2)
2026-08-28 14:21:53,180 [INFO] [75/121] 강남역 (primary=KEY_3)
2026-08-28 14:21:54,622 [INFO] [76/121] 건대입구역 (primary=KEY_4)
2026-08-28 14:21:55,767 [INFO] [77/121] 고덕역 (primary=KEY_1)
2026-08-28 14:21:56,929 [INFO] [78/121] 고속터미널역 (primary=KEY_2)
2026-08-28 14:21:58,091 [INFO] [79/121] 교대역 (primary=KEY_3)
2026-08-28 14:21:59,251 [INFO] [80/121] 구로디지털단지역 (primary=KEY_4)
2026-08-28 14:22:00,690 [INFO] [81/121] 구로역 (primary=KEY_1)
2026-08-28 14:22:01,803 [INFO] [82/121] 군자역 (primary=KEY_2)
2026-08-28 14:22:02,932 [INFO] [83/121] 대림역 (primary=KEY_3)
2026-08-28 14:22:04,066 [INFO] [84/121] 동대문역 (primary=KEY_4)
2026-08-28 14:22:05,218 [INFO] [85/121] 뚝섬역 (primary=KEY_1)
2026-08-28 14:22:06,926 [INFO] [86/121] 미아사거리역 (primary=KEY_2)
2026-08-28 14:22:08,068 [INFO] [87/121] 발산역 (primary=KEY_3)
2026-08-28 14:22:09,486 [INFO] [88/121] 사당역 (primary=KEY_4)
2026-08-28 14:22:10,613 [INFO] [89/121] 삼각지역 (primary=KEY_1)
2026-08-28 14:22:11,773 [INFO] [90/121] 서울대입구역 (primary=KEY_2)
2026-08-28 14:22:12,905 [INFO] [91/121] 서울식물원·마곡나루역 (primary=KEY_3)
2026-08-28 14:22:14,187 [INFO] [92/121] 서울역 (primary=KEY_4)
2026-08-28 14:22:15,503 [INFO] [93/121] 선릉역 (primary=KEY_1)
2026-08-28 14:22:16,975 [INFO] [94/121] 성신여대입구역 (primary=KEY_2)
2026-08-28 14:22:18,131 [INFO] [95/121] 수유역 (primary=KEY_3)
2026-08-28 14:22:19,268 [INFO] [96/121] 숭례문 (primary=KEY_4)
2026-08-28 14:22:20,556 [INFO] [97/121] 시의회 앞 (primary=KEY_1)
2026-08-28 14:22:21,766 [INFO] [98/121] 신논현역·논현역 (primary=KEY_2)
2026-08-28 14:22:22,930 [INFO] [99/121] 신도림역 (primary=KEY_3)
2026-08-28 14:22:23,936 [INFO] [100/121] 신림역 (primary=KEY_4)
2026-08-28 14:22:25,072 [INFO] [101/121] 신정네거리역 (primary=KEY_1)
2026-08-28 14:22:26,208 [INFO] [102/121] 신촌·이대역 (primary=KEY_2)
2026-08-28 14:22:27,342 [INFO] [103/121] 쌍문역 (primary=KEY_3)
2026-08-28 14:22:28,500 [INFO] [104/121] 양재역 (primary=KEY_4)
2026-08-28 14:22:29,666 [INFO] [105/121] 역삼역 (primary=KEY_1)
2026-08-28 14:22:30,940 [INFO] [106/121] 연신내역 (primary=KEY_2)
2026-08-28 14:22:31,966 [INFO] [107/121] 오목교역·목동운동장 (primary=KEY_3)
2026-08-28 14:22:33,609 [INFO] [108/121] 왕십리역 (primary=KEY_4)
2026-08-28 14:22:34,909 [INFO] [109/121] 용산역 (primary=KEY_1)
2026-08-28 14:22:36,225 [INFO] [110/121] 이태원역 (primary=KEY_2)
2026-08-28 14:22:37,233 [INFO] [111/121] 잠실새내역 (primary=KEY_3)
2026-08-28 14:22:38,383 [INFO] [112/121] 잠실역 (primary=KEY_4)
2026-08-28 14:22:39,667 [INFO] [113/121] 장지역 (primary=KEY_1)
2026-08-28 14:22:40,953 [INFO] [114/121] 장한평역 (primary=KEY_2)
2026-08-28 14:22:42,103 [INFO] [115/121] 천호역 (primary=KEY_3)
2026-08-28 14:22:43,384 [INFO] [116/121] 총신대입구(이수)역 (primary=KEY_4)
2026-08-28 14:22:44,528 [INFO] [117/121] 충정로역 (primary=KEY_1)
2026-08-28 14:22:45,674 [INFO] [118/121] 합정역 (primary=KEY_2)
2026-08-28 14:22:46,987 [INFO] [119/121] 혜화역 (primary=KEY_3)
2026-08-28 14:22:48,139 [INFO] [120/121] 홍대입구역(2호선) (primary=KEY_4)
2026-08-28 14:22:49,311 [INFO] [121/121] 회기역 (primary=KEY_1)
2026-08-28 14:22:51,222 [INFO] === 수집 완료 | 성공 121, 실패 0 ===
2026-08-28 14:22:51,222 [INFO] 카테고리별 저장 결과:
2026-08-28 14:22:51,222 [INFO]    accident                  | 신규     3행 | 누적      5행 | 16컬럼
2026-08-28 14:22:51,222 [INFO]    accident_acdnt_cntrl_stts | 신규     6행 | 누적      6행 | 16컬럼
2026-08-28 14:22:51,222 [INFO]    area_meta                 | 신규   121행 | 누적    242행 | 5컬럼
2026-08-28 14:22:51,222 [INFO]    bike                      | 신규    10행 | 누적     20행 | 12컬럼
2026-08-28 14:22:51,222 [INFO]    bike_sbike_stts           | 신규   572행 | 누적   1144행 | 12컬럼
2026-08-28 14:22:51,222 [INFO]    bus                       | 신규     3행 | 누적      6행 | 11컬럼
2026-08-28 14:22:51,222 [INFO]    bus_bus_stn_stts          | 신규  1745행 | 누적   3490행 | 11컬럼
2026-08-28 14:22:51,222 [INFO]    charger                   | 신규     4행 | 누적      8행 | 15컬럼
2026-08-28 14:22:51,222 [INFO]    charger_charger_stts      | 신규  1929행 | 누적   3830행 | 15컬럼
2026-08-28 14:22:51,222 [INFO]    cmrcl                     | 신규    82행 | 누적    164행 | 20컬럼
2026-08-28 14:22:51,222 [INFO]    disaster                  | 신규    67행 | 누적     67행 | 9컬럼
2026-08-28 14:22:51,222 [INFO]    disaster_live_dst_message | 신규    10행 | 누적     10행 | 9컬럼
2026-08-28 14:22:51,223 [INFO]    events                    | 신규    11행 | 누적     22행 | 14컬럼
2026-08-28 14:22:51,223 [INFO]    events_event_stts         | 신규   138행 | 누적    271행 | 14컬럼
2026-08-28 14:22:51,223 [INFO]    parking                   | 신규     6행 | 누적     12행 | 21컬럼
2026-08-28 14:22:51,223 [INFO]    parking_prk_stts          | 신규  1827행 | 누적   3654행 | 21컬럼
2026-08-28 14:22:51,223 [INFO]    ppltn                     | 신규   121행 | 누적    242행 | 26컬럼
2026-08-28 14:22:51,223 [INFO]    road                      | 신규   121행 | 누적    242행 | 21컬럼
2026-08-28 14:22:51,223 [INFO]    road_road_traffic_stts    | 신규  5292행 | 누적  10584행 | 17컬럼
2026-08-28 14:22:51,223 [INFO]    subway                    | 신규    38행 | 누적     76행 | 12컬럼
2026-08-28 14:22:51,223 [INFO]    subway_sub_stts           | 신규   183행 | 누적    366행 | 13컬럼
2026-08-28 14:22:51,223 [INFO]    weather                   | 신규   119행 | 누적    238행 | 29컬럼
2026-08-28 14:22:51,223 [INFO] 키별 사용량:
2026-08-28 14:22:51,223 [INFO]    🟢 KEY_1 (31/1000) 
2026-08-28 14:22:51,223 [INFO]    🟢 KEY_2 (30/1000) 
2026-08-28 14:22:51,223 [INFO]    🟢 KEY_3 (30/1000) 
2026-08-28 14:22:51,223 [INFO]    🟢 KEY_4 (30/1000) 
