2026-08-30 03:23:30,225 [INFO] 등록된 키: 4개, 합산 한도 4,000건/일
2026-08-30 03:23:30,225 [INFO] POI 로드: 매뉴얼 v8.5 기준 fallback 121개 (121개 전체)
2026-08-30 03:23:30,226 [INFO] === 수집 시작 2026-08-30T03:23:30.226045+09:00 ===
2026-08-30 03:23:30,226 [INFO] 대상 장소: 121개 | API: citydata (통합)
2026-08-30 03:23:30,226 [INFO] 키 풀: 4/4 활성 | 오늘 사용 0/4000건
2026-08-30 03:23:30,226 [INFO]   [KEY_1] 담당 31장소
2026-08-30 03:23:30,226 [INFO]   [KEY_2] 담당 30장소
2026-08-30 03:23:30,226 [INFO]   [KEY_3] 담당 30장소
2026-08-30 03:23:30,226 [INFO]   [KEY_4] 담당 30장소
2026-08-30 03:23:30,226 [INFO] [1/121] 경복궁 (primary=KEY_1)
2026-08-30 03:23:32,981 [INFO] [2/121] 광화문·덕수궁 (primary=KEY_2)
2026-08-30 03:23:35,494 [INFO] [3/121] 보신각 (primary=KEY_3)
2026-08-30 03:23:36,774 [INFO] [4/121] 서울 암사동 유적 (primary=KEY_4)
2026-08-30 03:23:38,560 [INFO] [5/121] 창덕궁·종묘 (primary=KEY_1)
2026-08-30 03:23:40,515 [INFO] [6/121] 강남 MICE 관광특구 (primary=KEY_2)
2026-08-30 03:23:41,802 [INFO] [7/121] 동대문 관광특구 (primary=KEY_3)
2026-08-30 03:23:43,671 [INFO] [8/121] 명동 관광특구 (primary=KEY_4)
2026-08-30 03:23:45,388 [INFO] [9/121] 이태원 관광특구 (primary=KEY_1)
2026-08-30 03:23:46,860 [INFO] [10/121] 잠실 관광특구 (primary=KEY_2)
2026-08-30 03:23:49,173 [INFO] [11/121] 종로·청계 관광특구 (primary=KEY_3)
2026-08-30 03:23:50,685 [INFO] [12/121] 홍대 관광특구 (primary=KEY_4)
2026-08-30 03:23:52,199 [INFO] [13/121] 강서한강공원 (primary=KEY_1)
2026-08-30 03:23:53,273 [INFO] [14/121] 고척돔 (primary=KEY_2)
2026-08-30 03:23:55,251 [INFO] [15/121] 광나루한강공원 (primary=KEY_3)
2026-08-30 03:23:57,088 [INFO] [16/121] 광화문광장 (primary=KEY_4)
2026-08-30 03:23:58,370 [INFO] [17/121] 국립중앙박물관·용산가족공원 (primary=KEY_1)
2026-08-30 03:23:59,481 [INFO] [18/121] 난지한강공원 (primary=KEY_2)
2026-08-30 03:24:00,733 [INFO] [19/121] 남산공원 (primary=KEY_3)
2026-08-30 03:24:02,202 [INFO] [20/121] 노들섬 (primary=KEY_4)
2026-08-30 03:24:03,285 [INFO] [21/121] 뚝섬한강공원 (primary=KEY_1)
2026-08-30 03:24:04,966 [INFO] [22/121] 망원한강공원 (primary=KEY_2)
2026-08-30 03:24:06,249 [INFO] [23/121] 반포한강공원 (primary=KEY_3)
2026-08-30 03:24:07,323 [INFO] [24/121] 보라매공원 (primary=KEY_4)
2026-08-30 03:24:08,589 [INFO] [25/121] 북서울꿈의숲 (primary=KEY_1)
2026-08-30 03:24:09,899 [INFO] [26/121] 서대문독립공원 (primary=KEY_2)
2026-08-30 03:24:11,014 [INFO] [27/121] 서리풀공원·몽마르뜨공원 (primary=KEY_3)
2026-08-30 03:24:12,144 [INFO] [28/121] 서울대공원 (primary=KEY_4)
2026-08-30 03:24:13,228 [INFO] [29/121] 서울숲공원 (primary=KEY_1)
2026-08-30 03:24:14,530 [INFO] [30/121] 송현녹지광장 (primary=KEY_2)
2026-08-30 03:24:15,807 [INFO] [31/121] 아차산 (primary=KEY_3)
2026-08-30 03:24:16,901 [INFO] [32/121] 안양천 (primary=KEY_4)
2026-08-30 03:24:17,988 [INFO] [33/121] 양화한강공원 (primary=KEY_1)
2026-08-30 03:24:19,106 [INFO] [34/121] 어린이대공원 (primary=KEY_2)
2026-08-30 03:24:20,398 [INFO] [35/121] 여의도한강공원 (primary=KEY_3)
2026-08-30 03:24:21,667 [INFO] [36/121] 여의서로 (primary=KEY_4)
2026-08-30 03:24:22,934 [INFO] [37/121] 올림픽공원 (primary=KEY_1)
2026-08-30 03:24:24,234 [INFO] [38/121] 월드컵공원 (primary=KEY_2)
2026-08-30 03:24:25,753 [INFO] [39/121] 응봉산 (primary=KEY_3)
2026-08-30 03:24:27,014 [INFO] [40/121] 이촌한강공원 (primary=KEY_4)
2026-08-30 03:24:28,105 [INFO] [41/121] 잠실종합운동장 (primary=KEY_1)
2026-08-30 03:24:29,284 [INFO] [42/121] 잠실한강공원 (primary=KEY_2)
2026-08-30 03:24:30,379 [INFO] [43/121] 잠원한강공원 (primary=KEY_3)
2026-08-30 03:24:31,464 [INFO] [44/121] 청계산 (primary=KEY_4)
2026-08-30 03:24:32,549 [INFO] [45/121] 홍제폭포 (primary=KEY_1)
2026-08-30 03:24:33,625 [INFO] [46/121] 가락시장 (primary=KEY_2)
2026-08-30 03:24:34,917 [INFO] [47/121] 가로수길 (primary=KEY_3)
2026-08-30 03:24:36,203 [INFO] [48/121] 광장(전통)시장 (primary=KEY_4)
2026-08-30 03:24:37,306 [INFO] [49/121] 김포공항 (primary=KEY_1)
2026-08-30 03:24:38,780 [INFO] [50/121] 남대문시장 (primary=KEY_2)
2026-08-30 03:24:40,100 [INFO] [51/121] 노량진 (primary=KEY_3)
2026-08-30 03:24:41,394 [INFO] [52/121] 덕수궁길·정동길 (primary=KEY_4)
2026-08-30 03:24:43,760 [INFO] [53/121] 북창동 먹자골목 (primary=KEY_1)
2026-08-30 03:24:45,187 [INFO] [54/121] 북촌한옥마을 (primary=KEY_2)
2026-08-30 03:24:46,643 [INFO] [55/121] 서촌 (primary=KEY_3)
2026-08-30 03:24:47,918 [INFO] [56/121] 성수카페거리 (primary=KEY_4)
2026-08-30 03:24:49,395 [INFO] [57/121] 송리단길·호수단길 (primary=KEY_1)
2026-08-30 03:24:50,682 [INFO] [58/121] 신촌 스타광장 (primary=KEY_2)
2026-08-30 03:24:51,791 [INFO] [59/121] 압구정로데오거리 (primary=KEY_3)
2026-08-30 03:24:53,074 [INFO] [60/121] 여의도 (primary=KEY_4)
2026-08-30 03:24:55,160 [INFO] [61/121] 연남동 (primary=KEY_1)
2026-08-30 03:24:56,619 [INFO] [62/121] 영등포 타임스퀘어 (primary=KEY_2)
2026-08-30 03:24:58,071 [INFO] [63/121] 용리단길 (primary=KEY_3)
2026-08-30 03:25:00,062 [INFO] [64/121] 이태원 앤틱가구거리 (primary=KEY_4)
2026-08-30 03:25:01,344 [INFO] [65/121] 익선동 (primary=KEY_1)
2026-08-30 03:25:02,640 [INFO] [66/121] 인사동 (primary=KEY_2)
2026-08-30 03:25:04,276 [INFO] [67/121] 잠실롯데타워·석촌호수 (primary=KEY_3)
2026-08-30 03:25:06,094 [INFO] [68/121] 창동 신경제 중심지 (primary=KEY_4)
2026-08-30 03:25:07,695 [INFO] [69/121] 청담동 명품거리 (primary=KEY_1)
2026-08-30 03:25:09,843 [INFO] [70/121] 청량리 제기동 일대 전통시장 (primary=KEY_2)
2026-08-30 03:25:11,180 [INFO] [71/121] 해방촌·경리단길 (primary=KEY_3)
2026-08-30 03:25:12,312 [INFO] [72/121] DDP(동대문디자인플라자) (primary=KEY_4)
2026-08-30 03:25:13,596 [INFO] [73/121] DMC(디지털미디어시티) (primary=KEY_1)
2026-08-30 03:25:15,397 [INFO] [74/121] 가산디지털단지역 (primary=KEY_2)
2026-08-30 03:25:17,377 [INFO] [75/121] 강남역 (primary=KEY_3)
2026-08-30 03:25:18,853 [INFO] [76/121] 건대입구역 (primary=KEY_4)
2026-08-30 03:25:20,151 [INFO] [77/121] 고덕역 (primary=KEY_1)
2026-08-30 03:25:21,600 [INFO] [78/121] 고속터미널역 (primary=KEY_2)
2026-08-30 03:25:22,878 [INFO] [79/121] 교대역 (primary=KEY_3)
2026-08-30 03:25:24,157 [INFO] [80/121] 구로디지털단지역 (primary=KEY_4)
2026-08-30 03:25:25,781 [INFO] [81/121] 구로역 (primary=KEY_1)
2026-08-30 03:25:27,051 [INFO] [82/121] 군자역 (primary=KEY_2)
2026-08-30 03:25:28,152 [INFO] [83/121] 대림역 (primary=KEY_3)
2026-08-30 03:25:29,459 [INFO] [84/121] 동대문역 (primary=KEY_4)
2026-08-30 03:25:30,776 [INFO] [85/121] 뚝섬역 (primary=KEY_1)
2026-08-30 03:25:32,043 [INFO] [86/121] 미아사거리역 (primary=KEY_2)
2026-08-30 03:25:33,309 [INFO] [87/121] 발산역 (primary=KEY_3)
2026-08-30 03:25:34,939 [INFO] [88/121] 사당역 (primary=KEY_4)
2026-08-30 03:25:36,224 [INFO] [89/121] 삼각지역 (primary=KEY_1)
2026-08-30 03:25:37,331 [INFO] [90/121] 서울대입구역 (primary=KEY_2)
2026-08-30 03:25:38,610 [INFO] [91/121] 서울식물원·마곡나루역 (primary=KEY_3)
2026-08-30 03:25:40,064 [INFO] [92/121] 서울역 (primary=KEY_4)
2026-08-30 03:25:41,555 [INFO] [93/121] 선릉역 (primary=KEY_1)
2026-08-30 03:25:43,222 [INFO] [94/121] 성신여대입구역 (primary=KEY_2)
2026-08-30 03:25:44,339 [INFO] [95/121] 수유역 (primary=KEY_3)
2026-08-30 03:25:45,631 [INFO] [96/121] 숭례문 (primary=KEY_4)
2026-08-30 03:25:47,076 [INFO] [97/121] 시의회 앞 (primary=KEY_1)
2026-08-30 03:25:48,534 [INFO] [98/121] 신논현역·논현역 (primary=KEY_2)
2026-08-30 03:25:49,833 [INFO] [99/121] 신도림역 (primary=KEY_3)
2026-08-30 03:25:50,937 [INFO] [100/121] 신림역 (primary=KEY_4)
2026-08-30 03:25:52,055 [INFO] [101/121] 신정네거리역 (primary=KEY_1)
2026-08-30 03:25:53,386 [INFO] [102/121] 신촌·이대역 (primary=KEY_2)
2026-08-30 03:25:54,652 [INFO] [103/121] 쌍문역 (primary=KEY_3)
2026-08-30 03:25:56,940 [INFO] [104/121] 양재역 (primary=KEY_4)
2026-08-30 03:25:58,223 [INFO] [105/121] 역삼역 (primary=KEY_1)
2026-08-30 03:25:59,681 [INFO] [106/121] 연신내역 (primary=KEY_2)
2026-08-30 03:26:00,798 [INFO] [107/121] 오목교역·목동운동장 (primary=KEY_3)
2026-08-30 03:26:02,617 [INFO] [108/121] 왕십리역 (primary=KEY_4)
2026-08-30 03:26:03,908 [INFO] [109/121] 용산역 (primary=KEY_1)
2026-08-30 03:26:05,360 [INFO] [110/121] 이태원역 (primary=KEY_2)
2026-08-30 03:26:06,471 [INFO] [111/121] 잠실새내역 (primary=KEY_3)
2026-08-30 03:26:07,819 [INFO] [112/121] 잠실역 (primary=KEY_4)
2026-08-30 03:26:09,276 [INFO] [113/121] 장지역 (primary=KEY_1)
2026-08-30 03:26:10,721 [INFO] [114/121] 장한평역 (primary=KEY_2)
2026-08-30 03:26:11,987 [INFO] [115/121] 천호역 (primary=KEY_3)
2026-08-30 03:26:13,258 [INFO] [116/121] 총신대입구(이수)역 (primary=KEY_4)
2026-08-30 03:26:14,533 [INFO] [117/121] 충정로역 (primary=KEY_1)
2026-08-30 03:26:15,805 [INFO] [118/121] 합정역 (primary=KEY_2)
2026-08-30 03:26:17,096 [INFO] [119/121] 혜화역 (primary=KEY_3)
2026-08-30 03:26:18,392 [INFO] [120/121] 홍대입구역(2호선) (primary=KEY_4)
2026-08-30 03:26:19,670 [INFO] [121/121] 회기역 (primary=KEY_1)
2026-08-30 03:26:21,313 [INFO] === 수집 완료 | 성공 121, 실패 0 ===
2026-08-30 03:26:21,313 [INFO] 카테고리별 저장 결과:
2026-08-30 03:26:21,313 [INFO]    area_meta                 | 신규   121행 | 누적    121행 | 5컬럼
2026-08-30 03:26:21,313 [INFO]    bike                      | 신규    10행 | 누적     10행 | 12컬럼
2026-08-30 03:26:21,313 [INFO]    bike_sbike_stts           | 신규   572행 | 누적    572행 | 12컬럼
2026-08-30 03:26:21,313 [INFO]    bus                       | 신규     3행 | 누적      3행 | 11컬럼
2026-08-30 03:26:21,313 [INFO]    bus_bus_stn_stts          | 신규  1745행 | 누적   1745행 | 11컬럼
2026-08-30 03:26:21,313 [INFO]    charger                   | 신규     4행 | 누적      4행 | 15컬럼
2026-08-30 03:26:21,314 [INFO]    charger_charger_stts      | 신규  1929행 | 누적   1929행 | 15컬럼
2026-08-30 03:26:21,314 [INFO]    cmrcl                     | 신규    82행 | 누적     82행 | 20컬럼
2026-08-30 03:26:21,314 [INFO]    events                    | 신규    11행 | 누적     11행 | 14컬럼
2026-08-30 03:26:21,314 [INFO]    events_event_stts         | 신규   134행 | 누적    134행 | 14컬럼
2026-08-30 03:26:21,314 [INFO]    parking                   | 신규     6행 | 누적      6행 | 21컬럼
2026-08-30 03:26:21,314 [INFO]    parking_prk_stts          | 신규  1827행 | 누적   1827행 | 21컬럼
2026-08-30 03:26:21,314 [INFO]    ppltn                     | 신규   121행 | 누적    121행 | 26컬럼
2026-08-30 03:26:21,314 [INFO]    road                      | 신규   121행 | 누적    121행 | 21컬럼
2026-08-30 03:26:21,314 [INFO]    road_road_traffic_stts    | 신규  5292행 | 누적   5292행 | 17컬럼
2026-08-30 03:26:21,314 [INFO]    subway                    | 신규    38행 | 누적     38행 | 12컬럼
2026-08-30 03:26:21,314 [INFO]    subway_sub_stts           | 신규   183행 | 누적    183행 | 13컬럼
2026-08-30 03:26:21,314 [INFO]    weather                   | 신규   119행 | 누적    119행 | 29컬럼
2026-08-30 03:26:21,314 [INFO] 키별 사용량:
2026-08-30 03:26:21,314 [INFO]    🟢 KEY_1 (31/1000) 
2026-08-30 03:26:21,314 [INFO]    🟢 KEY_2 (30/1000) 
2026-08-30 03:26:21,314 [INFO]    🟢 KEY_3 (30/1000) 
2026-08-30 03:26:21,314 [INFO]    🟢 KEY_4 (30/1000) 
2026-08-30 06:42:22,031 [INFO] 등록된 키: 4개, 합산 한도 4,000건/일
2026-08-30 06:42:22,032 [INFO] POI 로드: 매뉴얼 v8.5 기준 fallback 121개 (121개 전체)
2026-08-30 06:42:22,032 [INFO] === 수집 시작 2026-08-30T06:42:22.032387+09:00 ===
2026-08-30 06:42:22,032 [INFO] 대상 장소: 121개 | API: citydata (통합)
2026-08-30 06:42:22,032 [INFO] 키 풀: 4/4 활성 | 오늘 사용 0/4000건
2026-08-30 06:42:22,032 [INFO]   [KEY_1] 담당 31장소
2026-08-30 06:42:22,032 [INFO]   [KEY_2] 담당 30장소
2026-08-30 06:42:22,032 [INFO]   [KEY_3] 담당 30장소
2026-08-30 06:42:22,032 [INFO]   [KEY_4] 담당 30장소
2026-08-30 06:42:22,032 [INFO] [1/121] 경복궁 (primary=KEY_1)
2026-08-30 06:42:24,201 [INFO] [2/121] 광화문·덕수궁 (primary=KEY_2)
2026-08-30 06:42:26,459 [INFO] [3/121] 보신각 (primary=KEY_3)
2026-08-30 06:42:28,328 [INFO] [4/121] 서울 암사동 유적 (primary=KEY_4)
2026-08-30 06:42:30,347 [INFO] [5/121] 창덕궁·종묘 (primary=KEY_1)
2026-08-30 06:42:32,225 [INFO] [6/121] 강남 MICE 관광특구 (primary=KEY_2)
2026-08-30 06:42:34,122 [INFO] [7/121] 동대문 관광특구 (primary=KEY_3)
2026-08-30 06:42:36,122 [INFO] [8/121] 명동 관광특구 (primary=KEY_4)
2026-08-30 06:42:38,350 [INFO] [9/121] 이태원 관광특구 (primary=KEY_1)
2026-08-30 06:42:39,590 [INFO] [10/121] 잠실 관광특구 (primary=KEY_2)
2026-08-30 06:42:41,403 [INFO] [11/121] 종로·청계 관광특구 (primary=KEY_3)
2026-08-30 06:42:42,847 [INFO] [12/121] 홍대 관광특구 (primary=KEY_4)
2026-08-30 06:42:45,238 [INFO] [13/121] 강서한강공원 (primary=KEY_1)
2026-08-30 06:42:46,937 [INFO] [14/121] 고척돔 (primary=KEY_2)
2026-08-30 06:42:47,996 [INFO] [15/121] 광나루한강공원 (primary=KEY_3)
2026-08-30 06:42:49,382 [INFO] [16/121] 광화문광장 (primary=KEY_4)
2026-08-30 06:42:51,578 [INFO] [17/121] 국립중앙박물관·용산가족공원 (primary=KEY_1)
2026-08-30 06:42:52,641 [INFO] [18/121] 난지한강공원 (primary=KEY_2)
2026-08-30 06:42:54,663 [INFO] [19/121] 남산공원 (primary=KEY_3)
2026-08-30 06:42:56,069 [INFO] [20/121] 노들섬 (primary=KEY_4)
2026-08-30 06:42:57,116 [INFO] [21/121] 뚝섬한강공원 (primary=KEY_1)
2026-08-30 06:42:58,828 [INFO] [22/121] 망원한강공원 (primary=KEY_2)
2026-08-30 06:43:00,701 [INFO] [23/121] 반포한강공원 (primary=KEY_3)
2026-08-30 06:43:01,755 [INFO] [24/121] 보라매공원 (primary=KEY_4)
2026-08-30 06:43:02,817 [INFO] [25/121] 북서울꿈의숲 (primary=KEY_1)
2026-08-30 06:43:04,060 [INFO] [26/121] 서대문독립공원 (primary=KEY_2)
2026-08-30 06:43:05,836 [INFO] [27/121] 서리풀공원·몽마르뜨공원 (primary=KEY_3)
2026-08-30 06:43:07,748 [INFO] [28/121] 서울대공원 (primary=KEY_4)
2026-08-30 06:43:08,801 [INFO] [29/121] 서울숲공원 (primary=KEY_1)
2026-08-30 06:43:10,041 [INFO] [30/121] 송현녹지광장 (primary=KEY_2)
2026-08-30 06:43:11,363 [INFO] [31/121] 아차산 (primary=KEY_3)
2026-08-30 06:43:12,477 [INFO] [32/121] 안양천 (primary=KEY_4)
2026-08-30 06:43:13,530 [INFO] [33/121] 양화한강공원 (primary=KEY_1)
2026-08-30 06:43:14,581 [INFO] [34/121] 어린이대공원 (primary=KEY_2)
2026-08-30 06:43:15,819 [INFO] [35/121] 여의도한강공원 (primary=KEY_3)
2026-08-30 06:43:17,844 [INFO] [36/121] 여의서로 (primary=KEY_4)
2026-08-30 06:43:19,107 [INFO] [37/121] 올림픽공원 (primary=KEY_1)
2026-08-30 06:43:20,358 [INFO] [38/121] 월드컵공원 (primary=KEY_2)
2026-08-30 06:43:21,791 [INFO] [39/121] 응봉산 (primary=KEY_3)
2026-08-30 06:43:23,004 [INFO] [40/121] 이촌한강공원 (primary=KEY_4)
2026-08-30 06:43:24,062 [INFO] [41/121] 잠실종합운동장 (primary=KEY_1)
2026-08-30 06:43:25,124 [INFO] [42/121] 잠실한강공원 (primary=KEY_2)
2026-08-30 06:43:26,199 [INFO] [43/121] 잠원한강공원 (primary=KEY_3)
2026-08-30 06:43:27,280 [INFO] [44/121] 청계산 (primary=KEY_4)
2026-08-30 06:43:28,335 [INFO] [45/121] 홍제폭포 (primary=KEY_1)
2026-08-30 06:43:29,387 [INFO] [46/121] 가락시장 (primary=KEY_2)
2026-08-30 06:43:30,630 [INFO] [47/121] 가로수길 (primary=KEY_3)
2026-08-30 06:43:31,916 [INFO] [48/121] 광장(전통)시장 (primary=KEY_4)
2026-08-30 06:43:32,987 [INFO] [49/121] 김포공항 (primary=KEY_1)
2026-08-30 06:43:34,430 [INFO] [50/121] 남대문시장 (primary=KEY_2)
2026-08-30 06:43:35,652 [INFO] [51/121] 노량진 (primary=KEY_3)
2026-08-30 06:43:36,914 [INFO] [52/121] 덕수궁길·정동길 (primary=KEY_4)
2026-08-30 06:43:38,198 [INFO] [53/121] 북창동 먹자골목 (primary=KEY_1)
2026-08-30 06:43:39,415 [INFO] [54/121] 북촌한옥마을 (primary=KEY_2)
2026-08-30 06:43:40,799 [INFO] [55/121] 서촌 (primary=KEY_3)
2026-08-30 06:43:42,016 [INFO] [56/121] 성수카페거리 (primary=KEY_4)
2026-08-30 06:43:43,460 [INFO] [57/121] 송리단길·호수단길 (primary=KEY_1)
2026-08-30 06:43:44,709 [INFO] [58/121] 신촌 스타광장 (primary=KEY_2)
2026-08-30 06:43:45,797 [INFO] [59/121] 압구정로데오거리 (primary=KEY_3)
2026-08-30 06:43:47,051 [INFO] [60/121] 여의도 (primary=KEY_4)
2026-08-30 06:43:49,006 [INFO] [61/121] 연남동 (primary=KEY_1)
2026-08-30 06:43:50,226 [INFO] [62/121] 영등포 타임스퀘어 (primary=KEY_2)
2026-08-30 06:43:52,106 [INFO] [63/121] 용리단길 (primary=KEY_3)
2026-08-30 06:43:53,236 [INFO] [64/121] 이태원 앤틱가구거리 (primary=KEY_4)
2026-08-30 06:43:55,147 [INFO] [65/121] 익선동 (primary=KEY_1)
2026-08-30 06:43:56,435 [INFO] [66/121] 인사동 (primary=KEY_2)
2026-08-30 06:43:57,836 [INFO] [67/121] 잠실롯데타워·석촌호수 (primary=KEY_3)
2026-08-30 06:43:59,413 [INFO] [68/121] 창동 신경제 중심지 (primary=KEY_4)
2026-08-30 06:44:00,971 [INFO] [69/121] 청담동 명품거리 (primary=KEY_1)
2026-08-30 06:44:02,190 [INFO] [70/121] 청량리 제기동 일대 전통시장 (primary=KEY_2)
2026-08-30 06:44:03,451 [INFO] [71/121] 해방촌·경리단길 (primary=KEY_3)
2026-08-30 06:44:04,509 [INFO] [72/121] DDP(동대문디자인플라자) (primary=KEY_4)
2026-08-30 06:44:05,741 [INFO] [73/121] DMC(디지털미디어시티) (primary=KEY_1)
2026-08-30 06:44:07,332 [INFO] [74/121] 가산디지털단지역 (primary=KEY_2)
2026-08-30 06:44:09,145 [INFO] [75/121] 강남역 (primary=KEY_3)
2026-08-30 06:44:10,568 [INFO] [76/121] 건대입구역 (primary=KEY_4)
2026-08-30 06:44:11,829 [INFO] [77/121] 고덕역 (primary=KEY_1)
2026-08-30 06:44:13,051 [INFO] [78/121] 고속터미널역 (primary=KEY_2)
2026-08-30 06:44:14,293 [INFO] [79/121] 교대역 (primary=KEY_3)
2026-08-30 06:44:15,521 [INFO] [80/121] 구로디지털단지역 (primary=KEY_4)
2026-08-30 06:44:17,068 [INFO] [81/121] 구로역 (primary=KEY_1)
2026-08-30 06:44:18,926 [INFO] [82/121] 군자역 (primary=KEY_2)
2026-08-30 06:44:20,159 [INFO] [83/121] 대림역 (primary=KEY_3)
2026-08-30 06:44:21,423 [INFO] [84/121] 동대문역 (primary=KEY_4)
2026-08-30 06:44:22,651 [INFO] [85/121] 뚝섬역 (primary=KEY_1)
2026-08-30 06:44:23,873 [INFO] [86/121] 미아사거리역 (primary=KEY_2)
2026-08-30 06:44:25,160 [INFO] [87/121] 발산역 (primary=KEY_3)
2026-08-30 06:44:26,761 [INFO] [88/121] 사당역 (primary=KEY_4)
2026-08-30 06:44:27,985 [INFO] [89/121] 삼각지역 (primary=KEY_1)
2026-08-30 06:44:29,230 [INFO] [90/121] 서울대입구역 (primary=KEY_2)
2026-08-30 06:44:31,564 [INFO] [91/121] 서울식물원·마곡나루역 (primary=KEY_3)
2026-08-30 06:44:32,955 [INFO] [92/121] 서울역 (primary=KEY_4)
2026-08-30 06:44:34,406 [INFO] [93/121] 선릉역 (primary=KEY_1)
2026-08-30 06:44:35,971 [INFO] [94/121] 성신여대입구역 (primary=KEY_2)
2026-08-30 06:44:37,052 [INFO] [95/121] 수유역 (primary=KEY_3)
2026-08-30 06:44:38,295 [INFO] [96/121] 숭례문 (primary=KEY_4)
2026-08-30 06:44:39,696 [INFO] [97/121] 시의회 앞 (primary=KEY_1)
2026-08-30 06:44:40,948 [INFO] [98/121] 신논현역·논현역 (primary=KEY_2)
2026-08-30 06:44:42,224 [INFO] [99/121] 신도림역 (primary=KEY_3)
2026-08-30 06:44:43,309 [INFO] [100/121] 신림역 (primary=KEY_4)
2026-08-30 06:44:44,551 [INFO] [101/121] 신정네거리역 (primary=KEY_1)
2026-08-30 06:44:45,796 [INFO] [102/121] 신촌·이대역 (primary=KEY_2)
2026-08-30 06:44:47,016 [INFO] [103/121] 쌍문역 (primary=KEY_3)
2026-08-30 06:44:48,236 [INFO] [104/121] 양재역 (primary=KEY_4)
2026-08-30 06:44:49,476 [INFO] [105/121] 역삼역 (primary=KEY_1)
2026-08-30 06:44:50,878 [INFO] [106/121] 연신내역 (primary=KEY_2)
2026-08-30 06:44:51,953 [INFO] [107/121] 오목교역·목동운동장 (primary=KEY_3)
2026-08-30 06:44:53,685 [INFO] [108/121] 왕십리역 (primary=KEY_4)
2026-08-30 06:44:55,081 [INFO] [109/121] 용산역 (primary=KEY_1)
2026-08-30 06:44:56,486 [INFO] [110/121] 이태원역 (primary=KEY_2)
2026-08-30 06:44:57,558 [INFO] [111/121] 잠실새내역 (primary=KEY_3)
2026-08-30 06:44:58,836 [INFO] [112/121] 잠실역 (primary=KEY_4)
2026-08-30 06:45:00,241 [INFO] [113/121] 장지역 (primary=KEY_1)
2026-08-30 06:45:02,440 [INFO] [114/121] 장한평역 (primary=KEY_2)
2026-08-30 06:45:03,663 [INFO] [115/121] 천호역 (primary=KEY_3)
2026-08-30 06:45:04,893 [INFO] [116/121] 총신대입구(이수)역 (primary=KEY_4)
2026-08-30 06:45:06,122 [INFO] [117/121] 충정로역 (primary=KEY_1)
2026-08-30 06:45:07,352 [INFO] [118/121] 합정역 (primary=KEY_2)
2026-08-30 06:45:08,572 [INFO] [119/121] 혜화역 (primary=KEY_3)
2026-08-30 06:45:09,823 [INFO] [120/121] 홍대입구역(2호선) (primary=KEY_4)
2026-08-30 06:45:11,099 [INFO] [121/121] 회기역 (primary=KEY_1)
2026-08-30 06:45:12,868 [INFO] === 수집 완료 | 성공 121, 실패 0 ===
2026-08-30 06:45:12,868 [INFO] 카테고리별 저장 결과:
2026-08-30 06:45:12,868 [INFO]    accident                  | 신규     1행 | 누적      1행 | 16컬럼
2026-08-30 06:45:12,868 [INFO]    accident_acdnt_cntrl_stts | 신규     2행 | 누적      2행 | 16컬럼
2026-08-30 06:45:12,868 [INFO]    area_meta                 | 신규   121행 | 누적    242행 | 5컬럼
2026-08-30 06:45:12,868 [INFO]    bike                      | 신규    10행 | 누적     20행 | 12컬럼
2026-08-30 06:45:12,868 [INFO]    bike_sbike_stts           | 신규   572행 | 누적   1144행 | 12컬럼
2026-08-30 06:45:12,868 [INFO]    bus                       | 신규     3행 | 누적      6행 | 11컬럼
2026-08-30 06:45:12,868 [INFO]    bus_bus_stn_stts          | 신규  1745행 | 누적   3490행 | 11컬럼
2026-08-30 06:45:12,868 [INFO]    charger                   | 신규     4행 | 누적      8행 | 15컬럼
2026-08-30 06:45:12,868 [INFO]    charger_charger_stts      | 신규  1929행 | 누적   3832행 | 15컬럼
2026-08-30 06:45:12,868 [INFO]    cmrcl                     | 신규    82행 | 누적    164행 | 20컬럼
2026-08-30 06:45:12,868 [INFO]    events                    | 신규    16행 | 누적     27행 | 14컬럼
2026-08-30 06:45:12,868 [INFO]    events_event_stts         | 신규   109행 | 누적    243행 | 14컬럼
2026-08-30 06:45:12,868 [INFO]    parking                   | 신규     6행 | 누적     12행 | 21컬럼
2026-08-30 06:45:12,868 [INFO]    parking_prk_stts          | 신규  1827행 | 누적   3654행 | 21컬럼
2026-08-30 06:45:12,869 [INFO]    ppltn                     | 신규   121행 | 누적    242행 | 26컬럼
2026-08-30 06:45:12,869 [INFO]    road                      | 신규   121행 | 누적    242행 | 21컬럼
2026-08-30 06:45:12,869 [INFO]    road_road_traffic_stts    | 신규  5292행 | 누적  10584행 | 17컬럼
2026-08-30 06:45:12,869 [INFO]    subway                    | 신규    38행 | 누적     76행 | 12컬럼
2026-08-30 06:45:12,869 [INFO]    subway_sub_stts           | 신규   183행 | 누적    366행 | 13컬럼
2026-08-30 06:45:12,869 [INFO]    weather                   | 신규   119행 | 누적    238행 | 29컬럼
2026-08-30 06:45:12,869 [INFO] 키별 사용량:
2026-08-30 06:45:12,869 [INFO]    🟢 KEY_1 (31/1000) 
2026-08-30 06:45:12,869 [INFO]    🟢 KEY_2 (30/1000) 
2026-08-30 06:45:12,869 [INFO]    🟢 KEY_3 (30/1000) 
2026-08-30 06:45:12,869 [INFO]    🟢 KEY_4 (30/1000) 
