2026-08-29 03:36:08,313 [INFO] 등록된 키: 4개, 합산 한도 4,000건/일
2026-08-29 03:36:08,314 [INFO] POI 로드: 매뉴얼 v8.5 기준 fallback 121개 (121개 전체)
2026-08-29 03:36:08,314 [INFO] === 수집 시작 2026-08-29T03:36:08.314397+09:00 ===
2026-08-29 03:36:08,314 [INFO] 대상 장소: 121개 | API: citydata (통합)
2026-08-29 03:36:08,314 [INFO] 키 풀: 4/4 활성 | 오늘 사용 0/4000건
2026-08-29 03:36:08,314 [INFO]   [KEY_1] 담당 31장소
2026-08-29 03:36:08,314 [INFO]   [KEY_2] 담당 30장소
2026-08-29 03:36:08,314 [INFO]   [KEY_3] 담당 30장소
2026-08-29 03:36:08,314 [INFO]   [KEY_4] 담당 30장소
2026-08-29 03:36:08,314 [INFO] [1/121] 경복궁 (primary=KEY_1)
2026-08-29 03:36:10,225 [INFO] [2/121] 광화문·덕수궁 (primary=KEY_2)
2026-08-29 03:36:12,528 [INFO] [3/121] 보신각 (primary=KEY_3)
2026-08-29 03:36:14,434 [INFO] [4/121] 서울 암사동 유적 (primary=KEY_4)
2026-08-29 03:36:15,753 [INFO] [5/121] 창덕궁·종묘 (primary=KEY_1)
2026-08-29 03:36:17,063 [INFO] [6/121] 강남 MICE 관광특구 (primary=KEY_2)
2026-08-29 03:36:19,166 [INFO] [7/121] 동대문 관광특구 (primary=KEY_3)
2026-08-29 03:36:21,303 [INFO] [8/121] 명동 관광특구 (primary=KEY_4)
2026-08-29 03:36:23,847 [INFO] [9/121] 이태원 관광특구 (primary=KEY_1)
2026-08-29 03:36:25,798 [INFO] [10/121] 잠실 관광특구 (primary=KEY_2)
2026-08-29 03:36:27,565 [INFO] [11/121] 종로·청계 관광특구 (primary=KEY_3)
2026-08-29 03:36:29,922 [INFO] [12/121] 홍대 관광특구 (primary=KEY_4)
2026-08-29 03:36:31,504 [INFO] [13/121] 강서한강공원 (primary=KEY_1)
2026-08-29 03:36:32,631 [INFO] [14/121] 고척돔 (primary=KEY_2)
2026-08-29 03:36:34,504 [INFO] [15/121] 광나루한강공원 (primary=KEY_3)
2026-08-29 03:36:36,661 [INFO] [16/121] 광화문광장 (primary=KEY_4)
2026-08-29 03:36:38,767 [INFO] [17/121] 국립중앙박물관·용산가족공원 (primary=KEY_1)
2026-08-29 03:36:40,494 [INFO] [18/121] 난지한강공원 (primary=KEY_2)
2026-08-29 03:36:42,195 [INFO] [19/121] 남산공원 (primary=KEY_3)
2026-08-29 03:36:44,508 [INFO] [20/121] 노들섬 (primary=KEY_4)
2026-08-29 03:36:45,642 [INFO] [21/121] 뚝섬한강공원 (primary=KEY_1)
2026-08-29 03:36:47,552 [INFO] [22/121] 망원한강공원 (primary=KEY_2)
2026-08-29 03:36:49,635 [INFO] [23/121] 반포한강공원 (primary=KEY_3)
2026-08-29 03:36:50,754 [INFO] [24/121] 보라매공원 (primary=KEY_4)
2026-08-29 03:36:52,467 [INFO] [25/121] 북서울꿈의숲 (primary=KEY_1)
2026-08-29 03:36:53,812 [INFO] [26/121] 서대문독립공원 (primary=KEY_2)
2026-08-29 03:36:55,543 [INFO] [27/121] 서리풀공원·몽마르뜨공원 (primary=KEY_3)
2026-08-29 03:36:56,710 [INFO] [28/121] 서울대공원 (primary=KEY_4)
2026-08-29 03:36:57,825 [INFO] [29/121] 서울숲공원 (primary=KEY_1)
2026-08-29 03:36:59,145 [INFO] [30/121] 송현녹지광장 (primary=KEY_2)
2026-08-29 03:37:01,048 [INFO] [31/121] 아차산 (primary=KEY_3)
2026-08-29 03:37:02,190 [INFO] [32/121] 안양천 (primary=KEY_4)
2026-08-29 03:37:03,904 [INFO] [33/121] 양화한강공원 (primary=KEY_1)
2026-08-29 03:37:05,030 [INFO] [34/121] 어린이대공원 (primary=KEY_2)
2026-08-29 03:37:06,371 [INFO] [35/121] 여의도한강공원 (primary=KEY_3)
2026-08-29 03:37:07,698 [INFO] [36/121] 여의서로 (primary=KEY_4)
2026-08-29 03:37:09,016 [INFO] [37/121] 올림픽공원 (primary=KEY_1)
2026-08-29 03:37:10,388 [INFO] [38/121] 월드컵공원 (primary=KEY_2)
2026-08-29 03:37:12,599 [INFO] [39/121] 응봉산 (primary=KEY_3)
2026-08-29 03:37:14,520 [INFO] [40/121] 이촌한강공원 (primary=KEY_4)
2026-08-29 03:37:16,222 [INFO] [41/121] 잠실종합운동장 (primary=KEY_1)
2026-08-29 03:37:18,148 [INFO] [42/121] 잠실한강공원 (primary=KEY_2)
2026-08-29 03:37:20,056 [INFO] [43/121] 잠원한강공원 (primary=KEY_3)
2026-08-29 03:37:21,939 [INFO] [44/121] 청계산 (primary=KEY_4)
2026-08-29 03:37:23,659 [INFO] [45/121] 홍제폭포 (primary=KEY_1)
2026-08-29 03:37:25,545 [INFO] [46/121] 가락시장 (primary=KEY_2)
2026-08-29 03:37:27,472 [INFO] [47/121] 가로수길 (primary=KEY_3)
2026-08-29 03:37:29,510 [INFO] [48/121] 광장(전통)시장 (primary=KEY_4)
2026-08-29 03:37:31,599 [INFO] [49/121] 김포공항 (primary=KEY_1)
2026-08-29 03:37:33,144 [INFO] [50/121] 남대문시장 (primary=KEY_2)
2026-08-29 03:37:35,236 [INFO] [51/121] 노량진 (primary=KEY_3)
2026-08-29 03:37:37,334 [INFO] [52/121] 덕수궁길·정동길 (primary=KEY_4)
2026-08-29 03:37:39,641 [INFO] [53/121] 북창동 먹자골목 (primary=KEY_1)
2026-08-29 03:37:41,002 [INFO] [54/121] 북촌한옥마을 (primary=KEY_2)
2026-08-29 03:37:43,676 [INFO] [55/121] 서촌 (primary=KEY_3)
2026-08-29 03:37:45,762 [INFO] [56/121] 성수카페거리 (primary=KEY_4)
2026-08-29 03:37:48,066 [INFO] [57/121] 송리단길·호수단길 (primary=KEY_1)
2026-08-29 03:37:49,424 [INFO] [58/121] 신촌 스타광장 (primary=KEY_2)
2026-08-29 03:37:50,584 [INFO] [59/121] 압구정로데오거리 (primary=KEY_3)
2026-08-29 03:37:52,698 [INFO] [60/121] 여의도 (primary=KEY_4)
2026-08-29 03:37:55,834 [INFO] [61/121] 연남동 (primary=KEY_1)
2026-08-29 03:37:57,151 [INFO] [62/121] 영등포 타임스퀘어 (primary=KEY_2)
2026-08-29 03:37:59,057 [INFO] [63/121] 용리단길 (primary=KEY_3)
2026-08-29 03:38:00,791 [INFO] [64/121] 이태원 앤틱가구거리 (primary=KEY_4)
2026-08-29 03:38:02,685 [INFO] [65/121] 익선동 (primary=KEY_1)
2026-08-29 03:38:04,026 [INFO] [66/121] 인사동 (primary=KEY_2)
2026-08-29 03:38:05,547 [INFO] [67/121] 잠실롯데타워·석촌호수 (primary=KEY_3)
2026-08-29 03:38:07,293 [INFO] [68/121] 창동 신경제 중심지 (primary=KEY_4)
2026-08-29 03:38:09,030 [INFO] [69/121] 청담동 명품거리 (primary=KEY_1)
2026-08-29 03:38:10,360 [INFO] [70/121] 청량리 제기동 일대 전통시장 (primary=KEY_2)
2026-08-29 03:38:11,730 [INFO] [71/121] 해방촌·경리단길 (primary=KEY_3)
2026-08-29 03:38:12,876 [INFO] [72/121] DDP(동대문디자인플라자) (primary=KEY_4)
2026-08-29 03:38:15,178 [INFO] [73/121] DMC(디지털미디어시티) (primary=KEY_1)
2026-08-29 03:38:17,483 [INFO] [74/121] 가산디지털단지역 (primary=KEY_2)
2026-08-29 03:38:19,397 [INFO] [75/121] 강남역 (primary=KEY_3)
2026-08-29 03:38:20,951 [INFO] [76/121] 건대입구역 (primary=KEY_4)
2026-08-29 03:38:22,297 [INFO] [77/121] 고덕역 (primary=KEY_1)
2026-08-29 03:38:23,628 [INFO] [78/121] 고속터미널역 (primary=KEY_2)
2026-08-29 03:38:24,978 [INFO] [79/121] 교대역 (primary=KEY_3)
2026-08-29 03:38:26,133 [INFO] [80/121] 구로디지털단지역 (primary=KEY_4)
2026-08-29 03:38:27,845 [INFO] [81/121] 구로역 (primary=KEY_1)
2026-08-29 03:38:29,164 [INFO] [82/121] 군자역 (primary=KEY_2)
2026-08-29 03:38:30,311 [INFO] [83/121] 대림역 (primary=KEY_3)
2026-08-29 03:38:31,645 [INFO] [84/121] 동대문역 (primary=KEY_4)
2026-08-29 03:38:32,974 [INFO] [85/121] 뚝섬역 (primary=KEY_1)
2026-08-29 03:38:34,320 [INFO] [86/121] 미아사거리역 (primary=KEY_2)
2026-08-29 03:38:35,632 [INFO] [87/121] 발산역 (primary=KEY_3)
2026-08-29 03:38:37,352 [INFO] [88/121] 사당역 (primary=KEY_4)
2026-08-29 03:38:38,691 [INFO] [89/121] 삼각지역 (primary=KEY_1)
2026-08-29 03:38:39,847 [INFO] [90/121] 서울대입구역 (primary=KEY_2)
2026-08-29 03:38:41,748 [INFO] [91/121] 서울식물원·마곡나루역 (primary=KEY_3)
2026-08-29 03:38:43,261 [INFO] [92/121] 서울역 (primary=KEY_4)
2026-08-29 03:38:44,666 [INFO] [93/121] 선릉역 (primary=KEY_1)
2026-08-29 03:38:46,404 [INFO] [94/121] 성신여대입구역 (primary=KEY_2)
2026-08-29 03:38:47,556 [INFO] [95/121] 수유역 (primary=KEY_3)
2026-08-29 03:38:48,886 [INFO] [96/121] 숭례문 (primary=KEY_4)
2026-08-29 03:38:50,398 [INFO] [97/121] 시의회 앞 (primary=KEY_1)
2026-08-29 03:38:51,737 [INFO] [98/121] 신논현역·논현역 (primary=KEY_2)
2026-08-29 03:38:53,827 [INFO] [99/121] 신도림역 (primary=KEY_3)
2026-08-29 03:38:54,971 [INFO] [100/121] 신림역 (primary=KEY_4)
2026-08-29 03:38:56,151 [INFO] [101/121] 신정네거리역 (primary=KEY_1)
2026-08-29 03:38:58,599 [INFO] [102/121] 신촌·이대역 (primary=KEY_2)
2026-08-29 03:39:00,512 [INFO] [103/121] 쌍문역 (primary=KEY_3)
2026-08-29 03:39:01,852 [INFO] [104/121] 양재역 (primary=KEY_4)
2026-08-29 03:39:03,199 [INFO] [105/121] 역삼역 (primary=KEY_1)
2026-08-29 03:39:04,735 [INFO] [106/121] 연신내역 (primary=KEY_2)
2026-08-29 03:39:05,882 [INFO] [107/121] 오목교역·목동운동장 (primary=KEY_3)
2026-08-29 03:39:07,808 [INFO] [108/121] 왕십리역 (primary=KEY_4)
2026-08-29 03:39:09,162 [INFO] [109/121] 용산역 (primary=KEY_1)
2026-08-29 03:39:10,697 [INFO] [110/121] 이태원역 (primary=KEY_2)
2026-08-29 03:39:11,855 [INFO] [111/121] 잠실새내역 (primary=KEY_3)
2026-08-29 03:39:13,268 [INFO] [112/121] 잠실역 (primary=KEY_4)
2026-08-29 03:39:14,803 [INFO] [113/121] 장지역 (primary=KEY_1)
2026-08-29 03:39:16,329 [INFO] [114/121] 장한평역 (primary=KEY_2)
2026-08-29 03:39:17,652 [INFO] [115/121] 천호역 (primary=KEY_3)
2026-08-29 03:39:19,004 [INFO] [116/121] 총신대입구(이수)역 (primary=KEY_4)
2026-08-29 03:39:20,330 [INFO] [117/121] 충정로역 (primary=KEY_1)
2026-08-29 03:39:21,671 [INFO] [118/121] 합정역 (primary=KEY_2)
2026-08-29 03:39:23,022 [INFO] [119/121] 혜화역 (primary=KEY_3)
2026-08-29 03:39:24,351 [INFO] [120/121] 홍대입구역(2호선) (primary=KEY_4)
2026-08-29 03:39:25,694 [INFO] [121/121] 회기역 (primary=KEY_1)
2026-08-29 03:39:27,415 [INFO] === 수집 완료 | 성공 121, 실패 0 ===
2026-08-29 03:39:27,415 [INFO] 카테고리별 저장 결과:
2026-08-29 03:39:27,415 [INFO]    area_meta                 | 신규   121행 | 누적    121행 | 5컬럼
2026-08-29 03:39:27,415 [INFO]    bike                      | 신규    10행 | 누적     10행 | 12컬럼
2026-08-29 03:39:27,415 [INFO]    bike_sbike_stts           | 신규   572행 | 누적    572행 | 12컬럼
2026-08-29 03:39:27,415 [INFO]    bus                       | 신규     3행 | 누적      3행 | 11컬럼
2026-08-29 03:39:27,416 [INFO]    bus_bus_stn_stts          | 신규  1745행 | 누적   1745행 | 11컬럼
2026-08-29 03:39:27,416 [INFO]    charger                   | 신규     4행 | 누적      4행 | 15컬럼
2026-08-29 03:39:27,416 [INFO]    charger_charger_stts      | 신규  1929행 | 누적   1929행 | 15컬럼
2026-08-29 03:39:27,416 [INFO]    cmrcl                     | 신규    82행 | 누적     82행 | 20컬럼
2026-08-29 03:39:27,416 [INFO]    events                    | 신규    11행 | 누적     11행 | 14컬럼
2026-08-29 03:39:27,416 [INFO]    events_event_stts         | 신규   138행 | 누적    138행 | 14컬럼
2026-08-29 03:39:27,416 [INFO]    parking                   | 신규     6행 | 누적      6행 | 21컬럼
2026-08-29 03:39:27,416 [INFO]    parking_prk_stts          | 신규  1827행 | 누적   1827행 | 21컬럼
2026-08-29 03:39:27,416 [INFO]    ppltn                     | 신규   121행 | 누적    121행 | 26컬럼
2026-08-29 03:39:27,416 [INFO]    road                      | 신규   121행 | 누적    121행 | 21컬럼
2026-08-29 03:39:27,416 [INFO]    road_road_traffic_stts    | 신규  5292행 | 누적   5292행 | 17컬럼
2026-08-29 03:39:27,416 [INFO]    subway                    | 신규    38행 | 누적     38행 | 12컬럼
2026-08-29 03:39:27,416 [INFO]    subway_sub_stts           | 신규   183행 | 누적    183행 | 12컬럼
2026-08-29 03:39:27,416 [INFO]    weather                   | 신규   119행 | 누적    119행 | 29컬럼
2026-08-29 03:39:27,416 [INFO] 키별 사용량:
2026-08-29 03:39:27,416 [INFO]    🟢 KEY_1 (31/1000) 
2026-08-29 03:39:27,416 [INFO]    🟢 KEY_2 (30/1000) 
2026-08-29 03:39:27,416 [INFO]    🟢 KEY_3 (30/1000) 
2026-08-29 03:39:27,416 [INFO]    🟢 KEY_4 (30/1000) 
2026-08-29 11:08:05,356 [INFO] 등록된 키: 4개, 합산 한도 4,000건/일
2026-08-29 11:08:05,357 [INFO] POI 로드: 매뉴얼 v8.5 기준 fallback 121개 (121개 전체)
2026-08-29 11:08:05,357 [INFO] === 수집 시작 2026-08-29T11:08:05.357520+09:00 ===
2026-08-29 11:08:05,357 [INFO] 대상 장소: 121개 | API: citydata (통합)
2026-08-29 11:08:05,357 [INFO] 키 풀: 4/4 활성 | 오늘 사용 0/4000건
2026-08-29 11:08:05,357 [INFO]   [KEY_1] 담당 31장소
2026-08-29 11:08:05,357 [INFO]   [KEY_2] 담당 30장소
2026-08-29 11:08:05,358 [INFO]   [KEY_3] 담당 30장소
2026-08-29 11:08:05,358 [INFO]   [KEY_4] 담당 30장소
2026-08-29 11:08:05,358 [INFO] [1/121] 경복궁 (primary=KEY_1)
2026-08-29 11:08:07,473 [INFO] [2/121] 광화문·덕수궁 (primary=KEY_2)
2026-08-29 11:08:10,003 [INFO] [3/121] 보신각 (primary=KEY_3)
2026-08-29 11:08:11,933 [INFO] [4/121] 서울 암사동 유적 (primary=KEY_4)
2026-08-29 11:08:13,653 [INFO] [5/121] 창덕궁·종묘 (primary=KEY_1)
2026-08-29 11:08:14,989 [INFO] [6/121] 강남 MICE 관광특구 (primary=KEY_2)
2026-08-29 11:08:16,919 [INFO] [7/121] 동대문 관광특구 (primary=KEY_3)
2026-08-29 11:08:20,472 [INFO] [8/121] 명동 관광특구 (primary=KEY_4)
2026-08-29 11:08:22,915 [INFO] [9/121] 이태원 관광특구 (primary=KEY_1)
2026-08-29 11:08:24,860 [INFO] [10/121] 잠실 관광특구 (primary=KEY_2)
2026-08-29 11:08:27,409 [INFO] [11/121] 종로·청계 관광특구 (primary=KEY_3)
2026-08-29 11:08:29,840 [INFO] [12/121] 홍대 관광특구 (primary=KEY_4)
2026-08-29 11:08:31,698 [INFO] [13/121] 강서한강공원 (primary=KEY_1)
2026-08-29 11:08:33,586 [INFO] [14/121] 고척돔 (primary=KEY_2)
2026-08-29 11:08:34,726 [INFO] [15/121] 광나루한강공원 (primary=KEY_3)
2026-08-29 11:08:36,628 [INFO] [16/121] 광화문광장 (primary=KEY_4)
2026-08-29 11:08:38,736 [INFO] [17/121] 국립중앙박물관·용산가족공원 (primary=KEY_1)
2026-08-29 11:08:39,905 [INFO] [18/121] 난지한강공원 (primary=KEY_2)
2026-08-29 11:08:41,040 [INFO] [19/121] 남산공원 (primary=KEY_3)
2026-08-29 11:08:42,592 [INFO] [20/121] 노들섬 (primary=KEY_4)
2026-08-29 11:08:43,734 [INFO] [21/121] 뚝섬한강공원 (primary=KEY_1)
2026-08-29 11:08:44,877 [INFO] [22/121] 망원한강공원 (primary=KEY_2)
2026-08-29 11:08:46,222 [INFO] [23/121] 반포한강공원 (primary=KEY_3)
2026-08-29 11:08:47,363 [INFO] [24/121] 보라매공원 (primary=KEY_4)
2026-08-29 11:08:48,510 [INFO] [25/121] 북서울꿈의숲 (primary=KEY_1)
2026-08-29 11:08:49,859 [INFO] [26/121] 서대문독립공원 (primary=KEY_2)
2026-08-29 11:08:51,025 [INFO] [27/121] 서리풀공원·몽마르뜨공원 (primary=KEY_3)
2026-08-29 11:08:52,945 [INFO] [28/121] 서울대공원 (primary=KEY_4)
2026-08-29 11:08:54,074 [INFO] [29/121] 서울숲공원 (primary=KEY_1)
2026-08-29 11:08:55,423 [INFO] [30/121] 송현녹지광장 (primary=KEY_2)
2026-08-29 11:08:56,771 [INFO] [31/121] 아차산 (primary=KEY_3)
2026-08-29 11:08:57,900 [INFO] [32/121] 안양천 (primary=KEY_4)
2026-08-29 11:08:59,038 [INFO] [33/121] 양화한강공원 (primary=KEY_1)
2026-08-29 11:09:00,749 [INFO] [34/121] 어린이대공원 (primary=KEY_2)
2026-08-29 11:09:02,913 [INFO] [35/121] 여의도한강공원 (primary=KEY_3)
2026-08-29 11:09:04,248 [INFO] [36/121] 여의서로 (primary=KEY_4)
2026-08-29 11:09:05,585 [INFO] [37/121] 올림픽공원 (primary=KEY_1)
2026-08-29 11:09:07,142 [INFO] [38/121] 월드컵공원 (primary=KEY_2)
2026-08-29 11:09:09,276 [INFO] [39/121] 응봉산 (primary=KEY_3)
2026-08-29 11:09:11,372 [INFO] [40/121] 이촌한강공원 (primary=KEY_4)
2026-08-29 11:09:13,112 [INFO] [41/121] 잠실종합운동장 (primary=KEY_1)
2026-08-29 11:09:14,262 [INFO] [42/121] 잠실한강공원 (primary=KEY_2)
2026-08-29 11:09:15,403 [INFO] [43/121] 잠원한강공원 (primary=KEY_3)
2026-08-29 11:09:17,103 [INFO] [44/121] 청계산 (primary=KEY_4)
2026-08-29 11:09:18,235 [INFO] [45/121] 홍제폭포 (primary=KEY_1)
2026-08-29 11:09:19,362 [INFO] [46/121] 가락시장 (primary=KEY_2)
2026-08-29 11:09:20,756 [INFO] [47/121] 가로수길 (primary=KEY_3)
2026-08-29 11:09:22,120 [INFO] [48/121] 광장(전통)시장 (primary=KEY_4)
2026-08-29 11:09:23,281 [INFO] [49/121] 김포공항 (primary=KEY_1)
2026-08-29 11:09:25,013 [INFO] [50/121] 남대문시장 (primary=KEY_2)
2026-08-29 11:09:26,341 [INFO] [51/121] 노량진 (primary=KEY_3)
2026-08-29 11:09:27,701 [INFO] [52/121] 덕수궁길·정동길 (primary=KEY_4)
2026-08-29 11:09:29,655 [INFO] [53/121] 북창동 먹자골목 (primary=KEY_1)
2026-08-29 11:09:30,996 [INFO] [54/121] 북촌한옥마을 (primary=KEY_2)
2026-08-29 11:09:32,538 [INFO] [55/121] 서촌 (primary=KEY_3)
2026-08-29 11:09:33,879 [INFO] [56/121] 성수카페거리 (primary=KEY_4)
2026-08-29 11:09:35,612 [INFO] [57/121] 송리단길·호수단길 (primary=KEY_1)
2026-08-29 11:09:37,746 [INFO] [58/121] 신촌 스타광장 (primary=KEY_2)
2026-08-29 11:09:38,904 [INFO] [59/121] 압구정로데오거리 (primary=KEY_3)
2026-08-29 11:09:40,249 [INFO] [60/121] 여의도 (primary=KEY_4)
2026-08-29 11:09:43,033 [INFO] [61/121] 연남동 (primary=KEY_1)
2026-08-29 11:09:45,332 [INFO] [62/121] 영등포 타임스퀘어 (primary=KEY_2)
2026-08-29 11:09:46,670 [INFO] [63/121] 용리단길 (primary=KEY_3)
2026-08-29 11:09:47,847 [INFO] [64/121] 이태원 앤틱가구거리 (primary=KEY_4)
2026-08-29 11:09:49,222 [INFO] [65/121] 익선동 (primary=KEY_1)
2026-08-29 11:09:50,602 [INFO] [66/121] 인사동 (primary=KEY_2)
2026-08-29 11:09:52,151 [INFO] [67/121] 잠실롯데타워·석촌호수 (primary=KEY_3)
2026-08-29 11:09:53,903 [INFO] [68/121] 창동 신경제 중심지 (primary=KEY_4)
2026-08-29 11:09:55,643 [INFO] [69/121] 청담동 명품거리 (primary=KEY_1)
2026-08-29 11:09:57,001 [INFO] [70/121] 청량리 제기동 일대 전통시장 (primary=KEY_2)
2026-08-29 11:09:58,406 [INFO] [71/121] 해방촌·경리단길 (primary=KEY_3)
2026-08-29 11:09:59,557 [INFO] [72/121] DDP(동대문디자인플라자) (primary=KEY_4)
2026-08-29 11:10:00,932 [INFO] [73/121] DMC(디지털미디어시티) (primary=KEY_1)
2026-08-29 11:10:02,695 [INFO] [74/121] 가산디지털단지역 (primary=KEY_2)
2026-08-29 11:10:04,636 [INFO] [75/121] 강남역 (primary=KEY_3)
2026-08-29 11:10:06,182 [INFO] [76/121] 건대입구역 (primary=KEY_4)
2026-08-29 11:10:07,536 [INFO] [77/121] 고덕역 (primary=KEY_1)
2026-08-29 11:10:08,869 [INFO] [78/121] 고속터미널역 (primary=KEY_2)
2026-08-29 11:10:10,223 [INFO] [79/121] 교대역 (primary=KEY_3)
2026-08-29 11:10:11,559 [INFO] [80/121] 구로디지털단지역 (primary=KEY_4)
2026-08-29 11:10:13,281 [INFO] [81/121] 구로역 (primary=KEY_1)
2026-08-29 11:10:14,614 [INFO] [82/121] 군자역 (primary=KEY_2)
2026-08-29 11:10:15,950 [INFO] [83/121] 대림역 (primary=KEY_3)
2026-08-29 11:10:17,287 [INFO] [84/121] 동대문역 (primary=KEY_4)
2026-08-29 11:10:18,620 [INFO] [85/121] 뚝섬역 (primary=KEY_1)
2026-08-29 11:10:20,621 [INFO] [86/121] 미아사거리역 (primary=KEY_2)
2026-08-29 11:10:22,150 [INFO] [87/121] 발산역 (primary=KEY_3)
2026-08-29 11:10:24,445 [INFO] [88/121] 사당역 (primary=KEY_4)
2026-08-29 11:10:26,593 [INFO] [89/121] 삼각지역 (primary=KEY_1)
2026-08-29 11:10:28,494 [INFO] [90/121] 서울대입구역 (primary=KEY_2)
2026-08-29 11:10:29,832 [INFO] [91/121] 서울식물원·마곡나루역 (primary=KEY_3)
2026-08-29 11:10:31,586 [INFO] [92/121] 서울역 (primary=KEY_4)
2026-08-29 11:10:33,169 [INFO] [93/121] 선릉역 (primary=KEY_1)
2026-08-29 11:10:35,661 [INFO] [94/121] 성신여대입구역 (primary=KEY_2)
2026-08-29 11:10:37,533 [INFO] [95/121] 수유역 (primary=KEY_3)
2026-08-29 11:10:38,972 [INFO] [96/121] 숭례문 (primary=KEY_4)
2026-08-29 11:10:41,091 [INFO] [97/121] 시의회 앞 (primary=KEY_1)
2026-08-29 11:10:42,621 [INFO] [98/121] 신논현역·논현역 (primary=KEY_2)
2026-08-29 11:10:44,556 [INFO] [99/121] 신도림역 (primary=KEY_3)
2026-08-29 11:10:45,711 [INFO] [100/121] 신림역 (primary=KEY_4)
2026-08-29 11:10:47,057 [INFO] [101/121] 신정네거리역 (primary=KEY_1)
2026-08-29 11:10:48,387 [INFO] [102/121] 신촌·이대역 (primary=KEY_2)
2026-08-29 11:10:50,545 [INFO] [103/121] 쌍문역 (primary=KEY_3)
2026-08-29 11:10:51,891 [INFO] [104/121] 양재역 (primary=KEY_4)
2026-08-29 11:10:53,252 [INFO] [105/121] 역삼역 (primary=KEY_1)
2026-08-29 11:10:55,029 [INFO] [106/121] 연신내역 (primary=KEY_2)
2026-08-29 11:10:56,787 [INFO] [107/121] 오목교역·목동운동장 (primary=KEY_3)
2026-08-29 11:10:58,709 [INFO] [108/121] 왕십리역 (primary=KEY_4)
2026-08-29 11:11:00,841 [INFO] [109/121] 용산역 (primary=KEY_1)
2026-08-29 11:11:02,373 [INFO] [110/121] 이태원역 (primary=KEY_2)
2026-08-29 11:11:03,564 [INFO] [111/121] 잠실새내역 (primary=KEY_3)
2026-08-29 11:11:04,901 [INFO] [112/121] 잠실역 (primary=KEY_4)
2026-08-29 11:11:07,199 [INFO] [113/121] 장지역 (primary=KEY_1)
2026-08-29 11:11:08,738 [INFO] [114/121] 장한평역 (primary=KEY_2)
2026-08-29 11:11:10,072 [INFO] [115/121] 천호역 (primary=KEY_3)
2026-08-29 11:11:11,603 [INFO] [116/121] 총신대입구(이수)역 (primary=KEY_4)
2026-08-29 11:11:12,924 [INFO] [117/121] 충정로역 (primary=KEY_1)
2026-08-29 11:11:14,851 [INFO] [118/121] 합정역 (primary=KEY_2)
2026-08-29 11:11:16,203 [INFO] [119/121] 혜화역 (primary=KEY_3)
2026-08-29 11:11:17,531 [INFO] [120/121] 홍대입구역(2호선) (primary=KEY_4)
2026-08-29 11:11:18,897 [INFO] [121/121] 회기역 (primary=KEY_1)
2026-08-29 11:11:21,632 [INFO] === 수집 완료 | 성공 121, 실패 0 ===
2026-08-29 11:11:21,632 [INFO] 카테고리별 저장 결과:
2026-08-29 11:11:21,632 [INFO]    accident                  | 신규     3행 | 누적      3행 | 16컬럼
2026-08-29 11:11:21,632 [INFO]    accident_acdnt_cntrl_stts | 신규    11행 | 누적     11행 | 16컬럼
2026-08-29 11:11:21,632 [INFO]    area_meta                 | 신규   121행 | 누적    242행 | 5컬럼
2026-08-29 11:11:21,632 [INFO]    bike                      | 신규    10행 | 누적     20행 | 12컬럼
2026-08-29 11:11:21,632 [INFO]    bike_sbike_stts           | 신규   572행 | 누적   1144행 | 12컬럼
2026-08-29 11:11:21,632 [INFO]    bus                       | 신규     3행 | 누적      6행 | 11컬럼
2026-08-29 11:11:21,632 [INFO]    bus_bus_stn_stts          | 신규  1745행 | 누적   3490행 | 11컬럼
2026-08-29 11:11:21,632 [INFO]    charger                   | 신규     4행 | 누적      8행 | 15컬럼
2026-08-29 11:11:21,632 [INFO]    charger_charger_stts      | 신규  1929행 | 누적   3832행 | 15컬럼
2026-08-29 11:11:21,632 [INFO]    cmrcl                     | 신규    82행 | 누적    164행 | 20컬럼
2026-08-29 11:11:21,632 [INFO]    disaster                  | 신규    12행 | 누적     12행 | 9컬럼
2026-08-29 11:11:21,633 [INFO]    events                    | 신규    11행 | 누적     22행 | 14컬럼
2026-08-29 11:11:21,633 [INFO]    events_event_stts         | 신규   134행 | 누적    272행 | 14컬럼
2026-08-29 11:11:21,633 [INFO]    parking                   | 신규     6행 | 누적     12행 | 21컬럼
2026-08-29 11:11:21,633 [INFO]    parking_prk_stts          | 신규  1827행 | 누적   3654행 | 21컬럼
2026-08-29 11:11:21,633 [INFO]    ppltn                     | 신규   121행 | 누적    242행 | 26컬럼
2026-08-29 11:11:21,633 [INFO]    road                      | 신규   121행 | 누적    242행 | 21컬럼
2026-08-29 11:11:21,633 [INFO]    road_road_traffic_stts    | 신규  5292행 | 누적  10584행 | 17컬럼
2026-08-29 11:11:21,633 [INFO]    subway                    | 신규    38행 | 누적     76행 | 12컬럼
2026-08-29 11:11:21,633 [INFO]    subway_sub_stts           | 신규   183행 | 누적    366행 | 13컬럼
2026-08-29 11:11:21,633 [INFO]    weather                   | 신규   119행 | 누적    238행 | 29컬럼
2026-08-29 11:11:21,633 [INFO] 키별 사용량:
2026-08-29 11:11:21,633 [INFO]    🟢 KEY_1 (31/1000) 
2026-08-29 11:11:21,633 [INFO]    🟢 KEY_2 (30/1000) 
2026-08-29 11:11:21,633 [INFO]    🟢 KEY_3 (30/1000) 
2026-08-29 11:11:21,633 [INFO]    🟢 KEY_4 (30/1000) 
2026-08-29 18:01:26,072 [INFO] 등록된 키: 4개, 합산 한도 4,000건/일
2026-08-29 18:01:26,073 [INFO] POI 로드: 매뉴얼 v8.5 기준 fallback 121개 (121개 전체)
2026-08-29 18:01:26,073 [INFO] === 수집 시작 2026-08-29T18:01:26.073211+09:00 ===
2026-08-29 18:01:26,073 [INFO] 대상 장소: 121개 | API: citydata (통합)
2026-08-29 18:01:26,073 [INFO] 키 풀: 4/4 활성 | 오늘 사용 0/4000건
2026-08-29 18:01:26,073 [INFO]   [KEY_1] 담당 31장소
2026-08-29 18:01:26,073 [INFO]   [KEY_2] 담당 30장소
2026-08-29 18:01:26,073 [INFO]   [KEY_3] 담당 30장소
2026-08-29 18:01:26,073 [INFO]   [KEY_4] 담당 30장소
2026-08-29 18:01:26,073 [INFO] [1/121] 경복궁 (primary=KEY_1)
2026-08-29 18:01:28,029 [INFO] [2/121] 광화문·덕수궁 (primary=KEY_2)
2026-08-29 18:01:30,069 [INFO] [3/121] 보신각 (primary=KEY_3)
2026-08-29 18:01:32,095 [INFO] [4/121] 서울 암사동 유적 (primary=KEY_4)
2026-08-29 18:01:33,057 [INFO] [5/121] 창덕궁·종묘 (primary=KEY_1)
2026-08-29 18:01:34,182 [INFO] [6/121] 강남 MICE 관광특구 (primary=KEY_2)
2026-08-29 18:01:35,447 [INFO] [7/121] 동대문 관광특구 (primary=KEY_3)
2026-08-29 18:01:37,316 [INFO] [8/121] 명동 관광특구 (primary=KEY_4)
2026-08-29 18:01:39,749 [INFO] [9/121] 이태원 관광특구 (primary=KEY_1)
2026-08-29 18:01:40,896 [INFO] [10/121] 잠실 관광특구 (primary=KEY_2)
2026-08-29 18:01:43,058 [INFO] [11/121] 종로·청계 관광특구 (primary=KEY_3)
2026-08-29 18:01:44,372 [INFO] [12/121] 홍대 관광특구 (primary=KEY_4)
2026-08-29 18:01:45,681 [INFO] [13/121] 강서한강공원 (primary=KEY_1)
2026-08-29 18:01:46,665 [INFO] [14/121] 고척돔 (primary=KEY_2)
2026-08-29 18:01:47,640 [INFO] [15/121] 광나루한강공원 (primary=KEY_3)
2026-08-29 18:01:49,314 [INFO] [16/121] 광화문광장 (primary=KEY_4)
2026-08-29 18:01:51,033 [INFO] [17/121] 국립중앙박물관·용산가족공원 (primary=KEY_1)
2026-08-29 18:01:52,036 [INFO] [18/121] 난지한강공원 (primary=KEY_2)
2026-08-29 18:01:53,022 [INFO] [19/121] 남산공원 (primary=KEY_3)
2026-08-29 18:01:54,334 [INFO] [20/121] 노들섬 (primary=KEY_4)
2026-08-29 18:01:55,310 [INFO] [21/121] 뚝섬한강공원 (primary=KEY_1)
2026-08-29 18:01:57,140 [INFO] [22/121] 망원한강공원 (primary=KEY_2)
2026-08-29 18:01:58,266 [INFO] [23/121] 반포한강공원 (primary=KEY_3)
2026-08-29 18:01:59,250 [INFO] [24/121] 보라매공원 (primary=KEY_4)
2026-08-29 18:02:00,247 [INFO] [25/121] 북서울꿈의숲 (primary=KEY_1)
2026-08-29 18:02:01,378 [INFO] [26/121] 서대문독립공원 (primary=KEY_2)
2026-08-29 18:02:02,368 [INFO] [27/121] 서리풀공원·몽마르뜨공원 (primary=KEY_3)
2026-08-29 18:02:03,524 [INFO] [28/121] 서울대공원 (primary=KEY_4)
2026-08-29 18:02:04,505 [INFO] [29/121] 서울숲공원 (primary=KEY_1)
2026-08-29 18:02:05,630 [INFO] [30/121] 송현녹지광장 (primary=KEY_2)
2026-08-29 18:02:06,769 [INFO] [31/121] 아차산 (primary=KEY_3)
2026-08-29 18:02:07,747 [INFO] [32/121] 안양천 (primary=KEY_4)
2026-08-29 18:02:08,723 [INFO] [33/121] 양화한강공원 (primary=KEY_1)
2026-08-29 18:02:09,695 [INFO] [34/121] 어린이대공원 (primary=KEY_2)
2026-08-29 18:02:10,830 [INFO] [35/121] 여의도한강공원 (primary=KEY_3)
2026-08-29 18:02:11,944 [INFO] [36/121] 여의서로 (primary=KEY_4)
2026-08-29 18:02:13,063 [INFO] [37/121] 올림픽공원 (primary=KEY_1)
2026-08-29 18:02:14,355 [INFO] [38/121] 월드컵공원 (primary=KEY_2)
2026-08-29 18:02:15,625 [INFO] [39/121] 응봉산 (primary=KEY_3)
2026-08-29 18:02:17,304 [INFO] [40/121] 이촌한강공원 (primary=KEY_4)
2026-08-29 18:02:18,274 [INFO] [41/121] 잠실종합운동장 (primary=KEY_1)
2026-08-29 18:02:19,276 [INFO] [42/121] 잠실한강공원 (primary=KEY_2)
2026-08-29 18:02:20,250 [INFO] [43/121] 잠원한강공원 (primary=KEY_3)
2026-08-29 18:02:21,233 [INFO] [44/121] 청계산 (primary=KEY_4)
2026-08-29 18:02:22,215 [INFO] [45/121] 홍제폭포 (primary=KEY_1)
2026-08-29 18:02:23,193 [INFO] [46/121] 가락시장 (primary=KEY_2)
2026-08-29 18:02:24,341 [INFO] [47/121] 가로수길 (primary=KEY_3)
2026-08-29 18:02:25,521 [INFO] [48/121] 광장(전통)시장 (primary=KEY_4)
2026-08-29 18:02:26,522 [INFO] [49/121] 김포공항 (primary=KEY_1)
2026-08-29 18:02:27,819 [INFO] [50/121] 남대문시장 (primary=KEY_2)
2026-08-29 18:02:28,970 [INFO] [51/121] 노량진 (primary=KEY_3)
2026-08-29 18:02:30,125 [INFO] [52/121] 덕수궁길·정동길 (primary=KEY_4)
2026-08-29 18:02:31,277 [INFO] [53/121] 북창동 먹자골목 (primary=KEY_1)
2026-08-29 18:02:32,414 [INFO] [54/121] 북촌한옥마을 (primary=KEY_2)
2026-08-29 18:02:33,700 [INFO] [55/121] 서촌 (primary=KEY_3)
2026-08-29 18:02:34,834 [INFO] [56/121] 성수카페거리 (primary=KEY_4)
2026-08-29 18:02:36,139 [INFO] [57/121] 송리단길·호수단길 (primary=KEY_1)
2026-08-29 18:02:37,295 [INFO] [58/121] 신촌 스타광장 (primary=KEY_2)
2026-08-29 18:02:38,319 [INFO] [59/121] 압구정로데오거리 (primary=KEY_3)
2026-08-29 18:02:39,493 [INFO] [60/121] 여의도 (primary=KEY_4)
2026-08-29 18:02:41,306 [INFO] [61/121] 연남동 (primary=KEY_1)
2026-08-29 18:02:42,439 [INFO] [62/121] 영등포 타임스퀘어 (primary=KEY_2)
2026-08-29 18:02:43,564 [INFO] [63/121] 용리단길 (primary=KEY_3)
2026-08-29 18:02:44,561 [INFO] [64/121] 이태원 앤틱가구거리 (primary=KEY_4)
2026-08-29 18:02:45,698 [INFO] [65/121] 익선동 (primary=KEY_1)
2026-08-29 18:02:46,861 [INFO] [66/121] 인사동 (primary=KEY_2)
2026-08-29 18:02:48,156 [INFO] [67/121] 잠실롯데타워·석촌호수 (primary=KEY_3)
2026-08-29 18:02:49,604 [INFO] [68/121] 창동 신경제 중심지 (primary=KEY_4)
2026-08-29 18:02:51,024 [INFO] [69/121] 청담동 명품거리 (primary=KEY_1)
2026-08-29 18:02:52,149 [INFO] [70/121] 청량리 제기동 일대 전통시장 (primary=KEY_2)
2026-08-29 18:02:53,343 [INFO] [71/121] 해방촌·경리단길 (primary=KEY_3)
2026-08-29 18:02:54,345 [INFO] [72/121] DDP(동대문디자인플라자) (primary=KEY_4)
2026-08-29 18:02:55,485 [INFO] [73/121] DMC(디지털미디어시티) (primary=KEY_1)
2026-08-29 18:02:56,950 [INFO] [74/121] 가산디지털단지역 (primary=KEY_2)
2026-08-29 18:02:58,505 [INFO] [75/121] 강남역 (primary=KEY_3)
2026-08-29 18:02:59,966 [INFO] [76/121] 건대입구역 (primary=KEY_4)
2026-08-29 18:03:01,129 [INFO] [77/121] 고덕역 (primary=KEY_1)
2026-08-29 18:03:02,262 [INFO] [78/121] 고속터미널역 (primary=KEY_2)
2026-08-29 18:03:03,413 [INFO] [79/121] 교대역 (primary=KEY_3)
2026-08-29 18:03:04,551 [INFO] [80/121] 구로디지털단지역 (primary=KEY_4)
2026-08-29 18:03:05,953 [INFO] [81/121] 구로역 (primary=KEY_1)
2026-08-29 18:03:07,066 [INFO] [82/121] 군자역 (primary=KEY_2)
2026-08-29 18:03:08,219 [INFO] [83/121] 대림역 (primary=KEY_3)
2026-08-29 18:03:09,394 [INFO] [84/121] 동대문역 (primary=KEY_4)
2026-08-29 18:03:10,544 [INFO] [85/121] 뚝섬역 (primary=KEY_1)
2026-08-29 18:03:11,688 [INFO] [86/121] 미아사거리역 (primary=KEY_2)
2026-08-29 18:03:12,828 [INFO] [87/121] 발산역 (primary=KEY_3)
2026-08-29 18:03:14,239 [INFO] [88/121] 사당역 (primary=KEY_4)
2026-08-29 18:03:15,400 [INFO] [89/121] 삼각지역 (primary=KEY_1)
2026-08-29 18:03:16,546 [INFO] [90/121] 서울대입구역 (primary=KEY_2)
2026-08-29 18:03:17,696 [INFO] [91/121] 서울식물원·마곡나루역 (primary=KEY_3)
2026-08-29 18:03:19,031 [INFO] [92/121] 서울역 (primary=KEY_4)
2026-08-29 18:03:20,355 [INFO] [93/121] 선릉역 (primary=KEY_1)
2026-08-29 18:03:21,814 [INFO] [94/121] 성신여대입구역 (primary=KEY_2)
2026-08-29 18:03:22,839 [INFO] [95/121] 수유역 (primary=KEY_3)
2026-08-29 18:03:23,992 [INFO] [96/121] 숭례문 (primary=KEY_4)
2026-08-29 18:03:25,304 [INFO] [97/121] 시의회 앞 (primary=KEY_1)
2026-08-29 18:03:26,461 [INFO] [98/121] 신논현역·논현역 (primary=KEY_2)
2026-08-29 18:03:27,613 [INFO] [99/121] 신도림역 (primary=KEY_3)
2026-08-29 18:03:28,620 [INFO] [100/121] 신림역 (primary=KEY_4)
2026-08-29 18:03:29,768 [INFO] [101/121] 신정네거리역 (primary=KEY_1)
2026-08-29 18:03:30,920 [INFO] [102/121] 신촌·이대역 (primary=KEY_2)
2026-08-29 18:03:32,065 [INFO] [103/121] 쌍문역 (primary=KEY_3)
2026-08-29 18:03:33,224 [INFO] [104/121] 양재역 (primary=KEY_4)
2026-08-29 18:03:34,401 [INFO] [105/121] 역삼역 (primary=KEY_1)
2026-08-29 18:03:35,674 [INFO] [106/121] 연신내역 (primary=KEY_2)
2026-08-29 18:03:36,721 [INFO] [107/121] 오목교역·목동운동장 (primary=KEY_3)
2026-08-29 18:03:38,322 [INFO] [108/121] 왕십리역 (primary=KEY_4)
2026-08-29 18:03:39,636 [INFO] [109/121] 용산역 (primary=KEY_1)
2026-08-29 18:03:40,958 [INFO] [110/121] 이태원역 (primary=KEY_2)
2026-08-29 18:03:42,022 [INFO] [111/121] 잠실새내역 (primary=KEY_3)
2026-08-29 18:03:43,167 [INFO] [112/121] 잠실역 (primary=KEY_4)
2026-08-29 18:03:44,458 [INFO] [113/121] 장지역 (primary=KEY_1)
2026-08-29 18:03:45,757 [INFO] [114/121] 장한평역 (primary=KEY_2)
2026-08-29 18:03:46,917 [INFO] [115/121] 천호역 (primary=KEY_3)
2026-08-29 18:03:48,233 [INFO] [116/121] 총신대입구(이수)역 (primary=KEY_4)
2026-08-29 18:03:49,411 [INFO] [117/121] 충정로역 (primary=KEY_1)
2026-08-29 18:03:50,556 [INFO] [118/121] 합정역 (primary=KEY_2)
2026-08-29 18:03:51,849 [INFO] [119/121] 혜화역 (primary=KEY_3)
2026-08-29 18:03:52,974 [INFO] [120/121] 홍대입구역(2호선) (primary=KEY_4)
2026-08-29 18:03:54,126 [INFO] [121/121] 회기역 (primary=KEY_1)
2026-08-29 18:03:56,123 [INFO] === 수집 완료 | 성공 121, 실패 0 ===
2026-08-29 18:03:56,123 [INFO] 카테고리별 저장 결과:
2026-08-29 18:03:56,123 [INFO]    accident                  | 신규     3행 | 누적      6행 | 16컬럼
2026-08-29 18:03:56,123 [INFO]    accident_acdnt_cntrl_stts | 신규     2행 | 누적     13행 | 16컬럼
2026-08-29 18:03:56,123 [INFO]    area_meta                 | 신규   121행 | 누적    363행 | 5컬럼
2026-08-29 18:03:56,123 [INFO]    bike                      | 신규    10행 | 누적     30행 | 12컬럼
2026-08-29 18:03:56,123 [INFO]    bike_sbike_stts           | 신규   572행 | 누적   1716행 | 12컬럼
2026-08-29 18:03:56,124 [INFO]    bus                       | 신규     3행 | 누적      9행 | 11컬럼
2026-08-29 18:03:56,124 [INFO]    bus_bus_stn_stts          | 신규  1745행 | 누적   5235행 | 11컬럼
2026-08-29 18:03:56,124 [INFO]    charger                   | 신규     4행 | 누적     12행 | 15컬럼
2026-08-29 18:03:56,124 [INFO]    charger_charger_stts      | 신규  1929행 | 누적   5748행 | 15컬럼
2026-08-29 18:03:56,124 [INFO]    cmrcl                     | 신규    82행 | 누적    246행 | 20컬럼
2026-08-29 18:03:56,124 [INFO]    disaster                  | 신규    23행 | 누적     35행 | 9컬럼
2026-08-29 18:03:56,124 [INFO]    disaster_live_dst_message | 신규     2행 | 누적      2행 | 9컬럼
2026-08-29 18:03:56,124 [INFO]    events                    | 신규    11행 | 누적     33행 | 14컬럼
2026-08-29 18:03:56,124 [INFO]    events_event_stts         | 신규   134행 | 누적    406행 | 14컬럼
2026-08-29 18:03:56,124 [INFO]    parking                   | 신규     6행 | 누적     18행 | 21컬럼
2026-08-29 18:03:56,124 [INFO]    parking_prk_stts          | 신규  1827행 | 누적   5481행 | 21컬럼
2026-08-29 18:03:56,124 [INFO]    ppltn                     | 신규   121행 | 누적    363행 | 26컬럼
2026-08-29 18:03:56,124 [INFO]    road                      | 신규   121행 | 누적    363행 | 21컬럼
2026-08-29 18:03:56,124 [INFO]    road_road_traffic_stts    | 신규  5292행 | 누적  15876행 | 17컬럼
2026-08-29 18:03:56,124 [INFO]    subway                    | 신규    38행 | 누적    114행 | 12컬럼
2026-08-29 18:03:56,124 [INFO]    subway_sub_stts           | 신규   183행 | 누적    549행 | 13컬럼
2026-08-29 18:03:56,124 [INFO]    weather                   | 신규   119행 | 누적    357행 | 29컬럼
2026-08-29 18:03:56,124 [INFO] 키별 사용량:
2026-08-29 18:03:56,124 [INFO]    🟢 KEY_1 (31/1000) 
2026-08-29 18:03:56,124 [INFO]    🟢 KEY_2 (30/1000) 
2026-08-29 18:03:56,124 [INFO]    🟢 KEY_3 (30/1000) 
2026-08-29 18:03:56,124 [INFO]    🟢 KEY_4 (30/1000) 
