2026-09-03 03:37:25,679 [INFO] 등록된 키: 4개, 합산 한도 4,000건/일
2026-09-03 03:37:25,679 [INFO] POI 로드: 매뉴얼 v8.5 기준 fallback 121개 (121개 전체)
2026-09-03 03:37:25,679 [INFO] === 수집 시작 2026-09-03T03:37:25.679795+09:00 ===
2026-09-03 03:37:25,679 [INFO] 대상 장소: 121개 | API: citydata (통합)
2026-09-03 03:37:25,679 [INFO] 키 풀: 4/4 활성 | 오늘 사용 0/4000건
2026-09-03 03:37:25,680 [INFO]   [KEY_1] 담당 31장소
2026-09-03 03:37:25,680 [INFO]   [KEY_2] 담당 30장소
2026-09-03 03:37:25,680 [INFO]   [KEY_3] 담당 30장소
2026-09-03 03:37:25,680 [INFO]   [KEY_4] 담당 30장소
2026-09-03 03:37:25,680 [INFO] [1/121] 경복궁 (primary=KEY_1)
2026-09-03 03:37:27,417 [INFO] [2/121] 광화문·덕수궁 (primary=KEY_2)
2026-09-03 03:37:29,477 [INFO] [3/121] 보신각 (primary=KEY_3)
2026-09-03 03:37:30,697 [INFO] [4/121] 서울 암사동 유적 (primary=KEY_4)
2026-09-03 03:37:32,283 [INFO] [5/121] 창덕궁·종묘 (primary=KEY_1)
2026-09-03 03:37:33,624 [INFO] [6/121] 강남 MICE 관광특구 (primary=KEY_2)
2026-09-03 03:37:35,374 [INFO] [7/121] 동대문 관광특구 (primary=KEY_3)
2026-09-03 03:37:37,157 [INFO] [8/121] 명동 관광특구 (primary=KEY_4)
2026-09-03 03:37:38,597 [INFO] [9/121] 이태원 관광특구 (primary=KEY_1)
2026-09-03 03:37:40,468 [INFO] [10/121] 잠실 관광특구 (primary=KEY_2)
2026-09-03 03:37:42,636 [INFO] [11/121] 종로·청계 관광특구 (primary=KEY_3)
2026-09-03 03:37:43,926 [INFO] [12/121] 홍대 관광특구 (primary=KEY_4)
2026-09-03 03:37:45,827 [INFO] [13/121] 강서한강공원 (primary=KEY_1)
2026-09-03 03:37:46,796 [INFO] [14/121] 고척돔 (primary=KEY_2)
2026-09-03 03:37:48,271 [INFO] [15/121] 광나루한강공원 (primary=KEY_3)
2026-09-03 03:37:49,985 [INFO] [16/121] 광화문광장 (primary=KEY_4)
2026-09-03 03:37:51,093 [INFO] [17/121] 국립중앙박물관·용산가족공원 (primary=KEY_1)
2026-09-03 03:37:52,693 [INFO] [18/121] 난지한강공원 (primary=KEY_2)
2026-09-03 03:37:53,637 [INFO] [19/121] 남산공원 (primary=KEY_3)
2026-09-03 03:37:54,896 [INFO] [20/121] 노들섬 (primary=KEY_4)
2026-09-03 03:37:56,357 [INFO] [21/121] 뚝섬한강공원 (primary=KEY_1)
2026-09-03 03:37:57,322 [INFO] [22/121] 망원한강공원 (primary=KEY_2)
2026-09-03 03:37:59,106 [INFO] [23/121] 반포한강공원 (primary=KEY_3)
2026-09-03 03:38:00,049 [INFO] [24/121] 보라매공원 (primary=KEY_4)
2026-09-03 03:38:01,023 [INFO] [25/121] 북서울꿈의숲 (primary=KEY_1)
2026-09-03 03:38:02,105 [INFO] [26/121] 서대문독립공원 (primary=KEY_2)
2026-09-03 03:38:03,057 [INFO] [27/121] 서리풀공원·몽마르뜨공원 (primary=KEY_3)
2026-09-03 03:38:04,049 [INFO] [28/121] 서울대공원 (primary=KEY_4)
2026-09-03 03:38:04,984 [INFO] [29/121] 서울숲공원 (primary=KEY_1)
2026-09-03 03:38:06,070 [INFO] [30/121] 송현녹지광장 (primary=KEY_2)
2026-09-03 03:38:07,209 [INFO] [31/121] 아차산 (primary=KEY_3)
2026-09-03 03:38:08,160 [INFO] [32/121] 안양천 (primary=KEY_4)
2026-09-03 03:38:09,112 [INFO] [33/121] 양화한강공원 (primary=KEY_1)
2026-09-03 03:38:10,063 [INFO] [34/121] 어린이대공원 (primary=KEY_2)
2026-09-03 03:38:11,159 [INFO] [35/121] 여의도한강공원 (primary=KEY_3)
2026-09-03 03:38:12,255 [INFO] [36/121] 여의서로 (primary=KEY_4)
2026-09-03 03:38:13,327 [INFO] [37/121] 올림픽공원 (primary=KEY_1)
2026-09-03 03:38:14,459 [INFO] [38/121] 월드컵공원 (primary=KEY_2)
2026-09-03 03:38:15,704 [INFO] [39/121] 응봉산 (primary=KEY_3)
2026-09-03 03:38:16,779 [INFO] [40/121] 이촌한강공원 (primary=KEY_4)
2026-09-03 03:38:17,736 [INFO] [41/121] 잠실종합운동장 (primary=KEY_1)
2026-09-03 03:38:18,715 [INFO] [42/121] 잠실한강공원 (primary=KEY_2)
2026-09-03 03:38:19,677 [INFO] [43/121] 잠원한강공원 (primary=KEY_3)
2026-09-03 03:38:20,636 [INFO] [44/121] 청계산 (primary=KEY_4)
2026-09-03 03:38:22,096 [INFO] [45/121] 홍제폭포 (primary=KEY_1)
2026-09-03 03:38:23,053 [INFO] [46/121] 가락시장 (primary=KEY_2)
2026-09-03 03:38:24,674 [INFO] [47/121] 가로수길 (primary=KEY_3)
2026-09-03 03:38:25,785 [INFO] [48/121] 광장(전통)시장 (primary=KEY_4)
2026-09-03 03:38:26,752 [INFO] [49/121] 김포공항 (primary=KEY_1)
2026-09-03 03:38:28,009 [INFO] [50/121] 남대문시장 (primary=KEY_2)
2026-09-03 03:38:29,120 [INFO] [51/121] 노량진 (primary=KEY_3)
2026-09-03 03:38:30,232 [INFO] [52/121] 덕수궁길·정동길 (primary=KEY_4)
2026-09-03 03:38:31,359 [INFO] [53/121] 북창동 먹자골목 (primary=KEY_1)
2026-09-03 03:38:32,479 [INFO] [54/121] 북촌한옥마을 (primary=KEY_2)
2026-09-03 03:38:33,701 [INFO] [55/121] 서촌 (primary=KEY_3)
2026-09-03 03:38:34,792 [INFO] [56/121] 성수카페거리 (primary=KEY_4)
2026-09-03 03:38:36,039 [INFO] [57/121] 송리단길·호수단길 (primary=KEY_1)
2026-09-03 03:38:37,162 [INFO] [58/121] 신촌 스타광장 (primary=KEY_2)
2026-09-03 03:38:38,135 [INFO] [59/121] 압구정로데오거리 (primary=KEY_3)
2026-09-03 03:38:40,292 [INFO] [60/121] 여의도 (primary=KEY_4)
2026-09-03 03:38:42,016 [INFO] [61/121] 연남동 (primary=KEY_1)
2026-09-03 03:38:43,742 [INFO] [62/121] 영등포 타임스퀘어 (primary=KEY_2)
2026-09-03 03:38:44,846 [INFO] [63/121] 용리단길 (primary=KEY_3)
2026-09-03 03:38:45,832 [INFO] [64/121] 이태원 앤틱가구거리 (primary=KEY_4)
2026-09-03 03:38:46,810 [INFO] [65/121] 익선동 (primary=KEY_1)
2026-09-03 03:38:47,944 [INFO] [66/121] 인사동 (primary=KEY_2)
2026-09-03 03:38:49,189 [INFO] [67/121] 잠실롯데타워·석촌호수 (primary=KEY_3)
2026-09-03 03:38:50,576 [INFO] [68/121] 창동 신경제 중심지 (primary=KEY_4)
2026-09-03 03:38:51,956 [INFO] [69/121] 청담동 명품거리 (primary=KEY_1)
2026-09-03 03:38:53,053 [INFO] [70/121] 청량리 제기동 일대 전통시장 (primary=KEY_2)
2026-09-03 03:38:54,167 [INFO] [71/121] 해방촌·경리단길 (primary=KEY_3)
2026-09-03 03:38:55,159 [INFO] [72/121] DDP(동대문디자인플라자) (primary=KEY_4)
2026-09-03 03:38:56,285 [INFO] [73/121] DMC(디지털미디어시티) (primary=KEY_1)
2026-09-03 03:38:57,716 [INFO] [74/121] 가산디지털단지역 (primary=KEY_2)
2026-09-03 03:38:59,205 [INFO] [75/121] 강남역 (primary=KEY_3)
2026-09-03 03:39:00,469 [INFO] [76/121] 건대입구역 (primary=KEY_4)
2026-09-03 03:39:01,569 [INFO] [77/121] 고덕역 (primary=KEY_1)
2026-09-03 03:39:02,716 [INFO] [78/121] 고속터미널역 (primary=KEY_2)
2026-09-03 03:39:03,819 [INFO] [79/121] 교대역 (primary=KEY_3)
2026-09-03 03:39:05,851 [INFO] [80/121] 구로디지털단지역 (primary=KEY_4)
2026-09-03 03:39:07,211 [INFO] [81/121] 구로역 (primary=KEY_1)
2026-09-03 03:39:08,287 [INFO] [82/121] 군자역 (primary=KEY_2)
2026-09-03 03:39:09,263 [INFO] [83/121] 대림역 (primary=KEY_3)
2026-09-03 03:39:10,367 [INFO] [84/121] 동대문역 (primary=KEY_4)
2026-09-03 03:39:11,470 [INFO] [85/121] 뚝섬역 (primary=KEY_1)
2026-09-03 03:39:12,584 [INFO] [86/121] 미아사거리역 (primary=KEY_2)
2026-09-03 03:39:13,696 [INFO] [87/121] 발산역 (primary=KEY_3)
2026-09-03 03:39:14,951 [INFO] [88/121] 사당역 (primary=KEY_4)
2026-09-03 03:39:16,050 [INFO] [89/121] 삼각지역 (primary=KEY_1)
2026-09-03 03:39:17,016 [INFO] [90/121] 서울대입구역 (primary=KEY_2)
2026-09-03 03:39:18,112 [INFO] [91/121] 서울식물원·마곡나루역 (primary=KEY_3)
2026-09-03 03:39:19,342 [INFO] [92/121] 서울역 (primary=KEY_4)
2026-09-03 03:39:20,477 [INFO] [93/121] 선릉역 (primary=KEY_1)
2026-09-03 03:39:21,855 [INFO] [94/121] 성신여대입구역 (primary=KEY_2)
2026-09-03 03:39:22,831 [INFO] [95/121] 수유역 (primary=KEY_3)
2026-09-03 03:39:23,918 [INFO] [96/121] 숭례문 (primary=KEY_4)
2026-09-03 03:39:25,138 [INFO] [97/121] 시의회 앞 (primary=KEY_1)
2026-09-03 03:39:26,255 [INFO] [98/121] 신논현역·논현역 (primary=KEY_2)
2026-09-03 03:39:27,384 [INFO] [99/121] 신도림역 (primary=KEY_3)
2026-09-03 03:39:28,355 [INFO] [100/121] 신림역 (primary=KEY_4)
2026-09-03 03:39:29,333 [INFO] [101/121] 신정네거리역 (primary=KEY_1)
2026-09-03 03:39:30,436 [INFO] [102/121] 신촌·이대역 (primary=KEY_2)
2026-09-03 03:39:31,543 [INFO] [103/121] 쌍문역 (primary=KEY_3)
2026-09-03 03:39:32,629 [INFO] [104/121] 양재역 (primary=KEY_4)
2026-09-03 03:39:33,741 [INFO] [105/121] 역삼역 (primary=KEY_1)
2026-09-03 03:39:34,975 [INFO] [106/121] 연신내역 (primary=KEY_2)
2026-09-03 03:39:35,957 [INFO] [107/121] 오목교역·목동운동장 (primary=KEY_3)
2026-09-03 03:39:37,521 [INFO] [108/121] 왕십리역 (primary=KEY_4)
2026-09-03 03:39:38,658 [INFO] [109/121] 용산역 (primary=KEY_1)
2026-09-03 03:39:39,938 [INFO] [110/121] 이태원역 (primary=KEY_2)
2026-09-03 03:39:40,921 [INFO] [111/121] 잠실새내역 (primary=KEY_3)
2026-09-03 03:39:42,033 [INFO] [112/121] 잠실역 (primary=KEY_4)
2026-09-03 03:39:43,331 [INFO] [113/121] 장지역 (primary=KEY_1)
2026-09-03 03:39:44,562 [INFO] [114/121] 장한평역 (primary=KEY_2)
2026-09-03 03:39:45,662 [INFO] [115/121] 천호역 (primary=KEY_3)
2026-09-03 03:39:46,764 [INFO] [116/121] 총신대입구(이수)역 (primary=KEY_4)
2026-09-03 03:39:47,873 [INFO] [117/121] 충정로역 (primary=KEY_1)
2026-09-03 03:39:48,979 [INFO] [118/121] 합정역 (primary=KEY_2)
2026-09-03 03:39:50,080 [INFO] [119/121] 혜화역 (primary=KEY_3)
2026-09-03 03:39:51,188 [INFO] [120/121] 홍대입구역(2호선) (primary=KEY_4)
2026-09-03 03:39:52,303 [INFO] [121/121] 회기역 (primary=KEY_1)
2026-09-03 03:39:53,780 [INFO] === 수집 완료 | 성공 121, 실패 0 ===
2026-09-03 03:39:53,780 [INFO] 카테고리별 저장 결과:
2026-09-03 03:39:53,780 [INFO]    area_meta                 | 신규   121행 | 누적    121행 | 5컬럼
2026-09-03 03:39:53,780 [INFO]    bike                      | 신규    11행 | 누적     11행 | 12컬럼
2026-09-03 03:39:53,780 [INFO]    bike_sbike_stts           | 신규   544행 | 누적    544행 | 12컬럼
2026-09-03 03:39:53,780 [INFO]    bus                       | 신규     3행 | 누적      3행 | 11컬럼
2026-09-03 03:39:53,780 [INFO]    bus_bus_stn_stts          | 신규  1745행 | 누적   1745행 | 11컬럼
2026-09-03 03:39:53,780 [INFO]    charger                   | 신규     4행 | 누적      4행 | 15컬럼
2026-09-03 03:39:53,780 [INFO]    charger_charger_stts      | 신규  1934행 | 누적   1934행 | 15컬럼
2026-09-03 03:39:53,780 [INFO]    cmrcl                     | 신규    82행 | 누적     82행 | 20컬럼
2026-09-03 03:39:53,780 [INFO]    events                    | 신규    14행 | 누적     14행 | 14컬럼
2026-09-03 03:39:53,780 [INFO]    events_event_stts         | 신규   110행 | 누적    110행 | 14컬럼
2026-09-03 03:39:53,780 [INFO]    parking                   | 신규     6행 | 누적      6행 | 21컬럼
2026-09-03 03:39:53,780 [INFO]    parking_prk_stts          | 신규  1827행 | 누적   1827행 | 21컬럼
2026-09-03 03:39:53,780 [INFO]    ppltn                     | 신규   121행 | 누적    121행 | 26컬럼
2026-09-03 03:39:53,780 [INFO]    road                      | 신규   121행 | 누적    121행 | 21컬럼
2026-09-03 03:39:53,780 [INFO]    road_road_traffic_stts    | 신규  5293행 | 누적   5293행 | 17컬럼
2026-09-03 03:39:53,780 [INFO]    subway                    | 신규    38행 | 누적     38행 | 12컬럼
2026-09-03 03:39:53,780 [INFO]    subway_sub_stts           | 신규   183행 | 누적    183행 | 12컬럼
2026-09-03 03:39:53,780 [INFO]    weather                   | 신규   119행 | 누적    119행 | 29컬럼
2026-09-03 03:39:53,780 [INFO] 키별 사용량:
2026-09-03 03:39:53,780 [INFO]    🟢 KEY_1 (31/1000) 
2026-09-03 03:39:53,780 [INFO]    🟢 KEY_2 (30/1000) 
2026-09-03 03:39:53,780 [INFO]    🟢 KEY_3 (30/1000) 
2026-09-03 03:39:53,780 [INFO]    🟢 KEY_4 (30/1000) 
2026-09-03 09:06:22,138 [INFO] 등록된 키: 4개, 합산 한도 4,000건/일
2026-09-03 09:06:22,139 [INFO] POI 로드: 매뉴얼 v8.5 기준 fallback 121개 (121개 전체)
2026-09-03 09:06:22,139 [INFO] === 수집 시작 2026-09-03T09:06:22.139157+09:00 ===
2026-09-03 09:06:22,139 [INFO] 대상 장소: 121개 | API: citydata (통합)
2026-09-03 09:06:22,139 [INFO] 키 풀: 4/4 활성 | 오늘 사용 0/4000건
2026-09-03 09:06:22,139 [INFO]   [KEY_1] 담당 31장소
2026-09-03 09:06:22,139 [INFO]   [KEY_2] 담당 30장소
2026-09-03 09:06:22,139 [INFO]   [KEY_3] 담당 30장소
2026-09-03 09:06:22,139 [INFO]   [KEY_4] 담당 30장소
2026-09-03 09:06:22,139 [INFO] [1/121] 경복궁 (primary=KEY_1)
2026-09-03 09:06:24,266 [INFO] [2/121] 광화문·덕수궁 (primary=KEY_2)
2026-09-03 09:06:26,950 [INFO] [3/121] 보신각 (primary=KEY_3)
2026-09-03 09:06:28,397 [INFO] [4/121] 서울 암사동 유적 (primary=KEY_4)
2026-09-03 09:06:30,368 [INFO] [5/121] 창덕궁·종묘 (primary=KEY_1)
2026-09-03 09:06:31,626 [INFO] [6/121] 강남 MICE 관광특구 (primary=KEY_2)
2026-09-03 09:06:33,599 [INFO] [7/121] 동대문 관광특구 (primary=KEY_3)
2026-09-03 09:06:35,259 [INFO] [8/121] 명동 관광특구 (primary=KEY_4)
2026-09-03 09:06:38,087 [INFO] [9/121] 이태원 관광특구 (primary=KEY_1)
2026-09-03 09:06:39,584 [INFO] [10/121] 잠실 관광특구 (primary=KEY_2)
2026-09-03 09:06:41,250 [INFO] [11/121] 종로·청계 관광특구 (primary=KEY_3)
2026-09-03 09:06:43,819 [INFO] [12/121] 홍대 관광특구 (primary=KEY_4)
2026-09-03 09:06:45,316 [INFO] [13/121] 강서한강공원 (primary=KEY_1)
2026-09-03 09:06:47,092 [INFO] [14/121] 고척돔 (primary=KEY_2)
2026-09-03 09:06:48,177 [INFO] [15/121] 광나루한강공원 (primary=KEY_3)
2026-09-03 09:06:49,433 [INFO] [16/121] 광화문광장 (primary=KEY_4)
2026-09-03 09:06:50,703 [INFO] [17/121] 국립중앙박물관·용산가족공원 (primary=KEY_1)
2026-09-03 09:06:51,832 [INFO] [18/121] 난지한강공원 (primary=KEY_2)
2026-09-03 09:06:52,915 [INFO] [19/121] 남산공원 (primary=KEY_3)
2026-09-03 09:06:54,429 [INFO] [20/121] 노들섬 (primary=KEY_4)
2026-09-03 09:06:55,512 [INFO] [21/121] 뚝섬한강공원 (primary=KEY_1)
2026-09-03 09:06:57,638 [INFO] [22/121] 망원한강공원 (primary=KEY_2)
2026-09-03 09:06:58,919 [INFO] [23/121] 반포한강공원 (primary=KEY_3)
2026-09-03 09:06:59,997 [INFO] [24/121] 보라매공원 (primary=KEY_4)
2026-09-03 09:07:01,118 [INFO] [25/121] 북서울꿈의숲 (primary=KEY_1)
2026-09-03 09:07:02,385 [INFO] [26/121] 서대문독립공원 (primary=KEY_2)
2026-09-03 09:07:04,197 [INFO] [27/121] 서리풀공원·몽마르뜨공원 (primary=KEY_3)
2026-09-03 09:07:06,224 [INFO] [28/121] 서울대공원 (primary=KEY_4)
2026-09-03 09:07:07,313 [INFO] [29/121] 서울숲공원 (primary=KEY_1)
2026-09-03 09:07:08,583 [INFO] [30/121] 송현녹지광장 (primary=KEY_2)
2026-09-03 09:07:09,837 [INFO] [31/121] 아차산 (primary=KEY_3)
2026-09-03 09:07:10,940 [INFO] [32/121] 안양천 (primary=KEY_4)
2026-09-03 09:07:12,028 [INFO] [33/121] 양화한강공원 (primary=KEY_1)
2026-09-03 09:07:13,111 [INFO] [34/121] 어린이대공원 (primary=KEY_2)
2026-09-03 09:07:14,412 [INFO] [35/121] 여의도한강공원 (primary=KEY_3)
2026-09-03 09:07:15,679 [INFO] [36/121] 여의서로 (primary=KEY_4)
2026-09-03 09:07:16,930 [INFO] [37/121] 올림픽공원 (primary=KEY_1)
2026-09-03 09:07:18,226 [INFO] [38/121] 월드컵공원 (primary=KEY_2)
2026-09-03 09:07:19,727 [INFO] [39/121] 응봉산 (primary=KEY_3)
2026-09-03 09:07:20,984 [INFO] [40/121] 이촌한강공원 (primary=KEY_4)
2026-09-03 09:07:22,070 [INFO] [41/121] 잠실종합운동장 (primary=KEY_1)
2026-09-03 09:07:23,163 [INFO] [42/121] 잠실한강공원 (primary=KEY_2)
2026-09-03 09:07:24,945 [INFO] [43/121] 잠원한강공원 (primary=KEY_3)
2026-09-03 09:07:26,027 [INFO] [44/121] 청계산 (primary=KEY_4)
2026-09-03 09:07:27,109 [INFO] [45/121] 홍제폭포 (primary=KEY_1)
2026-09-03 09:07:28,190 [INFO] [46/121] 가락시장 (primary=KEY_2)
2026-09-03 09:07:29,509 [INFO] [47/121] 가로수길 (primary=KEY_3)
2026-09-03 09:07:30,886 [INFO] [48/121] 광장(전통)시장 (primary=KEY_4)
2026-09-03 09:07:31,978 [INFO] [49/121] 김포공항 (primary=KEY_1)
2026-09-03 09:07:33,453 [INFO] [50/121] 남대문시장 (primary=KEY_2)
2026-09-03 09:07:34,724 [INFO] [51/121] 노량진 (primary=KEY_3)
2026-09-03 09:07:36,017 [INFO] [52/121] 덕수궁길·정동길 (primary=KEY_4)
2026-09-03 09:07:38,349 [INFO] [53/121] 북창동 먹자골목 (primary=KEY_1)
2026-09-03 09:07:39,601 [INFO] [54/121] 북촌한옥마을 (primary=KEY_2)
2026-09-03 09:07:41,042 [INFO] [55/121] 서촌 (primary=KEY_3)
2026-09-03 09:07:42,306 [INFO] [56/121] 성수카페거리 (primary=KEY_4)
2026-09-03 09:07:43,766 [INFO] [57/121] 송리단길·호수단길 (primary=KEY_1)
2026-09-03 09:07:45,082 [INFO] [58/121] 신촌 스타광장 (primary=KEY_2)
2026-09-03 09:07:46,192 [INFO] [59/121] 압구정로데오거리 (primary=KEY_3)
2026-09-03 09:07:47,474 [INFO] [60/121] 여의도 (primary=KEY_4)
2026-09-03 09:07:49,583 [INFO] [61/121] 연남동 (primary=KEY_1)
2026-09-03 09:07:50,857 [INFO] [62/121] 영등포 타임스퀘어 (primary=KEY_2)
2026-09-03 09:07:52,130 [INFO] [63/121] 용리단길 (primary=KEY_3)
2026-09-03 09:07:53,246 [INFO] [64/121] 이태원 앤틱가구거리 (primary=KEY_4)
2026-09-03 09:07:54,514 [INFO] [65/121] 익선동 (primary=KEY_1)
2026-09-03 09:07:55,787 [INFO] [66/121] 인사동 (primary=KEY_2)
2026-09-03 09:07:57,254 [INFO] [67/121] 잠실롯데타워·석촌호수 (primary=KEY_3)
2026-09-03 09:07:59,015 [INFO] [68/121] 창동 신경제 중심지 (primary=KEY_4)
2026-09-03 09:08:00,664 [INFO] [69/121] 청담동 명품거리 (primary=KEY_1)
2026-09-03 09:08:01,939 [INFO] [70/121] 청량리 제기동 일대 전통시장 (primary=KEY_2)
2026-09-03 09:08:03,349 [INFO] [71/121] 해방촌·경리단길 (primary=KEY_3)
2026-09-03 09:08:04,448 [INFO] [72/121] DDP(동대문디자인플라자) (primary=KEY_4)
2026-09-03 09:08:05,750 [INFO] [73/121] DMC(디지털미디어시티) (primary=KEY_1)
2026-09-03 09:08:07,461 [INFO] [74/121] 가산디지털단지역 (primary=KEY_2)
2026-09-03 09:08:09,260 [INFO] [75/121] 강남역 (primary=KEY_3)
2026-09-03 09:08:10,754 [INFO] [76/121] 건대입구역 (primary=KEY_4)
2026-09-03 09:08:12,053 [INFO] [77/121] 고덕역 (primary=KEY_1)
2026-09-03 09:08:13,340 [INFO] [78/121] 고속터미널역 (primary=KEY_2)
2026-09-03 09:08:14,657 [INFO] [79/121] 교대역 (primary=KEY_3)
2026-09-03 09:08:15,929 [INFO] [80/121] 구로디지털단지역 (primary=KEY_4)
2026-09-03 09:08:17,559 [INFO] [81/121] 구로역 (primary=KEY_1)
2026-09-03 09:08:18,834 [INFO] [82/121] 군자역 (primary=KEY_2)
2026-09-03 09:08:20,128 [INFO] [83/121] 대림역 (primary=KEY_3)
2026-09-03 09:08:21,456 [INFO] [84/121] 동대문역 (primary=KEY_4)
2026-09-03 09:08:22,756 [INFO] [85/121] 뚝섬역 (primary=KEY_1)
2026-09-03 09:08:24,044 [INFO] [86/121] 미아사거리역 (primary=KEY_2)
2026-09-03 09:08:25,326 [INFO] [87/121] 발산역 (primary=KEY_3)
2026-09-03 09:08:26,969 [INFO] [88/121] 사당역 (primary=KEY_4)
2026-09-03 09:08:28,256 [INFO] [89/121] 삼각지역 (primary=KEY_1)
2026-09-03 09:08:29,596 [INFO] [90/121] 서울대입구역 (primary=KEY_2)
2026-09-03 09:08:30,877 [INFO] [91/121] 서울식물원·마곡나루역 (primary=KEY_3)
2026-09-03 09:08:32,352 [INFO] [92/121] 서울역 (primary=KEY_4)
2026-09-03 09:08:33,889 [INFO] [93/121] 선릉역 (primary=KEY_1)
2026-09-03 09:08:35,542 [INFO] [94/121] 성신여대입구역 (primary=KEY_2)
2026-09-03 09:08:36,643 [INFO] [95/121] 수유역 (primary=KEY_3)
2026-09-03 09:08:37,909 [INFO] [96/121] 숭례문 (primary=KEY_4)
2026-09-03 09:08:39,357 [INFO] [97/121] 시의회 앞 (primary=KEY_1)
2026-09-03 09:08:40,634 [INFO] [98/121] 신논현역·논현역 (primary=KEY_2)
2026-09-03 09:08:42,005 [INFO] [99/121] 신도림역 (primary=KEY_3)
2026-09-03 09:08:43,127 [INFO] [100/121] 신림역 (primary=KEY_4)
2026-09-03 09:08:44,439 [INFO] [101/121] 신정네거리역 (primary=KEY_1)
2026-09-03 09:08:45,698 [INFO] [102/121] 신촌·이대역 (primary=KEY_2)
2026-09-03 09:08:46,976 [INFO] [103/121] 쌍문역 (primary=KEY_3)
2026-09-03 09:08:48,293 [INFO] [104/121] 양재역 (primary=KEY_4)
2026-09-03 09:08:49,562 [INFO] [105/121] 역삼역 (primary=KEY_1)
2026-09-03 09:08:51,013 [INFO] [106/121] 연신내역 (primary=KEY_2)
2026-09-03 09:08:52,164 [INFO] [107/121] 오목교역·목동운동장 (primary=KEY_3)
2026-09-03 09:08:53,976 [INFO] [108/121] 왕십리역 (primary=KEY_4)
2026-09-03 09:08:55,438 [INFO] [109/121] 용산역 (primary=KEY_1)
2026-09-03 09:08:56,915 [INFO] [110/121] 이태원역 (primary=KEY_2)
2026-09-03 09:08:58,015 [INFO] [111/121] 잠실새내역 (primary=KEY_3)
2026-09-03 09:08:59,336 [INFO] [112/121] 잠실역 (primary=KEY_4)
2026-09-03 09:09:00,813 [INFO] [113/121] 장지역 (primary=KEY_1)
2026-09-03 09:09:02,279 [INFO] [114/121] 장한평역 (primary=KEY_2)
2026-09-03 09:09:03,553 [INFO] [115/121] 천호역 (primary=KEY_3)
2026-09-03 09:09:04,842 [INFO] [116/121] 총신대입구(이수)역 (primary=KEY_4)
2026-09-03 09:09:06,133 [INFO] [117/121] 충정로역 (primary=KEY_1)
2026-09-03 09:09:07,436 [INFO] [118/121] 합정역 (primary=KEY_2)
2026-09-03 09:09:08,734 [INFO] [119/121] 혜화역 (primary=KEY_3)
2026-09-03 09:09:09,999 [INFO] [120/121] 홍대입구역(2호선) (primary=KEY_4)
2026-09-03 09:09:11,315 [INFO] [121/121] 회기역 (primary=KEY_1)
2026-09-03 09:09:13,238 [INFO] === 수집 완료 | 성공 121, 실패 0 ===
2026-09-03 09:09:13,238 [INFO] 카테고리별 저장 결과:
2026-09-03 09:09:13,239 [INFO]    accident                  | 신규     6행 | 누적      6행 | 16컬럼
2026-09-03 09:09:13,239 [INFO]    area_meta                 | 신규   121행 | 누적    242행 | 5컬럼
2026-09-03 09:09:13,239 [INFO]    bike                      | 신규    11행 | 누적     22행 | 12컬럼
2026-09-03 09:09:13,239 [INFO]    bike_sbike_stts           | 신규   544행 | 누적   1088행 | 12컬럼
2026-09-03 09:09:13,239 [INFO]    bus                       | 신규     3행 | 누적      6행 | 11컬럼
2026-09-03 09:09:13,239 [INFO]    bus_bus_stn_stts          | 신규  1745행 | 누적   3490행 | 11컬럼
2026-09-03 09:09:13,239 [INFO]    charger                   | 신규     4행 | 누적      8행 | 15컬럼
2026-09-03 09:09:13,239 [INFO]    charger_charger_stts      | 신규  1934행 | 누적   3842행 | 15컬럼
2026-09-03 09:09:13,239 [INFO]    cmrcl                     | 신규    82행 | 누적    164행 | 20컬럼
2026-09-03 09:09:13,239 [INFO]    events                    | 신규    13행 | 누적     27행 | 14컬럼
2026-09-03 09:09:13,239 [INFO]    events_event_stts         | 신규   111행 | 누적    221행 | 14컬럼
2026-09-03 09:09:13,239 [INFO]    parking                   | 신규     6행 | 누적     12행 | 21컬럼
2026-09-03 09:09:13,239 [INFO]    parking_prk_stts          | 신규  1827행 | 누적   3654행 | 21컬럼
2026-09-03 09:09:13,239 [INFO]    ppltn                     | 신규   121행 | 누적    242행 | 26컬럼
2026-09-03 09:09:13,239 [INFO]    road                      | 신규   121행 | 누적    242행 | 21컬럼
2026-09-03 09:09:13,239 [INFO]    road_road_traffic_stts    | 신규  5293행 | 누적  10586행 | 17컬럼
2026-09-03 09:09:13,239 [INFO]    subway                    | 신규    38행 | 누적     76행 | 12컬럼
2026-09-03 09:09:13,239 [INFO]    subway_sub_stts           | 신규   183행 | 누적    366행 | 13컬럼
2026-09-03 09:09:13,239 [INFO]    weather                   | 신규   119행 | 누적    238행 | 29컬럼
2026-09-03 09:09:13,239 [INFO] 키별 사용량:
2026-09-03 09:09:13,239 [INFO]    🟢 KEY_1 (31/1000) 
2026-09-03 09:09:13,240 [INFO]    🟢 KEY_2 (30/1000) 
2026-09-03 09:09:13,240 [INFO]    🟢 KEY_3 (30/1000) 
2026-09-03 09:09:13,240 [INFO]    🟢 KEY_4 (30/1000) 
