2026-10-10 04:29:59,951 [INFO] 등록된 키: 4개, 합산 한도 4,000건/일
2026-10-10 04:29:59,951 [INFO] POI 로드: 매뉴얼 v8.5 기준 fallback 121개 (121개 전체)
2026-10-10 04:29:59,951 [INFO] === 수집 시작 2026-10-10T04:29:59.951844+09:00 ===
2026-10-10 04:29:59,951 [INFO] 대상 장소: 121개 | API: citydata (통합)
2026-10-10 04:29:59,951 [INFO] 키 풀: 4/4 활성 | 오늘 사용 0/4000건
2026-10-10 04:29:59,952 [INFO]   [KEY_1] 담당 31장소
2026-10-10 04:29:59,952 [INFO]   [KEY_2] 담당 30장소
2026-10-10 04:29:59,952 [INFO]   [KEY_3] 담당 30장소
2026-10-10 04:29:59,952 [INFO]   [KEY_4] 담당 30장소
2026-10-10 04:29:59,952 [INFO] [1/121] 경복궁 (primary=KEY_1)
2026-10-10 04:30:01,776 [INFO] [2/121] 광화문·덕수궁 (primary=KEY_2)
2026-10-10 04:30:04,145 [INFO] [3/121] 보신각 (primary=KEY_3)
2026-10-10 04:30:06,342 [INFO] [4/121] 서울 암사동 유적 (primary=KEY_4)
2026-10-10 04:30:08,038 [INFO] [5/121] 창덕궁·종묘 (primary=KEY_1)
2026-10-10 04:30:09,731 [INFO] [6/121] 강남 MICE 관광특구 (primary=KEY_2)
2026-10-10 04:30:11,057 [INFO] [7/121] 동대문 관광특구 (primary=KEY_3)
2026-10-10 04:30:12,471 [INFO] [8/121] 명동 관광특구 (primary=KEY_4)
2026-10-10 04:30:14,794 [INFO] [9/121] 이태원 관광특구 (primary=KEY_1)
2026-10-10 04:30:16,688 [INFO] [10/121] 잠실 관광특구 (primary=KEY_2)
2026-10-10 04:30:18,188 [INFO] [11/121] 종로·청계 관광특구 (primary=KEY_3)
2026-10-10 04:30:20,046 [INFO] [12/121] 홍대 관광특구 (primary=KEY_4)
2026-10-10 04:30:21,347 [INFO] [13/121] 강서한강공원 (primary=KEY_1)
2026-10-10 04:30:22,313 [INFO] [14/121] 고척돔 (primary=KEY_2)
2026-10-10 04:30:23,305 [INFO] [15/121] 광나루한강공원 (primary=KEY_3)
2026-10-10 04:30:24,448 [INFO] [16/121] 광화문광장 (primary=KEY_4)
2026-10-10 04:30:26,377 [INFO] [17/121] 국립중앙박물관·용산가족공원 (primary=KEY_1)
2026-10-10 04:30:27,927 [INFO] [18/121] 난지한강공원 (primary=KEY_2)
2026-10-10 04:30:28,887 [INFO] [19/121] 남산공원 (primary=KEY_3)
2026-10-10 04:30:30,165 [INFO] [20/121] 노들섬 (primary=KEY_4)
2026-10-10 04:30:31,139 [INFO] [21/121] 뚝섬한강공원 (primary=KEY_1)
2026-10-10 04:30:32,121 [INFO] [22/121] 망원한강공원 (primary=KEY_2)
2026-10-10 04:30:33,264 [INFO] [23/121] 반포한강공원 (primary=KEY_3)
2026-10-10 04:30:34,240 [INFO] [24/121] 보라매공원 (primary=KEY_4)
2026-10-10 04:30:35,226 [INFO] [25/121] 북서울꿈의숲 (primary=KEY_1)
2026-10-10 04:30:36,359 [INFO] [26/121] 서대문독립공원 (primary=KEY_2)
2026-10-10 04:30:38,168 [INFO] [27/121] 서리풀공원·몽마르뜨공원 (primary=KEY_3)
2026-10-10 04:30:40,098 [INFO] [28/121] 서울대공원 (primary=KEY_4)
2026-10-10 04:30:41,063 [INFO] [29/121] 서울숲공원 (primary=KEY_1)
2026-10-10 04:30:42,204 [INFO] [30/121] 송현녹지광장 (primary=KEY_2)
2026-10-10 04:30:43,328 [INFO] [31/121] 아차산 (primary=KEY_3)
2026-10-10 04:30:44,301 [INFO] [32/121] 안양천 (primary=KEY_4)
2026-10-10 04:30:45,288 [INFO] [33/121] 양화한강공원 (primary=KEY_1)
2026-10-10 04:30:46,940 [INFO] [34/121] 어린이대공원 (primary=KEY_2)
2026-10-10 04:30:48,073 [INFO] [35/121] 여의도한강공원 (primary=KEY_3)
2026-10-10 04:30:49,180 [INFO] [36/121] 여의서로 (primary=KEY_4)
2026-10-10 04:30:50,288 [INFO] [37/121] 올림픽공원 (primary=KEY_1)
2026-10-10 04:30:51,435 [INFO] [38/121] 월드컵공원 (primary=KEY_2)
2026-10-10 04:30:52,699 [INFO] [39/121] 응봉산 (primary=KEY_3)
2026-10-10 04:30:53,816 [INFO] [40/121] 이촌한강공원 (primary=KEY_4)
2026-10-10 04:30:54,787 [INFO] [41/121] 잠실종합운동장 (primary=KEY_1)
2026-10-10 04:30:55,757 [INFO] [42/121] 잠실한강공원 (primary=KEY_2)
2026-10-10 04:30:56,743 [INFO] [43/121] 잠원한강공원 (primary=KEY_3)
2026-10-10 04:30:57,712 [INFO] [44/121] 청계산 (primary=KEY_4)
2026-10-10 04:30:58,672 [INFO] [45/121] 홍제폭포 (primary=KEY_1)
2026-10-10 04:30:59,619 [INFO] [46/121] 가락시장 (primary=KEY_2)
2026-10-10 04:31:00,757 [INFO] [47/121] 가로수길 (primary=KEY_3)
2026-10-10 04:31:01,893 [INFO] [48/121] 광장(전통)시장 (primary=KEY_4)
2026-10-10 04:31:02,878 [INFO] [49/121] 김포공항 (primary=KEY_1)
2026-10-10 04:31:04,150 [INFO] [50/121] 남대문시장 (primary=KEY_2)
2026-10-10 04:31:05,258 [INFO] [51/121] 노량진 (primary=KEY_3)
2026-10-10 04:31:06,366 [INFO] [52/121] 덕수궁길·정동길 (primary=KEY_4)
2026-10-10 04:31:07,500 [INFO] [53/121] 북창동 먹자골목 (primary=KEY_1)
2026-10-10 04:31:08,606 [INFO] [54/121] 북촌한옥마을 (primary=KEY_2)
2026-10-10 04:31:09,866 [INFO] [55/121] 서촌 (primary=KEY_3)
2026-10-10 04:31:10,983 [INFO] [56/121] 성수카페거리 (primary=KEY_4)
2026-10-10 04:31:12,376 [INFO] [57/121] 송리단길·호수단길 (primary=KEY_1)
2026-10-10 04:31:13,490 [INFO] [58/121] 신촌 스타광장 (primary=KEY_2)
2026-10-10 04:31:14,486 [INFO] [59/121] 압구정로데오거리 (primary=KEY_3)
2026-10-10 04:31:15,601 [INFO] [60/121] 여의도 (primary=KEY_4)
2026-10-10 04:31:17,374 [INFO] [61/121] 연남동 (primary=KEY_1)
2026-10-10 04:31:18,480 [INFO] [62/121] 영등포 타임스퀘어 (primary=KEY_2)
2026-10-10 04:31:19,619 [INFO] [63/121] 용리단길 (primary=KEY_3)
2026-10-10 04:31:20,632 [INFO] [64/121] 이태원 앤틱가구거리 (primary=KEY_4)
2026-10-10 04:31:21,626 [INFO] [65/121] 익선동 (primary=KEY_1)
2026-10-10 04:31:22,762 [INFO] [66/121] 인사동 (primary=KEY_2)
2026-10-10 04:31:24,037 [INFO] [67/121] 잠실롯데타워·석촌호수 (primary=KEY_3)
2026-10-10 04:31:25,432 [INFO] [68/121] 창동 신경제 중심지 (primary=KEY_4)
2026-10-10 04:31:26,857 [INFO] [69/121] 청담동 명품거리 (primary=KEY_1)
2026-10-10 04:31:27,991 [INFO] [70/121] 청량리 제기동 일대 전통시장 (primary=KEY_2)
2026-10-10 04:31:29,144 [INFO] [71/121] 해방촌·경리단길 (primary=KEY_3)
2026-10-10 04:31:30,196 [INFO] [72/121] DDP(동대문디자인플라자) (primary=KEY_4)
2026-10-10 04:31:31,317 [INFO] [73/121] DMC(디지털미디어시티) (primary=KEY_1)
2026-10-10 04:31:32,737 [INFO] [74/121] 가산디지털단지역 (primary=KEY_2)
2026-10-10 04:31:34,303 [INFO] [75/121] 강남역 (primary=KEY_3)
2026-10-10 04:31:35,606 [INFO] [76/121] 건대입구역 (primary=KEY_4)
2026-10-10 04:31:36,760 [INFO] [77/121] 고덕역 (primary=KEY_1)
2026-10-10 04:31:37,903 [INFO] [78/121] 고속터미널역 (primary=KEY_2)
2026-10-10 04:31:39,064 [INFO] [79/121] 교대역 (primary=KEY_3)
2026-10-10 04:31:40,072 [INFO] [80/121] 구로디지털단지역 (primary=KEY_4)
2026-10-10 04:31:41,479 [INFO] [81/121] 구로역 (primary=KEY_1)
2026-10-10 04:31:42,594 [INFO] [82/121] 군자역 (primary=KEY_2)
2026-10-10 04:31:43,597 [INFO] [83/121] 대림역 (primary=KEY_3)
2026-10-10 04:31:44,748 [INFO] [84/121] 동대문역 (primary=KEY_4)
2026-10-10 04:31:45,878 [INFO] [85/121] 뚝섬역 (primary=KEY_1)
2026-10-10 04:31:47,009 [INFO] [86/121] 미아사거리역 (primary=KEY_2)
2026-10-10 04:31:48,124 [INFO] [87/121] 발산역 (primary=KEY_3)
2026-10-10 04:31:49,561 [INFO] [88/121] 사당역 (primary=KEY_4)
2026-10-10 04:31:50,702 [INFO] [89/121] 삼각지역 (primary=KEY_1)
2026-10-10 04:31:51,701 [INFO] [90/121] 서울대입구역 (primary=KEY_2)
2026-10-10 04:31:52,820 [INFO] [91/121] 서울식물원·마곡나루역 (primary=KEY_3)
2026-10-10 04:31:54,219 [INFO] [92/121] 서울역 (primary=KEY_4)
2026-10-10 04:31:55,532 [INFO] [93/121] 선릉역 (primary=KEY_1)
2026-10-10 04:31:56,967 [INFO] [94/121] 성신여대입구역 (primary=KEY_2)
2026-10-10 04:31:57,984 [INFO] [95/121] 수유역 (primary=KEY_3)
2026-10-10 04:31:59,129 [INFO] [96/121] 숭례문 (primary=KEY_4)
2026-10-10 04:32:00,272 [INFO] [97/121] 시의회 앞 (primary=KEY_1)
2026-10-10 04:32:01,405 [INFO] [98/121] 신논현역·논현역 (primary=KEY_2)
2026-10-10 04:32:02,577 [INFO] [99/121] 신도림역 (primary=KEY_3)
2026-10-10 04:32:03,571 [INFO] [100/121] 신림역 (primary=KEY_4)
2026-10-10 04:32:04,582 [INFO] [101/121] 신정네거리역 (primary=KEY_1)
2026-10-10 04:32:05,728 [INFO] [102/121] 신촌·이대역 (primary=KEY_2)
2026-10-10 04:32:06,845 [INFO] [103/121] 쌍문역 (primary=KEY_3)
2026-10-10 04:32:07,959 [INFO] [104/121] 양재역 (primary=KEY_4)
2026-10-10 04:32:09,102 [INFO] [105/121] 역삼역 (primary=KEY_1)
2026-10-10 04:32:10,374 [INFO] [106/121] 연신내역 (primary=KEY_2)
2026-10-10 04:32:11,375 [INFO] [107/121] 오목교역·목동운동장 (primary=KEY_3)
2026-10-10 04:32:12,960 [INFO] [108/121] 왕십리역 (primary=KEY_4)
2026-10-10 04:32:14,099 [INFO] [109/121] 용산역 (primary=KEY_1)
2026-10-10 04:32:15,361 [INFO] [110/121] 이태원역 (primary=KEY_2)
2026-10-10 04:32:16,340 [INFO] [111/121] 잠실새내역 (primary=KEY_3)
2026-10-10 04:32:17,563 [INFO] [112/121] 잠실역 (primary=KEY_4)
2026-10-10 04:32:18,846 [INFO] [113/121] 장지역 (primary=KEY_1)
2026-10-10 04:32:20,265 [INFO] [114/121] 장한평역 (primary=KEY_2)
2026-10-10 04:32:21,381 [INFO] [115/121] 천호역 (primary=KEY_3)
2026-10-10 04:32:22,520 [INFO] [116/121] 총신대입구(이수)역 (primary=KEY_4)
2026-10-10 04:32:23,677 [INFO] [117/121] 충정로역 (primary=KEY_1)
2026-10-10 04:32:24,825 [INFO] [118/121] 합정역 (primary=KEY_2)
2026-10-10 04:32:25,952 [INFO] [119/121] 혜화역 (primary=KEY_3)
2026-10-10 04:32:27,081 [INFO] [120/121] 홍대입구역(2호선) (primary=KEY_4)
2026-10-10 04:32:28,212 [INFO] [121/121] 회기역 (primary=KEY_1)
2026-10-10 04:32:29,680 [INFO] === 수집 완료 | 성공 121, 실패 0 ===
2026-10-10 04:32:29,680 [INFO] 카테고리별 저장 결과:
2026-10-10 04:32:29,680 [INFO]    accident                  | 신규     3행 | 누적      3행 | 16컬럼
2026-10-10 04:32:29,680 [INFO]    area_meta                 | 신규   121행 | 누적    121행 | 5컬럼
2026-10-10 04:32:29,680 [INFO]    bike                      | 신규    10행 | 누적     10행 | 12컬럼
2026-10-10 04:32:29,680 [INFO]    bike_sbike_stts           | 신규   567행 | 누적    567행 | 12컬럼
2026-10-10 04:32:29,680 [INFO]    bus                       | 신규     3행 | 누적      3행 | 11컬럼
2026-10-10 04:32:29,680 [INFO]    bus_bus_stn_stts          | 신규  1745행 | 누적   1745행 | 11컬럼
2026-10-10 04:32:29,680 [INFO]    charger                   | 신규     4행 | 누적      4행 | 15컬럼
2026-10-10 04:32:29,680 [INFO]    charger_charger_stts      | 신규  1929행 | 누적   1929행 | 15컬럼
2026-10-10 04:32:29,680 [INFO]    cmrcl                     | 신규    82행 | 누적     82행 | 20컬럼
2026-10-10 04:32:29,680 [INFO]    events                    | 신규    14행 | 누적     14행 | 14컬럼
2026-10-10 04:32:29,680 [INFO]    events_event_stts         | 신규   144행 | 누적    144행 | 14컬럼
2026-10-10 04:32:29,680 [INFO]    parking                   | 신규     6행 | 누적      6행 | 21컬럼
2026-10-10 04:32:29,680 [INFO]    parking_prk_stts          | 신규  1832행 | 누적   1832행 | 21컬럼
2026-10-10 04:32:29,680 [INFO]    ppltn                     | 신규   121행 | 누적    121행 | 26컬럼
2026-10-10 04:32:29,680 [INFO]    road                      | 신규   121행 | 누적    121행 | 21컬럼
2026-10-10 04:32:29,680 [INFO]    road_road_traffic_stts    | 신규  5304행 | 누적   5304행 | 17컬럼
2026-10-10 04:32:29,680 [INFO]    subway                    | 신규    38행 | 누적     38행 | 12컬럼
2026-10-10 04:32:29,681 [INFO]    subway_sub_stts           | 신규   183행 | 누적    183행 | 13컬럼
2026-10-10 04:32:29,681 [INFO]    weather                   | 신규   119행 | 누적    119행 | 29컬럼
2026-10-10 04:32:29,681 [INFO] 키별 사용량:
2026-10-10 04:32:29,681 [INFO]    🟢 KEY_1 (31/1000) 
2026-10-10 04:32:29,681 [INFO]    🟢 KEY_2 (30/1000) 
2026-10-10 04:32:29,681 [INFO]    🟢 KEY_3 (30/1000) 
2026-10-10 04:32:29,681 [INFO]    🟢 KEY_4 (30/1000) 
