2026-08-16 00:31:37,906 [INFO] 등록된 키: 4개, 합산 한도 4,000건/일
2026-08-16 00:31:37,906 [INFO] POI 로드: 매뉴얼 v8.5 기준 fallback 121개 (121개 전체)
2026-08-16 00:31:37,906 [INFO] === 수집 시작 2026-08-16T00:31:37.906917+09:00 ===
2026-08-16 00:31:37,907 [INFO] 대상 장소: 121개 | API: citydata (통합)
2026-08-16 00:31:37,907 [INFO] 키 풀: 4/4 활성 | 오늘 사용 0/4000건
2026-08-16 00:31:37,907 [INFO]   [KEY_1] 담당 31장소
2026-08-16 00:31:37,907 [INFO]   [KEY_2] 담당 30장소
2026-08-16 00:31:37,907 [INFO]   [KEY_3] 담당 30장소
2026-08-16 00:31:37,907 [INFO]   [KEY_4] 담당 30장소
2026-08-16 00:31:37,907 [INFO] [1/121] 경복궁 (primary=KEY_1)
2026-08-16 00:31:40,049 [INFO] [2/121] 광화문·덕수궁 (primary=KEY_2)
2026-08-16 00:31:42,767 [INFO] [3/121] 보신각 (primary=KEY_3)
2026-08-16 00:31:45,244 [INFO] [4/121] 서울 암사동 유적 (primary=KEY_4)
2026-08-16 00:31:47,495 [INFO] [5/121] 창덕궁·종묘 (primary=KEY_1)
2026-08-16 00:31:49,407 [INFO] [6/121] 강남 MICE 관광특구 (primary=KEY_2)
2026-08-16 00:31:50,773 [INFO] [7/121] 동대문 관광특구 (primary=KEY_3)
2026-08-16 00:31:53,128 [INFO] [8/121] 명동 관광특구 (primary=KEY_4)
2026-08-16 00:31:55,711 [INFO] [9/121] 이태원 관광특구 (primary=KEY_1)
2026-08-16 00:31:58,015 [INFO] [10/121] 잠실 관광특구 (primary=KEY_2)
2026-08-16 00:32:00,587 [INFO] [11/121] 종로·청계 관광특구 (primary=KEY_3)
2026-08-16 00:32:02,935 [INFO] [12/121] 홍대 관광특구 (primary=KEY_4)
2026-08-16 00:32:05,248 [INFO] [13/121] 강서한강공원 (primary=KEY_1)
2026-08-16 00:32:07,338 [INFO] [14/121] 고척돔 (primary=KEY_2)
2026-08-16 00:32:09,108 [INFO] [15/121] 광나루한강공원 (primary=KEY_3)
2026-08-16 00:32:11,019 [INFO] [16/121] 광화문광장 (primary=KEY_4)
2026-08-16 00:32:13,461 [INFO] [17/121] 국립중앙박물관·용산가족공원 (primary=KEY_1)
2026-08-16 00:32:15,378 [INFO] [18/121] 난지한강공원 (primary=KEY_2)
2026-08-16 00:32:16,496 [INFO] [19/121] 남산공원 (primary=KEY_3)
2026-08-16 00:32:18,044 [INFO] [20/121] 노들섬 (primary=KEY_4)
2026-08-16 00:32:19,921 [INFO] [21/121] 뚝섬한강공원 (primary=KEY_1)
2026-08-16 00:32:21,841 [INFO] [22/121] 망원한강공원 (primary=KEY_2)
2026-08-16 00:32:23,728 [INFO] [23/121] 반포한강공원 (primary=KEY_3)
2026-08-16 00:32:24,865 [INFO] [24/121] 보라매공원 (primary=KEY_4)
2026-08-16 00:32:26,689 [INFO] [25/121] 북서울꿈의숲 (primary=KEY_1)
2026-08-16 00:32:28,045 [INFO] [26/121] 서대문독립공원 (primary=KEY_2)
2026-08-16 00:32:29,194 [INFO] [27/121] 서리풀공원·몽마르뜨공원 (primary=KEY_3)
2026-08-16 00:32:30,351 [INFO] [28/121] 서울대공원 (primary=KEY_4)
2026-08-16 00:32:32,238 [INFO] [29/121] 서울숲공원 (primary=KEY_1)
2026-08-16 00:32:33,550 [INFO] [30/121] 송현녹지광장 (primary=KEY_2)
2026-08-16 00:32:34,894 [INFO] [31/121] 아차산 (primary=KEY_3)
2026-08-16 00:32:36,035 [INFO] [32/121] 안양천 (primary=KEY_4)
2026-08-16 00:32:37,369 [INFO] [33/121] 양화한강공원 (primary=KEY_1)
2026-08-16 00:32:38,700 [INFO] [34/121] 어린이대공원 (primary=KEY_2)
2026-08-16 00:32:40,795 [INFO] [35/121] 여의도한강공원 (primary=KEY_3)
2026-08-16 00:32:42,798 [INFO] [36/121] 여의서로 (primary=KEY_4)
2026-08-16 00:32:44,257 [INFO] [37/121] 올림픽공원 (primary=KEY_1)
2026-08-16 00:32:45,614 [INFO] [38/121] 월드컵공원 (primary=KEY_2)
2026-08-16 00:32:47,126 [INFO] [39/121] 응봉산 (primary=KEY_3)
2026-08-16 00:32:49,018 [INFO] [40/121] 이촌한강공원 (primary=KEY_4)
2026-08-16 00:32:50,684 [INFO] [41/121] 잠실종합운동장 (primary=KEY_1)
2026-08-16 00:32:51,805 [INFO] [42/121] 잠실한강공원 (primary=KEY_2)
2026-08-16 00:32:52,942 [INFO] [43/121] 잠원한강공원 (primary=KEY_3)
2026-08-16 00:32:54,061 [INFO] [44/121] 청계산 (primary=KEY_4)
2026-08-16 00:32:55,201 [INFO] [45/121] 홍제폭포 (primary=KEY_1)
2026-08-16 00:32:56,349 [INFO] [46/121] 가락시장 (primary=KEY_2)
2026-08-16 00:32:58,407 [INFO] [47/121] 가로수길 (primary=KEY_3)
2026-08-16 00:32:59,752 [INFO] [48/121] 광장(전통)시장 (primary=KEY_4)
2026-08-16 00:33:00,905 [INFO] [49/121] 김포공항 (primary=KEY_1)
2026-08-16 00:33:02,410 [INFO] [50/121] 남대문시장 (primary=KEY_2)
2026-08-16 00:33:03,918 [INFO] [51/121] 노량진 (primary=KEY_3)
2026-08-16 00:33:05,285 [INFO] [52/121] 덕수궁길·정동길 (primary=KEY_4)
2026-08-16 00:33:06,629 [INFO] [53/121] 북창동 먹자골목 (primary=KEY_1)
2026-08-16 00:33:07,945 [INFO] [54/121] 북촌한옥마을 (primary=KEY_2)
2026-08-16 00:33:09,462 [INFO] [55/121] 서촌 (primary=KEY_3)
2026-08-16 00:33:10,784 [INFO] [56/121] 성수카페거리 (primary=KEY_4)
2026-08-16 00:33:12,336 [INFO] [57/121] 송리단길·호수단길 (primary=KEY_1)
2026-08-16 00:33:13,668 [INFO] [58/121] 신촌 스타광장 (primary=KEY_2)
2026-08-16 00:33:14,833 [INFO] [59/121] 압구정로데오거리 (primary=KEY_3)
2026-08-16 00:33:16,167 [INFO] [60/121] 여의도 (primary=KEY_4)
2026-08-16 00:33:19,089 [INFO] [61/121] 연남동 (primary=KEY_1)
2026-08-16 00:33:21,080 [INFO] [62/121] 영등포 타임스퀘어 (primary=KEY_2)
2026-08-16 00:33:22,425 [INFO] [63/121] 용리단길 (primary=KEY_3)
2026-08-16 00:33:23,608 [INFO] [64/121] 이태원 앤틱가구거리 (primary=KEY_4)
2026-08-16 00:33:24,947 [INFO] [65/121] 익선동 (primary=KEY_1)
2026-08-16 00:33:26,300 [INFO] [66/121] 인사동 (primary=KEY_2)
2026-08-16 00:33:27,865 [INFO] [67/121] 잠실롯데타워·석촌호수 (primary=KEY_3)
2026-08-16 00:33:29,655 [INFO] [68/121] 창동 신경제 중심지 (primary=KEY_4)
2026-08-16 00:33:31,347 [INFO] [69/121] 청담동 명품거리 (primary=KEY_1)
2026-08-16 00:33:32,682 [INFO] [70/121] 청량리 제기동 일대 전통시장 (primary=KEY_2)
2026-08-16 00:33:34,077 [INFO] [71/121] 해방촌·경리단길 (primary=KEY_3)
2026-08-16 00:33:35,218 [INFO] [72/121] DDP(동대문디자인플라자) (primary=KEY_4)
2026-08-16 00:33:36,591 [INFO] [73/121] DMC(디지털미디어시티) (primary=KEY_1)
2026-08-16 00:33:38,331 [INFO] [74/121] 가산디지털단지역 (primary=KEY_2)
2026-08-16 00:33:40,231 [INFO] [75/121] 강남역 (primary=KEY_3)
2026-08-16 00:33:41,793 [INFO] [76/121] 건대입구역 (primary=KEY_4)
2026-08-16 00:33:43,146 [INFO] [77/121] 고덕역 (primary=KEY_1)
2026-08-16 00:33:44,504 [INFO] [78/121] 고속터미널역 (primary=KEY_2)
2026-08-16 00:33:45,858 [INFO] [79/121] 교대역 (primary=KEY_3)
2026-08-16 00:33:47,224 [INFO] [80/121] 구로디지털단지역 (primary=KEY_4)
2026-08-16 00:33:48,941 [INFO] [81/121] 구로역 (primary=KEY_1)
2026-08-16 00:33:50,260 [INFO] [82/121] 군자역 (primary=KEY_2)
2026-08-16 00:33:51,386 [INFO] [83/121] 대림역 (primary=KEY_3)
2026-08-16 00:33:52,751 [INFO] [84/121] 동대문역 (primary=KEY_4)
2026-08-16 00:33:54,114 [INFO] [85/121] 뚝섬역 (primary=KEY_1)
2026-08-16 00:33:55,478 [INFO] [86/121] 미아사거리역 (primary=KEY_2)
2026-08-16 00:33:56,813 [INFO] [87/121] 발산역 (primary=KEY_3)
2026-08-16 00:33:58,533 [INFO] [88/121] 사당역 (primary=KEY_4)
2026-08-16 00:33:59,895 [INFO] [89/121] 삼각지역 (primary=KEY_1)
2026-08-16 00:34:01,066 [INFO] [90/121] 서울대입구역 (primary=KEY_2)
2026-08-16 00:34:03,345 [INFO] [91/121] 서울식물원·마곡나루역 (primary=KEY_3)
2026-08-16 00:34:04,885 [INFO] [92/121] 서울역 (primary=KEY_4)
2026-08-16 00:34:06,450 [INFO] [93/121] 선릉역 (primary=KEY_1)
2026-08-16 00:34:08,214 [INFO] [94/121] 성신여대입구역 (primary=KEY_2)
2026-08-16 00:34:09,362 [INFO] [95/121] 수유역 (primary=KEY_3)
2026-08-16 00:34:10,710 [INFO] [96/121] 숭례문 (primary=KEY_4)
2026-08-16 00:34:12,295 [INFO] [97/121] 시의회 앞 (primary=KEY_1)
2026-08-16 00:34:13,668 [INFO] [98/121] 신논현역·논현역 (primary=KEY_2)
2026-08-16 00:34:15,034 [INFO] [99/121] 신도림역 (primary=KEY_3)
2026-08-16 00:34:16,177 [INFO] [100/121] 신림역 (primary=KEY_4)
2026-08-16 00:34:17,530 [INFO] [101/121] 신정네거리역 (primary=KEY_1)
2026-08-16 00:34:18,829 [INFO] [102/121] 신촌·이대역 (primary=KEY_2)
2026-08-16 00:34:20,184 [INFO] [103/121] 쌍문역 (primary=KEY_3)
2026-08-16 00:34:21,510 [INFO] [104/121] 양재역 (primary=KEY_4)
2026-08-16 00:34:22,843 [INFO] [105/121] 역삼역 (primary=KEY_1)
2026-08-16 00:34:24,364 [INFO] [106/121] 연신내역 (primary=KEY_2)
2026-08-16 00:34:25,538 [INFO] [107/121] 오목교역·목동운동장 (primary=KEY_3)
2026-08-16 00:34:27,495 [INFO] [108/121] 왕십리역 (primary=KEY_4)
2026-08-16 00:34:28,851 [INFO] [109/121] 용산역 (primary=KEY_1)
2026-08-16 00:34:30,395 [INFO] [110/121] 이태원역 (primary=KEY_2)
2026-08-16 00:34:31,576 [INFO] [111/121] 잠실새내역 (primary=KEY_3)
2026-08-16 00:34:32,994 [INFO] [112/121] 잠실역 (primary=KEY_4)
2026-08-16 00:34:34,535 [INFO] [113/121] 장지역 (primary=KEY_1)
2026-08-16 00:34:36,051 [INFO] [114/121] 장한평역 (primary=KEY_2)
2026-08-16 00:34:37,402 [INFO] [115/121] 천호역 (primary=KEY_3)
2026-08-16 00:34:38,744 [INFO] [116/121] 총신대입구(이수)역 (primary=KEY_4)
2026-08-16 00:34:40,086 [INFO] [117/121] 충정로역 (primary=KEY_1)
2026-08-16 00:34:41,682 [INFO] [118/121] 합정역 (primary=KEY_2)
2026-08-16 00:34:43,057 [INFO] [119/121] 혜화역 (primary=KEY_3)
2026-08-16 00:34:44,410 [INFO] [120/121] 홍대입구역(2호선) (primary=KEY_4)
2026-08-16 00:34:45,751 [INFO] [121/121] 회기역 (primary=KEY_1)
2026-08-16 00:34:47,438 [INFO] === 수집 완료 | 성공 121, 실패 0 ===
2026-08-16 00:34:47,438 [INFO] 카테고리별 저장 결과:
2026-08-16 00:34:47,438 [INFO]    accident                  | 신규     1행 | 누적      1행 | 16컬럼
2026-08-16 00:34:47,438 [INFO]    accident_acdnt_cntrl_stts | 신규     2행 | 누적      2행 | 16컬럼
2026-08-16 00:34:47,438 [INFO]    area_meta                 | 신규   121행 | 누적    121행 | 5컬럼
2026-08-16 00:34:47,438 [INFO]    bike                      | 신규    11행 | 누적     11행 | 12컬럼
2026-08-16 00:34:47,438 [INFO]    bike_sbike_stts           | 신규   567행 | 누적    567행 | 12컬럼
2026-08-16 00:34:47,438 [INFO]    bus                       | 신규     3행 | 누적      3행 | 11컬럼
2026-08-16 00:34:47,438 [INFO]    bus_bus_stn_stts          | 신규  1745행 | 누적   1745행 | 11컬럼
2026-08-16 00:34:47,438 [INFO]    charger                   | 신규     4행 | 누적      4행 | 15컬럼
2026-08-16 00:34:47,438 [INFO]    charger_charger_stts      | 신규  1930행 | 누적   1930행 | 15컬럼
2026-08-16 00:34:47,439 [INFO]    cmrcl                     | 신규    82행 | 누적     82행 | 20컬럼
2026-08-16 00:34:47,439 [INFO]    events                    | 신규    15행 | 누적     15행 | 14컬럼
2026-08-16 00:34:47,439 [INFO]    events_event_stts         | 신규   145행 | 누적    145행 | 14컬럼
2026-08-16 00:34:47,439 [INFO]    parking                   | 신규     6행 | 누적      6행 | 21컬럼
2026-08-16 00:34:47,439 [INFO]    parking_prk_stts          | 신규  1834행 | 누적   1834행 | 21컬럼
2026-08-16 00:34:47,439 [INFO]    ppltn                     | 신규   121행 | 누적    121행 | 26컬럼
2026-08-16 00:34:47,439 [INFO]    road                      | 신규   121행 | 누적    121행 | 21컬럼
2026-08-16 00:34:47,439 [INFO]    road_road_traffic_stts    | 신규  5290행 | 누적   5290행 | 17컬럼
2026-08-16 00:34:47,439 [INFO]    subway                    | 신규    38행 | 누적     38행 | 13컬럼
2026-08-16 00:34:47,439 [INFO]    subway_sub_stts           | 신규   183행 | 누적    183행 | 13컬럼
2026-08-16 00:34:47,439 [INFO]    weather                   | 신규   119행 | 누적    119행 | 29컬럼
2026-08-16 00:34:47,439 [INFO] 키별 사용량:
2026-08-16 00:34:47,439 [INFO]    🟢 KEY_1 (31/1000) 
2026-08-16 00:34:47,439 [INFO]    🟢 KEY_2 (30/1000) 
2026-08-16 00:34:47,439 [INFO]    🟢 KEY_3 (30/1000) 
2026-08-16 00:34:47,439 [INFO]    🟢 KEY_4 (30/1000) 
