2026-05-31 00:35:03,593 [INFO] 등록된 키: 4개, 합산 한도 4,000건/일
2026-05-31 00:35:03,594 [INFO] POI 로드: 매뉴얼 v8.5 기준 fallback 121개 (121개 전체)
2026-05-31 00:35:03,594 [INFO] === 수집 시작 2026-05-31T00:35:03.594339+09:00 ===
2026-05-31 00:35:03,594 [INFO] 대상 장소: 121개 | API: citydata (통합)
2026-05-31 00:35:03,594 [INFO] 키 풀: 4/4 활성 | 오늘 사용 0/4000건
2026-05-31 00:35:03,594 [INFO]   [KEY_1] 담당 31장소
2026-05-31 00:35:03,594 [INFO]   [KEY_2] 담당 30장소
2026-05-31 00:35:03,594 [INFO]   [KEY_3] 담당 30장소
2026-05-31 00:35:03,594 [INFO]   [KEY_4] 담당 30장소
2026-05-31 00:35:03,594 [INFO] [1/121] 경복궁 (primary=KEY_1)
2026-05-31 00:35:05,715 [INFO] [2/121] 광화문·덕수궁 (primary=KEY_2)
2026-05-31 00:35:07,865 [INFO] [3/121] 보신각 (primary=KEY_3)
2026-05-31 00:35:09,193 [INFO] [4/121] 서울 암사동 유적 (primary=KEY_4)
2026-05-31 00:35:11,103 [INFO] [5/121] 창덕궁·종묘 (primary=KEY_1)
2026-05-31 00:35:13,184 [INFO] [6/121] 강남 MICE 관광특구 (primary=KEY_2)
2026-05-31 00:35:15,298 [INFO] [7/121] 동대문 관광특구 (primary=KEY_3)
2026-05-31 00:35:16,865 [INFO] [8/121] 명동 관광특구 (primary=KEY_4)
2026-05-31 00:35:18,693 [INFO] [9/121] 이태원 관광특구 (primary=KEY_1)
2026-05-31 00:35:21,011 [INFO] [10/121] 잠실 관광특구 (primary=KEY_2)
2026-05-31 00:35:22,583 [INFO] [11/121] 종로·청계 관광특구 (primary=KEY_3)
2026-05-31 00:35:24,925 [INFO] [12/121] 홍대 관광특구 (primary=KEY_4)
2026-05-31 00:35:26,534 [INFO] [13/121] 강서한강공원 (primary=KEY_1)
2026-05-31 00:35:27,688 [INFO] [14/121] 고척돔 (primary=KEY_2)
2026-05-31 00:35:29,579 [INFO] [15/121] 광나루한강공원 (primary=KEY_3)
2026-05-31 00:35:31,679 [INFO] [16/121] 광화문광장 (primary=KEY_4)
2026-05-31 00:35:34,002 [INFO] [17/121] 국립중앙박물관·용산가족공원 (primary=KEY_1)
2026-05-31 00:35:35,145 [INFO] [18/121] 난지한강공원 (primary=KEY_2)
2026-05-31 00:35:36,891 [INFO] [19/121] 남산공원 (primary=KEY_3)
2026-05-31 00:35:39,038 [INFO] [20/121] 노들섬 (primary=KEY_4)
2026-05-31 00:35:40,188 [INFO] [21/121] 뚝섬한강공원 (primary=KEY_1)
2026-05-31 00:35:41,995 [INFO] [22/121] 망원한강공원 (primary=KEY_2)
2026-05-31 00:35:43,929 [INFO] [23/121] 반포한강공원 (primary=KEY_3)
2026-05-31 00:35:45,288 [INFO] [24/121] 보라매공원 (primary=KEY_4)
2026-05-31 00:35:46,456 [INFO] [25/121] 북서울꿈의숲 (primary=KEY_1)
2026-05-31 00:35:47,638 [INFO] [26/121] 서대문독립공원 (primary=KEY_2)
2026-05-31 00:35:48,791 [INFO] [27/121] 서리풀공원·몽마르뜨공원 (primary=KEY_3)
2026-05-31 00:35:49,940 [INFO] [28/121] 서울대공원 (primary=KEY_4)
2026-05-31 00:35:51,081 [INFO] [29/121] 서울숲공원 (primary=KEY_1)
2026-05-31 00:35:53,212 [INFO] [30/121] 송현녹지광장 (primary=KEY_2)
2026-05-31 00:35:55,330 [INFO] [31/121] 아차산 (primary=KEY_3)
2026-05-31 00:35:56,487 [INFO] [32/121] 안양천 (primary=KEY_4)
2026-05-31 00:35:57,626 [INFO] [33/121] 양화한강공원 (primary=KEY_1)
2026-05-31 00:35:58,767 [INFO] [34/121] 어린이대공원 (primary=KEY_2)
2026-05-31 00:35:59,933 [INFO] [35/121] 여의도한강공원 (primary=KEY_3)
2026-05-31 00:36:01,259 [INFO] [36/121] 여의서로 (primary=KEY_4)
2026-05-31 00:36:02,415 [INFO] [37/121] 올림픽공원 (primary=KEY_1)
2026-05-31 00:36:03,760 [INFO] [38/121] 월드컵공원 (primary=KEY_2)
2026-05-31 00:36:05,920 [INFO] [39/121] 응봉산 (primary=KEY_3)
2026-05-31 00:36:07,231 [INFO] [40/121] 이촌한강공원 (primary=KEY_4)
2026-05-31 00:36:08,366 [INFO] [41/121] 잠실종합운동장 (primary=KEY_1)
2026-05-31 00:36:09,497 [INFO] [42/121] 잠실한강공원 (primary=KEY_2)
2026-05-31 00:36:10,654 [INFO] [43/121] 잠원한강공원 (primary=KEY_3)
2026-05-31 00:36:11,803 [INFO] [44/121] 청계산 (primary=KEY_4)
2026-05-31 00:36:12,921 [INFO] [45/121] 홍제폭포 (primary=KEY_1)
2026-05-31 00:36:14,019 [INFO] [46/121] 가락시장 (primary=KEY_2)
2026-05-31 00:36:15,366 [INFO] [47/121] 가로수길 (primary=KEY_3)
2026-05-31 00:36:16,714 [INFO] [48/121] 광장(전통)시장 (primary=KEY_4)
2026-05-31 00:36:17,883 [INFO] [49/121] 김포공항 (primary=KEY_1)
2026-05-31 00:36:19,270 [INFO] [50/121] 남대문시장 (primary=KEY_2)
2026-05-31 00:36:20,401 [INFO] [51/121] 노량진 (primary=KEY_3)
2026-05-31 00:36:22,143 [INFO] [52/121] 덕수궁길·정동길 (primary=KEY_4)
2026-05-31 00:36:23,498 [INFO] [53/121] 북창동 먹자골목 (primary=KEY_1)
2026-05-31 00:36:25,402 [INFO] [54/121] 북촌한옥마을 (primary=KEY_2)
2026-05-31 00:36:26,755 [INFO] [55/121] 서촌 (primary=KEY_3)
2026-05-31 00:36:28,701 [INFO] [56/121] 성수카페거리 (primary=KEY_4)
2026-05-31 00:36:30,080 [INFO] [57/121] 송리단길·호수단길 (primary=KEY_1)
2026-05-31 00:36:32,205 [INFO] [58/121] 신촌 스타광장 (primary=KEY_2)
2026-05-31 00:36:33,350 [INFO] [59/121] 압구정로데오거리 (primary=KEY_3)
2026-05-31 00:36:34,683 [INFO] [60/121] 여의도 (primary=KEY_4)
2026-05-31 00:36:36,709 [INFO] [61/121] 연남동 (primary=KEY_1)
2026-05-31 00:36:38,030 [INFO] [62/121] 영등포 타임스퀘어 (primary=KEY_2)
2026-05-31 00:36:39,354 [INFO] [63/121] 용리단길 (primary=KEY_3)
2026-05-31 00:36:40,528 [INFO] [64/121] 이태원 앤틱가구거리 (primary=KEY_4)
2026-05-31 00:36:41,689 [INFO] [65/121] 익선동 (primary=KEY_1)
2026-05-31 00:36:43,037 [INFO] [66/121] 인사동 (primary=KEY_2)
2026-05-31 00:36:44,430 [INFO] [67/121] 잠실롯데타워·석촌호수 (primary=KEY_3)
2026-05-31 00:36:46,411 [INFO] [68/121] 창동 신경제 중심지 (primary=KEY_4)
2026-05-31 00:36:48,000 [INFO] [69/121] 청담동 명품거리 (primary=KEY_1)
2026-05-31 00:36:49,363 [INFO] [70/121] 청량리 제기동 일대 전통시장 (primary=KEY_2)
2026-05-31 00:36:50,721 [INFO] [71/121] 해방촌·경리단길 (primary=KEY_3)
2026-05-31 00:36:51,867 [INFO] [72/121] DDP(동대문디자인플라자) (primary=KEY_4)
2026-05-31 00:36:53,278 [INFO] [73/121] DMC(디지털미디어시티) (primary=KEY_1)
2026-05-31 00:36:54,834 [INFO] [74/121] 가산디지털단지역 (primary=KEY_2)
2026-05-31 00:36:56,406 [INFO] [75/121] 강남역 (primary=KEY_3)
2026-05-31 00:36:57,959 [INFO] [76/121] 건대입구역 (primary=KEY_4)
2026-05-31 00:36:59,329 [INFO] [77/121] 고덕역 (primary=KEY_1)
2026-05-31 00:37:00,697 [INFO] [78/121] 고속터미널역 (primary=KEY_2)
2026-05-31 00:37:01,857 [INFO] [79/121] 교대역 (primary=KEY_3)
2026-05-31 00:37:03,034 [INFO] [80/121] 구로디지털단지역 (primary=KEY_4)
2026-05-31 00:37:04,409 [INFO] [81/121] 구로역 (primary=KEY_1)
2026-05-31 00:37:05,554 [INFO] [82/121] 군자역 (primary=KEY_2)
2026-05-31 00:37:06,717 [INFO] [83/121] 대림역 (primary=KEY_3)
2026-05-31 00:37:08,069 [INFO] [84/121] 동대문역 (primary=KEY_4)
2026-05-31 00:37:09,426 [INFO] [85/121] 뚝섬역 (primary=KEY_1)
2026-05-31 00:37:10,808 [INFO] [86/121] 미아사거리역 (primary=KEY_2)
2026-05-31 00:37:12,147 [INFO] [87/121] 발산역 (primary=KEY_3)
2026-05-31 00:37:14,451 [INFO] [88/121] 사당역 (primary=KEY_4)
2026-05-31 00:37:15,803 [INFO] [89/121] 삼각지역 (primary=KEY_1)
2026-05-31 00:37:16,955 [INFO] [90/121] 서울대입구역 (primary=KEY_2)
2026-05-31 00:37:18,097 [INFO] [91/121] 서울식물원·마곡나루역 (primary=KEY_3)
2026-05-31 00:37:19,438 [INFO] [92/121] 서울역 (primary=KEY_4)
2026-05-31 00:37:20,839 [INFO] [93/121] 선릉역 (primary=KEY_1)
2026-05-31 00:37:22,429 [INFO] [94/121] 성신여대입구역 (primary=KEY_2)
2026-05-31 00:37:23,587 [INFO] [95/121] 수유역 (primary=KEY_3)
2026-05-31 00:37:24,949 [INFO] [96/121] 숭례문 (primary=KEY_4)
2026-05-31 00:37:26,334 [INFO] [97/121] 시의회 앞 (primary=KEY_1)
2026-05-31 00:37:27,667 [INFO] [98/121] 신논현역·논현역 (primary=KEY_2)
2026-05-31 00:37:29,065 [INFO] [99/121] 신도림역 (primary=KEY_3)
2026-05-31 00:37:30,220 [INFO] [100/121] 신림역 (primary=KEY_4)
2026-05-31 00:37:31,386 [INFO] [101/121] 신정네거리역 (primary=KEY_1)
2026-05-31 00:37:32,553 [INFO] [102/121] 신촌·이대역 (primary=KEY_2)
2026-05-31 00:37:33,938 [INFO] [103/121] 쌍문역 (primary=KEY_3)
2026-05-31 00:37:35,097 [INFO] [104/121] 양재역 (primary=KEY_4)
2026-05-31 00:37:36,489 [INFO] [105/121] 역삼역 (primary=KEY_1)
2026-05-31 00:37:37,851 [INFO] [106/121] 연신내역 (primary=KEY_2)
2026-05-31 00:37:39,054 [INFO] [107/121] 오목교역·목동운동장 (primary=KEY_3)
2026-05-31 00:37:40,578 [INFO] [108/121] 왕십리역 (primary=KEY_4)
2026-05-31 00:37:41,969 [INFO] [109/121] 용산역 (primary=KEY_1)
2026-05-31 00:37:43,294 [INFO] [110/121] 이태원역 (primary=KEY_2)
2026-05-31 00:37:44,497 [INFO] [111/121] 잠실새내역 (primary=KEY_3)
2026-05-31 00:37:45,847 [INFO] [112/121] 잠실역 (primary=KEY_4)
2026-05-31 00:37:47,240 [INFO] [113/121] 장지역 (primary=KEY_1)
2026-05-31 00:37:48,589 [INFO] [114/121] 장한평역 (primary=KEY_2)
2026-05-31 00:37:49,944 [INFO] [115/121] 천호역 (primary=KEY_3)
2026-05-31 00:37:51,288 [INFO] [116/121] 총신대입구(이수)역 (primary=KEY_4)
2026-05-31 00:37:52,705 [INFO] [117/121] 충정로역 (primary=KEY_1)
2026-05-31 00:37:53,863 [INFO] [118/121] 합정역 (primary=KEY_2)
2026-05-31 00:37:55,262 [INFO] [119/121] 혜화역 (primary=KEY_3)
2026-05-31 00:37:56,645 [INFO] [120/121] 홍대입구역(2호선) (primary=KEY_4)
2026-05-31 00:37:57,821 [INFO] [121/121] 회기역 (primary=KEY_1)
2026-05-31 00:37:59,523 [INFO] === 수집 완료 | 성공 121, 실패 0 ===
2026-05-31 00:37:59,523 [INFO] 카테고리별 저장 결과:
2026-05-31 00:37:59,523 [INFO]    accident                  | 신규     2행 | 누적      2행 | 16컬럼
2026-05-31 00:37:59,523 [INFO]    area_meta                 | 신규   121행 | 누적    121행 | 5컬럼
2026-05-31 00:37:59,523 [INFO]    bike                      | 신규    10행 | 누적     10행 | 12컬럼
2026-05-31 00:37:59,523 [INFO]    bike_sbike_stts           | 신규   557행 | 누적    557행 | 12컬럼
2026-05-31 00:37:59,523 [INFO]    bus                       | 신규     3행 | 누적      3행 | 11컬럼
2026-05-31 00:37:59,523 [INFO]    bus_bus_stn_stts          | 신규  1745행 | 누적   1745행 | 11컬럼
2026-05-31 00:37:59,523 [INFO]    charger                   | 신규    25행 | 누적     25행 | 15컬럼
2026-05-31 00:37:59,523 [INFO]    charger_charger_stts      | 신규   323행 | 누적    323행 | 15컬럼
2026-05-31 00:37:59,523 [INFO]    cmrcl                     | 신규    82행 | 누적     82행 | 20컬럼
2026-05-31 00:37:59,523 [INFO]    events                    | 신규    10행 | 누적     10행 | 14컬럼
2026-05-31 00:37:59,523 [INFO]    events_event_stts         | 신규   174행 | 누적    174행 | 14컬럼
2026-05-31 00:37:59,524 [INFO]    parking                   | 신규     6행 | 누적      6행 | 21컬럼
2026-05-31 00:37:59,524 [INFO]    parking_prk_stts          | 신규  1835행 | 누적   1835행 | 21컬럼
2026-05-31 00:37:59,524 [INFO]    ppltn                     | 신규   121행 | 누적    121행 | 26컬럼
2026-05-31 00:37:59,524 [INFO]    road                      | 신규   121행 | 누적    121행 | 21컬럼
2026-05-31 00:37:59,524 [INFO]    road_road_traffic_stts    | 신규  5254행 | 누적   5254행 | 17컬럼
2026-05-31 00:37:59,524 [INFO]    subway                    | 신규    38행 | 누적     38행 | 13컬럼
2026-05-31 00:37:59,524 [INFO]    subway_sub_stts           | 신규   183행 | 누적    183행 | 13컬럼
2026-05-31 00:37:59,524 [INFO]    weather                   | 신규   119행 | 누적    119행 | 29컬럼
2026-05-31 00:37:59,524 [INFO] 키별 사용량:
2026-05-31 00:37:59,524 [INFO]    🟢 KEY_1 (31/1000) 
2026-05-31 00:37:59,524 [INFO]    🟢 KEY_2 (30/1000) 
2026-05-31 00:37:59,524 [INFO]    🟢 KEY_3 (30/1000) 
2026-05-31 00:37:59,524 [INFO]    🟢 KEY_4 (30/1000) 
