2026-09-05 03:20:48,277 [INFO] 등록된 키: 4개, 합산 한도 4,000건/일
2026-09-05 03:20:48,278 [INFO] POI 로드: 매뉴얼 v8.5 기준 fallback 121개 (121개 전체)
2026-09-05 03:20:48,278 [INFO] === 수집 시작 2026-09-05T03:20:48.278111+09:00 ===
2026-09-05 03:20:48,278 [INFO] 대상 장소: 121개 | API: citydata (통합)
2026-09-05 03:20:48,278 [INFO] 키 풀: 4/4 활성 | 오늘 사용 0/4000건
2026-09-05 03:20:48,278 [INFO]   [KEY_1] 담당 31장소
2026-09-05 03:20:48,278 [INFO]   [KEY_2] 담당 30장소
2026-09-05 03:20:48,278 [INFO]   [KEY_3] 담당 30장소
2026-09-05 03:20:48,278 [INFO]   [KEY_4] 담당 30장소
2026-09-05 03:20:48,278 [INFO] [1/121] 경복궁 (primary=KEY_1)
2026-09-05 03:20:49,990 [INFO] [2/121] 광화문·덕수궁 (primary=KEY_2)
2026-09-05 03:20:52,154 [INFO] [3/121] 보신각 (primary=KEY_3)
2026-09-05 03:20:53,371 [INFO] [4/121] 서울 암사동 유적 (primary=KEY_4)
2026-09-05 03:20:55,044 [INFO] [5/121] 창덕궁·종묘 (primary=KEY_1)
2026-09-05 03:20:56,860 [INFO] [6/121] 강남 MICE 관광특구 (primary=KEY_2)
2026-09-05 03:20:58,235 [INFO] [7/121] 동대문 관광특구 (primary=KEY_3)
2026-09-05 03:21:00,578 [INFO] [8/121] 명동 관광특구 (primary=KEY_4)
2026-09-05 03:21:02,192 [INFO] [9/121] 이태원 관광특구 (primary=KEY_1)
2026-09-05 03:21:03,406 [INFO] [10/121] 잠실 관광특구 (primary=KEY_2)
2026-09-05 03:21:04,966 [INFO] [11/121] 종로·청계 관광특구 (primary=KEY_3)
2026-09-05 03:21:07,141 [INFO] [12/121] 홍대 관광특구 (primary=KEY_4)
2026-09-05 03:21:08,545 [INFO] [13/121] 강서한강공원 (primary=KEY_1)
2026-09-05 03:21:10,199 [INFO] [14/121] 고척돔 (primary=KEY_2)
2026-09-05 03:21:11,843 [INFO] [15/121] 광나루한강공원 (primary=KEY_3)
2026-09-05 03:21:13,020 [INFO] [16/121] 광화문광장 (primary=KEY_4)
2026-09-05 03:21:14,209 [INFO] [17/121] 국립중앙박물관·용산가족공원 (primary=KEY_1)
2026-09-05 03:21:15,875 [INFO] [18/121] 난지한강공원 (primary=KEY_2)
2026-09-05 03:21:16,893 [INFO] [19/121] 남산공원 (primary=KEY_3)
2026-09-05 03:21:18,255 [INFO] [20/121] 노들섬 (primary=KEY_4)
2026-09-05 03:21:19,290 [INFO] [21/121] 뚝섬한강공원 (primary=KEY_1)
2026-09-05 03:21:20,941 [INFO] [22/121] 망원한강공원 (primary=KEY_2)
2026-09-05 03:21:22,146 [INFO] [23/121] 반포한강공원 (primary=KEY_3)
2026-09-05 03:21:23,821 [INFO] [24/121] 보라매공원 (primary=KEY_4)
2026-09-05 03:21:24,863 [INFO] [25/121] 북서울꿈의숲 (primary=KEY_1)
2026-09-05 03:21:26,108 [INFO] [26/121] 서대문독립공원 (primary=KEY_2)
2026-09-05 03:21:27,162 [INFO] [27/121] 서리풀공원·몽마르뜨공원 (primary=KEY_3)
2026-09-05 03:21:28,241 [INFO] [28/121] 서울대공원 (primary=KEY_4)
2026-09-05 03:21:29,266 [INFO] [29/121] 서울숲공원 (primary=KEY_1)
2026-09-05 03:21:30,474 [INFO] [30/121] 송현녹지광장 (primary=KEY_2)
2026-09-05 03:21:31,674 [INFO] [31/121] 아차산 (primary=KEY_3)
2026-09-05 03:21:32,719 [INFO] [32/121] 안양천 (primary=KEY_4)
2026-09-05 03:21:33,758 [INFO] [33/121] 양화한강공원 (primary=KEY_1)
2026-09-05 03:21:35,413 [INFO] [34/121] 어린이대공원 (primary=KEY_2)
2026-09-05 03:21:36,614 [INFO] [35/121] 여의도한강공원 (primary=KEY_3)
2026-09-05 03:21:37,810 [INFO] [36/121] 여의서로 (primary=KEY_4)
2026-09-05 03:21:39,017 [INFO] [37/121] 올림픽공원 (primary=KEY_1)
2026-09-05 03:21:40,229 [INFO] [38/121] 월드컵공원 (primary=KEY_2)
2026-09-05 03:21:41,612 [INFO] [39/121] 응봉산 (primary=KEY_3)
2026-09-05 03:21:42,806 [INFO] [40/121] 이촌한강공원 (primary=KEY_4)
2026-09-05 03:21:43,844 [INFO] [41/121] 잠실종합운동장 (primary=KEY_1)
2026-09-05 03:21:44,881 [INFO] [42/121] 잠실한강공원 (primary=KEY_2)
2026-09-05 03:21:45,927 [INFO] [43/121] 잠원한강공원 (primary=KEY_3)
2026-09-05 03:21:46,988 [INFO] [44/121] 청계산 (primary=KEY_4)
2026-09-05 03:21:48,020 [INFO] [45/121] 홍제폭포 (primary=KEY_1)
2026-09-05 03:21:49,048 [INFO] [46/121] 가락시장 (primary=KEY_2)
2026-09-05 03:21:50,275 [INFO] [47/121] 가로수길 (primary=KEY_3)
2026-09-05 03:21:51,523 [INFO] [48/121] 광장(전통)시장 (primary=KEY_4)
2026-09-05 03:21:52,574 [INFO] [49/121] 김포공항 (primary=KEY_1)
2026-09-05 03:21:53,951 [INFO] [50/121] 남대문시장 (primary=KEY_2)
2026-09-05 03:21:55,152 [INFO] [51/121] 노량진 (primary=KEY_3)
2026-09-05 03:21:56,358 [INFO] [52/121] 덕수궁길·정동길 (primary=KEY_4)
2026-09-05 03:21:57,585 [INFO] [53/121] 북창동 먹자골목 (primary=KEY_1)
2026-09-05 03:21:58,806 [INFO] [54/121] 북촌한옥마을 (primary=KEY_2)
2026-09-05 03:22:00,177 [INFO] [55/121] 서촌 (primary=KEY_3)
2026-09-05 03:22:01,366 [INFO] [56/121] 성수카페거리 (primary=KEY_4)
2026-09-05 03:22:02,743 [INFO] [57/121] 송리단길·호수단길 (primary=KEY_1)
2026-09-05 03:22:03,954 [INFO] [58/121] 신촌 스타광장 (primary=KEY_2)
2026-09-05 03:22:05,021 [INFO] [59/121] 압구정로데오거리 (primary=KEY_3)
2026-09-05 03:22:06,220 [INFO] [60/121] 여의도 (primary=KEY_4)
2026-09-05 03:22:08,150 [INFO] [61/121] 연남동 (primary=KEY_1)
2026-09-05 03:22:09,343 [INFO] [62/121] 영등포 타임스퀘어 (primary=KEY_2)
2026-09-05 03:22:10,542 [INFO] [63/121] 용리단길 (primary=KEY_3)
2026-09-05 03:22:11,600 [INFO] [64/121] 이태원 앤틱가구거리 (primary=KEY_4)
2026-09-05 03:22:12,654 [INFO] [65/121] 익선동 (primary=KEY_1)
2026-09-05 03:22:13,863 [INFO] [66/121] 인사동 (primary=KEY_2)
2026-09-05 03:22:15,232 [INFO] [67/121] 잠실롯데타워·석촌호수 (primary=KEY_3)
2026-09-05 03:22:16,766 [INFO] [68/121] 창동 신경제 중심지 (primary=KEY_4)
2026-09-05 03:22:18,305 [INFO] [69/121] 청담동 명품거리 (primary=KEY_1)
2026-09-05 03:22:19,528 [INFO] [70/121] 청량리 제기동 일대 전통시장 (primary=KEY_2)
2026-09-05 03:22:20,756 [INFO] [71/121] 해방촌·경리단길 (primary=KEY_3)
2026-09-05 03:22:21,839 [INFO] [72/121] DDP(동대문디자인플라자) (primary=KEY_4)
2026-09-05 03:22:23,048 [INFO] [73/121] DMC(디지털미디어시티) (primary=KEY_1)
2026-09-05 03:22:24,604 [INFO] [74/121] 가산디지털단지역 (primary=KEY_2)
2026-09-05 03:22:26,287 [INFO] [75/121] 강남역 (primary=KEY_3)
2026-09-05 03:22:27,681 [INFO] [76/121] 건대입구역 (primary=KEY_4)
2026-09-05 03:22:28,905 [INFO] [77/121] 고덕역 (primary=KEY_1)
2026-09-05 03:22:30,108 [INFO] [78/121] 고속터미널역 (primary=KEY_2)
2026-09-05 03:22:31,354 [INFO] [79/121] 교대역 (primary=KEY_3)
2026-09-05 03:22:32,412 [INFO] [80/121] 구로디지털단지역 (primary=KEY_4)
2026-09-05 03:22:33,922 [INFO] [81/121] 구로역 (primary=KEY_1)
2026-09-05 03:22:35,119 [INFO] [82/121] 군자역 (primary=KEY_2)
2026-09-05 03:22:36,165 [INFO] [83/121] 대림역 (primary=KEY_3)
2026-09-05 03:22:37,369 [INFO] [84/121] 동대문역 (primary=KEY_4)
2026-09-05 03:22:38,568 [INFO] [85/121] 뚝섬역 (primary=KEY_1)
2026-09-05 03:22:39,771 [INFO] [86/121] 미아사거리역 (primary=KEY_2)
2026-09-05 03:22:40,967 [INFO] [87/121] 발산역 (primary=KEY_3)
2026-09-05 03:22:42,353 [INFO] [88/121] 사당역 (primary=KEY_4)
2026-09-05 03:22:43,570 [INFO] [89/121] 삼각지역 (primary=KEY_1)
2026-09-05 03:22:44,635 [INFO] [90/121] 서울대입구역 (primary=KEY_2)
2026-09-05 03:22:45,834 [INFO] [91/121] 서울식물원·마곡나루역 (primary=KEY_3)
2026-09-05 03:22:47,189 [INFO] [92/121] 서울역 (primary=KEY_4)
2026-09-05 03:22:48,447 [INFO] [93/121] 선릉역 (primary=KEY_1)
2026-09-05 03:22:49,994 [INFO] [94/121] 성신여대입구역 (primary=KEY_2)
2026-09-05 03:22:51,058 [INFO] [95/121] 수유역 (primary=KEY_3)
2026-09-05 03:22:52,267 [INFO] [96/121] 숭례문 (primary=KEY_4)
2026-09-05 03:22:53,680 [INFO] [97/121] 시의회 앞 (primary=KEY_1)
2026-09-05 03:22:54,887 [INFO] [98/121] 신논현역·논현역 (primary=KEY_2)
2026-09-05 03:22:56,115 [INFO] [99/121] 신도림역 (primary=KEY_3)
2026-09-05 03:22:57,173 [INFO] [100/121] 신림역 (primary=KEY_4)
2026-09-05 03:22:58,234 [INFO] [101/121] 신정네거리역 (primary=KEY_1)
2026-09-05 03:22:59,423 [INFO] [102/121] 신촌·이대역 (primary=KEY_2)
2026-09-05 03:23:00,621 [INFO] [103/121] 쌍문역 (primary=KEY_3)
2026-09-05 03:23:01,828 [INFO] [104/121] 양재역 (primary=KEY_4)
2026-09-05 03:23:03,036 [INFO] [105/121] 역삼역 (primary=KEY_1)
2026-09-05 03:23:04,400 [INFO] [106/121] 연신내역 (primary=KEY_2)
2026-09-05 03:23:05,462 [INFO] [107/121] 오목교역·목동운동장 (primary=KEY_3)
2026-09-05 03:23:07,184 [INFO] [108/121] 왕십리역 (primary=KEY_4)
2026-09-05 03:23:08,419 [INFO] [109/121] 용산역 (primary=KEY_1)
2026-09-05 03:23:09,781 [INFO] [110/121] 이태원역 (primary=KEY_2)
2026-09-05 03:23:10,830 [INFO] [111/121] 잠실새내역 (primary=KEY_3)
2026-09-05 03:23:12,047 [INFO] [112/121] 잠실역 (primary=KEY_4)
2026-09-05 03:23:13,466 [INFO] [113/121] 장지역 (primary=KEY_1)
2026-09-05 03:23:14,830 [INFO] [114/121] 장한평역 (primary=KEY_2)
2026-09-05 03:23:16,036 [INFO] [115/121] 천호역 (primary=KEY_3)
2026-09-05 03:23:17,263 [INFO] [116/121] 총신대입구(이수)역 (primary=KEY_4)
2026-09-05 03:23:18,482 [INFO] [117/121] 충정로역 (primary=KEY_1)
2026-09-05 03:23:19,685 [INFO] [118/121] 합정역 (primary=KEY_2)
2026-09-05 03:23:20,902 [INFO] [119/121] 혜화역 (primary=KEY_3)
2026-09-05 03:23:22,102 [INFO] [120/121] 홍대입구역(2호선) (primary=KEY_4)
2026-09-05 03:23:23,320 [INFO] [121/121] 회기역 (primary=KEY_1)
2026-09-05 03:23:24,923 [INFO] === 수집 완료 | 성공 121, 실패 0 ===
2026-09-05 03:23:24,923 [INFO] 카테고리별 저장 결과:
2026-09-05 03:23:24,923 [INFO]    area_meta                 | 신규   121행 | 누적    121행 | 5컬럼
2026-09-05 03:23:24,923 [INFO]    bike                      | 신규    11행 | 누적     11행 | 12컬럼
2026-09-05 03:23:24,923 [INFO]    bike_sbike_stts           | 신규   544행 | 누적    544행 | 12컬럼
2026-09-05 03:23:24,923 [INFO]    bus                       | 신규     3행 | 누적      3행 | 11컬럼
2026-09-05 03:23:24,923 [INFO]    bus_bus_stn_stts          | 신규  1745행 | 누적   1745행 | 11컬럼
2026-09-05 03:23:24,923 [INFO]    charger                   | 신규     4행 | 누적      4행 | 15컬럼
2026-09-05 03:23:24,923 [INFO]    charger_charger_stts      | 신규  1929행 | 누적   1929행 | 15컬럼
2026-09-05 03:23:24,923 [INFO]    cmrcl                     | 신규    82행 | 누적     82행 | 20컬럼
2026-09-05 03:23:24,923 [INFO]    events                    | 신규    13행 | 누적     13행 | 14컬럼
2026-09-05 03:23:24,923 [INFO]    events_event_stts         | 신규   122행 | 누적    122행 | 14컬럼
2026-09-05 03:23:24,923 [INFO]    parking                   | 신규     6행 | 누적      6행 | 21컬럼
2026-09-05 03:23:24,923 [INFO]    parking_prk_stts          | 신규  1827행 | 누적   1827행 | 21컬럼
2026-09-05 03:23:24,923 [INFO]    ppltn                     | 신규   121행 | 누적    121행 | 26컬럼
2026-09-05 03:23:24,923 [INFO]    road                      | 신규   121행 | 누적    121행 | 21컬럼
2026-09-05 03:23:24,923 [INFO]    road_road_traffic_stts    | 신규  5293행 | 누적   5293행 | 17컬럼
2026-09-05 03:23:24,923 [INFO]    subway                    | 신규    38행 | 누적     38행 | 12컬럼
2026-09-05 03:23:24,923 [INFO]    subway_sub_stts           | 신규   183행 | 누적    183행 | 13컬럼
2026-09-05 03:23:24,923 [INFO]    weather                   | 신규   119행 | 누적    119행 | 29컬럼
2026-09-05 03:23:24,923 [INFO] 키별 사용량:
2026-09-05 03:23:24,923 [INFO]    🟢 KEY_1 (31/1000) 
2026-09-05 03:23:24,924 [INFO]    🟢 KEY_2 (30/1000) 
2026-09-05 03:23:24,924 [INFO]    🟢 KEY_3 (30/1000) 
2026-09-05 03:23:24,924 [INFO]    🟢 KEY_4 (30/1000) 
2026-09-05 06:24:50,945 [INFO] 등록된 키: 4개, 합산 한도 4,000건/일
2026-09-05 06:24:50,945 [INFO] POI 로드: 매뉴얼 v8.5 기준 fallback 121개 (121개 전체)
2026-09-05 06:24:50,945 [INFO] === 수집 시작 2026-09-05T06:24:50.945908+09:00 ===
2026-09-05 06:24:50,946 [INFO] 대상 장소: 121개 | API: citydata (통합)
2026-09-05 06:24:50,946 [INFO] 키 풀: 4/4 활성 | 오늘 사용 0/4000건
2026-09-05 06:24:50,946 [INFO]   [KEY_1] 담당 31장소
2026-09-05 06:24:50,946 [INFO]   [KEY_2] 담당 30장소
2026-09-05 06:24:50,946 [INFO]   [KEY_3] 담당 30장소
2026-09-05 06:24:50,946 [INFO]   [KEY_4] 담당 30장소
2026-09-05 06:24:50,946 [INFO] [1/121] 경복궁 (primary=KEY_1)
2026-09-05 06:24:53,134 [INFO] [2/121] 광화문·덕수궁 (primary=KEY_2)
2026-09-05 06:24:55,719 [INFO] [3/121] 보신각 (primary=KEY_3)
2026-09-05 06:24:57,781 [INFO] [4/121] 서울 암사동 유적 (primary=KEY_4)
2026-09-05 06:24:59,979 [INFO] [5/121] 창덕궁·종묘 (primary=KEY_1)
2026-09-05 06:25:02,004 [INFO] [6/121] 강남 MICE 관광특구 (primary=KEY_2)
2026-09-05 06:25:04,063 [INFO] [7/121] 동대문 관광특구 (primary=KEY_3)
2026-09-05 06:25:06,126 [INFO] [8/121] 명동 관광특구 (primary=KEY_4)
2026-09-05 06:25:07,856 [INFO] [9/121] 이태원 관광특구 (primary=KEY_1)
2026-09-05 06:25:09,896 [INFO] [10/121] 잠실 관광특구 (primary=KEY_2)
2026-09-05 06:25:11,627 [INFO] [11/121] 종로·청계 관광특구 (primary=KEY_3)
2026-09-05 06:25:14,214 [INFO] [12/121] 홍대 관광특구 (primary=KEY_4)
2026-09-05 06:25:15,754 [INFO] [13/121] 강서한강공원 (primary=KEY_1)
2026-09-05 06:25:17,574 [INFO] [14/121] 고척돔 (primary=KEY_2)
2026-09-05 06:25:18,683 [INFO] [15/121] 광나루한강공원 (primary=KEY_3)
2026-09-05 06:25:20,683 [INFO] [16/121] 광화문광장 (primary=KEY_4)
2026-09-05 06:25:22,865 [INFO] [17/121] 국립중앙박물관·용산가족공원 (primary=KEY_1)
2026-09-05 06:25:24,532 [INFO] [18/121] 난지한강공원 (primary=KEY_2)
2026-09-05 06:25:25,822 [INFO] [19/121] 남산공원 (primary=KEY_3)
2026-09-05 06:25:27,375 [INFO] [20/121] 노들섬 (primary=KEY_4)
2026-09-05 06:25:29,204 [INFO] [21/121] 뚝섬한강공원 (primary=KEY_1)
2026-09-05 06:25:31,069 [INFO] [22/121] 망원한강공원 (primary=KEY_2)
2026-09-05 06:25:32,365 [INFO] [23/121] 반포한강공원 (primary=KEY_3)
2026-09-05 06:25:33,490 [INFO] [24/121] 보라매공원 (primary=KEY_4)
2026-09-05 06:25:34,655 [INFO] [25/121] 북서울꿈의숲 (primary=KEY_1)
2026-09-05 06:25:35,960 [INFO] [26/121] 서대문독립공원 (primary=KEY_2)
2026-09-05 06:25:37,826 [INFO] [27/121] 서리풀공원·몽마르뜨공원 (primary=KEY_3)
2026-09-05 06:25:40,083 [INFO] [28/121] 서울대공원 (primary=KEY_4)
2026-09-05 06:25:41,909 [INFO] [29/121] 서울숲공원 (primary=KEY_1)
2026-09-05 06:25:43,234 [INFO] [30/121] 송현녹지광장 (primary=KEY_2)
2026-09-05 06:25:44,708 [INFO] [31/121] 아차산 (primary=KEY_3)
2026-09-05 06:25:46,546 [INFO] [32/121] 안양천 (primary=KEY_4)
2026-09-05 06:25:47,668 [INFO] [33/121] 양화한강공원 (primary=KEY_1)
2026-09-05 06:25:48,775 [INFO] [34/121] 어린이대공원 (primary=KEY_2)
2026-09-05 06:25:50,076 [INFO] [35/121] 여의도한강공원 (primary=KEY_3)
2026-09-05 06:25:51,402 [INFO] [36/121] 여의서로 (primary=KEY_4)
2026-09-05 06:25:52,689 [INFO] [37/121] 올림픽공원 (primary=KEY_1)
2026-09-05 06:25:54,730 [INFO] [38/121] 월드컵공원 (primary=KEY_2)
2026-09-05 06:25:56,232 [INFO] [39/121] 응봉산 (primary=KEY_3)
2026-09-05 06:25:57,518 [INFO] [40/121] 이촌한강공원 (primary=KEY_4)
2026-09-05 06:25:58,629 [INFO] [41/121] 잠실종합운동장 (primary=KEY_1)
2026-09-05 06:25:59,749 [INFO] [42/121] 잠실한강공원 (primary=KEY_2)
2026-09-05 06:26:00,874 [INFO] [43/121] 잠원한강공원 (primary=KEY_3)
2026-09-05 06:26:03,077 [INFO] [44/121] 청계산 (primary=KEY_4)
2026-09-05 06:26:04,172 [INFO] [45/121] 홍제폭포 (primary=KEY_1)
2026-09-05 06:26:05,300 [INFO] [46/121] 가락시장 (primary=KEY_2)
2026-09-05 06:26:06,609 [INFO] [47/121] 가로수길 (primary=KEY_3)
2026-09-05 06:26:07,928 [INFO] [48/121] 광장(전통)시장 (primary=KEY_4)
2026-09-05 06:26:09,052 [INFO] [49/121] 김포공항 (primary=KEY_1)
2026-09-05 06:26:10,549 [INFO] [50/121] 남대문시장 (primary=KEY_2)
2026-09-05 06:26:12,566 [INFO] [51/121] 노량진 (primary=KEY_3)
2026-09-05 06:26:13,872 [INFO] [52/121] 덕수궁길·정동길 (primary=KEY_4)
2026-09-05 06:26:15,181 [INFO] [53/121] 북창동 먹자골목 (primary=KEY_1)
2026-09-05 06:26:16,470 [INFO] [54/121] 북촌한옥마을 (primary=KEY_2)
2026-09-05 06:26:18,670 [INFO] [55/121] 서촌 (primary=KEY_3)
2026-09-05 06:26:19,957 [INFO] [56/121] 성수카페거리 (primary=KEY_4)
2026-09-05 06:26:21,478 [INFO] [57/121] 송리단길·호수단길 (primary=KEY_1)
2026-09-05 06:26:22,789 [INFO] [58/121] 신촌 스타광장 (primary=KEY_2)
2026-09-05 06:26:23,914 [INFO] [59/121] 압구정로데오거리 (primary=KEY_3)
2026-09-05 06:26:25,215 [INFO] [60/121] 여의도 (primary=KEY_4)
2026-09-05 06:26:27,316 [INFO] [61/121] 연남동 (primary=KEY_1)
2026-09-05 06:26:29,694 [INFO] [62/121] 영등포 타임스퀘어 (primary=KEY_2)
2026-09-05 06:26:32,093 [INFO] [63/121] 용리단길 (primary=KEY_3)
2026-09-05 06:26:33,975 [INFO] [64/121] 이태원 앤틱가구거리 (primary=KEY_4)
2026-09-05 06:26:35,103 [INFO] [65/121] 익선동 (primary=KEY_1)
2026-09-05 06:26:36,443 [INFO] [66/121] 인사동 (primary=KEY_2)
2026-09-05 06:26:38,664 [INFO] [67/121] 잠실롯데타워·석촌호수 (primary=KEY_3)
2026-09-05 06:26:41,068 [INFO] [68/121] 창동 신경제 중심지 (primary=KEY_4)
2026-09-05 06:26:43,491 [INFO] [69/121] 청담동 명품거리 (primary=KEY_1)
2026-09-05 06:26:45,527 [INFO] [70/121] 청량리 제기동 일대 전통시장 (primary=KEY_2)
2026-09-05 06:26:47,833 [INFO] [71/121] 해방촌·경리단길 (primary=KEY_3)
2026-09-05 06:26:48,954 [INFO] [72/121] DDP(동대문디자인플라자) (primary=KEY_4)
2026-09-05 06:26:51,004 [INFO] [73/121] DMC(디지털미디어시티) (primary=KEY_1)
2026-09-05 06:26:52,709 [INFO] [74/121] 가산디지털단지역 (primary=KEY_2)
2026-09-05 06:26:55,499 [INFO] [75/121] 강남역 (primary=KEY_3)
2026-09-05 06:26:57,050 [INFO] [76/121] 건대입구역 (primary=KEY_4)
2026-09-05 06:26:58,361 [INFO] [77/121] 고덕역 (primary=KEY_1)
2026-09-05 06:26:59,661 [INFO] [78/121] 고속터미널역 (primary=KEY_2)
2026-09-05 06:27:01,725 [INFO] [79/121] 교대역 (primary=KEY_3)
2026-09-05 06:27:03,770 [INFO] [80/121] 구로디지털단지역 (primary=KEY_4)
2026-09-05 06:27:06,184 [INFO] [81/121] 구로역 (primary=KEY_1)
2026-09-05 06:27:07,477 [INFO] [82/121] 군자역 (primary=KEY_2)
2026-09-05 06:27:09,531 [INFO] [83/121] 대림역 (primary=KEY_3)
2026-09-05 06:27:11,379 [INFO] [84/121] 동대문역 (primary=KEY_4)
2026-09-05 06:27:13,416 [INFO] [85/121] 뚝섬역 (primary=KEY_1)
2026-09-05 06:27:15,487 [INFO] [86/121] 미아사거리역 (primary=KEY_2)
2026-09-05 06:27:17,753 [INFO] [87/121] 발산역 (primary=KEY_3)
2026-09-05 06:27:19,530 [INFO] [88/121] 사당역 (primary=KEY_4)
2026-09-05 06:27:20,840 [INFO] [89/121] 삼각지역 (primary=KEY_1)
2026-09-05 06:27:21,963 [INFO] [90/121] 서울대입구역 (primary=KEY_2)
2026-09-05 06:27:23,295 [INFO] [91/121] 서울식물원·마곡나루역 (primary=KEY_3)
2026-09-05 06:27:24,773 [INFO] [92/121] 서울역 (primary=KEY_4)
2026-09-05 06:27:26,338 [INFO] [93/121] 선릉역 (primary=KEY_1)
2026-09-05 06:27:28,031 [INFO] [94/121] 성신여대입구역 (primary=KEY_2)
2026-09-05 06:27:29,168 [INFO] [95/121] 수유역 (primary=KEY_3)
2026-09-05 06:27:30,472 [INFO] [96/121] 숭례문 (primary=KEY_4)
2026-09-05 06:27:31,968 [INFO] [97/121] 시의회 앞 (primary=KEY_1)
2026-09-05 06:27:33,996 [INFO] [98/121] 신논현역·논현역 (primary=KEY_2)
2026-09-05 06:27:35,308 [INFO] [99/121] 신도림역 (primary=KEY_3)
2026-09-05 06:27:37,219 [INFO] [100/121] 신림역 (primary=KEY_4)
2026-09-05 06:27:39,252 [INFO] [101/121] 신정네거리역 (primary=KEY_1)
2026-09-05 06:27:40,547 [INFO] [102/121] 신촌·이대역 (primary=KEY_2)
2026-09-05 06:27:41,857 [INFO] [103/121] 쌍문역 (primary=KEY_3)
2026-09-05 06:27:43,154 [INFO] [104/121] 양재역 (primary=KEY_4)
2026-09-05 06:27:44,460 [INFO] [105/121] 역삼역 (primary=KEY_1)
2026-09-05 06:27:45,958 [INFO] [106/121] 연신내역 (primary=KEY_2)
2026-09-05 06:27:48,200 [INFO] [107/121] 오목교역·목동운동장 (primary=KEY_3)
2026-09-05 06:27:50,110 [INFO] [108/121] 왕십리역 (primary=KEY_4)
2026-09-05 06:27:51,613 [INFO] [109/121] 용산역 (primary=KEY_1)
2026-09-05 06:27:53,139 [INFO] [110/121] 이태원역 (primary=KEY_2)
2026-09-05 06:27:54,262 [INFO] [111/121] 잠실새내역 (primary=KEY_3)
2026-09-05 06:27:55,634 [INFO] [112/121] 잠실역 (primary=KEY_4)
2026-09-05 06:27:57,174 [INFO] [113/121] 장지역 (primary=KEY_1)
2026-09-05 06:27:58,659 [INFO] [114/121] 장한평역 (primary=KEY_2)
2026-09-05 06:27:59,973 [INFO] [115/121] 천호역 (primary=KEY_3)
2026-09-05 06:28:01,331 [INFO] [116/121] 총신대입구(이수)역 (primary=KEY_4)
2026-09-05 06:28:02,645 [INFO] [117/121] 충정로역 (primary=KEY_1)
2026-09-05 06:28:03,975 [INFO] [118/121] 합정역 (primary=KEY_2)
2026-09-05 06:28:05,309 [INFO] [119/121] 혜화역 (primary=KEY_3)
2026-09-05 06:28:06,619 [INFO] [120/121] 홍대입구역(2호선) (primary=KEY_4)
2026-09-05 06:28:07,968 [INFO] [121/121] 회기역 (primary=KEY_1)
2026-09-05 06:28:09,975 [INFO] === 수집 완료 | 성공 121, 실패 0 ===
2026-09-05 06:28:09,976 [INFO] 카테고리별 저장 결과:
2026-09-05 06:28:09,976 [INFO]    accident                  | 신규     2행 | 누적      2행 | 16컬럼
2026-09-05 06:28:09,976 [INFO]    area_meta                 | 신규   121행 | 누적    242행 | 5컬럼
2026-09-05 06:28:09,976 [INFO]    bike                      | 신규    11행 | 누적     22행 | 12컬럼
2026-09-05 06:28:09,976 [INFO]    bike_sbike_stts           | 신규   544행 | 누적   1088행 | 12컬럼
2026-09-05 06:28:09,976 [INFO]    bus                       | 신규     3행 | 누적      6행 | 11컬럼
2026-09-05 06:28:09,976 [INFO]    bus_bus_stn_stts          | 신규  1745행 | 누적   3490행 | 11컬럼
2026-09-05 06:28:09,976 [INFO]    charger                   | 신규     4행 | 누적      8행 | 15컬럼
2026-09-05 06:28:09,976 [INFO]    charger_charger_stts      | 신규  1929행 | 누적   3832행 | 15컬럼
2026-09-05 06:28:09,976 [INFO]    cmrcl                     | 신규    82행 | 누적    164행 | 20컬럼
2026-09-05 06:28:09,976 [INFO]    events                    | 신규    13행 | 누적     26행 | 14컬럼
2026-09-05 06:28:09,976 [INFO]    events_event_stts         | 신규   120행 | 누적    242행 | 14컬럼
2026-09-05 06:28:09,976 [INFO]    parking                   | 신규     6행 | 누적     12행 | 21컬럼
2026-09-05 06:28:09,976 [INFO]    parking_prk_stts          | 신규  1827행 | 누적   3654행 | 21컬럼
2026-09-05 06:28:09,976 [INFO]    ppltn                     | 신규   121행 | 누적    242행 | 26컬럼
2026-09-05 06:28:09,976 [INFO]    road                      | 신규   121행 | 누적    242행 | 21컬럼
2026-09-05 06:28:09,976 [INFO]    road_road_traffic_stts    | 신규  5293행 | 누적  10586행 | 17컬럼
2026-09-05 06:28:09,976 [INFO]    subway                    | 신규    38행 | 누적     76행 | 12컬럼
2026-09-05 06:28:09,976 [INFO]    subway_sub_stts           | 신규   183행 | 누적    366행 | 13컬럼
2026-09-05 06:28:09,976 [INFO]    weather                   | 신규   119행 | 누적    238행 | 29컬럼
2026-09-05 06:28:09,976 [INFO] 키별 사용량:
2026-09-05 06:28:09,976 [INFO]    🟢 KEY_1 (31/1000) 
2026-09-05 06:28:09,977 [INFO]    🟢 KEY_2 (30/1000) 
2026-09-05 06:28:09,977 [INFO]    🟢 KEY_3 (30/1000) 
2026-09-05 06:28:09,977 [INFO]    🟢 KEY_4 (30/1000) 
2026-09-05 08:59:01,492 [INFO] 등록된 키: 4개, 합산 한도 4,000건/일
2026-09-05 08:59:01,493 [INFO] POI 로드: 매뉴얼 v8.5 기준 fallback 121개 (121개 전체)
2026-09-05 08:59:01,493 [INFO] === 수집 시작 2026-09-05T08:59:01.493532+09:00 ===
2026-09-05 08:59:01,493 [INFO] 대상 장소: 121개 | API: citydata (통합)
2026-09-05 08:59:01,493 [INFO] 키 풀: 4/4 활성 | 오늘 사용 0/4000건
2026-09-05 08:59:01,493 [INFO]   [KEY_1] 담당 31장소
2026-09-05 08:59:01,493 [INFO]   [KEY_2] 담당 30장소
2026-09-05 08:59:01,493 [INFO]   [KEY_3] 담당 30장소
2026-09-05 08:59:01,494 [INFO]   [KEY_4] 담당 30장소
2026-09-05 08:59:01,494 [INFO] [1/121] 경복궁 (primary=KEY_1)
2026-09-05 08:59:03,469 [INFO] [2/121] 광화문·덕수궁 (primary=KEY_2)
2026-09-05 08:59:05,605 [INFO] [3/121] 보신각 (primary=KEY_3)
2026-09-05 08:59:07,447 [INFO] [4/121] 서울 암사동 유적 (primary=KEY_4)
2026-09-05 08:59:08,422 [INFO] [5/121] 창덕궁·종묘 (primary=KEY_1)
2026-09-05 08:59:10,388 [INFO] [6/121] 강남 MICE 관광특구 (primary=KEY_2)
2026-09-05 08:59:11,542 [INFO] [7/121] 동대문 관광특구 (primary=KEY_3)
2026-09-05 08:59:13,129 [INFO] [8/121] 명동 관광특구 (primary=KEY_4)
2026-09-05 08:59:15,347 [INFO] [9/121] 이태원 관광특구 (primary=KEY_1)
2026-09-05 08:59:16,606 [INFO] [10/121] 잠실 관광특구 (primary=KEY_2)
2026-09-05 08:59:18,079 [INFO] [11/121] 종로·청계 관광특구 (primary=KEY_3)
2026-09-05 08:59:20,210 [INFO] [12/121] 홍대 관광특구 (primary=KEY_4)
2026-09-05 08:59:21,598 [INFO] [13/121] 강서한강공원 (primary=KEY_1)
2026-09-05 08:59:22,585 [INFO] [14/121] 고척돔 (primary=KEY_2)
2026-09-05 08:59:23,565 [INFO] [15/121] 광나루한강공원 (primary=KEY_3)
2026-09-05 08:59:25,233 [INFO] [16/121] 광화문광장 (primary=KEY_4)
2026-09-05 08:59:27,044 [INFO] [17/121] 국립중앙박물관·용산가족공원 (primary=KEY_1)
2026-09-05 08:59:28,030 [INFO] [18/121] 난지한강공원 (primary=KEY_2)
2026-09-05 08:59:29,016 [INFO] [19/121] 남산공원 (primary=KEY_3)
2026-09-05 08:59:30,308 [INFO] [20/121] 노들섬 (primary=KEY_4)
2026-09-05 08:59:31,966 [INFO] [21/121] 뚝섬한강공원 (primary=KEY_1)
2026-09-05 08:59:32,972 [INFO] [22/121] 망원한강공원 (primary=KEY_2)
2026-09-05 08:59:34,800 [INFO] [23/121] 반포한강공원 (primary=KEY_3)
2026-09-05 08:59:35,787 [INFO] [24/121] 보라매공원 (primary=KEY_4)
2026-09-05 08:59:36,795 [INFO] [25/121] 북서울꿈의숲 (primary=KEY_1)
2026-09-05 08:59:37,940 [INFO] [26/121] 서대문독립공원 (primary=KEY_2)
2026-09-05 08:59:39,613 [INFO] [27/121] 서리풀공원·몽마르뜨공원 (primary=KEY_3)
2026-09-05 08:59:40,955 [INFO] [28/121] 서울대공원 (primary=KEY_4)
2026-09-05 08:59:42,082 [INFO] [29/121] 서울숲공원 (primary=KEY_1)
2026-09-05 08:59:43,204 [INFO] [30/121] 송현녹지광장 (primary=KEY_2)
2026-09-05 08:59:44,329 [INFO] [31/121] 아차산 (primary=KEY_3)
2026-09-05 08:59:45,451 [INFO] [32/121] 안양천 (primary=KEY_4)
2026-09-05 08:59:46,448 [INFO] [33/121] 양화한강공원 (primary=KEY_1)
2026-09-05 08:59:47,436 [INFO] [34/121] 어린이대공원 (primary=KEY_2)
2026-09-05 08:59:49,138 [INFO] [35/121] 여의도한강공원 (primary=KEY_3)
2026-09-05 08:59:50,252 [INFO] [36/121] 여의서로 (primary=KEY_4)
2026-09-05 08:59:51,356 [INFO] [37/121] 올림픽공원 (primary=KEY_1)
2026-09-05 08:59:52,499 [INFO] [38/121] 월드컵공원 (primary=KEY_2)
2026-09-05 08:59:53,775 [INFO] [39/121] 응봉산 (primary=KEY_3)
2026-09-05 08:59:55,730 [INFO] [40/121] 이촌한강공원 (primary=KEY_4)
2026-09-05 08:59:56,709 [INFO] [41/121] 잠실종합운동장 (primary=KEY_1)
2026-09-05 08:59:57,693 [INFO] [42/121] 잠실한강공원 (primary=KEY_2)
2026-09-05 08:59:58,689 [INFO] [43/121] 잠원한강공원 (primary=KEY_3)
2026-09-05 08:59:59,659 [INFO] [44/121] 청계산 (primary=KEY_4)
2026-09-05 09:00:01,638 [INFO] [45/121] 홍제폭포 (primary=KEY_1)
2026-09-05 09:00:02,848 [INFO] [46/121] 가락시장 (primary=KEY_2)
2026-09-05 09:00:04,146 [INFO] [47/121] 가로수길 (primary=KEY_3)
2026-09-05 09:00:06,221 [INFO] [48/121] 광장(전통)시장 (primary=KEY_4)
2026-09-05 09:00:07,247 [INFO] [49/121] 김포공항 (primary=KEY_1)
2026-09-05 09:00:08,518 [INFO] [50/121] 남대문시장 (primary=KEY_2)
2026-09-05 09:00:09,741 [INFO] [51/121] 노량진 (primary=KEY_3)
2026-09-05 09:00:10,936 [INFO] [52/121] 덕수궁길·정동길 (primary=KEY_4)
2026-09-05 09:00:12,159 [INFO] [53/121] 북창동 먹자골목 (primary=KEY_1)
2026-09-05 09:00:13,289 [INFO] [54/121] 북촌한옥마을 (primary=KEY_2)
2026-09-05 09:00:14,580 [INFO] [55/121] 서촌 (primary=KEY_3)
2026-09-05 09:00:15,735 [INFO] [56/121] 성수카페거리 (primary=KEY_4)
2026-09-05 09:00:17,027 [INFO] [57/121] 송리단길·호수단길 (primary=KEY_1)
2026-09-05 09:00:18,833 [INFO] [58/121] 신촌 스타광장 (primary=KEY_2)
2026-09-05 09:00:19,824 [INFO] [59/121] 압구정로데오거리 (primary=KEY_3)
2026-09-05 09:00:20,967 [INFO] [60/121] 여의도 (primary=KEY_4)
2026-09-05 09:00:22,783 [INFO] [61/121] 연남동 (primary=KEY_1)
2026-09-05 09:00:23,912 [INFO] [62/121] 영등포 타임스퀘어 (primary=KEY_2)
2026-09-05 09:00:25,089 [INFO] [63/121] 용리단길 (primary=KEY_3)
2026-09-05 09:00:27,050 [INFO] [64/121] 이태원 앤틱가구거리 (primary=KEY_4)
2026-09-05 09:00:28,157 [INFO] [65/121] 익선동 (primary=KEY_1)
2026-09-05 09:00:29,315 [INFO] [66/121] 인사동 (primary=KEY_2)
2026-09-05 09:00:30,599 [INFO] [67/121] 잠실롯데타워·석촌호수 (primary=KEY_3)
2026-09-05 09:00:32,062 [INFO] [68/121] 창동 신경제 중심지 (primary=KEY_4)
2026-09-05 09:00:33,798 [INFO] [69/121] 청담동 명품거리 (primary=KEY_1)
2026-09-05 09:00:34,927 [INFO] [70/121] 청량리 제기동 일대 전통시장 (primary=KEY_2)
2026-09-05 09:00:36,089 [INFO] [71/121] 해방촌·경리단길 (primary=KEY_3)
2026-09-05 09:00:37,082 [INFO] [72/121] DDP(동대문디자인플라자) (primary=KEY_4)
2026-09-05 09:00:38,252 [INFO] [73/121] DMC(디지털미디어시티) (primary=KEY_1)
2026-09-05 09:00:39,780 [INFO] [74/121] 가산디지털단지역 (primary=KEY_2)
2026-09-05 09:00:41,330 [INFO] [75/121] 강남역 (primary=KEY_3)
2026-09-05 09:00:42,707 [INFO] [76/121] 건대입구역 (primary=KEY_4)
2026-09-05 09:00:45,118 [INFO] [77/121] 고덕역 (primary=KEY_1)
2026-09-05 09:00:46,230 [INFO] [78/121] 고속터미널역 (primary=KEY_2)
2026-09-05 09:00:47,930 [INFO] [79/121] 교대역 (primary=KEY_3)
2026-09-05 09:00:49,191 [INFO] [80/121] 구로디지털단지역 (primary=KEY_4)
2026-09-05 09:00:50,610 [INFO] [81/121] 구로역 (primary=KEY_1)
2026-09-05 09:00:51,736 [INFO] [82/121] 군자역 (primary=KEY_2)
2026-09-05 09:00:52,866 [INFO] [83/121] 대림역 (primary=KEY_3)
2026-09-05 09:00:54,705 [INFO] [84/121] 동대문역 (primary=KEY_4)
2026-09-05 09:00:55,837 [INFO] [85/121] 뚝섬역 (primary=KEY_1)
2026-09-05 09:00:56,977 [INFO] [86/121] 미아사거리역 (primary=KEY_2)
2026-09-05 09:00:58,129 [INFO] [87/121] 발산역 (primary=KEY_3)
2026-09-05 09:00:59,664 [INFO] [88/121] 사당역 (primary=KEY_4)
2026-09-05 09:01:00,797 [INFO] [89/121] 삼각지역 (primary=KEY_1)
2026-09-05 09:01:01,921 [INFO] [90/121] 서울대입구역 (primary=KEY_2)
2026-09-05 09:01:03,038 [INFO] [91/121] 서울식물원·마곡나루역 (primary=KEY_3)
2026-09-05 09:01:05,030 [INFO] [92/121] 서울역 (primary=KEY_4)
2026-09-05 09:01:06,367 [INFO] [93/121] 선릉역 (primary=KEY_1)
2026-09-05 09:01:07,812 [INFO] [94/121] 성신여대입구역 (primary=KEY_2)
2026-09-05 09:01:08,942 [INFO] [95/121] 수유역 (primary=KEY_3)
2026-09-05 09:01:10,751 [INFO] [96/121] 숭례문 (primary=KEY_4)
2026-09-05 09:01:12,069 [INFO] [97/121] 시의회 앞 (primary=KEY_1)
2026-09-05 09:01:13,200 [INFO] [98/121] 신논현역·논현역 (primary=KEY_2)
2026-09-05 09:01:14,366 [INFO] [99/121] 신도림역 (primary=KEY_3)
2026-09-05 09:01:15,487 [INFO] [100/121] 신림역 (primary=KEY_4)
2026-09-05 09:01:16,645 [INFO] [101/121] 신정네거리역 (primary=KEY_1)
2026-09-05 09:01:17,902 [INFO] [102/121] 신촌·이대역 (primary=KEY_2)
2026-09-05 09:01:19,037 [INFO] [103/121] 쌍문역 (primary=KEY_3)
2026-09-05 09:01:20,723 [INFO] [104/121] 양재역 (primary=KEY_4)
2026-09-05 09:01:21,850 [INFO] [105/121] 역삼역 (primary=KEY_1)
2026-09-05 09:01:23,134 [INFO] [106/121] 연신내역 (primary=KEY_2)
2026-09-05 09:01:24,352 [INFO] [107/121] 오목교역·목동운동장 (primary=KEY_3)
2026-09-05 09:01:25,926 [INFO] [108/121] 왕십리역 (primary=KEY_4)
2026-09-05 09:01:27,211 [INFO] [109/121] 용산역 (primary=KEY_1)
2026-09-05 09:01:29,581 [INFO] [110/121] 이태원역 (primary=KEY_2)
2026-09-05 09:01:31,265 [INFO] [111/121] 잠실새내역 (primary=KEY_3)
2026-09-05 09:01:32,531 [INFO] [112/121] 잠실역 (primary=KEY_4)
2026-09-05 09:01:33,809 [INFO] [113/121] 장지역 (primary=KEY_1)
2026-09-05 09:01:35,169 [INFO] [114/121] 장한평역 (primary=KEY_2)
2026-09-05 09:01:36,307 [INFO] [115/121] 천호역 (primary=KEY_3)
2026-09-05 09:01:37,450 [INFO] [116/121] 총신대입구(이수)역 (primary=KEY_4)
2026-09-05 09:01:38,575 [INFO] [117/121] 충정로역 (primary=KEY_1)
2026-09-05 09:01:39,733 [INFO] [118/121] 합정역 (primary=KEY_2)
2026-09-05 09:01:40,873 [INFO] [119/121] 혜화역 (primary=KEY_3)
2026-09-05 09:01:42,020 [INFO] [120/121] 홍대입구역(2호선) (primary=KEY_4)
2026-09-05 09:01:43,148 [INFO] [121/121] 회기역 (primary=KEY_1)
2026-09-05 09:01:45,144 [INFO] === 수집 완료 | 성공 121, 실패 0 ===
2026-09-05 09:01:45,145 [INFO] 카테고리별 저장 결과:
2026-09-05 09:01:45,145 [INFO]    accident                  | 신규     2행 | 누적      4행 | 16컬럼
2026-09-05 09:01:45,145 [INFO]    accident_acdnt_cntrl_stts | 신규     2행 | 누적      2행 | 16컬럼
2026-09-05 09:01:45,145 [INFO]    area_meta                 | 신규   121행 | 누적    363행 | 5컬럼
2026-09-05 09:01:45,145 [INFO]    bike                      | 신규    11행 | 누적     33행 | 12컬럼
2026-09-05 09:01:45,145 [INFO]    bike_sbike_stts           | 신규   540행 | 누적   1628행 | 12컬럼
2026-09-05 09:01:45,145 [INFO]    bus                       | 신규     3행 | 누적      9행 | 11컬럼
2026-09-05 09:01:45,145 [INFO]    bus_bus_stn_stts          | 신규  1736행 | 누적   5226행 | 11컬럼
2026-09-05 09:01:45,145 [INFO]    charger                   | 신규     4행 | 누적     12행 | 15컬럼
2026-09-05 09:01:45,145 [INFO]    charger_charger_stts      | 신규  1927행 | 누적   5746행 | 15컬럼
2026-09-05 09:01:45,145 [INFO]    cmrcl                     | 신규    81행 | 누적    245행 | 20컬럼
2026-09-05 09:01:45,145 [INFO]    events                    | 신규    13행 | 누적     39행 | 14컬럼
2026-09-05 09:01:45,145 [INFO]    events_event_stts         | 신규   120행 | 누적    362행 | 14컬럼
2026-09-05 09:01:45,145 [INFO]    parking                   | 신규     6행 | 누적     18행 | 21컬럼
2026-09-05 09:01:45,145 [INFO]    parking_prk_stts          | 신규  1827행 | 누적   5481행 | 21컬럼
2026-09-05 09:01:45,145 [INFO]    ppltn                     | 신규   119행 | 누적    361행 | 26컬럼
2026-09-05 09:01:45,145 [INFO]    road                      | 신규   119행 | 누적    361행 | 21컬럼
2026-09-05 09:01:45,145 [INFO]    road_road_traffic_stts    | 신규  5261행 | 누적  15847행 | 17컬럼
2026-09-05 09:01:45,146 [INFO]    subway                    | 신규    38행 | 누적    114행 | 12컬럼
2026-09-05 09:01:45,146 [INFO]    subway_sub_stts           | 신규   180행 | 누적    546행 | 13컬럼
2026-09-05 09:01:45,146 [INFO]    weather                   | 신규   117행 | 누적    355행 | 29컬럼
2026-09-05 09:01:45,146 [INFO] 키별 사용량:
2026-09-05 09:01:45,146 [INFO]    🟢 KEY_1 (31/1000) 
2026-09-05 09:01:45,146 [INFO]    🟢 KEY_2 (30/1000) 
2026-09-05 09:01:45,146 [INFO]    🟢 KEY_3 (30/1000) 
2026-09-05 09:01:45,146 [INFO]    🟢 KEY_4 (30/1000) 
2026-09-05 13:17:48,421 [INFO] 등록된 키: 4개, 합산 한도 4,000건/일
2026-09-05 13:17:48,422 [INFO] POI 로드: 매뉴얼 v8.5 기준 fallback 121개 (121개 전체)
2026-09-05 13:17:48,422 [INFO] === 수집 시작 2026-09-05T13:17:48.422584+09:00 ===
2026-09-05 13:17:48,422 [INFO] 대상 장소: 121개 | API: citydata (통합)
2026-09-05 13:17:48,422 [INFO] 키 풀: 4/4 활성 | 오늘 사용 0/4000건
2026-09-05 13:17:48,422 [INFO]   [KEY_1] 담당 31장소
2026-09-05 13:17:48,422 [INFO]   [KEY_2] 담당 30장소
2026-09-05 13:17:48,423 [INFO]   [KEY_3] 담당 30장소
2026-09-05 13:17:48,423 [INFO]   [KEY_4] 담당 30장소
2026-09-05 13:17:48,423 [INFO] [1/121] 경복궁 (primary=KEY_1)
2026-09-05 13:17:51,563 [INFO] [2/121] 광화문·덕수궁 (primary=KEY_2)
2026-09-05 13:17:54,072 [INFO] [3/121] 보신각 (primary=KEY_3)
2026-09-05 13:17:56,217 [INFO] [4/121] 서울 암사동 유적 (primary=KEY_4)
2026-09-05 13:17:57,350 [INFO] [5/121] 창덕궁·종묘 (primary=KEY_1)
2026-09-05 13:17:59,451 [INFO] [6/121] 강남 MICE 관광특구 (primary=KEY_2)
2026-09-05 13:18:01,937 [INFO] [7/121] 동대문 관광특구 (primary=KEY_3)
2026-09-05 13:18:03,773 [INFO] [8/121] 명동 관광특구 (primary=KEY_4)
2026-09-05 13:18:06,632 [INFO] [9/121] 이태원 관광특구 (primary=KEY_1)
2026-09-05 13:18:08,183 [INFO] [10/121] 잠실 관광특구 (primary=KEY_2)
2026-09-05 13:18:10,923 [INFO] [11/121] 종로·청계 관광특구 (primary=KEY_3)
2026-09-05 13:18:13,137 [INFO] [12/121] 홍대 관광특구 (primary=KEY_4)
2026-09-05 13:18:15,521 [INFO] [13/121] 강서한강공원 (primary=KEY_1)
2026-09-05 13:18:17,413 [INFO] [14/121] 고척돔 (primary=KEY_2)
2026-09-05 13:18:19,510 [INFO] [15/121] 광나루한강공원 (primary=KEY_3)
2026-09-05 13:18:21,603 [INFO] [16/121] 광화문광장 (primary=KEY_4)
2026-09-05 13:18:23,897 [INFO] [17/121] 국립중앙박물관·용산가족공원 (primary=KEY_1)
2026-09-05 13:18:25,050 [INFO] [18/121] 난지한강공원 (primary=KEY_2)
2026-09-05 13:18:26,212 [INFO] [19/121] 남산공원 (primary=KEY_3)
2026-09-05 13:18:27,828 [INFO] [20/121] 노들섬 (primary=KEY_4)
2026-09-05 13:18:29,723 [INFO] [21/121] 뚝섬한강공원 (primary=KEY_1)
2026-09-05 13:18:30,861 [INFO] [22/121] 망원한강공원 (primary=KEY_2)
2026-09-05 13:18:33,330 [INFO] [23/121] 반포한강공원 (primary=KEY_3)
2026-09-05 13:18:34,468 [INFO] [24/121] 보라매공원 (primary=KEY_4)
2026-09-05 13:18:35,635 [INFO] [25/121] 북서울꿈의숲 (primary=KEY_1)
2026-09-05 13:18:36,994 [INFO] [26/121] 서대문독립공원 (primary=KEY_2)
2026-09-05 13:18:38,911 [INFO] [27/121] 서리풀공원·몽마르뜨공원 (primary=KEY_3)
2026-09-05 13:18:41,068 [INFO] [28/121] 서울대공원 (primary=KEY_4)
2026-09-05 13:18:42,201 [INFO] [29/121] 서울숲공원 (primary=KEY_1)
2026-09-05 13:18:43,576 [INFO] [30/121] 송현녹지광장 (primary=KEY_2)
2026-09-05 13:18:44,917 [INFO] [31/121] 아차산 (primary=KEY_3)
2026-09-05 13:18:46,059 [INFO] [32/121] 안양천 (primary=KEY_4)
2026-09-05 13:18:47,198 [INFO] [33/121] 양화한강공원 (primary=KEY_1)
2026-09-05 13:18:48,325 [INFO] [34/121] 어린이대공원 (primary=KEY_2)
2026-09-05 13:18:49,670 [INFO] [35/121] 여의도한강공원 (primary=KEY_3)
2026-09-05 13:18:51,805 [INFO] [36/121] 여의서로 (primary=KEY_4)
2026-09-05 13:18:54,080 [INFO] [37/121] 올림픽공원 (primary=KEY_1)
2026-09-05 13:18:56,392 [INFO] [38/121] 월드컵공원 (primary=KEY_2)
2026-09-05 13:18:58,902 [INFO] [39/121] 응봉산 (primary=KEY_3)
2026-09-05 13:19:01,388 [INFO] [40/121] 이촌한강공원 (primary=KEY_4)
2026-09-05 13:19:03,277 [INFO] [41/121] 잠실종합운동장 (primary=KEY_1)
2026-09-05 13:19:05,120 [INFO] [42/121] 잠실한강공원 (primary=KEY_2)
2026-09-05 13:19:07,219 [INFO] [43/121] 잠원한강공원 (primary=KEY_3)
2026-09-05 13:19:09,490 [INFO] [44/121] 청계산 (primary=KEY_4)
2026-09-05 13:19:11,579 [INFO] [45/121] 홍제폭포 (primary=KEY_1)
2026-09-05 13:19:13,511 [INFO] [46/121] 가락시장 (primary=KEY_2)
2026-09-05 13:19:15,652 [INFO] [47/121] 가로수길 (primary=KEY_3)
2026-09-05 13:19:17,032 [INFO] [48/121] 광장(전통)시장 (primary=KEY_4)
2026-09-05 13:19:18,175 [INFO] [49/121] 김포공항 (primary=KEY_1)
2026-09-05 13:19:20,899 [INFO] [50/121] 남대문시장 (primary=KEY_2)
2026-09-05 13:19:23,008 [INFO] [51/121] 노량진 (primary=KEY_3)
2026-09-05 13:19:25,152 [INFO] [52/121] 덕수궁길·정동길 (primary=KEY_4)
2026-09-05 13:19:26,501 [INFO] [53/121] 북창동 먹자골목 (primary=KEY_1)
2026-09-05 13:19:28,975 [INFO] [54/121] 북촌한옥마을 (primary=KEY_2)
2026-09-05 13:19:31,279 [INFO] [55/121] 서촌 (primary=KEY_3)
2026-09-05 13:19:32,613 [INFO] [56/121] 성수카페거리 (primary=KEY_4)
2026-09-05 13:19:34,166 [INFO] [57/121] 송리단길·호수단길 (primary=KEY_1)
2026-09-05 13:19:36,345 [INFO] [58/121] 신촌 스타광장 (primary=KEY_2)
2026-09-05 13:19:38,644 [INFO] [59/121] 압구정로데오거리 (primary=KEY_3)
2026-09-05 13:19:40,742 [INFO] [60/121] 여의도 (primary=KEY_4)
2026-09-05 13:19:42,983 [INFO] [61/121] 연남동 (primary=KEY_1)
2026-09-05 13:19:45,461 [INFO] [62/121] 영등포 타임스퀘어 (primary=KEY_2)
2026-09-05 13:19:47,748 [INFO] [63/121] 용리단길 (primary=KEY_3)
2026-09-05 13:19:50,100 [INFO] [64/121] 이태원 앤틱가구거리 (primary=KEY_4)
2026-09-05 13:19:51,443 [INFO] [65/121] 익선동 (primary=KEY_1)
2026-09-05 13:19:53,772 [INFO] [66/121] 인사동 (primary=KEY_2)
2026-09-05 13:19:56,069 [INFO] [67/121] 잠실롯데타워·석촌호수 (primary=KEY_3)
2026-09-05 13:19:58,792 [INFO] [68/121] 창동 신경제 중심지 (primary=KEY_4)
2026-09-05 13:20:00,576 [INFO] [69/121] 청담동 명품거리 (primary=KEY_1)
2026-09-05 13:20:01,918 [INFO] [70/121] 청량리 제기동 일대 전통시장 (primary=KEY_2)
2026-09-05 13:20:03,342 [INFO] [71/121] 해방촌·경리단길 (primary=KEY_3)
2026-09-05 13:20:04,544 [INFO] [72/121] DDP(동대문디자인플라자) (primary=KEY_4)
2026-09-05 13:20:05,928 [INFO] [73/121] DMC(디지털미디어시티) (primary=KEY_1)
2026-09-05 13:20:07,692 [INFO] [74/121] 가산디지털단지역 (primary=KEY_2)
2026-09-05 13:20:10,390 [INFO] [75/121] 강남역 (primary=KEY_3)
2026-09-05 13:20:12,891 [INFO] [76/121] 건대입구역 (primary=KEY_4)
2026-09-05 13:20:14,235 [INFO] [77/121] 고덕역 (primary=KEY_1)
2026-09-05 13:20:15,590 [INFO] [78/121] 고속터미널역 (primary=KEY_2)
2026-09-05 13:20:16,948 [INFO] [79/121] 교대역 (primary=KEY_3)
2026-09-05 13:20:18,309 [INFO] [80/121] 구로디지털단지역 (primary=KEY_4)
2026-09-05 13:20:20,022 [INFO] [81/121] 구로역 (primary=KEY_1)
2026-09-05 13:20:21,346 [INFO] [82/121] 군자역 (primary=KEY_2)
2026-09-05 13:20:22,711 [INFO] [83/121] 대림역 (primary=KEY_3)
2026-09-05 13:20:24,062 [INFO] [84/121] 동대문역 (primary=KEY_4)
2026-09-05 13:20:25,401 [INFO] [85/121] 뚝섬역 (primary=KEY_1)
2026-09-05 13:20:27,684 [INFO] [86/121] 미아사거리역 (primary=KEY_2)
2026-09-05 13:20:29,019 [INFO] [87/121] 발산역 (primary=KEY_3)
2026-09-05 13:20:31,928 [INFO] [88/121] 사당역 (primary=KEY_4)
2026-09-05 13:20:33,313 [INFO] [89/121] 삼각지역 (primary=KEY_1)
2026-09-05 13:20:34,647 [INFO] [90/121] 서울대입구역 (primary=KEY_2)
2026-09-05 13:20:35,983 [INFO] [91/121] 서울식물원·마곡나루역 (primary=KEY_3)
2026-09-05 13:20:37,556 [INFO] [92/121] 서울역 (primary=KEY_4)
2026-09-05 13:20:39,132 [INFO] [93/121] 선릉역 (primary=KEY_1)
2026-09-05 13:20:40,885 [INFO] [94/121] 성신여대입구역 (primary=KEY_2)
2026-09-05 13:20:42,212 [INFO] [95/121] 수유역 (primary=KEY_3)
2026-09-05 13:20:43,569 [INFO] [96/121] 숭례문 (primary=KEY_4)
2026-09-05 13:20:45,101 [INFO] [97/121] 시의회 앞 (primary=KEY_1)
2026-09-05 13:20:46,472 [INFO] [98/121] 신논현역·논현역 (primary=KEY_2)
2026-09-05 13:20:47,832 [INFO] [99/121] 신도림역 (primary=KEY_3)
2026-09-05 13:20:48,985 [INFO] [100/121] 신림역 (primary=KEY_4)
2026-09-05 13:20:50,331 [INFO] [101/121] 신정네거리역 (primary=KEY_1)
2026-09-05 13:20:51,692 [INFO] [102/121] 신촌·이대역 (primary=KEY_2)
2026-09-05 13:20:53,027 [INFO] [103/121] 쌍문역 (primary=KEY_3)
2026-09-05 13:20:54,375 [INFO] [104/121] 양재역 (primary=KEY_4)
2026-09-05 13:20:55,722 [INFO] [105/121] 역삼역 (primary=KEY_1)
2026-09-05 13:20:57,302 [INFO] [106/121] 연신내역 (primary=KEY_2)
2026-09-05 13:20:58,489 [INFO] [107/121] 오목교역·목동운동장 (primary=KEY_3)
2026-09-05 13:21:00,430 [INFO] [108/121] 왕십리역 (primary=KEY_4)
2026-09-05 13:21:01,995 [INFO] [109/121] 용산역 (primary=KEY_1)
2026-09-05 13:21:03,529 [INFO] [110/121] 이태원역 (primary=KEY_2)
2026-09-05 13:21:04,696 [INFO] [111/121] 잠실새내역 (primary=KEY_3)
2026-09-05 13:21:06,098 [INFO] [112/121] 잠실역 (primary=KEY_4)
2026-09-05 13:21:07,633 [INFO] [113/121] 장지역 (primary=KEY_1)
2026-09-05 13:21:09,170 [INFO] [114/121] 장한평역 (primary=KEY_2)
2026-09-05 13:21:10,509 [INFO] [115/121] 천호역 (primary=KEY_3)
2026-09-05 13:21:12,077 [INFO] [116/121] 총신대입구(이수)역 (primary=KEY_4)
2026-09-05 13:21:13,436 [INFO] [117/121] 충정로역 (primary=KEY_1)
2026-09-05 13:21:14,769 [INFO] [118/121] 합정역 (primary=KEY_2)
2026-09-05 13:21:16,132 [INFO] [119/121] 혜화역 (primary=KEY_3)
2026-09-05 13:21:17,471 [INFO] [120/121] 홍대입구역(2호선) (primary=KEY_4)
2026-09-05 13:21:18,847 [INFO] [121/121] 회기역 (primary=KEY_1)
2026-09-05 13:21:21,258 [INFO] === 수집 완료 | 성공 121, 실패 0 ===
2026-09-05 13:21:21,258 [INFO] 카테고리별 저장 결과:
2026-09-05 13:21:21,258 [INFO]    accident                  | 신규     4행 | 누적      8행 | 16컬럼
2026-09-05 13:21:21,258 [INFO]    accident_acdnt_cntrl_stts | 신규    10행 | 누적     12행 | 16컬럼
2026-09-05 13:21:21,258 [INFO]    area_meta                 | 신규   121행 | 누적    484행 | 5컬럼
2026-09-05 13:21:21,258 [INFO]    bike                      | 신규    11행 | 누적     44행 | 12컬럼
2026-09-05 13:21:21,259 [INFO]    bike_sbike_stts           | 신규   544행 | 누적   2172행 | 12컬럼
2026-09-05 13:21:21,259 [INFO]    bus                       | 신규     3행 | 누적     12행 | 11컬럼
2026-09-05 13:21:21,259 [INFO]    bus_bus_stn_stts          | 신규  1745행 | 누적   6971행 | 11컬럼
2026-09-05 13:21:21,259 [INFO]    charger                   | 신규     4행 | 누적     16행 | 15컬럼
2026-09-05 13:21:21,259 [INFO]    charger_charger_stts      | 신규  1925행 | 누적   7658행 | 15컬럼
2026-09-05 13:21:21,259 [INFO]    cmrcl                     | 신규    82행 | 누적    327행 | 20컬럼
2026-09-05 13:21:21,259 [INFO]    events                    | 신규    13행 | 누적     52행 | 14컬럼
2026-09-05 13:21:21,259 [INFO]    events_event_stts         | 신규   120행 | 누적    482행 | 14컬럼
2026-09-05 13:21:21,259 [INFO]    parking                   | 신규     6행 | 누적     24행 | 21컬럼
2026-09-05 13:21:21,259 [INFO]    parking_prk_stts          | 신규  1827행 | 누적   7308행 | 21컬럼
2026-09-05 13:21:21,259 [INFO]    ppltn                     | 신규   121행 | 누적    482행 | 26컬럼
2026-09-05 13:21:21,259 [INFO]    road                      | 신규   121행 | 누적    482행 | 21컬럼
2026-09-05 13:21:21,259 [INFO]    road_road_traffic_stts    | 신규  5293행 | 누적  21140행 | 17컬럼
2026-09-05 13:21:21,259 [INFO]    subway                    | 신규    38행 | 누적    152행 | 12컬럼
2026-09-05 13:21:21,259 [INFO]    subway_sub_stts           | 신규   183행 | 누적    729행 | 13컬럼
2026-09-05 13:21:21,259 [INFO]    weather                   | 신규   119행 | 누적    474행 | 29컬럼
2026-09-05 13:21:21,260 [INFO] 키별 사용량:
2026-09-05 13:21:21,260 [INFO]    🟢 KEY_1 (31/1000) 
2026-09-05 13:21:21,260 [INFO]    🟢 KEY_2 (30/1000) 
2026-09-05 13:21:21,260 [INFO]    🟢 KEY_3 (30/1000) 
2026-09-05 13:21:21,260 [INFO]    🟢 KEY_4 (30/1000) 
