2026-08-25 00:51:54,892 [INFO] 등록된 키: 4개, 합산 한도 4,000건/일
2026-08-25 00:51:54,892 [INFO] POI 로드: 매뉴얼 v8.5 기준 fallback 121개 (121개 전체)
2026-08-25 00:51:54,892 [INFO] === 수집 시작 2026-08-25T00:51:54.892889+09:00 ===
2026-08-25 00:51:54,893 [INFO] 대상 장소: 121개 | API: citydata (통합)
2026-08-25 00:51:54,893 [INFO] 키 풀: 4/4 활성 | 오늘 사용 0/4000건
2026-08-25 00:51:54,893 [INFO]   [KEY_1] 담당 31장소
2026-08-25 00:51:54,893 [INFO]   [KEY_2] 담당 30장소
2026-08-25 00:51:54,893 [INFO]   [KEY_3] 담당 30장소
2026-08-25 00:51:54,893 [INFO]   [KEY_4] 담당 30장소
2026-08-25 00:51:54,893 [INFO] [1/121] 경복궁 (primary=KEY_1)
2026-08-25 00:51:56,966 [INFO] [2/121] 광화문·덕수궁 (primary=KEY_2)
2026-08-25 00:51:59,045 [INFO] [3/121] 보신각 (primary=KEY_3)
2026-08-25 00:52:00,246 [INFO] [4/121] 서울 암사동 유적 (primary=KEY_4)
2026-08-25 00:52:02,043 [INFO] [5/121] 창덕궁·종묘 (primary=KEY_1)
2026-08-25 00:52:03,351 [INFO] [6/121] 강남 MICE 관광특구 (primary=KEY_2)
2026-08-25 00:52:05,274 [INFO] [7/121] 동대문 관광특구 (primary=KEY_3)
2026-08-25 00:52:07,519 [INFO] [8/121] 명동 관광특구 (primary=KEY_4)
2026-08-25 00:52:09,815 [INFO] [9/121] 이태원 관광특구 (primary=KEY_1)
2026-08-25 00:52:11,003 [INFO] [10/121] 잠실 관광특구 (primary=KEY_2)
2026-08-25 00:52:13,135 [INFO] [11/121] 종로·청계 관광특구 (primary=KEY_3)
2026-08-25 00:52:15,085 [INFO] [12/121] 홍대 관광특구 (primary=KEY_4)
2026-08-25 00:52:16,452 [INFO] [13/121] 강서한강공원 (primary=KEY_1)
2026-08-25 00:52:18,348 [INFO] [14/121] 고척돔 (primary=KEY_2)
2026-08-25 00:52:19,951 [INFO] [15/121] 광나루한강공원 (primary=KEY_3)
2026-08-25 00:52:21,106 [INFO] [16/121] 광화문광장 (primary=KEY_4)
2026-08-25 00:52:22,277 [INFO] [17/121] 국립중앙박물관·용산가족공원 (primary=KEY_1)
2026-08-25 00:52:23,294 [INFO] [18/121] 난지한강공원 (primary=KEY_2)
2026-08-25 00:52:24,901 [INFO] [19/121] 남산공원 (primary=KEY_3)
2026-08-25 00:52:26,264 [INFO] [20/121] 노들섬 (primary=KEY_4)
2026-08-25 00:52:28,020 [INFO] [21/121] 뚝섬한강공원 (primary=KEY_1)
2026-08-25 00:52:29,043 [INFO] [22/121] 망원한강공원 (primary=KEY_2)
2026-08-25 00:52:30,258 [INFO] [23/121] 반포한강공원 (primary=KEY_3)
2026-08-25 00:52:31,272 [INFO] [24/121] 보라매공원 (primary=KEY_4)
2026-08-25 00:52:32,293 [INFO] [25/121] 북서울꿈의숲 (primary=KEY_1)
2026-08-25 00:52:33,467 [INFO] [26/121] 서대문독립공원 (primary=KEY_2)
2026-08-25 00:52:34,487 [INFO] [27/121] 서리풀공원·몽마르뜨공원 (primary=KEY_3)
2026-08-25 00:52:35,672 [INFO] [28/121] 서울대공원 (primary=KEY_4)
2026-08-25 00:52:36,670 [INFO] [29/121] 서울숲공원 (primary=KEY_1)
2026-08-25 00:52:37,834 [INFO] [30/121] 송현녹지광장 (primary=KEY_2)
2026-08-25 00:52:39,603 [INFO] [31/121] 아차산 (primary=KEY_3)
2026-08-25 00:52:40,624 [INFO] [32/121] 안양천 (primary=KEY_4)
2026-08-25 00:52:42,265 [INFO] [33/121] 양화한강공원 (primary=KEY_1)
2026-08-25 00:52:43,272 [INFO] [34/121] 어린이대공원 (primary=KEY_2)
2026-08-25 00:52:44,448 [INFO] [35/121] 여의도한강공원 (primary=KEY_3)
2026-08-25 00:52:46,470 [INFO] [36/121] 여의서로 (primary=KEY_4)
2026-08-25 00:52:47,626 [INFO] [37/121] 올림픽공원 (primary=KEY_1)
2026-08-25 00:52:49,702 [INFO] [38/121] 월드컵공원 (primary=KEY_2)
2026-08-25 00:52:51,033 [INFO] [39/121] 응봉산 (primary=KEY_3)
2026-08-25 00:52:52,186 [INFO] [40/121] 이촌한강공원 (primary=KEY_4)
2026-08-25 00:52:53,202 [INFO] [41/121] 잠실종합운동장 (primary=KEY_1)
2026-08-25 00:52:54,223 [INFO] [42/121] 잠실한강공원 (primary=KEY_2)
2026-08-25 00:52:55,262 [INFO] [43/121] 잠원한강공원 (primary=KEY_3)
2026-08-25 00:52:56,274 [INFO] [44/121] 청계산 (primary=KEY_4)
2026-08-25 00:52:57,876 [INFO] [45/121] 홍제폭포 (primary=KEY_1)
2026-08-25 00:52:58,876 [INFO] [46/121] 가락시장 (primary=KEY_2)
2026-08-25 00:53:00,058 [INFO] [47/121] 가로수길 (primary=KEY_3)
2026-08-25 00:53:01,270 [INFO] [48/121] 광장(전통)시장 (primary=KEY_4)
2026-08-25 00:53:02,300 [INFO] [49/121] 김포공항 (primary=KEY_1)
2026-08-25 00:53:03,642 [INFO] [50/121] 남대문시장 (primary=KEY_2)
2026-08-25 00:53:05,410 [INFO] [51/121] 노량진 (primary=KEY_3)
2026-08-25 00:53:06,594 [INFO] [52/121] 덕수궁길·정동길 (primary=KEY_4)
2026-08-25 00:53:07,794 [INFO] [53/121] 북창동 먹자골목 (primary=KEY_1)
2026-08-25 00:53:08,964 [INFO] [54/121] 북촌한옥마을 (primary=KEY_2)
2026-08-25 00:53:10,297 [INFO] [55/121] 서촌 (primary=KEY_3)
2026-08-25 00:53:11,462 [INFO] [56/121] 성수카페거리 (primary=KEY_4)
2026-08-25 00:53:12,799 [INFO] [57/121] 송리단길·호수단길 (primary=KEY_1)
2026-08-25 00:53:13,986 [INFO] [58/121] 신촌 스타광장 (primary=KEY_2)
2026-08-25 00:53:15,022 [INFO] [59/121] 압구정로데오거리 (primary=KEY_3)
2026-08-25 00:53:16,801 [INFO] [60/121] 여의도 (primary=KEY_4)
2026-08-25 00:53:18,655 [INFO] [61/121] 연남동 (primary=KEY_1)
2026-08-25 00:53:19,818 [INFO] [62/121] 영등포 타임스퀘어 (primary=KEY_2)
2026-08-25 00:53:21,596 [INFO] [63/121] 용리단길 (primary=KEY_3)
2026-08-25 00:53:22,792 [INFO] [64/121] 이태원 앤틱가구거리 (primary=KEY_4)
2026-08-25 00:53:23,970 [INFO] [65/121] 익선동 (primary=KEY_1)
2026-08-25 00:53:25,166 [INFO] [66/121] 인사동 (primary=KEY_2)
2026-08-25 00:53:26,495 [INFO] [67/121] 잠실롯데타워·석촌호수 (primary=KEY_3)
2026-08-25 00:53:28,602 [INFO] [68/121] 창동 신경제 중심지 (primary=KEY_4)
2026-08-25 00:53:30,113 [INFO] [69/121] 청담동 명품거리 (primary=KEY_1)
2026-08-25 00:53:31,314 [INFO] [70/121] 청량리 제기동 일대 전통시장 (primary=KEY_2)
2026-08-25 00:53:32,499 [INFO] [71/121] 해방촌·경리단길 (primary=KEY_3)
2026-08-25 00:53:33,596 [INFO] [72/121] DDP(동대문디자인플라자) (primary=KEY_4)
2026-08-25 00:53:35,524 [INFO] [73/121] DMC(디지털미디어시티) (primary=KEY_1)
2026-08-25 00:53:37,181 [INFO] [74/121] 가산디지털단지역 (primary=KEY_2)
2026-08-25 00:53:38,823 [INFO] [75/121] 강남역 (primary=KEY_3)
2026-08-25 00:53:40,223 [INFO] [76/121] 건대입구역 (primary=KEY_4)
2026-08-25 00:53:42,170 [INFO] [77/121] 고덕역 (primary=KEY_1)
2026-08-25 00:53:43,339 [INFO] [78/121] 고속터미널역 (primary=KEY_2)
2026-08-25 00:53:44,531 [INFO] [79/121] 교대역 (primary=KEY_3)
2026-08-25 00:53:45,719 [INFO] [80/121] 구로디지털단지역 (primary=KEY_4)
2026-08-25 00:53:47,209 [INFO] [81/121] 구로역 (primary=KEY_1)
2026-08-25 00:53:48,381 [INFO] [82/121] 군자역 (primary=KEY_2)
2026-08-25 00:53:49,567 [INFO] [83/121] 대림역 (primary=KEY_3)
2026-08-25 00:53:50,742 [INFO] [84/121] 동대문역 (primary=KEY_4)
2026-08-25 00:53:51,917 [INFO] [85/121] 뚝섬역 (primary=KEY_1)
2026-08-25 00:53:53,098 [INFO] [86/121] 미아사거리역 (primary=KEY_2)
2026-08-25 00:53:54,266 [INFO] [87/121] 발산역 (primary=KEY_3)
2026-08-25 00:53:55,738 [INFO] [88/121] 사당역 (primary=KEY_4)
2026-08-25 00:53:57,519 [INFO] [89/121] 삼각지역 (primary=KEY_1)
2026-08-25 00:53:58,555 [INFO] [90/121] 서울대입구역 (primary=KEY_2)
2026-08-25 00:54:00,614 [INFO] [91/121] 서울식물원·마곡나루역 (primary=KEY_3)
2026-08-25 00:54:01,970 [INFO] [92/121] 서울역 (primary=KEY_4)
2026-08-25 00:54:03,365 [INFO] [93/121] 선릉역 (primary=KEY_1)
2026-08-25 00:54:04,856 [INFO] [94/121] 성신여대입구역 (primary=KEY_2)
2026-08-25 00:54:05,911 [INFO] [95/121] 수유역 (primary=KEY_3)
2026-08-25 00:54:07,084 [INFO] [96/121] 숭례문 (primary=KEY_4)
2026-08-25 00:54:09,123 [INFO] [97/121] 시의회 앞 (primary=KEY_1)
2026-08-25 00:54:10,315 [INFO] [98/121] 신논현역·논현역 (primary=KEY_2)
2026-08-25 00:54:11,534 [INFO] [99/121] 신도림역 (primary=KEY_3)
2026-08-25 00:54:12,561 [INFO] [100/121] 신림역 (primary=KEY_4)
2026-08-25 00:54:13,740 [INFO] [101/121] 신정네거리역 (primary=KEY_1)
2026-08-25 00:54:14,921 [INFO] [102/121] 신촌·이대역 (primary=KEY_2)
2026-08-25 00:54:16,097 [INFO] [103/121] 쌍문역 (primary=KEY_3)
2026-08-25 00:54:17,286 [INFO] [104/121] 양재역 (primary=KEY_4)
2026-08-25 00:54:18,485 [INFO] [105/121] 역삼역 (primary=KEY_1)
2026-08-25 00:54:19,819 [INFO] [106/121] 연신내역 (primary=KEY_2)
2026-08-25 00:54:20,873 [INFO] [107/121] 오목교역·목동운동장 (primary=KEY_3)
2026-08-25 00:54:22,523 [INFO] [108/121] 왕십리역 (primary=KEY_4)
2026-08-25 00:54:23,882 [INFO] [109/121] 용산역 (primary=KEY_1)
2026-08-25 00:54:25,231 [INFO] [110/121] 이태원역 (primary=KEY_2)
2026-08-25 00:54:26,264 [INFO] [111/121] 잠실새내역 (primary=KEY_3)
2026-08-25 00:54:27,447 [INFO] [112/121] 잠실역 (primary=KEY_4)
2026-08-25 00:54:29,751 [INFO] [113/121] 장지역 (primary=KEY_1)
2026-08-25 00:54:31,197 [INFO] [114/121] 장한평역 (primary=KEY_2)
2026-08-25 00:54:32,964 [INFO] [115/121] 천호역 (primary=KEY_3)
2026-08-25 00:54:34,167 [INFO] [116/121] 총신대입구(이수)역 (primary=KEY_4)
2026-08-25 00:54:35,349 [INFO] [117/121] 충정로역 (primary=KEY_1)
2026-08-25 00:54:36,574 [INFO] [118/121] 합정역 (primary=KEY_2)
2026-08-25 00:54:37,762 [INFO] [119/121] 혜화역 (primary=KEY_3)
2026-08-25 00:54:38,934 [INFO] [120/121] 홍대입구역(2호선) (primary=KEY_4)
2026-08-25 00:54:40,696 [INFO] [121/121] 회기역 (primary=KEY_1)
2026-08-25 00:54:42,380 [INFO] === 수집 완료 | 성공 121, 실패 0 ===
2026-08-25 00:54:42,380 [INFO] 카테고리별 저장 결과:
2026-08-25 00:54:42,381 [INFO]    accident                  | 신규     2행 | 누적      2행 | 16컬럼
2026-08-25 00:54:42,381 [INFO]    area_meta                 | 신규   121행 | 누적    121행 | 5컬럼
2026-08-25 00:54:42,381 [INFO]    bike                      | 신규    10행 | 누적     10행 | 12컬럼
2026-08-25 00:54:42,381 [INFO]    bike_sbike_stts           | 신규   572행 | 누적    572행 | 12컬럼
2026-08-25 00:54:42,381 [INFO]    bus                       | 신규     3행 | 누적      3행 | 11컬럼
2026-08-25 00:54:42,381 [INFO]    bus_bus_stn_stts          | 신규  1745행 | 누적   1745행 | 11컬럼
2026-08-25 00:54:42,381 [INFO]    charger                   | 신규     4행 | 누적      4행 | 15컬럼
2026-08-25 00:54:42,381 [INFO]    charger_charger_stts      | 신규  1930행 | 누적   1930행 | 15컬럼
2026-08-25 00:54:42,381 [INFO]    cmrcl                     | 신규    82행 | 누적     82행 | 20컬럼
2026-08-25 00:54:42,381 [INFO]    events                    | 신규    11행 | 누적     11행 | 14컬럼
2026-08-25 00:54:42,381 [INFO]    events_event_stts         | 신규   133행 | 누적    133행 | 14컬럼
2026-08-25 00:54:42,381 [INFO]    parking                   | 신규     6행 | 누적      6행 | 21컬럼
2026-08-25 00:54:42,381 [INFO]    parking_prk_stts          | 신규  1836행 | 누적   1836행 | 21컬럼
2026-08-25 00:54:42,381 [INFO]    ppltn                     | 신규   121행 | 누적    121행 | 26컬럼
2026-08-25 00:54:42,381 [INFO]    road                      | 신규   121행 | 누적    121행 | 21컬럼
2026-08-25 00:54:42,381 [INFO]    road_road_traffic_stts    | 신규  5292행 | 누적   5292행 | 17컬럼
2026-08-25 00:54:42,381 [INFO]    subway                    | 신규    38행 | 누적     38행 | 13컬럼
2026-08-25 00:54:42,381 [INFO]    subway_sub_stts           | 신규   183행 | 누적    183행 | 13컬럼
2026-08-25 00:54:42,381 [INFO]    weather                   | 신규   119행 | 누적    119행 | 29컬럼
2026-08-25 00:54:42,382 [INFO] 키별 사용량:
2026-08-25 00:54:42,382 [INFO]    🟢 KEY_1 (31/1000) 
2026-08-25 00:54:42,382 [INFO]    🟢 KEY_2 (30/1000) 
2026-08-25 00:54:42,382 [INFO]    🟢 KEY_3 (30/1000) 
2026-08-25 00:54:42,382 [INFO]    🟢 KEY_4 (30/1000) 
