2026-08-26 00:58:58,888 [INFO] 등록된 키: 4개, 합산 한도 4,000건/일
2026-08-26 00:58:58,888 [INFO] POI 로드: 매뉴얼 v8.5 기준 fallback 121개 (121개 전체)
2026-08-26 00:58:58,888 [INFO] === 수집 시작 2026-08-26T00:58:58.888654+09:00 ===
2026-08-26 00:58:58,888 [INFO] 대상 장소: 121개 | API: citydata (통합)
2026-08-26 00:58:58,888 [INFO] 키 풀: 4/4 활성 | 오늘 사용 0/4000건
2026-08-26 00:58:58,888 [INFO]   [KEY_1] 담당 31장소
2026-08-26 00:58:58,888 [INFO]   [KEY_2] 담당 30장소
2026-08-26 00:58:58,888 [INFO]   [KEY_3] 담당 30장소
2026-08-26 00:58:58,888 [INFO]   [KEY_4] 담당 30장소
2026-08-26 00:58:58,888 [INFO] [1/121] 경복궁 (primary=KEY_1)
2026-08-26 00:59:01,100 [INFO] [2/121] 광화문·덕수궁 (primary=KEY_2)
2026-08-26 00:59:03,483 [INFO] [3/121] 보신각 (primary=KEY_3)
2026-08-26 00:59:04,891 [INFO] [4/121] 서울 암사동 유적 (primary=KEY_4)
2026-08-26 00:59:06,515 [INFO] [5/121] 창덕궁·종묘 (primary=KEY_1)
2026-08-26 00:59:08,409 [INFO] [6/121] 강남 MICE 관광특구 (primary=KEY_2)
2026-08-26 00:59:10,217 [INFO] [7/121] 동대문 관광특구 (primary=KEY_3)
2026-08-26 00:59:11,678 [INFO] [8/121] 명동 관광특구 (primary=KEY_4)
2026-08-26 00:59:13,312 [INFO] [9/121] 이태원 관광특구 (primary=KEY_1)
2026-08-26 00:59:15,204 [INFO] [10/121] 잠실 관광특구 (primary=KEY_2)
2026-08-26 00:59:17,551 [INFO] [11/121] 종로·청계 관광특구 (primary=KEY_3)
2026-08-26 00:59:18,978 [INFO] [12/121] 홍대 관광특구 (primary=KEY_4)
2026-08-26 00:59:20,416 [INFO] [13/121] 강서한강공원 (primary=KEY_1)
2026-08-26 00:59:22,284 [INFO] [14/121] 고척돔 (primary=KEY_2)
2026-08-26 00:59:23,344 [INFO] [15/121] 광나루한강공원 (primary=KEY_3)
2026-08-26 00:59:25,377 [INFO] [16/121] 광화문광장 (primary=KEY_4)
2026-08-26 00:59:27,312 [INFO] [17/121] 국립중앙박물관·용산가족공원 (primary=KEY_1)
2026-08-26 00:59:28,972 [INFO] [18/121] 난지한강공원 (primary=KEY_2)
2026-08-26 00:59:30,031 [INFO] [19/121] 남산공원 (primary=KEY_3)
2026-08-26 00:59:31,425 [INFO] [20/121] 노들섬 (primary=KEY_4)
2026-08-26 00:59:33,124 [INFO] [21/121] 뚝섬한강공원 (primary=KEY_1)
2026-08-26 00:59:34,180 [INFO] [22/121] 망원한강공원 (primary=KEY_2)
2026-08-26 00:59:36,239 [INFO] [23/121] 반포한강공원 (primary=KEY_3)
2026-08-26 00:59:37,870 [INFO] [24/121] 보라매공원 (primary=KEY_4)
2026-08-26 00:59:38,941 [INFO] [25/121] 북서울꿈의숲 (primary=KEY_1)
2026-08-26 00:59:40,166 [INFO] [26/121] 서대문독립공원 (primary=KEY_2)
2026-08-26 00:59:41,283 [INFO] [27/121] 서리풀공원·몽마르뜨공원 (primary=KEY_3)
2026-08-26 00:59:43,106 [INFO] [28/121] 서울대공원 (primary=KEY_4)
2026-08-26 00:59:44,981 [INFO] [29/121] 서울숲공원 (primary=KEY_1)
2026-08-26 00:59:46,231 [INFO] [30/121] 송현녹지광장 (primary=KEY_2)
2026-08-26 00:59:47,504 [INFO] [31/121] 아차산 (primary=KEY_3)
2026-08-26 00:59:48,568 [INFO] [32/121] 안양천 (primary=KEY_4)
2026-08-26 00:59:49,631 [INFO] [33/121] 양화한강공원 (primary=KEY_1)
2026-08-26 00:59:50,690 [INFO] [34/121] 어린이대공원 (primary=KEY_2)
2026-08-26 00:59:52,508 [INFO] [35/121] 여의도한강공원 (primary=KEY_3)
2026-08-26 00:59:53,737 [INFO] [36/121] 여의서로 (primary=KEY_4)
2026-08-26 00:59:54,941 [INFO] [37/121] 올림픽공원 (primary=KEY_1)
2026-08-26 00:59:56,205 [INFO] [38/121] 월드컵공원 (primary=KEY_2)
2026-08-26 00:59:57,632 [INFO] [39/121] 응봉산 (primary=KEY_3)
2026-08-26 00:59:58,849 [INFO] [40/121] 이촌한강공원 (primary=KEY_4)
2026-08-26 00:59:59,919 [INFO] [41/121] 잠실종합운동장 (primary=KEY_1)
2026-08-26 01:00:01,111 [INFO] [42/121] 잠실한강공원 (primary=KEY_2)
2026-08-26 01:00:02,176 [INFO] [43/121] 잠원한강공원 (primary=KEY_3)
2026-08-26 01:00:03,262 [INFO] [44/121] 청계산 (primary=KEY_4)
2026-08-26 01:00:04,467 [INFO] [45/121] 홍제폭포 (primary=KEY_1)
2026-08-26 01:00:06,335 [INFO] [46/121] 가락시장 (primary=KEY_2)
2026-08-26 01:00:07,595 [INFO] [47/121] 가로수길 (primary=KEY_3)
2026-08-26 01:00:08,841 [INFO] [48/121] 광장(전통)시장 (primary=KEY_4)
2026-08-26 01:00:09,927 [INFO] [49/121] 김포공항 (primary=KEY_1)
2026-08-26 01:00:11,342 [INFO] [50/121] 남대문시장 (primary=KEY_2)
2026-08-26 01:00:12,566 [INFO] [51/121] 노량진 (primary=KEY_3)
2026-08-26 01:00:14,449 [INFO] [52/121] 덕수궁길·정동길 (primary=KEY_4)
2026-08-26 01:00:15,680 [INFO] [53/121] 북창동 먹자골목 (primary=KEY_1)
2026-08-26 01:00:16,914 [INFO] [54/121] 북촌한옥마을 (primary=KEY_2)
2026-08-26 01:00:18,289 [INFO] [55/121] 서촌 (primary=KEY_3)
2026-08-26 01:00:19,495 [INFO] [56/121] 성수카페거리 (primary=KEY_4)
2026-08-26 01:00:21,476 [INFO] [57/121] 송리단길·호수단길 (primary=KEY_1)
2026-08-26 01:00:22,709 [INFO] [58/121] 신촌 스타광장 (primary=KEY_2)
2026-08-26 01:00:23,777 [INFO] [59/121] 압구정로데오거리 (primary=KEY_3)
2026-08-26 01:00:25,006 [INFO] [60/121] 여의도 (primary=KEY_4)
2026-08-26 01:00:27,514 [INFO] [61/121] 연남동 (primary=KEY_1)
2026-08-26 01:00:28,732 [INFO] [62/121] 영등포 타임스퀘어 (primary=KEY_2)
2026-08-26 01:00:29,956 [INFO] [63/121] 용리단길 (primary=KEY_3)
2026-08-26 01:00:31,054 [INFO] [64/121] 이태원 앤틱가구거리 (primary=KEY_4)
2026-08-26 01:00:32,205 [INFO] [65/121] 익선동 (primary=KEY_1)
2026-08-26 01:00:33,446 [INFO] [66/121] 인사동 (primary=KEY_2)
2026-08-26 01:00:34,837 [INFO] [67/121] 잠실롯데타워·석촌호수 (primary=KEY_3)
2026-08-26 01:00:36,411 [INFO] [68/121] 창동 신경제 중심지 (primary=KEY_4)
2026-08-26 01:00:37,977 [INFO] [69/121] 청담동 명품거리 (primary=KEY_1)
2026-08-26 01:00:39,196 [INFO] [70/121] 청량리 제기동 일대 전통시장 (primary=KEY_2)
2026-08-26 01:00:40,430 [INFO] [71/121] 해방촌·경리단길 (primary=KEY_3)
2026-08-26 01:00:41,508 [INFO] [72/121] DDP(동대문디자인플라자) (primary=KEY_4)
2026-08-26 01:00:42,758 [INFO] [73/121] DMC(디지털미디어시티) (primary=KEY_1)
2026-08-26 01:00:44,328 [INFO] [74/121] 가산디지털단지역 (primary=KEY_2)
2026-08-26 01:00:46,052 [INFO] [75/121] 강남역 (primary=KEY_3)
2026-08-26 01:00:47,454 [INFO] [76/121] 건대입구역 (primary=KEY_4)
2026-08-26 01:00:48,678 [INFO] [77/121] 고덕역 (primary=KEY_1)
2026-08-26 01:00:49,895 [INFO] [78/121] 고속터미널역 (primary=KEY_2)
2026-08-26 01:00:51,154 [INFO] [79/121] 교대역 (primary=KEY_3)
2026-08-26 01:00:52,380 [INFO] [80/121] 구로디지털단지역 (primary=KEY_4)
2026-08-26 01:00:53,934 [INFO] [81/121] 구로역 (primary=KEY_1)
2026-08-26 01:00:55,190 [INFO] [82/121] 군자역 (primary=KEY_2)
2026-08-26 01:00:56,417 [INFO] [83/121] 대림역 (primary=KEY_3)
2026-08-26 01:00:57,653 [INFO] [84/121] 동대문역 (primary=KEY_4)
2026-08-26 01:00:58,873 [INFO] [85/121] 뚝섬역 (primary=KEY_1)
2026-08-26 01:01:00,091 [INFO] [86/121] 미아사거리역 (primary=KEY_2)
2026-08-26 01:01:01,326 [INFO] [87/121] 발산역 (primary=KEY_3)
2026-08-26 01:01:02,888 [INFO] [88/121] 사당역 (primary=KEY_4)
2026-08-26 01:01:04,123 [INFO] [89/121] 삼각지역 (primary=KEY_1)
2026-08-26 01:01:05,188 [INFO] [90/121] 서울대입구역 (primary=KEY_2)
2026-08-26 01:01:06,412 [INFO] [91/121] 서울식물원·마곡나루역 (primary=KEY_3)
2026-08-26 01:01:07,968 [INFO] [92/121] 서울역 (primary=KEY_4)
2026-08-26 01:01:10,219 [INFO] [93/121] 선릉역 (primary=KEY_1)
2026-08-26 01:01:12,586 [INFO] [94/121] 성신여대입구역 (primary=KEY_2)
2026-08-26 01:01:14,237 [INFO] [95/121] 수유역 (primary=KEY_3)
2026-08-26 01:01:16,111 [INFO] [96/121] 숭례문 (primary=KEY_4)
2026-08-26 01:01:17,502 [INFO] [97/121] 시의회 앞 (primary=KEY_1)
2026-08-26 01:01:19,298 [INFO] [98/121] 신논현역·논현역 (primary=KEY_2)
2026-08-26 01:01:21,285 [INFO] [99/121] 신도림역 (primary=KEY_3)
2026-08-26 01:01:23,006 [INFO] [100/121] 신림역 (primary=KEY_4)
2026-08-26 01:01:25,223 [INFO] [101/121] 신정네거리역 (primary=KEY_1)
2026-08-26 01:01:26,456 [INFO] [102/121] 신촌·이대역 (primary=KEY_2)
2026-08-26 01:01:27,698 [INFO] [103/121] 쌍문역 (primary=KEY_3)
2026-08-26 01:01:29,579 [INFO] [104/121] 양재역 (primary=KEY_4)
2026-08-26 01:01:30,824 [INFO] [105/121] 역삼역 (primary=KEY_1)
2026-08-26 01:01:32,221 [INFO] [106/121] 연신내역 (primary=KEY_2)
2026-08-26 01:01:33,887 [INFO] [107/121] 오목교역·목동운동장 (primary=KEY_3)
2026-08-26 01:01:36,252 [INFO] [108/121] 왕십리역 (primary=KEY_4)
2026-08-26 01:01:37,814 [INFO] [109/121] 용산역 (primary=KEY_1)
2026-08-26 01:01:39,856 [INFO] [110/121] 이태원역 (primary=KEY_2)
2026-08-26 01:01:41,513 [INFO] [111/121] 잠실새내역 (primary=KEY_3)
2026-08-26 01:01:43,384 [INFO] [112/121] 잠실역 (primary=KEY_4)
2026-08-26 01:01:44,813 [INFO] [113/121] 장지역 (primary=KEY_1)
2026-08-26 01:01:46,215 [INFO] [114/121] 장한평역 (primary=KEY_2)
2026-08-26 01:01:48,145 [INFO] [115/121] 천호역 (primary=KEY_3)
2026-08-26 01:01:50,363 [INFO] [116/121] 총신대입구(이수)역 (primary=KEY_4)
2026-08-26 01:01:51,614 [INFO] [117/121] 충정로역 (primary=KEY_1)
2026-08-26 01:01:52,841 [INFO] [118/121] 합정역 (primary=KEY_2)
2026-08-26 01:01:54,679 [INFO] [119/121] 혜화역 (primary=KEY_3)
2026-08-26 01:01:55,940 [INFO] [120/121] 홍대입구역(2호선) (primary=KEY_4)
2026-08-26 01:01:57,169 [INFO] [121/121] 회기역 (primary=KEY_1)
2026-08-26 01:01:58,727 [INFO] === 수집 완료 | 성공 121, 실패 0 ===
2026-08-26 01:01:58,727 [INFO] 카테고리별 저장 결과:
2026-08-26 01:01:58,727 [INFO]    accident                  | 신규     6행 | 누적      6행 | 16컬럼
2026-08-26 01:01:58,727 [INFO]    accident_acdnt_cntrl_stts | 신규    12행 | 누적     12행 | 16컬럼
2026-08-26 01:01:58,727 [INFO]    area_meta                 | 신규   121행 | 누적    121행 | 5컬럼
2026-08-26 01:01:58,727 [INFO]    bike                      | 신규    10행 | 누적     10행 | 12컬럼
2026-08-26 01:01:58,727 [INFO]    bike_sbike_stts           | 신규   571행 | 누적    571행 | 12컬럼
2026-08-26 01:01:58,727 [INFO]    bus                       | 신규     3행 | 누적      3행 | 11컬럼
2026-08-26 01:01:58,727 [INFO]    bus_bus_stn_stts          | 신규  1745행 | 누적   1745행 | 11컬럼
2026-08-26 01:01:58,727 [INFO]    charger                   | 신규     4행 | 누적      4행 | 15컬럼
2026-08-26 01:01:58,727 [INFO]    charger_charger_stts      | 신규  1930행 | 누적   1930행 | 15컬럼
2026-08-26 01:01:58,727 [INFO]    cmrcl                     | 신규    82행 | 누적     82행 | 20컬럼
2026-08-26 01:01:58,727 [INFO]    events                    | 신규    11행 | 누적     11행 | 14컬럼
2026-08-26 01:01:58,727 [INFO]    events_event_stts         | 신규   133행 | 누적    133행 | 14컬럼
2026-08-26 01:01:58,727 [INFO]    parking                   | 신규     6행 | 누적      6행 | 21컬럼
2026-08-26 01:01:58,727 [INFO]    parking_prk_stts          | 신규  1836행 | 누적   1836행 | 21컬럼
2026-08-26 01:01:58,727 [INFO]    ppltn                     | 신규   121행 | 누적    121행 | 26컬럼
2026-08-26 01:01:58,727 [INFO]    road                      | 신규   121행 | 누적    121행 | 21컬럼
2026-08-26 01:01:58,727 [INFO]    road_road_traffic_stts    | 신규  5292행 | 누적   5292행 | 17컬럼
2026-08-26 01:01:58,727 [INFO]    subway                    | 신규    38행 | 누적     38행 | 13컬럼
2026-08-26 01:01:58,727 [INFO]    subway_sub_stts           | 신규   183행 | 누적    183행 | 13컬럼
2026-08-26 01:01:58,727 [INFO]    weather                   | 신규   119행 | 누적    119행 | 29컬럼
2026-08-26 01:01:58,727 [INFO] 키별 사용량:
2026-08-26 01:01:58,727 [INFO]    🟢 KEY_1 (31/1000) 
2026-08-26 01:01:58,727 [INFO]    🟢 KEY_2 (30/1000) 
2026-08-26 01:01:58,727 [INFO]    🟢 KEY_3 (30/1000) 
2026-08-26 01:01:58,727 [INFO]    🟢 KEY_4 (30/1000) 
