2026-09-19 03:21:43,675 [INFO] 등록된 키: 4개, 합산 한도 4,000건/일
2026-09-19 03:21:43,675 [INFO] POI 로드: 매뉴얼 v8.5 기준 fallback 121개 (121개 전체)
2026-09-19 03:21:43,676 [INFO] === 수집 시작 2026-09-19T03:21:43.676009+09:00 ===
2026-09-19 03:21:43,676 [INFO] 대상 장소: 121개 | API: citydata (통합)
2026-09-19 03:21:43,676 [INFO] 키 풀: 4/4 활성 | 오늘 사용 0/4000건
2026-09-19 03:21:43,676 [INFO]   [KEY_1] 담당 31장소
2026-09-19 03:21:43,676 [INFO]   [KEY_2] 담당 30장소
2026-09-19 03:21:43,676 [INFO]   [KEY_3] 담당 30장소
2026-09-19 03:21:43,676 [INFO]   [KEY_4] 담당 30장소
2026-09-19 03:21:43,676 [INFO] [1/121] 경복궁 (primary=KEY_1)
2026-09-19 03:21:45,562 [INFO] [2/121] 광화문·덕수궁 (primary=KEY_2)
2026-09-19 03:21:47,766 [INFO] [3/121] 보신각 (primary=KEY_3)
2026-09-19 03:21:49,959 [INFO] [4/121] 서울 암사동 유적 (primary=KEY_4)
2026-09-19 03:21:51,816 [INFO] [5/121] 창덕궁·종묘 (primary=KEY_1)
2026-09-19 03:21:53,684 [INFO] [6/121] 강남 MICE 관광특구 (primary=KEY_2)
2026-09-19 03:21:55,602 [INFO] [7/121] 동대문 관광특구 (primary=KEY_3)
2026-09-19 03:21:57,022 [INFO] [8/121] 명동 관광특구 (primary=KEY_4)
2026-09-19 03:21:58,619 [INFO] [9/121] 이태원 관광특구 (primary=KEY_1)
2026-09-19 03:22:00,526 [INFO] [10/121] 잠실 관광특구 (primary=KEY_2)
2026-09-19 03:22:02,740 [INFO] [11/121] 종로·청계 관광특구 (primary=KEY_3)
2026-09-19 03:22:04,793 [INFO] [12/121] 홍대 관광특구 (primary=KEY_4)
2026-09-19 03:22:06,999 [INFO] [13/121] 강서한강공원 (primary=KEY_1)
2026-09-19 03:22:08,044 [INFO] [14/121] 고척돔 (primary=KEY_2)
2026-09-19 03:22:09,086 [INFO] [15/121] 광나루한강공원 (primary=KEY_3)
2026-09-19 03:22:10,294 [INFO] [16/121] 광화문광장 (primary=KEY_4)
2026-09-19 03:22:11,511 [INFO] [17/121] 국립중앙박물관·용산가족공원 (primary=KEY_1)
2026-09-19 03:22:13,206 [INFO] [18/121] 난지한강공원 (primary=KEY_2)
2026-09-19 03:22:14,251 [INFO] [19/121] 남산공원 (primary=KEY_3)
2026-09-19 03:22:15,643 [INFO] [20/121] 노들섬 (primary=KEY_4)
2026-09-19 03:22:17,118 [INFO] [21/121] 뚝섬한강공원 (primary=KEY_1)
2026-09-19 03:22:18,990 [INFO] [22/121] 망원한강공원 (primary=KEY_2)
2026-09-19 03:22:20,863 [INFO] [23/121] 반포한강공원 (primary=KEY_3)
2026-09-19 03:22:21,903 [INFO] [24/121] 보라매공원 (primary=KEY_4)
2026-09-19 03:22:22,962 [INFO] [25/121] 북서울꿈의숲 (primary=KEY_1)
2026-09-19 03:22:24,168 [INFO] [26/121] 서대문독립공원 (primary=KEY_2)
2026-09-19 03:22:26,197 [INFO] [27/121] 서리풀공원·몽마르뜨공원 (primary=KEY_3)
2026-09-19 03:22:27,296 [INFO] [28/121] 서울대공원 (primary=KEY_4)
2026-09-19 03:22:28,492 [INFO] [29/121] 서울숲공원 (primary=KEY_1)
2026-09-19 03:22:29,720 [INFO] [30/121] 송현녹지광장 (primary=KEY_2)
2026-09-19 03:22:30,949 [INFO] [31/121] 아차산 (primary=KEY_3)
2026-09-19 03:22:32,004 [INFO] [32/121] 안양천 (primary=KEY_4)
2026-09-19 03:22:33,055 [INFO] [33/121] 양화한강공원 (primary=KEY_1)
2026-09-19 03:22:34,741 [INFO] [34/121] 어린이대공원 (primary=KEY_2)
2026-09-19 03:22:36,774 [INFO] [35/121] 여의도한강공원 (primary=KEY_3)
2026-09-19 03:22:38,810 [INFO] [36/121] 여의서로 (primary=KEY_4)
2026-09-19 03:22:40,017 [INFO] [37/121] 올림픽공원 (primary=KEY_1)
2026-09-19 03:22:41,248 [INFO] [38/121] 월드컵공원 (primary=KEY_2)
2026-09-19 03:22:43,626 [INFO] [39/121] 응봉산 (primary=KEY_3)
2026-09-19 03:22:44,834 [INFO] [40/121] 이촌한강공원 (primary=KEY_4)
2026-09-19 03:22:45,897 [INFO] [41/121] 잠실종합운동장 (primary=KEY_1)
2026-09-19 03:22:46,957 [INFO] [42/121] 잠실한강공원 (primary=KEY_2)
2026-09-19 03:22:48,018 [INFO] [43/121] 잠원한강공원 (primary=KEY_3)
2026-09-19 03:22:49,069 [INFO] [44/121] 청계산 (primary=KEY_4)
2026-09-19 03:22:51,074 [INFO] [45/121] 홍제폭포 (primary=KEY_1)
2026-09-19 03:22:52,789 [INFO] [46/121] 가락시장 (primary=KEY_2)
2026-09-19 03:22:55,002 [INFO] [47/121] 가로수길 (primary=KEY_3)
2026-09-19 03:22:56,560 [INFO] [48/121] 광장(전통)시장 (primary=KEY_4)
2026-09-19 03:22:57,615 [INFO] [49/121] 김포공항 (primary=KEY_1)
2026-09-19 03:22:59,005 [INFO] [50/121] 남대문시장 (primary=KEY_2)
2026-09-19 03:23:00,888 [INFO] [51/121] 노량진 (primary=KEY_3)
2026-09-19 03:23:02,931 [INFO] [52/121] 덕수궁길·정동길 (primary=KEY_4)
2026-09-19 03:23:04,833 [INFO] [53/121] 북창동 먹자골목 (primary=KEY_1)
2026-09-19 03:23:06,706 [INFO] [54/121] 북촌한옥마을 (primary=KEY_2)
2026-09-19 03:23:08,926 [INFO] [55/121] 서촌 (primary=KEY_3)
2026-09-19 03:23:10,133 [INFO] [56/121] 성수카페거리 (primary=KEY_4)
2026-09-19 03:23:12,207 [INFO] [57/121] 송리단길·호수단길 (primary=KEY_1)
2026-09-19 03:23:14,101 [INFO] [58/121] 신촌 스타광장 (primary=KEY_2)
2026-09-19 03:23:15,839 [INFO] [59/121] 압구정로데오거리 (primary=KEY_3)
2026-09-19 03:23:17,064 [INFO] [60/121] 여의도 (primary=KEY_4)
2026-09-19 03:23:19,952 [INFO] [61/121] 연남동 (primary=KEY_1)
2026-09-19 03:23:22,137 [INFO] [62/121] 영등포 타임스퀘어 (primary=KEY_2)
2026-09-19 03:23:24,348 [INFO] [63/121] 용리단길 (primary=KEY_3)
2026-09-19 03:23:25,764 [INFO] [64/121] 이태원 앤틱가구거리 (primary=KEY_4)
2026-09-19 03:23:27,795 [INFO] [65/121] 익선동 (primary=KEY_1)
2026-09-19 03:23:29,034 [INFO] [66/121] 인사동 (primary=KEY_2)
2026-09-19 03:23:30,435 [INFO] [67/121] 잠실롯데타워·석촌호수 (primary=KEY_3)
2026-09-19 03:23:32,033 [INFO] [68/121] 창동 신경제 중심지 (primary=KEY_4)
2026-09-19 03:23:34,242 [INFO] [69/121] 청담동 명품거리 (primary=KEY_1)
2026-09-19 03:23:35,475 [INFO] [70/121] 청량리 제기동 일대 전통시장 (primary=KEY_2)
2026-09-19 03:23:36,719 [INFO] [71/121] 해방촌·경리단길 (primary=KEY_3)
2026-09-19 03:23:38,625 [INFO] [72/121] DDP(동대문디자인플라자) (primary=KEY_4)
2026-09-19 03:23:39,897 [INFO] [73/121] DMC(디지털미디어시티) (primary=KEY_1)
2026-09-19 03:23:41,503 [INFO] [74/121] 가산디지털단지역 (primary=KEY_2)
2026-09-19 03:23:43,241 [INFO] [75/121] 강남역 (primary=KEY_3)
2026-09-19 03:23:44,689 [INFO] [76/121] 건대입구역 (primary=KEY_4)
2026-09-19 03:23:45,939 [INFO] [77/121] 고덕역 (primary=KEY_1)
2026-09-19 03:23:47,494 [INFO] [78/121] 고속터미널역 (primary=KEY_2)
2026-09-19 03:23:48,751 [INFO] [79/121] 교대역 (primary=KEY_3)
2026-09-19 03:23:49,850 [INFO] [80/121] 구로디지털단지역 (primary=KEY_4)
2026-09-19 03:23:51,260 [INFO] [81/121] 구로역 (primary=KEY_1)
2026-09-19 03:23:52,498 [INFO] [82/121] 군자역 (primary=KEY_2)
2026-09-19 03:23:53,591 [INFO] [83/121] 대림역 (primary=KEY_3)
2026-09-19 03:23:54,851 [INFO] [84/121] 동대문역 (primary=KEY_4)
2026-09-19 03:23:56,106 [INFO] [85/121] 뚝섬역 (primary=KEY_1)
2026-09-19 03:23:57,333 [INFO] [86/121] 미아사거리역 (primary=KEY_2)
2026-09-19 03:23:58,556 [INFO] [87/121] 발산역 (primary=KEY_3)
2026-09-19 03:24:00,112 [INFO] [88/121] 사당역 (primary=KEY_4)
2026-09-19 03:24:01,343 [INFO] [89/121] 삼각지역 (primary=KEY_1)
2026-09-19 03:24:02,402 [INFO] [90/121] 서울대입구역 (primary=KEY_2)
2026-09-19 03:24:03,630 [INFO] [91/121] 서울식물원·마곡나루역 (primary=KEY_3)
2026-09-19 03:24:05,022 [INFO] [92/121] 서울역 (primary=KEY_4)
2026-09-19 03:24:06,298 [INFO] [93/121] 선릉역 (primary=KEY_1)
2026-09-19 03:24:08,560 [INFO] [94/121] 성신여대입구역 (primary=KEY_2)
2026-09-19 03:24:09,630 [INFO] [95/121] 수유역 (primary=KEY_3)
2026-09-19 03:24:11,436 [INFO] [96/121] 숭례문 (primary=KEY_4)
2026-09-19 03:24:12,688 [INFO] [97/121] 시의회 앞 (primary=KEY_1)
2026-09-19 03:24:13,916 [INFO] [98/121] 신논현역·논현역 (primary=KEY_2)
2026-09-19 03:24:15,167 [INFO] [99/121] 신도림역 (primary=KEY_3)
2026-09-19 03:24:16,238 [INFO] [100/121] 신림역 (primary=KEY_4)
2026-09-19 03:24:17,327 [INFO] [101/121] 신정네거리역 (primary=KEY_1)
2026-09-19 03:24:18,557 [INFO] [102/121] 신촌·이대역 (primary=KEY_2)
2026-09-19 03:24:19,792 [INFO] [103/121] 쌍문역 (primary=KEY_3)
2026-09-19 03:24:21,033 [INFO] [104/121] 양재역 (primary=KEY_4)
2026-09-19 03:24:22,265 [INFO] [105/121] 역삼역 (primary=KEY_1)
2026-09-19 03:24:23,674 [INFO] [106/121] 연신내역 (primary=KEY_2)
2026-09-19 03:24:24,764 [INFO] [107/121] 오목교역·목동운동장 (primary=KEY_3)
2026-09-19 03:24:26,491 [INFO] [108/121] 왕십리역 (primary=KEY_4)
2026-09-19 03:24:27,758 [INFO] [109/121] 용산역 (primary=KEY_1)
2026-09-19 03:24:29,162 [INFO] [110/121] 이태원역 (primary=KEY_2)
2026-09-19 03:24:30,234 [INFO] [111/121] 잠실새내역 (primary=KEY_3)
2026-09-19 03:24:31,461 [INFO] [112/121] 잠실역 (primary=KEY_4)
2026-09-19 03:24:32,854 [INFO] [113/121] 장지역 (primary=KEY_1)
2026-09-19 03:24:34,318 [INFO] [114/121] 장한평역 (primary=KEY_2)
2026-09-19 03:24:35,534 [INFO] [115/121] 천호역 (primary=KEY_3)
2026-09-19 03:24:36,793 [INFO] [116/121] 총신대입구(이수)역 (primary=KEY_4)
2026-09-19 03:24:38,028 [INFO] [117/121] 충정로역 (primary=KEY_1)
2026-09-19 03:24:39,272 [INFO] [118/121] 합정역 (primary=KEY_2)
2026-09-19 03:24:40,507 [INFO] [119/121] 혜화역 (primary=KEY_3)
2026-09-19 03:24:41,731 [INFO] [120/121] 홍대입구역(2호선) (primary=KEY_4)
2026-09-19 03:24:42,957 [INFO] [121/121] 회기역 (primary=KEY_1)
2026-09-19 03:24:44,451 [INFO] === 수집 완료 | 성공 121, 실패 0 ===
2026-09-19 03:24:44,451 [INFO] 카테고리별 저장 결과:
2026-09-19 03:24:44,451 [INFO]    area_meta                 | 신규   121행 | 누적    121행 | 5컬럼
2026-09-19 03:24:44,451 [INFO]    bike                      | 신규    10행 | 누적     10행 | 12컬럼
2026-09-19 03:24:44,451 [INFO]    bike_sbike_stts           | 신규   574행 | 누적    574행 | 12컬럼
2026-09-19 03:24:44,451 [INFO]    bus                       | 신규     3행 | 누적      3행 | 11컬럼
2026-09-19 03:24:44,451 [INFO]    bus_bus_stn_stts          | 신규  1745행 | 누적   1745행 | 11컬럼
2026-09-19 03:24:44,451 [INFO]    charger                   | 신규     4행 | 누적      4행 | 15컬럼
2026-09-19 03:24:44,451 [INFO]    charger_charger_stts      | 신규  1918행 | 누적   1918행 | 15컬럼
2026-09-19 03:24:44,451 [INFO]    cmrcl                     | 신규    82행 | 누적     82행 | 20컬럼
2026-09-19 03:24:44,451 [INFO]    events                    | 신규    20행 | 누적     20행 | 14컬럼
2026-09-19 03:24:44,451 [INFO]    events_event_stts         | 신규    63행 | 누적     63행 | 14컬럼
2026-09-19 03:24:44,451 [INFO]    parking                   | 신규     6행 | 누적      6행 | 21컬럼
2026-09-19 03:24:44,451 [INFO]    parking_prk_stts          | 신규  1832행 | 누적   1832행 | 21컬럼
2026-09-19 03:24:44,451 [INFO]    ppltn                     | 신규   121행 | 누적    121행 | 26컬럼
2026-09-19 03:24:44,451 [INFO]    road                      | 신규   121행 | 누적    121행 | 21컬럼
2026-09-19 03:24:44,451 [INFO]    road_road_traffic_stts    | 신규  5298행 | 누적   5298행 | 17컬럼
2026-09-19 03:24:44,451 [INFO]    subway                    | 신규    38행 | 누적     38행 | 12컬럼
2026-09-19 03:24:44,452 [INFO]    subway_sub_stts           | 신규   183행 | 누적    183행 | 13컬럼
2026-09-19 03:24:44,452 [INFO]    weather                   | 신규   119행 | 누적    119행 | 29컬럼
2026-09-19 03:24:44,452 [INFO] 키별 사용량:
2026-09-19 03:24:44,452 [INFO]    🟢 KEY_1 (31/1000) 
2026-09-19 03:24:44,452 [INFO]    🟢 KEY_2 (30/1000) 
2026-09-19 03:24:44,452 [INFO]    🟢 KEY_3 (30/1000) 
2026-09-19 03:24:44,452 [INFO]    🟢 KEY_4 (30/1000) 
2026-09-19 06:38:10,821 [INFO] 등록된 키: 4개, 합산 한도 4,000건/일
2026-09-19 06:38:10,822 [INFO] POI 로드: 매뉴얼 v8.5 기준 fallback 121개 (121개 전체)
2026-09-19 06:38:10,822 [INFO] === 수집 시작 2026-09-19T06:38:10.822440+09:00 ===
2026-09-19 06:38:10,822 [INFO] 대상 장소: 121개 | API: citydata (통합)
2026-09-19 06:38:10,822 [INFO] 키 풀: 4/4 활성 | 오늘 사용 0/4000건
2026-09-19 06:38:10,822 [INFO]   [KEY_1] 담당 31장소
2026-09-19 06:38:10,822 [INFO]   [KEY_2] 담당 30장소
2026-09-19 06:38:10,822 [INFO]   [KEY_3] 담당 30장소
2026-09-19 06:38:10,822 [INFO]   [KEY_4] 담당 30장소
2026-09-19 06:38:10,822 [INFO] [1/121] 경복궁 (primary=KEY_1)
2026-09-19 06:38:12,797 [INFO] [2/121] 광화문·덕수궁 (primary=KEY_2)
2026-09-19 06:38:15,341 [INFO] [3/121] 보신각 (primary=KEY_3)
2026-09-19 06:38:19,457 [INFO] [4/121] 서울 암사동 유적 (primary=KEY_4)
2026-09-19 06:38:20,506 [INFO] [5/121] 창덕궁·종묘 (primary=KEY_1)
2026-09-19 06:38:22,425 [INFO] [6/121] 강남 MICE 관광특구 (primary=KEY_2)
2026-09-19 06:38:24,326 [INFO] [7/121] 동대문 관광특구 (primary=KEY_3)
2026-09-19 06:38:25,899 [INFO] [8/121] 명동 관광특구 (primary=KEY_4)
2026-09-19 06:38:28,144 [INFO] [9/121] 이태원 관광특구 (primary=KEY_1)
2026-09-19 06:38:30,042 [INFO] [10/121] 잠실 관광특구 (primary=KEY_2)
2026-09-19 06:38:31,646 [INFO] [11/121] 종로·청계 관광특구 (primary=KEY_3)
2026-09-19 06:38:33,721 [INFO] [12/121] 홍대 관광특구 (primary=KEY_4)
2026-09-19 06:38:36,090 [INFO] [13/121] 강서한강공원 (primary=KEY_1)
2026-09-19 06:38:37,959 [INFO] [14/121] 고척돔 (primary=KEY_2)
2026-09-19 06:38:39,669 [INFO] [15/121] 광나루한강공원 (primary=KEY_3)
2026-09-19 06:38:41,686 [INFO] [16/121] 광화문광장 (primary=KEY_4)
2026-09-19 06:38:42,922 [INFO] [17/121] 국립중앙박물관·용산가족공원 (primary=KEY_1)
2026-09-19 06:38:44,673 [INFO] [18/121] 난지한강공원 (primary=KEY_2)
2026-09-19 06:38:46,708 [INFO] [19/121] 남산공원 (primary=KEY_3)
2026-09-19 06:38:48,750 [INFO] [20/121] 노들섬 (primary=KEY_4)
2026-09-19 06:38:49,798 [INFO] [21/121] 뚝섬한강공원 (primary=KEY_1)
2026-09-19 06:38:51,499 [INFO] [22/121] 망원한강공원 (primary=KEY_2)
2026-09-19 06:38:52,739 [INFO] [23/121] 반포한강공원 (primary=KEY_3)
2026-09-19 06:38:54,593 [INFO] [24/121] 보라매공원 (primary=KEY_4)
2026-09-19 06:38:56,472 [INFO] [25/121] 북서울꿈의숲 (primary=KEY_1)
2026-09-19 06:38:57,722 [INFO] [26/121] 서대문독립공원 (primary=KEY_2)
2026-09-19 06:38:59,430 [INFO] [27/121] 서리풀공원·몽마르뜨공원 (primary=KEY_3)
2026-09-19 06:39:00,670 [INFO] [28/121] 서울대공원 (primary=KEY_4)
2026-09-19 06:39:01,713 [INFO] [29/121] 서울숲공원 (primary=KEY_1)
2026-09-19 06:39:02,938 [INFO] [30/121] 송현녹지광장 (primary=KEY_2)
2026-09-19 06:39:04,169 [INFO] [31/121] 아차산 (primary=KEY_3)
2026-09-19 06:39:05,235 [INFO] [32/121] 안양천 (primary=KEY_4)
2026-09-19 06:39:06,286 [INFO] [33/121] 양화한강공원 (primary=KEY_1)
2026-09-19 06:39:08,068 [INFO] [34/121] 어린이대공원 (primary=KEY_2)
2026-09-19 06:39:09,302 [INFO] [35/121] 여의도한강공원 (primary=KEY_3)
2026-09-19 06:39:11,172 [INFO] [36/121] 여의서로 (primary=KEY_4)
2026-09-19 06:39:13,032 [INFO] [37/121] 올림픽공원 (primary=KEY_1)
2026-09-19 06:39:14,942 [INFO] [38/121] 월드컵공원 (primary=KEY_2)
2026-09-19 06:39:16,378 [INFO] [39/121] 응봉산 (primary=KEY_3)
2026-09-19 06:39:17,592 [INFO] [40/121] 이촌한강공원 (primary=KEY_4)
2026-09-19 06:39:18,652 [INFO] [41/121] 잠실종합운동장 (primary=KEY_1)
2026-09-19 06:39:19,717 [INFO] [42/121] 잠실한강공원 (primary=KEY_2)
2026-09-19 06:39:21,775 [INFO] [43/121] 잠원한강공원 (primary=KEY_3)
2026-09-19 06:39:22,829 [INFO] [44/121] 청계산 (primary=KEY_4)
2026-09-19 06:39:23,972 [INFO] [45/121] 홍제폭포 (primary=KEY_1)
2026-09-19 06:39:25,022 [INFO] [46/121] 가락시장 (primary=KEY_2)
2026-09-19 06:39:27,228 [INFO] [47/121] 가로수길 (primary=KEY_3)
2026-09-19 06:39:28,489 [INFO] [48/121] 광장(전통)시장 (primary=KEY_4)
2026-09-19 06:39:29,571 [INFO] [49/121] 김포공항 (primary=KEY_1)
2026-09-19 06:39:31,784 [INFO] [50/121] 남대문시장 (primary=KEY_2)
2026-09-19 06:39:33,009 [INFO] [51/121] 노량진 (primary=KEY_3)
2026-09-19 06:39:34,913 [INFO] [52/121] 덕수궁길·정동길 (primary=KEY_4)
2026-09-19 06:39:36,261 [INFO] [53/121] 북창동 먹자골목 (primary=KEY_1)
2026-09-19 06:39:37,462 [INFO] [54/121] 북촌한옥마을 (primary=KEY_2)
2026-09-19 06:39:38,841 [INFO] [55/121] 서촌 (primary=KEY_3)
2026-09-19 06:39:40,062 [INFO] [56/121] 성수카페거리 (primary=KEY_4)
2026-09-19 06:39:42,438 [INFO] [57/121] 송리단길·호수단길 (primary=KEY_1)
2026-09-19 06:39:44,348 [INFO] [58/121] 신촌 스타광장 (primary=KEY_2)
2026-09-19 06:39:45,453 [INFO] [59/121] 압구정로데오거리 (primary=KEY_3)
2026-09-19 06:39:46,703 [INFO] [60/121] 여의도 (primary=KEY_4)
2026-09-19 06:39:48,671 [INFO] [61/121] 연남동 (primary=KEY_1)
2026-09-19 06:39:50,056 [INFO] [62/121] 영등포 타임스퀘어 (primary=KEY_2)
2026-09-19 06:39:51,278 [INFO] [63/121] 용리단길 (primary=KEY_3)
2026-09-19 06:39:52,391 [INFO] [64/121] 이태원 앤틱가구거리 (primary=KEY_4)
2026-09-19 06:39:53,627 [INFO] [65/121] 익선동 (primary=KEY_1)
2026-09-19 06:39:54,873 [INFO] [66/121] 인사동 (primary=KEY_2)
2026-09-19 06:39:56,297 [INFO] [67/121] 잠실롯데타워·석촌호수 (primary=KEY_3)
2026-09-19 06:39:57,886 [INFO] [68/121] 창동 신경제 중심지 (primary=KEY_4)
2026-09-19 06:39:59,580 [INFO] [69/121] 청담동 명품거리 (primary=KEY_1)
2026-09-19 06:40:00,812 [INFO] [70/121] 청량리 제기동 일대 전통시장 (primary=KEY_2)
2026-09-19 06:40:02,070 [INFO] [71/121] 해방촌·경리단길 (primary=KEY_3)
2026-09-19 06:40:03,379 [INFO] [72/121] DDP(동대문디자인플라자) (primary=KEY_4)
2026-09-19 06:40:04,613 [INFO] [73/121] DMC(디지털미디어시티) (primary=KEY_1)
2026-09-19 06:40:06,168 [INFO] [74/121] 가산디지털단지역 (primary=KEY_2)
2026-09-19 06:40:07,877 [INFO] [75/121] 강남역 (primary=KEY_3)
2026-09-19 06:40:09,303 [INFO] [76/121] 건대입구역 (primary=KEY_4)
2026-09-19 06:40:10,539 [INFO] [77/121] 고덕역 (primary=KEY_1)
2026-09-19 06:40:11,767 [INFO] [78/121] 고속터미널역 (primary=KEY_2)
2026-09-19 06:40:13,046 [INFO] [79/121] 교대역 (primary=KEY_3)
2026-09-19 06:40:14,266 [INFO] [80/121] 구로디지털단지역 (primary=KEY_4)
2026-09-19 06:40:15,805 [INFO] [81/121] 구로역 (primary=KEY_1)
2026-09-19 06:40:17,017 [INFO] [82/121] 군자역 (primary=KEY_2)
2026-09-19 06:40:18,241 [INFO] [83/121] 대림역 (primary=KEY_3)
2026-09-19 06:40:19,450 [INFO] [84/121] 동대문역 (primary=KEY_4)
2026-09-19 06:40:20,693 [INFO] [85/121] 뚝섬역 (primary=KEY_1)
2026-09-19 06:40:21,914 [INFO] [86/121] 미아사거리역 (primary=KEY_2)
2026-09-19 06:40:23,136 [INFO] [87/121] 발산역 (primary=KEY_3)
2026-09-19 06:40:24,530 [INFO] [88/121] 사당역 (primary=KEY_4)
2026-09-19 06:40:25,769 [INFO] [89/121] 삼각지역 (primary=KEY_1)
2026-09-19 06:40:26,992 [INFO] [90/121] 서울대입구역 (primary=KEY_2)
2026-09-19 06:40:28,260 [INFO] [91/121] 서울식물원·마곡나루역 (primary=KEY_3)
2026-09-19 06:40:29,644 [INFO] [92/121] 서울역 (primary=KEY_4)
2026-09-19 06:40:31,053 [INFO] [93/121] 선릉역 (primary=KEY_1)
2026-09-19 06:40:32,607 [INFO] [94/121] 성신여대입구역 (primary=KEY_2)
2026-09-19 06:40:33,688 [INFO] [95/121] 수유역 (primary=KEY_3)
2026-09-19 06:40:34,909 [INFO] [96/121] 숭례문 (primary=KEY_4)
2026-09-19 06:40:36,146 [INFO] [97/121] 시의회 앞 (primary=KEY_1)
2026-09-19 06:40:37,368 [INFO] [98/121] 신논현역·논현역 (primary=KEY_2)
2026-09-19 06:40:38,638 [INFO] [99/121] 신도림역 (primary=KEY_3)
2026-09-19 06:40:39,715 [INFO] [100/121] 신림역 (primary=KEY_4)
2026-09-19 06:40:40,936 [INFO] [101/121] 신정네거리역 (primary=KEY_1)
2026-09-19 06:40:42,167 [INFO] [102/121] 신촌·이대역 (primary=KEY_2)
2026-09-19 06:40:43,403 [INFO] [103/121] 쌍문역 (primary=KEY_3)
2026-09-19 06:40:44,619 [INFO] [104/121] 양재역 (primary=KEY_4)
2026-09-19 06:40:46,671 [INFO] [105/121] 역삼역 (primary=KEY_1)
2026-09-19 06:40:48,057 [INFO] [106/121] 연신내역 (primary=KEY_2)
2026-09-19 06:40:49,143 [INFO] [107/121] 오목교역·목동운동장 (primary=KEY_3)
2026-09-19 06:40:50,884 [INFO] [108/121] 왕십리역 (primary=KEY_4)
2026-09-19 06:40:52,316 [INFO] [109/121] 용산역 (primary=KEY_1)
2026-09-19 06:40:53,702 [INFO] [110/121] 이태원역 (primary=KEY_2)
2026-09-19 06:40:54,776 [INFO] [111/121] 잠실새내역 (primary=KEY_3)
2026-09-19 06:40:56,086 [INFO] [112/121] 잠실역 (primary=KEY_4)
2026-09-19 06:40:57,546 [INFO] [113/121] 장지역 (primary=KEY_1)
2026-09-19 06:40:58,933 [INFO] [114/121] 장한평역 (primary=KEY_2)
2026-09-19 06:41:00,188 [INFO] [115/121] 천호역 (primary=KEY_3)
2026-09-19 06:41:01,449 [INFO] [116/121] 총신대입구(이수)역 (primary=KEY_4)
2026-09-19 06:41:02,831 [INFO] [117/121] 충정로역 (primary=KEY_1)
2026-09-19 06:41:04,062 [INFO] [118/121] 합정역 (primary=KEY_2)
2026-09-19 06:41:05,301 [INFO] [119/121] 혜화역 (primary=KEY_3)
2026-09-19 06:41:06,527 [INFO] [120/121] 홍대입구역(2호선) (primary=KEY_4)
2026-09-19 06:41:07,769 [INFO] [121/121] 회기역 (primary=KEY_1)
2026-09-19 06:41:09,575 [INFO] === 수집 완료 | 성공 121, 실패 0 ===
2026-09-19 06:41:09,575 [INFO] 카테고리별 저장 결과:
2026-09-19 06:41:09,575 [INFO]    accident                  | 신규     5행 | 누적      5행 | 16컬럼
2026-09-19 06:41:09,575 [INFO]    area_meta                 | 신규   121행 | 누적    242행 | 5컬럼
2026-09-19 06:41:09,575 [INFO]    bike                      | 신규    10행 | 누적     20행 | 12컬럼
2026-09-19 06:41:09,575 [INFO]    bike_sbike_stts           | 신규   574행 | 누적   1148행 | 12컬럼
2026-09-19 06:41:09,575 [INFO]    bus                       | 신규     3행 | 누적      6행 | 11컬럼
2026-09-19 06:41:09,576 [INFO]    bus_bus_stn_stts          | 신규  1745행 | 누적   3490행 | 11컬럼
2026-09-19 06:41:09,576 [INFO]    charger                   | 신규     4행 | 누적      8행 | 15컬럼
2026-09-19 06:41:09,576 [INFO]    charger_charger_stts      | 신규  1918행 | 누적   3810행 | 15컬럼
2026-09-19 06:41:09,576 [INFO]    cmrcl                     | 신규    82행 | 누적    164행 | 20컬럼
2026-09-19 06:41:09,576 [INFO]    events                    | 신규    13행 | 누적     33행 | 14컬럼
2026-09-19 06:41:09,576 [INFO]    events_event_stts         | 신규   128행 | 누적    191행 | 14컬럼
2026-09-19 06:41:09,576 [INFO]    parking                   | 신규     6행 | 누적     12행 | 21컬럼
2026-09-19 06:41:09,576 [INFO]    parking_prk_stts          | 신규  1832행 | 누적   3664행 | 21컬럼
2026-09-19 06:41:09,576 [INFO]    ppltn                     | 신규   121행 | 누적    242행 | 26컬럼
2026-09-19 06:41:09,576 [INFO]    road                      | 신규   121행 | 누적    242행 | 21컬럼
2026-09-19 06:41:09,576 [INFO]    road_road_traffic_stts    | 신규  5298행 | 누적  10596행 | 17컬럼
2026-09-19 06:41:09,576 [INFO]    subway                    | 신규    38행 | 누적     76행 | 12컬럼
2026-09-19 06:41:09,576 [INFO]    subway_sub_stts           | 신규   183행 | 누적    366행 | 13컬럼
2026-09-19 06:41:09,576 [INFO]    weather                   | 신규   119행 | 누적    238행 | 29컬럼
2026-09-19 06:41:09,576 [INFO] 키별 사용량:
2026-09-19 06:41:09,576 [INFO]    🟢 KEY_1 (31/1000) 
2026-09-19 06:41:09,576 [INFO]    🟢 KEY_2 (30/1000) 
2026-09-19 06:41:09,576 [INFO]    🟢 KEY_3 (30/1000) 
2026-09-19 06:41:09,576 [INFO]    🟢 KEY_4 (30/1000) 
2026-09-19 09:13:15,786 [INFO] 등록된 키: 4개, 합산 한도 4,000건/일
2026-09-19 09:13:15,787 [INFO] POI 로드: 매뉴얼 v8.5 기준 fallback 121개 (121개 전체)
2026-09-19 09:13:15,787 [INFO] === 수집 시작 2026-09-19T09:13:15.787248+09:00 ===
2026-09-19 09:13:15,787 [INFO] 대상 장소: 121개 | API: citydata (통합)
2026-09-19 09:13:15,787 [INFO] 키 풀: 4/4 활성 | 오늘 사용 0/4000건
2026-09-19 09:13:15,787 [INFO]   [KEY_1] 담당 31장소
2026-09-19 09:13:15,787 [INFO]   [KEY_2] 담당 30장소
2026-09-19 09:13:15,787 [INFO]   [KEY_3] 담당 30장소
2026-09-19 09:13:15,787 [INFO]   [KEY_4] 담당 30장소
2026-09-19 09:13:15,787 [INFO] [1/121] 경복궁 (primary=KEY_1)
2026-09-19 09:13:17,066 [INFO] [2/121] 광화문·덕수궁 (primary=KEY_2)
2026-09-19 09:13:18,624 [INFO] [3/121] 보신각 (primary=KEY_3)
2026-09-19 09:13:20,311 [INFO] [4/121] 서울 암사동 유적 (primary=KEY_4)
2026-09-19 09:13:21,281 [INFO] [5/121] 창덕궁·종묘 (primary=KEY_1)
2026-09-19 09:13:23,072 [INFO] [6/121] 강남 MICE 관광특구 (primary=KEY_2)
2026-09-19 09:13:25,003 [INFO] [7/121] 동대문 관광특구 (primary=KEY_3)
2026-09-19 09:13:26,973 [INFO] [8/121] 명동 관광특구 (primary=KEY_4)
2026-09-19 09:13:29,292 [INFO] [9/121] 이태원 관광특구 (primary=KEY_1)
2026-09-19 09:13:30,434 [INFO] [10/121] 잠실 관광특구 (primary=KEY_2)
2026-09-19 09:13:32,881 [INFO] [11/121] 종로·청계 관광특구 (primary=KEY_3)
2026-09-19 09:13:35,032 [INFO] [12/121] 홍대 관광특구 (primary=KEY_4)
2026-09-19 09:13:36,501 [INFO] [13/121] 강서한강공원 (primary=KEY_1)
2026-09-19 09:13:37,473 [INFO] [14/121] 고척돔 (primary=KEY_2)
2026-09-19 09:13:38,988 [INFO] [15/121] 광나루한강공원 (primary=KEY_3)
2026-09-19 09:13:40,093 [INFO] [16/121] 광화문광장 (primary=KEY_4)
2026-09-19 09:13:41,219 [INFO] [17/121] 국립중앙박물관·용산가족공원 (primary=KEY_1)
2026-09-19 09:13:42,195 [INFO] [18/121] 난지한강공원 (primary=KEY_2)
2026-09-19 09:13:43,985 [INFO] [19/121] 남산공원 (primary=KEY_3)
2026-09-19 09:13:45,394 [INFO] [20/121] 노들섬 (primary=KEY_4)
2026-09-19 09:13:46,905 [INFO] [21/121] 뚝섬한강공원 (primary=KEY_1)
2026-09-19 09:13:47,940 [INFO] [22/121] 망원한강공원 (primary=KEY_2)
2026-09-19 09:13:49,058 [INFO] [23/121] 반포한강공원 (primary=KEY_3)
2026-09-19 09:13:50,027 [INFO] [24/121] 보라매공원 (primary=KEY_4)
2026-09-19 09:13:51,014 [INFO] [25/121] 북서울꿈의숲 (primary=KEY_1)
2026-09-19 09:13:52,142 [INFO] [26/121] 서대문독립공원 (primary=KEY_2)
2026-09-19 09:13:53,828 [INFO] [27/121] 서리풀공원·몽마르뜨공원 (primary=KEY_3)
2026-09-19 09:13:54,955 [INFO] [28/121] 서울대공원 (primary=KEY_4)
2026-09-19 09:13:55,921 [INFO] [29/121] 서울숲공원 (primary=KEY_1)
2026-09-19 09:13:57,588 [INFO] [30/121] 송현녹지광장 (primary=KEY_2)
2026-09-19 09:13:58,707 [INFO] [31/121] 아차산 (primary=KEY_3)
2026-09-19 09:13:59,798 [INFO] [32/121] 안양천 (primary=KEY_4)
2026-09-19 09:14:00,764 [INFO] [33/121] 양화한강공원 (primary=KEY_1)
2026-09-19 09:14:01,732 [INFO] [34/121] 어린이대공원 (primary=KEY_2)
2026-09-19 09:14:02,854 [INFO] [35/121] 여의도한강공원 (primary=KEY_3)
2026-09-19 09:14:03,963 [INFO] [36/121] 여의서로 (primary=KEY_4)
2026-09-19 09:14:05,072 [INFO] [37/121] 올림픽공원 (primary=KEY_1)
2026-09-19 09:14:06,326 [INFO] [38/121] 월드컵공원 (primary=KEY_2)
2026-09-19 09:14:07,581 [INFO] [39/121] 응봉산 (primary=KEY_3)
2026-09-19 09:14:08,688 [INFO] [40/121] 이촌한강공원 (primary=KEY_4)
2026-09-19 09:14:09,653 [INFO] [41/121] 잠실종합운동장 (primary=KEY_1)
2026-09-19 09:14:10,757 [INFO] [42/121] 잠실한강공원 (primary=KEY_2)
2026-09-19 09:14:11,736 [INFO] [43/121] 잠원한강공원 (primary=KEY_3)
2026-09-19 09:14:12,699 [INFO] [44/121] 청계산 (primary=KEY_4)
2026-09-19 09:14:13,659 [INFO] [45/121] 홍제폭포 (primary=KEY_1)
2026-09-19 09:14:15,441 [INFO] [46/121] 가락시장 (primary=KEY_2)
2026-09-19 09:14:16,573 [INFO] [47/121] 가로수길 (primary=KEY_3)
2026-09-19 09:14:17,767 [INFO] [48/121] 광장(전통)시장 (primary=KEY_4)
2026-09-19 09:14:19,417 [INFO] [49/121] 김포공항 (primary=KEY_1)
2026-09-19 09:14:20,714 [INFO] [50/121] 남대문시장 (primary=KEY_2)
2026-09-19 09:14:21,835 [INFO] [51/121] 노량진 (primary=KEY_3)
2026-09-19 09:14:22,950 [INFO] [52/121] 덕수궁길·정동길 (primary=KEY_4)
2026-09-19 09:14:24,081 [INFO] [53/121] 북창동 먹자골목 (primary=KEY_1)
2026-09-19 09:14:25,200 [INFO] [54/121] 북촌한옥마을 (primary=KEY_2)
2026-09-19 09:14:26,458 [INFO] [55/121] 서촌 (primary=KEY_3)
2026-09-19 09:14:27,583 [INFO] [56/121] 성수카페거리 (primary=KEY_4)
2026-09-19 09:14:28,869 [INFO] [57/121] 송리단길·호수단길 (primary=KEY_1)
2026-09-19 09:14:30,015 [INFO] [58/121] 신촌 스타광장 (primary=KEY_2)
2026-09-19 09:14:31,147 [INFO] [59/121] 압구정로데오거리 (primary=KEY_3)
2026-09-19 09:14:32,272 [INFO] [60/121] 여의도 (primary=KEY_4)
2026-09-19 09:14:34,007 [INFO] [61/121] 연남동 (primary=KEY_1)
2026-09-19 09:14:35,663 [INFO] [62/121] 영등포 타임스퀘어 (primary=KEY_2)
2026-09-19 09:14:36,789 [INFO] [63/121] 용리단길 (primary=KEY_3)
2026-09-19 09:14:37,809 [INFO] [64/121] 이태원 앤틱가구거리 (primary=KEY_4)
2026-09-19 09:14:38,945 [INFO] [65/121] 익선동 (primary=KEY_1)
2026-09-19 09:14:40,081 [INFO] [66/121] 인사동 (primary=KEY_2)
2026-09-19 09:14:41,349 [INFO] [67/121] 잠실롯데타워·석촌호수 (primary=KEY_3)
2026-09-19 09:14:42,818 [INFO] [68/121] 창동 신경제 중심지 (primary=KEY_4)
2026-09-19 09:14:44,225 [INFO] [69/121] 청담동 명품거리 (primary=KEY_1)
2026-09-19 09:14:45,375 [INFO] [70/121] 청량리 제기동 일대 전통시장 (primary=KEY_2)
2026-09-19 09:14:46,504 [INFO] [71/121] 해방촌·경리단길 (primary=KEY_3)
2026-09-19 09:14:47,513 [INFO] [72/121] DDP(동대문디자인플라자) (primary=KEY_4)
2026-09-19 09:14:48,689 [INFO] [73/121] DMC(디지털미디어시티) (primary=KEY_1)
2026-09-19 09:14:50,120 [INFO] [74/121] 가산디지털단지역 (primary=KEY_2)
2026-09-19 09:14:51,667 [INFO] [75/121] 강남역 (primary=KEY_3)
2026-09-19 09:14:52,995 [INFO] [76/121] 건대입구역 (primary=KEY_4)
2026-09-19 09:14:54,121 [INFO] [77/121] 고덕역 (primary=KEY_1)
2026-09-19 09:14:55,235 [INFO] [78/121] 고속터미널역 (primary=KEY_2)
2026-09-19 09:14:56,369 [INFO] [79/121] 교대역 (primary=KEY_3)
2026-09-19 09:14:57,541 [INFO] [80/121] 구로디지털단지역 (primary=KEY_4)
2026-09-19 09:14:58,954 [INFO] [81/121] 구로역 (primary=KEY_1)
2026-09-19 09:15:00,069 [INFO] [82/121] 군자역 (primary=KEY_2)
2026-09-19 09:15:01,204 [INFO] [83/121] 대림역 (primary=KEY_3)
2026-09-19 09:15:02,320 [INFO] [84/121] 동대문역 (primary=KEY_4)
2026-09-19 09:15:03,471 [INFO] [85/121] 뚝섬역 (primary=KEY_1)
2026-09-19 09:15:04,598 [INFO] [86/121] 미아사거리역 (primary=KEY_2)
2026-09-19 09:15:05,717 [INFO] [87/121] 발산역 (primary=KEY_3)
2026-09-19 09:15:07,113 [INFO] [88/121] 사당역 (primary=KEY_4)
2026-09-19 09:15:08,214 [INFO] [89/121] 삼각지역 (primary=KEY_1)
2026-09-19 09:15:09,330 [INFO] [90/121] 서울대입구역 (primary=KEY_2)
2026-09-19 09:15:10,437 [INFO] [91/121] 서울식물원·마곡나루역 (primary=KEY_3)
2026-09-19 09:15:11,708 [INFO] [92/121] 서울역 (primary=KEY_4)
2026-09-19 09:15:13,026 [INFO] [93/121] 선릉역 (primary=KEY_1)
2026-09-19 09:15:14,435 [INFO] [94/121] 성신여대입구역 (primary=KEY_2)
2026-09-19 09:15:15,426 [INFO] [95/121] 수유역 (primary=KEY_3)
2026-09-19 09:15:16,539 [INFO] [96/121] 숭례문 (primary=KEY_4)
2026-09-19 09:15:17,668 [INFO] [97/121] 시의회 앞 (primary=KEY_1)
2026-09-19 09:15:18,790 [INFO] [98/121] 신논현역·논현역 (primary=KEY_2)
2026-09-19 09:15:19,915 [INFO] [99/121] 신도림역 (primary=KEY_3)
2026-09-19 09:15:21,469 [INFO] [100/121] 신림역 (primary=KEY_4)
2026-09-19 09:15:22,582 [INFO] [101/121] 신정네거리역 (primary=KEY_1)
2026-09-19 09:15:23,690 [INFO] [102/121] 신촌·이대역 (primary=KEY_2)
2026-09-19 09:15:24,808 [INFO] [103/121] 쌍문역 (primary=KEY_3)
2026-09-19 09:15:25,924 [INFO] [104/121] 양재역 (primary=KEY_4)
2026-09-19 09:15:27,057 [INFO] [105/121] 역삼역 (primary=KEY_1)
2026-09-19 09:15:28,322 [INFO] [106/121] 연신내역 (primary=KEY_2)
2026-09-19 09:15:29,307 [INFO] [107/121] 오목교역·목동운동장 (primary=KEY_3)
2026-09-19 09:15:30,844 [INFO] [108/121] 왕십리역 (primary=KEY_4)
2026-09-19 09:15:32,117 [INFO] [109/121] 용산역 (primary=KEY_1)
2026-09-19 09:15:33,371 [INFO] [110/121] 이태원역 (primary=KEY_2)
2026-09-19 09:15:34,349 [INFO] [111/121] 잠실새내역 (primary=KEY_3)
2026-09-19 09:15:35,513 [INFO] [112/121] 잠실역 (primary=KEY_4)
2026-09-19 09:15:36,769 [INFO] [113/121] 장지역 (primary=KEY_1)
2026-09-19 09:15:38,025 [INFO] [114/121] 장한평역 (primary=KEY_2)
2026-09-19 09:15:39,136 [INFO] [115/121] 천호역 (primary=KEY_3)
2026-09-19 09:15:40,265 [INFO] [116/121] 총신대입구(이수)역 (primary=KEY_4)
2026-09-19 09:15:41,390 [INFO] [117/121] 충정로역 (primary=KEY_1)
2026-09-19 09:15:42,532 [INFO] [118/121] 합정역 (primary=KEY_2)
2026-09-19 09:15:43,683 [INFO] [119/121] 혜화역 (primary=KEY_3)
2026-09-19 09:15:44,808 [INFO] [120/121] 홍대입구역(2호선) (primary=KEY_4)
2026-09-19 09:15:45,939 [INFO] [121/121] 회기역 (primary=KEY_1)
2026-09-19 09:15:47,929 [INFO] === 수집 완료 | 성공 121, 실패 0 ===
2026-09-19 09:15:47,929 [INFO] 카테고리별 저장 결과:
2026-09-19 09:15:47,929 [INFO]    accident                  | 신규     5행 | 누적     10행 | 16컬럼
2026-09-19 09:15:47,929 [INFO]    accident_acdnt_cntrl_stts | 신규     2행 | 누적      2행 | 16컬럼
2026-09-19 09:15:47,929 [INFO]    area_meta                 | 신규   121행 | 누적    363행 | 5컬럼
2026-09-19 09:15:47,929 [INFO]    bike                      | 신규    10행 | 누적     30행 | 12컬럼
2026-09-19 09:15:47,929 [INFO]    bike_sbike_stts           | 신규   574행 | 누적   1722행 | 12컬럼
2026-09-19 09:15:47,929 [INFO]    bus                       | 신규     3행 | 누적      9행 | 11컬럼
2026-09-19 09:15:47,929 [INFO]    bus_bus_stn_stts          | 신규  1745행 | 누적   5235행 | 11컬럼
2026-09-19 09:15:47,929 [INFO]    charger                   | 신규     4행 | 누적     12행 | 15컬럼
2026-09-19 09:15:47,930 [INFO]    charger_charger_stts      | 신규  1918행 | 누적   5715행 | 15컬럼
2026-09-19 09:15:47,930 [INFO]    cmrcl                     | 신규    82행 | 누적    246행 | 20컬럼
2026-09-19 09:15:47,930 [INFO]    events                    | 신규    13행 | 누적     46행 | 14컬럼
2026-09-19 09:15:47,930 [INFO]    events_event_stts         | 신규   128행 | 누적    319행 | 14컬럼
2026-09-19 09:15:47,930 [INFO]    parking                   | 신규     6행 | 누적     18행 | 21컬럼
2026-09-19 09:15:47,930 [INFO]    parking_prk_stts          | 신규  1832행 | 누적   5496행 | 21컬럼
2026-09-19 09:15:47,930 [INFO]    ppltn                     | 신규   121행 | 누적    363행 | 26컬럼
2026-09-19 09:15:47,930 [INFO]    road                      | 신규   121행 | 누적    363행 | 21컬럼
2026-09-19 09:15:47,930 [INFO]    road_road_traffic_stts    | 신규  5298행 | 누적  15894행 | 17컬럼
2026-09-19 09:15:47,930 [INFO]    subway                    | 신규    38행 | 누적    114행 | 12컬럼
2026-09-19 09:15:47,930 [INFO]    subway_sub_stts           | 신규   183행 | 누적    549행 | 13컬럼
2026-09-19 09:15:47,930 [INFO]    weather                   | 신규   119행 | 누적    357행 | 29컬럼
2026-09-19 09:15:47,930 [INFO] 키별 사용량:
2026-09-19 09:15:47,930 [INFO]    🟢 KEY_1 (31/1000) 
2026-09-19 09:15:47,930 [INFO]    🟢 KEY_2 (30/1000) 
2026-09-19 09:15:47,930 [INFO]    🟢 KEY_3 (30/1000) 
2026-09-19 09:15:47,930 [INFO]    🟢 KEY_4 (30/1000) 
