2026-07-04 00:23:07,593 [INFO] 등록된 키: 4개, 합산 한도 4,000건/일
2026-07-04 00:23:07,593 [INFO] POI 로드: 매뉴얼 v8.5 기준 fallback 121개 (121개 전체)
2026-07-04 00:23:07,593 [INFO] === 수집 시작 2026-07-04T00:23:07.593854+09:00 ===
2026-07-04 00:23:07,593 [INFO] 대상 장소: 121개 | API: citydata (통합)
2026-07-04 00:23:07,594 [INFO] 키 풀: 4/4 활성 | 오늘 사용 0/4000건
2026-07-04 00:23:07,594 [INFO]   [KEY_1] 담당 31장소
2026-07-04 00:23:07,594 [INFO]   [KEY_2] 담당 30장소
2026-07-04 00:23:07,594 [INFO]   [KEY_3] 담당 30장소
2026-07-04 00:23:07,594 [INFO]   [KEY_4] 담당 30장소
2026-07-04 00:23:07,594 [INFO] [1/121] 경복궁 (primary=KEY_1)
2026-07-04 00:23:09,515 [INFO] [2/121] 광화문·덕수궁 (primary=KEY_2)
2026-07-04 00:23:11,609 [INFO] [3/121] 보신각 (primary=KEY_3)
2026-07-04 00:23:13,519 [INFO] [4/121] 서울 암사동 유적 (primary=KEY_4)
2026-07-04 00:23:14,566 [INFO] [5/121] 창덕궁·종묘 (primary=KEY_1)
2026-07-04 00:23:17,086 [INFO] [6/121] 강남 MICE 관광특구 (primary=KEY_2)
2026-07-04 00:23:18,330 [INFO] [7/121] 동대문 관광특구 (primary=KEY_3)
2026-07-04 00:23:20,441 [INFO] [8/121] 명동 관광특구 (primary=KEY_4)
2026-07-04 00:23:23,081 [INFO] [9/121] 이태원 관광특구 (primary=KEY_1)
2026-07-04 00:23:24,337 [INFO] [10/121] 잠실 관광특구 (primary=KEY_2)
2026-07-04 00:23:26,461 [INFO] [11/121] 종로·청계 관광특구 (primary=KEY_3)
2026-07-04 00:23:27,928 [INFO] [12/121] 홍대 관광특구 (primary=KEY_4)
2026-07-04 00:23:30,200 [INFO] [13/121] 강서한강공원 (primary=KEY_1)
2026-07-04 00:23:31,263 [INFO] [14/121] 고척돔 (primary=KEY_2)
2026-07-04 00:23:32,998 [INFO] [15/121] 광나루한강공원 (primary=KEY_3)
2026-07-04 00:23:34,229 [INFO] [16/121] 광화문광장 (primary=KEY_4)
2026-07-04 00:23:36,137 [INFO] [17/121] 국립중앙박물관·용산가족공원 (primary=KEY_1)
2026-07-04 00:23:37,874 [INFO] [18/121] 난지한강공원 (primary=KEY_2)
2026-07-04 00:23:38,931 [INFO] [19/121] 남산공원 (primary=KEY_3)
2026-07-04 00:23:40,359 [INFO] [20/121] 노들섬 (primary=KEY_4)
2026-07-04 00:23:42,106 [INFO] [21/121] 뚝섬한강공원 (primary=KEY_1)
2026-07-04 00:23:44,157 [INFO] [22/121] 망원한강공원 (primary=KEY_2)
2026-07-04 00:23:45,399 [INFO] [23/121] 반포한강공원 (primary=KEY_3)
2026-07-04 00:23:46,452 [INFO] [24/121] 보라매공원 (primary=KEY_4)
2026-07-04 00:23:47,536 [INFO] [25/121] 북서울꿈의숲 (primary=KEY_1)
2026-07-04 00:23:48,615 [INFO] [26/121] 서대문독립공원 (primary=KEY_2)
2026-07-04 00:23:49,691 [INFO] [27/121] 서리풀공원·몽마르뜨공원 (primary=KEY_3)
2026-07-04 00:23:50,950 [INFO] [28/121] 서울대공원 (primary=KEY_4)
2026-07-04 00:23:52,660 [INFO] [29/121] 서울숲공원 (primary=KEY_1)
2026-07-04 00:23:53,890 [INFO] [30/121] 송현녹지광장 (primary=KEY_2)
2026-07-04 00:23:55,784 [INFO] [31/121] 아차산 (primary=KEY_3)
2026-07-04 00:23:56,839 [INFO] [32/121] 안양천 (primary=KEY_4)
2026-07-04 00:23:57,900 [INFO] [33/121] 양화한강공원 (primary=KEY_1)
2026-07-04 00:23:59,781 [INFO] [34/121] 어린이대공원 (primary=KEY_2)
2026-07-04 00:24:00,876 [INFO] [35/121] 여의도한강공원 (primary=KEY_3)
2026-07-04 00:24:02,095 [INFO] [36/121] 여의서로 (primary=KEY_4)
2026-07-04 00:24:03,156 [INFO] [37/121] 올림픽공원 (primary=KEY_1)
2026-07-04 00:24:05,076 [INFO] [38/121] 월드컵공원 (primary=KEY_2)
2026-07-04 00:24:06,501 [INFO] [39/121] 응봉산 (primary=KEY_3)
2026-07-04 00:24:07,713 [INFO] [40/121] 이촌한강공원 (primary=KEY_4)
2026-07-04 00:24:08,768 [INFO] [41/121] 잠실종합운동장 (primary=KEY_1)
2026-07-04 00:24:09,845 [INFO] [42/121] 잠실한강공원 (primary=KEY_2)
2026-07-04 00:24:10,913 [INFO] [43/121] 잠원한강공원 (primary=KEY_3)
2026-07-04 00:24:11,971 [INFO] [44/121] 청계산 (primary=KEY_4)
2026-07-04 00:24:13,040 [INFO] [45/121] 홍제폭포 (primary=KEY_1)
2026-07-04 00:24:14,746 [INFO] [46/121] 가락시장 (primary=KEY_2)
2026-07-04 00:24:16,020 [INFO] [47/121] 가로수길 (primary=KEY_3)
2026-07-04 00:24:17,953 [INFO] [48/121] 광장(전통)시장 (primary=KEY_4)
2026-07-04 00:24:19,683 [INFO] [49/121] 김포공항 (primary=KEY_1)
2026-07-04 00:24:20,960 [INFO] [50/121] 남대문시장 (primary=KEY_2)
2026-07-04 00:24:22,031 [INFO] [51/121] 노량진 (primary=KEY_3)
2026-07-04 00:24:23,291 [INFO] [52/121] 덕수궁길·정동길 (primary=KEY_4)
2026-07-04 00:24:24,579 [INFO] [53/121] 북창동 먹자골목 (primary=KEY_1)
2026-07-04 00:24:25,657 [INFO] [54/121] 북촌한옥마을 (primary=KEY_2)
2026-07-04 00:24:26,906 [INFO] [55/121] 서촌 (primary=KEY_3)
2026-07-04 00:24:28,142 [INFO] [56/121] 성수카페거리 (primary=KEY_4)
2026-07-04 00:24:29,582 [INFO] [57/121] 송리단길·호수단길 (primary=KEY_1)
2026-07-04 00:24:30,854 [INFO] [58/121] 신촌 스타광장 (primary=KEY_2)
2026-07-04 00:24:31,946 [INFO] [59/121] 압구정로데오거리 (primary=KEY_3)
2026-07-04 00:24:33,220 [INFO] [60/121] 여의도 (primary=KEY_4)
2026-07-04 00:24:35,214 [INFO] [61/121] 연남동 (primary=KEY_1)
2026-07-04 00:24:36,457 [INFO] [62/121] 영등포 타임스퀘어 (primary=KEY_2)
2026-07-04 00:24:37,704 [INFO] [63/121] 용리단길 (primary=KEY_3)
2026-07-04 00:24:38,824 [INFO] [64/121] 이태원 앤틱가구거리 (primary=KEY_4)
2026-07-04 00:24:40,096 [INFO] [65/121] 익선동 (primary=KEY_1)
2026-07-04 00:24:41,365 [INFO] [66/121] 인사동 (primary=KEY_2)
2026-07-04 00:24:42,774 [INFO] [67/121] 잠실롯데타워·석촌호수 (primary=KEY_3)
2026-07-04 00:24:44,360 [INFO] [68/121] 창동 신경제 중심지 (primary=KEY_4)
2026-07-04 00:24:45,950 [INFO] [69/121] 청담동 명품거리 (primary=KEY_1)
2026-07-04 00:24:47,183 [INFO] [70/121] 청량리 제기동 일대 전통시장 (primary=KEY_2)
2026-07-04 00:24:48,433 [INFO] [71/121] 해방촌·경리단길 (primary=KEY_3)
2026-07-04 00:24:49,530 [INFO] [72/121] DDP(동대문디자인플라자) (primary=KEY_4)
2026-07-04 00:24:50,768 [INFO] [73/121] DMC(디지털미디어시티) (primary=KEY_1)
2026-07-04 00:24:52,370 [INFO] [74/121] 가산디지털단지역 (primary=KEY_2)
2026-07-04 00:24:54,143 [INFO] [75/121] 강남역 (primary=KEY_3)
2026-07-04 00:24:55,607 [INFO] [76/121] 건대입구역 (primary=KEY_4)
2026-07-04 00:24:56,852 [INFO] [77/121] 고덕역 (primary=KEY_1)
2026-07-04 00:24:58,102 [INFO] [78/121] 고속터미널역 (primary=KEY_2)
2026-07-04 00:24:59,357 [INFO] [79/121] 교대역 (primary=KEY_3)
2026-07-04 00:25:00,611 [INFO] [80/121] 구로디지털단지역 (primary=KEY_4)
2026-07-04 00:25:02,190 [INFO] [81/121] 구로역 (primary=KEY_1)
2026-07-04 00:25:03,418 [INFO] [82/121] 군자역 (primary=KEY_2)
2026-07-04 00:25:04,688 [INFO] [83/121] 대림역 (primary=KEY_3)
2026-07-04 00:25:05,914 [INFO] [84/121] 동대문역 (primary=KEY_4)
2026-07-04 00:25:07,153 [INFO] [85/121] 뚝섬역 (primary=KEY_1)
2026-07-04 00:25:08,401 [INFO] [86/121] 미아사거리역 (primary=KEY_2)
2026-07-04 00:25:09,645 [INFO] [87/121] 발산역 (primary=KEY_3)
2026-07-04 00:25:11,210 [INFO] [88/121] 사당역 (primary=KEY_4)
2026-07-04 00:25:12,452 [INFO] [89/121] 삼각지역 (primary=KEY_1)
2026-07-04 00:25:13,668 [INFO] [90/121] 서울대입구역 (primary=KEY_2)
2026-07-04 00:25:14,914 [INFO] [91/121] 서울식물원·마곡나루역 (primary=KEY_3)
2026-07-04 00:25:16,326 [INFO] [92/121] 서울역 (primary=KEY_4)
2026-07-04 00:25:17,984 [INFO] [93/121] 선릉역 (primary=KEY_1)
2026-07-04 00:25:19,569 [INFO] [94/121] 성신여대입구역 (primary=KEY_2)
2026-07-04 00:25:20,673 [INFO] [95/121] 수유역 (primary=KEY_3)
2026-07-04 00:25:22,572 [INFO] [96/121] 숭례문 (primary=KEY_4)
2026-07-04 00:25:23,989 [INFO] [97/121] 시의회 앞 (primary=KEY_1)
2026-07-04 00:25:25,246 [INFO] [98/121] 신논현역·논현역 (primary=KEY_2)
2026-07-04 00:25:26,508 [INFO] [99/121] 신도림역 (primary=KEY_3)
2026-07-04 00:25:27,584 [INFO] [100/121] 신림역 (primary=KEY_4)
2026-07-04 00:25:28,826 [INFO] [101/121] 신정네거리역 (primary=KEY_1)
2026-07-04 00:25:30,059 [INFO] [102/121] 신촌·이대역 (primary=KEY_2)
2026-07-04 00:25:31,310 [INFO] [103/121] 쌍문역 (primary=KEY_3)
2026-07-04 00:25:32,550 [INFO] [104/121] 양재역 (primary=KEY_4)
2026-07-04 00:25:33,793 [INFO] [105/121] 역삼역 (primary=KEY_1)
2026-07-04 00:25:35,195 [INFO] [106/121] 연신내역 (primary=KEY_2)
2026-07-04 00:25:36,288 [INFO] [107/121] 오목교역·목동운동장 (primary=KEY_3)
2026-07-04 00:25:38,041 [INFO] [108/121] 왕십리역 (primary=KEY_4)
2026-07-04 00:25:39,467 [INFO] [109/121] 용산역 (primary=KEY_1)
2026-07-04 00:25:40,894 [INFO] [110/121] 이태원역 (primary=KEY_2)
2026-07-04 00:25:41,969 [INFO] [111/121] 잠실새내역 (primary=KEY_3)
2026-07-04 00:25:43,217 [INFO] [112/121] 잠실역 (primary=KEY_4)
2026-07-04 00:25:44,665 [INFO] [113/121] 장지역 (primary=KEY_1)
2026-07-04 00:25:46,075 [INFO] [114/121] 장한평역 (primary=KEY_2)
2026-07-04 00:25:47,327 [INFO] [115/121] 천호역 (primary=KEY_3)
2026-07-04 00:25:48,593 [INFO] [116/121] 총신대입구(이수)역 (primary=KEY_4)
2026-07-04 00:25:49,828 [INFO] [117/121] 충정로역 (primary=KEY_1)
2026-07-04 00:25:51,113 [INFO] [118/121] 합정역 (primary=KEY_2)
2026-07-04 00:25:52,390 [INFO] [119/121] 혜화역 (primary=KEY_3)
2026-07-04 00:25:53,616 [INFO] [120/121] 홍대입구역(2호선) (primary=KEY_4)
2026-07-04 00:25:54,856 [INFO] [121/121] 회기역 (primary=KEY_1)
2026-07-04 00:25:56,455 [INFO] === 수집 완료 | 성공 121, 실패 0 ===
2026-07-04 00:25:56,455 [INFO] 카테고리별 저장 결과:
2026-07-04 00:25:56,455 [INFO]    area_meta                 | 신규   121행 | 누적    121행 | 5컬럼
2026-07-04 00:25:56,455 [INFO]    bike                      | 신규    12행 | 누적     12행 | 12컬럼
2026-07-04 00:25:56,455 [INFO]    bike_sbike_stts           | 신규   553행 | 누적    553행 | 12컬럼
2026-07-04 00:25:56,455 [INFO]    bus                       | 신규     3행 | 누적      3행 | 11컬럼
2026-07-04 00:25:56,455 [INFO]    bus_bus_stn_stts          | 신규  1745행 | 누적   1745행 | 11컬럼
2026-07-04 00:25:56,455 [INFO]    charger                   | 신규    13행 | 누적     13행 | 15컬럼
2026-07-04 00:25:56,455 [INFO]    charger_charger_stts      | 신규  1525행 | 누적   1525행 | 15컬럼
2026-07-04 00:25:56,455 [INFO]    cmrcl                     | 신규    82행 | 누적     82행 | 20컬럼
2026-07-04 00:25:56,455 [INFO]    events                    | 신규    10행 | 누적     10행 | 14컬럼
2026-07-04 00:25:56,455 [INFO]    events_event_stts         | 신규   122행 | 누적    122행 | 14컬럼
2026-07-04 00:25:56,455 [INFO]    parking                   | 신규     6행 | 누적      6행 | 21컬럼
2026-07-04 00:25:56,455 [INFO]    parking_prk_stts          | 신규  1833행 | 누적   1833행 | 21컬럼
2026-07-04 00:25:56,455 [INFO]    ppltn                     | 신규   121행 | 누적    121행 | 26컬럼
2026-07-04 00:25:56,455 [INFO]    road                      | 신규   121행 | 누적    121행 | 21컬럼
2026-07-04 00:25:56,455 [INFO]    road_road_traffic_stts    | 신규  5261행 | 누적   5261행 | 17컬럼
2026-07-04 00:25:56,455 [INFO]    subway                    | 신규    38행 | 누적     38행 | 12컬럼
2026-07-04 00:25:56,455 [INFO]    subway_sub_stts           | 신규   183행 | 누적    183행 | 13컬럼
2026-07-04 00:25:56,456 [INFO]    weather                   | 신규   119행 | 누적    119행 | 29컬럼
2026-07-04 00:25:56,456 [INFO] 키별 사용량:
2026-07-04 00:25:56,456 [INFO]    🟢 KEY_1 (31/1000) 
2026-07-04 00:25:56,456 [INFO]    🟢 KEY_2 (30/1000) 
2026-07-04 00:25:56,456 [INFO]    🟢 KEY_3 (30/1000) 
2026-07-04 00:25:56,456 [INFO]    🟢 KEY_4 (30/1000) 
2026-07-04 02:43:37,625 [INFO] 등록된 키: 4개, 합산 한도 4,000건/일
2026-07-04 02:43:37,626 [INFO] POI 로드: 매뉴얼 v8.5 기준 fallback 121개 (121개 전체)
2026-07-04 02:43:37,626 [INFO] === 수집 시작 2026-07-04T02:43:37.626398+09:00 ===
2026-07-04 02:43:37,626 [INFO] 대상 장소: 121개 | API: citydata (통합)
2026-07-04 02:43:37,626 [INFO] 키 풀: 4/4 활성 | 오늘 사용 0/4000건
2026-07-04 02:43:37,626 [INFO]   [KEY_1] 담당 31장소
2026-07-04 02:43:37,626 [INFO]   [KEY_2] 담당 30장소
2026-07-04 02:43:37,626 [INFO]   [KEY_3] 담당 30장소
2026-07-04 02:43:37,626 [INFO]   [KEY_4] 담당 30장소
2026-07-04 02:43:37,626 [INFO] [1/121] 경복궁 (primary=KEY_1)
2026-07-04 02:43:39,337 [INFO] [2/121] 광화문·덕수궁 (primary=KEY_2)
2026-07-04 02:43:41,361 [INFO] [3/121] 보신각 (primary=KEY_3)
2026-07-04 02:43:43,343 [INFO] [4/121] 서울 암사동 유적 (primary=KEY_4)
2026-07-04 02:43:44,340 [INFO] [5/121] 창덕궁·종묘 (primary=KEY_1)
2026-07-04 02:43:45,999 [INFO] [6/121] 강남 MICE 관광특구 (primary=KEY_2)
2026-07-04 02:43:47,707 [INFO] [7/121] 동대문 관광특구 (primary=KEY_3)
2026-07-04 02:43:49,190 [INFO] [8/121] 명동 관광특구 (primary=KEY_4)
2026-07-04 02:43:51,249 [INFO] [9/121] 이태원 관광특구 (primary=KEY_1)
2026-07-04 02:43:52,984 [INFO] [10/121] 잠실 관광특구 (primary=KEY_2)
2026-07-04 02:43:55,029 [INFO] [11/121] 종로·청계 관광특구 (primary=KEY_3)
2026-07-04 02:43:56,937 [INFO] [12/121] 홍대 관광특구 (primary=KEY_4)
2026-07-04 02:43:58,265 [INFO] [13/121] 강서한강공원 (primary=KEY_1)
2026-07-04 02:43:59,244 [INFO] [14/121] 고척돔 (primary=KEY_2)
2026-07-04 02:44:00,228 [INFO] [15/121] 광나루한강공원 (primary=KEY_3)
2026-07-04 02:44:01,920 [INFO] [16/121] 광화문광장 (primary=KEY_4)
2026-07-04 02:44:03,620 [INFO] [17/121] 국립중앙박물관·용산가족공원 (primary=KEY_1)
2026-07-04 02:44:04,632 [INFO] [18/121] 난지한강공원 (primary=KEY_2)
2026-07-04 02:44:05,616 [INFO] [19/121] 남산공원 (primary=KEY_3)
2026-07-04 02:44:06,928 [INFO] [20/121] 노들섬 (primary=KEY_4)
2026-07-04 02:44:07,918 [INFO] [21/121] 뚝섬한강공원 (primary=KEY_1)
2026-07-04 02:44:09,485 [INFO] [22/121] 망원한강공원 (primary=KEY_2)
2026-07-04 02:44:11,154 [INFO] [23/121] 반포한강공원 (primary=KEY_3)
2026-07-04 02:44:12,131 [INFO] [24/121] 보라매공원 (primary=KEY_4)
2026-07-04 02:44:13,737 [INFO] [25/121] 북서울꿈의숲 (primary=KEY_1)
2026-07-04 02:44:14,857 [INFO] [26/121] 서대문독립공원 (primary=KEY_2)
2026-07-04 02:44:16,632 [INFO] [27/121] 서리풀공원·몽마르뜨공원 (primary=KEY_3)
2026-07-04 02:44:17,657 [INFO] [28/121] 서울대공원 (primary=KEY_4)
2026-07-04 02:44:18,631 [INFO] [29/121] 서울숲공원 (primary=KEY_1)
2026-07-04 02:44:19,782 [INFO] [30/121] 송현녹지광장 (primary=KEY_2)
2026-07-04 02:44:20,922 [INFO] [31/121] 아차산 (primary=KEY_3)
2026-07-04 02:44:21,903 [INFO] [32/121] 안양천 (primary=KEY_4)
2026-07-04 02:44:22,899 [INFO] [33/121] 양화한강공원 (primary=KEY_1)
2026-07-04 02:44:23,873 [INFO] [34/121] 어린이대공원 (primary=KEY_2)
2026-07-04 02:44:25,006 [INFO] [35/121] 여의도한강공원 (primary=KEY_3)
2026-07-04 02:44:26,130 [INFO] [36/121] 여의서로 (primary=KEY_4)
2026-07-04 02:44:27,261 [INFO] [37/121] 올림픽공원 (primary=KEY_1)
2026-07-04 02:44:28,457 [INFO] [38/121] 월드컵공원 (primary=KEY_2)
2026-07-04 02:44:29,757 [INFO] [39/121] 응봉산 (primary=KEY_3)
2026-07-04 02:44:30,882 [INFO] [40/121] 이촌한강공원 (primary=KEY_4)
2026-07-04 02:44:31,901 [INFO] [41/121] 잠실종합운동장 (primary=KEY_1)
2026-07-04 02:44:32,884 [INFO] [42/121] 잠실한강공원 (primary=KEY_2)
2026-07-04 02:44:33,888 [INFO] [43/121] 잠원한강공원 (primary=KEY_3)
2026-07-04 02:44:34,870 [INFO] [44/121] 청계산 (primary=KEY_4)
2026-07-04 02:44:35,843 [INFO] [45/121] 홍제폭포 (primary=KEY_1)
2026-07-04 02:44:36,828 [INFO] [46/121] 가락시장 (primary=KEY_2)
2026-07-04 02:44:37,983 [INFO] [47/121] 가로수길 (primary=KEY_3)
2026-07-04 02:44:39,154 [INFO] [48/121] 광장(전통)시장 (primary=KEY_4)
2026-07-04 02:44:40,710 [INFO] [49/121] 김포공항 (primary=KEY_1)
2026-07-04 02:44:41,998 [INFO] [50/121] 남대문시장 (primary=KEY_2)
2026-07-04 02:44:43,146 [INFO] [51/121] 노량진 (primary=KEY_3)
2026-07-04 02:44:44,298 [INFO] [52/121] 덕수궁길·정동길 (primary=KEY_4)
2026-07-04 02:44:45,446 [INFO] [53/121] 북창동 먹자골목 (primary=KEY_1)
2026-07-04 02:44:46,572 [INFO] [54/121] 북촌한옥마을 (primary=KEY_2)
2026-07-04 02:44:47,857 [INFO] [55/121] 서촌 (primary=KEY_3)
2026-07-04 02:44:48,984 [INFO] [56/121] 성수카페거리 (primary=KEY_4)
2026-07-04 02:44:50,281 [INFO] [57/121] 송리단길·호수단길 (primary=KEY_1)
2026-07-04 02:44:51,482 [INFO] [58/121] 신촌 스타광장 (primary=KEY_2)
2026-07-04 02:44:52,485 [INFO] [59/121] 압구정로데오거리 (primary=KEY_3)
2026-07-04 02:44:53,633 [INFO] [60/121] 여의도 (primary=KEY_4)
2026-07-04 02:44:55,447 [INFO] [61/121] 연남동 (primary=KEY_1)
2026-07-04 02:44:56,563 [INFO] [62/121] 영등포 타임스퀘어 (primary=KEY_2)
2026-07-04 02:44:57,697 [INFO] [63/121] 용리단길 (primary=KEY_3)
2026-07-04 02:44:58,703 [INFO] [64/121] 이태원 앤틱가구거리 (primary=KEY_4)
2026-07-04 02:44:59,735 [INFO] [65/121] 익선동 (primary=KEY_1)
2026-07-04 02:45:00,887 [INFO] [66/121] 인사동 (primary=KEY_2)
2026-07-04 02:45:02,179 [INFO] [67/121] 잠실롯데타워·석촌호수 (primary=KEY_3)
2026-07-04 02:45:03,603 [INFO] [68/121] 창동 신경제 중심지 (primary=KEY_4)
2026-07-04 02:45:05,015 [INFO] [69/121] 청담동 명품거리 (primary=KEY_1)
2026-07-04 02:45:06,144 [INFO] [70/121] 청량리 제기동 일대 전통시장 (primary=KEY_2)
2026-07-04 02:45:07,314 [INFO] [71/121] 해방촌·경리단길 (primary=KEY_3)
2026-07-04 02:45:08,305 [INFO] [72/121] DDP(동대문디자인플라자) (primary=KEY_4)
2026-07-04 02:45:09,449 [INFO] [73/121] DMC(디지털미디어시티) (primary=KEY_1)
2026-07-04 02:45:10,873 [INFO] [74/121] 가산디지털단지역 (primary=KEY_2)
2026-07-04 02:45:12,417 [INFO] [75/121] 강남역 (primary=KEY_3)
2026-07-04 02:45:13,699 [INFO] [76/121] 건대입구역 (primary=KEY_4)
2026-07-04 02:45:14,834 [INFO] [77/121] 고덕역 (primary=KEY_1)
2026-07-04 02:45:15,981 [INFO] [78/121] 고속터미널역 (primary=KEY_2)
2026-07-04 02:45:17,136 [INFO] [79/121] 교대역 (primary=KEY_3)
2026-07-04 02:45:18,126 [INFO] [80/121] 구로디지털단지역 (primary=KEY_4)
2026-07-04 02:45:19,533 [INFO] [81/121] 구로역 (primary=KEY_1)
2026-07-04 02:45:20,643 [INFO] [82/121] 군자역 (primary=KEY_2)
2026-07-04 02:45:21,629 [INFO] [83/121] 대림역 (primary=KEY_3)
2026-07-04 02:45:22,768 [INFO] [84/121] 동대문역 (primary=KEY_4)
2026-07-04 02:45:23,926 [INFO] [85/121] 뚝섬역 (primary=KEY_1)
2026-07-04 02:45:25,055 [INFO] [86/121] 미아사거리역 (primary=KEY_2)
2026-07-04 02:45:26,191 [INFO] [87/121] 발산역 (primary=KEY_3)
2026-07-04 02:45:27,470 [INFO] [88/121] 사당역 (primary=KEY_4)
2026-07-04 02:45:28,602 [INFO] [89/121] 삼각지역 (primary=KEY_1)
2026-07-04 02:45:29,612 [INFO] [90/121] 서울대입구역 (primary=KEY_2)
2026-07-04 02:45:30,756 [INFO] [91/121] 서울식물원·마곡나루역 (primary=KEY_3)
2026-07-04 02:45:32,237 [INFO] [92/121] 서울역 (primary=KEY_4)
2026-07-04 02:45:33,425 [INFO] [93/121] 선릉역 (primary=KEY_1)
2026-07-04 02:45:34,843 [INFO] [94/121] 성신여대입구역 (primary=KEY_2)
2026-07-04 02:45:35,855 [INFO] [95/121] 수유역 (primary=KEY_3)
2026-07-04 02:45:37,006 [INFO] [96/121] 숭례문 (primary=KEY_4)
2026-07-04 02:45:38,317 [INFO] [97/121] 시의회 앞 (primary=KEY_1)
2026-07-04 02:45:39,458 [INFO] [98/121] 신논현역·논현역 (primary=KEY_2)
2026-07-04 02:45:40,637 [INFO] [99/121] 신도림역 (primary=KEY_3)
2026-07-04 02:45:41,629 [INFO] [100/121] 신림역 (primary=KEY_4)
2026-07-04 02:45:42,640 [INFO] [101/121] 신정네거리역 (primary=KEY_1)
2026-07-04 02:45:43,784 [INFO] [102/121] 신촌·이대역 (primary=KEY_2)
2026-07-04 02:45:44,937 [INFO] [103/121] 쌍문역 (primary=KEY_3)
2026-07-04 02:45:46,067 [INFO] [104/121] 양재역 (primary=KEY_4)
2026-07-04 02:45:47,203 [INFO] [105/121] 역삼역 (primary=KEY_1)
2026-07-04 02:45:48,477 [INFO] [106/121] 연신내역 (primary=KEY_2)
2026-07-04 02:45:49,506 [INFO] [107/121] 오목교역·목동운동장 (primary=KEY_3)
2026-07-04 02:45:51,098 [INFO] [108/121] 왕십리역 (primary=KEY_4)
2026-07-04 02:45:52,290 [INFO] [109/121] 용산역 (primary=KEY_1)
2026-07-04 02:45:53,566 [INFO] [110/121] 이태원역 (primary=KEY_2)
2026-07-04 02:45:54,562 [INFO] [111/121] 잠실새내역 (primary=KEY_3)
2026-07-04 02:45:55,755 [INFO] [112/121] 잠실역 (primary=KEY_4)
2026-07-04 02:45:57,051 [INFO] [113/121] 장지역 (primary=KEY_1)
2026-07-04 02:45:58,339 [INFO] [114/121] 장한평역 (primary=KEY_2)
2026-07-04 02:45:59,523 [INFO] [115/121] 천호역 (primary=KEY_3)
2026-07-04 02:46:00,696 [INFO] [116/121] 총신대입구(이수)역 (primary=KEY_4)
2026-07-04 02:46:01,852 [INFO] [117/121] 충정로역 (primary=KEY_1)
2026-07-04 02:46:02,978 [INFO] [118/121] 합정역 (primary=KEY_2)
2026-07-04 02:46:04,140 [INFO] [119/121] 혜화역 (primary=KEY_3)
2026-07-04 02:46:05,275 [INFO] [120/121] 홍대입구역(2호선) (primary=KEY_4)
2026-07-04 02:46:06,477 [INFO] [121/121] 회기역 (primary=KEY_1)
2026-07-04 02:46:08,277 [INFO] === 수집 완료 | 성공 121, 실패 0 ===
2026-07-04 02:46:08,277 [INFO] 카테고리별 저장 결과:
2026-07-04 02:46:08,277 [INFO]    area_meta                 | 신규   121행 | 누적    242행 | 5컬럼
2026-07-04 02:46:08,277 [INFO]    bike                      | 신규    12행 | 누적     24행 | 12컬럼
2026-07-04 02:46:08,277 [INFO]    bike_sbike_stts           | 신규   553행 | 누적   1106행 | 12컬럼
2026-07-04 02:46:08,277 [INFO]    bus                       | 신규     3행 | 누적      6행 | 11컬럼
2026-07-04 02:46:08,277 [INFO]    bus_bus_stn_stts          | 신규  1745행 | 누적   3490행 | 11컬럼
2026-07-04 02:46:08,277 [INFO]    charger                   | 신규     4행 | 누적     17행 | 15컬럼
2026-07-04 02:46:08,277 [INFO]    charger_charger_stts      | 신규  1920행 | 누적   3420행 | 15컬럼
2026-07-04 02:46:08,277 [INFO]    cmrcl                     | 신규    82행 | 누적    164행 | 20컬럼
2026-07-04 02:46:08,277 [INFO]    events                    | 신규    10행 | 누적     20행 | 14컬럼
2026-07-04 02:46:08,277 [INFO]    events_event_stts         | 신규   122행 | 누적    244행 | 14컬럼
2026-07-04 02:46:08,278 [INFO]    parking                   | 신규     6행 | 누적     12행 | 21컬럼
2026-07-04 02:46:08,278 [INFO]    parking_prk_stts          | 신규  1833행 | 누적   3666행 | 21컬럼
2026-07-04 02:46:08,278 [INFO]    ppltn                     | 신규   121행 | 누적    242행 | 26컬럼
2026-07-04 02:46:08,278 [INFO]    road                      | 신규   121행 | 누적    242행 | 21컬럼
2026-07-04 02:46:08,278 [INFO]    road_road_traffic_stts    | 신규  5261행 | 누적  10522행 | 17컬럼
2026-07-04 02:46:08,278 [INFO]    subway                    | 신규    38행 | 누적     76행 | 12컬럼
2026-07-04 02:46:08,278 [INFO]    subway_sub_stts           | 신규   183행 | 누적    366행 | 13컬럼
2026-07-04 02:46:08,278 [INFO]    weather                   | 신규   119행 | 누적    238행 | 29컬럼
2026-07-04 02:46:08,278 [INFO] 키별 사용량:
2026-07-04 02:46:08,278 [INFO]    🟢 KEY_1 (31/1000) 
2026-07-04 02:46:08,278 [INFO]    🟢 KEY_2 (30/1000) 
2026-07-04 02:46:08,278 [INFO]    🟢 KEY_3 (30/1000) 
2026-07-04 02:46:08,278 [INFO]    🟢 KEY_4 (30/1000) 
2026-07-04 04:43:57,303 [INFO] 등록된 키: 4개, 합산 한도 4,000건/일
2026-07-04 04:43:57,304 [INFO] POI 로드: 매뉴얼 v8.5 기준 fallback 121개 (121개 전체)
2026-07-04 04:43:57,304 [INFO] === 수집 시작 2026-07-04T04:43:57.304772+09:00 ===
2026-07-04 04:43:57,304 [INFO] 대상 장소: 121개 | API: citydata (통합)
2026-07-04 04:43:57,305 [INFO] 키 풀: 4/4 활성 | 오늘 사용 0/4000건
2026-07-04 04:43:57,305 [INFO]   [KEY_1] 담당 31장소
2026-07-04 04:43:57,305 [INFO]   [KEY_2] 담당 30장소
2026-07-04 04:43:57,305 [INFO]   [KEY_3] 담당 30장소
2026-07-04 04:43:57,305 [INFO]   [KEY_4] 담당 30장소
2026-07-04 04:43:57,305 [INFO] [1/121] 경복궁 (primary=KEY_1)
2026-07-04 04:43:59,498 [INFO] [2/121] 광화문·덕수궁 (primary=KEY_2)
2026-07-04 04:44:02,094 [INFO] [3/121] 보신각 (primary=KEY_3)
2026-07-04 04:44:04,458 [INFO] [4/121] 서울 암사동 유적 (primary=KEY_4)
2026-07-04 04:44:06,606 [INFO] [5/121] 창덕궁·종묘 (primary=KEY_1)
2026-07-04 04:44:08,761 [INFO] [6/121] 강남 MICE 관광특구 (primary=KEY_2)
2026-07-04 04:44:11,138 [INFO] [7/121] 동대문 관광특구 (primary=KEY_3)
2026-07-04 04:44:12,952 [INFO] [8/121] 명동 관광특구 (primary=KEY_4)
2026-07-04 04:44:14,822 [INFO] [9/121] 이태원 관광특구 (primary=KEY_1)
2026-07-04 04:44:17,389 [INFO] [10/121] 잠실 관광특구 (primary=KEY_2)
2026-07-04 04:44:19,992 [INFO] [11/121] 종로·청계 관광특구 (primary=KEY_3)
2026-07-04 04:44:22,650 [INFO] [12/121] 홍대 관광특구 (primary=KEY_4)
2026-07-04 04:44:24,272 [INFO] [13/121] 강서한강공원 (primary=KEY_1)
2026-07-04 04:44:26,423 [INFO] [14/121] 고척돔 (primary=KEY_2)
2026-07-04 04:44:27,586 [INFO] [15/121] 광나루한강공원 (primary=KEY_3)
2026-07-04 04:44:28,943 [INFO] [16/121] 광화문광장 (primary=KEY_4)
2026-07-04 04:44:30,314 [INFO] [17/121] 국립중앙박물관·용산가족공원 (primary=KEY_1)
2026-07-04 04:44:32,469 [INFO] [18/121] 난지한강공원 (primary=KEY_2)
2026-07-04 04:44:34,807 [INFO] [19/121] 남산공원 (primary=KEY_3)
2026-07-04 04:44:37,564 [INFO] [20/121] 노들섬 (primary=KEY_4)
2026-07-04 04:44:39,707 [INFO] [21/121] 뚝섬한강공원 (primary=KEY_1)
2026-07-04 04:44:41,652 [INFO] [22/121] 망원한강공원 (primary=KEY_2)
2026-07-04 04:44:43,023 [INFO] [23/121] 반포한강공원 (primary=KEY_3)
2026-07-04 04:44:44,964 [INFO] [24/121] 보라매공원 (primary=KEY_4)
2026-07-04 04:44:46,354 [INFO] [25/121] 북서울꿈의숲 (primary=KEY_1)
2026-07-04 04:44:48,509 [INFO] [26/121] 서대문독립공원 (primary=KEY_2)
2026-07-04 04:44:49,677 [INFO] [27/121] 서리풀공원·몽마르뜨공원 (primary=KEY_3)
2026-07-04 04:44:51,669 [INFO] [28/121] 서울대공원 (primary=KEY_4)
2026-07-04 04:44:52,817 [INFO] [29/121] 서울숲공원 (primary=KEY_1)
2026-07-04 04:44:54,188 [INFO] [30/121] 송현녹지광장 (primary=KEY_2)
2026-07-04 04:44:55,559 [INFO] [31/121] 아차산 (primary=KEY_3)
2026-07-04 04:44:56,713 [INFO] [32/121] 안양천 (primary=KEY_4)
2026-07-04 04:44:57,873 [INFO] [33/121] 양화한강공원 (primary=KEY_1)
2026-07-04 04:44:59,026 [INFO] [34/121] 어린이대공원 (primary=KEY_2)
2026-07-04 04:45:00,197 [INFO] [35/121] 여의도한강공원 (primary=KEY_3)
2026-07-04 04:45:01,561 [INFO] [36/121] 여의서로 (primary=KEY_4)
2026-07-04 04:45:02,903 [INFO] [37/121] 올림픽공원 (primary=KEY_1)
2026-07-04 04:45:04,982 [INFO] [38/121] 월드컵공원 (primary=KEY_2)
2026-07-04 04:45:07,525 [INFO] [39/121] 응봉산 (primary=KEY_3)
2026-07-04 04:45:08,872 [INFO] [40/121] 이촌한강공원 (primary=KEY_4)
2026-07-04 04:45:10,015 [INFO] [41/121] 잠실종합운동장 (primary=KEY_1)
2026-07-04 04:45:11,963 [INFO] [42/121] 잠실한강공원 (primary=KEY_2)
2026-07-04 04:45:13,117 [INFO] [43/121] 잠원한강공원 (primary=KEY_3)
2026-07-04 04:45:14,263 [INFO] [44/121] 청계산 (primary=KEY_4)
2026-07-04 04:45:15,407 [INFO] [45/121] 홍제폭포 (primary=KEY_1)
2026-07-04 04:45:17,338 [INFO] [46/121] 가락시장 (primary=KEY_2)
2026-07-04 04:45:19,718 [INFO] [47/121] 가로수길 (primary=KEY_3)
2026-07-04 04:45:21,099 [INFO] [48/121] 광장(전통)시장 (primary=KEY_4)
2026-07-04 04:45:22,266 [INFO] [49/121] 김포공항 (primary=KEY_1)
2026-07-04 04:45:24,045 [INFO] [50/121] 남대문시장 (primary=KEY_2)
2026-07-04 04:45:25,218 [INFO] [51/121] 노량진 (primary=KEY_3)
2026-07-04 04:45:26,591 [INFO] [52/121] 덕수궁길·정동길 (primary=KEY_4)
2026-07-04 04:45:27,990 [INFO] [53/121] 북창동 먹자골목 (primary=KEY_1)
2026-07-04 04:45:30,131 [INFO] [54/121] 북촌한옥마을 (primary=KEY_2)
2026-07-04 04:45:31,722 [INFO] [55/121] 서촌 (primary=KEY_3)
2026-07-04 04:45:33,077 [INFO] [56/121] 성수카페거리 (primary=KEY_4)
2026-07-04 04:45:35,628 [INFO] [57/121] 송리단길·호수단길 (primary=KEY_1)
2026-07-04 04:45:37,021 [INFO] [58/121] 신촌 스타광장 (primary=KEY_2)
2026-07-04 04:45:38,205 [INFO] [59/121] 압구정로데오거리 (primary=KEY_3)
2026-07-04 04:45:39,582 [INFO] [60/121] 여의도 (primary=KEY_4)
2026-07-04 04:45:41,641 [INFO] [61/121] 연남동 (primary=KEY_1)
2026-07-04 04:45:43,008 [INFO] [62/121] 영등포 타임스퀘어 (primary=KEY_2)
2026-07-04 04:45:44,359 [INFO] [63/121] 용리단길 (primary=KEY_3)
2026-07-04 04:45:46,348 [INFO] [64/121] 이태원 앤틱가구거리 (primary=KEY_4)
2026-07-04 04:45:48,315 [INFO] [65/121] 익선동 (primary=KEY_1)
2026-07-04 04:45:50,321 [INFO] [66/121] 인사동 (primary=KEY_2)
2026-07-04 04:45:52,305 [INFO] [67/121] 잠실롯데타워·석촌호수 (primary=KEY_3)
2026-07-04 04:45:53,877 [INFO] [68/121] 창동 신경제 중심지 (primary=KEY_4)
2026-07-04 04:45:55,489 [INFO] [69/121] 청담동 명품거리 (primary=KEY_1)
2026-07-04 04:45:57,643 [INFO] [70/121] 청량리 제기동 일대 전통시장 (primary=KEY_2)
2026-07-04 04:46:00,031 [INFO] [71/121] 해방촌·경리단길 (primary=KEY_3)
2026-07-04 04:46:01,249 [INFO] [72/121] DDP(동대문디자인플라자) (primary=KEY_4)
2026-07-04 04:46:03,425 [INFO] [73/121] DMC(디지털미디어시티) (primary=KEY_1)
2026-07-04 04:46:05,822 [INFO] [74/121] 가산디지털단지역 (primary=KEY_2)
2026-07-04 04:46:08,379 [INFO] [75/121] 강남역 (primary=KEY_3)
2026-07-04 04:46:10,776 [INFO] [76/121] 건대입구역 (primary=KEY_4)
2026-07-04 04:46:12,150 [INFO] [77/121] 고덕역 (primary=KEY_1)
2026-07-04 04:46:14,281 [INFO] [78/121] 고속터미널역 (primary=KEY_2)
2026-07-04 04:46:16,877 [INFO] [79/121] 교대역 (primary=KEY_3)
2026-07-04 04:46:19,031 [INFO] [80/121] 구로디지털단지역 (primary=KEY_4)
2026-07-04 04:46:20,407 [INFO] [81/121] 구로역 (primary=KEY_1)
2026-07-04 04:46:22,751 [INFO] [82/121] 군자역 (primary=KEY_2)
2026-07-04 04:46:24,535 [INFO] [83/121] 대림역 (primary=KEY_3)
2026-07-04 04:46:25,908 [INFO] [84/121] 동대문역 (primary=KEY_4)
2026-07-04 04:46:27,268 [INFO] [85/121] 뚝섬역 (primary=KEY_1)
2026-07-04 04:46:29,432 [INFO] [86/121] 미아사거리역 (primary=KEY_2)
2026-07-04 04:46:31,609 [INFO] [87/121] 발산역 (primary=KEY_3)
2026-07-04 04:46:33,174 [INFO] [88/121] 사당역 (primary=KEY_4)
2026-07-04 04:46:34,556 [INFO] [89/121] 삼각지역 (primary=KEY_1)
2026-07-04 04:46:36,517 [INFO] [90/121] 서울대입구역 (primary=KEY_2)
2026-07-04 04:46:37,701 [INFO] [91/121] 서울식물원·마곡나루역 (primary=KEY_3)
2026-07-04 04:46:39,076 [INFO] [92/121] 서울역 (primary=KEY_4)
2026-07-04 04:46:40,497 [INFO] [93/121] 선릉역 (primary=KEY_1)
2026-07-04 04:46:42,120 [INFO] [94/121] 성신여대입구역 (primary=KEY_2)
2026-07-04 04:46:43,309 [INFO] [95/121] 수유역 (primary=KEY_3)
2026-07-04 04:46:45,270 [INFO] [96/121] 숭례문 (primary=KEY_4)
2026-07-04 04:46:46,692 [INFO] [97/121] 시의회 앞 (primary=KEY_1)
2026-07-04 04:46:48,088 [INFO] [98/121] 신논현역·논현역 (primary=KEY_2)
2026-07-04 04:46:49,476 [INFO] [99/121] 신도림역 (primary=KEY_3)
2026-07-04 04:46:50,653 [INFO] [100/121] 신림역 (primary=KEY_4)
2026-07-04 04:46:51,846 [INFO] [101/121] 신정네거리역 (primary=KEY_1)
2026-07-04 04:46:53,220 [INFO] [102/121] 신촌·이대역 (primary=KEY_2)
2026-07-04 04:46:54,595 [INFO] [103/121] 쌍문역 (primary=KEY_3)
2026-07-04 04:46:56,360 [INFO] [104/121] 양재역 (primary=KEY_4)
2026-07-04 04:46:57,744 [INFO] [105/121] 역삼역 (primary=KEY_1)
2026-07-04 04:46:59,907 [INFO] [106/121] 연신내역 (primary=KEY_2)
2026-07-04 04:47:01,104 [INFO] [107/121] 오목교역·목동운동장 (primary=KEY_3)
2026-07-04 04:47:02,882 [INFO] [108/121] 왕십리역 (primary=KEY_4)
2026-07-04 04:47:04,274 [INFO] [109/121] 용산역 (primary=KEY_1)
2026-07-04 04:47:05,847 [INFO] [110/121] 이태원역 (primary=KEY_2)
2026-07-04 04:47:08,187 [INFO] [111/121] 잠실새내역 (primary=KEY_3)
2026-07-04 04:47:09,590 [INFO] [112/121] 잠실역 (primary=KEY_4)
2026-07-04 04:47:10,989 [INFO] [113/121] 장지역 (primary=KEY_1)
2026-07-04 04:47:13,420 [INFO] [114/121] 장한평역 (primary=KEY_2)
2026-07-04 04:47:14,793 [INFO] [115/121] 천호역 (primary=KEY_3)
2026-07-04 04:47:16,207 [INFO] [116/121] 총신대입구(이수)역 (primary=KEY_4)
2026-07-04 04:47:17,572 [INFO] [117/121] 충정로역 (primary=KEY_1)
2026-07-04 04:47:18,986 [INFO] [118/121] 합정역 (primary=KEY_2)
2026-07-04 04:47:21,156 [INFO] [119/121] 혜화역 (primary=KEY_3)
2026-07-04 04:47:22,528 [INFO] [120/121] 홍대입구역(2호선) (primary=KEY_4)
2026-07-04 04:47:23,741 [INFO] [121/121] 회기역 (primary=KEY_1)
2026-07-04 04:47:25,979 [INFO] === 수집 완료 | 성공 121, 실패 0 ===
2026-07-04 04:47:25,979 [INFO] 카테고리별 저장 결과:
2026-07-04 04:47:25,979 [INFO]    area_meta                 | 신규   121행 | 누적    363행 | 5컬럼
2026-07-04 04:47:25,979 [INFO]    bike                      | 신규    12행 | 누적     36행 | 12컬럼
2026-07-04 04:47:25,979 [INFO]    bike_sbike_stts           | 신규   553행 | 누적   1659행 | 12컬럼
2026-07-04 04:47:25,979 [INFO]    bus                       | 신규     3행 | 누적      9행 | 11컬럼
2026-07-04 04:47:25,979 [INFO]    bus_bus_stn_stts          | 신규  1745행 | 누적   5235행 | 11컬럼
2026-07-04 04:47:25,979 [INFO]    charger                   | 신규     8행 | 누적     25행 | 15컬럼
2026-07-04 04:47:25,980 [INFO]    charger_charger_stts      | 신규  1040행 | 누적   4451행 | 15컬럼
2026-07-04 04:47:25,980 [INFO]    cmrcl                     | 신규    82행 | 누적    246행 | 20컬럼
2026-07-04 04:47:25,980 [INFO]    events                    | 신규    10행 | 누적     30행 | 14컬럼
2026-07-04 04:47:25,980 [INFO]    events_event_stts         | 신규   122행 | 누적    366행 | 14컬럼
2026-07-04 04:47:25,980 [INFO]    parking                   | 신규     6행 | 누적     18행 | 21컬럼
2026-07-04 04:47:25,980 [INFO]    parking_prk_stts          | 신규  1833행 | 누적   5499행 | 21컬럼
2026-07-04 04:47:25,980 [INFO]    ppltn                     | 신규   121행 | 누적    363행 | 26컬럼
2026-07-04 04:47:25,980 [INFO]    road                      | 신규   121행 | 누적    363행 | 21컬럼
2026-07-04 04:47:25,980 [INFO]    road_road_traffic_stts    | 신규  5261행 | 누적  15783행 | 17컬럼
2026-07-04 04:47:25,980 [INFO]    subway                    | 신규    38행 | 누적    114행 | 13컬럼
2026-07-04 04:47:25,980 [INFO]    subway_sub_stts           | 신규   183행 | 누적    549행 | 13컬럼
2026-07-04 04:47:25,980 [INFO]    weather                   | 신규   119행 | 누적    357행 | 29컬럼
2026-07-04 04:47:25,980 [INFO] 키별 사용량:
2026-07-04 04:47:25,980 [INFO]    🟢 KEY_1 (31/1000) 
2026-07-04 04:47:25,980 [INFO]    🟢 KEY_2 (30/1000) 
2026-07-04 04:47:25,980 [INFO]    🟢 KEY_3 (30/1000) 
2026-07-04 04:47:25,980 [INFO]    🟢 KEY_4 (30/1000) 
2026-07-04 08:15:48,159 [INFO] 등록된 키: 4개, 합산 한도 4,000건/일
2026-07-04 08:15:48,160 [INFO] POI 로드: 매뉴얼 v8.5 기준 fallback 121개 (121개 전체)
2026-07-04 08:15:48,160 [INFO] === 수집 시작 2026-07-04T08:15:48.160274+09:00 ===
2026-07-04 08:15:48,160 [INFO] 대상 장소: 121개 | API: citydata (통합)
2026-07-04 08:15:48,160 [INFO] 키 풀: 4/4 활성 | 오늘 사용 0/4000건
2026-07-04 08:15:48,160 [INFO]   [KEY_1] 담당 31장소
2026-07-04 08:15:48,160 [INFO]   [KEY_2] 담당 30장소
2026-07-04 08:15:48,160 [INFO]   [KEY_3] 담당 30장소
2026-07-04 08:15:48,160 [INFO]   [KEY_4] 담당 30장소
2026-07-04 08:15:48,160 [INFO] [1/121] 경복궁 (primary=KEY_1)
2026-07-04 08:15:50,363 [INFO] [2/121] 광화문·덕수궁 (primary=KEY_2)
2026-07-04 08:15:53,135 [INFO] [3/121] 보신각 (primary=KEY_3)
2026-07-04 08:15:55,281 [INFO] [4/121] 서울 암사동 유적 (primary=KEY_4)
2026-07-04 08:15:57,221 [INFO] [5/121] 창덕궁·종묘 (primary=KEY_1)
2026-07-04 08:15:59,355 [INFO] [6/121] 강남 MICE 관광특구 (primary=KEY_2)
2026-07-04 08:16:01,327 [INFO] [7/121] 동대문 관광특구 (primary=KEY_3)
2026-07-04 08:16:03,926 [INFO] [8/121] 명동 관광특구 (primary=KEY_4)
2026-07-04 08:16:07,136 [INFO] [9/121] 이태원 관광특구 (primary=KEY_1)
2026-07-04 08:16:08,517 [INFO] [10/121] 잠실 관광특구 (primary=KEY_2)
2026-07-04 08:16:10,908 [INFO] [11/121] 종로·청계 관광특구 (primary=KEY_3)
2026-07-04 08:16:12,729 [INFO] [12/121] 홍대 관광특구 (primary=KEY_4)
2026-07-04 08:16:15,343 [INFO] [13/121] 강서한강공원 (primary=KEY_1)
2026-07-04 08:16:17,292 [INFO] [14/121] 고척돔 (primary=KEY_2)
2026-07-04 08:16:18,445 [INFO] [15/121] 광나루한강공원 (primary=KEY_3)
2026-07-04 08:16:19,791 [INFO] [16/121] 광화문광장 (primary=KEY_4)
2026-07-04 08:16:21,973 [INFO] [17/121] 국립중앙박물관·용산가족공원 (primary=KEY_1)
2026-07-04 08:16:23,128 [INFO] [18/121] 난지한강공원 (primary=KEY_2)
2026-07-04 08:16:24,283 [INFO] [19/121] 남산공원 (primary=KEY_3)
2026-07-04 08:16:26,656 [INFO] [20/121] 노들섬 (primary=KEY_4)
2026-07-04 08:16:27,805 [INFO] [21/121] 뚝섬한강공원 (primary=KEY_1)
2026-07-04 08:16:28,964 [INFO] [22/121] 망원한강공원 (primary=KEY_2)
2026-07-04 08:16:31,151 [INFO] [23/121] 반포한강공원 (primary=KEY_3)
2026-07-04 08:16:33,094 [INFO] [24/121] 보라매공원 (primary=KEY_4)
2026-07-04 08:16:35,445 [INFO] [25/121] 북서울꿈의숲 (primary=KEY_1)
2026-07-04 08:16:37,386 [INFO] [26/121] 서대문독립공원 (primary=KEY_2)
2026-07-04 08:16:38,547 [INFO] [27/121] 서리풀공원·몽마르뜨공원 (primary=KEY_3)
2026-07-04 08:16:39,924 [INFO] [28/121] 서울대공원 (primary=KEY_4)
2026-07-04 08:16:41,074 [INFO] [29/121] 서울숲공원 (primary=KEY_1)
2026-07-04 08:16:43,440 [INFO] [30/121] 송현녹지광장 (primary=KEY_2)
2026-07-04 08:16:44,801 [INFO] [31/121] 아차산 (primary=KEY_3)
2026-07-04 08:16:45,955 [INFO] [32/121] 안양천 (primary=KEY_4)
2026-07-04 08:16:47,109 [INFO] [33/121] 양화한강공원 (primary=KEY_1)
2026-07-04 08:16:49,062 [INFO] [34/121] 어린이대공원 (primary=KEY_2)
2026-07-04 08:16:50,241 [INFO] [35/121] 여의도한강공원 (primary=KEY_3)
2026-07-04 08:16:51,594 [INFO] [36/121] 여의서로 (primary=KEY_4)
2026-07-04 08:16:52,755 [INFO] [37/121] 올림픽공원 (primary=KEY_1)
2026-07-04 08:16:54,839 [INFO] [38/121] 월드컵공원 (primary=KEY_2)
2026-07-04 08:16:56,460 [INFO] [39/121] 응봉산 (primary=KEY_3)
2026-07-04 08:16:57,818 [INFO] [40/121] 이촌한강공원 (primary=KEY_4)
2026-07-04 08:16:58,968 [INFO] [41/121] 잠실종합운동장 (primary=KEY_1)
2026-07-04 08:17:00,921 [INFO] [42/121] 잠실한강공원 (primary=KEY_2)
2026-07-04 08:17:02,670 [INFO] [43/121] 잠원한강공원 (primary=KEY_3)
2026-07-04 08:17:04,604 [INFO] [44/121] 청계산 (primary=KEY_4)
2026-07-04 08:17:05,751 [INFO] [45/121] 홍제폭포 (primary=KEY_1)
2026-07-04 08:17:06,900 [INFO] [46/121] 가락시장 (primary=KEY_2)
2026-07-04 08:17:09,064 [INFO] [47/121] 가로수길 (primary=KEY_3)
2026-07-04 08:17:10,456 [INFO] [48/121] 광장(전통)시장 (primary=KEY_4)
2026-07-04 08:17:11,631 [INFO] [49/121] 김포공항 (primary=KEY_1)
2026-07-04 08:17:13,050 [INFO] [50/121] 남대문시장 (primary=KEY_2)
2026-07-04 08:17:14,223 [INFO] [51/121] 노량진 (primary=KEY_3)
2026-07-04 08:17:15,625 [INFO] [52/121] 덕수궁길·정동길 (primary=KEY_4)
2026-07-04 08:17:17,019 [INFO] [53/121] 북창동 먹자골목 (primary=KEY_1)
2026-07-04 08:17:18,184 [INFO] [54/121] 북촌한옥마을 (primary=KEY_2)
2026-07-04 08:17:19,552 [INFO] [55/121] 서촌 (primary=KEY_3)
2026-07-04 08:17:20,909 [INFO] [56/121] 성수카페거리 (primary=KEY_4)
2026-07-04 08:17:23,082 [INFO] [57/121] 송리단길·호수단길 (primary=KEY_1)
2026-07-04 08:17:25,479 [INFO] [58/121] 신촌 스타광장 (primary=KEY_2)
2026-07-04 08:17:26,648 [INFO] [59/121] 압구정로데오거리 (primary=KEY_3)
2026-07-04 08:17:28,024 [INFO] [60/121] 여의도 (primary=KEY_4)
2026-07-04 08:17:30,069 [INFO] [61/121] 연남동 (primary=KEY_1)
2026-07-04 08:17:33,373 [INFO] [62/121] 영등포 타임스퀘어 (primary=KEY_2)
2026-07-04 08:17:34,727 [INFO] [63/121] 용리단길 (primary=KEY_3)
2026-07-04 08:17:35,935 [INFO] [64/121] 이태원 앤틱가구거리 (primary=KEY_4)
2026-07-04 08:17:37,106 [INFO] [65/121] 익선동 (primary=KEY_1)
2026-07-04 08:17:38,500 [INFO] [66/121] 인사동 (primary=KEY_2)
2026-07-04 08:17:39,894 [INFO] [67/121] 잠실롯데타워·석촌호수 (primary=KEY_3)
2026-07-04 08:17:41,315 [INFO] [68/121] 창동 신경제 중심지 (primary=KEY_4)
2026-07-04 08:17:42,909 [INFO] [69/121] 청담동 명품거리 (primary=KEY_1)
2026-07-04 08:17:44,271 [INFO] [70/121] 청량리 제기동 일대 전통시장 (primary=KEY_2)
2026-07-04 08:17:45,653 [INFO] [71/121] 해방촌·경리단길 (primary=KEY_3)
2026-07-04 08:17:46,816 [INFO] [72/121] DDP(동대문디자인플라자) (primary=KEY_4)
2026-07-04 08:17:48,248 [INFO] [73/121] DMC(디지털미디어시티) (primary=KEY_1)
2026-07-04 08:17:49,869 [INFO] [74/121] 가산디지털단지역 (primary=KEY_2)
2026-07-04 08:17:51,451 [INFO] [75/121] 강남역 (primary=KEY_3)
2026-07-04 08:17:53,118 [INFO] [76/121] 건대입구역 (primary=KEY_4)
2026-07-04 08:17:54,493 [INFO] [77/121] 고덕역 (primary=KEY_1)
2026-07-04 08:17:55,864 [INFO] [78/121] 고속터미널역 (primary=KEY_2)
2026-07-04 08:17:57,039 [INFO] [79/121] 교대역 (primary=KEY_3)
2026-07-04 08:17:58,214 [INFO] [80/121] 구로디지털단지역 (primary=KEY_4)
2026-07-04 08:17:59,597 [INFO] [81/121] 구로역 (primary=KEY_1)
2026-07-04 08:18:00,760 [INFO] [82/121] 군자역 (primary=KEY_2)
2026-07-04 08:18:02,141 [INFO] [83/121] 대림역 (primary=KEY_3)
2026-07-04 08:18:03,556 [INFO] [84/121] 동대문역 (primary=KEY_4)
2026-07-04 08:18:04,930 [INFO] [85/121] 뚝섬역 (primary=KEY_1)
2026-07-04 08:18:07,092 [INFO] [86/121] 미아사거리역 (primary=KEY_2)
2026-07-04 08:18:08,451 [INFO] [87/121] 발산역 (primary=KEY_3)
2026-07-04 08:18:10,007 [INFO] [88/121] 사당역 (primary=KEY_4)
2026-07-04 08:18:11,381 [INFO] [89/121] 삼각지역 (primary=KEY_1)
2026-07-04 08:18:12,547 [INFO] [90/121] 서울대입구역 (primary=KEY_2)
2026-07-04 08:18:13,725 [INFO] [91/121] 서울식물원·마곡나루역 (primary=KEY_3)
2026-07-04 08:18:15,105 [INFO] [92/121] 서울역 (primary=KEY_4)
2026-07-04 08:18:16,531 [INFO] [93/121] 선릉역 (primary=KEY_1)
2026-07-04 08:18:18,120 [INFO] [94/121] 성신여대입구역 (primary=KEY_2)
2026-07-04 08:18:19,293 [INFO] [95/121] 수유역 (primary=KEY_3)
2026-07-04 08:18:20,658 [INFO] [96/121] 숭례문 (primary=KEY_4)
2026-07-04 08:18:22,039 [INFO] [97/121] 시의회 앞 (primary=KEY_1)
2026-07-04 08:18:23,447 [INFO] [98/121] 신논현역·논현역 (primary=KEY_2)
2026-07-04 08:18:24,826 [INFO] [99/121] 신도림역 (primary=KEY_3)
2026-07-04 08:18:25,987 [INFO] [100/121] 신림역 (primary=KEY_4)
2026-07-04 08:18:27,183 [INFO] [101/121] 신정네거리역 (primary=KEY_1)
2026-07-04 08:18:28,359 [INFO] [102/121] 신촌·이대역 (primary=KEY_2)
2026-07-04 08:18:29,723 [INFO] [103/121] 쌍문역 (primary=KEY_3)
2026-07-04 08:18:30,904 [INFO] [104/121] 양재역 (primary=KEY_4)
2026-07-04 08:18:32,311 [INFO] [105/121] 역삼역 (primary=KEY_1)
2026-07-04 08:18:33,685 [INFO] [106/121] 연신내역 (primary=KEY_2)
2026-07-04 08:18:34,866 [INFO] [107/121] 오목교역·목동운동장 (primary=KEY_3)
2026-07-04 08:18:36,460 [INFO] [108/121] 왕십리역 (primary=KEY_4)
2026-07-04 08:18:37,846 [INFO] [109/121] 용산역 (primary=KEY_1)
2026-07-04 08:18:39,223 [INFO] [110/121] 이태원역 (primary=KEY_2)
2026-07-04 08:18:40,395 [INFO] [111/121] 잠실새내역 (primary=KEY_3)
2026-07-04 08:18:41,754 [INFO] [112/121] 잠실역 (primary=KEY_4)
2026-07-04 08:18:43,128 [INFO] [113/121] 장지역 (primary=KEY_1)
2026-07-04 08:18:44,504 [INFO] [114/121] 장한평역 (primary=KEY_2)
2026-07-04 08:18:45,896 [INFO] [115/121] 천호역 (primary=KEY_3)
2026-07-04 08:18:47,276 [INFO] [116/121] 총신대입구(이수)역 (primary=KEY_4)
2026-07-04 08:18:48,716 [INFO] [117/121] 충정로역 (primary=KEY_1)
2026-07-04 08:18:50,107 [INFO] [118/121] 합정역 (primary=KEY_2)
2026-07-04 08:18:51,489 [INFO] [119/121] 혜화역 (primary=KEY_3)
2026-07-04 08:18:52,852 [INFO] [120/121] 홍대입구역(2호선) (primary=KEY_4)
2026-07-04 08:18:54,062 [INFO] [121/121] 회기역 (primary=KEY_1)
2026-07-04 08:18:56,516 [INFO] === 수집 완료 | 성공 121, 실패 0 ===
2026-07-04 08:18:56,516 [INFO] 카테고리별 저장 결과:
2026-07-04 08:18:56,516 [INFO]    area_meta                 | 신규   121행 | 누적    484행 | 5컬럼
2026-07-04 08:18:56,516 [INFO]    bike                      | 신규    12행 | 누적     48행 | 12컬럼
2026-07-04 08:18:56,516 [INFO]    bike_sbike_stts           | 신규   553행 | 누적   2212행 | 12컬럼
2026-07-04 08:18:56,516 [INFO]    bus                       | 신규     3행 | 누적     12행 | 11컬럼
2026-07-04 08:18:56,516 [INFO]    bus_bus_stn_stts          | 신규  1745행 | 누적   6980행 | 11컬럼
2026-07-04 08:18:56,516 [INFO]    charger                   | 신규    26행 | 누적     51행 | 15컬럼
2026-07-04 08:18:56,516 [INFO]    charger_charger_stts      | 신규   340행 | 누적   4789행 | 15컬럼
2026-07-04 08:18:56,516 [INFO]    cmrcl                     | 신규    82행 | 누적    328행 | 21컬럼
2026-07-04 08:18:56,517 [INFO]    events                    | 신규     8행 | 누적     38행 | 14컬럼
2026-07-04 08:18:56,517 [INFO]    events_event_stts         | 신규   129행 | 누적    495행 | 14컬럼
2026-07-04 08:18:56,517 [INFO]    parking                   | 신규     6행 | 누적     24행 | 21컬럼
2026-07-04 08:18:56,517 [INFO]    parking_prk_stts          | 신규  1833행 | 누적   7332행 | 21컬럼
2026-07-04 08:18:56,517 [INFO]    ppltn                     | 신규   121행 | 누적    484행 | 26컬럼
2026-07-04 08:18:56,517 [INFO]    road                      | 신규   121행 | 누적    484행 | 21컬럼
2026-07-04 08:18:56,517 [INFO]    road_road_traffic_stts    | 신규  5261행 | 누적  21044행 | 17컬럼
2026-07-04 08:18:56,517 [INFO]    subway                    | 신규    38행 | 누적    152행 | 13컬럼
2026-07-04 08:18:56,517 [INFO]    subway_sub_stts           | 신규   183행 | 누적    732행 | 13컬럼
2026-07-04 08:18:56,517 [INFO]    weather                   | 신규   119행 | 누적    476행 | 29컬럼
2026-07-04 08:18:56,517 [INFO] 키별 사용량:
2026-07-04 08:18:56,517 [INFO]    🟢 KEY_1 (31/1000) 
2026-07-04 08:18:56,517 [INFO]    🟢 KEY_2 (30/1000) 
2026-07-04 08:18:56,517 [INFO]    🟢 KEY_3 (30/1000) 
2026-07-04 08:18:56,517 [INFO]    🟢 KEY_4 (30/1000) 
2026-07-04 12:57:04,369 [INFO] 등록된 키: 4개, 합산 한도 4,000건/일
2026-07-04 12:57:04,370 [INFO] POI 로드: 매뉴얼 v8.5 기준 fallback 121개 (121개 전체)
2026-07-04 12:57:04,370 [INFO] === 수집 시작 2026-07-04T12:57:04.370237+09:00 ===
2026-07-04 12:57:04,370 [INFO] 대상 장소: 121개 | API: citydata (통합)
2026-07-04 12:57:04,370 [INFO] 키 풀: 4/4 활성 | 오늘 사용 0/4000건
2026-07-04 12:57:04,370 [INFO]   [KEY_1] 담당 31장소
2026-07-04 12:57:04,370 [INFO]   [KEY_2] 담당 30장소
2026-07-04 12:57:04,370 [INFO]   [KEY_3] 담당 30장소
2026-07-04 12:57:04,370 [INFO]   [KEY_4] 담당 30장소
2026-07-04 12:57:04,370 [INFO] [1/121] 경복궁 (primary=KEY_1)
2026-07-04 12:57:06,439 [INFO] [2/121] 광화문·덕수궁 (primary=KEY_2)
2026-07-04 12:57:09,008 [INFO] [3/121] 보신각 (primary=KEY_3)
2026-07-04 12:57:11,160 [INFO] [4/121] 서울 암사동 유적 (primary=KEY_4)
2026-07-04 12:57:13,100 [INFO] [5/121] 창덕궁·종묘 (primary=KEY_1)
2026-07-04 12:57:15,634 [INFO] [6/121] 강남 MICE 관광특구 (primary=KEY_2)
2026-07-04 12:57:17,005 [INFO] [7/121] 동대문 관광특구 (primary=KEY_3)
2026-07-04 12:57:18,808 [INFO] [8/121] 명동 관광특구 (primary=KEY_4)
2026-07-04 12:57:21,423 [INFO] [9/121] 이태원 관광특구 (primary=KEY_1)
2026-07-04 12:57:23,608 [INFO] [10/121] 잠실 관광특구 (primary=KEY_2)
2026-07-04 12:57:25,219 [INFO] [11/121] 종로·청계 관광특구 (primary=KEY_3)
2026-07-04 12:57:26,832 [INFO] [12/121] 홍대 관광특구 (primary=KEY_4)
2026-07-04 12:57:28,452 [INFO] [13/121] 강서한강공원 (primary=KEY_1)
2026-07-04 12:57:30,388 [INFO] [14/121] 고척돔 (primary=KEY_2)
2026-07-04 12:57:32,138 [INFO] [15/121] 광나루한강공원 (primary=KEY_3)
2026-07-04 12:57:34,666 [INFO] [16/121] 광화문광장 (primary=KEY_4)
2026-07-04 12:57:36,037 [INFO] [17/121] 국립중앙박물관·용산가족공원 (primary=KEY_1)
2026-07-04 12:57:37,991 [INFO] [18/121] 난지한강공원 (primary=KEY_2)
2026-07-04 12:57:40,127 [INFO] [19/121] 남산공원 (primary=KEY_3)
2026-07-04 12:57:42,719 [INFO] [20/121] 노들섬 (primary=KEY_4)
2026-07-04 12:57:44,655 [INFO] [21/121] 뚝섬한강공원 (primary=KEY_1)
2026-07-04 12:57:45,827 [INFO] [22/121] 망원한강공원 (primary=KEY_2)
2026-07-04 12:57:47,194 [INFO] [23/121] 반포한강공원 (primary=KEY_3)
2026-07-04 12:57:49,137 [INFO] [24/121] 보라매공원 (primary=KEY_4)
2026-07-04 12:57:51,133 [INFO] [25/121] 북서울꿈의숲 (primary=KEY_1)
2026-07-04 12:57:53,092 [INFO] [26/121] 서대문독립공원 (primary=KEY_2)
2026-07-04 12:57:54,265 [INFO] [27/121] 서리풀공원·몽마르뜨공원 (primary=KEY_3)
2026-07-04 12:57:56,453 [INFO] [28/121] 서울대공원 (primary=KEY_4)
2026-07-04 12:57:58,425 [INFO] [29/121] 서울숲공원 (primary=KEY_1)
2026-07-04 12:57:59,788 [INFO] [30/121] 송현녹지광장 (primary=KEY_2)
2026-07-04 12:58:02,329 [INFO] [31/121] 아차산 (primary=KEY_3)
2026-07-04 12:58:03,477 [INFO] [32/121] 안양천 (primary=KEY_4)
2026-07-04 12:58:05,822 [INFO] [33/121] 양화한강공원 (primary=KEY_1)
2026-07-04 12:58:06,980 [INFO] [34/121] 어린이대공원 (primary=KEY_2)
2026-07-04 12:58:08,173 [INFO] [35/121] 여의도한강공원 (primary=KEY_3)
2026-07-04 12:58:09,539 [INFO] [36/121] 여의서로 (primary=KEY_4)
2026-07-04 12:58:10,694 [INFO] [37/121] 올림픽공원 (primary=KEY_1)
2026-07-04 12:58:12,081 [INFO] [38/121] 월드컵공원 (primary=KEY_2)
2026-07-04 12:58:13,685 [INFO] [39/121] 응봉산 (primary=KEY_3)
2026-07-04 12:58:15,043 [INFO] [40/121] 이촌한강공원 (primary=KEY_4)
2026-07-04 12:58:16,192 [INFO] [41/121] 잠실종합운동장 (primary=KEY_1)
2026-07-04 12:58:17,357 [INFO] [42/121] 잠실한강공원 (primary=KEY_2)
2026-07-04 12:58:18,526 [INFO] [43/121] 잠원한강공원 (primary=KEY_3)
2026-07-04 12:58:19,691 [INFO] [44/121] 청계산 (primary=KEY_4)
2026-07-04 12:58:21,645 [INFO] [45/121] 홍제폭포 (primary=KEY_1)
2026-07-04 12:58:22,795 [INFO] [46/121] 가락시장 (primary=KEY_2)
2026-07-04 12:58:24,185 [INFO] [47/121] 가로수길 (primary=KEY_3)
2026-07-04 12:58:25,579 [INFO] [48/121] 광장(전통)시장 (primary=KEY_4)
2026-07-04 12:58:27,578 [INFO] [49/121] 김포공항 (primary=KEY_1)
2026-07-04 12:58:28,973 [INFO] [50/121] 남대문시장 (primary=KEY_2)
2026-07-04 12:58:30,349 [INFO] [51/121] 노량진 (primary=KEY_3)
2026-07-04 12:58:31,734 [INFO] [52/121] 덕수궁길·정동길 (primary=KEY_4)
2026-07-04 12:58:33,908 [INFO] [53/121] 북창동 먹자골목 (primary=KEY_1)
2026-07-04 12:58:35,071 [INFO] [54/121] 북촌한옥마을 (primary=KEY_2)
2026-07-04 12:58:36,463 [INFO] [55/121] 서촌 (primary=KEY_3)
2026-07-04 12:58:37,828 [INFO] [56/121] 성수카페거리 (primary=KEY_4)
2026-07-04 12:58:39,215 [INFO] [57/121] 송리단길·호수단길 (primary=KEY_1)
2026-07-04 12:58:40,614 [INFO] [58/121] 신촌 스타광장 (primary=KEY_2)
2026-07-04 12:58:41,811 [INFO] [59/121] 압구정로데오거리 (primary=KEY_3)
2026-07-04 12:58:43,415 [INFO] [60/121] 여의도 (primary=KEY_4)
2026-07-04 12:58:45,447 [INFO] [61/121] 연남동 (primary=KEY_1)
2026-07-04 12:58:47,594 [INFO] [62/121] 영등포 타임스퀘어 (primary=KEY_2)
2026-07-04 12:58:48,974 [INFO] [63/121] 용리단길 (primary=KEY_3)
2026-07-04 12:58:50,167 [INFO] [64/121] 이태원 앤틱가구거리 (primary=KEY_4)
2026-07-04 12:58:51,548 [INFO] [65/121] 익선동 (primary=KEY_1)
2026-07-04 12:58:52,938 [INFO] [66/121] 인사동 (primary=KEY_2)
2026-07-04 12:58:54,322 [INFO] [67/121] 잠실롯데타워·석촌호수 (primary=KEY_3)
2026-07-04 12:58:55,775 [INFO] [68/121] 창동 신경제 중심지 (primary=KEY_4)
2026-07-04 12:58:57,381 [INFO] [69/121] 청담동 명품거리 (primary=KEY_1)
2026-07-04 12:58:58,763 [INFO] [70/121] 청량리 제기동 일대 전통시장 (primary=KEY_2)
2026-07-04 12:59:00,146 [INFO] [71/121] 해방촌·경리단길 (primary=KEY_3)
2026-07-04 12:59:01,312 [INFO] [72/121] DDP(동대문디자인플라자) (primary=KEY_4)
2026-07-04 12:59:02,741 [INFO] [73/121] DMC(디지털미디어시티) (primary=KEY_1)
2026-07-04 12:59:05,340 [INFO] [74/121] 가산디지털단지역 (primary=KEY_2)
2026-07-04 12:59:06,902 [INFO] [75/121] 강남역 (primary=KEY_3)
2026-07-04 12:59:08,523 [INFO] [76/121] 건대입구역 (primary=KEY_4)
2026-07-04 12:59:09,914 [INFO] [77/121] 고덕역 (primary=KEY_1)
2026-07-04 12:59:11,312 [INFO] [78/121] 고속터미널역 (primary=KEY_2)
2026-07-04 12:59:12,570 [INFO] [79/121] 교대역 (primary=KEY_3)
2026-07-04 12:59:13,759 [INFO] [80/121] 구로디지털단지역 (primary=KEY_4)
2026-07-04 12:59:15,130 [INFO] [81/121] 구로역 (primary=KEY_1)
2026-07-04 12:59:16,305 [INFO] [82/121] 군자역 (primary=KEY_2)
2026-07-04 12:59:17,686 [INFO] [83/121] 대림역 (primary=KEY_3)
2026-07-04 12:59:19,063 [INFO] [84/121] 동대문역 (primary=KEY_4)
2026-07-04 12:59:20,446 [INFO] [85/121] 뚝섬역 (primary=KEY_1)
2026-07-04 12:59:21,806 [INFO] [86/121] 미아사거리역 (primary=KEY_2)
2026-07-04 12:59:23,186 [INFO] [87/121] 발산역 (primary=KEY_3)
2026-07-04 12:59:24,768 [INFO] [88/121] 사당역 (primary=KEY_4)
2026-07-04 12:59:26,174 [INFO] [89/121] 삼각지역 (primary=KEY_1)
2026-07-04 12:59:27,349 [INFO] [90/121] 서울대입구역 (primary=KEY_2)
2026-07-04 12:59:28,714 [INFO] [91/121] 서울식물원·마곡나루역 (primary=KEY_3)
2026-07-04 12:59:30,100 [INFO] [92/121] 서울역 (primary=KEY_4)
2026-07-04 12:59:31,568 [INFO] [93/121] 선릉역 (primary=KEY_1)
2026-07-04 12:59:33,182 [INFO] [94/121] 성신여대입구역 (primary=KEY_2)
2026-07-04 12:59:34,381 [INFO] [95/121] 수유역 (primary=KEY_3)
2026-07-04 12:59:35,749 [INFO] [96/121] 숭례문 (primary=KEY_4)
2026-07-04 12:59:37,156 [INFO] [97/121] 시의회 앞 (primary=KEY_1)
2026-07-04 12:59:38,539 [INFO] [98/121] 신논현역·논현역 (primary=KEY_2)
2026-07-04 12:59:39,999 [INFO] [99/121] 신도림역 (primary=KEY_3)
2026-07-04 12:59:41,180 [INFO] [100/121] 신림역 (primary=KEY_4)
2026-07-04 12:59:42,371 [INFO] [101/121] 신정네거리역 (primary=KEY_1)
2026-07-04 12:59:43,579 [INFO] [102/121] 신촌·이대역 (primary=KEY_2)
2026-07-04 12:59:44,963 [INFO] [103/121] 쌍문역 (primary=KEY_3)
2026-07-04 12:59:46,338 [INFO] [104/121] 양재역 (primary=KEY_4)
2026-07-04 12:59:47,715 [INFO] [105/121] 역삼역 (primary=KEY_1)
2026-07-04 12:59:49,118 [INFO] [106/121] 연신내역 (primary=KEY_2)
2026-07-04 12:59:50,317 [INFO] [107/121] 오목교역·목동운동장 (primary=KEY_3)
2026-07-04 12:59:51,910 [INFO] [108/121] 왕십리역 (primary=KEY_4)
2026-07-04 12:59:53,307 [INFO] [109/121] 용산역 (primary=KEY_1)
2026-07-04 12:59:54,691 [INFO] [110/121] 이태원역 (primary=KEY_2)
2026-07-04 12:59:55,876 [INFO] [111/121] 잠실새내역 (primary=KEY_3)
2026-07-04 12:59:57,252 [INFO] [112/121] 잠실역 (primary=KEY_4)
2026-07-04 12:59:58,641 [INFO] [113/121] 장지역 (primary=KEY_1)
2026-07-04 13:00:00,027 [INFO] [114/121] 장한평역 (primary=KEY_2)
2026-07-04 13:00:01,437 [INFO] [115/121] 천호역 (primary=KEY_3)
2026-07-04 13:00:02,892 [INFO] [116/121] 총신대입구(이수)역 (primary=KEY_4)
2026-07-04 13:00:04,268 [INFO] [117/121] 충정로역 (primary=KEY_1)
2026-07-04 13:00:05,654 [INFO] [118/121] 합정역 (primary=KEY_2)
2026-07-04 13:00:07,045 [INFO] [119/121] 혜화역 (primary=KEY_3)
2026-07-04 13:00:08,417 [INFO] [120/121] 홍대입구역(2호선) (primary=KEY_4)
2026-07-04 13:00:09,806 [INFO] [121/121] 회기역 (primary=KEY_1)
2026-07-04 13:00:12,262 [INFO] === 수집 완료 | 성공 121, 실패 0 ===
2026-07-04 13:00:12,262 [INFO] 카테고리별 저장 결과:
2026-07-04 13:00:12,262 [INFO]    accident                  | 신규     8행 | 누적      8행 | 16컬럼
2026-07-04 13:00:12,262 [INFO]    accident_acdnt_cntrl_stts | 신규     9행 | 누적      9행 | 16컬럼
2026-07-04 13:00:12,262 [INFO]    area_meta                 | 신규   121행 | 누적    605행 | 5컬럼
2026-07-04 13:00:12,262 [INFO]    bike                      | 신규    12행 | 누적     60행 | 12컬럼
2026-07-04 13:00:12,262 [INFO]    bike_sbike_stts           | 신규   553행 | 누적   2765행 | 12컬럼
2026-07-04 13:00:12,262 [INFO]    bus                       | 신규     3행 | 누적     15행 | 11컬럼
2026-07-04 13:00:12,262 [INFO]    bus_bus_stn_stts          | 신규  1745행 | 누적   8725행 | 11컬럼
2026-07-04 13:00:12,262 [INFO]    charger                   | 신규    26행 | 누적     77행 | 15컬럼
2026-07-04 13:00:12,263 [INFO]    charger_charger_stts      | 신규   340행 | 누적   5127행 | 15컬럼
2026-07-04 13:00:12,263 [INFO]    cmrcl                     | 신규    82행 | 누적    410행 | 21컬럼
2026-07-04 13:00:12,263 [INFO]    events                    | 신규     8행 | 누적     46행 | 14컬럼
2026-07-04 13:00:12,263 [INFO]    events_event_stts         | 신규   129행 | 누적    624행 | 14컬럼
2026-07-04 13:00:12,263 [INFO]    parking                   | 신규     6행 | 누적     30행 | 21컬럼
2026-07-04 13:00:12,263 [INFO]    parking_prk_stts          | 신규  1833행 | 누적   9165행 | 21컬럼
2026-07-04 13:00:12,263 [INFO]    ppltn                     | 신규   121행 | 누적    605행 | 26컬럼
2026-07-04 13:00:12,263 [INFO]    road                      | 신규   121행 | 누적    605행 | 21컬럼
2026-07-04 13:00:12,263 [INFO]    road_road_traffic_stts    | 신규  5261행 | 누적  26305행 | 17컬럼
2026-07-04 13:00:12,263 [INFO]    subway                    | 신규    38행 | 누적    190행 | 13컬럼
2026-07-04 13:00:12,263 [INFO]    subway_sub_stts           | 신규   183행 | 누적    915행 | 13컬럼
2026-07-04 13:00:12,263 [INFO]    weather                   | 신규   119행 | 누적    595행 | 29컬럼
2026-07-04 13:00:12,263 [INFO] 키별 사용량:
2026-07-04 13:00:12,263 [INFO]    🟢 KEY_1 (31/1000) 
2026-07-04 13:00:12,263 [INFO]    🟢 KEY_2 (30/1000) 
2026-07-04 13:00:12,263 [INFO]    🟢 KEY_3 (30/1000) 
2026-07-04 13:00:12,263 [INFO]    🟢 KEY_4 (30/1000) 
2026-07-04 15:56:39,243 [INFO] 등록된 키: 4개, 합산 한도 4,000건/일
2026-07-04 15:56:39,244 [INFO] POI 로드: 매뉴얼 v8.5 기준 fallback 121개 (121개 전체)
2026-07-04 15:56:39,244 [INFO] === 수집 시작 2026-07-04T15:56:39.244697+09:00 ===
2026-07-04 15:56:39,244 [INFO] 대상 장소: 121개 | API: citydata (통합)
2026-07-04 15:56:39,244 [INFO] 키 풀: 4/4 활성 | 오늘 사용 0/4000건
2026-07-04 15:56:39,245 [INFO]   [KEY_1] 담당 31장소
2026-07-04 15:56:39,245 [INFO]   [KEY_2] 담당 30장소
2026-07-04 15:56:39,245 [INFO]   [KEY_3] 담당 30장소
2026-07-04 15:56:39,245 [INFO]   [KEY_4] 담당 30장소
2026-07-04 15:56:39,245 [INFO] [1/121] 경복궁 (primary=KEY_1)
2026-07-04 15:56:40,822 [INFO] [2/121] 광화문·덕수궁 (primary=KEY_2)
2026-07-04 15:56:43,217 [INFO] [3/121] 보신각 (primary=KEY_3)
2026-07-04 15:56:45,373 [INFO] [4/121] 서울 암사동 유적 (primary=KEY_4)
2026-07-04 15:56:47,321 [INFO] [5/121] 창덕궁·종묘 (primary=KEY_1)
2026-07-04 15:56:49,466 [INFO] [6/121] 강남 MICE 관광특구 (primary=KEY_2)
2026-07-04 15:56:51,444 [INFO] [7/121] 동대문 관광특구 (primary=KEY_3)
2026-07-04 15:56:53,670 [INFO] [8/121] 명동 관광특구 (primary=KEY_4)
2026-07-04 15:56:55,511 [INFO] [9/121] 이태원 관광특구 (primary=KEY_1)
2026-07-04 15:56:57,883 [INFO] [10/121] 잠실 관광특구 (primary=KEY_2)
2026-07-04 15:57:00,285 [INFO] [11/121] 종로·청계 관광특구 (primary=KEY_3)
2026-07-04 15:57:02,695 [INFO] [12/121] 홍대 관광특구 (primary=KEY_4)
2026-07-04 15:57:04,900 [INFO] [13/121] 강서한강공원 (primary=KEY_1)
2026-07-04 15:57:06,247 [INFO] [14/121] 고척돔 (primary=KEY_2)
2026-07-04 15:57:07,407 [INFO] [15/121] 광나루한강공원 (primary=KEY_3)
2026-07-04 15:57:09,542 [INFO] [16/121] 광화문광장 (primary=KEY_4)
2026-07-04 15:57:11,687 [INFO] [17/121] 국립중앙박물관·용산가족공원 (primary=KEY_1)
2026-07-04 15:57:12,845 [INFO] [18/121] 난지한강공원 (primary=KEY_2)
2026-07-04 15:57:14,793 [INFO] [19/121] 남산공원 (primary=KEY_3)
2026-07-04 15:57:16,576 [INFO] [20/121] 노들섬 (primary=KEY_4)
2026-07-04 15:57:17,730 [INFO] [21/121] 뚝섬한강공원 (primary=KEY_1)
2026-07-04 15:57:18,886 [INFO] [22/121] 망원한강공원 (primary=KEY_2)
2026-07-04 15:57:20,368 [INFO] [23/121] 반포한강공원 (primary=KEY_3)
2026-07-04 15:57:21,526 [INFO] [24/121] 보라매공원 (primary=KEY_4)
2026-07-04 15:57:23,710 [INFO] [25/121] 북서울꿈의숲 (primary=KEY_1)
2026-07-04 15:57:25,653 [INFO] [26/121] 서대문독립공원 (primary=KEY_2)
2026-07-04 15:57:27,602 [INFO] [27/121] 서리풀공원·몽마르뜨공원 (primary=KEY_3)
2026-07-04 15:57:30,142 [INFO] [28/121] 서울대공원 (primary=KEY_4)
2026-07-04 15:57:31,345 [INFO] [29/121] 서울숲공원 (primary=KEY_1)
2026-07-04 15:57:32,713 [INFO] [30/121] 송현녹지광장 (primary=KEY_2)
2026-07-04 15:57:34,062 [INFO] [31/121] 아차산 (primary=KEY_3)
2026-07-04 15:57:35,208 [INFO] [32/121] 안양천 (primary=KEY_4)
2026-07-04 15:57:36,368 [INFO] [33/121] 양화한강공원 (primary=KEY_1)
2026-07-04 15:57:38,302 [INFO] [34/121] 어린이대공원 (primary=KEY_2)
2026-07-04 15:57:40,645 [INFO] [35/121] 여의도한강공원 (primary=KEY_3)
2026-07-04 15:57:41,994 [INFO] [36/121] 여의서로 (primary=KEY_4)
2026-07-04 15:57:44,315 [INFO] [37/121] 올림픽공원 (primary=KEY_1)
2026-07-04 15:57:45,690 [INFO] [38/121] 월드컵공원 (primary=KEY_2)
2026-07-04 15:57:48,287 [INFO] [39/121] 응봉산 (primary=KEY_3)
2026-07-04 15:57:49,633 [INFO] [40/121] 이촌한강공원 (primary=KEY_4)
2026-07-04 15:57:50,787 [INFO] [41/121] 잠실종합운동장 (primary=KEY_1)
2026-07-04 15:57:51,945 [INFO] [42/121] 잠실한강공원 (primary=KEY_2)
2026-07-04 15:57:53,290 [INFO] [43/121] 잠원한강공원 (primary=KEY_3)
2026-07-04 15:57:54,438 [INFO] [44/121] 청계산 (primary=KEY_4)
2026-07-04 15:57:55,600 [INFO] [45/121] 홍제폭포 (primary=KEY_1)
2026-07-04 15:57:56,759 [INFO] [46/121] 가락시장 (primary=KEY_2)
2026-07-04 15:57:58,146 [INFO] [47/121] 가로수길 (primary=KEY_3)
2026-07-04 15:58:00,721 [INFO] [48/121] 광장(전통)시장 (primary=KEY_4)
2026-07-04 15:58:03,088 [INFO] [49/121] 김포공항 (primary=KEY_1)
2026-07-04 15:58:04,486 [INFO] [50/121] 남대문시장 (primary=KEY_2)
2026-07-04 15:58:05,850 [INFO] [51/121] 노량진 (primary=KEY_3)
2026-07-04 15:58:08,222 [INFO] [52/121] 덕수궁길·정동길 (primary=KEY_4)
2026-07-04 15:58:09,630 [INFO] [53/121] 북창동 먹자골목 (primary=KEY_1)
2026-07-04 15:58:10,795 [INFO] [54/121] 북촌한옥마을 (primary=KEY_2)
2026-07-04 15:58:12,166 [INFO] [55/121] 서촌 (primary=KEY_3)
2026-07-04 15:58:13,527 [INFO] [56/121] 성수카페거리 (primary=KEY_4)
2026-07-04 15:58:14,911 [INFO] [57/121] 송리단길·호수단길 (primary=KEY_1)
2026-07-04 15:58:16,295 [INFO] [58/121] 신촌 스타광장 (primary=KEY_2)
2026-07-04 15:58:17,464 [INFO] [59/121] 압구정로데오거리 (primary=KEY_3)
2026-07-04 15:58:18,832 [INFO] [60/121] 여의도 (primary=KEY_4)
2026-07-04 15:58:20,855 [INFO] [61/121] 연남동 (primary=KEY_1)
2026-07-04 15:58:22,212 [INFO] [62/121] 영등포 타임스퀘어 (primary=KEY_2)
2026-07-04 15:58:23,567 [INFO] [63/121] 용리단길 (primary=KEY_3)
2026-07-04 15:58:24,757 [INFO] [64/121] 이태원 앤틱가구거리 (primary=KEY_4)
2026-07-04 15:58:26,117 [INFO] [65/121] 익선동 (primary=KEY_1)
2026-07-04 15:58:28,664 [INFO] [66/121] 인사동 (primary=KEY_2)
2026-07-04 15:58:30,044 [INFO] [67/121] 잠실롯데타워·석촌호수 (primary=KEY_3)
2026-07-04 15:58:31,429 [INFO] [68/121] 창동 신경제 중심지 (primary=KEY_4)
2026-07-04 15:58:33,024 [INFO] [69/121] 청담동 명품거리 (primary=KEY_1)
2026-07-04 15:58:34,397 [INFO] [70/121] 청량리 제기동 일대 전통시장 (primary=KEY_2)
2026-07-04 15:58:35,808 [INFO] [71/121] 해방촌·경리단길 (primary=KEY_3)
2026-07-04 15:58:36,966 [INFO] [72/121] DDP(동대문디자인플라자) (primary=KEY_4)
2026-07-04 15:58:38,414 [INFO] [73/121] DMC(디지털미디어시티) (primary=KEY_1)
2026-07-04 15:58:40,022 [INFO] [74/121] 가산디지털단지역 (primary=KEY_2)
2026-07-04 15:58:41,609 [INFO] [75/121] 강남역 (primary=KEY_3)
2026-07-04 15:58:43,219 [INFO] [76/121] 건대입구역 (primary=KEY_4)
2026-07-04 15:58:44,592 [INFO] [77/121] 고덕역 (primary=KEY_1)
2026-07-04 15:58:45,954 [INFO] [78/121] 고속터미널역 (primary=KEY_2)
2026-07-04 15:58:47,159 [INFO] [79/121] 교대역 (primary=KEY_3)
2026-07-04 15:58:48,355 [INFO] [80/121] 구로디지털단지역 (primary=KEY_4)
2026-07-04 15:58:49,725 [INFO] [81/121] 구로역 (primary=KEY_1)
2026-07-04 15:58:50,904 [INFO] [82/121] 군자역 (primary=KEY_2)
2026-07-04 15:58:52,311 [INFO] [83/121] 대림역 (primary=KEY_3)
2026-07-04 15:58:53,693 [INFO] [84/121] 동대문역 (primary=KEY_4)
2026-07-04 15:58:55,082 [INFO] [85/121] 뚝섬역 (primary=KEY_1)
2026-07-04 15:58:56,457 [INFO] [86/121] 미아사거리역 (primary=KEY_2)
2026-07-04 15:58:57,834 [INFO] [87/121] 발산역 (primary=KEY_3)
2026-07-04 15:58:59,402 [INFO] [88/121] 사당역 (primary=KEY_4)
2026-07-04 15:59:00,789 [INFO] [89/121] 삼각지역 (primary=KEY_1)
2026-07-04 15:59:01,962 [INFO] [90/121] 서울대입구역 (primary=KEY_2)
2026-07-04 15:59:03,331 [INFO] [91/121] 서울식물원·마곡나루역 (primary=KEY_3)
2026-07-04 15:59:04,724 [INFO] [92/121] 서울역 (primary=KEY_4)
2026-07-04 15:59:06,193 [INFO] [93/121] 선릉역 (primary=KEY_1)
2026-07-04 15:59:07,804 [INFO] [94/121] 성신여대입구역 (primary=KEY_2)
2026-07-04 15:59:08,985 [INFO] [95/121] 수유역 (primary=KEY_3)
2026-07-04 15:59:10,361 [INFO] [96/121] 숭례문 (primary=KEY_4)
2026-07-04 15:59:11,747 [INFO] [97/121] 시의회 앞 (primary=KEY_1)
2026-07-04 15:59:13,178 [INFO] [98/121] 신논현역·논현역 (primary=KEY_2)
2026-07-04 15:59:14,565 [INFO] [99/121] 신도림역 (primary=KEY_3)
2026-07-04 15:59:15,738 [INFO] [100/121] 신림역 (primary=KEY_4)
2026-07-04 15:59:16,930 [INFO] [101/121] 신정네거리역 (primary=KEY_1)
2026-07-04 15:59:18,111 [INFO] [102/121] 신촌·이대역 (primary=KEY_2)
2026-07-04 15:59:19,486 [INFO] [103/121] 쌍문역 (primary=KEY_3)
2026-07-04 15:59:20,856 [INFO] [104/121] 양재역 (primary=KEY_4)
2026-07-04 15:59:22,233 [INFO] [105/121] 역삼역 (primary=KEY_1)
2026-07-04 15:59:23,603 [INFO] [106/121] 연신내역 (primary=KEY_2)
2026-07-04 15:59:24,805 [INFO] [107/121] 오목교역·목동운동장 (primary=KEY_3)
2026-07-04 15:59:26,412 [INFO] [108/121] 왕십리역 (primary=KEY_4)
2026-07-04 15:59:27,834 [INFO] [109/121] 용산역 (primary=KEY_1)
2026-07-04 15:59:29,220 [INFO] [110/121] 이태원역 (primary=KEY_2)
2026-07-04 15:59:30,398 [INFO] [111/121] 잠실새내역 (primary=KEY_3)
2026-07-04 15:59:31,774 [INFO] [112/121] 잠실역 (primary=KEY_4)
2026-07-04 15:59:33,152 [INFO] [113/121] 장지역 (primary=KEY_1)
2026-07-04 15:59:34,524 [INFO] [114/121] 장한평역 (primary=KEY_2)
2026-07-04 15:59:35,893 [INFO] [115/121] 천호역 (primary=KEY_3)
2026-07-04 15:59:37,341 [INFO] [116/121] 총신대입구(이수)역 (primary=KEY_4)
2026-07-04 15:59:38,733 [INFO] [117/121] 충정로역 (primary=KEY_1)
2026-07-04 15:59:40,122 [INFO] [118/121] 합정역 (primary=KEY_2)
2026-07-04 15:59:41,514 [INFO] [119/121] 혜화역 (primary=KEY_3)
2026-07-04 15:59:42,887 [INFO] [120/121] 홍대입구역(2호선) (primary=KEY_4)
2026-07-04 15:59:44,282 [INFO] [121/121] 회기역 (primary=KEY_1)
2026-07-04 15:59:47,037 [INFO] === 수집 완료 | 성공 121, 실패 0 ===
2026-07-04 15:59:47,038 [INFO] 카테고리별 저장 결과:
2026-07-04 15:59:47,038 [INFO]    accident                  | 신규     7행 | 누적     15행 | 16컬럼
2026-07-04 15:59:47,038 [INFO]    accident_acdnt_cntrl_stts | 신규    15행 | 누적     24행 | 16컬럼
2026-07-04 15:59:47,038 [INFO]    area_meta                 | 신규   121행 | 누적    726행 | 5컬럼
2026-07-04 15:59:47,038 [INFO]    bike                      | 신규    12행 | 누적     72행 | 12컬럼
2026-07-04 15:59:47,038 [INFO]    bike_sbike_stts           | 신규   553행 | 누적   3318행 | 12컬럼
2026-07-04 15:59:47,038 [INFO]    bus                       | 신규     3행 | 누적     18행 | 11컬럼
2026-07-04 15:59:47,038 [INFO]    bus_bus_stn_stts          | 신규  1745행 | 누적  10470행 | 11컬럼
2026-07-04 15:59:47,038 [INFO]    charger                   | 신규    26행 | 누적    103행 | 15컬럼
2026-07-04 15:59:47,038 [INFO]    charger_charger_stts      | 신규   340행 | 누적   5465행 | 15컬럼
2026-07-04 15:59:47,038 [INFO]    cmrcl                     | 신규    82행 | 누적    492행 | 21컬럼
2026-07-04 15:59:47,038 [INFO]    events                    | 신규     8행 | 누적     54행 | 14컬럼
2026-07-04 15:59:47,038 [INFO]    events_event_stts         | 신규   129행 | 누적    753행 | 14컬럼
2026-07-04 15:59:47,038 [INFO]    parking                   | 신규     6행 | 누적     36행 | 21컬럼
2026-07-04 15:59:47,039 [INFO]    parking_prk_stts          | 신규  1833행 | 누적  10998행 | 21컬럼
2026-07-04 15:59:47,039 [INFO]    ppltn                     | 신규   121행 | 누적    726행 | 26컬럼
2026-07-04 15:59:47,039 [INFO]    road                      | 신규   121행 | 누적    726행 | 21컬럼
2026-07-04 15:59:47,039 [INFO]    road_road_traffic_stts    | 신규  5261행 | 누적  31566행 | 17컬럼
2026-07-04 15:59:47,039 [INFO]    subway                    | 신규    38행 | 누적    228행 | 13컬럼
2026-07-04 15:59:47,039 [INFO]    subway_sub_stts           | 신규   183행 | 누적   1098행 | 13컬럼
2026-07-04 15:59:47,039 [INFO]    weather                   | 신규   119행 | 누적    714행 | 29컬럼
2026-07-04 15:59:47,039 [INFO] 키별 사용량:
2026-07-04 15:59:47,039 [INFO]    🟢 KEY_1 (31/1000) 
2026-07-04 15:59:47,039 [INFO]    🟢 KEY_2 (30/1000) 
2026-07-04 15:59:47,039 [INFO]    🟢 KEY_3 (30/1000) 
2026-07-04 15:59:47,039 [INFO]    🟢 KEY_4 (30/1000) 
