2026-06-07 00:37:08,222 [INFO] 등록된 키: 4개, 합산 한도 4,000건/일
2026-06-07 00:37:08,223 [INFO] POI 로드: 매뉴얼 v8.5 기준 fallback 121개 (121개 전체)
2026-06-07 00:37:08,223 [INFO] === 수집 시작 2026-06-07T00:37:08.223120+09:00 ===
2026-06-07 00:37:08,223 [INFO] 대상 장소: 121개 | API: citydata (통합)
2026-06-07 00:37:08,223 [INFO] 키 풀: 4/4 활성 | 오늘 사용 0/4000건
2026-06-07 00:37:08,223 [INFO]   [KEY_1] 담당 31장소
2026-06-07 00:37:08,223 [INFO]   [KEY_2] 담당 30장소
2026-06-07 00:37:08,223 [INFO]   [KEY_3] 담당 30장소
2026-06-07 00:37:08,223 [INFO]   [KEY_4] 담당 30장소
2026-06-07 00:37:08,223 [INFO] [1/121] 경복궁 (primary=KEY_1)
2026-06-07 00:37:10,188 [INFO] [2/121] 광화문·덕수궁 (primary=KEY_2)
2026-06-07 00:37:12,321 [INFO] [3/121] 보신각 (primary=KEY_3)
2026-06-07 00:37:14,242 [INFO] [4/121] 서울 암사동 유적 (primary=KEY_4)
2026-06-07 00:37:15,954 [INFO] [5/121] 창덕궁·종묘 (primary=KEY_1)
2026-06-07 00:37:17,948 [INFO] [6/121] 강남 MICE 관광특구 (primary=KEY_2)
2026-06-07 00:37:19,675 [INFO] [7/121] 동대문 관광특구 (primary=KEY_3)
2026-06-07 00:37:22,017 [INFO] [8/121] 명동 관광특구 (primary=KEY_4)
2026-06-07 00:37:24,565 [INFO] [9/121] 이태원 관광특구 (primary=KEY_1)
2026-06-07 00:37:26,499 [INFO] [10/121] 잠실 관광특구 (primary=KEY_2)
2026-06-07 00:37:28,674 [INFO] [11/121] 종로·청계 관광특구 (primary=KEY_3)
2026-06-07 00:37:30,827 [INFO] [12/121] 홍대 관광특구 (primary=KEY_4)
2026-06-07 00:37:32,974 [INFO] [13/121] 강서한강공원 (primary=KEY_1)
2026-06-07 00:37:34,692 [INFO] [14/121] 고척돔 (primary=KEY_2)
2026-06-07 00:37:35,825 [INFO] [15/121] 광나루한강공원 (primary=KEY_3)
2026-06-07 00:37:38,180 [INFO] [16/121] 광화문광장 (primary=KEY_4)
2026-06-07 00:37:40,141 [INFO] [17/121] 국립중앙박물관·용산가족공원 (primary=KEY_1)
2026-06-07 00:37:41,312 [INFO] [18/121] 난지한강공원 (primary=KEY_2)
2026-06-07 00:37:43,214 [INFO] [19/121] 남산공원 (primary=KEY_3)
2026-06-07 00:37:44,759 [INFO] [20/121] 노들섬 (primary=KEY_4)
2026-06-07 00:37:45,892 [INFO] [21/121] 뚝섬한강공원 (primary=KEY_1)
2026-06-07 00:37:47,030 [INFO] [22/121] 망원한강공원 (primary=KEY_2)
2026-06-07 00:37:48,946 [INFO] [23/121] 반포한강공원 (primary=KEY_3)
2026-06-07 00:37:50,087 [INFO] [24/121] 보라매공원 (primary=KEY_4)
2026-06-07 00:37:51,454 [INFO] [25/121] 북서울꿈의숲 (primary=KEY_1)
2026-06-07 00:37:52,594 [INFO] [26/121] 서대문독립공원 (primary=KEY_2)
2026-06-07 00:37:53,735 [INFO] [27/121] 서리풀공원·몽마르뜨공원 (primary=KEY_3)
2026-06-07 00:37:54,916 [INFO] [28/121] 서울대공원 (primary=KEY_4)
2026-06-07 00:37:56,632 [INFO] [29/121] 서울숲공원 (primary=KEY_1)
2026-06-07 00:37:58,667 [INFO] [30/121] 송현녹지광장 (primary=KEY_2)
2026-06-07 00:37:59,996 [INFO] [31/121] 아차산 (primary=KEY_3)
2026-06-07 00:38:01,143 [INFO] [32/121] 안양천 (primary=KEY_4)
2026-06-07 00:38:02,281 [INFO] [33/121] 양화한강공원 (primary=KEY_1)
2026-06-07 00:38:03,420 [INFO] [34/121] 어린이대공원 (primary=KEY_2)
2026-06-07 00:38:04,576 [INFO] [35/121] 여의도한강공원 (primary=KEY_3)
2026-06-07 00:38:05,904 [INFO] [36/121] 여의서로 (primary=KEY_4)
2026-06-07 00:38:07,617 [INFO] [37/121] 올림픽공원 (primary=KEY_1)
2026-06-07 00:38:09,555 [INFO] [38/121] 월드컵공원 (primary=KEY_2)
2026-06-07 00:38:11,112 [INFO] [39/121] 응봉산 (primary=KEY_3)
2026-06-07 00:38:12,455 [INFO] [40/121] 이촌한강공원 (primary=KEY_4)
2026-06-07 00:38:13,581 [INFO] [41/121] 잠실종합운동장 (primary=KEY_1)
2026-06-07 00:38:14,733 [INFO] [42/121] 잠실한강공원 (primary=KEY_2)
2026-06-07 00:38:15,888 [INFO] [43/121] 잠원한강공원 (primary=KEY_3)
2026-06-07 00:38:17,007 [INFO] [44/121] 청계산 (primary=KEY_4)
2026-06-07 00:38:18,997 [INFO] [45/121] 홍제폭포 (primary=KEY_1)
2026-06-07 00:38:20,133 [INFO] [46/121] 가락시장 (primary=KEY_2)
2026-06-07 00:38:21,499 [INFO] [47/121] 가로수길 (primary=KEY_3)
2026-06-07 00:38:22,875 [INFO] [48/121] 광장(전통)시장 (primary=KEY_4)
2026-06-07 00:38:24,017 [INFO] [49/121] 김포공항 (primary=KEY_1)
2026-06-07 00:38:25,373 [INFO] [50/121] 남대문시장 (primary=KEY_2)
2026-06-07 00:38:26,511 [INFO] [51/121] 노량진 (primary=KEY_3)
2026-06-07 00:38:27,680 [INFO] [52/121] 덕수궁길·정동길 (primary=KEY_4)
2026-06-07 00:38:29,600 [INFO] [53/121] 북창동 먹자골목 (primary=KEY_1)
2026-06-07 00:38:30,738 [INFO] [54/121] 북촌한옥마을 (primary=KEY_2)
2026-06-07 00:38:32,092 [INFO] [55/121] 서촌 (primary=KEY_3)
2026-06-07 00:38:33,400 [INFO] [56/121] 성수카페거리 (primary=KEY_4)
2026-06-07 00:38:35,354 [INFO] [57/121] 송리단길·호수단길 (primary=KEY_1)
2026-06-07 00:38:36,721 [INFO] [58/121] 신촌 스타광장 (primary=KEY_2)
2026-06-07 00:38:37,882 [INFO] [59/121] 압구정로데오거리 (primary=KEY_3)
2026-06-07 00:38:39,221 [INFO] [60/121] 여의도 (primary=KEY_4)
2026-06-07 00:38:41,195 [INFO] [61/121] 연남동 (primary=KEY_1)
2026-06-07 00:38:42,525 [INFO] [62/121] 영등포 타임스퀘어 (primary=KEY_2)
2026-06-07 00:38:43,860 [INFO] [63/121] 용리단길 (primary=KEY_3)
2026-06-07 00:38:45,034 [INFO] [64/121] 이태원 앤틱가구거리 (primary=KEY_4)
2026-06-07 00:38:46,221 [INFO] [65/121] 익선동 (primary=KEY_1)
2026-06-07 00:38:47,589 [INFO] [66/121] 인사동 (primary=KEY_2)
2026-06-07 00:38:48,928 [INFO] [67/121] 잠실롯데타워·석촌호수 (primary=KEY_3)
2026-06-07 00:38:50,255 [INFO] [68/121] 창동 신경제 중심지 (primary=KEY_4)
2026-06-07 00:38:51,811 [INFO] [69/121] 청담동 명품거리 (primary=KEY_1)
2026-06-07 00:38:53,139 [INFO] [70/121] 청량리 제기동 일대 전통시장 (primary=KEY_2)
2026-06-07 00:38:54,485 [INFO] [71/121] 해방촌·경리단길 (primary=KEY_3)
2026-06-07 00:38:55,628 [INFO] [72/121] DDP(동대문디자인플라자) (primary=KEY_4)
2026-06-07 00:38:57,059 [INFO] [73/121] DMC(디지털미디어시티) (primary=KEY_1)
2026-06-07 00:38:58,682 [INFO] [74/121] 가산디지털단지역 (primary=KEY_2)
2026-06-07 00:39:00,201 [INFO] [75/121] 강남역 (primary=KEY_3)
2026-06-07 00:39:01,764 [INFO] [76/121] 건대입구역 (primary=KEY_4)
2026-06-07 00:39:03,115 [INFO] [77/121] 고덕역 (primary=KEY_1)
2026-06-07 00:39:04,461 [INFO] [78/121] 고속터미널역 (primary=KEY_2)
2026-06-07 00:39:05,621 [INFO] [79/121] 교대역 (primary=KEY_3)
2026-06-07 00:39:06,781 [INFO] [80/121] 구로디지털단지역 (primary=KEY_4)
2026-06-07 00:39:08,160 [INFO] [81/121] 구로역 (primary=KEY_1)
2026-06-07 00:39:09,317 [INFO] [82/121] 군자역 (primary=KEY_2)
2026-06-07 00:39:10,477 [INFO] [83/121] 대림역 (primary=KEY_3)
2026-06-07 00:39:11,834 [INFO] [84/121] 동대문역 (primary=KEY_4)
2026-06-07 00:39:13,178 [INFO] [85/121] 뚝섬역 (primary=KEY_1)
2026-06-07 00:39:14,534 [INFO] [86/121] 미아사거리역 (primary=KEY_2)
2026-06-07 00:39:15,874 [INFO] [87/121] 발산역 (primary=KEY_3)
2026-06-07 00:39:17,431 [INFO] [88/121] 사당역 (primary=KEY_4)
2026-06-07 00:39:18,779 [INFO] [89/121] 삼각지역 (primary=KEY_1)
2026-06-07 00:39:19,953 [INFO] [90/121] 서울대입구역 (primary=KEY_2)
2026-06-07 00:39:21,119 [INFO] [91/121] 서울식물원·마곡나루역 (primary=KEY_3)
2026-06-07 00:39:22,466 [INFO] [92/121] 서울역 (primary=KEY_4)
2026-06-07 00:39:23,896 [INFO] [93/121] 선릉역 (primary=KEY_1)
2026-06-07 00:39:25,470 [INFO] [94/121] 성신여대입구역 (primary=KEY_2)
2026-06-07 00:39:26,681 [INFO] [95/121] 수유역 (primary=KEY_3)
2026-06-07 00:39:28,013 [INFO] [96/121] 숭례문 (primary=KEY_4)
2026-06-07 00:39:29,383 [INFO] [97/121] 시의회 앞 (primary=KEY_1)
2026-06-07 00:39:30,751 [INFO] [98/121] 신논현역·논현역 (primary=KEY_2)
2026-06-07 00:39:32,126 [INFO] [99/121] 신도림역 (primary=KEY_3)
2026-06-07 00:39:33,268 [INFO] [100/121] 신림역 (primary=KEY_4)
2026-06-07 00:39:34,436 [INFO] [101/121] 신정네거리역 (primary=KEY_1)
2026-06-07 00:39:35,592 [INFO] [102/121] 신촌·이대역 (primary=KEY_2)
2026-06-07 00:39:36,951 [INFO] [103/121] 쌍문역 (primary=KEY_3)
2026-06-07 00:39:38,108 [INFO] [104/121] 양재역 (primary=KEY_4)
2026-06-07 00:39:39,466 [INFO] [105/121] 역삼역 (primary=KEY_1)
2026-06-07 00:39:40,811 [INFO] [106/121] 연신내역 (primary=KEY_2)
2026-06-07 00:39:41,995 [INFO] [107/121] 오목교역·목동운동장 (primary=KEY_3)
2026-06-07 00:39:43,539 [INFO] [108/121] 왕십리역 (primary=KEY_4)
2026-06-07 00:39:44,927 [INFO] [109/121] 용산역 (primary=KEY_1)
2026-06-07 00:39:46,271 [INFO] [110/121] 이태원역 (primary=KEY_2)
2026-06-07 00:39:47,415 [INFO] [111/121] 잠실새내역 (primary=KEY_3)
2026-06-07 00:39:48,755 [INFO] [112/121] 잠실역 (primary=KEY_4)
2026-06-07 00:39:50,093 [INFO] [113/121] 장지역 (primary=KEY_1)
2026-06-07 00:39:51,452 [INFO] [114/121] 장한평역 (primary=KEY_2)
2026-06-07 00:39:52,792 [INFO] [115/121] 천호역 (primary=KEY_3)
2026-06-07 00:39:54,179 [INFO] [116/121] 총신대입구(이수)역 (primary=KEY_4)
2026-06-07 00:39:55,626 [INFO] [117/121] 충정로역 (primary=KEY_1)
2026-06-07 00:39:56,802 [INFO] [118/121] 합정역 (primary=KEY_2)
2026-06-07 00:39:58,167 [INFO] [119/121] 혜화역 (primary=KEY_3)
2026-06-07 00:39:59,504 [INFO] [120/121] 홍대입구역(2호선) (primary=KEY_4)
2026-06-07 00:40:00,687 [INFO] [121/121] 회기역 (primary=KEY_1)
2026-06-07 00:40:02,390 [INFO] === 수집 완료 | 성공 121, 실패 0 ===
2026-06-07 00:40:02,391 [INFO] 카테고리별 저장 결과:
2026-06-07 00:40:02,391 [INFO]    accident                  | 신규     2행 | 누적      2행 | 16컬럼
2026-06-07 00:40:02,391 [INFO]    accident_acdnt_cntrl_stts | 신규     2행 | 누적      2행 | 16컬럼
2026-06-07 00:40:02,391 [INFO]    area_meta                 | 신규   121행 | 누적    121행 | 5컬럼
2026-06-07 00:40:02,391 [INFO]    bike                      | 신규    10행 | 누적     10행 | 12컬럼
2026-06-07 00:40:02,391 [INFO]    bike_sbike_stts           | 신규   554행 | 누적    554행 | 12컬럼
2026-06-07 00:40:02,391 [INFO]    bus                       | 신규     3행 | 누적      3행 | 11컬럼
2026-06-07 00:40:02,391 [INFO]    bus_bus_stn_stts          | 신규  1745행 | 누적   1745행 | 11컬럼
2026-06-07 00:40:02,391 [INFO]    charger                   | 신규    25행 | 누적     25행 | 15컬럼
2026-06-07 00:40:02,391 [INFO]    charger_charger_stts      | 신규   322행 | 누적    322행 | 15컬럼
2026-06-07 00:40:02,391 [INFO]    cmrcl                     | 신규    82행 | 누적     82행 | 20컬럼
2026-06-07 00:40:02,391 [INFO]    events                    | 신규    15행 | 누적     15행 | 14컬럼
2026-06-07 00:40:02,391 [INFO]    events_event_stts         | 신규   161행 | 누적    161행 | 14컬럼
2026-06-07 00:40:02,391 [INFO]    parking                   | 신규     6행 | 누적      6행 | 21컬럼
2026-06-07 00:40:02,391 [INFO]    parking_prk_stts          | 신규  1831행 | 누적   1831행 | 21컬럼
2026-06-07 00:40:02,391 [INFO]    ppltn                     | 신규   121행 | 누적    121행 | 26컬럼
2026-06-07 00:40:02,391 [INFO]    road                      | 신규   121행 | 누적    121행 | 21컬럼
2026-06-07 00:40:02,391 [INFO]    road_road_traffic_stts    | 신규  5254행 | 누적   5254행 | 17컬럼
2026-06-07 00:40:02,391 [INFO]    subway                    | 신규    38행 | 누적     38행 | 13컬럼
2026-06-07 00:40:02,391 [INFO]    subway_sub_stts           | 신규   183행 | 누적    183행 | 13컬럼
2026-06-07 00:40:02,391 [INFO]    weather                   | 신규   119행 | 누적    119행 | 29컬럼
2026-06-07 00:40:02,391 [INFO] 키별 사용량:
2026-06-07 00:40:02,391 [INFO]    🟢 KEY_1 (31/1000) 
2026-06-07 00:40:02,391 [INFO]    🟢 KEY_2 (30/1000) 
2026-06-07 00:40:02,391 [INFO]    🟢 KEY_3 (30/1000) 
2026-06-07 00:40:02,391 [INFO]    🟢 KEY_4 (30/1000) 
2026-06-07 01:35:24,711 [INFO] 등록된 키: 4개, 합산 한도 4,000건/일
2026-06-07 01:35:24,711 [INFO] POI 로드: 매뉴얼 v8.5 기준 fallback 121개 (121개 전체)
2026-06-07 01:35:24,711 [INFO] === 수집 시작 2026-06-07T01:35:24.711943+09:00 ===
2026-06-07 01:35:24,712 [INFO] 대상 장소: 121개 | API: citydata (통합)
2026-06-07 01:35:24,712 [INFO] 키 풀: 4/4 활성 | 오늘 사용 0/4000건
2026-06-07 01:35:24,712 [INFO]   [KEY_1] 담당 31장소
2026-06-07 01:35:24,712 [INFO]   [KEY_2] 담당 30장소
2026-06-07 01:35:24,712 [INFO]   [KEY_3] 담당 30장소
2026-06-07 01:35:24,712 [INFO]   [KEY_4] 담당 30장소
2026-06-07 01:35:24,712 [INFO] [1/121] 경복궁 (primary=KEY_1)
2026-06-07 01:35:26,615 [INFO] [2/121] 광화문·덕수궁 (primary=KEY_2)
2026-06-07 01:35:29,485 [INFO] [3/121] 보신각 (primary=KEY_3)
2026-06-07 01:35:31,580 [INFO] [4/121] 서울 암사동 유적 (primary=KEY_4)
2026-06-07 01:35:33,448 [INFO] [5/121] 창덕궁·종묘 (primary=KEY_1)
2026-06-07 01:35:34,945 [INFO] [6/121] 강남 MICE 관광특구 (primary=KEY_2)
2026-06-07 01:35:37,113 [INFO] [7/121] 동대문 관광특구 (primary=KEY_3)
2026-06-07 01:35:39,793 [INFO] [8/121] 명동 관광특구 (primary=KEY_4)
2026-06-07 01:35:41,563 [INFO] [9/121] 이태원 관광특구 (primary=KEY_1)
2026-06-07 01:35:42,902 [INFO] [10/121] 잠실 관광특구 (primary=KEY_2)
2026-06-07 01:35:45,424 [INFO] [11/121] 종로·청계 관광특구 (primary=KEY_3)
2026-06-07 01:35:48,113 [INFO] [12/121] 홍대 관광특구 (primary=KEY_4)
2026-06-07 01:35:50,623 [INFO] [13/121] 강서한강공원 (primary=KEY_1)
2026-06-07 01:35:51,754 [INFO] [14/121] 고척돔 (primary=KEY_2)
2026-06-07 01:35:53,827 [INFO] [15/121] 광나루한강공원 (primary=KEY_3)
2026-06-07 01:35:55,692 [INFO] [16/121] 광화문광장 (primary=KEY_4)
2026-06-07 01:35:57,810 [INFO] [17/121] 국립중앙박물관·용산가족공원 (primary=KEY_1)
2026-06-07 01:35:59,704 [INFO] [18/121] 난지한강공원 (primary=KEY_2)
2026-06-07 01:36:00,832 [INFO] [19/121] 남산공원 (primary=KEY_3)
2026-06-07 01:36:03,145 [INFO] [20/121] 노들섬 (primary=KEY_4)
2026-06-07 01:36:05,017 [INFO] [21/121] 뚝섬한강공원 (primary=KEY_1)
2026-06-07 01:36:06,326 [INFO] [22/121] 망원한강공원 (primary=KEY_2)
2026-06-07 01:36:07,655 [INFO] [23/121] 반포한강공원 (primary=KEY_3)
2026-06-07 01:36:08,976 [INFO] [24/121] 보라매공원 (primary=KEY_4)
2026-06-07 01:36:10,707 [INFO] [25/121] 북서울꿈의숲 (primary=KEY_1)
2026-06-07 01:36:12,482 [INFO] [26/121] 서대문독립공원 (primary=KEY_2)
2026-06-07 01:36:14,373 [INFO] [27/121] 서리풀공원·몽마르뜨공원 (primary=KEY_3)
2026-06-07 01:36:15,514 [INFO] [28/121] 서울대공원 (primary=KEY_4)
2026-06-07 01:36:16,628 [INFO] [29/121] 서울숲공원 (primary=KEY_1)
2026-06-07 01:36:17,947 [INFO] [30/121] 송현녹지광장 (primary=KEY_2)
2026-06-07 01:36:20,003 [INFO] [31/121] 아차산 (primary=KEY_3)
2026-06-07 01:36:21,897 [INFO] [32/121] 안양천 (primary=KEY_4)
2026-06-07 01:36:23,008 [INFO] [33/121] 양화한강공원 (primary=KEY_1)
2026-06-07 01:36:24,305 [INFO] [34/121] 어린이대공원 (primary=KEY_2)
2026-06-07 01:36:25,450 [INFO] [35/121] 여의도한강공원 (primary=KEY_3)
2026-06-07 01:36:27,717 [INFO] [36/121] 여의서로 (primary=KEY_4)
2026-06-07 01:36:29,611 [INFO] [37/121] 올림픽공원 (primary=KEY_1)
2026-06-07 01:36:30,966 [INFO] [38/121] 월드컵공원 (primary=KEY_2)
2026-06-07 01:36:33,426 [INFO] [39/121] 응봉산 (primary=KEY_3)
2026-06-07 01:36:34,733 [INFO] [40/121] 이촌한강공원 (primary=KEY_4)
2026-06-07 01:36:35,864 [INFO] [41/121] 잠실종합운동장 (primary=KEY_1)
2026-06-07 01:36:37,010 [INFO] [42/121] 잠실한강공원 (primary=KEY_2)
2026-06-07 01:36:38,918 [INFO] [43/121] 잠원한강공원 (primary=KEY_3)
2026-06-07 01:36:40,978 [INFO] [44/121] 청계산 (primary=KEY_4)
2026-06-07 01:36:42,285 [INFO] [45/121] 홍제폭포 (primary=KEY_1)
2026-06-07 01:36:43,410 [INFO] [46/121] 가락시장 (primary=KEY_2)
2026-06-07 01:36:44,755 [INFO] [47/121] 가로수길 (primary=KEY_3)
2026-06-07 01:36:46,835 [INFO] [48/121] 광장(전통)시장 (primary=KEY_4)
2026-06-07 01:36:47,961 [INFO] [49/121] 김포공항 (primary=KEY_1)
2026-06-07 01:36:49,298 [INFO] [50/121] 남대문시장 (primary=KEY_2)
2026-06-07 01:36:50,456 [INFO] [51/121] 노량진 (primary=KEY_3)
2026-06-07 01:36:51,802 [INFO] [52/121] 덕수궁길·정동길 (primary=KEY_4)
2026-06-07 01:36:53,144 [INFO] [53/121] 북창동 먹자골목 (primary=KEY_1)
2026-06-07 01:36:54,276 [INFO] [54/121] 북촌한옥마을 (primary=KEY_2)
2026-06-07 01:36:55,607 [INFO] [55/121] 서촌 (primary=KEY_3)
2026-06-07 01:36:56,920 [INFO] [56/121] 성수카페거리 (primary=KEY_4)
2026-06-07 01:36:58,259 [INFO] [57/121] 송리단길·호수단길 (primary=KEY_1)
2026-06-07 01:36:59,594 [INFO] [58/121] 신촌 스타광장 (primary=KEY_2)
2026-06-07 01:37:00,721 [INFO] [59/121] 압구정로데오거리 (primary=KEY_3)
2026-06-07 01:37:02,049 [INFO] [60/121] 여의도 (primary=KEY_4)
2026-06-07 01:37:04,738 [INFO] [61/121] 연남동 (primary=KEY_1)
2026-06-07 01:37:06,062 [INFO] [62/121] 영등포 타임스퀘어 (primary=KEY_2)
2026-06-07 01:37:07,368 [INFO] [63/121] 용리단길 (primary=KEY_3)
2026-06-07 01:37:08,521 [INFO] [64/121] 이태원 앤틱가구거리 (primary=KEY_4)
2026-06-07 01:37:10,418 [INFO] [65/121] 익선동 (primary=KEY_1)
2026-06-07 01:37:11,747 [INFO] [66/121] 인사동 (primary=KEY_2)
2026-06-07 01:37:13,689 [INFO] [67/121] 잠실롯데타워·석촌호수 (primary=KEY_3)
2026-06-07 01:37:15,032 [INFO] [68/121] 창동 신경제 중심지 (primary=KEY_4)
2026-06-07 01:37:16,556 [INFO] [69/121] 청담동 명품거리 (primary=KEY_1)
2026-06-07 01:37:17,891 [INFO] [70/121] 청량리 제기동 일대 전통시장 (primary=KEY_2)
2026-06-07 01:37:19,226 [INFO] [71/121] 해방촌·경리단길 (primary=KEY_3)
2026-06-07 01:37:21,147 [INFO] [72/121] DDP(동대문디자인플라자) (primary=KEY_4)
2026-06-07 01:37:22,522 [INFO] [73/121] DMC(디지털미디어시티) (primary=KEY_1)
2026-06-07 01:37:24,063 [INFO] [74/121] 가산디지털단지역 (primary=KEY_2)
2026-06-07 01:37:25,589 [INFO] [75/121] 강남역 (primary=KEY_3)
2026-06-07 01:37:27,131 [INFO] [76/121] 건대입구역 (primary=KEY_4)
2026-06-07 01:37:28,490 [INFO] [77/121] 고덕역 (primary=KEY_1)
2026-06-07 01:37:29,802 [INFO] [78/121] 고속터미널역 (primary=KEY_2)
2026-06-07 01:37:31,146 [INFO] [79/121] 교대역 (primary=KEY_3)
2026-06-07 01:37:32,309 [INFO] [80/121] 구로디지털단지역 (primary=KEY_4)
2026-06-07 01:37:33,638 [INFO] [81/121] 구로역 (primary=KEY_1)
2026-06-07 01:37:34,777 [INFO] [82/121] 군자역 (primary=KEY_2)
2026-06-07 01:37:36,135 [INFO] [83/121] 대림역 (primary=KEY_3)
2026-06-07 01:37:37,484 [INFO] [84/121] 동대문역 (primary=KEY_4)
2026-06-07 01:37:38,640 [INFO] [85/121] 뚝섬역 (primary=KEY_1)
2026-06-07 01:37:39,967 [INFO] [86/121] 미아사거리역 (primary=KEY_2)
2026-06-07 01:37:41,294 [INFO] [87/121] 발산역 (primary=KEY_3)
2026-06-07 01:37:42,821 [INFO] [88/121] 사당역 (primary=KEY_4)
2026-06-07 01:37:44,135 [INFO] [89/121] 삼각지역 (primary=KEY_1)
2026-06-07 01:37:45,286 [INFO] [90/121] 서울대입구역 (primary=KEY_2)
2026-06-07 01:37:46,431 [INFO] [91/121] 서울식물원·마곡나루역 (primary=KEY_3)
2026-06-07 01:37:47,795 [INFO] [92/121] 서울역 (primary=KEY_4)
2026-06-07 01:37:49,182 [INFO] [93/121] 선릉역 (primary=KEY_1)
2026-06-07 01:37:50,730 [INFO] [94/121] 성신여대입구역 (primary=KEY_2)
2026-06-07 01:37:51,881 [INFO] [95/121] 수유역 (primary=KEY_3)
2026-06-07 01:37:53,235 [INFO] [96/121] 숭례문 (primary=KEY_4)
2026-06-07 01:37:54,580 [INFO] [97/121] 시의회 앞 (primary=KEY_1)
2026-06-07 01:37:55,928 [INFO] [98/121] 신논현역·논현역 (primary=KEY_2)
2026-06-07 01:37:57,289 [INFO] [99/121] 신도림역 (primary=KEY_3)
2026-06-07 01:37:58,422 [INFO] [100/121] 신림역 (primary=KEY_4)
2026-06-07 01:37:59,581 [INFO] [101/121] 신정네거리역 (primary=KEY_1)
2026-06-07 01:38:01,832 [INFO] [102/121] 신촌·이대역 (primary=KEY_2)
2026-06-07 01:38:03,180 [INFO] [103/121] 쌍문역 (primary=KEY_3)
2026-06-07 01:38:04,335 [INFO] [104/121] 양재역 (primary=KEY_4)
2026-06-07 01:38:05,668 [INFO] [105/121] 역삼역 (primary=KEY_1)
2026-06-07 01:38:07,011 [INFO] [106/121] 연신내역 (primary=KEY_2)
2026-06-07 01:38:08,162 [INFO] [107/121] 오목교역·목동운동장 (primary=KEY_3)
2026-06-07 01:38:09,884 [INFO] [108/121] 왕십리역 (primary=KEY_4)
2026-06-07 01:38:11,829 [INFO] [109/121] 용산역 (primary=KEY_1)
2026-06-07 01:38:13,348 [INFO] [110/121] 이태원역 (primary=KEY_2)
2026-06-07 01:38:14,502 [INFO] [111/121] 잠실새내역 (primary=KEY_3)
2026-06-07 01:38:15,865 [INFO] [112/121] 잠실역 (primary=KEY_4)
2026-06-07 01:38:17,196 [INFO] [113/121] 장지역 (primary=KEY_1)
2026-06-07 01:38:18,538 [INFO] [114/121] 장한평역 (primary=KEY_2)
2026-06-07 01:38:19,920 [INFO] [115/121] 천호역 (primary=KEY_3)
2026-06-07 01:38:21,273 [INFO] [116/121] 총신대입구(이수)역 (primary=KEY_4)
2026-06-07 01:38:22,630 [INFO] [117/121] 충정로역 (primary=KEY_1)
2026-06-07 01:38:23,990 [INFO] [118/121] 합정역 (primary=KEY_2)
2026-06-07 01:38:25,338 [INFO] [119/121] 혜화역 (primary=KEY_3)
2026-06-07 01:38:26,689 [INFO] [120/121] 홍대입구역(2호선) (primary=KEY_4)
2026-06-07 01:38:27,838 [INFO] [121/121] 회기역 (primary=KEY_1)
2026-06-07 01:38:29,886 [INFO] === 수집 완료 | 성공 121, 실패 0 ===
2026-06-07 01:38:29,886 [INFO] 카테고리별 저장 결과:
2026-06-07 01:38:29,887 [INFO]    accident                  | 신규     2행 | 누적      4행 | 16컬럼
2026-06-07 01:38:29,887 [INFO]    accident_acdnt_cntrl_stts | 신규     2행 | 누적      4행 | 16컬럼
2026-06-07 01:38:29,887 [INFO]    area_meta                 | 신규   121행 | 누적    242행 | 5컬럼
2026-06-07 01:38:29,887 [INFO]    bike                      | 신규    10행 | 누적     20행 | 12컬럼
2026-06-07 01:38:29,887 [INFO]    bike_sbike_stts           | 신규   554행 | 누적   1108행 | 12컬럼
2026-06-07 01:38:29,887 [INFO]    bus                       | 신규     3행 | 누적      6행 | 11컬럼
2026-06-07 01:38:29,887 [INFO]    bus_bus_stn_stts          | 신규  1745행 | 누적   3490행 | 11컬럼
2026-06-07 01:38:29,887 [INFO]    charger                   | 신규    12행 | 누적     37행 | 15컬럼
2026-06-07 01:38:29,887 [INFO]    charger_charger_stts      | 신규   706행 | 누적   1021행 | 15컬럼
2026-06-07 01:38:29,887 [INFO]    cmrcl                     | 신규    82행 | 누적    164행 | 20컬럼
2026-06-07 01:38:29,887 [INFO]    events                    | 신규    15행 | 누적     30행 | 14컬럼
2026-06-07 01:38:29,887 [INFO]    events_event_stts         | 신규   161행 | 누적    322행 | 14컬럼
2026-06-07 01:38:29,887 [INFO]    parking                   | 신규     6행 | 누적     12행 | 21컬럼
2026-06-07 01:38:29,887 [INFO]    parking_prk_stts          | 신규  1831행 | 누적   3662행 | 21컬럼
2026-06-07 01:38:29,887 [INFO]    ppltn                     | 신규   121행 | 누적    242행 | 26컬럼
2026-06-07 01:38:29,887 [INFO]    road                      | 신규   121행 | 누적    242행 | 21컬럼
2026-06-07 01:38:29,887 [INFO]    road_road_traffic_stts    | 신규  5254행 | 누적  10508행 | 17컬럼
2026-06-07 01:38:29,887 [INFO]    subway                    | 신규    38행 | 누적     76행 | 13컬럼
2026-06-07 01:38:29,887 [INFO]    subway_sub_stts           | 신규   183행 | 누적    366행 | 13컬럼
2026-06-07 01:38:29,887 [INFO]    weather                   | 신규   119행 | 누적    238행 | 29컬럼
2026-06-07 01:38:29,887 [INFO] 키별 사용량:
2026-06-07 01:38:29,887 [INFO]    🟢 KEY_1 (31/1000) 
2026-06-07 01:38:29,888 [INFO]    🟢 KEY_2 (30/1000) 
2026-06-07 01:38:29,888 [INFO]    🟢 KEY_3 (30/1000) 
2026-06-07 01:38:29,888 [INFO]    🟢 KEY_4 (30/1000) 
