2026-06-04 00:47:20,522 [INFO] 등록된 키: 4개, 합산 한도 4,000건/일
2026-06-04 00:47:20,524 [INFO] POI 로드: 매뉴얼 v8.5 기준 fallback 121개 (121개 전체)
2026-06-04 00:47:20,524 [INFO] === 수집 시작 2026-06-04T00:47:20.524109+09:00 ===
2026-06-04 00:47:20,524 [INFO] 대상 장소: 121개 | API: citydata (통합)
2026-06-04 00:47:20,524 [INFO] 키 풀: 4/4 활성 | 오늘 사용 0/4000건
2026-06-04 00:47:20,524 [INFO]   [KEY_1] 담당 31장소
2026-06-04 00:47:20,524 [INFO]   [KEY_2] 담당 30장소
2026-06-04 00:47:20,524 [INFO]   [KEY_3] 담당 30장소
2026-06-04 00:47:20,524 [INFO]   [KEY_4] 담당 30장소
2026-06-04 00:47:20,524 [INFO] [1/121] 경복궁 (primary=KEY_1)
2026-06-04 00:47:22,264 [INFO] [2/121] 광화문·덕수궁 (primary=KEY_2)
2026-06-04 00:47:23,869 [INFO] [3/121] 보신각 (primary=KEY_3)
2026-06-04 00:47:25,573 [INFO] [4/121] 서울 암사동 유적 (primary=KEY_4)
2026-06-04 00:47:27,389 [INFO] [5/121] 창덕궁·종묘 (primary=KEY_1)
2026-06-04 00:47:28,682 [INFO] [6/121] 강남 MICE 관광특구 (primary=KEY_2)
2026-06-04 00:47:29,866 [INFO] [7/121] 동대문 관광특구 (primary=KEY_3)
2026-06-04 00:47:31,197 [INFO] [8/121] 명동 관광특구 (primary=KEY_4)
2026-06-04 00:47:32,967 [INFO] [9/121] 이태원 관광특구 (primary=KEY_1)
2026-06-04 00:47:34,143 [INFO] [10/121] 잠실 관광특구 (primary=KEY_2)
2026-06-04 00:47:35,767 [INFO] [11/121] 종로·청계 관광특구 (primary=KEY_3)
2026-06-04 00:47:37,229 [INFO] [12/121] 홍대 관광특구 (primary=KEY_4)
2026-06-04 00:47:38,584 [INFO] [13/121] 강서한강공원 (primary=KEY_1)
2026-06-04 00:47:39,569 [INFO] [14/121] 고척돔 (primary=KEY_2)
2026-06-04 00:47:40,551 [INFO] [15/121] 광나루한강공원 (primary=KEY_3)
2026-06-04 00:47:41,679 [INFO] [16/121] 광화문광장 (primary=KEY_4)
2026-06-04 00:47:43,081 [INFO] [17/121] 국립중앙박물관·용산가족공원 (primary=KEY_1)
2026-06-04 00:47:44,088 [INFO] [18/121] 난지한강공원 (primary=KEY_2)
2026-06-04 00:47:45,083 [INFO] [19/121] 남산공원 (primary=KEY_3)
2026-06-04 00:47:46,443 [INFO] [20/121] 노들섬 (primary=KEY_4)
2026-06-04 00:47:47,439 [INFO] [21/121] 뚝섬한강공원 (primary=KEY_1)
2026-06-04 00:47:48,429 [INFO] [22/121] 망원한강공원 (primary=KEY_2)
2026-06-04 00:47:49,573 [INFO] [23/121] 반포한강공원 (primary=KEY_3)
2026-06-04 00:47:50,582 [INFO] [24/121] 보라매공원 (primary=KEY_4)
2026-06-04 00:47:51,582 [INFO] [25/121] 북서울꿈의숲 (primary=KEY_1)
2026-06-04 00:47:52,849 [INFO] [26/121] 서대문독립공원 (primary=KEY_2)
2026-06-04 00:47:53,852 [INFO] [27/121] 서리풀공원·몽마르뜨공원 (primary=KEY_3)
2026-06-04 00:47:54,890 [INFO] [28/121] 서울대공원 (primary=KEY_4)
2026-06-04 00:47:55,866 [INFO] [29/121] 서울숲공원 (primary=KEY_1)
2026-06-04 00:47:57,004 [INFO] [30/121] 송현녹지광장 (primary=KEY_2)
2026-06-04 00:47:58,151 [INFO] [31/121] 아차산 (primary=KEY_3)
2026-06-04 00:47:59,148 [INFO] [32/121] 안양천 (primary=KEY_4)
2026-06-04 00:48:00,126 [INFO] [33/121] 양화한강공원 (primary=KEY_1)
2026-06-04 00:48:01,699 [INFO] [34/121] 어린이대공원 (primary=KEY_2)
2026-06-04 00:48:02,848 [INFO] [35/121] 여의도한강공원 (primary=KEY_3)
2026-06-04 00:48:03,998 [INFO] [36/121] 여의서로 (primary=KEY_4)
2026-06-04 00:48:05,134 [INFO] [37/121] 올림픽공원 (primary=KEY_1)
2026-06-04 00:48:06,345 [INFO] [38/121] 월드컵공원 (primary=KEY_2)
2026-06-04 00:48:07,655 [INFO] [39/121] 응봉산 (primary=KEY_3)
2026-06-04 00:48:08,790 [INFO] [40/121] 이촌한강공원 (primary=KEY_4)
2026-06-04 00:48:09,774 [INFO] [41/121] 잠실종합운동장 (primary=KEY_1)
2026-06-04 00:48:10,760 [INFO] [42/121] 잠실한강공원 (primary=KEY_2)
2026-06-04 00:48:11,762 [INFO] [43/121] 잠원한강공원 (primary=KEY_3)
2026-06-04 00:48:12,749 [INFO] [44/121] 청계산 (primary=KEY_4)
2026-06-04 00:48:13,733 [INFO] [45/121] 홍제폭포 (primary=KEY_1)
2026-06-04 00:48:14,705 [INFO] [46/121] 가락시장 (primary=KEY_2)
2026-06-04 00:48:15,875 [INFO] [47/121] 가로수길 (primary=KEY_3)
2026-06-04 00:48:17,063 [INFO] [48/121] 광장(전통)시장 (primary=KEY_4)
2026-06-04 00:48:18,070 [INFO] [49/121] 김포공항 (primary=KEY_1)
2026-06-04 00:48:19,238 [INFO] [50/121] 남대문시장 (primary=KEY_2)
2026-06-04 00:48:20,383 [INFO] [51/121] 노량진 (primary=KEY_3)
2026-06-04 00:48:21,532 [INFO] [52/121] 덕수궁길·정동길 (primary=KEY_4)
2026-06-04 00:48:22,705 [INFO] [53/121] 북창동 먹자골목 (primary=KEY_1)
2026-06-04 00:48:23,848 [INFO] [54/121] 북촌한옥마을 (primary=KEY_2)
2026-06-04 00:48:25,109 [INFO] [55/121] 서촌 (primary=KEY_3)
2026-06-04 00:48:26,253 [INFO] [56/121] 성수카페거리 (primary=KEY_4)
2026-06-04 00:48:27,537 [INFO] [57/121] 송리단길·호수단길 (primary=KEY_1)
2026-06-04 00:48:28,687 [INFO] [58/121] 신촌 스타광장 (primary=KEY_2)
2026-06-04 00:48:29,700 [INFO] [59/121] 압구정로데오거리 (primary=KEY_3)
2026-06-04 00:48:30,854 [INFO] [60/121] 여의도 (primary=KEY_4)
2026-06-04 00:48:32,657 [INFO] [61/121] 연남동 (primary=KEY_1)
2026-06-04 00:48:33,797 [INFO] [62/121] 영등포 타임스퀘어 (primary=KEY_2)
2026-06-04 00:48:34,941 [INFO] [63/121] 용리단길 (primary=KEY_3)
2026-06-04 00:48:35,957 [INFO] [64/121] 이태원 앤틱가구거리 (primary=KEY_4)
2026-06-04 00:48:36,959 [INFO] [65/121] 익선동 (primary=KEY_1)
2026-06-04 00:48:38,119 [INFO] [66/121] 인사동 (primary=KEY_2)
2026-06-04 00:48:39,415 [INFO] [67/121] 잠실롯데타워·석촌호수 (primary=KEY_3)
2026-06-04 00:48:40,842 [INFO] [68/121] 창동 신경제 중심지 (primary=KEY_4)
2026-06-04 00:48:42,258 [INFO] [69/121] 청담동 명품거리 (primary=KEY_1)
2026-06-04 00:48:43,455 [INFO] [70/121] 청량리 제기동 일대 전통시장 (primary=KEY_2)
2026-06-04 00:48:44,599 [INFO] [71/121] 해방촌·경리단길 (primary=KEY_3)
2026-06-04 00:48:45,633 [INFO] [72/121] DDP(동대문디자인플라자) (primary=KEY_4)
2026-06-04 00:48:46,804 [INFO] [73/121] DMC(디지털미디어시티) (primary=KEY_1)
2026-06-04 00:48:48,284 [INFO] [74/121] 가산디지털단지역 (primary=KEY_2)
2026-06-04 00:48:49,889 [INFO] [75/121] 강남역 (primary=KEY_3)
2026-06-04 00:48:51,216 [INFO] [76/121] 건대입구역 (primary=KEY_4)
2026-06-04 00:48:52,381 [INFO] [77/121] 고덕역 (primary=KEY_1)
2026-06-04 00:48:53,538 [INFO] [78/121] 고속터미널역 (primary=KEY_2)
2026-06-04 00:48:54,702 [INFO] [79/121] 교대역 (primary=KEY_3)
2026-06-04 00:48:55,726 [INFO] [80/121] 구로디지털단지역 (primary=KEY_4)
2026-06-04 00:48:57,166 [INFO] [81/121] 구로역 (primary=KEY_1)
2026-06-04 00:48:58,300 [INFO] [82/121] 군자역 (primary=KEY_2)
2026-06-04 00:48:59,322 [INFO] [83/121] 대림역 (primary=KEY_3)
2026-06-04 00:49:00,479 [INFO] [84/121] 동대문역 (primary=KEY_4)
2026-06-04 00:49:01,624 [INFO] [85/121] 뚝섬역 (primary=KEY_1)
2026-06-04 00:49:02,775 [INFO] [86/121] 미아사거리역 (primary=KEY_2)
2026-06-04 00:49:03,919 [INFO] [87/121] 발산역 (primary=KEY_3)
2026-06-04 00:49:05,213 [INFO] [88/121] 사당역 (primary=KEY_4)
2026-06-04 00:49:06,354 [INFO] [89/121] 삼각지역 (primary=KEY_1)
2026-06-04 00:49:07,362 [INFO] [90/121] 서울대입구역 (primary=KEY_2)
2026-06-04 00:49:08,503 [INFO] [91/121] 서울식물원·마곡나루역 (primary=KEY_3)
2026-06-04 00:49:09,784 [INFO] [92/121] 서울역 (primary=KEY_4)
2026-06-04 00:49:10,968 [INFO] [93/121] 선릉역 (primary=KEY_1)
2026-06-04 00:49:12,429 [INFO] [94/121] 성신여대입구역 (primary=KEY_2)
2026-06-04 00:49:13,454 [INFO] [95/121] 수유역 (primary=KEY_3)
2026-06-04 00:49:14,597 [INFO] [96/121] 숭례문 (primary=KEY_4)
2026-06-04 00:49:15,763 [INFO] [97/121] 시의회 앞 (primary=KEY_1)
2026-06-04 00:49:16,905 [INFO] [98/121] 신논현역·논현역 (primary=KEY_2)
2026-06-04 00:49:18,110 [INFO] [99/121] 신도림역 (primary=KEY_3)
2026-06-04 00:49:19,117 [INFO] [100/121] 신림역 (primary=KEY_4)
2026-06-04 00:49:20,136 [INFO] [101/121] 신정네거리역 (primary=KEY_1)
2026-06-04 00:49:21,283 [INFO] [102/121] 신촌·이대역 (primary=KEY_2)
2026-06-04 00:49:22,434 [INFO] [103/121] 쌍문역 (primary=KEY_3)
2026-06-04 00:49:23,586 [INFO] [104/121] 양재역 (primary=KEY_4)
2026-06-04 00:49:24,734 [INFO] [105/121] 역삼역 (primary=KEY_1)
2026-06-04 00:49:26,042 [INFO] [106/121] 연신내역 (primary=KEY_2)
2026-06-04 00:49:27,062 [INFO] [107/121] 오목교역·목동운동장 (primary=KEY_3)
2026-06-04 00:49:28,670 [INFO] [108/121] 왕십리역 (primary=KEY_4)
2026-06-04 00:49:29,826 [INFO] [109/121] 용산역 (primary=KEY_1)
2026-06-04 00:49:31,115 [INFO] [110/121] 이태원역 (primary=KEY_2)
2026-06-04 00:49:32,194 [INFO] [111/121] 잠실새내역 (primary=KEY_3)
2026-06-04 00:49:33,357 [INFO] [112/121] 잠실역 (primary=KEY_4)
2026-06-04 00:49:34,649 [INFO] [113/121] 장지역 (primary=KEY_1)
2026-06-04 00:49:35,930 [INFO] [114/121] 장한평역 (primary=KEY_2)
2026-06-04 00:49:37,061 [INFO] [115/121] 천호역 (primary=KEY_3)
2026-06-04 00:49:38,255 [INFO] [116/121] 총신대입구(이수)역 (primary=KEY_4)
2026-06-04 00:49:39,429 [INFO] [117/121] 충정로역 (primary=KEY_1)
2026-06-04 00:49:40,586 [INFO] [118/121] 합정역 (primary=KEY_2)
2026-06-04 00:49:41,750 [INFO] [119/121] 혜화역 (primary=KEY_3)
2026-06-04 00:49:42,916 [INFO] [120/121] 홍대입구역(2호선) (primary=KEY_4)
2026-06-04 00:49:44,052 [INFO] [121/121] 회기역 (primary=KEY_1)
2026-06-04 00:49:45,561 [INFO] === 수집 완료 | 성공 121, 실패 0 ===
2026-06-04 00:49:45,561 [INFO] 카테고리별 저장 결과:
2026-06-04 00:49:45,561 [INFO]    accident                  | 신규     3행 | 누적      3행 | 16컬럼
2026-06-04 00:49:45,561 [INFO]    area_meta                 | 신규   121행 | 누적    121행 | 5컬럼
2026-06-04 00:49:45,561 [INFO]    bike                      | 신규    10행 | 누적     10행 | 12컬럼
2026-06-04 00:49:45,561 [INFO]    bike_sbike_stts           | 신규   557행 | 누적    557행 | 12컬럼
2026-06-04 00:49:45,562 [INFO]    bus                       | 신규     3행 | 누적      3행 | 11컬럼
2026-06-04 00:49:45,562 [INFO]    bus_bus_stn_stts          | 신규  1745행 | 누적   1745행 | 11컬럼
2026-06-04 00:49:45,562 [INFO]    charger                   | 신규     4행 | 누적      4행 | 15컬럼
2026-06-04 00:49:45,562 [INFO]    charger_charger_stts      | 신규  1905행 | 누적   1905행 | 15컬럼
2026-06-04 00:49:45,562 [INFO]    cmrcl                     | 신규    82행 | 누적     82행 | 20컬럼
2026-06-04 00:49:45,562 [INFO]    events                    | 신규     9행 | 누적      9행 | 14컬럼
2026-06-04 00:49:45,562 [INFO]    events_event_stts         | 신규   156행 | 누적    156행 | 14컬럼
2026-06-04 00:49:45,562 [INFO]    parking                   | 신규     6행 | 누적      6행 | 21컬럼
2026-06-04 00:49:45,562 [INFO]    parking_prk_stts          | 신규  1835행 | 누적   1835행 | 21컬럼
2026-06-04 00:49:45,562 [INFO]    ppltn                     | 신규   121행 | 누적    121행 | 26컬럼
2026-06-04 00:49:45,562 [INFO]    road                      | 신규   121행 | 누적    121행 | 21컬럼
2026-06-04 00:49:45,562 [INFO]    road_road_traffic_stts    | 신규  5254행 | 누적   5254행 | 17컬럼
2026-06-04 00:49:45,562 [INFO]    subway                    | 신규    38행 | 누적     38행 | 13컬럼
2026-06-04 00:49:45,562 [INFO]    subway_sub_stts           | 신규   183행 | 누적    183행 | 13컬럼
2026-06-04 00:49:45,562 [INFO]    weather                   | 신규   119행 | 누적    119행 | 29컬럼
2026-06-04 00:49:45,562 [INFO] 키별 사용량:
2026-06-04 00:49:45,562 [INFO]    🟢 KEY_1 (31/1000) 
2026-06-04 00:49:45,562 [INFO]    🟢 KEY_2 (30/1000) 
2026-06-04 00:49:45,562 [INFO]    🟢 KEY_3 (30/1000) 
2026-06-04 00:49:45,562 [INFO]    🟢 KEY_4 (30/1000) 
2026-06-04 02:52:49,347 [INFO] 등록된 키: 4개, 합산 한도 4,000건/일
2026-06-04 02:52:49,347 [INFO] POI 로드: 매뉴얼 v8.5 기준 fallback 121개 (121개 전체)
2026-06-04 02:52:49,347 [INFO] === 수집 시작 2026-06-04T02:52:49.347940+09:00 ===
2026-06-04 02:52:49,348 [INFO] 대상 장소: 121개 | API: citydata (통합)
2026-06-04 02:52:49,348 [INFO] 키 풀: 4/4 활성 | 오늘 사용 0/4000건
2026-06-04 02:52:49,348 [INFO]   [KEY_1] 담당 31장소
2026-06-04 02:52:49,348 [INFO]   [KEY_2] 담당 30장소
2026-06-04 02:52:49,348 [INFO]   [KEY_3] 담당 30장소
2026-06-04 02:52:49,348 [INFO]   [KEY_4] 담당 30장소
2026-06-04 02:52:49,348 [INFO] [1/121] 경복궁 (primary=KEY_1)
2026-06-04 02:52:51,343 [INFO] [2/121] 광화문·덕수궁 (primary=KEY_2)
2026-06-04 02:52:53,624 [INFO] [3/121] 보신각 (primary=KEY_3)
2026-06-04 02:52:55,199 [INFO] [4/121] 서울 암사동 유적 (primary=KEY_4)
2026-06-04 02:52:56,335 [INFO] [5/121] 창덕궁·종묘 (primary=KEY_1)
2026-06-04 02:52:58,690 [INFO] [6/121] 강남 MICE 관광특구 (primary=KEY_2)
2026-06-04 02:53:00,461 [INFO] [7/121] 동대문 관광특구 (primary=KEY_3)
2026-06-04 02:53:02,098 [INFO] [8/121] 명동 관광특구 (primary=KEY_4)
2026-06-04 02:53:03,720 [INFO] [9/121] 이태원 관광특구 (primary=KEY_1)
2026-06-04 02:53:05,102 [INFO] [10/121] 잠실 관광특구 (primary=KEY_2)
2026-06-04 02:53:06,712 [INFO] [11/121] 종로·청계 관광특구 (primary=KEY_3)
2026-06-04 02:53:09,113 [INFO] [12/121] 홍대 관광특구 (primary=KEY_4)
2026-06-04 02:53:10,771 [INFO] [13/121] 강서한강공원 (primary=KEY_1)
2026-06-04 02:53:11,922 [INFO] [14/121] 고척돔 (primary=KEY_2)
2026-06-04 02:53:13,075 [INFO] [15/121] 광나루한강공원 (primary=KEY_3)
2026-06-04 02:53:15,111 [INFO] [16/121] 광화문광장 (primary=KEY_4)
2026-06-04 02:53:16,517 [INFO] [17/121] 국립중앙박물관·용산가족공원 (primary=KEY_1)
2026-06-04 02:53:17,716 [INFO] [18/121] 난지한강공원 (primary=KEY_2)
2026-06-04 02:53:18,898 [INFO] [19/121] 남산공원 (primary=KEY_3)
2026-06-04 02:53:21,678 [INFO] [20/121] 노들섬 (primary=KEY_4)
2026-06-04 02:53:22,845 [INFO] [21/121] 뚝섬한강공원 (primary=KEY_1)
2026-06-04 02:53:24,006 [INFO] [22/121] 망원한강공원 (primary=KEY_2)
2026-06-04 02:53:25,405 [INFO] [23/121] 반포한강공원 (primary=KEY_3)
2026-06-04 02:53:26,569 [INFO] [24/121] 보라매공원 (primary=KEY_4)
2026-06-04 02:53:27,738 [INFO] [25/121] 북서울꿈의숲 (primary=KEY_1)
2026-06-04 02:53:28,935 [INFO] [26/121] 서대문독립공원 (primary=KEY_2)
2026-06-04 02:53:30,089 [INFO] [27/121] 서리풀공원·몽마르뜨공원 (primary=KEY_3)
2026-06-04 02:53:31,280 [INFO] [28/121] 서울대공원 (primary=KEY_4)
2026-06-04 02:53:32,440 [INFO] [29/121] 서울숲공원 (primary=KEY_1)
2026-06-04 02:53:33,806 [INFO] [30/121] 송현녹지광장 (primary=KEY_2)
2026-06-04 02:53:35,191 [INFO] [31/121] 아차산 (primary=KEY_3)
2026-06-04 02:53:36,349 [INFO] [32/121] 안양천 (primary=KEY_4)
2026-06-04 02:53:37,502 [INFO] [33/121] 양화한강공원 (primary=KEY_1)
2026-06-04 02:53:38,659 [INFO] [34/121] 어린이대공원 (primary=KEY_2)
2026-06-04 02:53:39,837 [INFO] [35/121] 여의도한강공원 (primary=KEY_3)
2026-06-04 02:53:41,259 [INFO] [36/121] 여의서로 (primary=KEY_4)
2026-06-04 02:53:42,422 [INFO] [37/121] 올림픽공원 (primary=KEY_1)
2026-06-04 02:53:43,843 [INFO] [38/121] 월드컵공원 (primary=KEY_2)
2026-06-04 02:53:45,425 [INFO] [39/121] 응봉산 (primary=KEY_3)
2026-06-04 02:53:46,773 [INFO] [40/121] 이촌한강공원 (primary=KEY_4)
2026-06-04 02:53:47,939 [INFO] [41/121] 잠실종합운동장 (primary=KEY_1)
2026-06-04 02:53:49,105 [INFO] [42/121] 잠실한강공원 (primary=KEY_2)
2026-06-04 02:53:50,286 [INFO] [43/121] 잠원한강공원 (primary=KEY_3)
2026-06-04 02:53:51,435 [INFO] [44/121] 청계산 (primary=KEY_4)
2026-06-04 02:53:52,586 [INFO] [45/121] 홍제폭포 (primary=KEY_1)
2026-06-04 02:53:53,748 [INFO] [46/121] 가락시장 (primary=KEY_2)
2026-06-04 02:53:55,131 [INFO] [47/121] 가로수길 (primary=KEY_3)
2026-06-04 02:53:56,493 [INFO] [48/121] 광장(전통)시장 (primary=KEY_4)
2026-06-04 02:53:57,675 [INFO] [49/121] 김포공항 (primary=KEY_1)
2026-06-04 02:53:59,076 [INFO] [50/121] 남대문시장 (primary=KEY_2)
2026-06-04 02:54:00,255 [INFO] [51/121] 노량진 (primary=KEY_3)
2026-06-04 02:54:01,475 [INFO] [52/121] 덕수궁길·정동길 (primary=KEY_4)
2026-06-04 02:54:02,881 [INFO] [53/121] 북창동 먹자골목 (primary=KEY_1)
2026-06-04 02:54:04,033 [INFO] [54/121] 북촌한옥마을 (primary=KEY_2)
2026-06-04 02:54:05,433 [INFO] [55/121] 서촌 (primary=KEY_3)
2026-06-04 02:54:06,786 [INFO] [56/121] 성수카페거리 (primary=KEY_4)
2026-06-04 02:54:08,170 [INFO] [57/121] 송리단길·호수단길 (primary=KEY_1)
2026-06-04 02:54:09,532 [INFO] [58/121] 신촌 스타광장 (primary=KEY_2)
2026-06-04 02:54:10,720 [INFO] [59/121] 압구정로데오거리 (primary=KEY_3)
2026-06-04 02:54:12,134 [INFO] [60/121] 여의도 (primary=KEY_4)
2026-06-04 02:54:14,175 [INFO] [61/121] 연남동 (primary=KEY_1)
2026-06-04 02:54:15,532 [INFO] [62/121] 영등포 타임스퀘어 (primary=KEY_2)
2026-06-04 02:54:16,917 [INFO] [63/121] 용리단길 (primary=KEY_3)
2026-06-04 02:54:18,102 [INFO] [64/121] 이태원 앤틱가구거리 (primary=KEY_4)
2026-06-04 02:54:19,284 [INFO] [65/121] 익선동 (primary=KEY_1)
2026-06-04 02:54:20,709 [INFO] [66/121] 인사동 (primary=KEY_2)
2026-06-04 02:54:22,093 [INFO] [67/121] 잠실롯데타워·석촌호수 (primary=KEY_3)
2026-06-04 02:54:23,489 [INFO] [68/121] 창동 신경제 중심지 (primary=KEY_4)
2026-06-04 02:54:25,091 [INFO] [69/121] 청담동 명품거리 (primary=KEY_1)
2026-06-04 02:54:26,467 [INFO] [70/121] 청량리 제기동 일대 전통시장 (primary=KEY_2)
2026-06-04 02:54:27,853 [INFO] [71/121] 해방촌·경리단길 (primary=KEY_3)
2026-06-04 02:54:29,012 [INFO] [72/121] DDP(동대문디자인플라자) (primary=KEY_4)
2026-06-04 02:54:30,435 [INFO] [73/121] DMC(디지털미디어시티) (primary=KEY_1)
2026-06-04 02:54:32,086 [INFO] [74/121] 가산디지털단지역 (primary=KEY_2)
2026-06-04 02:54:33,650 [INFO] [75/121] 강남역 (primary=KEY_3)
2026-06-04 02:54:35,252 [INFO] [76/121] 건대입구역 (primary=KEY_4)
2026-06-04 02:54:36,650 [INFO] [77/121] 고덕역 (primary=KEY_1)
2026-06-04 02:54:37,861 [INFO] [78/121] 고속터미널역 (primary=KEY_2)
2026-06-04 02:54:39,067 [INFO] [79/121] 교대역 (primary=KEY_3)
2026-06-04 02:54:40,268 [INFO] [80/121] 구로디지털단지역 (primary=KEY_4)
2026-06-04 02:54:41,646 [INFO] [81/121] 구로역 (primary=KEY_1)
2026-06-04 02:54:42,832 [INFO] [82/121] 군자역 (primary=KEY_2)
2026-06-04 02:54:44,037 [INFO] [83/121] 대림역 (primary=KEY_3)
2026-06-04 02:54:45,256 [INFO] [84/121] 동대문역 (primary=KEY_4)
2026-06-04 02:54:46,473 [INFO] [85/121] 뚝섬역 (primary=KEY_1)
2026-06-04 02:54:47,841 [INFO] [86/121] 미아사거리역 (primary=KEY_2)
2026-06-04 02:54:49,228 [INFO] [87/121] 발산역 (primary=KEY_3)
2026-06-04 02:54:50,786 [INFO] [88/121] 사당역 (primary=KEY_4)
2026-06-04 02:54:51,974 [INFO] [89/121] 삼각지역 (primary=KEY_1)
2026-06-04 02:54:53,154 [INFO] [90/121] 서울대입구역 (primary=KEY_2)
2026-06-04 02:54:54,329 [INFO] [91/121] 서울식물원·마곡나루역 (primary=KEY_3)
2026-06-04 02:54:55,701 [INFO] [92/121] 서울역 (primary=KEY_4)
2026-06-04 02:54:57,120 [INFO] [93/121] 선릉역 (primary=KEY_1)
2026-06-04 02:54:58,712 [INFO] [94/121] 성신여대입구역 (primary=KEY_2)
2026-06-04 02:54:59,894 [INFO] [95/121] 수유역 (primary=KEY_3)
2026-06-04 02:55:01,248 [INFO] [96/121] 숭례문 (primary=KEY_4)
2026-06-04 02:55:02,636 [INFO] [97/121] 시의회 앞 (primary=KEY_1)
2026-06-04 02:55:04,014 [INFO] [98/121] 신논현역·논현역 (primary=KEY_2)
2026-06-04 02:55:05,376 [INFO] [99/121] 신도림역 (primary=KEY_3)
2026-06-04 02:55:06,534 [INFO] [100/121] 신림역 (primary=KEY_4)
2026-06-04 02:55:07,736 [INFO] [101/121] 신정네거리역 (primary=KEY_1)
2026-06-04 02:55:08,897 [INFO] [102/121] 신촌·이대역 (primary=KEY_2)
2026-06-04 02:55:10,256 [INFO] [103/121] 쌍문역 (primary=KEY_3)
2026-06-04 02:55:11,416 [INFO] [104/121] 양재역 (primary=KEY_4)
2026-06-04 02:55:12,611 [INFO] [105/121] 역삼역 (primary=KEY_1)
2026-06-04 02:55:13,984 [INFO] [106/121] 연신내역 (primary=KEY_2)
2026-06-04 02:55:15,159 [INFO] [107/121] 오목교역·목동운동장 (primary=KEY_3)
2026-06-04 02:55:16,709 [INFO] [108/121] 왕십리역 (primary=KEY_4)
2026-06-04 02:55:18,094 [INFO] [109/121] 용산역 (primary=KEY_1)
2026-06-04 02:55:19,452 [INFO] [110/121] 이태원역 (primary=KEY_2)
2026-06-04 02:55:20,609 [INFO] [111/121] 잠실새내역 (primary=KEY_3)
2026-06-04 02:55:21,977 [INFO] [112/121] 잠실역 (primary=KEY_4)
2026-06-04 02:55:23,363 [INFO] [113/121] 장지역 (primary=KEY_1)
2026-06-04 02:55:24,717 [INFO] [114/121] 장한평역 (primary=KEY_2)
2026-06-04 02:55:26,063 [INFO] [115/121] 천호역 (primary=KEY_3)
2026-06-04 02:55:27,439 [INFO] [116/121] 총신대입구(이수)역 (primary=KEY_4)
2026-06-04 02:55:28,875 [INFO] [117/121] 충정로역 (primary=KEY_1)
2026-06-04 02:55:30,044 [INFO] [118/121] 합정역 (primary=KEY_2)
2026-06-04 02:55:31,415 [INFO] [119/121] 혜화역 (primary=KEY_3)
2026-06-04 02:55:32,595 [INFO] [120/121] 홍대입구역(2호선) (primary=KEY_4)
2026-06-04 02:55:33,790 [INFO] [121/121] 회기역 (primary=KEY_1)
2026-06-04 02:55:35,823 [INFO] === 수집 완료 | 성공 121, 실패 0 ===
2026-06-04 02:55:35,823 [INFO] 카테고리별 저장 결과:
2026-06-04 02:55:35,823 [INFO]    accident                  | 신규     1행 | 누적      4행 | 16컬럼
2026-06-04 02:55:35,823 [INFO]    area_meta                 | 신규   121행 | 누적    242행 | 5컬럼
2026-06-04 02:55:35,823 [INFO]    bike                      | 신규    10행 | 누적     20행 | 12컬럼
2026-06-04 02:55:35,823 [INFO]    bike_sbike_stts           | 신규   557행 | 누적   1114행 | 12컬럼
2026-06-04 02:55:35,823 [INFO]    bus                       | 신규     3행 | 누적      6행 | 11컬럼
2026-06-04 02:55:35,823 [INFO]    bus_bus_stn_stts          | 신규  1745행 | 누적   3490행 | 11컬럼
2026-06-04 02:55:35,823 [INFO]    charger                   | 신규    25행 | 누적     29행 | 15컬럼
2026-06-04 02:55:35,823 [INFO]    charger_charger_stts      | 신규   323행 | 누적   2211행 | 15컬럼
2026-06-04 02:55:35,824 [INFO]    cmrcl                     | 신규    82행 | 누적    164행 | 20컬럼
2026-06-04 02:55:35,824 [INFO]    events                    | 신규     9행 | 누적     18행 | 14컬럼
2026-06-04 02:55:35,824 [INFO]    events_event_stts         | 신규   156행 | 누적    312행 | 14컬럼
2026-06-04 02:55:35,824 [INFO]    parking                   | 신규     6행 | 누적     12행 | 21컬럼
2026-06-04 02:55:35,824 [INFO]    parking_prk_stts          | 신규  1835행 | 누적   3670행 | 21컬럼
2026-06-04 02:55:35,824 [INFO]    ppltn                     | 신규   121행 | 누적    242행 | 26컬럼
2026-06-04 02:55:35,824 [INFO]    road                      | 신규   121행 | 누적    242행 | 21컬럼
2026-06-04 02:55:35,824 [INFO]    road_road_traffic_stts    | 신규  5254행 | 누적  10508행 | 17컬럼
2026-06-04 02:55:35,824 [INFO]    subway                    | 신규    38행 | 누적     76행 | 13컬럼
2026-06-04 02:55:35,824 [INFO]    subway_sub_stts           | 신규   183행 | 누적    366행 | 13컬럼
2026-06-04 02:55:35,824 [INFO]    weather                   | 신규   119행 | 누적    238행 | 29컬럼
2026-06-04 02:55:35,824 [INFO] 키별 사용량:
2026-06-04 02:55:35,824 [INFO]    🟢 KEY_1 (31/1000) 
2026-06-04 02:55:35,824 [INFO]    🟢 KEY_2 (30/1000) 
2026-06-04 02:55:35,824 [INFO]    🟢 KEY_3 (30/1000) 
2026-06-04 02:55:35,824 [INFO]    🟢 KEY_4 (30/1000) 
