2026-05-21 00:16:14,421 [INFO] 등록된 키: 4개, 합산 한도 4,000건/일
2026-05-21 00:16:14,422 [INFO] POI 로드: 매뉴얼 v8.5 기준 fallback 121개 (121개 전체)
2026-05-21 00:16:14,422 [INFO] === 수집 시작 2026-05-21T00:16:14.422475+09:00 ===
2026-05-21 00:16:14,422 [INFO] 대상 장소: 121개 | API: citydata (통합)
2026-05-21 00:16:14,422 [INFO] 키 풀: 4/4 활성 | 오늘 사용 0/4000건
2026-05-21 00:16:14,422 [INFO]   [KEY_1] 담당 31장소
2026-05-21 00:16:14,422 [INFO]   [KEY_2] 담당 30장소
2026-05-21 00:16:14,422 [INFO]   [KEY_3] 담당 30장소
2026-05-21 00:16:14,422 [INFO]   [KEY_4] 담당 30장소
2026-05-21 00:16:14,423 [INFO] [1/121] 경복궁 (primary=KEY_1)
2026-05-21 00:16:16,104 [INFO] [2/121] 광화문·덕수궁 (primary=KEY_2)
2026-05-21 00:16:18,134 [INFO] [3/121] 보신각 (primary=KEY_3)
2026-05-21 00:16:19,799 [INFO] [4/121] 서울 암사동 유적 (primary=KEY_4)
2026-05-21 00:16:21,311 [INFO] [5/121] 창덕궁·종묘 (primary=KEY_1)
2026-05-21 00:16:22,957 [INFO] [6/121] 강남 MICE 관광특구 (primary=KEY_2)
2026-05-21 00:16:24,694 [INFO] [7/121] 동대문 관광특구 (primary=KEY_3)
2026-05-21 00:16:26,095 [INFO] [8/121] 명동 관광특구 (primary=KEY_4)
2026-05-21 00:16:27,585 [INFO] [9/121] 이태원 관광특구 (primary=KEY_1)
2026-05-21 00:16:29,432 [INFO] [10/121] 잠실 관광특구 (primary=KEY_2)
2026-05-21 00:16:31,612 [INFO] [11/121] 종로·청계 관광특구 (primary=KEY_3)
2026-05-21 00:16:32,935 [INFO] [12/121] 홍대 관광특구 (primary=KEY_4)
2026-05-21 00:16:34,242 [INFO] [13/121] 강서한강공원 (primary=KEY_1)
2026-05-21 00:16:35,760 [INFO] [14/121] 고척돔 (primary=KEY_2)
2026-05-21 00:16:36,742 [INFO] [15/121] 광나루한강공원 (primary=KEY_3)
2026-05-21 00:16:37,850 [INFO] [16/121] 광화문광장 (primary=KEY_4)
2026-05-21 00:16:38,982 [INFO] [17/121] 국립중앙박물관·용산가족공원 (primary=KEY_1)
2026-05-21 00:16:40,503 [INFO] [18/121] 난지한강공원 (primary=KEY_2)
2026-05-21 00:16:42,010 [INFO] [19/121] 남산공원 (primary=KEY_3)
2026-05-21 00:16:43,296 [INFO] [20/121] 노들섬 (primary=KEY_4)
2026-05-21 00:16:44,259 [INFO] [21/121] 뚝섬한강공원 (primary=KEY_1)
2026-05-21 00:16:45,240 [INFO] [22/121] 망원한강공원 (primary=KEY_2)
2026-05-21 00:16:46,368 [INFO] [23/121] 반포한강공원 (primary=KEY_3)
2026-05-21 00:16:47,356 [INFO] [24/121] 보라매공원 (primary=KEY_4)
2026-05-21 00:16:48,360 [INFO] [25/121] 북서울꿈의숲 (primary=KEY_1)
2026-05-21 00:16:49,463 [INFO] [26/121] 서대문독립공원 (primary=KEY_2)
2026-05-21 00:16:50,452 [INFO] [27/121] 서리풀공원·몽마르뜨공원 (primary=KEY_3)
2026-05-21 00:16:52,141 [INFO] [28/121] 서울대공원 (primary=KEY_4)
2026-05-21 00:16:53,114 [INFO] [29/121] 서울숲공원 (primary=KEY_1)
2026-05-21 00:16:54,235 [INFO] [30/121] 송현녹지광장 (primary=KEY_2)
2026-05-21 00:16:55,359 [INFO] [31/121] 아차산 (primary=KEY_3)
2026-05-21 00:16:56,330 [INFO] [32/121] 안양천 (primary=KEY_4)
2026-05-21 00:16:57,305 [INFO] [33/121] 양화한강공원 (primary=KEY_1)
2026-05-21 00:16:58,278 [INFO] [34/121] 어린이대공원 (primary=KEY_2)
2026-05-21 00:16:59,406 [INFO] [35/121] 여의도한강공원 (primary=KEY_3)
2026-05-21 00:17:00,520 [INFO] [36/121] 여의서로 (primary=KEY_4)
2026-05-21 00:17:01,627 [INFO] [37/121] 올림픽공원 (primary=KEY_1)
2026-05-21 00:17:02,912 [INFO] [38/121] 월드컵공원 (primary=KEY_2)
2026-05-21 00:17:04,873 [INFO] [39/121] 응봉산 (primary=KEY_3)
2026-05-21 00:17:05,996 [INFO] [40/121] 이촌한강공원 (primary=KEY_4)
2026-05-21 00:17:06,963 [INFO] [41/121] 잠실종합운동장 (primary=KEY_1)
2026-05-21 00:17:07,969 [INFO] [42/121] 잠실한강공원 (primary=KEY_2)
2026-05-21 00:17:08,955 [INFO] [43/121] 잠원한강공원 (primary=KEY_3)
2026-05-21 00:17:09,933 [INFO] [44/121] 청계산 (primary=KEY_4)
2026-05-21 00:17:10,903 [INFO] [45/121] 홍제폭포 (primary=KEY_1)
2026-05-21 00:17:11,868 [INFO] [46/121] 가락시장 (primary=KEY_2)
2026-05-21 00:17:13,553 [INFO] [47/121] 가로수길 (primary=KEY_3)
2026-05-21 00:17:14,716 [INFO] [48/121] 광장(전통)시장 (primary=KEY_4)
2026-05-21 00:17:15,709 [INFO] [49/121] 김포공항 (primary=KEY_1)
2026-05-21 00:17:16,984 [INFO] [50/121] 남대문시장 (primary=KEY_2)
2026-05-21 00:17:18,137 [INFO] [51/121] 노량진 (primary=KEY_3)
2026-05-21 00:17:19,266 [INFO] [52/121] 덕수궁길·정동길 (primary=KEY_4)
2026-05-21 00:17:20,416 [INFO] [53/121] 북창동 먹자골목 (primary=KEY_1)
2026-05-21 00:17:21,536 [INFO] [54/121] 북촌한옥마을 (primary=KEY_2)
2026-05-21 00:17:22,797 [INFO] [55/121] 서촌 (primary=KEY_3)
2026-05-21 00:17:24,472 [INFO] [56/121] 성수카페거리 (primary=KEY_4)
2026-05-21 00:17:25,747 [INFO] [57/121] 송리단길·호수단길 (primary=KEY_1)
2026-05-21 00:17:26,916 [INFO] [58/121] 신촌 스타광장 (primary=KEY_2)
2026-05-21 00:17:27,920 [INFO] [59/121] 압구정로데오거리 (primary=KEY_3)
2026-05-21 00:17:29,041 [INFO] [60/121] 여의도 (primary=KEY_4)
2026-05-21 00:17:30,827 [INFO] [61/121] 연남동 (primary=KEY_1)
2026-05-21 00:17:31,960 [INFO] [62/121] 영등포 타임스퀘어 (primary=KEY_2)
2026-05-21 00:17:33,075 [INFO] [63/121] 용리단길 (primary=KEY_3)
2026-05-21 00:17:34,099 [INFO] [64/121] 이태원 앤틱가구거리 (primary=KEY_4)
2026-05-21 00:17:35,098 [INFO] [65/121] 익선동 (primary=KEY_1)
2026-05-21 00:17:36,260 [INFO] [66/121] 인사동 (primary=KEY_2)
2026-05-21 00:17:37,530 [INFO] [67/121] 잠실롯데타워·석촌호수 (primary=KEY_3)
2026-05-21 00:17:38,937 [INFO] [68/121] 창동 신경제 중심지 (primary=KEY_4)
2026-05-21 00:17:40,396 [INFO] [69/121] 청담동 명품거리 (primary=KEY_1)
2026-05-21 00:17:41,564 [INFO] [70/121] 청량리 제기동 일대 전통시장 (primary=KEY_2)
2026-05-21 00:17:42,698 [INFO] [71/121] 해방촌·경리단길 (primary=KEY_3)
2026-05-21 00:17:43,692 [INFO] [72/121] DDP(동대문디자인플라자) (primary=KEY_4)
2026-05-21 00:17:44,894 [INFO] [73/121] DMC(디지털미디어시티) (primary=KEY_1)
2026-05-21 00:17:46,362 [INFO] [74/121] 가산디지털단지역 (primary=KEY_2)
2026-05-21 00:17:47,930 [INFO] [75/121] 강남역 (primary=KEY_3)
2026-05-21 00:17:49,251 [INFO] [76/121] 건대입구역 (primary=KEY_4)
2026-05-21 00:17:50,387 [INFO] [77/121] 고덕역 (primary=KEY_1)
2026-05-21 00:17:51,511 [INFO] [78/121] 고속터미널역 (primary=KEY_2)
2026-05-21 00:17:52,661 [INFO] [79/121] 교대역 (primary=KEY_3)
2026-05-21 00:17:53,804 [INFO] [80/121] 구로디지털단지역 (primary=KEY_4)
2026-05-21 00:17:55,227 [INFO] [81/121] 구로역 (primary=KEY_1)
2026-05-21 00:17:56,343 [INFO] [82/121] 군자역 (primary=KEY_2)
2026-05-21 00:17:57,482 [INFO] [83/121] 대림역 (primary=KEY_3)
2026-05-21 00:17:58,625 [INFO] [84/121] 동대문역 (primary=KEY_4)
2026-05-21 00:17:59,759 [INFO] [85/121] 뚝섬역 (primary=KEY_1)
2026-05-21 00:18:00,901 [INFO] [86/121] 미아사거리역 (primary=KEY_2)
2026-05-21 00:18:02,054 [INFO] [87/121] 발산역 (primary=KEY_3)
2026-05-21 00:18:03,345 [INFO] [88/121] 사당역 (primary=KEY_4)
2026-05-21 00:18:04,486 [INFO] [89/121] 삼각지역 (primary=KEY_1)
2026-05-21 00:18:05,485 [INFO] [90/121] 서울대입구역 (primary=KEY_2)
2026-05-21 00:18:06,595 [INFO] [91/121] 서울식물원·마곡나루역 (primary=KEY_3)
2026-05-21 00:18:07,876 [INFO] [92/121] 서울역 (primary=KEY_4)
2026-05-21 00:18:09,173 [INFO] [93/121] 선릉역 (primary=KEY_1)
2026-05-21 00:18:10,602 [INFO] [94/121] 성신여대입구역 (primary=KEY_2)
2026-05-21 00:18:11,592 [INFO] [95/121] 수유역 (primary=KEY_3)
2026-05-21 00:18:12,730 [INFO] [96/121] 숭례문 (primary=KEY_4)
2026-05-21 00:18:13,877 [INFO] [97/121] 시의회 앞 (primary=KEY_1)
2026-05-21 00:18:15,017 [INFO] [98/121] 신논현역·논현역 (primary=KEY_2)
2026-05-21 00:18:16,191 [INFO] [99/121] 신도림역 (primary=KEY_3)
2026-05-21 00:18:17,166 [INFO] [100/121] 신림역 (primary=KEY_4)
2026-05-21 00:18:18,302 [INFO] [101/121] 신정네거리역 (primary=KEY_1)
2026-05-21 00:18:19,448 [INFO] [102/121] 신촌·이대역 (primary=KEY_2)
2026-05-21 00:18:20,593 [INFO] [103/121] 쌍문역 (primary=KEY_3)
2026-05-21 00:18:21,741 [INFO] [104/121] 양재역 (primary=KEY_4)
2026-05-21 00:18:22,878 [INFO] [105/121] 역삼역 (primary=KEY_1)
2026-05-21 00:18:24,142 [INFO] [106/121] 연신내역 (primary=KEY_2)
2026-05-21 00:18:25,152 [INFO] [107/121] 오목교역·목동운동장 (primary=KEY_3)
2026-05-21 00:18:26,717 [INFO] [108/121] 왕십리역 (primary=KEY_4)
2026-05-21 00:18:28,004 [INFO] [109/121] 용산역 (primary=KEY_1)
2026-05-21 00:18:29,282 [INFO] [110/121] 이태원역 (primary=KEY_2)
2026-05-21 00:18:30,344 [INFO] [111/121] 잠실새내역 (primary=KEY_3)
2026-05-21 00:18:31,488 [INFO] [112/121] 잠실역 (primary=KEY_4)
2026-05-21 00:18:32,767 [INFO] [113/121] 장지역 (primary=KEY_1)
2026-05-21 00:18:34,062 [INFO] [114/121] 장한평역 (primary=KEY_2)
2026-05-21 00:18:35,179 [INFO] [115/121] 천호역 (primary=KEY_3)
2026-05-21 00:18:36,324 [INFO] [116/121] 총신대입구(이수)역 (primary=KEY_4)
2026-05-21 00:18:37,465 [INFO] [117/121] 충정로역 (primary=KEY_1)
2026-05-21 00:18:38,614 [INFO] [118/121] 합정역 (primary=KEY_2)
2026-05-21 00:18:39,738 [INFO] [119/121] 혜화역 (primary=KEY_3)
2026-05-21 00:18:40,867 [INFO] [120/121] 홍대입구역(2호선) (primary=KEY_4)
2026-05-21 00:18:42,015 [INFO] [121/121] 회기역 (primary=KEY_1)
2026-05-21 00:18:43,535 [INFO] === 수집 완료 | 성공 121, 실패 0 ===
2026-05-21 00:18:43,535 [INFO] 카테고리별 저장 결과:
2026-05-21 00:18:43,535 [INFO]    accident                  | 신규     1행 | 누적      1행 | 16컬럼
2026-05-21 00:18:43,535 [INFO]    area_meta                 | 신규   121행 | 누적    121행 | 5컬럼
2026-05-21 00:18:43,535 [INFO]    bike                      | 신규    11행 | 누적     11행 | 12컬럼
2026-05-21 00:18:43,535 [INFO]    bike_sbike_stts           | 신규   559행 | 누적    559행 | 12컬럼
2026-05-21 00:18:43,535 [INFO]    bus                       | 신규     3행 | 누적      3행 | 11컬럼
2026-05-21 00:18:43,535 [INFO]    bus_bus_stn_stts          | 신규  1745행 | 누적   1745행 | 11컬럼
2026-05-21 00:18:43,535 [INFO]    charger                   | 신규     4행 | 누적      4행 | 15컬럼
2026-05-21 00:18:43,535 [INFO]    charger_charger_stts      | 신규  1874행 | 누적   1874행 | 15컬럼
2026-05-21 00:18:43,535 [INFO]    cmrcl                     | 신규    82행 | 누적     82행 | 20컬럼
2026-05-21 00:18:43,535 [INFO]    events                    | 신규    13행 | 누적     13행 | 14컬럼
2026-05-21 00:18:43,535 [INFO]    events_event_stts         | 신규   177행 | 누적    177행 | 14컬럼
2026-05-21 00:18:43,536 [INFO]    parking                   | 신규     6행 | 누적      6행 | 21컬럼
2026-05-21 00:18:43,536 [INFO]    parking_prk_stts          | 신규  1835행 | 누적   1835행 | 21컬럼
2026-05-21 00:18:43,536 [INFO]    ppltn                     | 신규   121행 | 누적    121행 | 26컬럼
2026-05-21 00:18:43,536 [INFO]    road                      | 신규   121행 | 누적    121행 | 21컬럼
2026-05-21 00:18:43,536 [INFO]    road_road_traffic_stts    | 신규  5246행 | 누적   5246행 | 17컬럼
2026-05-21 00:18:43,536 [INFO]    subway                    | 신규    38행 | 누적     38행 | 12컬럼
2026-05-21 00:18:43,536 [INFO]    subway_sub_stts           | 신규   183행 | 누적    183행 | 13컬럼
2026-05-21 00:18:43,536 [INFO]    weather                   | 신규   119행 | 누적    119행 | 29컬럼
2026-05-21 00:18:43,536 [INFO] 키별 사용량:
2026-05-21 00:18:43,536 [INFO]    🟢 KEY_1 (31/1000) 
2026-05-21 00:18:43,536 [INFO]    🟢 KEY_2 (30/1000) 
2026-05-21 00:18:43,536 [INFO]    🟢 KEY_3 (30/1000) 
2026-05-21 00:18:43,536 [INFO]    🟢 KEY_4 (30/1000) 
2026-05-21 02:20:54,485 [INFO] 등록된 키: 4개, 합산 한도 4,000건/일
2026-05-21 02:20:54,486 [INFO] POI 로드: 매뉴얼 v8.5 기준 fallback 121개 (121개 전체)
2026-05-21 02:20:54,486 [INFO] === 수집 시작 2026-05-21T02:20:54.486068+09:00 ===
2026-05-21 02:20:54,486 [INFO] 대상 장소: 121개 | API: citydata (통합)
2026-05-21 02:20:54,486 [INFO] 키 풀: 4/4 활성 | 오늘 사용 0/4000건
2026-05-21 02:20:54,486 [INFO]   [KEY_1] 담당 31장소
2026-05-21 02:20:54,486 [INFO]   [KEY_2] 담당 30장소
2026-05-21 02:20:54,486 [INFO]   [KEY_3] 담당 30장소
2026-05-21 02:20:54,486 [INFO]   [KEY_4] 담당 30장소
2026-05-21 02:20:54,486 [INFO] [1/121] 경복궁 (primary=KEY_1)
2026-05-21 02:20:56,123 [INFO] [2/121] 광화문·덕수궁 (primary=KEY_2)
2026-05-21 02:20:58,068 [INFO] [3/121] 보신각 (primary=KEY_3)
2026-05-21 02:20:59,835 [INFO] [4/121] 서울 암사동 유적 (primary=KEY_4)
2026-05-21 02:21:00,841 [INFO] [5/121] 창덕궁·종묘 (primary=KEY_1)
2026-05-21 02:21:02,592 [INFO] [6/121] 강남 MICE 관광특구 (primary=KEY_2)
2026-05-21 02:21:04,182 [INFO] [7/121] 동대문 관광특구 (primary=KEY_3)
2026-05-21 02:21:05,523 [INFO] [8/121] 명동 관광특구 (primary=KEY_4)
2026-05-21 02:21:08,207 [INFO] [9/121] 이태원 관광특구 (primary=KEY_1)
2026-05-21 02:21:09,400 [INFO] [10/121] 잠실 관광특구 (primary=KEY_2)
2026-05-21 02:21:10,765 [INFO] [11/121] 종로·청계 관광특구 (primary=KEY_3)
2026-05-21 02:21:12,126 [INFO] [12/121] 홍대 관광특구 (primary=KEY_4)
2026-05-21 02:21:13,482 [INFO] [13/121] 강서한강공원 (primary=KEY_1)
2026-05-21 02:21:14,475 [INFO] [14/121] 고척돔 (primary=KEY_2)
2026-05-21 02:21:15,473 [INFO] [15/121] 광나루한강공원 (primary=KEY_3)
2026-05-21 02:21:16,625 [INFO] [16/121] 광화문광장 (primary=KEY_4)
2026-05-21 02:21:17,791 [INFO] [17/121] 국립중앙박물관·용산가족공원 (primary=KEY_1)
2026-05-21 02:21:18,806 [INFO] [18/121] 난지한강공원 (primary=KEY_2)
2026-05-21 02:21:19,810 [INFO] [19/121] 남산공원 (primary=KEY_3)
2026-05-21 02:21:21,155 [INFO] [20/121] 노들섬 (primary=KEY_4)
2026-05-21 02:21:22,151 [INFO] [21/121] 뚝섬한강공원 (primary=KEY_1)
2026-05-21 02:21:23,770 [INFO] [22/121] 망원한강공원 (primary=KEY_2)
2026-05-21 02:21:24,937 [INFO] [23/121] 반포한강공원 (primary=KEY_3)
2026-05-21 02:21:25,938 [INFO] [24/121] 보라매공원 (primary=KEY_4)
2026-05-21 02:21:26,960 [INFO] [25/121] 북서울꿈의숲 (primary=KEY_1)
2026-05-21 02:21:27,982 [INFO] [26/121] 서대문독립공원 (primary=KEY_2)
2026-05-21 02:21:28,993 [INFO] [27/121] 서리풀공원·몽마르뜨공원 (primary=KEY_3)
2026-05-21 02:21:30,048 [INFO] [28/121] 서울대공원 (primary=KEY_4)
2026-05-21 02:21:31,037 [INFO] [29/121] 서울숲공원 (primary=KEY_1)
2026-05-21 02:21:32,218 [INFO] [30/121] 송현녹지광장 (primary=KEY_2)
2026-05-21 02:21:33,382 [INFO] [31/121] 아차산 (primary=KEY_3)
2026-05-21 02:21:34,387 [INFO] [32/121] 안양천 (primary=KEY_4)
2026-05-21 02:21:35,402 [INFO] [33/121] 양화한강공원 (primary=KEY_1)
2026-05-21 02:21:36,406 [INFO] [34/121] 어린이대공원 (primary=KEY_2)
2026-05-21 02:21:37,587 [INFO] [35/121] 여의도한강공원 (primary=KEY_3)
2026-05-21 02:21:38,750 [INFO] [36/121] 여의서로 (primary=KEY_4)
2026-05-21 02:21:39,893 [INFO] [37/121] 올림픽공원 (primary=KEY_1)
2026-05-21 02:21:41,099 [INFO] [38/121] 월드컵공원 (primary=KEY_2)
2026-05-21 02:21:42,435 [INFO] [39/121] 응봉산 (primary=KEY_3)
2026-05-21 02:21:43,589 [INFO] [40/121] 이촌한강공원 (primary=KEY_4)
2026-05-21 02:21:44,587 [INFO] [41/121] 잠실종합운동장 (primary=KEY_1)
2026-05-21 02:21:45,590 [INFO] [42/121] 잠실한강공원 (primary=KEY_2)
2026-05-21 02:21:46,615 [INFO] [43/121] 잠원한강공원 (primary=KEY_3)
2026-05-21 02:21:47,620 [INFO] [44/121] 청계산 (primary=KEY_4)
2026-05-21 02:21:48,612 [INFO] [45/121] 홍제폭포 (primary=KEY_1)
2026-05-21 02:21:49,604 [INFO] [46/121] 가락시장 (primary=KEY_2)
2026-05-21 02:21:50,793 [INFO] [47/121] 가로수길 (primary=KEY_3)
2026-05-21 02:21:51,993 [INFO] [48/121] 광장(전통)시장 (primary=KEY_4)
2026-05-21 02:21:53,023 [INFO] [49/121] 김포공항 (primary=KEY_1)
2026-05-21 02:21:54,234 [INFO] [50/121] 남대문시장 (primary=KEY_2)
2026-05-21 02:21:55,408 [INFO] [51/121] 노량진 (primary=KEY_3)
2026-05-21 02:21:56,586 [INFO] [52/121] 덕수궁길·정동길 (primary=KEY_4)
2026-05-21 02:21:57,778 [INFO] [53/121] 북창동 먹자골목 (primary=KEY_1)
2026-05-21 02:21:58,939 [INFO] [54/121] 북촌한옥마을 (primary=KEY_2)
2026-05-21 02:22:00,252 [INFO] [55/121] 서촌 (primary=KEY_3)
2026-05-21 02:22:01,406 [INFO] [56/121] 성수카페거리 (primary=KEY_4)
2026-05-21 02:22:02,744 [INFO] [57/121] 송리단길·호수단길 (primary=KEY_1)
2026-05-21 02:22:03,950 [INFO] [58/121] 신촌 스타광장 (primary=KEY_2)
2026-05-21 02:22:04,978 [INFO] [59/121] 압구정로데오거리 (primary=KEY_3)
2026-05-21 02:22:06,154 [INFO] [60/121] 여의도 (primary=KEY_4)
2026-05-21 02:22:08,000 [INFO] [61/121] 연남동 (primary=KEY_1)
2026-05-21 02:22:09,149 [INFO] [62/121] 영등포 타임스퀘어 (primary=KEY_2)
2026-05-21 02:22:10,305 [INFO] [63/121] 용리단길 (primary=KEY_3)
2026-05-21 02:22:11,343 [INFO] [64/121] 이태원 앤틱가구거리 (primary=KEY_4)
2026-05-21 02:22:12,367 [INFO] [65/121] 익선동 (primary=KEY_1)
2026-05-21 02:22:13,551 [INFO] [66/121] 인사동 (primary=KEY_2)
2026-05-21 02:22:14,870 [INFO] [67/121] 잠실롯데타워·석촌호수 (primary=KEY_3)
2026-05-21 02:22:16,362 [INFO] [68/121] 창동 신경제 중심지 (primary=KEY_4)
2026-05-21 02:22:17,849 [INFO] [69/121] 청담동 명품거리 (primary=KEY_1)
2026-05-21 02:22:19,060 [INFO] [70/121] 청량리 제기동 일대 전통시장 (primary=KEY_2)
2026-05-21 02:22:20,281 [INFO] [71/121] 해방촌·경리단길 (primary=KEY_3)
2026-05-21 02:22:21,294 [INFO] [72/121] DDP(동대문디자인플라자) (primary=KEY_4)
2026-05-21 02:22:22,471 [INFO] [73/121] DMC(디지털미디어시티) (primary=KEY_1)
2026-05-21 02:22:23,982 [INFO] [74/121] 가산디지털단지역 (primary=KEY_2)
2026-05-21 02:22:25,613 [INFO] [75/121] 강남역 (primary=KEY_3)
2026-05-21 02:22:26,971 [INFO] [76/121] 건대입구역 (primary=KEY_4)
2026-05-21 02:22:28,156 [INFO] [77/121] 고덕역 (primary=KEY_1)
2026-05-21 02:22:29,330 [INFO] [78/121] 고속터미널역 (primary=KEY_2)
2026-05-21 02:22:30,506 [INFO] [79/121] 교대역 (primary=KEY_3)
2026-05-21 02:22:31,551 [INFO] [80/121] 구로디지털단지역 (primary=KEY_4)
2026-05-21 02:22:33,026 [INFO] [81/121] 구로역 (primary=KEY_1)
2026-05-21 02:22:34,184 [INFO] [82/121] 군자역 (primary=KEY_2)
2026-05-21 02:22:35,223 [INFO] [83/121] 대림역 (primary=KEY_3)
2026-05-21 02:22:36,391 [INFO] [84/121] 동대문역 (primary=KEY_4)
2026-05-21 02:22:37,555 [INFO] [85/121] 뚝섬역 (primary=KEY_1)
2026-05-21 02:22:38,753 [INFO] [86/121] 미아사거리역 (primary=KEY_2)
2026-05-21 02:22:39,918 [INFO] [87/121] 발산역 (primary=KEY_3)
2026-05-21 02:22:41,260 [INFO] [88/121] 사당역 (primary=KEY_4)
2026-05-21 02:22:42,471 [INFO] [89/121] 삼각지역 (primary=KEY_1)
2026-05-21 02:22:43,491 [INFO] [90/121] 서울대입구역 (primary=KEY_2)
2026-05-21 02:22:44,661 [INFO] [91/121] 서울식물원·마곡나루역 (primary=KEY_3)
2026-05-21 02:22:45,997 [INFO] [92/121] 서울역 (primary=KEY_4)
2026-05-21 02:22:47,230 [INFO] [93/121] 선릉역 (primary=KEY_1)
2026-05-21 02:22:48,740 [INFO] [94/121] 성신여대입구역 (primary=KEY_2)
2026-05-21 02:22:49,770 [INFO] [95/121] 수유역 (primary=KEY_3)
2026-05-21 02:22:50,950 [INFO] [96/121] 숭례문 (primary=KEY_4)
2026-05-21 02:22:52,143 [INFO] [97/121] 시의회 앞 (primary=KEY_1)
2026-05-21 02:22:53,321 [INFO] [98/121] 신논현역·논현역 (primary=KEY_2)
2026-05-21 02:22:54,540 [INFO] [99/121] 신도림역 (primary=KEY_3)
2026-05-21 02:22:55,572 [INFO] [100/121] 신림역 (primary=KEY_4)
2026-05-21 02:22:56,621 [INFO] [101/121] 신정네거리역 (primary=KEY_1)
2026-05-21 02:22:57,785 [INFO] [102/121] 신촌·이대역 (primary=KEY_2)
2026-05-21 02:22:58,968 [INFO] [103/121] 쌍문역 (primary=KEY_3)
2026-05-21 02:23:00,148 [INFO] [104/121] 양재역 (primary=KEY_4)
2026-05-21 02:23:01,339 [INFO] [105/121] 역삼역 (primary=KEY_1)
2026-05-21 02:23:02,673 [INFO] [106/121] 연신내역 (primary=KEY_2)
2026-05-21 02:23:03,733 [INFO] [107/121] 오목교역·목동운동장 (primary=KEY_3)
2026-05-21 02:23:05,401 [INFO] [108/121] 왕십리역 (primary=KEY_4)
2026-05-21 02:23:06,628 [INFO] [109/121] 용산역 (primary=KEY_1)
2026-05-21 02:23:07,963 [INFO] [110/121] 이태원역 (primary=KEY_2)
2026-05-21 02:23:08,994 [INFO] [111/121] 잠실새내역 (primary=KEY_3)
2026-05-21 02:23:10,212 [INFO] [112/121] 잠실역 (primary=KEY_4)
2026-05-21 02:23:11,559 [INFO] [113/121] 장지역 (primary=KEY_1)
2026-05-21 02:23:12,896 [INFO] [114/121] 장한평역 (primary=KEY_2)
2026-05-21 02:23:14,087 [INFO] [115/121] 천호역 (primary=KEY_3)
2026-05-21 02:23:15,298 [INFO] [116/121] 총신대입구(이수)역 (primary=KEY_4)
2026-05-21 02:23:16,486 [INFO] [117/121] 충정로역 (primary=KEY_1)
2026-05-21 02:23:17,671 [INFO] [118/121] 합정역 (primary=KEY_2)
2026-05-21 02:23:18,863 [INFO] [119/121] 혜화역 (primary=KEY_3)
2026-05-21 02:23:20,038 [INFO] [120/121] 홍대입구역(2호선) (primary=KEY_4)
2026-05-21 02:23:21,234 [INFO] [121/121] 회기역 (primary=KEY_1)
2026-05-21 02:23:23,113 [INFO] === 수집 완료 | 성공 121, 실패 0 ===
2026-05-21 02:23:23,113 [INFO] 카테고리별 저장 결과:
2026-05-21 02:23:23,113 [INFO]    accident                  | 신규     1행 | 누적      2행 | 16컬럼
2026-05-21 02:23:23,113 [INFO]    area_meta                 | 신규   121행 | 누적    242행 | 5컬럼
2026-05-21 02:23:23,113 [INFO]    bike                      | 신규    11행 | 누적     22행 | 12컬럼
2026-05-21 02:23:23,113 [INFO]    bike_sbike_stts           | 신규   559행 | 누적   1118행 | 12컬럼
2026-05-21 02:23:23,113 [INFO]    bus                       | 신규     3행 | 누적      6행 | 11컬럼
2026-05-21 02:23:23,113 [INFO]    bus_bus_stn_stts          | 신규  1745행 | 누적   3490행 | 11컬럼
2026-05-21 02:23:23,113 [INFO]    charger                   | 신규    12행 | 누적     16행 | 15컬럼
2026-05-21 02:23:23,113 [INFO]    charger_charger_stts      | 신규  1566행 | 누적   3415행 | 15컬럼
2026-05-21 02:23:23,113 [INFO]    cmrcl                     | 신규    82행 | 누적    164행 | 20컬럼
2026-05-21 02:23:23,114 [INFO]    events                    | 신규    13행 | 누적     26행 | 14컬럼
2026-05-21 02:23:23,114 [INFO]    events_event_stts         | 신규   177행 | 누적    354행 | 14컬럼
2026-05-21 02:23:23,114 [INFO]    parking                   | 신규     6행 | 누적     12행 | 21컬럼
2026-05-21 02:23:23,114 [INFO]    parking_prk_stts          | 신규  1835행 | 누적   3670행 | 21컬럼
2026-05-21 02:23:23,114 [INFO]    ppltn                     | 신규   121행 | 누적    242행 | 26컬럼
2026-05-21 02:23:23,114 [INFO]    road                      | 신규   121행 | 누적    242행 | 21컬럼
2026-05-21 02:23:23,114 [INFO]    road_road_traffic_stts    | 신규  5246행 | 누적  10492행 | 17컬럼
2026-05-21 02:23:23,114 [INFO]    subway                    | 신규    38행 | 누적     76행 | 12컬럼
2026-05-21 02:23:23,114 [INFO]    subway_sub_stts           | 신규   183행 | 누적    366행 | 13컬럼
2026-05-21 02:23:23,114 [INFO]    weather                   | 신규   119행 | 누적    238행 | 29컬럼
2026-05-21 02:23:23,114 [INFO] 키별 사용량:
2026-05-21 02:23:23,114 [INFO]    🟢 KEY_1 (31/1000) 
2026-05-21 02:23:23,114 [INFO]    🟢 KEY_2 (30/1000) 
2026-05-21 02:23:23,114 [INFO]    🟢 KEY_3 (30/1000) 
2026-05-21 02:23:23,114 [INFO]    🟢 KEY_4 (30/1000) 
2026-05-21 04:03:09,610 [INFO] 등록된 키: 4개, 합산 한도 4,000건/일
2026-05-21 04:03:09,611 [INFO] POI 로드: 매뉴얼 v8.5 기준 fallback 121개 (121개 전체)
2026-05-21 04:03:09,611 [INFO] === 수집 시작 2026-05-21T04:03:09.611599+09:00 ===
2026-05-21 04:03:09,611 [INFO] 대상 장소: 121개 | API: citydata (통합)
2026-05-21 04:03:09,611 [INFO] 키 풀: 4/4 활성 | 오늘 사용 0/4000건
2026-05-21 04:03:09,611 [INFO]   [KEY_1] 담당 31장소
2026-05-21 04:03:09,611 [INFO]   [KEY_2] 담당 30장소
2026-05-21 04:03:09,611 [INFO]   [KEY_3] 담당 30장소
2026-05-21 04:03:09,612 [INFO]   [KEY_4] 담당 30장소
2026-05-21 04:03:09,612 [INFO] [1/121] 경복궁 (primary=KEY_1)
2026-05-21 04:03:11,183 [INFO] [2/121] 광화문·덕수궁 (primary=KEY_2)
2026-05-21 04:03:13,195 [INFO] [3/121] 보신각 (primary=KEY_3)
2026-05-21 04:03:14,337 [INFO] [4/121] 서울 암사동 유적 (primary=KEY_4)
2026-05-21 04:03:15,867 [INFO] [5/121] 창덕궁·종묘 (primary=KEY_1)
2026-05-21 04:03:16,980 [INFO] [6/121] 강남 MICE 관광특구 (primary=KEY_2)
2026-05-21 04:03:18,128 [INFO] [7/121] 동대문 관광특구 (primary=KEY_3)
2026-05-21 04:03:20,027 [INFO] [8/121] 명동 관광특구 (primary=KEY_4)
2026-05-21 04:03:22,335 [INFO] [9/121] 이태원 관광특구 (primary=KEY_1)
2026-05-21 04:03:23,505 [INFO] [10/121] 잠실 관광특구 (primary=KEY_2)
2026-05-21 04:03:25,543 [INFO] [11/121] 종로·청계 관광특구 (primary=KEY_3)
2026-05-21 04:03:26,868 [INFO] [12/121] 홍대 관광특구 (primary=KEY_4)
2026-05-21 04:03:28,333 [INFO] [13/121] 강서한강공원 (primary=KEY_1)
2026-05-21 04:03:29,863 [INFO] [14/121] 고척돔 (primary=KEY_2)
2026-05-21 04:03:30,847 [INFO] [15/121] 광나루한강공원 (primary=KEY_3)
2026-05-21 04:03:32,509 [INFO] [16/121] 광화문광장 (primary=KEY_4)
2026-05-21 04:03:33,681 [INFO] [17/121] 국립중앙박물관·용산가족공원 (primary=KEY_1)
2026-05-21 04:03:34,663 [INFO] [18/121] 난지한강공원 (primary=KEY_2)
2026-05-21 04:03:35,642 [INFO] [19/121] 남산공원 (primary=KEY_3)
2026-05-21 04:03:37,493 [INFO] [20/121] 노들섬 (primary=KEY_4)
2026-05-21 04:03:38,463 [INFO] [21/121] 뚝섬한강공원 (primary=KEY_1)
2026-05-21 04:03:39,993 [INFO] [22/121] 망원한강공원 (primary=KEY_2)
2026-05-21 04:03:41,122 [INFO] [23/121] 반포한강공원 (primary=KEY_3)
2026-05-21 04:03:42,134 [INFO] [24/121] 보라매공원 (primary=KEY_4)
2026-05-21 04:03:43,151 [INFO] [25/121] 북서울꿈의숲 (primary=KEY_1)
2026-05-21 04:03:44,260 [INFO] [26/121] 서대문독립공원 (primary=KEY_2)
2026-05-21 04:03:45,251 [INFO] [27/121] 서리풀공원·몽마르뜨공원 (primary=KEY_3)
2026-05-21 04:03:46,266 [INFO] [28/121] 서울대공원 (primary=KEY_4)
2026-05-21 04:03:47,238 [INFO] [29/121] 서울숲공원 (primary=KEY_1)
2026-05-21 04:03:48,359 [INFO] [30/121] 송현녹지광장 (primary=KEY_2)
2026-05-21 04:03:49,482 [INFO] [31/121] 아차산 (primary=KEY_3)
2026-05-21 04:03:50,449 [INFO] [32/121] 안양천 (primary=KEY_4)
2026-05-21 04:03:51,425 [INFO] [33/121] 양화한강공원 (primary=KEY_1)
2026-05-21 04:03:52,398 [INFO] [34/121] 어린이대공원 (primary=KEY_2)
2026-05-21 04:03:53,541 [INFO] [35/121] 여의도한강공원 (primary=KEY_3)
2026-05-21 04:03:54,671 [INFO] [36/121] 여의서로 (primary=KEY_4)
2026-05-21 04:03:55,784 [INFO] [37/121] 올림픽공원 (primary=KEY_1)
2026-05-21 04:03:56,951 [INFO] [38/121] 월드컵공원 (primary=KEY_2)
2026-05-21 04:03:58,245 [INFO] [39/121] 응봉산 (primary=KEY_3)
2026-05-21 04:03:59,370 [INFO] [40/121] 이촌한강공원 (primary=KEY_4)
2026-05-21 04:04:00,357 [INFO] [41/121] 잠실종합운동장 (primary=KEY_1)
2026-05-21 04:04:01,343 [INFO] [42/121] 잠실한강공원 (primary=KEY_2)
2026-05-21 04:04:02,338 [INFO] [43/121] 잠원한강공원 (primary=KEY_3)
2026-05-21 04:04:03,307 [INFO] [44/121] 청계산 (primary=KEY_4)
2026-05-21 04:04:04,280 [INFO] [45/121] 홍제폭포 (primary=KEY_1)
2026-05-21 04:04:05,261 [INFO] [46/121] 가락시장 (primary=KEY_2)
2026-05-21 04:04:06,462 [INFO] [47/121] 가로수길 (primary=KEY_3)
2026-05-21 04:04:07,612 [INFO] [48/121] 광장(전통)시장 (primary=KEY_4)
2026-05-21 04:04:08,622 [INFO] [49/121] 김포공항 (primary=KEY_1)
2026-05-21 04:04:09,779 [INFO] [50/121] 남대문시장 (primary=KEY_2)
2026-05-21 04:04:10,910 [INFO] [51/121] 노량진 (primary=KEY_3)
2026-05-21 04:04:12,045 [INFO] [52/121] 덕수궁길·정동길 (primary=KEY_4)
2026-05-21 04:04:13,191 [INFO] [53/121] 북창동 먹자골목 (primary=KEY_1)
2026-05-21 04:04:14,312 [INFO] [54/121] 북촌한옥마을 (primary=KEY_2)
2026-05-21 04:04:15,578 [INFO] [55/121] 서촌 (primary=KEY_3)
2026-05-21 04:04:16,706 [INFO] [56/121] 성수카페거리 (primary=KEY_4)
2026-05-21 04:04:18,010 [INFO] [57/121] 송리단길·호수단길 (primary=KEY_1)
2026-05-21 04:04:19,172 [INFO] [58/121] 신촌 스타광장 (primary=KEY_2)
2026-05-21 04:04:20,168 [INFO] [59/121] 압구정로데오거리 (primary=KEY_3)
2026-05-21 04:04:21,322 [INFO] [60/121] 여의도 (primary=KEY_4)
2026-05-21 04:04:23,115 [INFO] [61/121] 연남동 (primary=KEY_1)
2026-05-21 04:04:24,240 [INFO] [62/121] 영등포 타임스퀘어 (primary=KEY_2)
2026-05-21 04:04:25,377 [INFO] [63/121] 용리단길 (primary=KEY_3)
2026-05-21 04:04:26,391 [INFO] [64/121] 이태원 앤틱가구거리 (primary=KEY_4)
2026-05-21 04:04:27,407 [INFO] [65/121] 익선동 (primary=KEY_1)
2026-05-21 04:04:28,567 [INFO] [66/121] 인사동 (primary=KEY_2)
2026-05-21 04:04:29,840 [INFO] [67/121] 잠실롯데타워·석촌호수 (primary=KEY_3)
2026-05-21 04:04:31,289 [INFO] [68/121] 창동 신경제 중심지 (primary=KEY_4)
2026-05-21 04:04:32,736 [INFO] [69/121] 청담동 명품거리 (primary=KEY_1)
2026-05-21 04:04:33,905 [INFO] [70/121] 청량리 제기동 일대 전통시장 (primary=KEY_2)
2026-05-21 04:04:35,062 [INFO] [71/121] 해방촌·경리단길 (primary=KEY_3)
2026-05-21 04:04:36,060 [INFO] [72/121] DDP(동대문디자인플라자) (primary=KEY_4)
2026-05-21 04:04:37,208 [INFO] [73/121] DMC(디지털미디어시티) (primary=KEY_1)
2026-05-21 04:04:38,685 [INFO] [74/121] 가산디지털단지역 (primary=KEY_2)
2026-05-21 04:04:40,252 [INFO] [75/121] 강남역 (primary=KEY_3)
2026-05-21 04:04:41,585 [INFO] [76/121] 건대입구역 (primary=KEY_4)
2026-05-21 04:04:42,727 [INFO] [77/121] 고덕역 (primary=KEY_1)
2026-05-21 04:04:43,870 [INFO] [78/121] 고속터미널역 (primary=KEY_2)
2026-05-21 04:04:45,023 [INFO] [79/121] 교대역 (primary=KEY_3)
2026-05-21 04:04:46,055 [INFO] [80/121] 구로디지털단지역 (primary=KEY_4)
2026-05-21 04:04:47,470 [INFO] [81/121] 구로역 (primary=KEY_1)
2026-05-21 04:04:48,596 [INFO] [82/121] 군자역 (primary=KEY_2)
2026-05-21 04:04:49,605 [INFO] [83/121] 대림역 (primary=KEY_3)
2026-05-21 04:04:50,750 [INFO] [84/121] 동대문역 (primary=KEY_4)
2026-05-21 04:04:51,886 [INFO] [85/121] 뚝섬역 (primary=KEY_1)
2026-05-21 04:04:53,037 [INFO] [86/121] 미아사거리역 (primary=KEY_2)
2026-05-21 04:04:54,164 [INFO] [87/121] 발산역 (primary=KEY_3)
2026-05-21 04:04:55,473 [INFO] [88/121] 사당역 (primary=KEY_4)
2026-05-21 04:04:56,616 [INFO] [89/121] 삼각지역 (primary=KEY_1)
2026-05-21 04:04:57,613 [INFO] [90/121] 서울대입구역 (primary=KEY_2)
2026-05-21 04:04:58,743 [INFO] [91/121] 서울식물원·마곡나루역 (primary=KEY_3)
2026-05-21 04:05:00,040 [INFO] [92/121] 서울역 (primary=KEY_4)
2026-05-21 04:05:01,219 [INFO] [93/121] 선릉역 (primary=KEY_1)
2026-05-21 04:05:02,643 [INFO] [94/121] 성신여대입구역 (primary=KEY_2)
2026-05-21 04:05:03,657 [INFO] [95/121] 수유역 (primary=KEY_3)
2026-05-21 04:05:04,774 [INFO] [96/121] 숭례문 (primary=KEY_4)
2026-05-21 04:05:05,914 [INFO] [97/121] 시의회 앞 (primary=KEY_1)
2026-05-21 04:05:07,064 [INFO] [98/121] 신논현역·논현역 (primary=KEY_2)
2026-05-21 04:05:08,226 [INFO] [99/121] 신도림역 (primary=KEY_3)
2026-05-21 04:05:09,225 [INFO] [100/121] 신림역 (primary=KEY_4)
2026-05-21 04:05:10,220 [INFO] [101/121] 신정네거리역 (primary=KEY_1)
2026-05-21 04:05:11,345 [INFO] [102/121] 신촌·이대역 (primary=KEY_2)
2026-05-21 04:05:12,489 [INFO] [103/121] 쌍문역 (primary=KEY_3)
2026-05-21 04:05:13,613 [INFO] [104/121] 양재역 (primary=KEY_4)
2026-05-21 04:05:14,762 [INFO] [105/121] 역삼역 (primary=KEY_1)
2026-05-21 04:05:16,035 [INFO] [106/121] 연신내역 (primary=KEY_2)
2026-05-21 04:05:17,051 [INFO] [107/121] 오목교역·목동운동장 (primary=KEY_3)
2026-05-21 04:05:18,631 [INFO] [108/121] 왕십리역 (primary=KEY_4)
2026-05-21 04:05:19,792 [INFO] [109/121] 용산역 (primary=KEY_1)
2026-05-21 04:05:21,070 [INFO] [110/121] 이태원역 (primary=KEY_2)
2026-05-21 04:05:22,108 [INFO] [111/121] 잠실새내역 (primary=KEY_3)
2026-05-21 04:05:23,246 [INFO] [112/121] 잠실역 (primary=KEY_4)
2026-05-21 04:05:24,539 [INFO] [113/121] 장지역 (primary=KEY_1)
2026-05-21 04:05:25,810 [INFO] [114/121] 장한평역 (primary=KEY_2)
2026-05-21 04:05:26,970 [INFO] [115/121] 천호역 (primary=KEY_3)
2026-05-21 04:05:28,115 [INFO] [116/121] 총신대입구(이수)역 (primary=KEY_4)
2026-05-21 04:05:29,272 [INFO] [117/121] 충정로역 (primary=KEY_1)
2026-05-21 04:05:30,417 [INFO] [118/121] 합정역 (primary=KEY_2)
2026-05-21 04:05:31,554 [INFO] [119/121] 혜화역 (primary=KEY_3)
2026-05-21 04:05:32,697 [INFO] [120/121] 홍대입구역(2호선) (primary=KEY_4)
2026-05-21 04:05:33,867 [INFO] [121/121] 회기역 (primary=KEY_1)
2026-05-21 04:05:35,803 [INFO] === 수집 완료 | 성공 121, 실패 0 ===
2026-05-21 04:05:35,803 [INFO] 카테고리별 저장 결과:
2026-05-21 04:05:35,803 [INFO]    accident                  | 신규     1행 | 누적      3행 | 16컬럼
2026-05-21 04:05:35,803 [INFO]    area_meta                 | 신규   121행 | 누적    363행 | 5컬럼
2026-05-21 04:05:35,803 [INFO]    bike                      | 신규    11행 | 누적     33행 | 12컬럼
2026-05-21 04:05:35,803 [INFO]    bike_sbike_stts           | 신규   559행 | 누적   1677행 | 12컬럼
2026-05-21 04:05:35,803 [INFO]    bus                       | 신규     3행 | 누적      9행 | 11컬럼
2026-05-21 04:05:35,803 [INFO]    bus_bus_stn_stts          | 신규  1745행 | 누적   5235행 | 11컬럼
2026-05-21 04:05:35,803 [INFO]    charger                   | 신규     4행 | 누적     20행 | 15컬럼
2026-05-21 04:05:35,803 [INFO]    charger_charger_stts      | 신규  1874행 | 누적   5274행 | 15컬럼
2026-05-21 04:05:35,803 [INFO]    cmrcl                     | 신규    82행 | 누적    246행 | 20컬럼
2026-05-21 04:05:35,803 [INFO]    events                    | 신규    13행 | 누적     39행 | 14컬럼
2026-05-21 04:05:35,803 [INFO]    events_event_stts         | 신규   177행 | 누적    531행 | 14컬럼
2026-05-21 04:05:35,803 [INFO]    parking                   | 신규     6행 | 누적     18행 | 21컬럼
2026-05-21 04:05:35,803 [INFO]    parking_prk_stts          | 신규  1835행 | 누적   5505행 | 21컬럼
2026-05-21 04:05:35,803 [INFO]    ppltn                     | 신규   121행 | 누적    363행 | 26컬럼
2026-05-21 04:05:35,803 [INFO]    road                      | 신규   121행 | 누적    363행 | 21컬럼
2026-05-21 04:05:35,803 [INFO]    road_road_traffic_stts    | 신규  5246행 | 누적  15738행 | 17컬럼
2026-05-21 04:05:35,803 [INFO]    subway                    | 신규    38행 | 누적    114행 | 12컬럼
2026-05-21 04:05:35,803 [INFO]    subway_sub_stts           | 신규   183행 | 누적    549행 | 13컬럼
2026-05-21 04:05:35,803 [INFO]    weather                   | 신규   119행 | 누적    357행 | 29컬럼
2026-05-21 04:05:35,803 [INFO] 키별 사용량:
2026-05-21 04:05:35,804 [INFO]    🟢 KEY_1 (31/1000) 
2026-05-21 04:05:35,804 [INFO]    🟢 KEY_2 (30/1000) 
2026-05-21 04:05:35,804 [INFO]    🟢 KEY_3 (30/1000) 
2026-05-21 04:05:35,804 [INFO]    🟢 KEY_4 (30/1000) 
2026-05-21 04:54:07,517 [INFO] 등록된 키: 4개, 합산 한도 4,000건/일
2026-05-21 04:54:07,518 [INFO] POI 로드: 매뉴얼 v8.5 기준 fallback 121개 (121개 전체)
2026-05-21 04:54:07,518 [INFO] === 수집 시작 2026-05-21T04:54:07.518149+09:00 ===
2026-05-21 04:54:07,518 [INFO] 대상 장소: 121개 | API: citydata (통합)
2026-05-21 04:54:07,518 [INFO] 키 풀: 4/4 활성 | 오늘 사용 0/4000건
2026-05-21 04:54:07,518 [INFO]   [KEY_1] 담당 31장소
2026-05-21 04:54:07,518 [INFO]   [KEY_2] 담당 30장소
2026-05-21 04:54:07,518 [INFO]   [KEY_3] 담당 30장소
2026-05-21 04:54:07,518 [INFO]   [KEY_4] 담당 30장소
2026-05-21 04:54:07,518 [INFO] [1/121] 경복궁 (primary=KEY_1)
2026-05-21 04:54:09,663 [INFO] [2/121] 광화문·덕수궁 (primary=KEY_2)
2026-05-21 04:54:12,185 [INFO] [3/121] 보신각 (primary=KEY_3)
2026-05-21 04:54:15,008 [INFO] [4/121] 서울 암사동 유적 (primary=KEY_4)
2026-05-21 04:54:16,250 [INFO] [5/121] 창덕궁·종묘 (primary=KEY_1)
2026-05-21 04:54:18,212 [INFO] [6/121] 강남 MICE 관광특구 (primary=KEY_2)
2026-05-21 04:54:20,211 [INFO] [7/121] 동대문 관광특구 (primary=KEY_3)
2026-05-21 04:54:22,446 [INFO] [8/121] 명동 관광특구 (primary=KEY_4)
2026-05-21 04:54:24,835 [INFO] [9/121] 이태원 관광특구 (primary=KEY_1)
2026-05-21 04:54:26,843 [INFO] [10/121] 잠실 관광특구 (primary=KEY_2)
2026-05-21 04:54:28,534 [INFO] [11/121] 종로·청계 관광특구 (primary=KEY_3)
2026-05-21 04:54:30,045 [INFO] [12/121] 홍대 관광특구 (primary=KEY_4)
2026-05-21 04:54:32,374 [INFO] [13/121] 강서한강공원 (primary=KEY_1)
2026-05-21 04:54:33,449 [INFO] [14/121] 고척돔 (primary=KEY_2)
2026-05-21 04:54:34,532 [INFO] [15/121] 광나루한강공원 (primary=KEY_3)
2026-05-21 04:54:35,780 [INFO] [16/121] 광화문광장 (primary=KEY_4)
2026-05-21 04:54:37,061 [INFO] [17/121] 국립중앙박물관·용산가족공원 (primary=KEY_1)
2026-05-21 04:54:38,159 [INFO] [18/121] 난지한강공원 (primary=KEY_2)
2026-05-21 04:54:39,254 [INFO] [19/121] 남산공원 (primary=KEY_3)
2026-05-21 04:54:41,608 [INFO] [20/121] 노들섬 (primary=KEY_4)
2026-05-21 04:54:42,695 [INFO] [21/121] 뚝섬한강공원 (primary=KEY_1)
2026-05-21 04:54:43,789 [INFO] [22/121] 망원한강공원 (primary=KEY_2)
2026-05-21 04:54:45,076 [INFO] [23/121] 반포한강공원 (primary=KEY_3)
2026-05-21 04:54:46,880 [INFO] [24/121] 보라매공원 (primary=KEY_4)
2026-05-21 04:54:47,995 [INFO] [25/121] 북서울꿈의숲 (primary=KEY_1)
2026-05-21 04:54:49,247 [INFO] [26/121] 서대문독립공원 (primary=KEY_2)
2026-05-21 04:54:51,029 [INFO] [27/121] 서리풀공원·몽마르뜨공원 (primary=KEY_3)
2026-05-21 04:54:52,167 [INFO] [28/121] 서울대공원 (primary=KEY_4)
2026-05-21 04:54:53,248 [INFO] [29/121] 서울숲공원 (primary=KEY_1)
2026-05-21 04:54:54,518 [INFO] [30/121] 송현녹지광장 (primary=KEY_2)
2026-05-21 04:54:55,768 [INFO] [31/121] 아차산 (primary=KEY_3)
2026-05-21 04:54:56,851 [INFO] [32/121] 안양천 (primary=KEY_4)
2026-05-21 04:54:57,930 [INFO] [33/121] 양화한강공원 (primary=KEY_1)
2026-05-21 04:54:59,014 [INFO] [34/121] 어린이대공원 (primary=KEY_2)
2026-05-21 04:55:00,294 [INFO] [35/121] 여의도한강공원 (primary=KEY_3)
2026-05-21 04:55:01,546 [INFO] [36/121] 여의서로 (primary=KEY_4)
2026-05-21 04:55:02,779 [INFO] [37/121] 올림픽공원 (primary=KEY_1)
2026-05-21 04:55:04,256 [INFO] [38/121] 월드컵공원 (primary=KEY_2)
2026-05-21 04:55:05,724 [INFO] [39/121] 응봉산 (primary=KEY_3)
2026-05-21 04:55:06,979 [INFO] [40/121] 이촌한강공원 (primary=KEY_4)
2026-05-21 04:55:08,048 [INFO] [41/121] 잠실종합운동장 (primary=KEY_1)
2026-05-21 04:55:09,119 [INFO] [42/121] 잠실한강공원 (primary=KEY_2)
2026-05-21 04:55:10,207 [INFO] [43/121] 잠원한강공원 (primary=KEY_3)
2026-05-21 04:55:11,288 [INFO] [44/121] 청계산 (primary=KEY_4)
2026-05-21 04:55:12,367 [INFO] [45/121] 홍제폭포 (primary=KEY_1)
2026-05-21 04:55:13,443 [INFO] [46/121] 가락시장 (primary=KEY_2)
2026-05-21 04:55:14,726 [INFO] [47/121] 가로수길 (primary=KEY_3)
2026-05-21 04:55:16,030 [INFO] [48/121] 광장(전통)시장 (primary=KEY_4)
2026-05-21 04:55:17,124 [INFO] [49/121] 김포공항 (primary=KEY_1)
2026-05-21 04:55:18,584 [INFO] [50/121] 남대문시장 (primary=KEY_2)
2026-05-21 04:55:19,833 [INFO] [51/121] 노량진 (primary=KEY_3)
2026-05-21 04:55:21,232 [INFO] [52/121] 덕수궁길·정동길 (primary=KEY_4)
2026-05-21 04:55:22,526 [INFO] [53/121] 북창동 먹자골목 (primary=KEY_1)
2026-05-21 04:55:23,788 [INFO] [54/121] 북촌한옥마을 (primary=KEY_2)
2026-05-21 04:55:25,231 [INFO] [55/121] 서촌 (primary=KEY_3)
2026-05-21 04:55:26,497 [INFO] [56/121] 성수카페거리 (primary=KEY_4)
2026-05-21 04:55:27,930 [INFO] [57/121] 송리단길·호수단길 (primary=KEY_1)
2026-05-21 04:55:29,212 [INFO] [58/121] 신촌 스타광장 (primary=KEY_2)
2026-05-21 04:55:30,332 [INFO] [59/121] 압구정로데오거리 (primary=KEY_3)
2026-05-21 04:55:31,603 [INFO] [60/121] 여의도 (primary=KEY_4)
2026-05-21 04:55:33,674 [INFO] [61/121] 연남동 (primary=KEY_1)
2026-05-21 04:55:34,950 [INFO] [62/121] 영등포 타임스퀘어 (primary=KEY_2)
2026-05-21 04:55:36,208 [INFO] [63/121] 용리단길 (primary=KEY_3)
2026-05-21 04:55:37,321 [INFO] [64/121] 이태원 앤틱가구거리 (primary=KEY_4)
2026-05-21 04:55:38,417 [INFO] [65/121] 익선동 (primary=KEY_1)
2026-05-21 04:55:39,695 [INFO] [66/121] 인사동 (primary=KEY_2)
2026-05-21 04:55:41,164 [INFO] [67/121] 잠실롯데타워·석촌호수 (primary=KEY_3)
2026-05-21 04:55:42,816 [INFO] [68/121] 창동 신경제 중심지 (primary=KEY_4)
2026-05-21 04:55:44,432 [INFO] [69/121] 청담동 명품거리 (primary=KEY_1)
2026-05-21 04:55:45,766 [INFO] [70/121] 청량리 제기동 일대 전통시장 (primary=KEY_2)
2026-05-21 04:55:47,070 [INFO] [71/121] 해방촌·경리단길 (primary=KEY_3)
2026-05-21 04:55:48,164 [INFO] [72/121] DDP(동대문디자인플라자) (primary=KEY_4)
2026-05-21 04:55:49,447 [INFO] [73/121] DMC(디지털미디어시티) (primary=KEY_1)
2026-05-21 04:55:51,143 [INFO] [74/121] 가산디지털단지역 (primary=KEY_2)
2026-05-21 04:55:52,932 [INFO] [75/121] 강남역 (primary=KEY_3)
2026-05-21 04:55:54,415 [INFO] [76/121] 건대입구역 (primary=KEY_4)
2026-05-21 04:55:55,690 [INFO] [77/121] 고덕역 (primary=KEY_1)
2026-05-21 04:55:56,948 [INFO] [78/121] 고속터미널역 (primary=KEY_2)
2026-05-21 04:55:58,248 [INFO] [79/121] 교대역 (primary=KEY_3)
2026-05-21 04:55:59,352 [INFO] [80/121] 구로디지털단지역 (primary=KEY_4)
2026-05-21 04:56:00,975 [INFO] [81/121] 구로역 (primary=KEY_1)
2026-05-21 04:56:02,223 [INFO] [82/121] 군자역 (primary=KEY_2)
2026-05-21 04:56:03,478 [INFO] [83/121] 대림역 (primary=KEY_3)
2026-05-21 04:56:04,748 [INFO] [84/121] 동대문역 (primary=KEY_4)
2026-05-21 04:56:06,029 [INFO] [85/121] 뚝섬역 (primary=KEY_1)
2026-05-21 04:56:07,295 [INFO] [86/121] 미아사거리역 (primary=KEY_2)
2026-05-21 04:56:08,558 [INFO] [87/121] 발산역 (primary=KEY_3)
2026-05-21 04:56:10,006 [INFO] [88/121] 사당역 (primary=KEY_4)
2026-05-21 04:56:11,277 [INFO] [89/121] 삼각지역 (primary=KEY_1)
2026-05-21 04:56:12,363 [INFO] [90/121] 서울대입구역 (primary=KEY_2)
2026-05-21 04:56:13,618 [INFO] [91/121] 서울식물원·마곡나루역 (primary=KEY_3)
2026-05-21 04:56:15,084 [INFO] [92/121] 서울역 (primary=KEY_4)
2026-05-21 04:56:16,407 [INFO] [93/121] 선릉역 (primary=KEY_1)
2026-05-21 04:56:18,049 [INFO] [94/121] 성신여대입구역 (primary=KEY_2)
2026-05-21 04:56:19,154 [INFO] [95/121] 수유역 (primary=KEY_3)
2026-05-21 04:56:20,423 [INFO] [96/121] 숭례문 (primary=KEY_4)
2026-05-21 04:56:21,718 [INFO] [97/121] 시의회 앞 (primary=KEY_1)
2026-05-21 04:56:23,011 [INFO] [98/121] 신논현역·논현역 (primary=KEY_2)
2026-05-21 04:56:24,321 [INFO] [99/121] 신도림역 (primary=KEY_3)
2026-05-21 04:56:25,419 [INFO] [100/121] 신림역 (primary=KEY_4)
2026-05-21 04:56:26,534 [INFO] [101/121] 신정네거리역 (primary=KEY_1)
2026-05-21 04:56:27,821 [INFO] [102/121] 신촌·이대역 (primary=KEY_2)
2026-05-21 04:56:29,078 [INFO] [103/121] 쌍문역 (primary=KEY_3)
2026-05-21 04:56:30,344 [INFO] [104/121] 양재역 (primary=KEY_4)
2026-05-21 04:56:31,639 [INFO] [105/121] 역삼역 (primary=KEY_1)
2026-05-21 04:56:33,078 [INFO] [106/121] 연신내역 (primary=KEY_2)
2026-05-21 04:56:34,207 [INFO] [107/121] 오목교역·목동운동장 (primary=KEY_3)
2026-05-21 04:56:36,029 [INFO] [108/121] 왕십리역 (primary=KEY_4)
2026-05-21 04:56:37,332 [INFO] [109/121] 용산역 (primary=KEY_1)
2026-05-21 04:56:38,765 [INFO] [110/121] 이태원역 (primary=KEY_2)
2026-05-21 04:56:39,927 [INFO] [111/121] 잠실새내역 (primary=KEY_3)
2026-05-21 04:56:41,195 [INFO] [112/121] 잠실역 (primary=KEY_4)
2026-05-21 04:56:42,650 [INFO] [113/121] 장지역 (primary=KEY_1)
2026-05-21 04:56:44,100 [INFO] [114/121] 장한평역 (primary=KEY_2)
2026-05-21 04:56:45,372 [INFO] [115/121] 천호역 (primary=KEY_3)
2026-05-21 04:56:46,664 [INFO] [116/121] 총신대입구(이수)역 (primary=KEY_4)
2026-05-21 04:56:47,956 [INFO] [117/121] 충정로역 (primary=KEY_1)
2026-05-21 04:56:49,234 [INFO] [118/121] 합정역 (primary=KEY_2)
2026-05-21 04:56:50,534 [INFO] [119/121] 혜화역 (primary=KEY_3)
2026-05-21 04:56:51,818 [INFO] [120/121] 홍대입구역(2호선) (primary=KEY_4)
2026-05-21 04:56:53,111 [INFO] [121/121] 회기역 (primary=KEY_1)
2026-05-21 04:56:55,394 [INFO] === 수집 완료 | 성공 121, 실패 0 ===
2026-05-21 04:56:55,395 [INFO] 카테고리별 저장 결과:
2026-05-21 04:56:55,395 [INFO]    accident                  | 신규     1행 | 누적      4행 | 16컬럼
2026-05-21 04:56:55,395 [INFO]    area_meta                 | 신규   121행 | 누적    484행 | 5컬럼
2026-05-21 04:56:55,395 [INFO]    bike                      | 신규    11행 | 누적     44행 | 12컬럼
2026-05-21 04:56:55,395 [INFO]    bike_sbike_stts           | 신규   559행 | 누적   2236행 | 12컬럼
2026-05-21 04:56:55,395 [INFO]    bus                       | 신규     3행 | 누적     12행 | 11컬럼
2026-05-21 04:56:55,395 [INFO]    bus_bus_stn_stts          | 신규  1745행 | 누적   6980행 | 11컬럼
2026-05-21 04:56:55,395 [INFO]    charger                   | 신규     4행 | 누적     24행 | 15컬럼
2026-05-21 04:56:55,395 [INFO]    charger_charger_stts      | 신규  1874행 | 누적   7133행 | 15컬럼
2026-05-21 04:56:55,395 [INFO]    cmrcl                     | 신규    82행 | 누적    328행 | 20컬럼
2026-05-21 04:56:55,395 [INFO]    events                    | 신규    13행 | 누적     52행 | 14컬럼
2026-05-21 04:56:55,395 [INFO]    events_event_stts         | 신규   177행 | 누적    708행 | 14컬럼
2026-05-21 04:56:55,395 [INFO]    parking                   | 신규     6행 | 누적     24행 | 21컬럼
2026-05-21 04:56:55,395 [INFO]    parking_prk_stts          | 신규  1835행 | 누적   7340행 | 21컬럼
2026-05-21 04:56:55,395 [INFO]    ppltn                     | 신규   121행 | 누적    484행 | 26컬럼
2026-05-21 04:56:55,395 [INFO]    road                      | 신규   121행 | 누적    484행 | 21컬럼
2026-05-21 04:56:55,395 [INFO]    road_road_traffic_stts    | 신규  5246행 | 누적  20984행 | 17컬럼
2026-05-21 04:56:55,395 [INFO]    subway                    | 신규    38행 | 누적    152행 | 13컬럼
2026-05-21 04:56:55,395 [INFO]    subway_sub_stts           | 신규   183행 | 누적    732행 | 13컬럼
2026-05-21 04:56:55,395 [INFO]    weather                   | 신규   119행 | 누적    476행 | 29컬럼
2026-05-21 04:56:55,395 [INFO] 키별 사용량:
2026-05-21 04:56:55,395 [INFO]    🟢 KEY_1 (31/1000) 
2026-05-21 04:56:55,395 [INFO]    🟢 KEY_2 (30/1000) 
2026-05-21 04:56:55,395 [INFO]    🟢 KEY_3 (30/1000) 
2026-05-21 04:56:55,396 [INFO]    🟢 KEY_4 (30/1000) 
2026-05-21 05:52:59,791 [INFO] 등록된 키: 4개, 합산 한도 4,000건/일
2026-05-21 05:52:59,792 [INFO] POI 로드: 매뉴얼 v8.5 기준 fallback 121개 (121개 전체)
2026-05-21 05:52:59,792 [INFO] === 수집 시작 2026-05-21T05:52:59.792702+09:00 ===
2026-05-21 05:52:59,792 [INFO] 대상 장소: 121개 | API: citydata (통합)
2026-05-21 05:52:59,792 [INFO] 키 풀: 4/4 활성 | 오늘 사용 0/4000건
2026-05-21 05:52:59,793 [INFO]   [KEY_1] 담당 31장소
2026-05-21 05:52:59,793 [INFO]   [KEY_2] 담당 30장소
2026-05-21 05:52:59,793 [INFO]   [KEY_3] 담당 30장소
2026-05-21 05:52:59,793 [INFO]   [KEY_4] 담당 30장소
2026-05-21 05:52:59,793 [INFO] [1/121] 경복궁 (primary=KEY_1)
2026-05-21 05:53:01,745 [INFO] [2/121] 광화문·덕수궁 (primary=KEY_2)
2026-05-21 05:53:03,980 [INFO] [3/121] 보신각 (primary=KEY_3)
2026-05-21 05:53:05,926 [INFO] [4/121] 서울 암사동 유적 (primary=KEY_4)
2026-05-21 05:53:07,449 [INFO] [5/121] 창덕궁·종묘 (primary=KEY_1)
2026-05-21 05:53:09,231 [INFO] [6/121] 강남 MICE 관광특구 (primary=KEY_2)
2026-05-21 05:53:10,920 [INFO] [7/121] 동대문 관광특구 (primary=KEY_3)
2026-05-21 05:53:12,272 [INFO] [8/121] 명동 관광특구 (primary=KEY_4)
2026-05-21 05:53:13,784 [INFO] [9/121] 이태원 관광특구 (primary=KEY_1)
2026-05-21 05:53:15,762 [INFO] [10/121] 잠실 관광특구 (primary=KEY_2)
2026-05-21 05:53:17,921 [INFO] [11/121] 종로·청계 관광특구 (primary=KEY_3)
2026-05-21 05:53:19,348 [INFO] [12/121] 홍대 관광특구 (primary=KEY_4)
2026-05-21 05:53:20,805 [INFO] [13/121] 강서한강공원 (primary=KEY_1)
2026-05-21 05:53:21,787 [INFO] [14/121] 고척돔 (primary=KEY_2)
2026-05-21 05:53:22,909 [INFO] [15/121] 광나루한강공원 (primary=KEY_3)
2026-05-21 05:53:24,069 [INFO] [16/121] 광화문광장 (primary=KEY_4)
2026-05-21 05:53:25,200 [INFO] [17/121] 국립중앙박물관·용산가족공원 (primary=KEY_1)
2026-05-21 05:53:26,198 [INFO] [18/121] 난지한강공원 (primary=KEY_2)
2026-05-21 05:53:27,833 [INFO] [19/121] 남산공원 (primary=KEY_3)
2026-05-21 05:53:29,146 [INFO] [20/121] 노들섬 (primary=KEY_4)
2026-05-21 05:53:30,917 [INFO] [21/121] 뚝섬한강공원 (primary=KEY_1)
2026-05-21 05:53:31,897 [INFO] [22/121] 망원한강공원 (primary=KEY_2)
2026-05-21 05:53:33,036 [INFO] [23/121] 반포한강공원 (primary=KEY_3)
2026-05-21 05:53:34,847 [INFO] [24/121] 보라매공원 (primary=KEY_4)
2026-05-21 05:53:35,859 [INFO] [25/121] 북서울꿈의숲 (primary=KEY_1)
2026-05-21 05:53:37,565 [INFO] [26/121] 서대문독립공원 (primary=KEY_2)
2026-05-21 05:53:38,550 [INFO] [27/121] 서리풀공원·몽마르뜨공원 (primary=KEY_3)
2026-05-21 05:53:39,702 [INFO] [28/121] 서울대공원 (primary=KEY_4)
2026-05-21 05:53:40,680 [INFO] [29/121] 서울숲공원 (primary=KEY_1)
2026-05-21 05:53:41,811 [INFO] [30/121] 송현녹지광장 (primary=KEY_2)
2026-05-21 05:53:42,941 [INFO] [31/121] 아차산 (primary=KEY_3)
2026-05-21 05:53:43,905 [INFO] [32/121] 안양천 (primary=KEY_4)
2026-05-21 05:53:44,868 [INFO] [33/121] 양화한강공원 (primary=KEY_1)
2026-05-21 05:53:45,848 [INFO] [34/121] 어린이대공원 (primary=KEY_2)
2026-05-21 05:53:47,176 [INFO] [35/121] 여의도한강공원 (primary=KEY_3)
2026-05-21 05:53:48,287 [INFO] [36/121] 여의서로 (primary=KEY_4)
2026-05-21 05:53:49,402 [INFO] [37/121] 올림픽공원 (primary=KEY_1)
2026-05-21 05:53:50,693 [INFO] [38/121] 월드컵공원 (primary=KEY_2)
2026-05-21 05:53:51,977 [INFO] [39/121] 응봉산 (primary=KEY_3)
2026-05-21 05:53:53,088 [INFO] [40/121] 이촌한강공원 (primary=KEY_4)
2026-05-21 05:53:54,080 [INFO] [41/121] 잠실종합운동장 (primary=KEY_1)
2026-05-21 05:53:55,059 [INFO] [42/121] 잠실한강공원 (primary=KEY_2)
2026-05-21 05:53:56,098 [INFO] [43/121] 잠원한강공원 (primary=KEY_3)
2026-05-21 05:53:57,078 [INFO] [44/121] 청계산 (primary=KEY_4)
2026-05-21 05:53:58,042 [INFO] [45/121] 홍제폭포 (primary=KEY_1)
2026-05-21 05:53:59,001 [INFO] [46/121] 가락시장 (primary=KEY_2)
2026-05-21 05:54:00,146 [INFO] [47/121] 가로수길 (primary=KEY_3)
2026-05-21 05:54:01,351 [INFO] [48/121] 광장(전통)시장 (primary=KEY_4)
2026-05-21 05:54:02,341 [INFO] [49/121] 김포공항 (primary=KEY_1)
2026-05-21 05:54:03,656 [INFO] [50/121] 남대문시장 (primary=KEY_2)
2026-05-21 05:54:05,580 [INFO] [51/121] 노량진 (primary=KEY_3)
2026-05-21 05:54:07,581 [INFO] [52/121] 덕수궁길·정동길 (primary=KEY_4)
2026-05-21 05:54:08,976 [INFO] [53/121] 북창동 먹자골목 (primary=KEY_1)
2026-05-21 05:54:10,091 [INFO] [54/121] 북촌한옥마을 (primary=KEY_2)
2026-05-21 05:54:11,364 [INFO] [55/121] 서촌 (primary=KEY_3)
2026-05-21 05:54:12,479 [INFO] [56/121] 성수카페거리 (primary=KEY_4)
2026-05-21 05:54:13,827 [INFO] [57/121] 송리단길·호수단길 (primary=KEY_1)
2026-05-21 05:54:16,963 [INFO] [58/121] 신촌 스타광장 (primary=KEY_2)
2026-05-21 05:54:17,966 [INFO] [59/121] 압구정로데오거리 (primary=KEY_3)
2026-05-21 05:54:19,106 [INFO] [60/121] 여의도 (primary=KEY_4)
2026-05-21 05:54:20,933 [INFO] [61/121] 연남동 (primary=KEY_1)
2026-05-21 05:54:22,129 [INFO] [62/121] 영등포 타임스퀘어 (primary=KEY_2)
2026-05-21 05:54:23,257 [INFO] [63/121] 용리단길 (primary=KEY_3)
2026-05-21 05:54:24,792 [INFO] [64/121] 이태원 앤틱가구거리 (primary=KEY_4)
2026-05-21 05:54:25,795 [INFO] [65/121] 익선동 (primary=KEY_1)
2026-05-21 05:54:26,937 [INFO] [66/121] 인사동 (primary=KEY_2)
2026-05-21 05:54:28,236 [INFO] [67/121] 잠실롯데타워·석촌호수 (primary=KEY_3)
2026-05-21 05:54:29,693 [INFO] [68/121] 창동 신경제 중심지 (primary=KEY_4)
2026-05-21 05:54:31,136 [INFO] [69/121] 청담동 명품거리 (primary=KEY_1)
2026-05-21 05:54:32,284 [INFO] [70/121] 청량리 제기동 일대 전통시장 (primary=KEY_2)
2026-05-21 05:54:33,422 [INFO] [71/121] 해방촌·경리단길 (primary=KEY_3)
2026-05-21 05:54:34,406 [INFO] [72/121] DDP(동대문디자인플라자) (primary=KEY_4)
2026-05-21 05:54:35,674 [INFO] [73/121] DMC(디지털미디어시티) (primary=KEY_1)
2026-05-21 05:54:37,145 [INFO] [74/121] 가산디지털단지역 (primary=KEY_2)
2026-05-21 05:54:38,704 [INFO] [75/121] 강남역 (primary=KEY_3)
2026-05-21 05:54:40,026 [INFO] [76/121] 건대입구역 (primary=KEY_4)
2026-05-21 05:54:41,176 [INFO] [77/121] 고덕역 (primary=KEY_1)
2026-05-21 05:54:42,314 [INFO] [78/121] 고속터미널역 (primary=KEY_2)
2026-05-21 05:54:43,482 [INFO] [79/121] 교대역 (primary=KEY_3)
2026-05-21 05:54:44,696 [INFO] [80/121] 구로디지털단지역 (primary=KEY_4)
2026-05-21 05:54:45,973 [INFO] [81/121] 구로역 (primary=KEY_1)
2026-05-21 05:54:47,346 [INFO] [82/121] 군자역 (primary=KEY_2)
2026-05-21 05:54:48,502 [INFO] [83/121] 대림역 (primary=KEY_3)
2026-05-21 05:54:49,647 [INFO] [84/121] 동대문역 (primary=KEY_4)
2026-05-21 05:54:50,809 [INFO] [85/121] 뚝섬역 (primary=KEY_1)
2026-05-21 05:54:51,967 [INFO] [86/121] 미아사거리역 (primary=KEY_2)
2026-05-21 05:54:53,106 [INFO] [87/121] 발산역 (primary=KEY_3)
2026-05-21 05:54:54,527 [INFO] [88/121] 사당역 (primary=KEY_4)
2026-05-21 05:54:55,672 [INFO] [89/121] 삼각지역 (primary=KEY_1)
2026-05-21 05:54:56,684 [INFO] [90/121] 서울대입구역 (primary=KEY_2)
2026-05-21 05:54:57,838 [INFO] [91/121] 서울식물원·마곡나루역 (primary=KEY_3)
2026-05-21 05:54:59,149 [INFO] [92/121] 서울역 (primary=KEY_4)
2026-05-21 05:55:00,507 [INFO] [93/121] 선릉역 (primary=KEY_1)
2026-05-21 05:55:03,660 [INFO] [94/121] 성신여대입구역 (primary=KEY_2)
2026-05-21 05:55:04,657 [INFO] [95/121] 수유역 (primary=KEY_3)
2026-05-21 05:55:05,808 [INFO] [96/121] 숭례문 (primary=KEY_4)
2026-05-21 05:55:06,958 [INFO] [97/121] 시의회 앞 (primary=KEY_1)
2026-05-21 05:55:08,151 [INFO] [98/121] 신논현역·논현역 (primary=KEY_2)
2026-05-21 05:55:09,308 [INFO] [99/121] 신도림역 (primary=KEY_3)
2026-05-21 05:55:10,541 [INFO] [100/121] 신림역 (primary=KEY_4)
2026-05-21 05:55:11,541 [INFO] [101/121] 신정네거리역 (primary=KEY_1)
2026-05-21 05:55:12,651 [INFO] [102/121] 신촌·이대역 (primary=KEY_2)
2026-05-21 05:55:13,785 [INFO] [103/121] 쌍문역 (primary=KEY_3)
2026-05-21 05:55:14,962 [INFO] [104/121] 양재역 (primary=KEY_4)
2026-05-21 05:55:16,099 [INFO] [105/121] 역삼역 (primary=KEY_1)
2026-05-21 05:55:18,187 [INFO] [106/121] 연신내역 (primary=KEY_2)
2026-05-21 05:55:19,201 [INFO] [107/121] 오목교역·목동운동장 (primary=KEY_3)
2026-05-21 05:55:20,765 [INFO] [108/121] 왕십리역 (primary=KEY_4)
2026-05-21 05:55:22,082 [INFO] [109/121] 용산역 (primary=KEY_1)
2026-05-21 05:55:23,383 [INFO] [110/121] 이태원역 (primary=KEY_2)
2026-05-21 05:55:24,428 [INFO] [111/121] 잠실새내역 (primary=KEY_3)
2026-05-21 05:55:25,586 [INFO] [112/121] 잠실역 (primary=KEY_4)
2026-05-21 05:55:26,867 [INFO] [113/121] 장지역 (primary=KEY_1)
2026-05-21 05:55:28,197 [INFO] [114/121] 장한평역 (primary=KEY_2)
2026-05-21 05:55:29,343 [INFO] [115/121] 천호역 (primary=KEY_3)
2026-05-21 05:55:30,544 [INFO] [116/121] 총신대입구(이수)역 (primary=KEY_4)
2026-05-21 05:55:31,675 [INFO] [117/121] 충정로역 (primary=KEY_1)
2026-05-21 05:55:32,811 [INFO] [118/121] 합정역 (primary=KEY_2)
2026-05-21 05:55:33,935 [INFO] [119/121] 혜화역 (primary=KEY_3)
2026-05-21 05:55:35,053 [INFO] [120/121] 홍대입구역(2호선) (primary=KEY_4)
2026-05-21 05:55:36,185 [INFO] [121/121] 회기역 (primary=KEY_1)
2026-05-21 05:55:38,501 [INFO] === 수집 완료 | 성공 121, 실패 0 ===
2026-05-21 05:55:38,501 [INFO] 카테고리별 저장 결과:
2026-05-21 05:55:38,501 [INFO]    accident                  | 신규     1행 | 누적      5행 | 16컬럼
2026-05-21 05:55:38,501 [INFO]    area_meta                 | 신규   121행 | 누적    605행 | 5컬럼
2026-05-21 05:55:38,501 [INFO]    bike                      | 신규    11행 | 누적     55행 | 12컬럼
2026-05-21 05:55:38,501 [INFO]    bike_sbike_stts           | 신규   559행 | 누적   2795행 | 12컬럼
2026-05-21 05:55:38,501 [INFO]    bus                       | 신규     3행 | 누적     15행 | 11컬럼
2026-05-21 05:55:38,502 [INFO]    bus_bus_stn_stts          | 신규  1745행 | 누적   8725행 | 11컬럼
2026-05-21 05:55:38,502 [INFO]    charger                   | 신규     4행 | 누적     28행 | 15컬럼
2026-05-21 05:55:38,502 [INFO]    charger_charger_stts      | 신규  1874행 | 누적   8992행 | 15컬럼
2026-05-21 05:55:38,502 [INFO]    cmrcl                     | 신규    82행 | 누적    410행 | 20컬럼
2026-05-21 05:55:38,502 [INFO]    events                    | 신규    13행 | 누적     65행 | 14컬럼
2026-05-21 05:55:38,502 [INFO]    events_event_stts         | 신규   174행 | 누적    882행 | 14컬럼
2026-05-21 05:55:38,502 [INFO]    parking                   | 신규     6행 | 누적     30행 | 21컬럼
2026-05-21 05:55:38,502 [INFO]    parking_prk_stts          | 신규  1835행 | 누적   9175행 | 21컬럼
2026-05-21 05:55:38,502 [INFO]    ppltn                     | 신규   121행 | 누적    605행 | 26컬럼
2026-05-21 05:55:38,502 [INFO]    road                      | 신규   121행 | 누적    605행 | 21컬럼
2026-05-21 05:55:38,502 [INFO]    road_road_traffic_stts    | 신규  5246행 | 누적  26230행 | 17컬럼
2026-05-21 05:55:38,502 [INFO]    subway                    | 신규    38행 | 누적    190행 | 13컬럼
2026-05-21 05:55:38,502 [INFO]    subway_sub_stts           | 신규   183행 | 누적    915행 | 13컬럼
2026-05-21 05:55:38,502 [INFO]    weather                   | 신규   119행 | 누적    595행 | 29컬럼
2026-05-21 05:55:38,502 [INFO] 키별 사용량:
2026-05-21 05:55:38,502 [INFO]    🟢 KEY_1 (31/1000) 
2026-05-21 05:55:38,502 [INFO]    🟢 KEY_2 (30/1000) 
2026-05-21 05:55:38,503 [INFO]    🟢 KEY_3 (30/1000) 
2026-05-21 05:55:38,503 [INFO]    🟢 KEY_4 (30/1000) 
