2026-05-13 00:07:48,003 [INFO] 등록된 키: 3개, 합산 한도 3,000건/일
2026-05-13 00:07:48,004 [INFO] POI 로드: 매뉴얼 v8.5 기준 fallback 121개 (121개 전체)
2026-05-13 00:07:48,004 [INFO] === 수집 시작 2026-05-13T00:07:48.004574+09:00 ===
2026-05-13 00:07:48,004 [INFO] 대상 장소: 121개 | API: citydata (통합)
2026-05-13 00:07:48,004 [INFO] 키 풀: 3/3 활성 | 오늘 사용 0/3000건
2026-05-13 00:07:48,004 [INFO]   [KEY_1] 담당 41장소
2026-05-13 00:07:48,004 [INFO]   [KEY_2] 담당 40장소
2026-05-13 00:07:48,005 [INFO]   [KEY_3] 담당 40장소
2026-05-13 00:07:48,005 [INFO] [1/121] 경복궁 (primary=KEY_1)
2026-05-13 00:07:49,947 [INFO] [2/121] 광화문·덕수궁 (primary=KEY_2)
2026-05-13 00:07:51,906 [INFO] [3/121] 보신각 (primary=KEY_3)
2026-05-13 00:07:53,616 [INFO] [4/121] 서울 암사동 유적 (primary=KEY_1)
2026-05-13 00:07:54,587 [INFO] [5/121] 창덕궁·종묘 (primary=KEY_2)
2026-05-13 00:07:56,250 [INFO] [6/121] 강남 MICE 관광특구 (primary=KEY_3)
2026-05-13 00:07:57,943 [INFO] [7/121] 동대문 관광특구 (primary=KEY_1)
2026-05-13 00:08:00,122 [INFO] [8/121] 명동 관광특구 (primary=KEY_2)
2026-05-13 00:08:02,279 [INFO] [9/121] 이태원 관광특구 (primary=KEY_3)
2026-05-13 00:08:03,403 [INFO] [10/121] 잠실 관광특구 (primary=KEY_1)
2026-05-13 00:08:04,772 [INFO] [11/121] 종로·청계 관광특구 (primary=KEY_2)
2026-05-13 00:08:06,676 [INFO] [12/121] 홍대 관광특구 (primary=KEY_3)
2026-05-13 00:08:08,536 [INFO] [13/121] 강서한강공원 (primary=KEY_1)
2026-05-13 00:08:09,515 [INFO] [14/121] 고척돔 (primary=KEY_2)
2026-05-13 00:08:11,316 [INFO] [15/121] 광나루한강공원 (primary=KEY_3)
2026-05-13 00:08:12,970 [INFO] [16/121] 광화문광장 (primary=KEY_1)
2026-05-13 00:08:14,126 [INFO] [17/121] 국립중앙박물관·용산가족공원 (primary=KEY_2)
2026-05-13 00:08:15,120 [INFO] [18/121] 난지한강공원 (primary=KEY_3)
2026-05-13 00:08:16,226 [INFO] [19/121] 남산공원 (primary=KEY_1)
2026-05-13 00:08:17,512 [INFO] [20/121] 노들섬 (primary=KEY_2)
2026-05-13 00:08:18,493 [INFO] [21/121] 뚝섬한강공원 (primary=KEY_3)
2026-05-13 00:08:20,036 [INFO] [22/121] 망원한강공원 (primary=KEY_1)
2026-05-13 00:08:21,199 [INFO] [23/121] 반포한강공원 (primary=KEY_2)
2026-05-13 00:08:22,194 [INFO] [24/121] 보라매공원 (primary=KEY_3)
2026-05-13 00:08:23,218 [INFO] [25/121] 북서울꿈의숲 (primary=KEY_1)
2026-05-13 00:08:24,210 [INFO] [26/121] 서대문독립공원 (primary=KEY_2)
2026-05-13 00:08:25,194 [INFO] [27/121] 서리풀공원·몽마르뜨공원 (primary=KEY_3)
2026-05-13 00:08:26,218 [INFO] [28/121] 서울대공원 (primary=KEY_1)
2026-05-13 00:08:27,174 [INFO] [29/121] 서울숲공원 (primary=KEY_2)
2026-05-13 00:08:28,297 [INFO] [30/121] 송현녹지광장 (primary=KEY_3)
2026-05-13 00:08:29,418 [INFO] [31/121] 아차산 (primary=KEY_1)
2026-05-13 00:08:30,390 [INFO] [32/121] 안양천 (primary=KEY_2)
2026-05-13 00:08:31,358 [INFO] [33/121] 양화한강공원 (primary=KEY_3)
2026-05-13 00:08:32,343 [INFO] [34/121] 어린이대공원 (primary=KEY_1)
2026-05-13 00:08:33,348 [INFO] [35/121] 여의도한강공원 (primary=KEY_2)
2026-05-13 00:08:34,469 [INFO] [36/121] 여의서로 (primary=KEY_3)
2026-05-13 00:08:35,444 [INFO] [37/121] 올림픽공원 (primary=KEY_1)
2026-05-13 00:08:36,605 [INFO] [38/121] 월드컵공원 (primary=KEY_2)
2026-05-13 00:08:37,914 [INFO] [39/121] 응봉산 (primary=KEY_3)
2026-05-13 00:08:39,014 [INFO] [40/121] 이촌한강공원 (primary=KEY_1)
2026-05-13 00:08:39,987 [INFO] [41/121] 잠실종합운동장 (primary=KEY_2)
2026-05-13 00:08:40,968 [INFO] [42/121] 잠실한강공원 (primary=KEY_3)
2026-05-13 00:08:41,943 [INFO] [43/121] 잠원한강공원 (primary=KEY_1)
2026-05-13 00:08:42,915 [INFO] [44/121] 청계산 (primary=KEY_2)
2026-05-13 00:08:43,891 [INFO] [45/121] 홍제폭포 (primary=KEY_3)
2026-05-13 00:08:44,861 [INFO] [46/121] 가락시장 (primary=KEY_1)
2026-05-13 00:08:46,038 [INFO] [47/121] 가로수길 (primary=KEY_2)
2026-05-13 00:08:47,210 [INFO] [48/121] 광장(전통)시장 (primary=KEY_3)
2026-05-13 00:08:48,216 [INFO] [49/121] 김포공항 (primary=KEY_1)
2026-05-13 00:08:49,368 [INFO] [50/121] 남대문시장 (primary=KEY_2)
2026-05-13 00:08:50,366 [INFO] [51/121] 노량진 (primary=KEY_3)
2026-05-13 00:08:51,378 [INFO] [52/121] 덕수궁길·정동길 (primary=KEY_1)
2026-05-13 00:08:52,543 [INFO] [53/121] 북창동 먹자골목 (primary=KEY_2)
2026-05-13 00:08:53,527 [INFO] [54/121] 북촌한옥마을 (primary=KEY_3)
2026-05-13 00:08:54,671 [INFO] [55/121] 서촌 (primary=KEY_1)
2026-05-13 00:08:55,809 [INFO] [56/121] 성수카페거리 (primary=KEY_2)
2026-05-13 00:08:56,961 [INFO] [57/121] 송리단길·호수단길 (primary=KEY_3)
2026-05-13 00:08:58,126 [INFO] [58/121] 신촌 스타광장 (primary=KEY_1)
2026-05-13 00:08:59,925 [INFO] [59/121] 압구정로데오거리 (primary=KEY_2)
2026-05-13 00:09:01,062 [INFO] [60/121] 여의도 (primary=KEY_3)
2026-05-13 00:09:02,683 [INFO] [61/121] 연남동 (primary=KEY_1)
2026-05-13 00:09:03,801 [INFO] [62/121] 영등포 타임스퀘어 (primary=KEY_2)
2026-05-13 00:09:04,907 [INFO] [63/121] 용리단길 (primary=KEY_3)
2026-05-13 00:09:05,940 [INFO] [64/121] 이태원 앤틱가구거리 (primary=KEY_1)
2026-05-13 00:09:06,926 [INFO] [65/121] 익선동 (primary=KEY_2)
2026-05-13 00:09:08,733 [INFO] [66/121] 인사동 (primary=KEY_3)
2026-05-13 00:09:09,891 [INFO] [67/121] 잠실롯데타워·석촌호수 (primary=KEY_1)
2026-05-13 00:09:11,067 [INFO] [68/121] 창동 신경제 중심지 (primary=KEY_2)
2026-05-13 00:09:12,366 [INFO] [69/121] 청담동 명품거리 (primary=KEY_3)
2026-05-13 00:09:14,185 [INFO] [70/121] 청량리 제기동 일대 전통시장 (primary=KEY_1)
2026-05-13 00:09:15,878 [INFO] [71/121] 해방촌·경리단길 (primary=KEY_2)
2026-05-13 00:09:17,408 [INFO] [72/121] DDP(동대문디자인플라자) (primary=KEY_3)
2026-05-13 00:09:19,143 [INFO] [73/121] DMC(디지털미디어시티) (primary=KEY_1)
2026-05-13 00:09:20,986 [INFO] [74/121] 가산디지털단지역 (primary=KEY_2)
2026-05-13 00:09:23,045 [INFO] [75/121] 강남역 (primary=KEY_3)
2026-05-13 00:09:24,329 [INFO] [76/121] 건대입구역 (primary=KEY_1)
2026-05-13 00:09:25,491 [INFO] [77/121] 고덕역 (primary=KEY_2)
2026-05-13 00:09:26,752 [INFO] [78/121] 고속터미널역 (primary=KEY_3)
2026-05-13 00:09:27,755 [INFO] [79/121] 교대역 (primary=KEY_1)
2026-05-13 00:09:28,748 [INFO] [80/121] 구로디지털단지역 (primary=KEY_2)
2026-05-13 00:09:30,555 [INFO] [81/121] 구로역 (primary=KEY_3)
2026-05-13 00:09:32,092 [INFO] [82/121] 군자역 (primary=KEY_1)
2026-05-13 00:09:33,907 [INFO] [83/121] 대림역 (primary=KEY_2)
2026-05-13 00:09:35,035 [INFO] [84/121] 동대문역 (primary=KEY_3)
2026-05-13 00:09:36,163 [INFO] [85/121] 뚝섬역 (primary=KEY_1)
2026-05-13 00:09:37,326 [INFO] [86/121] 미아사거리역 (primary=KEY_2)
2026-05-13 00:09:38,991 [INFO] [87/121] 발산역 (primary=KEY_3)
2026-05-13 00:09:41,079 [INFO] [88/121] 사당역 (primary=KEY_1)
2026-05-13 00:09:42,223 [INFO] [89/121] 삼각지역 (primary=KEY_2)
2026-05-13 00:09:43,225 [INFO] [90/121] 서울대입구역 (primary=KEY_3)
2026-05-13 00:09:44,767 [INFO] [91/121] 서울식물원·마곡나루역 (primary=KEY_1)
2026-05-13 00:09:45,912 [INFO] [92/121] 서울역 (primary=KEY_2)
2026-05-13 00:09:47,106 [INFO] [93/121] 선릉역 (primary=KEY_3)
2026-05-13 00:09:48,419 [INFO] [94/121] 성신여대입구역 (primary=KEY_1)
2026-05-13 00:09:49,429 [INFO] [95/121] 수유역 (primary=KEY_2)
2026-05-13 00:09:50,558 [INFO] [96/121] 숭례문 (primary=KEY_3)
2026-05-13 00:09:51,721 [INFO] [97/121] 시의회 앞 (primary=KEY_1)
2026-05-13 00:09:52,867 [INFO] [98/121] 신논현역·논현역 (primary=KEY_2)
2026-05-13 00:09:54,022 [INFO] [99/121] 신도림역 (primary=KEY_3)
2026-05-13 00:09:55,030 [INFO] [100/121] 신림역 (primary=KEY_1)
2026-05-13 00:09:56,039 [INFO] [101/121] 신정네거리역 (primary=KEY_2)
2026-05-13 00:09:57,025 [INFO] [102/121] 신촌·이대역 (primary=KEY_3)
2026-05-13 00:09:58,707 [INFO] [103/121] 쌍문역 (primary=KEY_1)
2026-05-13 00:09:59,700 [INFO] [104/121] 양재역 (primary=KEY_2)
2026-05-13 00:10:00,835 [INFO] [105/121] 역삼역 (primary=KEY_3)
2026-05-13 00:10:01,958 [INFO] [106/121] 연신내역 (primary=KEY_1)
2026-05-13 00:10:02,948 [INFO] [107/121] 오목교역·목동운동장 (primary=KEY_2)
2026-05-13 00:10:04,347 [INFO] [108/121] 왕십리역 (primary=KEY_3)
2026-05-13 00:10:05,505 [INFO] [109/121] 용산역 (primary=KEY_1)
2026-05-13 00:10:06,641 [INFO] [110/121] 이태원역 (primary=KEY_2)
2026-05-13 00:10:07,616 [INFO] [111/121] 잠실새내역 (primary=KEY_3)
2026-05-13 00:10:08,741 [INFO] [112/121] 잠실역 (primary=KEY_1)
2026-05-13 00:10:09,868 [INFO] [113/121] 장지역 (primary=KEY_2)
2026-05-13 00:10:11,019 [INFO] [114/121] 장한평역 (primary=KEY_3)
2026-05-13 00:10:12,153 [INFO] [115/121] 천호역 (primary=KEY_1)
2026-05-13 00:10:14,026 [INFO] [116/121] 총신대입구(이수)역 (primary=KEY_2)
2026-05-13 00:10:15,157 [INFO] [117/121] 충정로역 (primary=KEY_3)
2026-05-13 00:10:16,280 [INFO] [118/121] 합정역 (primary=KEY_1)
2026-05-13 00:10:17,400 [INFO] [119/121] 혜화역 (primary=KEY_2)
2026-05-13 00:10:18,532 [INFO] [120/121] 홍대입구역(2호선) (primary=KEY_3)
2026-05-13 00:10:19,570 [INFO] [121/121] 회기역 (primary=KEY_1)
2026-05-13 00:10:21,102 [INFO] === 수집 완료 | 성공 121, 실패 0 ===
2026-05-13 00:10:21,102 [INFO] 카테고리별 저장 결과:
2026-05-13 00:10:21,102 [INFO]    accident                  | 신규     2행 | 누적      2행 | 16컬럼
2026-05-13 00:10:21,102 [INFO]    area_meta                 | 신규   121행 | 누적    121행 | 5컬럼
2026-05-13 00:10:21,102 [INFO]    bike                      | 신규    11행 | 누적     11행 | 12컬럼
2026-05-13 00:10:21,102 [INFO]    bike_sbike_stts           | 신규   559행 | 누적    559행 | 12컬럼
2026-05-13 00:10:21,102 [INFO]    bus                       | 신규     3행 | 누적      3행 | 11컬럼
2026-05-13 00:10:21,102 [INFO]    bus_bus_stn_stts          | 신규  1745행 | 누적   1745행 | 11컬럼
2026-05-13 00:10:21,102 [INFO]    charger                   | 신규    25행 | 누적     25행 | 15컬럼
2026-05-13 00:10:21,102 [INFO]    charger_charger_stts      | 신규   324행 | 누적    324행 | 15컬럼
2026-05-13 00:10:21,102 [INFO]    cmrcl                     | 신규    82행 | 누적     82행 | 20컬럼
2026-05-13 00:10:21,103 [INFO]    events                    | 신규    13행 | 누적     13행 | 14컬럼
2026-05-13 00:10:21,103 [INFO]    events_event_stts         | 신규   168행 | 누적    168행 | 14컬럼
2026-05-13 00:10:21,103 [INFO]    news                      | 신규     1행 | 누적      1행 | 10컬럼
2026-05-13 00:10:21,103 [INFO]    parking                   | 신규     6행 | 누적      6행 | 21컬럼
2026-05-13 00:10:21,103 [INFO]    parking_prk_stts          | 신규  1835행 | 누적   1835행 | 21컬럼
2026-05-13 00:10:21,103 [INFO]    ppltn                     | 신규   121행 | 누적    121행 | 26컬럼
2026-05-13 00:10:21,103 [INFO]    road                      | 신규   121행 | 누적    121행 | 21컬럼
2026-05-13 00:10:21,103 [INFO]    road_road_traffic_stts    | 신규  5235행 | 누적   5235행 | 17컬럼
2026-05-13 00:10:21,103 [INFO]    subway                    | 신규    38행 | 누적     38행 | 12컬럼
2026-05-13 00:10:21,103 [INFO]    subway_sub_stts           | 신규   183행 | 누적    183행 | 13컬럼
2026-05-13 00:10:21,103 [INFO]    weather                   | 신규   119행 | 누적    119행 | 30컬럼
2026-05-13 00:10:21,103 [INFO] 키별 사용량:
2026-05-13 00:10:21,103 [INFO]    🟢 KEY_1 (41/1000) 
2026-05-13 00:10:21,103 [INFO]    🟢 KEY_2 (40/1000) 
2026-05-13 00:10:21,103 [INFO]    🟢 KEY_3 (40/1000) 
2026-05-13 02:48:59,581 [INFO] 등록된 키: 3개, 합산 한도 3,000건/일
2026-05-13 02:48:59,582 [INFO] POI 로드: 매뉴얼 v8.5 기준 fallback 121개 (121개 전체)
2026-05-13 02:48:59,582 [INFO] === 수집 시작 2026-05-13T02:48:59.582399+09:00 ===
2026-05-13 02:48:59,582 [INFO] 대상 장소: 121개 | API: citydata (통합)
2026-05-13 02:48:59,582 [INFO] 키 풀: 3/3 활성 | 오늘 사용 0/3000건
2026-05-13 02:48:59,582 [INFO]   [KEY_1] 담당 41장소
2026-05-13 02:48:59,582 [INFO]   [KEY_2] 담당 40장소
2026-05-13 02:48:59,582 [INFO]   [KEY_3] 담당 40장소
2026-05-13 02:48:59,582 [INFO] [1/121] 경복궁 (primary=KEY_1)
2026-05-13 02:49:01,183 [INFO] [2/121] 광화문·덕수궁 (primary=KEY_2)
2026-05-13 02:49:03,226 [INFO] [3/121] 보신각 (primary=KEY_3)
2026-05-13 02:49:04,946 [INFO] [4/121] 서울 암사동 유적 (primary=KEY_1)
2026-05-13 02:49:06,056 [INFO] [5/121] 창덕궁·종묘 (primary=KEY_2)
2026-05-13 02:49:07,741 [INFO] [6/121] 강남 MICE 관광특구 (primary=KEY_3)
2026-05-13 02:49:08,917 [INFO] [7/121] 동대문 관광특구 (primary=KEY_1)
2026-05-13 02:49:10,261 [INFO] [8/121] 명동 관광특구 (primary=KEY_2)
2026-05-13 02:49:12,355 [INFO] [9/121] 이태원 관광특구 (primary=KEY_3)
2026-05-13 02:49:14,073 [INFO] [10/121] 잠실 관광특구 (primary=KEY_1)
2026-05-13 02:49:16,168 [INFO] [11/121] 종로·청계 관광특구 (primary=KEY_2)
2026-05-13 02:49:17,507 [INFO] [12/121] 홍대 관광특구 (primary=KEY_3)
2026-05-13 02:49:18,865 [INFO] [13/121] 강서한강공원 (primary=KEY_1)
2026-05-13 02:49:19,846 [INFO] [14/121] 고척돔 (primary=KEY_2)
2026-05-13 02:49:20,832 [INFO] [15/121] 광나루한강공원 (primary=KEY_3)
2026-05-13 02:49:21,963 [INFO] [16/121] 광화문광장 (primary=KEY_1)
2026-05-13 02:49:23,110 [INFO] [17/121] 국립중앙박물관·용산가족공원 (primary=KEY_2)
2026-05-13 02:49:24,661 [INFO] [18/121] 난지한강공원 (primary=KEY_3)
2026-05-13 02:49:25,655 [INFO] [19/121] 남산공원 (primary=KEY_1)
2026-05-13 02:49:26,964 [INFO] [20/121] 노들섬 (primary=KEY_2)
2026-05-13 02:49:27,950 [INFO] [21/121] 뚝섬한강공원 (primary=KEY_3)
2026-05-13 02:49:28,934 [INFO] [22/121] 망원한강공원 (primary=KEY_1)
2026-05-13 02:49:30,066 [INFO] [23/121] 반포한강공원 (primary=KEY_2)
2026-05-13 02:49:31,076 [INFO] [24/121] 보라매공원 (primary=KEY_3)
2026-05-13 02:49:32,084 [INFO] [25/121] 북서울꿈의숲 (primary=KEY_1)
2026-05-13 02:49:33,241 [INFO] [26/121] 서대문독립공원 (primary=KEY_2)
2026-05-13 02:49:35,356 [INFO] [27/121] 서리풀공원·몽마르뜨공원 (primary=KEY_3)
2026-05-13 02:49:36,380 [INFO] [28/121] 서울대공원 (primary=KEY_1)
2026-05-13 02:49:37,379 [INFO] [29/121] 서울숲공원 (primary=KEY_2)
2026-05-13 02:49:38,532 [INFO] [30/121] 송현녹지광장 (primary=KEY_3)
2026-05-13 02:49:39,676 [INFO] [31/121] 아차산 (primary=KEY_1)
2026-05-13 02:49:40,661 [INFO] [32/121] 안양천 (primary=KEY_2)
2026-05-13 02:49:41,658 [INFO] [33/121] 양화한강공원 (primary=KEY_3)
2026-05-13 02:49:42,656 [INFO] [34/121] 어린이대공원 (primary=KEY_1)
2026-05-13 02:49:43,797 [INFO] [35/121] 여의도한강공원 (primary=KEY_2)
2026-05-13 02:49:44,933 [INFO] [36/121] 여의서로 (primary=KEY_3)
2026-05-13 02:49:46,061 [INFO] [37/121] 올림픽공원 (primary=KEY_1)
2026-05-13 02:49:47,231 [INFO] [38/121] 월드컵공원 (primary=KEY_2)
2026-05-13 02:49:48,565 [INFO] [39/121] 응봉산 (primary=KEY_3)
2026-05-13 02:49:49,716 [INFO] [40/121] 이촌한강공원 (primary=KEY_1)
2026-05-13 02:49:51,256 [INFO] [41/121] 잠실종합운동장 (primary=KEY_2)
2026-05-13 02:49:52,248 [INFO] [42/121] 잠실한강공원 (primary=KEY_3)
2026-05-13 02:49:53,244 [INFO] [43/121] 잠원한강공원 (primary=KEY_1)
2026-05-13 02:49:54,222 [INFO] [44/121] 청계산 (primary=KEY_2)
2026-05-13 02:49:55,197 [INFO] [45/121] 홍제폭포 (primary=KEY_3)
2026-05-13 02:49:56,178 [INFO] [46/121] 가락시장 (primary=KEY_1)
2026-05-13 02:49:57,340 [INFO] [47/121] 가로수길 (primary=KEY_2)
2026-05-13 02:49:58,534 [INFO] [48/121] 광장(전통)시장 (primary=KEY_3)
2026-05-13 02:49:59,560 [INFO] [49/121] 김포공항 (primary=KEY_1)
2026-05-13 02:50:00,757 [INFO] [50/121] 남대문시장 (primary=KEY_2)
2026-05-13 02:50:01,907 [INFO] [51/121] 노량진 (primary=KEY_3)
2026-05-13 02:50:03,078 [INFO] [52/121] 덕수궁길·정동길 (primary=KEY_1)
2026-05-13 02:50:04,239 [INFO] [53/121] 북창동 먹자골목 (primary=KEY_2)
2026-05-13 02:50:05,241 [INFO] [54/121] 북촌한옥마을 (primary=KEY_3)
2026-05-13 02:50:06,548 [INFO] [55/121] 서촌 (primary=KEY_1)
2026-05-13 02:50:07,670 [INFO] [56/121] 성수카페거리 (primary=KEY_2)
2026-05-13 02:50:08,964 [INFO] [57/121] 송리단길·호수단길 (primary=KEY_3)
2026-05-13 02:50:10,141 [INFO] [58/121] 신촌 스타광장 (primary=KEY_1)
2026-05-13 02:50:11,137 [INFO] [59/121] 압구정로데오거리 (primary=KEY_2)
2026-05-13 02:50:12,293 [INFO] [60/121] 여의도 (primary=KEY_3)
2026-05-13 02:50:14,147 [INFO] [61/121] 연남동 (primary=KEY_1)
2026-05-13 02:50:15,296 [INFO] [62/121] 영등포 타임스퀘어 (primary=KEY_2)
2026-05-13 02:50:16,437 [INFO] [63/121] 용리단길 (primary=KEY_3)
2026-05-13 02:50:17,478 [INFO] [64/121] 이태원 앤틱가구거리 (primary=KEY_1)
2026-05-13 02:50:18,506 [INFO] [65/121] 익선동 (primary=KEY_2)
2026-05-13 02:50:19,685 [INFO] [66/121] 인사동 (primary=KEY_3)
2026-05-13 02:50:20,977 [INFO] [67/121] 잠실롯데타워·석촌호수 (primary=KEY_1)
2026-05-13 02:50:22,475 [INFO] [68/121] 창동 신경제 중심지 (primary=KEY_2)
2026-05-13 02:50:23,804 [INFO] [69/121] 청담동 명품거리 (primary=KEY_3)
2026-05-13 02:50:24,980 [INFO] [70/121] 청량리 제기동 일대 전통시장 (primary=KEY_1)
2026-05-13 02:50:26,160 [INFO] [71/121] 해방촌·경리단길 (primary=KEY_2)
2026-05-13 02:50:27,178 [INFO] [72/121] DDP(동대문디자인플라자) (primary=KEY_3)
2026-05-13 02:50:28,375 [INFO] [73/121] DMC(디지털미디어시티) (primary=KEY_1)
2026-05-13 02:50:29,864 [INFO] [74/121] 가산디지털단지역 (primary=KEY_2)
2026-05-13 02:50:31,426 [INFO] [75/121] 강남역 (primary=KEY_3)
2026-05-13 02:50:32,753 [INFO] [76/121] 건대입구역 (primary=KEY_1)
2026-05-13 02:50:33,930 [INFO] [77/121] 고덕역 (primary=KEY_2)
2026-05-13 02:50:35,079 [INFO] [78/121] 고속터미널역 (primary=KEY_3)
2026-05-13 02:50:36,262 [INFO] [79/121] 교대역 (primary=KEY_1)
2026-05-13 02:50:37,299 [INFO] [80/121] 구로디지털단지역 (primary=KEY_2)
2026-05-13 02:50:38,717 [INFO] [81/121] 구로역 (primary=KEY_3)
2026-05-13 02:50:39,837 [INFO] [82/121] 군자역 (primary=KEY_1)
2026-05-13 02:50:40,834 [INFO] [83/121] 대림역 (primary=KEY_2)
2026-05-13 02:50:41,980 [INFO] [84/121] 동대문역 (primary=KEY_3)
2026-05-13 02:50:43,132 [INFO] [85/121] 뚝섬역 (primary=KEY_1)
2026-05-13 02:50:44,267 [INFO] [86/121] 미아사거리역 (primary=KEY_2)
2026-05-13 02:50:45,415 [INFO] [87/121] 발산역 (primary=KEY_3)
2026-05-13 02:50:46,846 [INFO] [88/121] 사당역 (primary=KEY_1)
2026-05-13 02:50:47,990 [INFO] [89/121] 삼각지역 (primary=KEY_2)
2026-05-13 02:50:48,993 [INFO] [90/121] 서울대입구역 (primary=KEY_3)
2026-05-13 02:50:50,150 [INFO] [91/121] 서울식물원·마곡나루역 (primary=KEY_1)
2026-05-13 02:50:51,466 [INFO] [92/121] 서울역 (primary=KEY_2)
2026-05-13 02:50:52,645 [INFO] [93/121] 선릉역 (primary=KEY_3)
2026-05-13 02:50:54,125 [INFO] [94/121] 성신여대입구역 (primary=KEY_1)
2026-05-13 02:50:55,162 [INFO] [95/121] 수유역 (primary=KEY_2)
2026-05-13 02:50:56,293 [INFO] [96/121] 숭례문 (primary=KEY_3)
2026-05-13 02:50:57,609 [INFO] [97/121] 시의회 앞 (primary=KEY_1)
2026-05-13 02:50:58,763 [INFO] [98/121] 신논현역·논현역 (primary=KEY_2)
2026-05-13 02:50:59,979 [INFO] [99/121] 신도림역 (primary=KEY_3)
2026-05-13 02:51:01,004 [INFO] [100/121] 신림역 (primary=KEY_1)
2026-05-13 02:51:02,006 [INFO] [101/121] 신정네거리역 (primary=KEY_2)
2026-05-13 02:51:03,143 [INFO] [102/121] 신촌·이대역 (primary=KEY_3)
2026-05-13 02:51:04,302 [INFO] [103/121] 쌍문역 (primary=KEY_1)
2026-05-13 02:51:05,435 [INFO] [104/121] 양재역 (primary=KEY_2)
2026-05-13 02:51:06,597 [INFO] [105/121] 역삼역 (primary=KEY_3)
2026-05-13 02:51:07,912 [INFO] [106/121] 연신내역 (primary=KEY_1)
2026-05-13 02:51:08,948 [INFO] [107/121] 오목교역·목동운동장 (primary=KEY_2)
2026-05-13 02:51:10,505 [INFO] [108/121] 왕십리역 (primary=KEY_3)
2026-05-13 02:51:11,686 [INFO] [109/121] 용산역 (primary=KEY_1)
2026-05-13 02:51:12,982 [INFO] [110/121] 이태원역 (primary=KEY_2)
2026-05-13 02:51:14,050 [INFO] [111/121] 잠실새내역 (primary=KEY_3)
2026-05-13 02:51:15,193 [INFO] [112/121] 잠실역 (primary=KEY_1)
2026-05-13 02:51:16,543 [INFO] [113/121] 장지역 (primary=KEY_2)
2026-05-13 02:51:17,835 [INFO] [114/121] 장한평역 (primary=KEY_3)
2026-05-13 02:51:18,979 [INFO] [115/121] 천호역 (primary=KEY_1)
2026-05-13 02:51:20,129 [INFO] [116/121] 총신대입구(이수)역 (primary=KEY_2)
2026-05-13 02:51:21,310 [INFO] [117/121] 충정로역 (primary=KEY_3)
2026-05-13 02:51:22,469 [INFO] [118/121] 합정역 (primary=KEY_1)
2026-05-13 02:51:23,658 [INFO] [119/121] 혜화역 (primary=KEY_2)
2026-05-13 02:51:24,804 [INFO] [120/121] 홍대입구역(2호선) (primary=KEY_3)
2026-05-13 02:51:25,964 [INFO] [121/121] 회기역 (primary=KEY_1)
2026-05-13 02:51:27,785 [INFO] === 수집 완료 | 성공 121, 실패 0 ===
2026-05-13 02:51:27,785 [INFO] 카테고리별 저장 결과:
2026-05-13 02:51:27,785 [INFO]    accident                  | 신규     2행 | 누적      4행 | 16컬럼
2026-05-13 02:51:27,785 [INFO]    area_meta                 | 신규   121행 | 누적    242행 | 5컬럼
2026-05-13 02:51:27,785 [INFO]    bike                      | 신규    11행 | 누적     22행 | 12컬럼
2026-05-13 02:51:27,785 [INFO]    bike_sbike_stts           | 신규   559행 | 누적   1118행 | 12컬럼
2026-05-13 02:51:27,785 [INFO]    bus                       | 신규     3행 | 누적      6행 | 11컬럼
2026-05-13 02:51:27,785 [INFO]    bus_bus_stn_stts          | 신규  1745행 | 누적   3490행 | 11컬럼
2026-05-13 02:51:27,785 [INFO]    charger                   | 신규     4행 | 누적     29행 | 15컬럼
2026-05-13 02:51:27,785 [INFO]    charger_charger_stts      | 신규  1885행 | 누적   2192행 | 15컬럼
2026-05-13 02:51:27,786 [INFO]    cmrcl                     | 신규    82행 | 누적    164행 | 20컬럼
2026-05-13 02:51:27,786 [INFO]    events                    | 신규    13행 | 누적     26행 | 14컬럼
2026-05-13 02:51:27,786 [INFO]    events_event_stts         | 신규   168행 | 누적    336행 | 14컬럼
2026-05-13 02:51:27,786 [INFO]    parking                   | 신규     6행 | 누적     12행 | 21컬럼
2026-05-13 02:51:27,786 [INFO]    parking_prk_stts          | 신규  1835행 | 누적   3670행 | 21컬럼
2026-05-13 02:51:27,786 [INFO]    ppltn                     | 신규   121행 | 누적    242행 | 26컬럼
2026-05-13 02:51:27,786 [INFO]    road                      | 신규   121행 | 누적    242행 | 21컬럼
2026-05-13 02:51:27,786 [INFO]    road_road_traffic_stts    | 신규  5235행 | 누적  10470행 | 17컬럼
2026-05-13 02:51:27,786 [INFO]    subway                    | 신규    38행 | 누적     76행 | 12컬럼
2026-05-13 02:51:27,786 [INFO]    subway_sub_stts           | 신규   183행 | 누적    366행 | 13컬럼
2026-05-13 02:51:27,786 [INFO]    weather                   | 신규   119행 | 누적    238행 | 30컬럼
2026-05-13 02:51:27,786 [INFO] 키별 사용량:
2026-05-13 02:51:27,786 [INFO]    🟢 KEY_1 (41/1000) 
2026-05-13 02:51:27,786 [INFO]    🟢 KEY_2 (40/1000) 
2026-05-13 02:51:27,786 [INFO]    🟢 KEY_3 (40/1000) 
2026-05-13 10:10:40,941 [INFO] 등록된 키: 3개, 합산 한도 3,000건/일
2026-05-13 10:10:40,942 [INFO] POI 로드: 매뉴얼 v8.5 기준 fallback 121개 (121개 전체)
2026-05-13 10:10:40,942 [INFO] === 수집 시작 2026-05-13T10:10:40.942596+09:00 ===
2026-05-13 10:10:40,942 [INFO] 대상 장소: 121개 | API: citydata (통합)
2026-05-13 10:10:40,942 [INFO] 키 풀: 3/3 활성 | 오늘 사용 0/3000건
2026-05-13 10:10:40,942 [INFO]   [KEY_1] 담당 41장소
2026-05-13 10:10:40,942 [INFO]   [KEY_2] 담당 40장소
2026-05-13 10:10:40,942 [INFO]   [KEY_3] 담당 40장소
2026-05-13 10:10:40,942 [INFO] [1/121] 경복궁 (primary=KEY_1)
2026-05-13 10:10:42,857 [INFO] [2/121] 광화문·덕수궁 (primary=KEY_2)
2026-05-13 10:10:45,149 [INFO] [3/121] 보신각 (primary=KEY_3)
2026-05-13 10:10:47,124 [INFO] [4/121] 서울 암사동 유적 (primary=KEY_1)
2026-05-13 10:10:48,186 [INFO] [5/121] 창덕궁·종묘 (primary=KEY_2)
2026-05-13 10:10:50,154 [INFO] [6/121] 강남 MICE 관광특구 (primary=KEY_3)
2026-05-13 10:10:52,082 [INFO] [7/121] 동대문 관광특구 (primary=KEY_1)
2026-05-13 10:10:54,316 [INFO] [8/121] 명동 관광특구 (primary=KEY_2)
2026-05-13 10:10:56,698 [INFO] [9/121] 이태원 관광특구 (primary=KEY_3)
2026-05-13 10:10:57,990 [INFO] [10/121] 잠실 관광특구 (primary=KEY_1)
2026-05-13 10:11:00,549 [INFO] [11/121] 종로·청계 관광특구 (primary=KEY_2)
2026-05-13 10:11:02,713 [INFO] [12/121] 홍대 관광특구 (primary=KEY_3)
2026-05-13 10:11:04,937 [INFO] [13/121] 강서한강공원 (primary=KEY_1)
2026-05-13 10:11:06,017 [INFO] [14/121] 고척돔 (primary=KEY_2)
2026-05-13 10:11:07,708 [INFO] [15/121] 광나루한강공원 (primary=KEY_3)
2026-05-13 10:11:08,953 [INFO] [16/121] 광화문광장 (primary=KEY_1)
2026-05-13 10:11:10,960 [INFO] [17/121] 국립중앙박물관·용산가족공원 (primary=KEY_2)
2026-05-13 10:11:12,081 [INFO] [18/121] 난지한강공원 (primary=KEY_3)
2026-05-13 10:11:13,167 [INFO] [19/121] 남산공원 (primary=KEY_1)
2026-05-13 10:11:15,247 [INFO] [20/121] 노들섬 (primary=KEY_2)
2026-05-13 10:11:16,327 [INFO] [21/121] 뚝섬한강공원 (primary=KEY_3)
2026-05-13 10:11:17,384 [INFO] [22/121] 망원한강공원 (primary=KEY_1)
2026-05-13 10:11:19,378 [INFO] [23/121] 반포한강공원 (primary=KEY_2)
2026-05-13 10:11:21,172 [INFO] [24/121] 보라매공원 (primary=KEY_3)
2026-05-13 10:11:22,960 [INFO] [25/121] 북서울꿈의숲 (primary=KEY_1)
2026-05-13 10:11:24,207 [INFO] [26/121] 서대문독립공원 (primary=KEY_2)
2026-05-13 10:11:25,303 [INFO] [27/121] 서리풀공원·몽마르뜨공원 (primary=KEY_3)
2026-05-13 10:11:26,638 [INFO] [28/121] 서울대공원 (primary=KEY_1)
2026-05-13 10:11:27,685 [INFO] [29/121] 서울숲공원 (primary=KEY_2)
2026-05-13 10:11:28,954 [INFO] [30/121] 송현녹지광장 (primary=KEY_3)
2026-05-13 10:11:30,270 [INFO] [31/121] 아차산 (primary=KEY_1)
2026-05-13 10:11:31,326 [INFO] [32/121] 안양천 (primary=KEY_2)
2026-05-13 10:11:32,415 [INFO] [33/121] 양화한강공원 (primary=KEY_3)
2026-05-13 10:11:33,497 [INFO] [34/121] 어린이대공원 (primary=KEY_1)
2026-05-13 10:11:34,742 [INFO] [35/121] 여의도한강공원 (primary=KEY_2)
2026-05-13 10:11:36,029 [INFO] [36/121] 여의서로 (primary=KEY_3)
2026-05-13 10:11:37,276 [INFO] [37/121] 올림픽공원 (primary=KEY_1)
2026-05-13 10:11:38,756 [INFO] [38/121] 월드컵공원 (primary=KEY_2)
2026-05-13 10:11:40,881 [INFO] [39/121] 응봉산 (primary=KEY_3)
2026-05-13 10:11:42,127 [INFO] [40/121] 이촌한강공원 (primary=KEY_1)
2026-05-13 10:11:43,167 [INFO] [41/121] 잠실종합운동장 (primary=KEY_2)
2026-05-13 10:11:44,244 [INFO] [42/121] 잠실한강공원 (primary=KEY_3)
2026-05-13 10:11:45,326 [INFO] [43/121] 잠원한강공원 (primary=KEY_1)
2026-05-13 10:11:46,421 [INFO] [44/121] 청계산 (primary=KEY_2)
2026-05-13 10:11:48,194 [INFO] [45/121] 홍제폭포 (primary=KEY_3)
2026-05-13 10:11:49,829 [INFO] [46/121] 가락시장 (primary=KEY_1)
2026-05-13 10:11:51,136 [INFO] [47/121] 가로수길 (primary=KEY_2)
2026-05-13 10:11:52,443 [INFO] [48/121] 광장(전통)시장 (primary=KEY_3)
2026-05-13 10:11:53,590 [INFO] [49/121] 김포공항 (primary=KEY_1)
2026-05-13 10:11:55,113 [INFO] [50/121] 남대문시장 (primary=KEY_2)
2026-05-13 10:11:56,394 [INFO] [51/121] 노량진 (primary=KEY_3)
2026-05-13 10:11:57,650 [INFO] [52/121] 덕수궁길·정동길 (primary=KEY_1)
2026-05-13 10:11:58,979 [INFO] [53/121] 북창동 먹자골목 (primary=KEY_2)
2026-05-13 10:12:00,240 [INFO] [54/121] 북촌한옥마을 (primary=KEY_3)
2026-05-13 10:12:01,695 [INFO] [55/121] 서촌 (primary=KEY_1)
2026-05-13 10:12:03,643 [INFO] [56/121] 성수카페거리 (primary=KEY_2)
2026-05-13 10:12:05,137 [INFO] [57/121] 송리단길·호수단길 (primary=KEY_3)
2026-05-13 10:12:06,432 [INFO] [58/121] 신촌 스타광장 (primary=KEY_1)
2026-05-13 10:12:08,360 [INFO] [59/121] 압구정로데오거리 (primary=KEY_2)
2026-05-13 10:12:09,581 [INFO] [60/121] 여의도 (primary=KEY_3)
2026-05-13 10:12:11,672 [INFO] [61/121] 연남동 (primary=KEY_1)
2026-05-13 10:12:12,918 [INFO] [62/121] 영등포 타임스퀘어 (primary=KEY_2)
2026-05-13 10:12:14,175 [INFO] [63/121] 용리단길 (primary=KEY_3)
2026-05-13 10:12:15,302 [INFO] [64/121] 이태원 앤틱가구거리 (primary=KEY_1)
2026-05-13 10:12:16,540 [INFO] [65/121] 익선동 (primary=KEY_2)
2026-05-13 10:12:17,842 [INFO] [66/121] 인사동 (primary=KEY_3)
2026-05-13 10:12:19,299 [INFO] [67/121] 잠실롯데타워·석촌호수 (primary=KEY_1)
2026-05-13 10:12:20,908 [INFO] [68/121] 창동 신경제 중심지 (primary=KEY_2)
2026-05-13 10:12:22,574 [INFO] [69/121] 청담동 명품거리 (primary=KEY_3)
2026-05-13 10:12:23,850 [INFO] [70/121] 청량리 제기동 일대 전통시장 (primary=KEY_1)
2026-05-13 10:12:25,812 [INFO] [71/121] 해방촌·경리단길 (primary=KEY_2)
2026-05-13 10:12:26,908 [INFO] [72/121] DDP(동대문디자인플라자) (primary=KEY_3)
2026-05-13 10:12:28,201 [INFO] [73/121] DMC(디지털미디어시티) (primary=KEY_1)
2026-05-13 10:12:29,978 [INFO] [74/121] 가산디지털단지역 (primary=KEY_2)
2026-05-13 10:12:31,726 [INFO] [75/121] 강남역 (primary=KEY_3)
2026-05-13 10:12:33,205 [INFO] [76/121] 건대입구역 (primary=KEY_1)
2026-05-13 10:12:34,459 [INFO] [77/121] 고덕역 (primary=KEY_2)
2026-05-13 10:12:35,735 [INFO] [78/121] 고속터미널역 (primary=KEY_3)
2026-05-13 10:12:37,021 [INFO] [79/121] 교대역 (primary=KEY_1)
2026-05-13 10:12:38,271 [INFO] [80/121] 구로디지털단지역 (primary=KEY_2)
2026-05-13 10:12:40,505 [INFO] [81/121] 구로역 (primary=KEY_3)
2026-05-13 10:12:41,776 [INFO] [82/121] 군자역 (primary=KEY_1)
2026-05-13 10:12:43,028 [INFO] [83/121] 대림역 (primary=KEY_2)
2026-05-13 10:12:44,305 [INFO] [84/121] 동대문역 (primary=KEY_3)
2026-05-13 10:12:45,579 [INFO] [85/121] 뚝섬역 (primary=KEY_1)
2026-05-13 10:12:46,854 [INFO] [86/121] 미아사거리역 (primary=KEY_2)
2026-05-13 10:12:48,136 [INFO] [87/121] 발산역 (primary=KEY_3)
2026-05-13 10:12:49,605 [INFO] [88/121] 사당역 (primary=KEY_1)
2026-05-13 10:12:50,897 [INFO] [89/121] 삼각지역 (primary=KEY_2)
2026-05-13 10:12:52,027 [INFO] [90/121] 서울대입구역 (primary=KEY_3)
2026-05-13 10:12:54,224 [INFO] [91/121] 서울식물원·마곡나루역 (primary=KEY_1)
2026-05-13 10:12:55,716 [INFO] [92/121] 서울역 (primary=KEY_2)
2026-05-13 10:12:57,189 [INFO] [93/121] 선릉역 (primary=KEY_3)
2026-05-13 10:12:58,874 [INFO] [94/121] 성신여대입구역 (primary=KEY_1)
2026-05-13 10:12:59,964 [INFO] [95/121] 수유역 (primary=KEY_2)
2026-05-13 10:13:01,251 [INFO] [96/121] 숭례문 (primary=KEY_3)
2026-05-13 10:13:02,551 [INFO] [97/121] 시의회 앞 (primary=KEY_1)
2026-05-13 10:13:03,829 [INFO] [98/121] 신논현역·논현역 (primary=KEY_2)
2026-05-13 10:13:05,118 [INFO] [99/121] 신도림역 (primary=KEY_3)
2026-05-13 10:13:06,200 [INFO] [100/121] 신림역 (primary=KEY_1)
2026-05-13 10:13:07,472 [INFO] [101/121] 신정네거리역 (primary=KEY_2)
2026-05-13 10:13:08,761 [INFO] [102/121] 신촌·이대역 (primary=KEY_3)
2026-05-13 10:13:10,033 [INFO] [103/121] 쌍문역 (primary=KEY_1)
2026-05-13 10:13:11,291 [INFO] [104/121] 양재역 (primary=KEY_2)
2026-05-13 10:13:12,638 [INFO] [105/121] 역삼역 (primary=KEY_3)
2026-05-13 10:13:14,056 [INFO] [106/121] 연신내역 (primary=KEY_1)
2026-05-13 10:13:15,160 [INFO] [107/121] 오목교역·목동운동장 (primary=KEY_2)
2026-05-13 10:13:16,969 [INFO] [108/121] 왕십리역 (primary=KEY_3)
2026-05-13 10:13:18,451 [INFO] [109/121] 용산역 (primary=KEY_1)
2026-05-13 10:13:19,954 [INFO] [110/121] 이태원역 (primary=KEY_2)
2026-05-13 10:13:21,031 [INFO] [111/121] 잠실새내역 (primary=KEY_3)
2026-05-13 10:13:22,260 [INFO] [112/121] 잠실역 (primary=KEY_1)
2026-05-13 10:13:23,664 [INFO] [113/121] 장지역 (primary=KEY_2)
2026-05-13 10:13:25,140 [INFO] [114/121] 장한평역 (primary=KEY_3)
2026-05-13 10:13:26,406 [INFO] [115/121] 천호역 (primary=KEY_1)
2026-05-13 10:13:27,740 [INFO] [116/121] 총신대입구(이수)역 (primary=KEY_2)
2026-05-13 10:13:28,991 [INFO] [117/121] 충정로역 (primary=KEY_3)
2026-05-13 10:13:30,284 [INFO] [118/121] 합정역 (primary=KEY_1)
2026-05-13 10:13:31,575 [INFO] [119/121] 혜화역 (primary=KEY_2)
2026-05-13 10:13:32,876 [INFO] [120/121] 홍대입구역(2호선) (primary=KEY_3)
2026-05-13 10:13:34,156 [INFO] [121/121] 회기역 (primary=KEY_1)
2026-05-13 10:13:36,289 [INFO] === 수집 완료 | 성공 121, 실패 0 ===
2026-05-13 10:13:36,289 [INFO] 카테고리별 저장 결과:
2026-05-13 10:13:36,289 [INFO]    accident                  | 신규     7행 | 누적     11행 | 16컬럼
2026-05-13 10:13:36,289 [INFO]    accident_acdnt_cntrl_stts | 신규     2행 | 누적      2행 | 16컬럼
2026-05-13 10:13:36,289 [INFO]    area_meta                 | 신규   121행 | 누적    363행 | 5컬럼
2026-05-13 10:13:36,289 [INFO]    bike                      | 신규    11행 | 누적     33행 | 12컬럼
2026-05-13 10:13:36,289 [INFO]    bike_sbike_stts           | 신규   559행 | 누적   1677행 | 12컬럼
2026-05-13 10:13:36,289 [INFO]    bus                       | 신규     3행 | 누적      9행 | 11컬럼
2026-05-13 10:13:36,289 [INFO]    bus_bus_stn_stts          | 신규  1745행 | 누적   5235행 | 11컬럼
2026-05-13 10:13:36,289 [INFO]    charger                   | 신규     4행 | 누적     33행 | 15컬럼
2026-05-13 10:13:36,289 [INFO]    charger_charger_stts      | 신규  1884행 | 누적   4061행 | 15컬럼
2026-05-13 10:13:36,289 [INFO]    cmrcl                     | 신규    82행 | 누적    246행 | 20컬럼
2026-05-13 10:13:36,289 [INFO]    events                    | 신규    13행 | 누적     39행 | 14컬럼
2026-05-13 10:13:36,289 [INFO]    events_event_stts         | 신규   168행 | 누적    504행 | 14컬럼
2026-05-13 10:13:36,289 [INFO]    news                      | 신규     8행 | 누적      9행 | 10컬럼
2026-05-13 10:13:36,289 [INFO]    parking                   | 신규     6행 | 누적     18행 | 21컬럼
2026-05-13 10:13:36,289 [INFO]    parking_prk_stts          | 신규  1835행 | 누적   5505행 | 21컬럼
2026-05-13 10:13:36,289 [INFO]    ppltn                     | 신규   119행 | 누적    361행 | 26컬럼
2026-05-13 10:13:36,289 [INFO]    road                      | 신규   121행 | 누적    363행 | 21컬럼
2026-05-13 10:13:36,289 [INFO]    road_road_traffic_stts    | 신규  5235행 | 누적  15705행 | 17컬럼
2026-05-13 10:13:36,290 [INFO]    subway                    | 신규    38행 | 누적    114행 | 12컬럼
2026-05-13 10:13:36,290 [INFO]    subway_sub_stts           | 신규   183행 | 누적    549행 | 13컬럼
2026-05-13 10:13:36,290 [INFO]    weather                   | 신규   119행 | 누적    357행 | 31컬럼
2026-05-13 10:13:36,290 [INFO] 키별 사용량:
2026-05-13 10:13:36,290 [INFO]    🟢 KEY_1 (41/1000) 
2026-05-13 10:13:36,290 [INFO]    🟢 KEY_2 (40/1000) 
2026-05-13 10:13:36,290 [INFO]    🟢 KEY_3 (40/1000) 
