2026-06-24 00:11:51,998 [INFO] 등록된 키: 4개, 합산 한도 4,000건/일
2026-06-24 00:11:51,999 [INFO] POI 로드: 매뉴얼 v8.5 기준 fallback 121개 (121개 전체)
2026-06-24 00:11:51,999 [INFO] === 수집 시작 2026-06-24T00:11:51.999469+09:00 ===
2026-06-24 00:11:51,999 [INFO] 대상 장소: 121개 | API: citydata (통합)
2026-06-24 00:11:51,999 [INFO] 키 풀: 4/4 활성 | 오늘 사용 0/4000건
2026-06-24 00:11:51,999 [INFO]   [KEY_1] 담당 31장소
2026-06-24 00:11:51,999 [INFO]   [KEY_2] 담당 30장소
2026-06-24 00:11:51,999 [INFO]   [KEY_3] 담당 30장소
2026-06-24 00:11:51,999 [INFO]   [KEY_4] 담당 30장소
2026-06-24 00:11:51,999 [INFO] [1/121] 경복궁 (primary=KEY_1)
2026-06-24 00:11:59,581 [INFO] [2/121] 광화문·덕수궁 (primary=KEY_2)
2026-06-24 00:12:01,441 [INFO] [3/121] 보신각 (primary=KEY_3)
2026-06-24 00:12:03,405 [INFO] [4/121] 서울 암사동 유적 (primary=KEY_4)
2026-06-24 00:12:04,376 [INFO] [5/121] 창덕궁·종묘 (primary=KEY_1)
2026-06-24 00:12:06,061 [INFO] [6/121] 강남 MICE 관광특구 (primary=KEY_2)
2026-06-24 00:12:07,887 [INFO] [7/121] 동대문 관광특구 (primary=KEY_3)
2026-06-24 00:12:09,192 [INFO] [8/121] 명동 관광특구 (primary=KEY_4)
2026-06-24 00:12:10,661 [INFO] [9/121] 이태원 관광특구 (primary=KEY_1)
2026-06-24 00:12:11,822 [INFO] [10/121] 잠실 관광특구 (primary=KEY_2)
2026-06-24 00:12:13,956 [INFO] [11/121] 종로·청계 관광특구 (primary=KEY_3)
2026-06-24 00:12:15,264 [INFO] [12/121] 홍대 관광특구 (primary=KEY_4)
2026-06-24 00:12:17,156 [INFO] [13/121] 강서한강공원 (primary=KEY_1)
2026-06-24 00:12:18,136 [INFO] [14/121] 고척돔 (primary=KEY_2)
2026-06-24 00:12:19,120 [INFO] [15/121] 광나루한강공원 (primary=KEY_3)
2026-06-24 00:12:20,234 [INFO] [16/121] 광화문광장 (primary=KEY_4)
2026-06-24 00:12:21,371 [INFO] [17/121] 국립중앙박물관·용산가족공원 (primary=KEY_1)
2026-06-24 00:12:23,192 [INFO] [18/121] 난지한강공원 (primary=KEY_2)
2026-06-24 00:12:24,157 [INFO] [19/121] 남산공원 (primary=KEY_3)
2026-06-24 00:12:25,435 [INFO] [20/121] 노들섬 (primary=KEY_4)
2026-06-24 00:12:26,426 [INFO] [21/121] 뚝섬한강공원 (primary=KEY_1)
2026-06-24 00:12:27,426 [INFO] [22/121] 망원한강공원 (primary=KEY_2)
2026-06-24 00:12:28,610 [INFO] [23/121] 반포한강공원 (primary=KEY_3)
2026-06-24 00:12:29,727 [INFO] [24/121] 보라매공원 (primary=KEY_4)
2026-06-24 00:12:30,878 [INFO] [25/121] 북서울꿈의숲 (primary=KEY_1)
2026-06-24 00:12:32,010 [INFO] [26/121] 서대문독립공원 (primary=KEY_2)
2026-06-24 00:12:33,011 [INFO] [27/121] 서리풀공원·몽마르뜨공원 (primary=KEY_3)
2026-06-24 00:12:34,155 [INFO] [28/121] 서울대공원 (primary=KEY_4)
2026-06-24 00:12:35,137 [INFO] [29/121] 서울숲공원 (primary=KEY_1)
2026-06-24 00:12:36,261 [INFO] [30/121] 송현녹지광장 (primary=KEY_2)
2026-06-24 00:12:37,380 [INFO] [31/121] 아차산 (primary=KEY_3)
2026-06-24 00:12:38,373 [INFO] [32/121] 안양천 (primary=KEY_4)
2026-06-24 00:12:39,513 [INFO] [33/121] 양화한강공원 (primary=KEY_1)
2026-06-24 00:12:40,481 [INFO] [34/121] 어린이대공원 (primary=KEY_2)
2026-06-24 00:12:41,644 [INFO] [35/121] 여의도한강공원 (primary=KEY_3)
2026-06-24 00:12:42,769 [INFO] [36/121] 여의서로 (primary=KEY_4)
2026-06-24 00:12:43,901 [INFO] [37/121] 올림픽공원 (primary=KEY_1)
2026-06-24 00:12:45,061 [INFO] [38/121] 월드컵공원 (primary=KEY_2)
2026-06-24 00:12:46,350 [INFO] [39/121] 응봉산 (primary=KEY_3)
2026-06-24 00:12:47,468 [INFO] [40/121] 이촌한강공원 (primary=KEY_4)
2026-06-24 00:12:48,467 [INFO] [41/121] 잠실종합운동장 (primary=KEY_1)
2026-06-24 00:12:49,477 [INFO] [42/121] 잠실한강공원 (primary=KEY_2)
2026-06-24 00:12:50,482 [INFO] [43/121] 잠원한강공원 (primary=KEY_3)
2026-06-24 00:12:51,473 [INFO] [44/121] 청계산 (primary=KEY_4)
2026-06-24 00:12:52,453 [INFO] [45/121] 홍제폭포 (primary=KEY_1)
2026-06-24 00:12:53,453 [INFO] [46/121] 가락시장 (primary=KEY_2)
2026-06-24 00:12:54,611 [INFO] [47/121] 가로수길 (primary=KEY_3)
2026-06-24 00:12:55,759 [INFO] [48/121] 광장(전통)시장 (primary=KEY_4)
2026-06-24 00:12:56,768 [INFO] [49/121] 김포공항 (primary=KEY_1)
2026-06-24 00:12:57,966 [INFO] [50/121] 남대문시장 (primary=KEY_2)
2026-06-24 00:12:59,090 [INFO] [51/121] 노량진 (primary=KEY_3)
2026-06-24 00:13:00,238 [INFO] [52/121] 덕수궁길·정동길 (primary=KEY_4)
2026-06-24 00:13:01,404 [INFO] [53/121] 북창동 먹자골목 (primary=KEY_1)
2026-06-24 00:13:02,547 [INFO] [54/121] 북촌한옥마을 (primary=KEY_2)
2026-06-24 00:13:03,701 [INFO] [55/121] 서촌 (primary=KEY_3)
2026-06-24 00:13:04,832 [INFO] [56/121] 성수카페거리 (primary=KEY_4)
2026-06-24 00:13:06,063 [INFO] [57/121] 송리단길·호수단길 (primary=KEY_1)
2026-06-24 00:13:07,206 [INFO] [58/121] 신촌 스타광장 (primary=KEY_2)
2026-06-24 00:13:08,224 [INFO] [59/121] 압구정로데오거리 (primary=KEY_3)
2026-06-24 00:13:09,381 [INFO] [60/121] 여의도 (primary=KEY_4)
2026-06-24 00:13:11,006 [INFO] [61/121] 연남동 (primary=KEY_1)
2026-06-24 00:13:12,146 [INFO] [62/121] 영등포 타임스퀘어 (primary=KEY_2)
2026-06-24 00:13:13,272 [INFO] [63/121] 용리단길 (primary=KEY_3)
2026-06-24 00:13:14,426 [INFO] [64/121] 이태원 앤틱가구거리 (primary=KEY_4)
2026-06-24 00:13:15,555 [INFO] [65/121] 익선동 (primary=KEY_1)
2026-06-24 00:13:16,727 [INFO] [66/121] 인사동 (primary=KEY_2)
2026-06-24 00:13:17,891 [INFO] [67/121] 잠실롯데타워·석촌호수 (primary=KEY_3)
2026-06-24 00:13:19,055 [INFO] [68/121] 창동 신경제 중심지 (primary=KEY_4)
2026-06-24 00:13:20,426 [INFO] [69/121] 청담동 명품거리 (primary=KEY_1)
2026-06-24 00:13:21,583 [INFO] [70/121] 청량리 제기동 일대 전통시장 (primary=KEY_2)
2026-06-24 00:13:22,730 [INFO] [71/121] 해방촌·경리단길 (primary=KEY_3)
2026-06-24 00:13:23,739 [INFO] [72/121] DDP(동대문디자인플라자) (primary=KEY_4)
2026-06-24 00:13:24,887 [INFO] [73/121] DMC(디지털미디어시티) (primary=KEY_1)
2026-06-24 00:13:26,245 [INFO] [74/121] 가산디지털단지역 (primary=KEY_2)
2026-06-24 00:13:27,546 [INFO] [75/121] 강남역 (primary=KEY_3)
2026-06-24 00:13:28,866 [INFO] [76/121] 건대입구역 (primary=KEY_4)
2026-06-24 00:13:30,021 [INFO] [77/121] 고덕역 (primary=KEY_1)
2026-06-24 00:13:31,180 [INFO] [78/121] 고속터미널역 (primary=KEY_2)
2026-06-24 00:13:32,363 [INFO] [79/121] 교대역 (primary=KEY_3)
2026-06-24 00:13:33,384 [INFO] [80/121] 구로디지털단지역 (primary=KEY_4)
2026-06-24 00:13:34,533 [INFO] [81/121] 구로역 (primary=KEY_1)
2026-06-24 00:13:35,527 [INFO] [82/121] 군자역 (primary=KEY_2)
2026-06-24 00:13:36,704 [INFO] [83/121] 대림역 (primary=KEY_3)
2026-06-24 00:13:37,843 [INFO] [84/121] 동대문역 (primary=KEY_4)
2026-06-24 00:13:38,997 [INFO] [85/121] 뚝섬역 (primary=KEY_1)
2026-06-24 00:13:40,131 [INFO] [86/121] 미아사거리역 (primary=KEY_2)
2026-06-24 00:13:41,280 [INFO] [87/121] 발산역 (primary=KEY_3)
2026-06-24 00:13:42,553 [INFO] [88/121] 사당역 (primary=KEY_4)
2026-06-24 00:13:43,713 [INFO] [89/121] 삼각지역 (primary=KEY_1)
2026-06-24 00:13:44,724 [INFO] [90/121] 서울대입구역 (primary=KEY_2)
2026-06-24 00:13:45,880 [INFO] [91/121] 서울식물원·마곡나루역 (primary=KEY_3)
2026-06-24 00:13:47,036 [INFO] [92/121] 서울역 (primary=KEY_4)
2026-06-24 00:13:48,226 [INFO] [93/121] 선릉역 (primary=KEY_1)
2026-06-24 00:13:50,085 [INFO] [94/121] 성신여대입구역 (primary=KEY_2)
2026-06-24 00:13:51,799 [INFO] [95/121] 수유역 (primary=KEY_3)
2026-06-24 00:13:53,521 [INFO] [96/121] 숭례문 (primary=KEY_4)
2026-06-24 00:13:55,251 [INFO] [97/121] 시의회 앞 (primary=KEY_1)
2026-06-24 00:13:56,973 [INFO] [98/121] 신논현역·논현역 (primary=KEY_2)
2026-06-24 00:13:58,157 [INFO] [99/121] 신도림역 (primary=KEY_3)
2026-06-24 00:13:59,989 [INFO] [100/121] 신림역 (primary=KEY_4)
2026-06-24 00:14:01,140 [INFO] [101/121] 신정네거리역 (primary=KEY_1)
2026-06-24 00:14:02,148 [INFO] [102/121] 신촌·이대역 (primary=KEY_2)
2026-06-24 00:14:03,325 [INFO] [103/121] 쌍문역 (primary=KEY_3)
2026-06-24 00:14:04,477 [INFO] [104/121] 양재역 (primary=KEY_4)
2026-06-24 00:14:05,637 [INFO] [105/121] 역삼역 (primary=KEY_1)
2026-06-24 00:14:07,596 [INFO] [106/121] 연신내역 (primary=KEY_2)
2026-06-24 00:14:08,625 [INFO] [107/121] 오목교역·목동운동장 (primary=KEY_3)
2026-06-24 00:14:09,918 [INFO] [108/121] 왕십리역 (primary=KEY_4)
2026-06-24 00:14:11,135 [INFO] [109/121] 용산역 (primary=KEY_1)
2026-06-24 00:14:12,426 [INFO] [110/121] 이태원역 (primary=KEY_2)
2026-06-24 00:14:13,421 [INFO] [111/121] 잠실새내역 (primary=KEY_3)
2026-06-24 00:14:14,554 [INFO] [112/121] 잠실역 (primary=KEY_4)
2026-06-24 00:14:15,716 [INFO] [113/121] 장지역 (primary=KEY_1)
2026-06-24 00:14:16,871 [INFO] [114/121] 장한평역 (primary=KEY_2)
2026-06-24 00:14:18,023 [INFO] [115/121] 천호역 (primary=KEY_3)
2026-06-24 00:14:19,176 [INFO] [116/121] 총신대입구(이수)역 (primary=KEY_4)
2026-06-24 00:14:20,888 [INFO] [117/121] 충정로역 (primary=KEY_1)
2026-06-24 00:14:22,040 [INFO] [118/121] 합정역 (primary=KEY_2)
2026-06-24 00:14:23,197 [INFO] [119/121] 혜화역 (primary=KEY_3)
2026-06-24 00:14:24,333 [INFO] [120/121] 홍대입구역(2호선) (primary=KEY_4)
2026-06-24 00:14:25,483 [INFO] [121/121] 회기역 (primary=KEY_1)
2026-06-24 00:14:26,984 [INFO] === 수집 완료 | 성공 121, 실패 0 ===
2026-06-24 00:14:26,984 [INFO] 카테고리별 저장 결과:
2026-06-24 00:14:26,984 [INFO]    accident                  | 신규     5행 | 누적      5행 | 16컬럼
2026-06-24 00:14:26,984 [INFO]    area_meta                 | 신규   121행 | 누적    121행 | 5컬럼
2026-06-24 00:14:26,984 [INFO]    bike                      | 신규    12행 | 누적     12행 | 12컬럼
2026-06-24 00:14:26,984 [INFO]    bike_sbike_stts           | 신규   546행 | 누적    546행 | 12컬럼
2026-06-24 00:14:26,984 [INFO]    bus                       | 신규     3행 | 누적      3행 | 11컬럼
2026-06-24 00:14:26,984 [INFO]    bus_bus_stn_stts          | 신규  1745행 | 누적   1745행 | 11컬럼
2026-06-24 00:14:26,984 [INFO]    charger                   | 신규    25행 | 누적     25행 | 15컬럼
2026-06-24 00:14:26,984 [INFO]    charger_charger_stts      | 신규   340행 | 누적    340행 | 15컬럼
2026-06-24 00:14:26,984 [INFO]    cmrcl                     | 신규    82행 | 누적     82행 | 20컬럼
2026-06-24 00:14:26,984 [INFO]    disaster                  | 신규     9행 | 누적      9행 | 9컬럼
2026-06-24 00:14:26,984 [INFO]    events                    | 신규    12행 | 누적     12행 | 14컬럼
2026-06-24 00:14:26,985 [INFO]    events_event_stts         | 신규   150행 | 누적    150행 | 14컬럼
2026-06-24 00:14:26,985 [INFO]    news_live_yna_news        | 신규   242행 | 누적    242행 | 10컬럼
2026-06-24 00:14:26,985 [INFO]    parking                   | 신규     6행 | 누적      6행 | 21컬럼
2026-06-24 00:14:26,985 [INFO]    parking_prk_stts          | 신규  1835행 | 누적   1835행 | 21컬럼
2026-06-24 00:14:26,985 [INFO]    ppltn                     | 신규   121행 | 누적    121행 | 26컬럼
2026-06-24 00:14:26,985 [INFO]    road                      | 신규   121행 | 누적    121행 | 21컬럼
2026-06-24 00:14:26,985 [INFO]    road_road_traffic_stts    | 신규  5257행 | 누적   5257행 | 17컬럼
2026-06-24 00:14:26,985 [INFO]    subway                    | 신규    38행 | 누적     38행 | 12컬럼
2026-06-24 00:14:26,985 [INFO]    subway_sub_stts           | 신규   183행 | 누적    183행 | 13컬럼
2026-06-24 00:14:26,985 [INFO]    weather                   | 신규   119행 | 누적    119행 | 29컬럼
2026-06-24 00:14:26,985 [INFO] 키별 사용량:
2026-06-24 00:14:26,985 [INFO]    🟢 KEY_1 (31/1000) 
2026-06-24 00:14:26,985 [INFO]    🟢 KEY_2 (30/1000) 
2026-06-24 00:14:26,985 [INFO]    🟢 KEY_3 (30/1000) 
2026-06-24 00:14:26,985 [INFO]    🟢 KEY_4 (30/1000) 
2026-06-24 01:59:51,836 [INFO] 등록된 키: 4개, 합산 한도 4,000건/일
2026-06-24 01:59:51,836 [INFO] POI 로드: 매뉴얼 v8.5 기준 fallback 121개 (121개 전체)
2026-06-24 01:59:51,836 [INFO] === 수집 시작 2026-06-24T01:59:51.836949+09:00 ===
2026-06-24 01:59:51,836 [INFO] 대상 장소: 121개 | API: citydata (통합)
2026-06-24 01:59:51,837 [INFO] 키 풀: 4/4 활성 | 오늘 사용 0/4000건
2026-06-24 01:59:51,837 [INFO]   [KEY_1] 담당 31장소
2026-06-24 01:59:51,837 [INFO]   [KEY_2] 담당 30장소
2026-06-24 01:59:51,837 [INFO]   [KEY_3] 담당 30장소
2026-06-24 01:59:51,837 [INFO]   [KEY_4] 담당 30장소
2026-06-24 01:59:51,837 [INFO] [1/121] 경복궁 (primary=KEY_1)
2026-06-24 01:59:53,424 [INFO] [2/121] 광화문·덕수궁 (primary=KEY_2)
2026-06-24 01:59:54,848 [INFO] [3/121] 보신각 (primary=KEY_3)
2026-06-24 01:59:56,539 [INFO] [4/121] 서울 암사동 유적 (primary=KEY_4)
2026-06-24 01:59:57,531 [INFO] [5/121] 창덕궁·종묘 (primary=KEY_1)
2026-06-24 01:59:58,674 [INFO] [6/121] 강남 MICE 관광특구 (primary=KEY_2)
2026-06-24 02:00:00,255 [INFO] [7/121] 동대문 관광특구 (primary=KEY_3)
2026-06-24 02:00:01,543 [INFO] [8/121] 명동 관광특구 (primary=KEY_4)
2026-06-24 02:00:03,718 [INFO] [9/121] 이태원 관광특구 (primary=KEY_1)
2026-06-24 02:00:04,848 [INFO] [10/121] 잠실 관광특구 (primary=KEY_2)
2026-06-24 02:00:06,679 [INFO] [11/121] 종로·청계 관광특구 (primary=KEY_3)
2026-06-24 02:00:07,979 [INFO] [12/121] 홍대 관광특구 (primary=KEY_4)
2026-06-24 02:00:09,260 [INFO] [13/121] 강서한강공원 (primary=KEY_1)
2026-06-24 02:00:10,791 [INFO] [14/121] 고척돔 (primary=KEY_2)
2026-06-24 02:00:11,763 [INFO] [15/121] 광나루한강공원 (primary=KEY_3)
2026-06-24 02:00:13,436 [INFO] [16/121] 광화문광장 (primary=KEY_4)
2026-06-24 02:00:15,114 [INFO] [17/121] 국립중앙박물관·용산가족공원 (primary=KEY_1)
2026-06-24 02:00:16,091 [INFO] [18/121] 난지한강공원 (primary=KEY_2)
2026-06-24 02:00:17,068 [INFO] [19/121] 남산공원 (primary=KEY_3)
2026-06-24 02:00:18,338 [INFO] [20/121] 노들섬 (primary=KEY_4)
2026-06-24 02:00:19,318 [INFO] [21/121] 뚝섬한강공원 (primary=KEY_1)
2026-06-24 02:00:21,521 [INFO] [22/121] 망원한강공원 (primary=KEY_2)
2026-06-24 02:00:22,623 [INFO] [23/121] 반포한강공원 (primary=KEY_3)
2026-06-24 02:00:24,148 [INFO] [24/121] 보라매공원 (primary=KEY_4)
2026-06-24 02:00:25,159 [INFO] [25/121] 북서울꿈의숲 (primary=KEY_1)
2026-06-24 02:00:26,130 [INFO] [26/121] 서대문독립공원 (primary=KEY_2)
2026-06-24 02:00:27,117 [INFO] [27/121] 서리풀공원·몽마르뜨공원 (primary=KEY_3)
2026-06-24 02:00:28,106 [INFO] [28/121] 서울대공원 (primary=KEY_4)
2026-06-24 02:00:29,071 [INFO] [29/121] 서울숲공원 (primary=KEY_1)
2026-06-24 02:00:30,197 [INFO] [30/121] 송현녹지광장 (primary=KEY_2)
2026-06-24 02:00:31,314 [INFO] [31/121] 아차산 (primary=KEY_3)
2026-06-24 02:00:32,284 [INFO] [32/121] 안양천 (primary=KEY_4)
2026-06-24 02:00:33,284 [INFO] [33/121] 양화한강공원 (primary=KEY_1)
2026-06-24 02:00:34,256 [INFO] [34/121] 어린이대공원 (primary=KEY_2)
2026-06-24 02:00:35,254 [INFO] [35/121] 여의도한강공원 (primary=KEY_3)
2026-06-24 02:00:36,361 [INFO] [36/121] 여의서로 (primary=KEY_4)
2026-06-24 02:00:37,337 [INFO] [37/121] 올림픽공원 (primary=KEY_1)
2026-06-24 02:00:38,471 [INFO] [38/121] 월드컵공원 (primary=KEY_2)
2026-06-24 02:00:39,729 [INFO] [39/121] 응봉산 (primary=KEY_3)
2026-06-24 02:00:40,838 [INFO] [40/121] 이촌한강공원 (primary=KEY_4)
2026-06-24 02:00:41,819 [INFO] [41/121] 잠실종합운동장 (primary=KEY_1)
2026-06-24 02:00:42,798 [INFO] [42/121] 잠실한강공원 (primary=KEY_2)
2026-06-24 02:00:43,785 [INFO] [43/121] 잠원한강공원 (primary=KEY_3)
2026-06-24 02:00:44,752 [INFO] [44/121] 청계산 (primary=KEY_4)
2026-06-24 02:00:45,718 [INFO] [45/121] 홍제폭포 (primary=KEY_1)
2026-06-24 02:00:46,679 [INFO] [46/121] 가락시장 (primary=KEY_2)
2026-06-24 02:00:47,808 [INFO] [47/121] 가로수길 (primary=KEY_3)
2026-06-24 02:00:48,946 [INFO] [48/121] 광장(전통)시장 (primary=KEY_4)
2026-06-24 02:00:49,933 [INFO] [49/121] 김포공항 (primary=KEY_1)
2026-06-24 02:00:51,072 [INFO] [50/121] 남대문시장 (primary=KEY_2)
2026-06-24 02:00:52,051 [INFO] [51/121] 노량진 (primary=KEY_3)
2026-06-24 02:00:53,047 [INFO] [52/121] 덕수궁길·정동길 (primary=KEY_4)
2026-06-24 02:00:54,175 [INFO] [53/121] 북창동 먹자골목 (primary=KEY_1)
2026-06-24 02:00:55,153 [INFO] [54/121] 북촌한옥마을 (primary=KEY_2)
2026-06-24 02:00:56,280 [INFO] [55/121] 서촌 (primary=KEY_3)
2026-06-24 02:00:57,400 [INFO] [56/121] 성수카페거리 (primary=KEY_4)
2026-06-24 02:00:58,528 [INFO] [57/121] 송리단길·호수단길 (primary=KEY_1)
2026-06-24 02:00:59,665 [INFO] [58/121] 신촌 스타광장 (primary=KEY_2)
2026-06-24 02:01:00,643 [INFO] [59/121] 압구정로데오거리 (primary=KEY_3)
2026-06-24 02:01:01,764 [INFO] [60/121] 여의도 (primary=KEY_4)
2026-06-24 02:01:03,352 [INFO] [61/121] 연남동 (primary=KEY_1)
2026-06-24 02:01:04,469 [INFO] [62/121] 영등포 타임스퀘어 (primary=KEY_2)
2026-06-24 02:01:05,569 [INFO] [63/121] 용리단길 (primary=KEY_3)
2026-06-24 02:01:06,572 [INFO] [64/121] 이태원 앤틱가구거리 (primary=KEY_4)
2026-06-24 02:01:07,554 [INFO] [65/121] 익선동 (primary=KEY_1)
2026-06-24 02:01:08,690 [INFO] [66/121] 인사동 (primary=KEY_2)
2026-06-24 02:01:09,825 [INFO] [67/121] 잠실롯데타워·석촌호수 (primary=KEY_3)
2026-06-24 02:01:10,954 [INFO] [68/121] 창동 신경제 중심지 (primary=KEY_4)
2026-06-24 02:01:12,217 [INFO] [69/121] 청담동 명품거리 (primary=KEY_1)
2026-06-24 02:01:13,342 [INFO] [70/121] 청량리 제기동 일대 전통시장 (primary=KEY_2)
2026-06-24 02:01:14,475 [INFO] [71/121] 해방촌·경리단길 (primary=KEY_3)
2026-06-24 02:01:15,455 [INFO] [72/121] DDP(동대문디자인플라자) (primary=KEY_4)
2026-06-24 02:01:16,643 [INFO] [73/121] DMC(디지털미디어시티) (primary=KEY_1)
2026-06-24 02:01:17,911 [INFO] [74/121] 가산디지털단지역 (primary=KEY_2)
2026-06-24 02:01:19,159 [INFO] [75/121] 강남역 (primary=KEY_3)
2026-06-24 02:01:20,426 [INFO] [76/121] 건대입구역 (primary=KEY_4)
2026-06-24 02:01:21,560 [INFO] [77/121] 고덕역 (primary=KEY_1)
2026-06-24 02:01:22,695 [INFO] [78/121] 고속터미널역 (primary=KEY_2)
2026-06-24 02:01:23,734 [INFO] [79/121] 교대역 (primary=KEY_3)
2026-06-24 02:01:24,728 [INFO] [80/121] 구로디지털단지역 (primary=KEY_4)
2026-06-24 02:01:25,857 [INFO] [81/121] 구로역 (primary=KEY_1)
2026-06-24 02:01:26,846 [INFO] [82/121] 군자역 (primary=KEY_2)
2026-06-24 02:01:27,859 [INFO] [83/121] 대림역 (primary=KEY_3)
2026-06-24 02:01:28,868 [INFO] [84/121] 동대문역 (primary=KEY_4)
2026-06-24 02:01:29,882 [INFO] [85/121] 뚝섬역 (primary=KEY_1)
2026-06-24 02:01:31,018 [INFO] [86/121] 미아사거리역 (primary=KEY_2)
2026-06-24 02:01:32,131 [INFO] [87/121] 발산역 (primary=KEY_3)
2026-06-24 02:01:33,392 [INFO] [88/121] 사당역 (primary=KEY_4)
2026-06-24 02:01:34,545 [INFO] [89/121] 삼각지역 (primary=KEY_1)
2026-06-24 02:01:35,521 [INFO] [90/121] 서울대입구역 (primary=KEY_2)
2026-06-24 02:01:36,556 [INFO] [91/121] 서울식물원·마곡나루역 (primary=KEY_3)
2026-06-24 02:01:37,693 [INFO] [92/121] 서울역 (primary=KEY_4)
2026-06-24 02:01:38,846 [INFO] [93/121] 선릉역 (primary=KEY_1)
2026-06-24 02:01:40,170 [INFO] [94/121] 성신여대입구역 (primary=KEY_2)
2026-06-24 02:01:41,167 [INFO] [95/121] 수유역 (primary=KEY_3)
2026-06-24 02:01:42,293 [INFO] [96/121] 숭례문 (primary=KEY_4)
2026-06-24 02:01:43,446 [INFO] [97/121] 시의회 앞 (primary=KEY_1)
2026-06-24 02:01:44,604 [INFO] [98/121] 신논현역·논현역 (primary=KEY_2)
2026-06-24 02:01:45,757 [INFO] [99/121] 신도림역 (primary=KEY_3)
2026-06-24 02:01:46,763 [INFO] [100/121] 신림역 (primary=KEY_4)
2026-06-24 02:01:47,766 [INFO] [101/121] 신정네거리역 (primary=KEY_1)
2026-06-24 02:01:48,770 [INFO] [102/121] 신촌·이대역 (primary=KEY_2)
2026-06-24 02:01:49,904 [INFO] [103/121] 쌍문역 (primary=KEY_3)
2026-06-24 02:01:50,907 [INFO] [104/121] 양재역 (primary=KEY_4)
2026-06-24 02:01:51,939 [INFO] [105/121] 역삼역 (primary=KEY_1)
2026-06-24 02:01:53,054 [INFO] [106/121] 연신내역 (primary=KEY_2)
2026-06-24 02:01:54,068 [INFO] [107/121] 오목교역·목동운동장 (primary=KEY_3)
2026-06-24 02:01:55,336 [INFO] [108/121] 왕십리역 (primary=KEY_4)
2026-06-24 02:01:56,511 [INFO] [109/121] 용산역 (primary=KEY_1)
2026-06-24 02:01:57,669 [INFO] [110/121] 이태원역 (primary=KEY_2)
2026-06-24 02:01:58,683 [INFO] [111/121] 잠실새내역 (primary=KEY_3)
2026-06-24 02:01:59,802 [INFO] [112/121] 잠실역 (primary=KEY_4)
2026-06-24 02:02:00,921 [INFO] [113/121] 장지역 (primary=KEY_1)
2026-06-24 02:02:02,047 [INFO] [114/121] 장한평역 (primary=KEY_2)
2026-06-24 02:02:03,167 [INFO] [115/121] 천호역 (primary=KEY_3)
2026-06-24 02:02:04,361 [INFO] [116/121] 총신대입구(이수)역 (primary=KEY_4)
2026-06-24 02:02:05,502 [INFO] [117/121] 충정로역 (primary=KEY_1)
2026-06-24 02:02:06,494 [INFO] [118/121] 합정역 (primary=KEY_2)
2026-06-24 02:02:07,627 [INFO] [119/121] 혜화역 (primary=KEY_3)
2026-06-24 02:02:08,633 [INFO] [120/121] 홍대입구역(2호선) (primary=KEY_4)
2026-06-24 02:02:09,627 [INFO] [121/121] 회기역 (primary=KEY_1)
2026-06-24 02:02:11,114 [INFO] === 수집 완료 | 성공 121, 실패 0 ===
2026-06-24 02:02:11,114 [INFO] 카테고리별 저장 결과:
2026-06-24 02:02:11,114 [INFO]    accident                  | 신규     4행 | 누적      9행 | 16컬럼
2026-06-24 02:02:11,114 [INFO]    area_meta                 | 신규   121행 | 누적    242행 | 5컬럼
2026-06-24 02:02:11,114 [INFO]    bike                      | 신규    12행 | 누적     24행 | 12컬럼
2026-06-24 02:02:11,114 [INFO]    bike_sbike_stts           | 신규   546행 | 누적   1092행 | 12컬럼
2026-06-24 02:02:11,114 [INFO]    bus                       | 신규     3행 | 누적      6행 | 11컬럼
2026-06-24 02:02:11,114 [INFO]    bus_bus_stn_stts          | 신규  1745행 | 누적   3490행 | 11컬럼
2026-06-24 02:02:11,114 [INFO]    charger                   | 신규    25행 | 누적     50행 | 15컬럼
2026-06-24 02:02:11,114 [INFO]    charger_charger_stts      | 신규   340행 | 누적    676행 | 15컬럼
2026-06-24 02:02:11,114 [INFO]    cmrcl                     | 신규    82행 | 누적    164행 | 20컬럼
2026-06-24 02:02:11,114 [INFO]    events                    | 신규    12행 | 누적     24행 | 14컬럼
2026-06-24 02:02:11,114 [INFO]    events_event_stts         | 신규   150행 | 누적    300행 | 14컬럼
2026-06-24 02:02:11,114 [INFO]    parking                   | 신규     6행 | 누적     12행 | 21컬럼
2026-06-24 02:02:11,114 [INFO]    parking_prk_stts          | 신규  1835행 | 누적   3670행 | 21컬럼
2026-06-24 02:02:11,114 [INFO]    ppltn                     | 신규   121행 | 누적    242행 | 26컬럼
2026-06-24 02:02:11,114 [INFO]    road                      | 신규   121행 | 누적    242행 | 21컬럼
2026-06-24 02:02:11,114 [INFO]    road_road_traffic_stts    | 신규  5257행 | 누적  10514행 | 17컬럼
2026-06-24 02:02:11,114 [INFO]    subway                    | 신규    38행 | 누적     76행 | 12컬럼
2026-06-24 02:02:11,114 [INFO]    subway_sub_stts           | 신규   183행 | 누적    366행 | 13컬럼
2026-06-24 02:02:11,114 [INFO]    weather                   | 신규   119행 | 누적    238행 | 29컬럼
2026-06-24 02:02:11,114 [INFO] 키별 사용량:
2026-06-24 02:02:11,114 [INFO]    🟢 KEY_1 (31/1000) 
2026-06-24 02:02:11,114 [INFO]    🟢 KEY_2 (30/1000) 
2026-06-24 02:02:11,114 [INFO]    🟢 KEY_3 (30/1000) 
2026-06-24 02:02:11,114 [INFO]    🟢 KEY_4 (30/1000) 
2026-06-24 02:43:49,172 [INFO] 등록된 키: 4개, 합산 한도 4,000건/일
2026-06-24 02:43:49,173 [INFO] POI 로드: 매뉴얼 v8.5 기준 fallback 121개 (121개 전체)
2026-06-24 02:43:49,173 [INFO] === 수집 시작 2026-06-24T02:43:49.173639+09:00 ===
2026-06-24 02:43:49,173 [INFO] 대상 장소: 121개 | API: citydata (통합)
2026-06-24 02:43:49,173 [INFO] 키 풀: 4/4 활성 | 오늘 사용 0/4000건
2026-06-24 02:43:49,173 [INFO]   [KEY_1] 담당 31장소
2026-06-24 02:43:49,174 [INFO]   [KEY_2] 담당 30장소
2026-06-24 02:43:49,174 [INFO]   [KEY_3] 담당 30장소
2026-06-24 02:43:49,174 [INFO]   [KEY_4] 담당 30장소
2026-06-24 02:43:49,174 [INFO] [1/121] 경복궁 (primary=KEY_1)
2026-06-24 02:43:51,015 [INFO] [2/121] 광화문·덕수궁 (primary=KEY_2)
2026-06-24 02:43:53,395 [INFO] [3/121] 보신각 (primary=KEY_3)
2026-06-24 02:43:55,392 [INFO] [4/121] 서울 암사동 유적 (primary=KEY_4)
2026-06-24 02:43:56,482 [INFO] [5/121] 창덕궁·종묘 (primary=KEY_1)
2026-06-24 02:43:58,427 [INFO] [6/121] 강남 MICE 관광특구 (primary=KEY_2)
2026-06-24 02:44:00,428 [INFO] [7/121] 동대문 관광특구 (primary=KEY_3)
2026-06-24 02:44:02,633 [INFO] [8/121] 명동 관광특구 (primary=KEY_4)
2026-06-24 02:44:04,333 [INFO] [9/121] 이태원 관광특구 (primary=KEY_1)
2026-06-24 02:44:06,320 [INFO] [10/121] 잠실 관광특구 (primary=KEY_2)
2026-06-24 02:44:07,823 [INFO] [11/121] 종로·청계 관광특구 (primary=KEY_3)
2026-06-24 02:44:10,040 [INFO] [12/121] 홍대 관광특구 (primary=KEY_4)
2026-06-24 02:44:11,530 [INFO] [13/121] 강서한강공원 (primary=KEY_1)
2026-06-24 02:44:12,780 [INFO] [14/121] 고척돔 (primary=KEY_2)
2026-06-24 02:44:13,878 [INFO] [15/121] 광나루한강공원 (primary=KEY_3)
2026-06-24 02:44:15,144 [INFO] [16/121] 광화문광장 (primary=KEY_4)
2026-06-24 02:44:17,134 [INFO] [17/121] 국립중앙박물관·용산가족공원 (primary=KEY_1)
2026-06-24 02:44:18,248 [INFO] [18/121] 난지한강공원 (primary=KEY_2)
2026-06-24 02:44:19,330 [INFO] [19/121] 남산공원 (primary=KEY_3)
2026-06-24 02:44:20,798 [INFO] [20/121] 노들섬 (primary=KEY_4)
2026-06-24 02:44:21,883 [INFO] [21/121] 뚝섬한강공원 (primary=KEY_1)
2026-06-24 02:44:22,985 [INFO] [22/121] 망원한강공원 (primary=KEY_2)
2026-06-24 02:44:24,272 [INFO] [23/121] 반포한강공원 (primary=KEY_3)
2026-06-24 02:44:26,045 [INFO] [24/121] 보라매공원 (primary=KEY_4)
2026-06-24 02:44:27,868 [INFO] [25/121] 북서울꿈의숲 (primary=KEY_1)
2026-06-24 02:44:28,961 [INFO] [26/121] 서대문독립공원 (primary=KEY_2)
2026-06-24 02:44:30,064 [INFO] [27/121] 서리풀공원·몽마르뜨공원 (primary=KEY_3)
2026-06-24 02:44:31,224 [INFO] [28/121] 서울대공원 (primary=KEY_4)
2026-06-24 02:44:32,311 [INFO] [29/121] 서울숲공원 (primary=KEY_1)
2026-06-24 02:44:33,573 [INFO] [30/121] 송현녹지광장 (primary=KEY_2)
2026-06-24 02:44:34,855 [INFO] [31/121] 아차산 (primary=KEY_3)
2026-06-24 02:44:35,938 [INFO] [32/121] 안양천 (primary=KEY_4)
2026-06-24 02:44:37,728 [INFO] [33/121] 양화한강공원 (primary=KEY_1)
2026-06-24 02:44:38,823 [INFO] [34/121] 어린이대공원 (primary=KEY_2)
2026-06-24 02:44:39,973 [INFO] [35/121] 여의도한강공원 (primary=KEY_3)
2026-06-24 02:44:41,237 [INFO] [36/121] 여의서로 (primary=KEY_4)
2026-06-24 02:44:42,332 [INFO] [37/121] 올림픽공원 (primary=KEY_1)
2026-06-24 02:44:43,648 [INFO] [38/121] 월드컵공원 (primary=KEY_2)
2026-06-24 02:44:45,140 [INFO] [39/121] 응봉산 (primary=KEY_3)
2026-06-24 02:44:46,426 [INFO] [40/121] 이촌한강공원 (primary=KEY_4)
2026-06-24 02:44:48,239 [INFO] [41/121] 잠실종합운동장 (primary=KEY_1)
2026-06-24 02:44:50,065 [INFO] [42/121] 잠실한강공원 (primary=KEY_2)
2026-06-24 02:44:51,858 [INFO] [43/121] 잠원한강공원 (primary=KEY_3)
2026-06-24 02:44:53,811 [INFO] [44/121] 청계산 (primary=KEY_4)
2026-06-24 02:44:54,894 [INFO] [45/121] 홍제폭포 (primary=KEY_1)
2026-06-24 02:44:56,694 [INFO] [46/121] 가락시장 (primary=KEY_2)
2026-06-24 02:44:58,694 [INFO] [47/121] 가로수길 (primary=KEY_3)
2026-06-24 02:45:01,019 [INFO] [48/121] 광장(전통)시장 (primary=KEY_4)
2026-06-24 02:45:02,100 [INFO] [49/121] 김포공항 (primary=KEY_1)
2026-06-24 02:45:04,087 [INFO] [50/121] 남대문시장 (primary=KEY_2)
2026-06-24 02:45:05,188 [INFO] [51/121] 노량진 (primary=KEY_3)
2026-06-24 02:45:06,477 [INFO] [52/121] 덕수궁길·정동길 (primary=KEY_4)
2026-06-24 02:45:07,751 [INFO] [53/121] 북창동 먹자골목 (primary=KEY_1)
2026-06-24 02:45:09,518 [INFO] [54/121] 북촌한옥마을 (primary=KEY_2)
2026-06-24 02:45:10,796 [INFO] [55/121] 서촌 (primary=KEY_3)
2026-06-24 02:45:12,766 [INFO] [56/121] 성수카페거리 (primary=KEY_4)
2026-06-24 02:45:14,049 [INFO] [57/121] 송리단길·호수단길 (primary=KEY_1)
2026-06-24 02:45:15,335 [INFO] [58/121] 신촌 스타광장 (primary=KEY_2)
2026-06-24 02:45:16,414 [INFO] [59/121] 압구정로데오거리 (primary=KEY_3)
2026-06-24 02:45:17,676 [INFO] [60/121] 여의도 (primary=KEY_4)
2026-06-24 02:45:20,232 [INFO] [61/121] 연남동 (primary=KEY_1)
2026-06-24 02:45:22,223 [INFO] [62/121] 영등포 타임스퀘어 (primary=KEY_2)
2026-06-24 02:45:23,484 [INFO] [63/121] 용리단길 (primary=KEY_3)
2026-06-24 02:45:24,619 [INFO] [64/121] 이태원 앤틱가구거리 (primary=KEY_4)
2026-06-24 02:45:25,720 [INFO] [65/121] 익선동 (primary=KEY_1)
2026-06-24 02:45:27,001 [INFO] [66/121] 인사동 (primary=KEY_2)
2026-06-24 02:45:28,301 [INFO] [67/121] 잠실롯데타워·석촌호수 (primary=KEY_3)
2026-06-24 02:45:29,603 [INFO] [68/121] 창동 신경제 중심지 (primary=KEY_4)
2026-06-24 02:45:31,070 [INFO] [69/121] 청담동 명품거리 (primary=KEY_1)
2026-06-24 02:45:32,344 [INFO] [70/121] 청량리 제기동 일대 전통시장 (primary=KEY_2)
2026-06-24 02:45:33,652 [INFO] [71/121] 해방촌·경리단길 (primary=KEY_3)
2026-06-24 02:45:34,753 [INFO] [72/121] DDP(동대문디자인플라자) (primary=KEY_4)
2026-06-24 02:45:36,077 [INFO] [73/121] DMC(디지털미디어시티) (primary=KEY_1)
2026-06-24 02:45:37,568 [INFO] [74/121] 가산디지털단지역 (primary=KEY_2)
2026-06-24 02:45:39,009 [INFO] [75/121] 강남역 (primary=KEY_3)
2026-06-24 02:45:40,487 [INFO] [76/121] 건대입구역 (primary=KEY_4)
2026-06-24 02:45:41,775 [INFO] [77/121] 고덕역 (primary=KEY_1)
2026-06-24 02:45:43,038 [INFO] [78/121] 고속터미널역 (primary=KEY_2)
2026-06-24 02:45:44,356 [INFO] [79/121] 교대역 (primary=KEY_3)
2026-06-24 02:45:45,475 [INFO] [80/121] 구로디지털단지역 (primary=KEY_4)
2026-06-24 02:45:47,797 [INFO] [81/121] 구로역 (primary=KEY_1)
2026-06-24 02:45:48,888 [INFO] [82/121] 군자역 (primary=KEY_2)
2026-06-24 02:45:49,997 [INFO] [83/121] 대림역 (primary=KEY_3)
2026-06-24 02:45:51,275 [INFO] [84/121] 동대문역 (primary=KEY_4)
2026-06-24 02:45:52,396 [INFO] [85/121] 뚝섬역 (primary=KEY_1)
2026-06-24 02:45:53,672 [INFO] [86/121] 미아사거리역 (primary=KEY_2)
2026-06-24 02:45:54,940 [INFO] [87/121] 발산역 (primary=KEY_3)
2026-06-24 02:45:56,388 [INFO] [88/121] 사당역 (primary=KEY_4)
2026-06-24 02:45:58,370 [INFO] [89/121] 삼각지역 (primary=KEY_1)
2026-06-24 02:45:59,502 [INFO] [90/121] 서울대입구역 (primary=KEY_2)
2026-06-24 02:46:00,606 [INFO] [91/121] 서울식물원·마곡나루역 (primary=KEY_3)
2026-06-24 02:46:01,911 [INFO] [92/121] 서울역 (primary=KEY_4)
2026-06-24 02:46:03,223 [INFO] [93/121] 선릉역 (primary=KEY_1)
2026-06-24 02:46:04,728 [INFO] [94/121] 성신여대입구역 (primary=KEY_2)
2026-06-24 02:46:05,838 [INFO] [95/121] 수유역 (primary=KEY_3)
2026-06-24 02:46:07,213 [INFO] [96/121] 숭례문 (primary=KEY_4)
2026-06-24 02:46:08,503 [INFO] [97/121] 시의회 앞 (primary=KEY_1)
2026-06-24 02:46:09,793 [INFO] [98/121] 신논현역·논현역 (primary=KEY_2)
2026-06-24 02:46:11,085 [INFO] [99/121] 신도림역 (primary=KEY_3)
2026-06-24 02:46:12,173 [INFO] [100/121] 신림역 (primary=KEY_4)
2026-06-24 02:46:13,288 [INFO] [101/121] 신정네거리역 (primary=KEY_1)
2026-06-24 02:46:14,381 [INFO] [102/121] 신촌·이대역 (primary=KEY_2)
2026-06-24 02:46:15,658 [INFO] [103/121] 쌍문역 (primary=KEY_3)
2026-06-24 02:46:16,768 [INFO] [104/121] 양재역 (primary=KEY_4)
2026-06-24 02:46:18,050 [INFO] [105/121] 역삼역 (primary=KEY_1)
2026-06-24 02:46:19,340 [INFO] [106/121] 연신내역 (primary=KEY_2)
2026-06-24 02:46:20,460 [INFO] [107/121] 오목교역·목동운동장 (primary=KEY_3)
2026-06-24 02:46:22,093 [INFO] [108/121] 왕십리역 (primary=KEY_4)
2026-06-24 02:46:23,371 [INFO] [109/121] 용산역 (primary=KEY_1)
2026-06-24 02:46:24,819 [INFO] [110/121] 이태원역 (primary=KEY_2)
2026-06-24 02:46:25,913 [INFO] [111/121] 잠실새내역 (primary=KEY_3)
2026-06-24 02:46:27,193 [INFO] [112/121] 잠실역 (primary=KEY_4)
2026-06-24 02:46:28,489 [INFO] [113/121] 장지역 (primary=KEY_1)
2026-06-24 02:46:29,767 [INFO] [114/121] 장한평역 (primary=KEY_2)
2026-06-24 02:46:31,111 [INFO] [115/121] 천호역 (primary=KEY_3)
2026-06-24 02:46:32,405 [INFO] [116/121] 총신대입구(이수)역 (primary=KEY_4)
2026-06-24 02:46:33,698 [INFO] [117/121] 충정로역 (primary=KEY_1)
2026-06-24 02:46:34,995 [INFO] [118/121] 합정역 (primary=KEY_2)
2026-06-24 02:46:36,287 [INFO] [119/121] 혜화역 (primary=KEY_3)
2026-06-24 02:46:37,561 [INFO] [120/121] 홍대입구역(2호선) (primary=KEY_4)
2026-06-24 02:46:38,688 [INFO] [121/121] 회기역 (primary=KEY_1)
2026-06-24 02:46:40,776 [INFO] === 수집 완료 | 성공 121, 실패 0 ===
2026-06-24 02:46:40,776 [INFO] 카테고리별 저장 결과:
2026-06-24 02:46:40,776 [INFO]    accident                  | 신규     4행 | 누적     13행 | 16컬럼
2026-06-24 02:46:40,776 [INFO]    area_meta                 | 신규   121행 | 누적    363행 | 5컬럼
2026-06-24 02:46:40,776 [INFO]    bike                      | 신규    12행 | 누적     36행 | 12컬럼
2026-06-24 02:46:40,776 [INFO]    bike_sbike_stts           | 신규   546행 | 누적   1638행 | 12컬럼
2026-06-24 02:46:40,776 [INFO]    bus                       | 신규     3행 | 누적      9행 | 11컬럼
2026-06-24 02:46:40,777 [INFO]    bus_bus_stn_stts          | 신규  1745행 | 누적   5235행 | 11컬럼
2026-06-24 02:46:40,777 [INFO]    charger                   | 신규    11행 | 누적     61행 | 15컬럼
2026-06-24 02:46:40,777 [INFO]    charger_charger_stts      | 신규   725행 | 누적   1396행 | 15컬럼
2026-06-24 02:46:40,777 [INFO]    cmrcl                     | 신규    82행 | 누적    246행 | 20컬럼
2026-06-24 02:46:40,777 [INFO]    events                    | 신규    12행 | 누적     36행 | 14컬럼
2026-06-24 02:46:40,777 [INFO]    events_event_stts         | 신규   150행 | 누적    450행 | 14컬럼
2026-06-24 02:46:40,777 [INFO]    parking                   | 신규     6행 | 누적     18행 | 21컬럼
2026-06-24 02:46:40,777 [INFO]    parking_prk_stts          | 신규  1835행 | 누적   5505행 | 21컬럼
2026-06-24 02:46:40,777 [INFO]    ppltn                     | 신규   121행 | 누적    363행 | 26컬럼
2026-06-24 02:46:40,777 [INFO]    road                      | 신규   121행 | 누적    363행 | 21컬럼
2026-06-24 02:46:40,777 [INFO]    road_road_traffic_stts    | 신규  5257행 | 누적  15771행 | 17컬럼
2026-06-24 02:46:40,777 [INFO]    subway                    | 신규    38행 | 누적    114행 | 12컬럼
2026-06-24 02:46:40,777 [INFO]    subway_sub_stts           | 신규   183행 | 누적    549행 | 13컬럼
2026-06-24 02:46:40,777 [INFO]    weather                   | 신규   119행 | 누적    357행 | 29컬럼
2026-06-24 02:46:40,777 [INFO] 키별 사용량:
2026-06-24 02:46:40,777 [INFO]    🟢 KEY_1 (31/1000) 
2026-06-24 02:46:40,777 [INFO]    🟢 KEY_2 (30/1000) 
2026-06-24 02:46:40,778 [INFO]    🟢 KEY_3 (30/1000) 
2026-06-24 02:46:40,778 [INFO]    🟢 KEY_4 (30/1000) 
2026-06-24 03:55:56,927 [INFO] 등록된 키: 4개, 합산 한도 4,000건/일
2026-06-24 03:55:56,928 [INFO] POI 로드: 매뉴얼 v8.5 기준 fallback 121개 (121개 전체)
2026-06-24 03:55:56,928 [INFO] === 수집 시작 2026-06-24T03:55:56.928288+09:00 ===
2026-06-24 03:55:56,928 [INFO] 대상 장소: 121개 | API: citydata (통합)
2026-06-24 03:55:56,928 [INFO] 키 풀: 4/4 활성 | 오늘 사용 0/4000건
2026-06-24 03:55:56,928 [INFO]   [KEY_1] 담당 31장소
2026-06-24 03:55:56,928 [INFO]   [KEY_2] 담당 30장소
2026-06-24 03:55:56,928 [INFO]   [KEY_3] 담당 30장소
2026-06-24 03:55:56,928 [INFO]   [KEY_4] 담당 30장소
2026-06-24 03:55:56,928 [INFO] [1/121] 경복궁 (primary=KEY_1)
2026-06-24 03:55:58,704 [INFO] [2/121] 광화문·덕수궁 (primary=KEY_2)
2026-06-24 03:56:00,955 [INFO] [3/121] 보신각 (primary=KEY_3)
2026-06-24 03:56:02,849 [INFO] [4/121] 서울 암사동 유적 (primary=KEY_4)
2026-06-24 03:56:04,569 [INFO] [5/121] 창덕궁·종묘 (primary=KEY_1)
2026-06-24 03:56:06,428 [INFO] [6/121] 강남 MICE 관광특구 (primary=KEY_2)
2026-06-24 03:56:08,463 [INFO] [7/121] 동대문 관광특구 (primary=KEY_3)
2026-06-24 03:56:10,547 [INFO] [8/121] 명동 관광특구 (primary=KEY_4)
2026-06-24 03:56:12,141 [INFO] [9/121] 이태원 관광특구 (primary=KEY_1)
2026-06-24 03:56:14,021 [INFO] [10/121] 잠실 관광특구 (primary=KEY_2)
2026-06-24 03:56:16,414 [INFO] [11/121] 종로·청계 관광특구 (primary=KEY_3)
2026-06-24 03:56:18,501 [INFO] [12/121] 홍대 관광특구 (primary=KEY_4)
2026-06-24 03:56:19,951 [INFO] [13/121] 강서한강공원 (primary=KEY_1)
2026-06-24 03:56:21,008 [INFO] [14/121] 고척돔 (primary=KEY_2)
2026-06-24 03:56:22,866 [INFO] [15/121] 광나루한강공원 (primary=KEY_3)
2026-06-24 03:56:24,721 [INFO] [16/121] 광화문광장 (primary=KEY_4)
2026-06-24 03:56:25,945 [INFO] [17/121] 국립중앙박물관·용산가족공원 (primary=KEY_1)
2026-06-24 03:56:27,019 [INFO] [18/121] 난지한강공원 (primary=KEY_2)
2026-06-24 03:56:28,234 [INFO] [19/121] 남산공원 (primary=KEY_3)
2026-06-24 03:56:29,635 [INFO] [20/121] 노들섬 (primary=KEY_4)
2026-06-24 03:56:31,369 [INFO] [21/121] 뚝섬한강공원 (primary=KEY_1)
2026-06-24 03:56:32,431 [INFO] [22/121] 망원한강공원 (primary=KEY_2)
2026-06-24 03:56:33,666 [INFO] [23/121] 반포한강공원 (primary=KEY_3)
2026-06-24 03:56:34,713 [INFO] [24/121] 보라매공원 (primary=KEY_4)
2026-06-24 03:56:35,799 [INFO] [25/121] 북서울꿈의숲 (primary=KEY_1)
2026-06-24 03:56:37,015 [INFO] [26/121] 서대문독립공원 (primary=KEY_2)
2026-06-24 03:56:38,085 [INFO] [27/121] 서리풀공원·몽마르뜨공원 (primary=KEY_3)
2026-06-24 03:56:39,187 [INFO] [28/121] 서울대공원 (primary=KEY_4)
2026-06-24 03:56:40,234 [INFO] [29/121] 서울숲공원 (primary=KEY_1)
2026-06-24 03:56:41,657 [INFO] [30/121] 송현녹지광장 (primary=KEY_2)
2026-06-24 03:56:42,884 [INFO] [31/121] 아차산 (primary=KEY_3)
2026-06-24 03:56:43,928 [INFO] [32/121] 안양천 (primary=KEY_4)
2026-06-24 03:56:44,994 [INFO] [33/121] 양화한강공원 (primary=KEY_1)
2026-06-24 03:56:46,203 [INFO] [34/121] 어린이대공원 (primary=KEY_2)
2026-06-24 03:56:47,438 [INFO] [35/121] 여의도한강공원 (primary=KEY_3)
2026-06-24 03:56:49,313 [INFO] [36/121] 여의서로 (primary=KEY_4)
2026-06-24 03:56:51,159 [INFO] [37/121] 올림픽공원 (primary=KEY_1)
2026-06-24 03:56:52,425 [INFO] [38/121] 월드컵공원 (primary=KEY_2)
2026-06-24 03:56:53,837 [INFO] [39/121] 응봉산 (primary=KEY_3)
2026-06-24 03:56:55,054 [INFO] [40/121] 이촌한강공원 (primary=KEY_4)
2026-06-24 03:56:56,100 [INFO] [41/121] 잠실종합운동장 (primary=KEY_1)
2026-06-24 03:56:57,158 [INFO] [42/121] 잠실한강공원 (primary=KEY_2)
2026-06-24 03:56:59,191 [INFO] [43/121] 잠원한강공원 (primary=KEY_3)
2026-06-24 03:57:00,241 [INFO] [44/121] 청계산 (primary=KEY_4)
2026-06-24 03:57:01,291 [INFO] [45/121] 홍제폭포 (primary=KEY_1)
2026-06-24 03:57:02,329 [INFO] [46/121] 가락시장 (primary=KEY_2)
2026-06-24 03:57:03,559 [INFO] [47/121] 가로수길 (primary=KEY_3)
2026-06-24 03:57:04,799 [INFO] [48/121] 광장(전통)시장 (primary=KEY_4)
2026-06-24 03:57:05,872 [INFO] [49/121] 김포공항 (primary=KEY_1)
2026-06-24 03:57:07,128 [INFO] [50/121] 남대문시장 (primary=KEY_2)
2026-06-24 03:57:08,372 [INFO] [51/121] 노량진 (primary=KEY_3)
2026-06-24 03:57:09,610 [INFO] [52/121] 덕수궁길·정동길 (primary=KEY_4)
2026-06-24 03:57:10,835 [INFO] [53/121] 북창동 먹자골목 (primary=KEY_1)
2026-06-24 03:57:12,050 [INFO] [54/121] 북촌한옥마을 (primary=KEY_2)
2026-06-24 03:57:13,433 [INFO] [55/121] 서촌 (primary=KEY_3)
2026-06-24 03:57:14,655 [INFO] [56/121] 성수카페거리 (primary=KEY_4)
2026-06-24 03:57:16,047 [INFO] [57/121] 송리단길·호수단길 (primary=KEY_1)
2026-06-24 03:57:17,272 [INFO] [58/121] 신촌 스타광장 (primary=KEY_2)
2026-06-24 03:57:19,142 [INFO] [59/121] 압구정로데오거리 (primary=KEY_3)
2026-06-24 03:57:20,364 [INFO] [60/121] 여의도 (primary=KEY_4)
2026-06-24 03:57:22,317 [INFO] [61/121] 연남동 (primary=KEY_1)
2026-06-24 03:57:23,533 [INFO] [62/121] 영등포 타임스퀘어 (primary=KEY_2)
2026-06-24 03:57:24,745 [INFO] [63/121] 용리단길 (primary=KEY_3)
2026-06-24 03:57:26,460 [INFO] [64/121] 이태원 앤틱가구거리 (primary=KEY_4)
2026-06-24 03:57:27,523 [INFO] [65/121] 익선동 (primary=KEY_1)
2026-06-24 03:57:28,771 [INFO] [66/121] 인사동 (primary=KEY_2)
2026-06-24 03:57:30,165 [INFO] [67/121] 잠실롯데타워·석촌호수 (primary=KEY_3)
2026-06-24 03:57:31,772 [INFO] [68/121] 창동 신경제 중심지 (primary=KEY_4)
2026-06-24 03:57:33,353 [INFO] [69/121] 청담동 명품거리 (primary=KEY_1)
2026-06-24 03:57:34,589 [INFO] [70/121] 청량리 제기동 일대 전통시장 (primary=KEY_2)
2026-06-24 03:57:35,856 [INFO] [71/121] 해방촌·경리단길 (primary=KEY_3)
2026-06-24 03:57:36,925 [INFO] [72/121] DDP(동대문디자인플라자) (primary=KEY_4)
2026-06-24 03:57:38,164 [INFO] [73/121] DMC(디지털미디어시티) (primary=KEY_1)
2026-06-24 03:57:39,765 [INFO] [74/121] 가산디지털단지역 (primary=KEY_2)
2026-06-24 03:57:41,509 [INFO] [75/121] 강남역 (primary=KEY_3)
2026-06-24 03:57:42,936 [INFO] [76/121] 건대입구역 (primary=KEY_4)
2026-06-24 03:57:44,212 [INFO] [77/121] 고덕역 (primary=KEY_1)
2026-06-24 03:57:45,449 [INFO] [78/121] 고속터미널역 (primary=KEY_2)
2026-06-24 03:57:46,695 [INFO] [79/121] 교대역 (primary=KEY_3)
2026-06-24 03:57:47,777 [INFO] [80/121] 구로디지털단지역 (primary=KEY_4)
2026-06-24 03:57:49,344 [INFO] [81/121] 구로역 (primary=KEY_1)
2026-06-24 03:57:50,563 [INFO] [82/121] 군자역 (primary=KEY_2)
2026-06-24 03:57:51,645 [INFO] [83/121] 대림역 (primary=KEY_3)
2026-06-24 03:57:52,910 [INFO] [84/121] 동대문역 (primary=KEY_4)
2026-06-24 03:57:54,146 [INFO] [85/121] 뚝섬역 (primary=KEY_1)
2026-06-24 03:57:55,386 [INFO] [86/121] 미아사거리역 (primary=KEY_2)
2026-06-24 03:57:56,609 [INFO] [87/121] 발산역 (primary=KEY_3)
2026-06-24 03:57:58,165 [INFO] [88/121] 사당역 (primary=KEY_4)
2026-06-24 03:57:59,410 [INFO] [89/121] 삼각지역 (primary=KEY_1)
2026-06-24 03:58:00,496 [INFO] [90/121] 서울대입구역 (primary=KEY_2)
2026-06-24 03:58:01,730 [INFO] [91/121] 서울식물원·마곡나루역 (primary=KEY_3)
2026-06-24 03:58:03,124 [INFO] [92/121] 서울역 (primary=KEY_4)
2026-06-24 03:58:04,423 [INFO] [93/121] 선릉역 (primary=KEY_1)
2026-06-24 03:58:06,024 [INFO] [94/121] 성신여대입구역 (primary=KEY_2)
2026-06-24 03:58:07,124 [INFO] [95/121] 수유역 (primary=KEY_3)
2026-06-24 03:58:08,356 [INFO] [96/121] 숭례문 (primary=KEY_4)
2026-06-24 03:58:10,451 [INFO] [97/121] 시의회 앞 (primary=KEY_1)
2026-06-24 03:58:11,691 [INFO] [98/121] 신논현역·논현역 (primary=KEY_2)
2026-06-24 03:58:13,615 [INFO] [99/121] 신도림역 (primary=KEY_3)
2026-06-24 03:58:14,690 [INFO] [100/121] 신림역 (primary=KEY_4)
2026-06-24 03:58:15,776 [INFO] [101/121] 신정네거리역 (primary=KEY_1)
2026-06-24 03:58:17,023 [INFO] [102/121] 신촌·이대역 (primary=KEY_2)
2026-06-24 03:58:18,276 [INFO] [103/121] 쌍문역 (primary=KEY_3)
2026-06-24 03:58:19,500 [INFO] [104/121] 양재역 (primary=KEY_4)
2026-06-24 03:58:20,734 [INFO] [105/121] 역삼역 (primary=KEY_1)
2026-06-24 03:58:22,131 [INFO] [106/121] 연신내역 (primary=KEY_2)
2026-06-24 03:58:23,233 [INFO] [107/121] 오목교역·목동운동장 (primary=KEY_3)
2026-06-24 03:58:24,986 [INFO] [108/121] 왕십리역 (primary=KEY_4)
2026-06-24 03:58:26,291 [INFO] [109/121] 용산역 (primary=KEY_1)
2026-06-24 03:58:27,685 [INFO] [110/121] 이태원역 (primary=KEY_2)
2026-06-24 03:58:28,746 [INFO] [111/121] 잠실새내역 (primary=KEY_3)
2026-06-24 03:58:30,041 [INFO] [112/121] 잠실역 (primary=KEY_4)
2026-06-24 03:58:31,450 [INFO] [113/121] 장지역 (primary=KEY_1)
2026-06-24 03:58:32,852 [INFO] [114/121] 장한평역 (primary=KEY_2)
2026-06-24 03:58:34,084 [INFO] [115/121] 천호역 (primary=KEY_3)
2026-06-24 03:58:35,342 [INFO] [116/121] 총신대입구(이수)역 (primary=KEY_4)
2026-06-24 03:58:36,583 [INFO] [117/121] 충정로역 (primary=KEY_1)
2026-06-24 03:58:37,813 [INFO] [118/121] 합정역 (primary=KEY_2)
2026-06-24 03:58:39,071 [INFO] [119/121] 혜화역 (primary=KEY_3)
2026-06-24 03:58:40,321 [INFO] [120/121] 홍대입구역(2호선) (primary=KEY_4)
2026-06-24 03:58:41,554 [INFO] [121/121] 회기역 (primary=KEY_1)
2026-06-24 03:58:43,694 [INFO] === 수집 완료 | 성공 121, 실패 0 ===
2026-06-24 03:58:43,694 [INFO] 카테고리별 저장 결과:
2026-06-24 03:58:43,694 [INFO]    area_meta                 | 신규   121행 | 누적    484행 | 5컬럼
2026-06-24 03:58:43,694 [INFO]    bike                      | 신규    12행 | 누적     48행 | 12컬럼
2026-06-24 03:58:43,694 [INFO]    bike_sbike_stts           | 신규   546행 | 누적   2184행 | 12컬럼
2026-06-24 03:58:43,695 [INFO]    bus                       | 신규     3행 | 누적     12행 | 11컬럼
2026-06-24 03:58:43,695 [INFO]    bus_bus_stn_stts          | 신규  1745행 | 누적   6980행 | 11컬럼
2026-06-24 03:58:43,695 [INFO]    charger                   | 신규     4행 | 누적     65행 | 15컬럼
2026-06-24 03:58:43,695 [INFO]    charger_charger_stts      | 신규  1915행 | 누적   3296행 | 15컬럼
2026-06-24 03:58:43,695 [INFO]    cmrcl                     | 신규    82행 | 누적    328행 | 20컬럼
2026-06-24 03:58:43,695 [INFO]    events                    | 신규    12행 | 누적     48행 | 14컬럼
2026-06-24 03:58:43,695 [INFO]    events_event_stts         | 신규   150행 | 누적    600행 | 14컬럼
2026-06-24 03:58:43,695 [INFO]    parking                   | 신규     6행 | 누적     24행 | 21컬럼
2026-06-24 03:58:43,695 [INFO]    parking_prk_stts          | 신규  1835행 | 누적   7340행 | 21컬럼
2026-06-24 03:58:43,695 [INFO]    ppltn                     | 신규   121행 | 누적    484행 | 26컬럼
2026-06-24 03:58:43,695 [INFO]    road                      | 신규   121행 | 누적    484행 | 21컬럼
2026-06-24 03:58:43,695 [INFO]    road_road_traffic_stts    | 신규  5257행 | 누적  21028행 | 17컬럼
2026-06-24 03:58:43,695 [INFO]    subway                    | 신규    38행 | 누적    152행 | 12컬럼
2026-06-24 03:58:43,695 [INFO]    subway_sub_stts           | 신규   183행 | 누적    732행 | 13컬럼
2026-06-24 03:58:43,695 [INFO]    weather                   | 신규   119행 | 누적    476행 | 29컬럼
2026-06-24 03:58:43,695 [INFO] 키별 사용량:
2026-06-24 03:58:43,695 [INFO]    🟢 KEY_1 (31/1000) 
2026-06-24 03:58:43,695 [INFO]    🟢 KEY_2 (30/1000) 
2026-06-24 03:58:43,695 [INFO]    🟢 KEY_3 (30/1000) 
2026-06-24 03:58:43,695 [INFO]    🟢 KEY_4 (30/1000) 
2026-06-24 04:45:54,364 [INFO] 등록된 키: 4개, 합산 한도 4,000건/일
2026-06-24 04:45:54,365 [INFO] POI 로드: 매뉴얼 v8.5 기준 fallback 121개 (121개 전체)
2026-06-24 04:45:54,365 [INFO] === 수집 시작 2026-06-24T04:45:54.365266+09:00 ===
2026-06-24 04:45:54,365 [INFO] 대상 장소: 121개 | API: citydata (통합)
2026-06-24 04:45:54,365 [INFO] 키 풀: 4/4 활성 | 오늘 사용 0/4000건
2026-06-24 04:45:54,365 [INFO]   [KEY_1] 담당 31장소
2026-06-24 04:45:54,365 [INFO]   [KEY_2] 담당 30장소
2026-06-24 04:45:54,365 [INFO]   [KEY_3] 담당 30장소
2026-06-24 04:45:54,365 [INFO]   [KEY_4] 담당 30장소
2026-06-24 04:45:54,365 [INFO] [1/121] 경복궁 (primary=KEY_1)
2026-06-24 04:45:55,998 [INFO] [2/121] 광화문·덕수궁 (primary=KEY_2)
2026-06-24 04:45:57,476 [INFO] [3/121] 보신각 (primary=KEY_3)
2026-06-24 04:45:58,665 [INFO] [4/121] 서울 암사동 유적 (primary=KEY_4)
2026-06-24 04:46:00,269 [INFO] [5/121] 창덕궁·종묘 (primary=KEY_1)
2026-06-24 04:46:01,417 [INFO] [6/121] 강남 MICE 관광특구 (primary=KEY_2)
2026-06-24 04:46:02,736 [INFO] [7/121] 동대문 관광특구 (primary=KEY_3)
2026-06-24 04:46:04,688 [INFO] [8/121] 명동 관광특구 (primary=KEY_4)
2026-06-24 04:46:06,813 [INFO] [9/121] 이태원 관광특구 (primary=KEY_1)
2026-06-24 04:46:08,574 [INFO] [10/121] 잠실 관광특구 (primary=KEY_2)
2026-06-24 04:46:09,915 [INFO] [11/121] 종로·청계 관광특구 (primary=KEY_3)
2026-06-24 04:46:11,302 [INFO] [12/121] 홍대 관광특구 (primary=KEY_4)
2026-06-24 04:46:13,243 [INFO] [13/121] 강서한강공원 (primary=KEY_1)
2026-06-24 04:46:15,145 [INFO] [14/121] 고척돔 (primary=KEY_2)
2026-06-24 04:46:16,144 [INFO] [15/121] 광나루한강공원 (primary=KEY_3)
2026-06-24 04:46:17,299 [INFO] [16/121] 광화문광장 (primary=KEY_4)
2026-06-24 04:46:18,462 [INFO] [17/121] 국립중앙박물관·용산가족공원 (primary=KEY_1)
2026-06-24 04:46:19,504 [INFO] [18/121] 난지한강공원 (primary=KEY_2)
2026-06-24 04:46:20,508 [INFO] [19/121] 남산공원 (primary=KEY_3)
2026-06-24 04:46:22,438 [INFO] [20/121] 노들섬 (primary=KEY_4)
2026-06-24 04:46:23,442 [INFO] [21/121] 뚝섬한강공원 (primary=KEY_1)
2026-06-24 04:46:24,449 [INFO] [22/121] 망원한강공원 (primary=KEY_2)
2026-06-24 04:46:25,899 [INFO] [23/121] 반포한강공원 (primary=KEY_3)
2026-06-24 04:46:26,911 [INFO] [24/121] 보라매공원 (primary=KEY_4)
2026-06-24 04:46:27,949 [INFO] [25/121] 북서울꿈의숲 (primary=KEY_1)
2026-06-24 04:46:28,946 [INFO] [26/121] 서대문독립공원 (primary=KEY_2)
2026-06-24 04:46:29,965 [INFO] [27/121] 서리풀공원·몽마르뜨공원 (primary=KEY_3)
2026-06-24 04:46:31,016 [INFO] [28/121] 서울대공원 (primary=KEY_4)
2026-06-24 04:46:32,017 [INFO] [29/121] 서울숲공원 (primary=KEY_1)
2026-06-24 04:46:33,190 [INFO] [30/121] 송현녹지광장 (primary=KEY_2)
2026-06-24 04:46:34,362 [INFO] [31/121] 아차산 (primary=KEY_3)
2026-06-24 04:46:35,363 [INFO] [32/121] 안양천 (primary=KEY_4)
2026-06-24 04:46:36,370 [INFO] [33/121] 양화한강공원 (primary=KEY_1)
2026-06-24 04:46:37,377 [INFO] [34/121] 어린이대공원 (primary=KEY_2)
2026-06-24 04:46:38,420 [INFO] [35/121] 여의도한강공원 (primary=KEY_3)
2026-06-24 04:46:39,624 [INFO] [36/121] 여의서로 (primary=KEY_4)
2026-06-24 04:46:41,223 [INFO] [37/121] 올림픽공원 (primary=KEY_1)
2026-06-24 04:46:43,176 [INFO] [38/121] 월드컵공원 (primary=KEY_2)
2026-06-24 04:46:44,508 [INFO] [39/121] 응봉산 (primary=KEY_3)
2026-06-24 04:46:45,659 [INFO] [40/121] 이촌한강공원 (primary=KEY_4)
2026-06-24 04:46:46,664 [INFO] [41/121] 잠실종합운동장 (primary=KEY_1)
2026-06-24 04:46:47,697 [INFO] [42/121] 잠실한강공원 (primary=KEY_2)
2026-06-24 04:46:48,725 [INFO] [43/121] 잠원한강공원 (primary=KEY_3)
2026-06-24 04:46:50,612 [INFO] [44/121] 청계산 (primary=KEY_4)
2026-06-24 04:46:51,633 [INFO] [45/121] 홍제폭포 (primary=KEY_1)
2026-06-24 04:46:52,642 [INFO] [46/121] 가락시장 (primary=KEY_2)
2026-06-24 04:46:53,830 [INFO] [47/121] 가로수길 (primary=KEY_3)
2026-06-24 04:46:55,030 [INFO] [48/121] 광장(전통)시장 (primary=KEY_4)
2026-06-24 04:46:56,060 [INFO] [49/121] 김포공항 (primary=KEY_1)
2026-06-24 04:46:57,262 [INFO] [50/121] 남대문시장 (primary=KEY_2)
2026-06-24 04:46:58,299 [INFO] [51/121] 노량진 (primary=KEY_3)
2026-06-24 04:46:59,335 [INFO] [52/121] 덕수궁길·정동길 (primary=KEY_4)
2026-06-24 04:47:01,114 [INFO] [53/121] 북창동 먹자골목 (primary=KEY_1)
2026-06-24 04:47:02,129 [INFO] [54/121] 북촌한옥마을 (primary=KEY_2)
2026-06-24 04:47:03,317 [INFO] [55/121] 서촌 (primary=KEY_3)
2026-06-24 04:47:04,488 [INFO] [56/121] 성수카페거리 (primary=KEY_4)
2026-06-24 04:47:05,664 [INFO] [57/121] 송리단길·호수단길 (primary=KEY_1)
2026-06-24 04:47:06,843 [INFO] [58/121] 신촌 스타광장 (primary=KEY_2)
2026-06-24 04:47:07,858 [INFO] [59/121] 압구정로데오거리 (primary=KEY_3)
2026-06-24 04:47:09,025 [INFO] [60/121] 여의도 (primary=KEY_4)
2026-06-24 04:47:10,691 [INFO] [61/121] 연남동 (primary=KEY_1)
2026-06-24 04:47:11,844 [INFO] [62/121] 영등포 타임스퀘어 (primary=KEY_2)
2026-06-24 04:47:13,014 [INFO] [63/121] 용리단길 (primary=KEY_3)
2026-06-24 04:47:14,202 [INFO] [64/121] 이태원 앤틱가구거리 (primary=KEY_4)
2026-06-24 04:47:15,225 [INFO] [65/121] 익선동 (primary=KEY_1)
2026-06-24 04:47:16,409 [INFO] [66/121] 인사동 (primary=KEY_2)
2026-06-24 04:47:17,587 [INFO] [67/121] 잠실롯데타워·석촌호수 (primary=KEY_3)
2026-06-24 04:47:18,769 [INFO] [68/121] 창동 신경제 중심지 (primary=KEY_4)
2026-06-24 04:47:21,439 [INFO] [69/121] 청담동 명품거리 (primary=KEY_1)
2026-06-24 04:47:22,593 [INFO] [70/121] 청량리 제기동 일대 전통시장 (primary=KEY_2)
2026-06-24 04:47:24,372 [INFO] [71/121] 해방촌·경리단길 (primary=KEY_3)
2026-06-24 04:47:25,375 [INFO] [72/121] DDP(동대문디자인플라자) (primary=KEY_4)
2026-06-24 04:47:26,653 [INFO] [73/121] DMC(디지털미디어시티) (primary=KEY_1)
2026-06-24 04:47:27,993 [INFO] [74/121] 가산디지털단지역 (primary=KEY_2)
2026-06-24 04:47:29,304 [INFO] [75/121] 강남역 (primary=KEY_3)
2026-06-24 04:47:30,625 [INFO] [76/121] 건대입구역 (primary=KEY_4)
2026-06-24 04:47:31,802 [INFO] [77/121] 고덕역 (primary=KEY_1)
2026-06-24 04:47:32,967 [INFO] [78/121] 고속터미널역 (primary=KEY_2)
2026-06-24 04:47:34,005 [INFO] [79/121] 교대역 (primary=KEY_3)
2026-06-24 04:47:35,030 [INFO] [80/121] 구로디지털단지역 (primary=KEY_4)
2026-06-24 04:47:36,195 [INFO] [81/121] 구로역 (primary=KEY_1)
2026-06-24 04:47:37,352 [INFO] [82/121] 군자역 (primary=KEY_2)
2026-06-24 04:47:38,530 [INFO] [83/121] 대림역 (primary=KEY_3)
2026-06-24 04:47:39,564 [INFO] [84/121] 동대문역 (primary=KEY_4)
2026-06-24 04:47:40,728 [INFO] [85/121] 뚝섬역 (primary=KEY_1)
2026-06-24 04:47:41,902 [INFO] [86/121] 미아사거리역 (primary=KEY_2)
2026-06-24 04:47:43,071 [INFO] [87/121] 발산역 (primary=KEY_3)
2026-06-24 04:47:44,390 [INFO] [88/121] 사당역 (primary=KEY_4)
2026-06-24 04:47:46,451 [INFO] [89/121] 삼각지역 (primary=KEY_1)
2026-06-24 04:47:47,476 [INFO] [90/121] 서울대입구역 (primary=KEY_2)
2026-06-24 04:47:48,519 [INFO] [91/121] 서울식물원·마곡나루역 (primary=KEY_3)
2026-06-24 04:47:49,706 [INFO] [92/121] 서울역 (primary=KEY_4)
2026-06-24 04:47:50,915 [INFO] [93/121] 선릉역 (primary=KEY_1)
2026-06-24 04:47:52,287 [INFO] [94/121] 성신여대입구역 (primary=KEY_2)
2026-06-24 04:47:53,323 [INFO] [95/121] 수유역 (primary=KEY_3)
2026-06-24 04:47:54,498 [INFO] [96/121] 숭례문 (primary=KEY_4)
2026-06-24 04:47:55,701 [INFO] [97/121] 시의회 앞 (primary=KEY_1)
2026-06-24 04:47:56,889 [INFO] [98/121] 신논현역·논현역 (primary=KEY_2)
2026-06-24 04:47:58,088 [INFO] [99/121] 신도림역 (primary=KEY_3)
2026-06-24 04:47:59,715 [INFO] [100/121] 신림역 (primary=KEY_4)
2026-06-24 04:48:00,750 [INFO] [101/121] 신정네거리역 (primary=KEY_1)
2026-06-24 04:48:01,771 [INFO] [102/121] 신촌·이대역 (primary=KEY_2)
2026-06-24 04:48:02,933 [INFO] [103/121] 쌍문역 (primary=KEY_3)
2026-06-24 04:48:03,975 [INFO] [104/121] 양재역 (primary=KEY_4)
2026-06-24 04:48:05,157 [INFO] [105/121] 역삼역 (primary=KEY_1)
2026-06-24 04:48:06,338 [INFO] [106/121] 연신내역 (primary=KEY_2)
2026-06-24 04:48:07,389 [INFO] [107/121] 오목교역·목동운동장 (primary=KEY_3)
2026-06-24 04:48:08,756 [INFO] [108/121] 왕십리역 (primary=KEY_4)
2026-06-24 04:48:09,937 [INFO] [109/121] 용산역 (primary=KEY_1)
2026-06-24 04:48:11,114 [INFO] [110/121] 이태원역 (primary=KEY_2)
2026-06-24 04:48:12,142 [INFO] [111/121] 잠실새내역 (primary=KEY_3)
2026-06-24 04:48:13,317 [INFO] [112/121] 잠실역 (primary=KEY_4)
2026-06-24 04:48:15,085 [INFO] [113/121] 장지역 (primary=KEY_1)
2026-06-24 04:48:16,259 [INFO] [114/121] 장한평역 (primary=KEY_2)
2026-06-24 04:48:17,448 [INFO] [115/121] 천호역 (primary=KEY_3)
2026-06-24 04:48:18,693 [INFO] [116/121] 총신대입구(이수)역 (primary=KEY_4)
2026-06-24 04:48:19,888 [INFO] [117/121] 충정로역 (primary=KEY_1)
2026-06-24 04:48:20,951 [INFO] [118/121] 합정역 (primary=KEY_2)
2026-06-24 04:48:23,009 [INFO] [119/121] 혜화역 (primary=KEY_3)
2026-06-24 04:48:24,034 [INFO] [120/121] 홍대입구역(2호선) (primary=KEY_4)
2026-06-24 04:48:25,215 [INFO] [121/121] 회기역 (primary=KEY_1)
2026-06-24 04:48:27,443 [INFO] === 수집 완료 | 성공 121, 실패 0 ===
2026-06-24 04:48:27,443 [INFO] 카테고리별 저장 결과:
2026-06-24 04:48:27,443 [INFO]    accident                  | 신규     4행 | 누적     17행 | 16컬럼
2026-06-24 04:48:27,443 [INFO]    area_meta                 | 신규   121행 | 누적    605행 | 5컬럼
2026-06-24 04:48:27,443 [INFO]    bike                      | 신규    12행 | 누적     60행 | 12컬럼
2026-06-24 04:48:27,443 [INFO]    bike_sbike_stts           | 신규   546행 | 누적   2730행 | 12컬럼
2026-06-24 04:48:27,443 [INFO]    bus                       | 신규     3행 | 누적     15행 | 11컬럼
2026-06-24 04:48:27,443 [INFO]    bus_bus_stn_stts          | 신규  1745행 | 누적   8725행 | 11컬럼
2026-06-24 04:48:27,443 [INFO]    charger                   | 신규    25행 | 누적     90행 | 15컬럼
2026-06-24 04:48:27,443 [INFO]    charger_charger_stts      | 신규   340행 | 누적   3634행 | 15컬럼
2026-06-24 04:48:27,443 [INFO]    cmrcl                     | 신규    82행 | 누적    410행 | 20컬럼
2026-06-24 04:48:27,444 [INFO]    events                    | 신규    12행 | 누적     60행 | 14컬럼
2026-06-24 04:48:27,444 [INFO]    events_event_stts         | 신규   150행 | 누적    750행 | 14컬럼
2026-06-24 04:48:27,444 [INFO]    parking                   | 신규     6행 | 누적     30행 | 21컬럼
2026-06-24 04:48:27,444 [INFO]    parking_prk_stts          | 신규  1835행 | 누적   9175행 | 21컬럼
2026-06-24 04:48:27,444 [INFO]    ppltn                     | 신규   121행 | 누적    605행 | 26컬럼
2026-06-24 04:48:27,444 [INFO]    road                      | 신규   121행 | 누적    605행 | 21컬럼
2026-06-24 04:48:27,444 [INFO]    road_road_traffic_stts    | 신규  5257행 | 누적  26285행 | 17컬럼
2026-06-24 04:48:27,444 [INFO]    subway                    | 신규    38행 | 누적    190행 | 13컬럼
2026-06-24 04:48:27,444 [INFO]    subway_sub_stts           | 신규   183행 | 누적    915행 | 13컬럼
2026-06-24 04:48:27,444 [INFO]    weather                   | 신규   119행 | 누적    595행 | 29컬럼
2026-06-24 04:48:27,444 [INFO] 키별 사용량:
2026-06-24 04:48:27,444 [INFO]    🟢 KEY_1 (31/1000) 
2026-06-24 04:48:27,444 [INFO]    🟢 KEY_2 (30/1000) 
2026-06-24 04:48:27,444 [INFO]    🟢 KEY_3 (30/1000) 
2026-06-24 04:48:27,444 [INFO]    🟢 KEY_4 (30/1000) 
2026-06-24 05:55:13,153 [INFO] 등록된 키: 4개, 합산 한도 4,000건/일
2026-06-24 05:55:13,153 [INFO] POI 로드: 매뉴얼 v8.5 기준 fallback 121개 (121개 전체)
2026-06-24 05:55:13,154 [INFO] === 수집 시작 2026-06-24T05:55:13.154042+09:00 ===
2026-06-24 05:55:13,154 [INFO] 대상 장소: 121개 | API: citydata (통합)
2026-06-24 05:55:13,154 [INFO] 키 풀: 4/4 활성 | 오늘 사용 0/4000건
2026-06-24 05:55:13,154 [INFO]   [KEY_1] 담당 31장소
2026-06-24 05:55:13,154 [INFO]   [KEY_2] 담당 30장소
2026-06-24 05:55:13,154 [INFO]   [KEY_3] 담당 30장소
2026-06-24 05:55:13,154 [INFO]   [KEY_4] 담당 30장소
2026-06-24 05:55:13,154 [INFO] [1/121] 경복궁 (primary=KEY_1)
2026-06-24 05:55:14,973 [INFO] [2/121] 광화문·덕수궁 (primary=KEY_2)
2026-06-24 05:55:17,151 [INFO] [3/121] 보신각 (primary=KEY_3)
2026-06-24 05:55:18,272 [INFO] [4/121] 서울 암사동 유적 (primary=KEY_4)
2026-06-24 05:55:19,399 [INFO] [5/121] 창덕궁·종묘 (primary=KEY_1)
2026-06-24 05:55:21,198 [INFO] [6/121] 강남 MICE 관광특구 (primary=KEY_2)
2026-06-24 05:55:22,204 [INFO] [7/121] 동대문 관광특구 (primary=KEY_3)
2026-06-24 05:55:24,200 [INFO] [8/121] 명동 관광특구 (primary=KEY_4)
2026-06-24 05:55:25,678 [INFO] [9/121] 이태원 관광특구 (primary=KEY_1)
2026-06-24 05:55:27,379 [INFO] [10/121] 잠실 관광특구 (primary=KEY_2)
2026-06-24 05:55:28,715 [INFO] [11/121] 종로·청계 관광특구 (primary=KEY_3)
2026-06-24 05:55:30,021 [INFO] [12/121] 홍대 관광특구 (primary=KEY_4)
2026-06-24 05:55:32,062 [INFO] [13/121] 강서한강공원 (primary=KEY_1)
2026-06-24 05:55:33,042 [INFO] [14/121] 고척돔 (primary=KEY_2)
2026-06-24 05:55:34,019 [INFO] [15/121] 광나루한강공원 (primary=KEY_3)
2026-06-24 05:55:35,131 [INFO] [16/121] 광화문광장 (primary=KEY_4)
2026-06-24 05:55:36,259 [INFO] [17/121] 국립중앙박물관·용산가족공원 (primary=KEY_1)
2026-06-24 05:55:37,248 [INFO] [18/121] 난지한강공원 (primary=KEY_2)
2026-06-24 05:55:39,028 [INFO] [19/121] 남산공원 (primary=KEY_3)
2026-06-24 05:55:41,002 [INFO] [20/121] 노들섬 (primary=KEY_4)
2026-06-24 05:55:41,978 [INFO] [21/121] 뚝섬한강공원 (primary=KEY_1)
2026-06-24 05:55:42,972 [INFO] [22/121] 망원한강공원 (primary=KEY_2)
2026-06-24 05:55:44,097 [INFO] [23/121] 반포한강공원 (primary=KEY_3)
2026-06-24 05:55:45,086 [INFO] [24/121] 보라매공원 (primary=KEY_4)
2026-06-24 05:55:46,136 [INFO] [25/121] 북서울꿈의숲 (primary=KEY_1)
2026-06-24 05:55:47,123 [INFO] [26/121] 서대문독립공원 (primary=KEY_2)
2026-06-24 05:55:48,118 [INFO] [27/121] 서리풀공원·몽마르뜨공원 (primary=KEY_3)
2026-06-24 05:55:49,264 [INFO] [28/121] 서울대공원 (primary=KEY_4)
2026-06-24 05:55:50,230 [INFO] [29/121] 서울숲공원 (primary=KEY_1)
2026-06-24 05:55:51,369 [INFO] [30/121] 송현녹지광장 (primary=KEY_2)
2026-06-24 05:55:52,485 [INFO] [31/121] 아차산 (primary=KEY_3)
2026-06-24 05:55:53,463 [INFO] [32/121] 안양천 (primary=KEY_4)
2026-06-24 05:55:54,462 [INFO] [33/121] 양화한강공원 (primary=KEY_1)
2026-06-24 05:55:55,430 [INFO] [34/121] 어린이대공원 (primary=KEY_2)
2026-06-24 05:55:56,980 [INFO] [35/121] 여의도한강공원 (primary=KEY_3)
2026-06-24 05:55:58,092 [INFO] [36/121] 여의서로 (primary=KEY_4)
2026-06-24 05:55:59,067 [INFO] [37/121] 올림픽공원 (primary=KEY_1)
2026-06-24 05:56:00,239 [INFO] [38/121] 월드컵공원 (primary=KEY_2)
2026-06-24 05:56:01,561 [INFO] [39/121] 응봉산 (primary=KEY_3)
2026-06-24 05:56:02,671 [INFO] [40/121] 이촌한강공원 (primary=KEY_4)
2026-06-24 05:56:03,637 [INFO] [41/121] 잠실종합운동장 (primary=KEY_1)
2026-06-24 05:56:04,618 [INFO] [42/121] 잠실한강공원 (primary=KEY_2)
2026-06-24 05:56:05,601 [INFO] [43/121] 잠원한강공원 (primary=KEY_3)
2026-06-24 05:56:06,569 [INFO] [44/121] 청계산 (primary=KEY_4)
2026-06-24 05:56:07,534 [INFO] [45/121] 홍제폭포 (primary=KEY_1)
2026-06-24 05:56:08,509 [INFO] [46/121] 가락시장 (primary=KEY_2)
2026-06-24 05:56:09,699 [INFO] [47/121] 가로수길 (primary=KEY_3)
2026-06-24 05:56:10,836 [INFO] [48/121] 광장(전통)시장 (primary=KEY_4)
2026-06-24 05:56:11,826 [INFO] [49/121] 김포공항 (primary=KEY_1)
2026-06-24 05:56:12,972 [INFO] [50/121] 남대문시장 (primary=KEY_2)
2026-06-24 05:56:13,961 [INFO] [51/121] 노량진 (primary=KEY_3)
2026-06-24 05:56:14,969 [INFO] [52/121] 덕수궁길·정동길 (primary=KEY_4)
2026-06-24 05:56:16,141 [INFO] [53/121] 북창동 먹자골목 (primary=KEY_1)
2026-06-24 05:56:17,125 [INFO] [54/121] 북촌한옥마을 (primary=KEY_2)
2026-06-24 05:56:18,263 [INFO] [55/121] 서촌 (primary=KEY_3)
2026-06-24 05:56:19,378 [INFO] [56/121] 성수카페거리 (primary=KEY_4)
2026-06-24 05:56:20,510 [INFO] [57/121] 송리단길·호수단길 (primary=KEY_1)
2026-06-24 05:56:21,660 [INFO] [58/121] 신촌 스타광장 (primary=KEY_2)
2026-06-24 05:56:22,654 [INFO] [59/121] 압구정로데오거리 (primary=KEY_3)
2026-06-24 05:56:23,838 [INFO] [60/121] 여의도 (primary=KEY_4)
2026-06-24 05:56:25,564 [INFO] [61/121] 연남동 (primary=KEY_1)
2026-06-24 05:56:26,678 [INFO] [62/121] 영등포 타임스퀘어 (primary=KEY_2)
2026-06-24 05:56:27,799 [INFO] [63/121] 용리단길 (primary=KEY_3)
2026-06-24 05:56:28,817 [INFO] [64/121] 이태원 앤틱가구거리 (primary=KEY_4)
2026-06-24 05:56:29,812 [INFO] [65/121] 익선동 (primary=KEY_1)
2026-06-24 05:56:30,951 [INFO] [66/121] 인사동 (primary=KEY_2)
2026-06-24 05:56:32,099 [INFO] [67/121] 잠실롯데타워·석촌호수 (primary=KEY_3)
2026-06-24 05:56:33,243 [INFO] [68/121] 창동 신경제 중심지 (primary=KEY_4)
2026-06-24 05:56:34,540 [INFO] [69/121] 청담동 명품거리 (primary=KEY_1)
2026-06-24 05:56:35,680 [INFO] [70/121] 청량리 제기동 일대 전통시장 (primary=KEY_2)
2026-06-24 05:56:36,822 [INFO] [71/121] 해방촌·경리단길 (primary=KEY_3)
2026-06-24 05:56:37,815 [INFO] [72/121] DDP(동대문디자인플라자) (primary=KEY_4)
2026-06-24 05:56:39,024 [INFO] [73/121] DMC(디지털미디어시티) (primary=KEY_1)
2026-06-24 05:56:40,330 [INFO] [74/121] 가산디지털단지역 (primary=KEY_2)
2026-06-24 05:56:41,604 [INFO] [75/121] 강남역 (primary=KEY_3)
2026-06-24 05:56:42,898 [INFO] [76/121] 건대입구역 (primary=KEY_4)
2026-06-24 05:56:44,067 [INFO] [77/121] 고덕역 (primary=KEY_1)
2026-06-24 05:56:45,211 [INFO] [78/121] 고속터미널역 (primary=KEY_2)
2026-06-24 05:56:46,238 [INFO] [79/121] 교대역 (primary=KEY_3)
2026-06-24 05:56:47,257 [INFO] [80/121] 구로디지털단지역 (primary=KEY_4)
2026-06-24 05:56:48,409 [INFO] [81/121] 구로역 (primary=KEY_1)
2026-06-24 05:56:49,413 [INFO] [82/121] 군자역 (primary=KEY_2)
2026-06-24 05:56:50,556 [INFO] [83/121] 대림역 (primary=KEY_3)
2026-06-24 05:56:51,692 [INFO] [84/121] 동대문역 (primary=KEY_4)
2026-06-24 05:56:52,826 [INFO] [85/121] 뚝섬역 (primary=KEY_1)
2026-06-24 05:56:53,948 [INFO] [86/121] 미아사거리역 (primary=KEY_2)
2026-06-24 05:56:55,074 [INFO] [87/121] 발산역 (primary=KEY_3)
2026-06-24 05:56:56,335 [INFO] [88/121] 사당역 (primary=KEY_4)
2026-06-24 05:56:57,460 [INFO] [89/121] 삼각지역 (primary=KEY_1)
2026-06-24 05:56:58,487 [INFO] [90/121] 서울대입구역 (primary=KEY_2)
2026-06-24 05:56:59,550 [INFO] [91/121] 서울식물원·마곡나루역 (primary=KEY_3)
2026-06-24 05:57:00,691 [INFO] [92/121] 서울역 (primary=KEY_4)
2026-06-24 05:57:02,564 [INFO] [93/121] 선릉역 (primary=KEY_1)
2026-06-24 05:57:03,854 [INFO] [94/121] 성신여대입구역 (primary=KEY_2)
2026-06-24 05:57:04,850 [INFO] [95/121] 수유역 (primary=KEY_3)
2026-06-24 05:57:05,966 [INFO] [96/121] 숭례문 (primary=KEY_4)
2026-06-24 05:57:07,093 [INFO] [97/121] 시의회 앞 (primary=KEY_1)
2026-06-24 05:57:08,219 [INFO] [98/121] 신논현역·논현역 (primary=KEY_2)
2026-06-24 05:57:09,362 [INFO] [99/121] 신도림역 (primary=KEY_3)
2026-06-24 05:57:10,347 [INFO] [100/121] 신림역 (primary=KEY_4)
2026-06-24 05:57:11,340 [INFO] [101/121] 신정네거리역 (primary=KEY_1)
2026-06-24 05:57:12,333 [INFO] [102/121] 신촌·이대역 (primary=KEY_2)
2026-06-24 05:57:13,454 [INFO] [103/121] 쌍문역 (primary=KEY_3)
2026-06-24 05:57:14,441 [INFO] [104/121] 양재역 (primary=KEY_4)
2026-06-24 05:57:15,569 [INFO] [105/121] 역삼역 (primary=KEY_1)
2026-06-24 05:57:16,693 [INFO] [106/121] 연신내역 (primary=KEY_2)
2026-06-24 05:57:17,717 [INFO] [107/121] 오목교역·목동운동장 (primary=KEY_3)
2026-06-24 05:57:19,022 [INFO] [108/121] 왕십리역 (primary=KEY_4)
2026-06-24 05:57:20,165 [INFO] [109/121] 용산역 (primary=KEY_1)
2026-06-24 05:57:21,305 [INFO] [110/121] 이태원역 (primary=KEY_2)
2026-06-24 05:57:22,306 [INFO] [111/121] 잠실새내역 (primary=KEY_3)
2026-06-24 05:57:23,430 [INFO] [112/121] 잠실역 (primary=KEY_4)
2026-06-24 05:57:24,569 [INFO] [113/121] 장지역 (primary=KEY_1)
2026-06-24 05:57:25,704 [INFO] [114/121] 장한평역 (primary=KEY_2)
2026-06-24 05:57:26,834 [INFO] [115/121] 천호역 (primary=KEY_3)
2026-06-24 05:57:28,044 [INFO] [116/121] 총신대입구(이수)역 (primary=KEY_4)
2026-06-24 05:57:29,171 [INFO] [117/121] 충정로역 (primary=KEY_1)
2026-06-24 05:57:30,301 [INFO] [118/121] 합정역 (primary=KEY_2)
2026-06-24 05:57:31,441 [INFO] [119/121] 혜화역 (primary=KEY_3)
2026-06-24 05:57:32,571 [INFO] [120/121] 홍대입구역(2호선) (primary=KEY_4)
2026-06-24 05:57:33,635 [INFO] [121/121] 회기역 (primary=KEY_1)
2026-06-24 05:57:35,979 [INFO] === 수집 완료 | 성공 121, 실패 0 ===
2026-06-24 05:57:35,979 [INFO] 카테고리별 저장 결과:
2026-06-24 05:57:35,979 [INFO]    accident                  | 신규     4행 | 누적     21행 | 16컬럼
2026-06-24 05:57:35,979 [INFO]    area_meta                 | 신규   121행 | 누적    726행 | 5컬럼
2026-06-24 05:57:35,979 [INFO]    bike                      | 신규    12행 | 누적     72행 | 12컬럼
2026-06-24 05:57:35,979 [INFO]    bike_sbike_stts           | 신규   546행 | 누적   3276행 | 12컬럼
2026-06-24 05:57:35,979 [INFO]    bus                       | 신규     3행 | 누적     18행 | 11컬럼
2026-06-24 05:57:35,979 [INFO]    bus_bus_stn_stts          | 신규  1745행 | 누적  10470행 | 11컬럼
2026-06-24 05:57:35,979 [INFO]    charger                   | 신규    25행 | 누적    115행 | 15컬럼
2026-06-24 05:57:35,979 [INFO]    charger_charger_stts      | 신규   340행 | 누적   3972행 | 15컬럼
2026-06-24 05:57:35,979 [INFO]    cmrcl                     | 신규    82행 | 누적    492행 | 20컬럼
2026-06-24 05:57:35,979 [INFO]    events                    | 신규    11행 | 누적     71행 | 14컬럼
2026-06-24 05:57:35,980 [INFO]    events_event_stts         | 신규   145행 | 누적    895행 | 14컬럼
2026-06-24 05:57:35,980 [INFO]    parking                   | 신규     6행 | 누적     36행 | 21컬럼
2026-06-24 05:57:35,980 [INFO]    parking_prk_stts          | 신규  1835행 | 누적  11010행 | 21컬럼
2026-06-24 05:57:35,980 [INFO]    ppltn                     | 신규   121행 | 누적    726행 | 26컬럼
2026-06-24 05:57:35,980 [INFO]    road                      | 신규   121행 | 누적    726행 | 21컬럼
2026-06-24 05:57:35,980 [INFO]    road_road_traffic_stts    | 신규  5257행 | 누적  31542행 | 17컬럼
2026-06-24 05:57:35,980 [INFO]    subway                    | 신규    38행 | 누적    228행 | 13컬럼
2026-06-24 05:57:35,980 [INFO]    subway_sub_stts           | 신규   183행 | 누적   1098행 | 13컬럼
2026-06-24 05:57:35,980 [INFO]    weather                   | 신규   119행 | 누적    714행 | 29컬럼
2026-06-24 05:57:35,980 [INFO] 키별 사용량:
2026-06-24 05:57:35,980 [INFO]    🟢 KEY_1 (31/1000) 
2026-06-24 05:57:35,980 [INFO]    🟢 KEY_2 (30/1000) 
2026-06-24 05:57:35,980 [INFO]    🟢 KEY_3 (30/1000) 
2026-06-24 05:57:35,980 [INFO]    🟢 KEY_4 (30/1000) 
