2026-06-27 00:05:06,107 [INFO] 등록된 키: 4개, 합산 한도 4,000건/일
2026-06-27 00:05:06,108 [INFO] POI 로드: 매뉴얼 v8.5 기준 fallback 121개 (121개 전체)
2026-06-27 00:05:06,108 [INFO] === 수집 시작 2026-06-27T00:05:06.108194+09:00 ===
2026-06-27 00:05:06,108 [INFO] 대상 장소: 121개 | API: citydata (통합)
2026-06-27 00:05:06,108 [INFO] 키 풀: 4/4 활성 | 오늘 사용 0/4000건
2026-06-27 00:05:06,108 [INFO]   [KEY_1] 담당 31장소
2026-06-27 00:05:06,108 [INFO]   [KEY_2] 담당 30장소
2026-06-27 00:05:06,108 [INFO]   [KEY_3] 담당 30장소
2026-06-27 00:05:06,108 [INFO]   [KEY_4] 담당 30장소
2026-06-27 00:05:06,108 [INFO] [1/121] 경복궁 (primary=KEY_1)
2026-06-27 00:05:08,389 [INFO] [2/121] 광화문·덕수궁 (primary=KEY_2)
2026-06-27 00:05:11,078 [INFO] [3/121] 보신각 (primary=KEY_3)
2026-06-27 00:05:12,591 [INFO] [4/121] 서울 암사동 유적 (primary=KEY_4)
2026-06-27 00:05:14,658 [INFO] [5/121] 창덕궁·종묘 (primary=KEY_1)
2026-06-27 00:05:15,972 [INFO] [6/121] 강남 MICE 관광특구 (primary=KEY_2)
2026-06-27 00:05:18,263 [INFO] [7/121] 동대문 관광특구 (primary=KEY_3)
2026-06-27 00:05:20,019 [INFO] [8/121] 명동 관광특구 (primary=KEY_4)
2026-06-27 00:05:22,927 [INFO] [9/121] 이태원 관광특구 (primary=KEY_1)
2026-06-27 00:05:25,405 [INFO] [10/121] 잠실 관광특구 (primary=KEY_2)
2026-06-27 00:05:28,326 [INFO] [11/121] 종로·청계 관광특구 (primary=KEY_3)
2026-06-27 00:05:29,920 [INFO] [12/121] 홍대 관광특구 (primary=KEY_4)
2026-06-27 00:05:32,057 [INFO] [13/121] 강서한강공원 (primary=KEY_1)
2026-06-27 00:05:33,938 [INFO] [14/121] 고척돔 (primary=KEY_2)
2026-06-27 00:05:35,077 [INFO] [15/121] 광나루한강공원 (primary=KEY_3)
2026-06-27 00:05:37,157 [INFO] [16/121] 광화문광장 (primary=KEY_4)
2026-06-27 00:05:39,682 [INFO] [17/121] 국립중앙박물관·용산가족공원 (primary=KEY_1)
2026-06-27 00:05:41,993 [INFO] [18/121] 난지한강공원 (primary=KEY_2)
2026-06-27 00:05:43,804 [INFO] [19/121] 남산공원 (primary=KEY_3)
2026-06-27 00:05:46,117 [INFO] [20/121] 노들섬 (primary=KEY_4)
2026-06-27 00:05:48,199 [INFO] [21/121] 뚝섬한강공원 (primary=KEY_1)
2026-06-27 00:05:49,337 [INFO] [22/121] 망원한강공원 (primary=KEY_2)
2026-06-27 00:05:50,702 [INFO] [23/121] 반포한강공원 (primary=KEY_3)
2026-06-27 00:05:51,844 [INFO] [24/121] 보라매공원 (primary=KEY_4)
2026-06-27 00:05:53,932 [INFO] [25/121] 북서울꿈의숲 (primary=KEY_1)
2026-06-27 00:05:56,199 [INFO] [26/121] 서대문독립공원 (primary=KEY_2)
2026-06-27 00:05:58,275 [INFO] [27/121] 서리풀공원·몽마르뜨공원 (primary=KEY_3)
2026-06-27 00:06:00,378 [INFO] [28/121] 서울대공원 (primary=KEY_4)
2026-06-27 00:06:02,625 [INFO] [29/121] 서울숲공원 (primary=KEY_1)
2026-06-27 00:06:05,142 [INFO] [30/121] 송현녹지광장 (primary=KEY_2)
2026-06-27 00:06:06,467 [INFO] [31/121] 아차산 (primary=KEY_3)
2026-06-27 00:06:08,344 [INFO] [32/121] 안양천 (primary=KEY_4)
2026-06-27 00:06:10,604 [INFO] [33/121] 양화한강공원 (primary=KEY_1)
2026-06-27 00:06:11,724 [INFO] [34/121] 어린이대공원 (primary=KEY_2)
2026-06-27 00:06:13,043 [INFO] [35/121] 여의도한강공원 (primary=KEY_3)
2026-06-27 00:06:14,357 [INFO] [36/121] 여의서로 (primary=KEY_4)
2026-06-27 00:06:16,607 [INFO] [37/121] 올림픽공원 (primary=KEY_1)
2026-06-27 00:06:18,893 [INFO] [38/121] 월드컵공원 (primary=KEY_2)
2026-06-27 00:06:20,440 [INFO] [39/121] 응봉산 (primary=KEY_3)
2026-06-27 00:06:21,757 [INFO] [40/121] 이촌한강공원 (primary=KEY_4)
2026-06-27 00:06:22,886 [INFO] [41/121] 잠실종합운동장 (primary=KEY_1)
2026-06-27 00:06:24,018 [INFO] [42/121] 잠실한강공원 (primary=KEY_2)
2026-06-27 00:06:25,163 [INFO] [43/121] 잠원한강공원 (primary=KEY_3)
2026-06-27 00:06:26,294 [INFO] [44/121] 청계산 (primary=KEY_4)
2026-06-27 00:06:27,416 [INFO] [45/121] 홍제폭포 (primary=KEY_1)
2026-06-27 00:06:28,539 [INFO] [46/121] 가락시장 (primary=KEY_2)
2026-06-27 00:06:29,888 [INFO] [47/121] 가로수길 (primary=KEY_3)
2026-06-27 00:06:32,030 [INFO] [48/121] 광장(전통)시장 (primary=KEY_4)
2026-06-27 00:06:34,526 [INFO] [49/121] 김포공항 (primary=KEY_1)
2026-06-27 00:06:36,831 [INFO] [50/121] 남대문시장 (primary=KEY_2)
2026-06-27 00:06:38,163 [INFO] [51/121] 노량진 (primary=KEY_3)
2026-06-27 00:06:39,511 [INFO] [52/121] 덕수궁길·정동길 (primary=KEY_4)
2026-06-27 00:06:41,646 [INFO] [53/121] 북창동 먹자골목 (primary=KEY_1)
2026-06-27 00:06:42,973 [INFO] [54/121] 북촌한옥마을 (primary=KEY_2)
2026-06-27 00:06:44,518 [INFO] [55/121] 서촌 (primary=KEY_3)
2026-06-27 00:06:45,855 [INFO] [56/121] 성수카페거리 (primary=KEY_4)
2026-06-27 00:06:48,351 [INFO] [57/121] 송리단길·호수단길 (primary=KEY_1)
2026-06-27 00:06:49,699 [INFO] [58/121] 신촌 스타광장 (primary=KEY_2)
2026-06-27 00:06:51,505 [INFO] [59/121] 압구정로데오거리 (primary=KEY_3)
2026-06-27 00:06:52,839 [INFO] [60/121] 여의도 (primary=KEY_4)
2026-06-27 00:06:55,035 [INFO] [61/121] 연남동 (primary=KEY_1)
2026-06-27 00:06:56,377 [INFO] [62/121] 영등포 타임스퀘어 (primary=KEY_2)
2026-06-27 00:06:57,701 [INFO] [63/121] 용리단길 (primary=KEY_3)
2026-06-27 00:06:58,921 [INFO] [64/121] 이태원 앤틱가구거리 (primary=KEY_4)
2026-06-27 00:07:00,257 [INFO] [65/121] 익선동 (primary=KEY_1)
2026-06-27 00:07:01,602 [INFO] [66/121] 인사동 (primary=KEY_2)
2026-06-27 00:07:03,139 [INFO] [67/121] 잠실롯데타워·석촌호수 (primary=KEY_3)
2026-06-27 00:07:05,667 [INFO] [68/121] 창동 신경제 중심지 (primary=KEY_4)
2026-06-27 00:07:07,438 [INFO] [69/121] 청담동 명품거리 (primary=KEY_1)
2026-06-27 00:07:08,815 [INFO] [70/121] 청량리 제기동 일대 전통시장 (primary=KEY_2)
2026-06-27 00:07:10,917 [INFO] [71/121] 해방촌·경리단길 (primary=KEY_3)
2026-06-27 00:07:12,725 [INFO] [72/121] DDP(동대문디자인플라자) (primary=KEY_4)
2026-06-27 00:07:14,076 [INFO] [73/121] DMC(디지털미디어시티) (primary=KEY_1)
2026-06-27 00:07:15,815 [INFO] [74/121] 가산디지털단지역 (primary=KEY_2)
2026-06-27 00:07:17,729 [INFO] [75/121] 강남역 (primary=KEY_3)
2026-06-27 00:07:19,282 [INFO] [76/121] 건대입구역 (primary=KEY_4)
2026-06-27 00:07:20,643 [INFO] [77/121] 고덕역 (primary=KEY_1)
2026-06-27 00:07:22,730 [INFO] [78/121] 고속터미널역 (primary=KEY_2)
2026-06-27 00:07:25,033 [INFO] [79/121] 교대역 (primary=KEY_3)
2026-06-27 00:07:26,374 [INFO] [80/121] 구로디지털단지역 (primary=KEY_4)
2026-06-27 00:07:28,086 [INFO] [81/121] 구로역 (primary=KEY_1)
2026-06-27 00:07:29,405 [INFO] [82/121] 군자역 (primary=KEY_2)
2026-06-27 00:07:30,765 [INFO] [83/121] 대림역 (primary=KEY_3)
2026-06-27 00:07:32,102 [INFO] [84/121] 동대문역 (primary=KEY_4)
2026-06-27 00:07:34,384 [INFO] [85/121] 뚝섬역 (primary=KEY_1)
2026-06-27 00:07:35,719 [INFO] [86/121] 미아사거리역 (primary=KEY_2)
2026-06-27 00:07:37,054 [INFO] [87/121] 발산역 (primary=KEY_3)
2026-06-27 00:07:38,802 [INFO] [88/121] 사당역 (primary=KEY_4)
2026-06-27 00:07:40,161 [INFO] [89/121] 삼각지역 (primary=KEY_1)
2026-06-27 00:07:41,499 [INFO] [90/121] 서울대입구역 (primary=KEY_2)
2026-06-27 00:07:42,842 [INFO] [91/121] 서울식물원·마곡나루역 (primary=KEY_3)
2026-06-27 00:07:44,389 [INFO] [92/121] 서울역 (primary=KEY_4)
2026-06-27 00:07:45,974 [INFO] [93/121] 선릉역 (primary=KEY_1)
2026-06-27 00:07:47,730 [INFO] [94/121] 성신여대입구역 (primary=KEY_2)
2026-06-27 00:07:48,911 [INFO] [95/121] 수유역 (primary=KEY_3)
2026-06-27 00:07:50,850 [INFO] [96/121] 숭례문 (primary=KEY_4)
2026-06-27 00:07:52,441 [INFO] [97/121] 시의회 앞 (primary=KEY_1)
2026-06-27 00:07:53,814 [INFO] [98/121] 신논현역·논현역 (primary=KEY_2)
2026-06-27 00:07:55,193 [INFO] [99/121] 신도림역 (primary=KEY_3)
2026-06-27 00:07:56,346 [INFO] [100/121] 신림역 (primary=KEY_4)
2026-06-27 00:07:57,705 [INFO] [101/121] 신정네거리역 (primary=KEY_1)
2026-06-27 00:07:59,058 [INFO] [102/121] 신촌·이대역 (primary=KEY_2)
2026-06-27 00:08:00,420 [INFO] [103/121] 쌍문역 (primary=KEY_3)
2026-06-27 00:08:01,759 [INFO] [104/121] 양재역 (primary=KEY_4)
2026-06-27 00:08:03,110 [INFO] [105/121] 역삼역 (primary=KEY_1)
2026-06-27 00:08:04,645 [INFO] [106/121] 연신내역 (primary=KEY_2)
2026-06-27 00:08:05,822 [INFO] [107/121] 오목교역·목동운동장 (primary=KEY_3)
2026-06-27 00:08:07,748 [INFO] [108/121] 왕십리역 (primary=KEY_4)
2026-06-27 00:08:09,310 [INFO] [109/121] 용산역 (primary=KEY_1)
2026-06-27 00:08:10,909 [INFO] [110/121] 이태원역 (primary=KEY_2)
2026-06-27 00:08:12,064 [INFO] [111/121] 잠실새내역 (primary=KEY_3)
2026-06-27 00:08:13,417 [INFO] [112/121] 잠실역 (primary=KEY_4)
2026-06-27 00:08:14,950 [INFO] [113/121] 장지역 (primary=KEY_1)
2026-06-27 00:08:16,492 [INFO] [114/121] 장한평역 (primary=KEY_2)
2026-06-27 00:08:17,851 [INFO] [115/121] 천호역 (primary=KEY_3)
2026-06-27 00:08:19,208 [INFO] [116/121] 총신대입구(이수)역 (primary=KEY_4)
2026-06-27 00:08:20,577 [INFO] [117/121] 충정로역 (primary=KEY_1)
2026-06-27 00:08:21,910 [INFO] [118/121] 합정역 (primary=KEY_2)
2026-06-27 00:08:23,273 [INFO] [119/121] 혜화역 (primary=KEY_3)
2026-06-27 00:08:24,654 [INFO] [120/121] 홍대입구역(2호선) (primary=KEY_4)
2026-06-27 00:08:26,002 [INFO] [121/121] 회기역 (primary=KEY_1)
2026-06-27 00:08:27,774 [INFO] === 수집 완료 | 성공 121, 실패 0 ===
2026-06-27 00:08:27,774 [INFO] 카테고리별 저장 결과:
2026-06-27 00:08:27,774 [INFO]    accident                  | 신규     4행 | 누적      4행 | 16컬럼
2026-06-27 00:08:27,774 [INFO]    accident_acdnt_cntrl_stts | 신규     2행 | 누적      2행 | 16컬럼
2026-06-27 00:08:27,774 [INFO]    area_meta                 | 신규   121행 | 누적    121행 | 5컬럼
2026-06-27 00:08:27,774 [INFO]    bike                      | 신규    12행 | 누적     12행 | 12컬럼
2026-06-27 00:08:27,774 [INFO]    bike_sbike_stts           | 신규   555행 | 누적    555행 | 12컬럼
2026-06-27 00:08:27,774 [INFO]    bus                       | 신규     3행 | 누적      3행 | 11컬럼
2026-06-27 00:08:27,774 [INFO]    bus_bus_stn_stts          | 신규  1745행 | 누적   1745행 | 11컬럼
2026-06-27 00:08:27,774 [INFO]    charger                   | 신규     4행 | 누적      4행 | 15컬럼
2026-06-27 00:08:27,774 [INFO]    charger_charger_stts      | 신규  1915행 | 누적   1915행 | 15컬럼
2026-06-27 00:08:27,774 [INFO]    cmrcl                     | 신규    82행 | 누적     82행 | 20컬럼
2026-06-27 00:08:27,774 [INFO]    events                    | 신규    11행 | 누적     11행 | 14컬럼
2026-06-27 00:08:27,774 [INFO]    events_event_stts         | 신규   144행 | 누적    144행 | 14컬럼
2026-06-27 00:08:27,774 [INFO]    news                      | 신규     2행 | 누적      2행 | 10컬럼
2026-06-27 00:08:27,774 [INFO]    parking                   | 신규     6행 | 누적      6행 | 21컬럼
2026-06-27 00:08:27,774 [INFO]    parking_prk_stts          | 신규  1833행 | 누적   1833행 | 21컬럼
2026-06-27 00:08:27,774 [INFO]    ppltn                     | 신규   121행 | 누적    121행 | 26컬럼
2026-06-27 00:08:27,774 [INFO]    road                      | 신규   121행 | 누적    121행 | 21컬럼
2026-06-27 00:08:27,774 [INFO]    road_road_traffic_stts    | 신규  5259행 | 누적   5259행 | 17컬럼
2026-06-27 00:08:27,774 [INFO]    subway                    | 신규    38행 | 누적     38행 | 12컬럼
2026-06-27 00:08:27,775 [INFO]    subway_sub_stts           | 신규   183행 | 누적    183행 | 13컬럼
2026-06-27 00:08:27,775 [INFO]    weather                   | 신규   119행 | 누적    119행 | 29컬럼
2026-06-27 00:08:27,775 [INFO] 키별 사용량:
2026-06-27 00:08:27,775 [INFO]    🟢 KEY_1 (31/1000) 
2026-06-27 00:08:27,775 [INFO]    🟢 KEY_2 (30/1000) 
2026-06-27 00:08:27,775 [INFO]    🟢 KEY_3 (30/1000) 
2026-06-27 00:08:27,775 [INFO]    🟢 KEY_4 (30/1000) 
2026-06-27 00:58:16,430 [INFO] 등록된 키: 4개, 합산 한도 4,000건/일
2026-06-27 00:58:16,431 [INFO] POI 로드: 매뉴얼 v8.5 기준 fallback 121개 (121개 전체)
2026-06-27 00:58:16,431 [INFO] === 수집 시작 2026-06-27T00:58:16.431663+09:00 ===
2026-06-27 00:58:16,431 [INFO] 대상 장소: 121개 | API: citydata (통합)
2026-06-27 00:58:16,431 [INFO] 키 풀: 4/4 활성 | 오늘 사용 0/4000건
2026-06-27 00:58:16,431 [INFO]   [KEY_1] 담당 31장소
2026-06-27 00:58:16,431 [INFO]   [KEY_2] 담당 30장소
2026-06-27 00:58:16,432 [INFO]   [KEY_3] 담당 30장소
2026-06-27 00:58:16,432 [INFO]   [KEY_4] 담당 30장소
2026-06-27 00:58:16,432 [INFO] [1/121] 경복궁 (primary=KEY_1)
2026-06-27 00:58:18,724 [INFO] [2/121] 광화문·덕수궁 (primary=KEY_2)
2026-06-27 00:58:20,896 [INFO] [3/121] 보신각 (primary=KEY_3)
2026-06-27 00:58:22,335 [INFO] [4/121] 서울 암사동 유적 (primary=KEY_4)
2026-06-27 00:58:24,130 [INFO] [5/121] 창덕궁·종묘 (primary=KEY_1)
2026-06-27 00:58:26,394 [INFO] [6/121] 강남 MICE 관광특구 (primary=KEY_2)
2026-06-27 00:58:28,563 [INFO] [7/121] 동대문 관광특구 (primary=KEY_3)
2026-06-27 00:58:30,053 [INFO] [8/121] 명동 관광특구 (primary=KEY_4)
2026-06-27 00:58:31,747 [INFO] [9/121] 이태원 관광특구 (primary=KEY_1)
2026-06-27 00:58:33,717 [INFO] [10/121] 잠실 관광특구 (primary=KEY_2)
2026-06-27 00:58:35,209 [INFO] [11/121] 종로·청계 관광특구 (primary=KEY_3)
2026-06-27 00:58:36,718 [INFO] [12/121] 홍대 관광특구 (primary=KEY_4)
2026-06-27 00:58:39,292 [INFO] [13/121] 강서한강공원 (primary=KEY_1)
2026-06-27 00:58:41,233 [INFO] [14/121] 고척돔 (primary=KEY_2)
2026-06-27 00:58:43,017 [INFO] [15/121] 광나루한강공원 (primary=KEY_3)
2026-06-27 00:58:45,318 [INFO] [16/121] 광화문광장 (primary=KEY_4)
2026-06-27 00:58:47,296 [INFO] [17/121] 국립중앙박물관·용산가족공원 (primary=KEY_1)
2026-06-27 00:58:48,387 [INFO] [18/121] 난지한강공원 (primary=KEY_2)
2026-06-27 00:58:49,489 [INFO] [19/121] 남산공원 (primary=KEY_3)
2026-06-27 00:58:50,977 [INFO] [20/121] 노들섬 (primary=KEY_4)
2026-06-27 00:58:52,644 [INFO] [21/121] 뚝섬한강공원 (primary=KEY_1)
2026-06-27 00:58:53,744 [INFO] [22/121] 망원한강공원 (primary=KEY_2)
2026-06-27 00:58:55,009 [INFO] [23/121] 반포한강공원 (primary=KEY_3)
2026-06-27 00:58:56,974 [INFO] [24/121] 보라매공원 (primary=KEY_4)
2026-06-27 00:58:58,106 [INFO] [25/121] 북서울꿈의숲 (primary=KEY_1)
2026-06-27 00:58:59,895 [INFO] [26/121] 서대문독립공원 (primary=KEY_2)
2026-06-27 00:59:00,995 [INFO] [27/121] 서리풀공원·몽마르뜨공원 (primary=KEY_3)
2026-06-27 00:59:03,161 [INFO] [28/121] 서울대공원 (primary=KEY_4)
2026-06-27 00:59:05,285 [INFO] [29/121] 서울숲공원 (primary=KEY_1)
2026-06-27 00:59:07,255 [INFO] [30/121] 송현녹지광장 (primary=KEY_2)
2026-06-27 00:59:08,526 [INFO] [31/121] 아차산 (primary=KEY_3)
2026-06-27 00:59:09,606 [INFO] [32/121] 안양천 (primary=KEY_4)
2026-06-27 00:59:11,547 [INFO] [33/121] 양화한강공원 (primary=KEY_1)
2026-06-27 00:59:12,635 [INFO] [34/121] 어린이대공원 (primary=KEY_2)
2026-06-27 00:59:14,442 [INFO] [35/121] 여의도한강공원 (primary=KEY_3)
2026-06-27 00:59:15,703 [INFO] [36/121] 여의서로 (primary=KEY_4)
2026-06-27 00:59:16,779 [INFO] [37/121] 올림픽공원 (primary=KEY_1)
2026-06-27 00:59:18,085 [INFO] [38/121] 월드컵공원 (primary=KEY_2)
2026-06-27 00:59:19,567 [INFO] [39/121] 응봉산 (primary=KEY_3)
2026-06-27 00:59:20,826 [INFO] [40/121] 이촌한강공원 (primary=KEY_4)
2026-06-27 00:59:21,909 [INFO] [41/121] 잠실종합운동장 (primary=KEY_1)
2026-06-27 00:59:23,010 [INFO] [42/121] 잠실한강공원 (primary=KEY_2)
2026-06-27 00:59:24,101 [INFO] [43/121] 잠원한강공원 (primary=KEY_3)
2026-06-27 00:59:25,190 [INFO] [44/121] 청계산 (primary=KEY_4)
2026-06-27 00:59:26,274 [INFO] [45/121] 홍제폭포 (primary=KEY_1)
2026-06-27 00:59:27,354 [INFO] [46/121] 가락시장 (primary=KEY_2)
2026-06-27 00:59:28,641 [INFO] [47/121] 가로수길 (primary=KEY_3)
2026-06-27 00:59:29,950 [INFO] [48/121] 광장(전통)시장 (primary=KEY_4)
2026-06-27 00:59:31,051 [INFO] [49/121] 김포공항 (primary=KEY_1)
2026-06-27 00:59:32,357 [INFO] [50/121] 남대문시장 (primary=KEY_2)
2026-06-27 00:59:33,470 [INFO] [51/121] 노량진 (primary=KEY_3)
2026-06-27 00:59:34,597 [INFO] [52/121] 덕수궁길·정동길 (primary=KEY_4)
2026-06-27 00:59:35,892 [INFO] [53/121] 북창동 먹자골목 (primary=KEY_1)
2026-06-27 00:59:36,998 [INFO] [54/121] 북촌한옥마을 (primary=KEY_2)
2026-06-27 00:59:38,263 [INFO] [55/121] 서촌 (primary=KEY_3)
2026-06-27 00:59:39,535 [INFO] [56/121] 성수카페거리 (primary=KEY_4)
2026-06-27 00:59:40,830 [INFO] [57/121] 송리단길·호수단길 (primary=KEY_1)
2026-06-27 00:59:42,125 [INFO] [58/121] 신촌 스타광장 (primary=KEY_2)
2026-06-27 00:59:43,233 [INFO] [59/121] 압구정로데오거리 (primary=KEY_3)
2026-06-27 00:59:44,519 [INFO] [60/121] 여의도 (primary=KEY_4)
2026-06-27 00:59:46,380 [INFO] [61/121] 연남동 (primary=KEY_1)
2026-06-27 00:59:47,652 [INFO] [62/121] 영등포 타임스퀘어 (primary=KEY_2)
2026-06-27 00:59:48,917 [INFO] [63/121] 용리단길 (primary=KEY_3)
2026-06-27 00:59:50,047 [INFO] [64/121] 이태원 앤틱가구거리 (primary=KEY_4)
2026-06-27 00:59:51,335 [INFO] [65/121] 익선동 (primary=KEY_1)
2026-06-27 00:59:52,623 [INFO] [66/121] 인사동 (primary=KEY_2)
2026-06-27 00:59:53,890 [INFO] [67/121] 잠실롯데타워·석촌호수 (primary=KEY_3)
2026-06-27 00:59:55,186 [INFO] [68/121] 창동 신경제 중심지 (primary=KEY_4)
2026-06-27 00:59:56,655 [INFO] [69/121] 청담동 명품거리 (primary=KEY_1)
2026-06-27 00:59:57,932 [INFO] [70/121] 청량리 제기동 일대 전통시장 (primary=KEY_2)
2026-06-27 00:59:59,234 [INFO] [71/121] 해방촌·경리단길 (primary=KEY_3)
2026-06-27 01:00:00,324 [INFO] [72/121] DDP(동대문디자인플라자) (primary=KEY_4)
2026-06-27 01:00:01,645 [INFO] [73/121] DMC(디지털미디어시티) (primary=KEY_1)
2026-06-27 01:00:03,153 [INFO] [74/121] 가산디지털단지역 (primary=KEY_2)
2026-06-27 01:00:04,593 [INFO] [75/121] 강남역 (primary=KEY_3)
2026-06-27 01:00:06,061 [INFO] [76/121] 건대입구역 (primary=KEY_4)
2026-06-27 01:00:07,316 [INFO] [77/121] 고덕역 (primary=KEY_1)
2026-06-27 01:00:08,580 [INFO] [78/121] 고속터미널역 (primary=KEY_2)
2026-06-27 01:00:09,692 [INFO] [79/121] 교대역 (primary=KEY_3)
2026-06-27 01:00:10,808 [INFO] [80/121] 구로디지털단지역 (primary=KEY_4)
2026-06-27 01:00:12,071 [INFO] [81/121] 구로역 (primary=KEY_1)
2026-06-27 01:00:13,165 [INFO] [82/121] 군자역 (primary=KEY_2)
2026-06-27 01:00:14,257 [INFO] [83/121] 대림역 (primary=KEY_3)
2026-06-27 01:00:15,520 [INFO] [84/121] 동대문역 (primary=KEY_4)
2026-06-27 01:00:16,805 [INFO] [85/121] 뚝섬역 (primary=KEY_1)
2026-06-27 01:00:18,067 [INFO] [86/121] 미아사거리역 (primary=KEY_2)
2026-06-27 01:00:19,335 [INFO] [87/121] 발산역 (primary=KEY_3)
2026-06-27 01:00:20,777 [INFO] [88/121] 사당역 (primary=KEY_4)
2026-06-27 01:00:22,045 [INFO] [89/121] 삼각지역 (primary=KEY_1)
2026-06-27 01:00:23,165 [INFO] [90/121] 서울대입구역 (primary=KEY_2)
2026-06-27 01:00:24,263 [INFO] [91/121] 서울식물원·마곡나루역 (primary=KEY_3)
2026-06-27 01:00:25,537 [INFO] [92/121] 서울역 (primary=KEY_4)
2026-06-27 01:00:26,846 [INFO] [93/121] 선릉역 (primary=KEY_1)
2026-06-27 01:00:28,316 [INFO] [94/121] 성신여대입구역 (primary=KEY_2)
2026-06-27 01:00:29,413 [INFO] [95/121] 수유역 (primary=KEY_3)
2026-06-27 01:00:30,687 [INFO] [96/121] 숭례문 (primary=KEY_4)
2026-06-27 01:00:31,970 [INFO] [97/121] 시의회 앞 (primary=KEY_1)
2026-06-27 01:00:33,256 [INFO] [98/121] 신논현역·논현역 (primary=KEY_2)
2026-06-27 01:00:34,544 [INFO] [99/121] 신도림역 (primary=KEY_3)
2026-06-27 01:00:35,640 [INFO] [100/121] 신림역 (primary=KEY_4)
2026-06-27 01:00:36,752 [INFO] [101/121] 신정네거리역 (primary=KEY_1)
2026-06-27 01:00:37,848 [INFO] [102/121] 신촌·이대역 (primary=KEY_2)
2026-06-27 01:00:39,109 [INFO] [103/121] 쌍문역 (primary=KEY_3)
2026-06-27 01:00:40,210 [INFO] [104/121] 양재역 (primary=KEY_4)
2026-06-27 01:00:41,495 [INFO] [105/121] 역삼역 (primary=KEY_1)
2026-06-27 01:00:42,773 [INFO] [106/121] 연신내역 (primary=KEY_2)
2026-06-27 01:00:43,877 [INFO] [107/121] 오목교역·목동운동장 (primary=KEY_3)
2026-06-27 01:00:45,334 [INFO] [108/121] 왕십리역 (primary=KEY_4)
2026-06-27 01:00:46,647 [INFO] [109/121] 용산역 (primary=KEY_1)
2026-06-27 01:00:47,932 [INFO] [110/121] 이태원역 (primary=KEY_2)
2026-06-27 01:00:49,035 [INFO] [111/121] 잠실새내역 (primary=KEY_3)
2026-06-27 01:00:50,305 [INFO] [112/121] 잠실역 (primary=KEY_4)
2026-06-27 01:00:51,574 [INFO] [113/121] 장지역 (primary=KEY_1)
2026-06-27 01:00:54,507 [INFO] [114/121] 장한평역 (primary=KEY_2)
2026-06-27 01:00:55,773 [INFO] [115/121] 천호역 (primary=KEY_3)
2026-06-27 01:00:57,107 [INFO] [116/121] 총신대입구(이수)역 (primary=KEY_4)
2026-06-27 01:00:58,362 [INFO] [117/121] 충정로역 (primary=KEY_1)
2026-06-27 01:00:59,468 [INFO] [118/121] 합정역 (primary=KEY_2)
2026-06-27 01:01:00,758 [INFO] [119/121] 혜화역 (primary=KEY_3)
2026-06-27 01:01:02,023 [INFO] [120/121] 홍대입구역(2호선) (primary=KEY_4)
2026-06-27 01:01:03,130 [INFO] [121/121] 회기역 (primary=KEY_1)
2026-06-27 01:01:05,115 [INFO] === 수집 완료 | 성공 121, 실패 0 ===
2026-06-27 01:01:05,115 [INFO] 카테고리별 저장 결과:
2026-06-27 01:01:05,115 [INFO]    accident                  | 신규     4행 | 누적      8행 | 16컬럼
2026-06-27 01:01:05,115 [INFO]    accident_acdnt_cntrl_stts | 신규     2행 | 누적      4행 | 16컬럼
2026-06-27 01:01:05,115 [INFO]    area_meta                 | 신규   121행 | 누적    242행 | 5컬럼
2026-06-27 01:01:05,115 [INFO]    bike                      | 신규    12행 | 누적     24행 | 12컬럼
2026-06-27 01:01:05,115 [INFO]    bike_sbike_stts           | 신규   555행 | 누적   1110행 | 12컬럼
2026-06-27 01:01:05,115 [INFO]    bus                       | 신규     3행 | 누적      6행 | 11컬럼
2026-06-27 01:01:05,116 [INFO]    bus_bus_stn_stts          | 신규  1745행 | 누적   3490행 | 11컬럼
2026-06-27 01:01:05,116 [INFO]    charger                   | 신규    25행 | 누적     29행 | 15컬럼
2026-06-27 01:01:05,116 [INFO]    charger_charger_stts      | 신규   340행 | 누적   2238행 | 15컬럼
2026-06-27 01:01:05,116 [INFO]    cmrcl                     | 신규    82행 | 누적    164행 | 20컬럼
2026-06-27 01:01:05,116 [INFO]    events                    | 신규    11행 | 누적     22행 | 14컬럼
2026-06-27 01:01:05,116 [INFO]    events_event_stts         | 신규   144행 | 누적    288행 | 14컬럼
2026-06-27 01:01:05,116 [INFO]    parking                   | 신규     6행 | 누적     12행 | 21컬럼
2026-06-27 01:01:05,116 [INFO]    parking_prk_stts          | 신규  1833행 | 누적   3666행 | 21컬럼
2026-06-27 01:01:05,116 [INFO]    ppltn                     | 신규   121행 | 누적    242행 | 26컬럼
2026-06-27 01:01:05,116 [INFO]    road                      | 신규   121행 | 누적    242행 | 21컬럼
2026-06-27 01:01:05,116 [INFO]    road_road_traffic_stts    | 신규  5259행 | 누적  10518행 | 17컬럼
2026-06-27 01:01:05,116 [INFO]    subway                    | 신규    38행 | 누적     76행 | 13컬럼
2026-06-27 01:01:05,116 [INFO]    subway_sub_stts           | 신규   183행 | 누적    366행 | 13컬럼
2026-06-27 01:01:05,116 [INFO]    weather                   | 신규   119행 | 누적    238행 | 29컬럼
2026-06-27 01:01:05,116 [INFO] 키별 사용량:
2026-06-27 01:01:05,116 [INFO]    🟢 KEY_1 (31/1000) 
2026-06-27 01:01:05,116 [INFO]    🟢 KEY_2 (30/1000) 
2026-06-27 01:01:05,116 [INFO]    🟢 KEY_3 (30/1000) 
2026-06-27 01:01:05,116 [INFO]    🟢 KEY_4 (30/1000) 
2026-06-27 02:42:54,258 [INFO] 등록된 키: 4개, 합산 한도 4,000건/일
2026-06-27 02:42:54,259 [INFO] POI 로드: 매뉴얼 v8.5 기준 fallback 121개 (121개 전체)
2026-06-27 02:42:54,259 [INFO] === 수집 시작 2026-06-27T02:42:54.259534+09:00 ===
2026-06-27 02:42:54,259 [INFO] 대상 장소: 121개 | API: citydata (통합)
2026-06-27 02:42:54,259 [INFO] 키 풀: 4/4 활성 | 오늘 사용 0/4000건
2026-06-27 02:42:54,259 [INFO]   [KEY_1] 담당 31장소
2026-06-27 02:42:54,259 [INFO]   [KEY_2] 담당 30장소
2026-06-27 02:42:54,260 [INFO]   [KEY_3] 담당 30장소
2026-06-27 02:42:54,260 [INFO]   [KEY_4] 담당 30장소
2026-06-27 02:42:54,260 [INFO] [1/121] 경복궁 (primary=KEY_1)
2026-06-27 02:42:56,063 [INFO] [2/121] 광화문·덕수궁 (primary=KEY_2)
2026-06-27 02:42:57,647 [INFO] [3/121] 보신각 (primary=KEY_3)
2026-06-27 02:42:59,321 [INFO] [4/121] 서울 암사동 유적 (primary=KEY_4)
2026-06-27 02:43:00,425 [INFO] [5/121] 창덕궁·종묘 (primary=KEY_1)
2026-06-27 02:43:01,654 [INFO] [6/121] 강남 MICE 관광특구 (primary=KEY_2)
2026-06-27 02:43:02,808 [INFO] [7/121] 동대문 관광특구 (primary=KEY_3)
2026-06-27 02:43:04,112 [INFO] [8/121] 명동 관광특구 (primary=KEY_4)
2026-06-27 02:43:05,594 [INFO] [9/121] 이태원 관광특구 (primary=KEY_1)
2026-06-27 02:43:06,732 [INFO] [10/121] 잠실 관광특구 (primary=KEY_2)
2026-06-27 02:43:08,308 [INFO] [11/121] 종로·청계 관광특구 (primary=KEY_3)
2026-06-27 02:43:09,639 [INFO] [12/121] 홍대 관광특구 (primary=KEY_4)
2026-06-27 02:43:10,932 [INFO] [13/121] 강서한강공원 (primary=KEY_1)
2026-06-27 02:43:11,906 [INFO] [14/121] 고척돔 (primary=KEY_2)
2026-06-27 02:43:13,694 [INFO] [15/121] 광나루한강공원 (primary=KEY_3)
2026-06-27 02:43:14,812 [INFO] [16/121] 광화문광장 (primary=KEY_4)
2026-06-27 02:43:15,927 [INFO] [17/121] 국립중앙박물관·용산가족공원 (primary=KEY_1)
2026-06-27 02:43:16,921 [INFO] [18/121] 난지한강공원 (primary=KEY_2)
2026-06-27 02:43:18,023 [INFO] [19/121] 남산공원 (primary=KEY_3)
2026-06-27 02:43:19,303 [INFO] [20/121] 노들섬 (primary=KEY_4)
2026-06-27 02:43:20,275 [INFO] [21/121] 뚝섬한강공원 (primary=KEY_1)
2026-06-27 02:43:21,938 [INFO] [22/121] 망원한강공원 (primary=KEY_2)
2026-06-27 02:43:23,057 [INFO] [23/121] 반포한강공원 (primary=KEY_3)
2026-06-27 02:43:24,024 [INFO] [24/121] 보라매공원 (primary=KEY_4)
2026-06-27 02:43:25,282 [INFO] [25/121] 북서울꿈의숲 (primary=KEY_1)
2026-06-27 02:43:26,256 [INFO] [26/121] 서대문독립공원 (primary=KEY_2)
2026-06-27 02:43:28,026 [INFO] [27/121] 서리풀공원·몽마르뜨공원 (primary=KEY_3)
2026-06-27 02:43:29,028 [INFO] [28/121] 서울대공원 (primary=KEY_4)
2026-06-27 02:43:30,259 [INFO] [29/121] 서울숲공원 (primary=KEY_1)
2026-06-27 02:43:31,373 [INFO] [30/121] 송현녹지광장 (primary=KEY_2)
2026-06-27 02:43:32,488 [INFO] [31/121] 아차산 (primary=KEY_3)
2026-06-27 02:43:33,453 [INFO] [32/121] 안양천 (primary=KEY_4)
2026-06-27 02:43:34,424 [INFO] [33/121] 양화한강공원 (primary=KEY_1)
2026-06-27 02:43:35,399 [INFO] [34/121] 어린이대공원 (primary=KEY_2)
2026-06-27 02:43:36,384 [INFO] [35/121] 여의도한강공원 (primary=KEY_3)
2026-06-27 02:43:37,509 [INFO] [36/121] 여의서로 (primary=KEY_4)
2026-06-27 02:43:38,493 [INFO] [37/121] 올림픽공원 (primary=KEY_1)
2026-06-27 02:43:39,640 [INFO] [38/121] 월드컵공원 (primary=KEY_2)
2026-06-27 02:43:40,938 [INFO] [39/121] 응봉산 (primary=KEY_3)
2026-06-27 02:43:42,052 [INFO] [40/121] 이촌한강공원 (primary=KEY_4)
2026-06-27 02:43:43,034 [INFO] [41/121] 잠실종합운동장 (primary=KEY_1)
2026-06-27 02:43:44,024 [INFO] [42/121] 잠실한강공원 (primary=KEY_2)
2026-06-27 02:43:45,011 [INFO] [43/121] 잠원한강공원 (primary=KEY_3)
2026-06-27 02:43:45,971 [INFO] [44/121] 청계산 (primary=KEY_4)
2026-06-27 02:43:46,941 [INFO] [45/121] 홍제폭포 (primary=KEY_1)
2026-06-27 02:43:47,911 [INFO] [46/121] 가락시장 (primary=KEY_2)
2026-06-27 02:43:49,056 [INFO] [47/121] 가로수길 (primary=KEY_3)
2026-06-27 02:43:50,197 [INFO] [48/121] 광장(전통)시장 (primary=KEY_4)
2026-06-27 02:43:51,192 [INFO] [49/121] 김포공항 (primary=KEY_1)
2026-06-27 02:43:52,336 [INFO] [50/121] 남대문시장 (primary=KEY_2)
2026-06-27 02:43:53,340 [INFO] [51/121] 노량진 (primary=KEY_3)
2026-06-27 02:43:54,357 [INFO] [52/121] 덕수궁길·정동길 (primary=KEY_4)
2026-06-27 02:43:56,044 [INFO] [53/121] 북창동 먹자골목 (primary=KEY_1)
2026-06-27 02:43:57,715 [INFO] [54/121] 북촌한옥마을 (primary=KEY_2)
2026-06-27 02:43:59,367 [INFO] [55/121] 서촌 (primary=KEY_3)
2026-06-27 02:44:00,747 [INFO] [56/121] 성수카페거리 (primary=KEY_4)
2026-06-27 02:44:01,867 [INFO] [57/121] 송리단길·호수단길 (primary=KEY_1)
2026-06-27 02:44:03,275 [INFO] [58/121] 신촌 스타광장 (primary=KEY_2)
2026-06-27 02:44:04,273 [INFO] [59/121] 압구정로데오거리 (primary=KEY_3)
2026-06-27 02:44:05,394 [INFO] [60/121] 여의도 (primary=KEY_4)
2026-06-27 02:44:07,770 [INFO] [61/121] 연남동 (primary=KEY_1)
2026-06-27 02:44:09,159 [INFO] [62/121] 영등포 타임스퀘어 (primary=KEY_2)
2026-06-27 02:44:10,957 [INFO] [63/121] 용리단길 (primary=KEY_3)
2026-06-27 02:44:11,981 [INFO] [64/121] 이태원 앤틱가구거리 (primary=KEY_4)
2026-06-27 02:44:12,985 [INFO] [65/121] 익선동 (primary=KEY_1)
2026-06-27 02:44:14,113 [INFO] [66/121] 인사동 (primary=KEY_2)
2026-06-27 02:44:15,253 [INFO] [67/121] 잠실롯데타워·석촌호수 (primary=KEY_3)
2026-06-27 02:44:17,196 [INFO] [68/121] 창동 신경제 중심지 (primary=KEY_4)
2026-06-27 02:44:18,492 [INFO] [69/121] 청담동 명품거리 (primary=KEY_1)
2026-06-27 02:44:19,609 [INFO] [70/121] 청량리 제기동 일대 전통시장 (primary=KEY_2)
2026-06-27 02:44:20,728 [INFO] [71/121] 해방촌·경리단길 (primary=KEY_3)
2026-06-27 02:44:21,705 [INFO] [72/121] DDP(동대문디자인플라자) (primary=KEY_4)
2026-06-27 02:44:22,892 [INFO] [73/121] DMC(디지털미디어시티) (primary=KEY_1)
2026-06-27 02:44:24,191 [INFO] [74/121] 가산디지털단지역 (primary=KEY_2)
2026-06-27 02:44:25,454 [INFO] [75/121] 강남역 (primary=KEY_3)
2026-06-27 02:44:27,401 [INFO] [76/121] 건대입구역 (primary=KEY_4)
2026-06-27 02:44:28,540 [INFO] [77/121] 고덕역 (primary=KEY_1)
2026-06-27 02:44:29,544 [INFO] [78/121] 고속터미널역 (primary=KEY_2)
2026-06-27 02:44:30,566 [INFO] [79/121] 교대역 (primary=KEY_3)
2026-06-27 02:44:31,566 [INFO] [80/121] 구로디지털단지역 (primary=KEY_4)
2026-06-27 02:44:32,832 [INFO] [81/121] 구로역 (primary=KEY_1)
2026-06-27 02:44:33,807 [INFO] [82/121] 군자역 (primary=KEY_2)
2026-06-27 02:44:35,097 [INFO] [83/121] 대림역 (primary=KEY_3)
2026-06-27 02:44:36,120 [INFO] [84/121] 동대문역 (primary=KEY_4)
2026-06-27 02:44:37,131 [INFO] [85/121] 뚝섬역 (primary=KEY_1)
2026-06-27 02:44:38,253 [INFO] [86/121] 미아사거리역 (primary=KEY_2)
2026-06-27 02:44:39,399 [INFO] [87/121] 발산역 (primary=KEY_3)
2026-06-27 02:44:40,660 [INFO] [88/121] 사당역 (primary=KEY_4)
2026-06-27 02:44:41,831 [INFO] [89/121] 삼각지역 (primary=KEY_1)
2026-06-27 02:44:42,825 [INFO] [90/121] 서울대입구역 (primary=KEY_2)
2026-06-27 02:44:43,810 [INFO] [91/121] 서울식물원·마곡나루역 (primary=KEY_3)
2026-06-27 02:44:44,950 [INFO] [92/121] 서울역 (primary=KEY_4)
2026-06-27 02:44:46,655 [INFO] [93/121] 선릉역 (primary=KEY_1)
2026-06-27 02:44:47,943 [INFO] [94/121] 성신여대입구역 (primary=KEY_2)
2026-06-27 02:44:48,960 [INFO] [95/121] 수유역 (primary=KEY_3)
2026-06-27 02:44:50,091 [INFO] [96/121] 숭례문 (primary=KEY_4)
2026-06-27 02:44:51,230 [INFO] [97/121] 시의회 앞 (primary=KEY_1)
2026-06-27 02:44:52,366 [INFO] [98/121] 신논현역·논현역 (primary=KEY_2)
2026-06-27 02:44:53,534 [INFO] [99/121] 신도림역 (primary=KEY_3)
2026-06-27 02:44:54,530 [INFO] [100/121] 신림역 (primary=KEY_4)
2026-06-27 02:44:55,813 [INFO] [101/121] 신정네거리역 (primary=KEY_1)
2026-06-27 02:44:56,812 [INFO] [102/121] 신촌·이대역 (primary=KEY_2)
2026-06-27 02:44:57,957 [INFO] [103/121] 쌍문역 (primary=KEY_3)
2026-06-27 02:44:58,950 [INFO] [104/121] 양재역 (primary=KEY_4)
2026-06-27 02:44:59,966 [INFO] [105/121] 역삼역 (primary=KEY_1)
2026-06-27 02:45:01,102 [INFO] [106/121] 연신내역 (primary=KEY_2)
2026-06-27 02:45:02,108 [INFO] [107/121] 오목교역·목동운동장 (primary=KEY_3)
2026-06-27 02:45:03,368 [INFO] [108/121] 왕십리역 (primary=KEY_4)
2026-06-27 02:45:04,488 [INFO] [109/121] 용산역 (primary=KEY_1)
2026-06-27 02:45:05,615 [INFO] [110/121] 이태원역 (primary=KEY_2)
2026-06-27 02:45:06,592 [INFO] [111/121] 잠실새내역 (primary=KEY_3)
2026-06-27 02:45:07,695 [INFO] [112/121] 잠실역 (primary=KEY_4)
2026-06-27 02:45:08,820 [INFO] [113/121] 장지역 (primary=KEY_1)
2026-06-27 02:45:09,927 [INFO] [114/121] 장한평역 (primary=KEY_2)
2026-06-27 02:45:11,027 [INFO] [115/121] 천호역 (primary=KEY_3)
2026-06-27 02:45:12,134 [INFO] [116/121] 총신대입구(이수)역 (primary=KEY_4)
2026-06-27 02:45:13,315 [INFO] [117/121] 충정로역 (primary=KEY_1)
2026-06-27 02:45:14,290 [INFO] [118/121] 합정역 (primary=KEY_2)
2026-06-27 02:45:15,436 [INFO] [119/121] 혜화역 (primary=KEY_3)
2026-06-27 02:45:16,420 [INFO] [120/121] 홍대입구역(2호선) (primary=KEY_4)
2026-06-27 02:45:17,945 [INFO] [121/121] 회기역 (primary=KEY_1)
2026-06-27 02:45:19,925 [INFO] === 수집 완료 | 성공 121, 실패 0 ===
2026-06-27 02:45:19,925 [INFO] 카테고리별 저장 결과:
2026-06-27 02:45:19,925 [INFO]    accident                  | 신규     4행 | 누적     12행 | 16컬럼
2026-06-27 02:45:19,925 [INFO]    accident_acdnt_cntrl_stts | 신규     2행 | 누적      6행 | 16컬럼
2026-06-27 02:45:19,925 [INFO]    area_meta                 | 신규   121행 | 누적    363행 | 5컬럼
2026-06-27 02:45:19,925 [INFO]    bike                      | 신규    12행 | 누적     36행 | 12컬럼
2026-06-27 02:45:19,925 [INFO]    bike_sbike_stts           | 신규   555행 | 누적   1665행 | 12컬럼
2026-06-27 02:45:19,925 [INFO]    bus                       | 신규     3행 | 누적      9행 | 11컬럼
2026-06-27 02:45:19,925 [INFO]    bus_bus_stn_stts          | 신규  1745행 | 누적   5235행 | 11컬럼
2026-06-27 02:45:19,925 [INFO]    charger                   | 신규    25행 | 누적     54행 | 15컬럼
2026-06-27 02:45:19,925 [INFO]    charger_charger_stts      | 신규   340행 | 누적   2576행 | 15컬럼
2026-06-27 02:45:19,926 [INFO]    cmrcl                     | 신규    82행 | 누적    246행 | 20컬럼
2026-06-27 02:45:19,926 [INFO]    events                    | 신규    11행 | 누적     33행 | 14컬럼
2026-06-27 02:45:19,926 [INFO]    events_event_stts         | 신규   144행 | 누적    432행 | 14컬럼
2026-06-27 02:45:19,926 [INFO]    parking                   | 신규     6행 | 누적     18행 | 21컬럼
2026-06-27 02:45:19,926 [INFO]    parking_prk_stts          | 신규  1833행 | 누적   5499행 | 21컬럼
2026-06-27 02:45:19,926 [INFO]    ppltn                     | 신규   121행 | 누적    363행 | 26컬럼
2026-06-27 02:45:19,926 [INFO]    road                      | 신규   121행 | 누적    363행 | 21컬럼
2026-06-27 02:45:19,926 [INFO]    road_road_traffic_stts    | 신규  5259행 | 누적  15777행 | 17컬럼
2026-06-27 02:45:19,926 [INFO]    subway                    | 신규    38행 | 누적    114행 | 13컬럼
2026-06-27 02:45:19,926 [INFO]    subway_sub_stts           | 신규   183행 | 누적    549행 | 13컬럼
2026-06-27 02:45:19,926 [INFO]    weather                   | 신규   119행 | 누적    357행 | 29컬럼
2026-06-27 02:45:19,926 [INFO] 키별 사용량:
2026-06-27 02:45:19,926 [INFO]    🟢 KEY_1 (31/1000) 
2026-06-27 02:45:19,926 [INFO]    🟢 KEY_2 (30/1000) 
2026-06-27 02:45:19,926 [INFO]    🟢 KEY_3 (30/1000) 
2026-06-27 02:45:19,926 [INFO]    🟢 KEY_4 (30/1000) 
