2026-06-25 00:06:51,651 [INFO] 등록된 키: 4개, 합산 한도 4,000건/일
2026-06-25 00:06:51,652 [INFO] POI 로드: 매뉴얼 v8.5 기준 fallback 121개 (121개 전체)
2026-06-25 00:06:51,652 [INFO] === 수집 시작 2026-06-25T00:06:51.652327+09:00 ===
2026-06-25 00:06:51,652 [INFO] 대상 장소: 121개 | API: citydata (통합)
2026-06-25 00:06:51,652 [INFO] 키 풀: 4/4 활성 | 오늘 사용 0/4000건
2026-06-25 00:06:51,652 [INFO]   [KEY_1] 담당 31장소
2026-06-25 00:06:51,652 [INFO]   [KEY_2] 담당 30장소
2026-06-25 00:06:51,652 [INFO]   [KEY_3] 담당 30장소
2026-06-25 00:06:51,652 [INFO]   [KEY_4] 담당 30장소
2026-06-25 00:06:51,652 [INFO] [1/121] 경복궁 (primary=KEY_1)
2026-06-25 00:06:53,545 [INFO] [2/121] 광화문·덕수궁 (primary=KEY_2)
2026-06-25 00:06:56,049 [INFO] [3/121] 보신각 (primary=KEY_3)
2026-06-25 00:06:57,929 [INFO] [4/121] 서울 암사동 유적 (primary=KEY_4)
2026-06-25 00:06:59,701 [INFO] [5/121] 창덕궁·종묘 (primary=KEY_1)
2026-06-25 00:07:00,918 [INFO] [6/121] 강남 MICE 관광특구 (primary=KEY_2)
2026-06-25 00:07:02,641 [INFO] [7/121] 동대문 관광특구 (primary=KEY_3)
2026-06-25 00:07:04,651 [INFO] [8/121] 명동 관광특구 (primary=KEY_4)
2026-06-25 00:07:06,893 [INFO] [9/121] 이태원 관광특구 (primary=KEY_1)
2026-06-25 00:07:08,786 [INFO] [10/121] 잠실 관광특구 (primary=KEY_2)
2026-06-25 00:07:10,906 [INFO] [11/121] 종로·청계 관광특구 (primary=KEY_3)
2026-06-25 00:07:12,342 [INFO] [12/121] 홍대 관광특구 (primary=KEY_4)
2026-06-25 00:07:13,763 [INFO] [13/121] 강서한강공원 (primary=KEY_1)
2026-06-25 00:07:15,463 [INFO] [14/121] 고척돔 (primary=KEY_2)
2026-06-25 00:07:16,505 [INFO] [15/121] 광나루한강공원 (primary=KEY_3)
2026-06-25 00:07:17,705 [INFO] [16/121] 광화문광장 (primary=KEY_4)
2026-06-25 00:07:18,933 [INFO] [17/121] 국립중앙박물관·용산가족공원 (primary=KEY_1)
2026-06-25 00:07:19,999 [INFO] [18/121] 난지한강공원 (primary=KEY_2)
2026-06-25 00:07:21,686 [INFO] [19/121] 남산공원 (primary=KEY_3)
2026-06-25 00:07:23,750 [INFO] [20/121] 노들섬 (primary=KEY_4)
2026-06-25 00:07:25,444 [INFO] [21/121] 뚝섬한강공원 (primary=KEY_1)
2026-06-25 00:07:27,172 [INFO] [22/121] 망원한강공원 (primary=KEY_2)
2026-06-25 00:07:29,050 [INFO] [23/121] 반포한강공원 (primary=KEY_3)
2026-06-25 00:07:31,383 [INFO] [24/121] 보라매공원 (primary=KEY_4)
2026-06-25 00:07:33,066 [INFO] [25/121] 북서울꿈의숲 (primary=KEY_1)
2026-06-25 00:07:34,117 [INFO] [26/121] 서대문독립공원 (primary=KEY_2)
2026-06-25 00:07:35,181 [INFO] [27/121] 서리풀공원·몽마르뜨공원 (primary=KEY_3)
2026-06-25 00:07:36,283 [INFO] [28/121] 서울대공원 (primary=KEY_4)
2026-06-25 00:07:37,325 [INFO] [29/121] 서울숲공원 (primary=KEY_1)
2026-06-25 00:07:38,582 [INFO] [30/121] 송현녹지광장 (primary=KEY_2)
2026-06-25 00:07:40,452 [INFO] [31/121] 아차산 (primary=KEY_3)
2026-06-25 00:07:41,508 [INFO] [32/121] 안양천 (primary=KEY_4)
2026-06-25 00:07:42,875 [INFO] [33/121] 양화한강공원 (primary=KEY_1)
2026-06-25 00:07:43,935 [INFO] [34/121] 어린이대공원 (primary=KEY_2)
2026-06-25 00:07:45,015 [INFO] [35/121] 여의도한강공원 (primary=KEY_3)
2026-06-25 00:07:46,250 [INFO] [36/121] 여의서로 (primary=KEY_4)
2026-06-25 00:07:47,317 [INFO] [37/121] 올림픽공원 (primary=KEY_1)
2026-06-25 00:07:48,579 [INFO] [38/121] 월드컵공원 (primary=KEY_2)
2026-06-25 00:07:50,023 [INFO] [39/121] 응봉산 (primary=KEY_3)
2026-06-25 00:07:51,240 [INFO] [40/121] 이촌한강공원 (primary=KEY_4)
2026-06-25 00:07:52,299 [INFO] [41/121] 잠실종합운동장 (primary=KEY_1)
2026-06-25 00:07:53,366 [INFO] [42/121] 잠실한강공원 (primary=KEY_2)
2026-06-25 00:07:54,445 [INFO] [43/121] 잠원한강공원 (primary=KEY_3)
2026-06-25 00:07:55,505 [INFO] [44/121] 청계산 (primary=KEY_4)
2026-06-25 00:07:56,550 [INFO] [45/121] 홍제폭포 (primary=KEY_1)
2026-06-25 00:07:57,596 [INFO] [46/121] 가락시장 (primary=KEY_2)
2026-06-25 00:07:58,860 [INFO] [47/121] 가로수길 (primary=KEY_3)
2026-06-25 00:08:00,129 [INFO] [48/121] 광장(전통)시장 (primary=KEY_4)
2026-06-25 00:08:01,197 [INFO] [49/121] 김포공항 (primary=KEY_1)
2026-06-25 00:08:02,477 [INFO] [50/121] 남대문시장 (primary=KEY_2)
2026-06-25 00:08:03,547 [INFO] [51/121] 노량진 (primary=KEY_3)
2026-06-25 00:08:05,216 [INFO] [52/121] 덕수궁길·정동길 (primary=KEY_4)
2026-06-25 00:08:06,472 [INFO] [53/121] 북창동 먹자골목 (primary=KEY_1)
2026-06-25 00:08:07,537 [INFO] [54/121] 북촌한옥마을 (primary=KEY_2)
2026-06-25 00:08:08,783 [INFO] [55/121] 서촌 (primary=KEY_3)
2026-06-25 00:08:10,018 [INFO] [56/121] 성수카페거리 (primary=KEY_4)
2026-06-25 00:08:11,270 [INFO] [57/121] 송리단길·호수단길 (primary=KEY_1)
2026-06-25 00:08:12,520 [INFO] [58/121] 신촌 스타광장 (primary=KEY_2)
2026-06-25 00:08:13,602 [INFO] [59/121] 압구정로데오거리 (primary=KEY_3)
2026-06-25 00:08:14,819 [INFO] [60/121] 여의도 (primary=KEY_4)
2026-06-25 00:08:16,610 [INFO] [61/121] 연남동 (primary=KEY_1)
2026-06-25 00:08:17,838 [INFO] [62/121] 영등포 타임스퀘어 (primary=KEY_2)
2026-06-25 00:08:19,059 [INFO] [63/121] 용리단길 (primary=KEY_3)
2026-06-25 00:08:20,160 [INFO] [64/121] 이태원 앤틱가구거리 (primary=KEY_4)
2026-06-25 00:08:21,222 [INFO] [65/121] 익선동 (primary=KEY_1)
2026-06-25 00:08:22,459 [INFO] [66/121] 인사동 (primary=KEY_2)
2026-06-25 00:08:23,721 [INFO] [67/121] 잠실롯데타워·석촌호수 (primary=KEY_3)
2026-06-25 00:08:24,974 [INFO] [68/121] 창동 신경제 중심지 (primary=KEY_4)
2026-06-25 00:08:26,387 [INFO] [69/121] 청담동 명품거리 (primary=KEY_1)
2026-06-25 00:08:27,769 [INFO] [70/121] 청량리 제기동 일대 전통시장 (primary=KEY_2)
2026-06-25 00:08:28,996 [INFO] [71/121] 해방촌·경리단길 (primary=KEY_3)
2026-06-25 00:08:30,049 [INFO] [72/121] DDP(동대문디자인플라자) (primary=KEY_4)
2026-06-25 00:08:31,346 [INFO] [73/121] DMC(디지털미디어시티) (primary=KEY_1)
2026-06-25 00:08:32,786 [INFO] [74/121] 가산디지털단지역 (primary=KEY_2)
2026-06-25 00:08:34,292 [INFO] [75/121] 강남역 (primary=KEY_3)
2026-06-25 00:08:35,712 [INFO] [76/121] 건대입구역 (primary=KEY_4)
2026-06-25 00:08:36,943 [INFO] [77/121] 고덕역 (primary=KEY_1)
2026-06-25 00:08:39,008 [INFO] [78/121] 고속터미널역 (primary=KEY_2)
2026-06-25 00:08:40,685 [INFO] [79/121] 교대역 (primary=KEY_3)
2026-06-25 00:08:42,411 [INFO] [80/121] 구로디지털단지역 (primary=KEY_4)
2026-06-25 00:08:44,440 [INFO] [81/121] 구로역 (primary=KEY_1)
2026-06-25 00:08:45,504 [INFO] [82/121] 군자역 (primary=KEY_2)
2026-06-25 00:08:47,400 [INFO] [83/121] 대림역 (primary=KEY_3)
2026-06-25 00:08:49,291 [INFO] [84/121] 동대문역 (primary=KEY_4)
2026-06-25 00:08:50,530 [INFO] [85/121] 뚝섬역 (primary=KEY_1)
2026-06-25 00:08:52,720 [INFO] [86/121] 미아사거리역 (primary=KEY_2)
2026-06-25 00:08:53,939 [INFO] [87/121] 발산역 (primary=KEY_3)
2026-06-25 00:08:55,990 [INFO] [88/121] 사당역 (primary=KEY_4)
2026-06-25 00:08:58,251 [INFO] [89/121] 삼각지역 (primary=KEY_1)
2026-06-25 00:08:59,337 [INFO] [90/121] 서울대입구역 (primary=KEY_2)
2026-06-25 00:09:00,410 [INFO] [91/121] 서울식물원·마곡나루역 (primary=KEY_3)
2026-06-25 00:09:01,657 [INFO] [92/121] 서울역 (primary=KEY_4)
2026-06-25 00:09:03,598 [INFO] [93/121] 선릉역 (primary=KEY_1)
2026-06-25 00:09:05,017 [INFO] [94/121] 성신여대입구역 (primary=KEY_2)
2026-06-25 00:09:07,053 [INFO] [95/121] 수유역 (primary=KEY_3)
2026-06-25 00:09:08,272 [INFO] [96/121] 숭례문 (primary=KEY_4)
2026-06-25 00:09:09,539 [INFO] [97/121] 시의회 앞 (primary=KEY_1)
2026-06-25 00:09:10,770 [INFO] [98/121] 신논현역·논현역 (primary=KEY_2)
2026-06-25 00:09:12,816 [INFO] [99/121] 신도림역 (primary=KEY_3)
2026-06-25 00:09:13,875 [INFO] [100/121] 신림역 (primary=KEY_4)
2026-06-25 00:09:14,950 [INFO] [101/121] 신정네거리역 (primary=KEY_1)
2026-06-25 00:09:16,016 [INFO] [102/121] 신촌·이대역 (primary=KEY_2)
2026-06-25 00:09:17,917 [INFO] [103/121] 쌍문역 (primary=KEY_3)
2026-06-25 00:09:19,850 [INFO] [104/121] 양재역 (primary=KEY_4)
2026-06-25 00:09:21,107 [INFO] [105/121] 역삼역 (primary=KEY_1)
2026-06-25 00:09:22,366 [INFO] [106/121] 연신내역 (primary=KEY_2)
2026-06-25 00:09:23,464 [INFO] [107/121] 오목교역·목동운동장 (primary=KEY_3)
2026-06-25 00:09:24,873 [INFO] [108/121] 왕십리역 (primary=KEY_4)
2026-06-25 00:09:26,823 [INFO] [109/121] 용산역 (primary=KEY_1)
2026-06-25 00:09:28,060 [INFO] [110/121] 이태원역 (primary=KEY_2)
2026-06-25 00:09:29,140 [INFO] [111/121] 잠실새내역 (primary=KEY_3)
2026-06-25 00:09:31,032 [INFO] [112/121] 잠실역 (primary=KEY_4)
2026-06-25 00:09:32,271 [INFO] [113/121] 장지역 (primary=KEY_1)
2026-06-25 00:09:33,502 [INFO] [114/121] 장한평역 (primary=KEY_2)
2026-06-25 00:09:34,731 [INFO] [115/121] 천호역 (primary=KEY_3)
2026-06-25 00:09:36,012 [INFO] [116/121] 총신대입구(이수)역 (primary=KEY_4)
2026-06-25 00:09:37,266 [INFO] [117/121] 충정로역 (primary=KEY_1)
2026-06-25 00:09:38,354 [INFO] [118/121] 합정역 (primary=KEY_2)
2026-06-25 00:09:39,597 [INFO] [119/121] 혜화역 (primary=KEY_3)
2026-06-25 00:09:40,822 [INFO] [120/121] 홍대입구역(2호선) (primary=KEY_4)
2026-06-25 00:09:42,505 [INFO] [121/121] 회기역 (primary=KEY_1)
2026-06-25 00:09:44,096 [INFO] === 수집 완료 | 성공 121, 실패 0 ===
2026-06-25 00:09:44,096 [INFO] 카테고리별 저장 결과:
2026-06-25 00:09:44,096 [INFO]    accident                  | 신규     4행 | 누적      4행 | 16컬럼
2026-06-25 00:09:44,096 [INFO]    area_meta                 | 신규   121행 | 누적    121행 | 5컬럼
2026-06-25 00:09:44,096 [INFO]    bike                      | 신규    12행 | 누적     12행 | 12컬럼
2026-06-25 00:09:44,097 [INFO]    bike_sbike_stts           | 신규   546행 | 누적    546행 | 12컬럼
2026-06-25 00:09:44,097 [INFO]    bus                       | 신규     3행 | 누적      3행 | 11컬럼
2026-06-25 00:09:44,097 [INFO]    bus_bus_stn_stts          | 신규  1745행 | 누적   1745행 | 11컬럼
2026-06-25 00:09:44,097 [INFO]    charger                   | 신규    25행 | 누적     25행 | 15컬럼
2026-06-25 00:09:44,097 [INFO]    charger_charger_stts      | 신규   344행 | 누적    344행 | 15컬럼
2026-06-25 00:09:44,097 [INFO]    cmrcl                     | 신규    82행 | 누적     82행 | 20컬럼
2026-06-25 00:09:44,097 [INFO]    events                    | 신규    11행 | 누적     11행 | 14컬럼
2026-06-25 00:09:44,097 [INFO]    events_event_stts         | 신규   145행 | 누적    145행 | 14컬럼
2026-06-25 00:09:44,097 [INFO]    parking                   | 신규     6행 | 누적      6행 | 21컬럼
2026-06-25 00:09:44,097 [INFO]    parking_prk_stts          | 신규  1835행 | 누적   1835행 | 21컬럼
2026-06-25 00:09:44,097 [INFO]    ppltn                     | 신규   121행 | 누적    121행 | 26컬럼
2026-06-25 00:09:44,097 [INFO]    road                      | 신규   121행 | 누적    121행 | 21컬럼
2026-06-25 00:09:44,097 [INFO]    road_road_traffic_stts    | 신규  5259행 | 누적   5259행 | 17컬럼
2026-06-25 00:09:44,097 [INFO]    subway                    | 신규    38행 | 누적     38행 | 12컬럼
2026-06-25 00:09:44,097 [INFO]    subway_sub_stts           | 신규   183행 | 누적    183행 | 13컬럼
2026-06-25 00:09:44,097 [INFO]    weather                   | 신규   119행 | 누적    119행 | 29컬럼
2026-06-25 00:09:44,097 [INFO] 키별 사용량:
2026-06-25 00:09:44,097 [INFO]    🟢 KEY_1 (31/1000) 
2026-06-25 00:09:44,097 [INFO]    🟢 KEY_2 (30/1000) 
2026-06-25 00:09:44,097 [INFO]    🟢 KEY_3 (30/1000) 
2026-06-25 00:09:44,097 [INFO]    🟢 KEY_4 (30/1000) 
