2026-06-03 00:37:49,978 [INFO] 등록된 키: 4개, 합산 한도 4,000건/일
2026-06-03 00:37:49,979 [INFO] POI 로드: 매뉴얼 v8.5 기준 fallback 121개 (121개 전체)
2026-06-03 00:37:49,979 [INFO] === 수집 시작 2026-06-03T00:37:49.979741+09:00 ===
2026-06-03 00:37:49,979 [INFO] 대상 장소: 121개 | API: citydata (통합)
2026-06-03 00:37:49,979 [INFO] 키 풀: 4/4 활성 | 오늘 사용 0/4000건
2026-06-03 00:37:49,980 [INFO]   [KEY_1] 담당 31장소
2026-06-03 00:37:49,980 [INFO]   [KEY_2] 담당 30장소
2026-06-03 00:37:49,980 [INFO]   [KEY_3] 담당 30장소
2026-06-03 00:37:49,980 [INFO]   [KEY_4] 담당 30장소
2026-06-03 00:37:49,980 [INFO] [1/121] 경복궁 (primary=KEY_1)
2026-06-03 00:37:52,192 [INFO] [2/121] 광화문·덕수궁 (primary=KEY_2)
2026-06-03 00:37:54,560 [INFO] [3/121] 보신각 (primary=KEY_3)
2026-06-03 00:37:56,556 [INFO] [4/121] 서울 암사동 유적 (primary=KEY_4)
2026-06-03 00:37:58,525 [INFO] [5/121] 창덕궁·종묘 (primary=KEY_1)
2026-06-03 00:37:59,892 [INFO] [6/121] 강남 MICE 관광특구 (primary=KEY_2)
2026-06-03 00:38:01,855 [INFO] [7/121] 동대문 관광특구 (primary=KEY_3)
2026-06-03 00:38:03,511 [INFO] [8/121] 명동 관광특구 (primary=KEY_4)
2026-06-03 00:38:06,087 [INFO] [9/121] 이태원 관광특구 (primary=KEY_1)
2026-06-03 00:38:08,097 [INFO] [10/121] 잠실 관광특구 (primary=KEY_2)
2026-06-03 00:38:10,493 [INFO] [11/121] 종로·청계 관광특구 (primary=KEY_3)
2026-06-03 00:38:12,899 [INFO] [12/121] 홍대 관광특구 (primary=KEY_4)
2026-06-03 00:38:15,115 [INFO] [13/121] 강서한강공원 (primary=KEY_1)
2026-06-03 00:38:16,873 [INFO] [14/121] 고척돔 (primary=KEY_2)
2026-06-03 00:38:19,196 [INFO] [15/121] 광나루한강공원 (primary=KEY_3)
2026-06-03 00:38:20,758 [INFO] [16/121] 광화문광장 (primary=KEY_4)
2026-06-03 00:38:22,834 [INFO] [17/121] 국립중앙박물관·용산가족공원 (primary=KEY_1)
2026-06-03 00:38:24,997 [INFO] [18/121] 난지한강공원 (primary=KEY_2)
2026-06-03 00:38:26,952 [INFO] [19/121] 남산공원 (primary=KEY_3)
2026-06-03 00:38:29,353 [INFO] [20/121] 노들섬 (primary=KEY_4)
2026-06-03 00:38:30,528 [INFO] [21/121] 뚝섬한강공원 (primary=KEY_1)
2026-06-03 00:38:32,530 [INFO] [22/121] 망원한강공원 (primary=KEY_2)
2026-06-03 00:38:34,558 [INFO] [23/121] 반포한강공원 (primary=KEY_3)
2026-06-03 00:38:36,550 [INFO] [24/121] 보라매공원 (primary=KEY_4)
2026-06-03 00:38:37,742 [INFO] [25/121] 북서울꿈의숲 (primary=KEY_1)
2026-06-03 00:38:40,090 [INFO] [26/121] 서대문독립공원 (primary=KEY_2)
2026-06-03 00:38:41,455 [INFO] [27/121] 서리풀공원·몽마르뜨공원 (primary=KEY_3)
2026-06-03 00:38:42,820 [INFO] [28/121] 서울대공원 (primary=KEY_4)
2026-06-03 00:38:44,263 [INFO] [29/121] 서울숲공원 (primary=KEY_1)
2026-06-03 00:38:46,461 [INFO] [30/121] 송현녹지광장 (primary=KEY_2)
2026-06-03 00:38:48,517 [INFO] [31/121] 아차산 (primary=KEY_3)
2026-06-03 00:38:49,701 [INFO] [32/121] 안양천 (primary=KEY_4)
2026-06-03 00:38:50,909 [INFO] [33/121] 양화한강공원 (primary=KEY_1)
2026-06-03 00:38:53,256 [INFO] [34/121] 어린이대공원 (primary=KEY_2)
2026-06-03 00:38:54,819 [INFO] [35/121] 여의도한강공원 (primary=KEY_3)
2026-06-03 00:38:56,952 [INFO] [36/121] 여의서로 (primary=KEY_4)
2026-06-03 00:38:59,095 [INFO] [37/121] 올림픽공원 (primary=KEY_1)
2026-06-03 00:39:01,880 [INFO] [38/121] 월드컵공원 (primary=KEY_2)
2026-06-03 00:39:03,505 [INFO] [39/121] 응봉산 (primary=KEY_3)
2026-06-03 00:39:04,860 [INFO] [40/121] 이촌한강공원 (primary=KEY_4)
2026-06-03 00:39:06,028 [INFO] [41/121] 잠실종합운동장 (primary=KEY_1)
2026-06-03 00:39:07,188 [INFO] [42/121] 잠실한강공원 (primary=KEY_2)
2026-06-03 00:39:09,148 [INFO] [43/121] 잠원한강공원 (primary=KEY_3)
2026-06-03 00:39:11,194 [INFO] [44/121] 청계산 (primary=KEY_4)
2026-06-03 00:39:13,141 [INFO] [45/121] 홍제폭포 (primary=KEY_1)
2026-06-03 00:39:15,079 [INFO] [46/121] 가락시장 (primary=KEY_2)
2026-06-03 00:39:16,486 [INFO] [47/121] 가로수길 (primary=KEY_3)
2026-06-03 00:39:18,688 [INFO] [48/121] 광장(전통)시장 (primary=KEY_4)
2026-06-03 00:39:19,880 [INFO] [49/121] 김포공항 (primary=KEY_1)
2026-06-03 00:39:22,427 [INFO] [50/121] 남대문시장 (primary=KEY_2)
2026-06-03 00:39:23,820 [INFO] [51/121] 노량진 (primary=KEY_3)
2026-06-03 00:39:25,200 [INFO] [52/121] 덕수궁길·정동길 (primary=KEY_4)
2026-06-03 00:39:26,619 [INFO] [53/121] 북창동 먹자골목 (primary=KEY_1)
2026-06-03 00:39:27,999 [INFO] [54/121] 북촌한옥마을 (primary=KEY_2)
2026-06-03 00:39:29,601 [INFO] [55/121] 서촌 (primary=KEY_3)
2026-06-03 00:39:30,992 [INFO] [56/121] 성수카페거리 (primary=KEY_4)
2026-06-03 00:39:33,248 [INFO] [57/121] 송리단길·호수단길 (primary=KEY_1)
2026-06-03 00:39:34,674 [INFO] [58/121] 신촌 스타광장 (primary=KEY_2)
2026-06-03 00:39:35,872 [INFO] [59/121] 압구정로데오거리 (primary=KEY_3)
2026-06-03 00:39:37,282 [INFO] [60/121] 여의도 (primary=KEY_4)
2026-06-03 00:39:39,604 [INFO] [61/121] 연남동 (primary=KEY_1)
2026-06-03 00:39:40,965 [INFO] [62/121] 영등포 타임스퀘어 (primary=KEY_2)
2026-06-03 00:39:42,352 [INFO] [63/121] 용리단길 (primary=KEY_3)
2026-06-03 00:39:43,575 [INFO] [64/121] 이태원 앤틱가구거리 (primary=KEY_4)
2026-06-03 00:39:45,999 [INFO] [65/121] 익선동 (primary=KEY_1)
2026-06-03 00:39:47,425 [INFO] [66/121] 인사동 (primary=KEY_2)
2026-06-03 00:39:49,839 [INFO] [67/121] 잠실롯데타워·석촌호수 (primary=KEY_3)
2026-06-03 00:39:52,479 [INFO] [68/121] 창동 신경제 중심지 (primary=KEY_4)
2026-06-03 00:39:54,317 [INFO] [69/121] 청담동 명품거리 (primary=KEY_1)
2026-06-03 00:39:56,706 [INFO] [70/121] 청량리 제기동 일대 전통시장 (primary=KEY_2)
2026-06-03 00:39:58,152 [INFO] [71/121] 해방촌·경리단길 (primary=KEY_3)
2026-06-03 00:39:59,346 [INFO] [72/121] DDP(동대문디자인플라자) (primary=KEY_4)
2026-06-03 00:40:00,734 [INFO] [73/121] DMC(디지털미디어시티) (primary=KEY_1)
2026-06-03 00:40:02,566 [INFO] [74/121] 가산디지털단지역 (primary=KEY_2)
2026-06-03 00:40:04,583 [INFO] [75/121] 강남역 (primary=KEY_3)
2026-06-03 00:40:06,198 [INFO] [76/121] 건대입구역 (primary=KEY_4)
2026-06-03 00:40:07,621 [INFO] [77/121] 고덕역 (primary=KEY_1)
2026-06-03 00:40:09,000 [INFO] [78/121] 고속터미널역 (primary=KEY_2)
2026-06-03 00:40:10,388 [INFO] [79/121] 교대역 (primary=KEY_3)
2026-06-03 00:40:11,793 [INFO] [80/121] 구로디지털단지역 (primary=KEY_4)
2026-06-03 00:40:13,584 [INFO] [81/121] 구로역 (primary=KEY_1)
2026-06-03 00:40:14,954 [INFO] [82/121] 군자역 (primary=KEY_2)
2026-06-03 00:40:16,308 [INFO] [83/121] 대림역 (primary=KEY_3)
2026-06-03 00:40:17,702 [INFO] [84/121] 동대문역 (primary=KEY_4)
2026-06-03 00:40:19,120 [INFO] [85/121] 뚝섬역 (primary=KEY_1)
2026-06-03 00:40:20,523 [INFO] [86/121] 미아사거리역 (primary=KEY_2)
2026-06-03 00:40:22,594 [INFO] [87/121] 발산역 (primary=KEY_3)
2026-06-03 00:40:24,346 [INFO] [88/121] 사당역 (primary=KEY_4)
2026-06-03 00:40:25,784 [INFO] [89/121] 삼각지역 (primary=KEY_1)
2026-06-03 00:40:27,165 [INFO] [90/121] 서울대입구역 (primary=KEY_2)
2026-06-03 00:40:28,574 [INFO] [91/121] 서울식물원·마곡나루역 (primary=KEY_3)
2026-06-03 00:40:30,184 [INFO] [92/121] 서울역 (primary=KEY_4)
2026-06-03 00:40:31,769 [INFO] [93/121] 선릉역 (primary=KEY_1)
2026-06-03 00:40:33,611 [INFO] [94/121] 성신여대입구역 (primary=KEY_2)
2026-06-03 00:40:34,809 [INFO] [95/121] 수유역 (primary=KEY_3)
2026-06-03 00:40:36,210 [INFO] [96/121] 숭례문 (primary=KEY_4)
2026-06-03 00:40:37,622 [INFO] [97/121] 시의회 앞 (primary=KEY_1)
2026-06-03 00:40:38,991 [INFO] [98/121] 신논현역·논현역 (primary=KEY_2)
2026-06-03 00:40:40,415 [INFO] [99/121] 신도림역 (primary=KEY_3)
2026-06-03 00:40:41,600 [INFO] [100/121] 신림역 (primary=KEY_4)
2026-06-03 00:40:42,993 [INFO] [101/121] 신정네거리역 (primary=KEY_1)
2026-06-03 00:40:44,400 [INFO] [102/121] 신촌·이대역 (primary=KEY_2)
2026-06-03 00:40:45,789 [INFO] [103/121] 쌍문역 (primary=KEY_3)
2026-06-03 00:40:47,185 [INFO] [104/121] 양재역 (primary=KEY_4)
2026-06-03 00:40:48,587 [INFO] [105/121] 역삼역 (primary=KEY_1)
2026-06-03 00:40:50,207 [INFO] [106/121] 연신내역 (primary=KEY_2)
2026-06-03 00:40:51,425 [INFO] [107/121] 오목교역·목동운동장 (primary=KEY_3)
2026-06-03 00:40:53,396 [INFO] [108/121] 왕십리역 (primary=KEY_4)
2026-06-03 00:40:55,032 [INFO] [109/121] 용산역 (primary=KEY_1)
2026-06-03 00:40:56,637 [INFO] [110/121] 이태원역 (primary=KEY_2)
2026-06-03 00:40:57,900 [INFO] [111/121] 잠실새내역 (primary=KEY_3)
2026-06-03 00:40:59,301 [INFO] [112/121] 잠실역 (primary=KEY_4)
2026-06-03 00:41:00,879 [INFO] [113/121] 장지역 (primary=KEY_1)
2026-06-03 00:41:02,484 [INFO] [114/121] 장한평역 (primary=KEY_2)
2026-06-03 00:41:03,883 [INFO] [115/121] 천호역 (primary=KEY_3)
2026-06-03 00:41:05,305 [INFO] [116/121] 총신대입구(이수)역 (primary=KEY_4)
2026-06-03 00:41:06,712 [INFO] [117/121] 충정로역 (primary=KEY_1)
2026-06-03 00:41:08,090 [INFO] [118/121] 합정역 (primary=KEY_2)
2026-06-03 00:41:09,494 [INFO] [119/121] 혜화역 (primary=KEY_3)
2026-06-03 00:41:10,877 [INFO] [120/121] 홍대입구역(2호선) (primary=KEY_4)
2026-06-03 00:41:12,264 [INFO] [121/121] 회기역 (primary=KEY_1)
2026-06-03 00:41:14,140 [INFO] === 수집 완료 | 성공 121, 실패 0 ===
2026-06-03 00:41:14,140 [INFO] 카테고리별 저장 결과:
2026-06-03 00:41:14,140 [INFO]    accident                  | 신규     4행 | 누적      4행 | 16컬럼
2026-06-03 00:41:14,140 [INFO]    area_meta                 | 신규   121행 | 누적    121행 | 5컬럼
2026-06-03 00:41:14,140 [INFO]    bike                      | 신규    10행 | 누적     10행 | 12컬럼
2026-06-03 00:41:14,140 [INFO]    bike_sbike_stts           | 신규   557행 | 누적    557행 | 12컬럼
2026-06-03 00:41:14,140 [INFO]    bus                       | 신규     3행 | 누적      3행 | 11컬럼
2026-06-03 00:41:14,140 [INFO]    bus_bus_stn_stts          | 신규  1745행 | 누적   1745행 | 11컬럼
2026-06-03 00:41:14,140 [INFO]    charger                   | 신규     4행 | 누적      4행 | 15컬럼
2026-06-03 00:41:14,140 [INFO]    charger_charger_stts      | 신규  1905행 | 누적   1905행 | 15컬럼
2026-06-03 00:41:14,140 [INFO]    cmrcl                     | 신규    82행 | 누적     82행 | 20컬럼
2026-06-03 00:41:14,140 [INFO]    events                    | 신규     9행 | 누적      9행 | 14컬럼
2026-06-03 00:41:14,140 [INFO]    events_event_stts         | 신규   156행 | 누적    156행 | 14컬럼
2026-06-03 00:41:14,141 [INFO]    parking                   | 신규     6행 | 누적      6행 | 21컬럼
2026-06-03 00:41:14,141 [INFO]    parking_prk_stts          | 신규  1835행 | 누적   1835행 | 21컬럼
2026-06-03 00:41:14,141 [INFO]    ppltn                     | 신규   121행 | 누적    121행 | 26컬럼
2026-06-03 00:41:14,141 [INFO]    road                      | 신규   121행 | 누적    121행 | 21컬럼
2026-06-03 00:41:14,141 [INFO]    road_road_traffic_stts    | 신규  5254행 | 누적   5254행 | 17컬럼
2026-06-03 00:41:14,141 [INFO]    subway                    | 신규    38행 | 누적     38행 | 12컬럼
2026-06-03 00:41:14,141 [INFO]    subway_sub_stts           | 신규   183행 | 누적    183행 | 13컬럼
2026-06-03 00:41:14,141 [INFO]    weather                   | 신규   119행 | 누적    119행 | 30컬럼
2026-06-03 00:41:14,141 [INFO] 키별 사용량:
2026-06-03 00:41:14,141 [INFO]    🟢 KEY_1 (31/1000) 
2026-06-03 00:41:14,141 [INFO]    🟢 KEY_2 (30/1000) 
2026-06-03 00:41:14,141 [INFO]    🟢 KEY_3 (30/1000) 
2026-06-03 00:41:14,141 [INFO]    🟢 KEY_4 (30/1000) 
2026-06-03 02:45:24,103 [INFO] 등록된 키: 4개, 합산 한도 4,000건/일
2026-06-03 02:45:24,103 [INFO] POI 로드: 매뉴얼 v8.5 기준 fallback 121개 (121개 전체)
2026-06-03 02:45:24,104 [INFO] === 수집 시작 2026-06-03T02:45:24.104053+09:00 ===
2026-06-03 02:45:24,104 [INFO] 대상 장소: 121개 | API: citydata (통합)
2026-06-03 02:45:24,104 [INFO] 키 풀: 4/4 활성 | 오늘 사용 0/4000건
2026-06-03 02:45:24,104 [INFO]   [KEY_1] 담당 31장소
2026-06-03 02:45:24,104 [INFO]   [KEY_2] 담당 30장소
2026-06-03 02:45:24,104 [INFO]   [KEY_3] 담당 30장소
2026-06-03 02:45:24,104 [INFO]   [KEY_4] 담당 30장소
2026-06-03 02:45:24,104 [INFO] [1/121] 경복궁 (primary=KEY_1)
2026-06-03 02:45:26,076 [INFO] [2/121] 광화문·덕수궁 (primary=KEY_2)
2026-06-03 02:45:28,237 [INFO] [3/121] 보신각 (primary=KEY_3)
2026-06-03 02:45:30,063 [INFO] [4/121] 서울 암사동 유적 (primary=KEY_4)
2026-06-03 02:45:31,718 [INFO] [5/121] 창덕궁·종묘 (primary=KEY_1)
2026-06-03 02:45:33,150 [INFO] [6/121] 강남 MICE 관광특구 (primary=KEY_2)
2026-06-03 02:45:34,266 [INFO] [7/121] 동대문 관광특구 (primary=KEY_3)
2026-06-03 02:45:36,442 [INFO] [8/121] 명동 관광특구 (primary=KEY_4)
2026-06-03 02:45:39,015 [INFO] [9/121] 이태원 관광특구 (primary=KEY_1)
2026-06-03 02:45:41,004 [INFO] [10/121] 잠실 관광특구 (primary=KEY_2)
2026-06-03 02:45:42,500 [INFO] [11/121] 종로·청계 관광특구 (primary=KEY_3)
2026-06-03 02:45:44,729 [INFO] [12/121] 홍대 관광특구 (primary=KEY_4)
2026-06-03 02:45:46,193 [INFO] [13/121] 강서한강공원 (primary=KEY_1)
2026-06-03 02:45:47,272 [INFO] [14/121] 고척돔 (primary=KEY_2)
2026-06-03 02:45:49,090 [INFO] [15/121] 광나루한강공원 (primary=KEY_3)
2026-06-03 02:45:50,351 [INFO] [16/121] 광화문광장 (primary=KEY_4)
2026-06-03 02:45:51,619 [INFO] [17/121] 국립중앙박물관·용산가족공원 (primary=KEY_1)
2026-06-03 02:45:52,702 [INFO] [18/121] 난지한강공원 (primary=KEY_2)
2026-06-03 02:45:53,782 [INFO] [19/121] 남산공원 (primary=KEY_3)
2026-06-03 02:45:55,286 [INFO] [20/121] 노들섬 (primary=KEY_4)
2026-06-03 02:45:56,371 [INFO] [21/121] 뚝섬한강공원 (primary=KEY_1)
2026-06-03 02:45:57,455 [INFO] [22/121] 망원한강공원 (primary=KEY_2)
2026-06-03 02:45:58,750 [INFO] [23/121] 반포한강공원 (primary=KEY_3)
2026-06-03 02:45:59,830 [INFO] [24/121] 보라매공원 (primary=KEY_4)
2026-06-03 02:46:01,643 [INFO] [25/121] 북서울꿈의숲 (primary=KEY_1)
2026-06-03 02:46:02,747 [INFO] [26/121] 서대문독립공원 (primary=KEY_2)
2026-06-03 02:46:04,420 [INFO] [27/121] 서리풀공원·몽마르뜨공원 (primary=KEY_3)
2026-06-03 02:46:06,205 [INFO] [28/121] 서울대공원 (primary=KEY_4)
2026-06-03 02:46:07,285 [INFO] [29/121] 서울숲공원 (primary=KEY_1)
2026-06-03 02:46:08,540 [INFO] [30/121] 송현녹지광장 (primary=KEY_2)
2026-06-03 02:46:09,830 [INFO] [31/121] 아차산 (primary=KEY_3)
2026-06-03 02:46:10,903 [INFO] [32/121] 안양천 (primary=KEY_4)
2026-06-03 02:46:12,000 [INFO] [33/121] 양화한강공원 (primary=KEY_1)
2026-06-03 02:46:13,085 [INFO] [34/121] 어린이대공원 (primary=KEY_2)
2026-06-03 02:46:14,186 [INFO] [35/121] 여의도한강공원 (primary=KEY_3)
2026-06-03 02:46:15,428 [INFO] [36/121] 여의서로 (primary=KEY_4)
2026-06-03 02:46:16,527 [INFO] [37/121] 올림픽공원 (primary=KEY_1)
2026-06-03 02:46:17,813 [INFO] [38/121] 월드컵공원 (primary=KEY_2)
2026-06-03 02:46:19,290 [INFO] [39/121] 응봉산 (primary=KEY_3)
2026-06-03 02:46:20,524 [INFO] [40/121] 이촌한강공원 (primary=KEY_4)
2026-06-03 02:46:21,616 [INFO] [41/121] 잠실종합운동장 (primary=KEY_1)
2026-06-03 02:46:22,705 [INFO] [42/121] 잠실한강공원 (primary=KEY_2)
2026-06-03 02:46:23,817 [INFO] [43/121] 잠원한강공원 (primary=KEY_3)
2026-06-03 02:46:24,905 [INFO] [44/121] 청계산 (primary=KEY_4)
2026-06-03 02:46:25,999 [INFO] [45/121] 홍제폭포 (primary=KEY_1)
2026-06-03 02:46:27,070 [INFO] [46/121] 가락시장 (primary=KEY_2)
2026-06-03 02:46:28,377 [INFO] [47/121] 가로수길 (primary=KEY_3)
2026-06-03 02:46:29,660 [INFO] [48/121] 광장(전통)시장 (primary=KEY_4)
2026-06-03 02:46:30,788 [INFO] [49/121] 김포공항 (primary=KEY_1)
2026-06-03 02:46:32,079 [INFO] [50/121] 남대문시장 (primary=KEY_2)
2026-06-03 02:46:33,203 [INFO] [51/121] 노량진 (primary=KEY_3)
2026-06-03 02:46:34,308 [INFO] [52/121] 덕수궁길·정동길 (primary=KEY_4)
2026-06-03 02:46:35,605 [INFO] [53/121] 북창동 먹자골목 (primary=KEY_1)
2026-06-03 02:46:36,703 [INFO] [54/121] 북촌한옥마을 (primary=KEY_2)
2026-06-03 02:46:37,996 [INFO] [55/121] 서촌 (primary=KEY_3)
2026-06-03 02:46:39,260 [INFO] [56/121] 성수카페거리 (primary=KEY_4)
2026-06-03 02:46:40,561 [INFO] [57/121] 송리단길·호수단길 (primary=KEY_1)
2026-06-03 02:46:42,541 [INFO] [58/121] 신촌 스타광장 (primary=KEY_2)
2026-06-03 02:46:44,227 [INFO] [59/121] 압구정로데오거리 (primary=KEY_3)
2026-06-03 02:46:46,389 [INFO] [60/121] 여의도 (primary=KEY_4)
2026-06-03 02:46:48,238 [INFO] [61/121] 연남동 (primary=KEY_1)
2026-06-03 02:46:50,183 [INFO] [62/121] 영등포 타임스퀘어 (primary=KEY_2)
2026-06-03 02:46:52,158 [INFO] [63/121] 용리단길 (primary=KEY_3)
2026-06-03 02:46:53,925 [INFO] [64/121] 이태원 앤틱가구거리 (primary=KEY_4)
2026-06-03 02:46:55,653 [INFO] [65/121] 익선동 (primary=KEY_1)
2026-06-03 02:46:56,941 [INFO] [66/121] 인사동 (primary=KEY_2)
2026-06-03 02:46:58,238 [INFO] [67/121] 잠실롯데타워·석촌호수 (primary=KEY_3)
2026-06-03 02:46:59,547 [INFO] [68/121] 창동 신경제 중심지 (primary=KEY_4)
2026-06-03 02:47:01,756 [INFO] [69/121] 청담동 명품거리 (primary=KEY_1)
2026-06-03 02:47:03,033 [INFO] [70/121] 청량리 제기동 일대 전통시장 (primary=KEY_2)
2026-06-03 02:47:05,029 [INFO] [71/121] 해방촌·경리단길 (primary=KEY_3)
2026-06-03 02:47:06,135 [INFO] [72/121] DDP(동대문디자인플라자) (primary=KEY_4)
2026-06-03 02:47:07,513 [INFO] [73/121] DMC(디지털미디어시티) (primary=KEY_1)
2026-06-03 02:47:09,005 [INFO] [74/121] 가산디지털단지역 (primary=KEY_2)
2026-06-03 02:47:10,451 [INFO] [75/121] 강남역 (primary=KEY_3)
2026-06-03 02:47:12,616 [INFO] [76/121] 건대입구역 (primary=KEY_4)
2026-06-03 02:47:13,912 [INFO] [77/121] 고덕역 (primary=KEY_1)
2026-06-03 02:47:15,041 [INFO] [78/121] 고속터미널역 (primary=KEY_2)
2026-06-03 02:47:16,192 [INFO] [79/121] 교대역 (primary=KEY_3)
2026-06-03 02:47:17,311 [INFO] [80/121] 구로디지털단지역 (primary=KEY_4)
2026-06-03 02:47:18,583 [INFO] [81/121] 구로역 (primary=KEY_1)
2026-06-03 02:47:19,671 [INFO] [82/121] 군자역 (primary=KEY_2)
2026-06-03 02:47:20,794 [INFO] [83/121] 대림역 (primary=KEY_3)
2026-06-03 02:47:22,644 [INFO] [84/121] 동대문역 (primary=KEY_4)
2026-06-03 02:47:23,765 [INFO] [85/121] 뚝섬역 (primary=KEY_1)
2026-06-03 02:47:25,769 [INFO] [86/121] 미아사거리역 (primary=KEY_2)
2026-06-03 02:47:27,632 [INFO] [87/121] 발산역 (primary=KEY_3)
2026-06-03 02:47:29,111 [INFO] [88/121] 사당역 (primary=KEY_4)
2026-06-03 02:47:30,243 [INFO] [89/121] 삼각지역 (primary=KEY_1)
2026-06-03 02:47:31,364 [INFO] [90/121] 서울대입구역 (primary=KEY_2)
2026-06-03 02:47:32,494 [INFO] [91/121] 서울식물원·마곡나루역 (primary=KEY_3)
2026-06-03 02:47:33,775 [INFO] [92/121] 서울역 (primary=KEY_4)
2026-06-03 02:47:35,090 [INFO] [93/121] 선릉역 (primary=KEY_1)
2026-06-03 02:47:36,588 [INFO] [94/121] 성신여대입구역 (primary=KEY_2)
2026-06-03 02:47:37,724 [INFO] [95/121] 수유역 (primary=KEY_3)
2026-06-03 02:47:39,016 [INFO] [96/121] 숭례문 (primary=KEY_4)
2026-06-03 02:47:40,336 [INFO] [97/121] 시의회 앞 (primary=KEY_1)
2026-06-03 02:47:41,626 [INFO] [98/121] 신논현역·논현역 (primary=KEY_2)
2026-06-03 02:47:42,924 [INFO] [99/121] 신도림역 (primary=KEY_3)
2026-06-03 02:47:44,056 [INFO] [100/121] 신림역 (primary=KEY_4)
2026-06-03 02:47:45,184 [INFO] [101/121] 신정네거리역 (primary=KEY_1)
2026-06-03 02:47:46,315 [INFO] [102/121] 신촌·이대역 (primary=KEY_2)
2026-06-03 02:47:47,612 [INFO] [103/121] 쌍문역 (primary=KEY_3)
2026-06-03 02:47:48,711 [INFO] [104/121] 양재역 (primary=KEY_4)
2026-06-03 02:47:49,817 [INFO] [105/121] 역삼역 (primary=KEY_1)
2026-06-03 02:47:51,113 [INFO] [106/121] 연신내역 (primary=KEY_2)
2026-06-03 02:47:52,247 [INFO] [107/121] 오목교역·목동운동장 (primary=KEY_3)
2026-06-03 02:47:53,720 [INFO] [108/121] 왕십리역 (primary=KEY_4)
2026-06-03 02:47:55,047 [INFO] [109/121] 용산역 (primary=KEY_1)
2026-06-03 02:47:56,318 [INFO] [110/121] 이태원역 (primary=KEY_2)
2026-06-03 02:47:57,427 [INFO] [111/121] 잠실새내역 (primary=KEY_3)
2026-06-03 02:47:58,727 [INFO] [112/121] 잠실역 (primary=KEY_4)
2026-06-03 02:48:00,013 [INFO] [113/121] 장지역 (primary=KEY_1)
2026-06-03 02:48:01,318 [INFO] [114/121] 장한평역 (primary=KEY_2)
2026-06-03 02:48:02,617 [INFO] [115/121] 천호역 (primary=KEY_3)
2026-06-03 02:48:03,894 [INFO] [116/121] 총신대입구(이수)역 (primary=KEY_4)
2026-06-03 02:48:05,233 [INFO] [117/121] 충정로역 (primary=KEY_1)
2026-06-03 02:48:06,366 [INFO] [118/121] 합정역 (primary=KEY_2)
2026-06-03 02:48:07,647 [INFO] [119/121] 혜화역 (primary=KEY_3)
2026-06-03 02:48:08,764 [INFO] [120/121] 홍대입구역(2호선) (primary=KEY_4)
2026-06-03 02:48:09,906 [INFO] [121/121] 회기역 (primary=KEY_1)
2026-06-03 02:48:11,870 [INFO] === 수집 완료 | 성공 121, 실패 0 ===
2026-06-03 02:48:11,870 [INFO] 카테고리별 저장 결과:
2026-06-03 02:48:11,870 [INFO]    accident                  | 신규     4행 | 누적      8행 | 16컬럼
2026-06-03 02:48:11,870 [INFO]    area_meta                 | 신규   121행 | 누적    242행 | 5컬럼
2026-06-03 02:48:11,870 [INFO]    bike                      | 신규    10행 | 누적     20행 | 12컬럼
2026-06-03 02:48:11,870 [INFO]    bike_sbike_stts           | 신규   557행 | 누적   1114행 | 12컬럼
2026-06-03 02:48:11,870 [INFO]    bus                       | 신규     3행 | 누적      6행 | 11컬럼
2026-06-03 02:48:11,870 [INFO]    bus_bus_stn_stts          | 신규  1745행 | 누적   3490행 | 11컬럼
2026-06-03 02:48:11,870 [INFO]    charger                   | 신규    25행 | 누적     29행 | 15컬럼
2026-06-03 02:48:11,871 [INFO]    charger_charger_stts      | 신규   323행 | 누적   2211행 | 15컬럼
2026-06-03 02:48:11,871 [INFO]    cmrcl                     | 신규    82행 | 누적    164행 | 20컬럼
2026-06-03 02:48:11,871 [INFO]    events                    | 신규     9행 | 누적     18행 | 14컬럼
2026-06-03 02:48:11,871 [INFO]    events_event_stts         | 신규   156행 | 누적    312행 | 14컬럼
2026-06-03 02:48:11,871 [INFO]    parking                   | 신규     6행 | 누적     12행 | 21컬럼
2026-06-03 02:48:11,871 [INFO]    parking_prk_stts          | 신규  1835행 | 누적   3670행 | 21컬럼
2026-06-03 02:48:11,871 [INFO]    ppltn                     | 신규   121행 | 누적    242행 | 26컬럼
2026-06-03 02:48:11,871 [INFO]    road                      | 신규   121행 | 누적    242행 | 21컬럼
2026-06-03 02:48:11,871 [INFO]    road_road_traffic_stts    | 신규  5254행 | 누적  10508행 | 17컬럼
2026-06-03 02:48:11,871 [INFO]    subway                    | 신규    38행 | 누적     76행 | 12컬럼
2026-06-03 02:48:11,871 [INFO]    subway_sub_stts           | 신규   183행 | 누적    366행 | 13컬럼
2026-06-03 02:48:11,871 [INFO]    weather                   | 신규   119행 | 누적    238행 | 30컬럼
2026-06-03 02:48:11,871 [INFO] 키별 사용량:
2026-06-03 02:48:11,871 [INFO]    🟢 KEY_1 (31/1000) 
2026-06-03 02:48:11,871 [INFO]    🟢 KEY_2 (30/1000) 
2026-06-03 02:48:11,871 [INFO]    🟢 KEY_3 (30/1000) 
2026-06-03 02:48:11,871 [INFO]    🟢 KEY_4 (30/1000) 
2026-06-03 04:29:46,740 [INFO] 등록된 키: 4개, 합산 한도 4,000건/일
2026-06-03 04:29:46,741 [INFO] POI 로드: 매뉴얼 v8.5 기준 fallback 121개 (121개 전체)
2026-06-03 04:29:46,741 [INFO] === 수집 시작 2026-06-03T04:29:46.741721+09:00 ===
2026-06-03 04:29:46,741 [INFO] 대상 장소: 121개 | API: citydata (통합)
2026-06-03 04:29:46,741 [INFO] 키 풀: 4/4 활성 | 오늘 사용 0/4000건
2026-06-03 04:29:46,742 [INFO]   [KEY_1] 담당 31장소
2026-06-03 04:29:46,742 [INFO]   [KEY_2] 담당 30장소
2026-06-03 04:29:46,742 [INFO]   [KEY_3] 담당 30장소
2026-06-03 04:29:46,742 [INFO]   [KEY_4] 담당 30장소
2026-06-03 04:29:46,742 [INFO] [1/121] 경복궁 (primary=KEY_1)
2026-06-03 04:29:49,299 [INFO] [2/121] 광화문·덕수궁 (primary=KEY_2)
2026-06-03 04:29:51,731 [INFO] [3/121] 보신각 (primary=KEY_3)
2026-06-03 04:29:53,932 [INFO] [4/121] 서울 암사동 유적 (primary=KEY_4)
2026-06-03 04:29:55,897 [INFO] [5/121] 창덕궁·종묘 (primary=KEY_1)
2026-06-03 04:29:57,438 [INFO] [6/121] 강남 MICE 관광특구 (primary=KEY_2)
2026-06-03 04:29:59,634 [INFO] [7/121] 동대문 관광특구 (primary=KEY_3)
2026-06-03 04:30:01,875 [INFO] [8/121] 명동 관광특구 (primary=KEY_4)
2026-06-03 04:30:03,717 [INFO] [9/121] 이태원 관광특구 (primary=KEY_1)
2026-06-03 04:30:05,101 [INFO] [10/121] 잠실 관광특구 (primary=KEY_2)
2026-06-03 04:30:07,986 [INFO] [11/121] 종로·청계 관광특구 (primary=KEY_3)
2026-06-03 04:30:10,210 [INFO] [12/121] 홍대 관광특구 (primary=KEY_4)
2026-06-03 04:30:11,823 [INFO] [13/121] 강서한강공원 (primary=KEY_1)
2026-06-03 04:30:13,158 [INFO] [14/121] 고척돔 (primary=KEY_2)
2026-06-03 04:30:14,316 [INFO] [15/121] 광나루한강공원 (primary=KEY_3)
2026-06-03 04:30:15,662 [INFO] [16/121] 광화문광장 (primary=KEY_4)
2026-06-03 04:30:17,872 [INFO] [17/121] 국립중앙박물관·용산가족공원 (primary=KEY_1)
2026-06-03 04:30:19,837 [INFO] [18/121] 난지한강공원 (primary=KEY_2)
2026-06-03 04:30:20,994 [INFO] [19/121] 남산공원 (primary=KEY_3)
2026-06-03 04:30:23,362 [INFO] [20/121] 노들섬 (primary=KEY_4)
2026-06-03 04:30:24,548 [INFO] [21/121] 뚝섬한강공원 (primary=KEY_1)
2026-06-03 04:30:26,396 [INFO] [22/121] 망원한강공원 (primary=KEY_2)
2026-06-03 04:30:27,760 [INFO] [23/121] 반포한강공원 (primary=KEY_3)
2026-06-03 04:30:28,930 [INFO] [24/121] 보라매공원 (primary=KEY_4)
2026-06-03 04:30:30,318 [INFO] [25/121] 북서울꿈의숲 (primary=KEY_1)
2026-06-03 04:30:32,299 [INFO] [26/121] 서대문독립공원 (primary=KEY_2)
2026-06-03 04:30:34,262 [INFO] [27/121] 서리풀공원·몽마르뜨공원 (primary=KEY_3)
2026-06-03 04:30:36,255 [INFO] [28/121] 서울대공원 (primary=KEY_4)
2026-06-03 04:30:37,406 [INFO] [29/121] 서울숲공원 (primary=KEY_1)
2026-06-03 04:30:38,846 [INFO] [30/121] 송현녹지광장 (primary=KEY_2)
2026-06-03 04:30:40,233 [INFO] [31/121] 아차산 (primary=KEY_3)
2026-06-03 04:30:41,980 [INFO] [32/121] 안양천 (primary=KEY_4)
2026-06-03 04:30:43,123 [INFO] [33/121] 양화한강공원 (primary=KEY_1)
2026-06-03 04:30:45,051 [INFO] [34/121] 어린이대공원 (primary=KEY_2)
2026-06-03 04:30:46,405 [INFO] [35/121] 여의도한강공원 (primary=KEY_3)
2026-06-03 04:30:48,376 [INFO] [36/121] 여의서로 (primary=KEY_4)
2026-06-03 04:30:49,717 [INFO] [37/121] 올림픽공원 (primary=KEY_1)
2026-06-03 04:30:51,123 [INFO] [38/121] 월드컵공원 (primary=KEY_2)
2026-06-03 04:30:53,420 [INFO] [39/121] 응봉산 (primary=KEY_3)
2026-06-03 04:30:55,381 [INFO] [40/121] 이촌한강공원 (primary=KEY_4)
2026-06-03 04:30:57,131 [INFO] [41/121] 잠실종합운동장 (primary=KEY_1)
2026-06-03 04:30:58,280 [INFO] [42/121] 잠실한강공원 (primary=KEY_2)
2026-06-03 04:31:00,222 [INFO] [43/121] 잠원한강공원 (primary=KEY_3)
2026-06-03 04:31:01,376 [INFO] [44/121] 청계산 (primary=KEY_4)
2026-06-03 04:31:02,543 [INFO] [45/121] 홍제폭포 (primary=KEY_1)
2026-06-03 04:31:03,694 [INFO] [46/121] 가락시장 (primary=KEY_2)
2026-06-03 04:31:05,066 [INFO] [47/121] 가로수길 (primary=KEY_3)
2026-06-03 04:31:07,237 [INFO] [48/121] 광장(전통)시장 (primary=KEY_4)
2026-06-03 04:31:08,406 [INFO] [49/121] 김포공항 (primary=KEY_1)
2026-06-03 04:31:10,962 [INFO] [50/121] 남대문시장 (primary=KEY_2)
2026-06-03 04:31:12,377 [INFO] [51/121] 노량진 (primary=KEY_3)
2026-06-03 04:31:13,734 [INFO] [52/121] 덕수궁길·정동길 (primary=KEY_4)
2026-06-03 04:31:15,107 [INFO] [53/121] 북창동 먹자골목 (primary=KEY_1)
2026-06-03 04:31:17,230 [INFO] [54/121] 북촌한옥마을 (primary=KEY_2)
2026-06-03 04:31:19,395 [INFO] [55/121] 서촌 (primary=KEY_3)
2026-06-03 04:31:20,977 [INFO] [56/121] 성수카페거리 (primary=KEY_4)
2026-06-03 04:31:22,543 [INFO] [57/121] 송리단길·호수단길 (primary=KEY_1)
2026-06-03 04:31:24,514 [INFO] [58/121] 신촌 스타광장 (primary=KEY_2)
2026-06-03 04:31:27,346 [INFO] [59/121] 압구정로데오거리 (primary=KEY_3)
2026-06-03 04:31:29,529 [INFO] [60/121] 여의도 (primary=KEY_4)
2026-06-03 04:31:32,393 [INFO] [61/121] 연남동 (primary=KEY_1)
2026-06-03 04:31:34,553 [INFO] [62/121] 영등포 타임스퀘어 (primary=KEY_2)
2026-06-03 04:31:36,725 [INFO] [63/121] 용리단길 (primary=KEY_3)
2026-06-03 04:31:37,906 [INFO] [64/121] 이태원 앤틱가구거리 (primary=KEY_4)
2026-06-03 04:31:39,678 [INFO] [65/121] 익선동 (primary=KEY_1)
2026-06-03 04:31:41,064 [INFO] [66/121] 인사동 (primary=KEY_2)
2026-06-03 04:31:43,268 [INFO] [67/121] 잠실롯데타워·석촌호수 (primary=KEY_3)
2026-06-03 04:31:46,094 [INFO] [68/121] 창동 신경제 중심지 (primary=KEY_4)
2026-06-03 04:31:48,461 [INFO] [69/121] 청담동 명품거리 (primary=KEY_1)
2026-06-03 04:31:49,832 [INFO] [70/121] 청량리 제기동 일대 전통시장 (primary=KEY_2)
2026-06-03 04:31:51,855 [INFO] [71/121] 해방촌·경리단길 (primary=KEY_3)
2026-06-03 04:31:53,045 [INFO] [72/121] DDP(동대문디자인플라자) (primary=KEY_4)
2026-06-03 04:31:54,421 [INFO] [73/121] DMC(디지털미디어시티) (primary=KEY_1)
2026-06-03 04:31:56,994 [INFO] [74/121] 가산디지털단지역 (primary=KEY_2)
2026-06-03 04:31:59,972 [INFO] [75/121] 강남역 (primary=KEY_3)
2026-06-03 04:32:01,597 [INFO] [76/121] 건대입구역 (primary=KEY_4)
2026-06-03 04:32:02,996 [INFO] [77/121] 고덕역 (primary=KEY_1)
2026-06-03 04:32:05,059 [INFO] [78/121] 고속터미널역 (primary=KEY_2)
2026-06-03 04:32:07,411 [INFO] [79/121] 교대역 (primary=KEY_3)
2026-06-03 04:32:08,818 [INFO] [80/121] 구로디지털단지역 (primary=KEY_4)
2026-06-03 04:32:10,581 [INFO] [81/121] 구로역 (primary=KEY_1)
2026-06-03 04:32:12,521 [INFO] [82/121] 군자역 (primary=KEY_2)
2026-06-03 04:32:13,689 [INFO] [83/121] 대림역 (primary=KEY_3)
2026-06-03 04:32:15,063 [INFO] [84/121] 동대문역 (primary=KEY_4)
2026-06-03 04:32:16,461 [INFO] [85/121] 뚝섬역 (primary=KEY_1)
2026-06-03 04:32:17,843 [INFO] [86/121] 미아사거리역 (primary=KEY_2)
2026-06-03 04:32:19,210 [INFO] [87/121] 발산역 (primary=KEY_3)
2026-06-03 04:32:20,959 [INFO] [88/121] 사당역 (primary=KEY_4)
2026-06-03 04:32:22,338 [INFO] [89/121] 삼각지역 (primary=KEY_1)
2026-06-03 04:32:24,319 [INFO] [90/121] 서울대입구역 (primary=KEY_2)
2026-06-03 04:32:26,476 [INFO] [91/121] 서울식물원·마곡나루역 (primary=KEY_3)
2026-06-03 04:32:28,057 [INFO] [92/121] 서울역 (primary=KEY_4)
2026-06-03 04:32:29,481 [INFO] [93/121] 선릉역 (primary=KEY_1)
2026-06-03 04:32:31,332 [INFO] [94/121] 성신여대입구역 (primary=KEY_2)
2026-06-03 04:32:32,542 [INFO] [95/121] 수유역 (primary=KEY_3)
2026-06-03 04:32:33,921 [INFO] [96/121] 숭례문 (primary=KEY_4)
2026-06-03 04:32:35,912 [INFO] [97/121] 시의회 앞 (primary=KEY_1)
2026-06-03 04:32:37,295 [INFO] [98/121] 신논현역·논현역 (primary=KEY_2)
2026-06-03 04:32:38,702 [INFO] [99/121] 신도림역 (primary=KEY_3)
2026-06-03 04:32:39,905 [INFO] [100/121] 신림역 (primary=KEY_4)
2026-06-03 04:32:41,100 [INFO] [101/121] 신정네거리역 (primary=KEY_1)
2026-06-03 04:32:42,479 [INFO] [102/121] 신촌·이대역 (primary=KEY_2)
2026-06-03 04:32:43,849 [INFO] [103/121] 쌍문역 (primary=KEY_3)
2026-06-03 04:32:46,007 [INFO] [104/121] 양재역 (primary=KEY_4)
2026-06-03 04:32:47,422 [INFO] [105/121] 역삼역 (primary=KEY_1)
2026-06-03 04:32:48,989 [INFO] [106/121] 연신내역 (primary=KEY_2)
2026-06-03 04:32:50,959 [INFO] [107/121] 오목교역·목동운동장 (primary=KEY_3)
2026-06-03 04:32:53,741 [INFO] [108/121] 왕십리역 (primary=KEY_4)
2026-06-03 04:32:55,154 [INFO] [109/121] 용산역 (primary=KEY_1)
2026-06-03 04:32:56,729 [INFO] [110/121] 이태원역 (primary=KEY_2)
2026-06-03 04:32:57,902 [INFO] [111/121] 잠실새내역 (primary=KEY_3)
2026-06-03 04:33:00,479 [INFO] [112/121] 잠실역 (primary=KEY_4)
2026-06-03 04:33:02,080 [INFO] [113/121] 장지역 (primary=KEY_1)
2026-06-03 04:33:03,641 [INFO] [114/121] 장한평역 (primary=KEY_2)
2026-06-03 04:33:04,994 [INFO] [115/121] 천호역 (primary=KEY_3)
2026-06-03 04:33:06,399 [INFO] [116/121] 총신대입구(이수)역 (primary=KEY_4)
2026-06-03 04:33:08,410 [INFO] [117/121] 충정로역 (primary=KEY_1)
2026-06-03 04:33:09,813 [INFO] [118/121] 합정역 (primary=KEY_2)
2026-06-03 04:33:11,213 [INFO] [119/121] 혜화역 (primary=KEY_3)
2026-06-03 04:33:12,585 [INFO] [120/121] 홍대입구역(2호선) (primary=KEY_4)
2026-06-03 04:33:13,985 [INFO] [121/121] 회기역 (primary=KEY_1)
2026-06-03 04:33:16,234 [INFO] === 수집 완료 | 성공 121, 실패 0 ===
2026-06-03 04:33:16,234 [INFO] 카테고리별 저장 결과:
2026-06-03 04:33:16,234 [INFO]    accident                  | 신규     4행 | 누적     12행 | 16컬럼
2026-06-03 04:33:16,234 [INFO]    area_meta                 | 신규   121행 | 누적    363행 | 5컬럼
2026-06-03 04:33:16,234 [INFO]    bike                      | 신규    10행 | 누적     30행 | 12컬럼
2026-06-03 04:33:16,234 [INFO]    bike_sbike_stts           | 신규   557행 | 누적   1671행 | 12컬럼
2026-06-03 04:33:16,234 [INFO]    bus                       | 신규     3행 | 누적      9행 | 11컬럼
2026-06-03 04:33:16,234 [INFO]    bus_bus_stn_stts          | 신규  1745행 | 누적   5235행 | 11컬럼
2026-06-03 04:33:16,234 [INFO]    charger                   | 신규     4행 | 누적     33행 | 15컬럼
2026-06-03 04:33:16,234 [INFO]    charger_charger_stts      | 신규  1905행 | 누적   4101행 | 15컬럼
2026-06-03 04:33:16,234 [INFO]    cmrcl                     | 신규    82행 | 누적    246행 | 20컬럼
2026-06-03 04:33:16,234 [INFO]    events                    | 신규     9행 | 누적     27행 | 14컬럼
2026-06-03 04:33:16,235 [INFO]    events_event_stts         | 신규   156행 | 누적    468행 | 14컬럼
2026-06-03 04:33:16,235 [INFO]    parking                   | 신규     6행 | 누적     18행 | 21컬럼
2026-06-03 04:33:16,235 [INFO]    parking_prk_stts          | 신규  1835행 | 누적   5505행 | 21컬럼
2026-06-03 04:33:16,235 [INFO]    ppltn                     | 신규   121행 | 누적    363행 | 26컬럼
2026-06-03 04:33:16,235 [INFO]    road                      | 신규   121행 | 누적    363행 | 21컬럼
2026-06-03 04:33:16,235 [INFO]    road_road_traffic_stts    | 신규  5254행 | 누적  15762행 | 17컬럼
2026-06-03 04:33:16,235 [INFO]    subway                    | 신규    38행 | 누적    114행 | 13컬럼
2026-06-03 04:33:16,235 [INFO]    subway_sub_stts           | 신규   183행 | 누적    549행 | 13컬럼
2026-06-03 04:33:16,235 [INFO]    weather                   | 신규   118행 | 누적    356행 | 30컬럼
2026-06-03 04:33:16,235 [INFO] 키별 사용량:
2026-06-03 04:33:16,235 [INFO]    🟢 KEY_1 (31/1000) 
2026-06-03 04:33:16,235 [INFO]    🟢 KEY_2 (30/1000) 
2026-06-03 04:33:16,235 [INFO]    🟢 KEY_3 (30/1000) 
2026-06-03 04:33:16,235 [INFO]    🟢 KEY_4 (30/1000) 
