2026-08-19 00:42:06,346 [INFO] 등록된 키: 4개, 합산 한도 4,000건/일
2026-08-19 00:42:06,347 [INFO] POI 로드: 매뉴얼 v8.5 기준 fallback 121개 (121개 전체)
2026-08-19 00:42:06,347 [INFO] === 수집 시작 2026-08-19T00:42:06.347190+09:00 ===
2026-08-19 00:42:06,347 [INFO] 대상 장소: 121개 | API: citydata (통합)
2026-08-19 00:42:06,347 [INFO] 키 풀: 4/4 활성 | 오늘 사용 0/4000건
2026-08-19 00:42:06,347 [INFO]   [KEY_1] 담당 31장소
2026-08-19 00:42:06,347 [INFO]   [KEY_2] 담당 30장소
2026-08-19 00:42:06,347 [INFO]   [KEY_3] 담당 30장소
2026-08-19 00:42:06,347 [INFO]   [KEY_4] 담당 30장소
2026-08-19 00:42:06,347 [INFO] [1/121] 경복궁 (primary=KEY_1)
2026-08-19 00:42:08,413 [INFO] [2/121] 광화문·덕수궁 (primary=KEY_2)
2026-08-19 00:42:10,894 [INFO] [3/121] 보신각 (primary=KEY_3)
2026-08-19 00:42:13,190 [INFO] [4/121] 서울 암사동 유적 (primary=KEY_4)
2026-08-19 00:42:15,291 [INFO] [5/121] 창덕궁·종묘 (primary=KEY_1)
2026-08-19 00:42:17,294 [INFO] [6/121] 강남 MICE 관광특구 (primary=KEY_2)
2026-08-19 00:42:19,748 [INFO] [7/121] 동대문 관광특구 (primary=KEY_3)
2026-08-19 00:42:21,520 [INFO] [8/121] 명동 관광특구 (primary=KEY_4)
2026-08-19 00:42:24,089 [INFO] [9/121] 이태원 관광특구 (primary=KEY_1)
2026-08-19 00:42:26,226 [INFO] [10/121] 잠실 관광특구 (primary=KEY_2)
2026-08-19 00:42:29,143 [INFO] [11/121] 종로·청계 관광특구 (primary=KEY_3)
2026-08-19 00:42:30,720 [INFO] [12/121] 홍대 관광특구 (primary=KEY_4)
2026-08-19 00:42:33,064 [INFO] [13/121] 강서한강공원 (primary=KEY_1)
2026-08-19 00:42:34,183 [INFO] [14/121] 고척돔 (primary=KEY_2)
2026-08-19 00:42:35,317 [INFO] [15/121] 광나루한강공원 (primary=KEY_3)
2026-08-19 00:42:36,672 [INFO] [16/121] 광화문광장 (primary=KEY_4)
2026-08-19 00:42:38,764 [INFO] [17/121] 국립중앙박물관·용산가족공원 (primary=KEY_1)
2026-08-19 00:42:40,492 [INFO] [18/121] 난지한강공원 (primary=KEY_2)
2026-08-19 00:42:42,413 [INFO] [19/121] 남산공원 (primary=KEY_3)
2026-08-19 00:42:44,149 [INFO] [20/121] 노들섬 (primary=KEY_4)
2026-08-19 00:42:45,847 [INFO] [21/121] 뚝섬한강공원 (primary=KEY_1)
2026-08-19 00:42:46,980 [INFO] [22/121] 망원한강공원 (primary=KEY_2)
2026-08-19 00:42:49,470 [INFO] [23/121] 반포한강공원 (primary=KEY_3)
2026-08-19 00:42:50,634 [INFO] [24/121] 보라매공원 (primary=KEY_4)
2026-08-19 00:42:51,785 [INFO] [25/121] 북서울꿈의숲 (primary=KEY_1)
2026-08-19 00:42:53,886 [INFO] [26/121] 서대문독립공원 (primary=KEY_2)
2026-08-19 00:42:55,049 [INFO] [27/121] 서리풀공원·몽마르뜨공원 (primary=KEY_3)
2026-08-19 00:42:56,419 [INFO] [28/121] 서울대공원 (primary=KEY_4)
2026-08-19 00:42:58,306 [INFO] [29/121] 서울숲공원 (primary=KEY_1)
2026-08-19 00:42:59,641 [INFO] [30/121] 송현녹지광장 (primary=KEY_2)
2026-08-19 00:43:01,731 [INFO] [31/121] 아차산 (primary=KEY_3)
2026-08-19 00:43:03,456 [INFO] [32/121] 안양천 (primary=KEY_4)
2026-08-19 00:43:04,596 [INFO] [33/121] 양화한강공원 (primary=KEY_1)
2026-08-19 00:43:05,724 [INFO] [34/121] 어린이대공원 (primary=KEY_2)
2026-08-19 00:43:07,271 [INFO] [35/121] 여의도한강공원 (primary=KEY_3)
2026-08-19 00:43:08,587 [INFO] [36/121] 여의서로 (primary=KEY_4)
2026-08-19 00:43:09,931 [INFO] [37/121] 올림픽공원 (primary=KEY_1)
2026-08-19 00:43:11,648 [INFO] [38/121] 월드컵공원 (primary=KEY_2)
2026-08-19 00:43:13,779 [INFO] [39/121] 응봉산 (primary=KEY_3)
2026-08-19 00:43:15,106 [INFO] [40/121] 이촌한강공원 (primary=KEY_4)
2026-08-19 00:43:16,233 [INFO] [41/121] 잠실종합운동장 (primary=KEY_1)
2026-08-19 00:43:17,581 [INFO] [42/121] 잠실한강공원 (primary=KEY_2)
2026-08-19 00:43:18,737 [INFO] [43/121] 잠원한강공원 (primary=KEY_3)
2026-08-19 00:43:20,043 [INFO] [44/121] 청계산 (primary=KEY_4)
2026-08-19 00:43:21,764 [INFO] [45/121] 홍제폭포 (primary=KEY_1)
2026-08-19 00:43:22,887 [INFO] [46/121] 가락시장 (primary=KEY_2)
2026-08-19 00:43:24,220 [INFO] [47/121] 가로수길 (primary=KEY_3)
2026-08-19 00:43:25,641 [INFO] [48/121] 광장(전통)시장 (primary=KEY_4)
2026-08-19 00:43:26,786 [INFO] [49/121] 김포공항 (primary=KEY_1)
2026-08-19 00:43:28,377 [INFO] [50/121] 남대문시장 (primary=KEY_2)
2026-08-19 00:43:29,735 [INFO] [51/121] 노량진 (primary=KEY_3)
2026-08-19 00:43:31,080 [INFO] [52/121] 덕수궁길·정동길 (primary=KEY_4)
2026-08-19 00:43:32,431 [INFO] [53/121] 북창동 먹자골목 (primary=KEY_1)
2026-08-19 00:43:33,771 [INFO] [54/121] 북촌한옥마을 (primary=KEY_2)
2026-08-19 00:43:35,336 [INFO] [55/121] 서촌 (primary=KEY_3)
2026-08-19 00:43:36,662 [INFO] [56/121] 성수카페거리 (primary=KEY_4)
2026-08-19 00:43:38,226 [INFO] [57/121] 송리단길·호수단길 (primary=KEY_1)
2026-08-19 00:43:39,567 [INFO] [58/121] 신촌 스타광장 (primary=KEY_2)
2026-08-19 00:43:40,713 [INFO] [59/121] 압구정로데오거리 (primary=KEY_3)
2026-08-19 00:43:42,059 [INFO] [60/121] 여의도 (primary=KEY_4)
2026-08-19 00:43:44,256 [INFO] [61/121] 연남동 (primary=KEY_1)
2026-08-19 00:43:45,596 [INFO] [62/121] 영등포 타임스퀘어 (primary=KEY_2)
2026-08-19 00:43:46,932 [INFO] [63/121] 용리단길 (primary=KEY_3)
2026-08-19 00:43:48,105 [INFO] [64/121] 이태원 앤틱가구거리 (primary=KEY_4)
2026-08-19 00:43:49,275 [INFO] [65/121] 익선동 (primary=KEY_1)
2026-08-19 00:43:50,621 [INFO] [66/121] 인사동 (primary=KEY_2)
2026-08-19 00:43:52,146 [INFO] [67/121] 잠실롯데타워·석촌호수 (primary=KEY_3)
2026-08-19 00:43:53,879 [INFO] [68/121] 창동 신경제 중심지 (primary=KEY_4)
2026-08-19 00:43:55,677 [INFO] [69/121] 청담동 명품거리 (primary=KEY_1)
2026-08-19 00:43:57,011 [INFO] [70/121] 청량리 제기동 일대 전통시장 (primary=KEY_2)
2026-08-19 00:43:58,409 [INFO] [71/121] 해방촌·경리단길 (primary=KEY_3)
2026-08-19 00:43:59,573 [INFO] [72/121] DDP(동대문디자인플라자) (primary=KEY_4)
2026-08-19 00:44:00,934 [INFO] [73/121] DMC(디지털미디어시티) (primary=KEY_1)
2026-08-19 00:44:02,738 [INFO] [74/121] 가산디지털단지역 (primary=KEY_2)
2026-08-19 00:44:04,854 [INFO] [75/121] 강남역 (primary=KEY_3)
2026-08-19 00:44:06,432 [INFO] [76/121] 건대입구역 (primary=KEY_4)
2026-08-19 00:44:07,781 [INFO] [77/121] 고덕역 (primary=KEY_1)
2026-08-19 00:44:09,115 [INFO] [78/121] 고속터미널역 (primary=KEY_2)
2026-08-19 00:44:10,476 [INFO] [79/121] 교대역 (primary=KEY_3)
2026-08-19 00:44:11,923 [INFO] [80/121] 구로디지털단지역 (primary=KEY_4)
2026-08-19 00:44:13,657 [INFO] [81/121] 구로역 (primary=KEY_1)
2026-08-19 00:44:14,985 [INFO] [82/121] 군자역 (primary=KEY_2)
2026-08-19 00:44:16,320 [INFO] [83/121] 대림역 (primary=KEY_3)
2026-08-19 00:44:17,695 [INFO] [84/121] 동대문역 (primary=KEY_4)
2026-08-19 00:44:19,035 [INFO] [85/121] 뚝섬역 (primary=KEY_1)
2026-08-19 00:44:20,368 [INFO] [86/121] 미아사거리역 (primary=KEY_2)
2026-08-19 00:44:21,716 [INFO] [87/121] 발산역 (primary=KEY_3)
2026-08-19 00:44:23,450 [INFO] [88/121] 사당역 (primary=KEY_4)
2026-08-19 00:44:24,794 [INFO] [89/121] 삼각지역 (primary=KEY_1)
2026-08-19 00:44:26,154 [INFO] [90/121] 서울대입구역 (primary=KEY_2)
2026-08-19 00:44:27,508 [INFO] [91/121] 서울식물원·마곡나루역 (primary=KEY_3)
2026-08-19 00:44:29,043 [INFO] [92/121] 서울역 (primary=KEY_4)
2026-08-19 00:44:30,620 [INFO] [93/121] 선릉역 (primary=KEY_1)
2026-08-19 00:44:32,361 [INFO] [94/121] 성신여대입구역 (primary=KEY_2)
2026-08-19 00:44:33,532 [INFO] [95/121] 수유역 (primary=KEY_3)
2026-08-19 00:44:35,067 [INFO] [96/121] 숭례문 (primary=KEY_4)
2026-08-19 00:44:36,602 [INFO] [97/121] 시의회 앞 (primary=KEY_1)
2026-08-19 00:44:37,957 [INFO] [98/121] 신논현역·논현역 (primary=KEY_2)
2026-08-19 00:44:39,305 [INFO] [99/121] 신도림역 (primary=KEY_3)
2026-08-19 00:44:40,467 [INFO] [100/121] 신림역 (primary=KEY_4)
2026-08-19 00:44:41,823 [INFO] [101/121] 신정네거리역 (primary=KEY_1)
2026-08-19 00:44:43,166 [INFO] [102/121] 신촌·이대역 (primary=KEY_2)
2026-08-19 00:44:44,522 [INFO] [103/121] 쌍문역 (primary=KEY_3)
2026-08-19 00:44:45,853 [INFO] [104/121] 양재역 (primary=KEY_4)
2026-08-19 00:44:47,202 [INFO] [105/121] 역삼역 (primary=KEY_1)
2026-08-19 00:44:48,757 [INFO] [106/121] 연신내역 (primary=KEY_2)
2026-08-19 00:44:49,936 [INFO] [107/121] 오목교역·목동운동장 (primary=KEY_3)
2026-08-19 00:44:51,915 [INFO] [108/121] 왕십리역 (primary=KEY_4)
2026-08-19 00:44:53,471 [INFO] [109/121] 용산역 (primary=KEY_1)
2026-08-19 00:44:55,012 [INFO] [110/121] 이태원역 (primary=KEY_2)
2026-08-19 00:44:56,187 [INFO] [111/121] 잠실새내역 (primary=KEY_3)
2026-08-19 00:44:57,606 [INFO] [112/121] 잠실역 (primary=KEY_4)
2026-08-19 00:44:59,173 [INFO] [113/121] 장지역 (primary=KEY_1)
2026-08-19 00:45:00,701 [INFO] [114/121] 장한평역 (primary=KEY_2)
2026-08-19 00:45:02,033 [INFO] [115/121] 천호역 (primary=KEY_3)
2026-08-19 00:45:03,427 [INFO] [116/121] 총신대입구(이수)역 (primary=KEY_4)
2026-08-19 00:45:04,777 [INFO] [117/121] 충정로역 (primary=KEY_1)
2026-08-19 00:45:06,121 [INFO] [118/121] 합정역 (primary=KEY_2)
2026-08-19 00:45:07,457 [INFO] [119/121] 혜화역 (primary=KEY_3)
2026-08-19 00:45:08,777 [INFO] [120/121] 홍대입구역(2호선) (primary=KEY_4)
2026-08-19 00:45:10,117 [INFO] [121/121] 회기역 (primary=KEY_1)
2026-08-19 00:45:11,879 [INFO] === 수집 완료 | 성공 121, 실패 0 ===
2026-08-19 00:45:11,879 [INFO] 카테고리별 저장 결과:
2026-08-19 00:45:11,879 [INFO]    accident                  | 신규     2행 | 누적      2행 | 16컬럼
2026-08-19 00:45:11,879 [INFO]    area_meta                 | 신규   121행 | 누적    121행 | 5컬럼
2026-08-19 00:45:11,879 [INFO]    bike                      | 신규    11행 | 누적     11행 | 12컬럼
2026-08-19 00:45:11,879 [INFO]    bike_sbike_stts           | 신규   567행 | 누적    567행 | 12컬럼
2026-08-19 00:45:11,879 [INFO]    bus                       | 신규     3행 | 누적      3행 | 11컬럼
2026-08-19 00:45:11,879 [INFO]    bus_bus_stn_stts          | 신규  1745행 | 누적   1745행 | 11컬럼
2026-08-19 00:45:11,879 [INFO]    charger                   | 신규     4행 | 누적      4행 | 15컬럼
2026-08-19 00:45:11,879 [INFO]    charger_charger_stts      | 신규  1928행 | 누적   1928행 | 15컬럼
2026-08-19 00:45:11,879 [INFO]    cmrcl                     | 신규    82행 | 누적     82행 | 20컬럼
2026-08-19 00:45:11,879 [INFO]    events                    | 신규    12행 | 누적     12행 | 14컬럼
2026-08-19 00:45:11,879 [INFO]    events_event_stts         | 신규   134행 | 누적    134행 | 14컬럼
2026-08-19 00:45:11,879 [INFO]    parking                   | 신규     6행 | 누적      6행 | 21컬럼
2026-08-19 00:45:11,879 [INFO]    parking_prk_stts          | 신규  1834행 | 누적   1834행 | 21컬럼
2026-08-19 00:45:11,879 [INFO]    ppltn                     | 신규   121행 | 누적    121행 | 26컬럼
2026-08-19 00:45:11,879 [INFO]    road                      | 신규   121행 | 누적    121행 | 21컬럼
2026-08-19 00:45:11,880 [INFO]    road_road_traffic_stts    | 신규  5292행 | 누적   5292행 | 17컬럼
2026-08-19 00:45:11,880 [INFO]    subway                    | 신규    38행 | 누적     38행 | 12컬럼
2026-08-19 00:45:11,880 [INFO]    subway_sub_stts           | 신규   183행 | 누적    183행 | 13컬럼
2026-08-19 00:45:11,880 [INFO]    weather                   | 신규   119행 | 누적    119행 | 29컬럼
2026-08-19 00:45:11,880 [INFO] 키별 사용량:
2026-08-19 00:45:11,880 [INFO]    🟢 KEY_1 (31/1000) 
2026-08-19 00:45:11,880 [INFO]    🟢 KEY_2 (30/1000) 
2026-08-19 00:45:11,880 [INFO]    🟢 KEY_3 (30/1000) 
2026-08-19 00:45:11,880 [INFO]    🟢 KEY_4 (30/1000) 
