2026-06-22 10:28:11,625 [INFO] 등록된 키: 4개, 합산 한도 4,000건/일
2026-06-22 10:28:11,626 [INFO] POI 로드: 매뉴얼 v8.5 기준 fallback 121개 (121개 전체)
2026-06-22 10:28:11,626 [INFO] === 수집 시작 2026-06-22T10:28:11.626611+09:00 ===
2026-06-22 10:28:11,626 [INFO] 대상 장소: 121개 | API: citydata (통합)
2026-06-22 10:28:11,626 [INFO] 키 풀: 4/4 활성 | 오늘 사용 0/4000건
2026-06-22 10:28:11,626 [INFO]   [KEY_1] 담당 31장소
2026-06-22 10:28:11,626 [INFO]   [KEY_2] 담당 30장소
2026-06-22 10:28:11,627 [INFO]   [KEY_3] 담당 30장소
2026-06-22 10:28:11,627 [INFO]   [KEY_4] 담당 30장소
2026-06-22 10:28:11,627 [INFO] [1/121] 경복궁 (primary=KEY_1)
2026-06-22 10:28:13,291 [INFO] [2/121] 광화문·덕수궁 (primary=KEY_2)
2026-06-22 10:28:15,272 [INFO] [3/121] 보신각 (primary=KEY_3)
2026-06-22 10:28:16,532 [INFO] [4/121] 서울 암사동 유적 (primary=KEY_4)
2026-06-22 10:28:18,190 [INFO] [5/121] 창덕궁·종묘 (primary=KEY_1)
2026-06-22 10:28:19,426 [INFO] [6/121] 강남 MICE 관광특구 (primary=KEY_2)
2026-06-22 10:28:20,569 [INFO] [7/121] 동대문 관광특구 (primary=KEY_3)
2026-06-22 10:28:22,439 [INFO] [8/121] 명동 관광특구 (primary=KEY_4)
2026-06-22 10:28:24,047 [INFO] [9/121] 이태원 관광특구 (primary=KEY_1)
2026-06-22 10:28:25,740 [INFO] [10/121] 잠실 관광특구 (primary=KEY_2)
2026-06-22 10:28:27,333 [INFO] [11/121] 종로·청계 관광특구 (primary=KEY_3)
2026-06-22 10:28:28,799 [INFO] [12/121] 홍대 관광특구 (primary=KEY_4)
2026-06-22 10:28:30,132 [INFO] [13/121] 강서한강공원 (primary=KEY_1)
2026-06-22 10:28:31,110 [INFO] [14/121] 고척돔 (primary=KEY_2)
2026-06-22 10:28:32,881 [INFO] [15/121] 광나루한강공원 (primary=KEY_3)
2026-06-22 10:28:33,992 [INFO] [16/121] 광화문광장 (primary=KEY_4)
2026-06-22 10:28:35,118 [INFO] [17/121] 국립중앙박물관·용산가족공원 (primary=KEY_1)
2026-06-22 10:28:36,100 [INFO] [18/121] 난지한강공원 (primary=KEY_2)
2026-06-22 10:28:37,099 [INFO] [19/121] 남산공원 (primary=KEY_3)
2026-06-22 10:28:38,400 [INFO] [20/121] 노들섬 (primary=KEY_4)
2026-06-22 10:28:39,374 [INFO] [21/121] 뚝섬한강공원 (primary=KEY_1)
2026-06-22 10:28:40,495 [INFO] [22/121] 망원한강공원 (primary=KEY_2)
2026-06-22 10:28:41,625 [INFO] [23/121] 반포한강공원 (primary=KEY_3)
2026-06-22 10:28:43,183 [INFO] [24/121] 보라매공원 (primary=KEY_4)
2026-06-22 10:28:44,721 [INFO] [25/121] 북서울꿈의숲 (primary=KEY_1)
2026-06-22 10:28:46,386 [INFO] [26/121] 서대문독립공원 (primary=KEY_2)
2026-06-22 10:28:47,373 [INFO] [27/121] 서리풀공원·몽마르뜨공원 (primary=KEY_3)
2026-06-22 10:28:49,082 [INFO] [28/121] 서울대공원 (primary=KEY_4)
2026-06-22 10:28:50,182 [INFO] [29/121] 서울숲공원 (primary=KEY_1)
2026-06-22 10:28:51,861 [INFO] [30/121] 송현녹지광장 (primary=KEY_2)
2026-06-22 10:28:53,114 [INFO] [31/121] 아차산 (primary=KEY_3)
2026-06-22 10:28:54,085 [INFO] [32/121] 안양천 (primary=KEY_4)
2026-06-22 10:28:55,060 [INFO] [33/121] 양화한강공원 (primary=KEY_1)
2026-06-22 10:28:56,726 [INFO] [34/121] 어린이대공원 (primary=KEY_2)
2026-06-22 10:28:58,521 [INFO] [35/121] 여의도한강공원 (primary=KEY_3)
2026-06-22 10:28:59,647 [INFO] [36/121] 여의서로 (primary=KEY_4)
2026-06-22 10:29:01,434 [INFO] [37/121] 올림픽공원 (primary=KEY_1)
2026-06-22 10:29:02,755 [INFO] [38/121] 월드컵공원 (primary=KEY_2)
2026-06-22 10:29:04,054 [INFO] [39/121] 응봉산 (primary=KEY_3)
2026-06-22 10:29:05,190 [INFO] [40/121] 이촌한강공원 (primary=KEY_4)
2026-06-22 10:29:06,164 [INFO] [41/121] 잠실종합운동장 (primary=KEY_1)
2026-06-22 10:29:07,158 [INFO] [42/121] 잠실한강공원 (primary=KEY_2)
2026-06-22 10:29:08,714 [INFO] [43/121] 잠원한강공원 (primary=KEY_3)
2026-06-22 10:29:09,692 [INFO] [44/121] 청계산 (primary=KEY_4)
2026-06-22 10:29:11,221 [INFO] [45/121] 홍제폭포 (primary=KEY_1)
2026-06-22 10:29:12,190 [INFO] [46/121] 가락시장 (primary=KEY_2)
2026-06-22 10:29:13,344 [INFO] [47/121] 가로수길 (primary=KEY_3)
2026-06-22 10:29:14,488 [INFO] [48/121] 광장(전통)시장 (primary=KEY_4)
2026-06-22 10:29:15,488 [INFO] [49/121] 김포공항 (primary=KEY_1)
2026-06-22 10:29:16,772 [INFO] [50/121] 남대문시장 (primary=KEY_2)
2026-06-22 10:29:17,906 [INFO] [51/121] 노량진 (primary=KEY_3)
2026-06-22 10:29:19,050 [INFO] [52/121] 덕수궁길·정동길 (primary=KEY_4)
2026-06-22 10:29:20,215 [INFO] [53/121] 북창동 먹자골목 (primary=KEY_1)
2026-06-22 10:29:21,324 [INFO] [54/121] 북촌한옥마을 (primary=KEY_2)
2026-06-22 10:29:23,137 [INFO] [55/121] 서촌 (primary=KEY_3)
2026-06-22 10:29:24,257 [INFO] [56/121] 성수카페거리 (primary=KEY_4)
2026-06-22 10:29:25,548 [INFO] [57/121] 송리단길·호수단길 (primary=KEY_1)
2026-06-22 10:29:26,695 [INFO] [58/121] 신촌 스타광장 (primary=KEY_2)
2026-06-22 10:29:27,695 [INFO] [59/121] 압구정로데오거리 (primary=KEY_3)
2026-06-22 10:29:28,831 [INFO] [60/121] 여의도 (primary=KEY_4)
2026-06-22 10:29:30,656 [INFO] [61/121] 연남동 (primary=KEY_1)
2026-06-22 10:29:31,771 [INFO] [62/121] 영등포 타임스퀘어 (primary=KEY_2)
2026-06-22 10:29:32,893 [INFO] [63/121] 용리단길 (primary=KEY_3)
2026-06-22 10:29:33,905 [INFO] [64/121] 이태원 앤틱가구거리 (primary=KEY_4)
2026-06-22 10:29:35,023 [INFO] [65/121] 익선동 (primary=KEY_1)
2026-06-22 10:29:36,180 [INFO] [66/121] 인사동 (primary=KEY_2)
2026-06-22 10:29:37,477 [INFO] [67/121] 잠실롯데타워·석촌호수 (primary=KEY_3)
2026-06-22 10:29:38,893 [INFO] [68/121] 창동 신경제 중심지 (primary=KEY_4)
2026-06-22 10:29:40,372 [INFO] [69/121] 청담동 명품거리 (primary=KEY_1)
2026-06-22 10:29:41,503 [INFO] [70/121] 청량리 제기동 일대 전통시장 (primary=KEY_2)
2026-06-22 10:29:42,639 [INFO] [71/121] 해방촌·경리단길 (primary=KEY_3)
2026-06-22 10:29:43,619 [INFO] [72/121] DDP(동대문디자인플라자) (primary=KEY_4)
2026-06-22 10:29:44,766 [INFO] [73/121] DMC(디지털미디어시티) (primary=KEY_1)
2026-06-22 10:29:46,231 [INFO] [74/121] 가산디지털단지역 (primary=KEY_2)
2026-06-22 10:29:47,793 [INFO] [75/121] 강남역 (primary=KEY_3)
2026-06-22 10:29:49,087 [INFO] [76/121] 건대입구역 (primary=KEY_4)
2026-06-22 10:29:50,278 [INFO] [77/121] 고덕역 (primary=KEY_1)
2026-06-22 10:29:51,398 [INFO] [78/121] 고속터미널역 (primary=KEY_2)
2026-06-22 10:29:52,543 [INFO] [79/121] 교대역 (primary=KEY_3)
2026-06-22 10:29:53,706 [INFO] [80/121] 구로디지털단지역 (primary=KEY_4)
2026-06-22 10:29:55,107 [INFO] [81/121] 구로역 (primary=KEY_1)
2026-06-22 10:29:56,212 [INFO] [82/121] 군자역 (primary=KEY_2)
2026-06-22 10:29:57,358 [INFO] [83/121] 대림역 (primary=KEY_3)
2026-06-22 10:29:58,481 [INFO] [84/121] 동대문역 (primary=KEY_4)
2026-06-22 10:29:59,951 [INFO] [85/121] 뚝섬역 (primary=KEY_1)
2026-06-22 10:30:01,514 [INFO] [86/121] 미아사거리역 (primary=KEY_2)
2026-06-22 10:30:02,638 [INFO] [87/121] 발산역 (primary=KEY_3)
2026-06-22 10:30:04,046 [INFO] [88/121] 사당역 (primary=KEY_4)
2026-06-22 10:30:05,185 [INFO] [89/121] 삼각지역 (primary=KEY_1)
2026-06-22 10:30:06,305 [INFO] [90/121] 서울대입구역 (primary=KEY_2)
2026-06-22 10:30:07,857 [INFO] [91/121] 서울식물원·마곡나루역 (primary=KEY_3)
2026-06-22 10:30:09,159 [INFO] [92/121] 서울역 (primary=KEY_4)
2026-06-22 10:30:10,656 [INFO] [93/121] 선릉역 (primary=KEY_1)
2026-06-22 10:30:12,083 [INFO] [94/121] 성신여대입구역 (primary=KEY_2)
2026-06-22 10:30:13,088 [INFO] [95/121] 수유역 (primary=KEY_3)
2026-06-22 10:30:14,205 [INFO] [96/121] 숭례문 (primary=KEY_4)
2026-06-22 10:30:15,468 [INFO] [97/121] 시의회 앞 (primary=KEY_1)
2026-06-22 10:30:16,593 [INFO] [98/121] 신논현역·논현역 (primary=KEY_2)
2026-06-22 10:30:17,737 [INFO] [99/121] 신도림역 (primary=KEY_3)
2026-06-22 10:30:18,728 [INFO] [100/121] 신림역 (primary=KEY_4)
2026-06-22 10:30:19,894 [INFO] [101/121] 신정네거리역 (primary=KEY_1)
2026-06-22 10:30:21,028 [INFO] [102/121] 신촌·이대역 (primary=KEY_2)
2026-06-22 10:30:22,157 [INFO] [103/121] 쌍문역 (primary=KEY_3)
2026-06-22 10:30:23,271 [INFO] [104/121] 양재역 (primary=KEY_4)
2026-06-22 10:30:24,406 [INFO] [105/121] 역삼역 (primary=KEY_1)
2026-06-22 10:30:25,670 [INFO] [106/121] 연신내역 (primary=KEY_2)
2026-06-22 10:30:26,680 [INFO] [107/121] 오목교역·목동운동장 (primary=KEY_3)
2026-06-22 10:30:28,227 [INFO] [108/121] 왕십리역 (primary=KEY_4)
2026-06-22 10:30:29,503 [INFO] [109/121] 용산역 (primary=KEY_1)
2026-06-22 10:30:30,828 [INFO] [110/121] 이태원역 (primary=KEY_2)
2026-06-22 10:30:31,815 [INFO] [111/121] 잠실새내역 (primary=KEY_3)
2026-06-22 10:30:32,952 [INFO] [112/121] 잠실역 (primary=KEY_4)
2026-06-22 10:30:34,211 [INFO] [113/121] 장지역 (primary=KEY_1)
2026-06-22 10:30:35,463 [INFO] [114/121] 장한평역 (primary=KEY_2)
2026-06-22 10:30:36,594 [INFO] [115/121] 천호역 (primary=KEY_3)
2026-06-22 10:30:37,735 [INFO] [116/121] 총신대입구(이수)역 (primary=KEY_4)
2026-06-22 10:30:39,092 [INFO] [117/121] 충정로역 (primary=KEY_1)
2026-06-22 10:30:40,217 [INFO] [118/121] 합정역 (primary=KEY_2)
2026-06-22 10:30:41,343 [INFO] [119/121] 혜화역 (primary=KEY_3)
2026-06-22 10:30:42,481 [INFO] [120/121] 홍대입구역(2호선) (primary=KEY_4)
2026-06-22 10:30:43,616 [INFO] [121/121] 회기역 (primary=KEY_1)
2026-06-22 10:30:45,152 [INFO] === 수집 완료 | 성공 121, 실패 0 ===
2026-06-22 10:30:45,152 [INFO] 카테고리별 저장 결과:
2026-06-22 10:30:45,152 [INFO]    accident                  | 신규     6행 | 누적      6행 | 16컬럼
2026-06-22 10:30:45,152 [INFO]    area_meta                 | 신규   121행 | 누적    121행 | 5컬럼
2026-06-22 10:30:45,152 [INFO]    bike                      | 신규    12행 | 누적     12행 | 12컬럼
2026-06-22 10:30:45,152 [INFO]    bike_sbike_stts           | 신규   546행 | 누적    546행 | 12컬럼
2026-06-22 10:30:45,153 [INFO]    bus                       | 신규     3행 | 누적      3행 | 11컬럼
2026-06-22 10:30:45,153 [INFO]    bus_bus_stn_stts          | 신규  1745행 | 누적   1745행 | 11컬럼
2026-06-22 10:30:45,153 [INFO]    charger                   | 신규     4행 | 누적      4행 | 15컬럼
2026-06-22 10:30:45,153 [INFO]    charger_charger_stts      | 신규  1911행 | 누적   1911행 | 15컬럼
2026-06-22 10:30:45,153 [INFO]    cmrcl                     | 신규    82행 | 누적     82행 | 20컬럼
2026-06-22 10:30:45,153 [INFO]    events                    | 신규    13행 | 누적     13행 | 14컬럼
2026-06-22 10:30:45,153 [INFO]    events_event_stts         | 신규   156행 | 누적    156행 | 14컬럼
2026-06-22 10:30:45,153 [INFO]    news                      | 신규    17행 | 누적     17행 | 10컬럼
2026-06-22 10:30:45,153 [INFO]    parking                   | 신규     6행 | 누적      6행 | 21컬럼
2026-06-22 10:30:45,153 [INFO]    parking_prk_stts          | 신규  1836행 | 누적   1836행 | 21컬럼
2026-06-22 10:30:45,153 [INFO]    ppltn                     | 신규   121행 | 누적    121행 | 26컬럼
2026-06-22 10:30:45,153 [INFO]    road                      | 신규   121행 | 누적    121행 | 21컬럼
2026-06-22 10:30:45,153 [INFO]    road_road_traffic_stts    | 신규  5257행 | 누적   5257행 | 17컬럼
2026-06-22 10:30:45,153 [INFO]    subway                    | 신규    38행 | 누적     38행 | 12컬럼
2026-06-22 10:30:45,153 [INFO]    subway_sub_stts           | 신규   183행 | 누적    183행 | 13컬럼
2026-06-22 10:30:45,153 [INFO]    weather                   | 신규   119행 | 누적    119행 | 29컬럼
2026-06-22 10:30:45,153 [INFO] 키별 사용량:
2026-06-22 10:30:45,154 [INFO]    🟢 KEY_1 (31/1000) 
2026-06-22 10:30:45,154 [INFO]    🟢 KEY_2 (30/1000) 
2026-06-22 10:30:45,154 [INFO]    🟢 KEY_3 (30/1000) 
2026-06-22 10:30:45,154 [INFO]    🟢 KEY_4 (30/1000) 
2026-06-22 12:26:38,763 [INFO] 등록된 키: 4개, 합산 한도 4,000건/일
2026-06-22 12:26:38,763 [INFO] POI 로드: 매뉴얼 v8.5 기준 fallback 121개 (121개 전체)
2026-06-22 12:26:38,764 [INFO] === 수집 시작 2026-06-22T12:26:38.764068+09:00 ===
2026-06-22 12:26:38,764 [INFO] 대상 장소: 121개 | API: citydata (통합)
2026-06-22 12:26:38,764 [INFO] 키 풀: 4/4 활성 | 오늘 사용 0/4000건
2026-06-22 12:26:38,764 [INFO]   [KEY_1] 담당 31장소
2026-06-22 12:26:38,764 [INFO]   [KEY_2] 담당 30장소
2026-06-22 12:26:38,764 [INFO]   [KEY_3] 담당 30장소
2026-06-22 12:26:38,764 [INFO]   [KEY_4] 담당 30장소
2026-06-22 12:26:38,764 [INFO] [1/121] 경복궁 (primary=KEY_1)
2026-06-22 12:26:40,445 [INFO] [2/121] 광화문·덕수궁 (primary=KEY_2)
2026-06-22 12:26:41,868 [INFO] [3/121] 보신각 (primary=KEY_3)
2026-06-22 12:26:43,248 [INFO] [4/121] 서울 암사동 유적 (primary=KEY_4)
2026-06-22 12:26:45,056 [INFO] [5/121] 창덕궁·종묘 (primary=KEY_1)
2026-06-22 12:26:46,977 [INFO] [6/121] 강남 MICE 관광특구 (primary=KEY_2)
2026-06-22 12:26:48,555 [INFO] [7/121] 동대문 관광특구 (primary=KEY_3)
2026-06-22 12:26:49,994 [INFO] [8/121] 명동 관광특구 (primary=KEY_4)
2026-06-22 12:26:52,265 [INFO] [9/121] 이태원 관광특구 (primary=KEY_1)
2026-06-22 12:26:54,123 [INFO] [10/121] 잠실 관광특구 (primary=KEY_2)
2026-06-22 12:26:56,236 [INFO] [11/121] 종로·청계 관광특구 (primary=KEY_3)
2026-06-22 12:26:58,271 [INFO] [12/121] 홍대 관광특구 (primary=KEY_4)
2026-06-22 12:26:59,561 [INFO] [13/121] 강서한강공원 (primary=KEY_1)
2026-06-22 12:27:00,526 [INFO] [14/121] 고척돔 (primary=KEY_2)
2026-06-22 12:27:02,138 [INFO] [15/121] 광나루한강공원 (primary=KEY_3)
2026-06-22 12:27:03,819 [INFO] [16/121] 광화문광장 (primary=KEY_4)
2026-06-22 12:27:05,064 [INFO] [17/121] 국립중앙박물관·용산가족공원 (primary=KEY_1)
2026-06-22 12:27:06,594 [INFO] [18/121] 난지한강공원 (primary=KEY_2)
2026-06-22 12:27:07,562 [INFO] [19/121] 남산공원 (primary=KEY_3)
2026-06-22 12:27:08,998 [INFO] [20/121] 노들섬 (primary=KEY_4)
2026-06-22 12:27:10,095 [INFO] [21/121] 뚝섬한강공원 (primary=KEY_1)
2026-06-22 12:27:11,089 [INFO] [22/121] 망원한강공원 (primary=KEY_2)
2026-06-22 12:27:12,358 [INFO] [23/121] 반포한강공원 (primary=KEY_3)
2026-06-22 12:27:13,333 [INFO] [24/121] 보라매공원 (primary=KEY_4)
2026-06-22 12:27:14,318 [INFO] [25/121] 북서울꿈의숲 (primary=KEY_1)
2026-06-22 12:27:15,387 [INFO] [26/121] 서대문독립공원 (primary=KEY_2)
2026-06-22 12:27:16,364 [INFO] [27/121] 서리풀공원·몽마르뜨공원 (primary=KEY_3)
2026-06-22 12:27:17,501 [INFO] [28/121] 서울대공원 (primary=KEY_4)
2026-06-22 12:27:18,476 [INFO] [29/121] 서울숲공원 (primary=KEY_1)
2026-06-22 12:27:19,759 [INFO] [30/121] 송현녹지광장 (primary=KEY_2)
2026-06-22 12:27:20,856 [INFO] [31/121] 아차산 (primary=KEY_3)
2026-06-22 12:27:21,820 [INFO] [32/121] 안양천 (primary=KEY_4)
2026-06-22 12:27:22,785 [INFO] [33/121] 양화한강공원 (primary=KEY_1)
2026-06-22 12:27:23,843 [INFO] [34/121] 어린이대공원 (primary=KEY_2)
2026-06-22 12:27:24,828 [INFO] [35/121] 여의도한강공원 (primary=KEY_3)
2026-06-22 12:27:25,943 [INFO] [36/121] 여의서로 (primary=KEY_4)
2026-06-22 12:27:27,001 [INFO] [37/121] 올림픽공원 (primary=KEY_1)
2026-06-22 12:27:28,134 [INFO] [38/121] 월드컵공원 (primary=KEY_2)
2026-06-22 12:27:29,427 [INFO] [39/121] 응봉산 (primary=KEY_3)
2026-06-22 12:27:31,248 [INFO] [40/121] 이촌한강공원 (primary=KEY_4)
2026-06-22 12:27:32,298 [INFO] [41/121] 잠실종합운동장 (primary=KEY_1)
2026-06-22 12:27:33,370 [INFO] [42/121] 잠실한강공원 (primary=KEY_2)
2026-06-22 12:27:34,354 [INFO] [43/121] 잠원한강공원 (primary=KEY_3)
2026-06-22 12:27:35,321 [INFO] [44/121] 청계산 (primary=KEY_4)
2026-06-22 12:27:36,292 [INFO] [45/121] 홍제폭포 (primary=KEY_1)
2026-06-22 12:27:37,269 [INFO] [46/121] 가락시장 (primary=KEY_2)
2026-06-22 12:27:38,407 [INFO] [47/121] 가로수길 (primary=KEY_3)
2026-06-22 12:27:39,678 [INFO] [48/121] 광장(전통)시장 (primary=KEY_4)
2026-06-22 12:27:40,665 [INFO] [49/121] 김포공항 (primary=KEY_1)
2026-06-22 12:27:41,934 [INFO] [50/121] 남대문시장 (primary=KEY_2)
2026-06-22 12:27:43,072 [INFO] [51/121] 노량진 (primary=KEY_3)
2026-06-22 12:27:44,216 [INFO] [52/121] 덕수궁길·정동길 (primary=KEY_4)
2026-06-22 12:27:45,352 [INFO] [53/121] 북창동 먹자골목 (primary=KEY_1)
2026-06-22 12:27:46,429 [INFO] [54/121] 북촌한옥마을 (primary=KEY_2)
2026-06-22 12:27:47,557 [INFO] [55/121] 서촌 (primary=KEY_3)
2026-06-22 12:27:48,807 [INFO] [56/121] 성수카페거리 (primary=KEY_4)
2026-06-22 12:27:49,943 [INFO] [57/121] 송리단길·호수단길 (primary=KEY_1)
2026-06-22 12:27:51,096 [INFO] [58/121] 신촌 스타광장 (primary=KEY_2)
2026-06-22 12:27:52,092 [INFO] [59/121] 압구정로데오거리 (primary=KEY_3)
2026-06-22 12:27:53,347 [INFO] [60/121] 여의도 (primary=KEY_4)
2026-06-22 12:27:54,958 [INFO] [61/121] 연남동 (primary=KEY_1)
2026-06-22 12:27:56,335 [INFO] [62/121] 영등포 타임스퀘어 (primary=KEY_2)
2026-06-22 12:27:57,449 [INFO] [63/121] 용리단길 (primary=KEY_3)
2026-06-22 12:27:58,446 [INFO] [64/121] 이태원 앤틱가구거리 (primary=KEY_4)
2026-06-22 12:27:59,587 [INFO] [65/121] 익선동 (primary=KEY_1)
2026-06-22 12:28:00,857 [INFO] [66/121] 인사동 (primary=KEY_2)
2026-06-22 12:28:02,040 [INFO] [67/121] 잠실롯데타워·석촌호수 (primary=KEY_3)
2026-06-22 12:28:03,301 [INFO] [68/121] 창동 신경제 중심지 (primary=KEY_4)
2026-06-22 12:28:04,635 [INFO] [69/121] 청담동 명품거리 (primary=KEY_1)
2026-06-22 12:28:05,753 [INFO] [70/121] 청량리 제기동 일대 전통시장 (primary=KEY_2)
2026-06-22 12:28:06,879 [INFO] [71/121] 해방촌·경리단길 (primary=KEY_3)
2026-06-22 12:28:07,861 [INFO] [72/121] DDP(동대문디자인플라자) (primary=KEY_4)
2026-06-22 12:28:09,010 [INFO] [73/121] DMC(디지털미디어시티) (primary=KEY_1)
2026-06-22 12:28:10,286 [INFO] [74/121] 가산디지털단지역 (primary=KEY_2)
2026-06-22 12:28:11,551 [INFO] [75/121] 강남역 (primary=KEY_3)
2026-06-22 12:28:12,860 [INFO] [76/121] 건대입구역 (primary=KEY_4)
2026-06-22 12:28:13,997 [INFO] [77/121] 고덕역 (primary=KEY_1)
2026-06-22 12:28:15,118 [INFO] [78/121] 고속터미널역 (primary=KEY_2)
2026-06-22 12:28:16,258 [INFO] [79/121] 교대역 (primary=KEY_3)
2026-06-22 12:28:17,252 [INFO] [80/121] 구로디지털단지역 (primary=KEY_4)
2026-06-22 12:28:18,379 [INFO] [81/121] 구로역 (primary=KEY_1)
2026-06-22 12:28:19,357 [INFO] [82/121] 군자역 (primary=KEY_2)
2026-06-22 12:28:20,499 [INFO] [83/121] 대림역 (primary=KEY_3)
2026-06-22 12:28:21,630 [INFO] [84/121] 동대문역 (primary=KEY_4)
2026-06-22 12:28:22,774 [INFO] [85/121] 뚝섬역 (primary=KEY_1)
2026-06-22 12:28:23,906 [INFO] [86/121] 미아사거리역 (primary=KEY_2)
2026-06-22 12:28:25,056 [INFO] [87/121] 발산역 (primary=KEY_3)
2026-06-22 12:28:26,337 [INFO] [88/121] 사당역 (primary=KEY_4)
2026-06-22 12:28:27,465 [INFO] [89/121] 삼각지역 (primary=KEY_1)
2026-06-22 12:28:28,458 [INFO] [90/121] 서울대입구역 (primary=KEY_2)
2026-06-22 12:28:29,577 [INFO] [91/121] 서울식물원·마곡나루역 (primary=KEY_3)
2026-06-22 12:28:30,734 [INFO] [92/121] 서울역 (primary=KEY_4)
2026-06-22 12:28:31,902 [INFO] [93/121] 선릉역 (primary=KEY_1)
2026-06-22 12:28:33,201 [INFO] [94/121] 성신여대입구역 (primary=KEY_2)
2026-06-22 12:28:34,190 [INFO] [95/121] 수유역 (primary=KEY_3)
2026-06-22 12:28:35,318 [INFO] [96/121] 숭례문 (primary=KEY_4)
2026-06-22 12:28:36,452 [INFO] [97/121] 시의회 앞 (primary=KEY_1)
2026-06-22 12:28:37,622 [INFO] [98/121] 신논현역·논현역 (primary=KEY_2)
2026-06-22 12:28:38,773 [INFO] [99/121] 신도림역 (primary=KEY_3)
2026-06-22 12:28:39,761 [INFO] [100/121] 신림역 (primary=KEY_4)
2026-06-22 12:28:40,763 [INFO] [101/121] 신정네거리역 (primary=KEY_1)
2026-06-22 12:28:41,768 [INFO] [102/121] 신촌·이대역 (primary=KEY_2)
2026-06-22 12:28:42,912 [INFO] [103/121] 쌍문역 (primary=KEY_3)
2026-06-22 12:28:44,055 [INFO] [104/121] 양재역 (primary=KEY_4)
2026-06-22 12:28:45,198 [INFO] [105/121] 역삼역 (primary=KEY_1)
2026-06-22 12:28:46,329 [INFO] [106/121] 연신내역 (primary=KEY_2)
2026-06-22 12:28:47,369 [INFO] [107/121] 오목교역·목동운동장 (primary=KEY_3)
2026-06-22 12:28:48,636 [INFO] [108/121] 왕십리역 (primary=KEY_4)
2026-06-22 12:28:49,878 [INFO] [109/121] 용산역 (primary=KEY_1)
2026-06-22 12:28:51,170 [INFO] [110/121] 이태원역 (primary=KEY_2)
2026-06-22 12:28:52,158 [INFO] [111/121] 잠실새내역 (primary=KEY_3)
2026-06-22 12:28:53,280 [INFO] [112/121] 잠실역 (primary=KEY_4)
2026-06-22 12:28:54,423 [INFO] [113/121] 장지역 (primary=KEY_1)
2026-06-22 12:28:55,546 [INFO] [114/121] 장한평역 (primary=KEY_2)
2026-06-22 12:28:56,684 [INFO] [115/121] 천호역 (primary=KEY_3)
2026-06-22 12:28:57,901 [INFO] [116/121] 총신대입구(이수)역 (primary=KEY_4)
2026-06-22 12:28:59,034 [INFO] [117/121] 충정로역 (primary=KEY_1)
2026-06-22 12:29:00,192 [INFO] [118/121] 합정역 (primary=KEY_2)
2026-06-22 12:29:01,325 [INFO] [119/121] 혜화역 (primary=KEY_3)
2026-06-22 12:29:02,436 [INFO] [120/121] 홍대입구역(2호선) (primary=KEY_4)
2026-06-22 12:29:03,569 [INFO] [121/121] 회기역 (primary=KEY_1)
2026-06-22 12:29:05,458 [INFO] === 수집 완료 | 성공 121, 실패 0 ===
2026-06-22 12:29:05,458 [INFO] 카테고리별 저장 결과:
2026-06-22 12:29:05,459 [INFO]    accident                  | 신규     8행 | 누적     14행 | 16컬럼
2026-06-22 12:29:05,459 [INFO]    accident_acdnt_cntrl_stts | 신규     2행 | 누적      2행 | 16컬럼
2026-06-22 12:29:05,459 [INFO]    area_meta                 | 신규   121행 | 누적    242행 | 5컬럼
2026-06-22 12:29:05,459 [INFO]    bike                      | 신규    12행 | 누적     24행 | 12컬럼
2026-06-22 12:29:05,459 [INFO]    bike_sbike_stts           | 신규   546행 | 누적   1092행 | 12컬럼
2026-06-22 12:29:05,459 [INFO]    bus                       | 신규     3행 | 누적      6행 | 11컬럼
2026-06-22 12:29:05,459 [INFO]    bus_bus_stn_stts          | 신규  1745행 | 누적   3490행 | 11컬럼
2026-06-22 12:29:05,459 [INFO]    charger                   | 신규    25행 | 누적     29행 | 15컬럼
2026-06-22 12:29:05,459 [INFO]    charger_charger_stts      | 신규   336행 | 누적   2230행 | 15컬럼
2026-06-22 12:29:05,459 [INFO]    cmrcl                     | 신규    82행 | 누적    164행 | 20컬럼
2026-06-22 12:29:05,459 [INFO]    events                    | 신규    13행 | 누적     26행 | 14컬럼
2026-06-22 12:29:05,459 [INFO]    events_event_stts         | 신규   156행 | 누적    312행 | 14컬럼
2026-06-22 12:29:05,459 [INFO]    news                      | 신규   103행 | 누적    120행 | 10컬럼
2026-06-22 12:29:05,459 [INFO]    news_live_yna_news        | 신규    34행 | 누적     34행 | 10컬럼
2026-06-22 12:29:05,459 [INFO]    parking                   | 신규     6행 | 누적     12행 | 21컬럼
2026-06-22 12:29:05,459 [INFO]    parking_prk_stts          | 신규  1836행 | 누적   3672행 | 21컬럼
2026-06-22 12:29:05,459 [INFO]    ppltn                     | 신규   121행 | 누적    242행 | 26컬럼
2026-06-22 12:29:05,459 [INFO]    road                      | 신규   121행 | 누적    242행 | 21컬럼
2026-06-22 12:29:05,459 [INFO]    road_road_traffic_stts    | 신규  5257행 | 누적  10514행 | 17컬럼
2026-06-22 12:29:05,459 [INFO]    subway                    | 신규    38행 | 누적     76행 | 12컬럼
2026-06-22 12:29:05,460 [INFO]    subway_sub_stts           | 신규   183행 | 누적    366행 | 13컬럼
2026-06-22 12:29:05,460 [INFO]    weather                   | 신규   119행 | 누적    238행 | 29컬럼
2026-06-22 12:29:05,460 [INFO] 키별 사용량:
2026-06-22 12:29:05,460 [INFO]    🟢 KEY_1 (31/1000) 
2026-06-22 12:29:05,460 [INFO]    🟢 KEY_2 (30/1000) 
2026-06-22 12:29:05,460 [INFO]    🟢 KEY_3 (30/1000) 
2026-06-22 12:29:05,460 [INFO]    🟢 KEY_4 (30/1000) 
2026-06-22 15:05:17,553 [INFO] 등록된 키: 4개, 합산 한도 4,000건/일
2026-06-22 15:05:17,554 [INFO] POI 로드: 매뉴얼 v8.5 기준 fallback 121개 (121개 전체)
2026-06-22 15:05:17,554 [INFO] === 수집 시작 2026-06-22T15:05:17.554416+09:00 ===
2026-06-22 15:05:17,554 [INFO] 대상 장소: 121개 | API: citydata (통합)
2026-06-22 15:05:17,554 [INFO] 키 풀: 4/4 활성 | 오늘 사용 0/4000건
2026-06-22 15:05:17,554 [INFO]   [KEY_1] 담당 31장소
2026-06-22 15:05:17,554 [INFO]   [KEY_2] 담당 30장소
2026-06-22 15:05:17,554 [INFO]   [KEY_3] 담당 30장소
2026-06-22 15:05:17,554 [INFO]   [KEY_4] 담당 30장소
2026-06-22 15:05:17,554 [INFO] [1/121] 경복궁 (primary=KEY_1)
2026-06-22 15:05:19,517 [INFO] [2/121] 광화문·덕수궁 (primary=KEY_2)
2026-06-22 15:05:21,876 [INFO] [3/121] 보신각 (primary=KEY_3)
2026-06-22 15:05:23,224 [INFO] [4/121] 서울 암사동 유적 (primary=KEY_4)
2026-06-22 15:05:25,162 [INFO] [5/121] 창덕궁·종묘 (primary=KEY_1)
2026-06-22 15:05:27,689 [INFO] [6/121] 강남 MICE 관광특구 (primary=KEY_2)
2026-06-22 15:05:29,643 [INFO] [7/121] 동대문 관광특구 (primary=KEY_3)
2026-06-22 15:05:31,819 [INFO] [8/121] 명동 관광특구 (primary=KEY_4)
2026-06-22 15:05:34,443 [INFO] [9/121] 이태원 관광특구 (primary=KEY_1)
2026-06-22 15:05:35,836 [INFO] [10/121] 잠실 관광특구 (primary=KEY_2)
2026-06-22 15:05:38,254 [INFO] [11/121] 종로·청계 관광특구 (primary=KEY_3)
2026-06-22 15:05:40,705 [INFO] [12/121] 홍대 관광특구 (primary=KEY_4)
2026-06-22 15:05:43,548 [INFO] [13/121] 강서한강공원 (primary=KEY_1)
2026-06-22 15:05:45,703 [INFO] [14/121] 고척돔 (primary=KEY_2)
2026-06-22 15:05:47,476 [INFO] [15/121] 광나루한강공원 (primary=KEY_3)
2026-06-22 15:05:48,839 [INFO] [16/121] 광화문광장 (primary=KEY_4)
2026-06-22 15:05:51,201 [INFO] [17/121] 국립중앙박물관·용산가족공원 (primary=KEY_1)
2026-06-22 15:05:53,190 [INFO] [18/121] 난지한강공원 (primary=KEY_2)
2026-06-22 15:05:55,148 [INFO] [19/121] 남산공원 (primary=KEY_3)
2026-06-22 15:05:56,736 [INFO] [20/121] 노들섬 (primary=KEY_4)
2026-06-22 15:05:58,852 [INFO] [21/121] 뚝섬한강공원 (primary=KEY_1)
2026-06-22 15:06:00,011 [INFO] [22/121] 망원한강공원 (primary=KEY_2)
2026-06-22 15:06:01,437 [INFO] [23/121] 반포한강공원 (primary=KEY_3)
2026-06-22 15:06:02,768 [INFO] [24/121] 보라매공원 (primary=KEY_4)
2026-06-22 15:06:04,741 [INFO] [25/121] 북서울꿈의숲 (primary=KEY_1)
2026-06-22 15:06:05,955 [INFO] [26/121] 서대문독립공원 (primary=KEY_2)
2026-06-22 15:06:08,024 [INFO] [27/121] 서리풀공원·몽마르뜨공원 (primary=KEY_3)
2026-06-22 15:06:09,415 [INFO] [28/121] 서울대공원 (primary=KEY_4)
2026-06-22 15:06:11,328 [INFO] [29/121] 서울숲공원 (primary=KEY_1)
2026-06-22 15:06:12,667 [INFO] [30/121] 송현녹지광장 (primary=KEY_2)
2026-06-22 15:06:14,039 [INFO] [31/121] 아차산 (primary=KEY_3)
2026-06-22 15:06:15,188 [INFO] [32/121] 안양천 (primary=KEY_4)
2026-06-22 15:06:17,345 [INFO] [33/121] 양화한강공원 (primary=KEY_1)
2026-06-22 15:06:19,075 [INFO] [34/121] 어린이대공원 (primary=KEY_2)
2026-06-22 15:06:20,260 [INFO] [35/121] 여의도한강공원 (primary=KEY_3)
2026-06-22 15:06:21,613 [INFO] [36/121] 여의서로 (primary=KEY_4)
2026-06-22 15:06:22,792 [INFO] [37/121] 올림픽공원 (primary=KEY_1)
2026-06-22 15:06:24,162 [INFO] [38/121] 월드컵공원 (primary=KEY_2)
2026-06-22 15:06:26,736 [INFO] [39/121] 응봉산 (primary=KEY_3)
2026-06-22 15:06:28,099 [INFO] [40/121] 이촌한강공원 (primary=KEY_4)
2026-06-22 15:06:29,236 [INFO] [41/121] 잠실종합운동장 (primary=KEY_1)
2026-06-22 15:06:30,404 [INFO] [42/121] 잠실한강공원 (primary=KEY_2)
2026-06-22 15:06:31,567 [INFO] [43/121] 잠원한강공원 (primary=KEY_3)
2026-06-22 15:06:32,719 [INFO] [44/121] 청계산 (primary=KEY_4)
2026-06-22 15:06:33,897 [INFO] [45/121] 홍제폭포 (primary=KEY_1)
2026-06-22 15:06:35,038 [INFO] [46/121] 가락시장 (primary=KEY_2)
2026-06-22 15:06:36,423 [INFO] [47/121] 가로수길 (primary=KEY_3)
2026-06-22 15:06:38,407 [INFO] [48/121] 광장(전통)시장 (primary=KEY_4)
2026-06-22 15:06:39,597 [INFO] [49/121] 김포공항 (primary=KEY_1)
2026-06-22 15:06:41,008 [INFO] [50/121] 남대문시장 (primary=KEY_2)
2026-06-22 15:06:42,380 [INFO] [51/121] 노량진 (primary=KEY_3)
2026-06-22 15:06:43,787 [INFO] [52/121] 덕수궁길·정동길 (primary=KEY_4)
2026-06-22 15:06:45,183 [INFO] [53/121] 북창동 먹자골목 (primary=KEY_1)
2026-06-22 15:06:46,344 [INFO] [54/121] 북촌한옥마을 (primary=KEY_2)
2026-06-22 15:06:48,709 [INFO] [55/121] 서촌 (primary=KEY_3)
2026-06-22 15:06:50,081 [INFO] [56/121] 성수카페거리 (primary=KEY_4)
2026-06-22 15:06:51,461 [INFO] [57/121] 송리단길·호수단길 (primary=KEY_1)
2026-06-22 15:06:52,852 [INFO] [58/121] 신촌 스타광장 (primary=KEY_2)
2026-06-22 15:06:54,621 [INFO] [59/121] 압구정로데오거리 (primary=KEY_3)
2026-06-22 15:06:55,981 [INFO] [60/121] 여의도 (primary=KEY_4)
2026-06-22 15:06:58,004 [INFO] [61/121] 연남동 (primary=KEY_1)
2026-06-22 15:06:59,375 [INFO] [62/121] 영등포 타임스퀘어 (primary=KEY_2)
2026-06-22 15:07:00,746 [INFO] [63/121] 용리단길 (primary=KEY_3)
2026-06-22 15:07:01,941 [INFO] [64/121] 이태원 앤틱가구거리 (primary=KEY_4)
2026-06-22 15:07:03,354 [INFO] [65/121] 익선동 (primary=KEY_1)
2026-06-22 15:07:04,755 [INFO] [66/121] 인사동 (primary=KEY_2)
2026-06-22 15:07:06,127 [INFO] [67/121] 잠실롯데타워·석촌호수 (primary=KEY_3)
2026-06-22 15:07:07,505 [INFO] [68/121] 창동 신경제 중심지 (primary=KEY_4)
2026-06-22 15:07:09,164 [INFO] [69/121] 청담동 명품거리 (primary=KEY_1)
2026-06-22 15:07:10,579 [INFO] [70/121] 청량리 제기동 일대 전통시장 (primary=KEY_2)
2026-06-22 15:07:11,982 [INFO] [71/121] 해방촌·경리단길 (primary=KEY_3)
2026-06-22 15:07:13,155 [INFO] [72/121] DDP(동대문디자인플라자) (primary=KEY_4)
2026-06-22 15:07:14,558 [INFO] [73/121] DMC(디지털미디어시티) (primary=KEY_1)
2026-06-22 15:07:16,125 [INFO] [74/121] 가산디지털단지역 (primary=KEY_2)
2026-06-22 15:07:17,672 [INFO] [75/121] 강남역 (primary=KEY_3)
2026-06-22 15:07:19,906 [INFO] [76/121] 건대입구역 (primary=KEY_4)
2026-06-22 15:07:21,333 [INFO] [77/121] 고덕역 (primary=KEY_1)
2026-06-22 15:07:22,713 [INFO] [78/121] 고속터미널역 (primary=KEY_2)
2026-06-22 15:07:23,882 [INFO] [79/121] 교대역 (primary=KEY_3)
2026-06-22 15:07:25,095 [INFO] [80/121] 구로디지털단지역 (primary=KEY_4)
2026-06-22 15:07:26,473 [INFO] [81/121] 구로역 (primary=KEY_1)
2026-06-22 15:07:27,671 [INFO] [82/121] 군자역 (primary=KEY_2)
2026-06-22 15:07:30,012 [INFO] [83/121] 대림역 (primary=KEY_3)
2026-06-22 15:07:31,382 [INFO] [84/121] 동대문역 (primary=KEY_4)
2026-06-22 15:07:32,783 [INFO] [85/121] 뚝섬역 (primary=KEY_1)
2026-06-22 15:07:34,178 [INFO] [86/121] 미아사거리역 (primary=KEY_2)
2026-06-22 15:07:35,541 [INFO] [87/121] 발산역 (primary=KEY_3)
2026-06-22 15:07:37,136 [INFO] [88/121] 사당역 (primary=KEY_4)
2026-06-22 15:07:38,524 [INFO] [89/121] 삼각지역 (primary=KEY_1)
2026-06-22 15:07:39,700 [INFO] [90/121] 서울대입구역 (primary=KEY_2)
2026-06-22 15:07:41,096 [INFO] [91/121] 서울식물원·마곡나루역 (primary=KEY_3)
2026-06-22 15:07:42,482 [INFO] [92/121] 서울역 (primary=KEY_4)
2026-06-22 15:07:43,908 [INFO] [93/121] 선릉역 (primary=KEY_1)
2026-06-22 15:07:45,519 [INFO] [94/121] 성신여대입구역 (primary=KEY_2)
2026-06-22 15:07:46,727 [INFO] [95/121] 수유역 (primary=KEY_3)
2026-06-22 15:07:48,100 [INFO] [96/121] 숭례문 (primary=KEY_4)
2026-06-22 15:07:49,501 [INFO] [97/121] 시의회 앞 (primary=KEY_1)
2026-06-22 15:07:50,881 [INFO] [98/121] 신논현역·논현역 (primary=KEY_2)
2026-06-22 15:07:52,246 [INFO] [99/121] 신도림역 (primary=KEY_3)
2026-06-22 15:07:53,420 [INFO] [100/121] 신림역 (primary=KEY_4)
2026-06-22 15:07:54,605 [INFO] [101/121] 신정네거리역 (primary=KEY_1)
2026-06-22 15:07:55,800 [INFO] [102/121] 신촌·이대역 (primary=KEY_2)
2026-06-22 15:07:57,179 [INFO] [103/121] 쌍문역 (primary=KEY_3)
2026-06-22 15:07:59,403 [INFO] [104/121] 양재역 (primary=KEY_4)
2026-06-22 15:08:01,925 [INFO] [105/121] 역삼역 (primary=KEY_1)
2026-06-22 15:08:04,028 [INFO] [106/121] 연신내역 (primary=KEY_2)
2026-06-22 15:08:06,027 [INFO] [107/121] 오목교역·목동운동장 (primary=KEY_3)
2026-06-22 15:08:08,586 [INFO] [108/121] 왕십리역 (primary=KEY_4)
2026-06-22 15:08:10,739 [INFO] [109/121] 용산역 (primary=KEY_1)
2026-06-22 15:08:12,329 [INFO] [110/121] 이태원역 (primary=KEY_2)
2026-06-22 15:08:14,363 [INFO] [111/121] 잠실새내역 (primary=KEY_3)
2026-06-22 15:08:16,491 [INFO] [112/121] 잠실역 (primary=KEY_4)
2026-06-22 15:08:19,099 [INFO] [113/121] 장지역 (primary=KEY_1)
2026-06-22 15:08:21,296 [INFO] [114/121] 장한평역 (primary=KEY_2)
2026-06-22 15:08:22,644 [INFO] [115/121] 천호역 (primary=KEY_3)
2026-06-22 15:08:24,984 [INFO] [116/121] 총신대입구(이수)역 (primary=KEY_4)
2026-06-22 15:08:26,401 [INFO] [117/121] 충정로역 (primary=KEY_1)
2026-06-22 15:08:27,831 [INFO] [118/121] 합정역 (primary=KEY_2)
2026-06-22 15:08:29,905 [INFO] [119/121] 혜화역 (primary=KEY_3)
2026-06-22 15:08:32,078 [INFO] [120/121] 홍대입구역(2호선) (primary=KEY_4)
2026-06-22 15:08:33,503 [INFO] [121/121] 회기역 (primary=KEY_1)
2026-06-22 15:08:36,659 [INFO] === 수집 완료 | 성공 121, 실패 0 ===
2026-06-22 15:08:36,659 [INFO] 카테고리별 저장 결과:
2026-06-22 15:08:36,660 [INFO]    accident                  | 신규    10행 | 누적     24행 | 16컬럼
2026-06-22 15:08:36,660 [INFO]    area_meta                 | 신규   121행 | 누적    363행 | 5컬럼
2026-06-22 15:08:36,660 [INFO]    bike                      | 신규    12행 | 누적     36행 | 12컬럼
2026-06-22 15:08:36,660 [INFO]    bike_sbike_stts           | 신규   546행 | 누적   1638행 | 12컬럼
2026-06-22 15:08:36,660 [INFO]    bus                       | 신규     3행 | 누적      9행 | 11컬럼
2026-06-22 15:08:36,660 [INFO]    bus_bus_stn_stts          | 신규  1745행 | 누적   5235행 | 11컬럼
2026-06-22 15:08:36,660 [INFO]    charger                   | 신규    25행 | 누적     54행 | 15컬럼
2026-06-22 15:08:36,660 [INFO]    charger_charger_stts      | 신규   336행 | 누적   2564행 | 15컬럼
2026-06-22 15:08:36,660 [INFO]    cmrcl                     | 신규    82행 | 누적    246행 | 20컬럼
2026-06-22 15:08:36,660 [INFO]    events                    | 신규    13행 | 누적     39행 | 14컬럼
2026-06-22 15:08:36,660 [INFO]    events_event_stts         | 신규   156행 | 누적    468행 | 14컬럼
2026-06-22 15:08:36,660 [INFO]    news                      | 신규   103행 | 누적    223행 | 10컬럼
2026-06-22 15:08:36,660 [INFO]    news_live_yna_news        | 신규    34행 | 누적     68행 | 10컬럼
2026-06-22 15:08:36,660 [INFO]    parking                   | 신규     6행 | 누적     18행 | 21컬럼
2026-06-22 15:08:36,660 [INFO]    parking_prk_stts          | 신규  1836행 | 누적   5508행 | 21컬럼
2026-06-22 15:08:36,660 [INFO]    ppltn                     | 신규   121행 | 누적    363행 | 26컬럼
2026-06-22 15:08:36,660 [INFO]    road                      | 신규   121행 | 누적    363행 | 21컬럼
2026-06-22 15:08:36,660 [INFO]    road_road_traffic_stts    | 신규  5257행 | 누적  15771행 | 17컬럼
2026-06-22 15:08:36,660 [INFO]    subway                    | 신규    38행 | 누적    114행 | 12컬럼
2026-06-22 15:08:36,660 [INFO]    subway_sub_stts           | 신규   183행 | 누적    549행 | 13컬럼
2026-06-22 15:08:36,660 [INFO]    weather                   | 신규   119행 | 누적    357행 | 29컬럼
2026-06-22 15:08:36,660 [INFO] 키별 사용량:
2026-06-22 15:08:36,660 [INFO]    🟢 KEY_1 (31/1000) 
2026-06-22 15:08:36,660 [INFO]    🟢 KEY_2 (30/1000) 
2026-06-22 15:08:36,660 [INFO]    🟢 KEY_3 (30/1000) 
2026-06-22 15:08:36,660 [INFO]    🟢 KEY_4 (30/1000) 
2026-06-22 17:27:03,630 [INFO] 등록된 키: 4개, 합산 한도 4,000건/일
2026-06-22 17:27:03,630 [INFO] POI 로드: 매뉴얼 v8.5 기준 fallback 121개 (121개 전체)
2026-06-22 17:27:03,630 [INFO] === 수집 시작 2026-06-22T17:27:03.630964+09:00 ===
2026-06-22 17:27:03,631 [INFO] 대상 장소: 121개 | API: citydata (통합)
2026-06-22 17:27:03,631 [INFO] 키 풀: 4/4 활성 | 오늘 사용 0/4000건
2026-06-22 17:27:03,631 [INFO]   [KEY_1] 담당 31장소
2026-06-22 17:27:03,631 [INFO]   [KEY_2] 담당 30장소
2026-06-22 17:27:03,631 [INFO]   [KEY_3] 담당 30장소
2026-06-22 17:27:03,631 [INFO]   [KEY_4] 담당 30장소
2026-06-22 17:27:03,631 [INFO] [1/121] 경복궁 (primary=KEY_1)
2026-06-22 17:27:05,221 [INFO] [2/121] 광화문·덕수궁 (primary=KEY_2)
2026-06-22 17:27:07,206 [INFO] [3/121] 보신각 (primary=KEY_3)
2026-06-22 17:27:08,817 [INFO] [4/121] 서울 암사동 유적 (primary=KEY_4)
2026-06-22 17:27:10,148 [INFO] [5/121] 창덕궁·종묘 (primary=KEY_1)
2026-06-22 17:27:11,716 [INFO] [6/121] 강남 MICE 관광특구 (primary=KEY_2)
2026-06-22 17:27:13,076 [INFO] [7/121] 동대문 관광특구 (primary=KEY_3)
2026-06-22 17:27:16,030 [INFO] [8/121] 명동 관광특구 (primary=KEY_4)
2026-06-22 17:27:18,056 [INFO] [9/121] 이태원 관광특구 (primary=KEY_1)
2026-06-22 17:27:20,382 [INFO] [10/121] 잠실 관광특구 (primary=KEY_2)
2026-06-22 17:27:22,147 [INFO] [11/121] 종로·청계 관광특구 (primary=KEY_3)
2026-06-22 17:27:23,951 [INFO] [12/121] 홍대 관광특구 (primary=KEY_4)
2026-06-22 17:27:25,587 [INFO] [13/121] 강서한강공원 (primary=KEY_1)
2026-06-22 17:27:26,948 [INFO] [14/121] 고척돔 (primary=KEY_2)
2026-06-22 17:27:28,891 [INFO] [15/121] 광나루한강공원 (primary=KEY_3)
2026-06-22 17:27:30,466 [INFO] [16/121] 광화문광장 (primary=KEY_4)
2026-06-22 17:27:32,050 [INFO] [17/121] 국립중앙박물관·용산가족공원 (primary=KEY_1)
2026-06-22 17:27:33,227 [INFO] [18/121] 난지한강공원 (primary=KEY_2)
2026-06-22 17:27:34,566 [INFO] [19/121] 남산공원 (primary=KEY_3)
2026-06-22 17:27:36,114 [INFO] [20/121] 노들섬 (primary=KEY_4)
2026-06-22 17:27:37,455 [INFO] [21/121] 뚝섬한강공원 (primary=KEY_1)
2026-06-22 17:27:38,816 [INFO] [22/121] 망원한강공원 (primary=KEY_2)
2026-06-22 17:27:40,391 [INFO] [23/121] 반포한강공원 (primary=KEY_3)
2026-06-22 17:27:41,546 [INFO] [24/121] 보라매공원 (primary=KEY_4)
2026-06-22 17:27:42,695 [INFO] [25/121] 북서울꿈의숲 (primary=KEY_1)
2026-06-22 17:27:43,854 [INFO] [26/121] 서대문독립공원 (primary=KEY_2)
2026-06-22 17:27:45,016 [INFO] [27/121] 서리풀공원·몽마르뜨공원 (primary=KEY_3)
2026-06-22 17:27:46,414 [INFO] [28/121] 서울대공원 (primary=KEY_4)
2026-06-22 17:27:47,562 [INFO] [29/121] 서울숲공원 (primary=KEY_1)
2026-06-22 17:27:49,119 [INFO] [30/121] 송현녹지광장 (primary=KEY_2)
2026-06-22 17:27:50,464 [INFO] [31/121] 아차산 (primary=KEY_3)
2026-06-22 17:27:51,815 [INFO] [32/121] 안양천 (primary=KEY_4)
2026-06-22 17:27:54,143 [INFO] [33/121] 양화한강공원 (primary=KEY_1)
2026-06-22 17:27:55,298 [INFO] [34/121] 어린이대공원 (primary=KEY_2)
2026-06-22 17:27:56,517 [INFO] [35/121] 여의도한강공원 (primary=KEY_3)
2026-06-22 17:27:57,859 [INFO] [36/121] 여의서로 (primary=KEY_4)
2026-06-22 17:27:59,216 [INFO] [37/121] 올림픽공원 (primary=KEY_1)
2026-06-22 17:28:00,606 [INFO] [38/121] 월드컵공원 (primary=KEY_2)
2026-06-22 17:28:02,219 [INFO] [39/121] 응봉산 (primary=KEY_3)
2026-06-22 17:28:03,580 [INFO] [40/121] 이촌한강공원 (primary=KEY_4)
2026-06-22 17:28:04,739 [INFO] [41/121] 잠실종합운동장 (primary=KEY_1)
2026-06-22 17:28:05,886 [INFO] [42/121] 잠실한강공원 (primary=KEY_2)
2026-06-22 17:28:07,072 [INFO] [43/121] 잠원한강공원 (primary=KEY_3)
2026-06-22 17:28:08,264 [INFO] [44/121] 청계산 (primary=KEY_4)
2026-06-22 17:28:09,420 [INFO] [45/121] 홍제폭포 (primary=KEY_1)
2026-06-22 17:28:10,570 [INFO] [46/121] 가락시장 (primary=KEY_2)
2026-06-22 17:28:11,946 [INFO] [47/121] 가로수길 (primary=KEY_3)
2026-06-22 17:28:13,329 [INFO] [48/121] 광장(전통)시장 (primary=KEY_4)
2026-06-22 17:28:14,499 [INFO] [49/121] 김포공항 (primary=KEY_1)
2026-06-22 17:28:16,092 [INFO] [50/121] 남대문시장 (primary=KEY_2)
2026-06-22 17:28:17,461 [INFO] [51/121] 노량진 (primary=KEY_3)
2026-06-22 17:28:19,028 [INFO] [52/121] 덕수궁길·정동길 (primary=KEY_4)
2026-06-22 17:28:20,375 [INFO] [53/121] 북창동 먹자골목 (primary=KEY_1)
2026-06-22 17:28:21,547 [INFO] [54/121] 북촌한옥마을 (primary=KEY_2)
2026-06-22 17:28:22,914 [INFO] [55/121] 서촌 (primary=KEY_3)
2026-06-22 17:28:24,274 [INFO] [56/121] 성수카페거리 (primary=KEY_4)
2026-06-22 17:28:25,645 [INFO] [57/121] 송리단길·호수단길 (primary=KEY_1)
2026-06-22 17:28:27,029 [INFO] [58/121] 신촌 스타광장 (primary=KEY_2)
2026-06-22 17:28:28,193 [INFO] [59/121] 압구정로데오거리 (primary=KEY_3)
2026-06-22 17:28:29,587 [INFO] [60/121] 여의도 (primary=KEY_4)
2026-06-22 17:28:31,647 [INFO] [61/121] 연남동 (primary=KEY_1)
2026-06-22 17:28:33,007 [INFO] [62/121] 영등포 타임스퀘어 (primary=KEY_2)
2026-06-22 17:28:34,560 [INFO] [63/121] 용리단길 (primary=KEY_3)
2026-06-22 17:28:35,765 [INFO] [64/121] 이태원 앤틱가구거리 (primary=KEY_4)
2026-06-22 17:28:37,144 [INFO] [65/121] 익선동 (primary=KEY_1)
2026-06-22 17:28:38,728 [INFO] [66/121] 인사동 (primary=KEY_2)
2026-06-22 17:28:40,112 [INFO] [67/121] 잠실롯데타워·석촌호수 (primary=KEY_3)
2026-06-22 17:28:41,557 [INFO] [68/121] 창동 신경제 중심지 (primary=KEY_4)
2026-06-22 17:28:43,202 [INFO] [69/121] 청담동 명품거리 (primary=KEY_1)
2026-06-22 17:28:44,579 [INFO] [70/121] 청량리 제기동 일대 전통시장 (primary=KEY_2)
2026-06-22 17:28:45,972 [INFO] [71/121] 해방촌·경리단길 (primary=KEY_3)
2026-06-22 17:28:47,149 [INFO] [72/121] DDP(동대문디자인플라자) (primary=KEY_4)
2026-06-22 17:28:48,534 [INFO] [73/121] DMC(디지털미디어시티) (primary=KEY_1)
2026-06-22 17:28:50,139 [INFO] [74/121] 가산디지털단지역 (primary=KEY_2)
2026-06-22 17:28:56,532 [INFO] [75/121] 강남역 (primary=KEY_3)
2026-06-22 17:28:58,157 [INFO] [76/121] 건대입구역 (primary=KEY_4)
2026-06-22 17:28:59,816 [INFO] [77/121] 고덕역 (primary=KEY_1)
2026-06-22 17:29:01,467 [INFO] [78/121] 고속터미널역 (primary=KEY_2)
2026-06-22 17:29:02,915 [INFO] [79/121] 교대역 (primary=KEY_3)
2026-06-22 17:29:04,326 [INFO] [80/121] 구로디지털단지역 (primary=KEY_4)
2026-06-22 17:29:05,706 [INFO] [81/121] 구로역 (primary=KEY_1)
2026-06-22 17:29:07,276 [INFO] [82/121] 군자역 (primary=KEY_2)
2026-06-22 17:29:08,990 [INFO] [83/121] 대림역 (primary=KEY_3)
2026-06-22 17:29:10,376 [INFO] [84/121] 동대문역 (primary=KEY_4)
2026-06-22 17:29:12,041 [INFO] [85/121] 뚝섬역 (primary=KEY_1)
2026-06-22 17:29:13,442 [INFO] [86/121] 미아사거리역 (primary=KEY_2)
2026-06-22 17:29:15,095 [INFO] [87/121] 발산역 (primary=KEY_3)
2026-06-22 17:29:17,003 [INFO] [88/121] 사당역 (primary=KEY_4)
2026-06-22 17:29:18,440 [INFO] [89/121] 삼각지역 (primary=KEY_1)
2026-06-22 17:29:19,826 [INFO] [90/121] 서울대입구역 (primary=KEY_2)
2026-06-22 17:29:21,237 [INFO] [91/121] 서울식물원·마곡나루역 (primary=KEY_3)
2026-06-22 17:29:22,607 [INFO] [92/121] 서울역 (primary=KEY_4)
2026-06-22 17:29:24,018 [INFO] [93/121] 선릉역 (primary=KEY_1)
2026-06-22 17:29:25,609 [INFO] [94/121] 성신여대입구역 (primary=KEY_2)
2026-06-22 17:29:26,829 [INFO] [95/121] 수유역 (primary=KEY_3)
2026-06-22 17:29:28,197 [INFO] [96/121] 숭례문 (primary=KEY_4)
2026-06-22 17:29:29,551 [INFO] [97/121] 시의회 앞 (primary=KEY_1)
2026-06-22 17:29:30,924 [INFO] [98/121] 신논현역·논현역 (primary=KEY_2)
2026-06-22 17:29:32,497 [INFO] [99/121] 신도림역 (primary=KEY_3)
2026-06-22 17:29:33,678 [INFO] [100/121] 신림역 (primary=KEY_4)
2026-06-22 17:29:35,057 [INFO] [101/121] 신정네거리역 (primary=KEY_1)
2026-06-22 17:29:36,238 [INFO] [102/121] 신촌·이대역 (primary=KEY_2)
2026-06-22 17:29:37,611 [INFO] [103/121] 쌍문역 (primary=KEY_3)
2026-06-22 17:29:38,992 [INFO] [104/121] 양재역 (primary=KEY_4)
2026-06-22 17:29:40,369 [INFO] [105/121] 역삼역 (primary=KEY_1)
2026-06-22 17:29:41,739 [INFO] [106/121] 연신내역 (primary=KEY_2)
2026-06-22 17:29:42,959 [INFO] [107/121] 오목교역·목동운동장 (primary=KEY_3)
2026-06-22 17:29:44,524 [INFO] [108/121] 왕십리역 (primary=KEY_4)
2026-06-22 17:29:45,905 [INFO] [109/121] 용산역 (primary=KEY_1)
2026-06-22 17:29:47,538 [INFO] [110/121] 이태원역 (primary=KEY_2)
2026-06-22 17:29:48,712 [INFO] [111/121] 잠실새내역 (primary=KEY_3)
2026-06-22 17:29:50,071 [INFO] [112/121] 잠실역 (primary=KEY_4)
2026-06-22 17:29:51,460 [INFO] [113/121] 장지역 (primary=KEY_1)
2026-06-22 17:29:52,840 [INFO] [114/121] 장한평역 (primary=KEY_2)
2026-06-22 17:29:54,210 [INFO] [115/121] 천호역 (primary=KEY_3)
2026-06-22 17:29:55,597 [INFO] [116/121] 총신대입구(이수)역 (primary=KEY_4)
2026-06-22 17:29:56,989 [INFO] [117/121] 충정로역 (primary=KEY_1)
2026-06-22 17:29:58,371 [INFO] [118/121] 합정역 (primary=KEY_2)
2026-06-22 17:29:59,770 [INFO] [119/121] 혜화역 (primary=KEY_3)
2026-06-22 17:30:01,173 [INFO] [120/121] 홍대입구역(2호선) (primary=KEY_4)
2026-06-22 17:30:02,545 [INFO] [121/121] 회기역 (primary=KEY_1)
2026-06-22 17:30:04,926 [INFO] === 수집 완료 | 성공 121, 실패 0 ===
2026-06-22 17:30:04,926 [INFO] 카테고리별 저장 결과:
2026-06-22 17:30:04,926 [INFO]    accident                  | 신규     4행 | 누적     28행 | 16컬럼
2026-06-22 17:30:04,926 [INFO]    area_meta                 | 신규   121행 | 누적    484행 | 5컬럼
2026-06-22 17:30:04,926 [INFO]    bike                      | 신규    12행 | 누적     48행 | 12컬럼
2026-06-22 17:30:04,926 [INFO]    bike_sbike_stts           | 신규   546행 | 누적   2184행 | 12컬럼
2026-06-22 17:30:04,926 [INFO]    bus                       | 신규     3행 | 누적     12행 | 11컬럼
2026-06-22 17:30:04,926 [INFO]    bus_bus_stn_stts          | 신규  1745행 | 누적   6980행 | 11컬럼
2026-06-22 17:30:04,926 [INFO]    charger                   | 신규    25행 | 누적     79행 | 15컬럼
2026-06-22 17:30:04,927 [INFO]    charger_charger_stts      | 신규   336행 | 누적   2898행 | 15컬럼
2026-06-22 17:30:04,927 [INFO]    cmrcl                     | 신규    82행 | 누적    328행 | 20컬럼
2026-06-22 17:30:04,927 [INFO]    events                    | 신규    13행 | 누적     52행 | 14컬럼
2026-06-22 17:30:04,927 [INFO]    events_event_stts         | 신규   156행 | 누적    624행 | 14컬럼
2026-06-22 17:30:04,927 [INFO]    news                      | 신규   101행 | 누적    324행 | 10컬럼
2026-06-22 17:30:04,927 [INFO]    news_live_yna_news        | 신규    38행 | 누적    106행 | 10컬럼
2026-06-22 17:30:04,927 [INFO]    parking                   | 신규     6행 | 누적     24행 | 21컬럼
2026-06-22 17:30:04,927 [INFO]    parking_prk_stts          | 신규  1836행 | 누적   7344행 | 21컬럼
2026-06-22 17:30:04,927 [INFO]    ppltn                     | 신규   121행 | 누적    484행 | 26컬럼
2026-06-22 17:30:04,927 [INFO]    road                      | 신규   121행 | 누적    484행 | 21컬럼
2026-06-22 17:30:04,927 [INFO]    road_road_traffic_stts    | 신규  5257행 | 누적  21028행 | 17컬럼
2026-06-22 17:30:04,927 [INFO]    subway                    | 신규    38행 | 누적    152행 | 12컬럼
2026-06-22 17:30:04,927 [INFO]    subway_sub_stts           | 신규   183행 | 누적    732행 | 13컬럼
2026-06-22 17:30:04,927 [INFO]    weather                   | 신규   119행 | 누적    476행 | 29컬럼
2026-06-22 17:30:04,927 [INFO] 키별 사용량:
2026-06-22 17:30:04,927 [INFO]    🟢 KEY_1 (31/1000) 
2026-06-22 17:30:04,927 [INFO]    🟢 KEY_2 (30/1000) 
2026-06-22 17:30:04,927 [INFO]    🟢 KEY_3 (30/1000) 
2026-06-22 17:30:04,927 [INFO]    🟢 KEY_4 (30/1000) 
2026-06-22 20:09:11,091 [INFO] 등록된 키: 4개, 합산 한도 4,000건/일
2026-06-22 20:09:11,092 [INFO] POI 로드: 매뉴얼 v8.5 기준 fallback 121개 (121개 전체)
2026-06-22 20:09:11,092 [INFO] === 수집 시작 2026-06-22T20:09:11.092156+09:00 ===
2026-06-22 20:09:11,092 [INFO] 대상 장소: 121개 | API: citydata (통합)
2026-06-22 20:09:11,092 [INFO] 키 풀: 4/4 활성 | 오늘 사용 0/4000건
2026-06-22 20:09:11,092 [INFO]   [KEY_1] 담당 31장소
2026-06-22 20:09:11,092 [INFO]   [KEY_2] 담당 30장소
2026-06-22 20:09:11,092 [INFO]   [KEY_3] 담당 30장소
2026-06-22 20:09:11,092 [INFO]   [KEY_4] 담당 30장소
2026-06-22 20:09:11,092 [INFO] [1/121] 경복궁 (primary=KEY_1)
2026-06-22 20:09:12,993 [INFO] [2/121] 광화문·덕수궁 (primary=KEY_2)
2026-06-22 20:09:15,219 [INFO] [3/121] 보신각 (primary=KEY_3)
2026-06-22 20:09:17,291 [INFO] [4/121] 서울 암사동 유적 (primary=KEY_4)
2026-06-22 20:09:18,356 [INFO] [5/121] 창덕궁·종묘 (primary=KEY_1)
2026-06-22 20:09:20,234 [INFO] [6/121] 강남 MICE 관광특구 (primary=KEY_2)
2026-06-22 20:09:21,485 [INFO] [7/121] 동대문 관광특구 (primary=KEY_3)
2026-06-22 20:09:23,267 [INFO] [8/121] 명동 관광특구 (primary=KEY_4)
2026-06-22 20:09:25,798 [INFO] [9/121] 이태원 관광특구 (primary=KEY_1)
2026-06-22 20:09:27,787 [INFO] [10/121] 잠실 관광특구 (primary=KEY_2)
2026-06-22 20:09:30,221 [INFO] [11/121] 종로·청계 관광특구 (primary=KEY_3)
2026-06-22 20:09:32,555 [INFO] [12/121] 홍대 관광특구 (primary=KEY_4)
2026-06-22 20:09:34,686 [INFO] [13/121] 강서한강공원 (primary=KEY_1)
2026-06-22 20:09:35,734 [INFO] [14/121] 고척돔 (primary=KEY_2)
2026-06-22 20:09:36,807 [INFO] [15/121] 광나루한강공원 (primary=KEY_3)
2026-06-22 20:09:38,844 [INFO] [16/121] 광화문광장 (primary=KEY_4)
2026-06-22 20:09:40,737 [INFO] [17/121] 국립중앙박물관·용산가족공원 (primary=KEY_1)
2026-06-22 20:09:42,470 [INFO] [18/121] 난지한강공원 (primary=KEY_2)
2026-06-22 20:09:43,525 [INFO] [19/121] 남산공원 (primary=KEY_3)
2026-06-22 20:09:44,990 [INFO] [20/121] 노들섬 (primary=KEY_4)
2026-06-22 20:09:46,043 [INFO] [21/121] 뚝섬한강공원 (primary=KEY_1)
2026-06-22 20:09:47,124 [INFO] [22/121] 망원한강공원 (primary=KEY_2)
2026-06-22 20:09:48,351 [INFO] [23/121] 반포한강공원 (primary=KEY_3)
2026-06-22 20:09:49,412 [INFO] [24/121] 보라매공원 (primary=KEY_4)
2026-06-22 20:09:51,135 [INFO] [25/121] 북서울꿈의숲 (primary=KEY_1)
2026-06-22 20:09:52,357 [INFO] [26/121] 서대문독립공원 (primary=KEY_2)
2026-06-22 20:09:54,104 [INFO] [27/121] 서리풀공원·몽마르뜨공원 (primary=KEY_3)
2026-06-22 20:09:56,095 [INFO] [28/121] 서울대공원 (primary=KEY_4)
2026-06-22 20:09:57,741 [INFO] [29/121] 서울숲공원 (primary=KEY_1)
2026-06-22 20:09:58,993 [INFO] [30/121] 송현녹지광장 (primary=KEY_2)
2026-06-22 20:10:00,212 [INFO] [31/121] 아차산 (primary=KEY_3)
2026-06-22 20:10:01,903 [INFO] [32/121] 안양천 (primary=KEY_4)
2026-06-22 20:10:03,040 [INFO] [33/121] 양화한강공원 (primary=KEY_1)
2026-06-22 20:10:04,084 [INFO] [34/121] 어린이대공원 (primary=KEY_2)
2026-06-22 20:10:05,329 [INFO] [35/121] 여의도한강공원 (primary=KEY_3)
2026-06-22 20:10:06,545 [INFO] [36/121] 여의서로 (primary=KEY_4)
2026-06-22 20:10:08,399 [INFO] [37/121] 올림픽공원 (primary=KEY_1)
2026-06-22 20:10:09,841 [INFO] [38/121] 월드컵공원 (primary=KEY_2)
2026-06-22 20:10:11,265 [INFO] [39/121] 응봉산 (primary=KEY_3)
2026-06-22 20:10:12,474 [INFO] [40/121] 이촌한강공원 (primary=KEY_4)
2026-06-22 20:10:13,512 [INFO] [41/121] 잠실종합운동장 (primary=KEY_1)
2026-06-22 20:10:15,210 [INFO] [42/121] 잠실한강공원 (primary=KEY_2)
2026-06-22 20:10:16,910 [INFO] [43/121] 잠원한강공원 (primary=KEY_3)
2026-06-22 20:10:17,956 [INFO] [44/121] 청계산 (primary=KEY_4)
2026-06-22 20:10:19,007 [INFO] [45/121] 홍제폭포 (primary=KEY_1)
2026-06-22 20:10:20,053 [INFO] [46/121] 가락시장 (primary=KEY_2)
2026-06-22 20:10:21,287 [INFO] [47/121] 가로수길 (primary=KEY_3)
2026-06-22 20:10:22,563 [INFO] [48/121] 광장(전통)시장 (primary=KEY_4)
2026-06-22 20:10:23,620 [INFO] [49/121] 김포공항 (primary=KEY_1)
2026-06-22 20:10:25,020 [INFO] [50/121] 남대문시장 (primary=KEY_2)
2026-06-22 20:10:26,886 [INFO] [51/121] 노량진 (primary=KEY_3)
2026-06-22 20:10:28,128 [INFO] [52/121] 덕수궁길·정동길 (primary=KEY_4)
2026-06-22 20:10:29,867 [INFO] [53/121] 북창동 먹자골목 (primary=KEY_1)
2026-06-22 20:10:31,725 [INFO] [54/121] 북촌한옥마을 (primary=KEY_2)
2026-06-22 20:10:33,763 [INFO] [55/121] 서촌 (primary=KEY_3)
2026-06-22 20:10:35,637 [INFO] [56/121] 성수카페거리 (primary=KEY_4)
2026-06-22 20:10:37,049 [INFO] [57/121] 송리단길·호수단길 (primary=KEY_1)
2026-06-22 20:10:38,936 [INFO] [58/121] 신촌 스타광장 (primary=KEY_2)
2026-06-22 20:10:40,663 [INFO] [59/121] 압구정로데오거리 (primary=KEY_3)
2026-06-22 20:10:41,907 [INFO] [60/121] 여의도 (primary=KEY_4)
2026-06-22 20:10:44,466 [INFO] [61/121] 연남동 (primary=KEY_1)
2026-06-22 20:10:45,696 [INFO] [62/121] 영등포 타임스퀘어 (primary=KEY_2)
2026-06-22 20:10:46,923 [INFO] [63/121] 용리단길 (primary=KEY_3)
2026-06-22 20:10:48,913 [INFO] [64/121] 이태원 앤틱가구거리 (primary=KEY_4)
2026-06-22 20:10:50,859 [INFO] [65/121] 익선동 (primary=KEY_1)
2026-06-22 20:10:52,805 [INFO] [66/121] 인사동 (primary=KEY_2)
2026-06-22 20:10:55,243 [INFO] [67/121] 잠실롯데타워·석촌호수 (primary=KEY_3)
2026-06-22 20:10:57,413 [INFO] [68/121] 창동 신경제 중심지 (primary=KEY_4)
2026-06-22 20:10:59,324 [INFO] [69/121] 청담동 명품거리 (primary=KEY_1)
2026-06-22 20:11:00,561 [INFO] [70/121] 청량리 제기동 일대 전통시장 (primary=KEY_2)
2026-06-22 20:11:01,817 [INFO] [71/121] 해방촌·경리단길 (primary=KEY_3)
2026-06-22 20:11:03,047 [INFO] [72/121] DDP(동대문디자인플라자) (primary=KEY_4)
2026-06-22 20:11:04,327 [INFO] [73/121] DMC(디지털미디어시티) (primary=KEY_1)
2026-06-22 20:11:05,943 [INFO] [74/121] 가산디지털단지역 (primary=KEY_2)
2026-06-22 20:11:07,683 [INFO] [75/121] 강남역 (primary=KEY_3)
2026-06-22 20:11:09,938 [INFO] [76/121] 건대입구역 (primary=KEY_4)
2026-06-22 20:11:11,823 [INFO] [77/121] 고덕역 (primary=KEY_1)
2026-06-22 20:11:13,049 [INFO] [78/121] 고속터미널역 (primary=KEY_2)
2026-06-22 20:11:14,286 [INFO] [79/121] 교대역 (primary=KEY_3)
2026-06-22 20:11:16,491 [INFO] [80/121] 구로디지털단지역 (primary=KEY_4)
2026-06-22 20:11:18,041 [INFO] [81/121] 구로역 (primary=KEY_1)
2026-06-22 20:11:19,258 [INFO] [82/121] 군자역 (primary=KEY_2)
2026-06-22 20:11:20,490 [INFO] [83/121] 대림역 (primary=KEY_3)
2026-06-22 20:11:21,733 [INFO] [84/121] 동대문역 (primary=KEY_4)
2026-06-22 20:11:23,801 [INFO] [85/121] 뚝섬역 (primary=KEY_1)
2026-06-22 20:11:25,036 [INFO] [86/121] 미아사거리역 (primary=KEY_2)
2026-06-22 20:11:26,926 [INFO] [87/121] 발산역 (primary=KEY_3)
2026-06-22 20:11:28,493 [INFO] [88/121] 사당역 (primary=KEY_4)
2026-06-22 20:11:29,767 [INFO] [89/121] 삼각지역 (primary=KEY_1)
2026-06-22 20:11:31,023 [INFO] [90/121] 서울대입구역 (primary=KEY_2)
2026-06-22 20:11:32,246 [INFO] [91/121] 서울식물원·마곡나루역 (primary=KEY_3)
2026-06-22 20:11:34,332 [INFO] [92/121] 서울역 (primary=KEY_4)
2026-06-22 20:11:35,793 [INFO] [93/121] 선릉역 (primary=KEY_1)
2026-06-22 20:11:37,409 [INFO] [94/121] 성신여대입구역 (primary=KEY_2)
2026-06-22 20:11:38,649 [INFO] [95/121] 수유역 (primary=KEY_3)
2026-06-22 20:11:39,881 [INFO] [96/121] 숭례문 (primary=KEY_4)
2026-06-22 20:11:41,318 [INFO] [97/121] 시의회 앞 (primary=KEY_1)
2026-06-22 20:11:42,566 [INFO] [98/121] 신논현역·논현역 (primary=KEY_2)
2026-06-22 20:11:43,824 [INFO] [99/121] 신도림역 (primary=KEY_3)
2026-06-22 20:11:45,535 [INFO] [100/121] 신림역 (primary=KEY_4)
2026-06-22 20:11:46,759 [INFO] [101/121] 신정네거리역 (primary=KEY_1)
2026-06-22 20:11:47,863 [INFO] [102/121] 신촌·이대역 (primary=KEY_2)
2026-06-22 20:11:49,110 [INFO] [103/121] 쌍문역 (primary=KEY_3)
2026-06-22 20:11:50,348 [INFO] [104/121] 양재역 (primary=KEY_4)
2026-06-22 20:11:51,586 [INFO] [105/121] 역삼역 (primary=KEY_1)
2026-06-22 20:11:52,879 [INFO] [106/121] 연신내역 (primary=KEY_2)
2026-06-22 20:11:53,966 [INFO] [107/121] 오목교역·목동운동장 (primary=KEY_3)
2026-06-22 20:11:55,956 [INFO] [108/121] 왕십리역 (primary=KEY_4)
2026-06-22 20:11:57,228 [INFO] [109/121] 용산역 (primary=KEY_1)
2026-06-22 20:11:58,681 [INFO] [110/121] 이태원역 (primary=KEY_2)
2026-06-22 20:11:59,760 [INFO] [111/121] 잠실새내역 (primary=KEY_3)
2026-06-22 20:12:00,997 [INFO] [112/121] 잠실역 (primary=KEY_4)
2026-06-22 20:12:02,225 [INFO] [113/121] 장지역 (primary=KEY_1)
2026-06-22 20:12:03,442 [INFO] [114/121] 장한평역 (primary=KEY_2)
2026-06-22 20:12:04,667 [INFO] [115/121] 천호역 (primary=KEY_3)
2026-06-22 20:12:05,903 [INFO] [116/121] 총신대입구(이수)역 (primary=KEY_4)
2026-06-22 20:12:07,133 [INFO] [117/121] 충정로역 (primary=KEY_1)
2026-06-22 20:12:08,372 [INFO] [118/121] 합정역 (primary=KEY_2)
2026-06-22 20:12:09,611 [INFO] [119/121] 혜화역 (primary=KEY_3)
2026-06-22 20:12:10,831 [INFO] [120/121] 홍대입구역(2호선) (primary=KEY_4)
2026-06-22 20:12:12,061 [INFO] [121/121] 회기역 (primary=KEY_1)
2026-06-22 20:12:14,382 [INFO] === 수집 완료 | 성공 121, 실패 0 ===
2026-06-22 20:12:14,382 [INFO] 카테고리별 저장 결과:
2026-06-22 20:12:14,382 [INFO]    accident                  | 신규     5행 | 누적     33행 | 16컬럼
2026-06-22 20:12:14,382 [INFO]    area_meta                 | 신규   121행 | 누적    605행 | 5컬럼
2026-06-22 20:12:14,382 [INFO]    bike                      | 신규    12행 | 누적     60행 | 12컬럼
2026-06-22 20:12:14,382 [INFO]    bike_sbike_stts           | 신규   546행 | 누적   2730행 | 12컬럼
2026-06-22 20:12:14,382 [INFO]    bus                       | 신규     3행 | 누적     15행 | 11컬럼
2026-06-22 20:12:14,382 [INFO]    bus_bus_stn_stts          | 신규  1745행 | 누적   8725행 | 11컬럼
2026-06-22 20:12:14,382 [INFO]    charger                   | 신규     8행 | 누적     87행 | 15컬럼
2026-06-22 20:12:14,382 [INFO]    charger_charger_stts      | 신규  1577행 | 누적   4462행 | 15컬럼
2026-06-22 20:12:14,382 [INFO]    cmrcl                     | 신규    82행 | 누적    410행 | 20컬럼
2026-06-22 20:12:14,382 [INFO]    events                    | 신규    13행 | 누적     65행 | 14컬럼
2026-06-22 20:12:14,382 [INFO]    events_event_stts         | 신규   156행 | 누적    780행 | 14컬럼
2026-06-22 20:12:14,382 [INFO]    news                      | 신규   101행 | 누적    425행 | 10컬럼
2026-06-22 20:12:14,383 [INFO]    news_live_yna_news        | 신규    38행 | 누적    144행 | 10컬럼
2026-06-22 20:12:14,383 [INFO]    parking                   | 신규     6행 | 누적     30행 | 21컬럼
2026-06-22 20:12:14,383 [INFO]    parking_prk_stts          | 신규  1836행 | 누적   9180행 | 21컬럼
2026-06-22 20:12:14,383 [INFO]    ppltn                     | 신규   121행 | 누적    605행 | 26컬럼
2026-06-22 20:12:14,383 [INFO]    road                      | 신규   121행 | 누적    605행 | 21컬럼
2026-06-22 20:12:14,383 [INFO]    road_road_traffic_stts    | 신규  5257행 | 누적  26285행 | 17컬럼
2026-06-22 20:12:14,383 [INFO]    subway                    | 신규    38행 | 누적    190행 | 12컬럼
2026-06-22 20:12:14,383 [INFO]    subway_sub_stts           | 신규   183행 | 누적    915행 | 13컬럼
2026-06-22 20:12:14,383 [INFO]    weather                   | 신규   119행 | 누적    595행 | 29컬럼
2026-06-22 20:12:14,383 [INFO] 키별 사용량:
2026-06-22 20:12:14,383 [INFO]    🟢 KEY_1 (31/1000) 
2026-06-22 20:12:14,383 [INFO]    🟢 KEY_2 (30/1000) 
2026-06-22 20:12:14,383 [INFO]    🟢 KEY_3 (30/1000) 
2026-06-22 20:12:14,383 [INFO]    🟢 KEY_4 (30/1000) 
