2026-07-19 00:07:15,811 [INFO] 등록된 키: 4개, 합산 한도 4,000건/일
2026-07-19 00:07:15,811 [INFO] POI 로드: 매뉴얼 v8.5 기준 fallback 121개 (121개 전체)
2026-07-19 00:07:15,811 [INFO] === 수집 시작 2026-07-19T00:07:15.811765+09:00 ===
2026-07-19 00:07:15,811 [INFO] 대상 장소: 121개 | API: citydata (통합)
2026-07-19 00:07:15,811 [INFO] 키 풀: 4/4 활성 | 오늘 사용 0/4000건
2026-07-19 00:07:15,812 [INFO]   [KEY_1] 담당 31장소
2026-07-19 00:07:15,812 [INFO]   [KEY_2] 담당 30장소
2026-07-19 00:07:15,812 [INFO]   [KEY_3] 담당 30장소
2026-07-19 00:07:15,812 [INFO]   [KEY_4] 담당 30장소
2026-07-19 00:07:15,812 [INFO] [1/121] 경복궁 (primary=KEY_1)
2026-07-19 00:07:18,122 [INFO] [2/121] 광화문·덕수궁 (primary=KEY_2)
2026-07-19 00:07:20,252 [INFO] [3/121] 보신각 (primary=KEY_3)
2026-07-19 00:07:21,600 [INFO] [4/121] 서울 암사동 유적 (primary=KEY_4)
2026-07-19 00:07:22,737 [INFO] [5/121] 창덕궁·종묘 (primary=KEY_1)
2026-07-19 00:07:24,864 [INFO] [6/121] 강남 MICE 관광특구 (primary=KEY_2)
2026-07-19 00:07:26,411 [INFO] [7/121] 동대문 관광특구 (primary=KEY_3)
2026-07-19 00:07:28,783 [INFO] [8/121] 명동 관광특구 (primary=KEY_4)
2026-07-19 00:07:31,360 [INFO] [9/121] 이태원 관광특구 (primary=KEY_1)
2026-07-19 00:07:33,860 [INFO] [10/121] 잠실 관광특구 (primary=KEY_2)
2026-07-19 00:07:36,431 [INFO] [11/121] 종로·청계 관광특구 (primary=KEY_3)
2026-07-19 00:07:38,789 [INFO] [12/121] 홍대 관광특구 (primary=KEY_4)
2026-07-19 00:07:41,150 [INFO] [13/121] 강서한강공원 (primary=KEY_1)
2026-07-19 00:07:42,280 [INFO] [14/121] 고척돔 (primary=KEY_2)
2026-07-19 00:07:43,420 [INFO] [15/121] 광나루한강공원 (primary=KEY_3)
2026-07-19 00:07:45,553 [INFO] [16/121] 광화문광장 (primary=KEY_4)
2026-07-19 00:07:46,908 [INFO] [17/121] 국립중앙박물관·용산가족공원 (primary=KEY_1)
2026-07-19 00:07:48,421 [INFO] [18/121] 난지한강공원 (primary=KEY_2)
2026-07-19 00:07:50,324 [INFO] [19/121] 남산공원 (primary=KEY_3)
2026-07-19 00:07:52,662 [INFO] [20/121] 노들섬 (primary=KEY_4)
2026-07-19 00:07:53,796 [INFO] [21/121] 뚝섬한강공원 (primary=KEY_1)
2026-07-19 00:07:55,722 [INFO] [22/121] 망원한강공원 (primary=KEY_2)
2026-07-19 00:07:57,060 [INFO] [23/121] 반포한강공원 (primary=KEY_3)
2026-07-19 00:07:58,194 [INFO] [24/121] 보라매공원 (primary=KEY_4)
2026-07-19 00:08:00,109 [INFO] [25/121] 북서울꿈의숲 (primary=KEY_1)
2026-07-19 00:08:02,581 [INFO] [26/121] 서대문독립공원 (primary=KEY_2)
2026-07-19 00:08:03,780 [INFO] [27/121] 서리풀공원·몽마르뜨공원 (primary=KEY_3)
2026-07-19 00:08:04,952 [INFO] [28/121] 서울대공원 (primary=KEY_4)
2026-07-19 00:08:06,864 [INFO] [29/121] 서울숲공원 (primary=KEY_1)
2026-07-19 00:08:08,217 [INFO] [30/121] 송현녹지광장 (primary=KEY_2)
2026-07-19 00:08:10,332 [INFO] [31/121] 아차산 (primary=KEY_3)
2026-07-19 00:08:11,484 [INFO] [32/121] 안양천 (primary=KEY_4)
2026-07-19 00:08:12,638 [INFO] [33/121] 양화한강공원 (primary=KEY_1)
2026-07-19 00:08:13,789 [INFO] [34/121] 어린이대공원 (primary=KEY_2)
2026-07-19 00:08:15,919 [INFO] [35/121] 여의도한강공원 (primary=KEY_3)
2026-07-19 00:08:17,266 [INFO] [36/121] 여의서로 (primary=KEY_4)
2026-07-19 00:08:19,550 [INFO] [37/121] 올림픽공원 (primary=KEY_1)
2026-07-19 00:08:20,929 [INFO] [38/121] 월드컵공원 (primary=KEY_2)
2026-07-19 00:08:22,488 [INFO] [39/121] 응봉산 (primary=KEY_3)
2026-07-19 00:08:23,824 [INFO] [40/121] 이촌한강공원 (primary=KEY_4)
2026-07-19 00:08:24,990 [INFO] [41/121] 잠실종합운동장 (primary=KEY_1)
2026-07-19 00:08:26,151 [INFO] [42/121] 잠실한강공원 (primary=KEY_2)
2026-07-19 00:08:27,297 [INFO] [43/121] 잠원한강공원 (primary=KEY_3)
2026-07-19 00:08:28,438 [INFO] [44/121] 청계산 (primary=KEY_4)
2026-07-19 00:08:29,585 [INFO] [45/121] 홍제폭포 (primary=KEY_1)
2026-07-19 00:08:30,735 [INFO] [46/121] 가락시장 (primary=KEY_2)
2026-07-19 00:08:33,252 [INFO] [47/121] 가로수길 (primary=KEY_3)
2026-07-19 00:08:34,657 [INFO] [48/121] 광장(전통)시장 (primary=KEY_4)
2026-07-19 00:08:35,849 [INFO] [49/121] 김포공항 (primary=KEY_1)
2026-07-19 00:08:37,404 [INFO] [50/121] 남대문시장 (primary=KEY_2)
2026-07-19 00:08:38,751 [INFO] [51/121] 노량진 (primary=KEY_3)
2026-07-19 00:08:40,112 [INFO] [52/121] 덕수궁길·정동길 (primary=KEY_4)
2026-07-19 00:08:41,495 [INFO] [53/121] 북창동 먹자골목 (primary=KEY_1)
2026-07-19 00:08:42,834 [INFO] [54/121] 북촌한옥마을 (primary=KEY_2)
2026-07-19 00:08:44,380 [INFO] [55/121] 서촌 (primary=KEY_3)
2026-07-19 00:08:45,745 [INFO] [56/121] 성수카페거리 (primary=KEY_4)
2026-07-19 00:08:47,315 [INFO] [57/121] 송리단길·호수단길 (primary=KEY_1)
2026-07-19 00:08:48,682 [INFO] [58/121] 신촌 스타광장 (primary=KEY_2)
2026-07-19 00:08:49,838 [INFO] [59/121] 압구정로데오거리 (primary=KEY_3)
2026-07-19 00:08:51,238 [INFO] [60/121] 여의도 (primary=KEY_4)
2026-07-19 00:08:53,470 [INFO] [61/121] 연남동 (primary=KEY_1)
2026-07-19 00:08:55,777 [INFO] [62/121] 영등포 타임스퀘어 (primary=KEY_2)
2026-07-19 00:08:57,908 [INFO] [63/121] 용리단길 (primary=KEY_3)
2026-07-19 00:08:59,872 [INFO] [64/121] 이태원 앤틱가구거리 (primary=KEY_4)
2026-07-19 00:09:01,872 [INFO] [65/121] 익선동 (primary=KEY_1)
2026-07-19 00:09:04,010 [INFO] [66/121] 인사동 (primary=KEY_2)
2026-07-19 00:09:05,573 [INFO] [67/121] 잠실롯데타워·석촌호수 (primary=KEY_3)
2026-07-19 00:09:08,138 [INFO] [68/121] 창동 신경제 중심지 (primary=KEY_4)
2026-07-19 00:09:10,665 [INFO] [69/121] 청담동 명품거리 (primary=KEY_1)
2026-07-19 00:09:12,791 [INFO] [70/121] 청량리 제기동 일대 전통시장 (primary=KEY_2)
2026-07-19 00:09:15,302 [INFO] [71/121] 해방촌·경리단길 (primary=KEY_3)
2026-07-19 00:09:17,229 [INFO] [72/121] DDP(동대문디자인플라자) (primary=KEY_4)
2026-07-19 00:09:18,673 [INFO] [73/121] DMC(디지털미디어시티) (primary=KEY_1)
2026-07-19 00:09:21,221 [INFO] [74/121] 가산디지털단지역 (primary=KEY_2)
2026-07-19 00:09:23,950 [INFO] [75/121] 강남역 (primary=KEY_3)
2026-07-19 00:09:26,119 [INFO] [76/121] 건대입구역 (primary=KEY_4)
2026-07-19 00:09:28,264 [INFO] [77/121] 고덕역 (primary=KEY_1)
2026-07-19 00:09:29,622 [INFO] [78/121] 고속터미널역 (primary=KEY_2)
2026-07-19 00:09:31,007 [INFO] [79/121] 교대역 (primary=KEY_3)
2026-07-19 00:09:33,348 [INFO] [80/121] 구로디지털단지역 (primary=KEY_4)
2026-07-19 00:09:35,102 [INFO] [81/121] 구로역 (primary=KEY_1)
2026-07-19 00:09:36,438 [INFO] [82/121] 군자역 (primary=KEY_2)
2026-07-19 00:09:37,790 [INFO] [83/121] 대림역 (primary=KEY_3)
2026-07-19 00:09:40,286 [INFO] [84/121] 동대문역 (primary=KEY_4)
2026-07-19 00:09:41,661 [INFO] [85/121] 뚝섬역 (primary=KEY_1)
2026-07-19 00:09:43,016 [INFO] [86/121] 미아사거리역 (primary=KEY_2)
2026-07-19 00:09:44,372 [INFO] [87/121] 발산역 (primary=KEY_3)
2026-07-19 00:09:46,125 [INFO] [88/121] 사당역 (primary=KEY_4)
2026-07-19 00:09:48,253 [INFO] [89/121] 삼각지역 (primary=KEY_1)
2026-07-19 00:09:49,426 [INFO] [90/121] 서울대입구역 (primary=KEY_2)
2026-07-19 00:09:51,597 [INFO] [91/121] 서울식물원·마곡나루역 (primary=KEY_3)
2026-07-19 00:09:53,953 [INFO] [92/121] 서울역 (primary=KEY_4)
2026-07-19 00:09:55,552 [INFO] [93/121] 선릉역 (primary=KEY_1)
2026-07-19 00:09:57,327 [INFO] [94/121] 성신여대입구역 (primary=KEY_2)
2026-07-19 00:09:58,497 [INFO] [95/121] 수유역 (primary=KEY_3)
2026-07-19 00:09:59,854 [INFO] [96/121] 숭례문 (primary=KEY_4)
2026-07-19 00:10:02,432 [INFO] [97/121] 시의회 앞 (primary=KEY_1)
2026-07-19 00:10:03,802 [INFO] [98/121] 신논현역·논현역 (primary=KEY_2)
2026-07-19 00:10:05,163 [INFO] [99/121] 신도림역 (primary=KEY_3)
2026-07-19 00:10:06,315 [INFO] [100/121] 신림역 (primary=KEY_4)
2026-07-19 00:10:07,651 [INFO] [101/121] 신정네거리역 (primary=KEY_1)
2026-07-19 00:10:08,997 [INFO] [102/121] 신촌·이대역 (primary=KEY_2)
2026-07-19 00:10:11,310 [INFO] [103/121] 쌍문역 (primary=KEY_3)
2026-07-19 00:10:13,417 [INFO] [104/121] 양재역 (primary=KEY_4)
2026-07-19 00:10:14,771 [INFO] [105/121] 역삼역 (primary=KEY_1)
2026-07-19 00:10:16,300 [INFO] [106/121] 연신내역 (primary=KEY_2)
2026-07-19 00:10:17,463 [INFO] [107/121] 오목교역·목동운동장 (primary=KEY_3)
2026-07-19 00:10:19,414 [INFO] [108/121] 왕십리역 (primary=KEY_4)
2026-07-19 00:10:20,953 [INFO] [109/121] 용산역 (primary=KEY_1)
2026-07-19 00:10:23,267 [INFO] [110/121] 이태원역 (primary=KEY_2)
2026-07-19 00:10:24,425 [INFO] [111/121] 잠실새내역 (primary=KEY_3)
2026-07-19 00:10:25,867 [INFO] [112/121] 잠실역 (primary=KEY_4)
2026-07-19 00:10:27,443 [INFO] [113/121] 장지역 (primary=KEY_1)
2026-07-19 00:10:28,991 [INFO] [114/121] 장한평역 (primary=KEY_2)
2026-07-19 00:10:30,356 [INFO] [115/121] 천호역 (primary=KEY_3)
2026-07-19 00:10:31,717 [INFO] [116/121] 총신대입구(이수)역 (primary=KEY_4)
2026-07-19 00:10:33,073 [INFO] [117/121] 충정로역 (primary=KEY_1)
2026-07-19 00:10:34,434 [INFO] [118/121] 합정역 (primary=KEY_2)
2026-07-19 00:10:35,803 [INFO] [119/121] 혜화역 (primary=KEY_3)
2026-07-19 00:10:38,118 [INFO] [120/121] 홍대입구역(2호선) (primary=KEY_4)
2026-07-19 00:10:39,493 [INFO] [121/121] 회기역 (primary=KEY_1)
2026-07-19 00:10:41,244 [INFO] === 수집 완료 | 성공 121, 실패 0 ===
2026-07-19 00:10:41,244 [INFO] 카테고리별 저장 결과:
2026-07-19 00:10:41,244 [INFO]    accident                  | 신규     2행 | 누적      2행 | 16컬럼
2026-07-19 00:10:41,244 [INFO]    accident_acdnt_cntrl_stts | 신규     2행 | 누적      2행 | 16컬럼
2026-07-19 00:10:41,244 [INFO]    area_meta                 | 신규   121행 | 누적    121행 | 5컬럼
2026-07-19 00:10:41,244 [INFO]    bike                      | 신규    11행 | 누적     11행 | 12컬럼
2026-07-19 00:10:41,244 [INFO]    bike_sbike_stts           | 신규   570행 | 누적    570행 | 12컬럼
2026-07-19 00:10:41,244 [INFO]    bus                       | 신규     3행 | 누적      3행 | 11컬럼
2026-07-19 00:10:41,244 [INFO]    bus_bus_stn_stts          | 신규  1745행 | 누적   1745행 | 11컬럼
2026-07-19 00:10:41,244 [INFO]    charger                   | 신규     4행 | 누적      4행 | 15컬럼
2026-07-19 00:10:41,244 [INFO]    charger_charger_stts      | 신규  1918행 | 누적   1918행 | 15컬럼
2026-07-19 00:10:41,244 [INFO]    cmrcl                     | 신규    82행 | 누적     82행 | 20컬럼
2026-07-19 00:10:41,244 [INFO]    disaster                  | 신규    17행 | 누적     17행 | 9컬럼
2026-07-19 00:10:41,244 [INFO]    disaster_live_dst_message | 신규    23행 | 누적     23행 | 9컬럼
2026-07-19 00:10:41,244 [INFO]    events                    | 신규     8행 | 누적      8행 | 14컬럼
2026-07-19 00:10:41,244 [INFO]    events_event_stts         | 신규   136행 | 누적    136행 | 14컬럼
2026-07-19 00:10:41,244 [INFO]    parking                   | 신규     6행 | 누적      6행 | 21컬럼
2026-07-19 00:10:41,245 [INFO]    parking_prk_stts          | 신규  1834행 | 누적   1834행 | 21컬럼
2026-07-19 00:10:41,245 [INFO]    ppltn                     | 신규   121행 | 누적    121행 | 26컬럼
2026-07-19 00:10:41,245 [INFO]    road                      | 신규   121행 | 누적    121행 | 21컬럼
2026-07-19 00:10:41,245 [INFO]    road_road_traffic_stts    | 신규  5270행 | 누적   5270행 | 17컬럼
2026-07-19 00:10:41,245 [INFO]    subway                    | 신규    38행 | 누적     38행 | 12컬럼
2026-07-19 00:10:41,245 [INFO]    subway_sub_stts           | 신규   183행 | 누적    183행 | 13컬럼
2026-07-19 00:10:41,245 [INFO]    weather                   | 신규   119행 | 누적    119행 | 29컬럼
2026-07-19 00:10:41,245 [INFO] 키별 사용량:
2026-07-19 00:10:41,245 [INFO]    🟢 KEY_1 (31/1000) 
2026-07-19 00:10:41,245 [INFO]    🟢 KEY_2 (30/1000) 
2026-07-19 00:10:41,245 [INFO]    🟢 KEY_3 (30/1000) 
2026-07-19 00:10:41,245 [INFO]    🟢 KEY_4 (30/1000) 
