2026-09-01 04:59:46,726 [INFO] 등록된 키: 4개, 합산 한도 4,000건/일
2026-09-01 04:59:46,727 [INFO] POI 로드: 매뉴얼 v8.5 기준 fallback 121개 (121개 전체)
2026-09-01 04:59:46,727 [INFO] === 수집 시작 2026-09-01T04:59:46.727347+09:00 ===
2026-09-01 04:59:46,727 [INFO] 대상 장소: 121개 | API: citydata (통합)
2026-09-01 04:59:46,727 [INFO] 키 풀: 4/4 활성 | 오늘 사용 0/4000건
2026-09-01 04:59:46,727 [INFO]   [KEY_1] 담당 31장소
2026-09-01 04:59:46,727 [INFO]   [KEY_2] 담당 30장소
2026-09-01 04:59:46,727 [INFO]   [KEY_3] 담당 30장소
2026-09-01 04:59:46,727 [INFO]   [KEY_4] 담당 30장소
2026-09-01 04:59:46,727 [INFO] [1/121] 경복궁 (primary=KEY_1)
2026-09-01 04:59:48,478 [INFO] [2/121] 광화문·덕수궁 (primary=KEY_2)
2026-09-01 04:59:51,147 [INFO] [3/121] 보신각 (primary=KEY_3)
2026-09-01 04:59:53,170 [INFO] [4/121] 서울 암사동 유적 (primary=KEY_4)
2026-09-01 04:59:54,878 [INFO] [5/121] 창덕궁·종묘 (primary=KEY_1)
2026-09-01 04:59:56,962 [INFO] [6/121] 강남 MICE 관광특구 (primary=KEY_2)
2026-09-01 04:59:59,056 [INFO] [7/121] 동대문 관광특구 (primary=KEY_3)
2026-09-01 05:00:01,506 [INFO] [8/121] 명동 관광특구 (primary=KEY_4)
2026-09-01 05:00:04,404 [INFO] [9/121] 이태원 관광특구 (primary=KEY_1)
2026-09-01 05:00:06,420 [INFO] [10/121] 잠실 관광특구 (primary=KEY_2)
2026-09-01 05:00:08,367 [INFO] [11/121] 종로·청계 관광특구 (primary=KEY_3)
2026-09-01 05:00:11,770 [INFO] [12/121] 홍대 관광특구 (primary=KEY_4)
2026-09-01 05:00:13,443 [INFO] [13/121] 강서한강공원 (primary=KEY_1)
2026-09-01 05:00:15,312 [INFO] [14/121] 고척돔 (primary=KEY_2)
2026-09-01 05:00:17,379 [INFO] [15/121] 광나루한강공원 (primary=KEY_3)
2026-09-01 05:00:19,440 [INFO] [16/121] 광화문광장 (primary=KEY_4)
2026-09-01 05:00:21,422 [INFO] [17/121] 국립중앙박물관·용산가족공원 (primary=KEY_1)
2026-09-01 05:00:23,219 [INFO] [18/121] 난지한강공원 (primary=KEY_2)
2026-09-01 05:00:24,340 [INFO] [19/121] 남산공원 (primary=KEY_3)
2026-09-01 05:00:26,651 [INFO] [20/121] 노들섬 (primary=KEY_4)
2026-09-01 05:00:28,529 [INFO] [21/121] 뚝섬한강공원 (primary=KEY_1)
2026-09-01 05:00:29,653 [INFO] [22/121] 망원한강공원 (primary=KEY_2)
2026-09-01 05:00:31,445 [INFO] [23/121] 반포한강공원 (primary=KEY_3)
2026-09-01 05:00:32,568 [INFO] [24/121] 보라매공원 (primary=KEY_4)
2026-09-01 05:00:33,716 [INFO] [25/121] 북서울꿈의숲 (primary=KEY_1)
2026-09-01 05:00:35,036 [INFO] [26/121] 서대문독립공원 (primary=KEY_2)
2026-09-01 05:00:36,180 [INFO] [27/121] 서리풀공원·몽마르뜨공원 (primary=KEY_3)
2026-09-01 05:00:37,360 [INFO] [28/121] 서울대공원 (primary=KEY_4)
2026-09-01 05:00:38,484 [INFO] [29/121] 서울숲공원 (primary=KEY_1)
2026-09-01 05:00:40,767 [INFO] [30/121] 송현녹지광장 (primary=KEY_2)
2026-09-01 05:00:42,659 [INFO] [31/121] 아차산 (primary=KEY_3)
2026-09-01 05:00:43,788 [INFO] [32/121] 안양천 (primary=KEY_4)
2026-09-01 05:00:44,965 [INFO] [33/121] 양화한강공원 (primary=KEY_1)
2026-09-01 05:00:46,096 [INFO] [34/121] 어린이대공원 (primary=KEY_2)
2026-09-01 05:00:47,402 [INFO] [35/121] 여의도한강공원 (primary=KEY_3)
2026-09-01 05:00:49,887 [INFO] [36/121] 여의서로 (primary=KEY_4)
2026-09-01 05:00:51,203 [INFO] [37/121] 올림픽공원 (primary=KEY_1)
2026-09-01 05:00:52,545 [INFO] [38/121] 월드컵공원 (primary=KEY_2)
2026-09-01 05:00:54,087 [INFO] [39/121] 응봉산 (primary=KEY_3)
2026-09-01 05:00:55,400 [INFO] [40/121] 이촌한강공원 (primary=KEY_4)
2026-09-01 05:00:57,699 [INFO] [41/121] 잠실종합운동장 (primary=KEY_1)
2026-09-01 05:00:58,833 [INFO] [42/121] 잠실한강공원 (primary=KEY_2)
2026-09-01 05:00:59,963 [INFO] [43/121] 잠원한강공원 (primary=KEY_3)
2026-09-01 05:01:02,197 [INFO] [44/121] 청계산 (primary=KEY_4)
2026-09-01 05:01:03,318 [INFO] [45/121] 홍제폭포 (primary=KEY_1)
2026-09-01 05:01:04,452 [INFO] [46/121] 가락시장 (primary=KEY_2)
2026-09-01 05:01:05,793 [INFO] [47/121] 가로수길 (primary=KEY_3)
2026-09-01 05:01:07,132 [INFO] [48/121] 광장(전통)시장 (primary=KEY_4)
2026-09-01 05:01:08,279 [INFO] [49/121] 김포공항 (primary=KEY_1)
2026-09-01 05:01:10,669 [INFO] [50/121] 남대문시장 (primary=KEY_2)
2026-09-01 05:01:12,015 [INFO] [51/121] 노량진 (primary=KEY_3)
2026-09-01 05:01:14,090 [INFO] [52/121] 덕수궁길·정동길 (primary=KEY_4)
2026-09-01 05:01:15,433 [INFO] [53/121] 북창동 먹자골목 (primary=KEY_1)
2026-09-01 05:01:16,751 [INFO] [54/121] 북촌한옥마을 (primary=KEY_2)
2026-09-01 05:01:18,264 [INFO] [55/121] 서촌 (primary=KEY_3)
2026-09-01 05:01:19,598 [INFO] [56/121] 성수카페거리 (primary=KEY_4)
2026-09-01 05:01:21,128 [INFO] [57/121] 송리단길·호수단길 (primary=KEY_1)
2026-09-01 05:01:22,482 [INFO] [58/121] 신촌 스타광장 (primary=KEY_2)
2026-09-01 05:01:23,627 [INFO] [59/121] 압구정로데오거리 (primary=KEY_3)
2026-09-01 05:01:24,967 [INFO] [60/121] 여의도 (primary=KEY_4)
2026-09-01 05:01:27,132 [INFO] [61/121] 연남동 (primary=KEY_1)
2026-09-01 05:01:28,461 [INFO] [62/121] 영등포 타임스퀘어 (primary=KEY_2)
2026-09-01 05:01:29,776 [INFO] [63/121] 용리단길 (primary=KEY_3)
2026-09-01 05:01:30,927 [INFO] [64/121] 이태원 앤틱가구거리 (primary=KEY_4)
2026-09-01 05:01:32,074 [INFO] [65/121] 익선동 (primary=KEY_1)
2026-09-01 05:01:34,102 [INFO] [66/121] 인사동 (primary=KEY_2)
2026-09-01 05:01:35,625 [INFO] [67/121] 잠실롯데타워·석촌호수 (primary=KEY_3)
2026-09-01 05:01:37,352 [INFO] [68/121] 창동 신경제 중심지 (primary=KEY_4)
2026-09-01 05:01:39,075 [INFO] [69/121] 청담동 명품거리 (primary=KEY_1)
2026-09-01 05:01:40,407 [INFO] [70/121] 청량리 제기동 일대 전통시장 (primary=KEY_2)
2026-09-01 05:01:41,765 [INFO] [71/121] 해방촌·경리단길 (primary=KEY_3)
2026-09-01 05:01:42,945 [INFO] [72/121] DDP(동대문디자인플라자) (primary=KEY_4)
2026-09-01 05:01:44,274 [INFO] [73/121] DMC(디지털미디어시티) (primary=KEY_1)
2026-09-01 05:01:46,030 [INFO] [74/121] 가산디지털단지역 (primary=KEY_2)
2026-09-01 05:01:49,052 [INFO] [75/121] 강남역 (primary=KEY_3)
2026-09-01 05:01:50,647 [INFO] [76/121] 건대입구역 (primary=KEY_4)
2026-09-01 05:01:51,992 [INFO] [77/121] 고덕역 (primary=KEY_1)
2026-09-01 05:01:53,342 [INFO] [78/121] 고속터미널역 (primary=KEY_2)
2026-09-01 05:01:54,696 [INFO] [79/121] 교대역 (primary=KEY_3)
2026-09-01 05:01:56,038 [INFO] [80/121] 구로디지털단지역 (primary=KEY_4)
2026-09-01 05:01:57,733 [INFO] [81/121] 구로역 (primary=KEY_1)
2026-09-01 05:01:59,054 [INFO] [82/121] 군자역 (primary=KEY_2)
2026-09-01 05:02:00,402 [INFO] [83/121] 대림역 (primary=KEY_3)
2026-09-01 05:02:01,747 [INFO] [84/121] 동대문역 (primary=KEY_4)
2026-09-01 05:02:03,068 [INFO] [85/121] 뚝섬역 (primary=KEY_1)
2026-09-01 05:02:04,406 [INFO] [86/121] 미아사거리역 (primary=KEY_2)
2026-09-01 05:02:05,744 [INFO] [87/121] 발산역 (primary=KEY_3)
2026-09-01 05:02:07,462 [INFO] [88/121] 사당역 (primary=KEY_4)
2026-09-01 05:02:08,801 [INFO] [89/121] 삼각지역 (primary=KEY_1)
2026-09-01 05:02:09,944 [INFO] [90/121] 서울대입구역 (primary=KEY_2)
2026-09-01 05:02:11,265 [INFO] [91/121] 서울식물원·마곡나루역 (primary=KEY_3)
2026-09-01 05:02:12,794 [INFO] [92/121] 서울역 (primary=KEY_4)
2026-09-01 05:02:14,331 [INFO] [93/121] 선릉역 (primary=KEY_1)
2026-09-01 05:02:16,070 [INFO] [94/121] 성신여대입구역 (primary=KEY_2)
2026-09-01 05:02:17,229 [INFO] [95/121] 수유역 (primary=KEY_3)
2026-09-01 05:02:18,580 [INFO] [96/121] 숭례문 (primary=KEY_4)
2026-09-01 05:02:20,126 [INFO] [97/121] 시의회 앞 (primary=KEY_1)
2026-09-01 05:02:22,384 [INFO] [98/121] 신논현역·논현역 (primary=KEY_2)
2026-09-01 05:02:23,743 [INFO] [99/121] 신도림역 (primary=KEY_3)
2026-09-01 05:02:24,888 [INFO] [100/121] 신림역 (primary=KEY_4)
2026-09-01 05:02:26,044 [INFO] [101/121] 신정네거리역 (primary=KEY_1)
2026-09-01 05:02:27,372 [INFO] [102/121] 신촌·이대역 (primary=KEY_2)
2026-09-01 05:02:28,697 [INFO] [103/121] 쌍문역 (primary=KEY_3)
2026-09-01 05:02:30,787 [INFO] [104/121] 양재역 (primary=KEY_4)
2026-09-01 05:02:32,142 [INFO] [105/121] 역삼역 (primary=KEY_1)
2026-09-01 05:02:33,667 [INFO] [106/121] 연신내역 (primary=KEY_2)
2026-09-01 05:02:34,822 [INFO] [107/121] 오목교역·목동운동장 (primary=KEY_3)
2026-09-01 05:02:36,741 [INFO] [108/121] 왕십리역 (primary=KEY_4)
2026-09-01 05:02:39,222 [INFO] [109/121] 용산역 (primary=KEY_1)
2026-09-01 05:02:41,328 [INFO] [110/121] 이태원역 (primary=KEY_2)
2026-09-01 05:02:43,257 [INFO] [111/121] 잠실새내역 (primary=KEY_3)
2026-09-01 05:02:45,531 [INFO] [112/121] 잠실역 (primary=KEY_4)
2026-09-01 05:02:47,892 [INFO] [113/121] 장지역 (primary=KEY_1)
2026-09-01 05:02:49,419 [INFO] [114/121] 장한평역 (primary=KEY_2)
2026-09-01 05:02:51,539 [INFO] [115/121] 천호역 (primary=KEY_3)
2026-09-01 05:02:53,830 [INFO] [116/121] 총신대입구(이수)역 (primary=KEY_4)
2026-09-01 05:02:55,770 [INFO] [117/121] 충정로역 (primary=KEY_1)
2026-09-01 05:02:57,903 [INFO] [118/121] 합정역 (primary=KEY_2)
2026-09-01 05:02:59,997 [INFO] [119/121] 혜화역 (primary=KEY_3)
2026-09-01 05:03:02,085 [INFO] [120/121] 홍대입구역(2호선) (primary=KEY_4)
2026-09-01 05:03:04,003 [INFO] [121/121] 회기역 (primary=KEY_1)
2026-09-01 05:03:05,660 [INFO] === 수집 완료 | 성공 121, 실패 0 ===
2026-09-01 05:03:05,660 [INFO] 카테고리별 저장 결과:
2026-09-01 05:03:05,660 [INFO]    accident                  | 신규     2행 | 누적      2행 | 16컬럼
2026-09-01 05:03:05,660 [INFO]    area_meta                 | 신규   121행 | 누적    121행 | 5컬럼
2026-09-01 05:03:05,660 [INFO]    bike                      | 신규    10행 | 누적     10행 | 12컬럼
2026-09-01 05:03:05,660 [INFO]    bike_sbike_stts           | 신규   565행 | 누적    565행 | 12컬럼
2026-09-01 05:03:05,660 [INFO]    bus                       | 신규     3행 | 누적      3행 | 11컬럼
2026-09-01 05:03:05,661 [INFO]    bus_bus_stn_stts          | 신규  1731행 | 누적   1731행 | 11컬럼
2026-09-01 05:03:05,661 [INFO]    charger                   | 신규     4행 | 누적      4행 | 15컬럼
2026-09-01 05:03:05,661 [INFO]    charger_charger_stts      | 신규  1917행 | 누적   1917행 | 15컬럼
2026-09-01 05:03:05,661 [INFO]    cmrcl                     | 신규    81행 | 누적     81행 | 20컬럼
2026-09-01 05:03:05,661 [INFO]    events                    | 신규    13행 | 누적     13행 | 14컬럼
2026-09-01 05:03:05,661 [INFO]    events_event_stts         | 신규   104행 | 누적    104행 | 14컬럼
2026-09-01 05:03:05,661 [INFO]    parking                   | 신규     6행 | 누적      6행 | 21컬럼
2026-09-01 05:03:05,661 [INFO]    parking_prk_stts          | 신규  1819행 | 누적   1819행 | 21컬럼
2026-09-01 05:03:05,661 [INFO]    ppltn                     | 신규   120행 | 누적    120행 | 26컬럼
2026-09-01 05:03:05,661 [INFO]    road                      | 신규   120행 | 누적    120행 | 21컬럼
2026-09-01 05:03:05,661 [INFO]    road_road_traffic_stts    | 신규  5266행 | 누적   5266행 | 17컬럼
2026-09-01 05:03:05,661 [INFO]    subway                    | 신규    38행 | 누적     38행 | 13컬럼
2026-09-01 05:03:05,661 [INFO]    subway_sub_stts           | 신규   180행 | 누적    180행 | 13컬럼
2026-09-01 05:03:05,661 [INFO]    weather                   | 신규   118행 | 누적    118행 | 29컬럼
2026-09-01 05:03:05,661 [INFO] 키별 사용량:
2026-09-01 05:03:05,661 [INFO]    🟢 KEY_1 (31/1000) 
2026-09-01 05:03:05,661 [INFO]    🟢 KEY_2 (30/1000) 
2026-09-01 05:03:05,661 [INFO]    🟢 KEY_3 (30/1000) 
2026-09-01 05:03:05,661 [INFO]    🟢 KEY_4 (30/1000) 
2026-09-01 08:47:14,637 [INFO] 등록된 키: 4개, 합산 한도 4,000건/일
2026-09-01 08:47:14,637 [INFO] POI 로드: 매뉴얼 v8.5 기준 fallback 121개 (121개 전체)
2026-09-01 08:47:14,637 [INFO] === 수집 시작 2026-09-01T08:47:14.637833+09:00 ===
2026-09-01 08:47:14,637 [INFO] 대상 장소: 121개 | API: citydata (통합)
2026-09-01 08:47:14,638 [INFO] 키 풀: 4/4 활성 | 오늘 사용 0/4000건
2026-09-01 08:47:14,638 [INFO]   [KEY_1] 담당 31장소
2026-09-01 08:47:14,638 [INFO]   [KEY_2] 담당 30장소
2026-09-01 08:47:14,638 [INFO]   [KEY_3] 담당 30장소
2026-09-01 08:47:14,638 [INFO]   [KEY_4] 담당 30장소
2026-09-01 08:47:14,638 [INFO] [1/121] 경복궁 (primary=KEY_1)
2026-09-01 08:47:16,521 [INFO] [2/121] 광화문·덕수궁 (primary=KEY_2)
2026-09-01 08:47:18,972 [INFO] [3/121] 보신각 (primary=KEY_3)
2026-09-01 08:47:20,998 [INFO] [4/121] 서울 암사동 유적 (primary=KEY_4)
2026-09-01 08:47:22,742 [INFO] [5/121] 창덕궁·종묘 (primary=KEY_1)
2026-09-01 08:47:24,762 [INFO] [6/121] 강남 MICE 관광특구 (primary=KEY_2)
2026-09-01 08:47:26,087 [INFO] [7/121] 동대문 관광특구 (primary=KEY_3)
2026-09-01 08:47:28,741 [INFO] [8/121] 명동 관광특구 (primary=KEY_4)
2026-09-01 08:47:31,232 [INFO] [9/121] 이태원 관광특구 (primary=KEY_1)
2026-09-01 08:47:33,110 [INFO] [10/121] 잠실 관광특구 (primary=KEY_2)
2026-09-01 08:47:35,603 [INFO] [11/121] 종로·청계 관광특구 (primary=KEY_3)
2026-09-01 08:47:37,153 [INFO] [12/121] 홍대 관광특구 (primary=KEY_4)
2026-09-01 08:47:40,019 [INFO] [13/121] 강서한강공원 (primary=KEY_1)
2026-09-01 08:47:41,121 [INFO] [14/121] 고척돔 (primary=KEY_2)
2026-09-01 08:47:42,949 [INFO] [15/121] 광나루한강공원 (primary=KEY_3)
2026-09-01 08:47:44,224 [INFO] [16/121] 광화문광장 (primary=KEY_4)
2026-09-01 08:47:45,524 [INFO] [17/121] 국립중앙박물관·용산가족공원 (primary=KEY_1)
2026-09-01 08:47:47,224 [INFO] [18/121] 난지한강공원 (primary=KEY_2)
2026-09-01 08:47:49,410 [INFO] [19/121] 남산공원 (primary=KEY_3)
2026-09-01 08:47:51,595 [INFO] [20/121] 노들섬 (primary=KEY_4)
2026-09-01 08:47:52,699 [INFO] [21/121] 뚝섬한강공원 (primary=KEY_1)
2026-09-01 08:47:53,811 [INFO] [22/121] 망원한강공원 (primary=KEY_2)
2026-09-01 08:47:55,115 [INFO] [23/121] 반포한강공원 (primary=KEY_3)
2026-09-01 08:47:56,222 [INFO] [24/121] 보라매공원 (primary=KEY_4)
2026-09-01 08:47:57,350 [INFO] [25/121] 북서울꿈의숲 (primary=KEY_1)
2026-09-01 08:47:59,390 [INFO] [26/121] 서대문독립공원 (primary=KEY_2)
2026-09-01 08:48:01,224 [INFO] [27/121] 서리풀공원·몽마르뜨공원 (primary=KEY_3)
2026-09-01 08:48:03,278 [INFO] [28/121] 서울대공원 (primary=KEY_4)
2026-09-01 08:48:05,023 [INFO] [29/121] 서울숲공원 (primary=KEY_1)
2026-09-01 08:48:07,245 [INFO] [30/121] 송현녹지광장 (primary=KEY_2)
2026-09-01 08:48:09,462 [INFO] [31/121] 아차산 (primary=KEY_3)
2026-09-01 08:48:11,317 [INFO] [32/121] 안양천 (primary=KEY_4)
2026-09-01 08:48:13,050 [INFO] [33/121] 양화한강공원 (primary=KEY_1)
2026-09-01 08:48:14,911 [INFO] [34/121] 어린이대공원 (primary=KEY_2)
2026-09-01 08:48:17,298 [INFO] [35/121] 여의도한강공원 (primary=KEY_3)
2026-09-01 08:48:18,585 [INFO] [36/121] 여의서로 (primary=KEY_4)
2026-09-01 08:48:20,607 [INFO] [37/121] 올림픽공원 (primary=KEY_1)
2026-09-01 08:48:22,675 [INFO] [38/121] 월드컵공원 (primary=KEY_2)
2026-09-01 08:48:24,180 [INFO] [39/121] 응봉산 (primary=KEY_3)
2026-09-01 08:48:26,186 [INFO] [40/121] 이촌한강공원 (primary=KEY_4)
2026-09-01 08:48:27,844 [INFO] [41/121] 잠실종합운동장 (primary=KEY_1)
2026-09-01 08:48:29,522 [INFO] [42/121] 잠실한강공원 (primary=KEY_2)
2026-09-01 08:48:30,636 [INFO] [43/121] 잠원한강공원 (primary=KEY_3)
2026-09-01 08:48:32,457 [INFO] [44/121] 청계산 (primary=KEY_4)
2026-09-01 08:48:34,215 [INFO] [45/121] 홍제폭포 (primary=KEY_1)
2026-09-01 08:48:35,322 [INFO] [46/121] 가락시장 (primary=KEY_2)
2026-09-01 08:48:36,701 [INFO] [47/121] 가로수길 (primary=KEY_3)
2026-09-01 08:48:38,947 [INFO] [48/121] 광장(전통)시장 (primary=KEY_4)
2026-09-01 08:48:40,810 [INFO] [49/121] 김포공항 (primary=KEY_1)
2026-09-01 08:48:42,312 [INFO] [50/121] 남대문시장 (primary=KEY_2)
2026-09-01 08:48:43,598 [INFO] [51/121] 노량진 (primary=KEY_3)
2026-09-01 08:48:44,956 [INFO] [52/121] 덕수궁길·정동길 (primary=KEY_4)
2026-09-01 08:48:46,306 [INFO] [53/121] 북창동 먹자골목 (primary=KEY_1)
2026-09-01 08:48:47,601 [INFO] [54/121] 북촌한옥마을 (primary=KEY_2)
2026-09-01 08:48:49,635 [INFO] [55/121] 서촌 (primary=KEY_3)
2026-09-01 08:48:50,933 [INFO] [56/121] 성수카페거리 (primary=KEY_4)
2026-09-01 08:48:53,389 [INFO] [57/121] 송리단길·호수단길 (primary=KEY_1)
2026-09-01 08:48:54,700 [INFO] [58/121] 신촌 스타광장 (primary=KEY_2)
2026-09-01 08:48:55,859 [INFO] [59/121] 압구정로데오거리 (primary=KEY_3)
2026-09-01 08:48:57,193 [INFO] [60/121] 여의도 (primary=KEY_4)
2026-09-01 08:48:59,797 [INFO] [61/121] 연남동 (primary=KEY_1)
2026-09-01 08:49:02,060 [INFO] [62/121] 영등포 타임스퀘어 (primary=KEY_2)
2026-09-01 08:49:03,375 [INFO] [63/121] 용리단길 (primary=KEY_3)
2026-09-01 08:49:04,511 [INFO] [64/121] 이태원 앤틱가구거리 (primary=KEY_4)
2026-09-01 08:49:05,803 [INFO] [65/121] 익선동 (primary=KEY_1)
2026-09-01 08:49:07,163 [INFO] [66/121] 인사동 (primary=KEY_2)
2026-09-01 08:49:08,683 [INFO] [67/121] 잠실롯데타워·석촌호수 (primary=KEY_3)
2026-09-01 08:49:10,400 [INFO] [68/121] 창동 신경제 중심지 (primary=KEY_4)
2026-09-01 08:49:12,108 [INFO] [69/121] 청담동 명품거리 (primary=KEY_1)
2026-09-01 08:49:13,443 [INFO] [70/121] 청량리 제기동 일대 전통시장 (primary=KEY_2)
2026-09-01 08:49:14,800 [INFO] [71/121] 해방촌·경리단길 (primary=KEY_3)
2026-09-01 08:49:15,916 [INFO] [72/121] DDP(동대문디자인플라자) (primary=KEY_4)
2026-09-01 08:49:17,235 [INFO] [73/121] DMC(디지털미디어시티) (primary=KEY_1)
2026-09-01 08:49:18,933 [INFO] [74/121] 가산디지털단지역 (primary=KEY_2)
2026-09-01 08:49:20,795 [INFO] [75/121] 강남역 (primary=KEY_3)
2026-09-01 08:49:22,315 [INFO] [76/121] 건대입구역 (primary=KEY_4)
2026-09-01 08:49:23,651 [INFO] [77/121] 고덕역 (primary=KEY_1)
2026-09-01 08:49:24,963 [INFO] [78/121] 고속터미널역 (primary=KEY_2)
2026-09-01 08:49:26,873 [INFO] [79/121] 교대역 (primary=KEY_3)
2026-09-01 08:49:28,910 [INFO] [80/121] 구로디지털단지역 (primary=KEY_4)
2026-09-01 08:49:30,588 [INFO] [81/121] 구로역 (primary=KEY_1)
2026-09-01 08:49:31,891 [INFO] [82/121] 군자역 (primary=KEY_2)
2026-09-01 08:49:33,277 [INFO] [83/121] 대림역 (primary=KEY_3)
2026-09-01 08:49:34,621 [INFO] [84/121] 동대문역 (primary=KEY_4)
2026-09-01 08:49:35,952 [INFO] [85/121] 뚝섬역 (primary=KEY_1)
2026-09-01 08:49:37,268 [INFO] [86/121] 미아사거리역 (primary=KEY_2)
2026-09-01 08:49:38,577 [INFO] [87/121] 발산역 (primary=KEY_3)
2026-09-01 08:49:40,310 [INFO] [88/121] 사당역 (primary=KEY_4)
2026-09-01 08:49:41,603 [INFO] [89/121] 삼각지역 (primary=KEY_1)
2026-09-01 08:49:42,916 [INFO] [90/121] 서울대입구역 (primary=KEY_2)
2026-09-01 08:49:44,221 [INFO] [91/121] 서울식물원·마곡나루역 (primary=KEY_3)
2026-09-01 08:49:45,737 [INFO] [92/121] 서울역 (primary=KEY_4)
2026-09-01 08:49:47,274 [INFO] [93/121] 선릉역 (primary=KEY_1)
2026-09-01 08:49:49,066 [INFO] [94/121] 성신여대입구역 (primary=KEY_2)
2026-09-01 08:49:50,205 [INFO] [95/121] 수유역 (primary=KEY_3)
2026-09-01 08:49:51,517 [INFO] [96/121] 숭례문 (primary=KEY_4)
2026-09-01 08:49:53,489 [INFO] [97/121] 시의회 앞 (primary=KEY_1)
2026-09-01 08:49:54,826 [INFO] [98/121] 신논현역·논현역 (primary=KEY_2)
2026-09-01 08:49:56,248 [INFO] [99/121] 신도림역 (primary=KEY_3)
2026-09-01 08:49:57,373 [INFO] [100/121] 신림역 (primary=KEY_4)
2026-09-01 08:49:58,680 [INFO] [101/121] 신정네거리역 (primary=KEY_1)
2026-09-01 08:49:59,987 [INFO] [102/121] 신촌·이대역 (primary=KEY_2)
2026-09-01 08:50:01,319 [INFO] [103/121] 쌍문역 (primary=KEY_3)
2026-09-01 08:50:02,624 [INFO] [104/121] 양재역 (primary=KEY_4)
2026-09-01 08:50:03,937 [INFO] [105/121] 역삼역 (primary=KEY_1)
2026-09-01 08:50:05,526 [INFO] [106/121] 연신내역 (primary=KEY_2)
2026-09-01 08:50:06,698 [INFO] [107/121] 오목교역·목동운동장 (primary=KEY_3)
2026-09-01 08:50:08,598 [INFO] [108/121] 왕십리역 (primary=KEY_4)
2026-09-01 08:50:10,171 [INFO] [109/121] 용산역 (primary=KEY_1)
2026-09-01 08:50:11,659 [INFO] [110/121] 이태원역 (primary=KEY_2)
2026-09-01 08:50:12,792 [INFO] [111/121] 잠실새내역 (primary=KEY_3)
2026-09-01 08:50:14,153 [INFO] [112/121] 잠실역 (primary=KEY_4)
2026-09-01 08:50:15,682 [INFO] [113/121] 장지역 (primary=KEY_1)
2026-09-01 08:50:17,173 [INFO] [114/121] 장한평역 (primary=KEY_2)
2026-09-01 08:50:18,469 [INFO] [115/121] 천호역 (primary=KEY_3)
2026-09-01 08:50:19,795 [INFO] [116/121] 총신대입구(이수)역 (primary=KEY_4)
2026-09-01 08:50:21,131 [INFO] [117/121] 충정로역 (primary=KEY_1)
2026-09-01 08:50:22,460 [INFO] [118/121] 합정역 (primary=KEY_2)
2026-09-01 08:50:23,766 [INFO] [119/121] 혜화역 (primary=KEY_3)
2026-09-01 08:50:25,090 [INFO] [120/121] 홍대입구역(2호선) (primary=KEY_4)
2026-09-01 08:50:26,413 [INFO] [121/121] 회기역 (primary=KEY_1)
2026-09-01 08:50:28,394 [INFO] === 수집 완료 | 성공 121, 실패 0 ===
2026-09-01 08:50:28,394 [INFO] 카테고리별 저장 결과:
2026-09-01 08:50:28,394 [INFO]    accident                  | 신규     2행 | 누적      4행 | 16컬럼
2026-09-01 08:50:28,394 [INFO]    area_meta                 | 신규   121행 | 누적    242행 | 5컬럼
2026-09-01 08:50:28,394 [INFO]    bike                      | 신규    11행 | 누적     21행 | 12컬럼
2026-09-01 08:50:28,394 [INFO]    bike_sbike_stts           | 신규   551행 | 누적   1116행 | 12컬럼
2026-09-01 08:50:28,394 [INFO]    bus                       | 신규     3행 | 누적      6행 | 11컬럼
2026-09-01 08:50:28,394 [INFO]    bus_bus_stn_stts          | 신규  1745행 | 누적   3476행 | 11컬럼
2026-09-01 08:50:28,394 [INFO]    charger                   | 신규     4행 | 누적      8행 | 15컬럼
2026-09-01 08:50:28,394 [INFO]    charger_charger_stts      | 신규  1929행 | 누적   3821행 | 15컬럼
2026-09-01 08:50:28,395 [INFO]    cmrcl                     | 신규    82행 | 누적    163행 | 20컬럼
2026-09-01 08:50:28,395 [INFO]    events                    | 신규    13행 | 누적     26행 | 14컬럼
2026-09-01 08:50:28,395 [INFO]    events_event_stts         | 신규   110행 | 누적    214행 | 14컬럼
2026-09-01 08:50:28,395 [INFO]    parking                   | 신규     6행 | 누적     12행 | 21컬럼
2026-09-01 08:50:28,395 [INFO]    parking_prk_stts          | 신규  1827행 | 누적   3646행 | 21컬럼
2026-09-01 08:50:28,395 [INFO]    ppltn                     | 신규   120행 | 누적    240행 | 26컬럼
2026-09-01 08:50:28,395 [INFO]    road                      | 신규   121행 | 누적    241행 | 21컬럼
2026-09-01 08:50:28,395 [INFO]    road_road_traffic_stts    | 신규  5293행 | 누적  10559행 | 17컬럼
2026-09-01 08:50:28,395 [INFO]    subway                    | 신규    38행 | 누적     76행 | 13컬럼
2026-09-01 08:50:28,395 [INFO]    subway_sub_stts           | 신규   183행 | 누적    363행 | 13컬럼
2026-09-01 08:50:28,395 [INFO]    weather                   | 신규   119행 | 누적    237행 | 29컬럼
2026-09-01 08:50:28,395 [INFO] 키별 사용량:
2026-09-01 08:50:28,395 [INFO]    🟢 KEY_1 (31/1000) 
2026-09-01 08:50:28,395 [INFO]    🟢 KEY_2 (30/1000) 
2026-09-01 08:50:28,395 [INFO]    🟢 KEY_3 (30/1000) 
2026-09-01 08:50:28,395 [INFO]    🟢 KEY_4 (30/1000) 
2026-09-01 13:57:55,621 [INFO] 등록된 키: 4개, 합산 한도 4,000건/일
2026-09-01 13:57:55,621 [INFO] POI 로드: 매뉴얼 v8.5 기준 fallback 121개 (121개 전체)
2026-09-01 13:57:55,621 [INFO] === 수집 시작 2026-09-01T13:57:55.621936+09:00 ===
2026-09-01 13:57:55,622 [INFO] 대상 장소: 121개 | API: citydata (통합)
2026-09-01 13:57:55,622 [INFO] 키 풀: 4/4 활성 | 오늘 사용 0/4000건
2026-09-01 13:57:55,622 [INFO]   [KEY_1] 담당 31장소
2026-09-01 13:57:55,622 [INFO]   [KEY_2] 담당 30장소
2026-09-01 13:57:55,622 [INFO]   [KEY_3] 담당 30장소
2026-09-01 13:57:55,622 [INFO]   [KEY_4] 담당 30장소
2026-09-01 13:57:55,622 [INFO] [1/121] 경복궁 (primary=KEY_1)
2026-09-01 13:57:57,928 [INFO] [2/121] 광화문·덕수궁 (primary=KEY_2)
2026-09-01 13:58:00,437 [INFO] [3/121] 보신각 (primary=KEY_3)
2026-09-01 13:58:02,381 [INFO] [4/121] 서울 암사동 유적 (primary=KEY_4)
2026-09-01 13:58:04,279 [INFO] [5/121] 창덕궁·종묘 (primary=KEY_1)
2026-09-01 13:58:06,554 [INFO] [6/121] 강남 MICE 관광특구 (primary=KEY_2)
2026-09-01 13:58:08,579 [INFO] [7/121] 동대문 관광특구 (primary=KEY_3)
2026-09-01 13:58:11,108 [INFO] [8/121] 명동 관광특구 (primary=KEY_4)
2026-09-01 13:58:14,147 [INFO] [9/121] 이태원 관광특구 (primary=KEY_1)
2026-09-01 13:58:15,557 [INFO] [10/121] 잠실 관광특구 (primary=KEY_2)
2026-09-01 13:58:18,499 [INFO] [11/121] 종로·청계 관광특구 (primary=KEY_3)
2026-09-01 13:58:20,272 [INFO] [12/121] 홍대 관광특구 (primary=KEY_4)
2026-09-01 13:58:21,851 [INFO] [13/121] 강서한강공원 (primary=KEY_1)
2026-09-01 13:58:22,983 [INFO] [14/121] 고척돔 (primary=KEY_2)
2026-09-01 13:58:25,259 [INFO] [15/121] 광나루한강공원 (primary=KEY_3)
2026-09-01 13:58:27,706 [INFO] [16/121] 광화문광장 (primary=KEY_4)
2026-09-01 13:58:30,259 [INFO] [17/121] 국립중앙박물관·용산가족공원 (primary=KEY_1)
2026-09-01 13:58:31,418 [INFO] [18/121] 난지한강공원 (primary=KEY_2)
2026-09-01 13:58:33,516 [INFO] [19/121] 남산공원 (primary=KEY_3)
2026-09-01 13:58:35,770 [INFO] [20/121] 노들섬 (primary=KEY_4)
2026-09-01 13:58:37,663 [INFO] [21/121] 뚝섬한강공원 (primary=KEY_1)
2026-09-01 13:58:38,819 [INFO] [22/121] 망원한강공원 (primary=KEY_2)
2026-09-01 13:58:40,965 [INFO] [23/121] 반포한강공원 (primary=KEY_3)
2026-09-01 13:58:42,866 [INFO] [24/121] 보라매공원 (primary=KEY_4)
2026-09-01 13:58:44,691 [INFO] [25/121] 북서울꿈의숲 (primary=KEY_1)
2026-09-01 13:58:46,039 [INFO] [26/121] 서대문독립공원 (primary=KEY_2)
2026-09-01 13:58:47,757 [INFO] [27/121] 서리풀공원·몽마르뜨공원 (primary=KEY_3)
2026-09-01 13:58:49,122 [INFO] [28/121] 서울대공원 (primary=KEY_4)
2026-09-01 13:58:50,836 [INFO] [29/121] 서울숲공원 (primary=KEY_1)
2026-09-01 13:58:52,178 [INFO] [30/121] 송현녹지광장 (primary=KEY_2)
2026-09-01 13:58:54,642 [INFO] [31/121] 아차산 (primary=KEY_3)
2026-09-01 13:58:55,788 [INFO] [32/121] 안양천 (primary=KEY_4)
2026-09-01 13:58:57,878 [INFO] [33/121] 양화한강공원 (primary=KEY_1)
2026-09-01 13:58:59,195 [INFO] [34/121] 어린이대공원 (primary=KEY_2)
2026-09-01 13:59:01,311 [INFO] [35/121] 여의도한강공원 (primary=KEY_3)
2026-09-01 13:59:03,040 [INFO] [36/121] 여의서로 (primary=KEY_4)
2026-09-01 13:59:05,316 [INFO] [37/121] 올림픽공원 (primary=KEY_1)
2026-09-01 13:59:07,681 [INFO] [38/121] 월드컵공원 (primary=KEY_2)
2026-09-01 13:59:09,468 [INFO] [39/121] 응봉산 (primary=KEY_3)
2026-09-01 13:59:11,551 [INFO] [40/121] 이촌한강공원 (primary=KEY_4)
2026-09-01 13:59:12,678 [INFO] [41/121] 잠실종합운동장 (primary=KEY_1)
2026-09-01 13:59:14,762 [INFO] [42/121] 잠실한강공원 (primary=KEY_2)
2026-09-01 13:59:16,853 [INFO] [43/121] 잠원한강공원 (primary=KEY_3)
2026-09-01 13:59:18,671 [INFO] [44/121] 청계산 (primary=KEY_4)
2026-09-01 13:59:20,943 [INFO] [45/121] 홍제폭포 (primary=KEY_1)
2026-09-01 13:59:22,077 [INFO] [46/121] 가락시장 (primary=KEY_2)
2026-09-01 13:59:23,636 [INFO] [47/121] 가로수길 (primary=KEY_3)
2026-09-01 13:59:25,203 [INFO] [48/121] 광장(전통)시장 (primary=KEY_4)
2026-09-01 13:59:27,052 [INFO] [49/121] 김포공항 (primary=KEY_1)
2026-09-01 13:59:28,610 [INFO] [50/121] 남대문시장 (primary=KEY_2)
2026-09-01 13:59:29,946 [INFO] [51/121] 노량진 (primary=KEY_3)
2026-09-01 13:59:32,249 [INFO] [52/121] 덕수궁길·정동길 (primary=KEY_4)
2026-09-01 13:59:34,374 [INFO] [53/121] 북창동 먹자골목 (primary=KEY_1)
2026-09-01 13:59:35,708 [INFO] [54/121] 북촌한옥마을 (primary=KEY_2)
2026-09-01 13:59:37,255 [INFO] [55/121] 서촌 (primary=KEY_3)
2026-09-01 13:59:38,595 [INFO] [56/121] 성수카페거리 (primary=KEY_4)
2026-09-01 13:59:40,530 [INFO] [57/121] 송리단길·호수단길 (primary=KEY_1)
2026-09-01 13:59:42,463 [INFO] [58/121] 신촌 스타광장 (primary=KEY_2)
2026-09-01 13:59:43,614 [INFO] [59/121] 압구정로데오거리 (primary=KEY_3)
2026-09-01 13:59:44,973 [INFO] [60/121] 여의도 (primary=KEY_4)
2026-09-01 13:59:47,203 [INFO] [61/121] 연남동 (primary=KEY_1)
2026-09-01 13:59:48,541 [INFO] [62/121] 영등포 타임스퀘어 (primary=KEY_2)
2026-09-01 13:59:49,895 [INFO] [63/121] 용리단길 (primary=KEY_3)
2026-09-01 13:59:51,128 [INFO] [64/121] 이태원 앤틱가구거리 (primary=KEY_4)
2026-09-01 13:59:52,682 [INFO] [65/121] 익선동 (primary=KEY_1)
2026-09-01 13:59:54,088 [INFO] [66/121] 인사동 (primary=KEY_2)
2026-09-01 13:59:55,634 [INFO] [67/121] 잠실롯데타워·석촌호수 (primary=KEY_3)
2026-09-01 13:59:57,379 [INFO] [68/121] 창동 신경제 중심지 (primary=KEY_4)
2026-09-01 13:59:59,307 [INFO] [69/121] 청담동 명품거리 (primary=KEY_1)
2026-09-01 14:00:00,844 [INFO] [70/121] 청량리 제기동 일대 전통시장 (primary=KEY_2)
2026-09-01 14:00:03,100 [INFO] [71/121] 해방촌·경리단길 (primary=KEY_3)
2026-09-01 14:00:04,435 [INFO] [72/121] DDP(동대문디자인플라자) (primary=KEY_4)
2026-09-01 14:00:05,852 [INFO] [73/121] DMC(디지털미디어시티) (primary=KEY_1)
2026-09-01 14:00:07,650 [INFO] [74/121] 가산디지털단지역 (primary=KEY_2)
2026-09-01 14:00:09,591 [INFO] [75/121] 강남역 (primary=KEY_3)
2026-09-01 14:00:11,148 [INFO] [76/121] 건대입구역 (primary=KEY_4)
2026-09-01 14:00:12,495 [INFO] [77/121] 고덕역 (primary=KEY_1)
2026-09-01 14:00:13,819 [INFO] [78/121] 고속터미널역 (primary=KEY_2)
2026-09-01 14:00:15,182 [INFO] [79/121] 교대역 (primary=KEY_3)
2026-09-01 14:00:16,547 [INFO] [80/121] 구로디지털단지역 (primary=KEY_4)
2026-09-01 14:00:18,264 [INFO] [81/121] 구로역 (primary=KEY_1)
2026-09-01 14:00:19,581 [INFO] [82/121] 군자역 (primary=KEY_2)
2026-09-01 14:00:20,911 [INFO] [83/121] 대림역 (primary=KEY_3)
2026-09-01 14:00:22,277 [INFO] [84/121] 동대문역 (primary=KEY_4)
2026-09-01 14:00:23,671 [INFO] [85/121] 뚝섬역 (primary=KEY_1)
2026-09-01 14:00:25,026 [INFO] [86/121] 미아사거리역 (primary=KEY_2)
2026-09-01 14:00:26,366 [INFO] [87/121] 발산역 (primary=KEY_3)
2026-09-01 14:00:28,713 [INFO] [88/121] 사당역 (primary=KEY_4)
2026-09-01 14:00:30,595 [INFO] [89/121] 삼각지역 (primary=KEY_1)
2026-09-01 14:00:31,925 [INFO] [90/121] 서울대입구역 (primary=KEY_2)
2026-09-01 14:00:33,262 [INFO] [91/121] 서울식물원·마곡나루역 (primary=KEY_3)
2026-09-01 14:00:34,798 [INFO] [92/121] 서울역 (primary=KEY_4)
2026-09-01 14:00:36,376 [INFO] [93/121] 선릉역 (primary=KEY_1)
2026-09-01 14:00:38,160 [INFO] [94/121] 성신여대입구역 (primary=KEY_2)
2026-09-01 14:00:39,310 [INFO] [95/121] 수유역 (primary=KEY_3)
2026-09-01 14:00:40,648 [INFO] [96/121] 숭례문 (primary=KEY_4)
2026-09-01 14:00:42,181 [INFO] [97/121] 시의회 앞 (primary=KEY_1)
2026-09-01 14:00:43,538 [INFO] [98/121] 신논현역·논현역 (primary=KEY_2)
2026-09-01 14:00:44,896 [INFO] [99/121] 신도림역 (primary=KEY_3)
2026-09-01 14:00:46,080 [INFO] [100/121] 신림역 (primary=KEY_4)
2026-09-01 14:00:48,369 [INFO] [101/121] 신정네거리역 (primary=KEY_1)
2026-09-01 14:00:49,716 [INFO] [102/121] 신촌·이대역 (primary=KEY_2)
2026-09-01 14:00:51,079 [INFO] [103/121] 쌍문역 (primary=KEY_3)
2026-09-01 14:00:52,406 [INFO] [104/121] 양재역 (primary=KEY_4)
2026-09-01 14:00:53,757 [INFO] [105/121] 역삼역 (primary=KEY_1)
2026-09-01 14:00:55,318 [INFO] [106/121] 연신내역 (primary=KEY_2)
2026-09-01 14:00:56,494 [INFO] [107/121] 오목교역·목동운동장 (primary=KEY_3)
2026-09-01 14:00:58,442 [INFO] [108/121] 왕십리역 (primary=KEY_4)
2026-09-01 14:01:00,007 [INFO] [109/121] 용산역 (primary=KEY_1)
2026-09-01 14:01:01,564 [INFO] [110/121] 이태원역 (primary=KEY_2)
2026-09-01 14:01:02,732 [INFO] [111/121] 잠실새내역 (primary=KEY_3)
2026-09-01 14:01:04,131 [INFO] [112/121] 잠실역 (primary=KEY_4)
2026-09-01 14:01:05,695 [INFO] [113/121] 장지역 (primary=KEY_1)
2026-09-01 14:01:07,233 [INFO] [114/121] 장한평역 (primary=KEY_2)
2026-09-01 14:01:08,594 [INFO] [115/121] 천호역 (primary=KEY_3)
2026-09-01 14:01:10,131 [INFO] [116/121] 총신대입구(이수)역 (primary=KEY_4)
2026-09-01 14:01:12,668 [INFO] [117/121] 충정로역 (primary=KEY_1)
2026-09-01 14:01:14,016 [INFO] [118/121] 합정역 (primary=KEY_2)
2026-09-01 14:01:15,368 [INFO] [119/121] 혜화역 (primary=KEY_3)
2026-09-01 14:01:16,715 [INFO] [120/121] 홍대입구역(2호선) (primary=KEY_4)
2026-09-01 14:01:18,060 [INFO] [121/121] 회기역 (primary=KEY_1)
2026-09-01 14:01:20,867 [INFO] === 수집 완료 | 성공 121, 실패 0 ===
2026-09-01 14:01:20,867 [INFO] 카테고리별 저장 결과:
2026-09-01 14:01:20,867 [INFO]    accident                  | 신규     2행 | 누적      6행 | 16컬럼
2026-09-01 14:01:20,867 [INFO]    area_meta                 | 신규   121행 | 누적    363행 | 5컬럼
2026-09-01 14:01:20,867 [INFO]    bike                      | 신규    11행 | 누적     32행 | 12컬럼
2026-09-01 14:01:20,867 [INFO]    bike_sbike_stts           | 신규   544행 | 누적   1660행 | 12컬럼
2026-09-01 14:01:20,867 [INFO]    bus                       | 신규     3행 | 누적      9행 | 11컬럼
2026-09-01 14:01:20,867 [INFO]    bus_bus_stn_stts          | 신규  1745행 | 누적   5221행 | 11컬럼
2026-09-01 14:01:20,867 [INFO]    charger                   | 신규     4행 | 누적     12행 | 15컬럼
2026-09-01 14:01:20,867 [INFO]    charger_charger_stts      | 신규  1931행 | 누적   5739행 | 15컬럼
2026-09-01 14:01:20,867 [INFO]    cmrcl                     | 신규    82행 | 누적    245행 | 20컬럼
2026-09-01 14:01:20,867 [INFO]    events                    | 신규    13행 | 누적     39행 | 14컬럼
2026-09-01 14:01:20,867 [INFO]    events_event_stts         | 신규   110행 | 누적    324행 | 14컬럼
2026-09-01 14:01:20,867 [INFO]    parking                   | 신규     6행 | 누적     18행 | 21컬럼
2026-09-01 14:01:20,867 [INFO]    parking_prk_stts          | 신규  1827행 | 누적   5473행 | 21컬럼
2026-09-01 14:01:20,867 [INFO]    ppltn                     | 신규   121행 | 누적    361행 | 26컬럼
2026-09-01 14:01:20,867 [INFO]    road                      | 신규   121행 | 누적    362행 | 21컬럼
2026-09-01 14:01:20,867 [INFO]    road_road_traffic_stts    | 신규  5293행 | 누적  15852행 | 17컬럼
2026-09-01 14:01:20,867 [INFO]    subway                    | 신규    38행 | 누적    114행 | 13컬럼
2026-09-01 14:01:20,868 [INFO]    subway_sub_stts           | 신규   183행 | 누적    546행 | 13컬럼
2026-09-01 14:01:20,868 [INFO]    weather                   | 신규   119행 | 누적    356행 | 30컬럼
2026-09-01 14:01:20,868 [INFO] 키별 사용량:
2026-09-01 14:01:20,868 [INFO]    🟢 KEY_1 (31/1000) 
2026-09-01 14:01:20,868 [INFO]    🟢 KEY_2 (30/1000) 
2026-09-01 14:01:20,868 [INFO]    🟢 KEY_3 (30/1000) 
2026-09-01 14:01:20,868 [INFO]    🟢 KEY_4 (30/1000) 
2026-09-01 19:00:10,693 [INFO] 등록된 키: 4개, 합산 한도 4,000건/일
2026-09-01 19:00:10,694 [INFO] POI 로드: 매뉴얼 v8.5 기준 fallback 121개 (121개 전체)
2026-09-01 19:00:10,694 [INFO] === 수집 시작 2026-09-01T19:00:10.694569+09:00 ===
2026-09-01 19:00:10,694 [INFO] 대상 장소: 121개 | API: citydata (통합)
2026-09-01 19:00:10,694 [INFO] 키 풀: 4/4 활성 | 오늘 사용 0/4000건
2026-09-01 19:00:10,694 [INFO]   [KEY_1] 담당 31장소
2026-09-01 19:00:10,694 [INFO]   [KEY_2] 담당 30장소
2026-09-01 19:00:10,695 [INFO]   [KEY_3] 담당 30장소
2026-09-01 19:00:10,695 [INFO]   [KEY_4] 담당 30장소
2026-09-01 19:00:10,695 [INFO] [1/121] 경복궁 (primary=KEY_1)
2026-09-01 19:00:12,385 [INFO] [2/121] 광화문·덕수궁 (primary=KEY_2)
2026-09-01 19:00:14,665 [INFO] [3/121] 보신각 (primary=KEY_3)
2026-09-01 19:00:15,952 [INFO] [4/121] 서울 암사동 유적 (primary=KEY_4)
2026-09-01 19:00:17,113 [INFO] [5/121] 창덕궁·종묘 (primary=KEY_1)
2026-09-01 19:00:18,344 [INFO] [6/121] 강남 MICE 관광특구 (primary=KEY_2)
2026-09-01 19:00:19,602 [INFO] [7/121] 동대문 관광특구 (primary=KEY_3)
2026-09-01 19:00:21,036 [INFO] [8/121] 명동 관광특구 (primary=KEY_4)
2026-09-01 19:00:23,307 [INFO] [9/121] 이태원 관광특구 (primary=KEY_1)
2026-09-01 19:00:24,517 [INFO] [10/121] 잠실 관광특구 (primary=KEY_2)
2026-09-01 19:00:26,007 [INFO] [11/121] 종로·청계 관광특구 (primary=KEY_3)
2026-09-01 19:00:28,107 [INFO] [12/121] 홍대 관광특구 (primary=KEY_4)
2026-09-01 19:00:29,417 [INFO] [13/121] 강서한강공원 (primary=KEY_1)
2026-09-01 19:00:30,426 [INFO] [14/121] 고척돔 (primary=KEY_2)
2026-09-01 19:00:31,473 [INFO] [15/121] 광나루한강공원 (primary=KEY_3)
2026-09-01 19:00:33,156 [INFO] [16/121] 광화문광장 (primary=KEY_4)
2026-09-01 19:00:34,277 [INFO] [17/121] 국립중앙박물관·용산가족공원 (primary=KEY_1)
2026-09-01 19:00:35,272 [INFO] [18/121] 난지한강공원 (primary=KEY_2)
2026-09-01 19:00:36,283 [INFO] [19/121] 남산공원 (primary=KEY_3)
2026-09-01 19:00:37,628 [INFO] [20/121] 노들섬 (primary=KEY_4)
2026-09-01 19:00:38,653 [INFO] [21/121] 뚝섬한강공원 (primary=KEY_1)
2026-09-01 19:00:40,317 [INFO] [22/121] 망원한강공원 (primary=KEY_2)
2026-09-01 19:00:41,431 [INFO] [23/121] 반포한강공원 (primary=KEY_3)
2026-09-01 19:00:42,403 [INFO] [24/121] 보라매공원 (primary=KEY_4)
2026-09-01 19:00:43,521 [INFO] [25/121] 북서울꿈의숲 (primary=KEY_1)
2026-09-01 19:00:44,805 [INFO] [26/121] 서대문독립공원 (primary=KEY_2)
2026-09-01 19:00:45,787 [INFO] [27/121] 서리풀공원·몽마르뜨공원 (primary=KEY_3)
2026-09-01 19:00:46,920 [INFO] [28/121] 서울대공원 (primary=KEY_4)
2026-09-01 19:00:47,895 [INFO] [29/121] 서울숲공원 (primary=KEY_1)
2026-09-01 19:00:49,039 [INFO] [30/121] 송현녹지광장 (primary=KEY_2)
2026-09-01 19:00:50,156 [INFO] [31/121] 아차산 (primary=KEY_3)
2026-09-01 19:00:51,188 [INFO] [32/121] 안양천 (primary=KEY_4)
2026-09-01 19:00:52,977 [INFO] [33/121] 양화한강공원 (primary=KEY_1)
2026-09-01 19:00:53,949 [INFO] [34/121] 어린이대공원 (primary=KEY_2)
2026-09-01 19:00:55,094 [INFO] [35/121] 여의도한강공원 (primary=KEY_3)
2026-09-01 19:00:56,214 [INFO] [36/121] 여의서로 (primary=KEY_4)
2026-09-01 19:00:57,319 [INFO] [37/121] 올림픽공원 (primary=KEY_1)
2026-09-01 19:00:58,530 [INFO] [38/121] 월드컵공원 (primary=KEY_2)
2026-09-01 19:00:59,801 [INFO] [39/121] 응봉산 (primary=KEY_3)
2026-09-01 19:01:01,730 [INFO] [40/121] 이촌한강공원 (primary=KEY_4)
2026-09-01 19:01:02,692 [INFO] [41/121] 잠실종합운동장 (primary=KEY_1)
2026-09-01 19:01:03,674 [INFO] [42/121] 잠실한강공원 (primary=KEY_2)
2026-09-01 19:01:04,655 [INFO] [43/121] 잠원한강공원 (primary=KEY_3)
2026-09-01 19:01:05,645 [INFO] [44/121] 청계산 (primary=KEY_4)
2026-09-01 19:01:06,610 [INFO] [45/121] 홍제폭포 (primary=KEY_1)
2026-09-01 19:01:07,578 [INFO] [46/121] 가락시장 (primary=KEY_2)
2026-09-01 19:01:08,787 [INFO] [47/121] 가로수길 (primary=KEY_3)
2026-09-01 19:01:09,948 [INFO] [48/121] 광장(전통)시장 (primary=KEY_4)
2026-09-01 19:01:10,959 [INFO] [49/121] 김포공항 (primary=KEY_1)
2026-09-01 19:01:12,253 [INFO] [50/121] 남대문시장 (primary=KEY_2)
2026-09-01 19:01:13,377 [INFO] [51/121] 노량진 (primary=KEY_3)
2026-09-01 19:01:14,515 [INFO] [52/121] 덕수궁길·정동길 (primary=KEY_4)
2026-09-01 19:01:15,649 [INFO] [53/121] 북창동 먹자골목 (primary=KEY_1)
2026-09-01 19:01:16,764 [INFO] [54/121] 북촌한옥마을 (primary=KEY_2)
2026-09-01 19:01:18,023 [INFO] [55/121] 서촌 (primary=KEY_3)
2026-09-01 19:01:19,161 [INFO] [56/121] 성수카페거리 (primary=KEY_4)
2026-09-01 19:01:20,431 [INFO] [57/121] 송리단길·호수단길 (primary=KEY_1)
2026-09-01 19:01:21,596 [INFO] [58/121] 신촌 스타광장 (primary=KEY_2)
2026-09-01 19:01:22,588 [INFO] [59/121] 압구정로데오거리 (primary=KEY_3)
2026-09-01 19:01:23,725 [INFO] [60/121] 여의도 (primary=KEY_4)
2026-09-01 19:01:25,548 [INFO] [61/121] 연남동 (primary=KEY_1)
2026-09-01 19:01:27,323 [INFO] [62/121] 영등포 타임스퀘어 (primary=KEY_2)
2026-09-01 19:01:28,994 [INFO] [63/121] 용리단길 (primary=KEY_3)
2026-09-01 19:01:30,132 [INFO] [64/121] 이태원 앤틱가구거리 (primary=KEY_4)
2026-09-01 19:01:31,846 [INFO] [65/121] 익선동 (primary=KEY_1)
2026-09-01 19:01:33,009 [INFO] [66/121] 인사동 (primary=KEY_2)
2026-09-01 19:01:34,304 [INFO] [67/121] 잠실롯데타워·석촌호수 (primary=KEY_3)
2026-09-01 19:01:35,861 [INFO] [68/121] 창동 신경제 중심지 (primary=KEY_4)
2026-09-01 19:01:37,427 [INFO] [69/121] 청담동 명품거리 (primary=KEY_1)
2026-09-01 19:01:38,561 [INFO] [70/121] 청량리 제기동 일대 전통시장 (primary=KEY_2)
2026-09-01 19:01:39,753 [INFO] [71/121] 해방촌·경리단길 (primary=KEY_3)
2026-09-01 19:01:40,890 [INFO] [72/121] DDP(동대문디자인플라자) (primary=KEY_4)
2026-09-01 19:01:42,181 [INFO] [73/121] DMC(디지털미디어시티) (primary=KEY_1)
2026-09-01 19:01:43,622 [INFO] [74/121] 가산디지털단지역 (primary=KEY_2)
2026-09-01 19:01:45,739 [INFO] [75/121] 강남역 (primary=KEY_3)
2026-09-01 19:01:47,101 [INFO] [76/121] 건대입구역 (primary=KEY_4)
2026-09-01 19:01:48,241 [INFO] [77/121] 고덕역 (primary=KEY_1)
2026-09-01 19:01:49,522 [INFO] [78/121] 고속터미널역 (primary=KEY_2)
2026-09-01 19:01:50,723 [INFO] [79/121] 교대역 (primary=KEY_3)
2026-09-01 19:01:51,856 [INFO] [80/121] 구로디지털단지역 (primary=KEY_4)
2026-09-01 19:01:53,292 [INFO] [81/121] 구로역 (primary=KEY_1)
2026-09-01 19:01:54,421 [INFO] [82/121] 군자역 (primary=KEY_2)
2026-09-01 19:01:55,562 [INFO] [83/121] 대림역 (primary=KEY_3)
2026-09-01 19:01:56,866 [INFO] [84/121] 동대문역 (primary=KEY_4)
2026-09-01 19:01:58,003 [INFO] [85/121] 뚝섬역 (primary=KEY_1)
2026-09-01 19:01:59,137 [INFO] [86/121] 미아사거리역 (primary=KEY_2)
2026-09-01 19:02:00,386 [INFO] [87/121] 발산역 (primary=KEY_3)
2026-09-01 19:02:01,793 [INFO] [88/121] 사당역 (primary=KEY_4)
2026-09-01 19:02:03,064 [INFO] [89/121] 삼각지역 (primary=KEY_1)
2026-09-01 19:02:04,356 [INFO] [90/121] 서울대입구역 (primary=KEY_2)
2026-09-01 19:02:06,237 [INFO] [91/121] 서울식물원·마곡나루역 (primary=KEY_3)
2026-09-01 19:02:07,514 [INFO] [92/121] 서울역 (primary=KEY_4)
2026-09-01 19:02:08,808 [INFO] [93/121] 선릉역 (primary=KEY_1)
2026-09-01 19:02:10,231 [INFO] [94/121] 성신여대입구역 (primary=KEY_2)
2026-09-01 19:02:11,376 [INFO] [95/121] 수유역 (primary=KEY_3)
2026-09-01 19:02:12,521 [INFO] [96/121] 숭례문 (primary=KEY_4)
2026-09-01 19:02:13,786 [INFO] [97/121] 시의회 앞 (primary=KEY_1)
2026-09-01 19:02:14,942 [INFO] [98/121] 신논현역·논현역 (primary=KEY_2)
2026-09-01 19:02:16,156 [INFO] [99/121] 신도림역 (primary=KEY_3)
2026-09-01 19:02:17,971 [INFO] [100/121] 신림역 (primary=KEY_4)
2026-09-01 19:02:19,106 [INFO] [101/121] 신정네거리역 (primary=KEY_1)
2026-09-01 19:02:20,234 [INFO] [102/121] 신촌·이대역 (primary=KEY_2)
2026-09-01 19:02:21,369 [INFO] [103/121] 쌍문역 (primary=KEY_3)
2026-09-01 19:02:22,501 [INFO] [104/121] 양재역 (primary=KEY_4)
2026-09-01 19:02:23,657 [INFO] [105/121] 역삼역 (primary=KEY_1)
2026-09-01 19:02:24,940 [INFO] [106/121] 연신내역 (primary=KEY_2)
2026-09-01 19:02:25,989 [INFO] [107/121] 오목교역·목동운동장 (primary=KEY_3)
2026-09-01 19:02:27,575 [INFO] [108/121] 왕십리역 (primary=KEY_4)
2026-09-01 19:02:28,860 [INFO] [109/121] 용산역 (primary=KEY_1)
2026-09-01 19:02:30,158 [INFO] [110/121] 이태원역 (primary=KEY_2)
2026-09-01 19:02:31,156 [INFO] [111/121] 잠실새내역 (primary=KEY_3)
2026-09-01 19:02:32,382 [INFO] [112/121] 잠실역 (primary=KEY_4)
2026-09-01 19:02:33,659 [INFO] [113/121] 장지역 (primary=KEY_1)
2026-09-01 19:02:34,951 [INFO] [114/121] 장한평역 (primary=KEY_2)
2026-09-01 19:02:36,118 [INFO] [115/121] 천호역 (primary=KEY_3)
2026-09-01 19:02:37,411 [INFO] [116/121] 총신대입구(이수)역 (primary=KEY_4)
2026-09-01 19:02:38,535 [INFO] [117/121] 충정로역 (primary=KEY_1)
2026-09-01 19:02:39,690 [INFO] [118/121] 합정역 (primary=KEY_2)
2026-09-01 19:02:40,978 [INFO] [119/121] 혜화역 (primary=KEY_3)
2026-09-01 19:02:42,141 [INFO] [120/121] 홍대입구역(2호선) (primary=KEY_4)
2026-09-01 19:02:43,295 [INFO] [121/121] 회기역 (primary=KEY_1)
2026-09-01 19:02:45,694 [INFO] === 수집 완료 | 성공 121, 실패 0 ===
2026-09-01 19:02:45,694 [INFO] 카테고리별 저장 결과:
2026-09-01 19:02:45,694 [INFO]    accident                  | 신규     2행 | 누적      8행 | 16컬럼
2026-09-01 19:02:45,695 [INFO]    area_meta                 | 신규   121행 | 누적    484행 | 5컬럼
2026-09-01 19:02:45,695 [INFO]    bike                      | 신규    11행 | 누적     43행 | 12컬럼
2026-09-01 19:02:45,695 [INFO]    bike_sbike_stts           | 신규   544행 | 누적   2204행 | 12컬럼
2026-09-01 19:02:45,695 [INFO]    bus                       | 신규     3행 | 누적     12행 | 11컬럼
2026-09-01 19:02:45,695 [INFO]    bus_bus_stn_stts          | 신규  1745행 | 누적   6966행 | 11컬럼
2026-09-01 19:02:45,695 [INFO]    charger                   | 신규     4행 | 누적     16행 | 15컬럼
2026-09-01 19:02:45,695 [INFO]    charger_charger_stts      | 신규  1934행 | 누적   7660행 | 15컬럼
2026-09-01 19:02:45,695 [INFO]    cmrcl                     | 신규    82행 | 누적    327행 | 20컬럼
2026-09-01 19:02:45,695 [INFO]    events                    | 신규    13행 | 누적     52행 | 14컬럼
2026-09-01 19:02:45,695 [INFO]    events_event_stts         | 신규   110행 | 누적    434행 | 14컬럼
2026-09-01 19:02:45,695 [INFO]    parking                   | 신규     6행 | 누적     24행 | 21컬럼
2026-09-01 19:02:45,695 [INFO]    parking_prk_stts          | 신규  1827행 | 누적   7300행 | 21컬럼
2026-09-01 19:02:45,695 [INFO]    ppltn                     | 신규   121행 | 누적    482행 | 26컬럼
2026-09-01 19:02:45,695 [INFO]    road                      | 신규   121행 | 누적    483행 | 21컬럼
2026-09-01 19:02:45,695 [INFO]    road_road_traffic_stts    | 신규  5293행 | 누적  21145행 | 17컬럼
2026-09-01 19:02:45,695 [INFO]    subway                    | 신규    38행 | 누적    152행 | 13컬럼
2026-09-01 19:02:45,696 [INFO]    subway_sub_stts           | 신규   183행 | 누적    729행 | 13컬럼
2026-09-01 19:02:45,696 [INFO]    weather                   | 신규   119행 | 누적    475행 | 30컬럼
2026-09-01 19:02:45,696 [INFO] 키별 사용량:
2026-09-01 19:02:45,696 [INFO]    🟢 KEY_1 (31/1000) 
2026-09-01 19:02:45,696 [INFO]    🟢 KEY_2 (30/1000) 
2026-09-01 19:02:45,696 [INFO]    🟢 KEY_3 (30/1000) 
2026-09-01 19:02:45,696 [INFO]    🟢 KEY_4 (30/1000) 
2026-09-01 23:47:34,259 [INFO] 등록된 키: 4개, 합산 한도 4,000건/일
2026-09-01 23:47:34,260 [INFO] POI 로드: 매뉴얼 v8.5 기준 fallback 121개 (121개 전체)
2026-09-01 23:47:34,260 [INFO] === 수집 시작 2026-09-01T23:47:34.260278+09:00 ===
2026-09-01 23:47:34,260 [INFO] 대상 장소: 121개 | API: citydata (통합)
2026-09-01 23:47:34,260 [INFO] 키 풀: 4/4 활성 | 오늘 사용 0/4000건
2026-09-01 23:47:34,260 [INFO]   [KEY_1] 담당 31장소
2026-09-01 23:47:34,260 [INFO]   [KEY_2] 담당 30장소
2026-09-01 23:47:34,260 [INFO]   [KEY_3] 담당 30장소
2026-09-01 23:47:34,260 [INFO]   [KEY_4] 담당 30장소
2026-09-01 23:47:34,260 [INFO] [1/121] 경복궁 (primary=KEY_1)
2026-09-01 23:47:36,439 [INFO] [2/121] 광화문·덕수궁 (primary=KEY_2)
2026-09-01 23:47:38,997 [INFO] [3/121] 보신각 (primary=KEY_3)
2026-09-01 23:47:41,113 [INFO] [4/121] 서울 암사동 유적 (primary=KEY_4)
2026-09-01 23:47:42,454 [INFO] [5/121] 창덕궁·종묘 (primary=KEY_1)
2026-09-01 23:47:44,751 [INFO] [6/121] 강남 MICE 관광특구 (primary=KEY_2)
2026-09-01 23:47:46,890 [INFO] [7/121] 동대문 관광특구 (primary=KEY_3)
2026-09-01 23:47:49,291 [INFO] [8/121] 명동 관광특구 (primary=KEY_4)
2026-09-01 23:47:52,084 [INFO] [9/121] 이태원 관광특구 (primary=KEY_1)
2026-09-01 23:47:54,634 [INFO] [10/121] 잠실 관광특구 (primary=KEY_2)
2026-09-01 23:47:57,543 [INFO] [11/121] 종로·청계 관광특구 (primary=KEY_3)
2026-09-01 23:48:00,057 [INFO] [12/121] 홍대 관광특구 (primary=KEY_4)
2026-09-01 23:48:01,644 [INFO] [13/121] 강서한강공원 (primary=KEY_1)
2026-09-01 23:48:03,936 [INFO] [14/121] 고척돔 (primary=KEY_2)
2026-09-01 23:48:06,216 [INFO] [15/121] 광나루한강공원 (primary=KEY_3)
2026-09-01 23:48:08,675 [INFO] [16/121] 광화문광장 (primary=KEY_4)
2026-09-01 23:48:10,782 [INFO] [17/121] 국립중앙박물관·용산가족공원 (primary=KEY_1)
2026-09-01 23:48:11,959 [INFO] [18/121] 난지한강공원 (primary=KEY_2)
2026-09-01 23:48:13,092 [INFO] [19/121] 남산공원 (primary=KEY_3)
2026-09-01 23:48:15,427 [INFO] [20/121] 노들섬 (primary=KEY_4)
2026-09-01 23:48:17,713 [INFO] [21/121] 뚝섬한강공원 (primary=KEY_1)
2026-09-01 23:48:19,829 [INFO] [22/121] 망원한강공원 (primary=KEY_2)
2026-09-01 23:48:21,941 [INFO] [23/121] 반포한강공원 (primary=KEY_3)
2026-09-01 23:48:23,853 [INFO] [24/121] 보라매공원 (primary=KEY_4)
2026-09-01 23:48:25,059 [INFO] [25/121] 북서울꿈의숲 (primary=KEY_1)
2026-09-01 23:48:26,434 [INFO] [26/121] 서대문독립공원 (primary=KEY_2)
2026-09-01 23:48:27,587 [INFO] [27/121] 서리풀공원·몽마르뜨공원 (primary=KEY_3)
2026-09-01 23:48:28,939 [INFO] [28/121] 서울대공원 (primary=KEY_4)
2026-09-01 23:48:31,027 [INFO] [29/121] 서울숲공원 (primary=KEY_1)
2026-09-01 23:48:32,381 [INFO] [30/121] 송현녹지광장 (primary=KEY_2)
2026-09-01 23:48:33,739 [INFO] [31/121] 아차산 (primary=KEY_3)
2026-09-01 23:48:34,889 [INFO] [32/121] 안양천 (primary=KEY_4)
2026-09-01 23:48:36,038 [INFO] [33/121] 양화한강공원 (primary=KEY_1)
2026-09-01 23:48:37,193 [INFO] [34/121] 어린이대공원 (primary=KEY_2)
2026-09-01 23:48:39,307 [INFO] [35/121] 여의도한강공원 (primary=KEY_3)
2026-09-01 23:48:40,645 [INFO] [36/121] 여의서로 (primary=KEY_4)
2026-09-01 23:48:41,982 [INFO] [37/121] 올림픽공원 (primary=KEY_1)
2026-09-01 23:48:43,367 [INFO] [38/121] 월드컵공원 (primary=KEY_2)
2026-09-01 23:48:44,925 [INFO] [39/121] 응봉산 (primary=KEY_3)
2026-09-01 23:48:47,048 [INFO] [40/121] 이촌한강공원 (primary=KEY_4)
2026-09-01 23:48:48,197 [INFO] [41/121] 잠실종합운동장 (primary=KEY_1)
2026-09-01 23:48:50,307 [INFO] [42/121] 잠실한강공원 (primary=KEY_2)
2026-09-01 23:48:52,250 [INFO] [43/121] 잠원한강공원 (primary=KEY_3)
2026-09-01 23:48:54,323 [INFO] [44/121] 청계산 (primary=KEY_4)
2026-09-01 23:48:56,418 [INFO] [45/121] 홍제폭포 (primary=KEY_1)
2026-09-01 23:48:58,329 [INFO] [46/121] 가락시장 (primary=KEY_2)
2026-09-01 23:49:00,830 [INFO] [47/121] 가로수길 (primary=KEY_3)
2026-09-01 23:49:02,970 [INFO] [48/121] 광장(전통)시장 (primary=KEY_4)
2026-09-01 23:49:05,252 [INFO] [49/121] 김포공항 (primary=KEY_1)
2026-09-01 23:49:07,745 [INFO] [50/121] 남대문시장 (primary=KEY_2)
2026-09-01 23:49:09,858 [INFO] [51/121] 노량진 (primary=KEY_3)
2026-09-01 23:49:11,252 [INFO] [52/121] 덕수궁길·정동길 (primary=KEY_4)
2026-09-01 23:49:13,376 [INFO] [53/121] 북창동 먹자골목 (primary=KEY_1)
2026-09-01 23:49:14,710 [INFO] [54/121] 북촌한옥마을 (primary=KEY_2)
2026-09-01 23:49:17,218 [INFO] [55/121] 서촌 (primary=KEY_3)
2026-09-01 23:49:18,576 [INFO] [56/121] 성수카페거리 (primary=KEY_4)
2026-09-01 23:49:20,140 [INFO] [57/121] 송리단길·호수단길 (primary=KEY_1)
2026-09-01 23:49:22,608 [INFO] [58/121] 신촌 스타광장 (primary=KEY_2)
2026-09-01 23:49:24,703 [INFO] [59/121] 압구정로데오거리 (primary=KEY_3)
2026-09-01 23:49:26,829 [INFO] [60/121] 여의도 (primary=KEY_4)
2026-09-01 23:49:29,040 [INFO] [61/121] 연남동 (primary=KEY_1)
2026-09-01 23:49:30,378 [INFO] [62/121] 영등포 타임스퀘어 (primary=KEY_2)
2026-09-01 23:49:32,494 [INFO] [63/121] 용리단길 (primary=KEY_3)
2026-09-01 23:49:33,669 [INFO] [64/121] 이태원 앤틱가구거리 (primary=KEY_4)
2026-09-01 23:49:35,767 [INFO] [65/121] 익선동 (primary=KEY_1)
2026-09-01 23:49:37,124 [INFO] [66/121] 인사동 (primary=KEY_2)
2026-09-01 23:49:39,433 [INFO] [67/121] 잠실롯데타워·석촌호수 (primary=KEY_3)
2026-09-01 23:49:42,146 [INFO] [68/121] 창동 신경제 중심지 (primary=KEY_4)
2026-09-01 23:49:44,678 [INFO] [69/121] 청담동 명품거리 (primary=KEY_1)
2026-09-01 23:49:46,026 [INFO] [70/121] 청량리 제기동 일대 전통시장 (primary=KEY_2)
2026-09-01 23:49:48,538 [INFO] [71/121] 해방촌·경리단길 (primary=KEY_3)
2026-09-01 23:49:50,820 [INFO] [72/121] DDP(동대문디자인플라자) (primary=KEY_4)
2026-09-01 23:49:52,189 [INFO] [73/121] DMC(디지털미디어시티) (primary=KEY_1)
2026-09-01 23:49:53,962 [INFO] [74/121] 가산디지털단지역 (primary=KEY_2)
2026-09-01 23:49:57,021 [INFO] [75/121] 강남역 (primary=KEY_3)
2026-09-01 23:49:58,657 [INFO] [76/121] 건대입구역 (primary=KEY_4)
2026-09-01 23:50:00,041 [INFO] [77/121] 고덕역 (primary=KEY_1)
2026-09-01 23:50:01,378 [INFO] [78/121] 고속터미널역 (primary=KEY_2)
2026-09-01 23:50:02,905 [INFO] [79/121] 교대역 (primary=KEY_3)
2026-09-01 23:50:05,373 [INFO] [80/121] 구로디지털단지역 (primary=KEY_4)
2026-09-01 23:50:07,081 [INFO] [81/121] 구로역 (primary=KEY_1)
2026-09-01 23:50:08,224 [INFO] [82/121] 군자역 (primary=KEY_2)
2026-09-01 23:50:09,579 [INFO] [83/121] 대림역 (primary=KEY_3)
2026-09-01 23:50:10,924 [INFO] [84/121] 동대문역 (primary=KEY_4)
2026-09-01 23:50:13,209 [INFO] [85/121] 뚝섬역 (primary=KEY_1)
2026-09-01 23:50:15,671 [INFO] [86/121] 미아사거리역 (primary=KEY_2)
2026-09-01 23:50:17,020 [INFO] [87/121] 발산역 (primary=KEY_3)
2026-09-01 23:50:18,731 [INFO] [88/121] 사당역 (primary=KEY_4)
2026-09-01 23:50:20,068 [INFO] [89/121] 삼각지역 (primary=KEY_1)
2026-09-01 23:50:22,524 [INFO] [90/121] 서울대입구역 (primary=KEY_2)
2026-09-01 23:50:23,859 [INFO] [91/121] 서울식물원·마곡나루역 (primary=KEY_3)
2026-09-01 23:50:25,386 [INFO] [92/121] 서울역 (primary=KEY_4)
2026-09-01 23:50:26,932 [INFO] [93/121] 선릉역 (primary=KEY_1)
2026-09-01 23:50:28,656 [INFO] [94/121] 성신여대입구역 (primary=KEY_2)
2026-09-01 23:50:29,827 [INFO] [95/121] 수유역 (primary=KEY_3)
2026-09-01 23:50:31,163 [INFO] [96/121] 숭례문 (primary=KEY_4)
2026-09-01 23:50:32,699 [INFO] [97/121] 시의회 앞 (primary=KEY_1)
2026-09-01 23:50:34,056 [INFO] [98/121] 신논현역·논현역 (primary=KEY_2)
2026-09-01 23:50:35,446 [INFO] [99/121] 신도림역 (primary=KEY_3)
2026-09-01 23:50:36,591 [INFO] [100/121] 신림역 (primary=KEY_4)
2026-09-01 23:50:37,957 [INFO] [101/121] 신정네거리역 (primary=KEY_1)
2026-09-01 23:50:39,318 [INFO] [102/121] 신촌·이대역 (primary=KEY_2)
2026-09-01 23:50:40,668 [INFO] [103/121] 쌍문역 (primary=KEY_3)
2026-09-01 23:50:42,001 [INFO] [104/121] 양재역 (primary=KEY_4)
2026-09-01 23:50:43,369 [INFO] [105/121] 역삼역 (primary=KEY_1)
2026-09-01 23:50:44,920 [INFO] [106/121] 연신내역 (primary=KEY_2)
2026-09-01 23:50:46,080 [INFO] [107/121] 오목교역·목동운동장 (primary=KEY_3)
2026-09-01 23:50:49,152 [INFO] [108/121] 왕십리역 (primary=KEY_4)
2026-09-01 23:50:50,715 [INFO] [109/121] 용산역 (primary=KEY_1)
2026-09-01 23:50:52,264 [INFO] [110/121] 이태원역 (primary=KEY_2)
2026-09-01 23:50:53,412 [INFO] [111/121] 잠실새내역 (primary=KEY_3)
2026-09-01 23:50:54,823 [INFO] [112/121] 잠실역 (primary=KEY_4)
2026-09-01 23:50:56,376 [INFO] [113/121] 장지역 (primary=KEY_1)
2026-09-01 23:50:57,911 [INFO] [114/121] 장한평역 (primary=KEY_2)
2026-09-01 23:50:59,269 [INFO] [115/121] 천호역 (primary=KEY_3)
2026-09-01 23:51:00,644 [INFO] [116/121] 총신대입구(이수)역 (primary=KEY_4)
2026-09-01 23:51:01,990 [INFO] [117/121] 충정로역 (primary=KEY_1)
2026-09-01 23:51:03,327 [INFO] [118/121] 합정역 (primary=KEY_2)
2026-09-01 23:51:04,680 [INFO] [119/121] 혜화역 (primary=KEY_3)
2026-09-01 23:51:06,056 [INFO] [120/121] 홍대입구역(2호선) (primary=KEY_4)
2026-09-01 23:51:07,407 [INFO] [121/121] 회기역 (primary=KEY_1)
2026-09-01 23:51:10,905 [INFO] === 수집 완료 | 성공 121, 실패 0 ===
2026-09-01 23:51:10,905 [INFO] 카테고리별 저장 결과:
2026-09-01 23:51:10,905 [INFO]    accident                  | 신규     2행 | 누적     10행 | 16컬럼
2026-09-01 23:51:10,905 [INFO]    area_meta                 | 신규   121행 | 누적    605행 | 5컬럼
2026-09-01 23:51:10,905 [INFO]    bike                      | 신규    11행 | 누적     54행 | 12컬럼
2026-09-01 23:51:10,905 [INFO]    bike_sbike_stts           | 신규   544행 | 누적   2748행 | 12컬럼
2026-09-01 23:51:10,905 [INFO]    bus                       | 신규     3행 | 누적     15행 | 11컬럼
2026-09-01 23:51:10,905 [INFO]    bus_bus_stn_stts          | 신규  1745행 | 누적   8711행 | 11컬럼
2026-09-01 23:51:10,905 [INFO]    charger                   | 신규     4행 | 누적     20행 | 15컬럼
2026-09-01 23:51:10,905 [INFO]    charger_charger_stts      | 신규  1934행 | 누적   9581행 | 15컬럼
2026-09-01 23:51:10,905 [INFO]    cmrcl                     | 신규    82행 | 누적    409행 | 20컬럼
2026-09-01 23:51:10,905 [INFO]    events                    | 신규    13행 | 누적     65행 | 14컬럼
2026-09-01 23:51:10,905 [INFO]    events_event_stts         | 신규   110행 | 누적    544행 | 14컬럼
2026-09-01 23:51:10,905 [INFO]    parking                   | 신규     6행 | 누적     30행 | 21컬럼
2026-09-01 23:51:10,905 [INFO]    parking_prk_stts          | 신규  1827행 | 누적   9127행 | 21컬럼
2026-09-01 23:51:10,905 [INFO]    ppltn                     | 신규   121행 | 누적    603행 | 26컬럼
2026-09-01 23:51:10,906 [INFO]    road                      | 신규   121행 | 누적    604행 | 21컬럼
2026-09-01 23:51:10,906 [INFO]    road_road_traffic_stts    | 신규  5293행 | 누적  26438행 | 17컬럼
2026-09-01 23:51:10,906 [INFO]    subway                    | 신규    38행 | 누적    190행 | 13컬럼
2026-09-01 23:51:10,906 [INFO]    subway_sub_stts           | 신규   183행 | 누적    912행 | 13컬럼
2026-09-01 23:51:10,906 [INFO]    weather                   | 신규   119행 | 누적    594행 | 30컬럼
2026-09-01 23:51:10,906 [INFO] 키별 사용량:
2026-09-01 23:51:10,906 [INFO]    🟢 KEY_1 (31/1000) 
2026-09-01 23:51:10,906 [INFO]    🟢 KEY_2 (30/1000) 
2026-09-01 23:51:10,906 [INFO]    🟢 KEY_3 (30/1000) 
2026-09-01 23:51:10,906 [INFO]    🟢 KEY_4 (30/1000) 
