2026-08-22 00:44:47,480 [INFO] 등록된 키: 4개, 합산 한도 4,000건/일
2026-08-22 00:44:47,481 [INFO] POI 로드: 매뉴얼 v8.5 기준 fallback 121개 (121개 전체)
2026-08-22 00:44:47,481 [INFO] === 수집 시작 2026-08-22T00:44:47.481069+09:00 ===
2026-08-22 00:44:47,481 [INFO] 대상 장소: 121개 | API: citydata (통합)
2026-08-22 00:44:47,481 [INFO] 키 풀: 4/4 활성 | 오늘 사용 0/4000건
2026-08-22 00:44:47,481 [INFO]   [KEY_1] 담당 31장소
2026-08-22 00:44:47,481 [INFO]   [KEY_2] 담당 30장소
2026-08-22 00:44:47,481 [INFO]   [KEY_3] 담당 30장소
2026-08-22 00:44:47,481 [INFO]   [KEY_4] 담당 30장소
2026-08-22 00:44:47,481 [INFO] [1/121] 경복궁 (primary=KEY_1)
2026-08-22 00:44:49,432 [INFO] [2/121] 광화문·덕수궁 (primary=KEY_2)
2026-08-22 00:44:51,715 [INFO] [3/121] 보신각 (primary=KEY_3)
2026-08-22 00:44:52,845 [INFO] [4/121] 서울 암사동 유적 (primary=KEY_4)
2026-08-22 00:44:54,668 [INFO] [5/121] 창덕궁·종묘 (primary=KEY_1)
2026-08-22 00:44:55,932 [INFO] [6/121] 강남 MICE 관광특구 (primary=KEY_2)
2026-08-22 00:44:57,787 [INFO] [7/121] 동대문 관광특구 (primary=KEY_3)
2026-08-22 00:44:59,937 [INFO] [8/121] 명동 관광특구 (primary=KEY_4)
2026-08-22 00:45:01,475 [INFO] [9/121] 이태원 관광특구 (primary=KEY_1)
2026-08-22 00:45:02,755 [INFO] [10/121] 잠실 관광특구 (primary=KEY_2)
2026-08-22 00:45:04,931 [INFO] [11/121] 종로·청계 관광특구 (primary=KEY_3)
2026-08-22 00:45:07,115 [INFO] [12/121] 홍대 관광특구 (primary=KEY_4)
2026-08-22 00:45:08,441 [INFO] [13/121] 강서한강공원 (primary=KEY_1)
2026-08-22 00:45:09,411 [INFO] [14/121] 고척돔 (primary=KEY_2)
2026-08-22 00:45:10,391 [INFO] [15/121] 광나루한강공원 (primary=KEY_3)
2026-08-22 00:45:11,509 [INFO] [16/121] 광화문광장 (primary=KEY_4)
2026-08-22 00:45:12,659 [INFO] [17/121] 국립중앙박물관·용산가족공원 (primary=KEY_1)
2026-08-22 00:45:13,640 [INFO] [18/121] 난지한강공원 (primary=KEY_2)
2026-08-22 00:45:14,639 [INFO] [19/121] 남산공원 (primary=KEY_3)
2026-08-22 00:45:15,906 [INFO] [20/121] 노들섬 (primary=KEY_4)
2026-08-22 00:45:16,865 [INFO] [21/121] 뚝섬한강공원 (primary=KEY_1)
2026-08-22 00:45:17,855 [INFO] [22/121] 망원한강공원 (primary=KEY_2)
2026-08-22 00:45:18,995 [INFO] [23/121] 반포한강공원 (primary=KEY_3)
2026-08-22 00:45:20,012 [INFO] [24/121] 보라매공원 (primary=KEY_4)
2026-08-22 00:45:21,006 [INFO] [25/121] 북서울꿈의숲 (primary=KEY_1)
2026-08-22 00:45:22,270 [INFO] [26/121] 서대문독립공원 (primary=KEY_2)
2026-08-22 00:45:23,246 [INFO] [27/121] 서리풀공원·몽마르뜨공원 (primary=KEY_3)
2026-08-22 00:45:24,388 [INFO] [28/121] 서울대공원 (primary=KEY_4)
2026-08-22 00:45:25,342 [INFO] [29/121] 서울숲공원 (primary=KEY_1)
2026-08-22 00:45:26,462 [INFO] [30/121] 송현녹지광장 (primary=KEY_2)
2026-08-22 00:45:27,578 [INFO] [31/121] 아차산 (primary=KEY_3)
2026-08-22 00:45:28,547 [INFO] [32/121] 안양천 (primary=KEY_4)
2026-08-22 00:45:29,508 [INFO] [33/121] 양화한강공원 (primary=KEY_1)
2026-08-22 00:45:30,475 [INFO] [34/121] 어린이대공원 (primary=KEY_2)
2026-08-22 00:45:31,591 [INFO] [35/121] 여의도한강공원 (primary=KEY_3)
2026-08-22 00:45:32,704 [INFO] [36/121] 여의서로 (primary=KEY_4)
2026-08-22 00:45:33,796 [INFO] [37/121] 올림픽공원 (primary=KEY_1)
2026-08-22 00:45:34,928 [INFO] [38/121] 월드컵공원 (primary=KEY_2)
2026-08-22 00:45:36,199 [INFO] [39/121] 응봉산 (primary=KEY_3)
2026-08-22 00:45:37,307 [INFO] [40/121] 이촌한강공원 (primary=KEY_4)
2026-08-22 00:45:38,271 [INFO] [41/121] 잠실종합운동장 (primary=KEY_1)
2026-08-22 00:45:39,255 [INFO] [42/121] 잠실한강공원 (primary=KEY_2)
2026-08-22 00:45:40,228 [INFO] [43/121] 잠원한강공원 (primary=KEY_3)
2026-08-22 00:45:41,197 [INFO] [44/121] 청계산 (primary=KEY_4)
2026-08-22 00:45:42,156 [INFO] [45/121] 홍제폭포 (primary=KEY_1)
2026-08-22 00:45:43,131 [INFO] [46/121] 가락시장 (primary=KEY_2)
2026-08-22 00:45:44,256 [INFO] [47/121] 가로수길 (primary=KEY_3)
2026-08-22 00:45:45,388 [INFO] [48/121] 광장(전통)시장 (primary=KEY_4)
2026-08-22 00:45:46,381 [INFO] [49/121] 김포공항 (primary=KEY_1)
2026-08-22 00:45:47,657 [INFO] [50/121] 남대문시장 (primary=KEY_2)
2026-08-22 00:45:48,795 [INFO] [51/121] 노량진 (primary=KEY_3)
2026-08-22 00:45:49,922 [INFO] [52/121] 덕수궁길·정동길 (primary=KEY_4)
2026-08-22 00:45:51,079 [INFO] [53/121] 북창동 먹자골목 (primary=KEY_1)
2026-08-22 00:45:52,189 [INFO] [54/121] 북촌한옥마을 (primary=KEY_2)
2026-08-22 00:45:53,469 [INFO] [55/121] 서촌 (primary=KEY_3)
2026-08-22 00:45:54,585 [INFO] [56/121] 성수카페거리 (primary=KEY_4)
2026-08-22 00:45:55,858 [INFO] [57/121] 송리단길·호수단길 (primary=KEY_1)
2026-08-22 00:45:57,026 [INFO] [58/121] 신촌 스타광장 (primary=KEY_2)
2026-08-22 00:45:58,026 [INFO] [59/121] 압구정로데오거리 (primary=KEY_3)
2026-08-22 00:45:59,148 [INFO] [60/121] 여의도 (primary=KEY_4)
2026-08-22 00:46:00,960 [INFO] [61/121] 연남동 (primary=KEY_1)
2026-08-22 00:46:02,074 [INFO] [62/121] 영등포 타임스퀘어 (primary=KEY_2)
2026-08-22 00:46:03,192 [INFO] [63/121] 용리단길 (primary=KEY_3)
2026-08-22 00:46:04,180 [INFO] [64/121] 이태원 앤틱가구거리 (primary=KEY_4)
2026-08-22 00:46:05,288 [INFO] [65/121] 익선동 (primary=KEY_1)
2026-08-22 00:46:06,417 [INFO] [66/121] 인사동 (primary=KEY_2)
2026-08-22 00:46:07,726 [INFO] [67/121] 잠실롯데타워·석촌호수 (primary=KEY_3)
2026-08-22 00:46:09,147 [INFO] [68/121] 창동 신경제 중심지 (primary=KEY_4)
2026-08-22 00:46:10,558 [INFO] [69/121] 청담동 명품거리 (primary=KEY_1)
2026-08-22 00:46:11,666 [INFO] [70/121] 청량리 제기동 일대 전통시장 (primary=KEY_2)
2026-08-22 00:46:12,835 [INFO] [71/121] 해방촌·경리단길 (primary=KEY_3)
2026-08-22 00:46:13,833 [INFO] [72/121] DDP(동대문디자인플라자) (primary=KEY_4)
2026-08-22 00:46:14,980 [INFO] [73/121] DMC(디지털미디어시티) (primary=KEY_1)
2026-08-22 00:46:16,426 [INFO] [74/121] 가산디지털단지역 (primary=KEY_2)
2026-08-22 00:46:17,983 [INFO] [75/121] 강남역 (primary=KEY_3)
2026-08-22 00:46:19,278 [INFO] [76/121] 건대입구역 (primary=KEY_4)
2026-08-22 00:46:20,449 [INFO] [77/121] 고덕역 (primary=KEY_1)
2026-08-22 00:46:21,568 [INFO] [78/121] 고속터미널역 (primary=KEY_2)
2026-08-22 00:46:22,702 [INFO] [79/121] 교대역 (primary=KEY_3)
2026-08-22 00:46:23,839 [INFO] [80/121] 구로디지털단지역 (primary=KEY_4)
2026-08-22 00:46:25,252 [INFO] [81/121] 구로역 (primary=KEY_1)
2026-08-22 00:46:26,372 [INFO] [82/121] 군자역 (primary=KEY_2)
2026-08-22 00:46:27,522 [INFO] [83/121] 대림역 (primary=KEY_3)
2026-08-22 00:46:28,658 [INFO] [84/121] 동대문역 (primary=KEY_4)
2026-08-22 00:46:29,788 [INFO] [85/121] 뚝섬역 (primary=KEY_1)
2026-08-22 00:46:30,914 [INFO] [86/121] 미아사거리역 (primary=KEY_2)
2026-08-22 00:46:32,050 [INFO] [87/121] 발산역 (primary=KEY_3)
2026-08-22 00:46:33,468 [INFO] [88/121] 사당역 (primary=KEY_4)
2026-08-22 00:46:34,617 [INFO] [89/121] 삼각지역 (primary=KEY_1)
2026-08-22 00:46:35,610 [INFO] [90/121] 서울대입구역 (primary=KEY_2)
2026-08-22 00:46:36,731 [INFO] [91/121] 서울식물원·마곡나루역 (primary=KEY_3)
2026-08-22 00:46:38,012 [INFO] [92/121] 서울역 (primary=KEY_4)
2026-08-22 00:46:39,443 [INFO] [93/121] 선릉역 (primary=KEY_1)
2026-08-22 00:46:40,868 [INFO] [94/121] 성신여대입구역 (primary=KEY_2)
2026-08-22 00:46:41,874 [INFO] [95/121] 수유역 (primary=KEY_3)
2026-08-22 00:46:43,015 [INFO] [96/121] 숭례문 (primary=KEY_4)
2026-08-22 00:46:44,284 [INFO] [97/121] 시의회 앞 (primary=KEY_1)
2026-08-22 00:46:45,409 [INFO] [98/121] 신논현역·논현역 (primary=KEY_2)
2026-08-22 00:46:46,543 [INFO] [99/121] 신도림역 (primary=KEY_3)
2026-08-22 00:46:47,529 [INFO] [100/121] 신림역 (primary=KEY_4)
2026-08-22 00:46:48,675 [INFO] [101/121] 신정네거리역 (primary=KEY_1)
2026-08-22 00:46:49,805 [INFO] [102/121] 신촌·이대역 (primary=KEY_2)
2026-08-22 00:46:50,931 [INFO] [103/121] 쌍문역 (primary=KEY_3)
2026-08-22 00:46:52,048 [INFO] [104/121] 양재역 (primary=KEY_4)
2026-08-22 00:46:53,177 [INFO] [105/121] 역삼역 (primary=KEY_1)
2026-08-22 00:46:54,431 [INFO] [106/121] 연신내역 (primary=KEY_2)
2026-08-22 00:46:55,440 [INFO] [107/121] 오목교역·목동운동장 (primary=KEY_3)
2026-08-22 00:46:57,023 [INFO] [108/121] 왕십리역 (primary=KEY_4)
2026-08-22 00:46:58,311 [INFO] [109/121] 용산역 (primary=KEY_1)
2026-08-22 00:46:59,593 [INFO] [110/121] 이태원역 (primary=KEY_2)
2026-08-22 00:47:00,578 [INFO] [111/121] 잠실새내역 (primary=KEY_3)
2026-08-22 00:47:01,829 [INFO] [112/121] 잠실역 (primary=KEY_4)
2026-08-22 00:47:03,120 [INFO] [113/121] 장지역 (primary=KEY_1)
2026-08-22 00:47:04,420 [INFO] [114/121] 장한평역 (primary=KEY_2)
2026-08-22 00:47:05,561 [INFO] [115/121] 천호역 (primary=KEY_3)
2026-08-22 00:47:06,714 [INFO] [116/121] 총신대입구(이수)역 (primary=KEY_4)
2026-08-22 00:47:07,861 [INFO] [117/121] 충정로역 (primary=KEY_1)
2026-08-22 00:47:08,999 [INFO] [118/121] 합정역 (primary=KEY_2)
2026-08-22 00:47:10,130 [INFO] [119/121] 혜화역 (primary=KEY_3)
2026-08-22 00:47:11,274 [INFO] [120/121] 홍대입구역(2호선) (primary=KEY_4)
2026-08-22 00:47:12,418 [INFO] [121/121] 회기역 (primary=KEY_1)
2026-08-22 00:47:13,847 [INFO] === 수집 완료 | 성공 121, 실패 0 ===
2026-08-22 00:47:13,847 [INFO] 카테고리별 저장 결과:
2026-08-22 00:47:13,848 [INFO]    accident                  | 신규     1행 | 누적      1행 | 16컬럼
2026-08-22 00:47:13,848 [INFO]    accident_acdnt_cntrl_stts | 신규     4행 | 누적      4행 | 16컬럼
2026-08-22 00:47:13,848 [INFO]    area_meta                 | 신규   121행 | 누적    121행 | 5컬럼
2026-08-22 00:47:13,848 [INFO]    bike                      | 신규    10행 | 누적     10행 | 12컬럼
2026-08-22 00:47:13,848 [INFO]    bike_sbike_stts           | 신규   574행 | 누적    574행 | 12컬럼
2026-08-22 00:47:13,848 [INFO]    bus                       | 신규     3행 | 누적      3행 | 11컬럼
2026-08-22 00:47:13,848 [INFO]    bus_bus_stn_stts          | 신규  1745행 | 누적   1745행 | 11컬럼
2026-08-22 00:47:13,848 [INFO]    charger                   | 신규     4행 | 누적      4행 | 15컬럼
2026-08-22 00:47:13,848 [INFO]    charger_charger_stts      | 신규  1930행 | 누적   1930행 | 15컬럼
2026-08-22 00:47:13,848 [INFO]    cmrcl                     | 신규    82행 | 누적     82행 | 20컬럼
2026-08-22 00:47:13,848 [INFO]    events                    | 신규    12행 | 누적     12행 | 14컬럼
2026-08-22 00:47:13,848 [INFO]    events_event_stts         | 신규   143행 | 누적    143행 | 14컬럼
2026-08-22 00:47:13,848 [INFO]    parking                   | 신규     6행 | 누적      6행 | 21컬럼
2026-08-22 00:47:13,848 [INFO]    parking_prk_stts          | 신규  1834행 | 누적   1834행 | 21컬럼
2026-08-22 00:47:13,848 [INFO]    ppltn                     | 신규   121행 | 누적    121행 | 26컬럼
2026-08-22 00:47:13,848 [INFO]    road                      | 신규   121행 | 누적    121행 | 21컬럼
2026-08-22 00:47:13,848 [INFO]    road_road_traffic_stts    | 신규  5292행 | 누적   5292행 | 17컬럼
2026-08-22 00:47:13,848 [INFO]    subway                    | 신규    38행 | 누적     38행 | 12컬럼
2026-08-22 00:47:13,848 [INFO]    subway_sub_stts           | 신규   183행 | 누적    183행 | 13컬럼
2026-08-22 00:47:13,848 [INFO]    weather                   | 신규   119행 | 누적    119행 | 29컬럼
2026-08-22 00:47:13,848 [INFO] 키별 사용량:
2026-08-22 00:47:13,848 [INFO]    🟢 KEY_1 (31/1000) 
2026-08-22 00:47:13,848 [INFO]    🟢 KEY_2 (30/1000) 
2026-08-22 00:47:13,848 [INFO]    🟢 KEY_3 (30/1000) 
2026-08-22 00:47:13,848 [INFO]    🟢 KEY_4 (30/1000) 
2026-08-22 01:47:26,520 [INFO] 등록된 키: 4개, 합산 한도 4,000건/일
2026-08-22 01:47:26,521 [INFO] POI 로드: 매뉴얼 v8.5 기준 fallback 121개 (121개 전체)
2026-08-22 01:47:26,521 [INFO] === 수집 시작 2026-08-22T01:47:26.521354+09:00 ===
2026-08-22 01:47:26,521 [INFO] 대상 장소: 121개 | API: citydata (통합)
2026-08-22 01:47:26,521 [INFO] 키 풀: 4/4 활성 | 오늘 사용 0/4000건
2026-08-22 01:47:26,521 [INFO]   [KEY_1] 담당 31장소
2026-08-22 01:47:26,521 [INFO]   [KEY_2] 담당 30장소
2026-08-22 01:47:26,521 [INFO]   [KEY_3] 담당 30장소
2026-08-22 01:47:26,521 [INFO]   [KEY_4] 담당 30장소
2026-08-22 01:47:26,521 [INFO] [1/121] 경복궁 (primary=KEY_1)
2026-08-22 01:47:28,221 [INFO] [2/121] 광화문·덕수궁 (primary=KEY_2)
2026-08-22 01:47:29,859 [INFO] [3/121] 보신각 (primary=KEY_3)
2026-08-22 01:47:31,695 [INFO] [4/121] 서울 암사동 유적 (primary=KEY_4)
2026-08-22 01:47:32,670 [INFO] [5/121] 창덕궁·종묘 (primary=KEY_1)
2026-08-22 01:47:34,485 [INFO] [6/121] 강남 MICE 관광특구 (primary=KEY_2)
2026-08-22 01:47:35,747 [INFO] [7/121] 동대문 관광특구 (primary=KEY_3)
2026-08-22 01:47:37,069 [INFO] [8/121] 명동 관광특구 (primary=KEY_4)
2026-08-22 01:47:38,680 [INFO] [9/121] 이태원 관광특구 (primary=KEY_1)
2026-08-22 01:47:40,515 [INFO] [10/121] 잠실 관광특구 (primary=KEY_2)
2026-08-22 01:47:41,999 [INFO] [11/121] 종로·청계 관광특구 (primary=KEY_3)
2026-08-22 01:47:43,446 [INFO] [12/121] 홍대 관광특구 (primary=KEY_4)
2026-08-22 01:47:44,775 [INFO] [13/121] 강서한강공원 (primary=KEY_1)
2026-08-22 01:47:45,755 [INFO] [14/121] 고척돔 (primary=KEY_2)
2026-08-22 01:47:46,877 [INFO] [15/121] 광나루한강공원 (primary=KEY_3)
2026-08-22 01:47:48,125 [INFO] [16/121] 광화문광장 (primary=KEY_4)
2026-08-22 01:47:49,287 [INFO] [17/121] 국립중앙박물관·용산가족공원 (primary=KEY_1)
2026-08-22 01:47:50,282 [INFO] [18/121] 난지한강공원 (primary=KEY_2)
2026-08-22 01:47:51,264 [INFO] [19/121] 남산공원 (primary=KEY_3)
2026-08-22 01:47:52,577 [INFO] [20/121] 노들섬 (primary=KEY_4)
2026-08-22 01:47:53,553 [INFO] [21/121] 뚝섬한강공원 (primary=KEY_1)
2026-08-22 01:47:54,542 [INFO] [22/121] 망원한강공원 (primary=KEY_2)
2026-08-22 01:47:55,684 [INFO] [23/121] 반포한강공원 (primary=KEY_3)
2026-08-22 01:47:56,666 [INFO] [24/121] 보라매공원 (primary=KEY_4)
2026-08-22 01:47:57,715 [INFO] [25/121] 북서울꿈의숲 (primary=KEY_1)
2026-08-22 01:47:58,844 [INFO] [26/121] 서대문독립공원 (primary=KEY_2)
2026-08-22 01:47:59,842 [INFO] [27/121] 서리풀공원·몽마르뜨공원 (primary=KEY_3)
2026-08-22 01:48:00,900 [INFO] [28/121] 서울대공원 (primary=KEY_4)
2026-08-22 01:48:01,888 [INFO] [29/121] 서울숲공원 (primary=KEY_1)
2026-08-22 01:48:03,009 [INFO] [30/121] 송현녹지광장 (primary=KEY_2)
2026-08-22 01:48:04,144 [INFO] [31/121] 아차산 (primary=KEY_3)
2026-08-22 01:48:05,134 [INFO] [32/121] 안양천 (primary=KEY_4)
2026-08-22 01:48:06,107 [INFO] [33/121] 양화한강공원 (primary=KEY_1)
2026-08-22 01:48:07,078 [INFO] [34/121] 어린이대공원 (primary=KEY_2)
2026-08-22 01:48:08,221 [INFO] [35/121] 여의도한강공원 (primary=KEY_3)
2026-08-22 01:48:09,337 [INFO] [36/121] 여의서로 (primary=KEY_4)
2026-08-22 01:48:10,441 [INFO] [37/121] 올림픽공원 (primary=KEY_1)
2026-08-22 01:48:11,610 [INFO] [38/121] 월드컵공원 (primary=KEY_2)
2026-08-22 01:48:12,919 [INFO] [39/121] 응봉산 (primary=KEY_3)
2026-08-22 01:48:14,034 [INFO] [40/121] 이촌한강공원 (primary=KEY_4)
2026-08-22 01:48:15,022 [INFO] [41/121] 잠실종합운동장 (primary=KEY_1)
2026-08-22 01:48:16,815 [INFO] [42/121] 잠실한강공원 (primary=KEY_2)
2026-08-22 01:48:17,822 [INFO] [43/121] 잠원한강공원 (primary=KEY_3)
2026-08-22 01:48:18,803 [INFO] [44/121] 청계산 (primary=KEY_4)
2026-08-22 01:48:19,772 [INFO] [45/121] 홍제폭포 (primary=KEY_1)
2026-08-22 01:48:20,749 [INFO] [46/121] 가락시장 (primary=KEY_2)
2026-08-22 01:48:21,918 [INFO] [47/121] 가로수길 (primary=KEY_3)
2026-08-22 01:48:23,062 [INFO] [48/121] 광장(전통)시장 (primary=KEY_4)
2026-08-22 01:48:24,051 [INFO] [49/121] 김포공항 (primary=KEY_1)
2026-08-22 01:48:25,380 [INFO] [50/121] 남대문시장 (primary=KEY_2)
2026-08-22 01:48:26,522 [INFO] [51/121] 노량진 (primary=KEY_3)
2026-08-22 01:48:27,663 [INFO] [52/121] 덕수궁길·정동길 (primary=KEY_4)
2026-08-22 01:48:28,821 [INFO] [53/121] 북창동 먹자골목 (primary=KEY_1)
2026-08-22 01:48:29,946 [INFO] [54/121] 북촌한옥마을 (primary=KEY_2)
2026-08-22 01:48:31,218 [INFO] [55/121] 서촌 (primary=KEY_3)
2026-08-22 01:48:32,372 [INFO] [56/121] 성수카페거리 (primary=KEY_4)
2026-08-22 01:48:33,669 [INFO] [57/121] 송리단길·호수단길 (primary=KEY_1)
2026-08-22 01:48:34,831 [INFO] [58/121] 신촌 스타광장 (primary=KEY_2)
2026-08-22 01:48:35,835 [INFO] [59/121] 압구정로데오거리 (primary=KEY_3)
2026-08-22 01:48:36,981 [INFO] [60/121] 여의도 (primary=KEY_4)
2026-08-22 01:48:38,754 [INFO] [61/121] 연남동 (primary=KEY_1)
2026-08-22 01:48:39,890 [INFO] [62/121] 영등포 타임스퀘어 (primary=KEY_2)
2026-08-22 01:48:41,020 [INFO] [63/121] 용리단길 (primary=KEY_3)
2026-08-22 01:48:42,038 [INFO] [64/121] 이태원 앤틱가구거리 (primary=KEY_4)
2026-08-22 01:48:43,066 [INFO] [65/121] 익선동 (primary=KEY_1)
2026-08-22 01:48:44,227 [INFO] [66/121] 인사동 (primary=KEY_2)
2026-08-22 01:48:45,516 [INFO] [67/121] 잠실롯데타워·석촌호수 (primary=KEY_3)
2026-08-22 01:48:46,998 [INFO] [68/121] 창동 신경제 중심지 (primary=KEY_4)
2026-08-22 01:48:48,435 [INFO] [69/121] 청담동 명품거리 (primary=KEY_1)
2026-08-22 01:48:49,564 [INFO] [70/121] 청량리 제기동 일대 전통시장 (primary=KEY_2)
2026-08-22 01:48:50,762 [INFO] [71/121] 해방촌·경리단길 (primary=KEY_3)
2026-08-22 01:48:51,761 [INFO] [72/121] DDP(동대문디자인플라자) (primary=KEY_4)
2026-08-22 01:48:52,894 [INFO] [73/121] DMC(디지털미디어시티) (primary=KEY_1)
2026-08-22 01:48:54,372 [INFO] [74/121] 가산디지털단지역 (primary=KEY_2)
2026-08-22 01:48:55,928 [INFO] [75/121] 강남역 (primary=KEY_3)
2026-08-22 01:48:57,226 [INFO] [76/121] 건대입구역 (primary=KEY_4)
2026-08-22 01:48:58,366 [INFO] [77/121] 고덕역 (primary=KEY_1)
2026-08-22 01:48:59,515 [INFO] [78/121] 고속터미널역 (primary=KEY_2)
2026-08-22 01:49:00,665 [INFO] [79/121] 교대역 (primary=KEY_3)
2026-08-22 01:49:01,688 [INFO] [80/121] 구로디지털단지역 (primary=KEY_4)
2026-08-22 01:49:03,106 [INFO] [81/121] 구로역 (primary=KEY_1)
2026-08-22 01:49:04,229 [INFO] [82/121] 군자역 (primary=KEY_2)
2026-08-22 01:49:05,229 [INFO] [83/121] 대림역 (primary=KEY_3)
2026-08-22 01:49:06,374 [INFO] [84/121] 동대문역 (primary=KEY_4)
2026-08-22 01:49:07,502 [INFO] [85/121] 뚝섬역 (primary=KEY_1)
2026-08-22 01:49:08,674 [INFO] [86/121] 미아사거리역 (primary=KEY_2)
2026-08-22 01:49:09,813 [INFO] [87/121] 발산역 (primary=KEY_3)
2026-08-22 01:49:11,263 [INFO] [88/121] 사당역 (primary=KEY_4)
2026-08-22 01:49:12,410 [INFO] [89/121] 삼각지역 (primary=KEY_1)
2026-08-22 01:49:13,434 [INFO] [90/121] 서울대입구역 (primary=KEY_2)
2026-08-22 01:49:14,575 [INFO] [91/121] 서울식물원·마곡나루역 (primary=KEY_3)
2026-08-22 01:49:15,907 [INFO] [92/121] 서울역 (primary=KEY_4)
2026-08-22 01:49:17,095 [INFO] [93/121] 선릉역 (primary=KEY_1)
2026-08-22 01:49:18,547 [INFO] [94/121] 성신여대입구역 (primary=KEY_2)
2026-08-22 01:49:19,565 [INFO] [95/121] 수유역 (primary=KEY_3)
2026-08-22 01:49:20,724 [INFO] [96/121] 숭례문 (primary=KEY_4)
2026-08-22 01:49:22,018 [INFO] [97/121] 시의회 앞 (primary=KEY_1)
2026-08-22 01:49:23,194 [INFO] [98/121] 신논현역·논현역 (primary=KEY_2)
2026-08-22 01:49:24,366 [INFO] [99/121] 신도림역 (primary=KEY_3)
2026-08-22 01:49:25,367 [INFO] [100/121] 신림역 (primary=KEY_4)
2026-08-22 01:49:26,377 [INFO] [101/121] 신정네거리역 (primary=KEY_1)
2026-08-22 01:49:27,524 [INFO] [102/121] 신촌·이대역 (primary=KEY_2)
2026-08-22 01:49:28,664 [INFO] [103/121] 쌍문역 (primary=KEY_3)
2026-08-22 01:49:29,813 [INFO] [104/121] 양재역 (primary=KEY_4)
2026-08-22 01:49:30,965 [INFO] [105/121] 역삼역 (primary=KEY_1)
2026-08-22 01:49:32,241 [INFO] [106/121] 연신내역 (primary=KEY_2)
2026-08-22 01:49:33,244 [INFO] [107/121] 오목교역·목동운동장 (primary=KEY_3)
2026-08-22 01:49:34,848 [INFO] [108/121] 왕십리역 (primary=KEY_4)
2026-08-22 01:49:36,036 [INFO] [109/121] 용산역 (primary=KEY_1)
2026-08-22 01:49:37,346 [INFO] [110/121] 이태원역 (primary=KEY_2)
2026-08-22 01:49:38,357 [INFO] [111/121] 잠실새내역 (primary=KEY_3)
2026-08-22 01:49:39,558 [INFO] [112/121] 잠실역 (primary=KEY_4)
2026-08-22 01:49:40,841 [INFO] [113/121] 장지역 (primary=KEY_1)
2026-08-22 01:49:42,135 [INFO] [114/121] 장한평역 (primary=KEY_2)
2026-08-22 01:49:43,292 [INFO] [115/121] 천호역 (primary=KEY_3)
2026-08-22 01:49:44,496 [INFO] [116/121] 총신대입구(이수)역 (primary=KEY_4)
2026-08-22 01:49:45,642 [INFO] [117/121] 충정로역 (primary=KEY_1)
2026-08-22 01:49:46,805 [INFO] [118/121] 합정역 (primary=KEY_2)
2026-08-22 01:49:47,957 [INFO] [119/121] 혜화역 (primary=KEY_3)
2026-08-22 01:49:49,118 [INFO] [120/121] 홍대입구역(2호선) (primary=KEY_4)
2026-08-22 01:49:50,265 [INFO] [121/121] 회기역 (primary=KEY_1)
2026-08-22 01:49:52,141 [INFO] === 수집 완료 | 성공 121, 실패 0 ===
2026-08-22 01:49:52,141 [INFO] 카테고리별 저장 결과:
2026-08-22 01:49:52,141 [INFO]    accident                  | 신규     1행 | 누적      2행 | 16컬럼
2026-08-22 01:49:52,141 [INFO]    accident_acdnt_cntrl_stts | 신규     4행 | 누적      8행 | 16컬럼
2026-08-22 01:49:52,141 [INFO]    area_meta                 | 신규   121행 | 누적    242행 | 5컬럼
2026-08-22 01:49:52,141 [INFO]    bike                      | 신규    10행 | 누적     20행 | 12컬럼
2026-08-22 01:49:52,141 [INFO]    bike_sbike_stts           | 신규   574행 | 누적   1148행 | 12컬럼
2026-08-22 01:49:52,142 [INFO]    bus                       | 신규     3행 | 누적      6행 | 11컬럼
2026-08-22 01:49:52,142 [INFO]    bus_bus_stn_stts          | 신규  1745행 | 누적   3490행 | 11컬럼
2026-08-22 01:49:52,142 [INFO]    charger                   | 신규     4행 | 누적      8행 | 15컬럼
2026-08-22 01:49:52,142 [INFO]    charger_charger_stts      | 신규  1930행 | 누적   3834행 | 15컬럼
2026-08-22 01:49:52,142 [INFO]    cmrcl                     | 신규    82행 | 누적    164행 | 20컬럼
2026-08-22 01:49:52,142 [INFO]    events                    | 신규    12행 | 누적     24행 | 14컬럼
2026-08-22 01:49:52,142 [INFO]    events_event_stts         | 신규   143행 | 누적    286행 | 14컬럼
2026-08-22 01:49:52,142 [INFO]    parking                   | 신규     6행 | 누적     12행 | 21컬럼
2026-08-22 01:49:52,142 [INFO]    parking_prk_stts          | 신규  1834행 | 누적   3668행 | 21컬럼
2026-08-22 01:49:52,142 [INFO]    ppltn                     | 신규   121행 | 누적    242행 | 26컬럼
2026-08-22 01:49:52,142 [INFO]    road                      | 신규   121행 | 누적    242행 | 21컬럼
2026-08-22 01:49:52,142 [INFO]    road_road_traffic_stts    | 신규  5292행 | 누적  10584행 | 17컬럼
2026-08-22 01:49:52,142 [INFO]    subway                    | 신규    38행 | 누적     76행 | 12컬럼
2026-08-22 01:49:52,142 [INFO]    subway_sub_stts           | 신규   183행 | 누적    366행 | 13컬럼
2026-08-22 01:49:52,142 [INFO]    weather                   | 신규   119행 | 누적    238행 | 29컬럼
2026-08-22 01:49:52,142 [INFO] 키별 사용량:
2026-08-22 01:49:52,142 [INFO]    🟢 KEY_1 (31/1000) 
2026-08-22 01:49:52,142 [INFO]    🟢 KEY_2 (30/1000) 
2026-08-22 01:49:52,142 [INFO]    🟢 KEY_3 (30/1000) 
2026-08-22 01:49:52,142 [INFO]    🟢 KEY_4 (30/1000) 
2026-08-22 02:39:46,201 [INFO] 등록된 키: 4개, 합산 한도 4,000건/일
2026-08-22 02:39:46,202 [INFO] POI 로드: 매뉴얼 v8.5 기준 fallback 121개 (121개 전체)
2026-08-22 02:39:46,202 [INFO] === 수집 시작 2026-08-22T02:39:46.202791+09:00 ===
2026-08-22 02:39:46,202 [INFO] 대상 장소: 121개 | API: citydata (통합)
2026-08-22 02:39:46,203 [INFO] 키 풀: 4/4 활성 | 오늘 사용 0/4000건
2026-08-22 02:39:46,203 [INFO]   [KEY_1] 담당 31장소
2026-08-22 02:39:46,203 [INFO]   [KEY_2] 담당 30장소
2026-08-22 02:39:46,203 [INFO]   [KEY_3] 담당 30장소
2026-08-22 02:39:46,203 [INFO]   [KEY_4] 담당 30장소
2026-08-22 02:39:46,203 [INFO] [1/121] 경복궁 (primary=KEY_1)
2026-08-22 02:39:47,867 [INFO] [2/121] 광화문·덕수궁 (primary=KEY_2)
2026-08-22 02:39:49,834 [INFO] [3/121] 보신각 (primary=KEY_3)
2026-08-22 02:39:51,616 [INFO] [4/121] 서울 암사동 유적 (primary=KEY_4)
2026-08-22 02:39:52,718 [INFO] [5/121] 창덕궁·종묘 (primary=KEY_1)
2026-08-22 02:39:53,972 [INFO] [6/121] 강남 MICE 관광특구 (primary=KEY_2)
2026-08-22 02:39:55,246 [INFO] [7/121] 동대문 관광특구 (primary=KEY_3)
2026-08-22 02:39:56,697 [INFO] [8/121] 명동 관광특구 (primary=KEY_4)
2026-08-22 02:39:58,345 [INFO] [9/121] 이태원 관광특구 (primary=KEY_1)
2026-08-22 02:39:59,620 [INFO] [10/121] 잠실 관광특구 (primary=KEY_2)
2026-08-22 02:40:01,075 [INFO] [11/121] 종로·청계 관광특구 (primary=KEY_3)
2026-08-22 02:40:02,606 [INFO] [12/121] 홍대 관광특구 (primary=KEY_4)
2026-08-22 02:40:03,944 [INFO] [13/121] 강서한강공원 (primary=KEY_1)
2026-08-22 02:40:04,922 [INFO] [14/121] 고척돔 (primary=KEY_2)
2026-08-22 02:40:05,889 [INFO] [15/121] 광나루한강공원 (primary=KEY_3)
2026-08-22 02:40:07,213 [INFO] [16/121] 광화문광장 (primary=KEY_4)
2026-08-22 02:40:09,104 [INFO] [17/121] 국립중앙박물관·용산가족공원 (primary=KEY_1)
2026-08-22 02:40:10,084 [INFO] [18/121] 난지한강공원 (primary=KEY_2)
2026-08-22 02:40:11,056 [INFO] [19/121] 남산공원 (primary=KEY_3)
2026-08-22 02:40:12,408 [INFO] [20/121] 노들섬 (primary=KEY_4)
2026-08-22 02:40:13,374 [INFO] [21/121] 뚝섬한강공원 (primary=KEY_1)
2026-08-22 02:40:14,346 [INFO] [22/121] 망원한강공원 (primary=KEY_2)
2026-08-22 02:40:15,465 [INFO] [23/121] 반포한강공원 (primary=KEY_3)
2026-08-22 02:40:16,436 [INFO] [24/121] 보라매공원 (primary=KEY_4)
2026-08-22 02:40:17,417 [INFO] [25/121] 북서울꿈의숲 (primary=KEY_1)
2026-08-22 02:40:18,554 [INFO] [26/121] 서대문독립공원 (primary=KEY_2)
2026-08-22 02:40:19,538 [INFO] [27/121] 서리풀공원·몽마르뜨공원 (primary=KEY_3)
2026-08-22 02:40:20,541 [INFO] [28/121] 서울대공원 (primary=KEY_4)
2026-08-22 02:40:21,506 [INFO] [29/121] 서울숲공원 (primary=KEY_1)
2026-08-22 02:40:22,636 [INFO] [30/121] 송현녹지광장 (primary=KEY_2)
2026-08-22 02:40:23,768 [INFO] [31/121] 아차산 (primary=KEY_3)
2026-08-22 02:40:24,739 [INFO] [32/121] 안양천 (primary=KEY_4)
2026-08-22 02:40:25,702 [INFO] [33/121] 양화한강공원 (primary=KEY_1)
2026-08-22 02:40:26,670 [INFO] [34/121] 어린이대공원 (primary=KEY_2)
2026-08-22 02:40:27,928 [INFO] [35/121] 여의도한강공원 (primary=KEY_3)
2026-08-22 02:40:29,087 [INFO] [36/121] 여의서로 (primary=KEY_4)
2026-08-22 02:40:30,194 [INFO] [37/121] 올림픽공원 (primary=KEY_1)
2026-08-22 02:40:31,331 [INFO] [38/121] 월드컵공원 (primary=KEY_2)
2026-08-22 02:40:32,605 [INFO] [39/121] 응봉산 (primary=KEY_3)
2026-08-22 02:40:33,715 [INFO] [40/121] 이촌한강공원 (primary=KEY_4)
2026-08-22 02:40:34,691 [INFO] [41/121] 잠실종합운동장 (primary=KEY_1)
2026-08-22 02:40:35,664 [INFO] [42/121] 잠실한강공원 (primary=KEY_2)
2026-08-22 02:40:36,652 [INFO] [43/121] 잠원한강공원 (primary=KEY_3)
2026-08-22 02:40:37,625 [INFO] [44/121] 청계산 (primary=KEY_4)
2026-08-22 02:40:38,584 [INFO] [45/121] 홍제폭포 (primary=KEY_1)
2026-08-22 02:40:39,701 [INFO] [46/121] 가락시장 (primary=KEY_2)
2026-08-22 02:40:40,836 [INFO] [47/121] 가로수길 (primary=KEY_3)
2026-08-22 02:40:41,972 [INFO] [48/121] 광장(전통)시장 (primary=KEY_4)
2026-08-22 02:40:42,958 [INFO] [49/121] 김포공항 (primary=KEY_1)
2026-08-22 02:40:44,219 [INFO] [50/121] 남대문시장 (primary=KEY_2)
2026-08-22 02:40:45,343 [INFO] [51/121] 노량진 (primary=KEY_3)
2026-08-22 02:40:46,467 [INFO] [52/121] 덕수궁길·정동길 (primary=KEY_4)
2026-08-22 02:40:47,613 [INFO] [53/121] 북창동 먹자골목 (primary=KEY_1)
2026-08-22 02:40:48,732 [INFO] [54/121] 북촌한옥마을 (primary=KEY_2)
2026-08-22 02:40:50,004 [INFO] [55/121] 서촌 (primary=KEY_3)
2026-08-22 02:40:51,133 [INFO] [56/121] 성수카페거리 (primary=KEY_4)
2026-08-22 02:40:52,412 [INFO] [57/121] 송리단길·호수단길 (primary=KEY_1)
2026-08-22 02:40:53,689 [INFO] [58/121] 신촌 스타광장 (primary=KEY_2)
2026-08-22 02:40:54,686 [INFO] [59/121] 압구정로데오거리 (primary=KEY_3)
2026-08-22 02:40:55,818 [INFO] [60/121] 여의도 (primary=KEY_4)
2026-08-22 02:40:57,592 [INFO] [61/121] 연남동 (primary=KEY_1)
2026-08-22 02:40:58,717 [INFO] [62/121] 영등포 타임스퀘어 (primary=KEY_2)
2026-08-22 02:40:59,843 [INFO] [63/121] 용리단길 (primary=KEY_3)
2026-08-22 02:41:00,856 [INFO] [64/121] 이태원 앤틱가구거리 (primary=KEY_4)
2026-08-22 02:41:01,858 [INFO] [65/121] 익선동 (primary=KEY_1)
2026-08-22 02:41:03,036 [INFO] [66/121] 인사동 (primary=KEY_2)
2026-08-22 02:41:04,301 [INFO] [67/121] 잠실롯데타워·석촌호수 (primary=KEY_3)
2026-08-22 02:41:05,707 [INFO] [68/121] 창동 신경제 중심지 (primary=KEY_4)
2026-08-22 02:41:07,116 [INFO] [69/121] 청담동 명품거리 (primary=KEY_1)
2026-08-22 02:41:08,236 [INFO] [70/121] 청량리 제기동 일대 전통시장 (primary=KEY_2)
2026-08-22 02:41:09,422 [INFO] [71/121] 해방촌·경리단길 (primary=KEY_3)
2026-08-22 02:41:10,407 [INFO] [72/121] DDP(동대문디자인플라자) (primary=KEY_4)
2026-08-22 02:41:11,543 [INFO] [73/121] DMC(디지털미디어시티) (primary=KEY_1)
2026-08-22 02:41:12,972 [INFO] [74/121] 가산디지털단지역 (primary=KEY_2)
2026-08-22 02:41:14,513 [INFO] [75/121] 강남역 (primary=KEY_3)
2026-08-22 02:41:15,797 [INFO] [76/121] 건대입구역 (primary=KEY_4)
2026-08-22 02:41:16,928 [INFO] [77/121] 고덕역 (primary=KEY_1)
2026-08-22 02:41:18,038 [INFO] [78/121] 고속터미널역 (primary=KEY_2)
2026-08-22 02:41:19,170 [INFO] [79/121] 교대역 (primary=KEY_3)
2026-08-22 02:41:20,163 [INFO] [80/121] 구로디지털단지역 (primary=KEY_4)
2026-08-22 02:41:21,606 [INFO] [81/121] 구로역 (primary=KEY_1)
2026-08-22 02:41:22,711 [INFO] [82/121] 군자역 (primary=KEY_2)
2026-08-22 02:41:23,708 [INFO] [83/121] 대림역 (primary=KEY_3)
2026-08-22 02:41:24,838 [INFO] [84/121] 동대문역 (primary=KEY_4)
2026-08-22 02:41:25,974 [INFO] [85/121] 뚝섬역 (primary=KEY_1)
2026-08-22 02:41:27,095 [INFO] [86/121] 미아사거리역 (primary=KEY_2)
2026-08-22 02:41:28,227 [INFO] [87/121] 발산역 (primary=KEY_3)
2026-08-22 02:41:29,494 [INFO] [88/121] 사당역 (primary=KEY_4)
2026-08-22 02:41:30,619 [INFO] [89/121] 삼각지역 (primary=KEY_1)
2026-08-22 02:41:31,601 [INFO] [90/121] 서울대입구역 (primary=KEY_2)
2026-08-22 02:41:32,721 [INFO] [91/121] 서울식물원·마곡나루역 (primary=KEY_3)
2026-08-22 02:41:33,990 [INFO] [92/121] 서울역 (primary=KEY_4)
2026-08-22 02:41:35,158 [INFO] [93/121] 선릉역 (primary=KEY_1)
2026-08-22 02:41:36,589 [INFO] [94/121] 성신여대입구역 (primary=KEY_2)
2026-08-22 02:41:37,587 [INFO] [95/121] 수유역 (primary=KEY_3)
2026-08-22 02:41:38,712 [INFO] [96/121] 숭례문 (primary=KEY_4)
2026-08-22 02:41:39,977 [INFO] [97/121] 시의회 앞 (primary=KEY_1)
2026-08-22 02:41:41,121 [INFO] [98/121] 신논현역·논현역 (primary=KEY_2)
2026-08-22 02:41:42,285 [INFO] [99/121] 신도림역 (primary=KEY_3)
2026-08-22 02:41:43,265 [INFO] [100/121] 신림역 (primary=KEY_4)
2026-08-22 02:41:44,275 [INFO] [101/121] 신정네거리역 (primary=KEY_1)
2026-08-22 02:41:45,394 [INFO] [102/121] 신촌·이대역 (primary=KEY_2)
2026-08-22 02:41:46,531 [INFO] [103/121] 쌍문역 (primary=KEY_3)
2026-08-22 02:41:47,701 [INFO] [104/121] 양재역 (primary=KEY_4)
2026-08-22 02:41:48,834 [INFO] [105/121] 역삼역 (primary=KEY_1)
2026-08-22 02:41:50,104 [INFO] [106/121] 연신내역 (primary=KEY_2)
2026-08-22 02:41:51,119 [INFO] [107/121] 오목교역·목동운동장 (primary=KEY_3)
2026-08-22 02:41:52,692 [INFO] [108/121] 왕십리역 (primary=KEY_4)
2026-08-22 02:41:53,854 [INFO] [109/121] 용산역 (primary=KEY_1)
2026-08-22 02:41:55,134 [INFO] [110/121] 이태원역 (primary=KEY_2)
2026-08-22 02:41:56,137 [INFO] [111/121] 잠실새내역 (primary=KEY_3)
2026-08-22 02:41:57,346 [INFO] [112/121] 잠실역 (primary=KEY_4)
2026-08-22 02:41:58,622 [INFO] [113/121] 장지역 (primary=KEY_1)
2026-08-22 02:41:59,892 [INFO] [114/121] 장한평역 (primary=KEY_2)
2026-08-22 02:42:01,011 [INFO] [115/121] 천호역 (primary=KEY_3)
2026-08-22 02:42:02,152 [INFO] [116/121] 총신대입구(이수)역 (primary=KEY_4)
2026-08-22 02:42:03,282 [INFO] [117/121] 충정로역 (primary=KEY_1)
2026-08-22 02:42:04,415 [INFO] [118/121] 합정역 (primary=KEY_2)
2026-08-22 02:42:05,560 [INFO] [119/121] 혜화역 (primary=KEY_3)
2026-08-22 02:42:06,680 [INFO] [120/121] 홍대입구역(2호선) (primary=KEY_4)
2026-08-22 02:42:07,816 [INFO] [121/121] 회기역 (primary=KEY_1)
2026-08-22 02:42:09,901 [INFO] === 수집 완료 | 성공 121, 실패 0 ===
2026-08-22 02:42:09,901 [INFO] 카테고리별 저장 결과:
2026-08-22 02:42:09,901 [INFO]    accident                  | 신규     1행 | 누적      3행 | 16컬럼
2026-08-22 02:42:09,901 [INFO]    accident_acdnt_cntrl_stts | 신규     4행 | 누적     12행 | 16컬럼
2026-08-22 02:42:09,901 [INFO]    area_meta                 | 신규   121행 | 누적    363행 | 5컬럼
2026-08-22 02:42:09,902 [INFO]    bike                      | 신규    10행 | 누적     30행 | 12컬럼
2026-08-22 02:42:09,902 [INFO]    bike_sbike_stts           | 신규   574행 | 누적   1722행 | 12컬럼
2026-08-22 02:42:09,902 [INFO]    bus                       | 신규     3행 | 누적      9행 | 11컬럼
2026-08-22 02:42:09,902 [INFO]    bus_bus_stn_stts          | 신규  1745행 | 누적   5235행 | 11컬럼
2026-08-22 02:42:09,902 [INFO]    charger                   | 신규     4행 | 누적     12행 | 15컬럼
2026-08-22 02:42:09,902 [INFO]    charger_charger_stts      | 신규  1930행 | 누적   5751행 | 15컬럼
2026-08-22 02:42:09,902 [INFO]    cmrcl                     | 신규    82행 | 누적    246행 | 20컬럼
2026-08-22 02:42:09,902 [INFO]    events                    | 신규    12행 | 누적     36행 | 14컬럼
2026-08-22 02:42:09,902 [INFO]    events_event_stts         | 신규   143행 | 누적    429행 | 14컬럼
2026-08-22 02:42:09,902 [INFO]    parking                   | 신규     6행 | 누적     18행 | 21컬럼
2026-08-22 02:42:09,902 [INFO]    parking_prk_stts          | 신규  1834행 | 누적   5502행 | 21컬럼
2026-08-22 02:42:09,902 [INFO]    ppltn                     | 신규   121행 | 누적    363행 | 26컬럼
2026-08-22 02:42:09,902 [INFO]    road                      | 신규   121행 | 누적    363행 | 21컬럼
2026-08-22 02:42:09,902 [INFO]    road_road_traffic_stts    | 신규  5292행 | 누적  15876행 | 17컬럼
2026-08-22 02:42:09,902 [INFO]    subway                    | 신규    38행 | 누적    114행 | 12컬럼
2026-08-22 02:42:09,902 [INFO]    subway_sub_stts           | 신규   183행 | 누적    549행 | 13컬럼
2026-08-22 02:42:09,902 [INFO]    weather                   | 신규   119행 | 누적    357행 | 29컬럼
2026-08-22 02:42:09,902 [INFO] 키별 사용량:
2026-08-22 02:42:09,903 [INFO]    🟢 KEY_1 (31/1000) 
2026-08-22 02:42:09,903 [INFO]    🟢 KEY_2 (30/1000) 
2026-08-22 02:42:09,903 [INFO]    🟢 KEY_3 (30/1000) 
2026-08-22 02:42:09,903 [INFO]    🟢 KEY_4 (30/1000) 
2026-08-22 03:52:35,054 [INFO] 등록된 키: 4개, 합산 한도 4,000건/일
2026-08-22 03:52:35,055 [INFO] POI 로드: 매뉴얼 v8.5 기준 fallback 121개 (121개 전체)
2026-08-22 03:52:35,055 [INFO] === 수집 시작 2026-08-22T03:52:35.055428+09:00 ===
2026-08-22 03:52:35,055 [INFO] 대상 장소: 121개 | API: citydata (통합)
2026-08-22 03:52:35,055 [INFO] 키 풀: 4/4 활성 | 오늘 사용 0/4000건
2026-08-22 03:52:35,055 [INFO]   [KEY_1] 담당 31장소
2026-08-22 03:52:35,055 [INFO]   [KEY_2] 담당 30장소
2026-08-22 03:52:35,055 [INFO]   [KEY_3] 담당 30장소
2026-08-22 03:52:35,055 [INFO]   [KEY_4] 담당 30장소
2026-08-22 03:52:35,055 [INFO] [1/121] 경복궁 (primary=KEY_1)
2026-08-22 03:52:36,857 [INFO] [2/121] 광화문·덕수궁 (primary=KEY_2)
2026-08-22 03:52:38,737 [INFO] [3/121] 보신각 (primary=KEY_3)
2026-08-22 03:52:40,468 [INFO] [4/121] 서울 암사동 유적 (primary=KEY_4)
2026-08-22 03:52:42,170 [INFO] [5/121] 창덕궁·종묘 (primary=KEY_1)
2026-08-22 03:52:43,293 [INFO] [6/121] 강남 MICE 관광특구 (primary=KEY_2)
2026-08-22 03:52:44,393 [INFO] [7/121] 동대문 관광특구 (primary=KEY_3)
2026-08-22 03:52:46,180 [INFO] [8/121] 명동 관광특구 (primary=KEY_4)
2026-08-22 03:52:47,627 [INFO] [9/121] 이태원 관광특구 (primary=KEY_1)
2026-08-22 03:52:49,259 [INFO] [10/121] 잠실 관광특구 (primary=KEY_2)
2026-08-22 03:52:50,688 [INFO] [11/121] 종로·청계 관광특구 (primary=KEY_3)
2026-08-22 03:52:52,488 [INFO] [12/121] 홍대 관광특구 (primary=KEY_4)
2026-08-22 03:52:53,892 [INFO] [13/121] 강서한강공원 (primary=KEY_1)
2026-08-22 03:52:54,838 [INFO] [14/121] 고척돔 (primary=KEY_2)
2026-08-22 03:52:55,798 [INFO] [15/121] 광나루한강공원 (primary=KEY_3)
2026-08-22 03:52:57,631 [INFO] [16/121] 광화문광장 (primary=KEY_4)
2026-08-22 03:52:58,738 [INFO] [17/121] 국립중앙박물관·용산가족공원 (primary=KEY_1)
2026-08-22 03:52:59,696 [INFO] [18/121] 난지한강공원 (primary=KEY_2)
2026-08-22 03:53:00,660 [INFO] [19/121] 남산공원 (primary=KEY_3)
2026-08-22 03:53:02,648 [INFO] [20/121] 노들섬 (primary=KEY_4)
2026-08-22 03:53:03,595 [INFO] [21/121] 뚝섬한강공원 (primary=KEY_1)
2026-08-22 03:53:05,077 [INFO] [22/121] 망원한강공원 (primary=KEY_2)
2026-08-22 03:53:06,172 [INFO] [23/121] 반포한강공원 (primary=KEY_3)
2026-08-22 03:53:07,776 [INFO] [24/121] 보라매공원 (primary=KEY_4)
2026-08-22 03:53:08,749 [INFO] [25/121] 북서울꿈의숲 (primary=KEY_1)
2026-08-22 03:53:09,843 [INFO] [26/121] 서대문독립공원 (primary=KEY_2)
2026-08-22 03:53:11,717 [INFO] [27/121] 서리풀공원·몽마르뜨공원 (primary=KEY_3)
2026-08-22 03:53:13,361 [INFO] [28/121] 서울대공원 (primary=KEY_4)
2026-08-22 03:53:15,103 [INFO] [29/121] 서울숲공원 (primary=KEY_1)
2026-08-22 03:53:16,219 [INFO] [30/121] 송현녹지광장 (primary=KEY_2)
2026-08-22 03:53:17,321 [INFO] [31/121] 아차산 (primary=KEY_3)
2026-08-22 03:53:18,283 [INFO] [32/121] 안양천 (primary=KEY_4)
2026-08-22 03:53:19,243 [INFO] [33/121] 양화한강공원 (primary=KEY_1)
2026-08-22 03:53:20,203 [INFO] [34/121] 어린이대공원 (primary=KEY_2)
2026-08-22 03:53:21,316 [INFO] [35/121] 여의도한강공원 (primary=KEY_3)
2026-08-22 03:53:22,403 [INFO] [36/121] 여의서로 (primary=KEY_4)
2026-08-22 03:53:23,475 [INFO] [37/121] 올림픽공원 (primary=KEY_1)
2026-08-22 03:53:24,593 [INFO] [38/121] 월드컵공원 (primary=KEY_2)
2026-08-22 03:53:26,350 [INFO] [39/121] 응봉산 (primary=KEY_3)
2026-08-22 03:53:27,432 [INFO] [40/121] 이촌한강공원 (primary=KEY_4)
2026-08-22 03:53:28,386 [INFO] [41/121] 잠실종합운동장 (primary=KEY_1)
2026-08-22 03:53:29,347 [INFO] [42/121] 잠실한강공원 (primary=KEY_2)
2026-08-22 03:53:30,320 [INFO] [43/121] 잠원한강공원 (primary=KEY_3)
2026-08-22 03:53:31,268 [INFO] [44/121] 청계산 (primary=KEY_4)
2026-08-22 03:53:32,222 [INFO] [45/121] 홍제폭포 (primary=KEY_1)
2026-08-22 03:53:33,169 [INFO] [46/121] 가락시장 (primary=KEY_2)
2026-08-22 03:53:34,289 [INFO] [47/121] 가로수길 (primary=KEY_3)
2026-08-22 03:53:35,400 [INFO] [48/121] 광장(전통)시장 (primary=KEY_4)
2026-08-22 03:53:37,130 [INFO] [49/121] 김포공항 (primary=KEY_1)
2026-08-22 03:53:39,123 [INFO] [50/121] 남대문시장 (primary=KEY_2)
2026-08-22 03:53:40,734 [INFO] [51/121] 노량진 (primary=KEY_3)
2026-08-22 03:53:42,470 [INFO] [52/121] 덕수궁길·정동길 (primary=KEY_4)
2026-08-22 03:53:44,101 [INFO] [53/121] 북창동 먹자골목 (primary=KEY_1)
2026-08-22 03:53:45,699 [INFO] [54/121] 북촌한옥마을 (primary=KEY_2)
2026-08-22 03:53:47,464 [INFO] [55/121] 서촌 (primary=KEY_3)
2026-08-22 03:53:48,557 [INFO] [56/121] 성수카페거리 (primary=KEY_4)
2026-08-22 03:53:49,821 [INFO] [57/121] 송리단길·호수단길 (primary=KEY_1)
2026-08-22 03:53:51,461 [INFO] [58/121] 신촌 스타광장 (primary=KEY_2)
2026-08-22 03:53:52,440 [INFO] [59/121] 압구정로데오거리 (primary=KEY_3)
2026-08-22 03:53:54,168 [INFO] [60/121] 여의도 (primary=KEY_4)
2026-08-22 03:53:55,996 [INFO] [61/121] 연남동 (primary=KEY_1)
2026-08-22 03:53:57,081 [INFO] [62/121] 영등포 타임스퀘어 (primary=KEY_2)
2026-08-22 03:53:58,934 [INFO] [63/121] 용리단길 (primary=KEY_3)
2026-08-22 03:54:00,423 [INFO] [64/121] 이태원 앤틱가구거리 (primary=KEY_4)
2026-08-22 03:54:02,039 [INFO] [65/121] 익선동 (primary=KEY_1)
2026-08-22 03:54:03,152 [INFO] [66/121] 인사동 (primary=KEY_2)
2026-08-22 03:54:04,380 [INFO] [67/121] 잠실롯데타워·석촌호수 (primary=KEY_3)
2026-08-22 03:54:05,778 [INFO] [68/121] 창동 신경제 중심지 (primary=KEY_4)
2026-08-22 03:54:07,199 [INFO] [69/121] 청담동 명품거리 (primary=KEY_1)
2026-08-22 03:54:08,296 [INFO] [70/121] 청량리 제기동 일대 전통시장 (primary=KEY_2)
2026-08-22 03:54:09,437 [INFO] [71/121] 해방촌·경리단길 (primary=KEY_3)
2026-08-22 03:54:10,397 [INFO] [72/121] DDP(동대문디자인플라자) (primary=KEY_4)
2026-08-22 03:54:12,259 [INFO] [73/121] DMC(디지털미디어시티) (primary=KEY_1)
2026-08-22 03:54:13,672 [INFO] [74/121] 가산디지털단지역 (primary=KEY_2)
2026-08-22 03:54:15,685 [INFO] [75/121] 강남역 (primary=KEY_3)
2026-08-22 03:54:16,949 [INFO] [76/121] 건대입구역 (primary=KEY_4)
2026-08-22 03:54:18,063 [INFO] [77/121] 고덕역 (primary=KEY_1)
2026-08-22 03:54:19,168 [INFO] [78/121] 고속터미널역 (primary=KEY_2)
2026-08-22 03:54:20,290 [INFO] [79/121] 교대역 (primary=KEY_3)
2026-08-22 03:54:21,266 [INFO] [80/121] 구로디지털단지역 (primary=KEY_4)
2026-08-22 03:54:22,689 [INFO] [81/121] 구로역 (primary=KEY_1)
2026-08-22 03:54:23,768 [INFO] [82/121] 군자역 (primary=KEY_2)
2026-08-22 03:54:24,759 [INFO] [83/121] 대림역 (primary=KEY_3)
2026-08-22 03:54:25,872 [INFO] [84/121] 동대문역 (primary=KEY_4)
2026-08-22 03:54:27,485 [INFO] [85/121] 뚝섬역 (primary=KEY_1)
2026-08-22 03:54:28,597 [INFO] [86/121] 미아사거리역 (primary=KEY_2)
2026-08-22 03:54:29,737 [INFO] [87/121] 발산역 (primary=KEY_3)
2026-08-22 03:54:31,124 [INFO] [88/121] 사당역 (primary=KEY_4)
2026-08-22 03:54:32,255 [INFO] [89/121] 삼각지역 (primary=KEY_1)
2026-08-22 03:54:33,219 [INFO] [90/121] 서울대입구역 (primary=KEY_2)
2026-08-22 03:54:34,935 [INFO] [91/121] 서울식물원·마곡나루역 (primary=KEY_3)
2026-08-22 03:54:36,172 [INFO] [92/121] 서울역 (primary=KEY_4)
2026-08-22 03:54:37,318 [INFO] [93/121] 선릉역 (primary=KEY_1)
2026-08-22 03:54:38,705 [INFO] [94/121] 성신여대입구역 (primary=KEY_2)
2026-08-22 03:54:39,697 [INFO] [95/121] 수유역 (primary=KEY_3)
2026-08-22 03:54:40,802 [INFO] [96/121] 숭례문 (primary=KEY_4)
2026-08-22 03:54:42,066 [INFO] [97/121] 시의회 앞 (primary=KEY_1)
2026-08-22 03:54:43,184 [INFO] [98/121] 신논현역·논현역 (primary=KEY_2)
2026-08-22 03:54:44,325 [INFO] [99/121] 신도림역 (primary=KEY_3)
2026-08-22 03:54:45,303 [INFO] [100/121] 신림역 (primary=KEY_4)
2026-08-22 03:54:46,292 [INFO] [101/121] 신정네거리역 (primary=KEY_1)
2026-08-22 03:54:47,400 [INFO] [102/121] 신촌·이대역 (primary=KEY_2)
2026-08-22 03:54:48,503 [INFO] [103/121] 쌍문역 (primary=KEY_3)
2026-08-22 03:54:49,612 [INFO] [104/121] 양재역 (primary=KEY_4)
2026-08-22 03:54:50,711 [INFO] [105/121] 역삼역 (primary=KEY_1)
2026-08-22 03:54:51,952 [INFO] [106/121] 연신내역 (primary=KEY_2)
2026-08-22 03:54:52,953 [INFO] [107/121] 오목교역·목동운동장 (primary=KEY_3)
2026-08-22 03:54:54,441 [INFO] [108/121] 왕십리역 (primary=KEY_4)
2026-08-22 03:54:55,562 [INFO] [109/121] 용산역 (primary=KEY_1)
2026-08-22 03:54:56,805 [INFO] [110/121] 이태원역 (primary=KEY_2)
2026-08-22 03:54:57,804 [INFO] [111/121] 잠실새내역 (primary=KEY_3)
2026-08-22 03:54:58,975 [INFO] [112/121] 잠실역 (primary=KEY_4)
2026-08-22 03:55:00,218 [INFO] [113/121] 장지역 (primary=KEY_1)
2026-08-22 03:55:01,452 [INFO] [114/121] 장한평역 (primary=KEY_2)
2026-08-22 03:55:02,541 [INFO] [115/121] 천호역 (primary=KEY_3)
2026-08-22 03:55:03,675 [INFO] [116/121] 총신대입구(이수)역 (primary=KEY_4)
2026-08-22 03:55:04,797 [INFO] [117/121] 충정로역 (primary=KEY_1)
2026-08-22 03:55:05,893 [INFO] [118/121] 합정역 (primary=KEY_2)
2026-08-22 03:55:07,002 [INFO] [119/121] 혜화역 (primary=KEY_3)
2026-08-22 03:55:08,085 [INFO] [120/121] 홍대입구역(2호선) (primary=KEY_4)
2026-08-22 03:55:09,190 [INFO] [121/121] 회기역 (primary=KEY_1)
2026-08-22 03:55:11,303 [INFO] === 수집 완료 | 성공 121, 실패 0 ===
2026-08-22 03:55:11,304 [INFO] 카테고리별 저장 결과:
2026-08-22 03:55:11,304 [INFO]    area_meta                 | 신규   121행 | 누적    484행 | 5컬럼
2026-08-22 03:55:11,304 [INFO]    bike                      | 신규    10행 | 누적     40행 | 12컬럼
2026-08-22 03:55:11,304 [INFO]    bike_sbike_stts           | 신규   574행 | 누적   2296행 | 12컬럼
2026-08-22 03:55:11,304 [INFO]    bus                       | 신규     3행 | 누적     12행 | 11컬럼
2026-08-22 03:55:11,304 [INFO]    bus_bus_stn_stts          | 신규  1745행 | 누적   6980행 | 11컬럼
2026-08-22 03:55:11,304 [INFO]    charger                   | 신규     4행 | 누적     16행 | 15컬럼
2026-08-22 03:55:11,304 [INFO]    charger_charger_stts      | 신규  1930행 | 누적   7668행 | 15컬럼
2026-08-22 03:55:11,304 [INFO]    cmrcl                     | 신규    82행 | 누적    328행 | 20컬럼
2026-08-22 03:55:11,304 [INFO]    events                    | 신규    12행 | 누적     48행 | 14컬럼
2026-08-22 03:55:11,304 [INFO]    events_event_stts         | 신규   143행 | 누적    572행 | 14컬럼
2026-08-22 03:55:11,304 [INFO]    parking                   | 신규     6행 | 누적     24행 | 21컬럼
2026-08-22 03:55:11,304 [INFO]    parking_prk_stts          | 신규  1834행 | 누적   7336행 | 21컬럼
2026-08-22 03:55:11,304 [INFO]    ppltn                     | 신규   121행 | 누적    484행 | 26컬럼
2026-08-22 03:55:11,304 [INFO]    road                      | 신규   121행 | 누적    484행 | 21컬럼
2026-08-22 03:55:11,304 [INFO]    road_road_traffic_stts    | 신규  5292행 | 누적  21168행 | 17컬럼
2026-08-22 03:55:11,304 [INFO]    subway                    | 신규    38행 | 누적    152행 | 12컬럼
2026-08-22 03:55:11,304 [INFO]    subway_sub_stts           | 신규   183행 | 누적    732행 | 13컬럼
2026-08-22 03:55:11,305 [INFO]    weather                   | 신규   119행 | 누적    476행 | 29컬럼
2026-08-22 03:55:11,305 [INFO] 키별 사용량:
2026-08-22 03:55:11,305 [INFO]    🟢 KEY_1 (31/1000) 
2026-08-22 03:55:11,305 [INFO]    🟢 KEY_2 (30/1000) 
2026-08-22 03:55:11,305 [INFO]    🟢 KEY_3 (30/1000) 
2026-08-22 03:55:11,305 [INFO]    🟢 KEY_4 (30/1000) 
2026-08-22 04:34:22,236 [INFO] 등록된 키: 4개, 합산 한도 4,000건/일
2026-08-22 04:34:22,237 [INFO] POI 로드: 매뉴얼 v8.5 기준 fallback 121개 (121개 전체)
2026-08-22 04:34:22,237 [INFO] === 수집 시작 2026-08-22T04:34:22.237493+09:00 ===
2026-08-22 04:34:22,237 [INFO] 대상 장소: 121개 | API: citydata (통합)
2026-08-22 04:34:22,237 [INFO] 키 풀: 4/4 활성 | 오늘 사용 0/4000건
2026-08-22 04:34:22,237 [INFO]   [KEY_1] 담당 31장소
2026-08-22 04:34:22,237 [INFO]   [KEY_2] 담당 30장소
2026-08-22 04:34:22,237 [INFO]   [KEY_3] 담당 30장소
2026-08-22 04:34:22,237 [INFO]   [KEY_4] 담당 30장소
2026-08-22 04:34:22,237 [INFO] [1/121] 경복궁 (primary=KEY_1)
2026-08-22 04:34:24,065 [INFO] [2/121] 광화문·덕수궁 (primary=KEY_2)
2026-08-22 04:34:26,069 [INFO] [3/121] 보신각 (primary=KEY_3)
2026-08-22 04:34:27,772 [INFO] [4/121] 서울 암사동 유적 (primary=KEY_4)
2026-08-22 04:34:28,886 [INFO] [5/121] 창덕궁·종묘 (primary=KEY_1)
2026-08-22 04:34:30,144 [INFO] [6/121] 강남 MICE 관광특구 (primary=KEY_2)
2026-08-22 04:34:31,440 [INFO] [7/121] 동대문 관광특구 (primary=KEY_3)
2026-08-22 04:34:32,915 [INFO] [8/121] 명동 관광특구 (primary=KEY_4)
2026-08-22 04:34:34,405 [INFO] [9/121] 이태원 관광특구 (primary=KEY_1)
2026-08-22 04:34:35,559 [INFO] [10/121] 잠실 관광특구 (primary=KEY_2)
2026-08-22 04:34:37,044 [INFO] [11/121] 종로·청계 관광특구 (primary=KEY_3)
2026-08-22 04:34:38,372 [INFO] [12/121] 홍대 관광특구 (primary=KEY_4)
2026-08-22 04:34:39,693 [INFO] [13/121] 강서한강공원 (primary=KEY_1)
2026-08-22 04:34:40,804 [INFO] [14/121] 고척돔 (primary=KEY_2)
2026-08-22 04:34:41,791 [INFO] [15/121] 광나루한강공원 (primary=KEY_3)
2026-08-22 04:34:42,908 [INFO] [16/121] 광화문광장 (primary=KEY_4)
2026-08-22 04:34:44,159 [INFO] [17/121] 국립중앙박물관·용산가족공원 (primary=KEY_1)
2026-08-22 04:34:45,146 [INFO] [18/121] 난지한강공원 (primary=KEY_2)
2026-08-22 04:34:46,119 [INFO] [19/121] 남산공원 (primary=KEY_3)
2026-08-22 04:34:47,403 [INFO] [20/121] 노들섬 (primary=KEY_4)
2026-08-22 04:34:48,377 [INFO] [21/121] 뚝섬한강공원 (primary=KEY_1)
2026-08-22 04:34:49,361 [INFO] [22/121] 망원한강공원 (primary=KEY_2)
2026-08-22 04:34:50,616 [INFO] [23/121] 반포한강공원 (primary=KEY_3)
2026-08-22 04:34:51,589 [INFO] [24/121] 보라매공원 (primary=KEY_4)
2026-08-22 04:34:52,589 [INFO] [25/121] 북서울꿈의숲 (primary=KEY_1)
2026-08-22 04:34:53,740 [INFO] [26/121] 서대문독립공원 (primary=KEY_2)
2026-08-22 04:34:54,744 [INFO] [27/121] 서리풀공원·몽마르뜨공원 (primary=KEY_3)
2026-08-22 04:34:55,755 [INFO] [28/121] 서울대공원 (primary=KEY_4)
2026-08-22 04:34:56,727 [INFO] [29/121] 서울숲공원 (primary=KEY_1)
2026-08-22 04:34:57,846 [INFO] [30/121] 송현녹지광장 (primary=KEY_2)
2026-08-22 04:34:58,998 [INFO] [31/121] 아차산 (primary=KEY_3)
2026-08-22 04:34:59,982 [INFO] [32/121] 안양천 (primary=KEY_4)
2026-08-22 04:35:00,966 [INFO] [33/121] 양화한강공원 (primary=KEY_1)
2026-08-22 04:35:01,942 [INFO] [34/121] 어린이대공원 (primary=KEY_2)
2026-08-22 04:35:03,135 [INFO] [35/121] 여의도한강공원 (primary=KEY_3)
2026-08-22 04:35:04,234 [INFO] [36/121] 여의서로 (primary=KEY_4)
2026-08-22 04:35:05,351 [INFO] [37/121] 올림픽공원 (primary=KEY_1)
2026-08-22 04:35:06,500 [INFO] [38/121] 월드컵공원 (primary=KEY_2)
2026-08-22 04:35:07,782 [INFO] [39/121] 응봉산 (primary=KEY_3)
2026-08-22 04:35:08,894 [INFO] [40/121] 이촌한강공원 (primary=KEY_4)
2026-08-22 04:35:09,866 [INFO] [41/121] 잠실종합운동장 (primary=KEY_1)
2026-08-22 04:35:10,860 [INFO] [42/121] 잠실한강공원 (primary=KEY_2)
2026-08-22 04:35:11,851 [INFO] [43/121] 잠원한강공원 (primary=KEY_3)
2026-08-22 04:35:12,828 [INFO] [44/121] 청계산 (primary=KEY_4)
2026-08-22 04:35:13,801 [INFO] [45/121] 홍제폭포 (primary=KEY_1)
2026-08-22 04:35:15,464 [INFO] [46/121] 가락시장 (primary=KEY_2)
2026-08-22 04:35:16,603 [INFO] [47/121] 가로수길 (primary=KEY_3)
2026-08-22 04:35:17,753 [INFO] [48/121] 광장(전통)시장 (primary=KEY_4)
2026-08-22 04:35:18,738 [INFO] [49/121] 김포공항 (primary=KEY_1)
2026-08-22 04:35:20,022 [INFO] [50/121] 남대문시장 (primary=KEY_2)
2026-08-22 04:35:21,157 [INFO] [51/121] 노량진 (primary=KEY_3)
2026-08-22 04:35:22,282 [INFO] [52/121] 덕수궁길·정동길 (primary=KEY_4)
2026-08-22 04:35:23,431 [INFO] [53/121] 북창동 먹자골목 (primary=KEY_1)
2026-08-22 04:35:24,553 [INFO] [54/121] 북촌한옥마을 (primary=KEY_2)
2026-08-22 04:35:25,807 [INFO] [55/121] 서촌 (primary=KEY_3)
2026-08-22 04:35:26,962 [INFO] [56/121] 성수카페거리 (primary=KEY_4)
2026-08-22 04:35:28,247 [INFO] [57/121] 송리단길·호수단길 (primary=KEY_1)
2026-08-22 04:35:29,401 [INFO] [58/121] 신촌 스타광장 (primary=KEY_2)
2026-08-22 04:35:30,397 [INFO] [59/121] 압구정로데오거리 (primary=KEY_3)
2026-08-22 04:35:31,545 [INFO] [60/121] 여의도 (primary=KEY_4)
2026-08-22 04:35:33,289 [INFO] [61/121] 연남동 (primary=KEY_1)
2026-08-22 04:35:34,416 [INFO] [62/121] 영등포 타임스퀘어 (primary=KEY_2)
2026-08-22 04:35:35,549 [INFO] [63/121] 용리단길 (primary=KEY_3)
2026-08-22 04:35:36,562 [INFO] [64/121] 이태원 앤틱가구거리 (primary=KEY_4)
2026-08-22 04:35:37,565 [INFO] [65/121] 익선동 (primary=KEY_1)
2026-08-22 04:35:38,719 [INFO] [66/121] 인사동 (primary=KEY_2)
2026-08-22 04:35:39,994 [INFO] [67/121] 잠실롯데타워·석촌호수 (primary=KEY_3)
2026-08-22 04:35:41,411 [INFO] [68/121] 창동 신경제 중심지 (primary=KEY_4)
2026-08-22 04:35:42,862 [INFO] [69/121] 청담동 명품거리 (primary=KEY_1)
2026-08-22 04:35:44,012 [INFO] [70/121] 청량리 제기동 일대 전통시장 (primary=KEY_2)
2026-08-22 04:35:45,214 [INFO] [71/121] 해방촌·경리단길 (primary=KEY_3)
2026-08-22 04:35:46,213 [INFO] [72/121] DDP(동대문디자인플라자) (primary=KEY_4)
2026-08-22 04:35:47,377 [INFO] [73/121] DMC(디지털미디어시티) (primary=KEY_1)
2026-08-22 04:35:48,826 [INFO] [74/121] 가산디지털단지역 (primary=KEY_2)
2026-08-22 04:35:50,418 [INFO] [75/121] 강남역 (primary=KEY_3)
2026-08-22 04:35:51,749 [INFO] [76/121] 건대입구역 (primary=KEY_4)
2026-08-22 04:35:52,914 [INFO] [77/121] 고덕역 (primary=KEY_1)
2026-08-22 04:35:54,051 [INFO] [78/121] 고속터미널역 (primary=KEY_2)
2026-08-22 04:35:55,204 [INFO] [79/121] 교대역 (primary=KEY_3)
2026-08-22 04:35:56,213 [INFO] [80/121] 구로디지털단지역 (primary=KEY_4)
2026-08-22 04:35:57,641 [INFO] [81/121] 구로역 (primary=KEY_1)
2026-08-22 04:35:58,765 [INFO] [82/121] 군자역 (primary=KEY_2)
2026-08-22 04:35:59,780 [INFO] [83/121] 대림역 (primary=KEY_3)
2026-08-22 04:36:00,947 [INFO] [84/121] 동대문역 (primary=KEY_4)
2026-08-22 04:36:02,079 [INFO] [85/121] 뚝섬역 (primary=KEY_1)
2026-08-22 04:36:03,189 [INFO] [86/121] 미아사거리역 (primary=KEY_2)
2026-08-22 04:36:04,333 [INFO] [87/121] 발산역 (primary=KEY_3)
2026-08-22 04:36:05,619 [INFO] [88/121] 사당역 (primary=KEY_4)
2026-08-22 04:36:06,760 [INFO] [89/121] 삼각지역 (primary=KEY_1)
2026-08-22 04:36:07,761 [INFO] [90/121] 서울대입구역 (primary=KEY_2)
2026-08-22 04:36:08,872 [INFO] [91/121] 서울식물원·마곡나루역 (primary=KEY_3)
2026-08-22 04:36:10,152 [INFO] [92/121] 서울역 (primary=KEY_4)
2026-08-22 04:36:11,325 [INFO] [93/121] 선릉역 (primary=KEY_1)
2026-08-22 04:36:12,743 [INFO] [94/121] 성신여대입구역 (primary=KEY_2)
2026-08-22 04:36:13,759 [INFO] [95/121] 수유역 (primary=KEY_3)
2026-08-22 04:36:14,885 [INFO] [96/121] 숭례문 (primary=KEY_4)
2026-08-22 04:36:16,168 [INFO] [97/121] 시의회 앞 (primary=KEY_1)
2026-08-22 04:36:17,290 [INFO] [98/121] 신논현역·논현역 (primary=KEY_2)
2026-08-22 04:36:18,458 [INFO] [99/121] 신도림역 (primary=KEY_3)
2026-08-22 04:36:19,454 [INFO] [100/121] 신림역 (primary=KEY_4)
2026-08-22 04:36:20,457 [INFO] [101/121] 신정네거리역 (primary=KEY_1)
2026-08-22 04:36:21,585 [INFO] [102/121] 신촌·이대역 (primary=KEY_2)
2026-08-22 04:36:22,727 [INFO] [103/121] 쌍문역 (primary=KEY_3)
2026-08-22 04:36:23,843 [INFO] [104/121] 양재역 (primary=KEY_4)
2026-08-22 04:36:24,966 [INFO] [105/121] 역삼역 (primary=KEY_1)
2026-08-22 04:36:26,270 [INFO] [106/121] 연신내역 (primary=KEY_2)
2026-08-22 04:36:27,278 [INFO] [107/121] 오목교역·목동운동장 (primary=KEY_3)
2026-08-22 04:36:28,855 [INFO] [108/121] 왕십리역 (primary=KEY_4)
2026-08-22 04:36:30,021 [INFO] [109/121] 용산역 (primary=KEY_1)
2026-08-22 04:36:31,297 [INFO] [110/121] 이태원역 (primary=KEY_2)
2026-08-22 04:36:32,313 [INFO] [111/121] 잠실새내역 (primary=KEY_3)
2026-08-22 04:36:33,512 [INFO] [112/121] 잠실역 (primary=KEY_4)
2026-08-22 04:36:34,808 [INFO] [113/121] 장지역 (primary=KEY_1)
2026-08-22 04:36:36,090 [INFO] [114/121] 장한평역 (primary=KEY_2)
2026-08-22 04:36:37,246 [INFO] [115/121] 천호역 (primary=KEY_3)
2026-08-22 04:36:38,393 [INFO] [116/121] 총신대입구(이수)역 (primary=KEY_4)
2026-08-22 04:36:39,625 [INFO] [117/121] 충정로역 (primary=KEY_1)
2026-08-22 04:36:40,801 [INFO] [118/121] 합정역 (primary=KEY_2)
2026-08-22 04:36:41,956 [INFO] [119/121] 혜화역 (primary=KEY_3)
2026-08-22 04:36:43,104 [INFO] [120/121] 홍대입구역(2호선) (primary=KEY_4)
2026-08-22 04:36:44,246 [INFO] [121/121] 회기역 (primary=KEY_1)
2026-08-22 04:36:46,272 [INFO] === 수집 완료 | 성공 121, 실패 0 ===
2026-08-22 04:36:46,272 [INFO] 카테고리별 저장 결과:
2026-08-22 04:36:46,272 [INFO]    accident                  | 신규     1행 | 누적      4행 | 16컬럼
2026-08-22 04:36:46,272 [INFO]    accident_acdnt_cntrl_stts | 신규     2행 | 누적     14행 | 16컬럼
2026-08-22 04:36:46,272 [INFO]    area_meta                 | 신규   121행 | 누적    605행 | 5컬럼
2026-08-22 04:36:46,272 [INFO]    bike                      | 신규    10행 | 누적     50행 | 12컬럼
2026-08-22 04:36:46,272 [INFO]    bike_sbike_stts           | 신규   574행 | 누적   2870행 | 12컬럼
2026-08-22 04:36:46,272 [INFO]    bus                       | 신규     3행 | 누적     15행 | 11컬럼
2026-08-22 04:36:46,272 [INFO]    bus_bus_stn_stts          | 신규  1745행 | 누적   8725행 | 11컬럼
2026-08-22 04:36:46,272 [INFO]    charger                   | 신규     4행 | 누적     20행 | 15컬럼
2026-08-22 04:36:46,272 [INFO]    charger_charger_stts      | 신규  1930행 | 누적   9585행 | 15컬럼
2026-08-22 04:36:46,272 [INFO]    cmrcl                     | 신규    82행 | 누적    410행 | 20컬럼
2026-08-22 04:36:46,272 [INFO]    events                    | 신규    12행 | 누적     60행 | 14컬럼
2026-08-22 04:36:46,272 [INFO]    events_event_stts         | 신규   143행 | 누적    715행 | 14컬럼
2026-08-22 04:36:46,272 [INFO]    parking                   | 신규     6행 | 누적     30행 | 21컬럼
2026-08-22 04:36:46,272 [INFO]    parking_prk_stts          | 신규  1836행 | 누적   9172행 | 21컬럼
2026-08-22 04:36:46,272 [INFO]    ppltn                     | 신규   121행 | 누적    605행 | 26컬럼
2026-08-22 04:36:46,272 [INFO]    road                      | 신규   121행 | 누적    605행 | 21컬럼
2026-08-22 04:36:46,272 [INFO]    road_road_traffic_stts    | 신규  5292행 | 누적  26460행 | 17컬럼
2026-08-22 04:36:46,272 [INFO]    subway                    | 신규    38행 | 누적    190행 | 12컬럼
2026-08-22 04:36:46,272 [INFO]    subway_sub_stts           | 신규   183행 | 누적    915행 | 13컬럼
2026-08-22 04:36:46,272 [INFO]    weather                   | 신규   119행 | 누적    595행 | 29컬럼
2026-08-22 04:36:46,272 [INFO] 키별 사용량:
2026-08-22 04:36:46,273 [INFO]    🟢 KEY_1 (31/1000) 
2026-08-22 04:36:46,273 [INFO]    🟢 KEY_2 (30/1000) 
2026-08-22 04:36:46,273 [INFO]    🟢 KEY_3 (30/1000) 
2026-08-22 04:36:46,273 [INFO]    🟢 KEY_4 (30/1000) 
