2026-09-20 02:58:36,386 [INFO] 등록된 키: 4개, 합산 한도 4,000건/일
2026-09-20 02:58:36,387 [INFO] POI 로드: 매뉴얼 v8.5 기준 fallback 121개 (121개 전체)
2026-09-20 02:58:36,387 [INFO] === 수집 시작 2026-09-20T02:58:36.387395+09:00 ===
2026-09-20 02:58:36,387 [INFO] 대상 장소: 121개 | API: citydata (통합)
2026-09-20 02:58:36,387 [INFO] 키 풀: 4/4 활성 | 오늘 사용 0/4000건
2026-09-20 02:58:36,387 [INFO]   [KEY_1] 담당 31장소
2026-09-20 02:58:36,387 [INFO]   [KEY_2] 담당 30장소
2026-09-20 02:58:36,387 [INFO]   [KEY_3] 담당 30장소
2026-09-20 02:58:36,387 [INFO]   [KEY_4] 담당 30장소
2026-09-20 02:58:36,387 [INFO] [1/121] 경복궁 (primary=KEY_1)
2026-09-20 02:58:38,350 [INFO] [2/121] 광화문·덕수궁 (primary=KEY_2)
2026-09-20 02:58:40,479 [INFO] [3/121] 보신각 (primary=KEY_3)
2026-09-20 02:58:41,654 [INFO] [4/121] 서울 암사동 유적 (primary=KEY_4)
2026-09-20 02:58:43,250 [INFO] [5/121] 창덕궁·종묘 (primary=KEY_1)
2026-09-20 02:58:45,152 [INFO] [6/121] 강남 MICE 관광특구 (primary=KEY_2)
2026-09-20 02:58:46,362 [INFO] [7/121] 동대문 관광특구 (primary=KEY_3)
2026-09-20 02:58:47,847 [INFO] [8/121] 명동 관광특구 (primary=KEY_4)
2026-09-20 02:58:50,295 [INFO] [9/121] 이태원 관광특구 (primary=KEY_1)
2026-09-20 02:58:52,370 [INFO] [10/121] 잠실 관광특구 (primary=KEY_2)
2026-09-20 02:58:53,900 [INFO] [11/121] 종로·청계 관광특구 (primary=KEY_3)
2026-09-20 02:58:55,278 [INFO] [12/121] 홍대 관광특구 (primary=KEY_4)
2026-09-20 02:58:56,649 [INFO] [13/121] 강서한강공원 (primary=KEY_1)
2026-09-20 02:58:57,664 [INFO] [14/121] 고척돔 (primary=KEY_2)
2026-09-20 02:58:58,670 [INFO] [15/121] 광나루한강공원 (primary=KEY_3)
2026-09-20 02:58:59,833 [INFO] [16/121] 광화문광장 (primary=KEY_4)
2026-09-20 02:59:01,005 [INFO] [17/121] 국립중앙박물관·용산가족공원 (primary=KEY_1)
2026-09-20 02:59:02,028 [INFO] [18/121] 난지한강공원 (primary=KEY_2)
2026-09-20 02:59:03,027 [INFO] [19/121] 남산공원 (primary=KEY_3)
2026-09-20 02:59:04,389 [INFO] [20/121] 노들섬 (primary=KEY_4)
2026-09-20 02:59:05,396 [INFO] [21/121] 뚝섬한강공원 (primary=KEY_1)
2026-09-20 02:59:06,410 [INFO] [22/121] 망원한강공원 (primary=KEY_2)
2026-09-20 02:59:07,587 [INFO] [23/121] 반포한강공원 (primary=KEY_3)
2026-09-20 02:59:08,606 [INFO] [24/121] 보라매공원 (primary=KEY_4)
2026-09-20 02:59:09,627 [INFO] [25/121] 북서울꿈의숲 (primary=KEY_1)
2026-09-20 02:59:10,827 [INFO] [26/121] 서대문독립공원 (primary=KEY_2)
2026-09-20 02:59:11,875 [INFO] [27/121] 서리풀공원·몽마르뜨공원 (primary=KEY_3)
2026-09-20 02:59:12,924 [INFO] [28/121] 서울대공원 (primary=KEY_4)
2026-09-20 02:59:14,023 [INFO] [29/121] 서울숲공원 (primary=KEY_1)
2026-09-20 02:59:15,216 [INFO] [30/121] 송현녹지광장 (primary=KEY_2)
2026-09-20 02:59:16,382 [INFO] [31/121] 아차산 (primary=KEY_3)
2026-09-20 02:59:17,989 [INFO] [32/121] 안양천 (primary=KEY_4)
2026-09-20 02:59:18,997 [INFO] [33/121] 양화한강공원 (primary=KEY_1)
2026-09-20 02:59:19,998 [INFO] [34/121] 어린이대공원 (primary=KEY_2)
2026-09-20 02:59:21,176 [INFO] [35/121] 여의도한강공원 (primary=KEY_3)
2026-09-20 02:59:22,379 [INFO] [36/121] 여의서로 (primary=KEY_4)
2026-09-20 02:59:23,523 [INFO] [37/121] 올림픽공원 (primary=KEY_1)
2026-09-20 02:59:24,720 [INFO] [38/121] 월드컵공원 (primary=KEY_2)
2026-09-20 02:59:26,078 [INFO] [39/121] 응봉산 (primary=KEY_3)
2026-09-20 02:59:27,231 [INFO] [40/121] 이촌한강공원 (primary=KEY_4)
2026-09-20 02:59:28,243 [INFO] [41/121] 잠실종합운동장 (primary=KEY_1)
2026-09-20 02:59:29,261 [INFO] [42/121] 잠실한강공원 (primary=KEY_2)
2026-09-20 02:59:30,275 [INFO] [43/121] 잠원한강공원 (primary=KEY_3)
2026-09-20 02:59:31,275 [INFO] [44/121] 청계산 (primary=KEY_4)
2026-09-20 02:59:32,274 [INFO] [45/121] 홍제폭포 (primary=KEY_1)
2026-09-20 02:59:33,140 [INFO] [46/121] 가락시장 (primary=KEY_2)
2026-09-20 02:59:34,324 [INFO] [47/121] 가로수길 (primary=KEY_3)
2026-09-20 02:59:35,568 [INFO] [48/121] 광장(전통)시장 (primary=KEY_4)
2026-09-20 02:59:36,601 [INFO] [49/121] 김포공항 (primary=KEY_1)
2026-09-20 02:59:37,940 [INFO] [50/121] 남대문시장 (primary=KEY_2)
2026-09-20 02:59:39,102 [INFO] [51/121] 노량진 (primary=KEY_3)
2026-09-20 02:59:40,300 [INFO] [52/121] 덕수궁길·정동길 (primary=KEY_4)
2026-09-20 02:59:41,499 [INFO] [53/121] 북창동 먹자골목 (primary=KEY_1)
2026-09-20 02:59:42,661 [INFO] [54/121] 북촌한옥마을 (primary=KEY_2)
2026-09-20 02:59:43,989 [INFO] [55/121] 서촌 (primary=KEY_3)
2026-09-20 02:59:45,148 [INFO] [56/121] 성수카페거리 (primary=KEY_4)
2026-09-20 02:59:46,509 [INFO] [57/121] 송리단길·호수단길 (primary=KEY_1)
2026-09-20 02:59:47,711 [INFO] [58/121] 신촌 스타광장 (primary=KEY_2)
2026-09-20 02:59:48,725 [INFO] [59/121] 압구정로데오거리 (primary=KEY_3)
2026-09-20 02:59:49,907 [INFO] [60/121] 여의도 (primary=KEY_4)
2026-09-20 02:59:51,766 [INFO] [61/121] 연남동 (primary=KEY_1)
2026-09-20 02:59:52,955 [INFO] [62/121] 영등포 타임스퀘어 (primary=KEY_2)
2026-09-20 02:59:54,125 [INFO] [63/121] 용리단길 (primary=KEY_3)
2026-09-20 02:59:55,162 [INFO] [64/121] 이태원 앤틱가구거리 (primary=KEY_4)
2026-09-20 02:59:56,194 [INFO] [65/121] 익선동 (primary=KEY_1)
2026-09-20 02:59:57,385 [INFO] [66/121] 인사동 (primary=KEY_2)
2026-09-20 02:59:59,199 [INFO] [67/121] 잠실롯데타워·석촌호수 (primary=KEY_3)
2026-09-20 03:00:00,719 [INFO] [68/121] 창동 신경제 중심지 (primary=KEY_4)
2026-09-20 03:00:02,253 [INFO] [69/121] 청담동 명품거리 (primary=KEY_1)
2026-09-20 03:00:03,739 [INFO] [70/121] 청량리 제기동 일대 전통시장 (primary=KEY_2)
2026-09-20 03:00:05,506 [INFO] [71/121] 해방촌·경리단길 (primary=KEY_3)
2026-09-20 03:00:06,840 [INFO] [72/121] DDP(동대문디자인플라자) (primary=KEY_4)
2026-09-20 03:00:08,206 [INFO] [73/121] DMC(디지털미디어시티) (primary=KEY_1)
2026-09-20 03:00:09,729 [INFO] [74/121] 가산디지털단지역 (primary=KEY_2)
2026-09-20 03:00:11,407 [INFO] [75/121] 강남역 (primary=KEY_3)
2026-09-20 03:00:12,766 [INFO] [76/121] 건대입구역 (primary=KEY_4)
2026-09-20 03:00:13,940 [INFO] [77/121] 고덕역 (primary=KEY_1)
2026-09-20 03:00:15,134 [INFO] [78/121] 고속터미널역 (primary=KEY_2)
2026-09-20 03:00:16,363 [INFO] [79/121] 교대역 (primary=KEY_3)
2026-09-20 03:00:17,409 [INFO] [80/121] 구로디지털단지역 (primary=KEY_4)
2026-09-20 03:00:19,002 [INFO] [81/121] 구로역 (primary=KEY_1)
2026-09-20 03:00:20,165 [INFO] [82/121] 군자역 (primary=KEY_2)
2026-09-20 03:00:21,280 [INFO] [83/121] 대림역 (primary=KEY_3)
2026-09-20 03:00:22,489 [INFO] [84/121] 동대문역 (primary=KEY_4)
2026-09-20 03:00:23,659 [INFO] [85/121] 뚝섬역 (primary=KEY_1)
2026-09-20 03:00:24,827 [INFO] [86/121] 미아사거리역 (primary=KEY_2)
2026-09-20 03:00:26,007 [INFO] [87/121] 발산역 (primary=KEY_3)
2026-09-20 03:00:27,625 [INFO] [88/121] 사당역 (primary=KEY_4)
2026-09-20 03:00:28,799 [INFO] [89/121] 삼각지역 (primary=KEY_1)
2026-09-20 03:00:29,830 [INFO] [90/121] 서울대입구역 (primary=KEY_2)
2026-09-20 03:00:31,002 [INFO] [91/121] 서울식물원·마곡나루역 (primary=KEY_3)
2026-09-20 03:00:32,319 [INFO] [92/121] 서울역 (primary=KEY_4)
2026-09-20 03:00:33,514 [INFO] [93/121] 선릉역 (primary=KEY_1)
2026-09-20 03:00:34,997 [INFO] [94/121] 성신여대입구역 (primary=KEY_2)
2026-09-20 03:00:36,036 [INFO] [95/121] 수유역 (primary=KEY_3)
2026-09-20 03:00:37,224 [INFO] [96/121] 숭례문 (primary=KEY_4)
2026-09-20 03:00:38,403 [INFO] [97/121] 시의회 앞 (primary=KEY_1)
2026-09-20 03:00:39,577 [INFO] [98/121] 신논현역·논현역 (primary=KEY_2)
2026-09-20 03:00:40,804 [INFO] [99/121] 신도림역 (primary=KEY_3)
2026-09-20 03:00:41,822 [INFO] [100/121] 신림역 (primary=KEY_4)
2026-09-20 03:00:42,844 [INFO] [101/121] 신정네거리역 (primary=KEY_1)
2026-09-20 03:00:44,011 [INFO] [102/121] 신촌·이대역 (primary=KEY_2)
2026-09-20 03:00:45,182 [INFO] [103/121] 쌍문역 (primary=KEY_3)
2026-09-20 03:00:46,339 [INFO] [104/121] 양재역 (primary=KEY_4)
2026-09-20 03:00:47,502 [INFO] [105/121] 역삼역 (primary=KEY_1)
2026-09-20 03:00:48,824 [INFO] [106/121] 연신내역 (primary=KEY_2)
2026-09-20 03:00:49,879 [INFO] [107/121] 오목교역·목동운동장 (primary=KEY_3)
2026-09-20 03:00:51,547 [INFO] [108/121] 왕십리역 (primary=KEY_4)
2026-09-20 03:00:52,743 [INFO] [109/121] 용산역 (primary=KEY_1)
2026-09-20 03:00:54,085 [INFO] [110/121] 이태원역 (primary=KEY_2)
2026-09-20 03:00:55,103 [INFO] [111/121] 잠실새내역 (primary=KEY_3)
2026-09-20 03:00:56,276 [INFO] [112/121] 잠실역 (primary=KEY_4)
2026-09-20 03:00:57,682 [INFO] [113/121] 장지역 (primary=KEY_1)
2026-09-20 03:00:59,020 [INFO] [114/121] 장한평역 (primary=KEY_2)
2026-09-20 03:01:00,182 [INFO] [115/121] 천호역 (primary=KEY_3)
2026-09-20 03:01:01,364 [INFO] [116/121] 총신대입구(이수)역 (primary=KEY_4)
2026-09-20 03:01:02,547 [INFO] [117/121] 충정로역 (primary=KEY_1)
2026-09-20 03:01:03,726 [INFO] [118/121] 합정역 (primary=KEY_2)
2026-09-20 03:01:04,919 [INFO] [119/121] 혜화역 (primary=KEY_3)
2026-09-20 03:01:06,103 [INFO] [120/121] 홍대입구역(2호선) (primary=KEY_4)
2026-09-20 03:01:07,284 [INFO] [121/121] 회기역 (primary=KEY_1)
2026-09-20 03:01:08,875 [INFO] === 수집 완료 | 성공 121, 실패 0 ===
2026-09-20 03:01:08,876 [INFO] 카테고리별 저장 결과:
2026-09-20 03:01:08,876 [INFO]    accident                  | 신규     2행 | 누적      2행 | 16컬럼
2026-09-20 03:01:08,876 [INFO]    accident_acdnt_cntrl_stts | 신규     2행 | 누적      2행 | 16컬럼
2026-09-20 03:01:08,876 [INFO]    area_meta                 | 신규   121행 | 누적    121행 | 5컬럼
2026-09-20 03:01:08,876 [INFO]    bike                      | 신규    10행 | 누적     10행 | 12컬럼
2026-09-20 03:01:08,876 [INFO]    bike_sbike_stts           | 신규   574행 | 누적    574행 | 12컬럼
2026-09-20 03:01:08,876 [INFO]    bus                       | 신규     3행 | 누적      3행 | 11컬럼
2026-09-20 03:01:08,876 [INFO]    bus_bus_stn_stts          | 신규  1745행 | 누적   1745행 | 11컬럼
2026-09-20 03:01:08,876 [INFO]    charger                   | 신규     4행 | 누적      4행 | 15컬럼
2026-09-20 03:01:08,876 [INFO]    charger_charger_stts      | 신규  1917행 | 누적   1917행 | 15컬럼
2026-09-20 03:01:08,876 [INFO]    cmrcl                     | 신규    82행 | 누적     82행 | 20컬럼
2026-09-20 03:01:08,876 [INFO]    events                    | 신규    13행 | 누적     13행 | 14컬럼
2026-09-20 03:01:08,876 [INFO]    events_event_stts         | 신규   128행 | 누적    128행 | 14컬럼
2026-09-20 03:01:08,876 [INFO]    parking                   | 신규     6행 | 누적      6행 | 21컬럼
2026-09-20 03:01:08,876 [INFO]    parking_prk_stts          | 신규  1832행 | 누적   1832행 | 21컬럼
2026-09-20 03:01:08,876 [INFO]    ppltn                     | 신규   121행 | 누적    121행 | 26컬럼
2026-09-20 03:01:08,876 [INFO]    road                      | 신규   121행 | 누적    121행 | 21컬럼
2026-09-20 03:01:08,877 [INFO]    road_road_traffic_stts    | 신규  5299행 | 누적   5299행 | 17컬럼
2026-09-20 03:01:08,877 [INFO]    subway                    | 신규    38행 | 누적     38행 | 12컬럼
2026-09-20 03:01:08,877 [INFO]    subway_sub_stts           | 신규   183행 | 누적    183행 | 13컬럼
2026-09-20 03:01:08,877 [INFO]    weather                   | 신규   114행 | 누적    114행 | 29컬럼
2026-09-20 03:01:08,877 [INFO] 키별 사용량:
2026-09-20 03:01:08,877 [INFO]    🟢 KEY_1 (31/1000) 
2026-09-20 03:01:08,877 [INFO]    🟢 KEY_2 (30/1000) 
2026-09-20 03:01:08,877 [INFO]    🟢 KEY_3 (30/1000) 
2026-09-20 03:01:08,877 [INFO]    🟢 KEY_4 (30/1000) 
2026-09-20 05:33:45,186 [INFO] 등록된 키: 4개, 합산 한도 4,000건/일
2026-09-20 05:33:45,187 [INFO] POI 로드: 매뉴얼 v8.5 기준 fallback 121개 (121개 전체)
2026-09-20 05:33:45,187 [INFO] === 수집 시작 2026-09-20T05:33:45.187214+09:00 ===
2026-09-20 05:33:45,187 [INFO] 대상 장소: 121개 | API: citydata (통합)
2026-09-20 05:33:45,187 [INFO] 키 풀: 4/4 활성 | 오늘 사용 0/4000건
2026-09-20 05:33:45,187 [INFO]   [KEY_1] 담당 31장소
2026-09-20 05:33:45,187 [INFO]   [KEY_2] 담당 30장소
2026-09-20 05:33:45,187 [INFO]   [KEY_3] 담당 30장소
2026-09-20 05:33:45,187 [INFO]   [KEY_4] 담당 30장소
2026-09-20 05:33:45,187 [INFO] [1/121] 경복궁 (primary=KEY_1)
2026-09-20 05:33:47,449 [INFO] [2/121] 광화문·덕수궁 (primary=KEY_2)
2026-09-20 05:33:49,902 [INFO] [3/121] 보신각 (primary=KEY_3)
2026-09-20 05:33:51,945 [INFO] [4/121] 서울 암사동 유적 (primary=KEY_4)
2026-09-20 05:33:53,894 [INFO] [5/121] 창덕궁·종묘 (primary=KEY_1)
2026-09-20 05:33:55,936 [INFO] [6/121] 강남 MICE 관광특구 (primary=KEY_2)
2026-09-20 05:33:58,006 [INFO] [7/121] 동대문 관광특구 (primary=KEY_3)
2026-09-20 05:34:00,680 [INFO] [8/121] 명동 관광특구 (primary=KEY_4)
2026-09-20 05:34:02,612 [INFO] [9/121] 이태원 관광특구 (primary=KEY_1)
2026-09-20 05:34:04,695 [INFO] [10/121] 잠실 관광특구 (primary=KEY_2)
2026-09-20 05:34:06,681 [INFO] [11/121] 종로·청계 관광특구 (primary=KEY_3)
2026-09-20 05:34:09,020 [INFO] [12/121] 홍대 관광특구 (primary=KEY_4)
2026-09-20 05:34:11,379 [INFO] [13/121] 강서한강공원 (primary=KEY_1)
2026-09-20 05:34:13,430 [INFO] [14/121] 고척돔 (primary=KEY_2)
2026-09-20 05:34:14,543 [INFO] [15/121] 광나루한강공원 (primary=KEY_3)
2026-09-20 05:34:15,878 [INFO] [16/121] 광화문광장 (primary=KEY_4)
2026-09-20 05:34:18,131 [INFO] [17/121] 국립중앙박물관·용산가족공원 (primary=KEY_1)
2026-09-20 05:34:19,273 [INFO] [18/121] 난지한강공원 (primary=KEY_2)
2026-09-20 05:34:20,386 [INFO] [19/121] 남산공원 (primary=KEY_3)
2026-09-20 05:34:22,648 [INFO] [20/121] 노들섬 (primary=KEY_4)
2026-09-20 05:34:24,690 [INFO] [21/121] 뚝섬한강공원 (primary=KEY_1)
2026-09-20 05:34:25,821 [INFO] [22/121] 망원한강공원 (primary=KEY_2)
2026-09-20 05:34:27,128 [INFO] [23/121] 반포한강공원 (primary=KEY_3)
2026-09-20 05:34:28,245 [INFO] [24/121] 보라매공원 (primary=KEY_4)
2026-09-20 05:34:30,103 [INFO] [25/121] 북서울꿈의숲 (primary=KEY_1)
2026-09-20 05:34:32,354 [INFO] [26/121] 서대문독립공원 (primary=KEY_2)
2026-09-20 05:34:33,494 [INFO] [27/121] 서리풀공원·몽마르뜨공원 (primary=KEY_3)
2026-09-20 05:34:34,816 [INFO] [28/121] 서울대공원 (primary=KEY_4)
2026-09-20 05:34:35,935 [INFO] [29/121] 서울숲공원 (primary=KEY_1)
2026-09-20 05:34:38,170 [INFO] [30/121] 송현녹지광장 (primary=KEY_2)
2026-09-20 05:34:39,491 [INFO] [31/121] 아차산 (primary=KEY_3)
2026-09-20 05:34:41,162 [INFO] [32/121] 안양천 (primary=KEY_4)
2026-09-20 05:34:42,296 [INFO] [33/121] 양화한강공원 (primary=KEY_1)
2026-09-20 05:34:43,407 [INFO] [34/121] 어린이대공원 (primary=KEY_2)
2026-09-20 05:34:44,720 [INFO] [35/121] 여의도한강공원 (primary=KEY_3)
2026-09-20 05:34:46,036 [INFO] [36/121] 여의서로 (primary=KEY_4)
2026-09-20 05:34:47,327 [INFO] [37/121] 올림픽공원 (primary=KEY_1)
2026-09-20 05:34:48,688 [INFO] [38/121] 월드컵공원 (primary=KEY_2)
2026-09-20 05:34:51,205 [INFO] [39/121] 응봉산 (primary=KEY_3)
2026-09-20 05:34:52,512 [INFO] [40/121] 이촌한강공원 (primary=KEY_4)
2026-09-20 05:34:53,617 [INFO] [41/121] 잠실종합운동장 (primary=KEY_1)
2026-09-20 05:34:54,747 [INFO] [42/121] 잠실한강공원 (primary=KEY_2)
2026-09-20 05:34:55,874 [INFO] [43/121] 잠원한강공원 (primary=KEY_3)
2026-09-20 05:34:56,982 [INFO] [44/121] 청계산 (primary=KEY_4)
2026-09-20 05:34:58,094 [INFO] [45/121] 홍제폭포 (primary=KEY_1)
2026-09-20 05:34:59,037 [INFO] [46/121] 가락시장 (primary=KEY_2)
2026-09-20 05:35:00,356 [INFO] [47/121] 가로수길 (primary=KEY_3)
2026-09-20 05:35:01,700 [INFO] [48/121] 광장(전통)시장 (primary=KEY_4)
2026-09-20 05:35:02,828 [INFO] [49/121] 김포공항 (primary=KEY_1)
2026-09-20 05:35:04,324 [INFO] [50/121] 남대문시장 (primary=KEY_2)
2026-09-20 05:35:06,560 [INFO] [51/121] 노량진 (primary=KEY_3)
2026-09-20 05:35:07,872 [INFO] [52/121] 덕수궁길·정동길 (primary=KEY_4)
2026-09-20 05:35:09,196 [INFO] [53/121] 북창동 먹자골목 (primary=KEY_1)
2026-09-20 05:35:10,680 [INFO] [54/121] 북촌한옥마을 (primary=KEY_2)
2026-09-20 05:35:12,179 [INFO] [55/121] 서촌 (primary=KEY_3)
2026-09-20 05:35:13,490 [INFO] [56/121] 성수카페거리 (primary=KEY_4)
2026-09-20 05:35:15,749 [INFO] [57/121] 송리단길·호수단길 (primary=KEY_1)
2026-09-20 05:35:17,075 [INFO] [58/121] 신촌 스타광장 (primary=KEY_2)
2026-09-20 05:35:18,312 [INFO] [59/121] 압구정로데오거리 (primary=KEY_3)
2026-09-20 05:35:19,619 [INFO] [60/121] 여의도 (primary=KEY_4)
2026-09-20 05:35:22,321 [INFO] [61/121] 연남동 (primary=KEY_1)
2026-09-20 05:35:23,629 [INFO] [62/121] 영등포 타임스퀘어 (primary=KEY_2)
2026-09-20 05:35:24,948 [INFO] [63/121] 용리단길 (primary=KEY_3)
2026-09-20 05:35:26,077 [INFO] [64/121] 이태원 앤틱가구거리 (primary=KEY_4)
2026-09-20 05:35:28,101 [INFO] [65/121] 익선동 (primary=KEY_1)
2026-09-20 05:35:29,431 [INFO] [66/121] 인사동 (primary=KEY_2)
2026-09-20 05:35:30,933 [INFO] [67/121] 잠실롯데타워·석촌호수 (primary=KEY_3)
2026-09-20 05:35:32,644 [INFO] [68/121] 창동 신경제 중심지 (primary=KEY_4)
2026-09-20 05:35:34,352 [INFO] [69/121] 청담동 명품거리 (primary=KEY_1)
2026-09-20 05:35:35,655 [INFO] [70/121] 청량리 제기동 일대 전통시장 (primary=KEY_2)
2026-09-20 05:35:36,994 [INFO] [71/121] 해방촌·경리단길 (primary=KEY_3)
2026-09-20 05:35:38,156 [INFO] [72/121] DDP(동대문디자인플라자) (primary=KEY_4)
2026-09-20 05:35:39,490 [INFO] [73/121] DMC(디지털미디어시티) (primary=KEY_1)
2026-09-20 05:35:41,213 [INFO] [74/121] 가산디지털단지역 (primary=KEY_2)
2026-09-20 05:35:43,124 [INFO] [75/121] 강남역 (primary=KEY_3)
2026-09-20 05:35:45,207 [INFO] [76/121] 건대입구역 (primary=KEY_4)
2026-09-20 05:35:46,533 [INFO] [77/121] 고덕역 (primary=KEY_1)
2026-09-20 05:35:47,856 [INFO] [78/121] 고속터미널역 (primary=KEY_2)
2026-09-20 05:35:49,194 [INFO] [79/121] 교대역 (primary=KEY_3)
2026-09-20 05:35:50,510 [INFO] [80/121] 구로디지털단지역 (primary=KEY_4)
2026-09-20 05:35:52,209 [INFO] [81/121] 구로역 (primary=KEY_1)
2026-09-20 05:35:53,515 [INFO] [82/121] 군자역 (primary=KEY_2)
2026-09-20 05:35:54,857 [INFO] [83/121] 대림역 (primary=KEY_3)
2026-09-20 05:35:56,211 [INFO] [84/121] 동대문역 (primary=KEY_4)
2026-09-20 05:35:57,544 [INFO] [85/121] 뚝섬역 (primary=KEY_1)
2026-09-20 05:35:58,862 [INFO] [86/121] 미아사거리역 (primary=KEY_2)
2026-09-20 05:36:00,172 [INFO] [87/121] 발산역 (primary=KEY_3)
2026-09-20 05:36:01,864 [INFO] [88/121] 사당역 (primary=KEY_4)
2026-09-20 05:36:03,188 [INFO] [89/121] 삼각지역 (primary=KEY_1)
2026-09-20 05:36:04,498 [INFO] [90/121] 서울대입구역 (primary=KEY_2)
2026-09-20 05:36:05,789 [INFO] [91/121] 서울식물원·마곡나루역 (primary=KEY_3)
2026-09-20 05:36:07,307 [INFO] [92/121] 서울역 (primary=KEY_4)
2026-09-20 05:36:09,605 [INFO] [93/121] 선릉역 (primary=KEY_1)
2026-09-20 05:36:11,301 [INFO] [94/121] 성신여대입구역 (primary=KEY_2)
2026-09-20 05:36:12,442 [INFO] [95/121] 수유역 (primary=KEY_3)
2026-09-20 05:36:13,732 [INFO] [96/121] 숭례문 (primary=KEY_4)
2026-09-20 05:36:15,049 [INFO] [97/121] 시의회 앞 (primary=KEY_1)
2026-09-20 05:36:16,383 [INFO] [98/121] 신논현역·논현역 (primary=KEY_2)
2026-09-20 05:36:17,695 [INFO] [99/121] 신도림역 (primary=KEY_3)
2026-09-20 05:36:18,865 [INFO] [100/121] 신림역 (primary=KEY_4)
2026-09-20 05:36:20,012 [INFO] [101/121] 신정네거리역 (primary=KEY_1)
2026-09-20 05:36:21,324 [INFO] [102/121] 신촌·이대역 (primary=KEY_2)
2026-09-20 05:36:22,648 [INFO] [103/121] 쌍문역 (primary=KEY_3)
2026-09-20 05:36:23,973 [INFO] [104/121] 양재역 (primary=KEY_4)
2026-09-20 05:36:25,321 [INFO] [105/121] 역삼역 (primary=KEY_1)
2026-09-20 05:36:26,831 [INFO] [106/121] 연신내역 (primary=KEY_2)
2026-09-20 05:36:27,981 [INFO] [107/121] 오목교역·목동운동장 (primary=KEY_3)
2026-09-20 05:36:29,871 [INFO] [108/121] 왕십리역 (primary=KEY_4)
2026-09-20 05:36:31,434 [INFO] [109/121] 용산역 (primary=KEY_1)
2026-09-20 05:36:32,940 [INFO] [110/121] 이태원역 (primary=KEY_2)
2026-09-20 05:36:34,060 [INFO] [111/121] 잠실새내역 (primary=KEY_3)
2026-09-20 05:36:35,388 [INFO] [112/121] 잠실역 (primary=KEY_4)
2026-09-20 05:36:36,956 [INFO] [113/121] 장지역 (primary=KEY_1)
2026-09-20 05:36:38,458 [INFO] [114/121] 장한평역 (primary=KEY_2)
2026-09-20 05:36:39,762 [INFO] [115/121] 천호역 (primary=KEY_3)
2026-09-20 05:36:41,086 [INFO] [116/121] 총신대입구(이수)역 (primary=KEY_4)
2026-09-20 05:36:42,407 [INFO] [117/121] 충정로역 (primary=KEY_1)
2026-09-20 05:36:43,737 [INFO] [118/121] 합정역 (primary=KEY_2)
2026-09-20 05:36:45,071 [INFO] [119/121] 혜화역 (primary=KEY_3)
2026-09-20 05:36:46,375 [INFO] [120/121] 홍대입구역(2호선) (primary=KEY_4)
2026-09-20 05:36:47,696 [INFO] [121/121] 회기역 (primary=KEY_1)
2026-09-20 05:36:49,774 [INFO] === 수집 완료 | 성공 121, 실패 0 ===
2026-09-20 05:36:49,774 [INFO] 카테고리별 저장 결과:
2026-09-20 05:36:49,774 [INFO]    accident                  | 신규     2행 | 누적      4행 | 16컬럼
2026-09-20 05:36:49,774 [INFO]    accident_acdnt_cntrl_stts | 신규     2행 | 누적      4행 | 16컬럼
2026-09-20 05:36:49,774 [INFO]    area_meta                 | 신규   121행 | 누적    242행 | 5컬럼
2026-09-20 05:36:49,774 [INFO]    bike                      | 신규    10행 | 누적     20행 | 12컬럼
2026-09-20 05:36:49,775 [INFO]    bike_sbike_stts           | 신규   574행 | 누적   1148행 | 12컬럼
2026-09-20 05:36:49,775 [INFO]    bus                       | 신규     3행 | 누적      6행 | 11컬럼
2026-09-20 05:36:49,775 [INFO]    bus_bus_stn_stts          | 신규  1745행 | 누적   3490행 | 11컬럼
2026-09-20 05:36:49,775 [INFO]    charger                   | 신규     4행 | 누적      8행 | 15컬럼
2026-09-20 05:36:49,775 [INFO]    charger_charger_stts      | 신규  1917행 | 누적   3808행 | 15컬럼
2026-09-20 05:36:49,775 [INFO]    cmrcl                     | 신규    82행 | 누적    164행 | 20컬럼
2026-09-20 05:36:49,775 [INFO]    events                    | 신규    13행 | 누적     26행 | 14컬럼
2026-09-20 05:36:49,775 [INFO]    events_event_stts         | 신규   117행 | 누적    245행 | 14컬럼
2026-09-20 05:36:49,775 [INFO]    parking                   | 신규     6행 | 누적     12행 | 21컬럼
2026-09-20 05:36:49,775 [INFO]    parking_prk_stts          | 신규  1832행 | 누적   3664행 | 21컬럼
2026-09-20 05:36:49,775 [INFO]    ppltn                     | 신규   121행 | 누적    242행 | 26컬럼
2026-09-20 05:36:49,775 [INFO]    road                      | 신규   121행 | 누적    242행 | 21컬럼
2026-09-20 05:36:49,775 [INFO]    road_road_traffic_stts    | 신규  5299행 | 누적  10598행 | 17컬럼
2026-09-20 05:36:49,775 [INFO]    subway                    | 신규    38행 | 누적     76행 | 12컬럼
2026-09-20 05:36:49,775 [INFO]    subway_sub_stts           | 신규   183행 | 누적    366행 | 13컬럼
2026-09-20 05:36:49,775 [INFO]    weather                   | 신규   115행 | 누적    229행 | 29컬럼
2026-09-20 05:36:49,775 [INFO] 키별 사용량:
2026-09-20 05:36:49,776 [INFO]    🟢 KEY_1 (31/1000) 
2026-09-20 05:36:49,776 [INFO]    🟢 KEY_2 (30/1000) 
2026-09-20 05:36:49,776 [INFO]    🟢 KEY_3 (30/1000) 
2026-09-20 05:36:49,776 [INFO]    🟢 KEY_4 (30/1000) 
