2026-06-05 00:14:07,809 [INFO] 등록된 키: 4개, 합산 한도 4,000건/일
2026-06-05 00:14:07,809 [INFO] POI 로드: 매뉴얼 v8.5 기준 fallback 121개 (121개 전체)
2026-06-05 00:14:07,809 [INFO] === 수집 시작 2026-06-05T00:14:07.809670+09:00 ===
2026-06-05 00:14:07,809 [INFO] 대상 장소: 121개 | API: citydata (통합)
2026-06-05 00:14:07,809 [INFO] 키 풀: 4/4 활성 | 오늘 사용 0/4000건
2026-06-05 00:14:07,809 [INFO]   [KEY_1] 담당 31장소
2026-06-05 00:14:07,809 [INFO]   [KEY_2] 담당 30장소
2026-06-05 00:14:07,809 [INFO]   [KEY_3] 담당 30장소
2026-06-05 00:14:07,809 [INFO]   [KEY_4] 담당 30장소
2026-06-05 00:14:07,810 [INFO] [1/121] 경복궁 (primary=KEY_1)
2026-06-05 00:14:09,760 [INFO] [2/121] 광화문·덕수궁 (primary=KEY_2)
2026-06-05 00:14:11,297 [INFO] [3/121] 보신각 (primary=KEY_3)
2026-06-05 00:14:13,030 [INFO] [4/121] 서울 암사동 유적 (primary=KEY_4)
2026-06-05 00:14:14,891 [INFO] [5/121] 창덕궁·종묘 (primary=KEY_1)
2026-06-05 00:14:17,012 [INFO] [6/121] 강남 MICE 관광특구 (primary=KEY_2)
2026-06-05 00:14:18,230 [INFO] [7/121] 동대문 관광특구 (primary=KEY_3)
2026-06-05 00:14:20,512 [INFO] [8/121] 명동 관광특구 (primary=KEY_4)
2026-06-05 00:14:22,830 [INFO] [9/121] 이태원 관광특구 (primary=KEY_1)
2026-06-05 00:14:24,013 [INFO] [10/121] 잠실 관광특구 (primary=KEY_2)
2026-06-05 00:14:25,410 [INFO] [11/121] 종로·청계 관광특구 (primary=KEY_3)
2026-06-05 00:14:26,852 [INFO] [12/121] 홍대 관광특구 (primary=KEY_4)
2026-06-05 00:14:28,199 [INFO] [13/121] 강서한강공원 (primary=KEY_1)
2026-06-05 00:14:29,975 [INFO] [14/121] 고척돔 (primary=KEY_2)
2026-06-05 00:14:31,578 [INFO] [15/121] 광나루한강공원 (primary=KEY_3)
2026-06-05 00:14:33,531 [INFO] [16/121] 광화문광장 (primary=KEY_4)
2026-06-05 00:14:34,711 [INFO] [17/121] 국립중앙박물관·용산가족공원 (primary=KEY_1)
2026-06-05 00:14:36,318 [INFO] [18/121] 난지한강공원 (primary=KEY_2)
2026-06-05 00:14:37,349 [INFO] [19/121] 남산공원 (primary=KEY_3)
2026-06-05 00:14:38,736 [INFO] [20/121] 노들섬 (primary=KEY_4)
2026-06-05 00:14:39,751 [INFO] [21/121] 뚝섬한강공원 (primary=KEY_1)
2026-06-05 00:14:40,789 [INFO] [22/121] 망원한강공원 (primary=KEY_2)
2026-06-05 00:14:42,842 [INFO] [23/121] 반포한강공원 (primary=KEY_3)
2026-06-05 00:14:43,877 [INFO] [24/121] 보라매공원 (primary=KEY_4)
2026-06-05 00:14:44,923 [INFO] [25/121] 북서울꿈의숲 (primary=KEY_1)
2026-06-05 00:14:45,949 [INFO] [26/121] 서대문독립공원 (primary=KEY_2)
2026-06-05 00:14:46,974 [INFO] [27/121] 서리풀공원·몽마르뜨공원 (primary=KEY_3)
2026-06-05 00:14:48,187 [INFO] [28/121] 서울대공원 (primary=KEY_4)
2026-06-05 00:14:49,183 [INFO] [29/121] 서울숲공원 (primary=KEY_1)
2026-06-05 00:14:50,347 [INFO] [30/121] 송현녹지광장 (primary=KEY_2)
2026-06-05 00:14:51,540 [INFO] [31/121] 아차산 (primary=KEY_3)
2026-06-05 00:14:52,568 [INFO] [32/121] 안양천 (primary=KEY_4)
2026-06-05 00:14:53,578 [INFO] [33/121] 양화한강공원 (primary=KEY_1)
2026-06-05 00:14:54,597 [INFO] [34/121] 어린이대공원 (primary=KEY_2)
2026-06-05 00:14:55,795 [INFO] [35/121] 여의도한강공원 (primary=KEY_3)
2026-06-05 00:14:57,024 [INFO] [36/121] 여의서로 (primary=KEY_4)
2026-06-05 00:14:58,203 [INFO] [37/121] 올림픽공원 (primary=KEY_1)
2026-06-05 00:15:00,562 [INFO] [38/121] 월드컵공원 (primary=KEY_2)
2026-06-05 00:15:01,921 [INFO] [39/121] 응봉산 (primary=KEY_3)
2026-06-05 00:15:03,086 [INFO] [40/121] 이촌한강공원 (primary=KEY_4)
2026-06-05 00:15:04,711 [INFO] [41/121] 잠실종합운동장 (primary=KEY_1)
2026-06-05 00:15:05,735 [INFO] [42/121] 잠실한강공원 (primary=KEY_2)
2026-06-05 00:15:06,753 [INFO] [43/121] 잠원한강공원 (primary=KEY_3)
2026-06-05 00:15:07,750 [INFO] [44/121] 청계산 (primary=KEY_4)
2026-06-05 00:15:08,766 [INFO] [45/121] 홍제폭포 (primary=KEY_1)
2026-06-05 00:15:09,785 [INFO] [46/121] 가락시장 (primary=KEY_2)
2026-06-05 00:15:10,943 [INFO] [47/121] 가로수길 (primary=KEY_3)
2026-06-05 00:15:12,725 [INFO] [48/121] 광장(전통)시장 (primary=KEY_4)
2026-06-05 00:15:14,469 [INFO] [49/121] 김포공항 (primary=KEY_1)
2026-06-05 00:15:15,645 [INFO] [50/121] 남대문시장 (primary=KEY_2)
2026-06-05 00:15:17,424 [INFO] [51/121] 노량진 (primary=KEY_3)
2026-06-05 00:15:18,583 [INFO] [52/121] 덕수궁길·정동길 (primary=KEY_4)
2026-06-05 00:15:19,783 [INFO] [53/121] 북창동 먹자골목 (primary=KEY_1)
2026-06-05 00:15:21,515 [INFO] [54/121] 북촌한옥마을 (primary=KEY_2)
2026-06-05 00:15:23,591 [INFO] [55/121] 서촌 (primary=KEY_3)
2026-06-05 00:15:24,755 [INFO] [56/121] 성수카페거리 (primary=KEY_4)
2026-06-05 00:15:25,931 [INFO] [57/121] 송리단길·호수단길 (primary=KEY_1)
2026-06-05 00:15:27,126 [INFO] [58/121] 신촌 스타광장 (primary=KEY_2)
2026-06-05 00:15:28,171 [INFO] [59/121] 압구정로데오거리 (primary=KEY_3)
2026-06-05 00:15:29,371 [INFO] [60/121] 여의도 (primary=KEY_4)
2026-06-05 00:15:31,962 [INFO] [61/121] 연남동 (primary=KEY_1)
2026-06-05 00:15:33,118 [INFO] [62/121] 영등포 타임스퀘어 (primary=KEY_2)
2026-06-05 00:15:34,294 [INFO] [63/121] 용리단길 (primary=KEY_3)
2026-06-05 00:15:35,992 [INFO] [64/121] 이태원 앤틱가구거리 (primary=KEY_4)
2026-06-05 00:15:37,157 [INFO] [65/121] 익선동 (primary=KEY_1)
2026-06-05 00:15:38,347 [INFO] [66/121] 인사동 (primary=KEY_2)
2026-06-05 00:15:39,531 [INFO] [67/121] 잠실롯데타워·석촌호수 (primary=KEY_3)
2026-06-05 00:15:40,737 [INFO] [68/121] 창동 신경제 중심지 (primary=KEY_4)
2026-06-05 00:15:42,147 [INFO] [69/121] 청담동 명품거리 (primary=KEY_1)
2026-06-05 00:15:43,338 [INFO] [70/121] 청량리 제기동 일대 전통시장 (primary=KEY_2)
2026-06-05 00:15:44,509 [INFO] [71/121] 해방촌·경리단길 (primary=KEY_3)
2026-06-05 00:15:45,530 [INFO] [72/121] DDP(동대문디자인플라자) (primary=KEY_4)
2026-06-05 00:15:46,719 [INFO] [73/121] DMC(디지털미디어시티) (primary=KEY_1)
2026-06-05 00:15:48,094 [INFO] [74/121] 가산디지털단지역 (primary=KEY_2)
2026-06-05 00:15:49,427 [INFO] [75/121] 강남역 (primary=KEY_3)
2026-06-05 00:15:50,811 [INFO] [76/121] 건대입구역 (primary=KEY_4)
2026-06-05 00:15:52,686 [INFO] [77/121] 고덕역 (primary=KEY_1)
2026-06-05 00:15:53,856 [INFO] [78/121] 고속터미널역 (primary=KEY_2)
2026-06-05 00:15:54,906 [INFO] [79/121] 교대역 (primary=KEY_3)
2026-06-05 00:15:55,995 [INFO] [80/121] 구로디지털단지역 (primary=KEY_4)
2026-06-05 00:15:57,955 [INFO] [81/121] 구로역 (primary=KEY_1)
2026-06-05 00:15:58,975 [INFO] [82/121] 군자역 (primary=KEY_2)
2026-06-05 00:16:00,142 [INFO] [83/121] 대림역 (primary=KEY_3)
2026-06-05 00:16:01,344 [INFO] [84/121] 동대문역 (primary=KEY_4)
2026-06-05 00:16:02,516 [INFO] [85/121] 뚝섬역 (primary=KEY_1)
2026-06-05 00:16:03,674 [INFO] [86/121] 미아사거리역 (primary=KEY_2)
2026-06-05 00:16:05,766 [INFO] [87/121] 발산역 (primary=KEY_3)
2026-06-05 00:16:07,071 [INFO] [88/121] 사당역 (primary=KEY_4)
2026-06-05 00:16:08,251 [INFO] [89/121] 삼각지역 (primary=KEY_1)
2026-06-05 00:16:09,270 [INFO] [90/121] 서울대입구역 (primary=KEY_2)
2026-06-05 00:16:10,300 [INFO] [91/121] 서울식물원·마곡나루역 (primary=KEY_3)
2026-06-05 00:16:11,487 [INFO] [92/121] 서울역 (primary=KEY_4)
2026-06-05 00:16:12,708 [INFO] [93/121] 선릉역 (primary=KEY_1)
2026-06-05 00:16:14,038 [INFO] [94/121] 성신여대입구역 (primary=KEY_2)
2026-06-05 00:16:15,098 [INFO] [95/121] 수유역 (primary=KEY_3)
2026-06-05 00:16:16,324 [INFO] [96/121] 숭례문 (primary=KEY_4)
2026-06-05 00:16:17,493 [INFO] [97/121] 시의회 앞 (primary=KEY_1)
2026-06-05 00:16:18,687 [INFO] [98/121] 신논현역·논현역 (primary=KEY_2)
2026-06-05 00:16:19,972 [INFO] [99/121] 신도림역 (primary=KEY_3)
2026-06-05 00:16:21,035 [INFO] [100/121] 신림역 (primary=KEY_4)
2026-06-05 00:16:22,061 [INFO] [101/121] 신정네거리역 (primary=KEY_1)
2026-06-05 00:16:23,064 [INFO] [102/121] 신촌·이대역 (primary=KEY_2)
2026-06-05 00:16:24,231 [INFO] [103/121] 쌍문역 (primary=KEY_3)
2026-06-05 00:16:25,262 [INFO] [104/121] 양재역 (primary=KEY_4)
2026-06-05 00:16:26,472 [INFO] [105/121] 역삼역 (primary=KEY_1)
2026-06-05 00:16:27,669 [INFO] [106/121] 연신내역 (primary=KEY_2)
2026-06-05 00:16:28,713 [INFO] [107/121] 오목교역·목동운동장 (primary=KEY_3)
2026-06-05 00:16:30,126 [INFO] [108/121] 왕십리역 (primary=KEY_4)
2026-06-05 00:16:31,318 [INFO] [109/121] 용산역 (primary=KEY_1)
2026-06-05 00:16:32,520 [INFO] [110/121] 이태원역 (primary=KEY_2)
2026-06-05 00:16:33,571 [INFO] [111/121] 잠실새내역 (primary=KEY_3)
2026-06-05 00:16:34,848 [INFO] [112/121] 잠실역 (primary=KEY_4)
2026-06-05 00:16:36,047 [INFO] [113/121] 장지역 (primary=KEY_1)
2026-06-05 00:16:37,237 [INFO] [114/121] 장한평역 (primary=KEY_2)
2026-06-05 00:16:38,994 [INFO] [115/121] 천호역 (primary=KEY_3)
2026-06-05 00:16:40,187 [INFO] [116/121] 총신대입구(이수)역 (primary=KEY_4)
2026-06-05 00:16:41,373 [INFO] [117/121] 충정로역 (primary=KEY_1)
2026-06-05 00:16:42,400 [INFO] [118/121] 합정역 (primary=KEY_2)
2026-06-05 00:16:43,587 [INFO] [119/121] 혜화역 (primary=KEY_3)
2026-06-05 00:16:44,621 [INFO] [120/121] 홍대입구역(2호선) (primary=KEY_4)
2026-06-05 00:16:45,674 [INFO] [121/121] 회기역 (primary=KEY_1)
2026-06-05 00:16:47,171 [INFO] === 수집 완료 | 성공 121, 실패 0 ===
2026-06-05 00:16:47,171 [INFO] 카테고리별 저장 결과:
2026-06-05 00:16:47,171 [INFO]    accident                  | 신규     1행 | 누적      1행 | 16컬럼
2026-06-05 00:16:47,171 [INFO]    area_meta                 | 신규   121행 | 누적    121행 | 5컬럼
2026-06-05 00:16:47,171 [INFO]    bike                      | 신규    10행 | 누적     10행 | 12컬럼
2026-06-05 00:16:47,172 [INFO]    bike_sbike_stts           | 신규   555행 | 누적    555행 | 12컬럼
2026-06-05 00:16:47,172 [INFO]    bus                       | 신규     3행 | 누적      3행 | 11컬럼
2026-06-05 00:16:47,172 [INFO]    bus_bus_stn_stts          | 신규  1745행 | 누적   1745행 | 11컬럼
2026-06-05 00:16:47,172 [INFO]    charger                   | 신규    25행 | 누적     25행 | 15컬럼
2026-06-05 00:16:47,172 [INFO]    charger_charger_stts      | 신규   323행 | 누적    323행 | 15컬럼
2026-06-05 00:16:47,172 [INFO]    cmrcl                     | 신규    82행 | 누적     82행 | 20컬럼
2026-06-05 00:16:47,172 [INFO]    disaster                  | 신규    13행 | 누적     13행 | 9컬럼
2026-06-05 00:16:47,172 [INFO]    events                    | 신규    12행 | 누적     12행 | 14컬럼
2026-06-05 00:16:47,172 [INFO]    events_event_stts         | 신규   156행 | 누적    156행 | 14컬럼
2026-06-05 00:16:47,172 [INFO]    news_live_yna_news        | 신규   162행 | 누적    162행 | 10컬럼
2026-06-05 00:16:47,172 [INFO]    parking                   | 신규     6행 | 누적      6행 | 21컬럼
2026-06-05 00:16:47,172 [INFO]    parking_prk_stts          | 신규  1835행 | 누적   1835행 | 21컬럼
2026-06-05 00:16:47,172 [INFO]    ppltn                     | 신규   121행 | 누적    121행 | 26컬럼
2026-06-05 00:16:47,172 [INFO]    road                      | 신규   121행 | 누적    121행 | 21컬럼
2026-06-05 00:16:47,172 [INFO]    road_road_traffic_stts    | 신규  5254행 | 누적   5254행 | 17컬럼
2026-06-05 00:16:47,172 [INFO]    subway                    | 신규    38행 | 누적     38행 | 12컬럼
2026-06-05 00:16:47,172 [INFO]    subway_sub_stts           | 신규   183행 | 누적    183행 | 13컬럼
2026-06-05 00:16:47,172 [INFO]    weather                   | 신규   119행 | 누적    119행 | 29컬럼
2026-06-05 00:16:47,172 [INFO] 키별 사용량:
2026-06-05 00:16:47,172 [INFO]    🟢 KEY_1 (31/1000) 
2026-06-05 00:16:47,172 [INFO]    🟢 KEY_2 (30/1000) 
2026-06-05 00:16:47,172 [INFO]    🟢 KEY_3 (30/1000) 
2026-06-05 00:16:47,172 [INFO]    🟢 KEY_4 (30/1000) 
