2026-07-27 00:15:24,331 [INFO] 등록된 키: 4개, 합산 한도 4,000건/일
2026-07-27 00:15:24,332 [INFO] POI 로드: 매뉴얼 v8.5 기준 fallback 121개 (121개 전체)
2026-07-27 00:15:24,332 [INFO] === 수집 시작 2026-07-27T00:15:24.332383+09:00 ===
2026-07-27 00:15:24,332 [INFO] 대상 장소: 121개 | API: citydata (통합)
2026-07-27 00:15:24,332 [INFO] 키 풀: 4/4 활성 | 오늘 사용 0/4000건
2026-07-27 00:15:24,332 [INFO]   [KEY_1] 담당 31장소
2026-07-27 00:15:24,332 [INFO]   [KEY_2] 담당 30장소
2026-07-27 00:15:24,332 [INFO]   [KEY_3] 담당 30장소
2026-07-27 00:15:24,332 [INFO]   [KEY_4] 담당 30장소
2026-07-27 00:15:24,332 [INFO] [1/121] 경복궁 (primary=KEY_1)
2026-07-27 00:15:26,124 [INFO] [2/121] 광화문·덕수궁 (primary=KEY_2)
2026-07-27 00:15:27,681 [INFO] [3/121] 보신각 (primary=KEY_3)
2026-07-27 00:15:28,946 [INFO] [4/121] 서울 암사동 유적 (primary=KEY_4)
2026-07-27 00:15:30,048 [INFO] [5/121] 창덕궁·종묘 (primary=KEY_1)
2026-07-27 00:15:31,834 [INFO] [6/121] 강남 MICE 관광특구 (primary=KEY_2)
2026-07-27 00:15:33,773 [INFO] [7/121] 동대문 관광특구 (primary=KEY_3)
2026-07-27 00:15:35,746 [INFO] [8/121] 명동 관광특구 (primary=KEY_4)
2026-07-27 00:15:37,902 [INFO] [9/121] 이태원 관광특구 (primary=KEY_1)
2026-07-27 00:15:39,194 [INFO] [10/121] 잠실 관광특구 (primary=KEY_2)
2026-07-27 00:15:40,647 [INFO] [11/121] 종로·청계 관광특구 (primary=KEY_3)
2026-07-27 00:15:42,641 [INFO] [12/121] 홍대 관광특구 (primary=KEY_4)
2026-07-27 00:15:43,955 [INFO] [13/121] 강서한강공원 (primary=KEY_1)
2026-07-27 00:15:44,937 [INFO] [14/121] 고척돔 (primary=KEY_2)
2026-07-27 00:15:45,920 [INFO] [15/121] 광나루한강공원 (primary=KEY_3)
2026-07-27 00:15:47,704 [INFO] [16/121] 광화문광장 (primary=KEY_4)
2026-07-27 00:15:48,843 [INFO] [17/121] 국립중앙박물관·용산가족공원 (primary=KEY_1)
2026-07-27 00:15:49,839 [INFO] [18/121] 난지한강공원 (primary=KEY_2)
2026-07-27 00:15:50,819 [INFO] [19/121] 남산공원 (primary=KEY_3)
2026-07-27 00:15:52,654 [INFO] [20/121] 노들섬 (primary=KEY_4)
2026-07-27 00:15:54,441 [INFO] [21/121] 뚝섬한강공원 (primary=KEY_1)
2026-07-27 00:15:55,433 [INFO] [22/121] 망원한강공원 (primary=KEY_2)
2026-07-27 00:15:56,562 [INFO] [23/121] 반포한강공원 (primary=KEY_3)
2026-07-27 00:15:57,548 [INFO] [24/121] 보라매공원 (primary=KEY_4)
2026-07-27 00:15:59,137 [INFO] [25/121] 북서울꿈의숲 (primary=KEY_1)
2026-07-27 00:16:01,055 [INFO] [26/121] 서대문독립공원 (primary=KEY_2)
2026-07-27 00:16:02,054 [INFO] [27/121] 서리풀공원·몽마르뜨공원 (primary=KEY_3)
2026-07-27 00:16:03,065 [INFO] [28/121] 서울대공원 (primary=KEY_4)
2026-07-27 00:16:04,040 [INFO] [29/121] 서울숲공원 (primary=KEY_1)
2026-07-27 00:16:05,165 [INFO] [30/121] 송현녹지광장 (primary=KEY_2)
2026-07-27 00:16:06,299 [INFO] [31/121] 아차산 (primary=KEY_3)
2026-07-27 00:16:07,272 [INFO] [32/121] 안양천 (primary=KEY_4)
2026-07-27 00:16:08,248 [INFO] [33/121] 양화한강공원 (primary=KEY_1)
2026-07-27 00:16:09,218 [INFO] [34/121] 어린이대공원 (primary=KEY_2)
2026-07-27 00:16:10,342 [INFO] [35/121] 여의도한강공원 (primary=KEY_3)
2026-07-27 00:16:11,454 [INFO] [36/121] 여의서로 (primary=KEY_4)
2026-07-27 00:16:12,571 [INFO] [37/121] 올림픽공원 (primary=KEY_1)
2026-07-27 00:16:13,721 [INFO] [38/121] 월드컵공원 (primary=KEY_2)
2026-07-27 00:16:15,002 [INFO] [39/121] 응봉산 (primary=KEY_3)
2026-07-27 00:16:16,118 [INFO] [40/121] 이촌한강공원 (primary=KEY_4)
2026-07-27 00:16:17,099 [INFO] [41/121] 잠실종합운동장 (primary=KEY_1)
2026-07-27 00:16:18,103 [INFO] [42/121] 잠실한강공원 (primary=KEY_2)
2026-07-27 00:16:19,090 [INFO] [43/121] 잠원한강공원 (primary=KEY_3)
2026-07-27 00:16:20,090 [INFO] [44/121] 청계산 (primary=KEY_4)
2026-07-27 00:16:21,070 [INFO] [45/121] 홍제폭포 (primary=KEY_1)
2026-07-27 00:16:22,046 [INFO] [46/121] 가락시장 (primary=KEY_2)
2026-07-27 00:16:23,185 [INFO] [47/121] 가로수길 (primary=KEY_3)
2026-07-27 00:16:24,340 [INFO] [48/121] 광장(전통)시장 (primary=KEY_4)
2026-07-27 00:16:25,352 [INFO] [49/121] 김포공항 (primary=KEY_1)
2026-07-27 00:16:26,628 [INFO] [50/121] 남대문시장 (primary=KEY_2)
2026-07-27 00:16:27,781 [INFO] [51/121] 노량진 (primary=KEY_3)
2026-07-27 00:16:28,929 [INFO] [52/121] 덕수궁길·정동길 (primary=KEY_4)
2026-07-27 00:16:30,073 [INFO] [53/121] 북창동 먹자골목 (primary=KEY_1)
2026-07-27 00:16:31,194 [INFO] [54/121] 북촌한옥마을 (primary=KEY_2)
2026-07-27 00:16:32,475 [INFO] [55/121] 서촌 (primary=KEY_3)
2026-07-27 00:16:34,427 [INFO] [56/121] 성수카페거리 (primary=KEY_4)
2026-07-27 00:16:36,251 [INFO] [57/121] 송리단길·호수단길 (primary=KEY_1)
2026-07-27 00:16:37,405 [INFO] [58/121] 신촌 스타광장 (primary=KEY_2)
2026-07-27 00:16:38,950 [INFO] [59/121] 압구정로데오거리 (primary=KEY_3)
2026-07-27 00:16:40,895 [INFO] [60/121] 여의도 (primary=KEY_4)
2026-07-27 00:16:42,699 [INFO] [61/121] 연남동 (primary=KEY_1)
2026-07-27 00:16:44,505 [INFO] [62/121] 영등포 타임스퀘어 (primary=KEY_2)
2026-07-27 00:16:46,185 [INFO] [63/121] 용리단길 (primary=KEY_3)
2026-07-27 00:16:48,023 [INFO] [64/121] 이태원 앤틱가구거리 (primary=KEY_4)
2026-07-27 00:16:49,036 [INFO] [65/121] 익선동 (primary=KEY_1)
2026-07-27 00:16:50,863 [INFO] [66/121] 인사동 (primary=KEY_2)
2026-07-27 00:16:52,690 [INFO] [67/121] 잠실롯데타워·석촌호수 (primary=KEY_3)
2026-07-27 00:16:54,931 [INFO] [68/121] 창동 신경제 중심지 (primary=KEY_4)
2026-07-27 00:16:56,363 [INFO] [69/121] 청담동 명품거리 (primary=KEY_1)
2026-07-27 00:16:57,508 [INFO] [70/121] 청량리 제기동 일대 전통시장 (primary=KEY_2)
2026-07-27 00:16:58,807 [INFO] [71/121] 해방촌·경리단길 (primary=KEY_3)
2026-07-27 00:16:59,861 [INFO] [72/121] DDP(동대문디자인플라자) (primary=KEY_4)
2026-07-27 00:17:01,550 [INFO] [73/121] DMC(디지털미디어시티) (primary=KEY_1)
2026-07-27 00:17:03,000 [INFO] [74/121] 가산디지털단지역 (primary=KEY_2)
2026-07-27 00:17:04,582 [INFO] [75/121] 강남역 (primary=KEY_3)
2026-07-27 00:17:05,887 [INFO] [76/121] 건대입구역 (primary=KEY_4)
2026-07-27 00:17:07,038 [INFO] [77/121] 고덕역 (primary=KEY_1)
2026-07-27 00:17:09,047 [INFO] [78/121] 고속터미널역 (primary=KEY_2)
2026-07-27 00:17:10,209 [INFO] [79/121] 교대역 (primary=KEY_3)
2026-07-27 00:17:11,341 [INFO] [80/121] 구로디지털단지역 (primary=KEY_4)
2026-07-27 00:17:12,765 [INFO] [81/121] 구로역 (primary=KEY_1)
2026-07-27 00:17:14,450 [INFO] [82/121] 군자역 (primary=KEY_2)
2026-07-27 00:17:15,454 [INFO] [83/121] 대림역 (primary=KEY_3)
2026-07-27 00:17:16,594 [INFO] [84/121] 동대문역 (primary=KEY_4)
2026-07-27 00:17:18,550 [INFO] [85/121] 뚝섬역 (primary=KEY_1)
2026-07-27 00:17:19,689 [INFO] [86/121] 미아사거리역 (primary=KEY_2)
2026-07-27 00:17:20,813 [INFO] [87/121] 발산역 (primary=KEY_3)
2026-07-27 00:17:22,098 [INFO] [88/121] 사당역 (primary=KEY_4)
2026-07-27 00:17:23,239 [INFO] [89/121] 삼각지역 (primary=KEY_1)
2026-07-27 00:17:24,238 [INFO] [90/121] 서울대입구역 (primary=KEY_2)
2026-07-27 00:17:25,371 [INFO] [91/121] 서울식물원·마곡나루역 (primary=KEY_3)
2026-07-27 00:17:26,661 [INFO] [92/121] 서울역 (primary=KEY_4)
2026-07-27 00:17:27,975 [INFO] [93/121] 선릉역 (primary=KEY_1)
2026-07-27 00:17:29,412 [INFO] [94/121] 성신여대입구역 (primary=KEY_2)
2026-07-27 00:17:30,430 [INFO] [95/121] 수유역 (primary=KEY_3)
2026-07-27 00:17:31,564 [INFO] [96/121] 숭례문 (primary=KEY_4)
2026-07-27 00:17:32,848 [INFO] [97/121] 시의회 앞 (primary=KEY_1)
2026-07-27 00:17:33,991 [INFO] [98/121] 신논현역·논현역 (primary=KEY_2)
2026-07-27 00:17:35,149 [INFO] [99/121] 신도림역 (primary=KEY_3)
2026-07-27 00:17:36,150 [INFO] [100/121] 신림역 (primary=KEY_4)
2026-07-27 00:17:37,163 [INFO] [101/121] 신정네거리역 (primary=KEY_1)
2026-07-27 00:17:38,311 [INFO] [102/121] 신촌·이대역 (primary=KEY_2)
2026-07-27 00:17:39,447 [INFO] [103/121] 쌍문역 (primary=KEY_3)
2026-07-27 00:17:40,568 [INFO] [104/121] 양재역 (primary=KEY_4)
2026-07-27 00:17:41,705 [INFO] [105/121] 역삼역 (primary=KEY_1)
2026-07-27 00:17:42,973 [INFO] [106/121] 연신내역 (primary=KEY_2)
2026-07-27 00:17:43,994 [INFO] [107/121] 오목교역·목동운동장 (primary=KEY_3)
2026-07-27 00:17:45,560 [INFO] [108/121] 왕십리역 (primary=KEY_4)
2026-07-27 00:17:46,734 [INFO] [109/121] 용산역 (primary=KEY_1)
2026-07-27 00:17:48,001 [INFO] [110/121] 이태원역 (primary=KEY_2)
2026-07-27 00:17:48,996 [INFO] [111/121] 잠실새내역 (primary=KEY_3)
2026-07-27 00:17:50,206 [INFO] [112/121] 잠실역 (primary=KEY_4)
2026-07-27 00:17:51,484 [INFO] [113/121] 장지역 (primary=KEY_1)
2026-07-27 00:17:52,768 [INFO] [114/121] 장한평역 (primary=KEY_2)
2026-07-27 00:17:53,893 [INFO] [115/121] 천호역 (primary=KEY_3)
2026-07-27 00:17:55,053 [INFO] [116/121] 총신대입구(이수)역 (primary=KEY_4)
2026-07-27 00:17:56,185 [INFO] [117/121] 충정로역 (primary=KEY_1)
2026-07-27 00:17:57,337 [INFO] [118/121] 합정역 (primary=KEY_2)
2026-07-27 00:17:58,485 [INFO] [119/121] 혜화역 (primary=KEY_3)
2026-07-27 00:17:59,610 [INFO] [120/121] 홍대입구역(2호선) (primary=KEY_4)
2026-07-27 00:18:00,766 [INFO] [121/121] 회기역 (primary=KEY_1)
2026-07-27 00:18:02,435 [INFO] === 수집 완료 | 성공 121, 실패 0 ===
2026-07-27 00:18:02,435 [INFO] 카테고리별 저장 결과:
2026-07-27 00:18:02,435 [INFO]    accident                  | 신규     3행 | 누적      3행 | 16컬럼
2026-07-27 00:18:02,435 [INFO]    area_meta                 | 신규   121행 | 누적    121행 | 5컬럼
2026-07-27 00:18:02,435 [INFO]    bike                      | 신규    11행 | 누적     11행 | 12컬럼
2026-07-27 00:18:02,435 [INFO]    bike_sbike_stts           | 신규   571행 | 누적    571행 | 12컬럼
2026-07-27 00:18:02,435 [INFO]    bus                       | 신규     3행 | 누적      3행 | 11컬럼
2026-07-27 00:18:02,435 [INFO]    bus_bus_stn_stts          | 신규  1745행 | 누적   1745행 | 11컬럼
2026-07-27 00:18:02,435 [INFO]    charger                   | 신규     4행 | 누적      4행 | 15컬럼
2026-07-27 00:18:02,435 [INFO]    charger_charger_stts      | 신규  1919행 | 누적   1919행 | 15컬럼
2026-07-27 00:18:02,435 [INFO]    cmrcl                     | 신규    82행 | 누적     82행 | 20컬럼
2026-07-27 00:18:02,435 [INFO]    disaster                  | 신규    24행 | 누적     24행 | 9컬럼
2026-07-27 00:18:02,435 [INFO]    events                    | 신규    12행 | 누적     12행 | 14컬럼
2026-07-27 00:18:02,436 [INFO]    events_event_stts         | 신규   137행 | 누적    137행 | 14컬럼
2026-07-27 00:18:02,436 [INFO]    parking                   | 신규     6행 | 누적      6행 | 21컬럼
2026-07-27 00:18:02,436 [INFO]    parking_prk_stts          | 신규  1834행 | 누적   1834행 | 21컬럼
2026-07-27 00:18:02,436 [INFO]    ppltn                     | 신규   121행 | 누적    121행 | 26컬럼
2026-07-27 00:18:02,436 [INFO]    road                      | 신규   121행 | 누적    121행 | 21컬럼
2026-07-27 00:18:02,436 [INFO]    road_road_traffic_stts    | 신규  5277행 | 누적   5277행 | 17컬럼
2026-07-27 00:18:02,436 [INFO]    subway                    | 신규    38행 | 누적     38행 | 13컬럼
2026-07-27 00:18:02,436 [INFO]    subway_sub_stts           | 신규   183행 | 누적    183행 | 13컬럼
2026-07-27 00:18:02,436 [INFO]    weather                   | 신규   119행 | 누적    119행 | 29컬럼
2026-07-27 00:18:02,436 [INFO] 키별 사용량:
2026-07-27 00:18:02,436 [INFO]    🟢 KEY_1 (31/1000) 
2026-07-27 00:18:02,436 [INFO]    🟢 KEY_2 (30/1000) 
2026-07-27 00:18:02,436 [INFO]    🟢 KEY_3 (30/1000) 
2026-07-27 00:18:02,436 [INFO]    🟢 KEY_4 (30/1000) 
