2026-10-03 01:15:51,876 [INFO] 등록된 키: 4개, 합산 한도 4,000건/일
2026-10-03 01:15:51,876 [INFO] POI 로드: 매뉴얼 v8.5 기준 fallback 121개 (121개 전체)
2026-10-03 01:15:51,877 [INFO] === 수집 시작 2026-10-03T01:15:51.876999+09:00 ===
2026-10-03 01:15:51,877 [INFO] 대상 장소: 121개 | API: citydata (통합)
2026-10-03 01:15:51,877 [INFO] 키 풀: 4/4 활성 | 오늘 사용 0/4000건
2026-10-03 01:15:51,877 [INFO]   [KEY_1] 담당 31장소
2026-10-03 01:15:51,877 [INFO]   [KEY_2] 담당 30장소
2026-10-03 01:15:51,877 [INFO]   [KEY_3] 담당 30장소
2026-10-03 01:15:51,877 [INFO]   [KEY_4] 담당 30장소
2026-10-03 01:15:51,877 [INFO] [1/121] 경복궁 (primary=KEY_1)
2026-10-03 01:15:54,181 [INFO] [2/121] 광화문·덕수궁 (primary=KEY_2)
2026-10-03 01:15:56,517 [INFO] [3/121] 보신각 (primary=KEY_3)
2026-10-03 01:15:57,870 [INFO] [4/121] 서울 암사동 유적 (primary=KEY_4)
2026-10-03 01:15:59,202 [INFO] [5/121] 창덕궁·종묘 (primary=KEY_1)
2026-10-03 01:16:01,356 [INFO] [6/121] 강남 MICE 관광특구 (primary=KEY_2)
2026-10-03 01:16:03,481 [INFO] [7/121] 동대문 관광특구 (primary=KEY_3)
2026-10-03 01:16:05,063 [INFO] [8/121] 명동 관광특구 (primary=KEY_4)
2026-10-03 01:16:07,436 [INFO] [9/121] 이태원 관광특구 (primary=KEY_1)
2026-10-03 01:16:08,804 [INFO] [10/121] 잠실 관광특구 (primary=KEY_2)
2026-10-03 01:16:11,338 [INFO] [11/121] 종로·청계 관광특구 (primary=KEY_3)
2026-10-03 01:16:13,088 [INFO] [12/121] 홍대 관광특구 (primary=KEY_4)
2026-10-03 01:16:15,488 [INFO] [13/121] 강서한강공원 (primary=KEY_1)
2026-10-03 01:16:17,767 [INFO] [14/121] 고척돔 (primary=KEY_2)
2026-10-03 01:16:19,583 [INFO] [15/121] 광나루한강공원 (primary=KEY_3)
2026-10-03 01:16:21,884 [INFO] [16/121] 광화문광장 (primary=KEY_4)
2026-10-03 01:16:23,972 [INFO] [17/121] 국립중앙박물관·용산가족공원 (primary=KEY_1)
2026-10-03 01:16:25,887 [INFO] [18/121] 난지한강공원 (primary=KEY_2)
2026-10-03 01:16:27,028 [INFO] [19/121] 남산공원 (primary=KEY_3)
2026-10-03 01:16:28,589 [INFO] [20/121] 노들섬 (primary=KEY_4)
2026-10-03 01:16:30,666 [INFO] [21/121] 뚝섬한강공원 (primary=KEY_1)
2026-10-03 01:16:31,827 [INFO] [22/121] 망원한강공원 (primary=KEY_2)
2026-10-03 01:16:33,958 [INFO] [23/121] 반포한강공원 (primary=KEY_3)
2026-10-03 01:16:35,095 [INFO] [24/121] 보라매공원 (primary=KEY_4)
2026-10-03 01:16:36,247 [INFO] [25/121] 북서울꿈의숲 (primary=KEY_1)
2026-10-03 01:16:38,219 [INFO] [26/121] 서대문독립공원 (primary=KEY_2)
2026-10-03 01:16:39,367 [INFO] [27/121] 서리풀공원·몽마르뜨공원 (primary=KEY_3)
2026-10-03 01:16:40,544 [INFO] [28/121] 서울대공원 (primary=KEY_4)
2026-10-03 01:16:41,865 [INFO] [29/121] 서울숲공원 (primary=KEY_1)
2026-10-03 01:16:44,167 [INFO] [30/121] 송현녹지광장 (primary=KEY_2)
2026-10-03 01:16:45,492 [INFO] [31/121] 아차산 (primary=KEY_3)
2026-10-03 01:16:46,641 [INFO] [32/121] 안양천 (primary=KEY_4)
2026-10-03 01:16:47,790 [INFO] [33/121] 양화한강공원 (primary=KEY_1)
2026-10-03 01:16:48,924 [INFO] [34/121] 어린이대공원 (primary=KEY_2)
2026-10-03 01:16:50,249 [INFO] [35/121] 여의도한강공원 (primary=KEY_3)
2026-10-03 01:16:51,565 [INFO] [36/121] 여의서로 (primary=KEY_4)
2026-10-03 01:16:54,008 [INFO] [37/121] 올림픽공원 (primary=KEY_1)
2026-10-03 01:16:56,168 [INFO] [38/121] 월드컵공원 (primary=KEY_2)
2026-10-03 01:16:57,756 [INFO] [39/121] 응봉산 (primary=KEY_3)
2026-10-03 01:16:59,270 [INFO] [40/121] 이촌한강공원 (primary=KEY_4)
2026-10-03 01:17:00,400 [INFO] [41/121] 잠실종합운동장 (primary=KEY_1)
2026-10-03 01:17:01,525 [INFO] [42/121] 잠실한강공원 (primary=KEY_2)
2026-10-03 01:17:02,683 [INFO] [43/121] 잠원한강공원 (primary=KEY_3)
2026-10-03 01:17:03,820 [INFO] [44/121] 청계산 (primary=KEY_4)
2026-10-03 01:17:05,690 [INFO] [45/121] 홍제폭포 (primary=KEY_1)
2026-10-03 01:17:06,818 [INFO] [46/121] 가락시장 (primary=KEY_2)
2026-10-03 01:17:08,183 [INFO] [47/121] 가로수길 (primary=KEY_3)
2026-10-03 01:17:10,503 [INFO] [48/121] 광장(전통)시장 (primary=KEY_4)
2026-10-03 01:17:11,658 [INFO] [49/121] 김포공항 (primary=KEY_1)
2026-10-03 01:17:13,257 [INFO] [50/121] 남대문시장 (primary=KEY_2)
2026-10-03 01:17:14,652 [INFO] [51/121] 노량진 (primary=KEY_3)
2026-10-03 01:17:16,210 [INFO] [52/121] 덕수궁길·정동길 (primary=KEY_4)
2026-10-03 01:17:17,577 [INFO] [53/121] 북창동 먹자골목 (primary=KEY_1)
2026-10-03 01:17:19,527 [INFO] [54/121] 북촌한옥마을 (primary=KEY_2)
2026-10-03 01:17:21,042 [INFO] [55/121] 서촌 (primary=KEY_3)
2026-10-03 01:17:22,427 [INFO] [56/121] 성수카페거리 (primary=KEY_4)
2026-10-03 01:17:24,001 [INFO] [57/121] 송리단길·호수단길 (primary=KEY_1)
2026-10-03 01:17:25,348 [INFO] [58/121] 신촌 스타광장 (primary=KEY_2)
2026-10-03 01:17:26,529 [INFO] [59/121] 압구정로데오거리 (primary=KEY_3)
2026-10-03 01:17:27,891 [INFO] [60/121] 여의도 (primary=KEY_4)
2026-10-03 01:17:30,197 [INFO] [61/121] 연남동 (primary=KEY_1)
2026-10-03 01:17:31,575 [INFO] [62/121] 영등포 타임스퀘어 (primary=KEY_2)
2026-10-03 01:17:32,913 [INFO] [63/121] 용리단길 (primary=KEY_3)
2026-10-03 01:17:34,093 [INFO] [64/121] 이태원 앤틱가구거리 (primary=KEY_4)
2026-10-03 01:17:35,851 [INFO] [65/121] 익선동 (primary=KEY_1)
2026-10-03 01:17:37,265 [INFO] [66/121] 인사동 (primary=KEY_2)
2026-10-03 01:17:38,881 [INFO] [67/121] 잠실롯데타워·석촌호수 (primary=KEY_3)
2026-10-03 01:17:40,650 [INFO] [68/121] 창동 신경제 중심지 (primary=KEY_4)
2026-10-03 01:17:42,472 [INFO] [69/121] 청담동 명품거리 (primary=KEY_1)
2026-10-03 01:17:43,834 [INFO] [70/121] 청량리 제기동 일대 전통시장 (primary=KEY_2)
2026-10-03 01:17:45,186 [INFO] [71/121] 해방촌·경리단길 (primary=KEY_3)
2026-10-03 01:17:46,427 [INFO] [72/121] DDP(동대문디자인플라자) (primary=KEY_4)
2026-10-03 01:17:48,960 [INFO] [73/121] DMC(디지털미디어시티) (primary=KEY_1)
2026-10-03 01:17:50,744 [INFO] [74/121] 가산디지털단지역 (primary=KEY_2)
2026-10-03 01:17:52,705 [INFO] [75/121] 강남역 (primary=KEY_3)
2026-10-03 01:17:54,352 [INFO] [76/121] 건대입구역 (primary=KEY_4)
2026-10-03 01:17:55,715 [INFO] [77/121] 고덕역 (primary=KEY_1)
2026-10-03 01:17:57,028 [INFO] [78/121] 고속터미널역 (primary=KEY_2)
2026-10-03 01:17:58,386 [INFO] [79/121] 교대역 (primary=KEY_3)
2026-10-03 01:17:59,733 [INFO] [80/121] 구로디지털단지역 (primary=KEY_4)
2026-10-03 01:18:01,425 [INFO] [81/121] 구로역 (primary=KEY_1)
2026-10-03 01:18:02,760 [INFO] [82/121] 군자역 (primary=KEY_2)
2026-10-03 01:18:03,923 [INFO] [83/121] 대림역 (primary=KEY_3)
2026-10-03 01:18:05,278 [INFO] [84/121] 동대문역 (primary=KEY_4)
2026-10-03 01:18:06,635 [INFO] [85/121] 뚝섬역 (primary=KEY_1)
2026-10-03 01:18:07,967 [INFO] [86/121] 미아사거리역 (primary=KEY_2)
2026-10-03 01:18:09,322 [INFO] [87/121] 발산역 (primary=KEY_3)
2026-10-03 01:18:11,056 [INFO] [88/121] 사당역 (primary=KEY_4)
2026-10-03 01:18:12,424 [INFO] [89/121] 삼각지역 (primary=KEY_1)
2026-10-03 01:18:13,606 [INFO] [90/121] 서울대입구역 (primary=KEY_2)
2026-10-03 01:18:14,927 [INFO] [91/121] 서울식물원·마곡나루역 (primary=KEY_3)
2026-10-03 01:18:16,483 [INFO] [92/121] 서울역 (primary=KEY_4)
2026-10-03 01:18:18,066 [INFO] [93/121] 선릉역 (primary=KEY_1)
2026-10-03 01:18:19,811 [INFO] [94/121] 성신여대입구역 (primary=KEY_2)
2026-10-03 01:18:21,000 [INFO] [95/121] 수유역 (primary=KEY_3)
2026-10-03 01:18:22,351 [INFO] [96/121] 숭례문 (primary=KEY_4)
2026-10-03 01:18:23,731 [INFO] [97/121] 시의회 앞 (primary=KEY_1)
2026-10-03 01:18:25,098 [INFO] [98/121] 신논현역·논현역 (primary=KEY_2)
2026-10-03 01:18:26,520 [INFO] [99/121] 신도림역 (primary=KEY_3)
2026-10-03 01:18:27,663 [INFO] [100/121] 신림역 (primary=KEY_4)
2026-10-03 01:18:29,055 [INFO] [101/121] 신정네거리역 (primary=KEY_1)
2026-10-03 01:18:30,403 [INFO] [102/121] 신촌·이대역 (primary=KEY_2)
2026-10-03 01:18:31,764 [INFO] [103/121] 쌍문역 (primary=KEY_3)
2026-10-03 01:18:33,130 [INFO] [104/121] 양재역 (primary=KEY_4)
2026-10-03 01:18:34,463 [INFO] [105/121] 역삼역 (primary=KEY_1)
2026-10-03 01:18:35,988 [INFO] [106/121] 연신내역 (primary=KEY_2)
2026-10-03 01:18:37,159 [INFO] [107/121] 오목교역·목동운동장 (primary=KEY_3)
2026-10-03 01:18:39,075 [INFO] [108/121] 왕십리역 (primary=KEY_4)
2026-10-03 01:18:40,620 [INFO] [109/121] 용산역 (primary=KEY_1)
2026-10-03 01:18:42,159 [INFO] [110/121] 이태원역 (primary=KEY_2)
2026-10-03 01:18:43,328 [INFO] [111/121] 잠실새내역 (primary=KEY_3)
2026-10-03 01:18:44,773 [INFO] [112/121] 잠실역 (primary=KEY_4)
2026-10-03 01:18:46,316 [INFO] [113/121] 장지역 (primary=KEY_1)
2026-10-03 01:18:47,848 [INFO] [114/121] 장한평역 (primary=KEY_2)
2026-10-03 01:18:49,185 [INFO] [115/121] 천호역 (primary=KEY_3)
2026-10-03 01:18:50,581 [INFO] [116/121] 총신대입구(이수)역 (primary=KEY_4)
2026-10-03 01:18:51,909 [INFO] [117/121] 충정로역 (primary=KEY_1)
2026-10-03 01:18:53,265 [INFO] [118/121] 합정역 (primary=KEY_2)
2026-10-03 01:18:54,610 [INFO] [119/121] 혜화역 (primary=KEY_3)
2026-10-03 01:18:55,961 [INFO] [120/121] 홍대입구역(2호선) (primary=KEY_4)
2026-10-03 01:18:57,335 [INFO] [121/121] 회기역 (primary=KEY_1)
2026-10-03 01:18:59,125 [INFO] === 수집 완료 | 성공 121, 실패 0 ===
2026-10-03 01:18:59,125 [INFO] 카테고리별 저장 결과:
2026-10-03 01:18:59,125 [INFO]    accident                  | 신규     3행 | 누적      3행 | 16컬럼
2026-10-03 01:18:59,125 [INFO]    accident_acdnt_cntrl_stts | 신규     2행 | 누적      2행 | 16컬럼
2026-10-03 01:18:59,125 [INFO]    area_meta                 | 신규   121행 | 누적    121행 | 5컬럼
2026-10-03 01:18:59,125 [INFO]    bike                      | 신규    10행 | 누적     10행 | 12컬럼
2026-10-03 01:18:59,125 [INFO]    bike_sbike_stts           | 신규   573행 | 누적    573행 | 12컬럼
2026-10-03 01:18:59,125 [INFO]    bus                       | 신규     3행 | 누적      3행 | 11컬럼
2026-10-03 01:18:59,125 [INFO]    bus_bus_stn_stts          | 신규  1745행 | 누적   1745행 | 11컬럼
2026-10-03 01:18:59,126 [INFO]    charger                   | 신규     4행 | 누적      4행 | 15컬럼
2026-10-03 01:18:59,126 [INFO]    charger_charger_stts      | 신규  1927행 | 누적   1927행 | 15컬럼
2026-10-03 01:18:59,126 [INFO]    cmrcl                     | 신규    82행 | 누적     82행 | 20컬럼
2026-10-03 01:18:59,126 [INFO]    events                    | 신규    14행 | 누적     14행 | 14컬럼
2026-10-03 01:18:59,126 [INFO]    events_event_stts         | 신규   131행 | 누적    131행 | 14컬럼
2026-10-03 01:18:59,126 [INFO]    parking                   | 신규     6행 | 누적      6행 | 21컬럼
2026-10-03 01:18:59,126 [INFO]    parking_prk_stts          | 신규  1832행 | 누적   1832행 | 21컬럼
2026-10-03 01:18:59,126 [INFO]    ppltn                     | 신규   121행 | 누적    121행 | 26컬럼
2026-10-03 01:18:59,126 [INFO]    road                      | 신규   121행 | 누적    121행 | 21컬럼
2026-10-03 01:18:59,126 [INFO]    road_road_traffic_stts    | 신규  5303행 | 누적   5303행 | 17컬럼
2026-10-03 01:18:59,126 [INFO]    subway                    | 신규    38행 | 누적     38행 | 13컬럼
2026-10-03 01:18:59,126 [INFO]    subway_sub_stts           | 신규   183행 | 누적    183행 | 13컬럼
2026-10-03 01:18:59,126 [INFO]    weather                   | 신규   119행 | 누적    119행 | 29컬럼
2026-10-03 01:18:59,126 [INFO] 키별 사용량:
2026-10-03 01:18:59,126 [INFO]    🟢 KEY_1 (31/1000) 
2026-10-03 01:18:59,126 [INFO]    🟢 KEY_2 (30/1000) 
2026-10-03 01:18:59,127 [INFO]    🟢 KEY_3 (30/1000) 
2026-10-03 01:18:59,127 [INFO]    🟢 KEY_4 (30/1000) 
2026-10-03 06:19:22,820 [INFO] 등록된 키: 4개, 합산 한도 4,000건/일
2026-10-03 06:19:22,820 [INFO] POI 로드: 매뉴얼 v8.5 기준 fallback 121개 (121개 전체)
2026-10-03 06:19:22,820 [INFO] === 수집 시작 2026-10-03T06:19:22.820821+09:00 ===
2026-10-03 06:19:22,820 [INFO] 대상 장소: 121개 | API: citydata (통합)
2026-10-03 06:19:22,820 [INFO] 키 풀: 4/4 활성 | 오늘 사용 0/4000건
2026-10-03 06:19:22,821 [INFO]   [KEY_1] 담당 31장소
2026-10-03 06:19:22,821 [INFO]   [KEY_2] 담당 30장소
2026-10-03 06:19:22,821 [INFO]   [KEY_3] 담당 30장소
2026-10-03 06:19:22,821 [INFO]   [KEY_4] 담당 30장소
2026-10-03 06:19:22,821 [INFO] [1/121] 경복궁 (primary=KEY_1)
2026-10-03 06:19:25,279 [INFO] [2/121] 광화문·덕수궁 (primary=KEY_2)
2026-10-03 06:19:27,719 [INFO] [3/121] 보신각 (primary=KEY_3)
2026-10-03 06:19:29,616 [INFO] [4/121] 서울 암사동 유적 (primary=KEY_4)
2026-10-03 06:19:31,824 [INFO] [5/121] 창덕궁·종묘 (primary=KEY_1)
2026-10-03 06:19:33,684 [INFO] [6/121] 강남 MICE 관광특구 (primary=KEY_2)
2026-10-03 06:19:36,105 [INFO] [7/121] 동대문 관광특구 (primary=KEY_3)
2026-10-03 06:19:38,375 [INFO] [8/121] 명동 관광특구 (primary=KEY_4)
2026-10-03 06:19:40,868 [INFO] [9/121] 이태원 관광특구 (primary=KEY_1)
2026-10-03 06:19:43,315 [INFO] [10/121] 잠실 관광특구 (primary=KEY_2)
2026-10-03 06:19:45,793 [INFO] [11/121] 종로·청계 관광특구 (primary=KEY_3)
2026-10-03 06:19:47,337 [INFO] [12/121] 홍대 관광특구 (primary=KEY_4)
2026-10-03 06:19:48,885 [INFO] [13/121] 강서한강공원 (primary=KEY_1)
2026-10-03 06:19:50,023 [INFO] [14/121] 고척돔 (primary=KEY_2)
2026-10-03 06:19:51,333 [INFO] [15/121] 광나루한강공원 (primary=KEY_3)
2026-10-03 06:19:52,631 [INFO] [16/121] 광화문광장 (primary=KEY_4)
2026-10-03 06:19:53,949 [INFO] [17/121] 국립중앙박물관·용산가족공원 (primary=KEY_1)
2026-10-03 06:19:56,556 [INFO] [18/121] 난지한강공원 (primary=KEY_2)
2026-10-03 06:19:58,430 [INFO] [19/121] 남산공원 (primary=KEY_3)
2026-10-03 06:20:00,737 [INFO] [20/121] 노들섬 (primary=KEY_4)
2026-10-03 06:20:01,897 [INFO] [21/121] 뚝섬한강공원 (primary=KEY_1)
2026-10-03 06:20:03,828 [INFO] [22/121] 망원한강공원 (primary=KEY_2)
2026-10-03 06:20:05,895 [INFO] [23/121] 반포한강공원 (primary=KEY_3)
2026-10-03 06:20:07,015 [INFO] [24/121] 보라매공원 (primary=KEY_4)
2026-10-03 06:20:09,062 [INFO] [25/121] 북서울꿈의숲 (primary=KEY_1)
2026-10-03 06:20:11,298 [INFO] [26/121] 서대문독립공원 (primary=KEY_2)
2026-10-03 06:20:12,434 [INFO] [27/121] 서리풀공원·몽마르뜨공원 (primary=KEY_3)
2026-10-03 06:20:14,680 [INFO] [28/121] 서울대공원 (primary=KEY_4)
2026-10-03 06:20:16,536 [INFO] [29/121] 서울숲공원 (primary=KEY_1)
2026-10-03 06:20:18,884 [INFO] [30/121] 송현녹지광장 (primary=KEY_2)
2026-10-03 06:20:20,875 [INFO] [31/121] 아차산 (primary=KEY_3)
2026-10-03 06:20:22,920 [INFO] [32/121] 안양천 (primary=KEY_4)
2026-10-03 06:20:24,783 [INFO] [33/121] 양화한강공원 (primary=KEY_1)
2026-10-03 06:20:26,630 [INFO] [34/121] 어린이대공원 (primary=KEY_2)
2026-10-03 06:20:27,951 [INFO] [35/121] 여의도한강공원 (primary=KEY_3)
2026-10-03 06:20:29,285 [INFO] [36/121] 여의서로 (primary=KEY_4)
2026-10-03 06:20:31,501 [INFO] [37/121] 올림픽공원 (primary=KEY_1)
2026-10-03 06:20:33,989 [INFO] [38/121] 월드컵공원 (primary=KEY_2)
2026-10-03 06:20:35,680 [INFO] [39/121] 응봉산 (primary=KEY_3)
2026-10-03 06:20:37,727 [INFO] [40/121] 이촌한강공원 (primary=KEY_4)
2026-10-03 06:20:39,590 [INFO] [41/121] 잠실종합운동장 (primary=KEY_1)
2026-10-03 06:20:41,465 [INFO] [42/121] 잠실한강공원 (primary=KEY_2)
2026-10-03 06:20:43,152 [INFO] [43/121] 잠원한강공원 (primary=KEY_3)
2026-10-03 06:20:44,842 [INFO] [44/121] 청계산 (primary=KEY_4)
2026-10-03 06:20:45,956 [INFO] [45/121] 홍제폭포 (primary=KEY_1)
2026-10-03 06:20:47,698 [INFO] [46/121] 가락시장 (primary=KEY_2)
2026-10-03 06:20:49,762 [INFO] [47/121] 가로수길 (primary=KEY_3)
2026-10-03 06:20:52,191 [INFO] [48/121] 광장(전통)시장 (primary=KEY_4)
2026-10-03 06:20:54,086 [INFO] [49/121] 김포공항 (primary=KEY_1)
2026-10-03 06:20:55,672 [INFO] [50/121] 남대문시장 (primary=KEY_2)
2026-10-03 06:20:58,846 [INFO] [51/121] 노량진 (primary=KEY_3)
2026-10-03 06:21:00,730 [INFO] [52/121] 덕수궁길·정동길 (primary=KEY_4)
2026-10-03 06:21:02,731 [INFO] [53/121] 북창동 먹자골목 (primary=KEY_1)
2026-10-03 06:21:04,039 [INFO] [54/121] 북촌한옥마을 (primary=KEY_2)
2026-10-03 06:21:05,540 [INFO] [55/121] 서촌 (primary=KEY_3)
2026-10-03 06:21:06,848 [INFO] [56/121] 성수카페거리 (primary=KEY_4)
2026-10-03 06:21:09,349 [INFO] [57/121] 송리단길·호수단길 (primary=KEY_1)
2026-10-03 06:21:10,706 [INFO] [58/121] 신촌 스타광장 (primary=KEY_2)
2026-10-03 06:21:11,838 [INFO] [59/121] 압구정로데오거리 (primary=KEY_3)
2026-10-03 06:21:14,259 [INFO] [60/121] 여의도 (primary=KEY_4)
2026-10-03 06:21:16,366 [INFO] [61/121] 연남동 (primary=KEY_1)
2026-10-03 06:21:17,664 [INFO] [62/121] 영등포 타임스퀘어 (primary=KEY_2)
2026-10-03 06:21:18,975 [INFO] [63/121] 용리단길 (primary=KEY_3)
2026-10-03 06:21:20,116 [INFO] [64/121] 이태원 앤틱가구거리 (primary=KEY_4)
2026-10-03 06:21:21,419 [INFO] [65/121] 익선동 (primary=KEY_1)
2026-10-03 06:21:22,748 [INFO] [66/121] 인사동 (primary=KEY_2)
2026-10-03 06:21:24,238 [INFO] [67/121] 잠실롯데타워·석촌호수 (primary=KEY_3)
2026-10-03 06:21:25,917 [INFO] [68/121] 창동 신경제 중심지 (primary=KEY_4)
2026-10-03 06:21:27,641 [INFO] [69/121] 청담동 명품거리 (primary=KEY_1)
2026-10-03 06:21:28,950 [INFO] [70/121] 청량리 제기동 일대 전통시장 (primary=KEY_2)
2026-10-03 06:21:30,925 [INFO] [71/121] 해방촌·경리단길 (primary=KEY_3)
2026-10-03 06:21:32,080 [INFO] [72/121] DDP(동대문디자인플라자) (primary=KEY_4)
2026-10-03 06:21:34,013 [INFO] [73/121] DMC(디지털미디어시티) (primary=KEY_1)
2026-10-03 06:21:35,748 [INFO] [74/121] 가산디지털단지역 (primary=KEY_2)
2026-10-03 06:21:38,393 [INFO] [75/121] 강남역 (primary=KEY_3)
2026-10-03 06:21:39,908 [INFO] [76/121] 건대입구역 (primary=KEY_4)
2026-10-03 06:21:41,927 [INFO] [77/121] 고덕역 (primary=KEY_1)
2026-10-03 06:21:43,258 [INFO] [78/121] 고속터미널역 (primary=KEY_2)
2026-10-03 06:21:44,583 [INFO] [79/121] 교대역 (primary=KEY_3)
2026-10-03 06:21:45,897 [INFO] [80/121] 구로디지털단지역 (primary=KEY_4)
2026-10-03 06:21:47,576 [INFO] [81/121] 구로역 (primary=KEY_1)
2026-10-03 06:21:48,896 [INFO] [82/121] 군자역 (primary=KEY_2)
2026-10-03 06:21:50,211 [INFO] [83/121] 대림역 (primary=KEY_3)
2026-10-03 06:21:51,814 [INFO] [84/121] 동대문역 (primary=KEY_4)
2026-10-03 06:21:53,134 [INFO] [85/121] 뚝섬역 (primary=KEY_1)
2026-10-03 06:21:54,451 [INFO] [86/121] 미아사거리역 (primary=KEY_2)
2026-10-03 06:21:55,777 [INFO] [87/121] 발산역 (primary=KEY_3)
2026-10-03 06:21:57,495 [INFO] [88/121] 사당역 (primary=KEY_4)
2026-10-03 06:21:58,839 [INFO] [89/121] 삼각지역 (primary=KEY_1)
2026-10-03 06:22:00,144 [INFO] [90/121] 서울대입구역 (primary=KEY_2)
2026-10-03 06:22:01,464 [INFO] [91/121] 서울식물원·마곡나루역 (primary=KEY_3)
2026-10-03 06:22:02,977 [INFO] [92/121] 서울역 (primary=KEY_4)
2026-10-03 06:22:04,502 [INFO] [93/121] 선릉역 (primary=KEY_1)
2026-10-03 06:22:06,226 [INFO] [94/121] 성신여대입구역 (primary=KEY_2)
2026-10-03 06:22:07,390 [INFO] [95/121] 수유역 (primary=KEY_3)
2026-10-03 06:22:08,711 [INFO] [96/121] 숭례문 (primary=KEY_4)
2026-10-03 06:22:10,039 [INFO] [97/121] 시의회 앞 (primary=KEY_1)
2026-10-03 06:22:11,367 [INFO] [98/121] 신논현역·논현역 (primary=KEY_2)
2026-10-03 06:22:12,716 [INFO] [99/121] 신도림역 (primary=KEY_3)
2026-10-03 06:22:13,842 [INFO] [100/121] 신림역 (primary=KEY_4)
2026-10-03 06:22:15,170 [INFO] [101/121] 신정네거리역 (primary=KEY_1)
2026-10-03 06:22:16,488 [INFO] [102/121] 신촌·이대역 (primary=KEY_2)
2026-10-03 06:22:17,812 [INFO] [103/121] 쌍문역 (primary=KEY_3)
2026-10-03 06:22:19,701 [INFO] [104/121] 양재역 (primary=KEY_4)
2026-10-03 06:22:21,029 [INFO] [105/121] 역삼역 (primary=KEY_1)
2026-10-03 06:22:22,537 [INFO] [106/121] 연신내역 (primary=KEY_2)
2026-10-03 06:22:23,694 [INFO] [107/121] 오목교역·목동운동장 (primary=KEY_3)
2026-10-03 06:22:25,588 [INFO] [108/121] 왕십리역 (primary=KEY_4)
2026-10-03 06:22:27,252 [INFO] [109/121] 용산역 (primary=KEY_1)
2026-10-03 06:22:28,751 [INFO] [110/121] 이태원역 (primary=KEY_2)
2026-10-03 06:22:29,883 [INFO] [111/121] 잠실새내역 (primary=KEY_3)
2026-10-03 06:22:31,316 [INFO] [112/121] 잠실역 (primary=KEY_4)
2026-10-03 06:22:32,838 [INFO] [113/121] 장지역 (primary=KEY_1)
2026-10-03 06:22:34,903 [INFO] [114/121] 장한평역 (primary=KEY_2)
2026-10-03 06:22:36,234 [INFO] [115/121] 천호역 (primary=KEY_3)
2026-10-03 06:22:37,570 [INFO] [116/121] 총신대입구(이수)역 (primary=KEY_4)
2026-10-03 06:22:38,893 [INFO] [117/121] 충정로역 (primary=KEY_1)
2026-10-03 06:22:40,211 [INFO] [118/121] 합정역 (primary=KEY_2)
2026-10-03 06:22:41,565 [INFO] [119/121] 혜화역 (primary=KEY_3)
2026-10-03 06:22:43,979 [INFO] [120/121] 홍대입구역(2호선) (primary=KEY_4)
2026-10-03 06:22:45,311 [INFO] [121/121] 회기역 (primary=KEY_1)
2026-10-03 06:22:47,242 [INFO] === 수집 완료 | 성공 121, 실패 0 ===
2026-10-03 06:22:47,242 [INFO] 카테고리별 저장 결과:
2026-10-03 06:22:47,242 [INFO]    accident                  | 신규     6행 | 누적      9행 | 16컬럼
2026-10-03 06:22:47,242 [INFO]    accident_acdnt_cntrl_stts | 신규     2행 | 누적      4행 | 16컬럼
2026-10-03 06:22:47,242 [INFO]    area_meta                 | 신규   121행 | 누적    242행 | 5컬럼
2026-10-03 06:22:47,242 [INFO]    bike                      | 신규    10행 | 누적     20행 | 12컬럼
2026-10-03 06:22:47,242 [INFO]    bike_sbike_stts           | 신규   573행 | 누적   1146행 | 12컬럼
2026-10-03 06:22:47,242 [INFO]    bus                       | 신규     3행 | 누적      6행 | 11컬럼
2026-10-03 06:22:47,242 [INFO]    bus_bus_stn_stts          | 신규  1745행 | 누적   3490행 | 11컬럼
2026-10-03 06:22:47,242 [INFO]    charger                   | 신규     4행 | 누적      8행 | 15컬럼
2026-10-03 06:22:47,242 [INFO]    charger_charger_stts      | 신규  1927행 | 누적   3828행 | 15컬럼
2026-10-03 06:22:47,242 [INFO]    cmrcl                     | 신규    82행 | 누적    164행 | 20컬럼
2026-10-03 06:22:47,242 [INFO]    events                    | 신규    15행 | 누적     29행 | 14컬럼
2026-10-03 06:22:47,242 [INFO]    events_event_stts         | 신규   134행 | 누적    265행 | 14컬럼
2026-10-03 06:22:47,242 [INFO]    parking                   | 신규     6행 | 누적     12행 | 21컬럼
2026-10-03 06:22:47,242 [INFO]    parking_prk_stts          | 신규  1832행 | 누적   3664행 | 21컬럼
2026-10-03 06:22:47,242 [INFO]    ppltn                     | 신규   121행 | 누적    242행 | 26컬럼
2026-10-03 06:22:47,242 [INFO]    road                      | 신규   121행 | 누적    242행 | 21컬럼
2026-10-03 06:22:47,242 [INFO]    road_road_traffic_stts    | 신규  5303행 | 누적  10606행 | 17컬럼
2026-10-03 06:22:47,242 [INFO]    subway                    | 신규    38행 | 누적     76행 | 13컬럼
2026-10-03 06:22:47,242 [INFO]    subway_sub_stts           | 신규   183행 | 누적    366행 | 13컬럼
2026-10-03 06:22:47,242 [INFO]    weather                   | 신규   119행 | 누적    238행 | 29컬럼
2026-10-03 06:22:47,242 [INFO] 키별 사용량:
2026-10-03 06:22:47,242 [INFO]    🟢 KEY_1 (31/1000) 
2026-10-03 06:22:47,242 [INFO]    🟢 KEY_2 (30/1000) 
2026-10-03 06:22:47,242 [INFO]    🟢 KEY_3 (30/1000) 
2026-10-03 06:22:47,242 [INFO]    🟢 KEY_4 (30/1000) 
2026-10-03 10:07:34,231 [INFO] 등록된 키: 4개, 합산 한도 4,000건/일
2026-10-03 10:07:34,231 [INFO] POI 로드: 매뉴얼 v8.5 기준 fallback 121개 (121개 전체)
2026-10-03 10:07:34,231 [INFO] === 수집 시작 2026-10-03T10:07:34.231688+09:00 ===
2026-10-03 10:07:34,231 [INFO] 대상 장소: 121개 | API: citydata (통합)
2026-10-03 10:07:34,231 [INFO] 키 풀: 4/4 활성 | 오늘 사용 0/4000건
2026-10-03 10:07:34,231 [INFO]   [KEY_1] 담당 31장소
2026-10-03 10:07:34,232 [INFO]   [KEY_2] 담당 30장소
2026-10-03 10:07:34,232 [INFO]   [KEY_3] 담당 30장소
2026-10-03 10:07:34,232 [INFO]   [KEY_4] 담당 30장소
2026-10-03 10:07:34,232 [INFO] [1/121] 경복궁 (primary=KEY_1)
2026-10-03 10:07:36,029 [INFO] [2/121] 광화문·덕수궁 (primary=KEY_2)
2026-10-03 10:07:37,573 [INFO] [3/121] 보신각 (primary=KEY_3)
2026-10-03 10:07:38,823 [INFO] [4/121] 서울 암사동 유적 (primary=KEY_4)
2026-10-03 10:07:39,793 [INFO] [5/121] 창덕궁·종묘 (primary=KEY_1)
2026-10-03 10:07:40,907 [INFO] [6/121] 강남 MICE 관광특구 (primary=KEY_2)
2026-10-03 10:07:42,844 [INFO] [7/121] 동대문 관광특구 (primary=KEY_3)
2026-10-03 10:07:44,276 [INFO] [8/121] 명동 관광특구 (primary=KEY_4)
2026-10-03 10:07:46,678 [INFO] [9/121] 이태원 관광특구 (primary=KEY_1)
2026-10-03 10:07:48,382 [INFO] [10/121] 잠실 관광특구 (primary=KEY_2)
2026-10-03 10:07:50,514 [INFO] [11/121] 종로·청계 관광특구 (primary=KEY_3)
2026-10-03 10:07:52,664 [INFO] [12/121] 홍대 관광특구 (primary=KEY_4)
2026-10-03 10:07:54,062 [INFO] [13/121] 강서한강공원 (primary=KEY_1)
2026-10-03 10:07:55,569 [INFO] [14/121] 고척돔 (primary=KEY_2)
2026-10-03 10:07:56,547 [INFO] [15/121] 광나루한강공원 (primary=KEY_3)
2026-10-03 10:07:57,667 [INFO] [16/121] 광화문광장 (primary=KEY_4)
2026-10-03 10:07:58,928 [INFO] [17/121] 국립중앙박물관·용산가족공원 (primary=KEY_1)
2026-10-03 10:07:59,911 [INFO] [18/121] 난지한강공원 (primary=KEY_2)
2026-10-03 10:08:01,645 [INFO] [19/121] 남산공원 (primary=KEY_3)
2026-10-03 10:08:02,913 [INFO] [20/121] 노들섬 (primary=KEY_4)
2026-10-03 10:08:03,879 [INFO] [21/121] 뚝섬한강공원 (primary=KEY_1)
2026-10-03 10:08:05,662 [INFO] [22/121] 망원한강공원 (primary=KEY_2)
2026-10-03 10:08:07,451 [INFO] [23/121] 반포한강공원 (primary=KEY_3)
2026-10-03 10:08:08,960 [INFO] [24/121] 보라매공원 (primary=KEY_4)
2026-10-03 10:08:10,077 [INFO] [25/121] 북서울꿈의숲 (primary=KEY_1)
2026-10-03 10:08:11,746 [INFO] [26/121] 서대문독립공원 (primary=KEY_2)
2026-10-03 10:08:13,278 [INFO] [27/121] 서리풀공원·몽마르뜨공원 (primary=KEY_3)
2026-10-03 10:08:14,410 [INFO] [28/121] 서울대공원 (primary=KEY_4)
2026-10-03 10:08:15,376 [INFO] [29/121] 서울숲공원 (primary=KEY_1)
2026-10-03 10:08:16,616 [INFO] [30/121] 송현녹지광장 (primary=KEY_2)
2026-10-03 10:08:18,393 [INFO] [31/121] 아차산 (primary=KEY_3)
2026-10-03 10:08:19,916 [INFO] [32/121] 안양천 (primary=KEY_4)
2026-10-03 10:08:20,903 [INFO] [33/121] 양화한강공원 (primary=KEY_1)
2026-10-03 10:08:21,877 [INFO] [34/121] 어린이대공원 (primary=KEY_2)
2026-10-03 10:08:22,989 [INFO] [35/121] 여의도한강공원 (primary=KEY_3)
2026-10-03 10:08:24,117 [INFO] [36/121] 여의서로 (primary=KEY_4)
2026-10-03 10:08:25,228 [INFO] [37/121] 올림픽공원 (primary=KEY_1)
2026-10-03 10:08:26,409 [INFO] [38/121] 월드컵공원 (primary=KEY_2)
2026-10-03 10:08:27,725 [INFO] [39/121] 응봉산 (primary=KEY_3)
2026-10-03 10:08:28,835 [INFO] [40/121] 이촌한강공원 (primary=KEY_4)
2026-10-03 10:08:29,947 [INFO] [41/121] 잠실종합운동장 (primary=KEY_1)
2026-10-03 10:08:31,098 [INFO] [42/121] 잠실한강공원 (primary=KEY_2)
2026-10-03 10:08:32,090 [INFO] [43/121] 잠원한강공원 (primary=KEY_3)
2026-10-03 10:08:33,208 [INFO] [44/121] 청계산 (primary=KEY_4)
2026-10-03 10:08:34,176 [INFO] [45/121] 홍제폭포 (primary=KEY_1)
2026-10-03 10:08:35,696 [INFO] [46/121] 가락시장 (primary=KEY_2)
2026-10-03 10:08:36,858 [INFO] [47/121] 가로수길 (primary=KEY_3)
2026-10-03 10:08:38,665 [INFO] [48/121] 광장(전통)시장 (primary=KEY_4)
2026-10-03 10:08:39,657 [INFO] [49/121] 김포공항 (primary=KEY_1)
2026-10-03 10:08:40,932 [INFO] [50/121] 남대문시장 (primary=KEY_2)
2026-10-03 10:08:42,055 [INFO] [51/121] 노량진 (primary=KEY_3)
2026-10-03 10:08:43,170 [INFO] [52/121] 덕수궁길·정동길 (primary=KEY_4)
2026-10-03 10:08:44,309 [INFO] [53/121] 북창동 먹자골목 (primary=KEY_1)
2026-10-03 10:08:45,412 [INFO] [54/121] 북촌한옥마을 (primary=KEY_2)
2026-10-03 10:08:46,664 [INFO] [55/121] 서촌 (primary=KEY_3)
2026-10-03 10:08:47,791 [INFO] [56/121] 성수카페거리 (primary=KEY_4)
2026-10-03 10:08:49,073 [INFO] [57/121] 송리단길·호수단길 (primary=KEY_1)
2026-10-03 10:08:50,212 [INFO] [58/121] 신촌 스타광장 (primary=KEY_2)
2026-10-03 10:08:51,219 [INFO] [59/121] 압구정로데오거리 (primary=KEY_3)
2026-10-03 10:08:52,376 [INFO] [60/121] 여의도 (primary=KEY_4)
2026-10-03 10:08:54,142 [INFO] [61/121] 연남동 (primary=KEY_1)
2026-10-03 10:08:55,258 [INFO] [62/121] 영등포 타임스퀘어 (primary=KEY_2)
2026-10-03 10:08:56,387 [INFO] [63/121] 용리단길 (primary=KEY_3)
2026-10-03 10:08:57,398 [INFO] [64/121] 이태원 앤틱가구거리 (primary=KEY_4)
2026-10-03 10:08:58,525 [INFO] [65/121] 익선동 (primary=KEY_1)
2026-10-03 10:08:59,659 [INFO] [66/121] 인사동 (primary=KEY_2)
2026-10-03 10:09:00,931 [INFO] [67/121] 잠실롯데타워·석촌호수 (primary=KEY_3)
2026-10-03 10:09:02,367 [INFO] [68/121] 창동 신경제 중심지 (primary=KEY_4)
2026-10-03 10:09:03,778 [INFO] [69/121] 청담동 명품거리 (primary=KEY_1)
2026-10-03 10:09:04,886 [INFO] [70/121] 청량리 제기동 일대 전통시장 (primary=KEY_2)
2026-10-03 10:09:06,076 [INFO] [71/121] 해방촌·경리단길 (primary=KEY_3)
2026-10-03 10:09:07,070 [INFO] [72/121] DDP(동대문디자인플라자) (primary=KEY_4)
2026-10-03 10:09:08,202 [INFO] [73/121] DMC(디지털미디어시티) (primary=KEY_1)
2026-10-03 10:09:09,652 [INFO] [74/121] 가산디지털단지역 (primary=KEY_2)
2026-10-03 10:09:11,199 [INFO] [75/121] 강남역 (primary=KEY_3)
2026-10-03 10:09:12,546 [INFO] [76/121] 건대입구역 (primary=KEY_4)
2026-10-03 10:09:13,709 [INFO] [77/121] 고덕역 (primary=KEY_1)
2026-10-03 10:09:14,835 [INFO] [78/121] 고속터미널역 (primary=KEY_2)
2026-10-03 10:09:15,975 [INFO] [79/121] 교대역 (primary=KEY_3)
2026-10-03 10:09:17,125 [INFO] [80/121] 구로디지털단지역 (primary=KEY_4)
2026-10-03 10:09:18,523 [INFO] [81/121] 구로역 (primary=KEY_1)
2026-10-03 10:09:19,639 [INFO] [82/121] 군자역 (primary=KEY_2)
2026-10-03 10:09:21,320 [INFO] [83/121] 대림역 (primary=KEY_3)
2026-10-03 10:09:22,452 [INFO] [84/121] 동대문역 (primary=KEY_4)
2026-10-03 10:09:23,602 [INFO] [85/121] 뚝섬역 (primary=KEY_1)
2026-10-03 10:09:24,723 [INFO] [86/121] 미아사거리역 (primary=KEY_2)
2026-10-03 10:09:25,838 [INFO] [87/121] 발산역 (primary=KEY_3)
2026-10-03 10:09:27,235 [INFO] [88/121] 사당역 (primary=KEY_4)
2026-10-03 10:09:28,359 [INFO] [89/121] 삼각지역 (primary=KEY_1)
2026-10-03 10:09:29,482 [INFO] [90/121] 서울대입구역 (primary=KEY_2)
2026-10-03 10:09:30,594 [INFO] [91/121] 서울식물원·마곡나루역 (primary=KEY_3)
2026-10-03 10:09:31,865 [INFO] [92/121] 서울역 (primary=KEY_4)
2026-10-03 10:09:33,130 [INFO] [93/121] 선릉역 (primary=KEY_1)
2026-10-03 10:09:34,533 [INFO] [94/121] 성신여대입구역 (primary=KEY_2)
2026-10-03 10:09:35,522 [INFO] [95/121] 수유역 (primary=KEY_3)
2026-10-03 10:09:36,647 [INFO] [96/121] 숭례문 (primary=KEY_4)
2026-10-03 10:09:37,786 [INFO] [97/121] 시의회 앞 (primary=KEY_1)
2026-10-03 10:09:38,921 [INFO] [98/121] 신논현역·논현역 (primary=KEY_2)
2026-10-03 10:09:40,062 [INFO] [99/121] 신도림역 (primary=KEY_3)
2026-10-03 10:09:41,066 [INFO] [100/121] 신림역 (primary=KEY_4)
2026-10-03 10:09:42,193 [INFO] [101/121] 신정네거리역 (primary=KEY_1)
2026-10-03 10:09:43,308 [INFO] [102/121] 신촌·이대역 (primary=KEY_2)
2026-10-03 10:09:44,433 [INFO] [103/121] 쌍문역 (primary=KEY_3)
2026-10-03 10:09:45,559 [INFO] [104/121] 양재역 (primary=KEY_4)
2026-10-03 10:09:46,692 [INFO] [105/121] 역삼역 (primary=KEY_1)
2026-10-03 10:09:47,959 [INFO] [106/121] 연신내역 (primary=KEY_2)
2026-10-03 10:09:48,952 [INFO] [107/121] 오목교역·목동운동장 (primary=KEY_3)
2026-10-03 10:09:50,496 [INFO] [108/121] 왕십리역 (primary=KEY_4)
2026-10-03 10:09:51,791 [INFO] [109/121] 용산역 (primary=KEY_1)
2026-10-03 10:09:53,039 [INFO] [110/121] 이태원역 (primary=KEY_2)
2026-10-03 10:09:54,030 [INFO] [111/121] 잠실새내역 (primary=KEY_3)
2026-10-03 10:09:55,195 [INFO] [112/121] 잠실역 (primary=KEY_4)
2026-10-03 10:09:56,483 [INFO] [113/121] 장지역 (primary=KEY_1)
2026-10-03 10:09:57,758 [INFO] [114/121] 장한평역 (primary=KEY_2)
2026-10-03 10:09:58,888 [INFO] [115/121] 천호역 (primary=KEY_3)
2026-10-03 10:10:00,152 [INFO] [116/121] 총신대입구(이수)역 (primary=KEY_4)
2026-10-03 10:10:01,293 [INFO] [117/121] 충정로역 (primary=KEY_1)
2026-10-03 10:10:02,418 [INFO] [118/121] 합정역 (primary=KEY_2)
2026-10-03 10:10:03,560 [INFO] [119/121] 혜화역 (primary=KEY_3)
2026-10-03 10:10:04,688 [INFO] [120/121] 홍대입구역(2호선) (primary=KEY_4)
2026-10-03 10:10:05,812 [INFO] [121/121] 회기역 (primary=KEY_1)
2026-10-03 10:10:07,833 [INFO] === 수집 완료 | 성공 121, 실패 0 ===
2026-10-03 10:10:07,833 [INFO] 카테고리별 저장 결과:
2026-10-03 10:10:07,833 [INFO]    accident                  | 신규     8행 | 누적     17행 | 16컬럼
2026-10-03 10:10:07,833 [INFO]    accident_acdnt_cntrl_stts | 신규     6행 | 누적     10행 | 16컬럼
2026-10-03 10:10:07,833 [INFO]    area_meta                 | 신규   121행 | 누적    363행 | 5컬럼
2026-10-03 10:10:07,833 [INFO]    bike                      | 신규    10행 | 누적     30행 | 12컬럼
2026-10-03 10:10:07,833 [INFO]    bike_sbike_stts           | 신규   573행 | 누적   1719행 | 12컬럼
2026-10-03 10:10:07,833 [INFO]    bus                       | 신규     3행 | 누적      9행 | 11컬럼
2026-10-03 10:10:07,833 [INFO]    bus_bus_stn_stts          | 신규  1745행 | 누적   5235행 | 11컬럼
2026-10-03 10:10:07,833 [INFO]    charger                   | 신규     4행 | 누적     12행 | 15컬럼
2026-10-03 10:10:07,833 [INFO]    charger_charger_stts      | 신규  1927행 | 누적   5742행 | 15컬럼
2026-10-03 10:10:07,833 [INFO]    cmrcl                     | 신규    82행 | 누적    246행 | 20컬럼
2026-10-03 10:10:07,833 [INFO]    events                    | 신규    15행 | 누적     44행 | 14컬럼
2026-10-03 10:10:07,833 [INFO]    events_event_stts         | 신규   134행 | 누적    399행 | 14컬럼
2026-10-03 10:10:07,834 [INFO]    parking                   | 신규     6행 | 누적     18행 | 21컬럼
2026-10-03 10:10:07,834 [INFO]    parking_prk_stts          | 신규  1832행 | 누적   5496행 | 21컬럼
2026-10-03 10:10:07,834 [INFO]    ppltn                     | 신규   121행 | 누적    363행 | 26컬럼
2026-10-03 10:10:07,834 [INFO]    road                      | 신규   121행 | 누적    363행 | 21컬럼
2026-10-03 10:10:07,834 [INFO]    road_road_traffic_stts    | 신규  5303행 | 누적  15909행 | 17컬럼
2026-10-03 10:10:07,834 [INFO]    subway                    | 신규    38행 | 누적    114행 | 13컬럼
2026-10-03 10:10:07,834 [INFO]    subway_sub_stts           | 신규   183행 | 누적    549행 | 13컬럼
2026-10-03 10:10:07,834 [INFO]    weather                   | 신규   119행 | 누적    357행 | 29컬럼
2026-10-03 10:10:07,834 [INFO] 키별 사용량:
2026-10-03 10:10:07,834 [INFO]    🟢 KEY_1 (31/1000) 
2026-10-03 10:10:07,834 [INFO]    🟢 KEY_2 (30/1000) 
2026-10-03 10:10:07,834 [INFO]    🟢 KEY_3 (30/1000) 
2026-10-03 10:10:07,834 [INFO]    🟢 KEY_4 (30/1000) 
2026-10-03 15:28:02,460 [INFO] 등록된 키: 4개, 합산 한도 4,000건/일
2026-10-03 15:28:02,461 [INFO] POI 로드: 매뉴얼 v8.5 기준 fallback 121개 (121개 전체)
2026-10-03 15:28:02,461 [INFO] === 수집 시작 2026-10-03T15:28:02.461358+09:00 ===
2026-10-03 15:28:02,461 [INFO] 대상 장소: 121개 | API: citydata (통합)
2026-10-03 15:28:02,461 [INFO] 키 풀: 4/4 활성 | 오늘 사용 0/4000건
2026-10-03 15:28:02,461 [INFO]   [KEY_1] 담당 31장소
2026-10-03 15:28:02,461 [INFO]   [KEY_2] 담당 30장소
2026-10-03 15:28:02,461 [INFO]   [KEY_3] 담당 30장소
2026-10-03 15:28:02,461 [INFO]   [KEY_4] 담당 30장소
2026-10-03 15:28:02,461 [INFO] [1/121] 경복궁 (primary=KEY_1)
2026-10-03 15:28:04,292 [INFO] [2/121] 광화문·덕수궁 (primary=KEY_2)
2026-10-03 15:28:05,873 [INFO] [3/121] 보신각 (primary=KEY_3)
2026-10-03 15:28:07,884 [INFO] [4/121] 서울 암사동 유적 (primary=KEY_4)
2026-10-03 15:28:09,697 [INFO] [5/121] 창덕궁·종묘 (primary=KEY_1)
2026-10-03 15:28:11,514 [INFO] [6/121] 강남 MICE 관광특구 (primary=KEY_2)
2026-10-03 15:28:12,662 [INFO] [7/121] 동대문 관광특구 (primary=KEY_3)
2026-10-03 15:28:14,668 [INFO] [8/121] 명동 관광특구 (primary=KEY_4)
2026-10-03 15:28:16,479 [INFO] [9/121] 이태원 관광특구 (primary=KEY_1)
2026-10-03 15:28:18,349 [INFO] [10/121] 잠실 관광특구 (primary=KEY_2)
2026-10-03 15:28:19,956 [INFO] [11/121] 종로·청계 관광특구 (primary=KEY_3)
2026-10-03 15:28:21,886 [INFO] [12/121] 홍대 관광특구 (primary=KEY_4)
2026-10-03 15:28:23,886 [INFO] [13/121] 강서한강공원 (primary=KEY_1)
2026-10-03 15:28:24,860 [INFO] [14/121] 고척돔 (primary=KEY_2)
2026-10-03 15:28:26,394 [INFO] [15/121] 광나루한강공원 (primary=KEY_3)
2026-10-03 15:28:28,371 [INFO] [16/121] 광화문광장 (primary=KEY_4)
2026-10-03 15:28:29,521 [INFO] [17/121] 국립중앙박물관·용산가족공원 (primary=KEY_1)
2026-10-03 15:28:30,507 [INFO] [18/121] 난지한강공원 (primary=KEY_2)
2026-10-03 15:28:31,491 [INFO] [19/121] 남산공원 (primary=KEY_3)
2026-10-03 15:28:32,801 [INFO] [20/121] 노들섬 (primary=KEY_4)
2026-10-03 15:28:33,779 [INFO] [21/121] 뚝섬한강공원 (primary=KEY_1)
2026-10-03 15:28:34,781 [INFO] [22/121] 망원한강공원 (primary=KEY_2)
2026-10-03 15:28:35,957 [INFO] [23/121] 반포한강공원 (primary=KEY_3)
2026-10-03 15:28:36,938 [INFO] [24/121] 보라매공원 (primary=KEY_4)
2026-10-03 15:28:37,973 [INFO] [25/121] 북서울꿈의숲 (primary=KEY_1)
2026-10-03 15:28:39,114 [INFO] [26/121] 서대문독립공원 (primary=KEY_2)
2026-10-03 15:28:40,109 [INFO] [27/121] 서리풀공원·몽마르뜨공원 (primary=KEY_3)
2026-10-03 15:28:41,292 [INFO] [28/121] 서울대공원 (primary=KEY_4)
2026-10-03 15:28:42,275 [INFO] [29/121] 서울숲공원 (primary=KEY_1)
2026-10-03 15:28:43,433 [INFO] [30/121] 송현녹지광장 (primary=KEY_2)
2026-10-03 15:28:44,564 [INFO] [31/121] 아차산 (primary=KEY_3)
2026-10-03 15:28:45,548 [INFO] [32/121] 안양천 (primary=KEY_4)
2026-10-03 15:28:46,552 [INFO] [33/121] 양화한강공원 (primary=KEY_1)
2026-10-03 15:28:47,534 [INFO] [34/121] 어린이대공원 (primary=KEY_2)
2026-10-03 15:28:48,683 [INFO] [35/121] 여의도한강공원 (primary=KEY_3)
2026-10-03 15:28:50,408 [INFO] [36/121] 여의서로 (primary=KEY_4)
2026-10-03 15:28:52,095 [INFO] [37/121] 올림픽공원 (primary=KEY_1)
2026-10-03 15:28:54,113 [INFO] [38/121] 월드컵공원 (primary=KEY_2)
2026-10-03 15:28:56,322 [INFO] [39/121] 응봉산 (primary=KEY_3)
2026-10-03 15:28:58,019 [INFO] [40/121] 이촌한강공원 (primary=KEY_4)
2026-10-03 15:28:59,559 [INFO] [41/121] 잠실종합운동장 (primary=KEY_1)
2026-10-03 15:29:01,433 [INFO] [42/121] 잠실한강공원 (primary=KEY_2)
2026-10-03 15:29:03,011 [INFO] [43/121] 잠원한강공원 (primary=KEY_3)
2026-10-03 15:29:04,831 [INFO] [44/121] 청계산 (primary=KEY_4)
2026-10-03 15:29:06,644 [INFO] [45/121] 홍제폭포 (primary=KEY_1)
2026-10-03 15:29:07,627 [INFO] [46/121] 가락시장 (primary=KEY_2)
2026-10-03 15:29:08,793 [INFO] [47/121] 가로수길 (primary=KEY_3)
2026-10-03 15:29:09,969 [INFO] [48/121] 광장(전통)시장 (primary=KEY_4)
2026-10-03 15:29:10,999 [INFO] [49/121] 김포공항 (primary=KEY_1)
2026-10-03 15:29:13,129 [INFO] [50/121] 남대문시장 (primary=KEY_2)
2026-10-03 15:29:14,271 [INFO] [51/121] 노량진 (primary=KEY_3)
2026-10-03 15:29:15,466 [INFO] [52/121] 덕수궁길·정동길 (primary=KEY_4)
2026-10-03 15:29:16,610 [INFO] [53/121] 북창동 먹자골목 (primary=KEY_1)
2026-10-03 15:29:17,737 [INFO] [54/121] 북촌한옥마을 (primary=KEY_2)
2026-10-03 15:29:19,735 [INFO] [55/121] 서촌 (primary=KEY_3)
2026-10-03 15:29:20,864 [INFO] [56/121] 성수카페거리 (primary=KEY_4)
2026-10-03 15:29:22,177 [INFO] [57/121] 송리단길·호수단길 (primary=KEY_1)
2026-10-03 15:29:23,334 [INFO] [58/121] 신촌 스타광장 (primary=KEY_2)
2026-10-03 15:29:24,341 [INFO] [59/121] 압구정로데오거리 (primary=KEY_3)
2026-10-03 15:29:25,491 [INFO] [60/121] 여의도 (primary=KEY_4)
2026-10-03 15:29:27,281 [INFO] [61/121] 연남동 (primary=KEY_1)
2026-10-03 15:29:28,402 [INFO] [62/121] 영등포 타임스퀘어 (primary=KEY_2)
2026-10-03 15:29:29,545 [INFO] [63/121] 용리단길 (primary=KEY_3)
2026-10-03 15:29:30,709 [INFO] [64/121] 이태원 앤틱가구거리 (primary=KEY_4)
2026-10-03 15:29:31,841 [INFO] [65/121] 익선동 (primary=KEY_1)
2026-10-03 15:29:32,977 [INFO] [66/121] 인사동 (primary=KEY_2)
2026-10-03 15:29:34,260 [INFO] [67/121] 잠실롯데타워·석촌호수 (primary=KEY_3)
2026-10-03 15:29:35,702 [INFO] [68/121] 창동 신경제 중심지 (primary=KEY_4)
2026-10-03 15:29:37,162 [INFO] [69/121] 청담동 명품거리 (primary=KEY_1)
2026-10-03 15:29:38,325 [INFO] [70/121] 청량리 제기동 일대 전통시장 (primary=KEY_2)
2026-10-03 15:29:39,480 [INFO] [71/121] 해방촌·경리단길 (primary=KEY_3)
2026-10-03 15:29:40,466 [INFO] [72/121] DDP(동대문디자인플라자) (primary=KEY_4)
2026-10-03 15:29:41,636 [INFO] [73/121] DMC(디지털미디어시티) (primary=KEY_1)
2026-10-03 15:29:43,092 [INFO] [74/121] 가산디지털단지역 (primary=KEY_2)
2026-10-03 15:29:44,678 [INFO] [75/121] 강남역 (primary=KEY_3)
2026-10-03 15:29:45,990 [INFO] [76/121] 건대입구역 (primary=KEY_4)
2026-10-03 15:29:47,127 [INFO] [77/121] 고덕역 (primary=KEY_1)
2026-10-03 15:29:48,268 [INFO] [78/121] 고속터미널역 (primary=KEY_2)
2026-10-03 15:29:49,419 [INFO] [79/121] 교대역 (primary=KEY_3)
2026-10-03 15:29:50,559 [INFO] [80/121] 구로디지털단지역 (primary=KEY_4)
2026-10-03 15:29:51,994 [INFO] [81/121] 구로역 (primary=KEY_1)
2026-10-03 15:29:53,806 [INFO] [82/121] 군자역 (primary=KEY_2)
2026-10-03 15:29:54,988 [INFO] [83/121] 대림역 (primary=KEY_3)
2026-10-03 15:29:56,150 [INFO] [84/121] 동대문역 (primary=KEY_4)
2026-10-03 15:29:57,290 [INFO] [85/121] 뚝섬역 (primary=KEY_1)
2026-10-03 15:29:58,446 [INFO] [86/121] 미아사거리역 (primary=KEY_2)
2026-10-03 15:29:59,635 [INFO] [87/121] 발산역 (primary=KEY_3)
2026-10-03 15:30:01,049 [INFO] [88/121] 사당역 (primary=KEY_4)
2026-10-03 15:30:02,237 [INFO] [89/121] 삼각지역 (primary=KEY_1)
2026-10-03 15:30:03,382 [INFO] [90/121] 서울대입구역 (primary=KEY_2)
2026-10-03 15:30:04,512 [INFO] [91/121] 서울식물원·마곡나루역 (primary=KEY_3)
2026-10-03 15:30:05,815 [INFO] [92/121] 서울역 (primary=KEY_4)
2026-10-03 15:30:07,165 [INFO] [93/121] 선릉역 (primary=KEY_1)
2026-10-03 15:30:08,615 [INFO] [94/121] 성신여대입구역 (primary=KEY_2)
2026-10-03 15:30:09,614 [INFO] [95/121] 수유역 (primary=KEY_3)
2026-10-03 15:30:10,758 [INFO] [96/121] 숭례문 (primary=KEY_4)
2026-10-03 15:30:12,000 [INFO] [97/121] 시의회 앞 (primary=KEY_1)
2026-10-03 15:30:13,024 [INFO] [98/121] 신논현역·논현역 (primary=KEY_2)
2026-10-03 15:30:14,734 [INFO] [99/121] 신도림역 (primary=KEY_3)
2026-10-03 15:30:15,721 [INFO] [100/121] 신림역 (primary=KEY_4)
2026-10-03 15:30:16,886 [INFO] [101/121] 신정네거리역 (primary=KEY_1)
2026-10-03 15:30:18,014 [INFO] [102/121] 신촌·이대역 (primary=KEY_2)
2026-10-03 15:30:19,147 [INFO] [103/121] 쌍문역 (primary=KEY_3)
2026-10-03 15:30:20,298 [INFO] [104/121] 양재역 (primary=KEY_4)
2026-10-03 15:30:21,450 [INFO] [105/121] 역삼역 (primary=KEY_1)
2026-10-03 15:30:22,561 [INFO] [106/121] 연신내역 (primary=KEY_2)
2026-10-03 15:30:23,676 [INFO] [107/121] 오목교역·목동운동장 (primary=KEY_3)
2026-10-03 15:30:25,240 [INFO] [108/121] 왕십리역 (primary=KEY_4)
2026-10-03 15:30:26,572 [INFO] [109/121] 용산역 (primary=KEY_1)
2026-10-03 15:30:27,867 [INFO] [110/121] 이태원역 (primary=KEY_2)
2026-10-03 15:30:28,874 [INFO] [111/121] 잠실새내역 (primary=KEY_3)
2026-10-03 15:30:30,010 [INFO] [112/121] 잠실역 (primary=KEY_4)
2026-10-03 15:30:31,345 [INFO] [113/121] 장지역 (primary=KEY_1)
2026-10-03 15:30:32,693 [INFO] [114/121] 장한평역 (primary=KEY_2)
2026-10-03 15:30:33,836 [INFO] [115/121] 천호역 (primary=KEY_3)
2026-10-03 15:30:35,137 [INFO] [116/121] 총신대입구(이수)역 (primary=KEY_4)
2026-10-03 15:30:36,280 [INFO] [117/121] 충정로역 (primary=KEY_1)
2026-10-03 15:30:37,417 [INFO] [118/121] 합정역 (primary=KEY_2)
2026-10-03 15:30:38,577 [INFO] [119/121] 혜화역 (primary=KEY_3)
2026-10-03 15:30:39,708 [INFO] [120/121] 홍대입구역(2호선) (primary=KEY_4)
2026-10-03 15:30:40,878 [INFO] [121/121] 회기역 (primary=KEY_1)
2026-10-03 15:30:42,804 [INFO] === 수집 완료 | 성공 121, 실패 0 ===
2026-10-03 15:30:42,804 [INFO] 카테고리별 저장 결과:
2026-10-03 15:30:42,804 [INFO]    accident                  | 신규    16행 | 누적     33행 | 16컬럼
2026-10-03 15:30:42,804 [INFO]    accident_acdnt_cntrl_stts | 신규    25행 | 누적     35행 | 16컬럼
2026-10-03 15:30:42,804 [INFO]    area_meta                 | 신규   121행 | 누적    484행 | 5컬럼
2026-10-03 15:30:42,804 [INFO]    bike                      | 신규    10행 | 누적     40행 | 12컬럼
2026-10-03 15:30:42,804 [INFO]    bike_sbike_stts           | 신규   562행 | 누적   2281행 | 12컬럼
2026-10-03 15:30:42,804 [INFO]    bus                       | 신규     3행 | 누적     12행 | 11컬럼
2026-10-03 15:30:42,804 [INFO]    bus_bus_stn_stts          | 신규  1708행 | 누적   6943행 | 11컬럼
2026-10-03 15:30:42,804 [INFO]    charger                   | 신규     4행 | 누적     16행 | 15컬럼
2026-10-03 15:30:42,804 [INFO]    charger_charger_stts      | 신규  1870행 | 누적   7599행 | 15컬럼
2026-10-03 15:30:42,804 [INFO]    cmrcl                     | 신규    80행 | 누적    326행 | 21컬럼
2026-10-03 15:30:42,804 [INFO]    events                    | 신규    15행 | 누적     59행 | 14컬럼
2026-10-03 15:30:42,804 [INFO]    events_event_stts         | 신규   128행 | 누적    527행 | 14컬럼
2026-10-03 15:30:42,804 [INFO]    parking                   | 신규     6행 | 누적     24행 | 21컬럼
2026-10-03 15:30:42,804 [INFO]    parking_prk_stts          | 신규  1771행 | 누적   7267행 | 21컬럼
2026-10-03 15:30:42,804 [INFO]    ppltn                     | 신규   118행 | 누적    481행 | 26컬럼
2026-10-03 15:30:42,804 [INFO]    road                      | 신규   118행 | 누적    481행 | 21컬럼
2026-10-03 15:30:42,804 [INFO]    road_road_traffic_stts    | 신규  5210행 | 누적  21119행 | 17컬럼
2026-10-03 15:30:42,804 [INFO]    subway                    | 신규    37행 | 누적    151행 | 13컬럼
2026-10-03 15:30:42,804 [INFO]    subway_sub_stts           | 신규   177행 | 누적    726행 | 13컬럼
2026-10-03 15:30:42,804 [INFO]    weather                   | 신규   116행 | 누적    473행 | 29컬럼
2026-10-03 15:30:42,805 [INFO] 키별 사용량:
2026-10-03 15:30:42,805 [INFO]    🟢 KEY_1 (31/1000) 
2026-10-03 15:30:42,805 [INFO]    🟢 KEY_2 (30/1000) 
2026-10-03 15:30:42,805 [INFO]    🟢 KEY_3 (30/1000) 
2026-10-03 15:30:42,805 [INFO]    🟢 KEY_4 (30/1000) 
2026-10-03 21:29:15,516 [INFO] 등록된 키: 4개, 합산 한도 4,000건/일
2026-10-03 21:29:15,517 [INFO] POI 로드: 매뉴얼 v8.5 기준 fallback 121개 (121개 전체)
2026-10-03 21:29:15,517 [INFO] === 수집 시작 2026-10-03T21:29:15.517196+09:00 ===
2026-10-03 21:29:15,517 [INFO] 대상 장소: 121개 | API: citydata (통합)
2026-10-03 21:29:15,517 [INFO] 키 풀: 4/4 활성 | 오늘 사용 0/4000건
2026-10-03 21:29:15,517 [INFO]   [KEY_1] 담당 31장소
2026-10-03 21:29:15,517 [INFO]   [KEY_2] 담당 30장소
2026-10-03 21:29:15,517 [INFO]   [KEY_3] 담당 30장소
2026-10-03 21:29:15,517 [INFO]   [KEY_4] 담당 30장소
2026-10-03 21:29:15,517 [INFO] [1/121] 경복궁 (primary=KEY_1)
2026-10-03 21:29:17,575 [INFO] [2/121] 광화문·덕수궁 (primary=KEY_2)
2026-10-03 21:29:19,801 [INFO] [3/121] 보신각 (primary=KEY_3)
2026-10-03 21:29:21,697 [INFO] [4/121] 서울 암사동 유적 (primary=KEY_4)
2026-10-03 21:29:23,399 [INFO] [5/121] 창덕궁·종묘 (primary=KEY_1)
2026-10-03 21:29:24,802 [INFO] [6/121] 강남 MICE 관광특구 (primary=KEY_2)
2026-10-03 21:29:26,717 [INFO] [7/121] 동대문 관광특구 (primary=KEY_3)
2026-10-03 21:29:28,795 [INFO] [8/121] 명동 관광특구 (primary=KEY_4)
2026-10-03 21:29:30,728 [INFO] [9/121] 이태원 관광특구 (primary=KEY_1)
2026-10-03 21:29:32,777 [INFO] [10/121] 잠실 관광특구 (primary=KEY_2)
2026-10-03 21:29:34,518 [INFO] [11/121] 종로·청계 관광특구 (primary=KEY_3)
2026-10-03 21:29:36,618 [INFO] [12/121] 홍대 관광특구 (primary=KEY_4)
2026-10-03 21:29:38,046 [INFO] [13/121] 강서한강공원 (primary=KEY_1)
2026-10-03 21:29:39,092 [INFO] [14/121] 고척돔 (primary=KEY_2)
2026-10-03 21:29:40,310 [INFO] [15/121] 광나루한강공원 (primary=KEY_3)
2026-10-03 21:29:42,183 [INFO] [16/121] 광화문광장 (primary=KEY_4)
2026-10-03 21:29:44,249 [INFO] [17/121] 국립중앙박물관·용산가족공원 (primary=KEY_1)
2026-10-03 21:29:45,475 [INFO] [18/121] 난지한강공원 (primary=KEY_2)
2026-10-03 21:29:47,176 [INFO] [19/121] 남산공원 (primary=KEY_3)
2026-10-03 21:29:49,249 [INFO] [20/121] 노들섬 (primary=KEY_4)
2026-10-03 21:29:50,976 [INFO] [21/121] 뚝섬한강공원 (primary=KEY_1)
2026-10-03 21:29:52,729 [INFO] [22/121] 망원한강공원 (primary=KEY_2)
2026-10-03 21:29:54,595 [INFO] [23/121] 반포한강공원 (primary=KEY_3)
2026-10-03 21:29:55,820 [INFO] [24/121] 보라매공원 (primary=KEY_4)
2026-10-03 21:29:56,889 [INFO] [25/121] 북서울꿈의숲 (primary=KEY_1)
2026-10-03 21:29:58,143 [INFO] [26/121] 서대문독립공원 (primary=KEY_2)
2026-10-03 21:30:00,180 [INFO] [27/121] 서리풀공원·몽마르뜨공원 (primary=KEY_3)
2026-10-03 21:30:02,123 [INFO] [28/121] 서울대공원 (primary=KEY_4)
2026-10-03 21:30:03,195 [INFO] [29/121] 서울숲공원 (primary=KEY_1)
2026-10-03 21:30:04,729 [INFO] [30/121] 송현녹지광장 (primary=KEY_2)
2026-10-03 21:30:06,032 [INFO] [31/121] 아차산 (primary=KEY_3)
2026-10-03 21:30:08,838 [INFO] [32/121] 안양천 (primary=KEY_4)
2026-10-03 21:30:09,936 [INFO] [33/121] 양화한강공원 (primary=KEY_1)
2026-10-03 21:30:11,031 [INFO] [34/121] 어린이대공원 (primary=KEY_2)
2026-10-03 21:30:13,345 [INFO] [35/121] 여의도한강공원 (primary=KEY_3)
2026-10-03 21:30:15,161 [INFO] [36/121] 여의서로 (primary=KEY_4)
2026-10-03 21:30:16,421 [INFO] [37/121] 올림픽공원 (primary=KEY_1)
2026-10-03 21:30:17,681 [INFO] [38/121] 월드컵공원 (primary=KEY_2)
2026-10-03 21:30:19,116 [INFO] [39/121] 응봉산 (primary=KEY_3)
2026-10-03 21:30:20,326 [INFO] [40/121] 이촌한강공원 (primary=KEY_4)
2026-10-03 21:30:22,032 [INFO] [41/121] 잠실종합운동장 (primary=KEY_1)
2026-10-03 21:30:23,564 [INFO] [42/121] 잠실한강공원 (primary=KEY_2)
2026-10-03 21:30:24,624 [INFO] [43/121] 잠원한강공원 (primary=KEY_3)
2026-10-03 21:30:26,641 [INFO] [44/121] 청계산 (primary=KEY_4)
2026-10-03 21:30:27,706 [INFO] [45/121] 홍제폭포 (primary=KEY_1)
2026-10-03 21:30:28,757 [INFO] [46/121] 가락시장 (primary=KEY_2)
2026-10-03 21:30:30,002 [INFO] [47/121] 가로수길 (primary=KEY_3)
2026-10-03 21:30:31,277 [INFO] [48/121] 광장(전통)시장 (primary=KEY_4)
2026-10-03 21:30:32,341 [INFO] [49/121] 김포공항 (primary=KEY_1)
2026-10-03 21:30:34,309 [INFO] [50/121] 남대문시장 (primary=KEY_2)
2026-10-03 21:30:35,529 [INFO] [51/121] 노량진 (primary=KEY_3)
2026-10-03 21:30:36,777 [INFO] [52/121] 덕수궁길·정동길 (primary=KEY_4)
2026-10-03 21:30:38,840 [INFO] [53/121] 북창동 먹자골목 (primary=KEY_1)
2026-10-03 21:30:40,061 [INFO] [54/121] 북촌한옥마을 (primary=KEY_2)
2026-10-03 21:30:41,487 [INFO] [55/121] 서촌 (primary=KEY_3)
2026-10-03 21:30:42,704 [INFO] [56/121] 성수카페거리 (primary=KEY_4)
2026-10-03 21:30:44,699 [INFO] [57/121] 송리단길·호수단길 (primary=KEY_1)
2026-10-03 21:30:45,987 [INFO] [58/121] 신촌 스타광장 (primary=KEY_2)
2026-10-03 21:30:47,046 [INFO] [59/121] 압구정로데오거리 (primary=KEY_3)
2026-10-03 21:30:48,269 [INFO] [60/121] 여의도 (primary=KEY_4)
2026-10-03 21:30:50,187 [INFO] [61/121] 연남동 (primary=KEY_1)
2026-10-03 21:30:51,409 [INFO] [62/121] 영등포 타임스퀘어 (primary=KEY_2)
2026-10-03 21:30:52,660 [INFO] [63/121] 용리단길 (primary=KEY_3)
2026-10-03 21:30:53,729 [INFO] [64/121] 이태원 앤틱가구거리 (primary=KEY_4)
2026-10-03 21:30:54,954 [INFO] [65/121] 익선동 (primary=KEY_1)
2026-10-03 21:30:56,228 [INFO] [66/121] 인사동 (primary=KEY_2)
2026-10-03 21:30:57,612 [INFO] [67/121] 잠실롯데타워·석촌호수 (primary=KEY_3)
2026-10-03 21:30:59,204 [INFO] [68/121] 창동 신경제 중심지 (primary=KEY_4)
2026-10-03 21:31:00,780 [INFO] [69/121] 청담동 명품거리 (primary=KEY_1)
2026-10-03 21:31:02,019 [INFO] [70/121] 청량리 제기동 일대 전통시장 (primary=KEY_2)
2026-10-03 21:31:03,834 [INFO] [71/121] 해방촌·경리단길 (primary=KEY_3)
2026-10-03 21:31:04,891 [INFO] [72/121] DDP(동대문디자인플라자) (primary=KEY_4)
2026-10-03 21:31:06,187 [INFO] [73/121] DMC(디지털미디어시티) (primary=KEY_1)
2026-10-03 21:31:07,761 [INFO] [74/121] 가산디지털단지역 (primary=KEY_2)
2026-10-03 21:31:09,516 [INFO] [75/121] 강남역 (primary=KEY_3)
2026-10-03 21:31:10,935 [INFO] [76/121] 건대입구역 (primary=KEY_4)
2026-10-03 21:31:12,181 [INFO] [77/121] 고덕역 (primary=KEY_1)
2026-10-03 21:31:13,420 [INFO] [78/121] 고속터미널역 (primary=KEY_2)
2026-10-03 21:31:14,658 [INFO] [79/121] 교대역 (primary=KEY_3)
2026-10-03 21:31:15,881 [INFO] [80/121] 구로디지털단지역 (primary=KEY_4)
2026-10-03 21:31:17,432 [INFO] [81/121] 구로역 (primary=KEY_1)
2026-10-03 21:31:18,650 [INFO] [82/121] 군자역 (primary=KEY_2)
2026-10-03 21:31:19,878 [INFO] [83/121] 대림역 (primary=KEY_3)
2026-10-03 21:31:21,135 [INFO] [84/121] 동대문역 (primary=KEY_4)
2026-10-03 21:31:22,365 [INFO] [85/121] 뚝섬역 (primary=KEY_1)
2026-10-03 21:31:23,591 [INFO] [86/121] 미아사거리역 (primary=KEY_2)
2026-10-03 21:31:24,835 [INFO] [87/121] 발산역 (primary=KEY_3)
2026-10-03 21:31:26,420 [INFO] [88/121] 사당역 (primary=KEY_4)
2026-10-03 21:31:27,641 [INFO] [89/121] 삼각지역 (primary=KEY_1)
2026-10-03 21:31:28,862 [INFO] [90/121] 서울대입구역 (primary=KEY_2)
2026-10-03 21:31:30,109 [INFO] [91/121] 서울식물원·마곡나루역 (primary=KEY_3)
2026-10-03 21:31:31,506 [INFO] [92/121] 서울역 (primary=KEY_4)
2026-10-03 21:31:32,918 [INFO] [93/121] 선릉역 (primary=KEY_1)
2026-10-03 21:31:34,544 [INFO] [94/121] 성신여대입구역 (primary=KEY_2)
2026-10-03 21:31:35,628 [INFO] [95/121] 수유역 (primary=KEY_3)
2026-10-03 21:31:36,852 [INFO] [96/121] 숭례문 (primary=KEY_4)
2026-10-03 21:31:38,108 [INFO] [97/121] 시의회 앞 (primary=KEY_1)
2026-10-03 21:31:39,392 [INFO] [98/121] 신논현역·논현역 (primary=KEY_2)
2026-10-03 21:31:40,634 [INFO] [99/121] 신도림역 (primary=KEY_3)
2026-10-03 21:31:41,699 [INFO] [100/121] 신림역 (primary=KEY_4)
2026-10-03 21:31:42,908 [INFO] [101/121] 신정네거리역 (primary=KEY_1)
2026-10-03 21:31:44,158 [INFO] [102/121] 신촌·이대역 (primary=KEY_2)
2026-10-03 21:31:45,376 [INFO] [103/121] 쌍문역 (primary=KEY_3)
2026-10-03 21:31:46,627 [INFO] [104/121] 양재역 (primary=KEY_4)
2026-10-03 21:31:47,866 [INFO] [105/121] 역삼역 (primary=KEY_1)
2026-10-03 21:31:49,265 [INFO] [106/121] 연신내역 (primary=KEY_2)
2026-10-03 21:31:50,341 [INFO] [107/121] 오목교역·목동운동장 (primary=KEY_3)
2026-10-03 21:31:52,064 [INFO] [108/121] 왕십리역 (primary=KEY_4)
2026-10-03 21:31:53,523 [INFO] [109/121] 용산역 (primary=KEY_1)
2026-10-03 21:31:54,906 [INFO] [110/121] 이태원역 (primary=KEY_2)
2026-10-03 21:31:55,974 [INFO] [111/121] 잠실새내역 (primary=KEY_3)
2026-10-03 21:31:57,191 [INFO] [112/121] 잠실역 (primary=KEY_4)
2026-10-03 21:31:58,643 [INFO] [113/121] 장지역 (primary=KEY_1)
2026-10-03 21:32:00,038 [INFO] [114/121] 장한평역 (primary=KEY_2)
2026-10-03 21:32:01,287 [INFO] [115/121] 천호역 (primary=KEY_3)
2026-10-03 21:32:02,674 [INFO] [116/121] 총신대입구(이수)역 (primary=KEY_4)
2026-10-03 21:32:03,903 [INFO] [117/121] 충정로역 (primary=KEY_1)
2026-10-03 21:32:05,156 [INFO] [118/121] 합정역 (primary=KEY_2)
2026-10-03 21:32:06,415 [INFO] [119/121] 혜화역 (primary=KEY_3)
2026-10-03 21:32:07,674 [INFO] [120/121] 홍대입구역(2호선) (primary=KEY_4)
2026-10-03 21:32:08,946 [INFO] [121/121] 회기역 (primary=KEY_1)
2026-10-03 21:32:11,308 [INFO] === 수집 완료 | 성공 121, 실패 0 ===
2026-10-03 21:32:11,308 [INFO] 카테고리별 저장 결과:
2026-10-03 21:32:11,308 [INFO]    accident                  | 신규     7행 | 누적     40행 | 16컬럼
2026-10-03 21:32:11,308 [INFO]    accident_acdnt_cntrl_stts | 신규     2행 | 누적     37행 | 16컬럼
2026-10-03 21:32:11,309 [INFO]    area_meta                 | 신규   121행 | 누적    605행 | 5컬럼
2026-10-03 21:32:11,309 [INFO]    bike                      | 신규    10행 | 누적     50행 | 12컬럼
2026-10-03 21:32:11,309 [INFO]    bike_sbike_stts           | 신규   572행 | 누적   2853행 | 12컬럼
2026-10-03 21:32:11,309 [INFO]    bus                       | 신규     3행 | 누적     15행 | 11컬럼
2026-10-03 21:32:11,309 [INFO]    bus_bus_stn_stts          | 신규  1743행 | 누적   8686행 | 11컬럼
2026-10-03 21:32:11,309 [INFO]    charger                   | 신규     3행 | 누적     19행 | 15컬럼
2026-10-03 21:32:11,309 [INFO]    charger_charger_stts      | 신규  1927행 | 누적   9513행 | 15컬럼
2026-10-03 21:32:11,309 [INFO]    cmrcl                     | 신규    82행 | 누적    408행 | 21컬럼
2026-10-03 21:32:11,309 [INFO]    events                    | 신규    15행 | 누적     74행 | 14컬럼
2026-10-03 21:32:11,309 [INFO]    events_event_stts         | 신규   134행 | 누적    661행 | 14컬럼
2026-10-03 21:32:11,309 [INFO]    parking                   | 신규     5행 | 누적     29행 | 21컬럼
2026-10-03 21:32:11,309 [INFO]    parking_prk_stts          | 신규  1832행 | 누적   9099행 | 21컬럼
2026-10-03 21:32:11,309 [INFO]    ppltn                     | 신규   120행 | 누적    601행 | 26컬럼
2026-10-03 21:32:11,309 [INFO]    road                      | 신규   120행 | 누적    601행 | 21컬럼
2026-10-03 21:32:11,309 [INFO]    road_road_traffic_stts    | 신규  5297행 | 누적  26416행 | 17컬럼
2026-10-03 21:32:11,309 [INFO]    subway                    | 신규    37행 | 누적    188행 | 13컬럼
2026-10-03 21:32:11,309 [INFO]    subway_sub_stts           | 신규   183행 | 누적    909행 | 13컬럼
2026-10-03 21:32:11,309 [INFO]    weather                   | 신규   118행 | 누적    591행 | 29컬럼
2026-10-03 21:32:11,309 [INFO] 키별 사용량:
2026-10-03 21:32:11,309 [INFO]    🟢 KEY_1 (31/1000) 
2026-10-03 21:32:11,309 [INFO]    🟢 KEY_2 (30/1000) 
2026-10-03 21:32:11,309 [INFO]    🟢 KEY_3 (30/1000) 
2026-10-03 21:32:11,309 [INFO]    🟢 KEY_4 (30/1000) 
