2026-05-25 00:33:07,112 [INFO] 등록된 키: 4개, 합산 한도 4,000건/일
2026-05-25 00:33:07,112 [INFO] POI 로드: 매뉴얼 v8.5 기준 fallback 121개 (121개 전체)
2026-05-25 00:33:07,112 [INFO] === 수집 시작 2026-05-25T00:33:07.112731+09:00 ===
2026-05-25 00:33:07,112 [INFO] 대상 장소: 121개 | API: citydata (통합)
2026-05-25 00:33:07,112 [INFO] 키 풀: 4/4 활성 | 오늘 사용 0/4000건
2026-05-25 00:33:07,112 [INFO]   [KEY_1] 담당 31장소
2026-05-25 00:33:07,113 [INFO]   [KEY_2] 담당 30장소
2026-05-25 00:33:07,113 [INFO]   [KEY_3] 담당 30장소
2026-05-25 00:33:07,113 [INFO]   [KEY_4] 담당 30장소
2026-05-25 00:33:07,113 [INFO] [1/121] 경복궁 (primary=KEY_1)
2026-05-25 00:33:09,264 [INFO] [2/121] 광화문·덕수궁 (primary=KEY_2)
2026-05-25 00:33:12,120 [INFO] [3/121] 보신각 (primary=KEY_3)
2026-05-25 00:33:14,764 [INFO] [4/121] 서울 암사동 유적 (primary=KEY_4)
2026-05-25 00:33:16,670 [INFO] [5/121] 창덕궁·종묘 (primary=KEY_1)
2026-05-25 00:33:18,572 [INFO] [6/121] 강남 MICE 관광특구 (primary=KEY_2)
2026-05-25 00:33:20,709 [INFO] [7/121] 동대문 관광특구 (primary=KEY_3)
2026-05-25 00:33:22,854 [INFO] [8/121] 명동 관광특구 (primary=KEY_4)
2026-05-25 00:33:25,473 [INFO] [9/121] 이태원 관광특구 (primary=KEY_1)
2026-05-25 00:33:27,416 [INFO] [10/121] 잠실 관광특구 (primary=KEY_2)
2026-05-25 00:33:28,999 [INFO] [11/121] 종로·청계 관광특구 (primary=KEY_3)
2026-05-25 00:33:31,186 [INFO] [12/121] 홍대 관광특구 (primary=KEY_4)
2026-05-25 00:33:32,796 [INFO] [13/121] 강서한강공원 (primary=KEY_1)
2026-05-25 00:33:34,732 [INFO] [14/121] 고척돔 (primary=KEY_2)
2026-05-25 00:33:36,841 [INFO] [15/121] 광나루한강공원 (primary=KEY_3)
2026-05-25 00:33:38,950 [INFO] [16/121] 광화문광장 (primary=KEY_4)
2026-05-25 00:33:40,305 [INFO] [17/121] 국립중앙박물관·용산가족공원 (primary=KEY_1)
2026-05-25 00:33:41,632 [INFO] [18/121] 난지한강공원 (primary=KEY_2)
2026-05-25 00:33:43,537 [INFO] [19/121] 남산공원 (primary=KEY_3)
2026-05-25 00:33:45,090 [INFO] [20/121] 노들섬 (primary=KEY_4)
2026-05-25 00:33:46,264 [INFO] [21/121] 뚝섬한강공원 (primary=KEY_1)
2026-05-25 00:33:48,173 [INFO] [22/121] 망원한강공원 (primary=KEY_2)
2026-05-25 00:33:49,534 [INFO] [23/121] 반포한강공원 (primary=KEY_3)
2026-05-25 00:33:51,293 [INFO] [24/121] 보라매공원 (primary=KEY_4)
2026-05-25 00:33:53,511 [INFO] [25/121] 북서울꿈의숲 (primary=KEY_1)
2026-05-25 00:33:54,659 [INFO] [26/121] 서대문독립공원 (primary=KEY_2)
2026-05-25 00:33:56,726 [INFO] [27/121] 서리풀공원·몽마르뜨공원 (primary=KEY_3)
2026-05-25 00:33:57,898 [INFO] [28/121] 서울대공원 (primary=KEY_4)
2026-05-25 00:33:59,674 [INFO] [29/121] 서울숲공원 (primary=KEY_1)
2026-05-25 00:34:01,029 [INFO] [30/121] 송현녹지광장 (primary=KEY_2)
2026-05-25 00:34:02,960 [INFO] [31/121] 아차산 (primary=KEY_3)
2026-05-25 00:34:04,875 [INFO] [32/121] 안양천 (primary=KEY_4)
2026-05-25 00:34:06,591 [INFO] [33/121] 양화한강공원 (primary=KEY_1)
2026-05-25 00:34:07,737 [INFO] [34/121] 어린이대공원 (primary=KEY_2)
2026-05-25 00:34:09,678 [INFO] [35/121] 여의도한강공원 (primary=KEY_3)
2026-05-25 00:34:11,010 [INFO] [36/121] 여의서로 (primary=KEY_4)
2026-05-25 00:34:12,406 [INFO] [37/121] 올림픽공원 (primary=KEY_1)
2026-05-25 00:34:13,766 [INFO] [38/121] 월드컵공원 (primary=KEY_2)
2026-05-25 00:34:15,335 [INFO] [39/121] 응봉산 (primary=KEY_3)
2026-05-25 00:34:16,649 [INFO] [40/121] 이촌한강공원 (primary=KEY_4)
2026-05-25 00:34:17,904 [INFO] [41/121] 잠실종합운동장 (primary=KEY_1)
2026-05-25 00:34:19,053 [INFO] [42/121] 잠실한강공원 (primary=KEY_2)
2026-05-25 00:34:20,802 [INFO] [43/121] 잠원한강공원 (primary=KEY_3)
2026-05-25 00:34:23,645 [INFO] [44/121] 청계산 (primary=KEY_4)
2026-05-25 00:34:24,782 [INFO] [45/121] 홍제폭포 (primary=KEY_1)
2026-05-25 00:34:26,452 [INFO] [46/121] 가락시장 (primary=KEY_2)
2026-05-25 00:34:27,840 [INFO] [47/121] 가로수길 (primary=KEY_3)
2026-05-25 00:34:30,133 [INFO] [48/121] 광장(전통)시장 (primary=KEY_4)
2026-05-25 00:34:31,286 [INFO] [49/121] 김포공항 (primary=KEY_1)
2026-05-25 00:34:33,109 [INFO] [50/121] 남대문시장 (primary=KEY_2)
2026-05-25 00:34:34,274 [INFO] [51/121] 노량진 (primary=KEY_3)
2026-05-25 00:34:36,204 [INFO] [52/121] 덕수궁길·정동길 (primary=KEY_4)
2026-05-25 00:34:37,571 [INFO] [53/121] 북창동 먹자골목 (primary=KEY_1)
2026-05-25 00:34:38,712 [INFO] [54/121] 북촌한옥마을 (primary=KEY_2)
2026-05-25 00:34:40,065 [INFO] [55/121] 서촌 (primary=KEY_3)
2026-05-25 00:34:41,398 [INFO] [56/121] 성수카페거리 (primary=KEY_4)
2026-05-25 00:34:42,764 [INFO] [57/121] 송리단길·호수단길 (primary=KEY_1)
2026-05-25 00:34:44,128 [INFO] [58/121] 신촌 스타광장 (primary=KEY_2)
2026-05-25 00:34:45,293 [INFO] [59/121] 압구정로데오거리 (primary=KEY_3)
2026-05-25 00:34:46,646 [INFO] [60/121] 여의도 (primary=KEY_4)
2026-05-25 00:34:48,673 [INFO] [61/121] 연남동 (primary=KEY_1)
2026-05-25 00:34:50,014 [INFO] [62/121] 영등포 타임스퀘어 (primary=KEY_2)
2026-05-25 00:34:51,343 [INFO] [63/121] 용리단길 (primary=KEY_3)
2026-05-25 00:34:52,518 [INFO] [64/121] 이태원 앤틱가구거리 (primary=KEY_4)
2026-05-25 00:34:53,676 [INFO] [65/121] 익선동 (primary=KEY_1)
2026-05-25 00:34:55,043 [INFO] [66/121] 인사동 (primary=KEY_2)
2026-05-25 00:34:56,404 [INFO] [67/121] 잠실롯데타워·석촌호수 (primary=KEY_3)
2026-05-25 00:34:57,780 [INFO] [68/121] 창동 신경제 중심지 (primary=KEY_4)
2026-05-25 00:34:59,346 [INFO] [69/121] 청담동 명품거리 (primary=KEY_1)
2026-05-25 00:35:00,692 [INFO] [70/121] 청량리 제기동 일대 전통시장 (primary=KEY_2)
2026-05-25 00:35:02,032 [INFO] [71/121] 해방촌·경리단길 (primary=KEY_3)
2026-05-25 00:35:03,181 [INFO] [72/121] DDP(동대문디자인플라자) (primary=KEY_4)
2026-05-25 00:35:04,552 [INFO] [73/121] DMC(디지털미디어시티) (primary=KEY_1)
2026-05-25 00:35:06,183 [INFO] [74/121] 가산디지털단지역 (primary=KEY_2)
2026-05-25 00:35:07,748 [INFO] [75/121] 강남역 (primary=KEY_3)
2026-05-25 00:35:09,310 [INFO] [76/121] 건대입구역 (primary=KEY_4)
2026-05-25 00:35:10,681 [INFO] [77/121] 고덕역 (primary=KEY_1)
2026-05-25 00:35:12,023 [INFO] [78/121] 고속터미널역 (primary=KEY_2)
2026-05-25 00:35:13,198 [INFO] [79/121] 교대역 (primary=KEY_3)
2026-05-25 00:35:14,403 [INFO] [80/121] 구로디지털단지역 (primary=KEY_4)
2026-05-25 00:35:15,754 [INFO] [81/121] 구로역 (primary=KEY_1)
2026-05-25 00:35:16,911 [INFO] [82/121] 군자역 (primary=KEY_2)
2026-05-25 00:35:18,075 [INFO] [83/121] 대림역 (primary=KEY_3)
2026-05-25 00:35:19,427 [INFO] [84/121] 동대문역 (primary=KEY_4)
2026-05-25 00:35:20,776 [INFO] [85/121] 뚝섬역 (primary=KEY_1)
2026-05-25 00:35:22,141 [INFO] [86/121] 미아사거리역 (primary=KEY_2)
2026-05-25 00:35:23,474 [INFO] [87/121] 발산역 (primary=KEY_3)
2026-05-25 00:35:25,027 [INFO] [88/121] 사당역 (primary=KEY_4)
2026-05-25 00:35:26,390 [INFO] [89/121] 삼각지역 (primary=KEY_1)
2026-05-25 00:35:27,548 [INFO] [90/121] 서울대입구역 (primary=KEY_2)
2026-05-25 00:35:28,729 [INFO] [91/121] 서울식물원·마곡나루역 (primary=KEY_3)
2026-05-25 00:35:30,082 [INFO] [92/121] 서울역 (primary=KEY_4)
2026-05-25 00:35:31,480 [INFO] [93/121] 선릉역 (primary=KEY_1)
2026-05-25 00:35:33,046 [INFO] [94/121] 성신여대입구역 (primary=KEY_2)
2026-05-25 00:35:34,215 [INFO] [95/121] 수유역 (primary=KEY_3)
2026-05-25 00:35:35,604 [INFO] [96/121] 숭례문 (primary=KEY_4)
2026-05-25 00:35:36,955 [INFO] [97/121] 시의회 앞 (primary=KEY_1)
2026-05-25 00:35:38,317 [INFO] [98/121] 신논현역·논현역 (primary=KEY_2)
2026-05-25 00:35:39,690 [INFO] [99/121] 신도림역 (primary=KEY_3)
2026-05-25 00:35:40,833 [INFO] [100/121] 신림역 (primary=KEY_4)
2026-05-25 00:35:41,996 [INFO] [101/121] 신정네거리역 (primary=KEY_1)
2026-05-25 00:35:43,159 [INFO] [102/121] 신촌·이대역 (primary=KEY_2)
2026-05-25 00:35:44,507 [INFO] [103/121] 쌍문역 (primary=KEY_3)
2026-05-25 00:35:45,670 [INFO] [104/121] 양재역 (primary=KEY_4)
2026-05-25 00:35:47,030 [INFO] [105/121] 역삼역 (primary=KEY_1)
2026-05-25 00:35:48,377 [INFO] [106/121] 연신내역 (primary=KEY_2)
2026-05-25 00:35:49,556 [INFO] [107/121] 오목교역·목동운동장 (primary=KEY_3)
2026-05-25 00:35:51,119 [INFO] [108/121] 왕십리역 (primary=KEY_4)
2026-05-25 00:35:52,499 [INFO] [109/121] 용산역 (primary=KEY_1)
2026-05-25 00:35:53,854 [INFO] [110/121] 이태원역 (primary=KEY_2)
2026-05-25 00:35:55,001 [INFO] [111/121] 잠실새내역 (primary=KEY_3)
2026-05-25 00:35:56,714 [INFO] [112/121] 잠실역 (primary=KEY_4)
2026-05-25 00:35:58,058 [INFO] [113/121] 장지역 (primary=KEY_1)
2026-05-25 00:35:59,548 [INFO] [114/121] 장한평역 (primary=KEY_2)
2026-05-25 00:36:00,902 [INFO] [115/121] 천호역 (primary=KEY_3)
2026-05-25 00:36:02,478 [INFO] [116/121] 총신대입구(이수)역 (primary=KEY_4)
2026-05-25 00:36:03,900 [INFO] [117/121] 충정로역 (primary=KEY_1)
2026-05-25 00:36:05,121 [INFO] [118/121] 합정역 (primary=KEY_2)
2026-05-25 00:36:06,463 [INFO] [119/121] 혜화역 (primary=KEY_3)
2026-05-25 00:36:08,374 [INFO] [120/121] 홍대입구역(2호선) (primary=KEY_4)
2026-05-25 00:36:09,543 [INFO] [121/121] 회기역 (primary=KEY_1)
2026-05-25 00:36:11,922 [INFO] === 수집 완료 | 성공 121, 실패 0 ===
2026-05-25 00:36:11,923 [INFO] 카테고리별 저장 결과:
2026-05-25 00:36:11,923 [INFO]    accident                  | 신규     1행 | 누적      1행 | 16컬럼
2026-05-25 00:36:11,923 [INFO]    area_meta                 | 신규   121행 | 누적    121행 | 5컬럼
2026-05-25 00:36:11,923 [INFO]    bike                      | 신규    11행 | 누적     11행 | 12컬럼
2026-05-25 00:36:11,923 [INFO]    bike_sbike_stts           | 신규   556행 | 누적    556행 | 12컬럼
2026-05-25 00:36:11,923 [INFO]    bus                       | 신규     3행 | 누적      3행 | 11컬럼
2026-05-25 00:36:11,923 [INFO]    bus_bus_stn_stts          | 신규  1745행 | 누적   1745행 | 11컬럼
2026-05-25 00:36:11,923 [INFO]    charger                   | 신규    25행 | 누적     25행 | 15컬럼
2026-05-25 00:36:11,923 [INFO]    charger_charger_stts      | 신규   322행 | 누적    322행 | 15컬럼
2026-05-25 00:36:11,923 [INFO]    cmrcl                     | 신규    82행 | 누적     82행 | 20컬럼
2026-05-25 00:36:11,923 [INFO]    events                    | 신규    11행 | 누적     11행 | 14컬럼
2026-05-25 00:36:11,923 [INFO]    events_event_stts         | 신규   173행 | 누적    173행 | 14컬럼
2026-05-25 00:36:11,923 [INFO]    parking                   | 신규     6행 | 누적      6행 | 21컬럼
2026-05-25 00:36:11,923 [INFO]    parking_prk_stts          | 신규  1835행 | 누적   1835행 | 21컬럼
2026-05-25 00:36:11,923 [INFO]    ppltn                     | 신규   121행 | 누적    121행 | 26컬럼
2026-05-25 00:36:11,923 [INFO]    road                      | 신규   121행 | 누적    121행 | 21컬럼
2026-05-25 00:36:11,923 [INFO]    road_road_traffic_stts    | 신규  5251행 | 누적   5251행 | 17컬럼
2026-05-25 00:36:11,923 [INFO]    subway                    | 신규    38행 | 누적     38행 | 13컬럼
2026-05-25 00:36:11,923 [INFO]    subway_sub_stts           | 신규   183행 | 누적    183행 | 13컬럼
2026-05-25 00:36:11,923 [INFO]    weather                   | 신규   119행 | 누적    119행 | 29컬럼
2026-05-25 00:36:11,923 [INFO] 키별 사용량:
2026-05-25 00:36:11,923 [INFO]    🟢 KEY_1 (31/1000) 
2026-05-25 00:36:11,924 [INFO]    🟢 KEY_2 (30/1000) 
2026-05-25 00:36:11,924 [INFO]    🟢 KEY_3 (30/1000) 
2026-05-25 00:36:11,924 [INFO]    🟢 KEY_4 (30/1000) 
2026-05-25 01:30:18,543 [INFO] 등록된 키: 4개, 합산 한도 4,000건/일
2026-05-25 01:30:18,544 [INFO] POI 로드: 매뉴얼 v8.5 기준 fallback 121개 (121개 전체)
2026-05-25 01:30:18,544 [INFO] === 수집 시작 2026-05-25T01:30:18.544228+09:00 ===
2026-05-25 01:30:18,544 [INFO] 대상 장소: 121개 | API: citydata (통합)
2026-05-25 01:30:18,544 [INFO] 키 풀: 4/4 활성 | 오늘 사용 0/4000건
2026-05-25 01:30:18,544 [INFO]   [KEY_1] 담당 31장소
2026-05-25 01:30:18,544 [INFO]   [KEY_2] 담당 30장소
2026-05-25 01:30:18,544 [INFO]   [KEY_3] 담당 30장소
2026-05-25 01:30:18,544 [INFO]   [KEY_4] 담당 30장소
2026-05-25 01:30:18,544 [INFO] [1/121] 경복궁 (primary=KEY_1)
2026-05-25 01:30:20,305 [INFO] [2/121] 광화문·덕수궁 (primary=KEY_2)
2026-05-25 01:30:22,896 [INFO] [3/121] 보신각 (primary=KEY_3)
2026-05-25 01:30:25,033 [INFO] [4/121] 서울 암사동 유적 (primary=KEY_4)
2026-05-25 01:30:26,169 [INFO] [5/121] 창덕궁·종묘 (primary=KEY_1)
2026-05-25 01:30:28,252 [INFO] [6/121] 강남 MICE 관광특구 (primary=KEY_2)
2026-05-25 01:30:30,174 [INFO] [7/121] 동대문 관광특구 (primary=KEY_3)
2026-05-25 01:30:32,527 [INFO] [8/121] 명동 관광특구 (primary=KEY_4)
2026-05-25 01:30:35,105 [INFO] [9/121] 이태원 관광특구 (primary=KEY_1)
2026-05-25 01:30:37,244 [INFO] [10/121] 잠실 관광특구 (primary=KEY_2)
2026-05-25 01:30:38,829 [INFO] [11/121] 종로·청계 관광특구 (primary=KEY_3)
2026-05-25 01:30:40,424 [INFO] [12/121] 홍대 관광특구 (primary=KEY_4)
2026-05-25 01:30:42,770 [INFO] [13/121] 강서한강공원 (primary=KEY_1)
2026-05-25 01:30:44,857 [INFO] [14/121] 고척돔 (primary=KEY_2)
2026-05-25 01:30:46,757 [INFO] [15/121] 광나루한강공원 (primary=KEY_3)
2026-05-25 01:30:48,654 [INFO] [16/121] 광화문광장 (primary=KEY_4)
2026-05-25 01:30:50,760 [INFO] [17/121] 국립중앙박물관·용산가족공원 (primary=KEY_1)
2026-05-25 01:30:51,913 [INFO] [18/121] 난지한강공원 (primary=KEY_2)
2026-05-25 01:30:53,813 [INFO] [19/121] 남산공원 (primary=KEY_3)
2026-05-25 01:30:56,125 [INFO] [20/121] 노들섬 (primary=KEY_4)
2026-05-25 01:30:57,258 [INFO] [21/121] 뚝섬한강공원 (primary=KEY_1)
2026-05-25 01:30:59,163 [INFO] [22/121] 망원한강공원 (primary=KEY_2)
2026-05-25 01:31:01,074 [INFO] [23/121] 반포한강공원 (primary=KEY_3)
2026-05-25 01:31:02,234 [INFO] [24/121] 보라매공원 (primary=KEY_4)
2026-05-25 01:31:03,384 [INFO] [25/121] 북서울꿈의숲 (primary=KEY_1)
2026-05-25 01:31:04,550 [INFO] [26/121] 서대문독립공원 (primary=KEY_2)
2026-05-25 01:31:06,456 [INFO] [27/121] 서리풀공원·몽마르뜨공원 (primary=KEY_3)
2026-05-25 01:31:07,630 [INFO] [28/121] 서울대공원 (primary=KEY_4)
2026-05-25 01:31:08,755 [INFO] [29/121] 서울숲공원 (primary=KEY_1)
2026-05-25 01:31:10,104 [INFO] [30/121] 송현녹지광장 (primary=KEY_2)
2026-05-25 01:31:12,200 [INFO] [31/121] 아차산 (primary=KEY_3)
2026-05-25 01:31:13,901 [INFO] [32/121] 안양천 (primary=KEY_4)
2026-05-25 01:31:15,031 [INFO] [33/121] 양화한강공원 (primary=KEY_1)
2026-05-25 01:31:16,732 [INFO] [34/121] 어린이대공원 (primary=KEY_2)
2026-05-25 01:31:17,878 [INFO] [35/121] 여의도한강공원 (primary=KEY_3)
2026-05-25 01:31:19,210 [INFO] [36/121] 여의서로 (primary=KEY_4)
2026-05-25 01:31:20,345 [INFO] [37/121] 올림픽공원 (primary=KEY_1)
2026-05-25 01:31:21,696 [INFO] [38/121] 월드컵공원 (primary=KEY_2)
2026-05-25 01:31:23,247 [INFO] [39/121] 응봉산 (primary=KEY_3)
2026-05-25 01:31:24,564 [INFO] [40/121] 이촌한강공원 (primary=KEY_4)
2026-05-25 01:31:25,692 [INFO] [41/121] 잠실종합운동장 (primary=KEY_1)
2026-05-25 01:31:26,829 [INFO] [42/121] 잠실한강공원 (primary=KEY_2)
2026-05-25 01:31:27,952 [INFO] [43/121] 잠원한강공원 (primary=KEY_3)
2026-05-25 01:31:29,273 [INFO] [44/121] 청계산 (primary=KEY_4)
2026-05-25 01:31:30,399 [INFO] [45/121] 홍제폭포 (primary=KEY_1)
2026-05-25 01:31:31,526 [INFO] [46/121] 가락시장 (primary=KEY_2)
2026-05-25 01:31:32,877 [INFO] [47/121] 가로수길 (primary=KEY_3)
2026-05-25 01:31:34,238 [INFO] [48/121] 광장(전통)시장 (primary=KEY_4)
2026-05-25 01:31:35,373 [INFO] [49/121] 김포공항 (primary=KEY_1)
2026-05-25 01:31:36,725 [INFO] [50/121] 남대문시장 (primary=KEY_2)
2026-05-25 01:31:37,893 [INFO] [51/121] 노량진 (primary=KEY_3)
2026-05-25 01:31:39,631 [INFO] [52/121] 덕수궁길·정동길 (primary=KEY_4)
2026-05-25 01:31:40,994 [INFO] [53/121] 북창동 먹자골목 (primary=KEY_1)
2026-05-25 01:31:42,137 [INFO] [54/121] 북촌한옥마을 (primary=KEY_2)
2026-05-25 01:31:43,487 [INFO] [55/121] 서촌 (primary=KEY_3)
2026-05-25 01:31:44,813 [INFO] [56/121] 성수카페거리 (primary=KEY_4)
2026-05-25 01:31:46,191 [INFO] [57/121] 송리단길·호수단길 (primary=KEY_1)
2026-05-25 01:31:47,541 [INFO] [58/121] 신촌 스타광장 (primary=KEY_2)
2026-05-25 01:31:48,686 [INFO] [59/121] 압구정로데오거리 (primary=KEY_3)
2026-05-25 01:31:50,019 [INFO] [60/121] 여의도 (primary=KEY_4)
2026-05-25 01:31:52,002 [INFO] [61/121] 연남동 (primary=KEY_1)
2026-05-25 01:31:53,333 [INFO] [62/121] 영등포 타임스퀘어 (primary=KEY_2)
2026-05-25 01:31:54,680 [INFO] [63/121] 용리단길 (primary=KEY_3)
2026-05-25 01:31:55,860 [INFO] [64/121] 이태원 앤틱가구거리 (primary=KEY_4)
2026-05-25 01:31:57,022 [INFO] [65/121] 익선동 (primary=KEY_1)
2026-05-25 01:31:58,390 [INFO] [66/121] 인사동 (primary=KEY_2)
2026-05-25 01:31:59,762 [INFO] [67/121] 잠실롯데타워·석촌호수 (primary=KEY_3)
2026-05-25 01:32:01,672 [INFO] [68/121] 창동 신경제 중심지 (primary=KEY_4)
2026-05-25 01:32:03,238 [INFO] [69/121] 청담동 명품거리 (primary=KEY_1)
2026-05-25 01:32:04,583 [INFO] [70/121] 청량리 제기동 일대 전통시장 (primary=KEY_2)
2026-05-25 01:32:05,938 [INFO] [71/121] 해방촌·경리단길 (primary=KEY_3)
2026-05-25 01:32:07,080 [INFO] [72/121] DDP(동대문디자인플라자) (primary=KEY_4)
2026-05-25 01:32:08,427 [INFO] [73/121] DMC(디지털미디어시티) (primary=KEY_1)
2026-05-25 01:32:10,014 [INFO] [74/121] 가산디지털단지역 (primary=KEY_2)
2026-05-25 01:32:11,564 [INFO] [75/121] 강남역 (primary=KEY_3)
2026-05-25 01:32:13,113 [INFO] [76/121] 건대입구역 (primary=KEY_4)
2026-05-25 01:32:14,452 [INFO] [77/121] 고덕역 (primary=KEY_1)
2026-05-25 01:32:15,591 [INFO] [78/121] 고속터미널역 (primary=KEY_2)
2026-05-25 01:32:16,746 [INFO] [79/121] 교대역 (primary=KEY_3)
2026-05-25 01:32:17,897 [INFO] [80/121] 구로디지털단지역 (primary=KEY_4)
2026-05-25 01:32:19,227 [INFO] [81/121] 구로역 (primary=KEY_1)
2026-05-25 01:32:20,388 [INFO] [82/121] 군자역 (primary=KEY_2)
2026-05-25 01:32:21,558 [INFO] [83/121] 대림역 (primary=KEY_3)
2026-05-25 01:32:22,710 [INFO] [84/121] 동대문역 (primary=KEY_4)
2026-05-25 01:32:23,874 [INFO] [85/121] 뚝섬역 (primary=KEY_1)
2026-05-25 01:32:25,212 [INFO] [86/121] 미아사거리역 (primary=KEY_2)
2026-05-25 01:32:26,546 [INFO] [87/121] 발산역 (primary=KEY_3)
2026-05-25 01:32:28,864 [INFO] [88/121] 사당역 (primary=KEY_4)
2026-05-25 01:32:30,208 [INFO] [89/121] 삼각지역 (primary=KEY_1)
2026-05-25 01:32:31,357 [INFO] [90/121] 서울대입구역 (primary=KEY_2)
2026-05-25 01:32:32,503 [INFO] [91/121] 서울식물원·마곡나루역 (primary=KEY_3)
2026-05-25 01:32:33,851 [INFO] [92/121] 서울역 (primary=KEY_4)
2026-05-25 01:32:35,255 [INFO] [93/121] 선릉역 (primary=KEY_1)
2026-05-25 01:32:36,802 [INFO] [94/121] 성신여대입구역 (primary=KEY_2)
2026-05-25 01:32:37,959 [INFO] [95/121] 수유역 (primary=KEY_3)
2026-05-25 01:32:39,302 [INFO] [96/121] 숭례문 (primary=KEY_4)
2026-05-25 01:32:40,647 [INFO] [97/121] 시의회 앞 (primary=KEY_1)
2026-05-25 01:32:42,003 [INFO] [98/121] 신논현역·논현역 (primary=KEY_2)
2026-05-25 01:32:43,379 [INFO] [99/121] 신도림역 (primary=KEY_3)
2026-05-25 01:32:44,539 [INFO] [100/121] 신림역 (primary=KEY_4)
2026-05-25 01:32:45,710 [INFO] [101/121] 신정네거리역 (primary=KEY_1)
2026-05-25 01:32:46,867 [INFO] [102/121] 신촌·이대역 (primary=KEY_2)
2026-05-25 01:32:48,226 [INFO] [103/121] 쌍문역 (primary=KEY_3)
2026-05-25 01:32:49,377 [INFO] [104/121] 양재역 (primary=KEY_4)
2026-05-25 01:32:50,550 [INFO] [105/121] 역삼역 (primary=KEY_1)
2026-05-25 01:32:51,899 [INFO] [106/121] 연신내역 (primary=KEY_2)
2026-05-25 01:32:53,069 [INFO] [107/121] 오목교역·목동운동장 (primary=KEY_3)
2026-05-25 01:32:54,626 [INFO] [108/121] 왕십리역 (primary=KEY_4)
2026-05-25 01:32:56,005 [INFO] [109/121] 용산역 (primary=KEY_1)
2026-05-25 01:32:57,357 [INFO] [110/121] 이태원역 (primary=KEY_2)
2026-05-25 01:32:58,517 [INFO] [111/121] 잠실새내역 (primary=KEY_3)
2026-05-25 01:32:59,847 [INFO] [112/121] 잠실역 (primary=KEY_4)
2026-05-25 01:33:01,217 [INFO] [113/121] 장지역 (primary=KEY_1)
2026-05-25 01:33:02,554 [INFO] [114/121] 장한평역 (primary=KEY_2)
2026-05-25 01:33:03,903 [INFO] [115/121] 천호역 (primary=KEY_3)
2026-05-25 01:33:05,249 [INFO] [116/121] 총신대입구(이수)역 (primary=KEY_4)
2026-05-25 01:33:06,653 [INFO] [117/121] 충정로역 (primary=KEY_1)
2026-05-25 01:33:07,811 [INFO] [118/121] 합정역 (primary=KEY_2)
2026-05-25 01:33:09,162 [INFO] [119/121] 혜화역 (primary=KEY_3)
2026-05-25 01:33:10,312 [INFO] [120/121] 홍대입구역(2호선) (primary=KEY_4)
2026-05-25 01:33:11,466 [INFO] [121/121] 회기역 (primary=KEY_1)
2026-05-25 01:33:13,418 [INFO] === 수집 완료 | 성공 121, 실패 0 ===
2026-05-25 01:33:13,418 [INFO] 카테고리별 저장 결과:
2026-05-25 01:33:13,418 [INFO]    accident                  | 신규     1행 | 누적      2행 | 16컬럼
2026-05-25 01:33:13,418 [INFO]    area_meta                 | 신규   121행 | 누적    242행 | 5컬럼
2026-05-25 01:33:13,418 [INFO]    bike                      | 신규    11행 | 누적     22행 | 12컬럼
2026-05-25 01:33:13,418 [INFO]    bike_sbike_stts           | 신규   556행 | 누적   1112행 | 12컬럼
2026-05-25 01:33:13,418 [INFO]    bus                       | 신규     3행 | 누적      6행 | 11컬럼
2026-05-25 01:33:13,418 [INFO]    bus_bus_stn_stts          | 신규  1745행 | 누적   3490행 | 11컬럼
2026-05-25 01:33:13,418 [INFO]    charger                   | 신규    20행 | 누적     45행 | 15컬럼
2026-05-25 01:33:13,418 [INFO]    charger_charger_stts      | 신규   422행 | 누적    737행 | 15컬럼
2026-05-25 01:33:13,418 [INFO]    cmrcl                     | 신규    82행 | 누적    164행 | 20컬럼
2026-05-25 01:33:13,418 [INFO]    events                    | 신규    11행 | 누적     22행 | 14컬럼
2026-05-25 01:33:13,418 [INFO]    events_event_stts         | 신규   173행 | 누적    346행 | 14컬럼
2026-05-25 01:33:13,418 [INFO]    parking                   | 신규     6행 | 누적     12행 | 21컬럼
2026-05-25 01:33:13,418 [INFO]    parking_prk_stts          | 신규  1835행 | 누적   3670행 | 21컬럼
2026-05-25 01:33:13,418 [INFO]    ppltn                     | 신규   121행 | 누적    242행 | 26컬럼
2026-05-25 01:33:13,418 [INFO]    road                      | 신규   121행 | 누적    242행 | 21컬럼
2026-05-25 01:33:13,418 [INFO]    road_road_traffic_stts    | 신규  5251행 | 누적  10502행 | 17컬럼
2026-05-25 01:33:13,418 [INFO]    subway                    | 신규    38행 | 누적     76행 | 13컬럼
2026-05-25 01:33:13,419 [INFO]    subway_sub_stts           | 신규   183행 | 누적    366행 | 13컬럼
2026-05-25 01:33:13,419 [INFO]    weather                   | 신규   119행 | 누적    238행 | 29컬럼
2026-05-25 01:33:13,419 [INFO] 키별 사용량:
2026-05-25 01:33:13,419 [INFO]    🟢 KEY_1 (31/1000) 
2026-05-25 01:33:13,419 [INFO]    🟢 KEY_2 (30/1000) 
2026-05-25 01:33:13,419 [INFO]    🟢 KEY_3 (30/1000) 
2026-05-25 01:33:13,419 [INFO]    🟢 KEY_4 (30/1000) 
