2026-09-11 01:20:39,551 [INFO] 등록된 키: 4개, 합산 한도 4,000건/일
2026-09-11 01:20:39,551 [INFO] POI 로드: 매뉴얼 v8.5 기준 fallback 121개 (121개 전체)
2026-09-11 01:20:39,551 [INFO] === 수집 시작 2026-09-11T01:20:39.551768+09:00 ===
2026-09-11 01:20:39,551 [INFO] 대상 장소: 121개 | API: citydata (통합)
2026-09-11 01:20:39,551 [INFO] 키 풀: 4/4 활성 | 오늘 사용 0/4000건
2026-09-11 01:20:39,552 [INFO]   [KEY_1] 담당 31장소
2026-09-11 01:20:39,552 [INFO]   [KEY_2] 담당 30장소
2026-09-11 01:20:39,552 [INFO]   [KEY_3] 담당 30장소
2026-09-11 01:20:39,552 [INFO]   [KEY_4] 담당 30장소
2026-09-11 01:20:39,552 [INFO] [1/121] 경복궁 (primary=KEY_1)
2026-09-11 01:20:41,433 [INFO] [2/121] 광화문·덕수궁 (primary=KEY_2)
2026-09-11 01:20:43,154 [INFO] [3/121] 보신각 (primary=KEY_3)
2026-09-11 01:20:45,328 [INFO] [4/121] 서울 암사동 유적 (primary=KEY_4)
2026-09-11 01:20:47,182 [INFO] [5/121] 창덕궁·종묘 (primary=KEY_1)
2026-09-11 01:20:49,064 [INFO] [6/121] 강남 MICE 관광특구 (primary=KEY_2)
2026-09-11 01:20:51,247 [INFO] [7/121] 동대문 관광특구 (primary=KEY_3)
2026-09-11 01:20:53,312 [INFO] [8/121] 명동 관광특구 (primary=KEY_4)
2026-09-11 01:20:54,915 [INFO] [9/121] 이태원 관광특구 (primary=KEY_1)
2026-09-11 01:20:56,798 [INFO] [10/121] 잠실 관광특구 (primary=KEY_2)
2026-09-11 01:20:58,411 [INFO] [11/121] 종로·청계 관광특구 (primary=KEY_3)
2026-09-11 01:20:59,918 [INFO] [12/121] 홍대 관광특구 (primary=KEY_4)
2026-09-11 01:21:01,341 [INFO] [13/121] 강서한강공원 (primary=KEY_1)
2026-09-11 01:21:03,043 [INFO] [14/121] 고척돔 (primary=KEY_2)
2026-09-11 01:21:04,087 [INFO] [15/121] 광나루한강공원 (primary=KEY_3)
2026-09-11 01:21:05,299 [INFO] [16/121] 광화문광장 (primary=KEY_4)
2026-09-11 01:21:07,210 [INFO] [17/121] 국립중앙박물관·용산가족공원 (primary=KEY_1)
2026-09-11 01:21:08,273 [INFO] [18/121] 난지한강공원 (primary=KEY_2)
2026-09-11 01:21:10,023 [INFO] [19/121] 남산공원 (primary=KEY_3)
2026-09-11 01:21:12,224 [INFO] [20/121] 노들섬 (primary=KEY_4)
2026-09-11 01:21:13,264 [INFO] [21/121] 뚝섬한강공원 (primary=KEY_1)
2026-09-11 01:21:14,976 [INFO] [22/121] 망원한강공원 (primary=KEY_2)
2026-09-11 01:21:17,166 [INFO] [23/121] 반포한강공원 (primary=KEY_3)
2026-09-11 01:21:18,209 [INFO] [24/121] 보라매공원 (primary=KEY_4)
2026-09-11 01:21:19,263 [INFO] [25/121] 북서울꿈의숲 (primary=KEY_1)
2026-09-11 01:21:21,457 [INFO] [26/121] 서대문독립공원 (primary=KEY_2)
2026-09-11 01:21:22,513 [INFO] [27/121] 서리풀공원·몽마르뜨공원 (primary=KEY_3)
2026-09-11 01:21:23,603 [INFO] [28/121] 서울대공원 (primary=KEY_4)
2026-09-11 01:21:25,481 [INFO] [29/121] 서울숲공원 (primary=KEY_1)
2026-09-11 01:21:26,699 [INFO] [30/121] 송현녹지광장 (primary=KEY_2)
2026-09-11 01:21:28,879 [INFO] [31/121] 아차산 (primary=KEY_3)
2026-09-11 01:21:30,763 [INFO] [32/121] 안양천 (primary=KEY_4)
2026-09-11 01:21:31,814 [INFO] [33/121] 양화한강공원 (primary=KEY_1)
2026-09-11 01:21:32,889 [INFO] [34/121] 어린이대공원 (primary=KEY_2)
2026-09-11 01:21:34,117 [INFO] [35/121] 여의도한강공원 (primary=KEY_3)
2026-09-11 01:21:35,338 [INFO] [36/121] 여의서로 (primary=KEY_4)
2026-09-11 01:21:36,553 [INFO] [37/121] 올림픽공원 (primary=KEY_1)
2026-09-11 01:21:38,444 [INFO] [38/121] 월드컵공원 (primary=KEY_2)
2026-09-11 01:21:39,842 [INFO] [39/121] 응봉산 (primary=KEY_3)
2026-09-11 01:21:41,050 [INFO] [40/121] 이촌한강공원 (primary=KEY_4)
2026-09-11 01:21:43,089 [INFO] [41/121] 잠실종합운동장 (primary=KEY_1)
2026-09-11 01:21:44,149 [INFO] [42/121] 잠실한강공원 (primary=KEY_2)
2026-09-11 01:21:45,206 [INFO] [43/121] 잠원한강공원 (primary=KEY_3)
2026-09-11 01:21:46,249 [INFO] [44/121] 청계산 (primary=KEY_4)
2026-09-11 01:21:47,292 [INFO] [45/121] 홍제폭포 (primary=KEY_1)
2026-09-11 01:21:48,325 [INFO] [46/121] 가락시장 (primary=KEY_2)
2026-09-11 01:21:49,556 [INFO] [47/121] 가로수길 (primary=KEY_3)
2026-09-11 01:21:50,795 [INFO] [48/121] 광장(전통)시장 (primary=KEY_4)
2026-09-11 01:21:51,851 [INFO] [49/121] 김포공항 (primary=KEY_1)
2026-09-11 01:21:53,254 [INFO] [50/121] 남대문시장 (primary=KEY_2)
2026-09-11 01:21:55,127 [INFO] [51/121] 노량진 (primary=KEY_3)
2026-09-11 01:21:56,351 [INFO] [52/121] 덕수궁길·정동길 (primary=KEY_4)
2026-09-11 01:21:57,598 [INFO] [53/121] 북창동 먹자골목 (primary=KEY_1)
2026-09-11 01:21:58,818 [INFO] [54/121] 북촌한옥마을 (primary=KEY_2)
2026-09-11 01:22:00,197 [INFO] [55/121] 서촌 (primary=KEY_3)
2026-09-11 01:22:01,403 [INFO] [56/121] 성수카페거리 (primary=KEY_4)
2026-09-11 01:22:02,812 [INFO] [57/121] 송리단길·호수단길 (primary=KEY_1)
2026-09-11 01:22:04,041 [INFO] [58/121] 신촌 스타광장 (primary=KEY_2)
2026-09-11 01:22:05,109 [INFO] [59/121] 압구정로데오거리 (primary=KEY_3)
2026-09-11 01:22:06,329 [INFO] [60/121] 여의도 (primary=KEY_4)
2026-09-11 01:22:08,272 [INFO] [61/121] 연남동 (primary=KEY_1)
2026-09-11 01:22:11,050 [INFO] [62/121] 영등포 타임스퀘어 (primary=KEY_2)
2026-09-11 01:22:12,266 [INFO] [63/121] 용리단길 (primary=KEY_3)
2026-09-11 01:22:14,277 [INFO] [64/121] 이태원 앤틱가구거리 (primary=KEY_4)
2026-09-11 01:22:16,132 [INFO] [65/121] 익선동 (primary=KEY_1)
2026-09-11 01:22:18,305 [INFO] [66/121] 인사동 (primary=KEY_2)
2026-09-11 01:22:20,507 [INFO] [67/121] 잠실롯데타워·석촌호수 (primary=KEY_3)
2026-09-11 01:22:23,022 [INFO] [68/121] 창동 신경제 중심지 (primary=KEY_4)
2026-09-11 01:22:24,588 [INFO] [69/121] 청담동 명품거리 (primary=KEY_1)
2026-09-11 01:22:26,463 [INFO] [70/121] 청량리 제기동 일대 전통시장 (primary=KEY_2)
2026-09-11 01:22:28,534 [INFO] [71/121] 해방촌·경리단길 (primary=KEY_3)
2026-09-11 01:22:30,571 [INFO] [72/121] DDP(동대문디자인플라자) (primary=KEY_4)
2026-09-11 01:22:32,770 [INFO] [73/121] DMC(디지털미디어시티) (primary=KEY_1)
2026-09-11 01:22:34,367 [INFO] [74/121] 가산디지털단지역 (primary=KEY_2)
2026-09-11 01:22:37,091 [INFO] [75/121] 강남역 (primary=KEY_3)
2026-09-11 01:22:39,512 [INFO] [76/121] 건대입구역 (primary=KEY_4)
2026-09-11 01:22:40,755 [INFO] [77/121] 고덕역 (primary=KEY_1)
2026-09-11 01:22:42,977 [INFO] [78/121] 고속터미널역 (primary=KEY_2)
2026-09-11 01:22:45,023 [INFO] [79/121] 교대역 (primary=KEY_3)
2026-09-11 01:22:46,111 [INFO] [80/121] 구로디지털단지역 (primary=KEY_4)
2026-09-11 01:22:48,480 [INFO] [81/121] 구로역 (primary=KEY_1)
2026-09-11 01:22:49,694 [INFO] [82/121] 군자역 (primary=KEY_2)
2026-09-11 01:22:50,777 [INFO] [83/121] 대림역 (primary=KEY_3)
2026-09-11 01:22:52,019 [INFO] [84/121] 동대문역 (primary=KEY_4)
2026-09-11 01:22:53,273 [INFO] [85/121] 뚝섬역 (primary=KEY_1)
2026-09-11 01:22:55,161 [INFO] [86/121] 미아사거리역 (primary=KEY_2)
2026-09-11 01:22:56,395 [INFO] [87/121] 발산역 (primary=KEY_3)
2026-09-11 01:22:57,960 [INFO] [88/121] 사당역 (primary=KEY_4)
2026-09-11 01:22:59,865 [INFO] [89/121] 삼각지역 (primary=KEY_1)
2026-09-11 01:23:01,743 [INFO] [90/121] 서울대입구역 (primary=KEY_2)
2026-09-11 01:23:02,965 [INFO] [91/121] 서울식물원·마곡나루역 (primary=KEY_3)
2026-09-11 01:23:04,345 [INFO] [92/121] 서울역 (primary=KEY_4)
2026-09-11 01:23:05,752 [INFO] [93/121] 선릉역 (primary=KEY_1)
2026-09-11 01:23:08,292 [INFO] [94/121] 성신여대입구역 (primary=KEY_2)
2026-09-11 01:23:10,024 [INFO] [95/121] 수유역 (primary=KEY_3)
2026-09-11 01:23:11,245 [INFO] [96/121] 숭례문 (primary=KEY_4)
2026-09-11 01:23:12,483 [INFO] [97/121] 시의회 앞 (primary=KEY_1)
2026-09-11 01:23:13,733 [INFO] [98/121] 신논현역·논현역 (primary=KEY_2)
2026-09-11 01:23:14,991 [INFO] [99/121] 신도림역 (primary=KEY_3)
2026-09-11 01:23:16,059 [INFO] [100/121] 신림역 (primary=KEY_4)
2026-09-11 01:23:17,148 [INFO] [101/121] 신정네거리역 (primary=KEY_1)
2026-09-11 01:23:18,365 [INFO] [102/121] 신촌·이대역 (primary=KEY_2)
2026-09-11 01:23:19,589 [INFO] [103/121] 쌍문역 (primary=KEY_3)
2026-09-11 01:23:21,481 [INFO] [104/121] 양재역 (primary=KEY_4)
2026-09-11 01:23:22,717 [INFO] [105/121] 역삼역 (primary=KEY_1)
2026-09-11 01:23:24,111 [INFO] [106/121] 연신내역 (primary=KEY_2)
2026-09-11 01:23:25,179 [INFO] [107/121] 오목교역·목동운동장 (primary=KEY_3)
2026-09-11 01:23:26,913 [INFO] [108/121] 왕십리역 (primary=KEY_4)
2026-09-11 01:23:28,170 [INFO] [109/121] 용산역 (primary=KEY_1)
2026-09-11 01:23:29,556 [INFO] [110/121] 이태원역 (primary=KEY_2)
2026-09-11 01:23:30,610 [INFO] [111/121] 잠실새내역 (primary=KEY_3)
2026-09-11 01:23:31,923 [INFO] [112/121] 잠실역 (primary=KEY_4)
2026-09-11 01:23:33,315 [INFO] [113/121] 장지역 (primary=KEY_1)
2026-09-11 01:23:34,704 [INFO] [114/121] 장한평역 (primary=KEY_2)
2026-09-11 01:23:35,931 [INFO] [115/121] 천호역 (primary=KEY_3)
2026-09-11 01:23:37,185 [INFO] [116/121] 총신대입구(이수)역 (primary=KEY_4)
2026-09-11 01:23:38,405 [INFO] [117/121] 충정로역 (primary=KEY_1)
2026-09-11 01:23:39,651 [INFO] [118/121] 합정역 (primary=KEY_2)
2026-09-11 01:23:40,883 [INFO] [119/121] 혜화역 (primary=KEY_3)
2026-09-11 01:23:42,114 [INFO] [120/121] 홍대입구역(2호선) (primary=KEY_4)
2026-09-11 01:23:43,367 [INFO] [121/121] 회기역 (primary=KEY_1)
2026-09-11 01:23:45,028 [INFO] === 수집 완료 | 성공 121, 실패 0 ===
2026-09-11 01:23:45,028 [INFO] 카테고리별 저장 결과:
2026-09-11 01:23:45,028 [INFO]    accident                  | 신규     7행 | 누적      7행 | 16컬럼
2026-09-11 01:23:45,028 [INFO]    accident_acdnt_cntrl_stts | 신규     8행 | 누적      8행 | 16컬럼
2026-09-11 01:23:45,028 [INFO]    area_meta                 | 신규   121행 | 누적    121행 | 5컬럼
2026-09-11 01:23:45,028 [INFO]    bike                      | 신규    10행 | 누적     10행 | 12컬럼
2026-09-11 01:23:45,028 [INFO]    bike_sbike_stts           | 신규   574행 | 누적    574행 | 12컬럼
2026-09-11 01:23:45,028 [INFO]    bus                       | 신규     3행 | 누적      3행 | 11컬럼
2026-09-11 01:23:45,028 [INFO]    bus_bus_stn_stts          | 신규  1745행 | 누적   1745행 | 11컬럼
2026-09-11 01:23:45,028 [INFO]    charger                   | 신규     4행 | 누적      4행 | 15컬럼
2026-09-11 01:23:45,029 [INFO]    charger_charger_stts      | 신규  1918행 | 누적   1918행 | 15컬럼
2026-09-11 01:23:45,029 [INFO]    cmrcl                     | 신규    82행 | 누적     82행 | 20컬럼
2026-09-11 01:23:45,029 [INFO]    events                    | 신규    16행 | 누적     16행 | 14컬럼
2026-09-11 01:23:45,029 [INFO]    events_event_stts         | 신규   114행 | 누적    114행 | 14컬럼
2026-09-11 01:23:45,029 [INFO]    parking                   | 신규     6행 | 누적      6행 | 21컬럼
2026-09-11 01:23:45,029 [INFO]    parking_prk_stts          | 신규  1832행 | 누적   1832행 | 21컬럼
2026-09-11 01:23:45,029 [INFO]    ppltn                     | 신규   121행 | 누적    121행 | 26컬럼
2026-09-11 01:23:45,029 [INFO]    road                      | 신규   121행 | 누적    121행 | 21컬럼
2026-09-11 01:23:45,029 [INFO]    road_road_traffic_stts    | 신규  5297행 | 누적   5297행 | 17컬럼
2026-09-11 01:23:45,029 [INFO]    subway                    | 신규    38행 | 누적     38행 | 13컬럼
2026-09-11 01:23:45,029 [INFO]    subway_sub_stts           | 신규   183행 | 누적    183행 | 13컬럼
2026-09-11 01:23:45,029 [INFO]    weather                   | 신규   119행 | 누적    119행 | 29컬럼
2026-09-11 01:23:45,029 [INFO] 키별 사용량:
2026-09-11 01:23:45,029 [INFO]    🟢 KEY_1 (31/1000) 
2026-09-11 01:23:45,029 [INFO]    🟢 KEY_2 (30/1000) 
2026-09-11 01:23:45,029 [INFO]    🟢 KEY_3 (30/1000) 
2026-09-11 01:23:45,030 [INFO]    🟢 KEY_4 (30/1000) 
2026-09-11 04:35:52,689 [INFO] 등록된 키: 4개, 합산 한도 4,000건/일
2026-09-11 04:35:52,689 [INFO] POI 로드: 매뉴얼 v8.5 기준 fallback 121개 (121개 전체)
2026-09-11 04:35:52,689 [INFO] === 수집 시작 2026-09-11T04:35:52.689802+09:00 ===
2026-09-11 04:35:52,689 [INFO] 대상 장소: 121개 | API: citydata (통합)
2026-09-11 04:35:52,690 [INFO] 키 풀: 4/4 활성 | 오늘 사용 0/4000건
2026-09-11 04:35:52,690 [INFO]   [KEY_1] 담당 31장소
2026-09-11 04:35:52,690 [INFO]   [KEY_2] 담당 30장소
2026-09-11 04:35:52,690 [INFO]   [KEY_3] 담당 30장소
2026-09-11 04:35:52,690 [INFO]   [KEY_4] 담당 30장소
2026-09-11 04:35:52,690 [INFO] [1/121] 경복궁 (primary=KEY_1)
2026-09-11 04:35:54,596 [INFO] [2/121] 광화문·덕수궁 (primary=KEY_2)
2026-09-11 04:35:56,335 [INFO] [3/121] 보신각 (primary=KEY_3)
2026-09-11 04:35:57,577 [INFO] [4/121] 서울 암사동 유적 (primary=KEY_4)
2026-09-11 04:35:59,268 [INFO] [5/121] 창덕궁·종묘 (primary=KEY_1)
2026-09-11 04:36:01,461 [INFO] [6/121] 강남 MICE 관광특구 (primary=KEY_2)
2026-09-11 04:36:03,357 [INFO] [7/121] 동대문 관광특구 (primary=KEY_3)
2026-09-11 04:36:05,870 [INFO] [8/121] 명동 관광특구 (primary=KEY_4)
2026-09-11 04:36:07,467 [INFO] [9/121] 이태원 관광특구 (primary=KEY_1)
2026-09-11 04:36:09,334 [INFO] [10/121] 잠실 관광특구 (primary=KEY_2)
2026-09-11 04:36:11,859 [INFO] [11/121] 종로·청계 관광특구 (primary=KEY_3)
2026-09-11 04:36:13,315 [INFO] [12/121] 홍대 관광특구 (primary=KEY_4)
2026-09-11 04:36:14,739 [INFO] [13/121] 강서한강공원 (primary=KEY_1)
2026-09-11 04:36:15,774 [INFO] [14/121] 고척돔 (primary=KEY_2)
2026-09-11 04:36:17,789 [INFO] [15/121] 광나루한강공원 (primary=KEY_3)
2026-09-11 04:36:19,001 [INFO] [16/121] 광화문광장 (primary=KEY_4)
2026-09-11 04:36:21,033 [INFO] [17/121] 국립중앙박물관·용산가족공원 (primary=KEY_1)
2026-09-11 04:36:22,744 [INFO] [18/121] 난지한강공원 (primary=KEY_2)
2026-09-11 04:36:24,447 [INFO] [19/121] 남산공원 (primary=KEY_3)
2026-09-11 04:36:25,873 [INFO] [20/121] 노들섬 (primary=KEY_4)
2026-09-11 04:36:26,915 [INFO] [21/121] 뚝섬한강공원 (primary=KEY_1)
2026-09-11 04:36:27,972 [INFO] [22/121] 망원한강공원 (primary=KEY_2)
2026-09-11 04:36:29,196 [INFO] [23/121] 반포한강공원 (primary=KEY_3)
2026-09-11 04:36:30,904 [INFO] [24/121] 보라매공원 (primary=KEY_4)
2026-09-11 04:36:32,609 [INFO] [25/121] 북서울꿈의숲 (primary=KEY_1)
2026-09-11 04:36:34,428 [INFO] [26/121] 서대문독립공원 (primary=KEY_2)
2026-09-11 04:36:35,498 [INFO] [27/121] 서리풀공원·몽마르뜨공원 (primary=KEY_3)
2026-09-11 04:36:36,563 [INFO] [28/121] 서울대공원 (primary=KEY_4)
2026-09-11 04:36:37,607 [INFO] [29/121] 서울숲공원 (primary=KEY_1)
2026-09-11 04:36:38,988 [INFO] [30/121] 송현녹지광장 (primary=KEY_2)
2026-09-11 04:36:40,216 [INFO] [31/121] 아차산 (primary=KEY_3)
2026-09-11 04:36:41,265 [INFO] [32/121] 안양천 (primary=KEY_4)
2026-09-11 04:36:42,984 [INFO] [33/121] 양화한강공원 (primary=KEY_1)
2026-09-11 04:36:45,014 [INFO] [34/121] 어린이대공원 (primary=KEY_2)
2026-09-11 04:36:46,889 [INFO] [35/121] 여의도한강공원 (primary=KEY_3)
2026-09-11 04:36:49,075 [INFO] [36/121] 여의서로 (primary=KEY_4)
2026-09-11 04:36:51,229 [INFO] [37/121] 올림픽공원 (primary=KEY_1)
2026-09-11 04:36:52,482 [INFO] [38/121] 월드컵공원 (primary=KEY_2)
2026-09-11 04:36:54,684 [INFO] [39/121] 응봉산 (primary=KEY_3)
2026-09-11 04:36:56,599 [INFO] [40/121] 이촌한강공원 (primary=KEY_4)
2026-09-11 04:36:58,300 [INFO] [41/121] 잠실종합운동장 (primary=KEY_1)
2026-09-11 04:36:59,364 [INFO] [42/121] 잠실한강공원 (primary=KEY_2)
2026-09-11 04:37:01,259 [INFO] [43/121] 잠원한강공원 (primary=KEY_3)
2026-09-11 04:37:03,251 [INFO] [44/121] 청계산 (primary=KEY_4)
2026-09-11 04:37:04,951 [INFO] [45/121] 홍제폭포 (primary=KEY_1)
2026-09-11 04:37:05,997 [INFO] [46/121] 가락시장 (primary=KEY_2)
2026-09-11 04:37:08,187 [INFO] [47/121] 가로수길 (primary=KEY_3)
2026-09-11 04:37:09,418 [INFO] [48/121] 광장(전통)시장 (primary=KEY_4)
2026-09-11 04:37:10,484 [INFO] [49/121] 김포공항 (primary=KEY_1)
2026-09-11 04:37:12,692 [INFO] [50/121] 남대문시장 (primary=KEY_2)
2026-09-11 04:37:13,925 [INFO] [51/121] 노량진 (primary=KEY_3)
2026-09-11 04:37:15,158 [INFO] [52/121] 덕수궁길·정동길 (primary=KEY_4)
2026-09-11 04:37:16,404 [INFO] [53/121] 북창동 먹자골목 (primary=KEY_1)
2026-09-11 04:37:17,626 [INFO] [54/121] 북촌한옥마을 (primary=KEY_2)
2026-09-11 04:37:19,012 [INFO] [55/121] 서촌 (primary=KEY_3)
2026-09-11 04:37:20,236 [INFO] [56/121] 성수카페거리 (primary=KEY_4)
2026-09-11 04:37:22,613 [INFO] [57/121] 송리단길·호수단길 (primary=KEY_1)
2026-09-11 04:37:23,885 [INFO] [58/121] 신촌 스타광장 (primary=KEY_2)
2026-09-11 04:37:24,949 [INFO] [59/121] 압구정로데오거리 (primary=KEY_3)
2026-09-11 04:37:26,193 [INFO] [60/121] 여의도 (primary=KEY_4)
2026-09-11 04:37:28,800 [INFO] [61/121] 연남동 (primary=KEY_1)
2026-09-11 04:37:30,980 [INFO] [62/121] 영등포 타임스퀘어 (primary=KEY_2)
2026-09-11 04:37:32,858 [INFO] [63/121] 용리단길 (primary=KEY_3)
2026-09-11 04:37:33,934 [INFO] [64/121] 이태원 앤틱가구거리 (primary=KEY_4)
2026-09-11 04:37:35,008 [INFO] [65/121] 익선동 (primary=KEY_1)
2026-09-11 04:37:36,242 [INFO] [66/121] 인사동 (primary=KEY_2)
2026-09-11 04:37:37,635 [INFO] [67/121] 잠실롯데타워·석촌호수 (primary=KEY_3)
2026-09-11 04:37:39,187 [INFO] [68/121] 창동 신경제 중심지 (primary=KEY_4)
2026-09-11 04:37:40,747 [INFO] [69/121] 청담동 명품거리 (primary=KEY_1)
2026-09-11 04:37:42,768 [INFO] [70/121] 청량리 제기동 일대 전통시장 (primary=KEY_2)
2026-09-11 04:37:44,069 [INFO] [71/121] 해방촌·경리단길 (primary=KEY_3)
2026-09-11 04:37:45,135 [INFO] [72/121] DDP(동대문디자인플라자) (primary=KEY_4)
2026-09-11 04:37:46,377 [INFO] [73/121] DMC(디지털미디어시티) (primary=KEY_1)
2026-09-11 04:37:47,957 [INFO] [74/121] 가산디지털단지역 (primary=KEY_2)
2026-09-11 04:37:49,722 [INFO] [75/121] 강남역 (primary=KEY_3)
2026-09-11 04:37:51,172 [INFO] [76/121] 건대입구역 (primary=KEY_4)
2026-09-11 04:37:53,397 [INFO] [77/121] 고덕역 (primary=KEY_1)
2026-09-11 04:37:54,619 [INFO] [78/121] 고속터미널역 (primary=KEY_2)
2026-09-11 04:37:56,524 [INFO] [79/121] 교대역 (primary=KEY_3)
2026-09-11 04:37:57,598 [INFO] [80/121] 구로디지털단지역 (primary=KEY_4)
2026-09-11 04:37:59,161 [INFO] [81/121] 구로역 (primary=KEY_1)
2026-09-11 04:38:00,374 [INFO] [82/121] 군자역 (primary=KEY_2)
2026-09-11 04:38:01,443 [INFO] [83/121] 대림역 (primary=KEY_3)
2026-09-11 04:38:02,733 [INFO] [84/121] 동대문역 (primary=KEY_4)
2026-09-11 04:38:03,947 [INFO] [85/121] 뚝섬역 (primary=KEY_1)
2026-09-11 04:38:05,838 [INFO] [86/121] 미아사거리역 (primary=KEY_2)
2026-09-11 04:38:07,059 [INFO] [87/121] 발산역 (primary=KEY_3)
2026-09-11 04:38:08,611 [INFO] [88/121] 사당역 (primary=KEY_4)
2026-09-11 04:38:09,845 [INFO] [89/121] 삼각지역 (primary=KEY_1)
2026-09-11 04:38:10,979 [INFO] [90/121] 서울대입구역 (primary=KEY_2)
2026-09-11 04:38:12,193 [INFO] [91/121] 서울식물원·마곡나루역 (primary=KEY_3)
2026-09-11 04:38:13,596 [INFO] [92/121] 서울역 (primary=KEY_4)
2026-09-11 04:38:15,045 [INFO] [93/121] 선릉역 (primary=KEY_1)
2026-09-11 04:38:16,616 [INFO] [94/121] 성신여대입구역 (primary=KEY_2)
2026-09-11 04:38:17,690 [INFO] [95/121] 수유역 (primary=KEY_3)
2026-09-11 04:38:18,904 [INFO] [96/121] 숭례문 (primary=KEY_4)
2026-09-11 04:38:20,137 [INFO] [97/121] 시의회 앞 (primary=KEY_1)
2026-09-11 04:38:21,371 [INFO] [98/121] 신논현역·논현역 (primary=KEY_2)
2026-09-11 04:38:22,607 [INFO] [99/121] 신도림역 (primary=KEY_3)
2026-09-11 04:38:23,664 [INFO] [100/121] 신림역 (primary=KEY_4)
2026-09-11 04:38:24,744 [INFO] [101/121] 신정네거리역 (primary=KEY_1)
2026-09-11 04:38:25,965 [INFO] [102/121] 신촌·이대역 (primary=KEY_2)
2026-09-11 04:38:27,192 [INFO] [103/121] 쌍문역 (primary=KEY_3)
2026-09-11 04:38:28,495 [INFO] [104/121] 양재역 (primary=KEY_4)
2026-09-11 04:38:29,732 [INFO] [105/121] 역삼역 (primary=KEY_1)
2026-09-11 04:38:31,122 [INFO] [106/121] 연신내역 (primary=KEY_2)
2026-09-11 04:38:32,205 [INFO] [107/121] 오목교역·목동운동장 (primary=KEY_3)
2026-09-11 04:38:33,936 [INFO] [108/121] 왕십리역 (primary=KEY_4)
2026-09-11 04:38:35,183 [INFO] [109/121] 용산역 (primary=KEY_1)
2026-09-11 04:38:36,574 [INFO] [110/121] 이태원역 (primary=KEY_2)
2026-09-11 04:38:37,653 [INFO] [111/121] 잠실새내역 (primary=KEY_3)
2026-09-11 04:38:38,922 [INFO] [112/121] 잠실역 (primary=KEY_4)
2026-09-11 04:38:40,306 [INFO] [113/121] 장지역 (primary=KEY_1)
2026-09-11 04:38:41,715 [INFO] [114/121] 장한평역 (primary=KEY_2)
2026-09-11 04:38:42,949 [INFO] [115/121] 천호역 (primary=KEY_3)
2026-09-11 04:38:44,197 [INFO] [116/121] 총신대입구(이수)역 (primary=KEY_4)
2026-09-11 04:38:45,426 [INFO] [117/121] 충정로역 (primary=KEY_1)
2026-09-11 04:38:46,658 [INFO] [118/121] 합정역 (primary=KEY_2)
2026-09-11 04:38:48,112 [INFO] [119/121] 혜화역 (primary=KEY_3)
2026-09-11 04:38:49,350 [INFO] [120/121] 홍대입구역(2호선) (primary=KEY_4)
2026-09-11 04:38:50,603 [INFO] [121/121] 회기역 (primary=KEY_1)
2026-09-11 04:38:52,540 [INFO] === 수집 완료 | 성공 121, 실패 0 ===
2026-09-11 04:38:52,540 [INFO] 카테고리별 저장 결과:
2026-09-11 04:38:52,540 [INFO]    accident                  | 신규     6행 | 누적     13행 | 16컬럼
2026-09-11 04:38:52,540 [INFO]    accident_acdnt_cntrl_stts | 신규     6행 | 누적     14행 | 16컬럼
2026-09-11 04:38:52,540 [INFO]    area_meta                 | 신규   121행 | 누적    242행 | 5컬럼
2026-09-11 04:38:52,540 [INFO]    bike                      | 신규    10행 | 누적     20행 | 12컬럼
2026-09-11 04:38:52,540 [INFO]    bike_sbike_stts           | 신규   574행 | 누적   1148행 | 12컬럼
2026-09-11 04:38:52,540 [INFO]    bus                       | 신규     3행 | 누적      6행 | 11컬럼
2026-09-11 04:38:52,540 [INFO]    bus_bus_stn_stts          | 신규  1745행 | 누적   3490행 | 11컬럼
2026-09-11 04:38:52,540 [INFO]    charger                   | 신규     4행 | 누적      8행 | 15컬럼
2026-09-11 04:38:52,540 [INFO]    charger_charger_stts      | 신규  1918행 | 누적   3810행 | 15컬럼
2026-09-11 04:38:52,541 [INFO]    cmrcl                     | 신규    82행 | 누적    164행 | 20컬럼
2026-09-11 04:38:52,541 [INFO]    events                    | 신규    16행 | 누적     32행 | 14컬럼
2026-09-11 04:38:52,541 [INFO]    events_event_stts         | 신규   114행 | 누적    228행 | 14컬럼
2026-09-11 04:38:52,541 [INFO]    parking                   | 신규     6행 | 누적     12행 | 21컬럼
2026-09-11 04:38:52,541 [INFO]    parking_prk_stts          | 신규  1832행 | 누적   3664행 | 21컬럼
2026-09-11 04:38:52,541 [INFO]    ppltn                     | 신규   121행 | 누적    242행 | 26컬럼
2026-09-11 04:38:52,541 [INFO]    road                      | 신규   121행 | 누적    242행 | 21컬럼
2026-09-11 04:38:52,541 [INFO]    road_road_traffic_stts    | 신규  5297행 | 누적  10594행 | 17컬럼
2026-09-11 04:38:52,541 [INFO]    subway                    | 신규    38행 | 누적     76행 | 13컬럼
2026-09-11 04:38:52,541 [INFO]    subway_sub_stts           | 신규   183행 | 누적    366행 | 13컬럼
2026-09-11 04:38:52,541 [INFO]    weather                   | 신규   119행 | 누적    238행 | 29컬럼
2026-09-11 04:38:52,541 [INFO] 키별 사용량:
2026-09-11 04:38:52,541 [INFO]    🟢 KEY_1 (31/1000) 
2026-09-11 04:38:52,541 [INFO]    🟢 KEY_2 (30/1000) 
2026-09-11 04:38:52,542 [INFO]    🟢 KEY_3 (30/1000) 
2026-09-11 04:38:52,542 [INFO]    🟢 KEY_4 (30/1000) 
