2026-10-06 00:55:50,526 [INFO] 등록된 키: 4개, 합산 한도 4,000건/일
2026-10-06 00:55:50,527 [INFO] POI 로드: 매뉴얼 v8.5 기준 fallback 121개 (121개 전체)
2026-10-06 00:55:50,527 [INFO] === 수집 시작 2026-10-06T00:55:50.527573+09:00 ===
2026-10-06 00:55:50,527 [INFO] 대상 장소: 121개 | API: citydata (통합)
2026-10-06 00:55:50,527 [INFO] 키 풀: 4/4 활성 | 오늘 사용 0/4000건
2026-10-06 00:55:50,527 [INFO]   [KEY_1] 담당 31장소
2026-10-06 00:55:50,527 [INFO]   [KEY_2] 담당 30장소
2026-10-06 00:55:50,527 [INFO]   [KEY_3] 담당 30장소
2026-10-06 00:55:50,528 [INFO]   [KEY_4] 담당 30장소
2026-10-06 00:55:50,528 [INFO] [1/121] 경복궁 (primary=KEY_1)
2026-10-06 00:55:52,139 [INFO] [2/121] 광화문·덕수궁 (primary=KEY_2)
2026-10-06 00:55:54,156 [INFO] [3/121] 보신각 (primary=KEY_3)
2026-10-06 00:55:56,031 [INFO] [4/121] 서울 암사동 유적 (primary=KEY_4)
2026-10-06 00:55:57,105 [INFO] [5/121] 창덕궁·종묘 (primary=KEY_1)
2026-10-06 00:55:58,942 [INFO] [6/121] 강남 MICE 관광특구 (primary=KEY_2)
2026-10-06 00:56:00,046 [INFO] [7/121] 동대문 관광특구 (primary=KEY_3)
2026-10-06 00:56:01,843 [INFO] [8/121] 명동 관광특구 (primary=KEY_4)
2026-10-06 00:56:03,903 [INFO] [9/121] 이태원 관광특구 (primary=KEY_1)
2026-10-06 00:56:05,007 [INFO] [10/121] 잠실 관광특구 (primary=KEY_2)
2026-10-06 00:56:06,387 [INFO] [11/121] 종로·청계 관광특구 (primary=KEY_3)
2026-10-06 00:56:07,629 [INFO] [12/121] 홍대 관광특구 (primary=KEY_4)
2026-10-06 00:56:09,013 [INFO] [13/121] 강서한강공원 (primary=KEY_1)
2026-10-06 00:56:10,710 [INFO] [14/121] 고척돔 (primary=KEY_2)
2026-10-06 00:56:11,668 [INFO] [15/121] 광나루한강공원 (primary=KEY_3)
2026-10-06 00:56:13,373 [INFO] [16/121] 광화문광장 (primary=KEY_4)
2026-10-06 00:56:15,097 [INFO] [17/121] 국립중앙박물관·용산가족공원 (primary=KEY_1)
2026-10-06 00:56:16,045 [INFO] [18/121] 난지한강공원 (primary=KEY_2)
2026-10-06 00:56:17,626 [INFO] [19/121] 남산공원 (primary=KEY_3)
2026-10-06 00:56:18,857 [INFO] [20/121] 노들섬 (primary=KEY_4)
2026-10-06 00:56:19,799 [INFO] [21/121] 뚝섬한강공원 (primary=KEY_1)
2026-10-06 00:56:20,770 [INFO] [22/121] 망원한강공원 (primary=KEY_2)
2026-10-06 00:56:22,267 [INFO] [23/121] 반포한강공원 (primary=KEY_3)
2026-10-06 00:56:23,215 [INFO] [24/121] 보라매공원 (primary=KEY_4)
2026-10-06 00:56:24,943 [INFO] [25/121] 북서울꿈의숲 (primary=KEY_1)
2026-10-06 00:56:26,015 [INFO] [26/121] 서대문독립공원 (primary=KEY_2)
2026-10-06 00:56:27,002 [INFO] [27/121] 서리풀공원·몽마르뜨공원 (primary=KEY_3)
2026-10-06 00:56:28,604 [INFO] [28/121] 서울대공원 (primary=KEY_4)
2026-10-06 00:56:29,551 [INFO] [29/121] 서울숲공원 (primary=KEY_1)
2026-10-06 00:56:30,668 [INFO] [30/121] 송현녹지광장 (primary=KEY_2)
2026-10-06 00:56:31,761 [INFO] [31/121] 아차산 (primary=KEY_3)
2026-10-06 00:56:32,721 [INFO] [32/121] 안양천 (primary=KEY_4)
2026-10-06 00:56:33,685 [INFO] [33/121] 양화한강공원 (primary=KEY_1)
2026-10-06 00:56:34,629 [INFO] [34/121] 어린이대공원 (primary=KEY_2)
2026-10-06 00:56:35,727 [INFO] [35/121] 여의도한강공원 (primary=KEY_3)
2026-10-06 00:56:36,935 [INFO] [36/121] 여의서로 (primary=KEY_4)
2026-10-06 00:56:38,002 [INFO] [37/121] 올림픽공원 (primary=KEY_1)
2026-10-06 00:56:39,113 [INFO] [38/121] 월드컵공원 (primary=KEY_2)
2026-10-06 00:56:40,347 [INFO] [39/121] 응봉산 (primary=KEY_3)
2026-10-06 00:56:41,423 [INFO] [40/121] 이촌한강공원 (primary=KEY_4)
2026-10-06 00:56:42,374 [INFO] [41/121] 잠실종합운동장 (primary=KEY_1)
2026-10-06 00:56:43,325 [INFO] [42/121] 잠실한강공원 (primary=KEY_2)
2026-10-06 00:56:44,304 [INFO] [43/121] 잠원한강공원 (primary=KEY_3)
2026-10-06 00:56:45,352 [INFO] [44/121] 청계산 (primary=KEY_4)
2026-10-06 00:56:46,300 [INFO] [45/121] 홍제폭포 (primary=KEY_1)
2026-10-06 00:56:47,253 [INFO] [46/121] 가락시장 (primary=KEY_2)
2026-10-06 00:56:49,119 [INFO] [47/121] 가로수길 (primary=KEY_3)
2026-10-06 00:56:50,238 [INFO] [48/121] 광장(전통)시장 (primary=KEY_4)
2026-10-06 00:56:51,211 [INFO] [49/121] 김포공항 (primary=KEY_1)
2026-10-06 00:56:52,445 [INFO] [50/121] 남대문시장 (primary=KEY_2)
2026-10-06 00:56:53,533 [INFO] [51/121] 노량진 (primary=KEY_3)
2026-10-06 00:56:54,629 [INFO] [52/121] 덕수궁길·정동길 (primary=KEY_4)
2026-10-06 00:56:55,732 [INFO] [53/121] 북창동 먹자골목 (primary=KEY_1)
2026-10-06 00:56:56,816 [INFO] [54/121] 북촌한옥마을 (primary=KEY_2)
2026-10-06 00:56:58,034 [INFO] [55/121] 서촌 (primary=KEY_3)
2026-10-06 00:56:59,123 [INFO] [56/121] 성수카페거리 (primary=KEY_4)
2026-10-06 00:57:00,351 [INFO] [57/121] 송리단길·호수단길 (primary=KEY_1)
2026-10-06 00:57:01,458 [INFO] [58/121] 신촌 스타광장 (primary=KEY_2)
2026-10-06 00:57:02,423 [INFO] [59/121] 압구정로데오거리 (primary=KEY_3)
2026-10-06 00:57:03,523 [INFO] [60/121] 여의도 (primary=KEY_4)
2026-10-06 00:57:06,257 [INFO] [61/121] 연남동 (primary=KEY_1)
2026-10-06 00:57:07,342 [INFO] [62/121] 영등포 타임스퀘어 (primary=KEY_2)
2026-10-06 00:57:08,430 [INFO] [63/121] 용리단길 (primary=KEY_3)
2026-10-06 00:57:09,414 [INFO] [64/121] 이태원 앤틱가구거리 (primary=KEY_4)
2026-10-06 00:57:10,378 [INFO] [65/121] 익선동 (primary=KEY_1)
2026-10-06 00:57:11,495 [INFO] [66/121] 인사동 (primary=KEY_2)
2026-10-06 00:57:12,718 [INFO] [67/121] 잠실롯데타워·석촌호수 (primary=KEY_3)
2026-10-06 00:57:14,093 [INFO] [68/121] 창동 신경제 중심지 (primary=KEY_4)
2026-10-06 00:57:15,452 [INFO] [69/121] 청담동 명품거리 (primary=KEY_1)
2026-10-06 00:57:16,540 [INFO] [70/121] 청량리 제기동 일대 전통시장 (primary=KEY_2)
2026-10-06 00:57:17,667 [INFO] [71/121] 해방촌·경리단길 (primary=KEY_3)
2026-10-06 00:57:18,628 [INFO] [72/121] DDP(동대문디자인플라자) (primary=KEY_4)
2026-10-06 00:57:19,779 [INFO] [73/121] DMC(디지털미디어시티) (primary=KEY_1)
2026-10-06 00:57:21,144 [INFO] [74/121] 가산디지털단지역 (primary=KEY_2)
2026-10-06 00:57:22,631 [INFO] [75/121] 강남역 (primary=KEY_3)
2026-10-06 00:57:23,883 [INFO] [76/121] 건대입구역 (primary=KEY_4)
2026-10-06 00:57:24,986 [INFO] [77/121] 고덕역 (primary=KEY_1)
2026-10-06 00:57:26,076 [INFO] [78/121] 고속터미널역 (primary=KEY_2)
2026-10-06 00:57:27,173 [INFO] [79/121] 교대역 (primary=KEY_3)
2026-10-06 00:57:28,145 [INFO] [80/121] 구로디지털단지역 (primary=KEY_4)
2026-10-06 00:57:29,492 [INFO] [81/121] 구로역 (primary=KEY_1)
2026-10-06 00:57:30,580 [INFO] [82/121] 군자역 (primary=KEY_2)
2026-10-06 00:57:31,675 [INFO] [83/121] 대림역 (primary=KEY_3)
2026-10-06 00:57:32,787 [INFO] [84/121] 동대문역 (primary=KEY_4)
2026-10-06 00:57:33,890 [INFO] [85/121] 뚝섬역 (primary=KEY_1)
2026-10-06 00:57:34,999 [INFO] [86/121] 미아사거리역 (primary=KEY_2)
2026-10-06 00:57:36,098 [INFO] [87/121] 발산역 (primary=KEY_3)
2026-10-06 00:57:37,458 [INFO] [88/121] 사당역 (primary=KEY_4)
2026-10-06 00:57:38,557 [INFO] [89/121] 삼각지역 (primary=KEY_1)
2026-10-06 00:57:39,529 [INFO] [90/121] 서울대입구역 (primary=KEY_2)
2026-10-06 00:57:40,630 [INFO] [91/121] 서울식물원·마곡나루역 (primary=KEY_3)
2026-10-06 00:57:41,851 [INFO] [92/121] 서울역 (primary=KEY_4)
2026-10-06 00:57:43,081 [INFO] [93/121] 선릉역 (primary=KEY_1)
2026-10-06 00:57:44,442 [INFO] [94/121] 성신여대입구역 (primary=KEY_2)
2026-10-06 00:57:45,414 [INFO] [95/121] 수유역 (primary=KEY_3)
2026-10-06 00:57:46,500 [INFO] [96/121] 숭례문 (primary=KEY_4)
2026-10-06 00:57:47,601 [INFO] [97/121] 시의회 앞 (primary=KEY_1)
2026-10-06 00:57:48,690 [INFO] [98/121] 신논현역·논현역 (primary=KEY_2)
2026-10-06 00:57:49,795 [INFO] [99/121] 신도림역 (primary=KEY_3)
2026-10-06 00:57:50,754 [INFO] [100/121] 신림역 (primary=KEY_4)
2026-10-06 00:57:51,748 [INFO] [101/121] 신정네거리역 (primary=KEY_1)
2026-10-06 00:57:52,835 [INFO] [102/121] 신촌·이대역 (primary=KEY_2)
2026-10-06 00:57:53,942 [INFO] [103/121] 쌍문역 (primary=KEY_3)
2026-10-06 00:57:55,152 [INFO] [104/121] 양재역 (primary=KEY_4)
2026-10-06 00:57:56,255 [INFO] [105/121] 역삼역 (primary=KEY_1)
2026-10-06 00:57:57,477 [INFO] [106/121] 연신내역 (primary=KEY_2)
2026-10-06 00:57:58,473 [INFO] [107/121] 오목교역·목동운동장 (primary=KEY_3)
2026-10-06 00:57:59,970 [INFO] [108/121] 왕십리역 (primary=KEY_4)
2026-10-06 00:58:01,103 [INFO] [109/121] 용산역 (primary=KEY_1)
2026-10-06 00:58:02,327 [INFO] [110/121] 이태원역 (primary=KEY_2)
2026-10-06 00:58:03,300 [INFO] [111/121] 잠실새내역 (primary=KEY_3)
2026-10-06 00:58:04,390 [INFO] [112/121] 잠실역 (primary=KEY_4)
2026-10-06 00:58:05,754 [INFO] [113/121] 장지역 (primary=KEY_1)
2026-10-06 00:58:06,997 [INFO] [114/121] 장한평역 (primary=KEY_2)
2026-10-06 00:58:08,093 [INFO] [115/121] 천호역 (primary=KEY_3)
2026-10-06 00:58:09,211 [INFO] [116/121] 총신대입구(이수)역 (primary=KEY_4)
2026-10-06 00:58:10,321 [INFO] [117/121] 충정로역 (primary=KEY_1)
2026-10-06 00:58:11,418 [INFO] [118/121] 합정역 (primary=KEY_2)
2026-10-06 00:58:12,538 [INFO] [119/121] 혜화역 (primary=KEY_3)
2026-10-06 00:58:13,619 [INFO] [120/121] 홍대입구역(2호선) (primary=KEY_4)
2026-10-06 00:58:15,018 [INFO] [121/121] 회기역 (primary=KEY_1)
2026-10-06 00:58:16,813 [INFO] === 수집 완료 | 성공 121, 실패 0 ===
2026-10-06 00:58:16,814 [INFO] 카테고리별 저장 결과:
2026-10-06 00:58:16,814 [INFO]    accident                  | 신규     2행 | 누적      2행 | 16컬럼
2026-10-06 00:58:16,814 [INFO]    area_meta                 | 신규   121행 | 누적    121행 | 5컬럼
2026-10-06 00:58:16,814 [INFO]    bike                      | 신규    11행 | 누적     11행 | 12컬럼
2026-10-06 00:58:16,814 [INFO]    bike_sbike_stts           | 신규   573행 | 누적    573행 | 12컬럼
2026-10-06 00:58:16,814 [INFO]    bus                       | 신규     3행 | 누적      3행 | 11컬럼
2026-10-06 00:58:16,814 [INFO]    bus_bus_stn_stts          | 신규  1745행 | 누적   1745행 | 11컬럼
2026-10-06 00:58:16,814 [INFO]    charger                   | 신규     4행 | 누적      4행 | 15컬럼
2026-10-06 00:58:16,814 [INFO]    charger_charger_stts      | 신규  1926행 | 누적   1926행 | 15컬럼
2026-10-06 00:58:16,814 [INFO]    cmrcl                     | 신규    82행 | 누적     82행 | 20컬럼
2026-10-06 00:58:16,814 [INFO]    events                    | 신규    13행 | 누적     13행 | 14컬럼
2026-10-06 00:58:16,814 [INFO]    events_event_stts         | 신규    61행 | 누적     61행 | 14컬럼
2026-10-06 00:58:16,814 [INFO]    parking                   | 신규     6행 | 누적      6행 | 21컬럼
2026-10-06 00:58:16,814 [INFO]    parking_prk_stts          | 신규  1832행 | 누적   1832행 | 21컬럼
2026-10-06 00:58:16,814 [INFO]    ppltn                     | 신규   121행 | 누적    121행 | 26컬럼
2026-10-06 00:58:16,814 [INFO]    road                      | 신규   121행 | 누적    121행 | 21컬럼
2026-10-06 00:58:16,815 [INFO]    road_road_traffic_stts    | 신규  5304행 | 누적   5304행 | 17컬럼
2026-10-06 00:58:16,815 [INFO]    subway                    | 신규    38행 | 누적     38행 | 13컬럼
2026-10-06 00:58:16,815 [INFO]    subway_sub_stts           | 신규   183행 | 누적    183행 | 13컬럼
2026-10-06 00:58:16,815 [INFO]    weather                   | 신규   119행 | 누적    119행 | 29컬럼
2026-10-06 00:58:16,815 [INFO] 키별 사용량:
2026-10-06 00:58:16,815 [INFO]    🟢 KEY_1 (31/1000) 
2026-10-06 00:58:16,815 [INFO]    🟢 KEY_2 (30/1000) 
2026-10-06 00:58:16,815 [INFO]    🟢 KEY_3 (30/1000) 
2026-10-06 00:58:16,815 [INFO]    🟢 KEY_4 (30/1000) 
