2026-09-18 01:53:34,107 [INFO] 등록된 키: 4개, 합산 한도 4,000건/일
2026-09-18 01:53:34,107 [INFO] POI 로드: 매뉴얼 v8.5 기준 fallback 121개 (121개 전체)
2026-09-18 01:53:34,107 [INFO] === 수집 시작 2026-09-18T01:53:34.107652+09:00 ===
2026-09-18 01:53:34,107 [INFO] 대상 장소: 121개 | API: citydata (통합)
2026-09-18 01:53:34,107 [INFO] 키 풀: 4/4 활성 | 오늘 사용 0/4000건
2026-09-18 01:53:34,107 [INFO]   [KEY_1] 담당 31장소
2026-09-18 01:53:34,107 [INFO]   [KEY_2] 담당 30장소
2026-09-18 01:53:34,107 [INFO]   [KEY_3] 담당 30장소
2026-09-18 01:53:34,107 [INFO]   [KEY_4] 담당 30장소
2026-09-18 01:53:34,107 [INFO] [1/121] 경복궁 (primary=KEY_1)
2026-09-18 01:53:36,213 [INFO] [2/121] 광화문·덕수궁 (primary=KEY_2)
2026-09-18 01:53:38,437 [INFO] [3/121] 보신각 (primary=KEY_3)
2026-09-18 01:53:40,327 [INFO] [4/121] 서울 암사동 유적 (primary=KEY_4)
2026-09-18 01:53:42,027 [INFO] [5/121] 창덕궁·종묘 (primary=KEY_1)
2026-09-18 01:53:44,202 [INFO] [6/121] 강남 MICE 관광특구 (primary=KEY_2)
2026-09-18 01:53:46,237 [INFO] [7/121] 동대문 관광특구 (primary=KEY_3)
2026-09-18 01:53:47,710 [INFO] [8/121] 명동 관광특구 (primary=KEY_4)
2026-09-18 01:53:49,965 [INFO] [9/121] 이태원 관광특구 (primary=KEY_1)
2026-09-18 01:53:52,020 [INFO] [10/121] 잠실 관광특구 (primary=KEY_2)
2026-09-18 01:53:54,306 [INFO] [11/121] 종로·청계 관광특구 (primary=KEY_3)
2026-09-18 01:53:55,745 [INFO] [12/121] 홍대 관광특구 (primary=KEY_4)
2026-09-18 01:53:57,220 [INFO] [13/121] 강서한강공원 (primary=KEY_1)
2026-09-18 01:53:59,228 [INFO] [14/121] 고척돔 (primary=KEY_2)
2026-09-18 01:54:00,284 [INFO] [15/121] 광나루한강공원 (primary=KEY_3)
2026-09-18 01:54:02,132 [INFO] [16/121] 광화문광장 (primary=KEY_4)
2026-09-18 01:54:03,366 [INFO] [17/121] 국립중앙박물관·용산가족공원 (primary=KEY_1)
2026-09-18 01:54:05,396 [INFO] [18/121] 난지한강공원 (primary=KEY_2)
2026-09-18 01:54:06,457 [INFO] [19/121] 남산공원 (primary=KEY_3)
2026-09-18 01:54:07,858 [INFO] [20/121] 노들섬 (primary=KEY_4)
2026-09-18 01:54:09,881 [INFO] [21/121] 뚝섬한강공원 (primary=KEY_1)
2026-09-18 01:54:11,584 [INFO] [22/121] 망원한강공원 (primary=KEY_2)
2026-09-18 01:54:13,469 [INFO] [23/121] 반포한강공원 (primary=KEY_3)
2026-09-18 01:54:15,199 [INFO] [24/121] 보라매공원 (primary=KEY_4)
2026-09-18 01:54:17,053 [INFO] [25/121] 북서울꿈의숲 (primary=KEY_1)
2026-09-18 01:54:19,236 [INFO] [26/121] 서대문독립공원 (primary=KEY_2)
2026-09-18 01:54:20,994 [INFO] [27/121] 서리풀공원·몽마르뜨공원 (primary=KEY_3)
2026-09-18 01:54:22,887 [INFO] [28/121] 서울대공원 (primary=KEY_4)
2026-09-18 01:54:24,573 [INFO] [29/121] 서울숲공원 (primary=KEY_1)
2026-09-18 01:54:25,793 [INFO] [30/121] 송현녹지광장 (primary=KEY_2)
2026-09-18 01:54:27,029 [INFO] [31/121] 아차산 (primary=KEY_3)
2026-09-18 01:54:28,737 [INFO] [32/121] 안양천 (primary=KEY_4)
2026-09-18 01:54:30,361 [INFO] [33/121] 양화한강공원 (primary=KEY_1)
2026-09-18 01:54:31,405 [INFO] [34/121] 어린이대공원 (primary=KEY_2)
2026-09-18 01:54:32,645 [INFO] [35/121] 여의도한강공원 (primary=KEY_3)
2026-09-18 01:54:34,506 [INFO] [36/121] 여의서로 (primary=KEY_4)
2026-09-18 01:54:36,543 [INFO] [37/121] 올림픽공원 (primary=KEY_1)
2026-09-18 01:54:37,818 [INFO] [38/121] 월드컵공원 (primary=KEY_2)
2026-09-18 01:54:39,237 [INFO] [39/121] 응봉산 (primary=KEY_3)
2026-09-18 01:54:40,463 [INFO] [40/121] 이촌한강공원 (primary=KEY_4)
2026-09-18 01:54:42,475 [INFO] [41/121] 잠실종합운동장 (primary=KEY_1)
2026-09-18 01:54:43,542 [INFO] [42/121] 잠실한강공원 (primary=KEY_2)
2026-09-18 01:54:44,626 [INFO] [43/121] 잠원한강공원 (primary=KEY_3)
2026-09-18 01:54:45,678 [INFO] [44/121] 청계산 (primary=KEY_4)
2026-09-18 01:54:46,745 [INFO] [45/121] 홍제폭포 (primary=KEY_1)
2026-09-18 01:54:48,784 [INFO] [46/121] 가락시장 (primary=KEY_2)
2026-09-18 01:54:50,036 [INFO] [47/121] 가로수길 (primary=KEY_3)
2026-09-18 01:54:51,305 [INFO] [48/121] 광장(전통)시장 (primary=KEY_4)
2026-09-18 01:54:52,373 [INFO] [49/121] 김포공항 (primary=KEY_1)
2026-09-18 01:54:53,766 [INFO] [50/121] 남대문시장 (primary=KEY_2)
2026-09-18 01:54:54,980 [INFO] [51/121] 노량진 (primary=KEY_3)
2026-09-18 01:54:56,197 [INFO] [52/121] 덕수궁길·정동길 (primary=KEY_4)
2026-09-18 01:54:57,428 [INFO] [53/121] 북창동 먹자골목 (primary=KEY_1)
2026-09-18 01:54:59,323 [INFO] [54/121] 북촌한옥마을 (primary=KEY_2)
2026-09-18 01:55:01,366 [INFO] [55/121] 서촌 (primary=KEY_3)
2026-09-18 01:55:03,307 [INFO] [56/121] 성수카페거리 (primary=KEY_4)
2026-09-18 01:55:04,752 [INFO] [57/121] 송리단길·호수단길 (primary=KEY_1)
2026-09-18 01:55:05,978 [INFO] [58/121] 신촌 스타광장 (primary=KEY_2)
2026-09-18 01:55:07,042 [INFO] [59/121] 압구정로데오거리 (primary=KEY_3)
2026-09-18 01:55:08,870 [INFO] [60/121] 여의도 (primary=KEY_4)
2026-09-18 01:55:10,787 [INFO] [61/121] 연남동 (primary=KEY_1)
2026-09-18 01:55:12,005 [INFO] [62/121] 영등포 타임스퀘어 (primary=KEY_2)
2026-09-18 01:55:13,218 [INFO] [63/121] 용리단길 (primary=KEY_3)
2026-09-18 01:55:14,297 [INFO] [64/121] 이태원 앤틱가구거리 (primary=KEY_4)
2026-09-18 01:55:15,366 [INFO] [65/121] 익선동 (primary=KEY_1)
2026-09-18 01:55:16,661 [INFO] [66/121] 인사동 (primary=KEY_2)
2026-09-18 01:55:18,033 [INFO] [67/121] 잠실롯데타워·석촌호수 (primary=KEY_3)
2026-09-18 01:55:19,603 [INFO] [68/121] 창동 신경제 중심지 (primary=KEY_4)
2026-09-18 01:55:21,155 [INFO] [69/121] 청담동 명품거리 (primary=KEY_1)
2026-09-18 01:55:22,363 [INFO] [70/121] 청량리 제기동 일대 전통시장 (primary=KEY_2)
2026-09-18 01:55:23,622 [INFO] [71/121] 해방촌·경리단길 (primary=KEY_3)
2026-09-18 01:55:24,662 [INFO] [72/121] DDP(동대문디자인플라자) (primary=KEY_4)
2026-09-18 01:55:25,885 [INFO] [73/121] DMC(디지털미디어시티) (primary=KEY_1)
2026-09-18 01:55:27,460 [INFO] [74/121] 가산디지털단지역 (primary=KEY_2)
2026-09-18 01:55:29,173 [INFO] [75/121] 강남역 (primary=KEY_3)
2026-09-18 01:55:31,429 [INFO] [76/121] 건대입구역 (primary=KEY_4)
2026-09-18 01:55:32,670 [INFO] [77/121] 고덕역 (primary=KEY_1)
2026-09-18 01:55:33,899 [INFO] [78/121] 고속터미널역 (primary=KEY_2)
2026-09-18 01:55:35,129 [INFO] [79/121] 교대역 (primary=KEY_3)
2026-09-18 01:55:36,212 [INFO] [80/121] 구로디지털단지역 (primary=KEY_4)
2026-09-18 01:55:37,778 [INFO] [81/121] 구로역 (primary=KEY_1)
2026-09-18 01:55:39,805 [INFO] [82/121] 군자역 (primary=KEY_2)
2026-09-18 01:55:40,896 [INFO] [83/121] 대림역 (primary=KEY_3)
2026-09-18 01:55:42,118 [INFO] [84/121] 동대문역 (primary=KEY_4)
2026-09-18 01:55:43,355 [INFO] [85/121] 뚝섬역 (primary=KEY_1)
2026-09-18 01:55:44,598 [INFO] [86/121] 미아사거리역 (primary=KEY_2)
2026-09-18 01:55:45,870 [INFO] [87/121] 발산역 (primary=KEY_3)
2026-09-18 01:55:48,215 [INFO] [88/121] 사당역 (primary=KEY_4)
2026-09-18 01:55:49,448 [INFO] [89/121] 삼각지역 (primary=KEY_1)
2026-09-18 01:55:50,524 [INFO] [90/121] 서울대입구역 (primary=KEY_2)
2026-09-18 01:55:51,757 [INFO] [91/121] 서울식물원·마곡나루역 (primary=KEY_3)
2026-09-18 01:55:53,143 [INFO] [92/121] 서울역 (primary=KEY_4)
2026-09-18 01:55:54,422 [INFO] [93/121] 선릉역 (primary=KEY_1)
2026-09-18 01:55:56,793 [INFO] [94/121] 성신여대입구역 (primary=KEY_2)
2026-09-18 01:55:57,894 [INFO] [95/121] 수유역 (primary=KEY_3)
2026-09-18 01:55:59,115 [INFO] [96/121] 숭례문 (primary=KEY_4)
2026-09-18 01:56:00,344 [INFO] [97/121] 시의회 앞 (primary=KEY_1)
2026-09-18 01:56:01,591 [INFO] [98/121] 신논현역·논현역 (primary=KEY_2)
2026-09-18 01:56:02,841 [INFO] [99/121] 신도림역 (primary=KEY_3)
2026-09-18 01:56:03,898 [INFO] [100/121] 신림역 (primary=KEY_4)
2026-09-18 01:56:04,981 [INFO] [101/121] 신정네거리역 (primary=KEY_1)
2026-09-18 01:56:06,220 [INFO] [102/121] 신촌·이대역 (primary=KEY_2)
2026-09-18 01:56:07,455 [INFO] [103/121] 쌍문역 (primary=KEY_3)
2026-09-18 01:56:08,681 [INFO] [104/121] 양재역 (primary=KEY_4)
2026-09-18 01:56:09,899 [INFO] [105/121] 역삼역 (primary=KEY_1)
2026-09-18 01:56:11,284 [INFO] [106/121] 연신내역 (primary=KEY_2)
2026-09-18 01:56:12,350 [INFO] [107/121] 오목교역·목동운동장 (primary=KEY_3)
2026-09-18 01:56:14,110 [INFO] [108/121] 왕십리역 (primary=KEY_4)
2026-09-18 01:56:15,349 [INFO] [109/121] 용산역 (primary=KEY_1)
2026-09-18 01:56:16,740 [INFO] [110/121] 이태원역 (primary=KEY_2)
2026-09-18 01:56:17,801 [INFO] [111/121] 잠실새내역 (primary=KEY_3)
2026-09-18 01:56:19,010 [INFO] [112/121] 잠실역 (primary=KEY_4)
2026-09-18 01:56:20,512 [INFO] [113/121] 장지역 (primary=KEY_1)
2026-09-18 01:56:21,952 [INFO] [114/121] 장한평역 (primary=KEY_2)
2026-09-18 01:56:23,197 [INFO] [115/121] 천호역 (primary=KEY_3)
2026-09-18 01:56:24,454 [INFO] [116/121] 총신대입구(이수)역 (primary=KEY_4)
2026-09-18 01:56:25,700 [INFO] [117/121] 충정로역 (primary=KEY_1)
2026-09-18 01:56:26,932 [INFO] [118/121] 합정역 (primary=KEY_2)
2026-09-18 01:56:28,173 [INFO] [119/121] 혜화역 (primary=KEY_3)
2026-09-18 01:56:29,398 [INFO] [120/121] 홍대입구역(2호선) (primary=KEY_4)
2026-09-18 01:56:30,632 [INFO] [121/121] 회기역 (primary=KEY_1)
2026-09-18 01:56:32,080 [INFO] === 수집 완료 | 성공 121, 실패 0 ===
2026-09-18 01:56:32,081 [INFO] 카테고리별 저장 결과:
2026-09-18 01:56:32,081 [INFO]    accident                  | 신규     2행 | 누적      2행 | 16컬럼
2026-09-18 01:56:32,081 [INFO]    area_meta                 | 신규   121행 | 누적    121행 | 5컬럼
2026-09-18 01:56:32,081 [INFO]    bike                      | 신규    10행 | 누적     10행 | 12컬럼
2026-09-18 01:56:32,081 [INFO]    bike_sbike_stts           | 신규   572행 | 누적    572행 | 12컬럼
2026-09-18 01:56:32,081 [INFO]    bus                       | 신규     3행 | 누적      3행 | 11컬럼
2026-09-18 01:56:32,081 [INFO]    bus_bus_stn_stts          | 신규  1745행 | 누적   1745행 | 11컬럼
2026-09-18 01:56:32,081 [INFO]    charger                   | 신규     4행 | 누적      4행 | 15컬럼
2026-09-18 01:56:32,081 [INFO]    charger_charger_stts      | 신규  1916행 | 누적   1916행 | 15컬럼
2026-09-18 01:56:32,081 [INFO]    cmrcl                     | 신규    82행 | 누적     82행 | 20컬럼
2026-09-18 01:56:32,081 [INFO]    events                    | 신규    16행 | 누적     16행 | 14컬럼
2026-09-18 01:56:32,081 [INFO]    events_event_stts         | 신규   127행 | 누적    127행 | 14컬럼
2026-09-18 01:56:32,081 [INFO]    parking                   | 신규     6행 | 누적      6행 | 21컬럼
2026-09-18 01:56:32,081 [INFO]    parking_prk_stts          | 신규  1832행 | 누적   1832행 | 21컬럼
2026-09-18 01:56:32,081 [INFO]    ppltn                     | 신규   121행 | 누적    121행 | 26컬럼
2026-09-18 01:56:32,081 [INFO]    road                      | 신규   121행 | 누적    121행 | 21컬럼
2026-09-18 01:56:32,081 [INFO]    road_road_traffic_stts    | 신규  5298행 | 누적   5298행 | 17컬럼
2026-09-18 01:56:32,081 [INFO]    subway                    | 신규    38행 | 누적     38행 | 12컬럼
2026-09-18 01:56:32,081 [INFO]    subway_sub_stts           | 신규   183행 | 누적    183행 | 13컬럼
2026-09-18 01:56:32,081 [INFO]    weather                   | 신규   119행 | 누적    119행 | 29컬럼
2026-09-18 01:56:32,081 [INFO] 키별 사용량:
2026-09-18 01:56:32,081 [INFO]    🟢 KEY_1 (31/1000) 
2026-09-18 01:56:32,081 [INFO]    🟢 KEY_2 (30/1000) 
2026-09-18 01:56:32,081 [INFO]    🟢 KEY_3 (30/1000) 
2026-09-18 01:56:32,081 [INFO]    🟢 KEY_4 (30/1000) 
2026-09-18 08:32:31,475 [INFO] 등록된 키: 4개, 합산 한도 4,000건/일
2026-09-18 08:32:31,475 [INFO] POI 로드: 매뉴얼 v8.5 기준 fallback 121개 (121개 전체)
2026-09-18 08:32:31,476 [INFO] === 수집 시작 2026-09-18T08:32:31.476017+09:00 ===
2026-09-18 08:32:31,476 [INFO] 대상 장소: 121개 | API: citydata (통합)
2026-09-18 08:32:31,476 [INFO] 키 풀: 4/4 활성 | 오늘 사용 0/4000건
2026-09-18 08:32:31,476 [INFO]   [KEY_1] 담당 31장소
2026-09-18 08:32:31,476 [INFO]   [KEY_2] 담당 30장소
2026-09-18 08:32:31,476 [INFO]   [KEY_3] 담당 30장소
2026-09-18 08:32:31,476 [INFO]   [KEY_4] 담당 30장소
2026-09-18 08:32:31,476 [INFO] [1/121] 경복궁 (primary=KEY_1)
2026-09-18 08:32:33,914 [INFO] [2/121] 광화문·덕수궁 (primary=KEY_2)
2026-09-18 08:32:36,700 [INFO] [3/121] 보신각 (primary=KEY_3)
2026-09-18 08:32:38,172 [INFO] [4/121] 서울 암사동 유적 (primary=KEY_4)
2026-09-18 08:32:40,000 [INFO] [5/121] 창덕궁·종묘 (primary=KEY_1)
2026-09-18 08:32:42,048 [INFO] [6/121] 강남 MICE 관광특구 (primary=KEY_2)
2026-09-18 08:32:43,358 [INFO] [7/121] 동대문 관광특구 (primary=KEY_3)
2026-09-18 08:32:45,992 [INFO] [8/121] 명동 관광특구 (primary=KEY_4)
2026-09-18 08:32:48,468 [INFO] [9/121] 이태원 관광특구 (primary=KEY_1)
2026-09-18 08:32:50,944 [INFO] [10/121] 잠실 관광특구 (primary=KEY_2)
2026-09-18 08:32:53,617 [INFO] [11/121] 종로·청계 관광특구 (primary=KEY_3)
2026-09-18 08:32:56,058 [INFO] [12/121] 홍대 관광특구 (primary=KEY_4)
2026-09-18 08:32:58,564 [INFO] [13/121] 강서한강공원 (primary=KEY_1)
2026-09-18 08:32:59,670 [INFO] [14/121] 고척돔 (primary=KEY_2)
2026-09-18 08:33:00,780 [INFO] [15/121] 광나루한강공원 (primary=KEY_3)
2026-09-18 08:33:02,053 [INFO] [16/121] 광화문광장 (primary=KEY_4)
2026-09-18 08:33:04,450 [INFO] [17/121] 국립중앙박물관·용산가족공원 (primary=KEY_1)
2026-09-18 08:33:06,690 [INFO] [18/121] 난지한강공원 (primary=KEY_2)
2026-09-18 08:33:08,543 [INFO] [19/121] 남산공원 (primary=KEY_3)
2026-09-18 08:33:11,127 [INFO] [20/121] 노들섬 (primary=KEY_4)
2026-09-18 08:33:12,965 [INFO] [21/121] 뚝섬한강공원 (primary=KEY_1)
2026-09-18 08:33:14,858 [INFO] [22/121] 망원한강공원 (primary=KEY_2)
2026-09-18 08:33:16,152 [INFO] [23/121] 반포한강공원 (primary=KEY_3)
2026-09-18 08:33:18,010 [INFO] [24/121] 보라매공원 (primary=KEY_4)
2026-09-18 08:33:19,135 [INFO] [25/121] 북서울꿈의숲 (primary=KEY_1)
2026-09-18 08:33:21,355 [INFO] [26/121] 서대문독립공원 (primary=KEY_2)
2026-09-18 08:33:23,243 [INFO] [27/121] 서리풀공원·몽마르뜨공원 (primary=KEY_3)
2026-09-18 08:33:25,303 [INFO] [28/121] 서울대공원 (primary=KEY_4)
2026-09-18 08:33:26,413 [INFO] [29/121] 서울숲공원 (primary=KEY_1)
2026-09-18 08:33:28,476 [INFO] [30/121] 송현녹지광장 (primary=KEY_2)
2026-09-18 08:33:31,771 [INFO] [31/121] 아차산 (primary=KEY_3)
2026-09-18 08:33:33,592 [INFO] [32/121] 안양천 (primary=KEY_4)
2026-09-18 08:33:35,828 [INFO] [33/121] 양화한강공원 (primary=KEY_1)
2026-09-18 08:33:37,650 [INFO] [34/121] 어린이대공원 (primary=KEY_2)
2026-09-18 08:33:38,999 [INFO] [35/121] 여의도한강공원 (primary=KEY_3)
2026-09-18 08:33:40,291 [INFO] [36/121] 여의서로 (primary=KEY_4)
2026-09-18 08:33:42,311 [INFO] [37/121] 올림픽공원 (primary=KEY_1)
2026-09-18 08:33:44,815 [INFO] [38/121] 월드컵공원 (primary=KEY_2)
2026-09-18 08:33:47,475 [INFO] [39/121] 응봉산 (primary=KEY_3)
2026-09-18 08:33:48,764 [INFO] [40/121] 이촌한강공원 (primary=KEY_4)
2026-09-18 08:33:50,605 [INFO] [41/121] 잠실종합운동장 (primary=KEY_1)
2026-09-18 08:33:51,730 [INFO] [42/121] 잠실한강공원 (primary=KEY_2)
2026-09-18 08:33:53,569 [INFO] [43/121] 잠원한강공원 (primary=KEY_3)
2026-09-18 08:33:55,453 [INFO] [44/121] 청계산 (primary=KEY_4)
2026-09-18 08:33:56,553 [INFO] [45/121] 홍제폭포 (primary=KEY_1)
2026-09-18 08:33:57,663 [INFO] [46/121] 가락시장 (primary=KEY_2)
2026-09-18 08:33:58,982 [INFO] [47/121] 가로수길 (primary=KEY_3)
2026-09-18 08:34:01,032 [INFO] [48/121] 광장(전통)시장 (primary=KEY_4)
2026-09-18 08:34:02,915 [INFO] [49/121] 김포공항 (primary=KEY_1)
2026-09-18 08:34:05,155 [INFO] [50/121] 남대문시장 (primary=KEY_2)
2026-09-18 08:34:06,453 [INFO] [51/121] 노량진 (primary=KEY_3)
2026-09-18 08:34:07,787 [INFO] [52/121] 덕수궁길·정동길 (primary=KEY_4)
2026-09-18 08:34:09,889 [INFO] [53/121] 북창동 먹자골목 (primary=KEY_1)
2026-09-18 08:34:11,180 [INFO] [54/121] 북촌한옥마을 (primary=KEY_2)
2026-09-18 08:34:12,670 [INFO] [55/121] 서촌 (primary=KEY_3)
2026-09-18 08:34:14,711 [INFO] [56/121] 성수카페거리 (primary=KEY_4)
2026-09-18 08:34:16,222 [INFO] [57/121] 송리단길·호수단길 (primary=KEY_1)
2026-09-18 08:34:17,583 [INFO] [58/121] 신촌 스타광장 (primary=KEY_2)
2026-09-18 08:34:18,714 [INFO] [59/121] 압구정로데오거리 (primary=KEY_3)
2026-09-18 08:34:21,126 [INFO] [60/121] 여의도 (primary=KEY_4)
2026-09-18 08:34:23,233 [INFO] [61/121] 연남동 (primary=KEY_1)
2026-09-18 08:34:24,555 [INFO] [62/121] 영등포 타임스퀘어 (primary=KEY_2)
2026-09-18 08:34:25,845 [INFO] [63/121] 용리단길 (primary=KEY_3)
2026-09-18 08:34:27,013 [INFO] [64/121] 이태원 앤틱가구거리 (primary=KEY_4)
2026-09-18 08:34:28,333 [INFO] [65/121] 익선동 (primary=KEY_1)
2026-09-18 08:34:29,688 [INFO] [66/121] 인사동 (primary=KEY_2)
2026-09-18 08:34:31,182 [INFO] [67/121] 잠실롯데타워·석촌호수 (primary=KEY_3)
2026-09-18 08:34:32,939 [INFO] [68/121] 창동 신경제 중심지 (primary=KEY_4)
2026-09-18 08:34:34,662 [INFO] [69/121] 청담동 명품거리 (primary=KEY_1)
2026-09-18 08:34:35,960 [INFO] [70/121] 청량리 제기동 일대 전통시장 (primary=KEY_2)
2026-09-18 08:34:37,311 [INFO] [71/121] 해방촌·경리단길 (primary=KEY_3)
2026-09-18 08:34:38,455 [INFO] [72/121] DDP(동대문디자인플라자) (primary=KEY_4)
2026-09-18 08:34:39,827 [INFO] [73/121] DMC(디지털미디어시티) (primary=KEY_1)
2026-09-18 08:34:41,609 [INFO] [74/121] 가산디지털단지역 (primary=KEY_2)
2026-09-18 08:34:43,491 [INFO] [75/121] 강남역 (primary=KEY_3)
2026-09-18 08:34:45,018 [INFO] [76/121] 건대입구역 (primary=KEY_4)
2026-09-18 08:34:46,353 [INFO] [77/121] 고덕역 (primary=KEY_1)
2026-09-18 08:34:47,699 [INFO] [78/121] 고속터미널역 (primary=KEY_2)
2026-09-18 08:34:49,012 [INFO] [79/121] 교대역 (primary=KEY_3)
2026-09-18 08:34:50,315 [INFO] [80/121] 구로디지털단지역 (primary=KEY_4)
2026-09-18 08:34:52,004 [INFO] [81/121] 구로역 (primary=KEY_1)
2026-09-18 08:34:53,297 [INFO] [82/121] 군자역 (primary=KEY_2)
2026-09-18 08:34:54,631 [INFO] [83/121] 대림역 (primary=KEY_3)
2026-09-18 08:34:55,993 [INFO] [84/121] 동대문역 (primary=KEY_4)
2026-09-18 08:34:57,305 [INFO] [85/121] 뚝섬역 (primary=KEY_1)
2026-09-18 08:34:58,606 [INFO] [86/121] 미아사거리역 (primary=KEY_2)
2026-09-18 08:34:59,912 [INFO] [87/121] 발산역 (primary=KEY_3)
2026-09-18 08:35:01,575 [INFO] [88/121] 사당역 (primary=KEY_4)
2026-09-18 08:35:02,971 [INFO] [89/121] 삼각지역 (primary=KEY_1)
2026-09-18 08:35:04,261 [INFO] [90/121] 서울대입구역 (primary=KEY_2)
2026-09-18 08:35:05,560 [INFO] [91/121] 서울식물원·마곡나루역 (primary=KEY_3)
2026-09-18 08:35:07,033 [INFO] [92/121] 서울역 (primary=KEY_4)
2026-09-18 08:35:08,530 [INFO] [93/121] 선릉역 (primary=KEY_1)
2026-09-18 08:35:10,273 [INFO] [94/121] 성신여대입구역 (primary=KEY_2)
2026-09-18 08:35:11,424 [INFO] [95/121] 수유역 (primary=KEY_3)
2026-09-18 08:35:12,755 [INFO] [96/121] 숭례문 (primary=KEY_4)
2026-09-18 08:35:14,049 [INFO] [97/121] 시의회 앞 (primary=KEY_1)
2026-09-18 08:35:15,361 [INFO] [98/121] 신논현역·논현역 (primary=KEY_2)
2026-09-18 08:35:16,735 [INFO] [99/121] 신도림역 (primary=KEY_3)
2026-09-18 08:35:17,877 [INFO] [100/121] 신림역 (primary=KEY_4)
2026-09-18 08:35:19,169 [INFO] [101/121] 신정네거리역 (primary=KEY_1)
2026-09-18 08:35:20,461 [INFO] [102/121] 신촌·이대역 (primary=KEY_2)
2026-09-18 08:35:21,769 [INFO] [103/121] 쌍문역 (primary=KEY_3)
2026-09-18 08:35:23,080 [INFO] [104/121] 양재역 (primary=KEY_4)
2026-09-18 08:35:24,414 [INFO] [105/121] 역삼역 (primary=KEY_1)
2026-09-18 08:35:25,947 [INFO] [106/121] 연신내역 (primary=KEY_2)
2026-09-18 08:35:27,080 [INFO] [107/121] 오목교역·목동운동장 (primary=KEY_3)
2026-09-18 08:35:28,944 [INFO] [108/121] 왕십리역 (primary=KEY_4)
2026-09-18 08:35:30,442 [INFO] [109/121] 용산역 (primary=KEY_1)
2026-09-18 08:35:31,924 [INFO] [110/121] 이태원역 (primary=KEY_2)
2026-09-18 08:35:33,066 [INFO] [111/121] 잠실새내역 (primary=KEY_3)
2026-09-18 08:35:34,371 [INFO] [112/121] 잠실역 (primary=KEY_4)
2026-09-18 08:35:35,896 [INFO] [113/121] 장지역 (primary=KEY_1)
2026-09-18 08:35:37,386 [INFO] [114/121] 장한평역 (primary=KEY_2)
2026-09-18 08:35:38,694 [INFO] [115/121] 천호역 (primary=KEY_3)
2026-09-18 08:35:40,041 [INFO] [116/121] 총신대입구(이수)역 (primary=KEY_4)
2026-09-18 08:35:41,341 [INFO] [117/121] 충정로역 (primary=KEY_1)
2026-09-18 08:35:42,642 [INFO] [118/121] 합정역 (primary=KEY_2)
2026-09-18 08:35:43,955 [INFO] [119/121] 혜화역 (primary=KEY_3)
2026-09-18 08:35:45,257 [INFO] [120/121] 홍대입구역(2호선) (primary=KEY_4)
2026-09-18 08:35:46,612 [INFO] [121/121] 회기역 (primary=KEY_1)
2026-09-18 08:35:48,634 [INFO] === 수집 완료 | 성공 121, 실패 0 ===
2026-09-18 08:35:48,634 [INFO] 카테고리별 저장 결과:
2026-09-18 08:35:48,634 [INFO]    accident                  | 신규     4행 | 누적      6행 | 16컬럼
2026-09-18 08:35:48,634 [INFO]    area_meta                 | 신규   121행 | 누적    242행 | 5컬럼
2026-09-18 08:35:48,634 [INFO]    bike                      | 신규    10행 | 누적     20행 | 12컬럼
2026-09-18 08:35:48,634 [INFO]    bike_sbike_stts           | 신규   572행 | 누적   1144행 | 12컬럼
2026-09-18 08:35:48,635 [INFO]    bus                       | 신규     3행 | 누적      6행 | 11컬럼
2026-09-18 08:35:48,635 [INFO]    bus_bus_stn_stts          | 신규  1745행 | 누적   3490행 | 11컬럼
2026-09-18 08:35:48,635 [INFO]    charger                   | 신규     4행 | 누적      8행 | 15컬럼
2026-09-18 08:35:48,635 [INFO]    charger_charger_stts      | 신규  1916행 | 누적   3806행 | 15컬럼
2026-09-18 08:35:48,635 [INFO]    cmrcl                     | 신규    82행 | 누적    164행 | 20컬럼
2026-09-18 08:35:48,635 [INFO]    events                    | 신규    20행 | 누적     36행 | 14컬럼
2026-09-18 08:35:48,635 [INFO]    events_event_stts         | 신규    63행 | 누적    190행 | 14컬럼
2026-09-18 08:35:48,635 [INFO]    parking                   | 신규     6행 | 누적     12행 | 21컬럼
2026-09-18 08:35:48,635 [INFO]    parking_prk_stts          | 신규  1832행 | 누적   3664행 | 21컬럼
2026-09-18 08:35:48,635 [INFO]    ppltn                     | 신규   121행 | 누적    242행 | 26컬럼
2026-09-18 08:35:48,635 [INFO]    road                      | 신규   121행 | 누적    242행 | 21컬럼
2026-09-18 08:35:48,635 [INFO]    road_road_traffic_stts    | 신규  5298행 | 누적  10596행 | 17컬럼
2026-09-18 08:35:48,635 [INFO]    subway                    | 신규    38행 | 누적     76행 | 12컬럼
2026-09-18 08:35:48,635 [INFO]    subway_sub_stts           | 신규   183행 | 누적    366행 | 13컬럼
2026-09-18 08:35:48,635 [INFO]    weather                   | 신규   119행 | 누적    238행 | 29컬럼
2026-09-18 08:35:48,636 [INFO] 키별 사용량:
2026-09-18 08:35:48,636 [INFO]    🟢 KEY_1 (31/1000) 
2026-09-18 08:35:48,636 [INFO]    🟢 KEY_2 (30/1000) 
2026-09-18 08:35:48,636 [INFO]    🟢 KEY_3 (30/1000) 
2026-09-18 08:35:48,636 [INFO]    🟢 KEY_4 (30/1000) 
2026-09-18 13:33:43,583 [INFO] 등록된 키: 4개, 합산 한도 4,000건/일
2026-09-18 13:33:43,583 [INFO] POI 로드: 매뉴얼 v8.5 기준 fallback 121개 (121개 전체)
2026-09-18 13:33:43,583 [INFO] === 수집 시작 2026-09-18T13:33:43.583719+09:00 ===
2026-09-18 13:33:43,583 [INFO] 대상 장소: 121개 | API: citydata (통합)
2026-09-18 13:33:43,583 [INFO] 키 풀: 4/4 활성 | 오늘 사용 0/4000건
2026-09-18 13:33:43,583 [INFO]   [KEY_1] 담당 31장소
2026-09-18 13:33:43,583 [INFO]   [KEY_2] 담당 30장소
2026-09-18 13:33:43,583 [INFO]   [KEY_3] 담당 30장소
2026-09-18 13:33:43,584 [INFO]   [KEY_4] 담당 30장소
2026-09-18 13:33:43,584 [INFO] [1/121] 경복궁 (primary=KEY_1)
2026-09-18 13:33:45,788 [INFO] [2/121] 광화문·덕수궁 (primary=KEY_2)
2026-09-18 13:33:48,088 [INFO] [3/121] 보신각 (primary=KEY_3)
2026-09-18 13:33:50,315 [INFO] [4/121] 서울 암사동 유적 (primary=KEY_4)
2026-09-18 13:33:51,558 [INFO] [5/121] 창덕궁·종묘 (primary=KEY_1)
2026-09-18 13:33:53,437 [INFO] [6/121] 강남 MICE 관광특구 (primary=KEY_2)
2026-09-18 13:33:55,481 [INFO] [7/121] 동대문 관광특구 (primary=KEY_3)
2026-09-18 13:33:56,922 [INFO] [8/121] 명동 관광특구 (primary=KEY_4)
2026-09-18 13:33:59,355 [INFO] [9/121] 이태원 관광특구 (primary=KEY_1)
2026-09-18 13:34:01,457 [INFO] [10/121] 잠실 관광특구 (primary=KEY_2)
2026-09-18 13:34:03,267 [INFO] [11/121] 종로·청계 관광특구 (primary=KEY_3)
2026-09-18 13:34:04,711 [INFO] [12/121] 홍대 관광특구 (primary=KEY_4)
2026-09-18 13:34:06,995 [INFO] [13/121] 강서한강공원 (primary=KEY_1)
2026-09-18 13:34:08,863 [INFO] [14/121] 고척돔 (primary=KEY_2)
2026-09-18 13:34:10,121 [INFO] [15/121] 광나루한강공원 (primary=KEY_3)
2026-09-18 13:34:11,363 [INFO] [16/121] 광화문광장 (primary=KEY_4)
2026-09-18 13:34:12,598 [INFO] [17/121] 국립중앙박물관·용산가족공원 (primary=KEY_1)
2026-09-18 13:34:13,685 [INFO] [18/121] 난지한강공원 (primary=KEY_2)
2026-09-18 13:34:14,737 [INFO] [19/121] 남산공원 (primary=KEY_3)
2026-09-18 13:34:16,179 [INFO] [20/121] 노들섬 (primary=KEY_4)
2026-09-18 13:34:17,102 [INFO] [21/121] 뚝섬한강공원 (primary=KEY_1)
2026-09-18 13:34:18,176 [INFO] [22/121] 망원한강공원 (primary=KEY_2)
2026-09-18 13:34:20,077 [INFO] [23/121] 반포한강공원 (primary=KEY_3)
2026-09-18 13:34:21,154 [INFO] [24/121] 보라매공원 (primary=KEY_4)
2026-09-18 13:34:23,086 [INFO] [25/121] 북서울꿈의숲 (primary=KEY_1)
2026-09-18 13:34:24,374 [INFO] [26/121] 서대문독립공원 (primary=KEY_2)
2026-09-18 13:34:25,606 [INFO] [27/121] 서리풀공원·몽마르뜨공원 (primary=KEY_3)
2026-09-18 13:34:26,854 [INFO] [28/121] 서울대공원 (primary=KEY_4)
2026-09-18 13:34:28,727 [INFO] [29/121] 서울숲공원 (primary=KEY_1)
2026-09-18 13:34:30,984 [INFO] [30/121] 송현녹지광장 (primary=KEY_2)
2026-09-18 13:34:32,226 [INFO] [31/121] 아차산 (primary=KEY_3)
2026-09-18 13:34:33,467 [INFO] [32/121] 안양천 (primary=KEY_4)
2026-09-18 13:34:34,521 [INFO] [33/121] 양화한강공원 (primary=KEY_1)
2026-09-18 13:34:35,580 [INFO] [34/121] 어린이대공원 (primary=KEY_2)
2026-09-18 13:34:36,812 [INFO] [35/121] 여의도한강공원 (primary=KEY_3)
2026-09-18 13:34:38,030 [INFO] [36/121] 여의서로 (primary=KEY_4)
2026-09-18 13:34:39,268 [INFO] [37/121] 올림픽공원 (primary=KEY_1)
2026-09-18 13:34:40,604 [INFO] [38/121] 월드컵공원 (primary=KEY_2)
2026-09-18 13:34:42,038 [INFO] [39/121] 응봉산 (primary=KEY_3)
2026-09-18 13:34:43,276 [INFO] [40/121] 이촌한강공원 (primary=KEY_4)
2026-09-18 13:34:44,341 [INFO] [41/121] 잠실종합운동장 (primary=KEY_1)
2026-09-18 13:34:45,411 [INFO] [42/121] 잠실한강공원 (primary=KEY_2)
2026-09-18 13:34:46,502 [INFO] [43/121] 잠원한강공원 (primary=KEY_3)
2026-09-18 13:34:47,583 [INFO] [44/121] 청계산 (primary=KEY_4)
2026-09-18 13:34:48,985 [INFO] [45/121] 홍제폭포 (primary=KEY_1)
2026-09-18 13:34:51,004 [INFO] [46/121] 가락시장 (primary=KEY_2)
2026-09-18 13:34:52,449 [INFO] [47/121] 가로수길 (primary=KEY_3)
2026-09-18 13:34:53,885 [INFO] [48/121] 광장(전통)시장 (primary=KEY_4)
2026-09-18 13:34:55,138 [INFO] [49/121] 김포공항 (primary=KEY_1)
2026-09-18 13:34:56,712 [INFO] [50/121] 남대문시장 (primary=KEY_2)
2026-09-18 13:34:58,092 [INFO] [51/121] 노량진 (primary=KEY_3)
2026-09-18 13:34:59,496 [INFO] [52/121] 덕수궁길·정동길 (primary=KEY_4)
2026-09-18 13:35:00,905 [INFO] [53/121] 북창동 먹자골목 (primary=KEY_1)
2026-09-18 13:35:02,329 [INFO] [54/121] 북촌한옥마을 (primary=KEY_2)
2026-09-18 13:35:03,730 [INFO] [55/121] 서촌 (primary=KEY_3)
2026-09-18 13:35:05,785 [INFO] [56/121] 성수카페거리 (primary=KEY_4)
2026-09-18 13:35:07,187 [INFO] [57/121] 송리단길·호수단길 (primary=KEY_1)
2026-09-18 13:35:08,418 [INFO] [58/121] 신촌 스타광장 (primary=KEY_2)
2026-09-18 13:35:10,196 [INFO] [59/121] 압구정로데오거리 (primary=KEY_3)
2026-09-18 13:35:11,591 [INFO] [60/121] 여의도 (primary=KEY_4)
2026-09-18 13:35:13,603 [INFO] [61/121] 연남동 (primary=KEY_1)
2026-09-18 13:35:14,884 [INFO] [62/121] 영등포 타임스퀘어 (primary=KEY_2)
2026-09-18 13:35:16,782 [INFO] [63/121] 용리단길 (primary=KEY_3)
2026-09-18 13:35:18,028 [INFO] [64/121] 이태원 앤틱가구거리 (primary=KEY_4)
2026-09-18 13:35:19,239 [INFO] [65/121] 익선동 (primary=KEY_1)
2026-09-18 13:35:20,641 [INFO] [66/121] 인사동 (primary=KEY_2)
2026-09-18 13:35:22,045 [INFO] [67/121] 잠실롯데타워·석촌호수 (primary=KEY_3)
2026-09-18 13:35:23,620 [INFO] [68/121] 창동 신경제 중심지 (primary=KEY_4)
2026-09-18 13:35:26,032 [INFO] [69/121] 청담동 명품거리 (primary=KEY_1)
2026-09-18 13:35:27,262 [INFO] [70/121] 청량리 제기동 일대 전통시장 (primary=KEY_2)
2026-09-18 13:35:28,710 [INFO] [71/121] 해방촌·경리단길 (primary=KEY_3)
2026-09-18 13:35:29,793 [INFO] [72/121] DDP(동대문디자인플라자) (primary=KEY_4)
2026-09-18 13:35:31,058 [INFO] [73/121] DMC(디지털미디어시티) (primary=KEY_1)
2026-09-18 13:35:32,638 [INFO] [74/121] 가산디지털단지역 (primary=KEY_2)
2026-09-18 13:35:34,379 [INFO] [75/121] 강남역 (primary=KEY_3)
2026-09-18 13:35:35,788 [INFO] [76/121] 건대입구역 (primary=KEY_4)
2026-09-18 13:35:37,027 [INFO] [77/121] 고덕역 (primary=KEY_1)
2026-09-18 13:35:38,266 [INFO] [78/121] 고속터미널역 (primary=KEY_2)
2026-09-18 13:35:39,500 [INFO] [79/121] 교대역 (primary=KEY_3)
2026-09-18 13:35:40,756 [INFO] [80/121] 구로디지털단지역 (primary=KEY_4)
2026-09-18 13:35:42,309 [INFO] [81/121] 구로역 (primary=KEY_1)
2026-09-18 13:35:43,530 [INFO] [82/121] 군자역 (primary=KEY_2)
2026-09-18 13:35:44,957 [INFO] [83/121] 대림역 (primary=KEY_3)
2026-09-18 13:35:46,213 [INFO] [84/121] 동대문역 (primary=KEY_4)
2026-09-18 13:35:47,451 [INFO] [85/121] 뚝섬역 (primary=KEY_1)
2026-09-18 13:35:48,689 [INFO] [86/121] 미아사거리역 (primary=KEY_2)
2026-09-18 13:35:50,216 [INFO] [87/121] 발산역 (primary=KEY_3)
2026-09-18 13:35:51,813 [INFO] [88/121] 사당역 (primary=KEY_4)
2026-09-18 13:35:53,039 [INFO] [89/121] 삼각지역 (primary=KEY_1)
2026-09-18 13:35:54,266 [INFO] [90/121] 서울대입구역 (primary=KEY_2)
2026-09-18 13:35:55,528 [INFO] [91/121] 서울식물원·마곡나루역 (primary=KEY_3)
2026-09-18 13:35:56,931 [INFO] [92/121] 서울역 (primary=KEY_4)
2026-09-18 13:35:58,385 [INFO] [93/121] 선릉역 (primary=KEY_1)
2026-09-18 13:35:59,863 [INFO] [94/121] 성신여대입구역 (primary=KEY_2)
2026-09-18 13:36:01,292 [INFO] [95/121] 수유역 (primary=KEY_3)
2026-09-18 13:36:02,537 [INFO] [96/121] 숭례문 (primary=KEY_4)
2026-09-18 13:36:03,778 [INFO] [97/121] 시의회 앞 (primary=KEY_1)
2026-09-18 13:36:05,010 [INFO] [98/121] 신논현역·논현역 (primary=KEY_2)
2026-09-18 13:36:06,324 [INFO] [99/121] 신도림역 (primary=KEY_3)
2026-09-18 13:36:07,398 [INFO] [100/121] 신림역 (primary=KEY_4)
2026-09-18 13:36:08,687 [INFO] [101/121] 신정네거리역 (primary=KEY_1)
2026-09-18 13:36:09,932 [INFO] [102/121] 신촌·이대역 (primary=KEY_2)
2026-09-18 13:36:11,173 [INFO] [103/121] 쌍문역 (primary=KEY_3)
2026-09-18 13:36:12,430 [INFO] [104/121] 양재역 (primary=KEY_4)
2026-09-18 13:36:13,692 [INFO] [105/121] 역삼역 (primary=KEY_1)
2026-09-18 13:36:15,148 [INFO] [106/121] 연신내역 (primary=KEY_2)
2026-09-18 13:36:16,235 [INFO] [107/121] 오목교역·목동운동장 (primary=KEY_3)
2026-09-18 13:36:17,982 [INFO] [108/121] 왕십리역 (primary=KEY_4)
2026-09-18 13:36:19,391 [INFO] [109/121] 용산역 (primary=KEY_1)
2026-09-18 13:36:20,843 [INFO] [110/121] 이태원역 (primary=KEY_2)
2026-09-18 13:36:21,971 [INFO] [111/121] 잠실새내역 (primary=KEY_3)
2026-09-18 13:36:23,241 [INFO] [112/121] 잠실역 (primary=KEY_4)
2026-09-18 13:36:24,635 [INFO] [113/121] 장지역 (primary=KEY_1)
2026-09-18 13:36:26,085 [INFO] [114/121] 장한평역 (primary=KEY_2)
2026-09-18 13:36:27,308 [INFO] [115/121] 천호역 (primary=KEY_3)
2026-09-18 13:36:28,751 [INFO] [116/121] 총신대입구(이수)역 (primary=KEY_4)
2026-09-18 13:36:29,993 [INFO] [117/121] 충정로역 (primary=KEY_1)
2026-09-18 13:36:31,245 [INFO] [118/121] 합정역 (primary=KEY_2)
2026-09-18 13:36:32,495 [INFO] [119/121] 혜화역 (primary=KEY_3)
2026-09-18 13:36:33,731 [INFO] [120/121] 홍대입구역(2호선) (primary=KEY_4)
2026-09-18 13:36:35,027 [INFO] [121/121] 회기역 (primary=KEY_1)
2026-09-18 13:36:36,955 [INFO] === 수집 완료 | 성공 121, 실패 0 ===
2026-09-18 13:36:36,955 [INFO] 카테고리별 저장 결과:
2026-09-18 13:36:36,955 [INFO]    accident                  | 신규    10행 | 누적     16행 | 16컬럼
2026-09-18 13:36:36,955 [INFO]    accident_acdnt_cntrl_stts | 신규     3행 | 누적      3행 | 16컬럼
2026-09-18 13:36:36,955 [INFO]    area_meta                 | 신규   121행 | 누적    363행 | 5컬럼
2026-09-18 13:36:36,955 [INFO]    bike                      | 신규    10행 | 누적     30행 | 12컬럼
2026-09-18 13:36:36,955 [INFO]    bike_sbike_stts           | 신규   572행 | 누적   1716행 | 12컬럼
2026-09-18 13:36:36,955 [INFO]    bus                       | 신규     3행 | 누적      9행 | 11컬럼
2026-09-18 13:36:36,955 [INFO]    bus_bus_stn_stts          | 신규  1745행 | 누적   5235행 | 11컬럼
2026-09-18 13:36:36,955 [INFO]    charger                   | 신규     4행 | 누적     12행 | 15컬럼
2026-09-18 13:36:36,955 [INFO]    charger_charger_stts      | 신규  1918행 | 누적   5711행 | 15컬럼
2026-09-18 13:36:36,955 [INFO]    cmrcl                     | 신규    82행 | 누적    246행 | 20컬럼
2026-09-18 13:36:36,955 [INFO]    events                    | 신규    20행 | 누적     56행 | 14컬럼
2026-09-18 13:36:36,955 [INFO]    events_event_stts         | 신규    63행 | 누적    253행 | 14컬럼
2026-09-18 13:36:36,955 [INFO]    parking                   | 신규     6행 | 누적     18행 | 21컬럼
2026-09-18 13:36:36,955 [INFO]    parking_prk_stts          | 신규  1832행 | 누적   5496행 | 21컬럼
2026-09-18 13:36:36,955 [INFO]    ppltn                     | 신규   121행 | 누적    363행 | 26컬럼
2026-09-18 13:36:36,956 [INFO]    road                      | 신규   121행 | 누적    363행 | 21컬럼
2026-09-18 13:36:36,956 [INFO]    road_road_traffic_stts    | 신규  5298행 | 누적  15894행 | 17컬럼
2026-09-18 13:36:36,956 [INFO]    subway                    | 신규    38행 | 누적    114행 | 12컬럼
2026-09-18 13:36:36,956 [INFO]    subway_sub_stts           | 신규   183행 | 누적    549행 | 13컬럼
2026-09-18 13:36:36,956 [INFO]    weather                   | 신규   119행 | 누적    357행 | 29컬럼
2026-09-18 13:36:36,956 [INFO] 키별 사용량:
2026-09-18 13:36:36,956 [INFO]    🟢 KEY_1 (31/1000) 
2026-09-18 13:36:36,956 [INFO]    🟢 KEY_2 (30/1000) 
2026-09-18 13:36:36,956 [INFO]    🟢 KEY_3 (30/1000) 
2026-09-18 13:36:36,956 [INFO]    🟢 KEY_4 (30/1000) 
2026-09-18 18:39:29,555 [INFO] 등록된 키: 4개, 합산 한도 4,000건/일
2026-09-18 18:39:29,555 [INFO] POI 로드: 매뉴얼 v8.5 기준 fallback 121개 (121개 전체)
2026-09-18 18:39:29,555 [INFO] === 수집 시작 2026-09-18T18:39:29.555911+09:00 ===
2026-09-18 18:39:29,555 [INFO] 대상 장소: 121개 | API: citydata (통합)
2026-09-18 18:39:29,556 [INFO] 키 풀: 4/4 활성 | 오늘 사용 0/4000건
2026-09-18 18:39:29,556 [INFO]   [KEY_1] 담당 31장소
2026-09-18 18:39:29,556 [INFO]   [KEY_2] 담당 30장소
2026-09-18 18:39:29,556 [INFO]   [KEY_3] 담당 30장소
2026-09-18 18:39:29,556 [INFO]   [KEY_4] 담당 30장소
2026-09-18 18:39:29,556 [INFO] [1/121] 경복궁 (primary=KEY_1)
2026-09-18 18:39:30,848 [INFO] [2/121] 광화문·덕수궁 (primary=KEY_2)
2026-09-18 18:39:32,413 [INFO] [3/121] 보신각 (primary=KEY_3)
2026-09-18 18:39:33,550 [INFO] [4/121] 서울 암사동 유적 (primary=KEY_4)
2026-09-18 18:39:35,125 [INFO] [5/121] 창덕궁·종묘 (primary=KEY_1)
2026-09-18 18:39:36,434 [INFO] [6/121] 강남 MICE 관광특구 (primary=KEY_2)
2026-09-18 18:39:37,726 [INFO] [7/121] 동대문 관광특구 (primary=KEY_3)
2026-09-18 18:39:39,009 [INFO] [8/121] 명동 관광특구 (primary=KEY_4)
2026-09-18 18:39:40,503 [INFO] [9/121] 이태원 관광특구 (primary=KEY_1)
2026-09-18 18:39:42,227 [INFO] [10/121] 잠실 관광특구 (primary=KEY_2)
2026-09-18 18:39:44,623 [INFO] [11/121] 종로·청계 관광특구 (primary=KEY_3)
2026-09-18 18:39:46,516 [INFO] [12/121] 홍대 관광특구 (primary=KEY_4)
2026-09-18 18:39:48,401 [INFO] [13/121] 강서한강공원 (primary=KEY_1)
2026-09-18 18:39:50,389 [INFO] [14/121] 고척돔 (primary=KEY_2)
2026-09-18 18:39:51,387 [INFO] [15/121] 광나루한강공원 (primary=KEY_3)
2026-09-18 18:39:52,527 [INFO] [16/121] 광화문광장 (primary=KEY_4)
2026-09-18 18:39:53,674 [INFO] [17/121] 국립중앙박물관·용산가족공원 (primary=KEY_1)
2026-09-18 18:39:54,696 [INFO] [18/121] 난지한강공원 (primary=KEY_2)
2026-09-18 18:39:55,863 [INFO] [19/121] 남산공원 (primary=KEY_3)
2026-09-18 18:39:57,143 [INFO] [20/121] 노들섬 (primary=KEY_4)
2026-09-18 18:39:57,992 [INFO] [21/121] 뚝섬한강공원 (primary=KEY_1)
2026-09-18 18:39:58,970 [INFO] [22/121] 망원한강공원 (primary=KEY_2)
2026-09-18 18:40:00,146 [INFO] [23/121] 반포한강공원 (primary=KEY_3)
2026-09-18 18:40:01,111 [INFO] [24/121] 보라매공원 (primary=KEY_4)
2026-09-18 18:40:02,137 [INFO] [25/121] 북서울꿈의숲 (primary=KEY_1)
2026-09-18 18:40:03,308 [INFO] [26/121] 서대문독립공원 (primary=KEY_2)
2026-09-18 18:40:04,318 [INFO] [27/121] 서리풀공원·몽마르뜨공원 (primary=KEY_3)
2026-09-18 18:40:05,443 [INFO] [28/121] 서울대공원 (primary=KEY_4)
2026-09-18 18:40:07,109 [INFO] [29/121] 서울숲공원 (primary=KEY_1)
2026-09-18 18:40:08,474 [INFO] [30/121] 송현녹지광장 (primary=KEY_2)
2026-09-18 18:40:09,624 [INFO] [31/121] 아차산 (primary=KEY_3)
2026-09-18 18:40:10,645 [INFO] [32/121] 안양천 (primary=KEY_4)
2026-09-18 18:40:11,603 [INFO] [33/121] 양화한강공원 (primary=KEY_1)
2026-09-18 18:40:12,606 [INFO] [34/121] 어린이대공원 (primary=KEY_2)
2026-09-18 18:40:14,571 [INFO] [35/121] 여의도한강공원 (primary=KEY_3)
2026-09-18 18:40:15,704 [INFO] [36/121] 여의서로 (primary=KEY_4)
2026-09-18 18:40:16,819 [INFO] [37/121] 올림픽공원 (primary=KEY_1)
2026-09-18 18:40:17,968 [INFO] [38/121] 월드컵공원 (primary=KEY_2)
2026-09-18 18:40:19,236 [INFO] [39/121] 응봉산 (primary=KEY_3)
2026-09-18 18:40:20,366 [INFO] [40/121] 이촌한강공원 (primary=KEY_4)
2026-09-18 18:40:21,372 [INFO] [41/121] 잠실종합운동장 (primary=KEY_1)
2026-09-18 18:40:22,378 [INFO] [42/121] 잠실한강공원 (primary=KEY_2)
2026-09-18 18:40:23,350 [INFO] [43/121] 잠원한강공원 (primary=KEY_3)
2026-09-18 18:40:24,354 [INFO] [44/121] 청계산 (primary=KEY_4)
2026-09-18 18:40:25,353 [INFO] [45/121] 홍제폭포 (primary=KEY_1)
2026-09-18 18:40:26,322 [INFO] [46/121] 가락시장 (primary=KEY_2)
2026-09-18 18:40:27,462 [INFO] [47/121] 가로수길 (primary=KEY_3)
2026-09-18 18:40:28,699 [INFO] [48/121] 광장(전통)시장 (primary=KEY_4)
2026-09-18 18:40:29,686 [INFO] [49/121] 김포공항 (primary=KEY_1)
2026-09-18 18:40:30,953 [INFO] [50/121] 남대문시장 (primary=KEY_2)
2026-09-18 18:40:32,762 [INFO] [51/121] 노량진 (primary=KEY_3)
2026-09-18 18:40:33,901 [INFO] [52/121] 덕수궁길·정동길 (primary=KEY_4)
2026-09-18 18:40:35,033 [INFO] [53/121] 북창동 먹자골목 (primary=KEY_1)
2026-09-18 18:40:36,133 [INFO] [54/121] 북촌한옥마을 (primary=KEY_2)
2026-09-18 18:40:37,518 [INFO] [55/121] 서촌 (primary=KEY_3)
2026-09-18 18:40:38,625 [INFO] [56/121] 성수카페거리 (primary=KEY_4)
2026-09-18 18:40:39,948 [INFO] [57/121] 송리단길·호수단길 (primary=KEY_1)
2026-09-18 18:40:41,098 [INFO] [58/121] 신촌 스타광장 (primary=KEY_2)
2026-09-18 18:40:42,111 [INFO] [59/121] 압구정로데오거리 (primary=KEY_3)
2026-09-18 18:40:43,255 [INFO] [60/121] 여의도 (primary=KEY_4)
2026-09-18 18:40:45,004 [INFO] [61/121] 연남동 (primary=KEY_1)
2026-09-18 18:40:46,100 [INFO] [62/121] 영등포 타임스퀘어 (primary=KEY_2)
2026-09-18 18:40:47,269 [INFO] [63/121] 용리단길 (primary=KEY_3)
2026-09-18 18:40:48,259 [INFO] [64/121] 이태원 앤틱가구거리 (primary=KEY_4)
2026-09-18 18:40:49,392 [INFO] [65/121] 익선동 (primary=KEY_1)
2026-09-18 18:40:50,509 [INFO] [66/121] 인사동 (primary=KEY_2)
2026-09-18 18:40:51,823 [INFO] [67/121] 잠실롯데타워·석촌호수 (primary=KEY_3)
2026-09-18 18:40:53,241 [INFO] [68/121] 창동 신경제 중심지 (primary=KEY_4)
2026-09-18 18:40:54,663 [INFO] [69/121] 청담동 명품거리 (primary=KEY_1)
2026-09-18 18:40:55,796 [INFO] [70/121] 청량리 제기동 일대 전통시장 (primary=KEY_2)
2026-09-18 18:40:56,953 [INFO] [71/121] 해방촌·경리단길 (primary=KEY_3)
2026-09-18 18:40:57,979 [INFO] [72/121] DDP(동대문디자인플라자) (primary=KEY_4)
2026-09-18 18:40:59,155 [INFO] [73/121] DMC(디지털미디어시티) (primary=KEY_1)
2026-09-18 18:41:00,628 [INFO] [74/121] 가산디지털단지역 (primary=KEY_2)
2026-09-18 18:41:02,259 [INFO] [75/121] 강남역 (primary=KEY_3)
2026-09-18 18:41:03,560 [INFO] [76/121] 건대입구역 (primary=KEY_4)
2026-09-18 18:41:04,697 [INFO] [77/121] 고덕역 (primary=KEY_1)
2026-09-18 18:41:05,859 [INFO] [78/121] 고속터미널역 (primary=KEY_2)
2026-09-18 18:41:07,052 [INFO] [79/121] 교대역 (primary=KEY_3)
2026-09-18 18:41:08,163 [INFO] [80/121] 구로디지털단지역 (primary=KEY_4)
2026-09-18 18:41:09,571 [INFO] [81/121] 구로역 (primary=KEY_1)
2026-09-18 18:41:10,681 [INFO] [82/121] 군자역 (primary=KEY_2)
2026-09-18 18:41:11,809 [INFO] [83/121] 대림역 (primary=KEY_3)
2026-09-18 18:41:12,957 [INFO] [84/121] 동대문역 (primary=KEY_4)
2026-09-18 18:41:14,086 [INFO] [85/121] 뚝섬역 (primary=KEY_1)
2026-09-18 18:41:15,221 [INFO] [86/121] 미아사거리역 (primary=KEY_2)
2026-09-18 18:41:16,387 [INFO] [87/121] 발산역 (primary=KEY_3)
2026-09-18 18:41:17,766 [INFO] [88/121] 사당역 (primary=KEY_4)
2026-09-18 18:41:18,891 [INFO] [89/121] 삼각지역 (primary=KEY_1)
2026-09-18 18:41:20,019 [INFO] [90/121] 서울대입구역 (primary=KEY_2)
2026-09-18 18:41:21,154 [INFO] [91/121] 서울식물원·마곡나루역 (primary=KEY_3)
2026-09-18 18:41:22,421 [INFO] [92/121] 서울역 (primary=KEY_4)
2026-09-18 18:41:23,756 [INFO] [93/121] 선릉역 (primary=KEY_1)
2026-09-18 18:41:25,181 [INFO] [94/121] 성신여대입구역 (primary=KEY_2)
2026-09-18 18:41:26,204 [INFO] [95/121] 수유역 (primary=KEY_3)
2026-09-18 18:41:27,376 [INFO] [96/121] 숭례문 (primary=KEY_4)
2026-09-18 18:41:28,512 [INFO] [97/121] 시의회 앞 (primary=KEY_1)
2026-09-18 18:41:29,678 [INFO] [98/121] 신논현역·논현역 (primary=KEY_2)
2026-09-18 18:41:30,895 [INFO] [99/121] 신도림역 (primary=KEY_3)
2026-09-18 18:41:31,909 [INFO] [100/121] 신림역 (primary=KEY_4)
2026-09-18 18:41:33,075 [INFO] [101/121] 신정네거리역 (primary=KEY_1)
2026-09-18 18:41:34,206 [INFO] [102/121] 신촌·이대역 (primary=KEY_2)
2026-09-18 18:41:35,356 [INFO] [103/121] 쌍문역 (primary=KEY_3)
2026-09-18 18:41:36,489 [INFO] [104/121] 양재역 (primary=KEY_4)
2026-09-18 18:41:37,666 [INFO] [105/121] 역삼역 (primary=KEY_1)
2026-09-18 18:41:38,926 [INFO] [106/121] 연신내역 (primary=KEY_2)
2026-09-18 18:41:39,925 [INFO] [107/121] 오목교역·목동운동장 (primary=KEY_3)
2026-09-18 18:41:41,470 [INFO] [108/121] 왕십리역 (primary=KEY_4)
2026-09-18 18:41:42,746 [INFO] [109/121] 용산역 (primary=KEY_1)
2026-09-18 18:41:44,033 [INFO] [110/121] 이태원역 (primary=KEY_2)
2026-09-18 18:41:45,022 [INFO] [111/121] 잠실새내역 (primary=KEY_3)
2026-09-18 18:41:46,165 [INFO] [112/121] 잠실역 (primary=KEY_4)
2026-09-18 18:41:47,523 [INFO] [113/121] 장지역 (primary=KEY_1)
2026-09-18 18:41:48,892 [INFO] [114/121] 장한평역 (primary=KEY_2)
2026-09-18 18:41:50,032 [INFO] [115/121] 천호역 (primary=KEY_3)
2026-09-18 18:41:51,340 [INFO] [116/121] 총신대입구(이수)역 (primary=KEY_4)
2026-09-18 18:41:52,460 [INFO] [117/121] 충정로역 (primary=KEY_1)
2026-09-18 18:41:53,579 [INFO] [118/121] 합정역 (primary=KEY_2)
2026-09-18 18:41:54,719 [INFO] [119/121] 혜화역 (primary=KEY_3)
2026-09-18 18:41:55,840 [INFO] [120/121] 홍대입구역(2호선) (primary=KEY_4)
2026-09-18 18:41:56,962 [INFO] [121/121] 회기역 (primary=KEY_1)
2026-09-18 18:41:58,863 [INFO] === 수집 완료 | 성공 121, 실패 0 ===
2026-09-18 18:41:58,863 [INFO] 카테고리별 저장 결과:
2026-09-18 18:41:58,863 [INFO]    accident                  | 신규     2행 | 누적     18행 | 16컬럼
2026-09-18 18:41:58,863 [INFO]    area_meta                 | 신규   121행 | 누적    484행 | 5컬럼
2026-09-18 18:41:58,863 [INFO]    bike                      | 신규    10행 | 누적     40행 | 12컬럼
2026-09-18 18:41:58,863 [INFO]    bike_sbike_stts           | 신규   572행 | 누적   2288행 | 12컬럼
2026-09-18 18:41:58,863 [INFO]    bus                       | 신규     3행 | 누적     12행 | 11컬럼
2026-09-18 18:41:58,863 [INFO]    bus_bus_stn_stts          | 신규  1745행 | 누적   6980행 | 11컬럼
2026-09-18 18:41:58,863 [INFO]    charger                   | 신규     4행 | 누적     16행 | 15컬럼
2026-09-18 18:41:58,863 [INFO]    charger_charger_stts      | 신규  1918행 | 누적   7616행 | 15컬럼
2026-09-18 18:41:58,863 [INFO]    cmrcl                     | 신규    82행 | 누적    328행 | 20컬럼
2026-09-18 18:41:58,863 [INFO]    events                    | 신규    20행 | 누적     76행 | 14컬럼
2026-09-18 18:41:58,863 [INFO]    events_event_stts         | 신규    63행 | 누적    316행 | 14컬럼
2026-09-18 18:41:58,863 [INFO]    parking                   | 신규     6행 | 누적     24행 | 21컬럼
2026-09-18 18:41:58,863 [INFO]    parking_prk_stts          | 신규  1832행 | 누적   7328행 | 21컬럼
2026-09-18 18:41:58,863 [INFO]    ppltn                     | 신규   121행 | 누적    484행 | 26컬럼
2026-09-18 18:41:58,863 [INFO]    road                      | 신규   121행 | 누적    484행 | 21컬럼
2026-09-18 18:41:58,863 [INFO]    road_road_traffic_stts    | 신규  5298행 | 누적  21192행 | 17컬럼
2026-09-18 18:41:58,863 [INFO]    subway                    | 신규    38행 | 누적    152행 | 12컬럼
2026-09-18 18:41:58,863 [INFO]    subway_sub_stts           | 신규   183행 | 누적    732행 | 13컬럼
2026-09-18 18:41:58,863 [INFO]    weather                   | 신규   119행 | 누적    476행 | 29컬럼
2026-09-18 18:41:58,863 [INFO] 키별 사용량:
2026-09-18 18:41:58,863 [INFO]    🟢 KEY_1 (31/1000) 
2026-09-18 18:41:58,863 [INFO]    🟢 KEY_2 (30/1000) 
2026-09-18 18:41:58,863 [INFO]    🟢 KEY_3 (30/1000) 
2026-09-18 18:41:58,863 [INFO]    🟢 KEY_4 (30/1000) 
2026-09-18 23:24:55,940 [INFO] 등록된 키: 4개, 합산 한도 4,000건/일
2026-09-18 23:24:55,941 [INFO] POI 로드: 매뉴얼 v8.5 기준 fallback 121개 (121개 전체)
2026-09-18 23:24:55,941 [INFO] === 수집 시작 2026-09-18T23:24:55.941167+09:00 ===
2026-09-18 23:24:55,941 [INFO] 대상 장소: 121개 | API: citydata (통합)
2026-09-18 23:24:55,941 [INFO] 키 풀: 4/4 활성 | 오늘 사용 0/4000건
2026-09-18 23:24:55,941 [INFO]   [KEY_1] 담당 31장소
2026-09-18 23:24:55,941 [INFO]   [KEY_2] 담당 30장소
2026-09-18 23:24:55,941 [INFO]   [KEY_3] 담당 30장소
2026-09-18 23:24:55,941 [INFO]   [KEY_4] 담당 30장소
2026-09-18 23:24:55,941 [INFO] [1/121] 경복궁 (primary=KEY_1)
2026-09-18 23:24:57,877 [INFO] [2/121] 광화문·덕수궁 (primary=KEY_2)
2026-09-18 23:25:00,319 [INFO] [3/121] 보신각 (primary=KEY_3)
2026-09-18 23:25:02,388 [INFO] [4/121] 서울 암사동 유적 (primary=KEY_4)
2026-09-18 23:25:04,276 [INFO] [5/121] 창덕궁·종묘 (primary=KEY_1)
2026-09-18 23:25:06,479 [INFO] [6/121] 강남 MICE 관광특구 (primary=KEY_2)
2026-09-18 23:25:07,735 [INFO] [7/121] 동대문 관광특구 (primary=KEY_3)
2026-09-18 23:25:10,008 [INFO] [8/121] 명동 관광특구 (primary=KEY_4)
2026-09-18 23:25:11,824 [INFO] [9/121] 이태원 관광특구 (primary=KEY_1)
2026-09-18 23:25:13,074 [INFO] [10/121] 잠실 관광특구 (primary=KEY_2)
2026-09-18 23:25:16,045 [INFO] [11/121] 종로·청계 관광특구 (primary=KEY_3)
2026-09-18 23:25:18,180 [INFO] [12/121] 홍대 관광특구 (primary=KEY_4)
2026-09-18 23:25:19,621 [INFO] [13/121] 강서한강공원 (primary=KEY_1)
2026-09-18 23:25:20,696 [INFO] [14/121] 고척돔 (primary=KEY_2)
2026-09-18 23:25:21,773 [INFO] [15/121] 광나루한강공원 (primary=KEY_3)
2026-09-18 23:25:23,162 [INFO] [16/121] 광화문광장 (primary=KEY_4)
2026-09-18 23:25:25,372 [INFO] [17/121] 국립중앙박물관·용산가족공원 (primary=KEY_1)
2026-09-18 23:25:27,114 [INFO] [18/121] 난지한강공원 (primary=KEY_2)
2026-09-18 23:25:29,093 [INFO] [19/121] 남산공원 (primary=KEY_3)
2026-09-18 23:25:31,182 [INFO] [20/121] 노들섬 (primary=KEY_4)
2026-09-18 23:25:32,099 [INFO] [21/121] 뚝섬한강공원 (primary=KEY_1)
2026-09-18 23:25:33,167 [INFO] [22/121] 망원한강공원 (primary=KEY_2)
2026-09-18 23:25:34,424 [INFO] [23/121] 반포한강공원 (primary=KEY_3)
2026-09-18 23:25:36,154 [INFO] [24/121] 보라매공원 (primary=KEY_4)
2026-09-18 23:25:37,908 [INFO] [25/121] 북서울꿈의숲 (primary=KEY_1)
2026-09-18 23:25:40,132 [INFO] [26/121] 서대문독립공원 (primary=KEY_2)
2026-09-18 23:25:41,229 [INFO] [27/121] 서리풀공원·몽마르뜨공원 (primary=KEY_3)
2026-09-18 23:25:42,464 [INFO] [28/121] 서울대공원 (primary=KEY_4)
2026-09-18 23:25:43,525 [INFO] [29/121] 서울숲공원 (primary=KEY_1)
2026-09-18 23:25:44,770 [INFO] [30/121] 송현녹지광장 (primary=KEY_2)
2026-09-18 23:25:46,822 [INFO] [31/121] 아차산 (primary=KEY_3)
2026-09-18 23:25:47,928 [INFO] [32/121] 안양천 (primary=KEY_4)
2026-09-18 23:25:49,038 [INFO] [33/121] 양화한강공원 (primary=KEY_1)
2026-09-18 23:25:50,085 [INFO] [34/121] 어린이대공원 (primary=KEY_2)
2026-09-18 23:25:51,998 [INFO] [35/121] 여의도한강공원 (primary=KEY_3)
2026-09-18 23:25:53,233 [INFO] [36/121] 여의서로 (primary=KEY_4)
2026-09-18 23:25:54,467 [INFO] [37/121] 올림픽공원 (primary=KEY_1)
2026-09-18 23:25:55,712 [INFO] [38/121] 월드컵공원 (primary=KEY_2)
2026-09-18 23:25:57,108 [INFO] [39/121] 응봉산 (primary=KEY_3)
2026-09-18 23:25:58,354 [INFO] [40/121] 이촌한강공원 (primary=KEY_4)
2026-09-18 23:25:59,409 [INFO] [41/121] 잠실종합운동장 (primary=KEY_1)
2026-09-18 23:26:00,472 [INFO] [42/121] 잠실한강공원 (primary=KEY_2)
2026-09-18 23:26:01,542 [INFO] [43/121] 잠원한강공원 (primary=KEY_3)
2026-09-18 23:26:02,631 [INFO] [44/121] 청계산 (primary=KEY_4)
2026-09-18 23:26:04,525 [INFO] [45/121] 홍제폭포 (primary=KEY_1)
2026-09-18 23:26:05,598 [INFO] [46/121] 가락시장 (primary=KEY_2)
2026-09-18 23:26:07,512 [INFO] [47/121] 가로수길 (primary=KEY_3)
2026-09-18 23:26:08,775 [INFO] [48/121] 광장(전통)시장 (primary=KEY_4)
2026-09-18 23:26:09,870 [INFO] [49/121] 김포공항 (primary=KEY_1)
2026-09-18 23:26:11,941 [INFO] [50/121] 남대문시장 (primary=KEY_2)
2026-09-18 23:26:13,188 [INFO] [51/121] 노량진 (primary=KEY_3)
2026-09-18 23:26:14,450 [INFO] [52/121] 덕수궁길·정동길 (primary=KEY_4)
2026-09-18 23:26:15,712 [INFO] [53/121] 북창동 먹자골목 (primary=KEY_1)
2026-09-18 23:26:16,974 [INFO] [54/121] 북촌한옥마을 (primary=KEY_2)
2026-09-18 23:26:18,441 [INFO] [55/121] 서촌 (primary=KEY_3)
2026-09-18 23:26:19,696 [INFO] [56/121] 성수카페거리 (primary=KEY_4)
2026-09-18 23:26:21,127 [INFO] [57/121] 송리단길·호수단길 (primary=KEY_1)
2026-09-18 23:26:22,395 [INFO] [58/121] 신촌 스타광장 (primary=KEY_2)
2026-09-18 23:26:23,477 [INFO] [59/121] 압구정로데오거리 (primary=KEY_3)
2026-09-18 23:26:24,749 [INFO] [60/121] 여의도 (primary=KEY_4)
2026-09-18 23:26:26,841 [INFO] [61/121] 연남동 (primary=KEY_1)
2026-09-18 23:26:28,087 [INFO] [62/121] 영등포 타임스퀘어 (primary=KEY_2)
2026-09-18 23:26:29,326 [INFO] [63/121] 용리단길 (primary=KEY_3)
2026-09-18 23:26:30,443 [INFO] [64/121] 이태원 앤틱가구거리 (primary=KEY_4)
2026-09-18 23:26:31,713 [INFO] [65/121] 익선동 (primary=KEY_1)
2026-09-18 23:26:32,959 [INFO] [66/121] 인사동 (primary=KEY_2)
2026-09-18 23:26:34,361 [INFO] [67/121] 잠실롯데타워·석촌호수 (primary=KEY_3)
2026-09-18 23:26:36,015 [INFO] [68/121] 창동 신경제 중심지 (primary=KEY_4)
2026-09-18 23:26:37,602 [INFO] [69/121] 청담동 명품거리 (primary=KEY_1)
2026-09-18 23:26:38,913 [INFO] [70/121] 청량리 제기동 일대 전통시장 (primary=KEY_2)
2026-09-18 23:26:40,189 [INFO] [71/121] 해방촌·경리단길 (primary=KEY_3)
2026-09-18 23:26:41,262 [INFO] [72/121] DDP(동대문디자인플라자) (primary=KEY_4)
2026-09-18 23:26:42,514 [INFO] [73/121] DMC(디지털미디어시티) (primary=KEY_1)
2026-09-18 23:26:44,135 [INFO] [74/121] 가산디지털단지역 (primary=KEY_2)
2026-09-18 23:26:46,545 [INFO] [75/121] 강남역 (primary=KEY_3)
2026-09-18 23:26:48,009 [INFO] [76/121] 건대입구역 (primary=KEY_4)
2026-09-18 23:26:49,259 [INFO] [77/121] 고덕역 (primary=KEY_1)
2026-09-18 23:26:50,494 [INFO] [78/121] 고속터미널역 (primary=KEY_2)
2026-09-18 23:26:51,744 [INFO] [79/121] 교대역 (primary=KEY_3)
2026-09-18 23:26:53,084 [INFO] [80/121] 구로디지털단지역 (primary=KEY_4)
2026-09-18 23:26:54,653 [INFO] [81/121] 구로역 (primary=KEY_1)
2026-09-18 23:26:55,889 [INFO] [82/121] 군자역 (primary=KEY_2)
2026-09-18 23:26:57,139 [INFO] [83/121] 대림역 (primary=KEY_3)
2026-09-18 23:26:58,384 [INFO] [84/121] 동대문역 (primary=KEY_4)
2026-09-18 23:26:59,645 [INFO] [85/121] 뚝섬역 (primary=KEY_1)
2026-09-18 23:27:00,914 [INFO] [86/121] 미아사거리역 (primary=KEY_2)
2026-09-18 23:27:02,141 [INFO] [87/121] 발산역 (primary=KEY_3)
2026-09-18 23:27:03,687 [INFO] [88/121] 사당역 (primary=KEY_4)
2026-09-18 23:27:04,934 [INFO] [89/121] 삼각지역 (primary=KEY_1)
2026-09-18 23:27:06,178 [INFO] [90/121] 서울대입구역 (primary=KEY_2)
2026-09-18 23:27:07,435 [INFO] [91/121] 서울식물원·마곡나루역 (primary=KEY_3)
2026-09-18 23:27:08,882 [INFO] [92/121] 서울역 (primary=KEY_4)
2026-09-18 23:27:10,348 [INFO] [93/121] 선릉역 (primary=KEY_1)
2026-09-18 23:27:12,037 [INFO] [94/121] 성신여대입구역 (primary=KEY_2)
2026-09-18 23:27:13,115 [INFO] [95/121] 수유역 (primary=KEY_3)
2026-09-18 23:27:14,404 [INFO] [96/121] 숭례문 (primary=KEY_4)
2026-09-18 23:27:15,697 [INFO] [97/121] 시의회 앞 (primary=KEY_1)
2026-09-18 23:27:16,943 [INFO] [98/121] 신논현역·논현역 (primary=KEY_2)
2026-09-18 23:27:18,217 [INFO] [99/121] 신도림역 (primary=KEY_3)
2026-09-18 23:27:20,379 [INFO] [100/121] 신림역 (primary=KEY_4)
2026-09-18 23:27:21,617 [INFO] [101/121] 신정네거리역 (primary=KEY_1)
2026-09-18 23:27:22,868 [INFO] [102/121] 신촌·이대역 (primary=KEY_2)
2026-09-18 23:27:24,111 [INFO] [103/121] 쌍문역 (primary=KEY_3)
2026-09-18 23:27:25,343 [INFO] [104/121] 양재역 (primary=KEY_4)
2026-09-18 23:27:27,259 [INFO] [105/121] 역삼역 (primary=KEY_1)
2026-09-18 23:27:29,630 [INFO] [106/121] 연신내역 (primary=KEY_2)
2026-09-18 23:27:31,382 [INFO] [107/121] 오목교역·목동운동장 (primary=KEY_3)
2026-09-18 23:27:33,965 [INFO] [108/121] 왕십리역 (primary=KEY_4)
2026-09-18 23:27:36,230 [INFO] [109/121] 용산역 (primary=KEY_1)
2026-09-18 23:27:38,641 [INFO] [110/121] 이태원역 (primary=KEY_2)
2026-09-18 23:27:39,883 [INFO] [111/121] 잠실새내역 (primary=KEY_3)
2026-09-18 23:27:41,322 [INFO] [112/121] 잠실역 (primary=KEY_4)
2026-09-18 23:27:43,474 [INFO] [113/121] 장지역 (primary=KEY_1)
2026-09-18 23:27:44,873 [INFO] [114/121] 장한평역 (primary=KEY_2)
2026-09-18 23:27:46,115 [INFO] [115/121] 천호역 (primary=KEY_3)
2026-09-18 23:27:48,550 [INFO] [116/121] 총신대입구(이수)역 (primary=KEY_4)
2026-09-18 23:27:50,611 [INFO] [117/121] 충정로역 (primary=KEY_1)
2026-09-18 23:27:52,862 [INFO] [118/121] 합정역 (primary=KEY_2)
2026-09-18 23:27:55,077 [INFO] [119/121] 혜화역 (primary=KEY_3)
2026-09-18 23:27:56,990 [INFO] [120/121] 홍대입구역(2호선) (primary=KEY_4)
2026-09-18 23:27:58,229 [INFO] [121/121] 회기역 (primary=KEY_1)
2026-09-18 23:28:00,301 [INFO] === 수집 완료 | 성공 121, 실패 0 ===
2026-09-18 23:28:00,301 [INFO] 카테고리별 저장 결과:
2026-09-18 23:28:00,301 [INFO]    accident                  | 신규     4행 | 누적     22행 | 16컬럼
2026-09-18 23:28:00,301 [INFO]    area_meta                 | 신규   121행 | 누적    605행 | 5컬럼
2026-09-18 23:28:00,301 [INFO]    bike                      | 신규    10행 | 누적     50행 | 12컬럼
2026-09-18 23:28:00,301 [INFO]    bike_sbike_stts           | 신규   574행 | 누적   2862행 | 12컬럼
2026-09-18 23:28:00,301 [INFO]    bus                       | 신규     3행 | 누적     15행 | 11컬럼
2026-09-18 23:28:00,301 [INFO]    bus_bus_stn_stts          | 신규  1745행 | 누적   8725행 | 11컬럼
2026-09-18 23:28:00,301 [INFO]    charger                   | 신규     4행 | 누적     20행 | 15컬럼
2026-09-18 23:28:00,301 [INFO]    charger_charger_stts      | 신규  1918행 | 누적   9521행 | 15컬럼
2026-09-18 23:28:00,301 [INFO]    cmrcl                     | 신규    82행 | 누적    410행 | 20컬럼
2026-09-18 23:28:00,301 [INFO]    events                    | 신규    20행 | 누적     96행 | 14컬럼
2026-09-18 23:28:00,301 [INFO]    events_event_stts         | 신규    63행 | 누적    379행 | 14컬럼
2026-09-18 23:28:00,301 [INFO]    parking                   | 신규     6행 | 누적     30행 | 21컬럼
2026-09-18 23:28:00,301 [INFO]    parking_prk_stts          | 신규  1832행 | 누적   9160행 | 21컬럼
2026-09-18 23:28:00,301 [INFO]    ppltn                     | 신규   121행 | 누적    605행 | 26컬럼
2026-09-18 23:28:00,301 [INFO]    road                      | 신규   121행 | 누적    605행 | 21컬럼
2026-09-18 23:28:00,302 [INFO]    road_road_traffic_stts    | 신규  5298행 | 누적  26490행 | 17컬럼
2026-09-18 23:28:00,302 [INFO]    subway                    | 신규    38행 | 누적    190행 | 12컬럼
2026-09-18 23:28:00,302 [INFO]    subway_sub_stts           | 신규   183행 | 누적    915행 | 13컬럼
2026-09-18 23:28:00,302 [INFO]    weather                   | 신규   119행 | 누적    595행 | 29컬럼
2026-09-18 23:28:00,302 [INFO] 키별 사용량:
2026-09-18 23:28:00,302 [INFO]    🟢 KEY_1 (31/1000) 
2026-09-18 23:28:00,302 [INFO]    🟢 KEY_2 (30/1000) 
2026-09-18 23:28:00,302 [INFO]    🟢 KEY_3 (30/1000) 
2026-09-18 23:28:00,302 [INFO]    🟢 KEY_4 (30/1000) 
