2026-09-29 00:20:56,512 [INFO] 등록된 키: 4개, 합산 한도 4,000건/일
2026-09-29 00:20:56,513 [INFO] POI 로드: 매뉴얼 v8.5 기준 fallback 121개 (121개 전체)
2026-09-29 00:20:56,513 [INFO] === 수집 시작 2026-09-29T00:20:56.513494+09:00 ===
2026-09-29 00:20:56,513 [INFO] 대상 장소: 121개 | API: citydata (통합)
2026-09-29 00:20:56,513 [INFO] 키 풀: 4/4 활성 | 오늘 사용 0/4000건
2026-09-29 00:20:56,513 [INFO]   [KEY_1] 담당 31장소
2026-09-29 00:20:56,513 [INFO]   [KEY_2] 담당 30장소
2026-09-29 00:20:56,513 [INFO]   [KEY_3] 담당 30장소
2026-09-29 00:20:56,514 [INFO]   [KEY_4] 담당 30장소
2026-09-29 00:20:56,514 [INFO] [1/121] 경복궁 (primary=KEY_1)
2026-09-29 00:20:57,912 [INFO] [2/121] 광화문·덕수궁 (primary=KEY_2)
2026-09-29 00:20:59,652 [INFO] [3/121] 보신각 (primary=KEY_3)
2026-09-29 00:21:01,626 [INFO] [4/121] 서울 암사동 유적 (primary=KEY_4)
2026-09-29 00:21:03,232 [INFO] [5/121] 창덕궁·종묘 (primary=KEY_1)
2026-09-29 00:21:04,589 [INFO] [6/121] 강남 MICE 관광특구 (primary=KEY_2)
2026-09-29 00:21:05,815 [INFO] [7/121] 동대문 관광특구 (primary=KEY_3)
2026-09-29 00:21:07,394 [INFO] [8/121] 명동 관광특구 (primary=KEY_4)
2026-09-29 00:21:09,453 [INFO] [9/121] 이태원 관광특구 (primary=KEY_1)
2026-09-29 00:21:10,740 [INFO] [10/121] 잠실 관광특구 (primary=KEY_2)
2026-09-29 00:21:12,472 [INFO] [11/121] 종로·청계 관광특구 (primary=KEY_3)
2026-09-29 00:21:14,866 [INFO] [12/121] 홍대 관광특구 (primary=KEY_4)
2026-09-29 00:21:16,281 [INFO] [13/121] 강서한강공원 (primary=KEY_1)
2026-09-29 00:21:17,330 [INFO] [14/121] 고척돔 (primary=KEY_2)
2026-09-29 00:21:18,381 [INFO] [15/121] 광나루한강공원 (primary=KEY_3)
2026-09-29 00:21:19,733 [INFO] [16/121] 광화문광장 (primary=KEY_4)
2026-09-29 00:21:21,130 [INFO] [17/121] 국립중앙박물관·용산가족공원 (primary=KEY_1)
2026-09-29 00:21:22,189 [INFO] [18/121] 난지한강공원 (primary=KEY_2)
2026-09-29 00:21:23,388 [INFO] [19/121] 남산공원 (primary=KEY_3)
2026-09-29 00:21:24,955 [INFO] [20/121] 노들섬 (primary=KEY_4)
2026-09-29 00:21:26,155 [INFO] [21/121] 뚝섬한강공원 (primary=KEY_1)
2026-09-29 00:21:27,202 [INFO] [22/121] 망원한강공원 (primary=KEY_2)
2026-09-29 00:21:29,076 [INFO] [23/121] 반포한강공원 (primary=KEY_3)
2026-09-29 00:21:30,820 [INFO] [24/121] 보라매공원 (primary=KEY_4)
2026-09-29 00:21:31,894 [INFO] [25/121] 북서울꿈의숲 (primary=KEY_1)
2026-09-29 00:21:33,125 [INFO] [26/121] 서대문독립공원 (primary=KEY_2)
2026-09-29 00:21:34,191 [INFO] [27/121] 서리풀공원·몽마르뜨공원 (primary=KEY_3)
2026-09-29 00:21:35,602 [INFO] [28/121] 서울대공원 (primary=KEY_4)
2026-09-29 00:21:36,646 [INFO] [29/121] 서울숲공원 (primary=KEY_1)
2026-09-29 00:21:37,863 [INFO] [30/121] 송현녹지광장 (primary=KEY_2)
2026-09-29 00:21:39,918 [INFO] [31/121] 아차산 (primary=KEY_3)
2026-09-29 00:21:40,989 [INFO] [32/121] 안양천 (primary=KEY_4)
2026-09-29 00:21:42,048 [INFO] [33/121] 양화한강공원 (primary=KEY_1)
2026-09-29 00:21:43,268 [INFO] [34/121] 어린이대공원 (primary=KEY_2)
2026-09-29 00:21:44,486 [INFO] [35/121] 여의도한강공원 (primary=KEY_3)
2026-09-29 00:21:45,713 [INFO] [36/121] 여의서로 (primary=KEY_4)
2026-09-29 00:21:46,923 [INFO] [37/121] 올림픽공원 (primary=KEY_1)
2026-09-29 00:21:48,336 [INFO] [38/121] 월드컵공원 (primary=KEY_2)
2026-09-29 00:21:49,742 [INFO] [39/121] 응봉산 (primary=KEY_3)
2026-09-29 00:21:50,936 [INFO] [40/121] 이촌한강공원 (primary=KEY_4)
2026-09-29 00:21:51,988 [INFO] [41/121] 잠실종합운동장 (primary=KEY_1)
2026-09-29 00:21:53,052 [INFO] [42/121] 잠실한강공원 (primary=KEY_2)
2026-09-29 00:21:54,277 [INFO] [43/121] 잠원한강공원 (primary=KEY_3)
2026-09-29 00:21:55,320 [INFO] [44/121] 청계산 (primary=KEY_4)
2026-09-29 00:21:56,367 [INFO] [45/121] 홍제폭포 (primary=KEY_1)
2026-09-29 00:21:57,440 [INFO] [46/121] 가락시장 (primary=KEY_2)
2026-09-29 00:21:58,672 [INFO] [47/121] 가로수길 (primary=KEY_3)
2026-09-29 00:21:59,923 [INFO] [48/121] 광장(전통)시장 (primary=KEY_4)
2026-09-29 00:22:00,985 [INFO] [49/121] 김포공항 (primary=KEY_1)
2026-09-29 00:22:02,387 [INFO] [50/121] 남대문시장 (primary=KEY_2)
2026-09-29 00:22:03,778 [INFO] [51/121] 노량진 (primary=KEY_3)
2026-09-29 00:22:05,011 [INFO] [52/121] 덕수궁길·정동길 (primary=KEY_4)
2026-09-29 00:22:06,267 [INFO] [53/121] 북창동 먹자골목 (primary=KEY_1)
2026-09-29 00:22:07,482 [INFO] [54/121] 북촌한옥마을 (primary=KEY_2)
2026-09-29 00:22:08,883 [INFO] [55/121] 서촌 (primary=KEY_3)
2026-09-29 00:22:10,097 [INFO] [56/121] 성수카페거리 (primary=KEY_4)
2026-09-29 00:22:11,514 [INFO] [57/121] 송리단길·호수단길 (primary=KEY_1)
2026-09-29 00:22:12,752 [INFO] [58/121] 신촌 스타광장 (primary=KEY_2)
2026-09-29 00:22:13,801 [INFO] [59/121] 압구정로데오거리 (primary=KEY_3)
2026-09-29 00:22:15,034 [INFO] [60/121] 여의도 (primary=KEY_4)
2026-09-29 00:22:17,151 [INFO] [61/121] 연남동 (primary=KEY_1)
2026-09-29 00:22:18,365 [INFO] [62/121] 영등포 타임스퀘어 (primary=KEY_2)
2026-09-29 00:22:19,577 [INFO] [63/121] 용리단길 (primary=KEY_3)
2026-09-29 00:22:20,645 [INFO] [64/121] 이태원 앤틱가구거리 (primary=KEY_4)
2026-09-29 00:22:21,872 [INFO] [65/121] 익선동 (primary=KEY_1)
2026-09-29 00:22:23,120 [INFO] [66/121] 인사동 (primary=KEY_2)
2026-09-29 00:22:24,534 [INFO] [67/121] 잠실롯데타워·석촌호수 (primary=KEY_3)
2026-09-29 00:22:26,106 [INFO] [68/121] 창동 신경제 중심지 (primary=KEY_4)
2026-09-29 00:22:27,689 [INFO] [69/121] 청담동 명품거리 (primary=KEY_1)
2026-09-29 00:22:29,000 [INFO] [70/121] 청량리 제기동 일대 전통시장 (primary=KEY_2)
2026-09-29 00:22:30,429 [INFO] [71/121] 해방촌·경리단길 (primary=KEY_3)
2026-09-29 00:22:31,527 [INFO] [72/121] DDP(동대문디자인플라자) (primary=KEY_4)
2026-09-29 00:22:32,768 [INFO] [73/121] DMC(디지털미디어시티) (primary=KEY_1)
2026-09-29 00:22:34,397 [INFO] [74/121] 가산디지털단지역 (primary=KEY_2)
2026-09-29 00:22:36,124 [INFO] [75/121] 강남역 (primary=KEY_3)
2026-09-29 00:22:37,674 [INFO] [76/121] 건대입구역 (primary=KEY_4)
2026-09-29 00:22:38,914 [INFO] [77/121] 고덕역 (primary=KEY_1)
2026-09-29 00:22:40,146 [INFO] [78/121] 고속터미널역 (primary=KEY_2)
2026-09-29 00:22:41,416 [INFO] [79/121] 교대역 (primary=KEY_3)
2026-09-29 00:22:42,631 [INFO] [80/121] 구로디지털단지역 (primary=KEY_4)
2026-09-29 00:22:44,212 [INFO] [81/121] 구로역 (primary=KEY_1)
2026-09-29 00:22:45,542 [INFO] [82/121] 군자역 (primary=KEY_2)
2026-09-29 00:22:46,778 [INFO] [83/121] 대림역 (primary=KEY_3)
2026-09-29 00:22:48,016 [INFO] [84/121] 동대문역 (primary=KEY_4)
2026-09-29 00:22:49,248 [INFO] [85/121] 뚝섬역 (primary=KEY_1)
2026-09-29 00:22:50,494 [INFO] [86/121] 미아사거리역 (primary=KEY_2)
2026-09-29 00:22:51,750 [INFO] [87/121] 발산역 (primary=KEY_3)
2026-09-29 00:22:53,307 [INFO] [88/121] 사당역 (primary=KEY_4)
2026-09-29 00:22:54,546 [INFO] [89/121] 삼각지역 (primary=KEY_1)
2026-09-29 00:22:55,780 [INFO] [90/121] 서울대입구역 (primary=KEY_2)
2026-09-29 00:22:57,016 [INFO] [91/121] 서울식물원·마곡나루역 (primary=KEY_3)
2026-09-29 00:22:58,422 [INFO] [92/121] 서울역 (primary=KEY_4)
2026-09-29 00:22:59,845 [INFO] [93/121] 선릉역 (primary=KEY_1)
2026-09-29 00:23:01,425 [INFO] [94/121] 성신여대입구역 (primary=KEY_2)
2026-09-29 00:23:02,587 [INFO] [95/121] 수유역 (primary=KEY_3)
2026-09-29 00:23:03,813 [INFO] [96/121] 숭례문 (primary=KEY_4)
2026-09-29 00:23:05,062 [INFO] [97/121] 시의회 앞 (primary=KEY_1)
2026-09-29 00:23:06,304 [INFO] [98/121] 신논현역·논현역 (primary=KEY_2)
2026-09-29 00:23:07,546 [INFO] [99/121] 신도림역 (primary=KEY_3)
2026-09-29 00:23:08,620 [INFO] [100/121] 신림역 (primary=KEY_4)
2026-09-29 00:23:09,954 [INFO] [101/121] 신정네거리역 (primary=KEY_1)
2026-09-29 00:23:11,209 [INFO] [102/121] 신촌·이대역 (primary=KEY_2)
2026-09-29 00:23:12,453 [INFO] [103/121] 쌍문역 (primary=KEY_3)
2026-09-29 00:23:13,670 [INFO] [104/121] 양재역 (primary=KEY_4)
2026-09-29 00:23:14,932 [INFO] [105/121] 역삼역 (primary=KEY_1)
2026-09-29 00:23:16,346 [INFO] [106/121] 연신내역 (primary=KEY_2)
2026-09-29 00:23:17,423 [INFO] [107/121] 오목교역·목동운동장 (primary=KEY_3)
2026-09-29 00:23:19,159 [INFO] [108/121] 왕십리역 (primary=KEY_4)
2026-09-29 00:23:20,607 [INFO] [109/121] 용산역 (primary=KEY_1)
2026-09-29 00:23:22,029 [INFO] [110/121] 이태원역 (primary=KEY_2)
2026-09-29 00:23:23,107 [INFO] [111/121] 잠실새내역 (primary=KEY_3)
2026-09-29 00:23:24,360 [INFO] [112/121] 잠실역 (primary=KEY_4)
2026-09-29 00:23:25,821 [INFO] [113/121] 장지역 (primary=KEY_1)
2026-09-29 00:23:27,225 [INFO] [114/121] 장한평역 (primary=KEY_2)
2026-09-29 00:23:28,464 [INFO] [115/121] 천호역 (primary=KEY_3)
2026-09-29 00:23:29,705 [INFO] [116/121] 총신대입구(이수)역 (primary=KEY_4)
2026-09-29 00:23:30,957 [INFO] [117/121] 충정로역 (primary=KEY_1)
2026-09-29 00:23:32,204 [INFO] [118/121] 합정역 (primary=KEY_2)
2026-09-29 00:23:33,455 [INFO] [119/121] 혜화역 (primary=KEY_3)
2026-09-29 00:23:34,691 [INFO] [120/121] 홍대입구역(2호선) (primary=KEY_4)
2026-09-29 00:23:35,928 [INFO] [121/121] 회기역 (primary=KEY_1)
2026-09-29 00:23:37,589 [INFO] === 수집 완료 | 성공 121, 실패 0 ===
2026-09-29 00:23:37,589 [INFO] 카테고리별 저장 결과:
2026-09-29 00:23:37,589 [INFO]    accident                  | 신규     2행 | 누적      2행 | 16컬럼
2026-09-29 00:23:37,589 [INFO]    area_meta                 | 신규   121행 | 누적    121행 | 5컬럼
2026-09-29 00:23:37,589 [INFO]    bike                      | 신규    11행 | 누적     11행 | 12컬럼
2026-09-29 00:23:37,590 [INFO]    bike_sbike_stts           | 신규   575행 | 누적    575행 | 12컬럼
2026-09-29 00:23:37,590 [INFO]    bus                       | 신규     3행 | 누적      3행 | 11컬럼
2026-09-29 00:23:37,590 [INFO]    bus_bus_stn_stts          | 신규  1745행 | 누적   1745행 | 11컬럼
2026-09-29 00:23:37,590 [INFO]    charger                   | 신규     4행 | 누적      4행 | 15컬럼
2026-09-29 00:23:37,590 [INFO]    charger_charger_stts      | 신규  1924행 | 누적   1924행 | 15컬럼
2026-09-29 00:23:37,590 [INFO]    cmrcl                     | 신규    82행 | 누적     82행 | 20컬럼
2026-09-29 00:23:37,590 [INFO]    events                    | 신규    13행 | 누적     13행 | 14컬럼
2026-09-29 00:23:37,590 [INFO]    events_event_stts         | 신규   109행 | 누적    109행 | 14컬럼
2026-09-29 00:23:37,590 [INFO]    parking                   | 신규     6행 | 누적      6행 | 21컬럼
2026-09-29 00:23:37,590 [INFO]    parking_prk_stts          | 신규  1832행 | 누적   1832행 | 21컬럼
2026-09-29 00:23:37,590 [INFO]    ppltn                     | 신규   121행 | 누적    121행 | 26컬럼
2026-09-29 00:23:37,590 [INFO]    road                      | 신규   121행 | 누적    121행 | 21컬럼
2026-09-29 00:23:37,590 [INFO]    road_road_traffic_stts    | 신규  5303행 | 누적   5303행 | 17컬럼
2026-09-29 00:23:37,590 [INFO]    subway                    | 신규    38행 | 누적     38행 | 12컬럼
2026-09-29 00:23:37,590 [INFO]    subway_sub_stts           | 신규   183행 | 누적    183행 | 13컬럼
2026-09-29 00:23:37,590 [INFO]    weather                   | 신규   119행 | 누적    119행 | 29컬럼
2026-09-29 00:23:37,590 [INFO] 키별 사용량:
2026-09-29 00:23:37,590 [INFO]    🟢 KEY_1 (31/1000) 
2026-09-29 00:23:37,590 [INFO]    🟢 KEY_2 (30/1000) 
2026-09-29 00:23:37,591 [INFO]    🟢 KEY_3 (30/1000) 
2026-09-29 00:23:37,591 [INFO]    🟢 KEY_4 (30/1000) 
2026-09-29 06:53:23,808 [INFO] 등록된 키: 4개, 합산 한도 4,000건/일
2026-09-29 06:53:23,808 [INFO] POI 로드: 매뉴얼 v8.5 기준 fallback 121개 (121개 전체)
2026-09-29 06:53:23,808 [INFO] === 수집 시작 2026-09-29T06:53:23.808916+09:00 ===
2026-09-29 06:53:23,808 [INFO] 대상 장소: 121개 | API: citydata (통합)
2026-09-29 06:53:23,809 [INFO] 키 풀: 4/4 활성 | 오늘 사용 0/4000건
2026-09-29 06:53:23,809 [INFO]   [KEY_1] 담당 31장소
2026-09-29 06:53:23,809 [INFO]   [KEY_2] 담당 30장소
2026-09-29 06:53:23,809 [INFO]   [KEY_3] 담당 30장소
2026-09-29 06:53:23,809 [INFO]   [KEY_4] 담당 30장소
2026-09-29 06:53:23,809 [INFO] [1/121] 경복궁 (primary=KEY_1)
2026-09-29 06:53:25,528 [INFO] [2/121] 광화문·덕수궁 (primary=KEY_2)
2026-09-29 06:53:27,505 [INFO] [3/121] 보신각 (primary=KEY_3)
2026-09-29 06:53:28,734 [INFO] [4/121] 서울 암사동 유적 (primary=KEY_4)
2026-09-29 06:53:30,191 [INFO] [5/121] 창덕궁·종묘 (primary=KEY_1)
2026-09-29 06:53:31,385 [INFO] [6/121] 강남 MICE 관광특구 (primary=KEY_2)
2026-09-29 06:53:32,612 [INFO] [7/121] 동대문 관광특구 (primary=KEY_3)
2026-09-29 06:53:33,979 [INFO] [8/121] 명동 관광특구 (primary=KEY_4)
2026-09-29 06:53:35,505 [INFO] [9/121] 이태원 관광특구 (primary=KEY_1)
2026-09-29 06:53:36,773 [INFO] [10/121] 잠실 관광특구 (primary=KEY_2)
2026-09-29 06:53:38,283 [INFO] [11/121] 종로·청계 관광특구 (primary=KEY_3)
2026-09-29 06:53:39,661 [INFO] [12/121] 홍대 관광특구 (primary=KEY_4)
2026-09-29 06:53:41,164 [INFO] [13/121] 강서한강공원 (primary=KEY_1)
2026-09-29 06:53:42,103 [INFO] [14/121] 고척돔 (primary=KEY_2)
2026-09-29 06:53:43,045 [INFO] [15/121] 광나루한강공원 (primary=KEY_3)
2026-09-29 06:53:44,113 [INFO] [16/121] 광화문광장 (primary=KEY_4)
2026-09-29 06:53:45,218 [INFO] [17/121] 국립중앙박물관·용산가족공원 (primary=KEY_1)
2026-09-29 06:53:46,312 [INFO] [18/121] 난지한강공원 (primary=KEY_2)
2026-09-29 06:53:47,382 [INFO] [19/121] 남산공원 (primary=KEY_3)
2026-09-29 06:53:48,620 [INFO] [20/121] 노들섬 (primary=KEY_4)
2026-09-29 06:53:49,702 [INFO] [21/121] 뚝섬한강공원 (primary=KEY_1)
2026-09-29 06:53:50,663 [INFO] [22/121] 망원한강공원 (primary=KEY_2)
2026-09-29 06:53:51,893 [INFO] [23/121] 반포한강공원 (primary=KEY_3)
2026-09-29 06:53:52,850 [INFO] [24/121] 보라매공원 (primary=KEY_4)
2026-09-29 06:53:53,818 [INFO] [25/121] 북서울꿈의숲 (primary=KEY_1)
2026-09-29 06:53:54,948 [INFO] [26/121] 서대문독립공원 (primary=KEY_2)
2026-09-29 06:53:56,039 [INFO] [27/121] 서리풀공원·몽마르뜨공원 (primary=KEY_3)
2026-09-29 06:53:57,145 [INFO] [28/121] 서울대공원 (primary=KEY_4)
2026-09-29 06:53:58,101 [INFO] [29/121] 서울숲공원 (primary=KEY_1)
2026-09-29 06:53:59,192 [INFO] [30/121] 송현녹지광장 (primary=KEY_2)
2026-09-29 06:54:00,300 [INFO] [31/121] 아차산 (primary=KEY_3)
2026-09-29 06:54:01,241 [INFO] [32/121] 안양천 (primary=KEY_4)
2026-09-29 06:54:02,200 [INFO] [33/121] 양화한강공원 (primary=KEY_1)
2026-09-29 06:54:03,151 [INFO] [34/121] 어린이대공원 (primary=KEY_2)
2026-09-29 06:54:04,236 [INFO] [35/121] 여의도한강공원 (primary=KEY_3)
2026-09-29 06:54:05,943 [INFO] [36/121] 여의서로 (primary=KEY_4)
2026-09-29 06:54:07,661 [INFO] [37/121] 올림픽공원 (primary=KEY_1)
2026-09-29 06:54:08,775 [INFO] [38/121] 월드컵공원 (primary=KEY_2)
2026-09-29 06:54:10,008 [INFO] [39/121] 응봉산 (primary=KEY_3)
2026-09-29 06:54:11,098 [INFO] [40/121] 이촌한강공원 (primary=KEY_4)
2026-09-29 06:54:12,036 [INFO] [41/121] 잠실종합운동장 (primary=KEY_1)
2026-09-29 06:54:13,048 [INFO] [42/121] 잠실한강공원 (primary=KEY_2)
2026-09-29 06:54:14,028 [INFO] [43/121] 잠원한강공원 (primary=KEY_3)
2026-09-29 06:54:14,980 [INFO] [44/121] 청계산 (primary=KEY_4)
2026-09-29 06:54:15,927 [INFO] [45/121] 홍제폭포 (primary=KEY_1)
2026-09-29 06:54:16,888 [INFO] [46/121] 가락시장 (primary=KEY_2)
2026-09-29 06:54:17,999 [INFO] [47/121] 가로수길 (primary=KEY_3)
2026-09-29 06:54:19,108 [INFO] [48/121] 광장(전통)시장 (primary=KEY_4)
2026-09-29 06:54:20,087 [INFO] [49/121] 김포공항 (primary=KEY_1)
2026-09-29 06:54:21,344 [INFO] [50/121] 남대문시장 (primary=KEY_2)
2026-09-29 06:54:22,427 [INFO] [51/121] 노량진 (primary=KEY_3)
2026-09-29 06:54:23,530 [INFO] [52/121] 덕수궁길·정동길 (primary=KEY_4)
2026-09-29 06:54:24,639 [INFO] [53/121] 북창동 먹자골목 (primary=KEY_1)
2026-09-29 06:54:25,718 [INFO] [54/121] 북촌한옥마을 (primary=KEY_2)
2026-09-29 06:54:26,938 [INFO] [55/121] 서촌 (primary=KEY_3)
2026-09-29 06:54:28,044 [INFO] [56/121] 성수카페거리 (primary=KEY_4)
2026-09-29 06:54:29,259 [INFO] [57/121] 송리단길·호수단길 (primary=KEY_1)
2026-09-29 06:54:30,388 [INFO] [58/121] 신촌 스타광장 (primary=KEY_2)
2026-09-29 06:54:31,369 [INFO] [59/121] 압구정로데오거리 (primary=KEY_3)
2026-09-29 06:54:32,582 [INFO] [60/121] 여의도 (primary=KEY_4)
2026-09-29 06:54:34,236 [INFO] [61/121] 연남동 (primary=KEY_1)
2026-09-29 06:54:35,336 [INFO] [62/121] 영등포 타임스퀘어 (primary=KEY_2)
2026-09-29 06:54:36,410 [INFO] [63/121] 용리단길 (primary=KEY_3)
2026-09-29 06:54:37,368 [INFO] [64/121] 이태원 앤틱가구거리 (primary=KEY_4)
2026-09-29 06:54:38,453 [INFO] [65/121] 익선동 (primary=KEY_1)
2026-09-29 06:54:39,556 [INFO] [66/121] 인사동 (primary=KEY_2)
2026-09-29 06:54:40,787 [INFO] [67/121] 잠실롯데타워·석촌호수 (primary=KEY_3)
2026-09-29 06:54:42,123 [INFO] [68/121] 창동 신경제 중심지 (primary=KEY_4)
2026-09-29 06:54:43,517 [INFO] [69/121] 청담동 명품거리 (primary=KEY_1)
2026-09-29 06:54:44,603 [INFO] [70/121] 청량리 제기동 일대 전통시장 (primary=KEY_2)
2026-09-29 06:54:45,716 [INFO] [71/121] 해방촌·경리단길 (primary=KEY_3)
2026-09-29 06:54:46,743 [INFO] [72/121] DDP(동대문디자인플라자) (primary=KEY_4)
2026-09-29 06:54:47,844 [INFO] [73/121] DMC(디지털미디어시티) (primary=KEY_1)
2026-09-29 06:54:49,225 [INFO] [74/121] 가산디지털단지역 (primary=KEY_2)
2026-09-29 06:54:50,713 [INFO] [75/121] 강남역 (primary=KEY_3)
2026-09-29 06:54:51,996 [INFO] [76/121] 건대입구역 (primary=KEY_4)
2026-09-29 06:54:53,102 [INFO] [77/121] 고덕역 (primary=KEY_1)
2026-09-29 06:54:54,200 [INFO] [78/121] 고속터미널역 (primary=KEY_2)
2026-09-29 06:54:55,314 [INFO] [79/121] 교대역 (primary=KEY_3)
2026-09-29 06:54:56,392 [INFO] [80/121] 구로디지털단지역 (primary=KEY_4)
2026-09-29 06:54:57,747 [INFO] [81/121] 구로역 (primary=KEY_1)
2026-09-29 06:54:58,826 [INFO] [82/121] 군자역 (primary=KEY_2)
2026-09-29 06:54:59,924 [INFO] [83/121] 대림역 (primary=KEY_3)
2026-09-29 06:55:01,006 [INFO] [84/121] 동대문역 (primary=KEY_4)
2026-09-29 06:55:02,161 [INFO] [85/121] 뚝섬역 (primary=KEY_1)
2026-09-29 06:55:03,295 [INFO] [86/121] 미아사거리역 (primary=KEY_2)
2026-09-29 06:55:04,411 [INFO] [87/121] 발산역 (primary=KEY_3)
2026-09-29 06:55:05,688 [INFO] [88/121] 사당역 (primary=KEY_4)
2026-09-29 06:55:06,763 [INFO] [89/121] 삼각지역 (primary=KEY_1)
2026-09-29 06:55:07,867 [INFO] [90/121] 서울대입구역 (primary=KEY_2)
2026-09-29 06:55:08,960 [INFO] [91/121] 서울식물원·마곡나루역 (primary=KEY_3)
2026-09-29 06:55:10,355 [INFO] [92/121] 서울역 (primary=KEY_4)
2026-09-29 06:55:11,748 [INFO] [93/121] 선릉역 (primary=KEY_1)
2026-09-29 06:55:13,095 [INFO] [94/121] 성신여대입구역 (primary=KEY_2)
2026-09-29 06:55:14,049 [INFO] [95/121] 수유역 (primary=KEY_3)
2026-09-29 06:55:15,131 [INFO] [96/121] 숭례문 (primary=KEY_4)
2026-09-29 06:55:16,390 [INFO] [97/121] 시의회 앞 (primary=KEY_1)
2026-09-29 06:55:17,577 [INFO] [98/121] 신논현역·논현역 (primary=KEY_2)
2026-09-29 06:55:18,668 [INFO] [99/121] 신도림역 (primary=KEY_3)
2026-09-29 06:55:19,635 [INFO] [100/121] 신림역 (primary=KEY_4)
2026-09-29 06:55:20,708 [INFO] [101/121] 신정네거리역 (primary=KEY_1)
2026-09-29 06:55:21,819 [INFO] [102/121] 신촌·이대역 (primary=KEY_2)
2026-09-29 06:55:22,916 [INFO] [103/121] 쌍문역 (primary=KEY_3)
2026-09-29 06:55:24,125 [INFO] [104/121] 양재역 (primary=KEY_4)
2026-09-29 06:55:25,212 [INFO] [105/121] 역삼역 (primary=KEY_1)
2026-09-29 06:55:26,429 [INFO] [106/121] 연신내역 (primary=KEY_2)
2026-09-29 06:55:27,394 [INFO] [107/121] 오목교역·목동운동장 (primary=KEY_3)
2026-09-29 06:55:28,864 [INFO] [108/121] 왕십리역 (primary=KEY_4)
2026-09-29 06:55:30,083 [INFO] [109/121] 용산역 (primary=KEY_1)
2026-09-29 06:55:31,297 [INFO] [110/121] 이태원역 (primary=KEY_2)
2026-09-29 06:55:32,266 [INFO] [111/121] 잠실새내역 (primary=KEY_3)
2026-09-29 06:55:33,356 [INFO] [112/121] 잠실역 (primary=KEY_4)
2026-09-29 06:55:34,670 [INFO] [113/121] 장지역 (primary=KEY_1)
2026-09-29 06:55:35,904 [INFO] [114/121] 장한평역 (primary=KEY_2)
2026-09-29 06:55:37,009 [INFO] [115/121] 천호역 (primary=KEY_3)
2026-09-29 06:55:38,103 [INFO] [116/121] 총신대입구(이수)역 (primary=KEY_4)
2026-09-29 06:55:39,191 [INFO] [117/121] 충정로역 (primary=KEY_1)
2026-09-29 06:55:40,313 [INFO] [118/121] 합정역 (primary=KEY_2)
2026-09-29 06:55:41,419 [INFO] [119/121] 혜화역 (primary=KEY_3)
2026-09-29 06:55:42,614 [INFO] [120/121] 홍대입구역(2호선) (primary=KEY_4)
2026-09-29 06:55:43,711 [INFO] [121/121] 회기역 (primary=KEY_1)
2026-09-29 06:55:45,223 [INFO] === 수집 완료 | 성공 121, 실패 0 ===
2026-09-29 06:55:45,223 [INFO] 카테고리별 저장 결과:
2026-09-29 06:55:45,224 [INFO]    accident                  | 신규     3행 | 누적      5행 | 16컬럼
2026-09-29 06:55:45,224 [INFO]    area_meta                 | 신규   121행 | 누적    242행 | 5컬럼
2026-09-29 06:55:45,224 [INFO]    bike                      | 신규    11행 | 누적     22행 | 12컬럼
2026-09-29 06:55:45,224 [INFO]    bike_sbike_stts           | 신규   575행 | 누적   1150행 | 12컬럼
2026-09-29 06:55:45,224 [INFO]    bus                       | 신규     3행 | 누적      6행 | 11컬럼
2026-09-29 06:55:45,224 [INFO]    bus_bus_stn_stts          | 신규  1745행 | 누적   3490행 | 11컬럼
2026-09-29 06:55:45,224 [INFO]    charger                   | 신규     4행 | 누적      8행 | 15컬럼
2026-09-29 06:55:45,224 [INFO]    charger_charger_stts      | 신규  1924행 | 누적   3822행 | 15컬럼
2026-09-29 06:55:45,224 [INFO]    cmrcl                     | 신규    82행 | 누적    164행 | 21컬럼
2026-09-29 06:55:45,224 [INFO]    events                    | 신규    12행 | 누적     25행 | 14컬럼
2026-09-29 06:55:45,224 [INFO]    events_event_stts         | 신규   111행 | 누적    220행 | 14컬럼
2026-09-29 06:55:45,224 [INFO]    parking                   | 신규     6행 | 누적     12행 | 21컬럼
2026-09-29 06:55:45,224 [INFO]    parking_prk_stts          | 신규  1832행 | 누적   3664행 | 21컬럼
2026-09-29 06:55:45,224 [INFO]    ppltn                     | 신규   121행 | 누적    242행 | 26컬럼
2026-09-29 06:55:45,224 [INFO]    road                      | 신규   121행 | 누적    242행 | 21컬럼
2026-09-29 06:55:45,224 [INFO]    road_road_traffic_stts    | 신규  5303행 | 누적  10606행 | 17컬럼
2026-09-29 06:55:45,224 [INFO]    subway                    | 신규    38행 | 누적     76행 | 12컬럼
2026-09-29 06:55:45,224 [INFO]    subway_sub_stts           | 신규   183행 | 누적    366행 | 13컬럼
2026-09-29 06:55:45,224 [INFO]    weather                   | 신규   119행 | 누적    238행 | 29컬럼
2026-09-29 06:55:45,224 [INFO] 키별 사용량:
2026-09-29 06:55:45,224 [INFO]    🟢 KEY_1 (31/1000) 
2026-09-29 06:55:45,224 [INFO]    🟢 KEY_2 (30/1000) 
2026-09-29 06:55:45,224 [INFO]    🟢 KEY_3 (30/1000) 
2026-09-29 06:55:45,224 [INFO]    🟢 KEY_4 (30/1000) 
2026-09-29 10:49:56,050 [INFO] 등록된 키: 4개, 합산 한도 4,000건/일
2026-09-29 10:49:56,051 [INFO] POI 로드: 매뉴얼 v8.5 기준 fallback 121개 (121개 전체)
2026-09-29 10:49:56,051 [INFO] === 수집 시작 2026-09-29T10:49:56.051088+09:00 ===
2026-09-29 10:49:56,051 [INFO] 대상 장소: 121개 | API: citydata (통합)
2026-09-29 10:49:56,051 [INFO] 키 풀: 4/4 활성 | 오늘 사용 0/4000건
2026-09-29 10:49:56,051 [INFO]   [KEY_1] 담당 31장소
2026-09-29 10:49:56,051 [INFO]   [KEY_2] 담당 30장소
2026-09-29 10:49:56,051 [INFO]   [KEY_3] 담당 30장소
2026-09-29 10:49:56,051 [INFO]   [KEY_4] 담당 30장소
2026-09-29 10:49:56,051 [INFO] [1/121] 경복궁 (primary=KEY_1)
2026-09-29 10:49:58,200 [INFO] [2/121] 광화문·덕수궁 (primary=KEY_2)
2026-09-29 10:50:00,536 [INFO] [3/121] 보신각 (primary=KEY_3)
2026-09-29 10:50:02,082 [INFO] [4/121] 서울 암사동 유적 (primary=KEY_4)
2026-09-29 10:50:03,829 [INFO] [5/121] 창덕궁·종묘 (primary=KEY_1)
2026-09-29 10:50:05,381 [INFO] [6/121] 강남 MICE 관광특구 (primary=KEY_2)
2026-09-29 10:50:07,339 [INFO] [7/121] 동대문 관광특구 (primary=KEY_3)
2026-09-29 10:50:09,661 [INFO] [8/121] 명동 관광특구 (primary=KEY_4)
2026-09-29 10:50:12,057 [INFO] [9/121] 이태원 관광특구 (primary=KEY_1)
2026-09-29 10:50:14,579 [INFO] [10/121] 잠실 관광특구 (primary=KEY_2)
2026-09-29 10:50:17,325 [INFO] [11/121] 종로·청계 관광특구 (primary=KEY_3)
2026-09-29 10:50:18,891 [INFO] [12/121] 홍대 관광특구 (primary=KEY_4)
2026-09-29 10:50:20,433 [INFO] [13/121] 강서한강공원 (primary=KEY_1)
2026-09-29 10:50:22,353 [INFO] [14/121] 고척돔 (primary=KEY_2)
2026-09-29 10:50:24,444 [INFO] [15/121] 광나루한강공원 (primary=KEY_3)
2026-09-29 10:50:25,777 [INFO] [16/121] 광화문광장 (primary=KEY_4)
2026-09-29 10:50:27,111 [INFO] [17/121] 국립중앙박물관·용산가족공원 (primary=KEY_1)
2026-09-29 10:50:28,258 [INFO] [18/121] 난지한강공원 (primary=KEY_2)
2026-09-29 10:50:29,406 [INFO] [19/121] 남산공원 (primary=KEY_3)
2026-09-29 10:50:31,140 [INFO] [20/121] 노들섬 (primary=KEY_4)
2026-09-29 10:50:32,262 [INFO] [21/121] 뚝섬한강공원 (primary=KEY_1)
2026-09-29 10:50:34,391 [INFO] [22/121] 망원한강공원 (primary=KEY_2)
2026-09-29 10:50:36,916 [INFO] [23/121] 반포한강공원 (primary=KEY_3)
2026-09-29 10:50:39,246 [INFO] [24/121] 보라매공원 (primary=KEY_4)
2026-09-29 10:50:40,555 [INFO] [25/121] 북서울꿈의숲 (primary=KEY_1)
2026-09-29 10:50:41,908 [INFO] [26/121] 서대문독립공원 (primary=KEY_2)
2026-09-29 10:50:43,079 [INFO] [27/121] 서리풀공원·몽마르뜨공원 (primary=KEY_3)
2026-09-29 10:50:45,076 [INFO] [28/121] 서울대공원 (primary=KEY_4)
2026-09-29 10:50:46,210 [INFO] [29/121] 서울숲공원 (primary=KEY_1)
2026-09-29 10:50:48,319 [INFO] [30/121] 송현녹지광장 (primary=KEY_2)
2026-09-29 10:50:49,873 [INFO] [31/121] 아차산 (primary=KEY_3)
2026-09-29 10:50:51,000 [INFO] [32/121] 안양천 (primary=KEY_4)
2026-09-29 10:50:52,729 [INFO] [33/121] 양화한강공원 (primary=KEY_1)
2026-09-29 10:50:53,872 [INFO] [34/121] 어린이대공원 (primary=KEY_2)
2026-09-29 10:50:56,206 [INFO] [35/121] 여의도한강공원 (primary=KEY_3)
2026-09-29 10:50:57,545 [INFO] [36/121] 여의서로 (primary=KEY_4)
2026-09-29 10:50:58,681 [INFO] [37/121] 올림픽공원 (primary=KEY_1)
2026-09-29 10:51:00,023 [INFO] [38/121] 월드컵공원 (primary=KEY_2)
2026-09-29 10:51:01,582 [INFO] [39/121] 응봉산 (primary=KEY_3)
2026-09-29 10:51:04,065 [INFO] [40/121] 이촌한강공원 (primary=KEY_4)
2026-09-29 10:51:06,008 [INFO] [41/121] 잠실종합운동장 (primary=KEY_1)
2026-09-29 10:51:07,151 [INFO] [42/121] 잠실한강공원 (primary=KEY_2)
2026-09-29 10:51:08,305 [INFO] [43/121] 잠원한강공원 (primary=KEY_3)
2026-09-29 10:51:10,209 [INFO] [44/121] 청계산 (primary=KEY_4)
2026-09-29 10:51:12,176 [INFO] [45/121] 홍제폭포 (primary=KEY_1)
2026-09-29 10:51:13,309 [INFO] [46/121] 가락시장 (primary=KEY_2)
2026-09-29 10:51:14,659 [INFO] [47/121] 가로수길 (primary=KEY_3)
2026-09-29 10:51:17,195 [INFO] [48/121] 광장(전통)시장 (primary=KEY_4)
2026-09-29 10:51:18,474 [INFO] [49/121] 김포공항 (primary=KEY_1)
2026-09-29 10:51:20,008 [INFO] [50/121] 남대문시장 (primary=KEY_2)
2026-09-29 10:51:21,366 [INFO] [51/121] 노량진 (primary=KEY_3)
2026-09-29 10:51:22,713 [INFO] [52/121] 덕수궁길·정동길 (primary=KEY_4)
2026-09-29 10:51:24,033 [INFO] [53/121] 북창동 먹자골목 (primary=KEY_1)
2026-09-29 10:51:25,374 [INFO] [54/121] 북촌한옥마을 (primary=KEY_2)
2026-09-29 10:51:26,931 [INFO] [55/121] 서촌 (primary=KEY_3)
2026-09-29 10:51:28,367 [INFO] [56/121] 성수카페거리 (primary=KEY_4)
2026-09-29 10:51:29,915 [INFO] [57/121] 송리단길·호수단길 (primary=KEY_1)
2026-09-29 10:51:32,072 [INFO] [58/121] 신촌 스타광장 (primary=KEY_2)
2026-09-29 10:51:33,209 [INFO] [59/121] 압구정로데오거리 (primary=KEY_3)
2026-09-29 10:51:34,562 [INFO] [60/121] 여의도 (primary=KEY_4)
2026-09-29 10:51:36,789 [INFO] [61/121] 연남동 (primary=KEY_1)
2026-09-29 10:51:38,134 [INFO] [62/121] 영등포 타임스퀘어 (primary=KEY_2)
2026-09-29 10:51:39,481 [INFO] [63/121] 용리단길 (primary=KEY_3)
2026-09-29 10:51:41,521 [INFO] [64/121] 이태원 앤틱가구거리 (primary=KEY_4)
2026-09-29 10:51:42,866 [INFO] [65/121] 익선동 (primary=KEY_1)
2026-09-29 10:51:45,003 [INFO] [66/121] 인사동 (primary=KEY_2)
2026-09-29 10:51:46,570 [INFO] [67/121] 잠실롯데타워·석촌호수 (primary=KEY_3)
2026-09-29 10:51:48,315 [INFO] [68/121] 창동 신경제 중심지 (primary=KEY_4)
2026-09-29 10:51:50,007 [INFO] [69/121] 청담동 명품거리 (primary=KEY_1)
2026-09-29 10:51:51,368 [INFO] [70/121] 청량리 제기동 일대 전통시장 (primary=KEY_2)
2026-09-29 10:51:52,746 [INFO] [71/121] 해방촌·경리단길 (primary=KEY_3)
2026-09-29 10:51:55,060 [INFO] [72/121] DDP(동대문디자인플라자) (primary=KEY_4)
2026-09-29 10:51:56,415 [INFO] [73/121] DMC(디지털미디어시티) (primary=KEY_1)
2026-09-29 10:51:58,165 [INFO] [74/121] 가산디지털단지역 (primary=KEY_2)
2026-09-29 10:52:00,109 [INFO] [75/121] 강남역 (primary=KEY_3)
2026-09-29 10:52:01,704 [INFO] [76/121] 건대입구역 (primary=KEY_4)
2026-09-29 10:52:04,241 [INFO] [77/121] 고덕역 (primary=KEY_1)
2026-09-29 10:52:05,734 [INFO] [78/121] 고속터미널역 (primary=KEY_2)
2026-09-29 10:52:07,875 [INFO] [79/121] 교대역 (primary=KEY_3)
2026-09-29 10:52:09,241 [INFO] [80/121] 구로디지털단지역 (primary=KEY_4)
2026-09-29 10:52:10,995 [INFO] [81/121] 구로역 (primary=KEY_1)
2026-09-29 10:52:12,312 [INFO] [82/121] 군자역 (primary=KEY_2)
2026-09-29 10:52:13,668 [INFO] [83/121] 대림역 (primary=KEY_3)
2026-09-29 10:52:15,023 [INFO] [84/121] 동대문역 (primary=KEY_4)
2026-09-29 10:52:17,177 [INFO] [85/121] 뚝섬역 (primary=KEY_1)
2026-09-29 10:52:18,541 [INFO] [86/121] 미아사거리역 (primary=KEY_2)
2026-09-29 10:52:20,550 [INFO] [87/121] 발산역 (primary=KEY_3)
2026-09-29 10:52:22,274 [INFO] [88/121] 사당역 (primary=KEY_4)
2026-09-29 10:52:23,647 [INFO] [89/121] 삼각지역 (primary=KEY_1)
2026-09-29 10:52:25,126 [INFO] [90/121] 서울대입구역 (primary=KEY_2)
2026-09-29 10:52:26,482 [INFO] [91/121] 서울식물원·마곡나루역 (primary=KEY_3)
2026-09-29 10:52:27,997 [INFO] [92/121] 서울역 (primary=KEY_4)
2026-09-29 10:52:29,553 [INFO] [93/121] 선릉역 (primary=KEY_1)
2026-09-29 10:52:31,337 [INFO] [94/121] 성신여대입구역 (primary=KEY_2)
2026-09-29 10:52:32,523 [INFO] [95/121] 수유역 (primary=KEY_3)
2026-09-29 10:52:34,625 [INFO] [96/121] 숭례문 (primary=KEY_4)
2026-09-29 10:52:36,000 [INFO] [97/121] 시의회 앞 (primary=KEY_1)
2026-09-29 10:52:37,333 [INFO] [98/121] 신논현역·논현역 (primary=KEY_2)
2026-09-29 10:52:38,718 [INFO] [99/121] 신도림역 (primary=KEY_3)
2026-09-29 10:52:39,885 [INFO] [100/121] 신림역 (primary=KEY_4)
2026-09-29 10:52:41,263 [INFO] [101/121] 신정네거리역 (primary=KEY_1)
2026-09-29 10:52:42,614 [INFO] [102/121] 신촌·이대역 (primary=KEY_2)
2026-09-29 10:52:43,945 [INFO] [103/121] 쌍문역 (primary=KEY_3)
2026-09-29 10:52:45,268 [INFO] [104/121] 양재역 (primary=KEY_4)
2026-09-29 10:52:46,653 [INFO] [105/121] 역삼역 (primary=KEY_1)
2026-09-29 10:52:48,217 [INFO] [106/121] 연신내역 (primary=KEY_2)
2026-09-29 10:52:49,395 [INFO] [107/121] 오목교역·목동운동장 (primary=KEY_3)
2026-09-29 10:52:51,304 [INFO] [108/121] 왕십리역 (primary=KEY_4)
2026-09-29 10:52:52,831 [INFO] [109/121] 용산역 (primary=KEY_1)
2026-09-29 10:52:54,390 [INFO] [110/121] 이태원역 (primary=KEY_2)
2026-09-29 10:52:55,587 [INFO] [111/121] 잠실새내역 (primary=KEY_3)
2026-09-29 10:52:57,020 [INFO] [112/121] 잠실역 (primary=KEY_4)
2026-09-29 10:52:58,553 [INFO] [113/121] 장지역 (primary=KEY_1)
2026-09-29 10:53:00,074 [INFO] [114/121] 장한평역 (primary=KEY_2)
2026-09-29 10:53:02,377 [INFO] [115/121] 천호역 (primary=KEY_3)
2026-09-29 10:53:03,948 [INFO] [116/121] 총신대입구(이수)역 (primary=KEY_4)
2026-09-29 10:53:05,322 [INFO] [117/121] 충정로역 (primary=KEY_1)
2026-09-29 10:53:06,676 [INFO] [118/121] 합정역 (primary=KEY_2)
2026-09-29 10:53:08,054 [INFO] [119/121] 혜화역 (primary=KEY_3)
2026-09-29 10:53:09,372 [INFO] [120/121] 홍대입구역(2호선) (primary=KEY_4)
2026-09-29 10:53:10,759 [INFO] [121/121] 회기역 (primary=KEY_1)
2026-09-29 10:53:12,977 [INFO] === 수집 완료 | 성공 121, 실패 0 ===
2026-09-29 10:53:12,977 [INFO] 카테고리별 저장 결과:
2026-09-29 10:53:12,977 [INFO]    accident                  | 신규     5행 | 누적     10행 | 16컬럼
2026-09-29 10:53:12,977 [INFO]    area_meta                 | 신규   121행 | 누적    363행 | 5컬럼
2026-09-29 10:53:12,977 [INFO]    bike                      | 신규    11행 | 누적     33행 | 12컬럼
2026-09-29 10:53:12,977 [INFO]    bike_sbike_stts           | 신규   575행 | 누적   1725행 | 12컬럼
2026-09-29 10:53:12,977 [INFO]    bus                       | 신규     3행 | 누적      9행 | 11컬럼
2026-09-29 10:53:12,977 [INFO]    bus_bus_stn_stts          | 신규  1745행 | 누적   5235행 | 11컬럼
2026-09-29 10:53:12,977 [INFO]    charger                   | 신규     4행 | 누적     12행 | 15컬럼
2026-09-29 10:53:12,977 [INFO]    charger_charger_stts      | 신규  1924행 | 누적   5733행 | 15컬럼
2026-09-29 10:53:12,977 [INFO]    cmrcl                     | 신규    82행 | 누적    246행 | 21컬럼
2026-09-29 10:53:12,977 [INFO]    events                    | 신규    12행 | 누적     37행 | 14컬럼
2026-09-29 10:53:12,977 [INFO]    events_event_stts         | 신규   111행 | 누적    331행 | 14컬럼
2026-09-29 10:53:12,977 [INFO]    parking                   | 신규     6행 | 누적     18행 | 21컬럼
2026-09-29 10:53:12,977 [INFO]    parking_prk_stts          | 신규  1832행 | 누적   5496행 | 21컬럼
2026-09-29 10:53:12,977 [INFO]    ppltn                     | 신규   121행 | 누적    363행 | 26컬럼
2026-09-29 10:53:12,977 [INFO]    road                      | 신규   121행 | 누적    363행 | 21컬럼
2026-09-29 10:53:12,977 [INFO]    road_road_traffic_stts    | 신규  5303행 | 누적  15909행 | 17컬럼
2026-09-29 10:53:12,977 [INFO]    subway                    | 신규    38행 | 누적    114행 | 12컬럼
2026-09-29 10:53:12,977 [INFO]    subway_sub_stts           | 신규   183행 | 누적    549행 | 13컬럼
2026-09-29 10:53:12,977 [INFO]    weather                   | 신규   119행 | 누적    357행 | 30컬럼
2026-09-29 10:53:12,977 [INFO] 키별 사용량:
2026-09-29 10:53:12,977 [INFO]    🟢 KEY_1 (31/1000) 
2026-09-29 10:53:12,977 [INFO]    🟢 KEY_2 (30/1000) 
2026-09-29 10:53:12,977 [INFO]    🟢 KEY_3 (30/1000) 
2026-09-29 10:53:12,977 [INFO]    🟢 KEY_4 (30/1000) 
2026-09-29 17:23:24,102 [INFO] 등록된 키: 4개, 합산 한도 4,000건/일
2026-09-29 17:23:24,103 [INFO] POI 로드: 매뉴얼 v8.5 기준 fallback 121개 (121개 전체)
2026-09-29 17:23:24,103 [INFO] === 수집 시작 2026-09-29T17:23:24.103312+09:00 ===
2026-09-29 17:23:24,103 [INFO] 대상 장소: 121개 | API: citydata (통합)
2026-09-29 17:23:24,103 [INFO] 키 풀: 4/4 활성 | 오늘 사용 0/4000건
2026-09-29 17:23:24,103 [INFO]   [KEY_1] 담당 31장소
2026-09-29 17:23:24,103 [INFO]   [KEY_2] 담당 30장소
2026-09-29 17:23:24,103 [INFO]   [KEY_3] 담당 30장소
2026-09-29 17:23:24,103 [INFO]   [KEY_4] 담당 30장소
2026-09-29 17:23:24,103 [INFO] [1/121] 경복궁 (primary=KEY_1)
2026-09-29 17:23:25,370 [INFO] [2/121] 광화문·덕수궁 (primary=KEY_2)
2026-09-29 17:23:26,919 [INFO] [3/121] 보신각 (primary=KEY_3)
2026-09-29 17:23:28,203 [INFO] [4/121] 서울 암사동 유적 (primary=KEY_4)
2026-09-29 17:23:29,322 [INFO] [5/121] 창덕궁·종묘 (primary=KEY_1)
2026-09-29 17:23:30,431 [INFO] [6/121] 강남 MICE 관광특구 (primary=KEY_2)
2026-09-29 17:23:31,573 [INFO] [7/121] 동대문 관광특구 (primary=KEY_3)
2026-09-29 17:23:33,718 [INFO] [8/121] 명동 관광특구 (primary=KEY_4)
2026-09-29 17:23:35,203 [INFO] [9/121] 이태원 관광특구 (primary=KEY_1)
2026-09-29 17:23:37,678 [INFO] [10/121] 잠실 관광특구 (primary=KEY_2)
2026-09-29 17:23:39,179 [INFO] [11/121] 종로·청계 관광특구 (primary=KEY_3)
2026-09-29 17:23:41,294 [INFO] [12/121] 홍대 관광특구 (primary=KEY_4)
2026-09-29 17:23:42,620 [INFO] [13/121] 강서한강공원 (primary=KEY_1)
2026-09-29 17:23:43,641 [INFO] [14/121] 고척돔 (primary=KEY_2)
2026-09-29 17:23:44,754 [INFO] [15/121] 광나루한강공원 (primary=KEY_3)
2026-09-29 17:23:46,022 [INFO] [16/121] 광화문광장 (primary=KEY_4)
2026-09-29 17:23:47,838 [INFO] [17/121] 국립중앙박물관·용산가족공원 (primary=KEY_1)
2026-09-29 17:23:48,833 [INFO] [18/121] 난지한강공원 (primary=KEY_2)
2026-09-29 17:23:49,819 [INFO] [19/121] 남산공원 (primary=KEY_3)
2026-09-29 17:23:51,324 [INFO] [20/121] 노들섬 (primary=KEY_4)
2026-09-29 17:23:52,313 [INFO] [21/121] 뚝섬한강공원 (primary=KEY_1)
2026-09-29 17:23:53,707 [INFO] [22/121] 망원한강공원 (primary=KEY_2)
2026-09-29 17:23:54,820 [INFO] [23/121] 반포한강공원 (primary=KEY_3)
2026-09-29 17:23:55,786 [INFO] [24/121] 보라매공원 (primary=KEY_4)
2026-09-29 17:23:56,793 [INFO] [25/121] 북서울꿈의숲 (primary=KEY_1)
2026-09-29 17:23:57,944 [INFO] [26/121] 서대문독립공원 (primary=KEY_2)
2026-09-29 17:23:58,943 [INFO] [27/121] 서리풀공원·몽마르뜨공원 (primary=KEY_3)
2026-09-29 17:24:00,083 [INFO] [28/121] 서울대공원 (primary=KEY_4)
2026-09-29 17:24:01,054 [INFO] [29/121] 서울숲공원 (primary=KEY_1)
2026-09-29 17:24:02,192 [INFO] [30/121] 송현녹지광장 (primary=KEY_2)
2026-09-29 17:24:03,301 [INFO] [31/121] 아차산 (primary=KEY_3)
2026-09-29 17:24:04,299 [INFO] [32/121] 안양천 (primary=KEY_4)
2026-09-29 17:24:05,294 [INFO] [33/121] 양화한강공원 (primary=KEY_1)
2026-09-29 17:24:06,278 [INFO] [34/121] 어린이대공원 (primary=KEY_2)
2026-09-29 17:24:07,529 [INFO] [35/121] 여의도한강공원 (primary=KEY_3)
2026-09-29 17:24:08,629 [INFO] [36/121] 여의서로 (primary=KEY_4)
2026-09-29 17:24:09,746 [INFO] [37/121] 올림픽공원 (primary=KEY_1)
2026-09-29 17:24:11,213 [INFO] [38/121] 월드컵공원 (primary=KEY_2)
2026-09-29 17:24:12,526 [INFO] [39/121] 응봉산 (primary=KEY_3)
2026-09-29 17:24:13,630 [INFO] [40/121] 이촌한강공원 (primary=KEY_4)
2026-09-29 17:24:14,601 [INFO] [41/121] 잠실종합운동장 (primary=KEY_1)
2026-09-29 17:24:15,587 [INFO] [42/121] 잠실한강공원 (primary=KEY_2)
2026-09-29 17:24:16,610 [INFO] [43/121] 잠원한강공원 (primary=KEY_3)
2026-09-29 17:24:17,594 [INFO] [44/121] 청계산 (primary=KEY_4)
2026-09-29 17:24:18,577 [INFO] [45/121] 홍제폭포 (primary=KEY_1)
2026-09-29 17:24:19,572 [INFO] [46/121] 가락시장 (primary=KEY_2)
2026-09-29 17:24:20,701 [INFO] [47/121] 가로수길 (primary=KEY_3)
2026-09-29 17:24:21,832 [INFO] [48/121] 광장(전통)시장 (primary=KEY_4)
2026-09-29 17:24:23,394 [INFO] [49/121] 김포공항 (primary=KEY_1)
2026-09-29 17:24:24,712 [INFO] [50/121] 남대문시장 (primary=KEY_2)
2026-09-29 17:24:25,833 [INFO] [51/121] 노량진 (primary=KEY_3)
2026-09-29 17:24:27,002 [INFO] [52/121] 덕수궁길·정동길 (primary=KEY_4)
2026-09-29 17:24:28,129 [INFO] [53/121] 북창동 먹자골목 (primary=KEY_1)
2026-09-29 17:24:29,232 [INFO] [54/121] 북촌한옥마을 (primary=KEY_2)
2026-09-29 17:24:30,502 [INFO] [55/121] 서촌 (primary=KEY_3)
2026-09-29 17:24:31,645 [INFO] [56/121] 성수카페거리 (primary=KEY_4)
2026-09-29 17:24:32,934 [INFO] [57/121] 송리단길·호수단길 (primary=KEY_1)
2026-09-29 17:24:34,100 [INFO] [58/121] 신촌 스타광장 (primary=KEY_2)
2026-09-29 17:24:35,091 [INFO] [59/121] 압구정로데오거리 (primary=KEY_3)
2026-09-29 17:24:36,214 [INFO] [60/121] 여의도 (primary=KEY_4)
2026-09-29 17:24:37,967 [INFO] [61/121] 연남동 (primary=KEY_1)
2026-09-29 17:24:39,102 [INFO] [62/121] 영등포 타임스퀘어 (primary=KEY_2)
2026-09-29 17:24:40,222 [INFO] [63/121] 용리단길 (primary=KEY_3)
2026-09-29 17:24:41,236 [INFO] [64/121] 이태원 앤틱가구거리 (primary=KEY_4)
2026-09-29 17:24:42,363 [INFO] [65/121] 익선동 (primary=KEY_1)
2026-09-29 17:24:43,588 [INFO] [66/121] 인사동 (primary=KEY_2)
2026-09-29 17:24:44,852 [INFO] [67/121] 잠실롯데타워·석촌호수 (primary=KEY_3)
2026-09-29 17:24:46,299 [INFO] [68/121] 창동 신경제 중심지 (primary=KEY_4)
2026-09-29 17:24:48,901 [INFO] [69/121] 청담동 명품거리 (primary=KEY_1)
2026-09-29 17:24:50,021 [INFO] [70/121] 청량리 제기동 일대 전통시장 (primary=KEY_2)
2026-09-29 17:24:51,178 [INFO] [71/121] 해방촌·경리단길 (primary=KEY_3)
2026-09-29 17:24:52,199 [INFO] [72/121] DDP(동대문디자인플라자) (primary=KEY_4)
2026-09-29 17:24:53,359 [INFO] [73/121] DMC(디지털미디어시티) (primary=KEY_1)
2026-09-29 17:24:54,847 [INFO] [74/121] 가산디지털단지역 (primary=KEY_2)
2026-09-29 17:24:56,421 [INFO] [75/121] 강남역 (primary=KEY_3)
2026-09-29 17:24:57,739 [INFO] [76/121] 건대입구역 (primary=KEY_4)
2026-09-29 17:24:58,879 [INFO] [77/121] 고덕역 (primary=KEY_1)
2026-09-29 17:25:00,019 [INFO] [78/121] 고속터미널역 (primary=KEY_2)
2026-09-29 17:25:01,179 [INFO] [79/121] 교대역 (primary=KEY_3)
2026-09-29 17:25:02,343 [INFO] [80/121] 구로디지털단지역 (primary=KEY_4)
2026-09-29 17:25:03,766 [INFO] [81/121] 구로역 (primary=KEY_1)
2026-09-29 17:25:04,866 [INFO] [82/121] 군자역 (primary=KEY_2)
2026-09-29 17:25:05,997 [INFO] [83/121] 대림역 (primary=KEY_3)
2026-09-29 17:25:07,138 [INFO] [84/121] 동대문역 (primary=KEY_4)
2026-09-29 17:25:08,259 [INFO] [85/121] 뚝섬역 (primary=KEY_1)
2026-09-29 17:25:09,404 [INFO] [86/121] 미아사거리역 (primary=KEY_2)
2026-09-29 17:25:10,530 [INFO] [87/121] 발산역 (primary=KEY_3)
2026-09-29 17:25:11,904 [INFO] [88/121] 사당역 (primary=KEY_4)
2026-09-29 17:25:13,032 [INFO] [89/121] 삼각지역 (primary=KEY_1)
2026-09-29 17:25:14,554 [INFO] [90/121] 서울대입구역 (primary=KEY_2)
2026-09-29 17:25:15,657 [INFO] [91/121] 서울식물원·마곡나루역 (primary=KEY_3)
2026-09-29 17:25:16,955 [INFO] [92/121] 서울역 (primary=KEY_4)
2026-09-29 17:25:18,239 [INFO] [93/121] 선릉역 (primary=KEY_1)
2026-09-29 17:25:19,657 [INFO] [94/121] 성신여대입구역 (primary=KEY_2)
2026-09-29 17:25:20,633 [INFO] [95/121] 수유역 (primary=KEY_3)
2026-09-29 17:25:21,780 [INFO] [96/121] 숭례문 (primary=KEY_4)
2026-09-29 17:25:22,901 [INFO] [97/121] 시의회 앞 (primary=KEY_1)
2026-09-29 17:25:24,041 [INFO] [98/121] 신논현역·논현역 (primary=KEY_2)
2026-09-29 17:25:25,195 [INFO] [99/121] 신도림역 (primary=KEY_3)
2026-09-29 17:25:26,184 [INFO] [100/121] 신림역 (primary=KEY_4)
2026-09-29 17:25:27,296 [INFO] [101/121] 신정네거리역 (primary=KEY_1)
2026-09-29 17:25:28,418 [INFO] [102/121] 신촌·이대역 (primary=KEY_2)
2026-09-29 17:25:29,557 [INFO] [103/121] 쌍문역 (primary=KEY_3)
2026-09-29 17:25:30,664 [INFO] [104/121] 양재역 (primary=KEY_4)
2026-09-29 17:25:31,815 [INFO] [105/121] 역삼역 (primary=KEY_1)
2026-09-29 17:25:33,104 [INFO] [106/121] 연신내역 (primary=KEY_2)
2026-09-29 17:25:34,115 [INFO] [107/121] 오목교역·목동운동장 (primary=KEY_3)
2026-09-29 17:25:35,663 [INFO] [108/121] 왕십리역 (primary=KEY_4)
2026-09-29 17:25:36,968 [INFO] [109/121] 용산역 (primary=KEY_1)
2026-09-29 17:25:38,241 [INFO] [110/121] 이태원역 (primary=KEY_2)
2026-09-29 17:25:39,221 [INFO] [111/121] 잠실새내역 (primary=KEY_3)
2026-09-29 17:25:40,396 [INFO] [112/121] 잠실역 (primary=KEY_4)
2026-09-29 17:25:41,674 [INFO] [113/121] 장지역 (primary=KEY_1)
2026-09-29 17:25:42,933 [INFO] [114/121] 장한평역 (primary=KEY_2)
2026-09-29 17:25:44,070 [INFO] [115/121] 천호역 (primary=KEY_3)
2026-09-29 17:25:45,321 [INFO] [116/121] 총신대입구(이수)역 (primary=KEY_4)
2026-09-29 17:25:46,471 [INFO] [117/121] 충정로역 (primary=KEY_1)
2026-09-29 17:25:47,634 [INFO] [118/121] 합정역 (primary=KEY_2)
2026-09-29 17:25:48,791 [INFO] [119/121] 혜화역 (primary=KEY_3)
2026-09-29 17:25:49,904 [INFO] [120/121] 홍대입구역(2호선) (primary=KEY_4)
2026-09-29 17:25:51,069 [INFO] [121/121] 회기역 (primary=KEY_1)
2026-09-29 17:25:53,207 [INFO] === 수집 완료 | 성공 121, 실패 0 ===
2026-09-29 17:25:53,207 [INFO] 카테고리별 저장 결과:
2026-09-29 17:25:53,207 [INFO]    accident                  | 신규     5행 | 누적     15행 | 16컬럼
2026-09-29 17:25:53,207 [INFO]    area_meta                 | 신규   121행 | 누적    484행 | 5컬럼
2026-09-29 17:25:53,207 [INFO]    bike                      | 신규    10행 | 누적     43행 | 12컬럼
2026-09-29 17:25:53,207 [INFO]    bike_sbike_stts           | 신규   573행 | 누적   2298행 | 12컬럼
2026-09-29 17:25:53,207 [INFO]    bus                       | 신규     3행 | 누적     12행 | 11컬럼
2026-09-29 17:25:53,207 [INFO]    bus_bus_stn_stts          | 신규  1745행 | 누적   6980행 | 11컬럼
2026-09-29 17:25:53,207 [INFO]    charger                   | 신규     4행 | 누적     16행 | 15컬럼
2026-09-29 17:25:53,207 [INFO]    charger_charger_stts      | 신규  1925행 | 누적   7645행 | 15컬럼
2026-09-29 17:25:53,207 [INFO]    cmrcl                     | 신규    82행 | 누적    328행 | 21컬럼
2026-09-29 17:25:53,207 [INFO]    events                    | 신규    12행 | 누적     49행 | 14컬럼
2026-09-29 17:25:53,207 [INFO]    events_event_stts         | 신규   111행 | 누적    442행 | 14컬럼
2026-09-29 17:25:53,208 [INFO]    parking                   | 신규     6행 | 누적     24행 | 21컬럼
2026-09-29 17:25:53,208 [INFO]    parking_prk_stts          | 신규  1832행 | 누적   7328행 | 21컬럼
2026-09-29 17:25:53,208 [INFO]    ppltn                     | 신규   121행 | 누적    484행 | 26컬럼
2026-09-29 17:25:53,208 [INFO]    road                      | 신규   121행 | 누적    484행 | 21컬럼
2026-09-29 17:25:53,208 [INFO]    road_road_traffic_stts    | 신규  5303행 | 누적  21212행 | 17컬럼
2026-09-29 17:25:53,208 [INFO]    subway                    | 신규    38행 | 누적    152행 | 12컬럼
2026-09-29 17:25:53,208 [INFO]    subway_sub_stts           | 신규   183행 | 누적    732행 | 13컬럼
2026-09-29 17:25:53,208 [INFO]    weather                   | 신규   119행 | 누적    476행 | 30컬럼
2026-09-29 17:25:53,208 [INFO] 키별 사용량:
2026-09-29 17:25:53,208 [INFO]    🟢 KEY_1 (31/1000) 
2026-09-29 17:25:53,208 [INFO]    🟢 KEY_2 (30/1000) 
2026-09-29 17:25:53,208 [INFO]    🟢 KEY_3 (30/1000) 
2026-09-29 17:25:53,208 [INFO]    🟢 KEY_4 (30/1000) 
