2026-08-15 00:03:17,322 [INFO] 등록된 키: 4개, 합산 한도 4,000건/일
2026-08-15 00:03:17,323 [INFO] POI 로드: 매뉴얼 v8.5 기준 fallback 121개 (121개 전체)
2026-08-15 00:03:17,323 [INFO] === 수집 시작 2026-08-15T00:03:17.323710+09:00 ===
2026-08-15 00:03:17,323 [INFO] 대상 장소: 121개 | API: citydata (통합)
2026-08-15 00:03:17,323 [INFO] 키 풀: 4/4 활성 | 오늘 사용 0/4000건
2026-08-15 00:03:17,323 [INFO]   [KEY_1] 담당 31장소
2026-08-15 00:03:17,324 [INFO]   [KEY_2] 담당 30장소
2026-08-15 00:03:17,324 [INFO]   [KEY_3] 담당 30장소
2026-08-15 00:03:17,324 [INFO]   [KEY_4] 담당 30장소
2026-08-15 00:03:17,324 [INFO] [1/121] 경복궁 (primary=KEY_1)
2026-08-15 00:03:19,284 [INFO] [2/121] 광화문·덕수궁 (primary=KEY_2)
2026-08-15 00:03:20,722 [INFO] [3/121] 보신각 (primary=KEY_3)
2026-08-15 00:03:22,524 [INFO] [4/121] 서울 암사동 유적 (primary=KEY_4)
2026-08-15 00:03:23,502 [INFO] [5/121] 창덕궁·종묘 (primary=KEY_1)
2026-08-15 00:03:24,741 [INFO] [6/121] 강남 MICE 관광특구 (primary=KEY_2)
2026-08-15 00:03:26,559 [INFO] [7/121] 동대문 관광특구 (primary=KEY_3)
2026-08-15 00:03:27,876 [INFO] [8/121] 명동 관광특구 (primary=KEY_4)
2026-08-15 00:03:30,148 [INFO] [9/121] 이태원 관광특구 (primary=KEY_1)
2026-08-15 00:03:31,855 [INFO] [10/121] 잠실 관광특구 (primary=KEY_2)
2026-08-15 00:03:33,993 [INFO] [11/121] 종로·청계 관광특구 (primary=KEY_3)
2026-08-15 00:03:35,308 [INFO] [12/121] 홍대 관광특구 (primary=KEY_4)
2026-08-15 00:03:36,626 [INFO] [13/121] 강서한강공원 (primary=KEY_1)
2026-08-15 00:03:37,601 [INFO] [14/121] 고척돔 (primary=KEY_2)
2026-08-15 00:03:38,577 [INFO] [15/121] 광나루한강공원 (primary=KEY_3)
2026-08-15 00:03:40,491 [INFO] [16/121] 광화문광장 (primary=KEY_4)
2026-08-15 00:03:42,439 [INFO] [17/121] 국립중앙박물관·용산가족공원 (primary=KEY_1)
2026-08-15 00:03:43,967 [INFO] [18/121] 난지한강공원 (primary=KEY_2)
2026-08-15 00:03:44,946 [INFO] [19/121] 남산공원 (primary=KEY_3)
2026-08-15 00:03:46,293 [INFO] [20/121] 노들섬 (primary=KEY_4)
2026-08-15 00:03:47,273 [INFO] [21/121] 뚝섬한강공원 (primary=KEY_1)
2026-08-15 00:03:48,273 [INFO] [22/121] 망원한강공원 (primary=KEY_2)
2026-08-15 00:03:50,219 [INFO] [23/121] 반포한강공원 (primary=KEY_3)
2026-08-15 00:03:51,198 [INFO] [24/121] 보라매공원 (primary=KEY_4)
2026-08-15 00:03:52,201 [INFO] [25/121] 북서울꿈의숲 (primary=KEY_1)
2026-08-15 00:03:53,336 [INFO] [26/121] 서대문독립공원 (primary=KEY_2)
2026-08-15 00:03:54,328 [INFO] [27/121] 서리풀공원·몽마르뜨공원 (primary=KEY_3)
2026-08-15 00:03:55,482 [INFO] [28/121] 서울대공원 (primary=KEY_4)
2026-08-15 00:03:56,446 [INFO] [29/121] 서울숲공원 (primary=KEY_1)
2026-08-15 00:03:57,597 [INFO] [30/121] 송현녹지광장 (primary=KEY_2)
2026-08-15 00:03:58,706 [INFO] [31/121] 아차산 (primary=KEY_3)
2026-08-15 00:03:59,681 [INFO] [32/121] 안양천 (primary=KEY_4)
2026-08-15 00:04:00,667 [INFO] [33/121] 양화한강공원 (primary=KEY_1)
2026-08-15 00:04:01,634 [INFO] [34/121] 어린이대공원 (primary=KEY_2)
2026-08-15 00:04:02,759 [INFO] [35/121] 여의도한강공원 (primary=KEY_3)
2026-08-15 00:04:03,880 [INFO] [36/121] 여의서로 (primary=KEY_4)
2026-08-15 00:04:04,977 [INFO] [37/121] 올림픽공원 (primary=KEY_1)
2026-08-15 00:04:06,265 [INFO] [38/121] 월드컵공원 (primary=KEY_2)
2026-08-15 00:04:07,554 [INFO] [39/121] 응봉산 (primary=KEY_3)
2026-08-15 00:04:08,682 [INFO] [40/121] 이촌한강공원 (primary=KEY_4)
2026-08-15 00:04:09,658 [INFO] [41/121] 잠실종합운동장 (primary=KEY_1)
2026-08-15 00:04:10,650 [INFO] [42/121] 잠실한강공원 (primary=KEY_2)
2026-08-15 00:04:11,631 [INFO] [43/121] 잠원한강공원 (primary=KEY_3)
2026-08-15 00:04:12,606 [INFO] [44/121] 청계산 (primary=KEY_4)
2026-08-15 00:04:14,386 [INFO] [45/121] 홍제폭포 (primary=KEY_1)
2026-08-15 00:04:15,376 [INFO] [46/121] 가락시장 (primary=KEY_2)
2026-08-15 00:04:17,068 [INFO] [47/121] 가로수길 (primary=KEY_3)
2026-08-15 00:04:18,899 [INFO] [48/121] 광장(전통)시장 (primary=KEY_4)
2026-08-15 00:04:19,895 [INFO] [49/121] 김포공항 (primary=KEY_1)
2026-08-15 00:04:21,245 [INFO] [50/121] 남대문시장 (primary=KEY_2)
2026-08-15 00:04:22,381 [INFO] [51/121] 노량진 (primary=KEY_3)
2026-08-15 00:04:23,509 [INFO] [52/121] 덕수궁길·정동길 (primary=KEY_4)
2026-08-15 00:04:24,653 [INFO] [53/121] 북창동 먹자골목 (primary=KEY_1)
2026-08-15 00:04:25,768 [INFO] [54/121] 북촌한옥마을 (primary=KEY_2)
2026-08-15 00:04:27,029 [INFO] [55/121] 서촌 (primary=KEY_3)
2026-08-15 00:04:28,149 [INFO] [56/121] 성수카페거리 (primary=KEY_4)
2026-08-15 00:04:29,439 [INFO] [57/121] 송리단길·호수단길 (primary=KEY_1)
2026-08-15 00:04:30,581 [INFO] [58/121] 신촌 스타광장 (primary=KEY_2)
2026-08-15 00:04:31,612 [INFO] [59/121] 압구정로데오거리 (primary=KEY_3)
2026-08-15 00:04:32,755 [INFO] [60/121] 여의도 (primary=KEY_4)
2026-08-15 00:04:34,540 [INFO] [61/121] 연남동 (primary=KEY_1)
2026-08-15 00:04:35,646 [INFO] [62/121] 영등포 타임스퀘어 (primary=KEY_2)
2026-08-15 00:04:36,752 [INFO] [63/121] 용리단길 (primary=KEY_3)
2026-08-15 00:04:37,750 [INFO] [64/121] 이태원 앤틱가구거리 (primary=KEY_4)
2026-08-15 00:04:38,869 [INFO] [65/121] 익선동 (primary=KEY_1)
2026-08-15 00:04:40,013 [INFO] [66/121] 인사동 (primary=KEY_2)
2026-08-15 00:04:41,284 [INFO] [67/121] 잠실롯데타워·석촌호수 (primary=KEY_3)
2026-08-15 00:04:42,699 [INFO] [68/121] 창동 신경제 중심지 (primary=KEY_4)
2026-08-15 00:04:44,157 [INFO] [69/121] 청담동 명품거리 (primary=KEY_1)
2026-08-15 00:04:45,303 [INFO] [70/121] 청량리 제기동 일대 전통시장 (primary=KEY_2)
2026-08-15 00:04:46,436 [INFO] [71/121] 해방촌·경리단길 (primary=KEY_3)
2026-08-15 00:04:47,419 [INFO] [72/121] DDP(동대문디자인플라자) (primary=KEY_4)
2026-08-15 00:04:48,566 [INFO] [73/121] DMC(디지털미디어시티) (primary=KEY_1)
2026-08-15 00:04:49,996 [INFO] [74/121] 가산디지털단지역 (primary=KEY_2)
2026-08-15 00:04:51,543 [INFO] [75/121] 강남역 (primary=KEY_3)
2026-08-15 00:04:52,827 [INFO] [76/121] 건대입구역 (primary=KEY_4)
2026-08-15 00:04:53,967 [INFO] [77/121] 고덕역 (primary=KEY_1)
2026-08-15 00:04:55,090 [INFO] [78/121] 고속터미널역 (primary=KEY_2)
2026-08-15 00:04:56,227 [INFO] [79/121] 교대역 (primary=KEY_3)
2026-08-15 00:04:57,348 [INFO] [80/121] 구로디지털단지역 (primary=KEY_4)
2026-08-15 00:04:58,738 [INFO] [81/121] 구로역 (primary=KEY_1)
2026-08-15 00:04:59,839 [INFO] [82/121] 군자역 (primary=KEY_2)
2026-08-15 00:05:00,986 [INFO] [83/121] 대림역 (primary=KEY_3)
2026-08-15 00:05:02,796 [INFO] [84/121] 동대문역 (primary=KEY_4)
2026-08-15 00:05:04,002 [INFO] [85/121] 뚝섬역 (primary=KEY_1)
2026-08-15 00:05:05,151 [INFO] [86/121] 미아사거리역 (primary=KEY_2)
2026-08-15 00:05:06,279 [INFO] [87/121] 발산역 (primary=KEY_3)
2026-08-15 00:05:07,670 [INFO] [88/121] 사당역 (primary=KEY_4)
2026-08-15 00:05:08,792 [INFO] [89/121] 삼각지역 (primary=KEY_1)
2026-08-15 00:05:09,938 [INFO] [90/121] 서울대입구역 (primary=KEY_2)
2026-08-15 00:05:11,065 [INFO] [91/121] 서울식물원·마곡나루역 (primary=KEY_3)
2026-08-15 00:05:13,510 [INFO] [92/121] 서울역 (primary=KEY_4)
2026-08-15 00:05:14,802 [INFO] [93/121] 선릉역 (primary=KEY_1)
2026-08-15 00:05:16,219 [INFO] [94/121] 성신여대입구역 (primary=KEY_2)
2026-08-15 00:05:17,214 [INFO] [95/121] 수유역 (primary=KEY_3)
2026-08-15 00:05:18,329 [INFO] [96/121] 숭례문 (primary=KEY_4)
2026-08-15 00:05:19,593 [INFO] [97/121] 시의회 앞 (primary=KEY_1)
2026-08-15 00:05:20,717 [INFO] [98/121] 신논현역·논현역 (primary=KEY_2)
2026-08-15 00:05:21,883 [INFO] [99/121] 신도림역 (primary=KEY_3)
2026-08-15 00:05:22,874 [INFO] [100/121] 신림역 (primary=KEY_4)
2026-08-15 00:05:23,985 [INFO] [101/121] 신정네거리역 (primary=KEY_1)
2026-08-15 00:05:25,099 [INFO] [102/121] 신촌·이대역 (primary=KEY_2)
2026-08-15 00:05:26,247 [INFO] [103/121] 쌍문역 (primary=KEY_3)
2026-08-15 00:05:27,362 [INFO] [104/121] 양재역 (primary=KEY_4)
2026-08-15 00:05:28,493 [INFO] [105/121] 역삼역 (primary=KEY_1)
2026-08-15 00:05:29,762 [INFO] [106/121] 연신내역 (primary=KEY_2)
2026-08-15 00:05:30,788 [INFO] [107/121] 오목교역·목동운동장 (primary=KEY_3)
2026-08-15 00:05:32,345 [INFO] [108/121] 왕십리역 (primary=KEY_4)
2026-08-15 00:05:33,636 [INFO] [109/121] 용산역 (primary=KEY_1)
2026-08-15 00:05:34,958 [INFO] [110/121] 이태원역 (primary=KEY_2)
2026-08-15 00:05:35,949 [INFO] [111/121] 잠실새내역 (primary=KEY_3)
2026-08-15 00:05:37,085 [INFO] [112/121] 잠실역 (primary=KEY_4)
2026-08-15 00:05:38,357 [INFO] [113/121] 장지역 (primary=KEY_1)
2026-08-15 00:05:39,628 [INFO] [114/121] 장한평역 (primary=KEY_2)
2026-08-15 00:05:40,761 [INFO] [115/121] 천호역 (primary=KEY_3)
2026-08-15 00:05:42,036 [INFO] [116/121] 총신대입구(이수)역 (primary=KEY_4)
2026-08-15 00:05:43,174 [INFO] [117/121] 충정로역 (primary=KEY_1)
2026-08-15 00:05:44,307 [INFO] [118/121] 합정역 (primary=KEY_2)
2026-08-15 00:05:45,456 [INFO] [119/121] 혜화역 (primary=KEY_3)
2026-08-15 00:05:46,576 [INFO] [120/121] 홍대입구역(2호선) (primary=KEY_4)
2026-08-15 00:05:47,726 [INFO] [121/121] 회기역 (primary=KEY_1)
2026-08-15 00:05:49,286 [INFO] === 수집 완료 | 성공 121, 실패 0 ===
2026-08-15 00:05:49,286 [INFO] 카테고리별 저장 결과:
2026-08-15 00:05:49,286 [INFO]    accident                  | 신규     2행 | 누적      2행 | 16컬럼
2026-08-15 00:05:49,286 [INFO]    area_meta                 | 신규   121행 | 누적    121행 | 5컬럼
2026-08-15 00:05:49,286 [INFO]    bike                      | 신규    11행 | 누적     11행 | 12컬럼
2026-08-15 00:05:49,286 [INFO]    bike_sbike_stts           | 신규   567행 | 누적    567행 | 12컬럼
2026-08-15 00:05:49,286 [INFO]    bus                       | 신규     3행 | 누적      3행 | 11컬럼
2026-08-15 00:05:49,286 [INFO]    bus_bus_stn_stts          | 신규  1745행 | 누적   1745행 | 11컬럼
2026-08-15 00:05:49,286 [INFO]    charger                   | 신규     4행 | 누적      4행 | 15컬럼
2026-08-15 00:05:49,286 [INFO]    charger_charger_stts      | 신규  1930행 | 누적   1930행 | 15컬럼
2026-08-15 00:05:49,286 [INFO]    cmrcl                     | 신규    82행 | 누적     82행 | 20컬럼
2026-08-15 00:05:49,286 [INFO]    disaster                  | 신규    29행 | 누적     29행 | 9컬럼
2026-08-15 00:05:49,286 [INFO]    disaster_live_dst_message | 신규    18행 | 누적     18행 | 9컬럼
2026-08-15 00:05:49,286 [INFO]    events                    | 신규    16행 | 누적     16행 | 14컬럼
2026-08-15 00:05:49,287 [INFO]    events_event_stts         | 신규   142행 | 누적    142행 | 14컬럼
2026-08-15 00:05:49,287 [INFO]    parking                   | 신규     6행 | 누적      6행 | 21컬럼
2026-08-15 00:05:49,287 [INFO]    parking_prk_stts          | 신규  1834행 | 누적   1834행 | 21컬럼
2026-08-15 00:05:49,287 [INFO]    ppltn                     | 신규   121행 | 누적    121행 | 26컬럼
2026-08-15 00:05:49,287 [INFO]    road                      | 신규   121행 | 누적    121행 | 21컬럼
2026-08-15 00:05:49,287 [INFO]    road_road_traffic_stts    | 신규  5287행 | 누적   5287행 | 17컬럼
2026-08-15 00:05:49,287 [INFO]    subway                    | 신규    38행 | 누적     38행 | 12컬럼
2026-08-15 00:05:49,287 [INFO]    subway_sub_stts           | 신규   183행 | 누적    183행 | 13컬럼
2026-08-15 00:05:49,287 [INFO]    weather                   | 신규   119행 | 누적    119행 | 29컬럼
2026-08-15 00:05:49,287 [INFO] 키별 사용량:
2026-08-15 00:05:49,287 [INFO]    🟢 KEY_1 (31/1000) 
2026-08-15 00:05:49,287 [INFO]    🟢 KEY_2 (30/1000) 
2026-08-15 00:05:49,287 [INFO]    🟢 KEY_3 (30/1000) 
2026-08-15 00:05:49,287 [INFO]    🟢 KEY_4 (30/1000) 
