2026-06-16 01:46:53,015 [INFO] 등록된 키: 4개, 합산 한도 4,000건/일
2026-06-16 01:46:53,016 [INFO] POI 로드: 매뉴얼 v8.5 기준 fallback 121개 (121개 전체)
2026-06-16 01:46:53,016 [INFO] === 수집 시작 2026-06-16T01:46:53.016185+09:00 ===
2026-06-16 01:46:53,016 [INFO] 대상 장소: 121개 | API: citydata (통합)
2026-06-16 01:46:53,016 [INFO] 키 풀: 4/4 활성 | 오늘 사용 0/4000건
2026-06-16 01:46:53,016 [INFO]   [KEY_1] 담당 31장소
2026-06-16 01:46:53,016 [INFO]   [KEY_2] 담당 30장소
2026-06-16 01:46:53,016 [INFO]   [KEY_3] 담당 30장소
2026-06-16 01:46:53,016 [INFO]   [KEY_4] 담당 30장소
2026-06-16 01:46:53,016 [INFO] [1/121] 경복궁 (primary=KEY_1)
2026-06-16 01:46:54,913 [INFO] [2/121] 광화문·덕수궁 (primary=KEY_2)
2026-06-16 01:46:56,859 [INFO] [3/121] 보신각 (primary=KEY_3)
2026-06-16 01:46:58,658 [INFO] [4/121] 서울 암사동 유적 (primary=KEY_4)
2026-06-16 01:47:00,266 [INFO] [5/121] 창덕궁·종묘 (primary=KEY_1)
2026-06-16 01:47:01,432 [INFO] [6/121] 강남 MICE 관광특구 (primary=KEY_2)
2026-06-16 01:47:03,431 [INFO] [7/121] 동대문 관광특구 (primary=KEY_3)
2026-06-16 01:47:04,804 [INFO] [8/121] 명동 관광특구 (primary=KEY_4)
2026-06-16 01:47:06,964 [INFO] [9/121] 이태원 관광특구 (primary=KEY_1)
2026-06-16 01:47:09,012 [INFO] [10/121] 잠실 관광특구 (primary=KEY_2)
2026-06-16 01:47:11,098 [INFO] [11/121] 종로·청계 관광특구 (primary=KEY_3)
2026-06-16 01:47:12,473 [INFO] [12/121] 홍대 관광특구 (primary=KEY_4)
2026-06-16 01:47:14,414 [INFO] [13/121] 강서한강공원 (primary=KEY_1)
2026-06-16 01:47:15,419 [INFO] [14/121] 고척돔 (primary=KEY_2)
2026-06-16 01:47:16,426 [INFO] [15/121] 광나루한강공원 (primary=KEY_3)
2026-06-16 01:47:17,591 [INFO] [16/121] 광화문광장 (primary=KEY_4)
2026-06-16 01:47:18,793 [INFO] [17/121] 국립중앙박물관·용산가족공원 (primary=KEY_1)
2026-06-16 01:47:19,816 [INFO] [18/121] 난지한강공원 (primary=KEY_2)
2026-06-16 01:47:20,824 [INFO] [19/121] 남산공원 (primary=KEY_3)
2026-06-16 01:47:23,004 [INFO] [20/121] 노들섬 (primary=KEY_4)
2026-06-16 01:47:24,020 [INFO] [21/121] 뚝섬한강공원 (primary=KEY_1)
2026-06-16 01:47:25,044 [INFO] [22/121] 망원한강공원 (primary=KEY_2)
2026-06-16 01:47:26,230 [INFO] [23/121] 반포한강공원 (primary=KEY_3)
2026-06-16 01:47:27,826 [INFO] [24/121] 보라매공원 (primary=KEY_4)
2026-06-16 01:47:29,487 [INFO] [25/121] 북서울꿈의숲 (primary=KEY_1)
2026-06-16 01:47:30,509 [INFO] [26/121] 서대문독립공원 (primary=KEY_2)
2026-06-16 01:47:31,527 [INFO] [27/121] 서리풀공원·몽마르뜨공원 (primary=KEY_3)
2026-06-16 01:47:33,415 [INFO] [28/121] 서울대공원 (primary=KEY_4)
2026-06-16 01:47:36,352 [INFO] [29/121] 서울숲공원 (primary=KEY_1)
2026-06-16 01:47:37,661 [INFO] [30/121] 송현녹지광장 (primary=KEY_2)
2026-06-16 01:47:39,426 [INFO] [31/121] 아차산 (primary=KEY_3)
2026-06-16 01:47:40,431 [INFO] [32/121] 안양천 (primary=KEY_4)
2026-06-16 01:47:41,442 [INFO] [33/121] 양화한강공원 (primary=KEY_1)
2026-06-16 01:47:42,448 [INFO] [34/121] 어린이대공원 (primary=KEY_2)
2026-06-16 01:47:43,477 [INFO] [35/121] 여의도한강공원 (primary=KEY_3)
2026-06-16 01:47:44,646 [INFO] [36/121] 여의서로 (primary=KEY_4)
2026-06-16 01:47:45,673 [INFO] [37/121] 올림픽공원 (primary=KEY_1)
2026-06-16 01:47:46,874 [INFO] [38/121] 월드컵공원 (primary=KEY_2)
2026-06-16 01:47:48,208 [INFO] [39/121] 응봉산 (primary=KEY_3)
2026-06-16 01:47:49,389 [INFO] [40/121] 이촌한강공원 (primary=KEY_4)
2026-06-16 01:47:50,407 [INFO] [41/121] 잠실종합운동장 (primary=KEY_1)
2026-06-16 01:47:51,427 [INFO] [42/121] 잠실한강공원 (primary=KEY_2)
2026-06-16 01:47:52,435 [INFO] [43/121] 잠원한강공원 (primary=KEY_3)
2026-06-16 01:47:54,170 [INFO] [44/121] 청계산 (primary=KEY_4)
2026-06-16 01:47:55,224 [INFO] [45/121] 홍제폭포 (primary=KEY_1)
2026-06-16 01:47:56,226 [INFO] [46/121] 가락시장 (primary=KEY_2)
2026-06-16 01:47:57,423 [INFO] [47/121] 가로수길 (primary=KEY_3)
2026-06-16 01:48:18,966 [INFO] [48/121] 광장(전통)시장 (primary=KEY_4)
2026-06-16 01:48:20,001 [INFO] [49/121] 김포공항 (primary=KEY_1)
2026-06-16 01:48:21,210 [INFO] [50/121] 남대문시장 (primary=KEY_2)
2026-06-16 01:48:22,815 [INFO] [51/121] 노량진 (primary=KEY_3)
2026-06-16 01:48:23,863 [INFO] [52/121] 덕수궁길·정동길 (primary=KEY_4)
2026-06-16 01:48:25,578 [INFO] [53/121] 북창동 먹자골목 (primary=KEY_1)
2026-06-16 01:48:33,309 [INFO] [54/121] 북촌한옥마을 (primary=KEY_2)
2026-06-16 01:48:34,810 [INFO] [55/121] 서촌 (primary=KEY_3)
2026-06-16 01:48:40,978 [INFO] [56/121] 성수카페거리 (primary=KEY_4)
2026-06-16 01:48:42,170 [INFO] [57/121] 송리단길·호수단길 (primary=KEY_1)
2026-06-16 01:48:43,379 [INFO] [58/121] 신촌 스타광장 (primary=KEY_2)
2026-06-16 01:48:49,855 [INFO] [59/121] 압구정로데오거리 (primary=KEY_3)
2026-06-16 01:48:51,048 [INFO] [60/121] 여의도 (primary=KEY_4)
2026-06-16 01:48:52,736 [INFO] [61/121] 연남동 (primary=KEY_1)
2026-06-16 01:48:53,910 [INFO] [62/121] 영등포 타임스퀘어 (primary=KEY_2)
2026-06-16 01:48:55,075 [INFO] [63/121] 용리단길 (primary=KEY_3)
2026-06-16 01:48:56,134 [INFO] [64/121] 이태원 앤틱가구거리 (primary=KEY_4)
2026-06-16 01:49:00,578 [INFO] [65/121] 익선동 (primary=KEY_1)
2026-06-16 01:49:01,768 [INFO] [66/121] 인사동 (primary=KEY_2)
2026-06-16 01:49:02,947 [INFO] [67/121] 잠실롯데타워·석촌호수 (primary=KEY_3)
2026-06-16 01:49:04,150 [INFO] [68/121] 창동 신경제 중심지 (primary=KEY_4)
2026-06-16 01:49:11,070 [INFO] [69/121] 청담동 명품거리 (primary=KEY_1)
2026-06-16 01:49:12,399 [INFO] [70/121] 청량리 제기동 일대 전통시장 (primary=KEY_2)
2026-06-16 01:49:17,484 [INFO] [71/121] 해방촌·경리단길 (primary=KEY_3)
2026-06-16 01:49:19,051 [INFO] [72/121] DDP(동대문디자인플라자) (primary=KEY_4)
2026-06-16 01:49:25,305 [INFO] [73/121] DMC(디지털미디어시티) (primary=KEY_1)
2026-06-16 01:49:27,378 [INFO] [74/121] 가산디지털단지역 (primary=KEY_2)
2026-06-16 01:49:28,863 [INFO] [75/121] 강남역 (primary=KEY_3)
2026-06-16 01:49:30,228 [INFO] [76/121] 건대입구역 (primary=KEY_4)
2026-06-16 01:49:33,658 [INFO] [77/121] 고덕역 (primary=KEY_1)
2026-06-16 01:49:34,699 [INFO] [78/121] 고속터미널역 (primary=KEY_2)
2026-06-16 01:49:35,749 [INFO] [79/121] 교대역 (primary=KEY_3)
2026-06-16 01:49:36,785 [INFO] [80/121] 구로디지털단지역 (primary=KEY_4)
2026-06-16 01:49:49,379 [INFO] [81/121] 구로역 (primary=KEY_1)
2026-06-16 01:49:50,400 [INFO] [82/121] 군자역 (primary=KEY_2)
2026-06-16 01:49:52,558 [INFO] [83/121] 대림역 (primary=KEY_3)
2026-06-16 01:49:54,169 [INFO] [84/121] 동대문역 (primary=KEY_4)
2026-06-16 01:49:55,349 [INFO] [85/121] 뚝섬역 (primary=KEY_1)
2026-06-16 01:49:57,684 [INFO] [86/121] 미아사거리역 (primary=KEY_2)
2026-06-16 01:49:58,863 [INFO] [87/121] 발산역 (primary=KEY_3)
2026-06-16 01:50:00,830 [INFO] [88/121] 사당역 (primary=KEY_4)
2026-06-16 01:50:01,994 [INFO] [89/121] 삼각지역 (primary=KEY_1)
2026-06-16 01:50:03,053 [INFO] [90/121] 서울대입구역 (primary=KEY_2)
2026-06-16 01:50:04,077 [INFO] [91/121] 서울식물원·마곡나루역 (primary=KEY_3)
2026-06-16 01:50:07,183 [INFO] [92/121] 서울역 (primary=KEY_4)
2026-06-16 01:50:08,376 [INFO] [93/121] 선릉역 (primary=KEY_1)
2026-06-16 01:50:09,702 [INFO] [94/121] 성신여대입구역 (primary=KEY_2)
2026-06-16 01:50:10,731 [INFO] [95/121] 수유역 (primary=KEY_3)
2026-06-16 01:50:16,901 [INFO] [96/121] 숭례문 (primary=KEY_4)
2026-06-16 01:50:18,065 [INFO] [97/121] 시의회 앞 (primary=KEY_1)
2026-06-16 01:50:19,231 [INFO] [98/121] 신논현역·논현역 (primary=KEY_2)
2026-06-16 01:50:20,415 [INFO] [99/121] 신도림역 (primary=KEY_3)
2026-06-16 01:50:22,081 [INFO] [100/121] 신림역 (primary=KEY_4)
2026-06-16 01:50:23,670 [INFO] [101/121] 신정네거리역 (primary=KEY_1)
2026-06-16 01:50:24,701 [INFO] [102/121] 신촌·이대역 (primary=KEY_2)
2026-06-16 01:50:25,878 [INFO] [103/121] 쌍문역 (primary=KEY_3)
2026-06-16 01:50:43,441 [INFO] [104/121] 양재역 (primary=KEY_4)
2026-06-16 01:50:44,505 [INFO] [105/121] 역삼역 (primary=KEY_1)
2026-06-16 01:50:50,716 [INFO] [106/121] 연신내역 (primary=KEY_2)
2026-06-16 01:50:51,764 [INFO] [107/121] 오목교역·목동운동장 (primary=KEY_3)
2026-06-16 01:50:53,979 [INFO] [108/121] 왕십리역 (primary=KEY_4)
2026-06-16 01:51:02,563 [INFO] [109/121] 용산역 (primary=KEY_1)
2026-06-16 01:51:03,750 [INFO] [110/121] 이태원역 (primary=KEY_2)
2026-06-16 01:51:04,784 [INFO] [111/121] 잠실새내역 (primary=KEY_3)
2026-06-16 01:51:07,363 [INFO] [112/121] 잠실역 (primary=KEY_4)
2026-06-16 01:51:08,530 [INFO] [113/121] 장지역 (primary=KEY_1)
2026-06-16 01:51:09,683 [INFO] [114/121] 장한평역 (primary=KEY_2)
2026-06-16 01:51:22,054 [INFO] [115/121] 천호역 (primary=KEY_3)
2026-06-16 01:51:23,218 [INFO] [116/121] 총신대입구(이수)역 (primary=KEY_4)
2026-06-16 01:51:25,339 [INFO] [117/121] 충정로역 (primary=KEY_1)
2026-06-16 01:51:26,362 [INFO] [118/121] 합정역 (primary=KEY_2)
2026-06-16 01:51:27,528 [INFO] [119/121] 혜화역 (primary=KEY_3)
2026-06-16 01:51:28,548 [INFO] [120/121] 홍대입구역(2호선) (primary=KEY_4)
2026-06-16 01:51:29,734 [INFO] [121/121] 회기역 (primary=KEY_1)
2026-06-16 01:51:31,312 [INFO] === 수집 완료 | 성공 121, 실패 0 ===
2026-06-16 01:51:31,312 [INFO] 카테고리별 저장 결과:
2026-06-16 01:51:31,312 [INFO]    accident                  | 신규     3행 | 누적      3행 | 16컬럼
2026-06-16 01:51:31,312 [INFO]    area_meta                 | 신규   121행 | 누적    121행 | 5컬럼
2026-06-16 01:51:31,312 [INFO]    bike                      | 신규    13행 | 누적     13행 | 12컬럼
2026-06-16 01:51:31,312 [INFO]    bike_sbike_stts           | 신규   540행 | 누적    540행 | 12컬럼
2026-06-16 01:51:31,312 [INFO]    bus                       | 신규     3행 | 누적      3행 | 11컬럼
2026-06-16 01:51:31,313 [INFO]    bus_bus_stn_stts          | 신규  1745행 | 누적   1745행 | 11컬럼
2026-06-16 01:51:31,313 [INFO]    charger                   | 신규    25행 | 누적     25행 | 15컬럼
2026-06-16 01:51:31,313 [INFO]    charger_charger_stts      | 신규   336행 | 누적    336행 | 15컬럼
2026-06-16 01:51:31,313 [INFO]    cmrcl                     | 신규    82행 | 누적     82행 | 20컬럼
2026-06-16 01:51:31,313 [INFO]    events                    | 신규    16행 | 누적     16행 | 14컬럼
2026-06-16 01:51:31,313 [INFO]    events_event_stts         | 신규   153행 | 누적    153행 | 14컬럼
2026-06-16 01:51:31,313 [INFO]    parking                   | 신규     6행 | 누적      6행 | 21컬럼
2026-06-16 01:51:31,313 [INFO]    parking_prk_stts          | 신규  1836행 | 누적   1836행 | 21컬럼
2026-06-16 01:51:31,313 [INFO]    ppltn                     | 신규   121행 | 누적    121행 | 26컬럼
2026-06-16 01:51:31,313 [INFO]    road                      | 신규   121행 | 누적    121행 | 21컬럼
2026-06-16 01:51:31,313 [INFO]    road_road_traffic_stts    | 신규  5256행 | 누적   5256행 | 17컬럼
2026-06-16 01:51:31,313 [INFO]    subway                    | 신규    38행 | 누적     38행 | 12컬럼
2026-06-16 01:51:31,313 [INFO]    subway_sub_stts           | 신규   183행 | 누적    183행 | 13컬럼
2026-06-16 01:51:31,313 [INFO]    weather                   | 신규   119행 | 누적    119행 | 29컬럼
2026-06-16 01:51:31,313 [INFO] 키별 사용량:
2026-06-16 01:51:31,313 [INFO]    🟢 KEY_1 (31/1000) 
2026-06-16 01:51:31,314 [INFO]    🟢 KEY_2 (30/1000) 
2026-06-16 01:51:31,314 [INFO]    🟢 KEY_3 (30/1000) 
2026-06-16 01:51:31,314 [INFO]    🟢 KEY_4 (30/1000) 
