2026-08-20 00:41:36,703 [INFO] 등록된 키: 4개, 합산 한도 4,000건/일
2026-08-20 00:41:36,704 [INFO] POI 로드: 매뉴얼 v8.5 기준 fallback 121개 (121개 전체)
2026-08-20 00:41:36,704 [INFO] === 수집 시작 2026-08-20T00:41:36.704498+09:00 ===
2026-08-20 00:41:36,704 [INFO] 대상 장소: 121개 | API: citydata (통합)
2026-08-20 00:41:36,704 [INFO] 키 풀: 4/4 활성 | 오늘 사용 0/4000건
2026-08-20 00:41:36,704 [INFO]   [KEY_1] 담당 31장소
2026-08-20 00:41:36,704 [INFO]   [KEY_2] 담당 30장소
2026-08-20 00:41:36,704 [INFO]   [KEY_3] 담당 30장소
2026-08-20 00:41:36,704 [INFO]   [KEY_4] 담당 30장소
2026-08-20 00:41:36,704 [INFO] [1/121] 경복궁 (primary=KEY_1)
2026-08-20 00:41:39,192 [INFO] [2/121] 광화문·덕수궁 (primary=KEY_2)
2026-08-20 00:41:41,699 [INFO] [3/121] 보신각 (primary=KEY_3)
2026-08-20 00:41:44,174 [INFO] [4/121] 서울 암사동 유적 (primary=KEY_4)
2026-08-20 00:41:46,253 [INFO] [5/121] 창덕궁·종묘 (primary=KEY_1)
2026-08-20 00:41:48,343 [INFO] [6/121] 강남 MICE 관광특구 (primary=KEY_2)
2026-08-20 00:41:50,450 [INFO] [7/121] 동대문 관광특구 (primary=KEY_3)
2026-08-20 00:41:52,964 [INFO] [8/121] 명동 관광특구 (primary=KEY_4)
2026-08-20 00:41:55,518 [INFO] [9/121] 이태원 관광특구 (primary=KEY_1)
2026-08-20 00:41:57,063 [INFO] [10/121] 잠실 관광특구 (primary=KEY_2)
2026-08-20 00:41:58,832 [INFO] [11/121] 종로·청계 관광특구 (primary=KEY_3)
2026-08-20 00:42:00,996 [INFO] [12/121] 홍대 관광특구 (primary=KEY_4)
2026-08-20 00:42:03,504 [INFO] [13/121] 강서한강공원 (primary=KEY_1)
2026-08-20 00:42:04,629 [INFO] [14/121] 고척돔 (primary=KEY_2)
2026-08-20 00:42:06,523 [INFO] [15/121] 광나루한강공원 (primary=KEY_3)
2026-08-20 00:42:07,843 [INFO] [16/121] 광화문광장 (primary=KEY_4)
2026-08-20 00:42:09,878 [INFO] [17/121] 국립중앙박물관·용산가족공원 (primary=KEY_1)
2026-08-20 00:42:11,776 [INFO] [18/121] 난지한강공원 (primary=KEY_2)
2026-08-20 00:42:13,575 [INFO] [19/121] 남산공원 (primary=KEY_3)
2026-08-20 00:42:15,112 [INFO] [20/121] 노들섬 (primary=KEY_4)
2026-08-20 00:42:16,988 [INFO] [21/121] 뚝섬한강공원 (primary=KEY_1)
2026-08-20 00:42:18,803 [INFO] [22/121] 망원한강공원 (primary=KEY_2)
2026-08-20 00:42:20,706 [INFO] [23/121] 반포한강공원 (primary=KEY_3)
2026-08-20 00:42:21,833 [INFO] [24/121] 보라매공원 (primary=KEY_4)
2026-08-20 00:42:23,757 [INFO] [25/121] 북서울꿈의숲 (primary=KEY_1)
2026-08-20 00:42:26,050 [INFO] [26/121] 서대문독립공원 (primary=KEY_2)
2026-08-20 00:42:28,123 [INFO] [27/121] 서리풀공원·몽마르뜨공원 (primary=KEY_3)
2026-08-20 00:42:29,471 [INFO] [28/121] 서울대공원 (primary=KEY_4)
2026-08-20 00:42:30,613 [INFO] [29/121] 서울숲공원 (primary=KEY_1)
2026-08-20 00:42:31,947 [INFO] [30/121] 송현녹지광장 (primary=KEY_2)
2026-08-20 00:42:33,289 [INFO] [31/121] 아차산 (primary=KEY_3)
2026-08-20 00:42:34,441 [INFO] [32/121] 안양천 (primary=KEY_4)
2026-08-20 00:42:35,587 [INFO] [33/121] 양화한강공원 (primary=KEY_1)
2026-08-20 00:42:36,728 [INFO] [34/121] 어린이대공원 (primary=KEY_2)
2026-08-20 00:42:38,078 [INFO] [35/121] 여의도한강공원 (primary=KEY_3)
2026-08-20 00:42:39,398 [INFO] [36/121] 여의서로 (primary=KEY_4)
2026-08-20 00:42:40,716 [INFO] [37/121] 올림픽공원 (primary=KEY_1)
2026-08-20 00:42:42,102 [INFO] [38/121] 월드컵공원 (primary=KEY_2)
2026-08-20 00:42:44,402 [INFO] [39/121] 응봉산 (primary=KEY_3)
2026-08-20 00:42:46,404 [INFO] [40/121] 이촌한강공원 (primary=KEY_4)
2026-08-20 00:42:48,211 [INFO] [41/121] 잠실종합운동장 (primary=KEY_1)
2026-08-20 00:42:49,350 [INFO] [42/121] 잠실한강공원 (primary=KEY_2)
2026-08-20 00:42:50,489 [INFO] [43/121] 잠원한강공원 (primary=KEY_3)
2026-08-20 00:42:51,813 [INFO] [44/121] 청계산 (primary=KEY_4)
2026-08-20 00:42:53,126 [INFO] [45/121] 홍제폭포 (primary=KEY_1)
2026-08-20 00:42:54,532 [INFO] [46/121] 가락시장 (primary=KEY_2)
2026-08-20 00:42:56,459 [INFO] [47/121] 가로수길 (primary=KEY_3)
2026-08-20 00:42:58,963 [INFO] [48/121] 광장(전통)시장 (primary=KEY_4)
2026-08-20 00:43:00,294 [INFO] [49/121] 김포공항 (primary=KEY_1)
2026-08-20 00:43:02,109 [INFO] [50/121] 남대문시장 (primary=KEY_2)
2026-08-20 00:43:03,627 [INFO] [51/121] 노량진 (primary=KEY_3)
2026-08-20 00:43:04,987 [INFO] [52/121] 덕수궁길·정동길 (primary=KEY_4)
2026-08-20 00:43:07,109 [INFO] [53/121] 북창동 먹자골목 (primary=KEY_1)
2026-08-20 00:43:09,109 [INFO] [54/121] 북촌한옥마을 (primary=KEY_2)
2026-08-20 00:43:11,398 [INFO] [55/121] 서촌 (primary=KEY_3)
2026-08-20 00:43:13,862 [INFO] [56/121] 성수카페거리 (primary=KEY_4)
2026-08-20 00:43:15,444 [INFO] [57/121] 송리단길·호수단길 (primary=KEY_1)
2026-08-20 00:43:17,481 [INFO] [58/121] 신촌 스타광장 (primary=KEY_2)
2026-08-20 00:43:19,218 [INFO] [59/121] 압구정로데오거리 (primary=KEY_3)
2026-08-20 00:43:20,574 [INFO] [60/121] 여의도 (primary=KEY_4)
2026-08-20 00:43:23,566 [INFO] [61/121] 연남동 (primary=KEY_1)
2026-08-20 00:43:24,888 [INFO] [62/121] 영등포 타임스퀘어 (primary=KEY_2)
2026-08-20 00:43:26,226 [INFO] [63/121] 용리단길 (primary=KEY_3)
2026-08-20 00:43:28,150 [INFO] [64/121] 이태원 앤틱가구거리 (primary=KEY_4)
2026-08-20 00:43:29,672 [INFO] [65/121] 익선동 (primary=KEY_1)
2026-08-20 00:43:31,706 [INFO] [66/121] 인사동 (primary=KEY_2)
2026-08-20 00:43:33,269 [INFO] [67/121] 잠실롯데타워·석촌호수 (primary=KEY_3)
2026-08-20 00:43:35,783 [INFO] [68/121] 창동 신경제 중심지 (primary=KEY_4)
2026-08-20 00:43:37,565 [INFO] [69/121] 청담동 명품거리 (primary=KEY_1)
2026-08-20 00:43:38,888 [INFO] [70/121] 청량리 제기동 일대 전통시장 (primary=KEY_2)
2026-08-20 00:43:40,294 [INFO] [71/121] 해방촌·경리단길 (primary=KEY_3)
2026-08-20 00:43:41,426 [INFO] [72/121] DDP(동대문디자인플라자) (primary=KEY_4)
2026-08-20 00:43:42,789 [INFO] [73/121] DMC(디지털미디어시티) (primary=KEY_1)
2026-08-20 00:43:44,542 [INFO] [74/121] 가산디지털단지역 (primary=KEY_2)
2026-08-20 00:43:46,460 [INFO] [75/121] 강남역 (primary=KEY_3)
2026-08-20 00:43:48,775 [INFO] [76/121] 건대입구역 (primary=KEY_4)
2026-08-20 00:43:50,137 [INFO] [77/121] 고덕역 (primary=KEY_1)
2026-08-20 00:43:51,505 [INFO] [78/121] 고속터미널역 (primary=KEY_2)
2026-08-20 00:43:53,053 [INFO] [79/121] 교대역 (primary=KEY_3)
2026-08-20 00:43:54,416 [INFO] [80/121] 구로디지털단지역 (primary=KEY_4)
2026-08-20 00:43:56,141 [INFO] [81/121] 구로역 (primary=KEY_1)
2026-08-20 00:43:57,479 [INFO] [82/121] 군자역 (primary=KEY_2)
2026-08-20 00:43:59,495 [INFO] [83/121] 대림역 (primary=KEY_3)
2026-08-20 00:44:01,512 [INFO] [84/121] 동대문역 (primary=KEY_4)
2026-08-20 00:44:03,034 [INFO] [85/121] 뚝섬역 (primary=KEY_1)
2026-08-20 00:44:04,378 [INFO] [86/121] 미아사거리역 (primary=KEY_2)
2026-08-20 00:44:05,706 [INFO] [87/121] 발산역 (primary=KEY_3)
2026-08-20 00:44:07,437 [INFO] [88/121] 사당역 (primary=KEY_4)
2026-08-20 00:44:08,800 [INFO] [89/121] 삼각지역 (primary=KEY_1)
2026-08-20 00:44:10,146 [INFO] [90/121] 서울대입구역 (primary=KEY_2)
2026-08-20 00:44:11,493 [INFO] [91/121] 서울식물원·마곡나루역 (primary=KEY_3)
2026-08-20 00:44:13,030 [INFO] [92/121] 서울역 (primary=KEY_4)
2026-08-20 00:44:15,401 [INFO] [93/121] 선릉역 (primary=KEY_1)
2026-08-20 00:44:17,149 [INFO] [94/121] 성신여대입구역 (primary=KEY_2)
2026-08-20 00:44:18,320 [INFO] [95/121] 수유역 (primary=KEY_3)
2026-08-20 00:44:19,679 [INFO] [96/121] 숭례문 (primary=KEY_4)
2026-08-20 00:44:21,261 [INFO] [97/121] 시의회 앞 (primary=KEY_1)
2026-08-20 00:44:22,625 [INFO] [98/121] 신논현역·논현역 (primary=KEY_2)
2026-08-20 00:44:24,011 [INFO] [99/121] 신도림역 (primary=KEY_3)
2026-08-20 00:44:25,172 [INFO] [100/121] 신림역 (primary=KEY_4)
2026-08-20 00:44:26,517 [INFO] [101/121] 신정네거리역 (primary=KEY_1)
2026-08-20 00:44:27,872 [INFO] [102/121] 신촌·이대역 (primary=KEY_2)
2026-08-20 00:44:29,218 [INFO] [103/121] 쌍문역 (primary=KEY_3)
2026-08-20 00:44:30,602 [INFO] [104/121] 양재역 (primary=KEY_4)
2026-08-20 00:44:32,139 [INFO] [105/121] 역삼역 (primary=KEY_1)
2026-08-20 00:44:33,676 [INFO] [106/121] 연신내역 (primary=KEY_2)
2026-08-20 00:44:34,847 [INFO] [107/121] 오목교역·목동운동장 (primary=KEY_3)
2026-08-20 00:44:36,786 [INFO] [108/121] 왕십리역 (primary=KEY_4)
2026-08-20 00:44:38,393 [INFO] [109/121] 용산역 (primary=KEY_1)
2026-08-20 00:44:39,940 [INFO] [110/121] 이태원역 (primary=KEY_2)
2026-08-20 00:44:41,103 [INFO] [111/121] 잠실새내역 (primary=KEY_3)
2026-08-20 00:44:42,697 [INFO] [112/121] 잠실역 (primary=KEY_4)
2026-08-20 00:44:44,247 [INFO] [113/121] 장지역 (primary=KEY_1)
2026-08-20 00:44:45,847 [INFO] [114/121] 장한평역 (primary=KEY_2)
2026-08-20 00:44:47,197 [INFO] [115/121] 천호역 (primary=KEY_3)
2026-08-20 00:44:48,562 [INFO] [116/121] 총신대입구(이수)역 (primary=KEY_4)
2026-08-20 00:44:49,928 [INFO] [117/121] 충정로역 (primary=KEY_1)
2026-08-20 00:44:51,291 [INFO] [118/121] 합정역 (primary=KEY_2)
2026-08-20 00:44:52,706 [INFO] [119/121] 혜화역 (primary=KEY_3)
2026-08-20 00:44:54,044 [INFO] [120/121] 홍대입구역(2호선) (primary=KEY_4)
2026-08-20 00:44:55,398 [INFO] [121/121] 회기역 (primary=KEY_1)
2026-08-20 00:44:57,381 [INFO] === 수집 완료 | 성공 121, 실패 0 ===
2026-08-20 00:44:57,382 [INFO] 카테고리별 저장 결과:
2026-08-20 00:44:57,382 [INFO]    accident                  | 신규     2행 | 누적      2행 | 16컬럼
2026-08-20 00:44:57,382 [INFO]    area_meta                 | 신규   121행 | 누적    121행 | 5컬럼
2026-08-20 00:44:57,382 [INFO]    bike                      | 신규    11행 | 누적     11행 | 12컬럼
2026-08-20 00:44:57,382 [INFO]    bike_sbike_stts           | 신규   569행 | 누적    569행 | 12컬럼
2026-08-20 00:44:57,382 [INFO]    bus                       | 신규     3행 | 누적      3행 | 11컬럼
2026-08-20 00:44:57,382 [INFO]    bus_bus_stn_stts          | 신규  1745행 | 누적   1745행 | 11컬럼
2026-08-20 00:44:57,382 [INFO]    charger                   | 신규     4행 | 누적      4행 | 15컬럼
2026-08-20 00:44:57,382 [INFO]    charger_charger_stts      | 신규  1929행 | 누적   1929행 | 15컬럼
2026-08-20 00:44:57,382 [INFO]    cmrcl                     | 신규    82행 | 누적     82행 | 20컬럼
2026-08-20 00:44:57,382 [INFO]    events                    | 신규    12행 | 누적     12행 | 14컬럼
2026-08-20 00:44:57,382 [INFO]    events_event_stts         | 신규   137행 | 누적    137행 | 14컬럼
2026-08-20 00:44:57,382 [INFO]    parking                   | 신규     6행 | 누적      6행 | 21컬럼
2026-08-20 00:44:57,382 [INFO]    parking_prk_stts          | 신규  1834행 | 누적   1834행 | 21컬럼
2026-08-20 00:44:57,382 [INFO]    ppltn                     | 신규   121행 | 누적    121행 | 26컬럼
2026-08-20 00:44:57,382 [INFO]    road                      | 신규   121행 | 누적    121행 | 21컬럼
2026-08-20 00:44:57,382 [INFO]    road_road_traffic_stts    | 신규  5292행 | 누적   5292행 | 17컬럼
2026-08-20 00:44:57,382 [INFO]    subway                    | 신규    38행 | 누적     38행 | 12컬럼
2026-08-20 00:44:57,382 [INFO]    subway_sub_stts           | 신규   183행 | 누적    183행 | 13컬럼
2026-08-20 00:44:57,382 [INFO]    weather                   | 신규   119행 | 누적    119행 | 29컬럼
2026-08-20 00:44:57,382 [INFO] 키별 사용량:
2026-08-20 00:44:57,382 [INFO]    🟢 KEY_1 (31/1000) 
2026-08-20 00:44:57,382 [INFO]    🟢 KEY_2 (30/1000) 
2026-08-20 00:44:57,382 [INFO]    🟢 KEY_3 (30/1000) 
2026-08-20 00:44:57,382 [INFO]    🟢 KEY_4 (30/1000) 
2026-08-20 01:42:53,604 [INFO] 등록된 키: 4개, 합산 한도 4,000건/일
2026-08-20 01:42:53,605 [INFO] POI 로드: 매뉴얼 v8.5 기준 fallback 121개 (121개 전체)
2026-08-20 01:42:53,605 [INFO] === 수집 시작 2026-08-20T01:42:53.605391+09:00 ===
2026-08-20 01:42:53,605 [INFO] 대상 장소: 121개 | API: citydata (통합)
2026-08-20 01:42:53,605 [INFO] 키 풀: 4/4 활성 | 오늘 사용 0/4000건
2026-08-20 01:42:53,605 [INFO]   [KEY_1] 담당 31장소
2026-08-20 01:42:53,605 [INFO]   [KEY_2] 담당 30장소
2026-08-20 01:42:53,605 [INFO]   [KEY_3] 담당 30장소
2026-08-20 01:42:53,605 [INFO]   [KEY_4] 담당 30장소
2026-08-20 01:42:53,605 [INFO] [1/121] 경복궁 (primary=KEY_1)
2026-08-20 01:42:55,132 [INFO] [2/121] 광화문·덕수궁 (primary=KEY_2)
2026-08-20 01:42:56,647 [INFO] [3/121] 보신각 (primary=KEY_3)
2026-08-20 01:42:58,510 [INFO] [4/121] 서울 암사동 유적 (primary=KEY_4)
2026-08-20 01:42:59,597 [INFO] [5/121] 창덕궁·종묘 (primary=KEY_1)
2026-08-20 01:43:01,187 [INFO] [6/121] 강남 MICE 관광특구 (primary=KEY_2)
2026-08-20 01:43:02,424 [INFO] [7/121] 동대문 관광특구 (primary=KEY_3)
2026-08-20 01:43:03,825 [INFO] [8/121] 명동 관광특구 (primary=KEY_4)
2026-08-20 01:43:05,259 [INFO] [9/121] 이태원 관광특구 (primary=KEY_1)
2026-08-20 01:43:06,495 [INFO] [10/121] 잠실 관광특구 (primary=KEY_2)
2026-08-20 01:43:08,417 [INFO] [11/121] 종로·청계 관광특구 (primary=KEY_3)
2026-08-20 01:43:09,694 [INFO] [12/121] 홍대 관광특구 (primary=KEY_4)
2026-08-20 01:43:11,732 [INFO] [13/121] 강서한강공원 (primary=KEY_1)
2026-08-20 01:43:12,687 [INFO] [14/121] 고척돔 (primary=KEY_2)
2026-08-20 01:43:13,641 [INFO] [15/121] 광나루한강공원 (primary=KEY_3)
2026-08-20 01:43:14,724 [INFO] [16/121] 광화문광장 (primary=KEY_4)
2026-08-20 01:43:15,938 [INFO] [17/121] 국립중앙박물관·용산가족공원 (primary=KEY_1)
2026-08-20 01:43:16,900 [INFO] [18/121] 난지한강공원 (primary=KEY_2)
2026-08-20 01:43:17,847 [INFO] [19/121] 남산공원 (primary=KEY_3)
2026-08-20 01:43:19,101 [INFO] [20/121] 노들섬 (primary=KEY_4)
2026-08-20 01:43:20,176 [INFO] [21/121] 뚝섬한강공원 (primary=KEY_1)
2026-08-20 01:43:21,143 [INFO] [22/121] 망원한강공원 (primary=KEY_2)
2026-08-20 01:43:22,997 [INFO] [23/121] 반포한강공원 (primary=KEY_3)
2026-08-20 01:43:24,079 [INFO] [24/121] 보라매공원 (primary=KEY_4)
2026-08-20 01:43:25,579 [INFO] [25/121] 북서울꿈의숲 (primary=KEY_1)
2026-08-20 01:43:26,664 [INFO] [26/121] 서대문독립공원 (primary=KEY_2)
2026-08-20 01:43:27,644 [INFO] [27/121] 서리풀공원·몽마르뜨공원 (primary=KEY_3)
2026-08-20 01:43:28,623 [INFO] [28/121] 서울대공원 (primary=KEY_4)
2026-08-20 01:43:29,573 [INFO] [29/121] 서울숲공원 (primary=KEY_1)
2026-08-20 01:43:30,684 [INFO] [30/121] 송현녹지광장 (primary=KEY_2)
2026-08-20 01:43:31,782 [INFO] [31/121] 아차산 (primary=KEY_3)
2026-08-20 01:43:32,866 [INFO] [32/121] 안양천 (primary=KEY_4)
2026-08-20 01:43:33,817 [INFO] [33/121] 양화한강공원 (primary=KEY_1)
2026-08-20 01:43:34,762 [INFO] [34/121] 어린이대공원 (primary=KEY_2)
2026-08-20 01:43:35,868 [INFO] [35/121] 여의도한강공원 (primary=KEY_3)
2026-08-20 01:43:36,954 [INFO] [36/121] 여의서로 (primary=KEY_4)
2026-08-20 01:43:38,030 [INFO] [37/121] 올림픽공원 (primary=KEY_1)
2026-08-20 01:43:39,169 [INFO] [38/121] 월드컵공원 (primary=KEY_2)
2026-08-20 01:43:40,411 [INFO] [39/121] 응봉산 (primary=KEY_3)
2026-08-20 01:43:41,511 [INFO] [40/121] 이촌한강공원 (primary=KEY_4)
2026-08-20 01:43:42,457 [INFO] [41/121] 잠실종합운동장 (primary=KEY_1)
2026-08-20 01:43:43,412 [INFO] [42/121] 잠실한강공원 (primary=KEY_2)
2026-08-20 01:43:44,895 [INFO] [43/121] 잠원한강공원 (primary=KEY_3)
2026-08-20 01:43:45,857 [INFO] [44/121] 청계산 (primary=KEY_4)
2026-08-20 01:43:46,834 [INFO] [45/121] 홍제폭포 (primary=KEY_1)
2026-08-20 01:43:47,785 [INFO] [46/121] 가락시장 (primary=KEY_2)
2026-08-20 01:43:48,910 [INFO] [47/121] 가로수길 (primary=KEY_3)
2026-08-20 01:43:50,029 [INFO] [48/121] 광장(전통)시장 (primary=KEY_4)
2026-08-20 01:43:50,998 [INFO] [49/121] 김포공항 (primary=KEY_1)
2026-08-20 01:43:52,244 [INFO] [50/121] 남대문시장 (primary=KEY_2)
2026-08-20 01:43:53,348 [INFO] [51/121] 노량진 (primary=KEY_3)
2026-08-20 01:43:54,451 [INFO] [52/121] 덕수궁길·정동길 (primary=KEY_4)
2026-08-20 01:43:55,571 [INFO] [53/121] 북창동 먹자골목 (primary=KEY_1)
2026-08-20 01:43:56,665 [INFO] [54/121] 북촌한옥마을 (primary=KEY_2)
2026-08-20 01:43:57,903 [INFO] [55/121] 서촌 (primary=KEY_3)
2026-08-20 01:43:59,001 [INFO] [56/121] 성수카페거리 (primary=KEY_4)
2026-08-20 01:44:00,233 [INFO] [57/121] 송리단길·호수단길 (primary=KEY_1)
2026-08-20 01:44:01,344 [INFO] [58/121] 신촌 스타광장 (primary=KEY_2)
2026-08-20 01:44:02,335 [INFO] [59/121] 압구정로데오거리 (primary=KEY_3)
2026-08-20 01:44:03,454 [INFO] [60/121] 여의도 (primary=KEY_4)
2026-08-20 01:44:05,160 [INFO] [61/121] 연남동 (primary=KEY_1)
2026-08-20 01:44:06,261 [INFO] [62/121] 영등포 타임스퀘어 (primary=KEY_2)
2026-08-20 01:44:07,352 [INFO] [63/121] 용리단길 (primary=KEY_3)
2026-08-20 01:44:08,327 [INFO] [64/121] 이태원 앤틱가구거리 (primary=KEY_4)
2026-08-20 01:44:09,306 [INFO] [65/121] 익선동 (primary=KEY_1)
2026-08-20 01:44:10,413 [INFO] [66/121] 인사동 (primary=KEY_2)
2026-08-20 01:44:12,166 [INFO] [67/121] 잠실롯데타워·석촌호수 (primary=KEY_3)
2026-08-20 01:44:13,548 [INFO] [68/121] 창동 신경제 중심지 (primary=KEY_4)
2026-08-20 01:44:14,931 [INFO] [69/121] 청담동 명품거리 (primary=KEY_1)
2026-08-20 01:44:16,042 [INFO] [70/121] 청량리 제기동 일대 전통시장 (primary=KEY_2)
2026-08-20 01:44:17,156 [INFO] [71/121] 해방촌·경리단길 (primary=KEY_3)
2026-08-20 01:44:18,114 [INFO] [72/121] DDP(동대문디자인플라자) (primary=KEY_4)
2026-08-20 01:44:19,269 [INFO] [73/121] DMC(디지털미디어시티) (primary=KEY_1)
2026-08-20 01:44:20,669 [INFO] [74/121] 가산디지털단지역 (primary=KEY_2)
2026-08-20 01:44:22,175 [INFO] [75/121] 강남역 (primary=KEY_3)
2026-08-20 01:44:23,451 [INFO] [76/121] 건대입구역 (primary=KEY_4)
2026-08-20 01:44:24,574 [INFO] [77/121] 고덕역 (primary=KEY_1)
2026-08-20 01:44:25,687 [INFO] [78/121] 고속터미널역 (primary=KEY_2)
2026-08-20 01:44:26,812 [INFO] [79/121] 교대역 (primary=KEY_3)
2026-08-20 01:44:27,813 [INFO] [80/121] 구로디지털단지역 (primary=KEY_4)
2026-08-20 01:44:29,183 [INFO] [81/121] 구로역 (primary=KEY_1)
2026-08-20 01:44:30,278 [INFO] [82/121] 군자역 (primary=KEY_2)
2026-08-20 01:44:31,264 [INFO] [83/121] 대림역 (primary=KEY_3)
2026-08-20 01:44:32,374 [INFO] [84/121] 동대문역 (primary=KEY_4)
2026-08-20 01:44:33,488 [INFO] [85/121] 뚝섬역 (primary=KEY_1)
2026-08-20 01:44:34,604 [INFO] [86/121] 미아사거리역 (primary=KEY_2)
2026-08-20 01:44:35,714 [INFO] [87/121] 발산역 (primary=KEY_3)
2026-08-20 01:44:37,720 [INFO] [88/121] 사당역 (primary=KEY_4)
2026-08-20 01:44:39,468 [INFO] [89/121] 삼각지역 (primary=KEY_1)
2026-08-20 01:44:41,075 [INFO] [90/121] 서울대입구역 (primary=KEY_2)
2026-08-20 01:44:42,794 [INFO] [91/121] 서울식물원·마곡나루역 (primary=KEY_3)
2026-08-20 01:44:44,537 [INFO] [92/121] 서울역 (primary=KEY_4)
2026-08-20 01:44:46,317 [INFO] [93/121] 선릉역 (primary=KEY_1)
2026-08-20 01:44:47,701 [INFO] [94/121] 성신여대입구역 (primary=KEY_2)
2026-08-20 01:44:49,199 [INFO] [95/121] 수유역 (primary=KEY_3)
2026-08-20 01:44:50,295 [INFO] [96/121] 숭례문 (primary=KEY_4)
2026-08-20 01:44:51,538 [INFO] [97/121] 시의회 앞 (primary=KEY_1)
2026-08-20 01:44:53,168 [INFO] [98/121] 신논현역·논현역 (primary=KEY_2)
2026-08-20 01:44:54,941 [INFO] [99/121] 신도림역 (primary=KEY_3)
2026-08-20 01:44:55,912 [INFO] [100/121] 신림역 (primary=KEY_4)
2026-08-20 01:44:57,459 [INFO] [101/121] 신정네거리역 (primary=KEY_1)
2026-08-20 01:44:58,557 [INFO] [102/121] 신촌·이대역 (primary=KEY_2)
2026-08-20 01:45:00,431 [INFO] [103/121] 쌍문역 (primary=KEY_3)
2026-08-20 01:45:01,529 [INFO] [104/121] 양재역 (primary=KEY_4)
2026-08-20 01:45:02,621 [INFO] [105/121] 역삼역 (primary=KEY_1)
2026-08-20 01:45:03,850 [INFO] [106/121] 연신내역 (primary=KEY_2)
2026-08-20 01:45:04,823 [INFO] [107/121] 오목교역·목동운동장 (primary=KEY_3)
2026-08-20 01:45:06,314 [INFO] [108/121] 왕십리역 (primary=KEY_4)
2026-08-20 01:45:07,420 [INFO] [109/121] 용산역 (primary=KEY_1)
2026-08-20 01:45:08,657 [INFO] [110/121] 이태원역 (primary=KEY_2)
2026-08-20 01:45:10,139 [INFO] [111/121] 잠실새내역 (primary=KEY_3)
2026-08-20 01:45:11,744 [INFO] [112/121] 잠실역 (primary=KEY_4)
2026-08-20 01:45:13,766 [INFO] [113/121] 장지역 (primary=KEY_1)
2026-08-20 01:45:15,624 [INFO] [114/121] 장한평역 (primary=KEY_2)
2026-08-20 01:45:16,713 [INFO] [115/121] 천호역 (primary=KEY_3)
2026-08-20 01:45:17,812 [INFO] [116/121] 총신대입구(이수)역 (primary=KEY_4)
2026-08-20 01:45:18,911 [INFO] [117/121] 충정로역 (primary=KEY_1)
2026-08-20 01:45:20,010 [INFO] [118/121] 합정역 (primary=KEY_2)
2026-08-20 01:45:21,118 [INFO] [119/121] 혜화역 (primary=KEY_3)
2026-08-20 01:45:22,200 [INFO] [120/121] 홍대입구역(2호선) (primary=KEY_4)
2026-08-20 01:45:23,292 [INFO] [121/121] 회기역 (primary=KEY_1)
2026-08-20 01:45:25,120 [INFO] === 수집 완료 | 성공 121, 실패 0 ===
2026-08-20 01:45:25,120 [INFO] 카테고리별 저장 결과:
2026-08-20 01:45:25,120 [INFO]    accident                  | 신규     2행 | 누적      4행 | 16컬럼
2026-08-20 01:45:25,120 [INFO]    area_meta                 | 신규   121행 | 누적    242행 | 5컬럼
2026-08-20 01:45:25,120 [INFO]    bike                      | 신규    11행 | 누적     22행 | 12컬럼
2026-08-20 01:45:25,120 [INFO]    bike_sbike_stts           | 신규   569행 | 누적   1138행 | 12컬럼
2026-08-20 01:45:25,120 [INFO]    bus                       | 신규     3행 | 누적      6행 | 11컬럼
2026-08-20 01:45:25,120 [INFO]    bus_bus_stn_stts          | 신규  1745행 | 누적   3490행 | 11컬럼
2026-08-20 01:45:25,120 [INFO]    charger                   | 신규     4행 | 누적      8행 | 15컬럼
2026-08-20 01:45:25,120 [INFO]    charger_charger_stts      | 신규  1929행 | 누적   3832행 | 15컬럼
2026-08-20 01:45:25,120 [INFO]    cmrcl                     | 신규    82행 | 누적    164행 | 20컬럼
2026-08-20 01:45:25,120 [INFO]    events                    | 신규    12행 | 누적     24행 | 14컬럼
2026-08-20 01:45:25,120 [INFO]    events_event_stts         | 신규   137행 | 누적    274행 | 14컬럼
2026-08-20 01:45:25,120 [INFO]    parking                   | 신규     6행 | 누적     12행 | 21컬럼
2026-08-20 01:45:25,120 [INFO]    parking_prk_stts          | 신규  1834행 | 누적   3668행 | 21컬럼
2026-08-20 01:45:25,121 [INFO]    ppltn                     | 신규   121행 | 누적    242행 | 26컬럼
2026-08-20 01:45:25,121 [INFO]    road                      | 신규   121행 | 누적    242행 | 21컬럼
2026-08-20 01:45:25,121 [INFO]    road_road_traffic_stts    | 신규  5292행 | 누적  10584행 | 17컬럼
2026-08-20 01:45:25,121 [INFO]    subway                    | 신규    38행 | 누적     76행 | 12컬럼
2026-08-20 01:45:25,121 [INFO]    subway_sub_stts           | 신규   183행 | 누적    366행 | 13컬럼
2026-08-20 01:45:25,121 [INFO]    weather                   | 신규   119행 | 누적    238행 | 29컬럼
2026-08-20 01:45:25,121 [INFO] 키별 사용량:
2026-08-20 01:45:25,121 [INFO]    🟢 KEY_1 (31/1000) 
2026-08-20 01:45:25,121 [INFO]    🟢 KEY_2 (30/1000) 
2026-08-20 01:45:25,121 [INFO]    🟢 KEY_3 (30/1000) 
2026-08-20 01:45:25,121 [INFO]    🟢 KEY_4 (30/1000) 
2026-08-20 02:37:18,478 [INFO] 등록된 키: 4개, 합산 한도 4,000건/일
2026-08-20 02:37:18,478 [INFO] POI 로드: 매뉴얼 v8.5 기준 fallback 121개 (121개 전체)
2026-08-20 02:37:18,478 [INFO] === 수집 시작 2026-08-20T02:37:18.478957+09:00 ===
2026-08-20 02:37:18,479 [INFO] 대상 장소: 121개 | API: citydata (통합)
2026-08-20 02:37:18,479 [INFO] 키 풀: 4/4 활성 | 오늘 사용 0/4000건
2026-08-20 02:37:18,479 [INFO]   [KEY_1] 담당 31장소
2026-08-20 02:37:18,479 [INFO]   [KEY_2] 담당 30장소
2026-08-20 02:37:18,479 [INFO]   [KEY_3] 담당 30장소
2026-08-20 02:37:18,479 [INFO]   [KEY_4] 담당 30장소
2026-08-20 02:37:18,479 [INFO] [1/121] 경복궁 (primary=KEY_1)
2026-08-20 02:37:20,652 [INFO] [2/121] 광화문·덕수궁 (primary=KEY_2)
2026-08-20 02:37:22,495 [INFO] [3/121] 보신각 (primary=KEY_3)
2026-08-20 02:37:24,472 [INFO] [4/121] 서울 암사동 유적 (primary=KEY_4)
2026-08-20 02:37:25,561 [INFO] [5/121] 창덕궁·종묘 (primary=KEY_1)
2026-08-20 02:37:27,522 [INFO] [6/121] 강남 MICE 관광특구 (primary=KEY_2)
2026-08-20 02:37:29,498 [INFO] [7/121] 동대문 관광특구 (primary=KEY_3)
2026-08-20 02:37:31,025 [INFO] [8/121] 명동 관광특구 (primary=KEY_4)
2026-08-20 02:37:32,734 [INFO] [9/121] 이태원 관광특구 (primary=KEY_1)
2026-08-20 02:37:35,064 [INFO] [10/121] 잠실 관광특구 (primary=KEY_2)
2026-08-20 02:37:37,636 [INFO] [11/121] 종로·청계 관광특구 (primary=KEY_3)
2026-08-20 02:37:39,172 [INFO] [12/121] 홍대 관광특구 (primary=KEY_4)
2026-08-20 02:37:40,690 [INFO] [13/121] 강서한강공원 (primary=KEY_1)
2026-08-20 02:37:41,773 [INFO] [14/121] 고척돔 (primary=KEY_2)
2026-08-20 02:37:43,905 [INFO] [15/121] 광나루한강공원 (primary=KEY_3)
2026-08-20 02:37:45,161 [INFO] [16/121] 광화문광장 (primary=KEY_4)
2026-08-20 02:37:46,432 [INFO] [17/121] 국립중앙박물관·용산가족공원 (primary=KEY_1)
2026-08-20 02:37:48,229 [INFO] [18/121] 난지한강공원 (primary=KEY_2)
2026-08-20 02:37:50,009 [INFO] [19/121] 남산공원 (primary=KEY_3)
2026-08-20 02:37:52,192 [INFO] [20/121] 노들섬 (primary=KEY_4)
2026-08-20 02:37:53,274 [INFO] [21/121] 뚝섬한강공원 (primary=KEY_1)
2026-08-20 02:37:55,248 [INFO] [22/121] 망원한강공원 (primary=KEY_2)
2026-08-20 02:37:56,518 [INFO] [23/121] 반포한강공원 (primary=KEY_3)
2026-08-20 02:37:58,462 [INFO] [24/121] 보라매공원 (primary=KEY_4)
2026-08-20 02:37:59,567 [INFO] [25/121] 북서울꿈의숲 (primary=KEY_1)
2026-08-20 02:38:01,540 [INFO] [26/121] 서대문독립공원 (primary=KEY_2)
2026-08-20 02:38:02,664 [INFO] [27/121] 서리풀공원·몽마르뜨공원 (primary=KEY_3)
2026-08-20 02:38:04,813 [INFO] [28/121] 서울대공원 (primary=KEY_4)
2026-08-20 02:38:06,929 [INFO] [29/121] 서울숲공원 (primary=KEY_1)
2026-08-20 02:38:09,301 [INFO] [30/121] 송현녹지광장 (primary=KEY_2)
2026-08-20 02:38:11,274 [INFO] [31/121] 아차산 (primary=KEY_3)
2026-08-20 02:38:13,076 [INFO] [32/121] 안양천 (primary=KEY_4)
2026-08-20 02:38:14,163 [INFO] [33/121] 양화한강공원 (primary=KEY_1)
2026-08-20 02:38:15,242 [INFO] [34/121] 어린이대공원 (primary=KEY_2)
2026-08-20 02:38:16,526 [INFO] [35/121] 여의도한강공원 (primary=KEY_3)
2026-08-20 02:38:17,805 [INFO] [36/121] 여의서로 (primary=KEY_4)
2026-08-20 02:38:19,074 [INFO] [37/121] 올림픽공원 (primary=KEY_1)
2026-08-20 02:38:21,087 [INFO] [38/121] 월드컵공원 (primary=KEY_2)
2026-08-20 02:38:22,546 [INFO] [39/121] 응봉산 (primary=KEY_3)
2026-08-20 02:38:23,806 [INFO] [40/121] 이촌한강공원 (primary=KEY_4)
2026-08-20 02:38:24,886 [INFO] [41/121] 잠실종합운동장 (primary=KEY_1)
2026-08-20 02:38:25,985 [INFO] [42/121] 잠실한강공원 (primary=KEY_2)
2026-08-20 02:38:27,101 [INFO] [43/121] 잠원한강공원 (primary=KEY_3)
2026-08-20 02:38:28,198 [INFO] [44/121] 청계산 (primary=KEY_4)
2026-08-20 02:38:29,289 [INFO] [45/121] 홍제폭포 (primary=KEY_1)
2026-08-20 02:38:30,385 [INFO] [46/121] 가락시장 (primary=KEY_2)
2026-08-20 02:38:31,690 [INFO] [47/121] 가로수길 (primary=KEY_3)
2026-08-20 02:38:33,009 [INFO] [48/121] 광장(전통)시장 (primary=KEY_4)
2026-08-20 02:38:34,104 [INFO] [49/121] 김포공항 (primary=KEY_1)
2026-08-20 02:38:35,572 [INFO] [50/121] 남대문시장 (primary=KEY_2)
2026-08-20 02:38:36,850 [INFO] [51/121] 노량진 (primary=KEY_3)
2026-08-20 02:38:38,142 [INFO] [52/121] 덕수궁길·정동길 (primary=KEY_4)
2026-08-20 02:38:39,441 [INFO] [53/121] 북창동 먹자골목 (primary=KEY_1)
2026-08-20 02:38:40,725 [INFO] [54/121] 북촌한옥마을 (primary=KEY_2)
2026-08-20 02:38:43,204 [INFO] [55/121] 서촌 (primary=KEY_3)
2026-08-20 02:38:44,482 [INFO] [56/121] 성수카페거리 (primary=KEY_4)
2026-08-20 02:38:45,964 [INFO] [57/121] 송리단길·호수단길 (primary=KEY_1)
2026-08-20 02:38:47,274 [INFO] [58/121] 신촌 스타광장 (primary=KEY_2)
2026-08-20 02:38:48,390 [INFO] [59/121] 압구정로데오거리 (primary=KEY_3)
2026-08-20 02:38:49,697 [INFO] [60/121] 여의도 (primary=KEY_4)
2026-08-20 02:38:51,771 [INFO] [61/121] 연남동 (primary=KEY_1)
2026-08-20 02:38:53,050 [INFO] [62/121] 영등포 타임스퀘어 (primary=KEY_2)
2026-08-20 02:38:54,343 [INFO] [63/121] 용리단길 (primary=KEY_3)
2026-08-20 02:38:55,478 [INFO] [64/121] 이태원 앤틱가구거리 (primary=KEY_4)
2026-08-20 02:38:56,612 [INFO] [65/121] 익선동 (primary=KEY_1)
2026-08-20 02:38:57,925 [INFO] [66/121] 인사동 (primary=KEY_2)
2026-08-20 02:38:59,391 [INFO] [67/121] 잠실롯데타워·석촌호수 (primary=KEY_3)
2026-08-20 02:39:01,072 [INFO] [68/121] 창동 신경제 중심지 (primary=KEY_4)
2026-08-20 02:39:02,725 [INFO] [69/121] 청담동 명품거리 (primary=KEY_1)
2026-08-20 02:39:04,019 [INFO] [70/121] 청량리 제기동 일대 전통시장 (primary=KEY_2)
2026-08-20 02:39:05,313 [INFO] [71/121] 해방촌·경리단길 (primary=KEY_3)
2026-08-20 02:39:06,419 [INFO] [72/121] DDP(동대문디자인플라자) (primary=KEY_4)
2026-08-20 02:39:07,763 [INFO] [73/121] DMC(디지털미디어시티) (primary=KEY_1)
2026-08-20 02:39:09,467 [INFO] [74/121] 가산디지털단지역 (primary=KEY_2)
2026-08-20 02:39:11,290 [INFO] [75/121] 강남역 (primary=KEY_3)
2026-08-20 02:39:12,777 [INFO] [76/121] 건대입구역 (primary=KEY_4)
2026-08-20 02:39:14,076 [INFO] [77/121] 고덕역 (primary=KEY_1)
2026-08-20 02:39:15,403 [INFO] [78/121] 고속터미널역 (primary=KEY_2)
2026-08-20 02:39:16,705 [INFO] [79/121] 교대역 (primary=KEY_3)
2026-08-20 02:39:17,840 [INFO] [80/121] 구로디지털단지역 (primary=KEY_4)
2026-08-20 02:39:19,477 [INFO] [81/121] 구로역 (primary=KEY_1)
2026-08-20 02:39:20,739 [INFO] [82/121] 군자역 (primary=KEY_2)
2026-08-20 02:39:21,883 [INFO] [83/121] 대림역 (primary=KEY_3)
2026-08-20 02:39:23,160 [INFO] [84/121] 동대문역 (primary=KEY_4)
2026-08-20 02:39:24,448 [INFO] [85/121] 뚝섬역 (primary=KEY_1)
2026-08-20 02:39:25,728 [INFO] [86/121] 미아사거리역 (primary=KEY_2)
2026-08-20 02:39:27,021 [INFO] [87/121] 발산역 (primary=KEY_3)
2026-08-20 02:39:28,674 [INFO] [88/121] 사당역 (primary=KEY_4)
2026-08-20 02:39:29,968 [INFO] [89/121] 삼각지역 (primary=KEY_1)
2026-08-20 02:39:31,087 [INFO] [90/121] 서울대입구역 (primary=KEY_2)
2026-08-20 02:39:32,365 [INFO] [91/121] 서울식물원·마곡나루역 (primary=KEY_3)
2026-08-20 02:39:33,844 [INFO] [92/121] 서울역 (primary=KEY_4)
2026-08-20 02:39:35,171 [INFO] [93/121] 선릉역 (primary=KEY_1)
2026-08-20 02:39:36,831 [INFO] [94/121] 성신여대입구역 (primary=KEY_2)
2026-08-20 02:39:37,959 [INFO] [95/121] 수유역 (primary=KEY_3)
2026-08-20 02:39:39,255 [INFO] [96/121] 숭례문 (primary=KEY_4)
2026-08-20 02:39:40,737 [INFO] [97/121] 시의회 앞 (primary=KEY_1)
2026-08-20 02:39:42,067 [INFO] [98/121] 신논현역·논현역 (primary=KEY_2)
2026-08-20 02:39:43,371 [INFO] [99/121] 신도림역 (primary=KEY_3)
2026-08-20 02:39:44,486 [INFO] [100/121] 신림역 (primary=KEY_4)
2026-08-20 02:39:45,596 [INFO] [101/121] 신정네거리역 (primary=KEY_1)
2026-08-20 02:39:46,870 [INFO] [102/121] 신촌·이대역 (primary=KEY_2)
2026-08-20 02:39:48,173 [INFO] [103/121] 쌍문역 (primary=KEY_3)
2026-08-20 02:39:49,451 [INFO] [104/121] 양재역 (primary=KEY_4)
2026-08-20 02:39:50,742 [INFO] [105/121] 역삼역 (primary=KEY_1)
2026-08-20 02:39:52,224 [INFO] [106/121] 연신내역 (primary=KEY_2)
2026-08-20 02:39:53,353 [INFO] [107/121] 오목교역·목동운동장 (primary=KEY_3)
2026-08-20 02:39:55,169 [INFO] [108/121] 왕십리역 (primary=KEY_4)
2026-08-20 02:39:56,468 [INFO] [109/121] 용산역 (primary=KEY_1)
2026-08-20 02:39:58,008 [INFO] [110/121] 이태원역 (primary=KEY_2)
2026-08-20 02:39:59,122 [INFO] [111/121] 잠실새내역 (primary=KEY_3)
2026-08-20 02:40:01,030 [INFO] [112/121] 잠실역 (primary=KEY_4)
2026-08-20 02:40:02,604 [INFO] [113/121] 장지역 (primary=KEY_1)
2026-08-20 02:40:04,179 [INFO] [114/121] 장한평역 (primary=KEY_2)
2026-08-20 02:40:05,466 [INFO] [115/121] 천호역 (primary=KEY_3)
2026-08-20 02:40:06,769 [INFO] [116/121] 총신대입구(이수)역 (primary=KEY_4)
2026-08-20 02:40:08,036 [INFO] [117/121] 충정로역 (primary=KEY_1)
2026-08-20 02:40:09,332 [INFO] [118/121] 합정역 (primary=KEY_2)
2026-08-20 02:40:10,613 [INFO] [119/121] 혜화역 (primary=KEY_3)
2026-08-20 02:40:11,896 [INFO] [120/121] 홍대입구역(2호선) (primary=KEY_4)
2026-08-20 02:40:14,211 [INFO] [121/121] 회기역 (primary=KEY_1)
2026-08-20 02:40:16,322 [INFO] === 수집 완료 | 성공 121, 실패 0 ===
2026-08-20 02:40:16,322 [INFO] 카테고리별 저장 결과:
2026-08-20 02:40:16,323 [INFO]    accident                  | 신규     2행 | 누적      6행 | 16컬럼
2026-08-20 02:40:16,323 [INFO]    area_meta                 | 신규   121행 | 누적    363행 | 5컬럼
2026-08-20 02:40:16,323 [INFO]    bike                      | 신규    11행 | 누적     33행 | 12컬럼
2026-08-20 02:40:16,323 [INFO]    bike_sbike_stts           | 신규   569행 | 누적   1707행 | 12컬럼
2026-08-20 02:40:16,323 [INFO]    bus                       | 신규     3행 | 누적      9행 | 11컬럼
2026-08-20 02:40:16,323 [INFO]    bus_bus_stn_stts          | 신규  1745행 | 누적   5235행 | 11컬럼
2026-08-20 02:40:16,323 [INFO]    charger                   | 신규     4행 | 누적     12행 | 15컬럼
2026-08-20 02:40:16,323 [INFO]    charger_charger_stts      | 신규  1929행 | 누적   5748행 | 15컬럼
2026-08-20 02:40:16,323 [INFO]    cmrcl                     | 신규    82행 | 누적    246행 | 20컬럼
2026-08-20 02:40:16,323 [INFO]    events                    | 신규    12행 | 누적     36행 | 14컬럼
2026-08-20 02:40:16,323 [INFO]    events_event_stts         | 신규   137행 | 누적    411행 | 14컬럼
2026-08-20 02:40:16,323 [INFO]    parking                   | 신규     6행 | 누적     18행 | 21컬럼
2026-08-20 02:40:16,323 [INFO]    parking_prk_stts          | 신규  1834행 | 누적   5502행 | 21컬럼
2026-08-20 02:40:16,323 [INFO]    ppltn                     | 신규   121행 | 누적    363행 | 26컬럼
2026-08-20 02:40:16,323 [INFO]    road                      | 신규   121행 | 누적    363행 | 21컬럼
2026-08-20 02:40:16,323 [INFO]    road_road_traffic_stts    | 신규  5292행 | 누적  15876행 | 17컬럼
2026-08-20 02:40:16,324 [INFO]    subway                    | 신규    38행 | 누적    114행 | 12컬럼
2026-08-20 02:40:16,324 [INFO]    subway_sub_stts           | 신규   183행 | 누적    549행 | 13컬럼
2026-08-20 02:40:16,324 [INFO]    weather                   | 신규   119행 | 누적    357행 | 29컬럼
2026-08-20 02:40:16,324 [INFO] 키별 사용량:
2026-08-20 02:40:16,324 [INFO]    🟢 KEY_1 (31/1000) 
2026-08-20 02:40:16,324 [INFO]    🟢 KEY_2 (30/1000) 
2026-08-20 02:40:16,324 [INFO]    🟢 KEY_3 (30/1000) 
2026-08-20 02:40:16,324 [INFO]    🟢 KEY_4 (30/1000) 
