2026-07-14 00:48:56,897 [INFO] 등록된 키: 4개, 합산 한도 4,000건/일
2026-07-14 00:48:56,897 [INFO] POI 로드: 매뉴얼 v8.5 기준 fallback 121개 (121개 전체)
2026-07-14 00:48:56,897 [INFO] === 수집 시작 2026-07-14T00:48:56.897877+09:00 ===
2026-07-14 00:48:56,897 [INFO] 대상 장소: 121개 | API: citydata (통합)
2026-07-14 00:48:56,898 [INFO] 키 풀: 4/4 활성 | 오늘 사용 0/4000건
2026-07-14 00:48:56,898 [INFO]   [KEY_1] 담당 31장소
2026-07-14 00:48:56,898 [INFO]   [KEY_2] 담당 30장소
2026-07-14 00:48:56,898 [INFO]   [KEY_3] 담당 30장소
2026-07-14 00:48:56,898 [INFO]   [KEY_4] 담당 30장소
2026-07-14 00:48:56,898 [INFO] [1/121] 경복궁 (primary=KEY_1)
2026-07-14 00:48:58,864 [INFO] [2/121] 광화문·덕수궁 (primary=KEY_2)
2026-07-14 00:49:01,118 [INFO] [3/121] 보신각 (primary=KEY_3)
2026-07-14 00:49:03,204 [INFO] [4/121] 서울 암사동 유적 (primary=KEY_4)
2026-07-14 00:49:04,937 [INFO] [5/121] 창덕궁·종묘 (primary=KEY_1)
2026-07-14 00:49:06,859 [INFO] [6/121] 강남 MICE 관광특구 (primary=KEY_2)
2026-07-14 00:49:08,099 [INFO] [7/121] 동대문 관광특구 (primary=KEY_3)
2026-07-14 00:49:10,222 [INFO] [8/121] 명동 관광특구 (primary=KEY_4)
2026-07-14 00:49:12,665 [INFO] [9/121] 이태원 관광특구 (primary=KEY_1)
2026-07-14 00:49:13,917 [INFO] [10/121] 잠실 관광특구 (primary=KEY_2)
2026-07-14 00:49:16,129 [INFO] [11/121] 종로·청계 관광특구 (primary=KEY_3)
2026-07-14 00:49:18,558 [INFO] [12/121] 홍대 관광특구 (primary=KEY_4)
2026-07-14 00:49:20,678 [INFO] [13/121] 강서한강공원 (primary=KEY_1)
2026-07-14 00:49:21,734 [INFO] [14/121] 고척돔 (primary=KEY_2)
2026-07-14 00:49:22,800 [INFO] [15/121] 광나루한강공원 (primary=KEY_3)
2026-07-14 00:49:24,677 [INFO] [16/121] 광화문광장 (primary=KEY_4)
2026-07-14 00:49:26,564 [INFO] [17/121] 국립중앙박물관·용산가족공원 (primary=KEY_1)
2026-07-14 00:49:28,300 [INFO] [18/121] 난지한강공원 (primary=KEY_2)
2026-07-14 00:49:29,359 [INFO] [19/121] 남산공원 (primary=KEY_3)
2026-07-14 00:49:31,391 [INFO] [20/121] 노들섬 (primary=KEY_4)
2026-07-14 00:49:32,439 [INFO] [21/121] 뚝섬한강공원 (primary=KEY_1)
2026-07-14 00:49:33,511 [INFO] [22/121] 망원한강공원 (primary=KEY_2)
2026-07-14 00:49:34,755 [INFO] [23/121] 반포한강공원 (primary=KEY_3)
2026-07-14 00:49:36,486 [INFO] [24/121] 보라매공원 (primary=KEY_4)
2026-07-14 00:49:37,569 [INFO] [25/121] 북서울꿈의숲 (primary=KEY_1)
2026-07-14 00:49:39,468 [INFO] [26/121] 서대문독립공원 (primary=KEY_2)
2026-07-14 00:49:40,559 [INFO] [27/121] 서리풀공원·몽마르뜨공원 (primary=KEY_3)
2026-07-14 00:49:42,637 [INFO] [28/121] 서울대공원 (primary=KEY_4)
2026-07-14 00:49:43,705 [INFO] [29/121] 서울숲공원 (primary=KEY_1)
2026-07-14 00:49:45,628 [INFO] [30/121] 송현녹지광장 (primary=KEY_2)
2026-07-14 00:49:46,870 [INFO] [31/121] 아차산 (primary=KEY_3)
2026-07-14 00:49:48,614 [INFO] [32/121] 안양천 (primary=KEY_4)
2026-07-14 00:49:49,687 [INFO] [33/121] 양화한강공원 (primary=KEY_1)
2026-07-14 00:49:50,754 [INFO] [34/121] 어린이대공원 (primary=KEY_2)
2026-07-14 00:49:52,009 [INFO] [35/121] 여의도한강공원 (primary=KEY_3)
2026-07-14 00:49:53,911 [INFO] [36/121] 여의서로 (primary=KEY_4)
2026-07-14 00:49:55,804 [INFO] [37/121] 올림픽공원 (primary=KEY_1)
2026-07-14 00:49:57,098 [INFO] [38/121] 월드컵공원 (primary=KEY_2)
2026-07-14 00:49:58,534 [INFO] [39/121] 응봉산 (primary=KEY_3)
2026-07-14 00:50:00,921 [INFO] [40/121] 이촌한강공원 (primary=KEY_4)
2026-07-14 00:50:01,969 [INFO] [41/121] 잠실종합운동장 (primary=KEY_1)
2026-07-14 00:50:03,027 [INFO] [42/121] 잠실한강공원 (primary=KEY_2)
2026-07-14 00:50:04,117 [INFO] [43/121] 잠원한강공원 (primary=KEY_3)
2026-07-14 00:50:05,166 [INFO] [44/121] 청계산 (primary=KEY_4)
2026-07-14 00:50:06,223 [INFO] [45/121] 홍제폭포 (primary=KEY_1)
2026-07-14 00:50:07,928 [INFO] [46/121] 가락시장 (primary=KEY_2)
2026-07-14 00:50:09,169 [INFO] [47/121] 가로수길 (primary=KEY_3)
2026-07-14 00:50:10,415 [INFO] [48/121] 광장(전통)시장 (primary=KEY_4)
2026-07-14 00:50:11,471 [INFO] [49/121] 김포공항 (primary=KEY_1)
2026-07-14 00:50:13,564 [INFO] [50/121] 남대문시장 (primary=KEY_2)
2026-07-14 00:50:14,800 [INFO] [51/121] 노량진 (primary=KEY_3)
2026-07-14 00:50:16,046 [INFO] [52/121] 덕수궁길·정동길 (primary=KEY_4)
2026-07-14 00:50:17,280 [INFO] [53/121] 북창동 먹자골목 (primary=KEY_1)
2026-07-14 00:50:19,494 [INFO] [54/121] 북촌한옥마을 (primary=KEY_2)
2026-07-14 00:50:20,877 [INFO] [55/121] 서촌 (primary=KEY_3)
2026-07-14 00:50:22,148 [INFO] [56/121] 성수카페거리 (primary=KEY_4)
2026-07-14 00:50:23,565 [INFO] [57/121] 송리단길·호수단길 (primary=KEY_1)
2026-07-14 00:50:24,801 [INFO] [58/121] 신촌 스타광장 (primary=KEY_2)
2026-07-14 00:50:25,875 [INFO] [59/121] 압구정로데오거리 (primary=KEY_3)
2026-07-14 00:50:27,118 [INFO] [60/121] 여의도 (primary=KEY_4)
2026-07-14 00:50:29,111 [INFO] [61/121] 연남동 (primary=KEY_1)
2026-07-14 00:50:30,330 [INFO] [62/121] 영등포 타임스퀘어 (primary=KEY_2)
2026-07-14 00:50:31,569 [INFO] [63/121] 용리단길 (primary=KEY_3)
2026-07-14 00:50:32,658 [INFO] [64/121] 이태원 앤틱가구거리 (primary=KEY_4)
2026-07-14 00:50:33,742 [INFO] [65/121] 익선동 (primary=KEY_1)
2026-07-14 00:50:34,995 [INFO] [66/121] 인사동 (primary=KEY_2)
2026-07-14 00:50:36,403 [INFO] [67/121] 잠실롯데타워·석촌호수 (primary=KEY_3)
2026-07-14 00:50:38,009 [INFO] [68/121] 창동 신경제 중심지 (primary=KEY_4)
2026-07-14 00:50:39,606 [INFO] [69/121] 청담동 명품거리 (primary=KEY_1)
2026-07-14 00:50:40,835 [INFO] [70/121] 청량리 제기동 일대 전통시장 (primary=KEY_2)
2026-07-14 00:50:42,091 [INFO] [71/121] 해방촌·경리단길 (primary=KEY_3)
2026-07-14 00:50:43,159 [INFO] [72/121] DDP(동대문디자인플라자) (primary=KEY_4)
2026-07-14 00:50:44,483 [INFO] [73/121] DMC(디지털미디어시티) (primary=KEY_1)
2026-07-14 00:50:46,103 [INFO] [74/121] 가산디지털단지역 (primary=KEY_2)
2026-07-14 00:50:47,883 [INFO] [75/121] 강남역 (primary=KEY_3)
2026-07-14 00:50:49,333 [INFO] [76/121] 건대입구역 (primary=KEY_4)
2026-07-14 00:50:50,579 [INFO] [77/121] 고덕역 (primary=KEY_1)
2026-07-14 00:50:51,820 [INFO] [78/121] 고속터미널역 (primary=KEY_2)
2026-07-14 00:50:53,072 [INFO] [79/121] 교대역 (primary=KEY_3)
2026-07-14 00:50:54,311 [INFO] [80/121] 구로디지털단지역 (primary=KEY_4)
2026-07-14 00:50:55,889 [INFO] [81/121] 구로역 (primary=KEY_1)
2026-07-14 00:50:57,126 [INFO] [82/121] 군자역 (primary=KEY_2)
2026-07-14 00:50:58,377 [INFO] [83/121] 대림역 (primary=KEY_3)
2026-07-14 00:50:59,620 [INFO] [84/121] 동대문역 (primary=KEY_4)
2026-07-14 00:51:00,869 [INFO] [85/121] 뚝섬역 (primary=KEY_1)
2026-07-14 00:51:02,118 [INFO] [86/121] 미아사거리역 (primary=KEY_2)
2026-07-14 00:51:03,401 [INFO] [87/121] 발산역 (primary=KEY_3)
2026-07-14 00:51:04,815 [INFO] [88/121] 사당역 (primary=KEY_4)
2026-07-14 00:51:06,075 [INFO] [89/121] 삼각지역 (primary=KEY_1)
2026-07-14 00:51:07,305 [INFO] [90/121] 서울대입구역 (primary=KEY_2)
2026-07-14 00:51:08,541 [INFO] [91/121] 서울식물원·마곡나루역 (primary=KEY_3)
2026-07-14 00:51:09,949 [INFO] [92/121] 서울역 (primary=KEY_4)
2026-07-14 00:51:11,418 [INFO] [93/121] 선릉역 (primary=KEY_1)
2026-07-14 00:51:13,024 [INFO] [94/121] 성신여대입구역 (primary=KEY_2)
2026-07-14 00:51:14,099 [INFO] [95/121] 수유역 (primary=KEY_3)
2026-07-14 00:51:15,344 [INFO] [96/121] 숭례문 (primary=KEY_4)
2026-07-14 00:51:16,739 [INFO] [97/121] 시의회 앞 (primary=KEY_1)
2026-07-14 00:51:17,972 [INFO] [98/121] 신논현역·논현역 (primary=KEY_2)
2026-07-14 00:51:19,227 [INFO] [99/121] 신도림역 (primary=KEY_3)
2026-07-14 00:51:20,294 [INFO] [100/121] 신림역 (primary=KEY_4)
2026-07-14 00:51:21,541 [INFO] [101/121] 신정네거리역 (primary=KEY_1)
2026-07-14 00:51:22,769 [INFO] [102/121] 신촌·이대역 (primary=KEY_2)
2026-07-14 00:51:24,019 [INFO] [103/121] 쌍문역 (primary=KEY_3)
2026-07-14 00:51:25,252 [INFO] [104/121] 양재역 (primary=KEY_4)
2026-07-14 00:51:26,490 [INFO] [105/121] 역삼역 (primary=KEY_1)
2026-07-14 00:51:27,911 [INFO] [106/121] 연신내역 (primary=KEY_2)
2026-07-14 00:51:28,990 [INFO] [107/121] 오목교역·목동운동장 (primary=KEY_3)
2026-07-14 00:51:30,721 [INFO] [108/121] 왕십리역 (primary=KEY_4)
2026-07-14 00:51:32,141 [INFO] [109/121] 용산역 (primary=KEY_1)
2026-07-14 00:51:33,546 [INFO] [110/121] 이태원역 (primary=KEY_2)
2026-07-14 00:51:34,615 [INFO] [111/121] 잠실새내역 (primary=KEY_3)
2026-07-14 00:51:35,850 [INFO] [112/121] 잠실역 (primary=KEY_4)
2026-07-14 00:51:37,266 [INFO] [113/121] 장지역 (primary=KEY_1)
2026-07-14 00:51:38,722 [INFO] [114/121] 장한평역 (primary=KEY_2)
2026-07-14 00:51:39,963 [INFO] [115/121] 천호역 (primary=KEY_3)
2026-07-14 00:51:41,218 [INFO] [116/121] 총신대입구(이수)역 (primary=KEY_4)
2026-07-14 00:51:42,461 [INFO] [117/121] 충정로역 (primary=KEY_1)
2026-07-14 00:51:43,724 [INFO] [118/121] 합정역 (primary=KEY_2)
2026-07-14 00:51:44,982 [INFO] [119/121] 혜화역 (primary=KEY_3)
2026-07-14 00:51:46,223 [INFO] [120/121] 홍대입구역(2호선) (primary=KEY_4)
2026-07-14 00:51:47,481 [INFO] [121/121] 회기역 (primary=KEY_1)
2026-07-14 00:51:49,152 [INFO] === 수집 완료 | 성공 121, 실패 0 ===
2026-07-14 00:51:49,152 [INFO] 카테고리별 저장 결과:
2026-07-14 00:51:49,152 [INFO]    accident                  | 신규     3행 | 누적      3행 | 16컬럼
2026-07-14 00:51:49,152 [INFO]    area_meta                 | 신규   121행 | 누적    121행 | 5컬럼
2026-07-14 00:51:49,152 [INFO]    bike                      | 신규    12행 | 누적     12행 | 12컬럼
2026-07-14 00:51:49,152 [INFO]    bike_sbike_stts           | 신규   570행 | 누적    570행 | 12컬럼
2026-07-14 00:51:49,152 [INFO]    bus                       | 신규     3행 | 누적      3행 | 11컬럼
2026-07-14 00:51:49,152 [INFO]    bus_bus_stn_stts          | 신규  1745행 | 누적   1745행 | 11컬럼
2026-07-14 00:51:49,152 [INFO]    charger                   | 신규     4행 | 누적      4행 | 15컬럼
2026-07-14 00:51:49,152 [INFO]    charger_charger_stts      | 신규  1921행 | 누적   1921행 | 15컬럼
2026-07-14 00:51:49,152 [INFO]    cmrcl                     | 신규    82행 | 누적     82행 | 20컬럼
2026-07-14 00:51:49,152 [INFO]    events                    | 신규     8행 | 누적      8행 | 14컬럼
2026-07-14 00:51:49,152 [INFO]    events_event_stts         | 신규   120행 | 누적    120행 | 14컬럼
2026-07-14 00:51:49,152 [INFO]    parking                   | 신규     6행 | 누적      6행 | 21컬럼
2026-07-14 00:51:49,152 [INFO]    parking_prk_stts          | 신규  1834행 | 누적   1834행 | 21컬럼
2026-07-14 00:51:49,152 [INFO]    ppltn                     | 신규   121행 | 누적    121행 | 26컬럼
2026-07-14 00:51:49,152 [INFO]    road                      | 신규   121행 | 누적    121행 | 21컬럼
2026-07-14 00:51:49,152 [INFO]    road_road_traffic_stts    | 신규  5266행 | 누적   5266행 | 17컬럼
2026-07-14 00:51:49,152 [INFO]    subway                    | 신규    38행 | 누적     38행 | 13컬럼
2026-07-14 00:51:49,152 [INFO]    subway_sub_stts           | 신규   183행 | 누적    183행 | 13컬럼
2026-07-14 00:51:49,152 [INFO]    weather                   | 신규   119행 | 누적    119행 | 29컬럼
2026-07-14 00:51:49,152 [INFO] 키별 사용량:
2026-07-14 00:51:49,153 [INFO]    🟢 KEY_1 (31/1000) 
2026-07-14 00:51:49,153 [INFO]    🟢 KEY_2 (30/1000) 
2026-07-14 00:51:49,153 [INFO]    🟢 KEY_3 (30/1000) 
2026-07-14 00:51:49,153 [INFO]    🟢 KEY_4 (30/1000) 
2026-07-14 03:03:51,977 [INFO] 등록된 키: 4개, 합산 한도 4,000건/일
2026-07-14 03:03:51,978 [INFO] POI 로드: 매뉴얼 v8.5 기준 fallback 121개 (121개 전체)
2026-07-14 03:03:51,978 [INFO] === 수집 시작 2026-07-14T03:03:51.978725+09:00 ===
2026-07-14 03:03:51,978 [INFO] 대상 장소: 121개 | API: citydata (통합)
2026-07-14 03:03:51,978 [INFO] 키 풀: 4/4 활성 | 오늘 사용 0/4000건
2026-07-14 03:03:51,979 [INFO]   [KEY_1] 담당 31장소
2026-07-14 03:03:51,979 [INFO]   [KEY_2] 담당 30장소
2026-07-14 03:03:51,979 [INFO]   [KEY_3] 담당 30장소
2026-07-14 03:03:51,979 [INFO]   [KEY_4] 담당 30장소
2026-07-14 03:03:51,979 [INFO] [1/121] 경복궁 (primary=KEY_1)
2026-07-14 03:03:54,168 [INFO] [2/121] 광화문·덕수궁 (primary=KEY_2)
2026-07-14 03:03:56,182 [INFO] [3/121] 보신각 (primary=KEY_3)
2026-07-14 03:03:58,326 [INFO] [4/121] 서울 암사동 유적 (primary=KEY_4)
2026-07-14 03:03:59,692 [INFO] [5/121] 창덕궁·종묘 (primary=KEY_1)
2026-07-14 03:04:01,249 [INFO] [6/121] 강남 MICE 관광특구 (primary=KEY_2)
2026-07-14 03:04:02,834 [INFO] [7/121] 동대문 관광특구 (primary=KEY_3)
2026-07-14 03:04:05,228 [INFO] [8/121] 명동 관광특구 (primary=KEY_4)
2026-07-14 03:04:08,262 [INFO] [9/121] 이태원 관광특구 (primary=KEY_1)
2026-07-14 03:04:09,675 [INFO] [10/121] 잠실 관광특구 (primary=KEY_2)
2026-07-14 03:04:11,680 [INFO] [11/121] 종로·청계 관광특구 (primary=KEY_3)
2026-07-14 03:04:13,489 [INFO] [12/121] 홍대 관광특구 (primary=KEY_4)
2026-07-14 03:04:15,874 [INFO] [13/121] 강서한강공원 (primary=KEY_1)
2026-07-14 03:04:17,821 [INFO] [14/121] 고척돔 (primary=KEY_2)
2026-07-14 03:04:19,760 [INFO] [15/121] 광나루한강공원 (primary=KEY_3)
2026-07-14 03:04:21,916 [INFO] [16/121] 광화문광장 (primary=KEY_4)
2026-07-14 03:04:23,466 [INFO] [17/121] 국립중앙박물관·용산가족공원 (primary=KEY_1)
2026-07-14 03:04:24,827 [INFO] [18/121] 난지한강공원 (primary=KEY_2)
2026-07-14 03:04:26,033 [INFO] [19/121] 남산공원 (primary=KEY_3)
2026-07-14 03:04:27,593 [INFO] [20/121] 노들섬 (primary=KEY_4)
2026-07-14 03:04:29,586 [INFO] [21/121] 뚝섬한강공원 (primary=KEY_1)
2026-07-14 03:04:30,742 [INFO] [22/121] 망원한강공원 (primary=KEY_2)
2026-07-14 03:04:33,104 [INFO] [23/121] 반포한강공원 (primary=KEY_3)
2026-07-14 03:04:34,255 [INFO] [24/121] 보라매공원 (primary=KEY_4)
2026-07-14 03:04:36,419 [INFO] [25/121] 북서울꿈의숲 (primary=KEY_1)
2026-07-14 03:04:37,750 [INFO] [26/121] 서대문독립공원 (primary=KEY_2)
2026-07-14 03:04:38,945 [INFO] [27/121] 서리풀공원·몽마르뜨공원 (primary=KEY_3)
2026-07-14 03:04:40,173 [INFO] [28/121] 서울대공원 (primary=KEY_4)
2026-07-14 03:04:41,317 [INFO] [29/121] 서울숲공원 (primary=KEY_1)
2026-07-14 03:04:42,713 [INFO] [30/121] 송현녹지광장 (primary=KEY_2)
2026-07-14 03:04:44,069 [INFO] [31/121] 아차산 (primary=KEY_3)
2026-07-14 03:04:45,214 [INFO] [32/121] 안양천 (primary=KEY_4)
2026-07-14 03:04:47,179 [INFO] [33/121] 양화한강공원 (primary=KEY_1)
2026-07-14 03:04:49,469 [INFO] [34/121] 어린이대공원 (primary=KEY_2)
2026-07-14 03:04:50,852 [INFO] [35/121] 여의도한강공원 (primary=KEY_3)
2026-07-14 03:04:52,196 [INFO] [36/121] 여의서로 (primary=KEY_4)
2026-07-14 03:04:54,728 [INFO] [37/121] 올림픽공원 (primary=KEY_1)
2026-07-14 03:04:56,125 [INFO] [38/121] 월드컵공원 (primary=KEY_2)
2026-07-14 03:04:58,464 [INFO] [39/121] 응봉산 (primary=KEY_3)
2026-07-14 03:04:59,795 [INFO] [40/121] 이촌한강공원 (primary=KEY_4)
2026-07-14 03:05:00,976 [INFO] [41/121] 잠실종합운동장 (primary=KEY_1)
2026-07-14 03:05:02,361 [INFO] [42/121] 잠실한강공원 (primary=KEY_2)
2026-07-14 03:05:03,517 [INFO] [43/121] 잠원한강공원 (primary=KEY_3)
2026-07-14 03:05:04,659 [INFO] [44/121] 청계산 (primary=KEY_4)
2026-07-14 03:05:05,784 [INFO] [45/121] 홍제폭포 (primary=KEY_1)
2026-07-14 03:05:07,690 [INFO] [46/121] 가락시장 (primary=KEY_2)
2026-07-14 03:05:09,064 [INFO] [47/121] 가로수길 (primary=KEY_3)
2026-07-14 03:05:10,442 [INFO] [48/121] 광장(전통)시장 (primary=KEY_4)
2026-07-14 03:05:11,598 [INFO] [49/121] 김포공항 (primary=KEY_1)
2026-07-14 03:05:13,135 [INFO] [50/121] 남대문시장 (primary=KEY_2)
2026-07-14 03:05:14,475 [INFO] [51/121] 노량진 (primary=KEY_3)
2026-07-14 03:05:15,838 [INFO] [52/121] 덕수궁길·정동길 (primary=KEY_4)
2026-07-14 03:05:17,205 [INFO] [53/121] 북창동 먹자골목 (primary=KEY_1)
2026-07-14 03:05:19,331 [INFO] [54/121] 북촌한옥마을 (primary=KEY_2)
2026-07-14 03:05:20,848 [INFO] [55/121] 서촌 (primary=KEY_3)
2026-07-14 03:05:22,181 [INFO] [56/121] 성수카페거리 (primary=KEY_4)
2026-07-14 03:05:23,750 [INFO] [57/121] 송리단길·호수단길 (primary=KEY_1)
2026-07-14 03:05:25,131 [INFO] [58/121] 신촌 스타광장 (primary=KEY_2)
2026-07-14 03:05:26,324 [INFO] [59/121] 압구정로데오거리 (primary=KEY_3)
2026-07-14 03:05:27,701 [INFO] [60/121] 여의도 (primary=KEY_4)
2026-07-14 03:05:29,930 [INFO] [61/121] 연남동 (primary=KEY_1)
2026-07-14 03:05:31,488 [INFO] [62/121] 영등포 타임스퀘어 (primary=KEY_2)
2026-07-14 03:05:32,858 [INFO] [63/121] 용리단길 (primary=KEY_3)
2026-07-14 03:05:34,024 [INFO] [64/121] 이태원 앤틱가구거리 (primary=KEY_4)
2026-07-14 03:05:35,199 [INFO] [65/121] 익선동 (primary=KEY_1)
2026-07-14 03:05:36,551 [INFO] [66/121] 인사동 (primary=KEY_2)
2026-07-14 03:05:38,123 [INFO] [67/121] 잠실롯데타워·석촌호수 (primary=KEY_3)
2026-07-14 03:05:39,917 [INFO] [68/121] 창동 신경제 중심지 (primary=KEY_4)
2026-07-14 03:05:41,671 [INFO] [69/121] 청담동 명품거리 (primary=KEY_1)
2026-07-14 03:05:43,038 [INFO] [70/121] 청량리 제기동 일대 전통시장 (primary=KEY_2)
2026-07-14 03:05:44,413 [INFO] [71/121] 해방촌·경리단길 (primary=KEY_3)
2026-07-14 03:05:45,582 [INFO] [72/121] DDP(동대문디자인플라자) (primary=KEY_4)
2026-07-14 03:05:47,025 [INFO] [73/121] DMC(디지털미디어시티) (primary=KEY_1)
2026-07-14 03:05:48,991 [INFO] [74/121] 가산디지털단지역 (primary=KEY_2)
2026-07-14 03:05:50,971 [INFO] [75/121] 강남역 (primary=KEY_3)
2026-07-14 03:05:52,589 [INFO] [76/121] 건대입구역 (primary=KEY_4)
2026-07-14 03:05:53,976 [INFO] [77/121] 고덕역 (primary=KEY_1)
2026-07-14 03:05:55,342 [INFO] [78/121] 고속터미널역 (primary=KEY_2)
2026-07-14 03:05:56,724 [INFO] [79/121] 교대역 (primary=KEY_3)
2026-07-14 03:05:57,922 [INFO] [80/121] 구로디지털단지역 (primary=KEY_4)
2026-07-14 03:05:59,693 [INFO] [81/121] 구로역 (primary=KEY_1)
2026-07-14 03:06:01,055 [INFO] [82/121] 군자역 (primary=KEY_2)
2026-07-14 03:06:02,245 [INFO] [83/121] 대림역 (primary=KEY_3)
2026-07-14 03:06:03,589 [INFO] [84/121] 동대문역 (primary=KEY_4)
2026-07-14 03:06:04,979 [INFO] [85/121] 뚝섬역 (primary=KEY_1)
2026-07-14 03:06:06,344 [INFO] [86/121] 미아사거리역 (primary=KEY_2)
2026-07-14 03:06:07,696 [INFO] [87/121] 발산역 (primary=KEY_3)
2026-07-14 03:06:09,422 [INFO] [88/121] 사당역 (primary=KEY_4)
2026-07-14 03:06:10,770 [INFO] [89/121] 삼각지역 (primary=KEY_1)
2026-07-14 03:06:11,940 [INFO] [90/121] 서울대입구역 (primary=KEY_2)
2026-07-14 03:06:13,300 [INFO] [91/121] 서울식물원·마곡나루역 (primary=KEY_3)
2026-07-14 03:06:14,855 [INFO] [92/121] 서울역 (primary=KEY_4)
2026-07-14 03:06:16,258 [INFO] [93/121] 선릉역 (primary=KEY_1)
2026-07-14 03:06:17,993 [INFO] [94/121] 성신여대입구역 (primary=KEY_2)
2026-07-14 03:06:19,168 [INFO] [95/121] 수유역 (primary=KEY_3)
2026-07-14 03:06:20,542 [INFO] [96/121] 숭례문 (primary=KEY_4)
2026-07-14 03:06:22,100 [INFO] [97/121] 시의회 앞 (primary=KEY_1)
2026-07-14 03:06:23,478 [INFO] [98/121] 신논현역·논현역 (primary=KEY_2)
2026-07-14 03:06:24,838 [INFO] [99/121] 신도림역 (primary=KEY_3)
2026-07-14 03:06:26,005 [INFO] [100/121] 신림역 (primary=KEY_4)
2026-07-14 03:06:27,203 [INFO] [101/121] 신정네거리역 (primary=KEY_1)
2026-07-14 03:06:28,565 [INFO] [102/121] 신촌·이대역 (primary=KEY_2)
2026-07-14 03:06:29,917 [INFO] [103/121] 쌍문역 (primary=KEY_3)
2026-07-14 03:06:31,307 [INFO] [104/121] 양재역 (primary=KEY_4)
2026-07-14 03:06:32,657 [INFO] [105/121] 역삼역 (primary=KEY_1)
2026-07-14 03:06:34,206 [INFO] [106/121] 연신내역 (primary=KEY_2)
2026-07-14 03:06:35,418 [INFO] [107/121] 오목교역·목동운동장 (primary=KEY_3)
2026-07-14 03:06:37,396 [INFO] [108/121] 왕십리역 (primary=KEY_4)
2026-07-14 03:06:38,838 [INFO] [109/121] 용산역 (primary=KEY_1)
2026-07-14 03:06:40,384 [INFO] [110/121] 이태원역 (primary=KEY_2)
2026-07-14 03:06:41,554 [INFO] [111/121] 잠실새내역 (primary=KEY_3)
2026-07-14 03:06:42,935 [INFO] [112/121] 잠실역 (primary=KEY_4)
2026-07-14 03:06:44,538 [INFO] [113/121] 장지역 (primary=KEY_1)
2026-07-14 03:06:46,183 [INFO] [114/121] 장한평역 (primary=KEY_2)
2026-07-14 03:06:47,555 [INFO] [115/121] 천호역 (primary=KEY_3)
2026-07-14 03:06:48,939 [INFO] [116/121] 총신대입구(이수)역 (primary=KEY_4)
2026-07-14 03:06:50,315 [INFO] [117/121] 충정로역 (primary=KEY_1)
2026-07-14 03:06:51,735 [INFO] [118/121] 합정역 (primary=KEY_2)
2026-07-14 03:06:53,128 [INFO] [119/121] 혜화역 (primary=KEY_3)
2026-07-14 03:06:54,489 [INFO] [120/121] 홍대입구역(2호선) (primary=KEY_4)
2026-07-14 03:06:55,926 [INFO] [121/121] 회기역 (primary=KEY_1)
2026-07-14 03:06:58,179 [INFO] === 수집 완료 | 성공 121, 실패 0 ===
2026-07-14 03:06:58,179 [INFO] 카테고리별 저장 결과:
2026-07-14 03:06:58,179 [INFO]    area_meta                 | 신규   121행 | 누적    242행 | 5컬럼
2026-07-14 03:06:58,179 [INFO]    bike                      | 신규    12행 | 누적     24행 | 12컬럼
2026-07-14 03:06:58,179 [INFO]    bike_sbike_stts           | 신규   570행 | 누적   1140행 | 12컬럼
2026-07-14 03:06:58,179 [INFO]    bus                       | 신규     3행 | 누적      6행 | 11컬럼
2026-07-14 03:06:58,180 [INFO]    bus_bus_stn_stts          | 신규  1745행 | 누적   3490행 | 11컬럼
2026-07-14 03:06:58,180 [INFO]    charger                   | 신규     4행 | 누적      8행 | 15컬럼
2026-07-14 03:06:58,180 [INFO]    charger_charger_stts      | 신규  1921행 | 누적   3812행 | 15컬럼
2026-07-14 03:06:58,180 [INFO]    cmrcl                     | 신규    82행 | 누적    164행 | 20컬럼
2026-07-14 03:06:58,180 [INFO]    events                    | 신규     8행 | 누적     16행 | 14컬럼
2026-07-14 03:06:58,180 [INFO]    events_event_stts         | 신규   120행 | 누적    240행 | 14컬럼
2026-07-14 03:06:58,180 [INFO]    parking                   | 신규     6행 | 누적     12행 | 21컬럼
2026-07-14 03:06:58,180 [INFO]    parking_prk_stts          | 신규  1834행 | 누적   3668행 | 21컬럼
2026-07-14 03:06:58,180 [INFO]    ppltn                     | 신규   121행 | 누적    242행 | 26컬럼
2026-07-14 03:06:58,180 [INFO]    road                      | 신규   121행 | 누적    242행 | 21컬럼
2026-07-14 03:06:58,180 [INFO]    road_road_traffic_stts    | 신규  5266행 | 누적  10532행 | 17컬럼
2026-07-14 03:06:58,180 [INFO]    subway                    | 신규    38행 | 누적     76행 | 13컬럼
2026-07-14 03:06:58,180 [INFO]    subway_sub_stts           | 신규   183행 | 누적    366행 | 13컬럼
2026-07-14 03:06:58,180 [INFO]    weather                   | 신규   119행 | 누적    238행 | 29컬럼
2026-07-14 03:06:58,180 [INFO] 키별 사용량:
2026-07-14 03:06:58,180 [INFO]    🟢 KEY_1 (31/1000) 
2026-07-14 03:06:58,180 [INFO]    🟢 KEY_2 (30/1000) 
2026-07-14 03:06:58,180 [INFO]    🟢 KEY_3 (30/1000) 
2026-07-14 03:06:58,180 [INFO]    🟢 KEY_4 (30/1000) 
