2026-06-15 00:43:13,355 [INFO] 등록된 키: 4개, 합산 한도 4,000건/일
2026-06-15 00:43:13,355 [INFO] POI 로드: 매뉴얼 v8.5 기준 fallback 121개 (121개 전체)
2026-06-15 00:43:13,355 [INFO] === 수집 시작 2026-06-15T00:43:13.355965+09:00 ===
2026-06-15 00:43:13,356 [INFO] 대상 장소: 121개 | API: citydata (통합)
2026-06-15 00:43:13,356 [INFO] 키 풀: 4/4 활성 | 오늘 사용 0/4000건
2026-06-15 00:43:13,356 [INFO]   [KEY_1] 담당 31장소
2026-06-15 00:43:13,356 [INFO]   [KEY_2] 담당 30장소
2026-06-15 00:43:13,356 [INFO]   [KEY_3] 담당 30장소
2026-06-15 00:43:13,356 [INFO]   [KEY_4] 담당 30장소
2026-06-15 00:43:13,356 [INFO] [1/121] 경복궁 (primary=KEY_1)
2026-06-15 00:43:15,175 [INFO] [2/121] 광화문·덕수궁 (primary=KEY_2)
2026-06-15 00:43:17,683 [INFO] [3/121] 보신각 (primary=KEY_3)
2026-06-15 00:43:19,484 [INFO] [4/121] 서울 암사동 유적 (primary=KEY_4)
2026-06-15 00:43:21,193 [INFO] [5/121] 창덕궁·종묘 (primary=KEY_1)
2026-06-15 00:43:22,417 [INFO] [6/121] 강남 MICE 관광특구 (primary=KEY_2)
2026-06-15 00:43:23,642 [INFO] [7/121] 동대문 관광특구 (primary=KEY_3)
2026-06-15 00:43:25,707 [INFO] [8/121] 명동 관광특구 (primary=KEY_4)
2026-06-15 00:43:27,977 [INFO] [9/121] 이태원 관광특구 (primary=KEY_1)
2026-06-15 00:43:29,392 [INFO] [10/121] 잠실 관광특구 (primary=KEY_2)
2026-06-15 00:43:30,824 [INFO] [11/121] 종로·청계 관광특구 (primary=KEY_3)
2026-06-15 00:43:32,939 [INFO] [12/121] 홍대 관광특구 (primary=KEY_4)
2026-06-15 00:43:34,377 [INFO] [13/121] 강서한강공원 (primary=KEY_1)
2026-06-15 00:43:35,427 [INFO] [14/121] 고척돔 (primary=KEY_2)
2026-06-15 00:43:36,498 [INFO] [15/121] 광나루한강공원 (primary=KEY_3)
2026-06-15 00:43:38,304 [INFO] [16/121] 광화문광장 (primary=KEY_4)
2026-06-15 00:43:40,209 [INFO] [17/121] 국립중앙박물관·용산가족공원 (primary=KEY_1)
2026-06-15 00:43:41,839 [INFO] [18/121] 난지한강공원 (primary=KEY_2)
2026-06-15 00:43:42,895 [INFO] [19/121] 남산공원 (primary=KEY_3)
2026-06-15 00:43:44,884 [INFO] [20/121] 노들섬 (primary=KEY_4)
2026-06-15 00:43:45,938 [INFO] [21/121] 뚝섬한강공원 (primary=KEY_1)
2026-06-15 00:43:47,670 [INFO] [22/121] 망원한강공원 (primary=KEY_2)
2026-06-15 00:43:49,490 [INFO] [23/121] 반포한강공원 (primary=KEY_3)
2026-06-15 00:43:51,124 [INFO] [24/121] 보라매공원 (primary=KEY_4)
2026-06-15 00:43:52,872 [INFO] [25/121] 북서울꿈의숲 (primary=KEY_1)
2026-06-15 00:43:54,591 [INFO] [26/121] 서대문독립공원 (primary=KEY_2)
2026-06-15 00:43:56,303 [INFO] [27/121] 서리풀공원·몽마르뜨공원 (primary=KEY_3)
2026-06-15 00:43:57,387 [INFO] [28/121] 서울대공원 (primary=KEY_4)
2026-06-15 00:43:58,436 [INFO] [29/121] 서울숲공원 (primary=KEY_1)
2026-06-15 00:43:59,659 [INFO] [30/121] 송현녹지광장 (primary=KEY_2)
2026-06-15 00:44:01,546 [INFO] [31/121] 아차산 (primary=KEY_3)
2026-06-15 00:44:03,179 [INFO] [32/121] 안양천 (primary=KEY_4)
2026-06-15 00:44:04,892 [INFO] [33/121] 양화한강공원 (primary=KEY_1)
2026-06-15 00:44:06,606 [INFO] [34/121] 어린이대공원 (primary=KEY_2)
2026-06-15 00:44:08,346 [INFO] [35/121] 여의도한강공원 (primary=KEY_3)
2026-06-15 00:44:10,147 [INFO] [36/121] 여의서로 (primary=KEY_4)
2026-06-15 00:44:11,850 [INFO] [37/121] 올림픽공원 (primary=KEY_1)
2026-06-15 00:44:13,745 [INFO] [38/121] 월드컵공원 (primary=KEY_2)
2026-06-15 00:44:15,739 [INFO] [39/121] 응봉산 (primary=KEY_3)
2026-06-15 00:44:17,534 [INFO] [40/121] 이촌한강공원 (primary=KEY_4)
2026-06-15 00:44:19,166 [INFO] [41/121] 잠실종합운동장 (primary=KEY_1)
2026-06-15 00:44:20,802 [INFO] [42/121] 잠실한강공원 (primary=KEY_2)
2026-06-15 00:44:22,029 [INFO] [43/121] 잠원한강공원 (primary=KEY_3)
2026-06-15 00:44:23,071 [INFO] [44/121] 청계산 (primary=KEY_4)
2026-06-15 00:44:24,123 [INFO] [45/121] 홍제폭포 (primary=KEY_1)
2026-06-15 00:44:25,757 [INFO] [46/121] 가락시장 (primary=KEY_2)
2026-06-15 00:44:26,994 [INFO] [47/121] 가로수길 (primary=KEY_3)
2026-06-15 00:44:28,255 [INFO] [48/121] 광장(전통)시장 (primary=KEY_4)
2026-06-15 00:44:29,971 [INFO] [49/121] 김포공항 (primary=KEY_1)
2026-06-15 00:44:31,893 [INFO] [50/121] 남대문시장 (primary=KEY_2)
2026-06-15 00:44:33,621 [INFO] [51/121] 노량진 (primary=KEY_3)
2026-06-15 00:44:34,863 [INFO] [52/121] 덕수궁길·정동길 (primary=KEY_4)
2026-06-15 00:44:36,110 [INFO] [53/121] 북창동 먹자골목 (primary=KEY_1)
2026-06-15 00:44:37,174 [INFO] [54/121] 북촌한옥마을 (primary=KEY_2)
2026-06-15 00:44:39,076 [INFO] [55/121] 서촌 (primary=KEY_3)
2026-06-15 00:44:40,307 [INFO] [56/121] 성수카페거리 (primary=KEY_4)
2026-06-15 00:44:41,551 [INFO] [57/121] 송리단길·호수단길 (primary=KEY_1)
2026-06-15 00:44:42,798 [INFO] [58/121] 신촌 스타광장 (primary=KEY_2)
2026-06-15 00:44:43,878 [INFO] [59/121] 압구정로데오거리 (primary=KEY_3)
2026-06-15 00:44:45,696 [INFO] [60/121] 여의도 (primary=KEY_4)
2026-06-15 00:44:48,087 [INFO] [61/121] 연남동 (primary=KEY_1)
2026-06-15 00:44:49,305 [INFO] [62/121] 영등포 타임스퀘어 (primary=KEY_2)
2026-06-15 00:44:50,551 [INFO] [63/121] 용리단길 (primary=KEY_3)
2026-06-15 00:44:51,633 [INFO] [64/121] 이태원 앤틱가구거리 (primary=KEY_4)
2026-06-15 00:44:52,702 [INFO] [65/121] 익선동 (primary=KEY_1)
2026-06-15 00:44:53,943 [INFO] [66/121] 인사동 (primary=KEY_2)
2026-06-15 00:44:55,188 [INFO] [67/121] 잠실롯데타워·석촌호수 (primary=KEY_3)
2026-06-15 00:44:56,448 [INFO] [68/121] 창동 신경제 중심지 (primary=KEY_4)
2026-06-15 00:44:57,857 [INFO] [69/121] 청담동 명품거리 (primary=KEY_1)
2026-06-15 00:44:59,104 [INFO] [70/121] 청량리 제기동 일대 전통시장 (primary=KEY_2)
2026-06-15 00:45:00,343 [INFO] [71/121] 해방촌·경리단길 (primary=KEY_3)
2026-06-15 00:45:01,393 [INFO] [72/121] DDP(동대문디자인플라자) (primary=KEY_4)
2026-06-15 00:45:02,668 [INFO] [73/121] DMC(디지털미디어시티) (primary=KEY_1)
2026-06-15 00:45:04,072 [INFO] [74/121] 가산디지털단지역 (primary=KEY_2)
2026-06-15 00:45:06,130 [INFO] [75/121] 강남역 (primary=KEY_3)
2026-06-15 00:45:07,585 [INFO] [76/121] 건대입구역 (primary=KEY_4)
2026-06-15 00:45:08,815 [INFO] [77/121] 고덕역 (primary=KEY_1)
2026-06-15 00:45:10,027 [INFO] [78/121] 고속터미널역 (primary=KEY_2)
2026-06-15 00:45:11,279 [INFO] [79/121] 교대역 (primary=KEY_3)
2026-06-15 00:45:12,334 [INFO] [80/121] 구로디지털단지역 (primary=KEY_4)
2026-06-15 00:45:13,548 [INFO] [81/121] 구로역 (primary=KEY_1)
2026-06-15 00:45:14,592 [INFO] [82/121] 군자역 (primary=KEY_2)
2026-06-15 00:45:15,678 [INFO] [83/121] 대림역 (primary=KEY_3)
2026-06-15 00:45:16,905 [INFO] [84/121] 동대문역 (primary=KEY_4)
2026-06-15 00:45:18,118 [INFO] [85/121] 뚝섬역 (primary=KEY_1)
2026-06-15 00:45:19,332 [INFO] [86/121] 미아사거리역 (primary=KEY_2)
2026-06-15 00:45:20,546 [INFO] [87/121] 발산역 (primary=KEY_3)
2026-06-15 00:45:21,933 [INFO] [88/121] 사당역 (primary=KEY_4)
2026-06-15 00:45:23,158 [INFO] [89/121] 삼각지역 (primary=KEY_1)
2026-06-15 00:45:24,205 [INFO] [90/121] 서울대입구역 (primary=KEY_2)
2026-06-15 00:45:25,267 [INFO] [91/121] 서울식물원·마곡나루역 (primary=KEY_3)
2026-06-15 00:45:26,485 [INFO] [92/121] 서울역 (primary=KEY_4)
2026-06-15 00:45:27,773 [INFO] [93/121] 선릉역 (primary=KEY_1)
2026-06-15 00:45:29,179 [INFO] [94/121] 성신여대입구역 (primary=KEY_2)
2026-06-15 00:45:30,244 [INFO] [95/121] 수유역 (primary=KEY_3)
2026-06-15 00:45:31,460 [INFO] [96/121] 숭례문 (primary=KEY_4)
2026-06-15 00:45:32,676 [INFO] [97/121] 시의회 앞 (primary=KEY_1)
2026-06-15 00:45:33,902 [INFO] [98/121] 신논현역·논현역 (primary=KEY_2)
2026-06-15 00:45:35,134 [INFO] [99/121] 신도림역 (primary=KEY_3)
2026-06-15 00:45:36,206 [INFO] [100/121] 신림역 (primary=KEY_4)
2026-06-15 00:45:37,291 [INFO] [101/121] 신정네거리역 (primary=KEY_1)
2026-06-15 00:45:38,354 [INFO] [102/121] 신촌·이대역 (primary=KEY_2)
2026-06-15 00:45:39,579 [INFO] [103/121] 쌍문역 (primary=KEY_3)
2026-06-15 00:45:40,642 [INFO] [104/121] 양재역 (primary=KEY_4)
2026-06-15 00:45:41,870 [INFO] [105/121] 역삼역 (primary=KEY_1)
2026-06-15 00:45:43,112 [INFO] [106/121] 연신내역 (primary=KEY_2)
2026-06-15 00:45:44,190 [INFO] [107/121] 오목교역·목동운동장 (primary=KEY_3)
2026-06-15 00:45:45,752 [INFO] [108/121] 왕십리역 (primary=KEY_4)
2026-06-15 00:45:46,991 [INFO] [109/121] 용산역 (primary=KEY_1)
2026-06-15 00:45:48,365 [INFO] [110/121] 이태원역 (primary=KEY_2)
2026-06-15 00:45:49,423 [INFO] [111/121] 잠실새내역 (primary=KEY_3)
2026-06-15 00:45:50,685 [INFO] [112/121] 잠실역 (primary=KEY_4)
2026-06-15 00:45:51,918 [INFO] [113/121] 장지역 (primary=KEY_1)
2026-06-15 00:45:53,162 [INFO] [114/121] 장한평역 (primary=KEY_2)
2026-06-15 00:45:54,431 [INFO] [115/121] 천호역 (primary=KEY_3)
2026-06-15 00:45:55,657 [INFO] [116/121] 총신대입구(이수)역 (primary=KEY_4)
2026-06-15 00:45:57,536 [INFO] [117/121] 충정로역 (primary=KEY_1)
2026-06-15 00:45:58,766 [INFO] [118/121] 합정역 (primary=KEY_2)
2026-06-15 00:46:00,004 [INFO] [119/121] 혜화역 (primary=KEY_3)
2026-06-15 00:46:01,218 [INFO] [120/121] 홍대입구역(2호선) (primary=KEY_4)
2026-06-15 00:46:02,453 [INFO] [121/121] 회기역 (primary=KEY_1)
2026-06-15 00:46:04,072 [INFO] === 수집 완료 | 성공 121, 실패 0 ===
2026-06-15 00:46:04,073 [INFO] 카테고리별 저장 결과:
2026-06-15 00:46:04,073 [INFO]    accident                  | 신규     4행 | 누적      4행 | 16컬럼
2026-06-15 00:46:04,073 [INFO]    area_meta                 | 신규   121행 | 누적    121행 | 5컬럼
2026-06-15 00:46:04,073 [INFO]    bike                      | 신규    12행 | 누적     12행 | 12컬럼
2026-06-15 00:46:04,073 [INFO]    bike_sbike_stts           | 신규   543행 | 누적    543행 | 12컬럼
2026-06-15 00:46:04,073 [INFO]    bus                       | 신규     3행 | 누적      3행 | 11컬럼
2026-06-15 00:46:04,073 [INFO]    bus_bus_stn_stts          | 신규  1745행 | 누적   1745행 | 11컬럼
2026-06-15 00:46:04,073 [INFO]    charger                   | 신규    11행 | 누적     11행 | 15컬럼
2026-06-15 00:46:04,073 [INFO]    charger_charger_stts      | 신규   721행 | 누적    721행 | 15컬럼
2026-06-15 00:46:04,073 [INFO]    cmrcl                     | 신규    82행 | 누적     82행 | 20컬럼
2026-06-15 00:46:04,073 [INFO]    events                    | 신규    16행 | 누적     16행 | 14컬럼
2026-06-15 00:46:04,073 [INFO]    events_event_stts         | 신규   153행 | 누적    153행 | 14컬럼
2026-06-15 00:46:04,073 [INFO]    parking                   | 신규     6행 | 누적      6행 | 21컬럼
2026-06-15 00:46:04,073 [INFO]    parking_prk_stts          | 신규  1836행 | 누적   1836행 | 21컬럼
2026-06-15 00:46:04,073 [INFO]    ppltn                     | 신규   121행 | 누적    121행 | 26컬럼
2026-06-15 00:46:04,073 [INFO]    road                      | 신규   121행 | 누적    121행 | 21컬럼
2026-06-15 00:46:04,073 [INFO]    road_road_traffic_stts    | 신규  5255행 | 누적   5255행 | 17컬럼
2026-06-15 00:46:04,073 [INFO]    subway                    | 신규    38행 | 누적     38행 | 13컬럼
2026-06-15 00:46:04,073 [INFO]    subway_sub_stts           | 신규   183행 | 누적    183행 | 13컬럼
2026-06-15 00:46:04,073 [INFO]    weather                   | 신규   119행 | 누적    119행 | 29컬럼
2026-06-15 00:46:04,073 [INFO] 키별 사용량:
2026-06-15 00:46:04,073 [INFO]    🟢 KEY_1 (31/1000) 
2026-06-15 00:46:04,073 [INFO]    🟢 KEY_2 (30/1000) 
2026-06-15 00:46:04,073 [INFO]    🟢 KEY_3 (30/1000) 
2026-06-15 00:46:04,073 [INFO]    🟢 KEY_4 (30/1000) 
2026-06-15 01:43:04,051 [INFO] 등록된 키: 4개, 합산 한도 4,000건/일
2026-06-15 01:43:04,052 [INFO] POI 로드: 매뉴얼 v8.5 기준 fallback 121개 (121개 전체)
2026-06-15 01:43:04,052 [INFO] === 수집 시작 2026-06-15T01:43:04.052578+09:00 ===
2026-06-15 01:43:04,052 [INFO] 대상 장소: 121개 | API: citydata (통합)
2026-06-15 01:43:04,052 [INFO] 키 풀: 4/4 활성 | 오늘 사용 0/4000건
2026-06-15 01:43:04,052 [INFO]   [KEY_1] 담당 31장소
2026-06-15 01:43:04,052 [INFO]   [KEY_2] 담당 30장소
2026-06-15 01:43:04,052 [INFO]   [KEY_3] 담당 30장소
2026-06-15 01:43:04,052 [INFO]   [KEY_4] 담당 30장소
2026-06-15 01:43:04,053 [INFO] [1/121] 경복궁 (primary=KEY_1)
2026-06-15 01:43:05,989 [INFO] [2/121] 광화문·덕수궁 (primary=KEY_2)
2026-06-15 01:43:08,326 [INFO] [3/121] 보신각 (primary=KEY_3)
2026-06-15 01:43:10,426 [INFO] [4/121] 서울 암사동 유적 (primary=KEY_4)
2026-06-15 01:43:12,526 [INFO] [5/121] 창덕궁·종묘 (primary=KEY_1)
2026-06-15 01:43:14,634 [INFO] [6/121] 강남 MICE 관광특구 (primary=KEY_2)
2026-06-15 01:43:16,585 [INFO] [7/121] 동대문 관광특구 (primary=KEY_3)
2026-06-15 01:43:19,127 [INFO] [8/121] 명동 관광특구 (primary=KEY_4)
2026-06-15 01:43:22,115 [INFO] [9/121] 이태원 관광특구 (primary=KEY_1)
2026-06-15 01:43:23,671 [INFO] [10/121] 잠실 관광특구 (primary=KEY_2)
2026-06-15 01:43:26,237 [INFO] [11/121] 종로·청계 관광특구 (primary=KEY_3)
2026-06-15 01:43:28,802 [INFO] [12/121] 홍대 관광특구 (primary=KEY_4)
2026-06-15 01:43:31,169 [INFO] [13/121] 강서한강공원 (primary=KEY_1)
2026-06-15 01:43:32,314 [INFO] [14/121] 고척돔 (primary=KEY_2)
2026-06-15 01:43:33,455 [INFO] [15/121] 광나루한강공원 (primary=KEY_3)
2026-06-15 01:43:34,789 [INFO] [16/121] 광화문광장 (primary=KEY_4)
2026-06-15 01:43:36,916 [INFO] [17/121] 국립중앙박물관·용산가족공원 (primary=KEY_1)
2026-06-15 01:43:39,019 [INFO] [18/121] 난지한강공원 (primary=KEY_2)
2026-06-15 01:43:40,920 [INFO] [19/121] 남산공원 (primary=KEY_3)
2026-06-15 01:43:42,489 [INFO] [20/121] 노들섬 (primary=KEY_4)
2026-06-15 01:43:43,632 [INFO] [21/121] 뚝섬한강공원 (primary=KEY_1)
2026-06-15 01:43:44,782 [INFO] [22/121] 망원한강공원 (primary=KEY_2)
2026-06-15 01:43:47,467 [INFO] [23/121] 반포한강공원 (primary=KEY_3)
2026-06-15 01:43:48,609 [INFO] [24/121] 보라매공원 (primary=KEY_4)
2026-06-15 01:43:49,806 [INFO] [25/121] 북서울꿈의숲 (primary=KEY_1)
2026-06-15 01:43:50,957 [INFO] [26/121] 서대문독립공원 (primary=KEY_2)
2026-06-15 01:43:52,883 [INFO] [27/121] 서리풀공원·몽마르뜨공원 (primary=KEY_3)
2026-06-15 01:43:54,052 [INFO] [28/121] 서울대공원 (primary=KEY_4)
2026-06-15 01:43:55,192 [INFO] [29/121] 서울숲공원 (primary=KEY_1)
2026-06-15 01:43:57,127 [INFO] [30/121] 송현녹지광장 (primary=KEY_2)
2026-06-15 01:43:58,487 [INFO] [31/121] 아차산 (primary=KEY_3)
2026-06-15 01:43:59,631 [INFO] [32/121] 안양천 (primary=KEY_4)
2026-06-15 01:44:00,778 [INFO] [33/121] 양화한강공원 (primary=KEY_1)
2026-06-15 01:44:01,920 [INFO] [34/121] 어린이대공원 (primary=KEY_2)
2026-06-15 01:44:03,089 [INFO] [35/121] 여의도한강공원 (primary=KEY_3)
2026-06-15 01:44:04,436 [INFO] [36/121] 여의서로 (primary=KEY_4)
2026-06-15 01:44:05,580 [INFO] [37/121] 올림픽공원 (primary=KEY_1)
2026-06-15 01:44:06,943 [INFO] [38/121] 월드컵공원 (primary=KEY_2)
2026-06-15 01:44:08,509 [INFO] [39/121] 응봉산 (primary=KEY_3)
2026-06-15 01:44:10,515 [INFO] [40/121] 이촌한강공원 (primary=KEY_4)
2026-06-15 01:44:12,224 [INFO] [41/121] 잠실종합운동장 (primary=KEY_1)
2026-06-15 01:44:13,382 [INFO] [42/121] 잠실한강공원 (primary=KEY_2)
2026-06-15 01:44:14,533 [INFO] [43/121] 잠원한강공원 (primary=KEY_3)
2026-06-15 01:44:16,454 [INFO] [44/121] 청계산 (primary=KEY_4)
2026-06-15 01:44:17,597 [INFO] [45/121] 홍제폭포 (primary=KEY_1)
2026-06-15 01:44:18,741 [INFO] [46/121] 가락시장 (primary=KEY_2)
2026-06-15 01:44:20,116 [INFO] [47/121] 가로수길 (primary=KEY_3)
2026-06-15 01:44:21,509 [INFO] [48/121] 광장(전통)시장 (primary=KEY_4)
2026-06-15 01:44:23,451 [INFO] [49/121] 김포공항 (primary=KEY_1)
2026-06-15 01:44:24,826 [INFO] [50/121] 남대문시장 (primary=KEY_2)
2026-06-15 01:44:25,987 [INFO] [51/121] 노량진 (primary=KEY_3)
2026-06-15 01:44:27,143 [INFO] [52/121] 덕수궁길·정동길 (primary=KEY_4)
2026-06-15 01:44:28,519 [INFO] [53/121] 북창동 먹자골목 (primary=KEY_1)
2026-06-15 01:44:29,675 [INFO] [54/121] 북촌한옥마을 (primary=KEY_2)
2026-06-15 01:44:31,727 [INFO] [55/121] 서촌 (primary=KEY_3)
2026-06-15 01:44:33,075 [INFO] [56/121] 성수카페거리 (primary=KEY_4)
2026-06-15 01:44:34,433 [INFO] [57/121] 송리단길·호수단길 (primary=KEY_1)
2026-06-15 01:44:35,798 [INFO] [58/121] 신촌 스타광장 (primary=KEY_2)
2026-06-15 01:44:36,976 [INFO] [59/121] 압구정로데오거리 (primary=KEY_3)
2026-06-15 01:44:38,350 [INFO] [60/121] 여의도 (primary=KEY_4)
2026-06-15 01:44:40,420 [INFO] [61/121] 연남동 (primary=KEY_1)
2026-06-15 01:44:42,538 [INFO] [62/121] 영등포 타임스퀘어 (primary=KEY_2)
2026-06-15 01:44:43,871 [INFO] [63/121] 용리단길 (primary=KEY_3)
2026-06-15 01:44:45,033 [INFO] [64/121] 이태원 앤틱가구거리 (primary=KEY_4)
2026-06-15 01:44:46,178 [INFO] [65/121] 익선동 (primary=KEY_1)
2026-06-15 01:44:47,594 [INFO] [66/121] 인사동 (primary=KEY_2)
2026-06-15 01:44:48,943 [INFO] [67/121] 잠실롯데타워·석촌호수 (primary=KEY_3)
2026-06-15 01:44:50,312 [INFO] [68/121] 창동 신경제 중심지 (primary=KEY_4)
2026-06-15 01:44:51,868 [INFO] [69/121] 청담동 명품거리 (primary=KEY_1)
2026-06-15 01:44:53,224 [INFO] [70/121] 청량리 제기동 일대 전통시장 (primary=KEY_2)
2026-06-15 01:44:54,603 [INFO] [71/121] 해방촌·경리단길 (primary=KEY_3)
2026-06-15 01:44:55,757 [INFO] [72/121] DDP(동대문디자인플라자) (primary=KEY_4)
2026-06-15 01:44:57,173 [INFO] [73/121] DMC(디지털미디어시티) (primary=KEY_1)
2026-06-15 01:44:58,744 [INFO] [74/121] 가산디지털단지역 (primary=KEY_2)
2026-06-15 01:45:00,285 [INFO] [75/121] 강남역 (primary=KEY_3)
2026-06-15 01:45:01,852 [INFO] [76/121] 건대입구역 (primary=KEY_4)
2026-06-15 01:45:03,201 [INFO] [77/121] 고덕역 (primary=KEY_1)
2026-06-15 01:45:04,355 [INFO] [78/121] 고속터미널역 (primary=KEY_2)
2026-06-15 01:45:05,511 [INFO] [79/121] 교대역 (primary=KEY_3)
2026-06-15 01:45:06,662 [INFO] [80/121] 구로디지털단지역 (primary=KEY_4)
2026-06-15 01:45:08,006 [INFO] [81/121] 구로역 (primary=KEY_1)
2026-06-15 01:45:09,145 [INFO] [82/121] 군자역 (primary=KEY_2)
2026-06-15 01:45:10,290 [INFO] [83/121] 대림역 (primary=KEY_3)
2026-06-15 01:45:11,443 [INFO] [84/121] 동대문역 (primary=KEY_4)
2026-06-15 01:45:12,600 [INFO] [85/121] 뚝섬역 (primary=KEY_1)
2026-06-15 01:45:13,939 [INFO] [86/121] 미아사거리역 (primary=KEY_2)
2026-06-15 01:45:15,270 [INFO] [87/121] 발산역 (primary=KEY_3)
2026-06-15 01:45:16,808 [INFO] [88/121] 사당역 (primary=KEY_4)
2026-06-15 01:45:18,742 [INFO] [89/121] 삼각지역 (primary=KEY_1)
2026-06-15 01:45:19,893 [INFO] [90/121] 서울대입구역 (primary=KEY_2)
2026-06-15 01:45:21,037 [INFO] [91/121] 서울식물원·마곡나루역 (primary=KEY_3)
2026-06-15 01:45:22,373 [INFO] [92/121] 서울역 (primary=KEY_4)
2026-06-15 01:45:23,746 [INFO] [93/121] 선릉역 (primary=KEY_1)
2026-06-15 01:45:25,287 [INFO] [94/121] 성신여대입구역 (primary=KEY_2)
2026-06-15 01:45:26,446 [INFO] [95/121] 수유역 (primary=KEY_3)
2026-06-15 01:45:27,810 [INFO] [96/121] 숭례문 (primary=KEY_4)
2026-06-15 01:45:29,162 [INFO] [97/121] 시의회 앞 (primary=KEY_1)
2026-06-15 01:45:30,507 [INFO] [98/121] 신논현역·논현역 (primary=KEY_2)
2026-06-15 01:45:32,024 [INFO] [99/121] 신도림역 (primary=KEY_3)
2026-06-15 01:45:33,175 [INFO] [100/121] 신림역 (primary=KEY_4)
2026-06-15 01:45:34,329 [INFO] [101/121] 신정네거리역 (primary=KEY_1)
2026-06-15 01:45:35,647 [INFO] [102/121] 신촌·이대역 (primary=KEY_2)
2026-06-15 01:45:36,995 [INFO] [103/121] 쌍문역 (primary=KEY_3)
2026-06-15 01:45:38,142 [INFO] [104/121] 양재역 (primary=KEY_4)
2026-06-15 01:45:39,311 [INFO] [105/121] 역삼역 (primary=KEY_1)
2026-06-15 01:45:40,650 [INFO] [106/121] 연신내역 (primary=KEY_2)
2026-06-15 01:45:41,808 [INFO] [107/121] 오목교역·목동운동장 (primary=KEY_3)
2026-06-15 01:45:43,364 [INFO] [108/121] 왕십리역 (primary=KEY_4)
2026-06-15 01:45:44,717 [INFO] [109/121] 용산역 (primary=KEY_1)
2026-06-15 01:45:46,106 [INFO] [110/121] 이태원역 (primary=KEY_2)
2026-06-15 01:45:47,272 [INFO] [111/121] 잠실새내역 (primary=KEY_3)
2026-06-15 01:45:48,614 [INFO] [112/121] 잠실역 (primary=KEY_4)
2026-06-15 01:45:49,969 [INFO] [113/121] 장지역 (primary=KEY_1)
2026-06-15 01:45:51,328 [INFO] [114/121] 장한평역 (primary=KEY_2)
2026-06-15 01:45:52,687 [INFO] [115/121] 천호역 (primary=KEY_3)
2026-06-15 01:45:54,041 [INFO] [116/121] 총신대입구(이수)역 (primary=KEY_4)
2026-06-15 01:45:55,472 [INFO] [117/121] 충정로역 (primary=KEY_1)
2026-06-15 01:45:56,671 [INFO] [118/121] 합정역 (primary=KEY_2)
2026-06-15 01:45:58,018 [INFO] [119/121] 혜화역 (primary=KEY_3)
2026-06-15 01:45:59,177 [INFO] [120/121] 홍대입구역(2호선) (primary=KEY_4)
2026-06-15 01:46:00,342 [INFO] [121/121] 회기역 (primary=KEY_1)
2026-06-15 01:46:02,397 [INFO] === 수집 완료 | 성공 121, 실패 0 ===
2026-06-15 01:46:02,397 [INFO] 카테고리별 저장 결과:
2026-06-15 01:46:02,397 [INFO]    accident                  | 신규     4행 | 누적      8행 | 16컬럼
2026-06-15 01:46:02,397 [INFO]    area_meta                 | 신규   121행 | 누적    242행 | 5컬럼
2026-06-15 01:46:02,397 [INFO]    bike                      | 신규    12행 | 누적     24행 | 12컬럼
2026-06-15 01:46:02,397 [INFO]    bike_sbike_stts           | 신규   543행 | 누적   1086행 | 12컬럼
2026-06-15 01:46:02,397 [INFO]    bus                       | 신규     3행 | 누적      6행 | 11컬럼
2026-06-15 01:46:02,397 [INFO]    bus_bus_stn_stts          | 신규  1745행 | 누적   3490행 | 11컬럼
2026-06-15 01:46:02,397 [INFO]    charger                   | 신규    25행 | 누적     36행 | 15컬럼
2026-06-15 01:46:02,397 [INFO]    charger_charger_stts      | 신규   336행 | 누적   1050행 | 15컬럼
2026-06-15 01:46:02,398 [INFO]    cmrcl                     | 신규    82행 | 누적    164행 | 20컬럼
2026-06-15 01:46:02,398 [INFO]    events                    | 신규    16행 | 누적     32행 | 14컬럼
2026-06-15 01:46:02,398 [INFO]    events_event_stts         | 신규   153행 | 누적    306행 | 14컬럼
2026-06-15 01:46:02,398 [INFO]    parking                   | 신규     6행 | 누적     12행 | 21컬럼
2026-06-15 01:46:02,398 [INFO]    parking_prk_stts          | 신규  1836행 | 누적   3672행 | 21컬럼
2026-06-15 01:46:02,398 [INFO]    ppltn                     | 신규   121행 | 누적    242행 | 26컬럼
2026-06-15 01:46:02,398 [INFO]    road                      | 신규   121행 | 누적    242행 | 21컬럼
2026-06-15 01:46:02,398 [INFO]    road_road_traffic_stts    | 신규  5255행 | 누적  10510행 | 17컬럼
2026-06-15 01:46:02,398 [INFO]    subway                    | 신규    38행 | 누적     76행 | 13컬럼
2026-06-15 01:46:02,398 [INFO]    subway_sub_stts           | 신규   183행 | 누적    366행 | 13컬럼
2026-06-15 01:46:02,398 [INFO]    weather                   | 신규   119행 | 누적    238행 | 29컬럼
2026-06-15 01:46:02,398 [INFO] 키별 사용량:
2026-06-15 01:46:02,398 [INFO]    🟢 KEY_1 (31/1000) 
2026-06-15 01:46:02,398 [INFO]    🟢 KEY_2 (30/1000) 
2026-06-15 01:46:02,398 [INFO]    🟢 KEY_3 (30/1000) 
2026-06-15 01:46:02,398 [INFO]    🟢 KEY_4 (30/1000) 
