2026-06-08 00:39:04,094 [INFO] 등록된 키: 4개, 합산 한도 4,000건/일
2026-06-08 00:39:04,095 [INFO] POI 로드: 매뉴얼 v8.5 기준 fallback 121개 (121개 전체)
2026-06-08 00:39:04,095 [INFO] === 수집 시작 2026-06-08T00:39:04.095627+09:00 ===
2026-06-08 00:39:04,095 [INFO] 대상 장소: 121개 | API: citydata (통합)
2026-06-08 00:39:04,095 [INFO] 키 풀: 4/4 활성 | 오늘 사용 0/4000건
2026-06-08 00:39:04,095 [INFO]   [KEY_1] 담당 31장소
2026-06-08 00:39:04,095 [INFO]   [KEY_2] 담당 30장소
2026-06-08 00:39:04,095 [INFO]   [KEY_3] 담당 30장소
2026-06-08 00:39:04,096 [INFO]   [KEY_4] 담당 30장소
2026-06-08 00:39:04,096 [INFO] [1/121] 경복궁 (primary=KEY_1)
2026-06-08 00:39:06,113 [INFO] [2/121] 광화문·덕수궁 (primary=KEY_2)
2026-06-08 00:39:08,205 [INFO] [3/121] 보신각 (primary=KEY_3)
2026-06-08 00:39:09,972 [INFO] [4/121] 서울 암사동 유적 (primary=KEY_4)
2026-06-08 00:39:11,587 [INFO] [5/121] 창덕궁·종묘 (primary=KEY_1)
2026-06-08 00:39:13,355 [INFO] [6/121] 강남 MICE 관광특구 (primary=KEY_2)
2026-06-08 00:39:14,402 [INFO] [7/121] 동대문 관광특구 (primary=KEY_3)
2026-06-08 00:39:16,369 [INFO] [8/121] 명동 관광특구 (primary=KEY_4)
2026-06-08 00:39:17,920 [INFO] [9/121] 이태원 관광특구 (primary=KEY_1)
2026-06-08 00:39:19,134 [INFO] [10/121] 잠실 관광특구 (primary=KEY_2)
2026-06-08 00:39:21,082 [INFO] [11/121] 종로·청계 관광특구 (primary=KEY_3)
2026-06-08 00:39:22,468 [INFO] [12/121] 홍대 관광특구 (primary=KEY_4)
2026-06-08 00:39:24,589 [INFO] [13/121] 강서한강공원 (primary=KEY_1)
2026-06-08 00:39:26,490 [INFO] [14/121] 고척돔 (primary=KEY_2)
2026-06-08 00:39:27,503 [INFO] [15/121] 광나루한강공원 (primary=KEY_3)
2026-06-08 00:39:29,299 [INFO] [16/121] 광화문광장 (primary=KEY_4)
2026-06-08 00:39:30,481 [INFO] [17/121] 국립중앙박물관·용산가족공원 (primary=KEY_1)
2026-06-08 00:39:31,519 [INFO] [18/121] 난지한강공원 (primary=KEY_2)
2026-06-08 00:39:32,523 [INFO] [19/121] 남산공원 (primary=KEY_3)
2026-06-08 00:39:33,867 [INFO] [20/121] 노들섬 (primary=KEY_4)
2026-06-08 00:39:34,880 [INFO] [21/121] 뚝섬한강공원 (primary=KEY_1)
2026-06-08 00:39:35,906 [INFO] [22/121] 망원한강공원 (primary=KEY_2)
2026-06-08 00:39:37,110 [INFO] [23/121] 반포한강공원 (primary=KEY_3)
2026-06-08 00:39:38,115 [INFO] [24/121] 보라매공원 (primary=KEY_4)
2026-06-08 00:39:39,762 [INFO] [25/121] 북서울꿈의숲 (primary=KEY_1)
2026-06-08 00:39:40,825 [INFO] [26/121] 서대문독립공원 (primary=KEY_2)
2026-06-08 00:39:41,833 [INFO] [27/121] 서리풀공원·몽마르뜨공원 (primary=KEY_3)
2026-06-08 00:39:42,908 [INFO] [28/121] 서울대공원 (primary=KEY_4)
2026-06-08 00:39:43,916 [INFO] [29/121] 서울숲공원 (primary=KEY_1)
2026-06-08 00:39:45,080 [INFO] [30/121] 송현녹지광장 (primary=KEY_2)
2026-06-08 00:39:46,273 [INFO] [31/121] 아차산 (primary=KEY_3)
2026-06-08 00:39:47,283 [INFO] [32/121] 안양천 (primary=KEY_4)
2026-06-08 00:39:48,319 [INFO] [33/121] 양화한강공원 (primary=KEY_1)
2026-06-08 00:39:49,330 [INFO] [34/121] 어린이대공원 (primary=KEY_2)
2026-06-08 00:39:50,354 [INFO] [35/121] 여의도한강공원 (primary=KEY_3)
2026-06-08 00:39:52,904 [INFO] [36/121] 여의서로 (primary=KEY_4)
2026-06-08 00:39:53,906 [INFO] [37/121] 올림픽공원 (primary=KEY_1)
2026-06-08 00:39:55,674 [INFO] [38/121] 월드컵공원 (primary=KEY_2)
2026-06-08 00:39:56,995 [INFO] [39/121] 응봉산 (primary=KEY_3)
2026-06-08 00:39:58,155 [INFO] [40/121] 이촌한강공원 (primary=KEY_4)
2026-06-08 00:39:59,155 [INFO] [41/121] 잠실종합운동장 (primary=KEY_1)
2026-06-08 00:40:00,176 [INFO] [42/121] 잠실한강공원 (primary=KEY_2)
2026-06-08 00:40:01,795 [INFO] [43/121] 잠원한강공원 (primary=KEY_3)
2026-06-08 00:40:02,798 [INFO] [44/121] 청계산 (primary=KEY_4)
2026-06-08 00:40:03,805 [INFO] [45/121] 홍제폭포 (primary=KEY_1)
2026-06-08 00:40:04,819 [INFO] [46/121] 가락시장 (primary=KEY_2)
2026-06-08 00:40:06,019 [INFO] [47/121] 가로수길 (primary=KEY_3)
2026-06-08 00:40:07,197 [INFO] [48/121] 광장(전통)시장 (primary=KEY_4)
2026-06-08 00:40:08,208 [INFO] [49/121] 김포공항 (primary=KEY_1)
2026-06-08 00:40:09,374 [INFO] [50/121] 남대문시장 (primary=KEY_2)
2026-06-08 00:40:10,408 [INFO] [51/121] 노량진 (primary=KEY_3)
2026-06-08 00:40:11,425 [INFO] [52/121] 덕수궁길·정동길 (primary=KEY_4)
2026-06-08 00:40:13,166 [INFO] [53/121] 북창동 먹자골목 (primary=KEY_1)
2026-06-08 00:40:14,170 [INFO] [54/121] 북촌한옥마을 (primary=KEY_2)
2026-06-08 00:40:15,332 [INFO] [55/121] 서촌 (primary=KEY_3)
2026-06-08 00:40:16,536 [INFO] [56/121] 성수카페거리 (primary=KEY_4)
2026-06-08 00:40:17,714 [INFO] [57/121] 송리단길·호수단길 (primary=KEY_1)
2026-06-08 00:40:18,887 [INFO] [58/121] 신촌 스타광장 (primary=KEY_2)
2026-06-08 00:40:19,956 [INFO] [59/121] 압구정로데오거리 (primary=KEY_3)
2026-06-08 00:40:21,739 [INFO] [60/121] 여의도 (primary=KEY_4)
2026-06-08 00:40:23,409 [INFO] [61/121] 연남동 (primary=KEY_1)
2026-06-08 00:40:24,572 [INFO] [62/121] 영등포 타임스퀘어 (primary=KEY_2)
2026-06-08 00:40:27,006 [INFO] [63/121] 용리단길 (primary=KEY_3)
2026-06-08 00:40:28,057 [INFO] [64/121] 이태원 앤틱가구거리 (primary=KEY_4)
2026-06-08 00:40:29,674 [INFO] [65/121] 익선동 (primary=KEY_1)
2026-06-08 00:40:30,857 [INFO] [66/121] 인사동 (primary=KEY_2)
2026-06-08 00:40:32,059 [INFO] [67/121] 잠실롯데타워·석촌호수 (primary=KEY_3)
2026-06-08 00:40:33,916 [INFO] [68/121] 창동 신경제 중심지 (primary=KEY_4)
2026-06-08 00:40:35,266 [INFO] [69/121] 청담동 명품거리 (primary=KEY_1)
2026-06-08 00:40:36,446 [INFO] [70/121] 청량리 제기동 일대 전통시장 (primary=KEY_2)
2026-06-08 00:40:38,475 [INFO] [71/121] 해방촌·경리단길 (primary=KEY_3)
2026-06-08 00:40:39,519 [INFO] [72/121] DDP(동대문디자인플라자) (primary=KEY_4)
2026-06-08 00:40:40,777 [INFO] [73/121] DMC(디지털미디어시티) (primary=KEY_1)
2026-06-08 00:40:42,182 [INFO] [74/121] 가산디지털단지역 (primary=KEY_2)
2026-06-08 00:40:43,512 [INFO] [75/121] 강남역 (primary=KEY_3)
2026-06-08 00:40:44,861 [INFO] [76/121] 건대입구역 (primary=KEY_4)
2026-06-08 00:40:46,104 [INFO] [77/121] 고덕역 (primary=KEY_1)
2026-06-08 00:40:47,874 [INFO] [78/121] 고속터미널역 (primary=KEY_2)
2026-06-08 00:40:48,944 [INFO] [79/121] 교대역 (primary=KEY_3)
2026-06-08 00:40:49,968 [INFO] [80/121] 구로디지털단지역 (primary=KEY_4)
2026-06-08 00:40:51,136 [INFO] [81/121] 구로역 (primary=KEY_1)
2026-06-08 00:40:52,163 [INFO] [82/121] 군자역 (primary=KEY_2)
2026-06-08 00:40:53,207 [INFO] [83/121] 대림역 (primary=KEY_3)
2026-06-08 00:40:54,413 [INFO] [84/121] 동대문역 (primary=KEY_4)
2026-06-08 00:40:55,617 [INFO] [85/121] 뚝섬역 (primary=KEY_1)
2026-06-08 00:40:56,802 [INFO] [86/121] 미아사거리역 (primary=KEY_2)
2026-06-08 00:40:57,979 [INFO] [87/121] 발산역 (primary=KEY_3)
2026-06-08 00:41:00,128 [INFO] [88/121] 사당역 (primary=KEY_4)
2026-06-08 00:41:01,335 [INFO] [89/121] 삼각지역 (primary=KEY_1)
2026-06-08 00:41:02,384 [INFO] [90/121] 서울대입구역 (primary=KEY_2)
2026-06-08 00:41:03,415 [INFO] [91/121] 서울식물원·마곡나루역 (primary=KEY_3)
2026-06-08 00:41:04,608 [INFO] [92/121] 서울역 (primary=KEY_4)
2026-06-08 00:41:05,822 [INFO] [93/121] 선릉역 (primary=KEY_1)
2026-06-08 00:41:07,163 [INFO] [94/121] 성신여대입구역 (primary=KEY_2)
2026-06-08 00:41:08,206 [INFO] [95/121] 수유역 (primary=KEY_3)
2026-06-08 00:41:09,380 [INFO] [96/121] 숭례문 (primary=KEY_4)
2026-06-08 00:41:10,548 [INFO] [97/121] 시의회 앞 (primary=KEY_1)
2026-06-08 00:41:11,708 [INFO] [98/121] 신논현역·논현역 (primary=KEY_2)
2026-06-08 00:41:12,911 [INFO] [99/121] 신도림역 (primary=KEY_3)
2026-06-08 00:41:14,683 [INFO] [100/121] 신림역 (primary=KEY_4)
2026-06-08 00:41:15,725 [INFO] [101/121] 신정네거리역 (primary=KEY_1)
2026-06-08 00:41:16,741 [INFO] [102/121] 신촌·이대역 (primary=KEY_2)
2026-06-08 00:41:17,910 [INFO] [103/121] 쌍문역 (primary=KEY_3)
2026-06-08 00:41:18,934 [INFO] [104/121] 양재역 (primary=KEY_4)
2026-06-08 00:41:20,110 [INFO] [105/121] 역삼역 (primary=KEY_1)
2026-06-08 00:41:21,282 [INFO] [106/121] 연신내역 (primary=KEY_2)
2026-06-08 00:41:22,332 [INFO] [107/121] 오목교역·목동운동장 (primary=KEY_3)
2026-06-08 00:41:23,655 [INFO] [108/121] 왕십리역 (primary=KEY_4)
2026-06-08 00:41:24,839 [INFO] [109/121] 용산역 (primary=KEY_1)
2026-06-08 00:41:26,007 [INFO] [110/121] 이태원역 (primary=KEY_2)
2026-06-08 00:41:27,674 [INFO] [111/121] 잠실새내역 (primary=KEY_3)
2026-06-08 00:41:28,838 [INFO] [112/121] 잠실역 (primary=KEY_4)
2026-06-08 00:41:30,053 [INFO] [113/121] 장지역 (primary=KEY_1)
2026-06-08 00:41:31,295 [INFO] [114/121] 장한평역 (primary=KEY_2)
2026-06-08 00:41:32,474 [INFO] [115/121] 천호역 (primary=KEY_3)
2026-06-08 00:41:33,650 [INFO] [116/121] 총신대입구(이수)역 (primary=KEY_4)
2026-06-08 00:41:34,895 [INFO] [117/121] 충정로역 (primary=KEY_1)
2026-06-08 00:41:35,948 [INFO] [118/121] 합정역 (primary=KEY_2)
2026-06-08 00:41:37,142 [INFO] [119/121] 혜화역 (primary=KEY_3)
2026-06-08 00:41:38,186 [INFO] [120/121] 홍대입구역(2호선) (primary=KEY_4)
2026-06-08 00:41:39,261 [INFO] [121/121] 회기역 (primary=KEY_1)
2026-06-08 00:41:41,363 [INFO] === 수집 완료 | 성공 121, 실패 0 ===
2026-06-08 00:41:41,363 [INFO] 카테고리별 저장 결과:
2026-06-08 00:41:41,363 [INFO]    accident                  | 신규     1행 | 누적      1행 | 16컬럼
2026-06-08 00:41:41,363 [INFO]    area_meta                 | 신규   121행 | 누적    121행 | 5컬럼
2026-06-08 00:41:41,363 [INFO]    bike                      | 신규    10행 | 누적     10행 | 12컬럼
2026-06-08 00:41:41,363 [INFO]    bike_sbike_stts           | 신규   554행 | 누적    554행 | 12컬럼
2026-06-08 00:41:41,363 [INFO]    bus                       | 신규     3행 | 누적      3행 | 11컬럼
2026-06-08 00:41:41,363 [INFO]    bus_bus_stn_stts          | 신규  1745행 | 누적   1745행 | 11컬럼
2026-06-08 00:41:41,363 [INFO]    charger                   | 신규    25행 | 누적     25행 | 15컬럼
2026-06-08 00:41:41,363 [INFO]    charger_charger_stts      | 신규   322행 | 누적    322행 | 15컬럼
2026-06-08 00:41:41,363 [INFO]    cmrcl                     | 신규    82행 | 누적     82행 | 20컬럼
2026-06-08 00:41:41,363 [INFO]    events                    | 신규    15행 | 누적     15행 | 14컬럼
2026-06-08 00:41:41,363 [INFO]    events_event_stts         | 신규   152행 | 누적    152행 | 14컬럼
2026-06-08 00:41:41,363 [INFO]    parking                   | 신규     6행 | 누적      6행 | 21컬럼
2026-06-08 00:41:41,363 [INFO]    parking_prk_stts          | 신규  1831행 | 누적   1831행 | 21컬럼
2026-06-08 00:41:41,363 [INFO]    ppltn                     | 신규   121행 | 누적    121행 | 26컬럼
2026-06-08 00:41:41,363 [INFO]    road                      | 신규   121행 | 누적    121행 | 21컬럼
2026-06-08 00:41:41,363 [INFO]    road_road_traffic_stts    | 신규  5253행 | 누적   5253행 | 17컬럼
2026-06-08 00:41:41,363 [INFO]    subway                    | 신규    38행 | 누적     38행 | 13컬럼
2026-06-08 00:41:41,363 [INFO]    subway_sub_stts           | 신규   183행 | 누적    183행 | 13컬럼
2026-06-08 00:41:41,364 [INFO]    weather                   | 신규   119행 | 누적    119행 | 29컬럼
2026-06-08 00:41:41,364 [INFO] 키별 사용량:
2026-06-08 00:41:41,364 [INFO]    🟢 KEY_1 (31/1000) 
2026-06-08 00:41:41,364 [INFO]    🟢 KEY_2 (30/1000) 
2026-06-08 00:41:41,364 [INFO]    🟢 KEY_3 (30/1000) 
2026-06-08 00:41:41,364 [INFO]    🟢 KEY_4 (30/1000) 
