2026-07-12 00:07:43,487 [INFO] 등록된 키: 4개, 합산 한도 4,000건/일
2026-07-12 00:07:43,487 [INFO] POI 로드: 매뉴얼 v8.5 기준 fallback 121개 (121개 전체)
2026-07-12 00:07:43,487 [INFO] === 수집 시작 2026-07-12T00:07:43.487838+09:00 ===
2026-07-12 00:07:43,487 [INFO] 대상 장소: 121개 | API: citydata (통합)
2026-07-12 00:07:43,488 [INFO] 키 풀: 4/4 활성 | 오늘 사용 0/4000건
2026-07-12 00:07:43,488 [INFO]   [KEY_1] 담당 31장소
2026-07-12 00:07:43,488 [INFO]   [KEY_2] 담당 30장소
2026-07-12 00:07:43,488 [INFO]   [KEY_3] 담당 30장소
2026-07-12 00:07:43,488 [INFO]   [KEY_4] 담당 30장소
2026-07-12 00:07:43,488 [INFO] [1/121] 경복궁 (primary=KEY_1)
2026-07-12 00:07:45,393 [INFO] [2/121] 광화문·덕수궁 (primary=KEY_2)
2026-07-12 00:07:47,548 [INFO] [3/121] 보신각 (primary=KEY_3)
2026-07-12 00:07:49,347 [INFO] [4/121] 서울 암사동 유적 (primary=KEY_4)
2026-07-12 00:07:50,971 [INFO] [5/121] 창덕궁·종묘 (primary=KEY_1)
2026-07-12 00:07:52,840 [INFO] [6/121] 강남 MICE 관광특구 (primary=KEY_2)
2026-07-12 00:07:54,731 [INFO] [7/121] 동대문 관광특구 (primary=KEY_3)
2026-07-12 00:07:56,195 [INFO] [8/121] 명동 관광특구 (primary=KEY_4)
2026-07-12 00:07:58,499 [INFO] [9/121] 이태원 관광특구 (primary=KEY_1)
2026-07-12 00:07:59,733 [INFO] [10/121] 잠실 관광특구 (primary=KEY_2)
2026-07-12 00:08:01,950 [INFO] [11/121] 종로·청계 관광특구 (primary=KEY_3)
2026-07-12 00:08:03,982 [INFO] [12/121] 홍대 관광특구 (primary=KEY_4)
2026-07-12 00:08:05,422 [INFO] [13/121] 강서한강공원 (primary=KEY_1)
2026-07-12 00:08:06,468 [INFO] [14/121] 고척돔 (primary=KEY_2)
2026-07-12 00:08:07,693 [INFO] [15/121] 광나루한강공원 (primary=KEY_3)
2026-07-12 00:08:09,548 [INFO] [16/121] 광화문광장 (primary=KEY_4)
2026-07-12 00:08:10,798 [INFO] [17/121] 국립중앙박물관·용산가족공원 (primary=KEY_1)
2026-07-12 00:08:11,859 [INFO] [18/121] 난지한강공원 (primary=KEY_2)
2026-07-12 00:08:13,719 [INFO] [19/121] 남산공원 (primary=KEY_3)
2026-07-12 00:08:15,793 [INFO] [20/121] 노들섬 (primary=KEY_4)
2026-07-12 00:08:16,848 [INFO] [21/121] 뚝섬한강공원 (primary=KEY_1)
2026-07-12 00:08:18,565 [INFO] [22/121] 망원한강공원 (primary=KEY_2)
2026-07-12 00:08:19,799 [INFO] [23/121] 반포한강공원 (primary=KEY_3)
2026-07-12 00:08:20,866 [INFO] [24/121] 보라매공원 (primary=KEY_4)
2026-07-12 00:08:21,938 [INFO] [25/121] 북서울꿈의숲 (primary=KEY_1)
2026-07-12 00:08:23,004 [INFO] [26/121] 서대문독립공원 (primary=KEY_2)
2026-07-12 00:08:24,086 [INFO] [27/121] 서리풀공원·몽마르뜨공원 (primary=KEY_3)
2026-07-12 00:08:25,182 [INFO] [28/121] 서울대공원 (primary=KEY_4)
2026-07-12 00:08:26,837 [INFO] [29/121] 서울숲공원 (primary=KEY_1)
2026-07-12 00:08:28,065 [INFO] [30/121] 송현녹지광장 (primary=KEY_2)
2026-07-12 00:08:29,274 [INFO] [31/121] 아차산 (primary=KEY_3)
2026-07-12 00:08:30,316 [INFO] [32/121] 안양천 (primary=KEY_4)
2026-07-12 00:08:31,363 [INFO] [33/121] 양화한강공원 (primary=KEY_1)
2026-07-12 00:08:32,997 [INFO] [34/121] 어린이대공원 (primary=KEY_2)
2026-07-12 00:08:34,083 [INFO] [35/121] 여의도한강공원 (primary=KEY_3)
2026-07-12 00:08:35,901 [INFO] [36/121] 여의서로 (primary=KEY_4)
2026-07-12 00:08:37,780 [INFO] [37/121] 올림픽공원 (primary=KEY_1)
2026-07-12 00:08:39,049 [INFO] [38/121] 월드컵공원 (primary=KEY_2)
2026-07-12 00:08:40,459 [INFO] [39/121] 응봉산 (primary=KEY_3)
2026-07-12 00:08:42,252 [INFO] [40/121] 이촌한강공원 (primary=KEY_4)
2026-07-12 00:08:43,299 [INFO] [41/121] 잠실종합운동장 (primary=KEY_1)
2026-07-12 00:08:44,360 [INFO] [42/121] 잠실한강공원 (primary=KEY_2)
2026-07-12 00:08:45,415 [INFO] [43/121] 잠원한강공원 (primary=KEY_3)
2026-07-12 00:08:46,471 [INFO] [44/121] 청계산 (primary=KEY_4)
2026-07-12 00:08:47,529 [INFO] [45/121] 홍제폭포 (primary=KEY_1)
2026-07-12 00:08:48,580 [INFO] [46/121] 가락시장 (primary=KEY_2)
2026-07-12 00:08:49,823 [INFO] [47/121] 가로수길 (primary=KEY_3)
2026-07-12 00:08:51,074 [INFO] [48/121] 광장(전통)시장 (primary=KEY_4)
2026-07-12 00:08:52,148 [INFO] [49/121] 김포공항 (primary=KEY_1)
2026-07-12 00:08:54,216 [INFO] [50/121] 남대문시장 (primary=KEY_2)
2026-07-12 00:08:55,446 [INFO] [51/121] 노량진 (primary=KEY_3)
2026-07-12 00:08:56,708 [INFO] [52/121] 덕수궁길·정동길 (primary=KEY_4)
2026-07-12 00:08:57,972 [INFO] [53/121] 북창동 먹자골목 (primary=KEY_1)
2026-07-12 00:08:59,048 [INFO] [54/121] 북촌한옥마을 (primary=KEY_2)
2026-07-12 00:09:00,321 [INFO] [55/121] 서촌 (primary=KEY_3)
2026-07-12 00:09:01,544 [INFO] [56/121] 성수카페거리 (primary=KEY_4)
2026-07-12 00:09:02,799 [INFO] [57/121] 송리단길·호수단길 (primary=KEY_1)
2026-07-12 00:09:04,048 [INFO] [58/121] 신촌 스타광장 (primary=KEY_2)
2026-07-12 00:09:05,128 [INFO] [59/121] 압구정로데오거리 (primary=KEY_3)
2026-07-12 00:09:06,367 [INFO] [60/121] 여의도 (primary=KEY_4)
2026-07-12 00:09:08,327 [INFO] [61/121] 연남동 (primary=KEY_1)
2026-07-12 00:09:09,558 [INFO] [62/121] 영등포 타임스퀘어 (primary=KEY_2)
2026-07-12 00:09:10,771 [INFO] [63/121] 용리단길 (primary=KEY_3)
2026-07-12 00:09:11,852 [INFO] [64/121] 이태원 앤틱가구거리 (primary=KEY_4)
2026-07-12 00:09:13,085 [INFO] [65/121] 익선동 (primary=KEY_1)
2026-07-12 00:09:14,323 [INFO] [66/121] 인사동 (primary=KEY_2)
2026-07-12 00:09:16,308 [INFO] [67/121] 잠실롯데타워·석촌호수 (primary=KEY_3)
2026-07-12 00:09:18,538 [INFO] [68/121] 창동 신경제 중심지 (primary=KEY_4)
2026-07-12 00:09:20,763 [INFO] [69/121] 청담동 명품거리 (primary=KEY_1)
2026-07-12 00:09:22,616 [INFO] [70/121] 청량리 제기동 일대 전통시장 (primary=KEY_2)
2026-07-12 00:09:24,411 [INFO] [71/121] 해방촌·경리단길 (primary=KEY_3)
2026-07-12 00:09:26,279 [INFO] [72/121] DDP(동대문디자인플라자) (primary=KEY_4)
2026-07-12 00:09:27,535 [INFO] [73/121] DMC(디지털미디어시티) (primary=KEY_1)
2026-07-12 00:09:29,746 [INFO] [74/121] 가산디지털단지역 (primary=KEY_2)
2026-07-12 00:09:31,880 [INFO] [75/121] 강남역 (primary=KEY_3)
2026-07-12 00:09:33,967 [INFO] [76/121] 건대입구역 (primary=KEY_4)
2026-07-12 00:09:35,929 [INFO] [77/121] 고덕역 (primary=KEY_1)
2026-07-12 00:09:37,179 [INFO] [78/121] 고속터미널역 (primary=KEY_2)
2026-07-12 00:09:38,425 [INFO] [79/121] 교대역 (primary=KEY_3)
2026-07-12 00:09:40,169 [INFO] [80/121] 구로디지털단지역 (primary=KEY_4)
2026-07-12 00:09:42,151 [INFO] [81/121] 구로역 (primary=KEY_1)
2026-07-12 00:09:43,209 [INFO] [82/121] 군자역 (primary=KEY_2)
2026-07-12 00:09:44,460 [INFO] [83/121] 대림역 (primary=KEY_3)
2026-07-12 00:09:45,698 [INFO] [84/121] 동대문역 (primary=KEY_4)
2026-07-12 00:09:47,667 [INFO] [85/121] 뚝섬역 (primary=KEY_1)
2026-07-12 00:09:48,922 [INFO] [86/121] 미아사거리역 (primary=KEY_2)
2026-07-12 00:09:50,747 [INFO] [87/121] 발산역 (primary=KEY_3)
2026-07-12 00:09:52,964 [INFO] [88/121] 사당역 (primary=KEY_4)
2026-07-12 00:09:55,203 [INFO] [89/121] 삼각지역 (primary=KEY_1)
2026-07-12 00:09:56,280 [INFO] [90/121] 서울대입구역 (primary=KEY_2)
2026-07-12 00:09:57,520 [INFO] [91/121] 서울식물원·마곡나루역 (primary=KEY_3)
2026-07-12 00:09:58,772 [INFO] [92/121] 서울역 (primary=KEY_4)
2026-07-12 00:10:00,041 [INFO] [93/121] 선릉역 (primary=KEY_1)
2026-07-12 00:10:01,468 [INFO] [94/121] 성신여대입구역 (primary=KEY_2)
2026-07-12 00:10:04,064 [INFO] [95/121] 수유역 (primary=KEY_3)
2026-07-12 00:10:05,946 [INFO] [96/121] 숭례문 (primary=KEY_4)
2026-07-12 00:10:07,172 [INFO] [97/121] 시의회 앞 (primary=KEY_1)
2026-07-12 00:10:09,001 [INFO] [98/121] 신논현역·논현역 (primary=KEY_2)
2026-07-12 00:10:10,244 [INFO] [99/121] 신도림역 (primary=KEY_3)
2026-07-12 00:10:11,304 [INFO] [100/121] 신림역 (primary=KEY_4)
2026-07-12 00:10:12,528 [INFO] [101/121] 신정네거리역 (primary=KEY_1)
2026-07-12 00:10:13,755 [INFO] [102/121] 신촌·이대역 (primary=KEY_2)
2026-07-12 00:10:14,975 [INFO] [103/121] 쌍문역 (primary=KEY_3)
2026-07-12 00:10:16,191 [INFO] [104/121] 양재역 (primary=KEY_4)
2026-07-12 00:10:17,436 [INFO] [105/121] 역삼역 (primary=KEY_1)
2026-07-12 00:10:18,817 [INFO] [106/121] 연신내역 (primary=KEY_2)
2026-07-12 00:10:19,909 [INFO] [107/121] 오목교역·목동운동장 (primary=KEY_3)
2026-07-12 00:10:21,479 [INFO] [108/121] 왕십리역 (primary=KEY_4)
2026-07-12 00:10:22,755 [INFO] [109/121] 용산역 (primary=KEY_1)
2026-07-12 00:10:24,135 [INFO] [110/121] 이태원역 (primary=KEY_2)
2026-07-12 00:10:25,203 [INFO] [111/121] 잠실새내역 (primary=KEY_3)
2026-07-12 00:10:26,426 [INFO] [112/121] 잠실역 (primary=KEY_4)
2026-07-12 00:10:27,900 [INFO] [113/121] 장지역 (primary=KEY_1)
2026-07-12 00:10:29,317 [INFO] [114/121] 장한평역 (primary=KEY_2)
2026-07-12 00:10:30,546 [INFO] [115/121] 천호역 (primary=KEY_3)
2026-07-12 00:10:31,795 [INFO] [116/121] 총신대입구(이수)역 (primary=KEY_4)
2026-07-12 00:10:33,025 [INFO] [117/121] 충정로역 (primary=KEY_1)
2026-07-12 00:10:34,262 [INFO] [118/121] 합정역 (primary=KEY_2)
2026-07-12 00:10:35,508 [INFO] [119/121] 혜화역 (primary=KEY_3)
2026-07-12 00:10:37,401 [INFO] [120/121] 홍대입구역(2호선) (primary=KEY_4)
2026-07-12 00:10:38,649 [INFO] [121/121] 회기역 (primary=KEY_1)
2026-07-12 00:10:40,320 [INFO] === 수집 완료 | 성공 121, 실패 0 ===
2026-07-12 00:10:40,320 [INFO] 카테고리별 저장 결과:
2026-07-12 00:10:40,320 [INFO]    accident                  | 신규     2행 | 누적      2행 | 16컬럼
2026-07-12 00:10:40,320 [INFO]    accident_acdnt_cntrl_stts | 신규     2행 | 누적      2행 | 16컬럼
2026-07-12 00:10:40,320 [INFO]    area_meta                 | 신규   121행 | 누적    121행 | 5컬럼
2026-07-12 00:10:40,320 [INFO]    bike                      | 신규    12행 | 누적     12행 | 12컬럼
2026-07-12 00:10:40,320 [INFO]    bike_sbike_stts           | 신규   570행 | 누적    570행 | 12컬럼
2026-07-12 00:10:40,320 [INFO]    bus                       | 신규     3행 | 누적      3행 | 11컬럼
2026-07-12 00:10:40,320 [INFO]    bus_bus_stn_stts          | 신규  1745행 | 누적   1745행 | 11컬럼
2026-07-12 00:10:40,320 [INFO]    charger                   | 신규    10행 | 누적     10행 | 15컬럼
2026-07-12 00:10:40,320 [INFO]    charger_charger_stts      | 신규  1265행 | 누적   1265행 | 15컬럼
2026-07-12 00:10:40,320 [INFO]    cmrcl                     | 신규    82행 | 누적     82행 | 20컬럼
2026-07-12 00:10:40,320 [INFO]    disaster                  | 신규    15행 | 누적     15행 | 9컬럼
2026-07-12 00:10:40,320 [INFO]    disaster_live_dst_message | 신규    31행 | 누적     31행 | 9컬럼
2026-07-12 00:10:40,320 [INFO]    events                    | 신규     7행 | 누적      7행 | 14컬럼
2026-07-12 00:10:40,321 [INFO]    events_event_stts         | 신규   130행 | 누적    130행 | 14컬럼
2026-07-12 00:10:40,321 [INFO]    news_live_yna_news        | 신규    58행 | 누적     58행 | 10컬럼
2026-07-12 00:10:40,321 [INFO]    parking                   | 신규     6행 | 누적      6행 | 21컬럼
2026-07-12 00:10:40,321 [INFO]    parking_prk_stts          | 신규  1834행 | 누적   1834행 | 21컬럼
2026-07-12 00:10:40,321 [INFO]    ppltn                     | 신규   121행 | 누적    121행 | 26컬럼
2026-07-12 00:10:40,321 [INFO]    road                      | 신규   121행 | 누적    121행 | 21컬럼
2026-07-12 00:10:40,321 [INFO]    road_road_traffic_stts    | 신규  5266행 | 누적   5266행 | 17컬럼
2026-07-12 00:10:40,321 [INFO]    subway                    | 신규    38행 | 누적     38행 | 12컬럼
2026-07-12 00:10:40,321 [INFO]    subway_sub_stts           | 신규   183행 | 누적    183행 | 13컬럼
2026-07-12 00:10:40,321 [INFO]    weather                   | 신규   119행 | 누적    119행 | 29컬럼
2026-07-12 00:10:40,321 [INFO] 키별 사용량:
2026-07-12 00:10:40,321 [INFO]    🟢 KEY_1 (31/1000) 
2026-07-12 00:10:40,321 [INFO]    🟢 KEY_2 (30/1000) 
2026-07-12 00:10:40,321 [INFO]    🟢 KEY_3 (30/1000) 
2026-07-12 00:10:40,321 [INFO]    🟢 KEY_4 (30/1000) 
