2026-09-04 03:35:30,187 [INFO] 등록된 키: 4개, 합산 한도 4,000건/일
2026-09-04 03:35:30,187 [INFO] POI 로드: 매뉴얼 v8.5 기준 fallback 121개 (121개 전체)
2026-09-04 03:35:30,188 [INFO] === 수집 시작 2026-09-04T03:35:30.187978+09:00 ===
2026-09-04 03:35:30,188 [INFO] 대상 장소: 121개 | API: citydata (통합)
2026-09-04 03:35:30,188 [INFO] 키 풀: 4/4 활성 | 오늘 사용 0/4000건
2026-09-04 03:35:30,188 [INFO]   [KEY_1] 담당 31장소
2026-09-04 03:35:30,188 [INFO]   [KEY_2] 담당 30장소
2026-09-04 03:35:30,188 [INFO]   [KEY_3] 담당 30장소
2026-09-04 03:35:30,188 [INFO]   [KEY_4] 담당 30장소
2026-09-04 03:35:30,188 [INFO] [1/121] 경복궁 (primary=KEY_1)
2026-09-04 03:35:31,968 [INFO] [2/121] 광화문·덕수궁 (primary=KEY_2)
2026-09-04 03:35:34,230 [INFO] [3/121] 보신각 (primary=KEY_3)
2026-09-04 03:35:35,419 [INFO] [4/121] 서울 암사동 유적 (primary=KEY_4)
2026-09-04 03:35:36,447 [INFO] [5/121] 창덕궁·종묘 (primary=KEY_1)
2026-09-04 03:35:37,627 [INFO] [6/121] 강남 MICE 관광특구 (primary=KEY_2)
2026-09-04 03:35:39,722 [INFO] [7/121] 동대문 관광특구 (primary=KEY_3)
2026-09-04 03:35:41,825 [INFO] [8/121] 명동 관광특구 (primary=KEY_4)
2026-09-04 03:35:43,408 [INFO] [9/121] 이태원 관광특구 (primary=KEY_1)
2026-09-04 03:35:44,620 [INFO] [10/121] 잠실 관광특구 (primary=KEY_2)
2026-09-04 03:35:46,336 [INFO] [11/121] 종로·청계 관광특구 (primary=KEY_3)
2026-09-04 03:35:48,616 [INFO] [12/121] 홍대 관광특구 (primary=KEY_4)
2026-09-04 03:35:49,994 [INFO] [13/121] 강서한강공원 (primary=KEY_1)
2026-09-04 03:35:51,622 [INFO] [14/121] 고척돔 (primary=KEY_2)
2026-09-04 03:35:52,650 [INFO] [15/121] 광나루한강공원 (primary=KEY_3)
2026-09-04 03:35:53,825 [INFO] [16/121] 광화문광장 (primary=KEY_4)
2026-09-04 03:35:55,005 [INFO] [17/121] 국립중앙박물관·용산가족공원 (primary=KEY_1)
2026-09-04 03:35:56,035 [INFO] [18/121] 난지한강공원 (primary=KEY_2)
2026-09-04 03:35:57,041 [INFO] [19/121] 남산공원 (primary=KEY_3)
2026-09-04 03:35:58,387 [INFO] [20/121] 노들섬 (primary=KEY_4)
2026-09-04 03:35:59,863 [INFO] [21/121] 뚝섬한강공원 (primary=KEY_1)
2026-09-04 03:36:00,886 [INFO] [22/121] 망원한강공원 (primary=KEY_2)
2026-09-04 03:36:02,942 [INFO] [23/121] 반포한강공원 (primary=KEY_3)
2026-09-04 03:36:03,941 [INFO] [24/121] 보라매공원 (primary=KEY_4)
2026-09-04 03:36:04,962 [INFO] [25/121] 북서울꿈의숲 (primary=KEY_1)
2026-09-04 03:36:06,869 [INFO] [26/121] 서대문독립공원 (primary=KEY_2)
2026-09-04 03:36:07,982 [INFO] [27/121] 서리풀공원·몽마르뜨공원 (primary=KEY_3)
2026-09-04 03:36:09,018 [INFO] [28/121] 서울대공원 (primary=KEY_4)
2026-09-04 03:36:10,028 [INFO] [29/121] 서울숲공원 (primary=KEY_1)
2026-09-04 03:36:12,095 [INFO] [30/121] 송현녹지광장 (primary=KEY_2)
2026-09-04 03:36:13,855 [INFO] [31/121] 아차산 (primary=KEY_3)
2026-09-04 03:36:14,878 [INFO] [32/121] 안양천 (primary=KEY_4)
2026-09-04 03:36:15,894 [INFO] [33/121] 양화한강공원 (primary=KEY_1)
2026-09-04 03:36:16,905 [INFO] [34/121] 어린이대공원 (primary=KEY_2)
2026-09-04 03:36:18,118 [INFO] [35/121] 여의도한강공원 (primary=KEY_3)
2026-09-04 03:36:19,287 [INFO] [36/121] 여의서로 (primary=KEY_4)
2026-09-04 03:36:21,176 [INFO] [37/121] 올림픽공원 (primary=KEY_1)
2026-09-04 03:36:22,379 [INFO] [38/121] 월드컵공원 (primary=KEY_2)
2026-09-04 03:36:24,572 [INFO] [39/121] 응봉산 (primary=KEY_3)
2026-09-04 03:36:25,743 [INFO] [40/121] 이촌한강공원 (primary=KEY_4)
2026-09-04 03:36:26,749 [INFO] [41/121] 잠실종합운동장 (primary=KEY_1)
2026-09-04 03:36:27,793 [INFO] [42/121] 잠실한강공원 (primary=KEY_2)
2026-09-04 03:36:28,814 [INFO] [43/121] 잠원한강공원 (primary=KEY_3)
2026-09-04 03:36:29,830 [INFO] [44/121] 청계산 (primary=KEY_4)
2026-09-04 03:36:30,833 [INFO] [45/121] 홍제폭포 (primary=KEY_1)
2026-09-04 03:36:32,598 [INFO] [46/121] 가락시장 (primary=KEY_2)
2026-09-04 03:36:34,416 [INFO] [47/121] 가로수길 (primary=KEY_3)
2026-09-04 03:36:35,627 [INFO] [48/121] 광장(전통)시장 (primary=KEY_4)
2026-09-04 03:36:36,665 [INFO] [49/121] 김포공항 (primary=KEY_1)
2026-09-04 03:36:38,761 [INFO] [50/121] 남대문시장 (primary=KEY_2)
2026-09-04 03:36:39,950 [INFO] [51/121] 노량진 (primary=KEY_3)
2026-09-04 03:36:41,148 [INFO] [52/121] 덕수궁길·정동길 (primary=KEY_4)
2026-09-04 03:36:42,353 [INFO] [53/121] 북창동 먹자골목 (primary=KEY_1)
2026-09-04 03:36:43,525 [INFO] [54/121] 북촌한옥마을 (primary=KEY_2)
2026-09-04 03:36:44,849 [INFO] [55/121] 서촌 (primary=KEY_3)
2026-09-04 03:36:46,028 [INFO] [56/121] 성수카페거리 (primary=KEY_4)
2026-09-04 03:36:47,378 [INFO] [57/121] 송리단길·호수단길 (primary=KEY_1)
2026-09-04 03:36:49,312 [INFO] [58/121] 신촌 스타광장 (primary=KEY_2)
2026-09-04 03:36:50,940 [INFO] [59/121] 압구정로데오거리 (primary=KEY_3)
2026-09-04 03:36:52,123 [INFO] [60/121] 여의도 (primary=KEY_4)
2026-09-04 03:36:53,996 [INFO] [61/121] 연남동 (primary=KEY_1)
2026-09-04 03:36:55,178 [INFO] [62/121] 영등포 타임스퀘어 (primary=KEY_2)
2026-09-04 03:36:57,073 [INFO] [63/121] 용리단길 (primary=KEY_3)
2026-09-04 03:36:59,014 [INFO] [64/121] 이태원 앤틱가구거리 (primary=KEY_4)
2026-09-04 03:37:00,055 [INFO] [65/121] 익선동 (primary=KEY_1)
2026-09-04 03:37:01,253 [INFO] [66/121] 인사동 (primary=KEY_2)
2026-09-04 03:37:02,595 [INFO] [67/121] 잠실롯데타워·석촌호수 (primary=KEY_3)
2026-09-04 03:37:04,091 [INFO] [68/121] 창동 신경제 중심지 (primary=KEY_4)
2026-09-04 03:37:05,587 [INFO] [69/121] 청담동 명품거리 (primary=KEY_1)
2026-09-04 03:37:06,783 [INFO] [70/121] 청량리 제기동 일대 전통시장 (primary=KEY_2)
2026-09-04 03:37:08,848 [INFO] [71/121] 해방촌·경리단길 (primary=KEY_3)
2026-09-04 03:37:09,890 [INFO] [72/121] DDP(동대문디자인플라자) (primary=KEY_4)
2026-09-04 03:37:11,137 [INFO] [73/121] DMC(디지털미디어시티) (primary=KEY_1)
2026-09-04 03:37:12,672 [INFO] [74/121] 가산디지털단지역 (primary=KEY_2)
2026-09-04 03:37:14,339 [INFO] [75/121] 강남역 (primary=KEY_3)
2026-09-04 03:37:15,716 [INFO] [76/121] 건대입구역 (primary=KEY_4)
2026-09-04 03:37:16,912 [INFO] [77/121] 고덕역 (primary=KEY_1)
2026-09-04 03:37:18,113 [INFO] [78/121] 고속터미널역 (primary=KEY_2)
2026-09-04 03:37:19,312 [INFO] [79/121] 교대역 (primary=KEY_3)
2026-09-04 03:37:21,269 [INFO] [80/121] 구로디지털단지역 (primary=KEY_4)
2026-09-04 03:37:22,734 [INFO] [81/121] 구로역 (primary=KEY_1)
2026-09-04 03:37:23,899 [INFO] [82/121] 군자역 (primary=KEY_2)
2026-09-04 03:37:24,941 [INFO] [83/121] 대림역 (primary=KEY_3)
2026-09-04 03:37:26,726 [INFO] [84/121] 동대문역 (primary=KEY_4)
2026-09-04 03:37:27,917 [INFO] [85/121] 뚝섬역 (primary=KEY_1)
2026-09-04 03:37:29,106 [INFO] [86/121] 미아사거리역 (primary=KEY_2)
2026-09-04 03:37:30,284 [INFO] [87/121] 발산역 (primary=KEY_3)
2026-09-04 03:37:31,788 [INFO] [88/121] 사당역 (primary=KEY_4)
2026-09-04 03:37:33,000 [INFO] [89/121] 삼각지역 (primary=KEY_1)
2026-09-04 03:37:34,026 [INFO] [90/121] 서울대입구역 (primary=KEY_2)
2026-09-04 03:37:35,212 [INFO] [91/121] 서울식물원·마곡나루역 (primary=KEY_3)
2026-09-04 03:37:36,542 [INFO] [92/121] 서울역 (primary=KEY_4)
2026-09-04 03:37:37,763 [INFO] [93/121] 선릉역 (primary=KEY_1)
2026-09-04 03:37:40,026 [INFO] [94/121] 성신여대입구역 (primary=KEY_2)
2026-09-04 03:37:41,075 [INFO] [95/121] 수유역 (primary=KEY_3)
2026-09-04 03:37:42,251 [INFO] [96/121] 숭례문 (primary=KEY_4)
2026-09-04 03:37:43,584 [INFO] [97/121] 시의회 앞 (primary=KEY_1)
2026-09-04 03:37:44,783 [INFO] [98/121] 신논현역·논현역 (primary=KEY_2)
2026-09-04 03:37:46,001 [INFO] [99/121] 신도림역 (primary=KEY_3)
2026-09-04 03:37:47,039 [INFO] [100/121] 신림역 (primary=KEY_4)
2026-09-04 03:37:48,081 [INFO] [101/121] 신정네거리역 (primary=KEY_1)
2026-09-04 03:37:49,266 [INFO] [102/121] 신촌·이대역 (primary=KEY_2)
2026-09-04 03:37:50,444 [INFO] [103/121] 쌍문역 (primary=KEY_3)
2026-09-04 03:37:51,630 [INFO] [104/121] 양재역 (primary=KEY_4)
2026-09-04 03:37:53,724 [INFO] [105/121] 역삼역 (primary=KEY_1)
2026-09-04 03:37:55,942 [INFO] [106/121] 연신내역 (primary=KEY_2)
2026-09-04 03:37:57,974 [INFO] [107/121] 오목교역·목동운동장 (primary=KEY_3)
2026-09-04 03:37:59,611 [INFO] [108/121] 왕십리역 (primary=KEY_4)
2026-09-04 03:38:00,824 [INFO] [109/121] 용산역 (primary=KEY_1)
2026-09-04 03:38:02,158 [INFO] [110/121] 이태원역 (primary=KEY_2)
2026-09-04 03:38:03,208 [INFO] [111/121] 잠실새내역 (primary=KEY_3)
2026-09-04 03:38:04,387 [INFO] [112/121] 잠실역 (primary=KEY_4)
2026-09-04 03:38:05,726 [INFO] [113/121] 장지역 (primary=KEY_1)
2026-09-04 03:38:07,180 [INFO] [114/121] 장한평역 (primary=KEY_2)
2026-09-04 03:38:08,379 [INFO] [115/121] 천호역 (primary=KEY_3)
2026-09-04 03:38:09,586 [INFO] [116/121] 총신대입구(이수)역 (primary=KEY_4)
2026-09-04 03:38:11,662 [INFO] [117/121] 충정로역 (primary=KEY_1)
2026-09-04 03:38:12,862 [INFO] [118/121] 합정역 (primary=KEY_2)
2026-09-04 03:38:14,094 [INFO] [119/121] 혜화역 (primary=KEY_3)
2026-09-04 03:38:15,280 [INFO] [120/121] 홍대입구역(2호선) (primary=KEY_4)
2026-09-04 03:38:17,358 [INFO] [121/121] 회기역 (primary=KEY_1)
2026-09-04 03:38:18,897 [INFO] === 수집 완료 | 성공 121, 실패 0 ===
2026-09-04 03:38:18,897 [INFO] 카테고리별 저장 결과:
2026-09-04 03:38:18,898 [INFO]    area_meta                 | 신규   121행 | 누적    121행 | 5컬럼
2026-09-04 03:38:18,898 [INFO]    bike                      | 신규    11행 | 누적     11행 | 12컬럼
2026-09-04 03:38:18,898 [INFO]    bike_sbike_stts           | 신규   544행 | 누적    544행 | 12컬럼
2026-09-04 03:38:18,898 [INFO]    bus                       | 신규     3행 | 누적      3행 | 11컬럼
2026-09-04 03:38:18,898 [INFO]    bus_bus_stn_stts          | 신규  1745행 | 누적   1745행 | 11컬럼
2026-09-04 03:38:18,898 [INFO]    charger                   | 신규     4행 | 누적      4행 | 15컬럼
2026-09-04 03:38:18,898 [INFO]    charger_charger_stts      | 신규  1931행 | 누적   1931행 | 15컬럼
2026-09-04 03:38:18,898 [INFO]    cmrcl                     | 신규    82행 | 누적     82행 | 20컬럼
2026-09-04 03:38:18,898 [INFO]    events                    | 신규    13행 | 누적     13행 | 14컬럼
2026-09-04 03:38:18,898 [INFO]    events_event_stts         | 신규   111행 | 누적    111행 | 14컬럼
2026-09-04 03:38:18,898 [INFO]    parking                   | 신규     6행 | 누적      6행 | 21컬럼
2026-09-04 03:38:18,898 [INFO]    parking_prk_stts          | 신규  1827행 | 누적   1827행 | 21컬럼
2026-09-04 03:38:18,898 [INFO]    ppltn                     | 신규   120행 | 누적    120행 | 26컬럼
2026-09-04 03:38:18,898 [INFO]    road                      | 신규   121행 | 누적    121행 | 21컬럼
2026-09-04 03:38:18,898 [INFO]    road_road_traffic_stts    | 신규  5293행 | 누적   5293행 | 17컬럼
2026-09-04 03:38:18,898 [INFO]    subway                    | 신규    38행 | 누적     38행 | 12컬럼
2026-09-04 03:38:18,898 [INFO]    subway_sub_stts           | 신규   183행 | 누적    183행 | 12컬럼
2026-09-04 03:38:18,898 [INFO]    weather                   | 신규   119행 | 누적    119행 | 29컬럼
2026-09-04 03:38:18,898 [INFO] 키별 사용량:
2026-09-04 03:38:18,898 [INFO]    🟢 KEY_1 (31/1000) 
2026-09-04 03:38:18,898 [INFO]    🟢 KEY_2 (30/1000) 
2026-09-04 03:38:18,898 [INFO]    🟢 KEY_3 (30/1000) 
2026-09-04 03:38:18,898 [INFO]    🟢 KEY_4 (30/1000) 
