2026-09-27 02:06:36,475 [INFO] 등록된 키: 4개, 합산 한도 4,000건/일
2026-09-27 02:06:36,476 [INFO] POI 로드: 매뉴얼 v8.5 기준 fallback 121개 (121개 전체)
2026-09-27 02:06:36,476 [INFO] === 수집 시작 2026-09-27T02:06:36.476633+09:00 ===
2026-09-27 02:06:36,476 [INFO] 대상 장소: 121개 | API: citydata (통합)
2026-09-27 02:06:36,476 [INFO] 키 풀: 4/4 활성 | 오늘 사용 0/4000건
2026-09-27 02:06:36,476 [INFO]   [KEY_1] 담당 31장소
2026-09-27 02:06:36,476 [INFO]   [KEY_2] 담당 30장소
2026-09-27 02:06:36,477 [INFO]   [KEY_3] 담당 30장소
2026-09-27 02:06:36,477 [INFO]   [KEY_4] 담당 30장소
2026-09-27 02:06:36,477 [INFO] [1/121] 경복궁 (primary=KEY_1)
2026-09-27 02:06:38,545 [INFO] [2/121] 광화문·덕수궁 (primary=KEY_2)
2026-09-27 02:06:41,210 [INFO] [3/121] 보신각 (primary=KEY_3)
2026-09-27 02:06:43,620 [INFO] [4/121] 서울 암사동 유적 (primary=KEY_4)
2026-09-27 02:06:45,656 [INFO] [5/121] 창덕궁·종묘 (primary=KEY_1)
2026-09-27 02:06:46,951 [INFO] [6/121] 강남 MICE 관광특구 (primary=KEY_2)
2026-09-27 02:06:49,046 [INFO] [7/121] 동대문 관광특구 (primary=KEY_3)
2026-09-27 02:06:51,344 [INFO] [8/121] 명동 관광특구 (primary=KEY_4)
2026-09-27 02:06:53,074 [INFO] [9/121] 이태원 관광특구 (primary=KEY_1)
2026-09-27 02:06:55,046 [INFO] [10/121] 잠실 관광특구 (primary=KEY_2)
2026-09-27 02:06:56,850 [INFO] [11/121] 종로·청계 관광특구 (primary=KEY_3)
2026-09-27 02:06:59,505 [INFO] [12/121] 홍대 관광특구 (primary=KEY_4)
2026-09-27 02:07:01,759 [INFO] [13/121] 강서한강공원 (primary=KEY_1)
2026-09-27 02:07:03,979 [INFO] [14/121] 고척돔 (primary=KEY_2)
2026-09-27 02:07:05,095 [INFO] [15/121] 광나루한강공원 (primary=KEY_3)
2026-09-27 02:07:07,310 [INFO] [16/121] 광화문광장 (primary=KEY_4)
2026-09-27 02:07:08,611 [INFO] [17/121] 국립중앙박물관·용산가족공원 (primary=KEY_1)
2026-09-27 02:07:10,846 [INFO] [18/121] 난지한강공원 (primary=KEY_2)
2026-09-27 02:07:11,964 [INFO] [19/121] 남산공원 (primary=KEY_3)
2026-09-27 02:07:14,593 [INFO] [20/121] 노들섬 (primary=KEY_4)
2026-09-27 02:07:16,821 [INFO] [21/121] 뚝섬한강공원 (primary=KEY_1)
2026-09-27 02:07:18,888 [INFO] [22/121] 망원한강공원 (primary=KEY_2)
2026-09-27 02:07:21,138 [INFO] [23/121] 반포한강공원 (primary=KEY_3)
2026-09-27 02:07:23,025 [INFO] [24/121] 보라매공원 (primary=KEY_4)
2026-09-27 02:07:25,058 [INFO] [25/121] 북서울꿈의숲 (primary=KEY_1)
2026-09-27 02:07:27,504 [INFO] [26/121] 서대문독립공원 (primary=KEY_2)
2026-09-27 02:07:28,640 [INFO] [27/121] 서리풀공원·몽마르뜨공원 (primary=KEY_3)
2026-09-27 02:07:30,529 [INFO] [28/121] 서울대공원 (primary=KEY_4)
2026-09-27 02:07:32,410 [INFO] [29/121] 서울숲공원 (primary=KEY_1)
2026-09-27 02:07:34,486 [INFO] [30/121] 송현녹지광장 (primary=KEY_2)
2026-09-27 02:07:36,580 [INFO] [31/121] 아차산 (primary=KEY_3)
2026-09-27 02:07:37,698 [INFO] [32/121] 안양천 (primary=KEY_4)
2026-09-27 02:07:38,830 [INFO] [33/121] 양화한강공원 (primary=KEY_1)
2026-09-27 02:07:40,675 [INFO] [34/121] 어린이대공원 (primary=KEY_2)
2026-09-27 02:07:42,019 [INFO] [35/121] 여의도한강공원 (primary=KEY_3)
2026-09-27 02:07:43,321 [INFO] [36/121] 여의서로 (primary=KEY_4)
2026-09-27 02:07:45,199 [INFO] [37/121] 올림픽공원 (primary=KEY_1)
2026-09-27 02:07:46,531 [INFO] [38/121] 월드컵공원 (primary=KEY_2)
2026-09-27 02:07:49,256 [INFO] [39/121] 응봉산 (primary=KEY_3)
2026-09-27 02:07:50,578 [INFO] [40/121] 이촌한강공원 (primary=KEY_4)
2026-09-27 02:07:51,694 [INFO] [41/121] 잠실종합운동장 (primary=KEY_1)
2026-09-27 02:07:52,823 [INFO] [42/121] 잠실한강공원 (primary=KEY_2)
2026-09-27 02:07:55,060 [INFO] [43/121] 잠원한강공원 (primary=KEY_3)
2026-09-27 02:07:56,198 [INFO] [44/121] 청계산 (primary=KEY_4)
2026-09-27 02:07:58,072 [INFO] [45/121] 홍제폭포 (primary=KEY_1)
2026-09-27 02:08:00,111 [INFO] [46/121] 가락시장 (primary=KEY_2)
2026-09-27 02:08:02,170 [INFO] [47/121] 가로수길 (primary=KEY_3)
2026-09-27 02:08:04,442 [INFO] [48/121] 광장(전통)시장 (primary=KEY_4)
2026-09-27 02:08:05,583 [INFO] [49/121] 김포공항 (primary=KEY_1)
2026-09-27 02:08:07,845 [INFO] [50/121] 남대문시장 (primary=KEY_2)
2026-09-27 02:08:09,143 [INFO] [51/121] 노량진 (primary=KEY_3)
2026-09-27 02:08:11,390 [INFO] [52/121] 덕수궁길·정동길 (primary=KEY_4)
2026-09-27 02:08:12,732 [INFO] [53/121] 북창동 먹자골목 (primary=KEY_1)
2026-09-27 02:08:14,033 [INFO] [54/121] 북촌한옥마을 (primary=KEY_2)
2026-09-27 02:08:15,543 [INFO] [55/121] 서촌 (primary=KEY_3)
2026-09-27 02:08:16,865 [INFO] [56/121] 성수카페거리 (primary=KEY_4)
2026-09-27 02:08:18,417 [INFO] [57/121] 송리단길·호수단길 (primary=KEY_1)
2026-09-27 02:08:20,502 [INFO] [58/121] 신촌 스타광장 (primary=KEY_2)
2026-09-27 02:08:21,632 [INFO] [59/121] 압구정로데오거리 (primary=KEY_3)
2026-09-27 02:08:22,950 [INFO] [60/121] 여의도 (primary=KEY_4)
2026-09-27 02:08:26,193 [INFO] [61/121] 연남동 (primary=KEY_1)
2026-09-27 02:08:27,531 [INFO] [62/121] 영등포 타임스퀘어 (primary=KEY_2)
2026-09-27 02:08:28,844 [INFO] [63/121] 용리단길 (primary=KEY_3)
2026-09-27 02:08:30,771 [INFO] [64/121] 이태원 앤틱가구거리 (primary=KEY_4)
2026-09-27 02:08:31,932 [INFO] [65/121] 익선동 (primary=KEY_1)
2026-09-27 02:08:33,245 [INFO] [66/121] 인사동 (primary=KEY_2)
2026-09-27 02:08:34,795 [INFO] [67/121] 잠실롯데타워·석촌호수 (primary=KEY_3)
2026-09-27 02:08:36,504 [INFO] [68/121] 창동 신경제 중심지 (primary=KEY_4)
2026-09-27 02:08:38,251 [INFO] [69/121] 청담동 명품거리 (primary=KEY_1)
2026-09-27 02:08:40,109 [INFO] [70/121] 청량리 제기동 일대 전통시장 (primary=KEY_2)
2026-09-27 02:08:41,459 [INFO] [71/121] 해방촌·경리단길 (primary=KEY_3)
2026-09-27 02:08:42,729 [INFO] [72/121] DDP(동대문디자인플라자) (primary=KEY_4)
2026-09-27 02:08:44,059 [INFO] [73/121] DMC(디지털미디어시티) (primary=KEY_1)
2026-09-27 02:08:45,822 [INFO] [74/121] 가산디지털단지역 (primary=KEY_2)
2026-09-27 02:08:47,707 [INFO] [75/121] 강남역 (primary=KEY_3)
2026-09-27 02:08:49,288 [INFO] [76/121] 건대입구역 (primary=KEY_4)
2026-09-27 02:08:51,365 [INFO] [77/121] 고덕역 (primary=KEY_1)
2026-09-27 02:08:52,759 [INFO] [78/121] 고속터미널역 (primary=KEY_2)
2026-09-27 02:08:54,124 [INFO] [79/121] 교대역 (primary=KEY_3)
2026-09-27 02:08:55,259 [INFO] [80/121] 구로디지털단지역 (primary=KEY_4)
2026-09-27 02:08:56,980 [INFO] [81/121] 구로역 (primary=KEY_1)
2026-09-27 02:08:58,281 [INFO] [82/121] 군자역 (primary=KEY_2)
2026-09-27 02:08:59,441 [INFO] [83/121] 대림역 (primary=KEY_3)
2026-09-27 02:09:00,792 [INFO] [84/121] 동대문역 (primary=KEY_4)
2026-09-27 02:09:02,119 [INFO] [85/121] 뚝섬역 (primary=KEY_1)
2026-09-27 02:09:03,421 [INFO] [86/121] 미아사거리역 (primary=KEY_2)
2026-09-27 02:09:04,774 [INFO] [87/121] 발산역 (primary=KEY_3)
2026-09-27 02:09:06,462 [INFO] [88/121] 사당역 (primary=KEY_4)
2026-09-27 02:09:07,826 [INFO] [89/121] 삼각지역 (primary=KEY_1)
2026-09-27 02:09:08,953 [INFO] [90/121] 서울대입구역 (primary=KEY_2)
2026-09-27 02:09:10,290 [INFO] [91/121] 서울식물원·마곡나루역 (primary=KEY_3)
2026-09-27 02:09:11,824 [INFO] [92/121] 서울역 (primary=KEY_4)
2026-09-27 02:09:13,186 [INFO] [93/121] 선릉역 (primary=KEY_1)
2026-09-27 02:09:14,923 [INFO] [94/121] 성신여대입구역 (primary=KEY_2)
2026-09-27 02:09:16,054 [INFO] [95/121] 수유역 (primary=KEY_3)
2026-09-27 02:09:17,397 [INFO] [96/121] 숭례문 (primary=KEY_4)
2026-09-27 02:09:18,741 [INFO] [97/121] 시의회 앞 (primary=KEY_1)
2026-09-27 02:09:20,085 [INFO] [98/121] 신논현역·논현역 (primary=KEY_2)
2026-09-27 02:09:21,427 [INFO] [99/121] 신도림역 (primary=KEY_3)
2026-09-27 02:09:22,553 [INFO] [100/121] 신림역 (primary=KEY_4)
2026-09-27 02:09:23,718 [INFO] [101/121] 신정네거리역 (primary=KEY_1)
2026-09-27 02:09:25,072 [INFO] [102/121] 신촌·이대역 (primary=KEY_2)
2026-09-27 02:09:26,437 [INFO] [103/121] 쌍문역 (primary=KEY_3)
2026-09-27 02:09:27,747 [INFO] [104/121] 양재역 (primary=KEY_4)
2026-09-27 02:09:29,073 [INFO] [105/121] 역삼역 (primary=KEY_1)
2026-09-27 02:09:30,564 [INFO] [106/121] 연신내역 (primary=KEY_2)
2026-09-27 02:09:31,726 [INFO] [107/121] 오목교역·목동운동장 (primary=KEY_3)
2026-09-27 02:09:33,635 [INFO] [108/121] 왕십리역 (primary=KEY_4)
2026-09-27 02:09:34,972 [INFO] [109/121] 용산역 (primary=KEY_1)
2026-09-27 02:09:36,514 [INFO] [110/121] 이태원역 (primary=KEY_2)
2026-09-27 02:09:37,644 [INFO] [111/121] 잠실새내역 (primary=KEY_3)
2026-09-27 02:09:38,990 [INFO] [112/121] 잠실역 (primary=KEY_4)
2026-09-27 02:09:40,580 [INFO] [113/121] 장지역 (primary=KEY_1)
2026-09-27 02:09:42,081 [INFO] [114/121] 장한평역 (primary=KEY_2)
2026-09-27 02:09:43,427 [INFO] [115/121] 천호역 (primary=KEY_3)
2026-09-27 02:09:44,748 [INFO] [116/121] 총신대입구(이수)역 (primary=KEY_4)
2026-09-27 02:09:46,088 [INFO] [117/121] 충정로역 (primary=KEY_1)
2026-09-27 02:09:47,456 [INFO] [118/121] 합정역 (primary=KEY_2)
2026-09-27 02:09:48,775 [INFO] [119/121] 혜화역 (primary=KEY_3)
2026-09-27 02:09:50,102 [INFO] [120/121] 홍대입구역(2호선) (primary=KEY_4)
2026-09-27 02:09:51,434 [INFO] [121/121] 회기역 (primary=KEY_1)
2026-09-27 02:09:53,223 [INFO] === 수집 완료 | 성공 121, 실패 0 ===
2026-09-27 02:09:53,223 [INFO] 카테고리별 저장 결과:
2026-09-27 02:09:53,223 [INFO]    accident                  | 신규     1행 | 누적      1행 | 16컬럼
2026-09-27 02:09:53,223 [INFO]    accident_acdnt_cntrl_stts | 신규     2행 | 누적      2행 | 16컬럼
2026-09-27 02:09:53,223 [INFO]    area_meta                 | 신규   121행 | 누적    121행 | 5컬럼
2026-09-27 02:09:53,223 [INFO]    bike                      | 신규    11행 | 누적     11행 | 12컬럼
2026-09-27 02:09:53,223 [INFO]    bike_sbike_stts           | 신규   575행 | 누적    575행 | 12컬럼
2026-09-27 02:09:53,223 [INFO]    bus                       | 신규     3행 | 누적      3행 | 11컬럼
2026-09-27 02:09:53,223 [INFO]    bus_bus_stn_stts          | 신규  1745행 | 누적   1745행 | 11컬럼
2026-09-27 02:09:53,223 [INFO]    charger                   | 신규     4행 | 누적      4행 | 15컬럼
2026-09-27 02:09:53,223 [INFO]    charger_charger_stts      | 신규  1921행 | 누적   1921행 | 15컬럼
2026-09-27 02:09:53,223 [INFO]    cmrcl                     | 신규    82행 | 누적     82행 | 20컬럼
2026-09-27 02:09:53,223 [INFO]    events                    | 신규    12행 | 누적     12행 | 14컬럼
2026-09-27 02:09:53,223 [INFO]    events_event_stts         | 신규   120행 | 누적    120행 | 14컬럼
2026-09-27 02:09:53,223 [INFO]    parking                   | 신규     6행 | 누적      6행 | 21컬럼
2026-09-27 02:09:53,223 [INFO]    parking_prk_stts          | 신규  1832행 | 누적   1832행 | 21컬럼
2026-09-27 02:09:53,223 [INFO]    ppltn                     | 신규   121행 | 누적    121행 | 26컬럼
2026-09-27 02:09:53,224 [INFO]    road                      | 신규   121행 | 누적    121행 | 21컬럼
2026-09-27 02:09:53,224 [INFO]    road_road_traffic_stts    | 신규  5303행 | 누적   5303행 | 17컬럼
2026-09-27 02:09:53,224 [INFO]    subway                    | 신규    38행 | 누적     38행 | 12컬럼
2026-09-27 02:09:53,224 [INFO]    subway_sub_stts           | 신규   183행 | 누적    183행 | 13컬럼
2026-09-27 02:09:53,224 [INFO]    weather                   | 신규   119행 | 누적    119행 | 29컬럼
2026-09-27 02:09:53,224 [INFO] 키별 사용량:
2026-09-27 02:09:53,224 [INFO]    🟢 KEY_1 (31/1000) 
2026-09-27 02:09:53,224 [INFO]    🟢 KEY_2 (30/1000) 
2026-09-27 02:09:53,224 [INFO]    🟢 KEY_3 (30/1000) 
2026-09-27 02:09:53,224 [INFO]    🟢 KEY_4 (30/1000) 
2026-09-27 04:49:42,188 [INFO] 등록된 키: 4개, 합산 한도 4,000건/일
2026-09-27 04:49:42,189 [INFO] POI 로드: 매뉴얼 v8.5 기준 fallback 121개 (121개 전체)
2026-09-27 04:49:42,189 [INFO] === 수집 시작 2026-09-27T04:49:42.189265+09:00 ===
2026-09-27 04:49:42,189 [INFO] 대상 장소: 121개 | API: citydata (통합)
2026-09-27 04:49:42,189 [INFO] 키 풀: 4/4 활성 | 오늘 사용 0/4000건
2026-09-27 04:49:42,189 [INFO]   [KEY_1] 담당 31장소
2026-09-27 04:49:42,189 [INFO]   [KEY_2] 담당 30장소
2026-09-27 04:49:42,189 [INFO]   [KEY_3] 담당 30장소
2026-09-27 04:49:42,189 [INFO]   [KEY_4] 담당 30장소
2026-09-27 04:49:42,189 [INFO] [1/121] 경복궁 (primary=KEY_1)
2026-09-27 04:49:43,962 [INFO] [2/121] 광화문·덕수궁 (primary=KEY_2)
2026-09-27 04:49:46,040 [INFO] [3/121] 보신각 (primary=KEY_3)
2026-09-27 04:49:47,236 [INFO] [4/121] 서울 암사동 유적 (primary=KEY_4)
2026-09-27 04:49:48,401 [INFO] [5/121] 창덕궁·종묘 (primary=KEY_1)
2026-09-27 04:49:51,056 [INFO] [6/121] 강남 MICE 관광특구 (primary=KEY_2)
2026-09-27 04:49:52,825 [INFO] [7/121] 동대문 관광특구 (primary=KEY_3)
2026-09-27 04:49:54,186 [INFO] [8/121] 명동 관광특구 (primary=KEY_4)
2026-09-27 04:49:57,087 [INFO] [9/121] 이태원 관광특구 (primary=KEY_1)
2026-09-27 04:49:59,159 [INFO] [10/121] 잠실 관광특구 (primary=KEY_2)
2026-09-27 04:50:00,675 [INFO] [11/121] 종로·청계 관광특구 (primary=KEY_3)
2026-09-27 04:50:02,022 [INFO] [12/121] 홍대 관광특구 (primary=KEY_4)
2026-09-27 04:50:03,390 [INFO] [13/121] 강서한강공원 (primary=KEY_1)
2026-09-27 04:50:04,575 [INFO] [14/121] 고척돔 (primary=KEY_2)
2026-09-27 04:50:05,589 [INFO] [15/121] 광나루한강공원 (primary=KEY_3)
2026-09-27 04:50:06,734 [INFO] [16/121] 광화문광장 (primary=KEY_4)
2026-09-27 04:50:07,899 [INFO] [17/121] 국립중앙박물관·용산가족공원 (primary=KEY_1)
2026-09-27 04:50:08,926 [INFO] [18/121] 난지한강공원 (primary=KEY_2)
2026-09-27 04:50:09,939 [INFO] [19/121] 남산공원 (primary=KEY_3)
2026-09-27 04:50:11,299 [INFO] [20/121] 노들섬 (primary=KEY_4)
2026-09-27 04:50:12,301 [INFO] [21/121] 뚝섬한강공원 (primary=KEY_1)
2026-09-27 04:50:13,322 [INFO] [22/121] 망원한강공원 (primary=KEY_2)
2026-09-27 04:50:14,481 [INFO] [23/121] 반포한강공원 (primary=KEY_3)
2026-09-27 04:50:15,496 [INFO] [24/121] 보라매공원 (primary=KEY_4)
2026-09-27 04:50:16,524 [INFO] [25/121] 북서울꿈의숲 (primary=KEY_1)
2026-09-27 04:50:17,716 [INFO] [26/121] 서대문독립공원 (primary=KEY_2)
2026-09-27 04:50:18,739 [INFO] [27/121] 서리풀공원·몽마르뜨공원 (primary=KEY_3)
2026-09-27 04:50:19,775 [INFO] [28/121] 서울대공원 (primary=KEY_4)
2026-09-27 04:50:20,782 [INFO] [29/121] 서울숲공원 (primary=KEY_1)
2026-09-27 04:50:21,942 [INFO] [30/121] 송현녹지광장 (primary=KEY_2)
2026-09-27 04:50:23,274 [INFO] [31/121] 아차산 (primary=KEY_3)
2026-09-27 04:50:24,288 [INFO] [32/121] 안양천 (primary=KEY_4)
2026-09-27 04:50:25,294 [INFO] [33/121] 양화한강공원 (primary=KEY_1)
2026-09-27 04:50:26,305 [INFO] [34/121] 어린이대공원 (primary=KEY_2)
2026-09-27 04:50:27,465 [INFO] [35/121] 여의도한강공원 (primary=KEY_3)
2026-09-27 04:50:28,620 [INFO] [36/121] 여의서로 (primary=KEY_4)
2026-09-27 04:50:29,897 [INFO] [37/121] 올림픽공원 (primary=KEY_1)
2026-09-27 04:50:31,115 [INFO] [38/121] 월드컵공원 (primary=KEY_2)
2026-09-27 04:50:32,461 [INFO] [39/121] 응봉산 (primary=KEY_3)
2026-09-27 04:50:33,616 [INFO] [40/121] 이촌한강공원 (primary=KEY_4)
2026-09-27 04:50:34,626 [INFO] [41/121] 잠실종합운동장 (primary=KEY_1)
2026-09-27 04:50:35,637 [INFO] [42/121] 잠실한강공원 (primary=KEY_2)
2026-09-27 04:50:36,682 [INFO] [43/121] 잠원한강공원 (primary=KEY_3)
2026-09-27 04:50:37,701 [INFO] [44/121] 청계산 (primary=KEY_4)
2026-09-27 04:50:38,703 [INFO] [45/121] 홍제폭포 (primary=KEY_1)
2026-09-27 04:50:39,710 [INFO] [46/121] 가락시장 (primary=KEY_2)
2026-09-27 04:50:40,898 [INFO] [47/121] 가로수길 (primary=KEY_3)
2026-09-27 04:50:42,088 [INFO] [48/121] 광장(전통)시장 (primary=KEY_4)
2026-09-27 04:50:43,113 [INFO] [49/121] 김포공항 (primary=KEY_1)
2026-09-27 04:50:44,449 [INFO] [50/121] 남대문시장 (primary=KEY_2)
2026-09-27 04:50:45,616 [INFO] [51/121] 노량진 (primary=KEY_3)
2026-09-27 04:50:46,786 [INFO] [52/121] 덕수궁길·정동길 (primary=KEY_4)
2026-09-27 04:50:47,968 [INFO] [53/121] 북창동 먹자골목 (primary=KEY_1)
2026-09-27 04:50:49,123 [INFO] [54/121] 북촌한옥마을 (primary=KEY_2)
2026-09-27 04:50:50,446 [INFO] [55/121] 서촌 (primary=KEY_3)
2026-09-27 04:50:51,598 [INFO] [56/121] 성수카페거리 (primary=KEY_4)
2026-09-27 04:50:52,914 [INFO] [57/121] 송리단길·호수단길 (primary=KEY_1)
2026-09-27 04:50:54,994 [INFO] [58/121] 신촌 스타광장 (primary=KEY_2)
2026-09-27 04:50:56,016 [INFO] [59/121] 압구정로데오거리 (primary=KEY_3)
2026-09-27 04:50:57,776 [INFO] [60/121] 여의도 (primary=KEY_4)
2026-09-27 04:51:00,221 [INFO] [61/121] 연남동 (primary=KEY_1)
2026-09-27 04:51:01,994 [INFO] [62/121] 영등포 타임스퀘어 (primary=KEY_2)
2026-09-27 04:51:04,045 [INFO] [63/121] 용리단길 (primary=KEY_3)
2026-09-27 04:51:05,683 [INFO] [64/121] 이태원 앤틱가구거리 (primary=KEY_4)
2026-09-27 04:51:06,839 [INFO] [65/121] 익선동 (primary=KEY_1)
2026-09-27 04:51:08,152 [INFO] [66/121] 인사동 (primary=KEY_2)
2026-09-27 04:51:09,473 [INFO] [67/121] 잠실롯데타워·석촌호수 (primary=KEY_3)
2026-09-27 04:51:10,946 [INFO] [68/121] 창동 신경제 중심지 (primary=KEY_4)
2026-09-27 04:51:12,423 [INFO] [69/121] 청담동 명품거리 (primary=KEY_1)
2026-09-27 04:51:14,176 [INFO] [70/121] 청량리 제기동 일대 전통시장 (primary=KEY_2)
2026-09-27 04:51:15,339 [INFO] [71/121] 해방촌·경리단길 (primary=KEY_3)
2026-09-27 04:51:16,408 [INFO] [72/121] DDP(동대문디자인플라자) (primary=KEY_4)
2026-09-27 04:51:17,585 [INFO] [73/121] DMC(디지털미디어시티) (primary=KEY_1)
2026-09-27 04:51:19,067 [INFO] [74/121] 가산디지털단지역 (primary=KEY_2)
2026-09-27 04:51:20,697 [INFO] [75/121] 강남역 (primary=KEY_3)
2026-09-27 04:51:22,033 [INFO] [76/121] 건대입구역 (primary=KEY_4)
2026-09-27 04:51:23,210 [INFO] [77/121] 고덕역 (primary=KEY_1)
2026-09-27 04:51:24,374 [INFO] [78/121] 고속터미널역 (primary=KEY_2)
2026-09-27 04:51:25,557 [INFO] [79/121] 교대역 (primary=KEY_3)
2026-09-27 04:51:26,587 [INFO] [80/121] 구로디지털단지역 (primary=KEY_4)
2026-09-27 04:51:28,049 [INFO] [81/121] 구로역 (primary=KEY_1)
2026-09-27 04:51:29,207 [INFO] [82/121] 군자역 (primary=KEY_2)
2026-09-27 04:51:30,382 [INFO] [83/121] 대림역 (primary=KEY_3)
2026-09-27 04:51:31,556 [INFO] [84/121] 동대문역 (primary=KEY_4)
2026-09-27 04:51:32,794 [INFO] [85/121] 뚝섬역 (primary=KEY_1)
2026-09-27 04:51:33,978 [INFO] [86/121] 미아사거리역 (primary=KEY_2)
2026-09-27 04:51:35,157 [INFO] [87/121] 발산역 (primary=KEY_3)
2026-09-27 04:51:36,634 [INFO] [88/121] 사당역 (primary=KEY_4)
2026-09-27 04:51:37,813 [INFO] [89/121] 삼각지역 (primary=KEY_1)
2026-09-27 04:51:38,860 [INFO] [90/121] 서울대입구역 (primary=KEY_2)
2026-09-27 04:51:40,031 [INFO] [91/121] 서울식물원·마곡나루역 (primary=KEY_3)
2026-09-27 04:51:41,358 [INFO] [92/121] 서울역 (primary=KEY_4)
2026-09-27 04:51:42,707 [INFO] [93/121] 선릉역 (primary=KEY_1)
2026-09-27 04:51:44,196 [INFO] [94/121] 성신여대입구역 (primary=KEY_2)
2026-09-27 04:51:45,235 [INFO] [95/121] 수유역 (primary=KEY_3)
2026-09-27 04:51:46,402 [INFO] [96/121] 숭례문 (primary=KEY_4)
2026-09-27 04:51:47,586 [INFO] [97/121] 시의회 앞 (primary=KEY_1)
2026-09-27 04:51:48,762 [INFO] [98/121] 신논현역·논현역 (primary=KEY_2)
2026-09-27 04:51:49,974 [INFO] [99/121] 신도림역 (primary=KEY_3)
2026-09-27 04:51:51,013 [INFO] [100/121] 신림역 (primary=KEY_4)
2026-09-27 04:51:52,045 [INFO] [101/121] 신정네거리역 (primary=KEY_1)
2026-09-27 04:51:53,228 [INFO] [102/121] 신촌·이대역 (primary=KEY_2)
2026-09-27 04:51:54,398 [INFO] [103/121] 쌍문역 (primary=KEY_3)
2026-09-27 04:51:55,571 [INFO] [104/121] 양재역 (primary=KEY_4)
2026-09-27 04:51:56,746 [INFO] [105/121] 역삼역 (primary=KEY_1)
2026-09-27 04:51:58,062 [INFO] [106/121] 연신내역 (primary=KEY_2)
2026-09-27 04:51:59,101 [INFO] [107/121] 오목교역·목동운동장 (primary=KEY_3)
2026-09-27 04:52:00,728 [INFO] [108/121] 왕십리역 (primary=KEY_4)
2026-09-27 04:52:01,967 [INFO] [109/121] 용산역 (primary=KEY_1)
2026-09-27 04:52:03,279 [INFO] [110/121] 이태원역 (primary=KEY_2)
2026-09-27 04:52:04,386 [INFO] [111/121] 잠실새내역 (primary=KEY_3)
2026-09-27 04:52:05,559 [INFO] [112/121] 잠실역 (primary=KEY_4)
2026-09-27 04:52:06,956 [INFO] [113/121] 장지역 (primary=KEY_1)
2026-09-27 04:52:08,280 [INFO] [114/121] 장한평역 (primary=KEY_2)
2026-09-27 04:52:09,458 [INFO] [115/121] 천호역 (primary=KEY_3)
2026-09-27 04:52:10,645 [INFO] [116/121] 총신대입구(이수)역 (primary=KEY_4)
2026-09-27 04:52:11,831 [INFO] [117/121] 충정로역 (primary=KEY_1)
2026-09-27 04:52:12,997 [INFO] [118/121] 합정역 (primary=KEY_2)
2026-09-27 04:52:14,187 [INFO] [119/121] 혜화역 (primary=KEY_3)
2026-09-27 04:52:15,365 [INFO] [120/121] 홍대입구역(2호선) (primary=KEY_4)
2026-09-27 04:52:16,550 [INFO] [121/121] 회기역 (primary=KEY_1)
2026-09-27 04:52:18,534 [INFO] === 수집 완료 | 성공 121, 실패 0 ===
2026-09-27 04:52:18,534 [INFO] 카테고리별 저장 결과:
2026-09-27 04:52:18,534 [INFO]    accident                  | 신규     1행 | 누적      2행 | 16컬럼
2026-09-27 04:52:18,534 [INFO]    accident_acdnt_cntrl_stts | 신규     2행 | 누적      4행 | 16컬럼
2026-09-27 04:52:18,534 [INFO]    area_meta                 | 신규   121행 | 누적    242행 | 5컬럼
2026-09-27 04:52:18,534 [INFO]    bike                      | 신규    11행 | 누적     22행 | 12컬럼
2026-09-27 04:52:18,534 [INFO]    bike_sbike_stts           | 신규   575행 | 누적   1150행 | 12컬럼
2026-09-27 04:52:18,534 [INFO]    bus                       | 신규     3행 | 누적      6행 | 11컬럼
2026-09-27 04:52:18,534 [INFO]    bus_bus_stn_stts          | 신규  1745행 | 누적   3490행 | 11컬럼
2026-09-27 04:52:18,534 [INFO]    charger                   | 신규     4행 | 누적      8행 | 15컬럼
2026-09-27 04:52:18,534 [INFO]    charger_charger_stts      | 신규  1921행 | 누적   3816행 | 15컬럼
2026-09-27 04:52:18,535 [INFO]    cmrcl                     | 신규    82행 | 누적    164행 | 20컬럼
2026-09-27 04:52:18,535 [INFO]    events                    | 신규    12행 | 누적     24행 | 14컬럼
2026-09-27 04:52:18,535 [INFO]    events_event_stts         | 신규   120행 | 누적    240행 | 14컬럼
2026-09-27 04:52:18,535 [INFO]    parking                   | 신규     6행 | 누적     12행 | 21컬럼
2026-09-27 04:52:18,535 [INFO]    parking_prk_stts          | 신규  1832행 | 누적   3664행 | 21컬럼
2026-09-27 04:52:18,535 [INFO]    ppltn                     | 신규   121행 | 누적    242행 | 26컬럼
2026-09-27 04:52:18,535 [INFO]    road                      | 신규   121행 | 누적    242행 | 21컬럼
2026-09-27 04:52:18,535 [INFO]    road_road_traffic_stts    | 신규  5303행 | 누적  10606행 | 17컬럼
2026-09-27 04:52:18,535 [INFO]    subway                    | 신규    38행 | 누적     76행 | 13컬럼
2026-09-27 04:52:18,535 [INFO]    subway_sub_stts           | 신규   183행 | 누적    366행 | 13컬럼
2026-09-27 04:52:18,535 [INFO]    weather                   | 신규   119행 | 누적    238행 | 29컬럼
2026-09-27 04:52:18,535 [INFO] 키별 사용량:
2026-09-27 04:52:18,535 [INFO]    🟢 KEY_1 (31/1000) 
2026-09-27 04:52:18,535 [INFO]    🟢 KEY_2 (30/1000) 
2026-09-27 04:52:18,535 [INFO]    🟢 KEY_3 (30/1000) 
2026-09-27 04:52:18,535 [INFO]    🟢 KEY_4 (30/1000) 
2026-09-27 07:42:47,483 [INFO] 등록된 키: 4개, 합산 한도 4,000건/일
2026-09-27 07:42:47,484 [INFO] POI 로드: 매뉴얼 v8.5 기준 fallback 121개 (121개 전체)
2026-09-27 07:42:47,484 [INFO] === 수집 시작 2026-09-27T07:42:47.484098+09:00 ===
2026-09-27 07:42:47,484 [INFO] 대상 장소: 121개 | API: citydata (통합)
2026-09-27 07:42:47,484 [INFO] 키 풀: 4/4 활성 | 오늘 사용 0/4000건
2026-09-27 07:42:47,484 [INFO]   [KEY_1] 담당 31장소
2026-09-27 07:42:47,484 [INFO]   [KEY_2] 담당 30장소
2026-09-27 07:42:47,484 [INFO]   [KEY_3] 담당 30장소
2026-09-27 07:42:47,484 [INFO]   [KEY_4] 담당 30장소
2026-09-27 07:42:47,484 [INFO] [1/121] 경복궁 (primary=KEY_1)
2026-09-27 07:42:49,353 [INFO] [2/121] 광화문·덕수궁 (primary=KEY_2)
2026-09-27 07:42:51,091 [INFO] [3/121] 보신각 (primary=KEY_3)
2026-09-27 07:42:53,273 [INFO] [4/121] 서울 암사동 유적 (primary=KEY_4)
2026-09-27 07:42:54,485 [INFO] [5/121] 창덕궁·종묘 (primary=KEY_1)
2026-09-27 07:42:56,337 [INFO] [6/121] 강남 MICE 관광특구 (primary=KEY_2)
2026-09-27 07:42:57,761 [INFO] [7/121] 동대문 관광특구 (primary=KEY_3)
2026-09-27 07:43:00,026 [INFO] [8/121] 명동 관광특구 (primary=KEY_4)
2026-09-27 07:43:01,845 [INFO] [9/121] 이태원 관광특구 (primary=KEY_1)
2026-09-27 07:43:04,112 [INFO] [10/121] 잠실 관광특구 (primary=KEY_2)
2026-09-27 07:43:05,910 [INFO] [11/121] 종로·청계 관광특구 (primary=KEY_3)
2026-09-27 07:43:08,214 [INFO] [12/121] 홍대 관광특구 (primary=KEY_4)
2026-09-27 07:43:09,677 [INFO] [13/121] 강서한강공원 (primary=KEY_1)
2026-09-27 07:43:10,899 [INFO] [14/121] 고척돔 (primary=KEY_2)
2026-09-27 07:43:12,127 [INFO] [15/121] 광나루한강공원 (primary=KEY_3)
2026-09-27 07:43:13,510 [INFO] [16/121] 광화문광장 (primary=KEY_4)
2026-09-27 07:43:14,916 [INFO] [17/121] 국립중앙박물관·용산가족공원 (primary=KEY_1)
2026-09-27 07:43:16,007 [INFO] [18/121] 난지한강공원 (primary=KEY_2)
2026-09-27 07:43:17,057 [INFO] [19/121] 남산공원 (primary=KEY_3)
2026-09-27 07:43:18,496 [INFO] [20/121] 노들섬 (primary=KEY_4)
2026-09-27 07:43:19,552 [INFO] [21/121] 뚝섬한강공원 (primary=KEY_1)
2026-09-27 07:43:20,614 [INFO] [22/121] 망원한강공원 (primary=KEY_2)
2026-09-27 07:43:21,865 [INFO] [23/121] 반포한강공원 (primary=KEY_3)
2026-09-27 07:43:23,116 [INFO] [24/121] 보라매공원 (primary=KEY_4)
2026-09-27 07:43:24,850 [INFO] [25/121] 북서울꿈의숲 (primary=KEY_1)
2026-09-27 07:43:26,082 [INFO] [26/121] 서대문독립공원 (primary=KEY_2)
2026-09-27 07:43:27,158 [INFO] [27/121] 서리풀공원·몽마르뜨공원 (primary=KEY_3)
2026-09-27 07:43:28,408 [INFO] [28/121] 서울대공원 (primary=KEY_4)
2026-09-27 07:43:29,466 [INFO] [29/121] 서울숲공원 (primary=KEY_1)
2026-09-27 07:43:30,712 [INFO] [30/121] 송현녹지광장 (primary=KEY_2)
2026-09-27 07:43:31,937 [INFO] [31/121] 아차산 (primary=KEY_3)
2026-09-27 07:43:32,994 [INFO] [32/121] 안양천 (primary=KEY_4)
2026-09-27 07:43:34,063 [INFO] [33/121] 양화한강공원 (primary=KEY_1)
2026-09-27 07:43:35,118 [INFO] [34/121] 어린이대공원 (primary=KEY_2)
2026-09-27 07:43:36,395 [INFO] [35/121] 여의도한강공원 (primary=KEY_3)
2026-09-27 07:43:37,622 [INFO] [36/121] 여의서로 (primary=KEY_4)
2026-09-27 07:43:39,003 [INFO] [37/121] 올림픽공원 (primary=KEY_1)
2026-09-27 07:43:40,246 [INFO] [38/121] 월드컵공원 (primary=KEY_2)
2026-09-27 07:43:41,634 [INFO] [39/121] 응봉산 (primary=KEY_3)
2026-09-27 07:43:42,844 [INFO] [40/121] 이촌한강공원 (primary=KEY_4)
2026-09-27 07:43:43,887 [INFO] [41/121] 잠실종합운동장 (primary=KEY_1)
2026-09-27 07:43:44,963 [INFO] [42/121] 잠실한강공원 (primary=KEY_2)
2026-09-27 07:43:46,036 [INFO] [43/121] 잠원한강공원 (primary=KEY_3)
2026-09-27 07:43:47,086 [INFO] [44/121] 청계산 (primary=KEY_4)
2026-09-27 07:43:48,128 [INFO] [45/121] 홍제폭포 (primary=KEY_1)
2026-09-27 07:43:49,178 [INFO] [46/121] 가락시장 (primary=KEY_2)
2026-09-27 07:43:50,425 [INFO] [47/121] 가로수길 (primary=KEY_3)
2026-09-27 07:43:51,704 [INFO] [48/121] 광장(전통)시장 (primary=KEY_4)
2026-09-27 07:43:52,773 [INFO] [49/121] 김포공항 (primary=KEY_1)
2026-09-27 07:43:54,179 [INFO] [50/121] 남대문시장 (primary=KEY_2)
2026-09-27 07:43:55,413 [INFO] [51/121] 노량진 (primary=KEY_3)
2026-09-27 07:43:56,668 [INFO] [52/121] 덕수궁길·정동길 (primary=KEY_4)
2026-09-27 07:43:57,937 [INFO] [53/121] 북창동 먹자골목 (primary=KEY_1)
2026-09-27 07:43:59,148 [INFO] [54/121] 북촌한옥마을 (primary=KEY_2)
2026-09-27 07:44:01,515 [INFO] [55/121] 서촌 (primary=KEY_3)
2026-09-27 07:44:02,730 [INFO] [56/121] 성수카페거리 (primary=KEY_4)
2026-09-27 07:44:04,128 [INFO] [57/121] 송리단길·호수단길 (primary=KEY_1)
2026-09-27 07:44:05,386 [INFO] [58/121] 신촌 스타광장 (primary=KEY_2)
2026-09-27 07:44:06,461 [INFO] [59/121] 압구정로데오거리 (primary=KEY_3)
2026-09-27 07:44:07,689 [INFO] [60/121] 여의도 (primary=KEY_4)
2026-09-27 07:44:09,636 [INFO] [61/121] 연남동 (primary=KEY_1)
2026-09-27 07:44:11,514 [INFO] [62/121] 영등포 타임스퀘어 (primary=KEY_2)
2026-09-27 07:44:12,730 [INFO] [63/121] 용리단길 (primary=KEY_3)
2026-09-27 07:44:13,821 [INFO] [64/121] 이태원 앤틱가구거리 (primary=KEY_4)
2026-09-27 07:44:15,060 [INFO] [65/121] 익선동 (primary=KEY_1)
2026-09-27 07:44:16,342 [INFO] [66/121] 인사동 (primary=KEY_2)
2026-09-27 07:44:17,769 [INFO] [67/121] 잠실롯데타워·석촌호수 (primary=KEY_3)
2026-09-27 07:44:19,369 [INFO] [68/121] 창동 신경제 중심지 (primary=KEY_4)
2026-09-27 07:44:20,967 [INFO] [69/121] 청담동 명품거리 (primary=KEY_1)
2026-09-27 07:44:22,210 [INFO] [70/121] 청량리 제기동 일대 전통시장 (primary=KEY_2)
2026-09-27 07:44:23,612 [INFO] [71/121] 해방촌·경리단길 (primary=KEY_3)
2026-09-27 07:44:24,697 [INFO] [72/121] DDP(동대문디자인플라자) (primary=KEY_4)
2026-09-27 07:44:25,942 [INFO] [73/121] DMC(디지털미디어시티) (primary=KEY_1)
2026-09-27 07:44:27,543 [INFO] [74/121] 가산디지털단지역 (primary=KEY_2)
2026-09-27 07:44:29,289 [INFO] [75/121] 강남역 (primary=KEY_3)
2026-09-27 07:44:30,701 [INFO] [76/121] 건대입구역 (primary=KEY_4)
2026-09-27 07:44:31,964 [INFO] [77/121] 고덕역 (primary=KEY_1)
2026-09-27 07:44:33,190 [INFO] [78/121] 고속터미널역 (primary=KEY_2)
2026-09-27 07:44:34,440 [INFO] [79/121] 교대역 (primary=KEY_3)
2026-09-27 07:44:35,677 [INFO] [80/121] 구로디지털단지역 (primary=KEY_4)
2026-09-27 07:44:37,247 [INFO] [81/121] 구로역 (primary=KEY_1)
2026-09-27 07:44:39,289 [INFO] [82/121] 군자역 (primary=KEY_2)
2026-09-27 07:44:40,513 [INFO] [83/121] 대림역 (primary=KEY_3)
2026-09-27 07:44:41,769 [INFO] [84/121] 동대문역 (primary=KEY_4)
2026-09-27 07:44:43,012 [INFO] [85/121] 뚝섬역 (primary=KEY_1)
2026-09-27 07:44:44,263 [INFO] [86/121] 미아사거리역 (primary=KEY_2)
2026-09-27 07:44:45,497 [INFO] [87/121] 발산역 (primary=KEY_3)
2026-09-27 07:44:47,062 [INFO] [88/121] 사당역 (primary=KEY_4)
2026-09-27 07:44:48,303 [INFO] [89/121] 삼각지역 (primary=KEY_1)
2026-09-27 07:44:49,529 [INFO] [90/121] 서울대입구역 (primary=KEY_2)
2026-09-27 07:44:50,764 [INFO] [91/121] 서울식물원·마곡나루역 (primary=KEY_3)
2026-09-27 07:44:52,168 [INFO] [92/121] 서울역 (primary=KEY_4)
2026-09-27 07:44:53,615 [INFO] [93/121] 선릉역 (primary=KEY_1)
2026-09-27 07:44:55,184 [INFO] [94/121] 성신여대입구역 (primary=KEY_2)
2026-09-27 07:44:56,276 [INFO] [95/121] 수유역 (primary=KEY_3)
2026-09-27 07:44:57,494 [INFO] [96/121] 숭례문 (primary=KEY_4)
2026-09-27 07:44:58,745 [INFO] [97/121] 시의회 앞 (primary=KEY_1)
2026-09-27 07:44:59,974 [INFO] [98/121] 신논현역·논현역 (primary=KEY_2)
2026-09-27 07:45:01,231 [INFO] [99/121] 신도림역 (primary=KEY_3)
2026-09-27 07:45:02,300 [INFO] [100/121] 신림역 (primary=KEY_4)
2026-09-27 07:45:03,573 [INFO] [101/121] 신정네거리역 (primary=KEY_1)
2026-09-27 07:45:04,787 [INFO] [102/121] 신촌·이대역 (primary=KEY_2)
2026-09-27 07:45:06,004 [INFO] [103/121] 쌍문역 (primary=KEY_3)
2026-09-27 07:45:07,223 [INFO] [104/121] 양재역 (primary=KEY_4)
2026-09-27 07:45:08,441 [INFO] [105/121] 역삼역 (primary=KEY_1)
2026-09-27 07:45:10,579 [INFO] [106/121] 연신내역 (primary=KEY_2)
2026-09-27 07:45:11,668 [INFO] [107/121] 오목교역·목동운동장 (primary=KEY_3)
2026-09-27 07:45:13,379 [INFO] [108/121] 왕십리역 (primary=KEY_4)
2026-09-27 07:45:14,767 [INFO] [109/121] 용산역 (primary=KEY_1)
2026-09-27 07:45:16,141 [INFO] [110/121] 이태원역 (primary=KEY_2)
2026-09-27 07:45:17,194 [INFO] [111/121] 잠실새내역 (primary=KEY_3)
2026-09-27 07:45:18,411 [INFO] [112/121] 잠실역 (primary=KEY_4)
2026-09-27 07:45:19,830 [INFO] [113/121] 장지역 (primary=KEY_1)
2026-09-27 07:45:21,219 [INFO] [114/121] 장한평역 (primary=KEY_2)
2026-09-27 07:45:22,452 [INFO] [115/121] 천호역 (primary=KEY_3)
2026-09-27 07:45:23,675 [INFO] [116/121] 총신대입구(이수)역 (primary=KEY_4)
2026-09-27 07:45:24,891 [INFO] [117/121] 충정로역 (primary=KEY_1)
2026-09-27 07:45:26,139 [INFO] [118/121] 합정역 (primary=KEY_2)
2026-09-27 07:45:27,351 [INFO] [119/121] 혜화역 (primary=KEY_3)
2026-09-27 07:45:28,577 [INFO] [120/121] 홍대입구역(2호선) (primary=KEY_4)
2026-09-27 07:45:29,805 [INFO] [121/121] 회기역 (primary=KEY_1)
2026-09-27 07:45:31,616 [INFO] === 수집 완료 | 성공 121, 실패 0 ===
2026-09-27 07:45:31,616 [INFO] 카테고리별 저장 결과:
2026-09-27 07:45:31,616 [INFO]    accident                  | 신규     1행 | 누적      3행 | 16컬럼
2026-09-27 07:45:31,616 [INFO]    accident_acdnt_cntrl_stts | 신규     2행 | 누적      6행 | 16컬럼
2026-09-27 07:45:31,616 [INFO]    area_meta                 | 신규   121행 | 누적    363행 | 5컬럼
2026-09-27 07:45:31,616 [INFO]    bike                      | 신규    11행 | 누적     33행 | 12컬럼
2026-09-27 07:45:31,616 [INFO]    bike_sbike_stts           | 신규   575행 | 누적   1725행 | 12컬럼
2026-09-27 07:45:31,616 [INFO]    bus                       | 신규     3행 | 누적      9행 | 11컬럼
2026-09-27 07:45:31,616 [INFO]    bus_bus_stn_stts          | 신규  1745행 | 누적   5235행 | 11컬럼
2026-09-27 07:45:31,616 [INFO]    charger                   | 신규     4행 | 누적     12행 | 15컬럼
2026-09-27 07:45:31,616 [INFO]    charger_charger_stts      | 신규  1921행 | 누적   5724행 | 15컬럼
2026-09-27 07:45:31,616 [INFO]    cmrcl                     | 신규    82행 | 누적    246행 | 20컬럼
2026-09-27 07:45:31,616 [INFO]    events                    | 신규    12행 | 누적     36행 | 14컬럼
2026-09-27 07:45:31,616 [INFO]    events_event_stts         | 신규   109행 | 누적    349행 | 14컬럼
2026-09-27 07:45:31,616 [INFO]    parking                   | 신규     6행 | 누적     18행 | 21컬럼
2026-09-27 07:45:31,616 [INFO]    parking_prk_stts          | 신규  1832행 | 누적   5496행 | 21컬럼
2026-09-27 07:45:31,616 [INFO]    ppltn                     | 신규   121행 | 누적    363행 | 26컬럼
2026-09-27 07:45:31,616 [INFO]    road                      | 신규   121행 | 누적    363행 | 21컬럼
2026-09-27 07:45:31,616 [INFO]    road_road_traffic_stts    | 신규  5303행 | 누적  15909행 | 17컬럼
2026-09-27 07:45:31,616 [INFO]    subway                    | 신규    38행 | 누적    114행 | 13컬럼
2026-09-27 07:45:31,616 [INFO]    subway_sub_stts           | 신규   183행 | 누적    549행 | 13컬럼
2026-09-27 07:45:31,616 [INFO]    weather                   | 신규   119행 | 누적    357행 | 29컬럼
2026-09-27 07:45:31,616 [INFO] 키별 사용량:
2026-09-27 07:45:31,616 [INFO]    🟢 KEY_1 (31/1000) 
2026-09-27 07:45:31,616 [INFO]    🟢 KEY_2 (30/1000) 
2026-09-27 07:45:31,616 [INFO]    🟢 KEY_3 (30/1000) 
2026-09-27 07:45:31,616 [INFO]    🟢 KEY_4 (30/1000) 
2026-09-27 10:21:41,483 [INFO] 등록된 키: 4개, 합산 한도 4,000건/일
2026-09-27 10:21:41,484 [INFO] POI 로드: 매뉴얼 v8.5 기준 fallback 121개 (121개 전체)
2026-09-27 10:21:41,484 [INFO] === 수집 시작 2026-09-27T10:21:41.484586+09:00 ===
2026-09-27 10:21:41,484 [INFO] 대상 장소: 121개 | API: citydata (통합)
2026-09-27 10:21:41,484 [INFO] 키 풀: 4/4 활성 | 오늘 사용 0/4000건
2026-09-27 10:21:41,484 [INFO]   [KEY_1] 담당 31장소
2026-09-27 10:21:41,484 [INFO]   [KEY_2] 담당 30장소
2026-09-27 10:21:41,484 [INFO]   [KEY_3] 담당 30장소
2026-09-27 10:21:41,484 [INFO]   [KEY_4] 담당 30장소
2026-09-27 10:21:41,485 [INFO] [1/121] 경복궁 (primary=KEY_1)
2026-09-27 10:21:44,453 [INFO] [2/121] 광화문·덕수궁 (primary=KEY_2)
2026-09-27 10:21:45,936 [INFO] [3/121] 보신각 (primary=KEY_3)
2026-09-27 10:21:47,971 [INFO] [4/121] 서울 암사동 유적 (primary=KEY_4)
2026-09-27 10:21:49,131 [INFO] [5/121] 창덕궁·종묘 (primary=KEY_1)
2026-09-27 10:21:50,282 [INFO] [6/121] 강남 MICE 관광특구 (primary=KEY_2)
2026-09-27 10:21:51,472 [INFO] [7/121] 동대문 관광특구 (primary=KEY_3)
2026-09-27 10:21:53,437 [INFO] [8/121] 명동 관광특구 (primary=KEY_4)
2026-09-27 10:21:54,990 [INFO] [9/121] 이태원 관광특구 (primary=KEY_1)
2026-09-27 10:21:56,919 [INFO] [10/121] 잠실 관광특구 (primary=KEY_2)
2026-09-27 10:21:59,184 [INFO] [11/121] 종로·청계 관광특구 (primary=KEY_3)
2026-09-27 10:22:00,556 [INFO] [12/121] 홍대 관광특구 (primary=KEY_4)
2026-09-27 10:22:01,912 [INFO] [13/121] 강서한강공원 (primary=KEY_1)
2026-09-27 10:22:02,908 [INFO] [14/121] 고척돔 (primary=KEY_2)
2026-09-27 10:22:03,917 [INFO] [15/121] 광나루한강공원 (primary=KEY_3)
2026-09-27 10:22:05,068 [INFO] [16/121] 광화문광장 (primary=KEY_4)
2026-09-27 10:22:06,220 [INFO] [17/121] 국립중앙박물관·용산가족공원 (primary=KEY_1)
2026-09-27 10:22:07,223 [INFO] [18/121] 난지한강공원 (primary=KEY_2)
2026-09-27 10:22:08,225 [INFO] [19/121] 남산공원 (primary=KEY_3)
2026-09-27 10:22:09,559 [INFO] [20/121] 노들섬 (primary=KEY_4)
2026-09-27 10:22:10,566 [INFO] [21/121] 뚝섬한강공원 (primary=KEY_1)
2026-09-27 10:22:11,618 [INFO] [22/121] 망원한강공원 (primary=KEY_2)
2026-09-27 10:22:12,782 [INFO] [23/121] 반포한강공원 (primary=KEY_3)
2026-09-27 10:22:13,786 [INFO] [24/121] 보라매공원 (primary=KEY_4)
2026-09-27 10:22:14,814 [INFO] [25/121] 북서울꿈의숲 (primary=KEY_1)
2026-09-27 10:22:15,976 [INFO] [26/121] 서대문독립공원 (primary=KEY_2)
2026-09-27 10:22:16,982 [INFO] [27/121] 서리풀공원·몽마르뜨공원 (primary=KEY_3)
2026-09-27 10:22:18,141 [INFO] [28/121] 서울대공원 (primary=KEY_4)
2026-09-27 10:22:19,138 [INFO] [29/121] 서울숲공원 (primary=KEY_1)
2026-09-27 10:22:20,313 [INFO] [30/121] 송현녹지광장 (primary=KEY_2)
2026-09-27 10:22:21,477 [INFO] [31/121] 아차산 (primary=KEY_3)
2026-09-27 10:22:22,495 [INFO] [32/121] 안양천 (primary=KEY_4)
2026-09-27 10:22:23,501 [INFO] [33/121] 양화한강공원 (primary=KEY_1)
2026-09-27 10:22:24,518 [INFO] [34/121] 어린이대공원 (primary=KEY_2)
2026-09-27 10:22:25,709 [INFO] [35/121] 여의도한강공원 (primary=KEY_3)
2026-09-27 10:22:27,467 [INFO] [36/121] 여의서로 (primary=KEY_4)
2026-09-27 10:22:28,608 [INFO] [37/121] 올림픽공원 (primary=KEY_1)
2026-09-27 10:22:29,866 [INFO] [38/121] 월드컵공원 (primary=KEY_2)
2026-09-27 10:22:31,216 [INFO] [39/121] 응봉산 (primary=KEY_3)
2026-09-27 10:22:32,381 [INFO] [40/121] 이촌한강공원 (primary=KEY_4)
2026-09-27 10:22:33,399 [INFO] [41/121] 잠실종합운동장 (primary=KEY_1)
2026-09-27 10:22:34,431 [INFO] [42/121] 잠실한강공원 (primary=KEY_2)
2026-09-27 10:22:35,464 [INFO] [43/121] 잠원한강공원 (primary=KEY_3)
2026-09-27 10:22:36,472 [INFO] [44/121] 청계산 (primary=KEY_4)
2026-09-27 10:22:37,495 [INFO] [45/121] 홍제폭포 (primary=KEY_1)
2026-09-27 10:22:38,492 [INFO] [46/121] 가락시장 (primary=KEY_2)
2026-09-27 10:22:39,753 [INFO] [47/121] 가로수길 (primary=KEY_3)
2026-09-27 10:22:40,960 [INFO] [48/121] 광장(전통)시장 (primary=KEY_4)
2026-09-27 10:22:41,990 [INFO] [49/121] 김포공항 (primary=KEY_1)
2026-09-27 10:22:43,335 [INFO] [50/121] 남대문시장 (primary=KEY_2)
2026-09-27 10:22:44,517 [INFO] [51/121] 노량진 (primary=KEY_3)
2026-09-27 10:22:45,703 [INFO] [52/121] 덕수궁길·정동길 (primary=KEY_4)
2026-09-27 10:22:46,864 [INFO] [53/121] 북창동 먹자골목 (primary=KEY_1)
2026-09-27 10:22:48,028 [INFO] [54/121] 북촌한옥마을 (primary=KEY_2)
2026-09-27 10:22:49,338 [INFO] [55/121] 서촌 (primary=KEY_3)
2026-09-27 10:22:50,524 [INFO] [56/121] 성수카페거리 (primary=KEY_4)
2026-09-27 10:22:51,870 [INFO] [57/121] 송리단길·호수단길 (primary=KEY_1)
2026-09-27 10:22:53,072 [INFO] [58/121] 신촌 스타광장 (primary=KEY_2)
2026-09-27 10:22:54,104 [INFO] [59/121] 압구정로데오거리 (primary=KEY_3)
2026-09-27 10:22:55,293 [INFO] [60/121] 여의도 (primary=KEY_4)
2026-09-27 10:22:57,133 [INFO] [61/121] 연남동 (primary=KEY_1)
2026-09-27 10:22:58,311 [INFO] [62/121] 영등포 타임스퀘어 (primary=KEY_2)
2026-09-27 10:22:59,484 [INFO] [63/121] 용리단길 (primary=KEY_3)
2026-09-27 10:23:00,528 [INFO] [64/121] 이태원 앤틱가구거리 (primary=KEY_4)
2026-09-27 10:23:01,693 [INFO] [65/121] 익선동 (primary=KEY_1)
2026-09-27 10:23:02,889 [INFO] [66/121] 인사동 (primary=KEY_2)
2026-09-27 10:23:04,241 [INFO] [67/121] 잠실롯데타워·석촌호수 (primary=KEY_3)
2026-09-27 10:23:05,755 [INFO] [68/121] 창동 신경제 중심지 (primary=KEY_4)
2026-09-27 10:23:07,239 [INFO] [69/121] 청담동 명품거리 (primary=KEY_1)
2026-09-27 10:23:08,401 [INFO] [70/121] 청량리 제기동 일대 전통시장 (primary=KEY_2)
2026-09-27 10:23:09,608 [INFO] [71/121] 해방촌·경리단길 (primary=KEY_3)
2026-09-27 10:23:10,683 [INFO] [72/121] DDP(동대문디자인플라자) (primary=KEY_4)
2026-09-27 10:23:11,919 [INFO] [73/121] DMC(디지털미디어시티) (primary=KEY_1)
2026-09-27 10:23:13,429 [INFO] [74/121] 가산디지털단지역 (primary=KEY_2)
2026-09-27 10:23:15,063 [INFO] [75/121] 강남역 (primary=KEY_3)
2026-09-27 10:23:16,411 [INFO] [76/121] 건대입구역 (primary=KEY_4)
2026-09-27 10:23:17,626 [INFO] [77/121] 고덕역 (primary=KEY_1)
2026-09-27 10:23:18,803 [INFO] [78/121] 고속터미널역 (primary=KEY_2)
2026-09-27 10:23:19,980 [INFO] [79/121] 교대역 (primary=KEY_3)
2026-09-27 10:23:21,212 [INFO] [80/121] 구로디지털단지역 (primary=KEY_4)
2026-09-27 10:23:22,692 [INFO] [81/121] 구로역 (primary=KEY_1)
2026-09-27 10:23:23,853 [INFO] [82/121] 군자역 (primary=KEY_2)
2026-09-27 10:23:25,028 [INFO] [83/121] 대림역 (primary=KEY_3)
2026-09-27 10:23:26,218 [INFO] [84/121] 동대문역 (primary=KEY_4)
2026-09-27 10:23:27,420 [INFO] [85/121] 뚝섬역 (primary=KEY_1)
2026-09-27 10:23:28,604 [INFO] [86/121] 미아사거리역 (primary=KEY_2)
2026-09-27 10:23:29,795 [INFO] [87/121] 발산역 (primary=KEY_3)
2026-09-27 10:23:31,166 [INFO] [88/121] 사당역 (primary=KEY_4)
2026-09-27 10:23:32,363 [INFO] [89/121] 삼각지역 (primary=KEY_1)
2026-09-27 10:23:33,513 [INFO] [90/121] 서울대입구역 (primary=KEY_2)
2026-09-27 10:23:34,674 [INFO] [91/121] 서울식물원·마곡나루역 (primary=KEY_3)
2026-09-27 10:23:36,016 [INFO] [92/121] 서울역 (primary=KEY_4)
2026-09-27 10:23:37,365 [INFO] [93/121] 선릉역 (primary=KEY_1)
2026-09-27 10:23:38,870 [INFO] [94/121] 성신여대입구역 (primary=KEY_2)
2026-09-27 10:23:39,903 [INFO] [95/121] 수유역 (primary=KEY_3)
2026-09-27 10:23:41,074 [INFO] [96/121] 숭례문 (primary=KEY_4)
2026-09-27 10:23:42,275 [INFO] [97/121] 시의회 앞 (primary=KEY_1)
2026-09-27 10:23:43,476 [INFO] [98/121] 신논현역·논현역 (primary=KEY_2)
2026-09-27 10:23:44,680 [INFO] [99/121] 신도림역 (primary=KEY_3)
2026-09-27 10:23:45,697 [INFO] [100/121] 신림역 (primary=KEY_4)
2026-09-27 10:23:46,884 [INFO] [101/121] 신정네거리역 (primary=KEY_1)
2026-09-27 10:23:48,058 [INFO] [102/121] 신촌·이대역 (primary=KEY_2)
2026-09-27 10:23:49,253 [INFO] [103/121] 쌍문역 (primary=KEY_3)
2026-09-27 10:23:50,432 [INFO] [104/121] 양재역 (primary=KEY_4)
2026-09-27 10:23:51,624 [INFO] [105/121] 역삼역 (primary=KEY_1)
2026-09-27 10:23:52,990 [INFO] [106/121] 연신내역 (primary=KEY_2)
2026-09-27 10:23:54,062 [INFO] [107/121] 오목교역·목동운동장 (primary=KEY_3)
2026-09-27 10:23:55,685 [INFO] [108/121] 왕십리역 (primary=KEY_4)
2026-09-27 10:23:57,050 [INFO] [109/121] 용산역 (primary=KEY_1)
2026-09-27 10:23:58,377 [INFO] [110/121] 이태원역 (primary=KEY_2)
2026-09-27 10:23:59,406 [INFO] [111/121] 잠실새내역 (primary=KEY_3)
2026-09-27 10:24:00,638 [INFO] [112/121] 잠실역 (primary=KEY_4)
2026-09-27 10:24:01,977 [INFO] [113/121] 장지역 (primary=KEY_1)
2026-09-27 10:24:03,320 [INFO] [114/121] 장한평역 (primary=KEY_2)
2026-09-27 10:24:04,502 [INFO] [115/121] 천호역 (primary=KEY_3)
2026-09-27 10:24:05,849 [INFO] [116/121] 총신대입구(이수)역 (primary=KEY_4)
2026-09-27 10:24:07,038 [INFO] [117/121] 충정로역 (primary=KEY_1)
2026-09-27 10:24:08,248 [INFO] [118/121] 합정역 (primary=KEY_2)
2026-09-27 10:24:09,445 [INFO] [119/121] 혜화역 (primary=KEY_3)
2026-09-27 10:24:10,622 [INFO] [120/121] 홍대입구역(2호선) (primary=KEY_4)
2026-09-27 10:24:11,818 [INFO] [121/121] 회기역 (primary=KEY_1)
2026-09-27 10:24:13,959 [INFO] === 수집 완료 | 성공 121, 실패 0 ===
2026-09-27 10:24:13,959 [INFO] 카테고리별 저장 결과:
2026-09-27 10:24:13,959 [INFO]    accident                  | 신규     2행 | 누적      5행 | 16컬럼
2026-09-27 10:24:13,959 [INFO]    accident_acdnt_cntrl_stts | 신규     2행 | 누적      8행 | 16컬럼
2026-09-27 10:24:13,959 [INFO]    area_meta                 | 신규   121행 | 누적    484행 | 5컬럼
2026-09-27 10:24:13,959 [INFO]    bike                      | 신규    11행 | 누적     44행 | 12컬럼
2026-09-27 10:24:13,959 [INFO]    bike_sbike_stts           | 신규   575행 | 누적   2300행 | 12컬럼
2026-09-27 10:24:13,959 [INFO]    bus                       | 신규     3행 | 누적     12행 | 11컬럼
2026-09-27 10:24:13,959 [INFO]    bus_bus_stn_stts          | 신규  1745행 | 누적   6980행 | 11컬럼
2026-09-27 10:24:13,959 [INFO]    charger                   | 신규     4행 | 누적     16행 | 15컬럼
2026-09-27 10:24:13,959 [INFO]    charger_charger_stts      | 신규  1921행 | 누적   7632행 | 15컬럼
2026-09-27 10:24:13,959 [INFO]    cmrcl                     | 신규    82행 | 누적    328행 | 20컬럼
2026-09-27 10:24:13,959 [INFO]    events                    | 신규    12행 | 누적     48행 | 14컬럼
2026-09-27 10:24:13,959 [INFO]    events_event_stts         | 신규   109행 | 누적    458행 | 14컬럼
2026-09-27 10:24:13,959 [INFO]    parking                   | 신규     6행 | 누적     24행 | 21컬럼
2026-09-27 10:24:13,959 [INFO]    parking_prk_stts          | 신규  1832행 | 누적   7328행 | 21컬럼
2026-09-27 10:24:13,959 [INFO]    ppltn                     | 신규   121행 | 누적    484행 | 26컬럼
2026-09-27 10:24:13,959 [INFO]    road                      | 신규   121행 | 누적    484행 | 21컬럼
2026-09-27 10:24:13,959 [INFO]    road_road_traffic_stts    | 신규  5303행 | 누적  21212행 | 17컬럼
2026-09-27 10:24:13,959 [INFO]    subway                    | 신규    38행 | 누적    152행 | 13컬럼
2026-09-27 10:24:13,959 [INFO]    subway_sub_stts           | 신규   183행 | 누적    732행 | 13컬럼
2026-09-27 10:24:13,959 [INFO]    weather                   | 신규   119행 | 누적    476행 | 29컬럼
2026-09-27 10:24:13,959 [INFO] 키별 사용량:
2026-09-27 10:24:13,960 [INFO]    🟢 KEY_1 (31/1000) 
2026-09-27 10:24:13,960 [INFO]    🟢 KEY_2 (30/1000) 
2026-09-27 10:24:13,960 [INFO]    🟢 KEY_3 (30/1000) 
2026-09-27 10:24:13,960 [INFO]    🟢 KEY_4 (30/1000) 
2026-09-27 17:03:21,597 [INFO] 등록된 키: 4개, 합산 한도 4,000건/일
2026-09-27 17:03:21,598 [INFO] POI 로드: 매뉴얼 v8.5 기준 fallback 121개 (121개 전체)
2026-09-27 17:03:21,598 [INFO] === 수집 시작 2026-09-27T17:03:21.598132+09:00 ===
2026-09-27 17:03:21,598 [INFO] 대상 장소: 121개 | API: citydata (통합)
2026-09-27 17:03:21,598 [INFO] 키 풀: 4/4 활성 | 오늘 사용 0/4000건
2026-09-27 17:03:21,598 [INFO]   [KEY_1] 담당 31장소
2026-09-27 17:03:21,598 [INFO]   [KEY_2] 담당 30장소
2026-09-27 17:03:21,598 [INFO]   [KEY_3] 담당 30장소
2026-09-27 17:03:21,598 [INFO]   [KEY_4] 담당 30장소
2026-09-27 17:03:21,598 [INFO] [1/121] 경복궁 (primary=KEY_1)
2026-09-27 17:03:23,425 [INFO] [2/121] 광화문·덕수궁 (primary=KEY_2)
2026-09-27 17:03:26,232 [INFO] [3/121] 보신각 (primary=KEY_3)
2026-09-27 17:03:27,374 [INFO] [4/121] 서울 암사동 유적 (primary=KEY_4)
2026-09-27 17:03:29,027 [INFO] [5/121] 창덕궁·종묘 (primary=KEY_1)
2026-09-27 17:03:30,434 [INFO] [6/121] 강남 MICE 관광특구 (primary=KEY_2)
2026-09-27 17:03:32,138 [INFO] [7/121] 동대문 관광특구 (primary=KEY_3)
2026-09-27 17:03:33,464 [INFO] [8/121] 명동 관광특구 (primary=KEY_4)
2026-09-27 17:03:35,208 [INFO] [9/121] 이태원 관광특구 (primary=KEY_1)
2026-09-27 17:03:37,006 [INFO] [10/121] 잠실 관광특구 (primary=KEY_2)
2026-09-27 17:03:39,006 [INFO] [11/121] 종로·청계 관광특구 (primary=KEY_3)
2026-09-27 17:03:40,303 [INFO] [12/121] 홍대 관광특구 (primary=KEY_4)
2026-09-27 17:03:41,726 [INFO] [13/121] 강서한강공원 (primary=KEY_1)
2026-09-27 17:03:42,706 [INFO] [14/121] 고척돔 (primary=KEY_2)
2026-09-27 17:03:44,365 [INFO] [15/121] 광나루한강공원 (primary=KEY_3)
2026-09-27 17:03:45,474 [INFO] [16/121] 광화문광장 (primary=KEY_4)
2026-09-27 17:03:46,617 [INFO] [17/121] 국립중앙박물관·용산가족공원 (primary=KEY_1)
2026-09-27 17:03:48,141 [INFO] [18/121] 난지한강공원 (primary=KEY_2)
2026-09-27 17:03:49,236 [INFO] [19/121] 남산공원 (primary=KEY_3)
2026-09-27 17:03:50,540 [INFO] [20/121] 노들섬 (primary=KEY_4)
2026-09-27 17:03:51,507 [INFO] [21/121] 뚝섬한강공원 (primary=KEY_1)
2026-09-27 17:03:52,494 [INFO] [22/121] 망원한강공원 (primary=KEY_2)
2026-09-27 17:03:53,620 [INFO] [23/121] 반포한강공원 (primary=KEY_3)
2026-09-27 17:03:54,603 [INFO] [24/121] 보라매공원 (primary=KEY_4)
2026-09-27 17:03:56,421 [INFO] [25/121] 북서울꿈의숲 (primary=KEY_1)
2026-09-27 17:03:57,562 [INFO] [26/121] 서대문독립공원 (primary=KEY_2)
2026-09-27 17:03:58,554 [INFO] [27/121] 서리풀공원·몽마르뜨공원 (primary=KEY_3)
2026-09-27 17:03:59,681 [INFO] [28/121] 서울대공원 (primary=KEY_4)
2026-09-27 17:04:00,637 [INFO] [29/121] 서울숲공원 (primary=KEY_1)
2026-09-27 17:04:01,762 [INFO] [30/121] 송현녹지광장 (primary=KEY_2)
2026-09-27 17:04:02,882 [INFO] [31/121] 아차산 (primary=KEY_3)
2026-09-27 17:04:03,850 [INFO] [32/121] 안양천 (primary=KEY_4)
2026-09-27 17:04:04,957 [INFO] [33/121] 양화한강공원 (primary=KEY_1)
2026-09-27 17:04:05,933 [INFO] [34/121] 어린이대공원 (primary=KEY_2)
2026-09-27 17:04:07,075 [INFO] [35/121] 여의도한강공원 (primary=KEY_3)
2026-09-27 17:04:08,193 [INFO] [36/121] 여의서로 (primary=KEY_4)
2026-09-27 17:04:09,440 [INFO] [37/121] 올림픽공원 (primary=KEY_1)
2026-09-27 17:04:10,757 [INFO] [38/121] 월드컵공원 (primary=KEY_2)
2026-09-27 17:04:12,049 [INFO] [39/121] 응봉산 (primary=KEY_3)
2026-09-27 17:04:13,828 [INFO] [40/121] 이촌한강공원 (primary=KEY_4)
2026-09-27 17:04:14,799 [INFO] [41/121] 잠실종합운동장 (primary=KEY_1)
2026-09-27 17:04:15,792 [INFO] [42/121] 잠실한강공원 (primary=KEY_2)
2026-09-27 17:04:16,788 [INFO] [43/121] 잠원한강공원 (primary=KEY_3)
2026-09-27 17:04:17,775 [INFO] [44/121] 청계산 (primary=KEY_4)
2026-09-27 17:04:18,747 [INFO] [45/121] 홍제폭포 (primary=KEY_1)
2026-09-27 17:04:19,714 [INFO] [46/121] 가락시장 (primary=KEY_2)
2026-09-27 17:04:20,855 [INFO] [47/121] 가로수길 (primary=KEY_3)
2026-09-27 17:04:22,006 [INFO] [48/121] 광장(전통)시장 (primary=KEY_4)
2026-09-27 17:04:22,995 [INFO] [49/121] 김포공항 (primary=KEY_1)
2026-09-27 17:04:24,258 [INFO] [50/121] 남대문시장 (primary=KEY_2)
2026-09-27 17:04:25,399 [INFO] [51/121] 노량진 (primary=KEY_3)
2026-09-27 17:04:26,541 [INFO] [52/121] 덕수궁길·정동길 (primary=KEY_4)
2026-09-27 17:04:27,686 [INFO] [53/121] 북창동 먹자골목 (primary=KEY_1)
2026-09-27 17:04:28,807 [INFO] [54/121] 북촌한옥마을 (primary=KEY_2)
2026-09-27 17:04:30,089 [INFO] [55/121] 서촌 (primary=KEY_3)
2026-09-27 17:04:31,209 [INFO] [56/121] 성수카페거리 (primary=KEY_4)
2026-09-27 17:04:32,498 [INFO] [57/121] 송리단길·호수단길 (primary=KEY_1)
2026-09-27 17:04:33,657 [INFO] [58/121] 신촌 스타광장 (primary=KEY_2)
2026-09-27 17:04:34,650 [INFO] [59/121] 압구정로데오거리 (primary=KEY_3)
2026-09-27 17:04:35,805 [INFO] [60/121] 여의도 (primary=KEY_4)
2026-09-27 17:04:37,544 [INFO] [61/121] 연남동 (primary=KEY_1)
2026-09-27 17:04:38,710 [INFO] [62/121] 영등포 타임스퀘어 (primary=KEY_2)
2026-09-27 17:04:39,832 [INFO] [63/121] 용리단길 (primary=KEY_3)
2026-09-27 17:04:40,838 [INFO] [64/121] 이태원 앤틱가구거리 (primary=KEY_4)
2026-09-27 17:04:41,959 [INFO] [65/121] 익선동 (primary=KEY_1)
2026-09-27 17:04:43,111 [INFO] [66/121] 인사동 (primary=KEY_2)
2026-09-27 17:04:44,388 [INFO] [67/121] 잠실롯데타워·석촌호수 (primary=KEY_3)
2026-09-27 17:04:45,820 [INFO] [68/121] 창동 신경제 중심지 (primary=KEY_4)
2026-09-27 17:04:47,238 [INFO] [69/121] 청담동 명품거리 (primary=KEY_1)
2026-09-27 17:04:48,377 [INFO] [70/121] 청량리 제기동 일대 전통시장 (primary=KEY_2)
2026-09-27 17:04:49,554 [INFO] [71/121] 해방촌·경리단길 (primary=KEY_3)
2026-09-27 17:04:50,540 [INFO] [72/121] DDP(동대문디자인플라자) (primary=KEY_4)
2026-09-27 17:04:51,777 [INFO] [73/121] DMC(디지털미디어시티) (primary=KEY_1)
2026-09-27 17:04:53,243 [INFO] [74/121] 가산디지털단지역 (primary=KEY_2)
2026-09-27 17:04:54,927 [INFO] [75/121] 강남역 (primary=KEY_3)
2026-09-27 17:04:57,022 [INFO] [76/121] 건대입구역 (primary=KEY_4)
2026-09-27 17:04:59,078 [INFO] [77/121] 고덕역 (primary=KEY_1)
2026-09-27 17:05:00,882 [INFO] [78/121] 고속터미널역 (primary=KEY_2)
2026-09-27 17:05:02,023 [INFO] [79/121] 교대역 (primary=KEY_3)
2026-09-27 17:05:03,855 [INFO] [80/121] 구로디지털단지역 (primary=KEY_4)
2026-09-27 17:05:06,268 [INFO] [81/121] 구로역 (primary=KEY_1)
2026-09-27 17:05:08,082 [INFO] [82/121] 군자역 (primary=KEY_2)
2026-09-27 17:05:09,232 [INFO] [83/121] 대림역 (primary=KEY_3)
2026-09-27 17:05:10,531 [INFO] [84/121] 동대문역 (primary=KEY_4)
2026-09-27 17:05:12,337 [INFO] [85/121] 뚝섬역 (primary=KEY_1)
2026-09-27 17:05:14,129 [INFO] [86/121] 미아사거리역 (primary=KEY_2)
2026-09-27 17:05:15,949 [INFO] [87/121] 발산역 (primary=KEY_3)
2026-09-27 17:05:17,343 [INFO] [88/121] 사당역 (primary=KEY_4)
2026-09-27 17:05:18,474 [INFO] [89/121] 삼각지역 (primary=KEY_1)
2026-09-27 17:05:19,719 [INFO] [90/121] 서울대입구역 (primary=KEY_2)
2026-09-27 17:05:20,836 [INFO] [91/121] 서울식물원·마곡나루역 (primary=KEY_3)
2026-09-27 17:05:22,095 [INFO] [92/121] 서울역 (primary=KEY_4)
2026-09-27 17:05:23,407 [INFO] [93/121] 선릉역 (primary=KEY_1)
2026-09-27 17:05:24,825 [INFO] [94/121] 성신여대입구역 (primary=KEY_2)
2026-09-27 17:05:25,813 [INFO] [95/121] 수유역 (primary=KEY_3)
2026-09-27 17:05:26,930 [INFO] [96/121] 숭례문 (primary=KEY_4)
2026-09-27 17:05:28,862 [INFO] [97/121] 시의회 앞 (primary=KEY_1)
2026-09-27 17:05:29,994 [INFO] [98/121] 신논현역·논현역 (primary=KEY_2)
2026-09-27 17:05:31,213 [INFO] [99/121] 신도림역 (primary=KEY_3)
2026-09-27 17:05:32,190 [INFO] [100/121] 신림역 (primary=KEY_4)
2026-09-27 17:05:33,314 [INFO] [101/121] 신정네거리역 (primary=KEY_1)
2026-09-27 17:05:34,437 [INFO] [102/121] 신촌·이대역 (primary=KEY_2)
2026-09-27 17:05:35,561 [INFO] [103/121] 쌍문역 (primary=KEY_3)
2026-09-27 17:05:36,798 [INFO] [104/121] 양재역 (primary=KEY_4)
2026-09-27 17:05:38,146 [INFO] [105/121] 역삼역 (primary=KEY_1)
2026-09-27 17:05:39,940 [INFO] [106/121] 연신내역 (primary=KEY_2)
2026-09-27 17:05:41,008 [INFO] [107/121] 오목교역·목동운동장 (primary=KEY_3)
2026-09-27 17:05:42,554 [INFO] [108/121] 왕십리역 (primary=KEY_4)
2026-09-27 17:05:43,845 [INFO] [109/121] 용산역 (primary=KEY_1)
2026-09-27 17:05:45,702 [INFO] [110/121] 이태원역 (primary=KEY_2)
2026-09-27 17:05:46,691 [INFO] [111/121] 잠실새내역 (primary=KEY_3)
2026-09-27 17:05:47,878 [INFO] [112/121] 잠실역 (primary=KEY_4)
2026-09-27 17:05:49,159 [INFO] [113/121] 장지역 (primary=KEY_1)
2026-09-27 17:05:50,553 [INFO] [114/121] 장한평역 (primary=KEY_2)
2026-09-27 17:05:51,705 [INFO] [115/121] 천호역 (primary=KEY_3)
2026-09-27 17:05:52,968 [INFO] [116/121] 총신대입구(이수)역 (primary=KEY_4)
2026-09-27 17:05:54,096 [INFO] [117/121] 충정로역 (primary=KEY_1)
2026-09-27 17:05:55,224 [INFO] [118/121] 합정역 (primary=KEY_2)
2026-09-27 17:05:56,385 [INFO] [119/121] 혜화역 (primary=KEY_3)
2026-09-27 17:05:57,509 [INFO] [120/121] 홍대입구역(2호선) (primary=KEY_4)
2026-09-27 17:05:58,642 [INFO] [121/121] 회기역 (primary=KEY_1)
2026-09-27 17:06:01,010 [INFO] === 수집 완료 | 성공 121, 실패 0 ===
2026-09-27 17:06:01,010 [INFO] 카테고리별 저장 결과:
2026-09-27 17:06:01,010 [INFO]    accident                  | 신규     3행 | 누적      8행 | 16컬럼
2026-09-27 17:06:01,010 [INFO]    accident_acdnt_cntrl_stts | 신규     2행 | 누적     10행 | 16컬럼
2026-09-27 17:06:01,010 [INFO]    area_meta                 | 신규   121행 | 누적    605행 | 5컬럼
2026-09-27 17:06:01,010 [INFO]    bike                      | 신규    11행 | 누적     55행 | 12컬럼
2026-09-27 17:06:01,010 [INFO]    bike_sbike_stts           | 신규   575행 | 누적   2875행 | 12컬럼
2026-09-27 17:06:01,010 [INFO]    bus                       | 신규     3행 | 누적     15행 | 11컬럼
2026-09-27 17:06:01,010 [INFO]    bus_bus_stn_stts          | 신규  1745행 | 누적   8725행 | 11컬럼
2026-09-27 17:06:01,010 [INFO]    charger                   | 신규     4행 | 누적     20행 | 15컬럼
2026-09-27 17:06:01,010 [INFO]    charger_charger_stts      | 신규  1921행 | 누적   9540행 | 15컬럼
2026-09-27 17:06:01,010 [INFO]    cmrcl                     | 신규    82행 | 누적    410행 | 21컬럼
2026-09-27 17:06:01,011 [INFO]    events                    | 신규    12행 | 누적     60행 | 14컬럼
2026-09-27 17:06:01,011 [INFO]    events_event_stts         | 신규   109행 | 누적    567행 | 14컬럼
2026-09-27 17:06:01,011 [INFO]    parking                   | 신규     6행 | 누적     30행 | 21컬럼
2026-09-27 17:06:01,011 [INFO]    parking_prk_stts          | 신규  1832행 | 누적   9160행 | 21컬럼
2026-09-27 17:06:01,011 [INFO]    ppltn                     | 신규   121행 | 누적    605행 | 26컬럼
2026-09-27 17:06:01,011 [INFO]    road                      | 신규   121행 | 누적    605행 | 21컬럼
2026-09-27 17:06:01,011 [INFO]    road_road_traffic_stts    | 신규  5303행 | 누적  26515행 | 17컬럼
2026-09-27 17:06:01,011 [INFO]    subway                    | 신규    38행 | 누적    190행 | 13컬럼
2026-09-27 17:06:01,011 [INFO]    subway_sub_stts           | 신규   183행 | 누적    915행 | 13컬럼
2026-09-27 17:06:01,011 [INFO]    weather                   | 신규   119행 | 누적    595행 | 29컬럼
2026-09-27 17:06:01,011 [INFO] 키별 사용량:
2026-09-27 17:06:01,011 [INFO]    🟢 KEY_1 (31/1000) 
2026-09-27 17:06:01,011 [INFO]    🟢 KEY_2 (30/1000) 
2026-09-27 17:06:01,011 [INFO]    🟢 KEY_3 (30/1000) 
2026-09-27 17:06:01,011 [INFO]    🟢 KEY_4 (30/1000) 
