2026-10-08 02:48:48,485 [INFO] 등록된 키: 4개, 합산 한도 4,000건/일
2026-10-08 02:48:48,485 [INFO] POI 로드: 매뉴얼 v8.5 기준 fallback 121개 (121개 전체)
2026-10-08 02:48:48,485 [INFO] === 수집 시작 2026-10-08T02:48:48.485910+09:00 ===
2026-10-08 02:48:48,486 [INFO] 대상 장소: 121개 | API: citydata (통합)
2026-10-08 02:48:48,486 [INFO] 키 풀: 4/4 활성 | 오늘 사용 0/4000건
2026-10-08 02:48:48,486 [INFO]   [KEY_1] 담당 31장소
2026-10-08 02:48:48,486 [INFO]   [KEY_2] 담당 30장소
2026-10-08 02:48:48,486 [INFO]   [KEY_3] 담당 30장소
2026-10-08 02:48:48,486 [INFO]   [KEY_4] 담당 30장소
2026-10-08 02:48:48,486 [INFO] [1/121] 경복궁 (primary=KEY_1)
2026-10-08 02:48:50,182 [INFO] [2/121] 광화문·덕수궁 (primary=KEY_2)
2026-10-08 02:48:52,279 [INFO] [3/121] 보신각 (primary=KEY_3)
2026-10-08 02:48:54,049 [INFO] [4/121] 서울 암사동 유적 (primary=KEY_4)
2026-10-08 02:48:55,054 [INFO] [5/121] 창덕궁·종묘 (primary=KEY_1)
2026-10-08 02:48:56,809 [INFO] [6/121] 강남 MICE 관광특구 (primary=KEY_2)
2026-10-08 02:48:57,996 [INFO] [7/121] 동대문 관광특구 (primary=KEY_3)
2026-10-08 02:48:59,398 [INFO] [8/121] 명동 관광특구 (primary=KEY_4)
2026-10-08 02:49:01,587 [INFO] [9/121] 이태원 관광특구 (primary=KEY_1)
2026-10-08 02:49:02,792 [INFO] [10/121] 잠실 관광특구 (primary=KEY_2)
2026-10-08 02:49:04,458 [INFO] [11/121] 종로·청계 관광특구 (primary=KEY_3)
2026-10-08 02:49:05,839 [INFO] [12/121] 홍대 관광특구 (primary=KEY_4)
2026-10-08 02:49:07,226 [INFO] [13/121] 강서한강공원 (primary=KEY_1)
2026-10-08 02:49:08,255 [INFO] [14/121] 고척돔 (primary=KEY_2)
2026-10-08 02:49:09,285 [INFO] [15/121] 광나루한강공원 (primary=KEY_3)
2026-10-08 02:49:10,474 [INFO] [16/121] 광화문광장 (primary=KEY_4)
2026-10-08 02:49:11,647 [INFO] [17/121] 국립중앙박물관·용산가족공원 (primary=KEY_1)
2026-10-08 02:49:12,692 [INFO] [18/121] 난지한강공원 (primary=KEY_2)
2026-10-08 02:49:13,713 [INFO] [19/121] 남산공원 (primary=KEY_3)
2026-10-08 02:49:15,638 [INFO] [20/121] 노들섬 (primary=KEY_4)
2026-10-08 02:49:16,648 [INFO] [21/121] 뚝섬한강공원 (primary=KEY_1)
2026-10-08 02:49:17,678 [INFO] [22/121] 망원한강공원 (primary=KEY_2)
2026-10-08 02:49:18,875 [INFO] [23/121] 반포한강공원 (primary=KEY_3)
2026-10-08 02:49:19,893 [INFO] [24/121] 보라매공원 (primary=KEY_4)
2026-10-08 02:49:20,919 [INFO] [25/121] 북서울꿈의숲 (primary=KEY_1)
2026-10-08 02:49:22,066 [INFO] [26/121] 서대문독립공원 (primary=KEY_2)
2026-10-08 02:49:23,123 [INFO] [27/121] 서리풀공원·몽마르뜨공원 (primary=KEY_3)
2026-10-08 02:49:24,180 [INFO] [28/121] 서울대공원 (primary=KEY_4)
2026-10-08 02:49:25,204 [INFO] [29/121] 서울숲공원 (primary=KEY_1)
2026-10-08 02:49:26,389 [INFO] [30/121] 송현녹지광장 (primary=KEY_2)
2026-10-08 02:49:27,584 [INFO] [31/121] 아차산 (primary=KEY_3)
2026-10-08 02:49:28,603 [INFO] [32/121] 안양천 (primary=KEY_4)
2026-10-08 02:49:29,620 [INFO] [33/121] 양화한강공원 (primary=KEY_1)
2026-10-08 02:49:30,639 [INFO] [34/121] 어린이대공원 (primary=KEY_2)
2026-10-08 02:49:31,831 [INFO] [35/121] 여의도한강공원 (primary=KEY_3)
2026-10-08 02:49:33,015 [INFO] [36/121] 여의서로 (primary=KEY_4)
2026-10-08 02:49:34,180 [INFO] [37/121] 올림픽공원 (primary=KEY_1)
2026-10-08 02:49:35,393 [INFO] [38/121] 월드컵공원 (primary=KEY_2)
2026-10-08 02:49:36,758 [INFO] [39/121] 응봉산 (primary=KEY_3)
2026-10-08 02:49:37,951 [INFO] [40/121] 이촌한강공원 (primary=KEY_4)
2026-10-08 02:49:38,967 [INFO] [41/121] 잠실종합운동장 (primary=KEY_1)
2026-10-08 02:49:40,007 [INFO] [42/121] 잠실한강공원 (primary=KEY_2)
2026-10-08 02:49:41,044 [INFO] [43/121] 잠원한강공원 (primary=KEY_3)
2026-10-08 02:49:42,054 [INFO] [44/121] 청계산 (primary=KEY_4)
2026-10-08 02:49:43,073 [INFO] [45/121] 홍제폭포 (primary=KEY_1)
2026-10-08 02:49:44,092 [INFO] [46/121] 가락시장 (primary=KEY_2)
2026-10-08 02:49:45,321 [INFO] [47/121] 가로수길 (primary=KEY_3)
2026-10-08 02:49:46,539 [INFO] [48/121] 광장(전통)시장 (primary=KEY_4)
2026-10-08 02:49:47,578 [INFO] [49/121] 김포공항 (primary=KEY_1)
2026-10-08 02:49:48,940 [INFO] [50/121] 남대문시장 (primary=KEY_2)
2026-10-08 02:49:50,131 [INFO] [51/121] 노량진 (primary=KEY_3)
2026-10-08 02:49:51,307 [INFO] [52/121] 덕수궁길·정동길 (primary=KEY_4)
2026-10-08 02:49:52,495 [INFO] [53/121] 북창동 먹자골목 (primary=KEY_1)
2026-10-08 02:49:53,657 [INFO] [54/121] 북촌한옥마을 (primary=KEY_2)
2026-10-08 02:49:54,974 [INFO] [55/121] 서촌 (primary=KEY_3)
2026-10-08 02:49:56,139 [INFO] [56/121] 성수카페거리 (primary=KEY_4)
2026-10-08 02:49:57,482 [INFO] [57/121] 송리단길·호수단길 (primary=KEY_1)
2026-10-08 02:49:58,682 [INFO] [58/121] 신촌 스타광장 (primary=KEY_2)
2026-10-08 02:49:59,715 [INFO] [59/121] 압구정로데오거리 (primary=KEY_3)
2026-10-08 02:50:00,897 [INFO] [60/121] 여의도 (primary=KEY_4)
2026-10-08 02:50:02,741 [INFO] [61/121] 연남동 (primary=KEY_1)
2026-10-08 02:50:04,114 [INFO] [62/121] 영등포 타임스퀘어 (primary=KEY_2)
2026-10-08 02:50:05,284 [INFO] [63/121] 용리단길 (primary=KEY_3)
2026-10-08 02:50:06,339 [INFO] [64/121] 이태원 앤틱가구거리 (primary=KEY_4)
2026-10-08 02:50:07,383 [INFO] [65/121] 익선동 (primary=KEY_1)
2026-10-08 02:50:08,556 [INFO] [66/121] 인사동 (primary=KEY_2)
2026-10-08 02:50:09,876 [INFO] [67/121] 잠실롯데타워·석촌호수 (primary=KEY_3)
2026-10-08 02:50:11,382 [INFO] [68/121] 창동 신경제 중심지 (primary=KEY_4)
2026-10-08 02:50:12,865 [INFO] [69/121] 청담동 명품거리 (primary=KEY_1)
2026-10-08 02:50:14,034 [INFO] [70/121] 청량리 제기동 일대 전통시장 (primary=KEY_2)
2026-10-08 02:50:15,223 [INFO] [71/121] 해방촌·경리단길 (primary=KEY_3)
2026-10-08 02:50:16,282 [INFO] [72/121] DDP(동대문디자인플라자) (primary=KEY_4)
2026-10-08 02:50:17,463 [INFO] [73/121] DMC(디지털미디어시티) (primary=KEY_1)
2026-10-08 02:50:18,977 [INFO] [74/121] 가산디지털단지역 (primary=KEY_2)
2026-10-08 02:50:20,603 [INFO] [75/121] 강남역 (primary=KEY_3)
2026-10-08 02:50:21,948 [INFO] [76/121] 건대입구역 (primary=KEY_4)
2026-10-08 02:50:23,127 [INFO] [77/121] 고덕역 (primary=KEY_1)
2026-10-08 02:50:24,305 [INFO] [78/121] 고속터미널역 (primary=KEY_2)
2026-10-08 02:50:25,488 [INFO] [79/121] 교대역 (primary=KEY_3)
2026-10-08 02:50:26,560 [INFO] [80/121] 구로디지털단지역 (primary=KEY_4)
2026-10-08 02:50:28,045 [INFO] [81/121] 구로역 (primary=KEY_1)
2026-10-08 02:50:29,201 [INFO] [82/121] 군자역 (primary=KEY_2)
2026-10-08 02:50:30,229 [INFO] [83/121] 대림역 (primary=KEY_3)
2026-10-08 02:50:31,410 [INFO] [84/121] 동대문역 (primary=KEY_4)
2026-10-08 02:50:32,586 [INFO] [85/121] 뚝섬역 (primary=KEY_1)
2026-10-08 02:50:33,750 [INFO] [86/121] 미아사거리역 (primary=KEY_2)
2026-10-08 02:50:34,918 [INFO] [87/121] 발산역 (primary=KEY_3)
2026-10-08 02:50:36,380 [INFO] [88/121] 사당역 (primary=KEY_4)
2026-10-08 02:50:37,553 [INFO] [89/121] 삼각지역 (primary=KEY_1)
2026-10-08 02:50:38,571 [INFO] [90/121] 서울대입구역 (primary=KEY_2)
2026-10-08 02:50:39,747 [INFO] [91/121] 서울식물원·마곡나루역 (primary=KEY_3)
2026-10-08 02:50:41,081 [INFO] [92/121] 서울역 (primary=KEY_4)
2026-10-08 02:50:42,425 [INFO] [93/121] 선릉역 (primary=KEY_1)
2026-10-08 02:50:43,926 [INFO] [94/121] 성신여대입구역 (primary=KEY_2)
2026-10-08 02:50:45,324 [INFO] [95/121] 수유역 (primary=KEY_3)
2026-10-08 02:50:46,494 [INFO] [96/121] 숭례문 (primary=KEY_4)
2026-10-08 02:50:47,683 [INFO] [97/121] 시의회 앞 (primary=KEY_1)
2026-10-08 02:50:48,866 [INFO] [98/121] 신논현역·논현역 (primary=KEY_2)
2026-10-08 02:50:50,065 [INFO] [99/121] 신도림역 (primary=KEY_3)
2026-10-08 02:50:51,092 [INFO] [100/121] 신림역 (primary=KEY_4)
2026-10-08 02:50:52,125 [INFO] [101/121] 신정네거리역 (primary=KEY_1)
2026-10-08 02:50:53,289 [INFO] [102/121] 신촌·이대역 (primary=KEY_2)
2026-10-08 02:50:54,484 [INFO] [103/121] 쌍문역 (primary=KEY_3)
2026-10-08 02:50:55,655 [INFO] [104/121] 양재역 (primary=KEY_4)
2026-10-08 02:50:56,855 [INFO] [105/121] 역삼역 (primary=KEY_1)
2026-10-08 02:50:58,184 [INFO] [106/121] 연신내역 (primary=KEY_2)
2026-10-08 02:50:59,231 [INFO] [107/121] 오목교역·목동운동장 (primary=KEY_3)
2026-10-08 02:51:00,871 [INFO] [108/121] 왕십리역 (primary=KEY_4)
2026-10-08 02:51:02,073 [INFO] [109/121] 용산역 (primary=KEY_1)
2026-10-08 02:51:03,423 [INFO] [110/121] 이태원역 (primary=KEY_2)
2026-10-08 02:51:04,442 [INFO] [111/121] 잠실새내역 (primary=KEY_3)
2026-10-08 02:51:05,693 [INFO] [112/121] 잠실역 (primary=KEY_4)
2026-10-08 02:51:07,015 [INFO] [113/121] 장지역 (primary=KEY_1)
2026-10-08 02:51:08,340 [INFO] [114/121] 장한평역 (primary=KEY_2)
2026-10-08 02:51:09,524 [INFO] [115/121] 천호역 (primary=KEY_3)
2026-10-08 02:51:10,702 [INFO] [116/121] 총신대입구(이수)역 (primary=KEY_4)
2026-10-08 02:51:11,873 [INFO] [117/121] 충정로역 (primary=KEY_1)
2026-10-08 02:51:13,052 [INFO] [118/121] 합정역 (primary=KEY_2)
2026-10-08 02:51:14,235 [INFO] [119/121] 혜화역 (primary=KEY_3)
2026-10-08 02:51:15,402 [INFO] [120/121] 홍대입구역(2호선) (primary=KEY_4)
2026-10-08 02:51:16,581 [INFO] [121/121] 회기역 (primary=KEY_1)
2026-10-08 02:51:18,206 [INFO] === 수집 완료 | 성공 121, 실패 0 ===
2026-10-08 02:51:18,206 [INFO] 카테고리별 저장 결과:
2026-10-08 02:51:18,206 [INFO]    accident                  | 신규     3행 | 누적      3행 | 16컬럼
2026-10-08 02:51:18,206 [INFO]    area_meta                 | 신규   121행 | 누적    121행 | 5컬럼
2026-10-08 02:51:18,206 [INFO]    bike                      | 신규    11행 | 누적     11행 | 12컬럼
2026-10-08 02:51:18,206 [INFO]    bike_sbike_stts           | 신규   567행 | 누적    567행 | 12컬럼
2026-10-08 02:51:18,206 [INFO]    bus                       | 신규     3행 | 누적      3행 | 11컬럼
2026-10-08 02:51:18,207 [INFO]    bus_bus_stn_stts          | 신규  1745행 | 누적   1745행 | 11컬럼
2026-10-08 02:51:18,207 [INFO]    charger                   | 신규     4행 | 누적      4행 | 15컬럼
2026-10-08 02:51:18,207 [INFO]    charger_charger_stts      | 신규  1928행 | 누적   1928행 | 15컬럼
2026-10-08 02:51:18,207 [INFO]    cmrcl                     | 신규    82행 | 누적     82행 | 20컬럼
2026-10-08 02:51:18,207 [INFO]    events                    | 신규    14행 | 누적     14행 | 14컬럼
2026-10-08 02:51:18,207 [INFO]    events_event_stts         | 신규   133행 | 누적    133행 | 14컬럼
2026-10-08 02:51:18,207 [INFO]    parking                   | 신규     6행 | 누적      6행 | 21컬럼
2026-10-08 02:51:18,207 [INFO]    parking_prk_stts          | 신규  1832행 | 누적   1832행 | 21컬럼
2026-10-08 02:51:18,207 [INFO]    ppltn                     | 신규   121행 | 누적    121행 | 26컬럼
2026-10-08 02:51:18,207 [INFO]    road                      | 신규   121행 | 누적    121행 | 21컬럼
2026-10-08 02:51:18,207 [INFO]    road_road_traffic_stts    | 신규  5304행 | 누적   5304행 | 17컬럼
2026-10-08 02:51:18,207 [INFO]    subway                    | 신규    38행 | 누적     38행 | 12컬럼
2026-10-08 02:51:18,207 [INFO]    subway_sub_stts           | 신규   183행 | 누적    183행 | 13컬럼
2026-10-08 02:51:18,207 [INFO]    weather                   | 신규   119행 | 누적    119행 | 29컬럼
2026-10-08 02:51:18,207 [INFO] 키별 사용량:
2026-10-08 02:51:18,207 [INFO]    🟢 KEY_1 (31/1000) 
2026-10-08 02:51:18,208 [INFO]    🟢 KEY_2 (30/1000) 
2026-10-08 02:51:18,208 [INFO]    🟢 KEY_3 (30/1000) 
2026-10-08 02:51:18,208 [INFO]    🟢 KEY_4 (30/1000) 
2026-10-08 08:03:23,386 [INFO] 등록된 키: 4개, 합산 한도 4,000건/일
2026-10-08 08:03:23,386 [INFO] POI 로드: 매뉴얼 v8.5 기준 fallback 121개 (121개 전체)
2026-10-08 08:03:23,386 [INFO] === 수집 시작 2026-10-08T08:03:23.386948+09:00 ===
2026-10-08 08:03:23,387 [INFO] 대상 장소: 121개 | API: citydata (통합)
2026-10-08 08:03:23,387 [INFO] 키 풀: 4/4 활성 | 오늘 사용 0/4000건
2026-10-08 08:03:23,387 [INFO]   [KEY_1] 담당 31장소
2026-10-08 08:03:23,387 [INFO]   [KEY_2] 담당 30장소
2026-10-08 08:03:23,387 [INFO]   [KEY_3] 담당 30장소
2026-10-08 08:03:23,387 [INFO]   [KEY_4] 담당 30장소
2026-10-08 08:03:23,387 [INFO] [1/121] 경복궁 (primary=KEY_1)
2026-10-08 08:03:25,261 [INFO] [2/121] 광화문·덕수궁 (primary=KEY_2)
2026-10-08 08:03:28,083 [INFO] [3/121] 보신각 (primary=KEY_3)
2026-10-08 08:03:29,256 [INFO] [4/121] 서울 암사동 유적 (primary=KEY_4)
2026-10-08 08:03:30,257 [INFO] [5/121] 창덕궁·종묘 (primary=KEY_1)
2026-10-08 08:03:32,460 [INFO] [6/121] 강남 MICE 관광특구 (primary=KEY_2)
2026-10-08 08:03:34,534 [INFO] [7/121] 동대문 관광특구 (primary=KEY_3)
2026-10-08 08:03:36,834 [INFO] [8/121] 명동 관광특구 (primary=KEY_4)
2026-10-08 08:03:38,591 [INFO] [9/121] 이태원 관광특구 (primary=KEY_1)
2026-10-08 08:03:40,612 [INFO] [10/121] 잠실 관광특구 (primary=KEY_2)
2026-10-08 08:03:42,212 [INFO] [11/121] 종로·청계 관광특구 (primary=KEY_3)
2026-10-08 08:03:44,390 [INFO] [12/121] 홍대 관광특구 (primary=KEY_4)
2026-10-08 08:03:45,754 [INFO] [13/121] 강서한강공원 (primary=KEY_1)
2026-10-08 08:03:46,761 [INFO] [14/121] 고척돔 (primary=KEY_2)
2026-10-08 08:03:47,776 [INFO] [15/121] 광나루한강공원 (primary=KEY_3)
2026-10-08 08:03:48,953 [INFO] [16/121] 광화문광장 (primary=KEY_4)
2026-10-08 08:03:50,141 [INFO] [17/121] 국립중앙박물관·용산가족공원 (primary=KEY_1)
2026-10-08 08:03:51,161 [INFO] [18/121] 난지한강공원 (primary=KEY_2)
2026-10-08 08:03:52,167 [INFO] [19/121] 남산공원 (primary=KEY_3)
2026-10-08 08:03:53,573 [INFO] [20/121] 노들섬 (primary=KEY_4)
2026-10-08 08:03:55,305 [INFO] [21/121] 뚝섬한강공원 (primary=KEY_1)
2026-10-08 08:03:56,331 [INFO] [22/121] 망원한강공원 (primary=KEY_2)
2026-10-08 08:03:57,539 [INFO] [23/121] 반포한강공원 (primary=KEY_3)
2026-10-08 08:03:58,546 [INFO] [24/121] 보라매공원 (primary=KEY_4)
2026-10-08 08:03:59,597 [INFO] [25/121] 북서울꿈의숲 (primary=KEY_1)
2026-10-08 08:04:00,776 [INFO] [26/121] 서대문독립공원 (primary=KEY_2)
2026-10-08 08:04:01,799 [INFO] [27/121] 서리풀공원·몽마르뜨공원 (primary=KEY_3)
2026-10-08 08:04:03,020 [INFO] [28/121] 서울대공원 (primary=KEY_4)
2026-10-08 08:04:04,016 [INFO] [29/121] 서울숲공원 (primary=KEY_1)
2026-10-08 08:04:05,216 [INFO] [30/121] 송현녹지광장 (primary=KEY_2)
2026-10-08 08:04:06,383 [INFO] [31/121] 아차산 (primary=KEY_3)
2026-10-08 08:04:07,405 [INFO] [32/121] 안양천 (primary=KEY_4)
2026-10-08 08:04:08,410 [INFO] [33/121] 양화한강공원 (primary=KEY_1)
2026-10-08 08:04:09,419 [INFO] [34/121] 어린이대공원 (primary=KEY_2)
2026-10-08 08:04:10,605 [INFO] [35/121] 여의도한강공원 (primary=KEY_3)
2026-10-08 08:04:11,769 [INFO] [36/121] 여의서로 (primary=KEY_4)
2026-10-08 08:04:12,926 [INFO] [37/121] 올림픽공원 (primary=KEY_1)
2026-10-08 08:04:14,281 [INFO] [38/121] 월드컵공원 (primary=KEY_2)
2026-10-08 08:04:15,640 [INFO] [39/121] 응봉산 (primary=KEY_3)
2026-10-08 08:04:16,817 [INFO] [40/121] 이촌한강공원 (primary=KEY_4)
2026-10-08 08:04:17,836 [INFO] [41/121] 잠실종합운동장 (primary=KEY_1)
2026-10-08 08:04:18,854 [INFO] [42/121] 잠실한강공원 (primary=KEY_2)
2026-10-08 08:04:19,886 [INFO] [43/121] 잠원한강공원 (primary=KEY_3)
2026-10-08 08:04:20,896 [INFO] [44/121] 청계산 (primary=KEY_4)
2026-10-08 08:04:21,897 [INFO] [45/121] 홍제폭포 (primary=KEY_1)
2026-10-08 08:04:22,902 [INFO] [46/121] 가락시장 (primary=KEY_2)
2026-10-08 08:04:24,122 [INFO] [47/121] 가로수길 (primary=KEY_3)
2026-10-08 08:04:25,319 [INFO] [48/121] 광장(전통)시장 (primary=KEY_4)
2026-10-08 08:04:26,355 [INFO] [49/121] 김포공항 (primary=KEY_1)
2026-10-08 08:04:27,678 [INFO] [50/121] 남대문시장 (primary=KEY_2)
2026-10-08 08:04:28,864 [INFO] [51/121] 노량진 (primary=KEY_3)
2026-10-08 08:04:30,041 [INFO] [52/121] 덕수궁길·정동길 (primary=KEY_4)
2026-10-08 08:04:31,256 [INFO] [53/121] 북창동 먹자골목 (primary=KEY_1)
2026-10-08 08:04:32,415 [INFO] [54/121] 북촌한옥마을 (primary=KEY_2)
2026-10-08 08:04:33,731 [INFO] [55/121] 서촌 (primary=KEY_3)
2026-10-08 08:04:34,894 [INFO] [56/121] 성수카페거리 (primary=KEY_4)
2026-10-08 08:04:36,238 [INFO] [57/121] 송리단길·호수단길 (primary=KEY_1)
2026-10-08 08:04:37,420 [INFO] [58/121] 신촌 스타광장 (primary=KEY_2)
2026-10-08 08:04:38,449 [INFO] [59/121] 압구정로데오거리 (primary=KEY_3)
2026-10-08 08:04:39,631 [INFO] [60/121] 여의도 (primary=KEY_4)
2026-10-08 08:04:41,503 [INFO] [61/121] 연남동 (primary=KEY_1)
2026-10-08 08:04:42,689 [INFO] [62/121] 영등포 타임스퀘어 (primary=KEY_2)
2026-10-08 08:04:43,847 [INFO] [63/121] 용리단길 (primary=KEY_3)
2026-10-08 08:04:44,904 [INFO] [64/121] 이태원 앤틱가구거리 (primary=KEY_4)
2026-10-08 08:04:46,087 [INFO] [65/121] 익선동 (primary=KEY_1)
2026-10-08 08:04:47,331 [INFO] [66/121] 인사동 (primary=KEY_2)
2026-10-08 08:04:48,666 [INFO] [67/121] 잠실롯데타워·석촌호수 (primary=KEY_3)
2026-10-08 08:04:50,216 [INFO] [68/121] 창동 신경제 중심지 (primary=KEY_4)
2026-10-08 08:04:51,720 [INFO] [69/121] 청담동 명품거리 (primary=KEY_1)
2026-10-08 08:04:52,924 [INFO] [70/121] 청량리 제기동 일대 전통시장 (primary=KEY_2)
2026-10-08 08:04:54,149 [INFO] [71/121] 해방촌·경리단길 (primary=KEY_3)
2026-10-08 08:04:55,172 [INFO] [72/121] DDP(동대문디자인플라자) (primary=KEY_4)
2026-10-08 08:04:56,377 [INFO] [73/121] DMC(디지털미디어시티) (primary=KEY_1)
2026-10-08 08:04:57,922 [INFO] [74/121] 가산디지털단지역 (primary=KEY_2)
2026-10-08 08:04:59,582 [INFO] [75/121] 강남역 (primary=KEY_3)
2026-10-08 08:05:00,938 [INFO] [76/121] 건대입구역 (primary=KEY_4)
2026-10-08 08:05:02,164 [INFO] [77/121] 고덕역 (primary=KEY_1)
2026-10-08 08:05:03,345 [INFO] [78/121] 고속터미널역 (primary=KEY_2)
2026-10-08 08:05:04,537 [INFO] [79/121] 교대역 (primary=KEY_3)
2026-10-08 08:05:05,747 [INFO] [80/121] 구로디지털단지역 (primary=KEY_4)
2026-10-08 08:05:07,241 [INFO] [81/121] 구로역 (primary=KEY_1)
2026-10-08 08:05:08,410 [INFO] [82/121] 군자역 (primary=KEY_2)
2026-10-08 08:05:09,573 [INFO] [83/121] 대림역 (primary=KEY_3)
2026-10-08 08:05:10,744 [INFO] [84/121] 동대문역 (primary=KEY_4)
2026-10-08 08:05:11,906 [INFO] [85/121] 뚝섬역 (primary=KEY_1)
2026-10-08 08:05:13,074 [INFO] [86/121] 미아사거리역 (primary=KEY_2)
2026-10-08 08:05:14,236 [INFO] [87/121] 발산역 (primary=KEY_3)
2026-10-08 08:05:15,704 [INFO] [88/121] 사당역 (primary=KEY_4)
2026-10-08 08:05:16,875 [INFO] [89/121] 삼각지역 (primary=KEY_1)
2026-10-08 08:05:18,057 [INFO] [90/121] 서울대입구역 (primary=KEY_2)
2026-10-08 08:05:19,220 [INFO] [91/121] 서울식물원·마곡나루역 (primary=KEY_3)
2026-10-08 08:05:20,542 [INFO] [92/121] 서울역 (primary=KEY_4)
2026-10-08 08:05:21,888 [INFO] [93/121] 선릉역 (primary=KEY_1)
2026-10-08 08:05:23,374 [INFO] [94/121] 성신여대입구역 (primary=KEY_2)
2026-10-08 08:05:24,402 [INFO] [95/121] 수유역 (primary=KEY_3)
2026-10-08 08:05:25,945 [INFO] [96/121] 숭례문 (primary=KEY_4)
2026-10-08 08:05:27,134 [INFO] [97/121] 시의회 앞 (primary=KEY_1)
2026-10-08 08:05:28,305 [INFO] [98/121] 신논현역·논현역 (primary=KEY_2)
2026-10-08 08:05:29,498 [INFO] [99/121] 신도림역 (primary=KEY_3)
2026-10-08 08:05:30,524 [INFO] [100/121] 신림역 (primary=KEY_4)
2026-10-08 08:05:31,688 [INFO] [101/121] 신정네거리역 (primary=KEY_1)
2026-10-08 08:05:32,853 [INFO] [102/121] 신촌·이대역 (primary=KEY_2)
2026-10-08 08:05:34,010 [INFO] [103/121] 쌍문역 (primary=KEY_3)
2026-10-08 08:05:35,169 [INFO] [104/121] 양재역 (primary=KEY_4)
2026-10-08 08:05:36,392 [INFO] [105/121] 역삼역 (primary=KEY_1)
2026-10-08 08:05:37,748 [INFO] [106/121] 연신내역 (primary=KEY_2)
2026-10-08 08:05:38,772 [INFO] [107/121] 오목교역·목동운동장 (primary=KEY_3)
2026-10-08 08:05:40,449 [INFO] [108/121] 왕십리역 (primary=KEY_4)
2026-10-08 08:05:41,883 [INFO] [109/121] 용산역 (primary=KEY_1)
2026-10-08 08:05:43,223 [INFO] [110/121] 이태원역 (primary=KEY_2)
2026-10-08 08:05:44,270 [INFO] [111/121] 잠실새내역 (primary=KEY_3)
2026-10-08 08:05:45,521 [INFO] [112/121] 잠실역 (primary=KEY_4)
2026-10-08 08:05:46,870 [INFO] [113/121] 장지역 (primary=KEY_1)
2026-10-08 08:05:48,236 [INFO] [114/121] 장한평역 (primary=KEY_2)
2026-10-08 08:05:49,408 [INFO] [115/121] 천호역 (primary=KEY_3)
2026-10-08 08:05:50,635 [INFO] [116/121] 총신대입구(이수)역 (primary=KEY_4)
2026-10-08 08:05:51,831 [INFO] [117/121] 충정로역 (primary=KEY_1)
2026-10-08 08:05:53,034 [INFO] [118/121] 합정역 (primary=KEY_2)
2026-10-08 08:05:54,251 [INFO] [119/121] 혜화역 (primary=KEY_3)
2026-10-08 08:05:55,416 [INFO] [120/121] 홍대입구역(2호선) (primary=KEY_4)
2026-10-08 08:05:56,730 [INFO] [121/121] 회기역 (primary=KEY_1)
2026-10-08 08:05:58,706 [INFO] === 수집 완료 | 성공 121, 실패 0 ===
2026-10-08 08:05:58,706 [INFO] 카테고리별 저장 결과:
2026-10-08 08:05:58,706 [INFO]    accident                  | 신규     5행 | 누적      8행 | 16컬럼
2026-10-08 08:05:58,706 [INFO]    area_meta                 | 신규   121행 | 누적    242행 | 5컬럼
2026-10-08 08:05:58,706 [INFO]    bike                      | 신규    11행 | 누적     22행 | 12컬럼
2026-10-08 08:05:58,706 [INFO]    bike_sbike_stts           | 신규   567행 | 누적   1134행 | 12컬럼
2026-10-08 08:05:58,706 [INFO]    bus                       | 신규     3행 | 누적      6행 | 11컬럼
2026-10-08 08:05:58,706 [INFO]    bus_bus_stn_stts          | 신규  1745행 | 누적   3490행 | 11컬럼
2026-10-08 08:05:58,706 [INFO]    charger                   | 신규     4행 | 누적      8행 | 15컬럼
2026-10-08 08:05:58,706 [INFO]    charger_charger_stts      | 신규  1928행 | 누적   3830행 | 15컬럼
2026-10-08 08:05:58,706 [INFO]    cmrcl                     | 신규    82행 | 누적    164행 | 20컬럼
2026-10-08 08:05:58,706 [INFO]    events                    | 신규    14행 | 누적     28행 | 14컬럼
2026-10-08 08:05:58,706 [INFO]    events_event_stts         | 신규   137행 | 누적    270행 | 14컬럼
2026-10-08 08:05:58,706 [INFO]    parking                   | 신규     6행 | 누적     12행 | 21컬럼
2026-10-08 08:05:58,706 [INFO]    parking_prk_stts          | 신규  1832행 | 누적   3664행 | 21컬럼
2026-10-08 08:05:58,706 [INFO]    ppltn                     | 신규   121행 | 누적    242행 | 26컬럼
2026-10-08 08:05:58,706 [INFO]    road                      | 신규   121행 | 누적    242행 | 21컬럼
2026-10-08 08:05:58,707 [INFO]    road_road_traffic_stts    | 신규  5304행 | 누적  10608행 | 17컬럼
2026-10-08 08:05:58,707 [INFO]    subway                    | 신규    38행 | 누적     76행 | 12컬럼
2026-10-08 08:05:58,707 [INFO]    subway_sub_stts           | 신규   183행 | 누적    366행 | 13컬럼
2026-10-08 08:05:58,707 [INFO]    weather                   | 신규   119행 | 누적    238행 | 29컬럼
2026-10-08 08:05:58,707 [INFO] 키별 사용량:
2026-10-08 08:05:58,707 [INFO]    🟢 KEY_1 (31/1000) 
2026-10-08 08:05:58,707 [INFO]    🟢 KEY_2 (30/1000) 
2026-10-08 08:05:58,707 [INFO]    🟢 KEY_3 (30/1000) 
2026-10-08 08:05:58,707 [INFO]    🟢 KEY_4 (30/1000) 
2026-10-08 11:41:16,708 [INFO] 등록된 키: 4개, 합산 한도 4,000건/일
2026-10-08 11:41:16,709 [INFO] POI 로드: 매뉴얼 v8.5 기준 fallback 121개 (121개 전체)
2026-10-08 11:41:16,709 [INFO] === 수집 시작 2026-10-08T11:41:16.709106+09:00 ===
2026-10-08 11:41:16,709 [INFO] 대상 장소: 121개 | API: citydata (통합)
2026-10-08 11:41:16,709 [INFO] 키 풀: 4/4 활성 | 오늘 사용 0/4000건
2026-10-08 11:41:16,709 [INFO]   [KEY_1] 담당 31장소
2026-10-08 11:41:16,709 [INFO]   [KEY_2] 담당 30장소
2026-10-08 11:41:16,709 [INFO]   [KEY_3] 담당 30장소
2026-10-08 11:41:16,709 [INFO]   [KEY_4] 담당 30장소
2026-10-08 11:41:16,709 [INFO] [1/121] 경복궁 (primary=KEY_1)
2026-10-08 11:41:19,159 [INFO] [2/121] 광화문·덕수궁 (primary=KEY_2)
2026-10-08 11:41:21,526 [INFO] [3/121] 보신각 (primary=KEY_3)
2026-10-08 11:41:23,916 [INFO] [4/121] 서울 암사동 유적 (primary=KEY_4)
2026-10-08 11:41:25,970 [INFO] [5/121] 창덕궁·종묘 (primary=KEY_1)
2026-10-08 11:41:28,022 [INFO] [6/121] 강남 MICE 관광특구 (primary=KEY_2)
2026-10-08 11:41:29,356 [INFO] [7/121] 동대문 관광특구 (primary=KEY_3)
2026-10-08 11:41:31,993 [INFO] [8/121] 명동 관광특구 (primary=KEY_4)
2026-10-08 11:41:33,788 [INFO] [9/121] 이태원 관광특구 (primary=KEY_1)
2026-10-08 11:41:36,275 [INFO] [10/121] 잠실 관광특구 (primary=KEY_2)
2026-10-08 11:41:38,166 [INFO] [11/121] 종로·청계 관광특구 (primary=KEY_3)
2026-10-08 11:41:40,871 [INFO] [12/121] 홍대 관광특구 (primary=KEY_4)
2026-10-08 11:41:42,471 [INFO] [13/121] 강서한강공원 (primary=KEY_1)
2026-10-08 11:41:44,359 [INFO] [14/121] 고척돔 (primary=KEY_2)
2026-10-08 11:41:46,583 [INFO] [15/121] 광나루한강공원 (primary=KEY_3)
2026-10-08 11:41:47,917 [INFO] [16/121] 광화문광장 (primary=KEY_4)
2026-10-08 11:41:49,233 [INFO] [17/121] 국립중앙박물관·용산가족공원 (primary=KEY_1)
2026-10-08 11:41:51,165 [INFO] [18/121] 난지한강공원 (primary=KEY_2)
2026-10-08 11:41:53,216 [INFO] [19/121] 남산공원 (primary=KEY_3)
2026-10-08 11:41:55,876 [INFO] [20/121] 노들섬 (primary=KEY_4)
2026-10-08 11:41:57,722 [INFO] [21/121] 뚝섬한강공원 (primary=KEY_1)
2026-10-08 11:41:59,574 [INFO] [22/121] 망원한강공원 (primary=KEY_2)
2026-10-08 11:42:00,879 [INFO] [23/121] 반포한강공원 (primary=KEY_3)
2026-10-08 11:42:01,980 [INFO] [24/121] 보라매공원 (primary=KEY_4)
2026-10-08 11:42:03,123 [INFO] [25/121] 북서울꿈의숲 (primary=KEY_1)
2026-10-08 11:42:04,461 [INFO] [26/121] 서대문독립공원 (primary=KEY_2)
2026-10-08 11:42:05,584 [INFO] [27/121] 서리풀공원·몽마르뜨공원 (primary=KEY_3)
2026-10-08 11:42:06,890 [INFO] [28/121] 서울대공원 (primary=KEY_4)
2026-10-08 11:42:09,130 [INFO] [29/121] 서울숲공원 (primary=KEY_1)
2026-10-08 11:42:10,468 [INFO] [30/121] 송현녹지광장 (primary=KEY_2)
2026-10-08 11:42:11,770 [INFO] [31/121] 아차산 (primary=KEY_3)
2026-10-08 11:42:13,617 [INFO] [32/121] 안양천 (primary=KEY_4)
2026-10-08 11:42:14,825 [INFO] [33/121] 양화한강공원 (primary=KEY_1)
2026-10-08 11:42:15,913 [INFO] [34/121] 어린이대공원 (primary=KEY_2)
2026-10-08 11:42:18,359 [INFO] [35/121] 여의도한강공원 (primary=KEY_3)
2026-10-08 11:42:19,660 [INFO] [36/121] 여의서로 (primary=KEY_4)
2026-10-08 11:42:21,687 [INFO] [37/121] 올림픽공원 (primary=KEY_1)
2026-10-08 11:42:23,201 [INFO] [38/121] 월드컵공원 (primary=KEY_2)
2026-10-08 11:42:24,739 [INFO] [39/121] 응봉산 (primary=KEY_3)
2026-10-08 11:42:26,059 [INFO] [40/121] 이촌한강공원 (primary=KEY_4)
2026-10-08 11:42:27,171 [INFO] [41/121] 잠실종합운동장 (primary=KEY_1)
2026-10-08 11:42:28,306 [INFO] [42/121] 잠실한강공원 (primary=KEY_2)
2026-10-08 11:42:30,196 [INFO] [43/121] 잠원한강공원 (primary=KEY_3)
2026-10-08 11:42:31,318 [INFO] [44/121] 청계산 (primary=KEY_4)
2026-10-08 11:42:32,596 [INFO] [45/121] 홍제폭포 (primary=KEY_1)
2026-10-08 11:42:33,701 [INFO] [46/121] 가락시장 (primary=KEY_2)
2026-10-08 11:42:35,034 [INFO] [47/121] 가로수길 (primary=KEY_3)
2026-10-08 11:42:36,441 [INFO] [48/121] 광장(전통)시장 (primary=KEY_4)
2026-10-08 11:42:37,566 [INFO] [49/121] 김포공항 (primary=KEY_1)
2026-10-08 11:42:39,095 [INFO] [50/121] 남대문시장 (primary=KEY_2)
2026-10-08 11:42:40,419 [INFO] [51/121] 노량진 (primary=KEY_3)
2026-10-08 11:42:41,722 [INFO] [52/121] 덕수궁길·정동길 (primary=KEY_4)
2026-10-08 11:42:43,024 [INFO] [53/121] 북창동 먹자골목 (primary=KEY_1)
2026-10-08 11:42:44,331 [INFO] [54/121] 북촌한옥마을 (primary=KEY_2)
2026-10-08 11:42:45,823 [INFO] [55/121] 서촌 (primary=KEY_3)
2026-10-08 11:42:48,043 [INFO] [56/121] 성수카페거리 (primary=KEY_4)
2026-10-08 11:42:50,325 [INFO] [57/121] 송리단길·호수단길 (primary=KEY_1)
2026-10-08 11:42:52,446 [INFO] [58/121] 신촌 스타광장 (primary=KEY_2)
2026-10-08 11:42:54,335 [INFO] [59/121] 압구정로데오거리 (primary=KEY_3)
2026-10-08 11:42:56,631 [INFO] [60/121] 여의도 (primary=KEY_4)
2026-10-08 11:42:58,794 [INFO] [61/121] 연남동 (primary=KEY_1)
2026-10-08 11:43:00,103 [INFO] [62/121] 영등포 타임스퀘어 (primary=KEY_2)
2026-10-08 11:43:01,397 [INFO] [63/121] 용리단길 (primary=KEY_3)
2026-10-08 11:43:03,670 [INFO] [64/121] 이태원 앤틱가구거리 (primary=KEY_4)
2026-10-08 11:43:05,723 [INFO] [65/121] 익선동 (primary=KEY_1)
2026-10-08 11:43:07,767 [INFO] [66/121] 인사동 (primary=KEY_2)
2026-10-08 11:43:09,307 [INFO] [67/121] 잠실롯데타워·석촌호수 (primary=KEY_3)
2026-10-08 11:43:11,022 [INFO] [68/121] 창동 신경제 중심지 (primary=KEY_4)
2026-10-08 11:43:13,872 [INFO] [69/121] 청담동 명품거리 (primary=KEY_1)
2026-10-08 11:43:15,210 [INFO] [70/121] 청량리 제기동 일대 전통시장 (primary=KEY_2)
2026-10-08 11:43:17,266 [INFO] [71/121] 해방촌·경리단길 (primary=KEY_3)
2026-10-08 11:43:18,444 [INFO] [72/121] DDP(동대문디자인플라자) (primary=KEY_4)
2026-10-08 11:43:19,801 [INFO] [73/121] DMC(디지털미디어시티) (primary=KEY_1)
2026-10-08 11:43:22,311 [INFO] [74/121] 가산디지털단지역 (primary=KEY_2)
2026-10-08 11:43:24,960 [INFO] [75/121] 강남역 (primary=KEY_3)
2026-10-08 11:43:26,590 [INFO] [76/121] 건대입구역 (primary=KEY_4)
2026-10-08 11:43:27,937 [INFO] [77/121] 고덕역 (primary=KEY_1)
2026-10-08 11:43:30,041 [INFO] [78/121] 고속터미널역 (primary=KEY_2)
2026-10-08 11:43:32,460 [INFO] [79/121] 교대역 (primary=KEY_3)
2026-10-08 11:43:34,567 [INFO] [80/121] 구로디지털단지역 (primary=KEY_4)
2026-10-08 11:43:36,231 [INFO] [81/121] 구로역 (primary=KEY_1)
2026-10-08 11:43:38,473 [INFO] [82/121] 군자역 (primary=KEY_2)
2026-10-08 11:43:39,807 [INFO] [83/121] 대림역 (primary=KEY_3)
2026-10-08 11:43:42,092 [INFO] [84/121] 동대문역 (primary=KEY_4)
2026-10-08 11:43:43,536 [INFO] [85/121] 뚝섬역 (primary=KEY_1)
2026-10-08 11:43:44,860 [INFO] [86/121] 미아사거리역 (primary=KEY_2)
2026-10-08 11:43:46,186 [INFO] [87/121] 발산역 (primary=KEY_3)
2026-10-08 11:43:47,877 [INFO] [88/121] 사당역 (primary=KEY_4)
2026-10-08 11:43:49,199 [INFO] [89/121] 삼각지역 (primary=KEY_1)
2026-10-08 11:43:51,593 [INFO] [90/121] 서울대입구역 (primary=KEY_2)
2026-10-08 11:43:53,046 [INFO] [91/121] 서울식물원·마곡나루역 (primary=KEY_3)
2026-10-08 11:43:54,566 [INFO] [92/121] 서울역 (primary=KEY_4)
2026-10-08 11:43:57,070 [INFO] [93/121] 선릉역 (primary=KEY_1)
2026-10-08 11:43:58,793 [INFO] [94/121] 성신여대입구역 (primary=KEY_2)
2026-10-08 11:43:59,964 [INFO] [95/121] 수유역 (primary=KEY_3)
2026-10-08 11:44:01,281 [INFO] [96/121] 숭례문 (primary=KEY_4)
2026-10-08 11:44:02,607 [INFO] [97/121] 시의회 앞 (primary=KEY_1)
2026-10-08 11:44:04,708 [INFO] [98/121] 신논현역·논현역 (primary=KEY_2)
2026-10-08 11:44:06,082 [INFO] [99/121] 신도림역 (primary=KEY_3)
2026-10-08 11:44:07,215 [INFO] [100/121] 신림역 (primary=KEY_4)
2026-10-08 11:44:08,578 [INFO] [101/121] 신정네거리역 (primary=KEY_1)
2026-10-08 11:44:10,821 [INFO] [102/121] 신촌·이대역 (primary=KEY_2)
2026-10-08 11:44:12,141 [INFO] [103/121] 쌍문역 (primary=KEY_3)
2026-10-08 11:44:13,449 [INFO] [104/121] 양재역 (primary=KEY_4)
2026-10-08 11:44:14,791 [INFO] [105/121] 역삼역 (primary=KEY_1)
2026-10-08 11:44:16,361 [INFO] [106/121] 연신내역 (primary=KEY_2)
2026-10-08 11:44:18,623 [INFO] [107/121] 오목교역·목동운동장 (primary=KEY_3)
2026-10-08 11:44:20,509 [INFO] [108/121] 왕십리역 (primary=KEY_4)
2026-10-08 11:44:22,188 [INFO] [109/121] 용산역 (primary=KEY_1)
2026-10-08 11:44:23,718 [INFO] [110/121] 이태원역 (primary=KEY_2)
2026-10-08 11:44:25,026 [INFO] [111/121] 잠실새내역 (primary=KEY_3)
2026-10-08 11:44:26,433 [INFO] [112/121] 잠실역 (primary=KEY_4)
2026-10-08 11:44:27,953 [INFO] [113/121] 장지역 (primary=KEY_1)
2026-10-08 11:44:29,466 [INFO] [114/121] 장한평역 (primary=KEY_2)
2026-10-08 11:44:30,808 [INFO] [115/121] 천호역 (primary=KEY_3)
2026-10-08 11:44:32,366 [INFO] [116/121] 총신대입구(이수)역 (primary=KEY_4)
2026-10-08 11:44:33,690 [INFO] [117/121] 충정로역 (primary=KEY_1)
2026-10-08 11:44:35,044 [INFO] [118/121] 합정역 (primary=KEY_2)
2026-10-08 11:44:36,391 [INFO] [119/121] 혜화역 (primary=KEY_3)
2026-10-08 11:44:37,736 [INFO] [120/121] 홍대입구역(2호선) (primary=KEY_4)
2026-10-08 11:44:40,190 [INFO] [121/121] 회기역 (primary=KEY_1)
2026-10-08 11:44:42,439 [INFO] === 수집 완료 | 성공 121, 실패 0 ===
2026-10-08 11:44:42,439 [INFO] 카테고리별 저장 결과:
2026-10-08 11:44:42,440 [INFO]    accident                  | 신규     5행 | 누적     13행 | 16컬럼
2026-10-08 11:44:42,440 [INFO]    accident_acdnt_cntrl_stts | 신규     4행 | 누적      4행 | 16컬럼
2026-10-08 11:44:42,440 [INFO]    area_meta                 | 신규   121행 | 누적    363행 | 5컬럼
2026-10-08 11:44:42,440 [INFO]    bike                      | 신규    10행 | 누적     32행 | 12컬럼
2026-10-08 11:44:42,440 [INFO]    bike_sbike_stts           | 신규   567행 | 누적   1701행 | 12컬럼
2026-10-08 11:44:42,440 [INFO]    bus                       | 신규     3행 | 누적      9행 | 11컬럼
2026-10-08 11:44:42,440 [INFO]    bus_bus_stn_stts          | 신규  1745행 | 누적   5235행 | 11컬럼
2026-10-08 11:44:42,440 [INFO]    charger                   | 신규     4행 | 누적     12행 | 15컬럼
2026-10-08 11:44:42,440 [INFO]    charger_charger_stts      | 신규  1928행 | 누적   5745행 | 15컬럼
2026-10-08 11:44:42,440 [INFO]    cmrcl                     | 신규    82행 | 누적    246행 | 20컬럼
2026-10-08 11:44:42,440 [INFO]    events                    | 신규    14행 | 누적     42행 | 14컬럼
2026-10-08 11:44:42,440 [INFO]    events_event_stts         | 신규   137행 | 누적    407행 | 14컬럼
2026-10-08 11:44:42,440 [INFO]    news                      | 신규     3행 | 누적      3행 | 10컬럼
2026-10-08 11:44:42,440 [INFO]    parking                   | 신규     6행 | 누적     18행 | 21컬럼
2026-10-08 11:44:42,440 [INFO]    parking_prk_stts          | 신규  1832행 | 누적   5496행 | 21컬럼
2026-10-08 11:44:42,440 [INFO]    ppltn                     | 신규   120행 | 누적    362행 | 26컬럼
2026-10-08 11:44:42,440 [INFO]    road                      | 신규   121행 | 누적    363행 | 21컬럼
2026-10-08 11:44:42,440 [INFO]    road_road_traffic_stts    | 신규  5304행 | 누적  15912행 | 17컬럼
2026-10-08 11:44:42,441 [INFO]    subway                    | 신규    38행 | 누적    114행 | 12컬럼
2026-10-08 11:44:42,441 [INFO]    subway_sub_stts           | 신규   183행 | 누적    549행 | 13컬럼
2026-10-08 11:44:42,441 [INFO]    weather                   | 신규   119행 | 누적    357행 | 29컬럼
2026-10-08 11:44:42,441 [INFO] 키별 사용량:
2026-10-08 11:44:42,441 [INFO]    🟢 KEY_1 (31/1000) 
2026-10-08 11:44:42,441 [INFO]    🟢 KEY_2 (30/1000) 
2026-10-08 11:44:42,441 [INFO]    🟢 KEY_3 (30/1000) 
2026-10-08 11:44:42,441 [INFO]    🟢 KEY_4 (30/1000) 
