2026-06-12 00:22:23,637 [INFO] 등록된 키: 4개, 합산 한도 4,000건/일
2026-06-12 00:22:23,638 [INFO] POI 로드: 매뉴얼 v8.5 기준 fallback 121개 (121개 전체)
2026-06-12 00:22:23,638 [INFO] === 수집 시작 2026-06-12T00:22:23.638213+09:00 ===
2026-06-12 00:22:23,638 [INFO] 대상 장소: 121개 | API: citydata (통합)
2026-06-12 00:22:23,638 [INFO] 키 풀: 4/4 활성 | 오늘 사용 0/4000건
2026-06-12 00:22:23,638 [INFO]   [KEY_1] 담당 31장소
2026-06-12 00:22:23,638 [INFO]   [KEY_2] 담당 30장소
2026-06-12 00:22:23,638 [INFO]   [KEY_3] 담당 30장소
2026-06-12 00:22:23,638 [INFO]   [KEY_4] 담당 30장소
2026-06-12 00:22:23,638 [INFO] [1/121] 경복궁 (primary=KEY_1)
2026-06-12 00:22:25,491 [INFO] [2/121] 광화문·덕수궁 (primary=KEY_2)
2026-06-12 00:22:27,539 [INFO] [3/121] 보신각 (primary=KEY_3)
2026-06-12 00:22:29,857 [INFO] [4/121] 서울 암사동 유적 (primary=KEY_4)
2026-06-12 00:22:31,733 [INFO] [5/121] 창덕궁·종묘 (primary=KEY_1)
2026-06-12 00:22:33,683 [INFO] [6/121] 강남 MICE 관광특구 (primary=KEY_2)
2026-06-12 00:22:35,494 [INFO] [7/121] 동대문 관광특구 (primary=KEY_3)
2026-06-12 00:22:36,974 [INFO] [8/121] 명동 관광특구 (primary=KEY_4)
2026-06-12 00:22:38,669 [INFO] [9/121] 이태원 관광특구 (primary=KEY_1)
2026-06-12 00:22:39,972 [INFO] [10/121] 잠실 관광특구 (primary=KEY_2)
2026-06-12 00:22:42,501 [INFO] [11/121] 종로·청계 관광특구 (primary=KEY_3)
2026-06-12 00:22:43,980 [INFO] [12/121] 홍대 관광특구 (primary=KEY_4)
2026-06-12 00:22:45,474 [INFO] [13/121] 강서한강공원 (primary=KEY_1)
2026-06-12 00:22:46,562 [INFO] [14/121] 고척돔 (primary=KEY_2)
2026-06-12 00:22:47,635 [INFO] [15/121] 광나루한강공원 (primary=KEY_3)
2026-06-12 00:22:49,058 [INFO] [16/121] 광화문광장 (primary=KEY_4)
2026-06-12 00:22:50,364 [INFO] [17/121] 국립중앙박물관·용산가족공원 (primary=KEY_1)
2026-06-12 00:22:52,157 [INFO] [18/121] 난지한강공원 (primary=KEY_2)
2026-06-12 00:22:53,829 [INFO] [19/121] 남산공원 (primary=KEY_3)
2026-06-12 00:22:55,323 [INFO] [20/121] 노들섬 (primary=KEY_4)
2026-06-12 00:22:56,406 [INFO] [21/121] 뚝섬한강공원 (primary=KEY_1)
2026-06-12 00:22:57,508 [INFO] [22/121] 망원한강공원 (primary=KEY_2)
2026-06-12 00:22:58,782 [INFO] [23/121] 반포한강공원 (primary=KEY_3)
2026-06-12 00:23:00,736 [INFO] [24/121] 보라매공원 (primary=KEY_4)
2026-06-12 00:23:01,849 [INFO] [25/121] 북서울꿈의숲 (primary=KEY_1)
2026-06-12 00:23:02,947 [INFO] [26/121] 서대문독립공원 (primary=KEY_2)
2026-06-12 00:23:04,049 [INFO] [27/121] 서리풀공원·몽마르뜨공원 (primary=KEY_3)
2026-06-12 00:23:05,349 [INFO] [28/121] 서울대공원 (primary=KEY_4)
2026-06-12 00:23:06,429 [INFO] [29/121] 서울숲공원 (primary=KEY_1)
2026-06-12 00:23:07,713 [INFO] [30/121] 송현녹지광장 (primary=KEY_2)
2026-06-12 00:23:08,981 [INFO] [31/121] 아차산 (primary=KEY_3)
2026-06-12 00:23:10,069 [INFO] [32/121] 안양천 (primary=KEY_4)
2026-06-12 00:23:11,160 [INFO] [33/121] 양화한강공원 (primary=KEY_1)
2026-06-12 00:23:12,250 [INFO] [34/121] 어린이대공원 (primary=KEY_2)
2026-06-12 00:23:13,360 [INFO] [35/121] 여의도한강공원 (primary=KEY_3)
2026-06-12 00:23:15,653 [INFO] [36/121] 여의서로 (primary=KEY_4)
2026-06-12 00:23:16,746 [INFO] [37/121] 올림픽공원 (primary=KEY_1)
2026-06-12 00:23:18,065 [INFO] [38/121] 월드컵공원 (primary=KEY_2)
2026-06-12 00:23:19,530 [INFO] [39/121] 응봉산 (primary=KEY_3)
2026-06-12 00:23:20,797 [INFO] [40/121] 이촌한강공원 (primary=KEY_4)
2026-06-12 00:23:21,900 [INFO] [41/121] 잠실종합운동장 (primary=KEY_1)
2026-06-12 00:23:23,008 [INFO] [42/121] 잠실한강공원 (primary=KEY_2)
2026-06-12 00:23:24,701 [INFO] [43/121] 잠원한강공원 (primary=KEY_3)
2026-06-12 00:23:25,786 [INFO] [44/121] 청계산 (primary=KEY_4)
2026-06-12 00:23:26,876 [INFO] [45/121] 홍제폭포 (primary=KEY_1)
2026-06-12 00:23:27,955 [INFO] [46/121] 가락시장 (primary=KEY_2)
2026-06-12 00:23:29,235 [INFO] [47/121] 가로수길 (primary=KEY_3)
2026-06-12 00:23:30,526 [INFO] [48/121] 광장(전통)시장 (primary=KEY_4)
2026-06-12 00:23:31,629 [INFO] [49/121] 김포공항 (primary=KEY_1)
2026-06-12 00:23:32,916 [INFO] [50/121] 남대문시장 (primary=KEY_2)
2026-06-12 00:23:34,216 [INFO] [51/121] 노량진 (primary=KEY_3)
2026-06-12 00:23:35,507 [INFO] [52/121] 덕수궁길·정동길 (primary=KEY_4)
2026-06-12 00:23:36,802 [INFO] [53/121] 북창동 먹자골목 (primary=KEY_1)
2026-06-12 00:23:38,073 [INFO] [54/121] 북촌한옥마을 (primary=KEY_2)
2026-06-12 00:23:39,525 [INFO] [55/121] 서촌 (primary=KEY_3)
2026-06-12 00:23:40,849 [INFO] [56/121] 성수카페거리 (primary=KEY_4)
2026-06-12 00:23:42,332 [INFO] [57/121] 송리단길·호수단길 (primary=KEY_1)
2026-06-12 00:23:43,630 [INFO] [58/121] 신촌 스타광장 (primary=KEY_2)
2026-06-12 00:23:44,743 [INFO] [59/121] 압구정로데오거리 (primary=KEY_3)
2026-06-12 00:23:46,031 [INFO] [60/121] 여의도 (primary=KEY_4)
2026-06-12 00:23:48,084 [INFO] [61/121] 연남동 (primary=KEY_1)
2026-06-12 00:23:49,340 [INFO] [62/121] 영등포 타임스퀘어 (primary=KEY_2)
2026-06-12 00:23:50,613 [INFO] [63/121] 용리단길 (primary=KEY_3)
2026-06-12 00:23:51,732 [INFO] [64/121] 이태원 앤틱가구거리 (primary=KEY_4)
2026-06-12 00:23:53,006 [INFO] [65/121] 익선동 (primary=KEY_1)
2026-06-12 00:23:54,302 [INFO] [66/121] 인사동 (primary=KEY_2)
2026-06-12 00:23:55,758 [INFO] [67/121] 잠실롯데타워·석촌호수 (primary=KEY_3)
2026-06-12 00:23:57,432 [INFO] [68/121] 창동 신경제 중심지 (primary=KEY_4)
2026-06-12 00:23:59,099 [INFO] [69/121] 청담동 명품거리 (primary=KEY_1)
2026-06-12 00:24:00,385 [INFO] [70/121] 청량리 제기동 일대 전통시장 (primary=KEY_2)
2026-06-12 00:24:01,687 [INFO] [71/121] 해방촌·경리단길 (primary=KEY_3)
2026-06-12 00:24:02,840 [INFO] [72/121] DDP(동대문디자인플라자) (primary=KEY_4)
2026-06-12 00:24:04,169 [INFO] [73/121] DMC(디지털미디어시티) (primary=KEY_1)
2026-06-12 00:24:05,847 [INFO] [74/121] 가산디지털단지역 (primary=KEY_2)
2026-06-12 00:24:07,666 [INFO] [75/121] 강남역 (primary=KEY_3)
2026-06-12 00:24:09,174 [INFO] [76/121] 건대입구역 (primary=KEY_4)
2026-06-12 00:24:10,472 [INFO] [77/121] 고덕역 (primary=KEY_1)
2026-06-12 00:24:11,747 [INFO] [78/121] 고속터미널역 (primary=KEY_2)
2026-06-12 00:24:13,025 [INFO] [79/121] 교대역 (primary=KEY_3)
2026-06-12 00:24:14,297 [INFO] [80/121] 구로디지털단지역 (primary=KEY_4)
2026-06-12 00:24:15,923 [INFO] [81/121] 구로역 (primary=KEY_1)
2026-06-12 00:24:17,176 [INFO] [82/121] 군자역 (primary=KEY_2)
2026-06-12 00:24:18,479 [INFO] [83/121] 대림역 (primary=KEY_3)
2026-06-12 00:24:19,754 [INFO] [84/121] 동대문역 (primary=KEY_4)
2026-06-12 00:24:21,049 [INFO] [85/121] 뚝섬역 (primary=KEY_1)
2026-06-12 00:24:22,323 [INFO] [86/121] 미아사거리역 (primary=KEY_2)
2026-06-12 00:24:23,587 [INFO] [87/121] 발산역 (primary=KEY_3)
2026-06-12 00:24:25,218 [INFO] [88/121] 사당역 (primary=KEY_4)
2026-06-12 00:24:26,511 [INFO] [89/121] 삼각지역 (primary=KEY_1)
2026-06-12 00:24:27,792 [INFO] [90/121] 서울대입구역 (primary=KEY_2)
2026-06-12 00:24:29,076 [INFO] [91/121] 서울식물원·마곡나루역 (primary=KEY_3)
2026-06-12 00:24:30,544 [INFO] [92/121] 서울역 (primary=KEY_4)
2026-06-12 00:24:32,038 [INFO] [93/121] 선릉역 (primary=KEY_1)
2026-06-12 00:24:33,699 [INFO] [94/121] 성신여대입구역 (primary=KEY_2)
2026-06-12 00:24:34,822 [INFO] [95/121] 수유역 (primary=KEY_3)
2026-06-12 00:24:36,132 [INFO] [96/121] 숭례문 (primary=KEY_4)
2026-06-12 00:24:37,436 [INFO] [97/121] 시의회 앞 (primary=KEY_1)
2026-06-12 00:24:38,729 [INFO] [98/121] 신논현역·논현역 (primary=KEY_2)
2026-06-12 00:24:40,041 [INFO] [99/121] 신도림역 (primary=KEY_3)
2026-06-12 00:24:41,143 [INFO] [100/121] 신림역 (primary=KEY_4)
2026-06-12 00:24:42,426 [INFO] [101/121] 신정네거리역 (primary=KEY_1)
2026-06-12 00:24:43,716 [INFO] [102/121] 신촌·이대역 (primary=KEY_2)
2026-06-12 00:24:45,008 [INFO] [103/121] 쌍문역 (primary=KEY_3)
2026-06-12 00:24:46,277 [INFO] [104/121] 양재역 (primary=KEY_4)
2026-06-12 00:24:47,572 [INFO] [105/121] 역삼역 (primary=KEY_1)
2026-06-12 00:24:49,040 [INFO] [106/121] 연신내역 (primary=KEY_2)
2026-06-12 00:24:50,165 [INFO] [107/121] 오목교역·목동운동장 (primary=KEY_3)
2026-06-12 00:24:52,005 [INFO] [108/121] 왕십리역 (primary=KEY_4)
2026-06-12 00:24:53,486 [INFO] [109/121] 용산역 (primary=KEY_1)
2026-06-12 00:24:54,950 [INFO] [110/121] 이태원역 (primary=KEY_2)
2026-06-12 00:24:56,053 [INFO] [111/121] 잠실새내역 (primary=KEY_3)
2026-06-12 00:24:57,385 [INFO] [112/121] 잠실역 (primary=KEY_4)
2026-06-12 00:24:58,853 [INFO] [113/121] 장지역 (primary=KEY_1)
2026-06-12 00:25:00,318 [INFO] [114/121] 장한평역 (primary=KEY_2)
2026-06-12 00:25:01,665 [INFO] [115/121] 천호역 (primary=KEY_3)
2026-06-12 00:25:02,943 [INFO] [116/121] 총신대입구(이수)역 (primary=KEY_4)
2026-06-12 00:25:04,212 [INFO] [117/121] 충정로역 (primary=KEY_1)
2026-06-12 00:25:05,493 [INFO] [118/121] 합정역 (primary=KEY_2)
2026-06-12 00:25:06,780 [INFO] [119/121] 혜화역 (primary=KEY_3)
2026-06-12 00:25:08,035 [INFO] [120/121] 홍대입구역(2호선) (primary=KEY_4)
2026-06-12 00:25:09,313 [INFO] [121/121] 회기역 (primary=KEY_1)
2026-06-12 00:25:10,984 [INFO] === 수집 완료 | 성공 121, 실패 0 ===
2026-06-12 00:25:10,984 [INFO] 카테고리별 저장 결과:
2026-06-12 00:25:10,984 [INFO]    accident                  | 신규     3행 | 누적      3행 | 16컬럼
2026-06-12 00:25:10,984 [INFO]    accident_acdnt_cntrl_stts | 신규     2행 | 누적      2행 | 16컬럼
2026-06-12 00:25:10,984 [INFO]    area_meta                 | 신규   121행 | 누적    121행 | 5컬럼
2026-06-12 00:25:10,984 [INFO]    bike                      | 신규    12행 | 누적     12행 | 12컬럼
2026-06-12 00:25:10,984 [INFO]    bike_sbike_stts           | 신규   542행 | 누적    542행 | 12컬럼
2026-06-12 00:25:10,984 [INFO]    bus                       | 신규     3행 | 누적      3행 | 11컬럼
2026-06-12 00:25:10,984 [INFO]    bus_bus_stn_stts          | 신규  1745행 | 누적   1745행 | 11컬럼
2026-06-12 00:25:10,985 [INFO]    charger                   | 신규    10행 | 누적     10행 | 15컬럼
2026-06-12 00:25:10,985 [INFO]    charger_charger_stts      | 신규  1551행 | 누적   1551행 | 15컬럼
2026-06-12 00:25:10,985 [INFO]    cmrcl                     | 신규    82행 | 누적     82행 | 20컬럼
2026-06-12 00:25:10,985 [INFO]    events                    | 신규    18행 | 누적     18행 | 14컬럼
2026-06-12 00:25:10,985 [INFO]    events_event_stts         | 신규   168행 | 누적    168행 | 14컬럼
2026-06-12 00:25:10,985 [INFO]    parking                   | 신규     6행 | 누적      6행 | 21컬럼
2026-06-12 00:25:10,985 [INFO]    parking_prk_stts          | 신규  1832행 | 누적   1832행 | 21컬럼
2026-06-12 00:25:10,985 [INFO]    ppltn                     | 신규   121행 | 누적    121행 | 26컬럼
2026-06-12 00:25:10,985 [INFO]    road                      | 신규   121행 | 누적    121행 | 21컬럼
2026-06-12 00:25:10,985 [INFO]    road_road_traffic_stts    | 신규  5254행 | 누적   5254행 | 17컬럼
2026-06-12 00:25:10,985 [INFO]    subway                    | 신규    38행 | 누적     38행 | 12컬럼
2026-06-12 00:25:10,985 [INFO]    subway_sub_stts           | 신규   183행 | 누적    183행 | 13컬럼
2026-06-12 00:25:10,985 [INFO]    weather                   | 신규   119행 | 누적    119행 | 29컬럼
2026-06-12 00:25:10,985 [INFO] 키별 사용량:
2026-06-12 00:25:10,986 [INFO]    🟢 KEY_1 (31/1000) 
2026-06-12 00:25:10,986 [INFO]    🟢 KEY_2 (30/1000) 
2026-06-12 00:25:10,986 [INFO]    🟢 KEY_3 (30/1000) 
2026-06-12 00:25:10,986 [INFO]    🟢 KEY_4 (30/1000) 
2026-06-12 02:27:06,264 [INFO] 등록된 키: 4개, 합산 한도 4,000건/일
2026-06-12 02:27:06,265 [INFO] POI 로드: 매뉴얼 v8.5 기준 fallback 121개 (121개 전체)
2026-06-12 02:27:06,265 [INFO] === 수집 시작 2026-06-12T02:27:06.265215+09:00 ===
2026-06-12 02:27:06,265 [INFO] 대상 장소: 121개 | API: citydata (통합)
2026-06-12 02:27:06,265 [INFO] 키 풀: 4/4 활성 | 오늘 사용 0/4000건
2026-06-12 02:27:06,265 [INFO]   [KEY_1] 담당 31장소
2026-06-12 02:27:06,265 [INFO]   [KEY_2] 담당 30장소
2026-06-12 02:27:06,265 [INFO]   [KEY_3] 담당 30장소
2026-06-12 02:27:06,265 [INFO]   [KEY_4] 담당 30장소
2026-06-12 02:27:06,265 [INFO] [1/121] 경복궁 (primary=KEY_1)
2026-06-12 02:27:07,920 [INFO] [2/121] 광화문·덕수궁 (primary=KEY_2)
2026-06-12 02:27:09,750 [INFO] [3/121] 보신각 (primary=KEY_3)
2026-06-12 02:27:11,678 [INFO] [4/121] 서울 암사동 유적 (primary=KEY_4)
2026-06-12 02:27:12,774 [INFO] [5/121] 창덕궁·종묘 (primary=KEY_1)
2026-06-12 02:27:14,439 [INFO] [6/121] 강남 MICE 관광특구 (primary=KEY_2)
2026-06-12 02:27:15,983 [INFO] [7/121] 동대문 관광특구 (primary=KEY_3)
2026-06-12 02:27:18,121 [INFO] [8/121] 명동 관광특구 (primary=KEY_4)
2026-06-12 02:27:19,433 [INFO] [9/121] 이태원 관광특구 (primary=KEY_1)
2026-06-12 02:27:20,700 [INFO] [10/121] 잠실 관광특구 (primary=KEY_2)
2026-06-12 02:27:22,782 [INFO] [11/121] 종로·청계 관광특구 (primary=KEY_3)
2026-06-12 02:27:24,076 [INFO] [12/121] 홍대 관광특구 (primary=KEY_4)
2026-06-12 02:27:25,390 [INFO] [13/121] 강서한강공원 (primary=KEY_1)
2026-06-12 02:27:26,348 [INFO] [14/121] 고척돔 (primary=KEY_2)
2026-06-12 02:27:27,851 [INFO] [15/121] 광나루한강공원 (primary=KEY_3)
2026-06-12 02:27:28,948 [INFO] [16/121] 광화문광장 (primary=KEY_4)
2026-06-12 02:27:30,077 [INFO] [17/121] 국립중앙박물관·용산가족공원 (primary=KEY_1)
2026-06-12 02:27:31,054 [INFO] [18/121] 난지한강공원 (primary=KEY_2)
2026-06-12 02:27:32,028 [INFO] [19/121] 남산공원 (primary=KEY_3)
2026-06-12 02:27:33,451 [INFO] [20/121] 노들섬 (primary=KEY_4)
2026-06-12 02:27:34,427 [INFO] [21/121] 뚝섬한강공원 (primary=KEY_1)
2026-06-12 02:27:35,405 [INFO] [22/121] 망원한강공원 (primary=KEY_2)
2026-06-12 02:27:36,521 [INFO] [23/121] 반포한강공원 (primary=KEY_3)
2026-06-12 02:27:38,033 [INFO] [24/121] 보라매공원 (primary=KEY_4)
2026-06-12 02:27:39,030 [INFO] [25/121] 북서울꿈의숲 (primary=KEY_1)
2026-06-12 02:27:40,027 [INFO] [26/121] 서대문독립공원 (primary=KEY_2)
2026-06-12 02:27:41,013 [INFO] [27/121] 서리풀공원·몽마르뜨공원 (primary=KEY_3)
2026-06-12 02:27:42,013 [INFO] [28/121] 서울대공원 (primary=KEY_4)
2026-06-12 02:27:42,981 [INFO] [29/121] 서울숲공원 (primary=KEY_1)
2026-06-12 02:27:44,102 [INFO] [30/121] 송현녹지광장 (primary=KEY_2)
2026-06-12 02:27:45,760 [INFO] [31/121] 아차산 (primary=KEY_3)
2026-06-12 02:27:47,264 [INFO] [32/121] 안양천 (primary=KEY_4)
2026-06-12 02:27:48,780 [INFO] [33/121] 양화한강공원 (primary=KEY_1)
2026-06-12 02:27:49,752 [INFO] [34/121] 어린이대공원 (primary=KEY_2)
2026-06-12 02:27:51,291 [INFO] [35/121] 여의도한강공원 (primary=KEY_3)
2026-06-12 02:27:52,932 [INFO] [36/121] 여의서로 (primary=KEY_4)
2026-06-12 02:27:54,448 [INFO] [37/121] 올림픽공원 (primary=KEY_1)
2026-06-12 02:27:55,587 [INFO] [38/121] 월드컵공원 (primary=KEY_2)
2026-06-12 02:27:57,385 [INFO] [39/121] 응봉산 (primary=KEY_3)
2026-06-12 02:27:58,496 [INFO] [40/121] 이촌한강공원 (primary=KEY_4)
2026-06-12 02:27:59,463 [INFO] [41/121] 잠실종합운동장 (primary=KEY_1)
2026-06-12 02:28:00,448 [INFO] [42/121] 잠실한강공원 (primary=KEY_2)
2026-06-12 02:28:01,440 [INFO] [43/121] 잠원한강공원 (primary=KEY_3)
2026-06-12 02:28:02,960 [INFO] [44/121] 청계산 (primary=KEY_4)
2026-06-12 02:28:03,921 [INFO] [45/121] 홍제폭포 (primary=KEY_1)
2026-06-12 02:28:04,891 [INFO] [46/121] 가락시장 (primary=KEY_2)
2026-06-12 02:28:06,838 [INFO] [47/121] 가로수길 (primary=KEY_3)
2026-06-12 02:28:07,982 [INFO] [48/121] 광장(전통)시장 (primary=KEY_4)
2026-06-12 02:28:08,988 [INFO] [49/121] 김포공항 (primary=KEY_1)
2026-06-12 02:28:10,149 [INFO] [50/121] 남대문시장 (primary=KEY_2)
2026-06-12 02:28:11,152 [INFO] [51/121] 노량진 (primary=KEY_3)
2026-06-12 02:28:12,160 [INFO] [52/121] 덕수궁길·정동길 (primary=KEY_4)
2026-06-12 02:28:13,423 [INFO] [53/121] 북창동 먹자골목 (primary=KEY_1)
2026-06-12 02:28:14,944 [INFO] [54/121] 북촌한옥마을 (primary=KEY_2)
2026-06-12 02:28:16,068 [INFO] [55/121] 서촌 (primary=KEY_3)
2026-06-12 02:28:17,202 [INFO] [56/121] 성수카페거리 (primary=KEY_4)
2026-06-12 02:28:18,320 [INFO] [57/121] 송리단길·호수단길 (primary=KEY_1)
2026-06-12 02:28:19,474 [INFO] [58/121] 신촌 스타광장 (primary=KEY_2)
2026-06-12 02:28:21,011 [INFO] [59/121] 압구정로데오거리 (primary=KEY_3)
2026-06-12 02:28:22,140 [INFO] [60/121] 여의도 (primary=KEY_4)
2026-06-12 02:28:23,707 [INFO] [61/121] 연남동 (primary=KEY_1)
2026-06-12 02:28:24,810 [INFO] [62/121] 영등포 타임스퀘어 (primary=KEY_2)
2026-06-12 02:28:25,918 [INFO] [63/121] 용리단길 (primary=KEY_3)
2026-06-12 02:28:26,937 [INFO] [64/121] 이태원 앤틱가구거리 (primary=KEY_4)
2026-06-12 02:28:27,929 [INFO] [65/121] 익선동 (primary=KEY_1)
2026-06-12 02:28:29,056 [INFO] [66/121] 인사동 (primary=KEY_2)
2026-06-12 02:28:30,183 [INFO] [67/121] 잠실롯데타워·석촌호수 (primary=KEY_3)
2026-06-12 02:28:31,326 [INFO] [68/121] 창동 신경제 중심지 (primary=KEY_4)
2026-06-12 02:28:33,166 [INFO] [69/121] 청담동 명품거리 (primary=KEY_1)
2026-06-12 02:28:34,265 [INFO] [70/121] 청량리 제기동 일대 전통시장 (primary=KEY_2)
2026-06-12 02:28:35,388 [INFO] [71/121] 해방촌·경리단길 (primary=KEY_3)
2026-06-12 02:28:36,360 [INFO] [72/121] DDP(동대문디자인플라자) (primary=KEY_4)
2026-06-12 02:28:37,523 [INFO] [73/121] DMC(디지털미디어시티) (primary=KEY_1)
2026-06-12 02:28:39,352 [INFO] [74/121] 가산디지털단지역 (primary=KEY_2)
2026-06-12 02:28:40,603 [INFO] [75/121] 강남역 (primary=KEY_3)
2026-06-12 02:28:41,869 [INFO] [76/121] 건대입구역 (primary=KEY_4)
2026-06-12 02:28:42,996 [INFO] [77/121] 고덕역 (primary=KEY_1)
2026-06-12 02:28:43,991 [INFO] [78/121] 고속터미널역 (primary=KEY_2)
2026-06-12 02:28:45,542 [INFO] [79/121] 교대역 (primary=KEY_3)
2026-06-12 02:28:46,541 [INFO] [80/121] 구로디지털단지역 (primary=KEY_4)
2026-06-12 02:28:47,663 [INFO] [81/121] 구로역 (primary=KEY_1)
2026-06-12 02:28:48,653 [INFO] [82/121] 군자역 (primary=KEY_2)
2026-06-12 02:28:49,650 [INFO] [83/121] 대림역 (primary=KEY_3)
2026-06-12 02:28:50,652 [INFO] [84/121] 동대문역 (primary=KEY_4)
2026-06-12 02:28:51,634 [INFO] [85/121] 뚝섬역 (primary=KEY_1)
2026-06-12 02:28:52,736 [INFO] [86/121] 미아사거리역 (primary=KEY_2)
2026-06-12 02:28:53,879 [INFO] [87/121] 발산역 (primary=KEY_3)
2026-06-12 02:28:55,127 [INFO] [88/121] 사당역 (primary=KEY_4)
2026-06-12 02:28:56,123 [INFO] [89/121] 삼각지역 (primary=KEY_1)
2026-06-12 02:28:57,113 [INFO] [90/121] 서울대입구역 (primary=KEY_2)
2026-06-12 02:28:58,103 [INFO] [91/121] 서울식물원·마곡나루역 (primary=KEY_3)
2026-06-12 02:28:59,221 [INFO] [92/121] 서울역 (primary=KEY_4)
2026-06-12 02:29:00,395 [INFO] [93/121] 선릉역 (primary=KEY_1)
2026-06-12 02:29:01,679 [INFO] [94/121] 성신여대입구역 (primary=KEY_2)
2026-06-12 02:29:02,667 [INFO] [95/121] 수유역 (primary=KEY_3)
2026-06-12 02:29:03,813 [INFO] [96/121] 숭례문 (primary=KEY_4)
2026-06-12 02:29:04,941 [INFO] [97/121] 시의회 앞 (primary=KEY_1)
2026-06-12 02:29:06,062 [INFO] [98/121] 신논현역·논현역 (primary=KEY_2)
2026-06-12 02:29:07,216 [INFO] [99/121] 신도림역 (primary=KEY_3)
2026-06-12 02:29:08,198 [INFO] [100/121] 신림역 (primary=KEY_4)
2026-06-12 02:29:09,199 [INFO] [101/121] 신정네거리역 (primary=KEY_1)
2026-06-12 02:29:10,197 [INFO] [102/121] 신촌·이대역 (primary=KEY_2)
2026-06-12 02:29:11,320 [INFO] [103/121] 쌍문역 (primary=KEY_3)
2026-06-12 02:29:12,302 [INFO] [104/121] 양재역 (primary=KEY_4)
2026-06-12 02:29:13,299 [INFO] [105/121] 역삼역 (primary=KEY_1)
2026-06-12 02:29:14,427 [INFO] [106/121] 연신내역 (primary=KEY_2)
2026-06-12 02:29:15,435 [INFO] [107/121] 오목교역·목동운동장 (primary=KEY_3)
2026-06-12 02:29:16,687 [INFO] [108/121] 왕십리역 (primary=KEY_4)
2026-06-12 02:29:17,833 [INFO] [109/121] 용산역 (primary=KEY_1)
2026-06-12 02:29:18,968 [INFO] [110/121] 이태원역 (primary=KEY_2)
2026-06-12 02:29:19,955 [INFO] [111/121] 잠실새내역 (primary=KEY_3)
2026-06-12 02:29:21,079 [INFO] [112/121] 잠실역 (primary=KEY_4)
2026-06-12 02:29:22,201 [INFO] [113/121] 장지역 (primary=KEY_1)
2026-06-12 02:29:23,312 [INFO] [114/121] 장한평역 (primary=KEY_2)
2026-06-12 02:29:24,427 [INFO] [115/121] 천호역 (primary=KEY_3)
2026-06-12 02:29:25,545 [INFO] [116/121] 총신대입구(이수)역 (primary=KEY_4)
2026-06-12 02:29:26,742 [INFO] [117/121] 충정로역 (primary=KEY_1)
2026-06-12 02:29:27,741 [INFO] [118/121] 합정역 (primary=KEY_2)
2026-06-12 02:29:28,864 [INFO] [119/121] 혜화역 (primary=KEY_3)
2026-06-12 02:29:29,864 [INFO] [120/121] 홍대입구역(2호선) (primary=KEY_4)
2026-06-12 02:29:30,881 [INFO] [121/121] 회기역 (primary=KEY_1)
2026-06-12 02:29:32,771 [INFO] === 수집 완료 | 성공 121, 실패 0 ===
2026-06-12 02:29:32,771 [INFO] 카테고리별 저장 결과:
2026-06-12 02:29:32,771 [INFO]    accident                  | 신규     3행 | 누적      6행 | 16컬럼
2026-06-12 02:29:32,771 [INFO]    accident_acdnt_cntrl_stts | 신규     2행 | 누적      4행 | 16컬럼
2026-06-12 02:29:32,771 [INFO]    area_meta                 | 신규   121행 | 누적    242행 | 5컬럼
2026-06-12 02:29:32,772 [INFO]    bike                      | 신규    12행 | 누적     24행 | 12컬럼
2026-06-12 02:29:32,772 [INFO]    bike_sbike_stts           | 신규   542행 | 누적   1084행 | 12컬럼
2026-06-12 02:29:32,772 [INFO]    bus                       | 신규     3행 | 누적      6행 | 11컬럼
2026-06-12 02:29:32,772 [INFO]    bus_bus_stn_stts          | 신규  1745행 | 누적   3490행 | 11컬럼
2026-06-12 02:29:32,772 [INFO]    charger                   | 신규    25행 | 누적     35행 | 15컬럼
2026-06-12 02:29:32,772 [INFO]    charger_charger_stts      | 신규   335행 | 누적   1874행 | 15컬럼
2026-06-12 02:29:32,772 [INFO]    cmrcl                     | 신규    82행 | 누적    164행 | 20컬럼
2026-06-12 02:29:32,772 [INFO]    events                    | 신규    18행 | 누적     36행 | 14컬럼
2026-06-12 02:29:32,772 [INFO]    events_event_stts         | 신규   168행 | 누적    336행 | 14컬럼
2026-06-12 02:29:32,772 [INFO]    parking                   | 신규     6행 | 누적     12행 | 21컬럼
2026-06-12 02:29:32,772 [INFO]    parking_prk_stts          | 신규  1832행 | 누적   3664행 | 21컬럼
2026-06-12 02:29:32,772 [INFO]    ppltn                     | 신규   121행 | 누적    242행 | 26컬럼
2026-06-12 02:29:32,772 [INFO]    road                      | 신규   121행 | 누적    242행 | 21컬럼
2026-06-12 02:29:32,772 [INFO]    road_road_traffic_stts    | 신규  5254행 | 누적  10508행 | 17컬럼
2026-06-12 02:29:32,772 [INFO]    subway                    | 신규    38행 | 누적     76행 | 12컬럼
2026-06-12 02:29:32,772 [INFO]    subway_sub_stts           | 신규   183행 | 누적    366행 | 13컬럼
2026-06-12 02:29:32,772 [INFO]    weather                   | 신규   119행 | 누적    238행 | 29컬럼
2026-06-12 02:29:32,772 [INFO] 키별 사용량:
2026-06-12 02:29:32,772 [INFO]    🟢 KEY_1 (31/1000) 
2026-06-12 02:29:32,772 [INFO]    🟢 KEY_2 (30/1000) 
2026-06-12 02:29:32,772 [INFO]    🟢 KEY_3 (30/1000) 
2026-06-12 02:29:32,772 [INFO]    🟢 KEY_4 (30/1000) 
2026-06-12 04:13:22,861 [INFO] 등록된 키: 4개, 합산 한도 4,000건/일
2026-06-12 04:13:22,862 [INFO] POI 로드: 매뉴얼 v8.5 기준 fallback 121개 (121개 전체)
2026-06-12 04:13:22,862 [INFO] === 수집 시작 2026-06-12T04:13:22.862337+09:00 ===
2026-06-12 04:13:22,862 [INFO] 대상 장소: 121개 | API: citydata (통합)
2026-06-12 04:13:22,862 [INFO] 키 풀: 4/4 활성 | 오늘 사용 0/4000건
2026-06-12 04:13:22,862 [INFO]   [KEY_1] 담당 31장소
2026-06-12 04:13:22,862 [INFO]   [KEY_2] 담당 30장소
2026-06-12 04:13:22,862 [INFO]   [KEY_3] 담당 30장소
2026-06-12 04:13:22,862 [INFO]   [KEY_4] 담당 30장소
2026-06-12 04:13:22,862 [INFO] [1/121] 경복궁 (primary=KEY_1)
2026-06-12 04:13:24,785 [INFO] [2/121] 광화문·덕수궁 (primary=KEY_2)
2026-06-12 04:13:26,876 [INFO] [3/121] 보신각 (primary=KEY_3)
2026-06-12 04:13:28,560 [INFO] [4/121] 서울 암사동 유적 (primary=KEY_4)
2026-06-12 04:13:29,545 [INFO] [5/121] 창덕궁·종묘 (primary=KEY_1)
2026-06-12 04:13:31,314 [INFO] [6/121] 강남 MICE 관광특구 (primary=KEY_2)
2026-06-12 04:13:32,319 [INFO] [7/121] 동대문 관광특구 (primary=KEY_3)
2026-06-12 04:13:33,765 [INFO] [8/121] 명동 관광특구 (primary=KEY_4)
2026-06-12 04:13:35,359 [INFO] [9/121] 이태원 관광특구 (primary=KEY_1)
2026-06-12 04:13:36,623 [INFO] [10/121] 잠실 관광특구 (primary=KEY_2)
2026-06-12 04:13:38,607 [INFO] [11/121] 종로·청계 관광특구 (primary=KEY_3)
2026-06-12 04:13:39,949 [INFO] [12/121] 홍대 관광특구 (primary=KEY_4)
2026-06-12 04:13:41,242 [INFO] [13/121] 강서한강공원 (primary=KEY_1)
2026-06-12 04:13:42,208 [INFO] [14/121] 고척돔 (primary=KEY_2)
2026-06-12 04:13:43,183 [INFO] [15/121] 광나루한강공원 (primary=KEY_3)
2026-06-12 04:13:44,285 [INFO] [16/121] 광화문광장 (primary=KEY_4)
2026-06-12 04:13:45,529 [INFO] [17/121] 국립중앙박물관·용산가족공원 (primary=KEY_1)
2026-06-12 04:13:46,510 [INFO] [18/121] 난지한강공원 (primary=KEY_2)
2026-06-12 04:13:47,485 [INFO] [19/121] 남산공원 (primary=KEY_3)
2026-06-12 04:13:48,791 [INFO] [20/121] 노들섬 (primary=KEY_4)
2026-06-12 04:13:49,759 [INFO] [21/121] 뚝섬한강공원 (primary=KEY_1)
2026-06-12 04:13:51,278 [INFO] [22/121] 망원한강공원 (primary=KEY_2)
2026-06-12 04:13:52,399 [INFO] [23/121] 반포한강공원 (primary=KEY_3)
2026-06-12 04:13:53,375 [INFO] [24/121] 보라매공원 (primary=KEY_4)
2026-06-12 04:13:54,398 [INFO] [25/121] 북서울꿈의숲 (primary=KEY_1)
2026-06-12 04:13:55,388 [INFO] [26/121] 서대문독립공원 (primary=KEY_2)
2026-06-12 04:13:56,369 [INFO] [27/121] 서리풀공원·몽마르뜨공원 (primary=KEY_3)
2026-06-12 04:13:57,375 [INFO] [28/121] 서울대공원 (primary=KEY_4)
2026-06-12 04:13:58,411 [INFO] [29/121] 서울숲공원 (primary=KEY_1)
2026-06-12 04:13:59,547 [INFO] [30/121] 송현녹지광장 (primary=KEY_2)
2026-06-12 04:14:00,668 [INFO] [31/121] 아차산 (primary=KEY_3)
2026-06-12 04:14:01,638 [INFO] [32/121] 안양천 (primary=KEY_4)
2026-06-12 04:14:03,267 [INFO] [33/121] 양화한강공원 (primary=KEY_1)
2026-06-12 04:14:05,046 [INFO] [34/121] 어린이대공원 (primary=KEY_2)
2026-06-12 04:14:06,030 [INFO] [35/121] 여의도한강공원 (primary=KEY_3)
2026-06-12 04:14:07,145 [INFO] [36/121] 여의서로 (primary=KEY_4)
2026-06-12 04:14:08,120 [INFO] [37/121] 올림픽공원 (primary=KEY_1)
2026-06-12 04:14:09,283 [INFO] [38/121] 월드컵공원 (primary=KEY_2)
2026-06-12 04:14:10,553 [INFO] [39/121] 응봉산 (primary=KEY_3)
2026-06-12 04:14:12,483 [INFO] [40/121] 이촌한강공원 (primary=KEY_4)
2026-06-12 04:14:13,464 [INFO] [41/121] 잠실종합운동장 (primary=KEY_1)
2026-06-12 04:14:14,438 [INFO] [42/121] 잠실한강공원 (primary=KEY_2)
2026-06-12 04:14:15,411 [INFO] [43/121] 잠원한강공원 (primary=KEY_3)
2026-06-12 04:14:16,382 [INFO] [44/121] 청계산 (primary=KEY_4)
2026-06-12 04:14:17,351 [INFO] [45/121] 홍제폭포 (primary=KEY_1)
2026-06-12 04:14:18,349 [INFO] [46/121] 가락시장 (primary=KEY_2)
2026-06-12 04:14:19,503 [INFO] [47/121] 가로수길 (primary=KEY_3)
2026-06-12 04:14:20,651 [INFO] [48/121] 광장(전통)시장 (primary=KEY_4)
2026-06-12 04:14:21,632 [INFO] [49/121] 김포공항 (primary=KEY_1)
2026-06-12 04:14:23,565 [INFO] [50/121] 남대문시장 (primary=KEY_2)
2026-06-12 04:14:24,572 [INFO] [51/121] 노량진 (primary=KEY_3)
2026-06-12 04:14:25,596 [INFO] [52/121] 덕수궁길·정동길 (primary=KEY_4)
2026-06-12 04:14:26,741 [INFO] [53/121] 북창동 먹자골목 (primary=KEY_1)
2026-06-12 04:14:27,731 [INFO] [54/121] 북촌한옥마을 (primary=KEY_2)
2026-06-12 04:14:28,846 [INFO] [55/121] 서촌 (primary=KEY_3)
2026-06-12 04:14:29,952 [INFO] [56/121] 성수카페거리 (primary=KEY_4)
2026-06-12 04:14:31,089 [INFO] [57/121] 송리단길·호수단길 (primary=KEY_1)
2026-06-12 04:14:32,297 [INFO] [58/121] 신촌 스타광장 (primary=KEY_2)
2026-06-12 04:14:33,293 [INFO] [59/121] 압구정로데오거리 (primary=KEY_3)
2026-06-12 04:14:34,435 [INFO] [60/121] 여의도 (primary=KEY_4)
2026-06-12 04:14:36,014 [INFO] [61/121] 연남동 (primary=KEY_1)
2026-06-12 04:14:37,140 [INFO] [62/121] 영등포 타임스퀘어 (primary=KEY_2)
2026-06-12 04:14:38,243 [INFO] [63/121] 용리단길 (primary=KEY_3)
2026-06-12 04:14:39,277 [INFO] [64/121] 이태원 앤틱가구거리 (primary=KEY_4)
2026-06-12 04:14:40,273 [INFO] [65/121] 익선동 (primary=KEY_1)
2026-06-12 04:14:41,425 [INFO] [66/121] 인사동 (primary=KEY_2)
2026-06-12 04:14:42,581 [INFO] [67/121] 잠실롯데타워·석촌호수 (primary=KEY_3)
2026-06-12 04:14:43,724 [INFO] [68/121] 창동 신경제 중심지 (primary=KEY_4)
2026-06-12 04:14:44,998 [INFO] [69/121] 청담동 명품거리 (primary=KEY_1)
2026-06-12 04:14:46,118 [INFO] [70/121] 청량리 제기동 일대 전통시장 (primary=KEY_2)
2026-06-12 04:14:47,257 [INFO] [71/121] 해방촌·경리단길 (primary=KEY_3)
2026-06-12 04:14:48,237 [INFO] [72/121] DDP(동대문디자인플라자) (primary=KEY_4)
2026-06-12 04:14:49,399 [INFO] [73/121] DMC(디지털미디어시티) (primary=KEY_1)
2026-06-12 04:14:50,660 [INFO] [74/121] 가산디지털단지역 (primary=KEY_2)
2026-06-12 04:14:51,948 [INFO] [75/121] 강남역 (primary=KEY_3)
2026-06-12 04:14:53,249 [INFO] [76/121] 건대입구역 (primary=KEY_4)
2026-06-12 04:14:54,393 [INFO] [77/121] 고덕역 (primary=KEY_1)
2026-06-12 04:14:55,399 [INFO] [78/121] 고속터미널역 (primary=KEY_2)
2026-06-12 04:14:56,399 [INFO] [79/121] 교대역 (primary=KEY_3)
2026-06-12 04:14:57,395 [INFO] [80/121] 구로디지털단지역 (primary=KEY_4)
2026-06-12 04:14:58,568 [INFO] [81/121] 구로역 (primary=KEY_1)
2026-06-12 04:14:59,558 [INFO] [82/121] 군자역 (primary=KEY_2)
2026-06-12 04:15:00,554 [INFO] [83/121] 대림역 (primary=KEY_3)
2026-06-12 04:15:01,530 [INFO] [84/121] 동대문역 (primary=KEY_4)
2026-06-12 04:15:02,645 [INFO] [85/121] 뚝섬역 (primary=KEY_1)
2026-06-12 04:15:03,735 [INFO] [86/121] 미아사거리역 (primary=KEY_2)
2026-06-12 04:15:04,833 [INFO] [87/121] 발산역 (primary=KEY_3)
2026-06-12 04:15:06,067 [INFO] [88/121] 사당역 (primary=KEY_4)
2026-06-12 04:15:07,171 [INFO] [89/121] 삼각지역 (primary=KEY_1)
2026-06-12 04:15:08,150 [INFO] [90/121] 서울대입구역 (primary=KEY_2)
2026-06-12 04:15:09,121 [INFO] [91/121] 서울식물원·마곡나루역 (primary=KEY_3)
2026-06-12 04:15:10,226 [INFO] [92/121] 서울역 (primary=KEY_4)
2026-06-12 04:15:11,374 [INFO] [93/121] 선릉역 (primary=KEY_1)
2026-06-12 04:15:12,635 [INFO] [94/121] 성신여대입구역 (primary=KEY_2)
2026-06-12 04:15:13,618 [INFO] [95/121] 수유역 (primary=KEY_3)
2026-06-12 04:15:14,724 [INFO] [96/121] 숭례문 (primary=KEY_4)
2026-06-12 04:15:15,837 [INFO] [97/121] 시의회 앞 (primary=KEY_1)
2026-06-12 04:15:16,962 [INFO] [98/121] 신논현역·논현역 (primary=KEY_2)
2026-06-12 04:15:18,108 [INFO] [99/121] 신도림역 (primary=KEY_3)
2026-06-12 04:15:19,085 [INFO] [100/121] 신림역 (primary=KEY_4)
2026-06-12 04:15:20,078 [INFO] [101/121] 신정네거리역 (primary=KEY_1)
2026-06-12 04:15:21,072 [INFO] [102/121] 신촌·이대역 (primary=KEY_2)
2026-06-12 04:15:22,194 [INFO] [103/121] 쌍문역 (primary=KEY_3)
2026-06-12 04:15:23,161 [INFO] [104/121] 양재역 (primary=KEY_4)
2026-06-12 04:15:24,158 [INFO] [105/121] 역삼역 (primary=KEY_1)
2026-06-12 04:15:25,276 [INFO] [106/121] 연신내역 (primary=KEY_2)
2026-06-12 04:15:26,262 [INFO] [107/121] 오목교역·목동운동장 (primary=KEY_3)
2026-06-12 04:15:27,517 [INFO] [108/121] 왕십리역 (primary=KEY_4)
2026-06-12 04:15:28,646 [INFO] [109/121] 용산역 (primary=KEY_1)
2026-06-12 04:15:29,765 [INFO] [110/121] 이태원역 (primary=KEY_2)
2026-06-12 04:15:30,762 [INFO] [111/121] 잠실새내역 (primary=KEY_3)
2026-06-12 04:15:31,872 [INFO] [112/121] 잠실역 (primary=KEY_4)
2026-06-12 04:15:32,987 [INFO] [113/121] 장지역 (primary=KEY_1)
2026-06-12 04:15:34,104 [INFO] [114/121] 장한평역 (primary=KEY_2)
2026-06-12 04:15:35,227 [INFO] [115/121] 천호역 (primary=KEY_3)
2026-06-12 04:15:36,370 [INFO] [116/121] 총신대입구(이수)역 (primary=KEY_4)
2026-06-12 04:15:37,564 [INFO] [117/121] 충정로역 (primary=KEY_1)
2026-06-12 04:15:38,558 [INFO] [118/121] 합정역 (primary=KEY_2)
2026-06-12 04:15:39,685 [INFO] [119/121] 혜화역 (primary=KEY_3)
2026-06-12 04:15:40,803 [INFO] [120/121] 홍대입구역(2호선) (primary=KEY_4)
2026-06-12 04:15:41,794 [INFO] [121/121] 회기역 (primary=KEY_1)
2026-06-12 04:15:43,624 [INFO] === 수집 완료 | 성공 121, 실패 0 ===
2026-06-12 04:15:43,624 [INFO] 카테고리별 저장 결과:
2026-06-12 04:15:43,624 [INFO]    accident                  | 신규     3행 | 누적      9행 | 16컬럼
2026-06-12 04:15:43,624 [INFO]    accident_acdnt_cntrl_stts | 신규     2행 | 누적      6행 | 16컬럼
2026-06-12 04:15:43,624 [INFO]    area_meta                 | 신규   121행 | 누적    363행 | 5컬럼
2026-06-12 04:15:43,624 [INFO]    bike                      | 신규    12행 | 누적     36행 | 12컬럼
2026-06-12 04:15:43,624 [INFO]    bike_sbike_stts           | 신규   542행 | 누적   1626행 | 12컬럼
2026-06-12 04:15:43,624 [INFO]    bus                       | 신규     3행 | 누적      9행 | 11컬럼
2026-06-12 04:15:43,624 [INFO]    bus_bus_stn_stts          | 신규  1745행 | 누적   5235행 | 11컬럼
2026-06-12 04:15:43,624 [INFO]    charger                   | 신규    25행 | 누적     60행 | 15컬럼
2026-06-12 04:15:43,624 [INFO]    charger_charger_stts      | 신규   335행 | 누적   2207행 | 15컬럼
2026-06-12 04:15:43,624 [INFO]    cmrcl                     | 신규    82행 | 누적    246행 | 20컬럼
2026-06-12 04:15:43,624 [INFO]    events                    | 신규    18행 | 누적     54행 | 14컬럼
2026-06-12 04:15:43,624 [INFO]    events_event_stts         | 신규   168행 | 누적    504행 | 14컬럼
2026-06-12 04:15:43,624 [INFO]    parking                   | 신규     6행 | 누적     18행 | 21컬럼
2026-06-12 04:15:43,624 [INFO]    parking_prk_stts          | 신규  1832행 | 누적   5496행 | 21컬럼
2026-06-12 04:15:43,624 [INFO]    ppltn                     | 신규   121행 | 누적    363행 | 26컬럼
2026-06-12 04:15:43,624 [INFO]    road                      | 신규   121행 | 누적    363행 | 21컬럼
2026-06-12 04:15:43,624 [INFO]    road_road_traffic_stts    | 신규  5254행 | 누적  15762행 | 17컬럼
2026-06-12 04:15:43,624 [INFO]    subway                    | 신규    38행 | 누적    114행 | 12컬럼
2026-06-12 04:15:43,624 [INFO]    subway_sub_stts           | 신규   183행 | 누적    549행 | 13컬럼
2026-06-12 04:15:43,624 [INFO]    weather                   | 신규   119행 | 누적    357행 | 29컬럼
2026-06-12 04:15:43,624 [INFO] 키별 사용량:
2026-06-12 04:15:43,625 [INFO]    🟢 KEY_1 (31/1000) 
2026-06-12 04:15:43,625 [INFO]    🟢 KEY_2 (30/1000) 
2026-06-12 04:15:43,625 [INFO]    🟢 KEY_3 (30/1000) 
2026-06-12 04:15:43,625 [INFO]    🟢 KEY_4 (30/1000) 
2026-06-12 06:00:14,324 [INFO] 등록된 키: 4개, 합산 한도 4,000건/일
2026-06-12 06:00:14,325 [INFO] POI 로드: 매뉴얼 v8.5 기준 fallback 121개 (121개 전체)
2026-06-12 06:00:14,325 [INFO] === 수집 시작 2026-06-12T06:00:14.325143+09:00 ===
2026-06-12 06:00:14,325 [INFO] 대상 장소: 121개 | API: citydata (통합)
2026-06-12 06:00:14,325 [INFO] 키 풀: 4/4 활성 | 오늘 사용 0/4000건
2026-06-12 06:00:14,325 [INFO]   [KEY_1] 담당 31장소
2026-06-12 06:00:14,325 [INFO]   [KEY_2] 담당 30장소
2026-06-12 06:00:14,325 [INFO]   [KEY_3] 담당 30장소
2026-06-12 06:00:14,325 [INFO]   [KEY_4] 담당 30장소
2026-06-12 06:00:14,325 [INFO] [1/121] 경복궁 (primary=KEY_1)
2026-06-12 06:00:16,427 [INFO] [2/121] 광화문·덕수궁 (primary=KEY_2)
2026-06-12 06:00:18,759 [INFO] [3/121] 보신각 (primary=KEY_3)
2026-06-12 06:00:20,093 [INFO] [4/121] 서울 암사동 유적 (primary=KEY_4)
2026-06-12 06:00:21,995 [INFO] [5/121] 창덕궁·종묘 (primary=KEY_1)
2026-06-12 06:00:23,875 [INFO] [6/121] 강남 MICE 관광특구 (primary=KEY_2)
2026-06-12 06:00:25,786 [INFO] [7/121] 동대문 관광특구 (primary=KEY_3)
2026-06-12 06:00:28,118 [INFO] [8/121] 명동 관광특구 (primary=KEY_4)
2026-06-12 06:00:30,642 [INFO] [9/121] 이태원 관광특구 (primary=KEY_1)
2026-06-12 06:00:32,158 [INFO] [10/121] 잠실 관광특구 (primary=KEY_2)
2026-06-12 06:00:34,670 [INFO] [11/121] 종로·청계 관광특구 (primary=KEY_3)
2026-06-12 06:00:36,241 [INFO] [12/121] 홍대 관광특구 (primary=KEY_4)
2026-06-12 06:00:38,470 [INFO] [13/121] 강서한강공원 (primary=KEY_1)
2026-06-12 06:00:39,590 [INFO] [14/121] 고척돔 (primary=KEY_2)
2026-06-12 06:00:40,721 [INFO] [15/121] 광나루한강공원 (primary=KEY_3)
2026-06-12 06:00:42,600 [INFO] [16/121] 광화문광장 (primary=KEY_4)
2026-06-12 06:00:44,710 [INFO] [17/121] 국립중앙박물관·용산가족공원 (primary=KEY_1)
2026-06-12 06:00:45,848 [INFO] [18/121] 난지한강공원 (primary=KEY_2)
2026-06-12 06:00:48,092 [INFO] [19/121] 남산공원 (primary=KEY_3)
2026-06-12 06:00:49,633 [INFO] [20/121] 노들섬 (primary=KEY_4)
2026-06-12 06:00:51,508 [INFO] [21/121] 뚝섬한강공원 (primary=KEY_1)
2026-06-12 06:00:52,638 [INFO] [22/121] 망원한강공원 (primary=KEY_2)
2026-06-12 06:00:54,573 [INFO] [23/121] 반포한강공원 (primary=KEY_3)
2026-06-12 06:00:56,471 [INFO] [24/121] 보라매공원 (primary=KEY_4)
2026-06-12 06:00:58,392 [INFO] [25/121] 북서울꿈의숲 (primary=KEY_1)
2026-06-12 06:01:00,314 [INFO] [26/121] 서대문독립공원 (primary=KEY_2)
2026-06-12 06:01:02,203 [INFO] [27/121] 서리풀공원·몽마르뜨공원 (primary=KEY_3)
2026-06-12 06:01:04,116 [INFO] [28/121] 서울대공원 (primary=KEY_4)
2026-06-12 06:01:05,238 [INFO] [29/121] 서울숲공원 (primary=KEY_1)
2026-06-12 06:01:06,587 [INFO] [30/121] 송현녹지광장 (primary=KEY_2)
2026-06-12 06:01:07,892 [INFO] [31/121] 아차산 (primary=KEY_3)
2026-06-12 06:01:09,012 [INFO] [32/121] 안양천 (primary=KEY_4)
2026-06-12 06:01:10,141 [INFO] [33/121] 양화한강공원 (primary=KEY_1)
2026-06-12 06:01:11,265 [INFO] [34/121] 어린이대공원 (primary=KEY_2)
2026-06-12 06:01:12,592 [INFO] [35/121] 여의도한강공원 (primary=KEY_3)
2026-06-12 06:01:14,653 [INFO] [36/121] 여의서로 (primary=KEY_4)
2026-06-12 06:01:15,954 [INFO] [37/121] 올림픽공원 (primary=KEY_1)
2026-06-12 06:01:18,051 [INFO] [38/121] 월드컵공원 (primary=KEY_2)
2026-06-12 06:01:19,588 [INFO] [39/121] 응봉산 (primary=KEY_3)
2026-06-12 06:01:20,911 [INFO] [40/121] 이촌한강공원 (primary=KEY_4)
2026-06-12 06:01:22,779 [INFO] [41/121] 잠실종합운동장 (primary=KEY_1)
2026-06-12 06:01:23,920 [INFO] [42/121] 잠실한강공원 (primary=KEY_2)
2026-06-12 06:01:25,628 [INFO] [43/121] 잠원한강공원 (primary=KEY_3)
2026-06-12 06:01:26,753 [INFO] [44/121] 청계산 (primary=KEY_4)
2026-06-12 06:01:27,883 [INFO] [45/121] 홍제폭포 (primary=KEY_1)
2026-06-12 06:01:29,010 [INFO] [46/121] 가락시장 (primary=KEY_2)
2026-06-12 06:01:30,341 [INFO] [47/121] 가로수길 (primary=KEY_3)
2026-06-12 06:01:31,707 [INFO] [48/121] 광장(전통)시장 (primary=KEY_4)
2026-06-12 06:01:32,848 [INFO] [49/121] 김포공항 (primary=KEY_1)
2026-06-12 06:01:34,404 [INFO] [50/121] 남대문시장 (primary=KEY_2)
2026-06-12 06:01:35,772 [INFO] [51/121] 노량진 (primary=KEY_3)
2026-06-12 06:01:37,112 [INFO] [52/121] 덕수궁길·정동길 (primary=KEY_4)
2026-06-12 06:01:38,510 [INFO] [53/121] 북창동 먹자골목 (primary=KEY_1)
2026-06-12 06:01:39,834 [INFO] [54/121] 북촌한옥마을 (primary=KEY_2)
2026-06-12 06:01:41,372 [INFO] [55/121] 서촌 (primary=KEY_3)
2026-06-12 06:01:42,706 [INFO] [56/121] 성수카페거리 (primary=KEY_4)
2026-06-12 06:01:44,228 [INFO] [57/121] 송리단길·호수단길 (primary=KEY_1)
2026-06-12 06:01:45,915 [INFO] [58/121] 신촌 스타광장 (primary=KEY_2)
2026-06-12 06:01:47,807 [INFO] [59/121] 압구정로데오거리 (primary=KEY_3)
2026-06-12 06:01:49,150 [INFO] [60/121] 여의도 (primary=KEY_4)
2026-06-12 06:01:51,329 [INFO] [61/121] 연남동 (primary=KEY_1)
2026-06-12 06:01:52,645 [INFO] [62/121] 영등포 타임스퀘어 (primary=KEY_2)
2026-06-12 06:01:53,981 [INFO] [63/121] 용리단길 (primary=KEY_3)
2026-06-12 06:01:55,136 [INFO] [64/121] 이태원 앤틱가구거리 (primary=KEY_4)
2026-06-12 06:01:57,229 [INFO] [65/121] 익선동 (primary=KEY_1)
2026-06-12 06:01:58,573 [INFO] [66/121] 인사동 (primary=KEY_2)
2026-06-12 06:02:00,088 [INFO] [67/121] 잠실롯데타워·석촌호수 (primary=KEY_3)
2026-06-12 06:02:01,813 [INFO] [68/121] 창동 신경제 중심지 (primary=KEY_4)
2026-06-12 06:02:03,572 [INFO] [69/121] 청담동 명품거리 (primary=KEY_1)
2026-06-12 06:02:04,900 [INFO] [70/121] 청량리 제기동 일대 전통시장 (primary=KEY_2)
2026-06-12 06:02:06,252 [INFO] [71/121] 해방촌·경리단길 (primary=KEY_3)
2026-06-12 06:02:07,964 [INFO] [72/121] DDP(동대문디자인플라자) (primary=KEY_4)
2026-06-12 06:02:10,079 [INFO] [73/121] DMC(디지털미디어시티) (primary=KEY_1)
2026-06-12 06:02:11,824 [INFO] [74/121] 가산디지털단지역 (primary=KEY_2)
2026-06-12 06:02:13,741 [INFO] [75/121] 강남역 (primary=KEY_3)
2026-06-12 06:02:15,278 [INFO] [76/121] 건대입구역 (primary=KEY_4)
2026-06-12 06:02:16,659 [INFO] [77/121] 고덕역 (primary=KEY_1)
2026-06-12 06:02:17,994 [INFO] [78/121] 고속터미널역 (primary=KEY_2)
2026-06-12 06:02:19,368 [INFO] [79/121] 교대역 (primary=KEY_3)
2026-06-12 06:02:21,480 [INFO] [80/121] 구로디지털단지역 (primary=KEY_4)
2026-06-12 06:02:23,186 [INFO] [81/121] 구로역 (primary=KEY_1)
2026-06-12 06:02:24,516 [INFO] [82/121] 군자역 (primary=KEY_2)
2026-06-12 06:02:25,858 [INFO] [83/121] 대림역 (primary=KEY_3)
2026-06-12 06:02:27,192 [INFO] [84/121] 동대문역 (primary=KEY_4)
2026-06-12 06:02:28,547 [INFO] [85/121] 뚝섬역 (primary=KEY_1)
2026-06-12 06:02:29,879 [INFO] [86/121] 미아사거리역 (primary=KEY_2)
2026-06-12 06:02:31,246 [INFO] [87/121] 발산역 (primary=KEY_3)
2026-06-12 06:02:32,953 [INFO] [88/121] 사당역 (primary=KEY_4)
2026-06-12 06:02:34,297 [INFO] [89/121] 삼각지역 (primary=KEY_1)
2026-06-12 06:02:35,638 [INFO] [90/121] 서울대입구역 (primary=KEY_2)
2026-06-12 06:02:36,971 [INFO] [91/121] 서울식물원·마곡나루역 (primary=KEY_3)
2026-06-12 06:02:39,274 [INFO] [92/121] 서울역 (primary=KEY_4)
2026-06-12 06:02:40,859 [INFO] [93/121] 선릉역 (primary=KEY_1)
2026-06-12 06:02:42,607 [INFO] [94/121] 성신여대입구역 (primary=KEY_2)
2026-06-12 06:02:43,761 [INFO] [95/121] 수유역 (primary=KEY_3)
2026-06-12 06:02:45,089 [INFO] [96/121] 숭례문 (primary=KEY_4)
2026-06-12 06:02:46,443 [INFO] [97/121] 시의회 앞 (primary=KEY_1)
2026-06-12 06:02:47,787 [INFO] [98/121] 신논현역·논현역 (primary=KEY_2)
2026-06-12 06:02:49,162 [INFO] [99/121] 신도림역 (primary=KEY_3)
2026-06-12 06:02:50,314 [INFO] [100/121] 신림역 (primary=KEY_4)
2026-06-12 06:02:51,684 [INFO] [101/121] 신정네거리역 (primary=KEY_1)
2026-06-12 06:02:53,008 [INFO] [102/121] 신촌·이대역 (primary=KEY_2)
2026-06-12 06:02:54,342 [INFO] [103/121] 쌍문역 (primary=KEY_3)
2026-06-12 06:02:55,652 [INFO] [104/121] 양재역 (primary=KEY_4)
2026-06-12 06:02:56,989 [INFO] [105/121] 역삼역 (primary=KEY_1)
2026-06-12 06:02:58,511 [INFO] [106/121] 연신내역 (primary=KEY_2)
2026-06-12 06:02:59,678 [INFO] [107/121] 오목교역·목동운동장 (primary=KEY_3)
2026-06-12 06:03:01,596 [INFO] [108/121] 왕십리역 (primary=KEY_4)
2026-06-12 06:03:03,148 [INFO] [109/121] 용산역 (primary=KEY_1)
2026-06-12 06:03:04,720 [INFO] [110/121] 이태원역 (primary=KEY_2)
2026-06-12 06:03:05,860 [INFO] [111/121] 잠실새내역 (primary=KEY_3)
2026-06-12 06:03:07,183 [INFO] [112/121] 잠실역 (primary=KEY_4)
2026-06-12 06:03:08,710 [INFO] [113/121] 장지역 (primary=KEY_1)
2026-06-12 06:03:10,230 [INFO] [114/121] 장한평역 (primary=KEY_2)
2026-06-12 06:03:11,554 [INFO] [115/121] 천호역 (primary=KEY_3)
2026-06-12 06:03:12,901 [INFO] [116/121] 총신대입구(이수)역 (primary=KEY_4)
2026-06-12 06:03:14,223 [INFO] [117/121] 충정로역 (primary=KEY_1)
2026-06-12 06:03:15,604 [INFO] [118/121] 합정역 (primary=KEY_2)
2026-06-12 06:03:16,942 [INFO] [119/121] 혜화역 (primary=KEY_3)
2026-06-12 06:03:18,270 [INFO] [120/121] 홍대입구역(2호선) (primary=KEY_4)
2026-06-12 06:03:19,625 [INFO] [121/121] 회기역 (primary=KEY_1)
2026-06-12 06:03:21,959 [INFO] === 수집 완료 | 성공 121, 실패 0 ===
2026-06-12 06:03:21,959 [INFO] 카테고리별 저장 결과:
2026-06-12 06:03:21,959 [INFO]    accident                  | 신규     3행 | 누적     12행 | 16컬럼
2026-06-12 06:03:21,959 [INFO]    area_meta                 | 신규   121행 | 누적    484행 | 5컬럼
2026-06-12 06:03:21,960 [INFO]    bike                      | 신규    12행 | 누적     48행 | 12컬럼
2026-06-12 06:03:21,960 [INFO]    bike_sbike_stts           | 신규   542행 | 누적   2168행 | 12컬럼
2026-06-12 06:03:21,960 [INFO]    bus                       | 신규     3행 | 누적     12행 | 11컬럼
2026-06-12 06:03:21,960 [INFO]    bus_bus_stn_stts          | 신규  1745행 | 누적   6980행 | 11컬럼
2026-06-12 06:03:21,960 [INFO]    charger                   | 신규     4행 | 누적     64행 | 15컬럼
2026-06-12 06:03:21,960 [INFO]    charger_charger_stts      | 신규  1909행 | 누적   4101행 | 15컬럼
2026-06-12 06:03:21,960 [INFO]    cmrcl                     | 신규    82행 | 누적    328행 | 20컬럼
2026-06-12 06:03:21,960 [INFO]    events                    | 신규    18행 | 누적     72행 | 14컬럼
2026-06-12 06:03:21,960 [INFO]    events_event_stts         | 신규   169행 | 누적    673행 | 14컬럼
2026-06-12 06:03:21,960 [INFO]    parking                   | 신규     6행 | 누적     24행 | 21컬럼
2026-06-12 06:03:21,960 [INFO]    parking_prk_stts          | 신규  1832행 | 누적   7328행 | 21컬럼
2026-06-12 06:03:21,960 [INFO]    ppltn                     | 신규   121행 | 누적    484행 | 26컬럼
2026-06-12 06:03:21,960 [INFO]    road                      | 신규   121행 | 누적    484행 | 21컬럼
2026-06-12 06:03:21,960 [INFO]    road_road_traffic_stts    | 신규  5254행 | 누적  21016행 | 17컬럼
2026-06-12 06:03:21,960 [INFO]    subway                    | 신규    38행 | 누적    152행 | 12컬럼
2026-06-12 06:03:21,960 [INFO]    subway_sub_stts           | 신규   183행 | 누적    732행 | 13컬럼
2026-06-12 06:03:21,960 [INFO]    weather                   | 신규   119행 | 누적    476행 | 29컬럼
2026-06-12 06:03:21,960 [INFO] 키별 사용량:
2026-06-12 06:03:21,960 [INFO]    🟢 KEY_1 (31/1000) 
2026-06-12 06:03:21,960 [INFO]    🟢 KEY_2 (30/1000) 
2026-06-12 06:03:21,960 [INFO]    🟢 KEY_3 (30/1000) 
2026-06-12 06:03:21,960 [INFO]    🟢 KEY_4 (30/1000) 
2026-06-12 06:50:18,468 [INFO] 등록된 키: 4개, 합산 한도 4,000건/일
2026-06-12 06:50:18,469 [INFO] POI 로드: 매뉴얼 v8.5 기준 fallback 121개 (121개 전체)
2026-06-12 06:50:18,469 [INFO] === 수집 시작 2026-06-12T06:50:18.469547+09:00 ===
2026-06-12 06:50:18,469 [INFO] 대상 장소: 121개 | API: citydata (통합)
2026-06-12 06:50:18,469 [INFO] 키 풀: 4/4 활성 | 오늘 사용 0/4000건
2026-06-12 06:50:18,469 [INFO]   [KEY_1] 담당 31장소
2026-06-12 06:50:18,469 [INFO]   [KEY_2] 담당 30장소
2026-06-12 06:50:18,469 [INFO]   [KEY_3] 담당 30장소
2026-06-12 06:50:18,470 [INFO]   [KEY_4] 담당 30장소
2026-06-12 06:50:18,470 [INFO] [1/121] 경복궁 (primary=KEY_1)
2026-06-12 06:50:20,224 [INFO] [2/121] 광화문·덕수궁 (primary=KEY_2)
2026-06-12 06:50:22,753 [INFO] [3/121] 보신각 (primary=KEY_3)
2026-06-12 06:50:24,408 [INFO] [4/121] 서울 암사동 유적 (primary=KEY_4)
2026-06-12 06:50:25,375 [INFO] [5/121] 창덕궁·종묘 (primary=KEY_1)
2026-06-12 06:50:26,526 [INFO] [6/121] 강남 MICE 관광특구 (primary=KEY_2)
2026-06-12 06:50:27,769 [INFO] [7/121] 동대문 관광특구 (primary=KEY_3)
2026-06-12 06:50:29,880 [INFO] [8/121] 명동 관광특구 (primary=KEY_4)
2026-06-12 06:50:31,479 [INFO] [9/121] 이태원 관광특구 (primary=KEY_1)
2026-06-12 06:50:33,442 [INFO] [10/121] 잠실 관광특구 (primary=KEY_2)
2026-06-12 06:50:35,007 [INFO] [11/121] 종로·청계 관광특구 (primary=KEY_3)
2026-06-12 06:50:36,332 [INFO] [12/121] 홍대 관광특구 (primary=KEY_4)
2026-06-12 06:50:38,171 [INFO] [13/121] 강서한강공원 (primary=KEY_1)
2026-06-12 06:50:39,667 [INFO] [14/121] 고척돔 (primary=KEY_2)
2026-06-12 06:50:40,789 [INFO] [15/121] 광나루한강공원 (primary=KEY_3)
2026-06-12 06:50:42,031 [INFO] [16/121] 광화문광장 (primary=KEY_4)
2026-06-12 06:50:43,287 [INFO] [17/121] 국립중앙박물관·용산가족공원 (primary=KEY_1)
2026-06-12 06:50:44,793 [INFO] [18/121] 난지한강공원 (primary=KEY_2)
2026-06-12 06:50:45,762 [INFO] [19/121] 남산공원 (primary=KEY_3)
2026-06-12 06:50:47,041 [INFO] [20/121] 노들섬 (primary=KEY_4)
2026-06-12 06:50:48,009 [INFO] [21/121] 뚝섬한강공원 (primary=KEY_1)
2026-06-12 06:50:48,989 [INFO] [22/121] 망원한강공원 (primary=KEY_2)
2026-06-12 06:50:50,118 [INFO] [23/121] 반포한강공원 (primary=KEY_3)
2026-06-12 06:50:51,081 [INFO] [24/121] 보라매공원 (primary=KEY_4)
2026-06-12 06:50:52,850 [INFO] [25/121] 북서울꿈의숲 (primary=KEY_1)
2026-06-12 06:50:54,617 [INFO] [26/121] 서대문독립공원 (primary=KEY_2)
2026-06-12 06:50:55,655 [INFO] [27/121] 서리풀공원·몽마르뜨공원 (primary=KEY_3)
2026-06-12 06:50:56,796 [INFO] [28/121] 서울대공원 (primary=KEY_4)
2026-06-12 06:50:58,019 [INFO] [29/121] 서울숲공원 (primary=KEY_1)
2026-06-12 06:50:59,139 [INFO] [30/121] 송현녹지광장 (primary=KEY_2)
2026-06-12 06:51:00,241 [INFO] [31/121] 아차산 (primary=KEY_3)
2026-06-12 06:51:01,200 [INFO] [32/121] 안양천 (primary=KEY_4)
2026-06-12 06:51:02,182 [INFO] [33/121] 양화한강공원 (primary=KEY_1)
2026-06-12 06:51:03,147 [INFO] [34/121] 어린이대공원 (primary=KEY_2)
2026-06-12 06:51:04,261 [INFO] [35/121] 여의도한강공원 (primary=KEY_3)
2026-06-12 06:51:05,367 [INFO] [36/121] 여의서로 (primary=KEY_4)
2026-06-12 06:51:06,460 [INFO] [37/121] 올림픽공원 (primary=KEY_1)
2026-06-12 06:51:07,729 [INFO] [38/121] 월드컵공원 (primary=KEY_2)
2026-06-12 06:51:09,173 [INFO] [39/121] 응봉산 (primary=KEY_3)
2026-06-12 06:51:10,269 [INFO] [40/121] 이촌한강공원 (primary=KEY_4)
2026-06-12 06:51:11,223 [INFO] [41/121] 잠실종합운동장 (primary=KEY_1)
2026-06-12 06:51:12,207 [INFO] [42/121] 잠실한강공원 (primary=KEY_2)
2026-06-12 06:51:13,185 [INFO] [43/121] 잠원한강공원 (primary=KEY_3)
2026-06-12 06:51:14,146 [INFO] [44/121] 청계산 (primary=KEY_4)
2026-06-12 06:51:15,107 [INFO] [45/121] 홍제폭포 (primary=KEY_1)
2026-06-12 06:51:16,319 [INFO] [46/121] 가락시장 (primary=KEY_2)
2026-06-12 06:51:17,521 [INFO] [47/121] 가로수길 (primary=KEY_3)
2026-06-12 06:51:18,650 [INFO] [48/121] 광장(전통)시장 (primary=KEY_4)
2026-06-12 06:51:19,625 [INFO] [49/121] 김포공항 (primary=KEY_1)
2026-06-12 06:51:20,879 [INFO] [50/121] 남대문시장 (primary=KEY_2)
2026-06-12 06:51:21,984 [INFO] [51/121] 노량진 (primary=KEY_3)
2026-06-12 06:51:23,125 [INFO] [52/121] 덕수궁길·정동길 (primary=KEY_4)
2026-06-12 06:51:24,270 [INFO] [53/121] 북창동 먹자골목 (primary=KEY_1)
2026-06-12 06:51:25,380 [INFO] [54/121] 북촌한옥마을 (primary=KEY_2)
2026-06-12 06:51:26,632 [INFO] [55/121] 서촌 (primary=KEY_3)
2026-06-12 06:51:27,739 [INFO] [56/121] 성수카페거리 (primary=KEY_4)
2026-06-12 06:51:28,999 [INFO] [57/121] 송리단길·호수단길 (primary=KEY_1)
2026-06-12 06:51:30,115 [INFO] [58/121] 신촌 스타광장 (primary=KEY_2)
2026-06-12 06:51:31,219 [INFO] [59/121] 압구정로데오거리 (primary=KEY_3)
2026-06-12 06:51:32,368 [INFO] [60/121] 여의도 (primary=KEY_4)
2026-06-12 06:51:34,120 [INFO] [61/121] 연남동 (primary=KEY_1)
2026-06-12 06:51:35,223 [INFO] [62/121] 영등포 타임스퀘어 (primary=KEY_2)
2026-06-12 06:51:36,331 [INFO] [63/121] 용리단길 (primary=KEY_3)
2026-06-12 06:51:37,347 [INFO] [64/121] 이태원 앤틱가구거리 (primary=KEY_4)
2026-06-12 06:51:38,338 [INFO] [65/121] 익선동 (primary=KEY_1)
2026-06-12 06:51:39,473 [INFO] [66/121] 인사동 (primary=KEY_2)
2026-06-12 06:51:40,606 [INFO] [67/121] 잠실롯데타워·석촌호수 (primary=KEY_3)
2026-06-12 06:51:41,735 [INFO] [68/121] 창동 신경제 중심지 (primary=KEY_4)
2026-06-12 06:51:43,050 [INFO] [69/121] 청담동 명품거리 (primary=KEY_1)
2026-06-12 06:51:44,209 [INFO] [70/121] 청량리 제기동 일대 전통시장 (primary=KEY_2)
2026-06-12 06:51:45,350 [INFO] [71/121] 해방촌·경리단길 (primary=KEY_3)
2026-06-12 06:51:46,603 [INFO] [72/121] DDP(동대문디자인플라자) (primary=KEY_4)
2026-06-12 06:51:47,737 [INFO] [73/121] DMC(디지털미디어시티) (primary=KEY_1)
2026-06-12 06:51:48,999 [INFO] [74/121] 가산디지털단지역 (primary=KEY_2)
2026-06-12 06:51:50,242 [INFO] [75/121] 강남역 (primary=KEY_3)
2026-06-12 06:51:51,542 [INFO] [76/121] 건대입구역 (primary=KEY_4)
2026-06-12 06:51:52,689 [INFO] [77/121] 고덕역 (primary=KEY_1)
2026-06-12 06:51:53,796 [INFO] [78/121] 고속터미널역 (primary=KEY_2)
2026-06-12 06:51:54,797 [INFO] [79/121] 교대역 (primary=KEY_3)
2026-06-12 06:51:55,776 [INFO] [80/121] 구로디지털단지역 (primary=KEY_4)
2026-06-12 06:51:56,909 [INFO] [81/121] 구로역 (primary=KEY_1)
2026-06-12 06:51:57,883 [INFO] [82/121] 군자역 (primary=KEY_2)
2026-06-12 06:51:59,011 [INFO] [83/121] 대림역 (primary=KEY_3)
2026-06-12 06:52:00,139 [INFO] [84/121] 동대문역 (primary=KEY_4)
2026-06-12 06:52:01,473 [INFO] [85/121] 뚝섬역 (primary=KEY_1)
2026-06-12 06:52:02,581 [INFO] [86/121] 미아사거리역 (primary=KEY_2)
2026-06-12 06:52:03,722 [INFO] [87/121] 발산역 (primary=KEY_3)
2026-06-12 06:52:04,972 [INFO] [88/121] 사당역 (primary=KEY_4)
2026-06-12 06:52:06,117 [INFO] [89/121] 삼각지역 (primary=KEY_1)
2026-06-12 06:52:07,150 [INFO] [90/121] 서울대입구역 (primary=KEY_2)
2026-06-12 06:52:08,129 [INFO] [91/121] 서울식물원·마곡나루역 (primary=KEY_3)
2026-06-12 06:52:09,253 [INFO] [92/121] 서울역 (primary=KEY_4)
2026-06-12 06:52:10,418 [INFO] [93/121] 선릉역 (primary=KEY_1)
2026-06-12 06:52:11,732 [INFO] [94/121] 성신여대입구역 (primary=KEY_2)
2026-06-12 06:52:12,732 [INFO] [95/121] 수유역 (primary=KEY_3)
2026-06-12 06:52:13,839 [INFO] [96/121] 숭례문 (primary=KEY_4)
2026-06-12 06:52:14,982 [INFO] [97/121] 시의회 앞 (primary=KEY_1)
2026-06-12 06:52:16,104 [INFO] [98/121] 신논현역·논현역 (primary=KEY_2)
2026-06-12 06:52:17,250 [INFO] [99/121] 신도림역 (primary=KEY_3)
2026-06-12 06:52:18,220 [INFO] [100/121] 신림역 (primary=KEY_4)
2026-06-12 06:52:19,211 [INFO] [101/121] 신정네거리역 (primary=KEY_1)
2026-06-12 06:52:20,335 [INFO] [102/121] 신촌·이대역 (primary=KEY_2)
2026-06-12 06:52:21,622 [INFO] [103/121] 쌍문역 (primary=KEY_3)
2026-06-12 06:52:22,614 [INFO] [104/121] 양재역 (primary=KEY_4)
2026-06-12 06:52:23,738 [INFO] [105/121] 역삼역 (primary=KEY_1)
2026-06-12 06:52:24,869 [INFO] [106/121] 연신내역 (primary=KEY_2)
2026-06-12 06:52:25,884 [INFO] [107/121] 오목교역·목동운동장 (primary=KEY_3)
2026-06-12 06:52:27,148 [INFO] [108/121] 왕십리역 (primary=KEY_4)
2026-06-12 06:52:28,294 [INFO] [109/121] 용산역 (primary=KEY_1)
2026-06-12 06:52:29,411 [INFO] [110/121] 이태원역 (primary=KEY_2)
2026-06-12 06:52:30,400 [INFO] [111/121] 잠실새내역 (primary=KEY_3)
2026-06-12 06:52:31,505 [INFO] [112/121] 잠실역 (primary=KEY_4)
2026-06-12 06:52:32,690 [INFO] [113/121] 장지역 (primary=KEY_1)
2026-06-12 06:52:33,803 [INFO] [114/121] 장한평역 (primary=KEY_2)
2026-06-12 06:52:34,930 [INFO] [115/121] 천호역 (primary=KEY_3)
2026-06-12 06:52:36,064 [INFO] [116/121] 총신대입구(이수)역 (primary=KEY_4)
2026-06-12 06:52:37,202 [INFO] [117/121] 충정로역 (primary=KEY_1)
2026-06-12 06:52:38,320 [INFO] [118/121] 합정역 (primary=KEY_2)
2026-06-12 06:52:39,479 [INFO] [119/121] 혜화역 (primary=KEY_3)
2026-06-12 06:52:40,762 [INFO] [120/121] 홍대입구역(2호선) (primary=KEY_4)
2026-06-12 06:52:41,895 [INFO] [121/121] 회기역 (primary=KEY_1)
2026-06-12 06:52:44,155 [INFO] === 수집 완료 | 성공 121, 실패 0 ===
2026-06-12 06:52:44,155 [INFO] 카테고리별 저장 결과:
2026-06-12 06:52:44,155 [INFO]    accident                  | 신규     3행 | 누적     15행 | 16컬럼
2026-06-12 06:52:44,155 [INFO]    area_meta                 | 신규   121행 | 누적    605행 | 5컬럼
2026-06-12 06:52:44,155 [INFO]    bike                      | 신규    12행 | 누적     60행 | 12컬럼
2026-06-12 06:52:44,155 [INFO]    bike_sbike_stts           | 신규   542행 | 누적   2710행 | 12컬럼
2026-06-12 06:52:44,155 [INFO]    bus                       | 신규     3행 | 누적     15행 | 11컬럼
2026-06-12 06:52:44,155 [INFO]    bus_bus_stn_stts          | 신규  1745행 | 누적   8725행 | 11컬럼
2026-06-12 06:52:44,155 [INFO]    charger                   | 신규    16행 | 누적     80행 | 15컬럼
2026-06-12 06:52:44,156 [INFO]    charger_charger_stts      | 신규   917행 | 누적   5011행 | 15컬럼
2026-06-12 06:52:44,156 [INFO]    cmrcl                     | 신규    82행 | 누적    410행 | 20컬럼
2026-06-12 06:52:44,156 [INFO]    events                    | 신규    18행 | 누적     90행 | 14컬럼
2026-06-12 06:52:44,156 [INFO]    events_event_stts         | 신규   169행 | 누적    842행 | 14컬럼
2026-06-12 06:52:44,156 [INFO]    parking                   | 신규     6행 | 누적     30행 | 21컬럼
2026-06-12 06:52:44,156 [INFO]    parking_prk_stts          | 신규  1832행 | 누적   9160행 | 21컬럼
2026-06-12 06:52:44,156 [INFO]    ppltn                     | 신규   121행 | 누적    605행 | 26컬럼
2026-06-12 06:52:44,156 [INFO]    road                      | 신규   121행 | 누적    605행 | 21컬럼
2026-06-12 06:52:44,156 [INFO]    road_road_traffic_stts    | 신규  5254행 | 누적  26270행 | 17컬럼
2026-06-12 06:52:44,156 [INFO]    subway                    | 신규    38행 | 누적    190행 | 12컬럼
2026-06-12 06:52:44,156 [INFO]    subway_sub_stts           | 신규   183행 | 누적    915행 | 13컬럼
2026-06-12 06:52:44,156 [INFO]    weather                   | 신규   119행 | 누적    595행 | 29컬럼
2026-06-12 06:52:44,156 [INFO] 키별 사용량:
2026-06-12 06:52:44,156 [INFO]    🟢 KEY_1 (31/1000) 
2026-06-12 06:52:44,156 [INFO]    🟢 KEY_2 (30/1000) 
2026-06-12 06:52:44,156 [INFO]    🟢 KEY_3 (30/1000) 
2026-06-12 06:52:44,157 [INFO]    🟢 KEY_4 (30/1000) 
2026-06-12 07:44:19,002 [INFO] 등록된 키: 4개, 합산 한도 4,000건/일
2026-06-12 07:44:19,003 [INFO] POI 로드: 매뉴얼 v8.5 기준 fallback 121개 (121개 전체)
2026-06-12 07:44:19,003 [INFO] === 수집 시작 2026-06-12T07:44:19.003280+09:00 ===
2026-06-12 07:44:19,003 [INFO] 대상 장소: 121개 | API: citydata (통합)
2026-06-12 07:44:19,003 [INFO] 키 풀: 4/4 활성 | 오늘 사용 0/4000건
2026-06-12 07:44:19,003 [INFO]   [KEY_1] 담당 31장소
2026-06-12 07:44:19,003 [INFO]   [KEY_2] 담당 30장소
2026-06-12 07:44:19,003 [INFO]   [KEY_3] 담당 30장소
2026-06-12 07:44:19,003 [INFO]   [KEY_4] 담당 30장소
2026-06-12 07:44:19,003 [INFO] [1/121] 경복궁 (primary=KEY_1)
2026-06-12 07:44:21,019 [INFO] [2/121] 광화문·덕수궁 (primary=KEY_2)
2026-06-12 07:44:23,227 [INFO] [3/121] 보신각 (primary=KEY_3)
2026-06-12 07:44:25,527 [INFO] [4/121] 서울 암사동 유적 (primary=KEY_4)
2026-06-12 07:44:27,481 [INFO] [5/121] 창덕궁·종묘 (primary=KEY_1)
2026-06-12 07:44:29,432 [INFO] [6/121] 강남 MICE 관광특구 (primary=KEY_2)
2026-06-12 07:44:31,135 [INFO] [7/121] 동대문 관광특구 (primary=KEY_3)
2026-06-12 07:44:33,196 [INFO] [8/121] 명동 관광특구 (primary=KEY_4)
2026-06-12 07:44:35,462 [INFO] [9/121] 이태원 관광특구 (primary=KEY_1)
2026-06-12 07:44:36,735 [INFO] [10/121] 잠실 관광특구 (primary=KEY_2)
2026-06-12 07:44:38,284 [INFO] [11/121] 종로·청계 관광특구 (primary=KEY_3)
2026-06-12 07:44:39,789 [INFO] [12/121] 홍대 관광특구 (primary=KEY_4)
2026-06-12 07:44:41,488 [INFO] [13/121] 강서한강공원 (primary=KEY_1)
2026-06-12 07:44:43,134 [INFO] [14/121] 고척돔 (primary=KEY_2)
2026-06-12 07:44:44,207 [INFO] [15/121] 광나루한강공원 (primary=KEY_3)
2026-06-12 07:44:45,461 [INFO] [16/121] 광화문광장 (primary=KEY_4)
2026-06-12 07:44:47,436 [INFO] [17/121] 국립중앙박물관·용산가족공원 (primary=KEY_1)
2026-06-12 07:44:48,518 [INFO] [18/121] 난지한강공원 (primary=KEY_2)
2026-06-12 07:44:49,601 [INFO] [19/121] 남산공원 (primary=KEY_3)
2026-06-12 07:44:51,058 [INFO] [20/121] 노들섬 (primary=KEY_4)
2026-06-12 07:44:52,139 [INFO] [21/121] 뚝섬한강공원 (primary=KEY_1)
2026-06-12 07:44:53,243 [INFO] [22/121] 망원한강공원 (primary=KEY_2)
2026-06-12 07:44:55,194 [INFO] [23/121] 반포한강공원 (primary=KEY_3)
2026-06-12 07:44:56,276 [INFO] [24/121] 보라매공원 (primary=KEY_4)
2026-06-12 07:44:57,407 [INFO] [25/121] 북서울꿈의숲 (primary=KEY_1)
2026-06-12 07:44:58,512 [INFO] [26/121] 서대문독립공원 (primary=KEY_2)
2026-06-12 07:44:59,612 [INFO] [27/121] 서리풀공원·몽마르뜨공원 (primary=KEY_3)
2026-06-12 07:45:00,898 [INFO] [28/121] 서울대공원 (primary=KEY_4)
2026-06-12 07:45:01,961 [INFO] [29/121] 서울숲공원 (primary=KEY_1)
2026-06-12 07:45:03,222 [INFO] [30/121] 송현녹지광장 (primary=KEY_2)
2026-06-12 07:45:04,477 [INFO] [31/121] 아차산 (primary=KEY_3)
2026-06-12 07:45:05,547 [INFO] [32/121] 안양천 (primary=KEY_4)
2026-06-12 07:45:06,621 [INFO] [33/121] 양화한강공원 (primary=KEY_1)
2026-06-12 07:45:07,697 [INFO] [34/121] 어린이대공원 (primary=KEY_2)
2026-06-12 07:45:08,788 [INFO] [35/121] 여의도한강공원 (primary=KEY_3)
2026-06-12 07:45:10,047 [INFO] [36/121] 여의서로 (primary=KEY_4)
2026-06-12 07:45:11,116 [INFO] [37/121] 올림픽공원 (primary=KEY_1)
2026-06-12 07:45:12,393 [INFO] [38/121] 월드컵공원 (primary=KEY_2)
2026-06-12 07:45:13,866 [INFO] [39/121] 응봉산 (primary=KEY_3)
2026-06-12 07:45:15,116 [INFO] [40/121] 이촌한강공원 (primary=KEY_4)
2026-06-12 07:45:16,180 [INFO] [41/121] 잠실종합운동장 (primary=KEY_1)
2026-06-12 07:45:17,260 [INFO] [42/121] 잠실한강공원 (primary=KEY_2)
2026-06-12 07:45:18,331 [INFO] [43/121] 잠원한강공원 (primary=KEY_3)
2026-06-12 07:45:19,395 [INFO] [44/121] 청계산 (primary=KEY_4)
2026-06-12 07:45:20,473 [INFO] [45/121] 홍제폭포 (primary=KEY_1)
2026-06-12 07:45:21,535 [INFO] [46/121] 가락시장 (primary=KEY_2)
2026-06-12 07:45:22,837 [INFO] [47/121] 가로수길 (primary=KEY_3)
2026-06-12 07:45:24,111 [INFO] [48/121] 광장(전통)시장 (primary=KEY_4)
2026-06-12 07:45:25,189 [INFO] [49/121] 김포공항 (primary=KEY_1)
2026-06-12 07:45:26,472 [INFO] [50/121] 남대문시장 (primary=KEY_2)
2026-06-12 07:45:27,570 [INFO] [51/121] 노량진 (primary=KEY_3)
2026-06-12 07:45:28,832 [INFO] [52/121] 덕수궁길·정동길 (primary=KEY_4)
2026-06-12 07:45:30,108 [INFO] [53/121] 북창동 먹자골목 (primary=KEY_1)
2026-06-12 07:45:31,189 [INFO] [54/121] 북촌한옥마을 (primary=KEY_2)
2026-06-12 07:45:32,442 [INFO] [55/121] 서촌 (primary=KEY_3)
2026-06-12 07:45:33,693 [INFO] [56/121] 성수카페거리 (primary=KEY_4)
2026-06-12 07:45:36,026 [INFO] [57/121] 송리단길·호수단길 (primary=KEY_1)
2026-06-12 07:45:37,298 [INFO] [58/121] 신촌 스타광장 (primary=KEY_2)
2026-06-12 07:45:38,393 [INFO] [59/121] 압구정로데오거리 (primary=KEY_3)
2026-06-12 07:45:39,658 [INFO] [60/121] 여의도 (primary=KEY_4)
2026-06-12 07:45:41,512 [INFO] [61/121] 연남동 (primary=KEY_1)
2026-06-12 07:45:42,772 [INFO] [62/121] 영등포 타임스퀘어 (primary=KEY_2)
2026-06-12 07:45:44,027 [INFO] [63/121] 용리단길 (primary=KEY_3)
2026-06-12 07:45:45,145 [INFO] [64/121] 이태원 앤틱가구거리 (primary=KEY_4)
2026-06-12 07:45:46,242 [INFO] [65/121] 익선동 (primary=KEY_1)
2026-06-12 07:45:47,563 [INFO] [66/121] 인사동 (primary=KEY_2)
2026-06-12 07:45:48,829 [INFO] [67/121] 잠실롯데타워·석촌호수 (primary=KEY_3)
2026-06-12 07:45:50,122 [INFO] [68/121] 창동 신경제 중심지 (primary=KEY_4)
2026-06-12 07:45:51,571 [INFO] [69/121] 청담동 명품거리 (primary=KEY_1)
2026-06-12 07:45:52,836 [INFO] [70/121] 청량리 제기동 일대 전통시장 (primary=KEY_2)
2026-06-12 07:45:54,121 [INFO] [71/121] 해방촌·경리단길 (primary=KEY_3)
2026-06-12 07:45:55,195 [INFO] [72/121] DDP(동대문디자인플라자) (primary=KEY_4)
2026-06-12 07:45:56,507 [INFO] [73/121] DMC(디지털미디어시티) (primary=KEY_1)
2026-06-12 07:45:58,021 [INFO] [74/121] 가산디지털단지역 (primary=KEY_2)
2026-06-12 07:45:59,464 [INFO] [75/121] 강남역 (primary=KEY_3)
2026-06-12 07:46:00,958 [INFO] [76/121] 건대입구역 (primary=KEY_4)
2026-06-12 07:46:02,230 [INFO] [77/121] 고덕역 (primary=KEY_1)
2026-06-12 07:46:03,497 [INFO] [78/121] 고속터미널역 (primary=KEY_2)
2026-06-12 07:46:04,599 [INFO] [79/121] 교대역 (primary=KEY_3)
2026-06-12 07:46:05,686 [INFO] [80/121] 구로디지털단지역 (primary=KEY_4)
2026-06-12 07:46:06,954 [INFO] [81/121] 구로역 (primary=KEY_1)
2026-06-12 07:46:08,052 [INFO] [82/121] 군자역 (primary=KEY_2)
2026-06-12 07:46:09,326 [INFO] [83/121] 대림역 (primary=KEY_3)
2026-06-12 07:46:10,603 [INFO] [84/121] 동대문역 (primary=KEY_4)
2026-06-12 07:46:11,869 [INFO] [85/121] 뚝섬역 (primary=KEY_1)
2026-06-12 07:46:13,131 [INFO] [86/121] 미아사거리역 (primary=KEY_2)
2026-06-12 07:46:14,389 [INFO] [87/121] 발산역 (primary=KEY_3)
2026-06-12 07:46:15,819 [INFO] [88/121] 사당역 (primary=KEY_4)
2026-06-12 07:46:17,084 [INFO] [89/121] 삼각지역 (primary=KEY_1)
2026-06-12 07:46:18,182 [INFO] [90/121] 서울대입구역 (primary=KEY_2)
2026-06-12 07:46:19,276 [INFO] [91/121] 서울식물원·마곡나루역 (primary=KEY_3)
2026-06-12 07:46:20,539 [INFO] [92/121] 서울역 (primary=KEY_4)
2026-06-12 07:46:21,838 [INFO] [93/121] 선릉역 (primary=KEY_1)
2026-06-12 07:46:23,387 [INFO] [94/121] 성신여대입구역 (primary=KEY_2)
2026-06-12 07:46:24,489 [INFO] [95/121] 수유역 (primary=KEY_3)
2026-06-12 07:46:25,743 [INFO] [96/121] 숭례문 (primary=KEY_4)
2026-06-12 07:46:27,028 [INFO] [97/121] 시의회 앞 (primary=KEY_1)
2026-06-12 07:46:28,291 [INFO] [98/121] 신논현역·논현역 (primary=KEY_2)
2026-06-12 07:46:29,568 [INFO] [99/121] 신도림역 (primary=KEY_3)
2026-06-12 07:46:30,654 [INFO] [100/121] 신림역 (primary=KEY_4)
2026-06-12 07:46:31,757 [INFO] [101/121] 신정네거리역 (primary=KEY_1)
2026-06-12 07:46:32,853 [INFO] [102/121] 신촌·이대역 (primary=KEY_2)
2026-06-12 07:46:34,134 [INFO] [103/121] 쌍문역 (primary=KEY_3)
2026-06-12 07:46:35,237 [INFO] [104/121] 양재역 (primary=KEY_4)
2026-06-12 07:46:36,512 [INFO] [105/121] 역삼역 (primary=KEY_1)
2026-06-12 07:46:37,845 [INFO] [106/121] 연신내역 (primary=KEY_2)
2026-06-12 07:46:38,969 [INFO] [107/121] 오목교역·목동운동장 (primary=KEY_3)
2026-06-12 07:46:40,423 [INFO] [108/121] 왕십리역 (primary=KEY_4)
2026-06-12 07:46:41,743 [INFO] [109/121] 용산역 (primary=KEY_1)
2026-06-12 07:46:43,024 [INFO] [110/121] 이태원역 (primary=KEY_2)
2026-06-12 07:46:44,123 [INFO] [111/121] 잠실새내역 (primary=KEY_3)
2026-06-12 07:46:45,380 [INFO] [112/121] 잠실역 (primary=KEY_4)
2026-06-12 07:46:46,646 [INFO] [113/121] 장지역 (primary=KEY_1)
2026-06-12 07:46:47,903 [INFO] [114/121] 장한평역 (primary=KEY_2)
2026-06-12 07:46:49,164 [INFO] [115/121] 천호역 (primary=KEY_3)
2026-06-12 07:46:50,495 [INFO] [116/121] 총신대입구(이수)역 (primary=KEY_4)
2026-06-12 07:46:51,780 [INFO] [117/121] 충정로역 (primary=KEY_1)
2026-06-12 07:46:53,073 [INFO] [118/121] 합정역 (primary=KEY_2)
2026-06-12 07:46:54,362 [INFO] [119/121] 혜화역 (primary=KEY_3)
2026-06-12 07:46:55,622 [INFO] [120/121] 홍대입구역(2호선) (primary=KEY_4)
2026-06-12 07:46:56,904 [INFO] [121/121] 회기역 (primary=KEY_1)
2026-06-12 07:46:59,390 [INFO] === 수집 완료 | 성공 121, 실패 0 ===
2026-06-12 07:46:59,390 [INFO] 카테고리별 저장 결과:
2026-06-12 07:46:59,391 [INFO]    accident                  | 신규     4행 | 누적     19행 | 16컬럼
2026-06-12 07:46:59,391 [INFO]    area_meta                 | 신규   121행 | 누적    726행 | 5컬럼
2026-06-12 07:46:59,391 [INFO]    bike                      | 신규    12행 | 누적     72행 | 12컬럼
2026-06-12 07:46:59,391 [INFO]    bike_sbike_stts           | 신규   542행 | 누적   3252행 | 12컬럼
2026-06-12 07:46:59,391 [INFO]    bus                       | 신규     3행 | 누적     18행 | 11컬럼
2026-06-12 07:46:59,391 [INFO]    bus_bus_stn_stts          | 신규  1745행 | 누적  10470행 | 11컬럼
2026-06-12 07:46:59,391 [INFO]    charger                   | 신규    25행 | 누적    105행 | 15컬럼
2026-06-12 07:46:59,391 [INFO]    charger_charger_stts      | 신규   335행 | 누적   5344행 | 15컬럼
2026-06-12 07:46:59,391 [INFO]    cmrcl                     | 신규    82행 | 누적    492행 | 20컬럼
2026-06-12 07:46:59,391 [INFO]    events                    | 신규    18행 | 누적    108행 | 14컬럼
2026-06-12 07:46:59,391 [INFO]    events_event_stts         | 신규   169행 | 누적   1011행 | 14컬럼
2026-06-12 07:46:59,391 [INFO]    parking                   | 신규     6행 | 누적     36행 | 21컬럼
2026-06-12 07:46:59,391 [INFO]    parking_prk_stts          | 신규  1832행 | 누적  10992행 | 21컬럼
2026-06-12 07:46:59,391 [INFO]    ppltn                     | 신규   121행 | 누적    726행 | 26컬럼
2026-06-12 07:46:59,391 [INFO]    road                      | 신규   121행 | 누적    726행 | 21컬럼
2026-06-12 07:46:59,391 [INFO]    road_road_traffic_stts    | 신규  5254행 | 누적  31524행 | 17컬럼
2026-06-12 07:46:59,391 [INFO]    subway                    | 신규    38행 | 누적    228행 | 12컬럼
2026-06-12 07:46:59,392 [INFO]    subway_sub_stts           | 신규   183행 | 누적   1098행 | 13컬럼
2026-06-12 07:46:59,392 [INFO]    weather                   | 신규   119행 | 누적    714행 | 29컬럼
2026-06-12 07:46:59,392 [INFO] 키별 사용량:
2026-06-12 07:46:59,392 [INFO]    🟢 KEY_1 (31/1000) 
2026-06-12 07:46:59,392 [INFO]    🟢 KEY_2 (30/1000) 
2026-06-12 07:46:59,392 [INFO]    🟢 KEY_3 (30/1000) 
2026-06-12 07:46:59,392 [INFO]    🟢 KEY_4 (30/1000) 
2026-06-12 08:40:39,109 [INFO] 등록된 키: 4개, 합산 한도 4,000건/일
2026-06-12 08:40:39,109 [INFO] POI 로드: 매뉴얼 v8.5 기준 fallback 121개 (121개 전체)
2026-06-12 08:40:39,110 [INFO] === 수집 시작 2026-06-12T08:40:39.110042+09:00 ===
2026-06-12 08:40:39,110 [INFO] 대상 장소: 121개 | API: citydata (통합)
2026-06-12 08:40:39,110 [INFO] 키 풀: 4/4 활성 | 오늘 사용 0/4000건
2026-06-12 08:40:39,110 [INFO]   [KEY_1] 담당 31장소
2026-06-12 08:40:39,110 [INFO]   [KEY_2] 담당 30장소
2026-06-12 08:40:39,110 [INFO]   [KEY_3] 담당 30장소
2026-06-12 08:40:39,110 [INFO]   [KEY_4] 담당 30장소
2026-06-12 08:40:39,110 [INFO] [1/121] 경복궁 (primary=KEY_1)
2026-06-12 08:40:41,582 [INFO] [2/121] 광화문·덕수궁 (primary=KEY_2)
2026-06-12 08:40:44,121 [INFO] [3/121] 보신각 (primary=KEY_3)
2026-06-12 08:40:46,229 [INFO] [4/121] 서울 암사동 유적 (primary=KEY_4)
2026-06-12 08:40:48,116 [INFO] [5/121] 창덕궁·종묘 (primary=KEY_1)
2026-06-12 08:40:50,213 [INFO] [6/121] 강남 MICE 관광특구 (primary=KEY_2)
2026-06-12 08:40:52,160 [INFO] [7/121] 동대문 관광특구 (primary=KEY_3)
2026-06-12 08:40:54,733 [INFO] [8/121] 명동 관광특구 (primary=KEY_4)
2026-06-12 08:40:57,647 [INFO] [9/121] 이태원 관광특구 (primary=KEY_1)
2026-06-12 08:40:59,000 [INFO] [10/121] 잠실 관광특구 (primary=KEY_2)
2026-06-12 08:41:01,489 [INFO] [11/121] 종로·청계 관광특구 (primary=KEY_3)
2026-06-12 08:41:03,787 [INFO] [12/121] 홍대 관광특구 (primary=KEY_4)
2026-06-12 08:41:06,097 [INFO] [13/121] 강서한강공원 (primary=KEY_1)
2026-06-12 08:41:08,356 [INFO] [14/121] 고척돔 (primary=KEY_2)
2026-06-12 08:41:09,472 [INFO] [15/121] 광나루한강공원 (primary=KEY_3)
2026-06-12 08:41:11,919 [INFO] [16/121] 광화문광장 (primary=KEY_4)
2026-06-12 08:41:13,819 [INFO] [17/121] 국립중앙박물관·용산가족공원 (primary=KEY_1)
2026-06-12 08:41:15,499 [INFO] [18/121] 난지한강공원 (primary=KEY_2)
2026-06-12 08:41:16,629 [INFO] [19/121] 남산공원 (primary=KEY_3)
2026-06-12 08:41:18,170 [INFO] [20/121] 노들섬 (primary=KEY_4)
2026-06-12 08:41:19,293 [INFO] [21/121] 뚝섬한강공원 (primary=KEY_1)
2026-06-12 08:41:21,106 [INFO] [22/121] 망원한강공원 (primary=KEY_2)
2026-06-12 08:41:22,445 [INFO] [23/121] 반포한강공원 (primary=KEY_3)
2026-06-12 08:41:24,704 [INFO] [24/121] 보라매공원 (primary=KEY_4)
2026-06-12 08:41:25,839 [INFO] [25/121] 북서울꿈의숲 (primary=KEY_1)
2026-06-12 08:41:27,173 [INFO] [26/121] 서대문독립공원 (primary=KEY_2)
2026-06-12 08:41:28,885 [INFO] [27/121] 서리풀공원·몽마르뜨공원 (primary=KEY_3)
2026-06-12 08:41:30,273 [INFO] [28/121] 서울대공원 (primary=KEY_4)
2026-06-12 08:41:31,378 [INFO] [29/121] 서울숲공원 (primary=KEY_1)
2026-06-12 08:41:32,719 [INFO] [30/121] 송현녹지광장 (primary=KEY_2)
2026-06-12 08:41:34,062 [INFO] [31/121] 아차산 (primary=KEY_3)
2026-06-12 08:41:35,202 [INFO] [32/121] 안양천 (primary=KEY_4)
2026-06-12 08:41:36,347 [INFO] [33/121] 양화한강공원 (primary=KEY_1)
2026-06-12 08:41:38,234 [INFO] [34/121] 어린이대공원 (primary=KEY_2)
2026-06-12 08:41:39,569 [INFO] [35/121] 여의도한강공원 (primary=KEY_3)
2026-06-12 08:41:40,880 [INFO] [36/121] 여의서로 (primary=KEY_4)
2026-06-12 08:41:42,226 [INFO] [37/121] 올림픽공원 (primary=KEY_1)
2026-06-12 08:41:43,818 [INFO] [38/121] 월드컵공원 (primary=KEY_2)
2026-06-12 08:41:46,494 [INFO] [39/121] 응봉산 (primary=KEY_3)
2026-06-12 08:41:48,742 [INFO] [40/121] 이촌한강공원 (primary=KEY_4)
2026-06-12 08:41:50,062 [INFO] [41/121] 잠실종합운동장 (primary=KEY_1)
2026-06-12 08:41:51,235 [INFO] [42/121] 잠실한강공원 (primary=KEY_2)
2026-06-12 08:41:52,382 [INFO] [43/121] 잠원한강공원 (primary=KEY_3)
2026-06-12 08:41:53,496 [INFO] [44/121] 청계산 (primary=KEY_4)
2026-06-12 08:41:54,611 [INFO] [45/121] 홍제폭포 (primary=KEY_1)
2026-06-12 08:41:55,731 [INFO] [46/121] 가락시장 (primary=KEY_2)
2026-06-12 08:41:57,077 [INFO] [47/121] 가로수길 (primary=KEY_3)
2026-06-12 08:41:58,426 [INFO] [48/121] 광장(전통)시장 (primary=KEY_4)
2026-06-12 08:41:59,569 [INFO] [49/121] 김포공항 (primary=KEY_1)
2026-06-12 08:42:01,106 [INFO] [50/121] 남대문시장 (primary=KEY_2)
2026-06-12 08:42:02,428 [INFO] [51/121] 노량진 (primary=KEY_3)
2026-06-12 08:42:03,765 [INFO] [52/121] 덕수궁길·정동길 (primary=KEY_4)
2026-06-12 08:42:05,146 [INFO] [53/121] 북창동 먹자골목 (primary=KEY_1)
2026-06-12 08:42:06,469 [INFO] [54/121] 북촌한옥마을 (primary=KEY_2)
2026-06-12 08:42:08,749 [INFO] [55/121] 서촌 (primary=KEY_3)
2026-06-12 08:42:10,076 [INFO] [56/121] 성수카페거리 (primary=KEY_4)
2026-06-12 08:42:11,606 [INFO] [57/121] 송리단길·호수단길 (primary=KEY_1)
2026-06-12 08:42:12,964 [INFO] [58/121] 신촌 스타광장 (primary=KEY_2)
2026-06-12 08:42:14,095 [INFO] [59/121] 압구정로데오거리 (primary=KEY_3)
2026-06-12 08:42:15,532 [INFO] [60/121] 여의도 (primary=KEY_4)
2026-06-12 08:42:17,709 [INFO] [61/121] 연남동 (primary=KEY_1)
2026-06-12 08:42:19,059 [INFO] [62/121] 영등포 타임스퀘어 (primary=KEY_2)
2026-06-12 08:42:20,399 [INFO] [63/121] 용리단길 (primary=KEY_3)
2026-06-12 08:42:21,581 [INFO] [64/121] 이태원 앤틱가구거리 (primary=KEY_4)
2026-06-12 08:42:22,893 [INFO] [65/121] 익선동 (primary=KEY_1)
2026-06-12 08:42:24,238 [INFO] [66/121] 인사동 (primary=KEY_2)
2026-06-12 08:42:25,771 [INFO] [67/121] 잠실롯데타워·석촌호수 (primary=KEY_3)
2026-06-12 08:42:27,545 [INFO] [68/121] 창동 신경제 중심지 (primary=KEY_4)
2026-06-12 08:42:30,465 [INFO] [69/121] 청담동 명품거리 (primary=KEY_1)
2026-06-12 08:42:31,796 [INFO] [70/121] 청량리 제기동 일대 전통시장 (primary=KEY_2)
2026-06-12 08:42:33,135 [INFO] [71/121] 해방촌·경리단길 (primary=KEY_3)
2026-06-12 08:42:34,271 [INFO] [72/121] DDP(동대문디자인플라자) (primary=KEY_4)
2026-06-12 08:42:35,598 [INFO] [73/121] DMC(디지털미디어시티) (primary=KEY_1)
2026-06-12 08:42:37,391 [INFO] [74/121] 가산디지털단지역 (primary=KEY_2)
2026-06-12 08:42:39,331 [INFO] [75/121] 강남역 (primary=KEY_3)
2026-06-12 08:42:40,890 [INFO] [76/121] 건대입구역 (primary=KEY_4)
2026-06-12 08:42:42,229 [INFO] [77/121] 고덕역 (primary=KEY_1)
2026-06-12 08:42:43,533 [INFO] [78/121] 고속터미널역 (primary=KEY_2)
2026-06-12 08:42:44,921 [INFO] [79/121] 교대역 (primary=KEY_3)
2026-06-12 08:42:46,265 [INFO] [80/121] 구로디지털단지역 (primary=KEY_4)
2026-06-12 08:42:47,955 [INFO] [81/121] 구로역 (primary=KEY_1)
2026-06-12 08:42:50,048 [INFO] [82/121] 군자역 (primary=KEY_2)
2026-06-12 08:42:51,373 [INFO] [83/121] 대림역 (primary=KEY_3)
2026-06-12 08:42:52,741 [INFO] [84/121] 동대문역 (primary=KEY_4)
2026-06-12 08:42:54,119 [INFO] [85/121] 뚝섬역 (primary=KEY_1)
2026-06-12 08:42:55,479 [INFO] [86/121] 미아사거리역 (primary=KEY_2)
2026-06-12 08:42:56,811 [INFO] [87/121] 발산역 (primary=KEY_3)
2026-06-12 08:42:58,542 [INFO] [88/121] 사당역 (primary=KEY_4)
2026-06-12 08:42:59,858 [INFO] [89/121] 삼각지역 (primary=KEY_1)
2026-06-12 08:43:01,255 [INFO] [90/121] 서울대입구역 (primary=KEY_2)
2026-06-12 08:43:02,610 [INFO] [91/121] 서울식물원·마곡나루역 (primary=KEY_3)
2026-06-12 08:43:04,186 [INFO] [92/121] 서울역 (primary=KEY_4)
2026-06-12 08:43:05,794 [INFO] [93/121] 선릉역 (primary=KEY_1)
2026-06-12 08:43:07,525 [INFO] [94/121] 성신여대입구역 (primary=KEY_2)
2026-06-12 08:43:08,699 [INFO] [95/121] 수유역 (primary=KEY_3)
2026-06-12 08:43:10,045 [INFO] [96/121] 숭례문 (primary=KEY_4)
2026-06-12 08:43:11,396 [INFO] [97/121] 시의회 앞 (primary=KEY_1)
2026-06-12 08:43:12,762 [INFO] [98/121] 신논현역·논현역 (primary=KEY_2)
2026-06-12 08:43:14,120 [INFO] [99/121] 신도림역 (primary=KEY_3)
2026-06-12 08:43:15,274 [INFO] [100/121] 신림역 (primary=KEY_4)
2026-06-12 08:43:16,619 [INFO] [101/121] 신정네거리역 (primary=KEY_1)
2026-06-12 08:43:17,959 [INFO] [102/121] 신촌·이대역 (primary=KEY_2)
2026-06-12 08:43:19,306 [INFO] [103/121] 쌍문역 (primary=KEY_3)
2026-06-12 08:43:20,633 [INFO] [104/121] 양재역 (primary=KEY_4)
2026-06-12 08:43:22,008 [INFO] [105/121] 역삼역 (primary=KEY_1)
2026-06-12 08:43:23,562 [INFO] [106/121] 연신내역 (primary=KEY_2)
2026-06-12 08:43:24,737 [INFO] [107/121] 오목교역·목동운동장 (primary=KEY_3)
2026-06-12 08:43:26,662 [INFO] [108/121] 왕십리역 (primary=KEY_4)
2026-06-12 08:43:28,189 [INFO] [109/121] 용산역 (primary=KEY_1)
2026-06-12 08:43:29,809 [INFO] [110/121] 이태원역 (primary=KEY_2)
2026-06-12 08:43:30,966 [INFO] [111/121] 잠실새내역 (primary=KEY_3)
2026-06-12 08:43:32,312 [INFO] [112/121] 잠실역 (primary=KEY_4)
2026-06-12 08:43:33,866 [INFO] [113/121] 장지역 (primary=KEY_1)
2026-06-12 08:43:35,398 [INFO] [114/121] 장한평역 (primary=KEY_2)
2026-06-12 08:43:36,729 [INFO] [115/121] 천호역 (primary=KEY_3)
2026-06-12 08:43:38,099 [INFO] [116/121] 총신대입구(이수)역 (primary=KEY_4)
2026-06-12 08:43:39,453 [INFO] [117/121] 충정로역 (primary=KEY_1)
2026-06-12 08:43:40,771 [INFO] [118/121] 합정역 (primary=KEY_2)
2026-06-12 08:43:42,141 [INFO] [119/121] 혜화역 (primary=KEY_3)
2026-06-12 08:43:43,454 [INFO] [120/121] 홍대입구역(2호선) (primary=KEY_4)
2026-06-12 08:43:44,816 [INFO] [121/121] 회기역 (primary=KEY_1)
2026-06-12 08:43:47,530 [INFO] === 수집 완료 | 성공 121, 실패 0 ===
2026-06-12 08:43:47,530 [INFO] 카테고리별 저장 결과:
2026-06-12 08:43:47,530 [INFO]    accident                  | 신규     4행 | 누적     23행 | 16컬럼
2026-06-12 08:43:47,530 [INFO]    area_meta                 | 신규   121행 | 누적    847행 | 5컬럼
2026-06-12 08:43:47,530 [INFO]    bike                      | 신규    12행 | 누적     84행 | 12컬럼
2026-06-12 08:43:47,530 [INFO]    bike_sbike_stts           | 신규   542행 | 누적   3794행 | 12컬럼
2026-06-12 08:43:47,530 [INFO]    bus                       | 신규     3행 | 누적     21행 | 11컬럼
2026-06-12 08:43:47,531 [INFO]    bus_bus_stn_stts          | 신규  1745행 | 누적  12215행 | 11컬럼
2026-06-12 08:43:47,531 [INFO]    charger                   | 신규     4행 | 누적    109행 | 15컬럼
2026-06-12 08:43:47,531 [INFO]    charger_charger_stts      | 신규  1909행 | 누적   7238행 | 15컬럼
2026-06-12 08:43:47,531 [INFO]    cmrcl                     | 신규    82행 | 누적    574행 | 20컬럼
2026-06-12 08:43:47,531 [INFO]    events                    | 신규    18행 | 누적    126행 | 14컬럼
2026-06-12 08:43:47,531 [INFO]    events_event_stts         | 신규   169행 | 누적   1180행 | 14컬럼
2026-06-12 08:43:47,531 [INFO]    parking                   | 신규     6행 | 누적     42행 | 21컬럼
2026-06-12 08:43:47,531 [INFO]    parking_prk_stts          | 신규  1832행 | 누적  12824행 | 21컬럼
2026-06-12 08:43:47,531 [INFO]    ppltn                     | 신규   121행 | 누적    847행 | 26컬럼
2026-06-12 08:43:47,531 [INFO]    road                      | 신규   121행 | 누적    847행 | 21컬럼
2026-06-12 08:43:47,531 [INFO]    road_road_traffic_stts    | 신규  5254행 | 누적  36778행 | 17컬럼
2026-06-12 08:43:47,531 [INFO]    subway                    | 신규    38행 | 누적    266행 | 12컬럼
2026-06-12 08:43:47,531 [INFO]    subway_sub_stts           | 신규   183행 | 누적   1281행 | 13컬럼
2026-06-12 08:43:47,531 [INFO]    weather                   | 신규   119행 | 누적    833행 | 29컬럼
2026-06-12 08:43:47,531 [INFO] 키별 사용량:
2026-06-12 08:43:47,531 [INFO]    🟢 KEY_1 (31/1000) 
2026-06-12 08:43:47,531 [INFO]    🟢 KEY_2 (30/1000) 
2026-06-12 08:43:47,531 [INFO]    🟢 KEY_3 (30/1000) 
2026-06-12 08:43:47,531 [INFO]    🟢 KEY_4 (30/1000) 
