2026-08-23 00:32:07,841 [INFO] 등록된 키: 4개, 합산 한도 4,000건/일
2026-08-23 00:32:07,841 [INFO] POI 로드: 매뉴얼 v8.5 기준 fallback 121개 (121개 전체)
2026-08-23 00:32:07,842 [INFO] === 수집 시작 2026-08-23T00:32:07.842027+09:00 ===
2026-08-23 00:32:07,842 [INFO] 대상 장소: 121개 | API: citydata (통합)
2026-08-23 00:32:07,842 [INFO] 키 풀: 4/4 활성 | 오늘 사용 0/4000건
2026-08-23 00:32:07,842 [INFO]   [KEY_1] 담당 31장소
2026-08-23 00:32:07,842 [INFO]   [KEY_2] 담당 30장소
2026-08-23 00:32:07,842 [INFO]   [KEY_3] 담당 30장소
2026-08-23 00:32:07,842 [INFO]   [KEY_4] 담당 30장소
2026-08-23 00:32:07,842 [INFO] [1/121] 경복궁 (primary=KEY_1)
2026-08-23 00:32:09,953 [INFO] [2/121] 광화문·덕수궁 (primary=KEY_2)
2026-08-23 00:32:12,846 [INFO] [3/121] 보신각 (primary=KEY_3)
2026-08-23 00:32:14,745 [INFO] [4/121] 서울 암사동 유적 (primary=KEY_4)
2026-08-23 00:32:16,444 [INFO] [5/121] 창덕궁·종묘 (primary=KEY_1)
2026-08-23 00:32:18,537 [INFO] [6/121] 강남 MICE 관광특구 (primary=KEY_2)
2026-08-23 00:32:19,891 [INFO] [7/121] 동대문 관광특구 (primary=KEY_3)
2026-08-23 00:32:22,137 [INFO] [8/121] 명동 관광특구 (primary=KEY_4)
2026-08-23 00:32:24,726 [INFO] [9/121] 이태원 관광특구 (primary=KEY_1)
2026-08-23 00:32:27,023 [INFO] [10/121] 잠실 관광특구 (primary=KEY_2)
2026-08-23 00:32:29,567 [INFO] [11/121] 종로·청계 관광특구 (primary=KEY_3)
2026-08-23 00:32:31,137 [INFO] [12/121] 홍대 관광특구 (primary=KEY_4)
2026-08-23 00:32:32,713 [INFO] [13/121] 강서한강공원 (primary=KEY_1)
2026-08-23 00:32:33,862 [INFO] [14/121] 고척돔 (primary=KEY_2)
2026-08-23 00:32:35,790 [INFO] [15/121] 광나루한강공원 (primary=KEY_3)
2026-08-23 00:32:37,285 [INFO] [16/121] 광화문광장 (primary=KEY_4)
2026-08-23 00:32:38,642 [INFO] [17/121] 국립중앙박물관·용산가족공원 (primary=KEY_1)
2026-08-23 00:32:40,553 [INFO] [18/121] 난지한강공원 (primary=KEY_2)
2026-08-23 00:32:42,467 [INFO] [19/121] 남산공원 (primary=KEY_3)
2026-08-23 00:32:44,804 [INFO] [20/121] 노들섬 (primary=KEY_4)
2026-08-23 00:32:45,925 [INFO] [21/121] 뚝섬한강공원 (primary=KEY_1)
2026-08-23 00:32:48,190 [INFO] [22/121] 망원한강공원 (primary=KEY_2)
2026-08-23 00:32:49,509 [INFO] [23/121] 반포한강공원 (primary=KEY_3)
2026-08-23 00:32:50,644 [INFO] [24/121] 보라매공원 (primary=KEY_4)
2026-08-23 00:32:51,805 [INFO] [25/121] 북서울꿈의숲 (primary=KEY_1)
2026-08-23 00:32:53,136 [INFO] [26/121] 서대문독립공원 (primary=KEY_2)
2026-08-23 00:32:54,288 [INFO] [27/121] 서리풀공원·몽마르뜨공원 (primary=KEY_3)
2026-08-23 00:32:55,457 [INFO] [28/121] 서울대공원 (primary=KEY_4)
2026-08-23 00:32:56,576 [INFO] [29/121] 서울숲공원 (primary=KEY_1)
2026-08-23 00:32:58,525 [INFO] [30/121] 송현녹지광장 (primary=KEY_2)
2026-08-23 00:33:00,649 [INFO] [31/121] 아차산 (primary=KEY_3)
2026-08-23 00:33:02,639 [INFO] [32/121] 안양천 (primary=KEY_4)
2026-08-23 00:33:04,545 [INFO] [33/121] 양화한강공원 (primary=KEY_1)
2026-08-23 00:33:05,684 [INFO] [34/121] 어린이대공원 (primary=KEY_2)
2026-08-23 00:33:07,039 [INFO] [35/121] 여의도한강공원 (primary=KEY_3)
2026-08-23 00:33:08,386 [INFO] [36/121] 여의서로 (primary=KEY_4)
2026-08-23 00:33:09,697 [INFO] [37/121] 올림픽공원 (primary=KEY_1)
2026-08-23 00:33:11,059 [INFO] [38/121] 월드컵공원 (primary=KEY_2)
2026-08-23 00:33:13,198 [INFO] [39/121] 응봉산 (primary=KEY_3)
2026-08-23 00:33:14,506 [INFO] [40/121] 이촌한강공원 (primary=KEY_4)
2026-08-23 00:33:15,645 [INFO] [41/121] 잠실종합운동장 (primary=KEY_1)
2026-08-23 00:33:16,807 [INFO] [42/121] 잠실한강공원 (primary=KEY_2)
2026-08-23 00:33:17,955 [INFO] [43/121] 잠원한강공원 (primary=KEY_3)
2026-08-23 00:33:19,083 [INFO] [44/121] 청계산 (primary=KEY_4)
2026-08-23 00:33:20,219 [INFO] [45/121] 홍제폭포 (primary=KEY_1)
2026-08-23 00:33:22,113 [INFO] [46/121] 가락시장 (primary=KEY_2)
2026-08-23 00:33:23,462 [INFO] [47/121] 가로수길 (primary=KEY_3)
2026-08-23 00:33:24,794 [INFO] [48/121] 광장(전통)시장 (primary=KEY_4)
2026-08-23 00:33:25,955 [INFO] [49/121] 김포공항 (primary=KEY_1)
2026-08-23 00:33:27,508 [INFO] [50/121] 남대문시장 (primary=KEY_2)
2026-08-23 00:33:28,848 [INFO] [51/121] 노량진 (primary=KEY_3)
2026-08-23 00:33:30,198 [INFO] [52/121] 덕수궁길·정동길 (primary=KEY_4)
2026-08-23 00:33:31,550 [INFO] [53/121] 북창동 먹자골목 (primary=KEY_1)
2026-08-23 00:33:32,880 [INFO] [54/121] 북촌한옥마을 (primary=KEY_2)
2026-08-23 00:33:35,178 [INFO] [55/121] 서촌 (primary=KEY_3)
2026-08-23 00:33:36,513 [INFO] [56/121] 성수카페거리 (primary=KEY_4)
2026-08-23 00:33:38,066 [INFO] [57/121] 송리단길·호수단길 (primary=KEY_1)
2026-08-23 00:33:39,418 [INFO] [58/121] 신촌 스타광장 (primary=KEY_2)
2026-08-23 00:33:40,562 [INFO] [59/121] 압구정로데오거리 (primary=KEY_3)
2026-08-23 00:33:42,688 [INFO] [60/121] 여의도 (primary=KEY_4)
2026-08-23 00:33:45,665 [INFO] [61/121] 연남동 (primary=KEY_1)
2026-08-23 00:33:46,994 [INFO] [62/121] 영등포 타임스퀘어 (primary=KEY_2)
2026-08-23 00:33:48,341 [INFO] [63/121] 용리단길 (primary=KEY_3)
2026-08-23 00:33:49,518 [INFO] [64/121] 이태원 앤틱가구거리 (primary=KEY_4)
2026-08-23 00:33:50,841 [INFO] [65/121] 익선동 (primary=KEY_1)
2026-08-23 00:33:52,219 [INFO] [66/121] 인사동 (primary=KEY_2)
2026-08-23 00:33:53,731 [INFO] [67/121] 잠실롯데타워·석촌호수 (primary=KEY_3)
2026-08-23 00:33:55,481 [INFO] [68/121] 창동 신경제 중심지 (primary=KEY_4)
2026-08-23 00:33:57,259 [INFO] [69/121] 청담동 명품거리 (primary=KEY_1)
2026-08-23 00:33:58,583 [INFO] [70/121] 청량리 제기동 일대 전통시장 (primary=KEY_2)
2026-08-23 00:33:59,972 [INFO] [71/121] 해방촌·경리단길 (primary=KEY_3)
2026-08-23 00:34:01,778 [INFO] [72/121] DDP(동대문디자인플라자) (primary=KEY_4)
2026-08-23 00:34:03,137 [INFO] [73/121] DMC(디지털미디어시티) (primary=KEY_1)
2026-08-23 00:34:04,915 [INFO] [74/121] 가산디지털단지역 (primary=KEY_2)
2026-08-23 00:34:06,833 [INFO] [75/121] 강남역 (primary=KEY_3)
2026-08-23 00:34:08,415 [INFO] [76/121] 건대입구역 (primary=KEY_4)
2026-08-23 00:34:09,763 [INFO] [77/121] 고덕역 (primary=KEY_1)
2026-08-23 00:34:11,096 [INFO] [78/121] 고속터미널역 (primary=KEY_2)
2026-08-23 00:34:12,480 [INFO] [79/121] 교대역 (primary=KEY_3)
2026-08-23 00:34:13,841 [INFO] [80/121] 구로디지털단지역 (primary=KEY_4)
2026-08-23 00:34:15,599 [INFO] [81/121] 구로역 (primary=KEY_1)
2026-08-23 00:34:16,930 [INFO] [82/121] 군자역 (primary=KEY_2)
2026-08-23 00:34:18,074 [INFO] [83/121] 대림역 (primary=KEY_3)
2026-08-23 00:34:19,481 [INFO] [84/121] 동대문역 (primary=KEY_4)
2026-08-23 00:34:20,838 [INFO] [85/121] 뚝섬역 (primary=KEY_1)
2026-08-23 00:34:22,194 [INFO] [86/121] 미아사거리역 (primary=KEY_2)
2026-08-23 00:34:23,555 [INFO] [87/121] 발산역 (primary=KEY_3)
2026-08-23 00:34:25,316 [INFO] [88/121] 사당역 (primary=KEY_4)
2026-08-23 00:34:27,438 [INFO] [89/121] 삼각지역 (primary=KEY_1)
2026-08-23 00:34:28,602 [INFO] [90/121] 서울대입구역 (primary=KEY_2)
2026-08-23 00:34:29,940 [INFO] [91/121] 서울식물원·마곡나루역 (primary=KEY_3)
2026-08-23 00:34:31,495 [INFO] [92/121] 서울역 (primary=KEY_4)
2026-08-23 00:34:33,093 [INFO] [93/121] 선릉역 (primary=KEY_1)
2026-08-23 00:34:34,870 [INFO] [94/121] 성신여대입구역 (primary=KEY_2)
2026-08-23 00:34:36,031 [INFO] [95/121] 수유역 (primary=KEY_3)
2026-08-23 00:34:37,362 [INFO] [96/121] 숭례문 (primary=KEY_4)
2026-08-23 00:34:38,920 [INFO] [97/121] 시의회 앞 (primary=KEY_1)
2026-08-23 00:34:40,309 [INFO] [98/121] 신논현역·논현역 (primary=KEY_2)
2026-08-23 00:34:41,686 [INFO] [99/121] 신도림역 (primary=KEY_3)
2026-08-23 00:34:42,848 [INFO] [100/121] 신림역 (primary=KEY_4)
2026-08-23 00:34:44,005 [INFO] [101/121] 신정네거리역 (primary=KEY_1)
2026-08-23 00:34:45,364 [INFO] [102/121] 신촌·이대역 (primary=KEY_2)
2026-08-23 00:34:46,713 [INFO] [103/121] 쌍문역 (primary=KEY_3)
2026-08-23 00:34:48,064 [INFO] [104/121] 양재역 (primary=KEY_4)
2026-08-23 00:34:49,446 [INFO] [105/121] 역삼역 (primary=KEY_1)
2026-08-23 00:34:50,988 [INFO] [106/121] 연신내역 (primary=KEY_2)
2026-08-23 00:34:52,143 [INFO] [107/121] 오목교역·목동운동장 (primary=KEY_3)
2026-08-23 00:34:54,083 [INFO] [108/121] 왕십리역 (primary=KEY_4)
2026-08-23 00:34:55,469 [INFO] [109/121] 용산역 (primary=KEY_1)
2026-08-23 00:34:57,026 [INFO] [110/121] 이태원역 (primary=KEY_2)
2026-08-23 00:34:58,196 [INFO] [111/121] 잠실새내역 (primary=KEY_3)
2026-08-23 00:34:59,592 [INFO] [112/121] 잠실역 (primary=KEY_4)
2026-08-23 00:35:01,139 [INFO] [113/121] 장지역 (primary=KEY_1)
2026-08-23 00:35:02,655 [INFO] [114/121] 장한평역 (primary=KEY_2)
2026-08-23 00:35:04,947 [INFO] [115/121] 천호역 (primary=KEY_3)
2026-08-23 00:35:07,063 [INFO] [116/121] 총신대입구(이수)역 (primary=KEY_4)
2026-08-23 00:35:09,166 [INFO] [117/121] 충정로역 (primary=KEY_1)
2026-08-23 00:35:11,297 [INFO] [118/121] 합정역 (primary=KEY_2)
2026-08-23 00:35:12,650 [INFO] [119/121] 혜화역 (primary=KEY_3)
2026-08-23 00:35:14,768 [INFO] [120/121] 홍대입구역(2호선) (primary=KEY_4)
2026-08-23 00:35:16,678 [INFO] [121/121] 회기역 (primary=KEY_1)
2026-08-23 00:35:18,343 [INFO] === 수집 완료 | 성공 121, 실패 0 ===
2026-08-23 00:35:18,343 [INFO] 카테고리별 저장 결과:
2026-08-23 00:35:18,344 [INFO]    accident                  | 신규     1행 | 누적      1행 | 16컬럼
2026-08-23 00:35:18,344 [INFO]    accident_acdnt_cntrl_stts | 신규     2행 | 누적      2행 | 16컬럼
2026-08-23 00:35:18,344 [INFO]    area_meta                 | 신규   121행 | 누적    121행 | 5컬럼
2026-08-23 00:35:18,344 [INFO]    bike                      | 신규    10행 | 누적     10행 | 12컬럼
2026-08-23 00:35:18,344 [INFO]    bike_sbike_stts           | 신규   574행 | 누적    574행 | 12컬럼
2026-08-23 00:35:18,344 [INFO]    bus                       | 신규     3행 | 누적      3행 | 11컬럼
2026-08-23 00:35:18,344 [INFO]    bus_bus_stn_stts          | 신규  1745행 | 누적   1745행 | 11컬럼
2026-08-23 00:35:18,344 [INFO]    charger                   | 신규     4행 | 누적      4행 | 15컬럼
2026-08-23 00:35:18,344 [INFO]    charger_charger_stts      | 신규  1930행 | 누적   1930행 | 15컬럼
2026-08-23 00:35:18,344 [INFO]    cmrcl                     | 신규    82행 | 누적     82행 | 20컬럼
2026-08-23 00:35:18,344 [INFO]    events                    | 신규    11행 | 누적     11행 | 14컬럼
2026-08-23 00:35:18,344 [INFO]    events_event_stts         | 신규   144행 | 누적    144행 | 14컬럼
2026-08-23 00:35:18,344 [INFO]    parking                   | 신규     6행 | 누적      6행 | 21컬럼
2026-08-23 00:35:18,344 [INFO]    parking_prk_stts          | 신규  1836행 | 누적   1836행 | 21컬럼
2026-08-23 00:35:18,344 [INFO]    ppltn                     | 신규   121행 | 누적    121행 | 26컬럼
2026-08-23 00:35:18,344 [INFO]    road                      | 신규   121행 | 누적    121행 | 21컬럼
2026-08-23 00:35:18,344 [INFO]    road_road_traffic_stts    | 신규  5292행 | 누적   5292행 | 17컬럼
2026-08-23 00:35:18,344 [INFO]    subway                    | 신규    38행 | 누적     38행 | 13컬럼
2026-08-23 00:35:18,344 [INFO]    subway_sub_stts           | 신규   183행 | 누적    183행 | 13컬럼
2026-08-23 00:35:18,344 [INFO]    weather                   | 신규   119행 | 누적    119행 | 29컬럼
2026-08-23 00:35:18,344 [INFO] 키별 사용량:
2026-08-23 00:35:18,344 [INFO]    🟢 KEY_1 (31/1000) 
2026-08-23 00:35:18,344 [INFO]    🟢 KEY_2 (30/1000) 
2026-08-23 00:35:18,344 [INFO]    🟢 KEY_3 (30/1000) 
2026-08-23 00:35:18,344 [INFO]    🟢 KEY_4 (30/1000) 
