2026-08-04 00:51:20,563 [INFO] 등록된 키: 4개, 합산 한도 4,000건/일
2026-08-04 00:51:20,564 [INFO] POI 로드: 매뉴얼 v8.5 기준 fallback 121개 (121개 전체)
2026-08-04 00:51:20,564 [INFO] === 수집 시작 2026-08-04T00:51:20.564674+09:00 ===
2026-08-04 00:51:20,564 [INFO] 대상 장소: 121개 | API: citydata (통합)
2026-08-04 00:51:20,564 [INFO] 키 풀: 4/4 활성 | 오늘 사용 0/4000건
2026-08-04 00:51:20,564 [INFO]   [KEY_1] 담당 31장소
2026-08-04 00:51:20,564 [INFO]   [KEY_2] 담당 30장소
2026-08-04 00:51:20,565 [INFO]   [KEY_3] 담당 30장소
2026-08-04 00:51:20,565 [INFO]   [KEY_4] 담당 30장소
2026-08-04 00:51:20,565 [INFO] [1/121] 경복궁 (primary=KEY_1)
2026-08-04 00:51:22,413 [INFO] [2/121] 광화문·덕수궁 (primary=KEY_2)
2026-08-04 00:51:24,305 [INFO] [3/121] 보신각 (primary=KEY_3)
2026-08-04 00:51:26,039 [INFO] [4/121] 서울 암사동 유적 (primary=KEY_4)
2026-08-04 00:51:27,756 [INFO] [5/121] 창덕궁·종묘 (primary=KEY_1)
2026-08-04 00:51:28,836 [INFO] [6/121] 강남 MICE 관광특구 (primary=KEY_2)
2026-08-04 00:51:30,723 [INFO] [7/121] 동대문 관광특구 (primary=KEY_3)
2026-08-04 00:51:32,523 [INFO] [8/121] 명동 관광특구 (primary=KEY_4)
2026-08-04 00:51:33,983 [INFO] [9/121] 이태원 관광특구 (primary=KEY_1)
2026-08-04 00:51:35,847 [INFO] [10/121] 잠실 관광특구 (primary=KEY_2)
2026-08-04 00:51:37,785 [INFO] [11/121] 종로·청계 관광특구 (primary=KEY_3)
2026-08-04 00:51:39,049 [INFO] [12/121] 홍대 관광특구 (primary=KEY_4)
2026-08-04 00:51:40,313 [INFO] [13/121] 강서한강공원 (primary=KEY_1)
2026-08-04 00:51:41,892 [INFO] [14/121] 고척돔 (primary=KEY_2)
2026-08-04 00:51:43,618 [INFO] [15/121] 광나루한강공원 (primary=KEY_3)
2026-08-04 00:51:44,826 [INFO] [16/121] 광화문광장 (primary=KEY_4)
2026-08-04 00:51:46,668 [INFO] [17/121] 국립중앙박물관·용산가족공원 (primary=KEY_1)
2026-08-04 00:51:48,150 [INFO] [18/121] 난지한강공원 (primary=KEY_2)
2026-08-04 00:51:49,659 [INFO] [19/121] 남산공원 (primary=KEY_3)
2026-08-04 00:51:50,904 [INFO] [20/121] 노들섬 (primary=KEY_4)
2026-08-04 00:51:51,856 [INFO] [21/121] 뚝섬한강공원 (primary=KEY_1)
2026-08-04 00:51:52,824 [INFO] [22/121] 망원한강공원 (primary=KEY_2)
2026-08-04 00:51:53,918 [INFO] [23/121] 반포한강공원 (primary=KEY_3)
2026-08-04 00:51:54,871 [INFO] [24/121] 보라매공원 (primary=KEY_4)
2026-08-04 00:51:55,834 [INFO] [25/121] 북서울꿈의숲 (primary=KEY_1)
2026-08-04 00:51:57,586 [INFO] [26/121] 서대문독립공원 (primary=KEY_2)
2026-08-04 00:51:59,061 [INFO] [27/121] 서리풀공원·몽마르뜨공원 (primary=KEY_3)
2026-08-04 00:52:00,161 [INFO] [28/121] 서울대공원 (primary=KEY_4)
2026-08-04 00:52:01,098 [INFO] [29/121] 서울숲공원 (primary=KEY_1)
2026-08-04 00:52:02,190 [INFO] [30/121] 송현녹지광장 (primary=KEY_2)
2026-08-04 00:52:03,287 [INFO] [31/121] 아차산 (primary=KEY_3)
2026-08-04 00:52:04,245 [INFO] [32/121] 안양천 (primary=KEY_4)
2026-08-04 00:52:05,186 [INFO] [33/121] 양화한강공원 (primary=KEY_1)
2026-08-04 00:52:06,140 [INFO] [34/121] 어린이대공원 (primary=KEY_2)
2026-08-04 00:52:07,232 [INFO] [35/121] 여의도한강공원 (primary=KEY_3)
2026-08-04 00:52:08,309 [INFO] [36/121] 여의서로 (primary=KEY_4)
2026-08-04 00:52:10,144 [INFO] [37/121] 올림픽공원 (primary=KEY_1)
2026-08-04 00:52:11,273 [INFO] [38/121] 월드컵공원 (primary=KEY_2)
2026-08-04 00:52:12,511 [INFO] [39/121] 응봉산 (primary=KEY_3)
2026-08-04 00:52:13,587 [INFO] [40/121] 이촌한강공원 (primary=KEY_4)
2026-08-04 00:52:14,538 [INFO] [41/121] 잠실종합운동장 (primary=KEY_1)
2026-08-04 00:52:15,505 [INFO] [42/121] 잠실한강공원 (primary=KEY_2)
2026-08-04 00:52:16,469 [INFO] [43/121] 잠원한강공원 (primary=KEY_3)
2026-08-04 00:52:17,417 [INFO] [44/121] 청계산 (primary=KEY_4)
2026-08-04 00:52:18,353 [INFO] [45/121] 홍제폭포 (primary=KEY_1)
2026-08-04 00:52:19,295 [INFO] [46/121] 가락시장 (primary=KEY_2)
2026-08-04 00:52:20,420 [INFO] [47/121] 가로수길 (primary=KEY_3)
2026-08-04 00:52:21,534 [INFO] [48/121] 광장(전통)시장 (primary=KEY_4)
2026-08-04 00:52:22,489 [INFO] [49/121] 김포공항 (primary=KEY_1)
2026-08-04 00:52:23,741 [INFO] [50/121] 남대문시장 (primary=KEY_2)
2026-08-04 00:52:24,838 [INFO] [51/121] 노량진 (primary=KEY_3)
2026-08-04 00:52:26,575 [INFO] [52/121] 덕수궁길·정동길 (primary=KEY_4)
2026-08-04 00:52:27,698 [INFO] [53/121] 북창동 먹자골목 (primary=KEY_1)
2026-08-04 00:52:28,779 [INFO] [54/121] 북촌한옥마을 (primary=KEY_2)
2026-08-04 00:52:29,998 [INFO] [55/121] 서촌 (primary=KEY_3)
2026-08-04 00:52:31,096 [INFO] [56/121] 성수카페거리 (primary=KEY_4)
2026-08-04 00:52:32,353 [INFO] [57/121] 송리단길·호수단길 (primary=KEY_1)
2026-08-04 00:52:33,475 [INFO] [58/121] 신촌 스타광장 (primary=KEY_2)
2026-08-04 00:52:34,446 [INFO] [59/121] 압구정로데오거리 (primary=KEY_3)
2026-08-04 00:52:35,538 [INFO] [60/121] 여의도 (primary=KEY_4)
2026-08-04 00:52:37,243 [INFO] [61/121] 연남동 (primary=KEY_1)
2026-08-04 00:52:38,324 [INFO] [62/121] 영등포 타임스퀘어 (primary=KEY_2)
2026-08-04 00:52:39,400 [INFO] [63/121] 용리단길 (primary=KEY_3)
2026-08-04 00:52:40,392 [INFO] [64/121] 이태원 앤틱가구거리 (primary=KEY_4)
2026-08-04 00:52:41,364 [INFO] [65/121] 익선동 (primary=KEY_1)
2026-08-04 00:52:42,492 [INFO] [66/121] 인사동 (primary=KEY_2)
2026-08-04 00:52:43,719 [INFO] [67/121] 잠실롯데타워·석촌호수 (primary=KEY_3)
2026-08-04 00:52:45,115 [INFO] [68/121] 창동 신경제 중심지 (primary=KEY_4)
2026-08-04 00:52:46,490 [INFO] [69/121] 청담동 명품거리 (primary=KEY_1)
2026-08-04 00:52:47,583 [INFO] [70/121] 청량리 제기동 일대 전통시장 (primary=KEY_2)
2026-08-04 00:52:48,702 [INFO] [71/121] 해방촌·경리단길 (primary=KEY_3)
2026-08-04 00:52:49,720 [INFO] [72/121] DDP(동대문디자인플라자) (primary=KEY_4)
2026-08-04 00:52:50,841 [INFO] [73/121] DMC(디지털미디어시티) (primary=KEY_1)
2026-08-04 00:52:52,238 [INFO] [74/121] 가산디지털단지역 (primary=KEY_2)
2026-08-04 00:52:53,744 [INFO] [75/121] 강남역 (primary=KEY_3)
2026-08-04 00:52:55,010 [INFO] [76/121] 건대입구역 (primary=KEY_4)
2026-08-04 00:52:56,170 [INFO] [77/121] 고덕역 (primary=KEY_1)
2026-08-04 00:52:57,276 [INFO] [78/121] 고속터미널역 (primary=KEY_2)
2026-08-04 00:52:58,405 [INFO] [79/121] 교대역 (primary=KEY_3)
2026-08-04 00:52:59,529 [INFO] [80/121] 구로디지털단지역 (primary=KEY_4)
2026-08-04 00:53:00,893 [INFO] [81/121] 구로역 (primary=KEY_1)
2026-08-04 00:53:01,972 [INFO] [82/121] 군자역 (primary=KEY_2)
2026-08-04 00:53:03,076 [INFO] [83/121] 대림역 (primary=KEY_3)
2026-08-04 00:53:04,193 [INFO] [84/121] 동대문역 (primary=KEY_4)
2026-08-04 00:53:05,312 [INFO] [85/121] 뚝섬역 (primary=KEY_1)
2026-08-04 00:53:06,413 [INFO] [86/121] 미아사거리역 (primary=KEY_2)
2026-08-04 00:53:07,500 [INFO] [87/121] 발산역 (primary=KEY_3)
2026-08-04 00:53:08,869 [INFO] [88/121] 사당역 (primary=KEY_4)
2026-08-04 00:53:09,989 [INFO] [89/121] 삼각지역 (primary=KEY_1)
2026-08-04 00:53:10,983 [INFO] [90/121] 서울대입구역 (primary=KEY_2)
2026-08-04 00:53:12,090 [INFO] [91/121] 서울식물원·마곡나루역 (primary=KEY_3)
2026-08-04 00:53:13,319 [INFO] [92/121] 서울역 (primary=KEY_4)
2026-08-04 00:53:14,565 [INFO] [93/121] 선릉역 (primary=KEY_1)
2026-08-04 00:53:15,975 [INFO] [94/121] 성신여대입구역 (primary=KEY_2)
2026-08-04 00:53:16,952 [INFO] [95/121] 수유역 (primary=KEY_3)
2026-08-04 00:53:18,049 [INFO] [96/121] 숭례문 (primary=KEY_4)
2026-08-04 00:53:19,286 [INFO] [97/121] 시의회 앞 (primary=KEY_1)
2026-08-04 00:53:20,401 [INFO] [98/121] 신논현역·논현역 (primary=KEY_2)
2026-08-04 00:53:21,536 [INFO] [99/121] 신도림역 (primary=KEY_3)
2026-08-04 00:53:22,503 [INFO] [100/121] 신림역 (primary=KEY_4)
2026-08-04 00:53:23,614 [INFO] [101/121] 신정네거리역 (primary=KEY_1)
2026-08-04 00:53:24,705 [INFO] [102/121] 신촌·이대역 (primary=KEY_2)
2026-08-04 00:53:25,817 [INFO] [103/121] 쌍문역 (primary=KEY_3)
2026-08-04 00:53:26,904 [INFO] [104/121] 양재역 (primary=KEY_4)
2026-08-04 00:53:28,019 [INFO] [105/121] 역삼역 (primary=KEY_1)
2026-08-04 00:53:29,252 [INFO] [106/121] 연신내역 (primary=KEY_2)
2026-08-04 00:53:30,232 [INFO] [107/121] 오목교역·목동운동장 (primary=KEY_3)
2026-08-04 00:53:31,737 [INFO] [108/121] 왕십리역 (primary=KEY_4)
2026-08-04 00:53:32,994 [INFO] [109/121] 용산역 (primary=KEY_1)
2026-08-04 00:53:34,247 [INFO] [110/121] 이태원역 (primary=KEY_2)
2026-08-04 00:53:35,221 [INFO] [111/121] 잠실새내역 (primary=KEY_3)
2026-08-04 00:53:36,386 [INFO] [112/121] 잠실역 (primary=KEY_4)
2026-08-04 00:53:37,611 [INFO] [113/121] 장지역 (primary=KEY_1)
2026-08-04 00:53:38,860 [INFO] [114/121] 장한평역 (primary=KEY_2)
2026-08-04 00:53:39,967 [INFO] [115/121] 천호역 (primary=KEY_3)
2026-08-04 00:53:41,117 [INFO] [116/121] 총신대입구(이수)역 (primary=KEY_4)
2026-08-04 00:53:42,241 [INFO] [117/121] 충정로역 (primary=KEY_1)
2026-08-04 00:53:43,356 [INFO] [118/121] 합정역 (primary=KEY_2)
2026-08-04 00:53:44,482 [INFO] [119/121] 혜화역 (primary=KEY_3)
2026-08-04 00:53:45,583 [INFO] [120/121] 홍대입구역(2호선) (primary=KEY_4)
2026-08-04 00:53:46,702 [INFO] [121/121] 회기역 (primary=KEY_1)
2026-08-04 00:53:48,176 [INFO] === 수집 완료 | 성공 121, 실패 0 ===
2026-08-04 00:53:48,176 [INFO] 카테고리별 저장 결과:
2026-08-04 00:53:48,176 [INFO]    accident                  | 신규     2행 | 누적      2행 | 16컬럼
2026-08-04 00:53:48,176 [INFO]    area_meta                 | 신규   121행 | 누적    121행 | 5컬럼
2026-08-04 00:53:48,176 [INFO]    bike                      | 신규    11행 | 누적     11행 | 12컬럼
2026-08-04 00:53:48,176 [INFO]    bike_sbike_stts           | 신규   573행 | 누적    573행 | 12컬럼
2026-08-04 00:53:48,176 [INFO]    bus                       | 신규     3행 | 누적      3행 | 11컬럼
2026-08-04 00:53:48,176 [INFO]    bus_bus_stn_stts          | 신규  1745행 | 누적   1745행 | 11컬럼
2026-08-04 00:53:48,176 [INFO]    charger                   | 신규     4행 | 누적      4행 | 15컬럼
2026-08-04 00:53:48,176 [INFO]    charger_charger_stts      | 신규  1922행 | 누적   1922행 | 15컬럼
2026-08-04 00:53:48,176 [INFO]    cmrcl                     | 신규    82행 | 누적     82행 | 20컬럼
2026-08-04 00:53:48,176 [INFO]    events                    | 신규    13행 | 누적     13행 | 14컬럼
2026-08-04 00:53:48,176 [INFO]    events_event_stts         | 신규   126행 | 누적    126행 | 14컬럼
2026-08-04 00:53:48,176 [INFO]    parking                   | 신규     6행 | 누적      6행 | 21컬럼
2026-08-04 00:53:48,176 [INFO]    parking_prk_stts          | 신규  1834행 | 누적   1834행 | 21컬럼
2026-08-04 00:53:48,176 [INFO]    ppltn                     | 신규   121행 | 누적    121행 | 26컬럼
2026-08-04 00:53:48,177 [INFO]    road                      | 신규   121행 | 누적    121행 | 21컬럼
2026-08-04 00:53:48,177 [INFO]    road_road_traffic_stts    | 신규  5280행 | 누적   5280행 | 17컬럼
2026-08-04 00:53:48,177 [INFO]    subway                    | 신규    38행 | 누적     38행 | 13컬럼
2026-08-04 00:53:48,177 [INFO]    subway_sub_stts           | 신규   183행 | 누적    183행 | 13컬럼
2026-08-04 00:53:48,177 [INFO]    weather                   | 신규   119행 | 누적    119행 | 29컬럼
2026-08-04 00:53:48,177 [INFO] 키별 사용량:
2026-08-04 00:53:48,177 [INFO]    🟢 KEY_1 (31/1000) 
2026-08-04 00:53:48,177 [INFO]    🟢 KEY_2 (30/1000) 
2026-08-04 00:53:48,177 [INFO]    🟢 KEY_3 (30/1000) 
2026-08-04 00:53:48,177 [INFO]    🟢 KEY_4 (30/1000) 
