2026-08-05 00:33:20,964 [INFO] 등록된 키: 4개, 합산 한도 4,000건/일
2026-08-05 00:33:20,965 [INFO] POI 로드: 매뉴얼 v8.5 기준 fallback 121개 (121개 전체)
2026-08-05 00:33:20,965 [INFO] === 수집 시작 2026-08-05T00:33:20.965572+09:00 ===
2026-08-05 00:33:20,965 [INFO] 대상 장소: 121개 | API: citydata (통합)
2026-08-05 00:33:20,965 [INFO] 키 풀: 4/4 활성 | 오늘 사용 0/4000건
2026-08-05 00:33:20,965 [INFO]   [KEY_1] 담당 31장소
2026-08-05 00:33:20,965 [INFO]   [KEY_2] 담당 30장소
2026-08-05 00:33:20,965 [INFO]   [KEY_3] 담당 30장소
2026-08-05 00:33:20,965 [INFO]   [KEY_4] 담당 30장소
2026-08-05 00:33:20,966 [INFO] [1/121] 경복궁 (primary=KEY_1)
2026-08-05 00:33:23,472 [INFO] [2/121] 광화문·덕수궁 (primary=KEY_2)
2026-08-05 00:33:26,010 [INFO] [3/121] 보신각 (primary=KEY_3)
2026-08-05 00:33:28,148 [INFO] [4/121] 서울 암사동 유적 (primary=KEY_4)
2026-08-05 00:33:30,044 [INFO] [5/121] 창덕궁·종묘 (primary=KEY_1)
2026-08-05 00:33:32,179 [INFO] [6/121] 강남 MICE 관광특구 (primary=KEY_2)
2026-08-05 00:33:33,733 [INFO] [7/121] 동대문 관광특구 (primary=KEY_3)
2026-08-05 00:33:36,122 [INFO] [8/121] 명동 관광특구 (primary=KEY_4)
2026-08-05 00:33:38,627 [INFO] [9/121] 이태원 관광특구 (primary=KEY_1)
2026-08-05 00:33:40,756 [INFO] [10/121] 잠실 관광특구 (primary=KEY_2)
2026-08-05 00:33:43,125 [INFO] [11/121] 종로·청계 관광특구 (primary=KEY_3)
2026-08-05 00:33:45,523 [INFO] [12/121] 홍대 관광특구 (primary=KEY_4)
2026-08-05 00:33:47,887 [INFO] [13/121] 강서한강공원 (primary=KEY_1)
2026-08-05 00:33:49,806 [INFO] [14/121] 고척돔 (primary=KEY_2)
2026-08-05 00:33:50,953 [INFO] [15/121] 광나루한강공원 (primary=KEY_3)
2026-08-05 00:33:53,069 [INFO] [16/121] 광화문광장 (primary=KEY_4)
2026-08-05 00:33:55,223 [INFO] [17/121] 국립중앙박물관·용산가족공원 (primary=KEY_1)
2026-08-05 00:33:56,364 [INFO] [18/121] 난지한강공원 (primary=KEY_2)
2026-08-05 00:33:58,104 [INFO] [19/121] 남산공원 (primary=KEY_3)
2026-08-05 00:34:00,818 [INFO] [20/121] 노들섬 (primary=KEY_4)
2026-08-05 00:34:02,138 [INFO] [21/121] 뚝섬한강공원 (primary=KEY_1)
2026-08-05 00:34:03,291 [INFO] [22/121] 망원한강공원 (primary=KEY_2)
2026-08-05 00:34:05,601 [INFO] [23/121] 반포한강공원 (primary=KEY_3)
2026-08-05 00:34:07,705 [INFO] [24/121] 보라매공원 (primary=KEY_4)
2026-08-05 00:34:09,643 [INFO] [25/121] 북서울꿈의숲 (primary=KEY_1)
2026-08-05 00:34:11,754 [INFO] [26/121] 서대문독립공원 (primary=KEY_2)
2026-08-05 00:34:13,122 [INFO] [27/121] 서리풀공원·몽마르뜨공원 (primary=KEY_3)
2026-08-05 00:34:15,074 [INFO] [28/121] 서울대공원 (primary=KEY_4)
2026-08-05 00:34:16,224 [INFO] [29/121] 서울숲공원 (primary=KEY_1)
2026-08-05 00:34:17,579 [INFO] [30/121] 송현녹지광장 (primary=KEY_2)
2026-08-05 00:34:18,929 [INFO] [31/121] 아차산 (primary=KEY_3)
2026-08-05 00:34:20,644 [INFO] [32/121] 안양천 (primary=KEY_4)
2026-08-05 00:34:21,793 [INFO] [33/121] 양화한강공원 (primary=KEY_1)
2026-08-05 00:34:23,694 [INFO] [34/121] 어린이대공원 (primary=KEY_2)
2026-08-05 00:34:25,805 [INFO] [35/121] 여의도한강공원 (primary=KEY_3)
2026-08-05 00:34:27,137 [INFO] [36/121] 여의서로 (primary=KEY_4)
2026-08-05 00:34:28,464 [INFO] [37/121] 올림픽공원 (primary=KEY_1)
2026-08-05 00:34:30,029 [INFO] [38/121] 월드컵공원 (primary=KEY_2)
2026-08-05 00:34:32,352 [INFO] [39/121] 응봉산 (primary=KEY_3)
2026-08-05 00:34:33,676 [INFO] [40/121] 이촌한강공원 (primary=KEY_4)
2026-08-05 00:34:34,807 [INFO] [41/121] 잠실종합운동장 (primary=KEY_1)
2026-08-05 00:34:35,958 [INFO] [42/121] 잠실한강공원 (primary=KEY_2)
2026-08-05 00:34:37,103 [INFO] [43/121] 잠원한강공원 (primary=KEY_3)
2026-08-05 00:34:39,022 [INFO] [44/121] 청계산 (primary=KEY_4)
2026-08-05 00:34:40,155 [INFO] [45/121] 홍제폭포 (primary=KEY_1)
2026-08-05 00:34:41,282 [INFO] [46/121] 가락시장 (primary=KEY_2)
2026-08-05 00:34:42,645 [INFO] [47/121] 가로수길 (primary=KEY_3)
2026-08-05 00:34:44,592 [INFO] [48/121] 광장(전통)시장 (primary=KEY_4)
2026-08-05 00:34:45,739 [INFO] [49/121] 김포공항 (primary=KEY_1)
2026-08-05 00:34:47,313 [INFO] [50/121] 남대문시장 (primary=KEY_2)
2026-08-05 00:34:48,657 [INFO] [51/121] 노량진 (primary=KEY_3)
2026-08-05 00:34:50,014 [INFO] [52/121] 덕수궁길·정동길 (primary=KEY_4)
2026-08-05 00:34:51,371 [INFO] [53/121] 북창동 먹자골목 (primary=KEY_1)
2026-08-05 00:34:52,701 [INFO] [54/121] 북촌한옥마을 (primary=KEY_2)
2026-08-05 00:34:54,266 [INFO] [55/121] 서촌 (primary=KEY_3)
2026-08-05 00:34:55,624 [INFO] [56/121] 성수카페거리 (primary=KEY_4)
2026-08-05 00:34:57,195 [INFO] [57/121] 송리단길·호수단길 (primary=KEY_1)
2026-08-05 00:34:58,580 [INFO] [58/121] 신촌 스타광장 (primary=KEY_2)
2026-08-05 00:34:59,731 [INFO] [59/121] 압구정로데오거리 (primary=KEY_3)
2026-08-05 00:35:01,099 [INFO] [60/121] 여의도 (primary=KEY_4)
2026-08-05 00:35:03,391 [INFO] [61/121] 연남동 (primary=KEY_1)
2026-08-05 00:35:05,510 [INFO] [62/121] 영등포 타임스퀘어 (primary=KEY_2)
2026-08-05 00:35:06,846 [INFO] [63/121] 용리단길 (primary=KEY_3)
2026-08-05 00:35:08,188 [INFO] [64/121] 이태원 앤틱가구거리 (primary=KEY_4)
2026-08-05 00:35:09,341 [INFO] [65/121] 익선동 (primary=KEY_1)
2026-08-05 00:35:10,730 [INFO] [66/121] 인사동 (primary=KEY_2)
2026-08-05 00:35:12,290 [INFO] [67/121] 잠실롯데타워·석촌호수 (primary=KEY_3)
2026-08-05 00:35:14,057 [INFO] [68/121] 창동 신경제 중심지 (primary=KEY_4)
2026-08-05 00:35:16,590 [INFO] [69/121] 청담동 명품거리 (primary=KEY_1)
2026-08-05 00:35:17,937 [INFO] [70/121] 청량리 제기동 일대 전통시장 (primary=KEY_2)
2026-08-05 00:35:19,295 [INFO] [71/121] 해방촌·경리단길 (primary=KEY_3)
2026-08-05 00:35:20,445 [INFO] [72/121] DDP(동대문디자인플라자) (primary=KEY_4)
2026-08-05 00:35:21,855 [INFO] [73/121] DMC(디지털미디어시티) (primary=KEY_1)
2026-08-05 00:35:23,617 [INFO] [74/121] 가산디지털단지역 (primary=KEY_2)
2026-08-05 00:35:26,232 [INFO] [75/121] 강남역 (primary=KEY_3)
2026-08-05 00:35:28,377 [INFO] [76/121] 건대입구역 (primary=KEY_4)
2026-08-05 00:35:29,748 [INFO] [77/121] 고덕역 (primary=KEY_1)
2026-08-05 00:35:31,096 [INFO] [78/121] 고속터미널역 (primary=KEY_2)
2026-08-05 00:35:32,460 [INFO] [79/121] 교대역 (primary=KEY_3)
2026-08-05 00:35:33,799 [INFO] [80/121] 구로디지털단지역 (primary=KEY_4)
2026-08-05 00:35:36,298 [INFO] [81/121] 구로역 (primary=KEY_1)
2026-08-05 00:35:37,629 [INFO] [82/121] 군자역 (primary=KEY_2)
2026-08-05 00:35:39,004 [INFO] [83/121] 대림역 (primary=KEY_3)
2026-08-05 00:35:40,365 [INFO] [84/121] 동대문역 (primary=KEY_4)
2026-08-05 00:35:41,707 [INFO] [85/121] 뚝섬역 (primary=KEY_1)
2026-08-05 00:35:43,058 [INFO] [86/121] 미아사거리역 (primary=KEY_2)
2026-08-05 00:35:44,415 [INFO] [87/121] 발산역 (primary=KEY_3)
2026-08-05 00:35:46,146 [INFO] [88/121] 사당역 (primary=KEY_4)
2026-08-05 00:35:47,514 [INFO] [89/121] 삼각지역 (primary=KEY_1)
2026-08-05 00:35:48,861 [INFO] [90/121] 서울대입구역 (primary=KEY_2)
2026-08-05 00:35:50,207 [INFO] [91/121] 서울식물원·마곡나루역 (primary=KEY_3)
2026-08-05 00:35:51,762 [INFO] [92/121] 서울역 (primary=KEY_4)
2026-08-05 00:35:53,352 [INFO] [93/121] 선릉역 (primary=KEY_1)
2026-08-05 00:35:55,133 [INFO] [94/121] 성신여대입구역 (primary=KEY_2)
2026-08-05 00:35:56,299 [INFO] [95/121] 수유역 (primary=KEY_3)
2026-08-05 00:35:57,650 [INFO] [96/121] 숭례문 (primary=KEY_4)
2026-08-05 00:35:59,985 [INFO] [97/121] 시의회 앞 (primary=KEY_1)
2026-08-05 00:36:01,343 [INFO] [98/121] 신논현역·논현역 (primary=KEY_2)
2026-08-05 00:36:02,734 [INFO] [99/121] 신도림역 (primary=KEY_3)
2026-08-05 00:36:04,852 [INFO] [100/121] 신림역 (primary=KEY_4)
2026-08-05 00:36:06,236 [INFO] [101/121] 신정네거리역 (primary=KEY_1)
2026-08-05 00:36:07,569 [INFO] [102/121] 신촌·이대역 (primary=KEY_2)
2026-08-05 00:36:08,900 [INFO] [103/121] 쌍문역 (primary=KEY_3)
2026-08-05 00:36:10,254 [INFO] [104/121] 양재역 (primary=KEY_4)
2026-08-05 00:36:11,604 [INFO] [105/121] 역삼역 (primary=KEY_1)
2026-08-05 00:36:13,159 [INFO] [106/121] 연신내역 (primary=KEY_2)
2026-08-05 00:36:14,324 [INFO] [107/121] 오목교역·목동운동장 (primary=KEY_3)
2026-08-05 00:36:16,246 [INFO] [108/121] 왕십리역 (primary=KEY_4)
2026-08-05 00:36:17,803 [INFO] [109/121] 용산역 (primary=KEY_1)
2026-08-05 00:36:19,346 [INFO] [110/121] 이태원역 (primary=KEY_2)
2026-08-05 00:36:20,513 [INFO] [111/121] 잠실새내역 (primary=KEY_3)
2026-08-05 00:36:21,858 [INFO] [112/121] 잠실역 (primary=KEY_4)
2026-08-05 00:36:23,459 [INFO] [113/121] 장지역 (primary=KEY_1)
2026-08-05 00:36:24,990 [INFO] [114/121] 장한평역 (primary=KEY_2)
2026-08-05 00:36:26,320 [INFO] [115/121] 천호역 (primary=KEY_3)
2026-08-05 00:36:27,687 [INFO] [116/121] 총신대입구(이수)역 (primary=KEY_4)
2026-08-05 00:36:29,036 [INFO] [117/121] 충정로역 (primary=KEY_1)
2026-08-05 00:36:30,390 [INFO] [118/121] 합정역 (primary=KEY_2)
2026-08-05 00:36:31,768 [INFO] [119/121] 혜화역 (primary=KEY_3)
2026-08-05 00:36:33,111 [INFO] [120/121] 홍대입구역(2호선) (primary=KEY_4)
2026-08-05 00:36:34,477 [INFO] [121/121] 회기역 (primary=KEY_1)
2026-08-05 00:36:36,245 [INFO] === 수집 완료 | 성공 121, 실패 0 ===
2026-08-05 00:36:36,246 [INFO] 카테고리별 저장 결과:
2026-08-05 00:36:36,246 [INFO]    accident                  | 신규     2행 | 누적      2행 | 16컬럼
2026-08-05 00:36:36,246 [INFO]    area_meta                 | 신규   121행 | 누적    121행 | 5컬럼
2026-08-05 00:36:36,246 [INFO]    bike                      | 신규    11행 | 누적     11행 | 12컬럼
2026-08-05 00:36:36,246 [INFO]    bike_sbike_stts           | 신규   573행 | 누적    573행 | 12컬럼
2026-08-05 00:36:36,246 [INFO]    bus                       | 신규     3행 | 누적      3행 | 11컬럼
2026-08-05 00:36:36,246 [INFO]    bus_bus_stn_stts          | 신규  1745행 | 누적   1745행 | 11컬럼
2026-08-05 00:36:36,246 [INFO]    charger                   | 신규     4행 | 누적      4행 | 15컬럼
2026-08-05 00:36:36,246 [INFO]    charger_charger_stts      | 신규  1927행 | 누적   1927행 | 15컬럼
2026-08-05 00:36:36,246 [INFO]    cmrcl                     | 신규    82행 | 누적     82행 | 20컬럼
2026-08-05 00:36:36,246 [INFO]    events                    | 신규    15행 | 누적     15행 | 14컬럼
2026-08-05 00:36:36,246 [INFO]    events_event_stts         | 신규   130행 | 누적    130행 | 14컬럼
2026-08-05 00:36:36,246 [INFO]    parking                   | 신규     6행 | 누적      6행 | 21컬럼
2026-08-05 00:36:36,246 [INFO]    parking_prk_stts          | 신규  1834행 | 누적   1834행 | 21컬럼
2026-08-05 00:36:36,246 [INFO]    ppltn                     | 신규   121행 | 누적    121행 | 26컬럼
2026-08-05 00:36:36,246 [INFO]    road                      | 신규   121행 | 누적    121행 | 21컬럼
2026-08-05 00:36:36,246 [INFO]    road_road_traffic_stts    | 신규  5281행 | 누적   5281행 | 17컬럼
2026-08-05 00:36:36,246 [INFO]    subway                    | 신규    38행 | 누적     38행 | 12컬럼
2026-08-05 00:36:36,246 [INFO]    subway_sub_stts           | 신규   183행 | 누적    183행 | 13컬럼
2026-08-05 00:36:36,246 [INFO]    weather                   | 신규   119행 | 누적    119행 | 29컬럼
2026-08-05 00:36:36,246 [INFO] 키별 사용량:
2026-08-05 00:36:36,246 [INFO]    🟢 KEY_1 (31/1000) 
2026-08-05 00:36:36,246 [INFO]    🟢 KEY_2 (30/1000) 
2026-08-05 00:36:36,247 [INFO]    🟢 KEY_3 (30/1000) 
2026-08-05 00:36:36,247 [INFO]    🟢 KEY_4 (30/1000) 
