2026-05-30 00:22:24,498 [INFO] 등록된 키: 4개, 합산 한도 4,000건/일
2026-05-30 00:22:24,498 [INFO] POI 로드: 매뉴얼 v8.5 기준 fallback 121개 (121개 전체)
2026-05-30 00:22:24,498 [INFO] === 수집 시작 2026-05-30T00:22:24.498910+09:00 ===
2026-05-30 00:22:24,498 [INFO] 대상 장소: 121개 | API: citydata (통합)
2026-05-30 00:22:24,499 [INFO] 키 풀: 4/4 활성 | 오늘 사용 0/4000건
2026-05-30 00:22:24,499 [INFO]   [KEY_1] 담당 31장소
2026-05-30 00:22:24,499 [INFO]   [KEY_2] 담당 30장소
2026-05-30 00:22:24,499 [INFO]   [KEY_3] 담당 30장소
2026-05-30 00:22:24,499 [INFO]   [KEY_4] 담당 30장소
2026-05-30 00:22:24,499 [INFO] [1/121] 경복궁 (primary=KEY_1)
2026-05-30 00:22:26,511 [INFO] [2/121] 광화문·덕수궁 (primary=KEY_2)
2026-05-30 00:22:28,732 [INFO] [3/121] 보신각 (primary=KEY_3)
2026-05-30 00:22:30,738 [INFO] [4/121] 서울 암사동 유적 (primary=KEY_4)
2026-05-30 00:22:32,517 [INFO] [5/121] 창덕궁·종묘 (primary=KEY_1)
2026-05-30 00:22:34,381 [INFO] [6/121] 강남 MICE 관광특구 (primary=KEY_2)
2026-05-30 00:22:35,497 [INFO] [7/121] 동대문 관광특구 (primary=KEY_3)
2026-05-30 00:22:37,737 [INFO] [8/121] 명동 관광특구 (primary=KEY_4)
2026-05-30 00:22:40,136 [INFO] [9/121] 이태원 관광특구 (primary=KEY_1)
2026-05-30 00:22:42,152 [INFO] [10/121] 잠실 관광특구 (primary=KEY_2)
2026-05-30 00:22:43,696 [INFO] [11/121] 종로·청계 관광특구 (primary=KEY_3)
2026-05-30 00:22:45,242 [INFO] [12/121] 홍대 관광특구 (primary=KEY_4)
2026-05-30 00:22:46,703 [INFO] [13/121] 강서한강공원 (primary=KEY_1)
2026-05-30 00:22:47,791 [INFO] [14/121] 고척돔 (primary=KEY_2)
2026-05-30 00:22:49,591 [INFO] [15/121] 광나루한강공원 (primary=KEY_3)
2026-05-30 00:22:50,868 [INFO] [16/121] 광화문광장 (primary=KEY_4)
2026-05-30 00:22:52,173 [INFO] [17/121] 국립중앙박물관·용산가족공원 (primary=KEY_1)
2026-05-30 00:22:53,420 [INFO] [18/121] 난지한강공원 (primary=KEY_2)
2026-05-30 00:22:55,206 [INFO] [19/121] 남산공원 (primary=KEY_3)
2026-05-30 00:22:57,281 [INFO] [20/121] 노들섬 (primary=KEY_4)
2026-05-30 00:22:58,380 [INFO] [21/121] 뚝섬한강공원 (primary=KEY_1)
2026-05-30 00:22:59,517 [INFO] [22/121] 망원한강공원 (primary=KEY_2)
2026-05-30 00:23:00,776 [INFO] [23/121] 반포한강공원 (primary=KEY_3)
2026-05-30 00:23:01,858 [INFO] [24/121] 보라매공원 (primary=KEY_4)
2026-05-30 00:23:02,973 [INFO] [25/121] 북서울꿈의숲 (primary=KEY_1)
2026-05-30 00:23:04,083 [INFO] [26/121] 서대문독립공원 (primary=KEY_2)
2026-05-30 00:23:05,197 [INFO] [27/121] 서리풀공원·몽마르뜨공원 (primary=KEY_3)
2026-05-30 00:23:06,519 [INFO] [28/121] 서울대공원 (primary=KEY_4)
2026-05-30 00:23:07,589 [INFO] [29/121] 서울숲공원 (primary=KEY_1)
2026-05-30 00:23:08,857 [INFO] [30/121] 송현녹지광장 (primary=KEY_2)
2026-05-30 00:23:10,124 [INFO] [31/121] 아차산 (primary=KEY_3)
2026-05-30 00:23:11,236 [INFO] [32/121] 안양천 (primary=KEY_4)
2026-05-30 00:23:12,327 [INFO] [33/121] 양화한강공원 (primary=KEY_1)
2026-05-30 00:23:13,436 [INFO] [34/121] 어린이대공원 (primary=KEY_2)
2026-05-30 00:23:14,557 [INFO] [35/121] 여의도한강공원 (primary=KEY_3)
2026-05-30 00:23:15,825 [INFO] [36/121] 여의서로 (primary=KEY_4)
2026-05-30 00:23:16,902 [INFO] [37/121] 올림픽공원 (primary=KEY_1)
2026-05-30 00:23:18,228 [INFO] [38/121] 월드컵공원 (primary=KEY_2)
2026-05-30 00:23:19,735 [INFO] [39/121] 응봉산 (primary=KEY_3)
2026-05-30 00:23:21,053 [INFO] [40/121] 이촌한강공원 (primary=KEY_4)
2026-05-30 00:23:22,131 [INFO] [41/121] 잠실종합운동장 (primary=KEY_1)
2026-05-30 00:23:23,222 [INFO] [42/121] 잠실한강공원 (primary=KEY_2)
2026-05-30 00:23:24,311 [INFO] [43/121] 잠원한강공원 (primary=KEY_3)
2026-05-30 00:23:26,153 [INFO] [44/121] 청계산 (primary=KEY_4)
2026-05-30 00:23:27,258 [INFO] [45/121] 홍제폭포 (primary=KEY_1)
2026-05-30 00:23:28,362 [INFO] [46/121] 가락시장 (primary=KEY_2)
2026-05-30 00:23:29,643 [INFO] [47/121] 가로수길 (primary=KEY_3)
2026-05-30 00:23:30,934 [INFO] [48/121] 광장(전통)시장 (primary=KEY_4)
2026-05-30 00:23:32,060 [INFO] [49/121] 김포공항 (primary=KEY_1)
2026-05-30 00:23:33,361 [INFO] [50/121] 남대문시장 (primary=KEY_2)
2026-05-30 00:23:34,485 [INFO] [51/121] 노량진 (primary=KEY_3)
2026-05-30 00:23:35,796 [INFO] [52/121] 덕수궁길·정동길 (primary=KEY_4)
2026-05-30 00:23:37,088 [INFO] [53/121] 북창동 먹자골목 (primary=KEY_1)
2026-05-30 00:23:38,181 [INFO] [54/121] 북촌한옥마을 (primary=KEY_2)
2026-05-30 00:23:39,477 [INFO] [55/121] 서촌 (primary=KEY_3)
2026-05-30 00:23:40,846 [INFO] [56/121] 성수카페거리 (primary=KEY_4)
2026-05-30 00:23:42,152 [INFO] [57/121] 송리단길·호수단길 (primary=KEY_1)
2026-05-30 00:23:43,451 [INFO] [58/121] 신촌 스타광장 (primary=KEY_2)
2026-05-30 00:23:44,559 [INFO] [59/121] 압구정로데오거리 (primary=KEY_3)
2026-05-30 00:23:45,833 [INFO] [60/121] 여의도 (primary=KEY_4)
2026-05-30 00:23:47,679 [INFO] [61/121] 연남동 (primary=KEY_1)
2026-05-30 00:23:48,969 [INFO] [62/121] 영등포 타임스퀘어 (primary=KEY_2)
2026-05-30 00:23:50,264 [INFO] [63/121] 용리단길 (primary=KEY_3)
2026-05-30 00:23:51,388 [INFO] [64/121] 이태원 앤틱가구거리 (primary=KEY_4)
2026-05-30 00:23:52,650 [INFO] [65/121] 익선동 (primary=KEY_1)
2026-05-30 00:23:53,955 [INFO] [66/121] 인사동 (primary=KEY_2)
2026-05-30 00:23:55,225 [INFO] [67/121] 잠실롯데타워·석촌호수 (primary=KEY_3)
2026-05-30 00:23:56,537 [INFO] [68/121] 창동 신경제 중심지 (primary=KEY_4)
2026-05-30 00:23:58,066 [INFO] [69/121] 청담동 명품거리 (primary=KEY_1)
2026-05-30 00:23:59,331 [INFO] [70/121] 청량리 제기동 일대 전통시장 (primary=KEY_2)
2026-05-30 00:24:00,644 [INFO] [71/121] 해방촌·경리단길 (primary=KEY_3)
2026-05-30 00:24:01,744 [INFO] [72/121] DDP(동대문디자인플라자) (primary=KEY_4)
2026-05-30 00:24:03,095 [INFO] [73/121] DMC(디지털미디어시티) (primary=KEY_1)
2026-05-30 00:24:04,626 [INFO] [74/121] 가산디지털단지역 (primary=KEY_2)
2026-05-30 00:24:06,082 [INFO] [75/121] 강남역 (primary=KEY_3)
2026-05-30 00:24:07,592 [INFO] [76/121] 건대입구역 (primary=KEY_4)
2026-05-30 00:24:08,883 [INFO] [77/121] 고덕역 (primary=KEY_1)
2026-05-30 00:24:10,196 [INFO] [78/121] 고속터미널역 (primary=KEY_2)
2026-05-30 00:24:11,328 [INFO] [79/121] 교대역 (primary=KEY_3)
2026-05-30 00:24:12,433 [INFO] [80/121] 구로디지털단지역 (primary=KEY_4)
2026-05-30 00:24:13,756 [INFO] [81/121] 구로역 (primary=KEY_1)
2026-05-30 00:24:14,864 [INFO] [82/121] 군자역 (primary=KEY_2)
2026-05-30 00:24:15,997 [INFO] [83/121] 대림역 (primary=KEY_3)
2026-05-30 00:24:17,284 [INFO] [84/121] 동대문역 (primary=KEY_4)
2026-05-30 00:24:18,581 [INFO] [85/121] 뚝섬역 (primary=KEY_1)
2026-05-30 00:24:19,848 [INFO] [86/121] 미아사거리역 (primary=KEY_2)
2026-05-30 00:24:21,196 [INFO] [87/121] 발산역 (primary=KEY_3)
2026-05-30 00:24:22,695 [INFO] [88/121] 사당역 (primary=KEY_4)
2026-05-30 00:24:24,028 [INFO] [89/121] 삼각지역 (primary=KEY_1)
2026-05-30 00:24:25,129 [INFO] [90/121] 서울대입구역 (primary=KEY_2)
2026-05-30 00:24:26,256 [INFO] [91/121] 서울식물원·마곡나루역 (primary=KEY_3)
2026-05-30 00:24:27,541 [INFO] [92/121] 서울역 (primary=KEY_4)
2026-05-30 00:24:28,915 [INFO] [93/121] 선릉역 (primary=KEY_1)
2026-05-30 00:24:30,451 [INFO] [94/121] 성신여대입구역 (primary=KEY_2)
2026-05-30 00:24:31,633 [INFO] [95/121] 수유역 (primary=KEY_3)
2026-05-30 00:24:33,489 [INFO] [96/121] 숭례문 (primary=KEY_4)
2026-05-30 00:24:35,503 [INFO] [97/121] 시의회 앞 (primary=KEY_1)
2026-05-30 00:24:37,545 [INFO] [98/121] 신논현역·논현역 (primary=KEY_2)
2026-05-30 00:24:38,855 [INFO] [99/121] 신도림역 (primary=KEY_3)
2026-05-30 00:24:40,539 [INFO] [100/121] 신림역 (primary=KEY_4)
2026-05-30 00:24:42,396 [INFO] [101/121] 신정네거리역 (primary=KEY_1)
2026-05-30 00:24:44,232 [INFO] [102/121] 신촌·이대역 (primary=KEY_2)
2026-05-30 00:24:46,129 [INFO] [103/121] 쌍문역 (primary=KEY_3)
2026-05-30 00:24:47,226 [INFO] [104/121] 양재역 (primary=KEY_4)
2026-05-30 00:24:49,234 [INFO] [105/121] 역삼역 (primary=KEY_1)
2026-05-30 00:24:50,557 [INFO] [106/121] 연신내역 (primary=KEY_2)
2026-05-30 00:24:51,745 [INFO] [107/121] 오목교역·목동운동장 (primary=KEY_3)
2026-05-30 00:24:53,242 [INFO] [108/121] 왕십리역 (primary=KEY_4)
2026-05-30 00:24:54,532 [INFO] [109/121] 용산역 (primary=KEY_1)
2026-05-30 00:24:55,842 [INFO] [110/121] 이태원역 (primary=KEY_2)
2026-05-30 00:24:56,947 [INFO] [111/121] 잠실새내역 (primary=KEY_3)
2026-05-30 00:24:58,239 [INFO] [112/121] 잠실역 (primary=KEY_4)
2026-05-30 00:25:00,245 [INFO] [113/121] 장지역 (primary=KEY_1)
2026-05-30 00:25:02,118 [INFO] [114/121] 장한평역 (primary=KEY_2)
2026-05-30 00:25:03,399 [INFO] [115/121] 천호역 (primary=KEY_3)
2026-05-30 00:25:05,475 [INFO] [116/121] 총신대입구(이수)역 (primary=KEY_4)
2026-05-30 00:25:06,768 [INFO] [117/121] 충정로역 (primary=KEY_1)
2026-05-30 00:25:07,868 [INFO] [118/121] 합정역 (primary=KEY_2)
2026-05-30 00:25:09,148 [INFO] [119/121] 혜화역 (primary=KEY_3)
2026-05-30 00:25:10,429 [INFO] [120/121] 홍대입구역(2호선) (primary=KEY_4)
2026-05-30 00:25:11,541 [INFO] [121/121] 회기역 (primary=KEY_1)
2026-05-30 00:25:13,248 [INFO] === 수집 완료 | 성공 121, 실패 0 ===
2026-05-30 00:25:13,248 [INFO] 카테고리별 저장 결과:
2026-05-30 00:25:13,248 [INFO]    accident                  | 신규     7행 | 누적      7행 | 16컬럼
2026-05-30 00:25:13,249 [INFO]    accident_acdnt_cntrl_stts | 신규     4행 | 누적      4행 | 16컬럼
2026-05-30 00:25:13,249 [INFO]    area_meta                 | 신규   121행 | 누적    121행 | 5컬럼
2026-05-30 00:25:13,249 [INFO]    bike                      | 신규    10행 | 누적     10행 | 12컬럼
2026-05-30 00:25:13,249 [INFO]    bike_sbike_stts           | 신규   556행 | 누적    556행 | 12컬럼
2026-05-30 00:25:13,249 [INFO]    bus                       | 신규     3행 | 누적      3행 | 11컬럼
2026-05-30 00:25:13,249 [INFO]    bus_bus_stn_stts          | 신규  1745행 | 누적   1745행 | 11컬럼
2026-05-30 00:25:13,249 [INFO]    charger                   | 신규    25행 | 누적     25행 | 15컬럼
2026-05-30 00:25:13,249 [INFO]    charger_charger_stts      | 신규   323행 | 누적    323행 | 15컬럼
2026-05-30 00:25:13,249 [INFO]    cmrcl                     | 신규    82행 | 누적     82행 | 20컬럼
2026-05-30 00:25:13,249 [INFO]    events                    | 신규    13행 | 누적     13행 | 14컬럼
2026-05-30 00:25:13,249 [INFO]    events_event_stts         | 신규   174행 | 누적    174행 | 14컬럼
2026-05-30 00:25:13,249 [INFO]    parking                   | 신규     6행 | 누적      6행 | 21컬럼
2026-05-30 00:25:13,249 [INFO]    parking_prk_stts          | 신규  1835행 | 누적   1835행 | 21컬럼
2026-05-30 00:25:13,249 [INFO]    ppltn                     | 신규   121행 | 누적    121행 | 26컬럼
2026-05-30 00:25:13,249 [INFO]    road                      | 신규   121행 | 누적    121행 | 21컬럼
2026-05-30 00:25:13,249 [INFO]    road_road_traffic_stts    | 신규  5253행 | 누적   5253행 | 17컬럼
2026-05-30 00:25:13,250 [INFO]    subway                    | 신규    38행 | 누적     38행 | 12컬럼
2026-05-30 00:25:13,250 [INFO]    subway_sub_stts           | 신규   183행 | 누적    183행 | 13컬럼
2026-05-30 00:25:13,250 [INFO]    weather                   | 신규   119행 | 누적    119행 | 29컬럼
2026-05-30 00:25:13,250 [INFO] 키별 사용량:
2026-05-30 00:25:13,250 [INFO]    🟢 KEY_1 (31/1000) 
2026-05-30 00:25:13,250 [INFO]    🟢 KEY_2 (30/1000) 
2026-05-30 00:25:13,250 [INFO]    🟢 KEY_3 (30/1000) 
2026-05-30 00:25:13,250 [INFO]    🟢 KEY_4 (30/1000) 
2026-05-30 02:22:10,418 [INFO] 등록된 키: 4개, 합산 한도 4,000건/일
2026-05-30 02:22:10,418 [INFO] POI 로드: 매뉴얼 v8.5 기준 fallback 121개 (121개 전체)
2026-05-30 02:22:10,418 [INFO] === 수집 시작 2026-05-30T02:22:10.418932+09:00 ===
2026-05-30 02:22:10,419 [INFO] 대상 장소: 121개 | API: citydata (통합)
2026-05-30 02:22:10,419 [INFO] 키 풀: 4/4 활성 | 오늘 사용 0/4000건
2026-05-30 02:22:10,419 [INFO]   [KEY_1] 담당 31장소
2026-05-30 02:22:10,419 [INFO]   [KEY_2] 담당 30장소
2026-05-30 02:22:10,419 [INFO]   [KEY_3] 담당 30장소
2026-05-30 02:22:10,419 [INFO]   [KEY_4] 담당 30장소
2026-05-30 02:22:10,419 [INFO] [1/121] 경복궁 (primary=KEY_1)
2026-05-30 02:22:12,378 [INFO] [2/121] 광화문·덕수궁 (primary=KEY_2)
2026-05-30 02:22:14,560 [INFO] [3/121] 보신각 (primary=KEY_3)
2026-05-30 02:22:16,505 [INFO] [4/121] 서울 암사동 유적 (primary=KEY_4)
2026-05-30 02:22:18,669 [INFO] [5/121] 창덕궁·종묘 (primary=KEY_1)
2026-05-30 02:22:20,602 [INFO] [6/121] 강남 MICE 관광특구 (primary=KEY_2)
2026-05-30 02:22:21,985 [INFO] [7/121] 동대문 관광특구 (primary=KEY_3)
2026-05-30 02:22:23,594 [INFO] [8/121] 명동 관광특구 (primary=KEY_4)
2026-05-30 02:22:25,201 [INFO] [9/121] 이태원 관광특구 (primary=KEY_1)
2026-05-30 02:22:27,142 [INFO] [10/121] 잠실 관광특구 (primary=KEY_2)
2026-05-30 02:22:29,304 [INFO] [11/121] 종로·청계 관광특구 (primary=KEY_3)
2026-05-30 02:22:31,547 [INFO] [12/121] 홍대 관광특구 (primary=KEY_4)
2026-05-30 02:22:33,926 [INFO] [13/121] 강서한강공원 (primary=KEY_1)
2026-05-30 02:22:35,082 [INFO] [14/121] 고척돔 (primary=KEY_2)
2026-05-30 02:22:36,833 [INFO] [15/121] 광나루한강공원 (primary=KEY_3)
2026-05-30 02:22:38,180 [INFO] [16/121] 광화문광장 (primary=KEY_4)
2026-05-30 02:22:40,376 [INFO] [17/121] 국립중앙박물관·용산가족공원 (primary=KEY_1)
2026-05-30 02:22:42,358 [INFO] [18/121] 난지한강공원 (primary=KEY_2)
2026-05-30 02:22:44,107 [INFO] [19/121] 남산공원 (primary=KEY_3)
2026-05-30 02:22:46,290 [INFO] [20/121] 노들섬 (primary=KEY_4)
2026-05-30 02:22:47,462 [INFO] [21/121] 뚝섬한강공원 (primary=KEY_1)
2026-05-30 02:22:49,399 [INFO] [22/121] 망원한강공원 (primary=KEY_2)
2026-05-30 02:22:51,574 [INFO] [23/121] 반포한강공원 (primary=KEY_3)
2026-05-30 02:22:52,737 [INFO] [24/121] 보라매공원 (primary=KEY_4)
2026-05-30 02:22:54,897 [INFO] [25/121] 북서울꿈의숲 (primary=KEY_1)
2026-05-30 02:22:56,061 [INFO] [26/121] 서대문독립공원 (primary=KEY_2)
2026-05-30 02:22:57,222 [INFO] [27/121] 서리풀공원·몽마르뜨공원 (primary=KEY_3)
2026-05-30 02:22:58,440 [INFO] [28/121] 서울대공원 (primary=KEY_4)
2026-05-30 02:23:00,557 [INFO] [29/121] 서울숲공원 (primary=KEY_1)
2026-05-30 02:23:01,950 [INFO] [30/121] 송현녹지광장 (primary=KEY_2)
2026-05-30 02:23:04,284 [INFO] [31/121] 아차산 (primary=KEY_3)
2026-05-30 02:23:05,430 [INFO] [32/121] 안양천 (primary=KEY_4)
2026-05-30 02:23:06,597 [INFO] [33/121] 양화한강공원 (primary=KEY_1)
2026-05-30 02:23:07,749 [INFO] [34/121] 어린이대공원 (primary=KEY_2)
2026-05-30 02:23:08,929 [INFO] [35/121] 여의도한강공원 (primary=KEY_3)
2026-05-30 02:23:10,877 [INFO] [36/121] 여의서로 (primary=KEY_4)
2026-05-30 02:23:12,042 [INFO] [37/121] 올림픽공원 (primary=KEY_1)
2026-05-30 02:23:14,252 [INFO] [38/121] 월드컵공원 (primary=KEY_2)
2026-05-30 02:23:15,831 [INFO] [39/121] 응봉산 (primary=KEY_3)
2026-05-30 02:23:17,192 [INFO] [40/121] 이촌한강공원 (primary=KEY_4)
2026-05-30 02:23:18,354 [INFO] [41/121] 잠실종합운동장 (primary=KEY_1)
2026-05-30 02:23:19,548 [INFO] [42/121] 잠실한강공원 (primary=KEY_2)
2026-05-30 02:23:20,733 [INFO] [43/121] 잠원한강공원 (primary=KEY_3)
2026-05-30 02:23:21,899 [INFO] [44/121] 청계산 (primary=KEY_4)
2026-05-30 02:23:23,067 [INFO] [45/121] 홍제폭포 (primary=KEY_1)
2026-05-30 02:23:24,219 [INFO] [46/121] 가락시장 (primary=KEY_2)
2026-05-30 02:23:25,587 [INFO] [47/121] 가로수길 (primary=KEY_3)
2026-05-30 02:23:27,556 [INFO] [48/121] 광장(전통)시장 (primary=KEY_4)
2026-05-30 02:23:28,785 [INFO] [49/121] 김포공항 (primary=KEY_1)
2026-05-30 02:23:30,191 [INFO] [50/121] 남대문시장 (primary=KEY_2)
2026-05-30 02:23:31,383 [INFO] [51/121] 노량진 (primary=KEY_3)
2026-05-30 02:23:32,606 [INFO] [52/121] 덕수궁길·정동길 (primary=KEY_4)
2026-05-30 02:23:33,967 [INFO] [53/121] 북창동 먹자골목 (primary=KEY_1)
2026-05-30 02:23:35,134 [INFO] [54/121] 북촌한옥마을 (primary=KEY_2)
2026-05-30 02:23:36,732 [INFO] [55/121] 서촌 (primary=KEY_3)
2026-05-30 02:23:38,091 [INFO] [56/121] 성수카페거리 (primary=KEY_4)
2026-05-30 02:23:39,523 [INFO] [57/121] 송리단길·호수단길 (primary=KEY_1)
2026-05-30 02:23:40,885 [INFO] [58/121] 신촌 스타광장 (primary=KEY_2)
2026-05-30 02:23:42,081 [INFO] [59/121] 압구정로데오거리 (primary=KEY_3)
2026-05-30 02:23:44,253 [INFO] [60/121] 여의도 (primary=KEY_4)
2026-05-30 02:23:46,277 [INFO] [61/121] 연남동 (primary=KEY_1)
2026-05-30 02:23:48,430 [INFO] [62/121] 영등포 타임스퀘어 (primary=KEY_2)
2026-05-30 02:23:49,777 [INFO] [63/121] 용리단길 (primary=KEY_3)
2026-05-30 02:23:50,991 [INFO] [64/121] 이태원 앤틱가구거리 (primary=KEY_4)
2026-05-30 02:23:52,191 [INFO] [65/121] 익선동 (primary=KEY_1)
2026-05-30 02:23:53,580 [INFO] [66/121] 인사동 (primary=KEY_2)
2026-05-30 02:23:54,957 [INFO] [67/121] 잠실롯데타워·석촌호수 (primary=KEY_3)
2026-05-30 02:23:56,934 [INFO] [68/121] 창동 신경제 중심지 (primary=KEY_4)
2026-05-30 02:23:58,739 [INFO] [69/121] 청담동 명품거리 (primary=KEY_1)
2026-05-30 02:24:00,115 [INFO] [70/121] 청량리 제기동 일대 전통시장 (primary=KEY_2)
2026-05-30 02:24:01,478 [INFO] [71/121] 해방촌·경리단길 (primary=KEY_3)
2026-05-30 02:24:02,637 [INFO] [72/121] DDP(동대문디자인플라자) (primary=KEY_4)
2026-05-30 02:24:04,071 [INFO] [73/121] DMC(디지털미디어시티) (primary=KEY_1)
2026-05-30 02:24:05,677 [INFO] [74/121] 가산디지털단지역 (primary=KEY_2)
2026-05-30 02:24:07,206 [INFO] [75/121] 강남역 (primary=KEY_3)
2026-05-30 02:24:08,844 [INFO] [76/121] 건대입구역 (primary=KEY_4)
2026-05-30 02:24:10,203 [INFO] [77/121] 고덕역 (primary=KEY_1)
2026-05-30 02:24:11,368 [INFO] [78/121] 고속터미널역 (primary=KEY_2)
2026-05-30 02:24:12,556 [INFO] [79/121] 교대역 (primary=KEY_3)
2026-05-30 02:24:13,733 [INFO] [80/121] 구로디지털단지역 (primary=KEY_4)
2026-05-30 02:24:15,106 [INFO] [81/121] 구로역 (primary=KEY_1)
2026-05-30 02:24:16,274 [INFO] [82/121] 군자역 (primary=KEY_2)
2026-05-30 02:24:18,616 [INFO] [83/121] 대림역 (primary=KEY_3)
2026-05-30 02:24:20,010 [INFO] [84/121] 동대문역 (primary=KEY_4)
2026-05-30 02:24:21,190 [INFO] [85/121] 뚝섬역 (primary=KEY_1)
2026-05-30 02:24:22,557 [INFO] [86/121] 미아사거리역 (primary=KEY_2)
2026-05-30 02:24:23,918 [INFO] [87/121] 발산역 (primary=KEY_3)
2026-05-30 02:24:25,477 [INFO] [88/121] 사당역 (primary=KEY_4)
2026-05-30 02:24:26,869 [INFO] [89/121] 삼각지역 (primary=KEY_1)
2026-05-30 02:24:28,044 [INFO] [90/121] 서울대입구역 (primary=KEY_2)
2026-05-30 02:24:29,228 [INFO] [91/121] 서울식물원·마곡나루역 (primary=KEY_3)
2026-05-30 02:24:30,605 [INFO] [92/121] 서울역 (primary=KEY_4)
2026-05-30 02:24:32,038 [INFO] [93/121] 선릉역 (primary=KEY_1)
2026-05-30 02:24:33,605 [INFO] [94/121] 성신여대입구역 (primary=KEY_2)
2026-05-30 02:24:34,796 [INFO] [95/121] 수유역 (primary=KEY_3)
2026-05-30 02:24:36,161 [INFO] [96/121] 숭례문 (primary=KEY_4)
2026-05-30 02:24:37,532 [INFO] [97/121] 시의회 앞 (primary=KEY_1)
2026-05-30 02:24:38,898 [INFO] [98/121] 신논현역·논현역 (primary=KEY_2)
2026-05-30 02:24:40,347 [INFO] [99/121] 신도림역 (primary=KEY_3)
2026-05-30 02:24:41,506 [INFO] [100/121] 신림역 (primary=KEY_4)
2026-05-30 02:24:42,690 [INFO] [101/121] 신정네거리역 (primary=KEY_1)
2026-05-30 02:24:43,853 [INFO] [102/121] 신촌·이대역 (primary=KEY_2)
2026-05-30 02:24:45,222 [INFO] [103/121] 쌍문역 (primary=KEY_3)
2026-05-30 02:24:46,393 [INFO] [104/121] 양재역 (primary=KEY_4)
2026-05-30 02:24:47,581 [INFO] [105/121] 역삼역 (primary=KEY_1)
2026-05-30 02:24:48,974 [INFO] [106/121] 연신내역 (primary=KEY_2)
2026-05-30 02:24:50,180 [INFO] [107/121] 오목교역·목동운동장 (primary=KEY_3)
2026-05-30 02:24:52,344 [INFO] [108/121] 왕십리역 (primary=KEY_4)
2026-05-30 02:24:53,719 [INFO] [109/121] 용산역 (primary=KEY_1)
2026-05-30 02:24:55,130 [INFO] [110/121] 이태원역 (primary=KEY_2)
2026-05-30 02:24:56,340 [INFO] [111/121] 잠실새내역 (primary=KEY_3)
2026-05-30 02:24:58,333 [INFO] [112/121] 잠실역 (primary=KEY_4)
2026-05-30 02:24:59,714 [INFO] [113/121] 장지역 (primary=KEY_1)
2026-05-30 02:25:01,182 [INFO] [114/121] 장한평역 (primary=KEY_2)
2026-05-30 02:25:02,541 [INFO] [115/121] 천호역 (primary=KEY_3)
2026-05-30 02:25:04,104 [INFO] [116/121] 총신대입구(이수)역 (primary=KEY_4)
2026-05-30 02:25:05,536 [INFO] [117/121] 충정로역 (primary=KEY_1)
2026-05-30 02:25:06,700 [INFO] [118/121] 합정역 (primary=KEY_2)
2026-05-30 02:25:08,040 [INFO] [119/121] 혜화역 (primary=KEY_3)
2026-05-30 02:25:09,392 [INFO] [120/121] 홍대입구역(2호선) (primary=KEY_4)
2026-05-30 02:25:10,567 [INFO] [121/121] 회기역 (primary=KEY_1)
2026-05-30 02:25:12,572 [INFO] === 수집 완료 | 성공 121, 실패 0 ===
2026-05-30 02:25:12,572 [INFO] 카테고리별 저장 결과:
2026-05-30 02:25:12,572 [INFO]    accident                  | 신규     7행 | 누적     14행 | 16컬럼
2026-05-30 02:25:12,572 [INFO]    accident_acdnt_cntrl_stts | 신규     4행 | 누적      8행 | 16컬럼
2026-05-30 02:25:12,572 [INFO]    area_meta                 | 신규   121행 | 누적    242행 | 5컬럼
2026-05-30 02:25:12,572 [INFO]    bike                      | 신규    10행 | 누적     20행 | 12컬럼
2026-05-30 02:25:12,572 [INFO]    bike_sbike_stts           | 신규   556행 | 누적   1112행 | 12컬럼
2026-05-30 02:25:12,572 [INFO]    bus                       | 신규     3행 | 누적      6행 | 11컬럼
2026-05-30 02:25:12,572 [INFO]    bus_bus_stn_stts          | 신규  1745행 | 누적   3490행 | 11컬럼
2026-05-30 02:25:12,573 [INFO]    charger                   | 신규    25행 | 누적     50행 | 15컬럼
2026-05-30 02:25:12,573 [INFO]    charger_charger_stts      | 신규   323행 | 누적    642행 | 15컬럼
2026-05-30 02:25:12,573 [INFO]    cmrcl                     | 신규    82행 | 누적    164행 | 20컬럼
2026-05-30 02:25:12,573 [INFO]    events                    | 신규    13행 | 누적     26행 | 14컬럼
2026-05-30 02:25:12,573 [INFO]    events_event_stts         | 신규   174행 | 누적    348행 | 14컬럼
2026-05-30 02:25:12,573 [INFO]    parking                   | 신규     6행 | 누적     12행 | 21컬럼
2026-05-30 02:25:12,573 [INFO]    parking_prk_stts          | 신규  1835행 | 누적   3670행 | 21컬럼
2026-05-30 02:25:12,573 [INFO]    ppltn                     | 신규   121행 | 누적    242행 | 26컬럼
2026-05-30 02:25:12,573 [INFO]    road                      | 신규   121행 | 누적    242행 | 21컬럼
2026-05-30 02:25:12,573 [INFO]    road_road_traffic_stts    | 신규  5253행 | 누적  10506행 | 17컬럼
2026-05-30 02:25:12,573 [INFO]    subway                    | 신규    38행 | 누적     76행 | 12컬럼
2026-05-30 02:25:12,573 [INFO]    subway_sub_stts           | 신규   183행 | 누적    366행 | 13컬럼
2026-05-30 02:25:12,573 [INFO]    weather                   | 신규   119행 | 누적    238행 | 29컬럼
2026-05-30 02:25:12,573 [INFO] 키별 사용량:
2026-05-30 02:25:12,573 [INFO]    🟢 KEY_1 (31/1000) 
2026-05-30 02:25:12,573 [INFO]    🟢 KEY_2 (30/1000) 
2026-05-30 02:25:12,573 [INFO]    🟢 KEY_3 (30/1000) 
2026-05-30 02:25:12,573 [INFO]    🟢 KEY_4 (30/1000) 
2026-05-30 04:05:30,176 [INFO] 등록된 키: 4개, 합산 한도 4,000건/일
2026-05-30 04:05:30,177 [INFO] POI 로드: 매뉴얼 v8.5 기준 fallback 121개 (121개 전체)
2026-05-30 04:05:30,177 [INFO] === 수집 시작 2026-05-30T04:05:30.177343+09:00 ===
2026-05-30 04:05:30,177 [INFO] 대상 장소: 121개 | API: citydata (통합)
2026-05-30 04:05:30,177 [INFO] 키 풀: 4/4 활성 | 오늘 사용 0/4000건
2026-05-30 04:05:30,177 [INFO]   [KEY_1] 담당 31장소
2026-05-30 04:05:30,177 [INFO]   [KEY_2] 담당 30장소
2026-05-30 04:05:30,177 [INFO]   [KEY_3] 담당 30장소
2026-05-30 04:05:30,177 [INFO]   [KEY_4] 담당 30장소
2026-05-30 04:05:30,177 [INFO] [1/121] 경복궁 (primary=KEY_1)
2026-05-30 04:05:31,917 [INFO] [2/121] 광화문·덕수궁 (primary=KEY_2)
2026-05-30 04:05:33,419 [INFO] [3/121] 보신각 (primary=KEY_3)
2026-05-30 04:05:34,624 [INFO] [4/121] 서울 암사동 유적 (primary=KEY_4)
2026-05-30 04:05:36,193 [INFO] [5/121] 창덕궁·종묘 (primary=KEY_1)
2026-05-30 04:05:38,017 [INFO] [6/121] 강남 MICE 관광특구 (primary=KEY_2)
2026-05-30 04:05:39,769 [INFO] [7/121] 동대문 관광특구 (primary=KEY_3)
2026-05-30 04:05:41,804 [INFO] [8/121] 명동 관광특구 (primary=KEY_4)
2026-05-30 04:05:43,749 [INFO] [9/121] 이태원 관광특구 (primary=KEY_1)
2026-05-30 04:05:44,852 [INFO] [10/121] 잠실 관광특구 (primary=KEY_2)
2026-05-30 04:05:46,250 [INFO] [11/121] 종로·청계 관광특구 (primary=KEY_3)
2026-05-30 04:05:47,542 [INFO] [12/121] 홍대 관광특구 (primary=KEY_4)
2026-05-30 04:05:48,931 [INFO] [13/121] 강서한강공원 (primary=KEY_1)
2026-05-30 04:05:49,994 [INFO] [14/121] 고척돔 (primary=KEY_2)
2026-05-30 04:05:50,932 [INFO] [15/121] 광나루한강공원 (primary=KEY_3)
2026-05-30 04:05:52,504 [INFO] [16/121] 광화문광장 (primary=KEY_4)
2026-05-30 04:05:53,583 [INFO] [17/121] 국립중앙박물관·용산가족공원 (primary=KEY_1)
2026-05-30 04:05:54,536 [INFO] [18/121] 난지한강공원 (primary=KEY_2)
2026-05-30 04:05:55,477 [INFO] [19/121] 남산공원 (primary=KEY_3)
2026-05-30 04:05:56,707 [INFO] [20/121] 노들섬 (primary=KEY_4)
2026-05-30 04:05:57,763 [INFO] [21/121] 뚝섬한강공원 (primary=KEY_1)
2026-05-30 04:05:58,719 [INFO] [22/121] 망원한강공원 (primary=KEY_2)
2026-05-30 04:05:59,805 [INFO] [23/121] 반포한강공원 (primary=KEY_3)
2026-05-30 04:06:00,866 [INFO] [24/121] 보라매공원 (primary=KEY_4)
2026-05-30 04:06:02,567 [INFO] [25/121] 북서울꿈의숲 (primary=KEY_1)
2026-05-30 04:06:03,650 [INFO] [26/121] 서대문독립공원 (primary=KEY_2)
2026-05-30 04:06:04,599 [INFO] [27/121] 서리풀공원·몽마르뜨공원 (primary=KEY_3)
2026-05-30 04:06:05,561 [INFO] [28/121] 서울대공원 (primary=KEY_4)
2026-05-30 04:06:06,491 [INFO] [29/121] 서울숲공원 (primary=KEY_1)
2026-05-30 04:06:07,569 [INFO] [30/121] 송현녹지광장 (primary=KEY_2)
2026-05-30 04:06:08,642 [INFO] [31/121] 아차산 (primary=KEY_3)
2026-05-30 04:06:09,579 [INFO] [32/121] 안양천 (primary=KEY_4)
2026-05-30 04:06:10,515 [INFO] [33/121] 양화한강공원 (primary=KEY_1)
2026-05-30 04:06:11,448 [INFO] [34/121] 어린이대공원 (primary=KEY_2)
2026-05-30 04:06:12,404 [INFO] [35/121] 여의도한강공원 (primary=KEY_3)
2026-05-30 04:06:13,467 [INFO] [36/121] 여의서로 (primary=KEY_4)
2026-05-30 04:06:14,405 [INFO] [37/121] 올림픽공원 (primary=KEY_1)
2026-05-30 04:06:15,528 [INFO] [38/121] 월드컵공원 (primary=KEY_2)
2026-05-30 04:06:16,774 [INFO] [39/121] 응봉산 (primary=KEY_3)
2026-05-30 04:06:17,838 [INFO] [40/121] 이촌한강공원 (primary=KEY_4)
2026-05-30 04:06:18,772 [INFO] [41/121] 잠실종합운동장 (primary=KEY_1)
2026-05-30 04:06:19,712 [INFO] [42/121] 잠실한강공원 (primary=KEY_2)
2026-05-30 04:06:20,662 [INFO] [43/121] 잠원한강공원 (primary=KEY_3)
2026-05-30 04:06:21,606 [INFO] [44/121] 청계산 (primary=KEY_4)
2026-05-30 04:06:23,052 [INFO] [45/121] 홍제폭포 (primary=KEY_1)
2026-05-30 04:06:23,985 [INFO] [46/121] 가락시장 (primary=KEY_2)
2026-05-30 04:06:25,093 [INFO] [47/121] 가로수길 (primary=KEY_3)
2026-05-30 04:06:26,195 [INFO] [48/121] 광장(전통)시장 (primary=KEY_4)
2026-05-30 04:06:27,147 [INFO] [49/121] 김포공항 (primary=KEY_1)
2026-05-30 04:06:28,251 [INFO] [50/121] 남대문시장 (primary=KEY_2)
2026-05-30 04:06:29,236 [INFO] [51/121] 노량진 (primary=KEY_3)
2026-05-30 04:06:30,339 [INFO] [52/121] 덕수궁길·정동길 (primary=KEY_4)
2026-05-30 04:06:31,449 [INFO] [53/121] 북창동 먹자골목 (primary=KEY_1)
2026-05-30 04:06:32,400 [INFO] [54/121] 북촌한옥마을 (primary=KEY_2)
2026-05-30 04:06:33,506 [INFO] [55/121] 서촌 (primary=KEY_3)
2026-05-30 04:06:34,590 [INFO] [56/121] 성수카페거리 (primary=KEY_4)
2026-05-30 04:06:35,723 [INFO] [57/121] 송리단길·호수단길 (primary=KEY_1)
2026-05-30 04:06:36,830 [INFO] [58/121] 신촌 스타광장 (primary=KEY_2)
2026-05-30 04:06:37,795 [INFO] [59/121] 압구정로데오거리 (primary=KEY_3)
2026-05-30 04:06:38,887 [INFO] [60/121] 여의도 (primary=KEY_4)
2026-05-30 04:06:40,423 [INFO] [61/121] 연남동 (primary=KEY_1)
2026-05-30 04:06:41,511 [INFO] [62/121] 영등포 타임스퀘어 (primary=KEY_2)
2026-05-30 04:06:42,586 [INFO] [63/121] 용리단길 (primary=KEY_3)
2026-05-30 04:06:43,692 [INFO] [64/121] 이태원 앤틱가구거리 (primary=KEY_4)
2026-05-30 04:06:45,153 [INFO] [65/121] 익선동 (primary=KEY_1)
2026-05-30 04:06:46,386 [INFO] [66/121] 인사동 (primary=KEY_2)
2026-05-30 04:06:47,606 [INFO] [67/121] 잠실롯데타워·석촌호수 (primary=KEY_3)
2026-05-30 04:06:48,827 [INFO] [68/121] 창동 신경제 중심지 (primary=KEY_4)
2026-05-30 04:06:50,073 [INFO] [69/121] 청담동 명품거리 (primary=KEY_1)
2026-05-30 04:06:51,163 [INFO] [70/121] 청량리 제기동 일대 전통시장 (primary=KEY_2)
2026-05-30 04:06:52,772 [INFO] [71/121] 해방촌·경리단길 (primary=KEY_3)
2026-05-30 04:06:53,850 [INFO] [72/121] DDP(동대문디자인플라자) (primary=KEY_4)
2026-05-30 04:06:54,978 [INFO] [73/121] DMC(디지털미디어시티) (primary=KEY_1)
2026-05-30 04:06:56,354 [INFO] [74/121] 가산디지털단지역 (primary=KEY_2)
2026-05-30 04:06:57,696 [INFO] [75/121] 강남역 (primary=KEY_3)
2026-05-30 04:06:59,219 [INFO] [76/121] 건대입구역 (primary=KEY_4)
2026-05-30 04:07:00,825 [INFO] [77/121] 고덕역 (primary=KEY_1)
2026-05-30 04:07:02,189 [INFO] [78/121] 고속터미널역 (primary=KEY_2)
2026-05-30 04:07:03,288 [INFO] [79/121] 교대역 (primary=KEY_3)
2026-05-30 04:07:04,758 [INFO] [80/121] 구로디지털단지역 (primary=KEY_4)
2026-05-30 04:07:05,850 [INFO] [81/121] 구로역 (primary=KEY_1)
2026-05-30 04:07:06,812 [INFO] [82/121] 군자역 (primary=KEY_2)
2026-05-30 04:07:07,771 [INFO] [83/121] 대림역 (primary=KEY_3)
2026-05-30 04:07:08,978 [INFO] [84/121] 동대문역 (primary=KEY_4)
2026-05-30 04:07:09,967 [INFO] [85/121] 뚝섬역 (primary=KEY_1)
2026-05-30 04:07:11,053 [INFO] [86/121] 미아사거리역 (primary=KEY_2)
2026-05-30 04:07:12,773 [INFO] [87/121] 발산역 (primary=KEY_3)
2026-05-30 04:07:14,103 [INFO] [88/121] 사당역 (primary=KEY_4)
2026-05-30 04:07:15,193 [INFO] [89/121] 삼각지역 (primary=KEY_1)
2026-05-30 04:07:16,163 [INFO] [90/121] 서울대입구역 (primary=KEY_2)
2026-05-30 04:07:17,134 [INFO] [91/121] 서울식물원·마곡나루역 (primary=KEY_3)
2026-05-30 04:07:18,236 [INFO] [92/121] 서울역 (primary=KEY_4)
2026-05-30 04:07:19,385 [INFO] [93/121] 선릉역 (primary=KEY_1)
2026-05-30 04:07:20,643 [INFO] [94/121] 성신여대입구역 (primary=KEY_2)
2026-05-30 04:07:21,618 [INFO] [95/121] 수유역 (primary=KEY_3)
2026-05-30 04:07:22,836 [INFO] [96/121] 숭례문 (primary=KEY_4)
2026-05-30 04:07:23,933 [INFO] [97/121] 시의회 앞 (primary=KEY_1)
2026-05-30 04:07:25,044 [INFO] [98/121] 신논현역·논현역 (primary=KEY_2)
2026-05-30 04:07:26,164 [INFO] [99/121] 신도림역 (primary=KEY_3)
2026-05-30 04:07:27,123 [INFO] [100/121] 신림역 (primary=KEY_4)
2026-05-30 04:07:28,093 [INFO] [101/121] 신정네거리역 (primary=KEY_1)
2026-05-30 04:07:29,049 [INFO] [102/121] 신촌·이대역 (primary=KEY_2)
2026-05-30 04:07:30,142 [INFO] [103/121] 쌍문역 (primary=KEY_3)
2026-05-30 04:07:31,105 [INFO] [104/121] 양재역 (primary=KEY_4)
2026-05-30 04:07:32,216 [INFO] [105/121] 역삼역 (primary=KEY_1)
2026-05-30 04:07:33,322 [INFO] [106/121] 연신내역 (primary=KEY_2)
2026-05-30 04:07:34,304 [INFO] [107/121] 오목교역·목동운동장 (primary=KEY_3)
2026-05-30 04:07:35,659 [INFO] [108/121] 왕십리역 (primary=KEY_4)
2026-05-30 04:07:36,753 [INFO] [109/121] 용산역 (primary=KEY_1)
2026-05-30 04:07:37,973 [INFO] [110/121] 이태원역 (primary=KEY_2)
2026-05-30 04:07:38,946 [INFO] [111/121] 잠실새내역 (primary=KEY_3)
2026-05-30 04:07:40,044 [INFO] [112/121] 잠실역 (primary=KEY_4)
2026-05-30 04:07:41,140 [INFO] [113/121] 장지역 (primary=KEY_1)
2026-05-30 04:07:42,227 [INFO] [114/121] 장한평역 (primary=KEY_2)
2026-05-30 04:07:43,315 [INFO] [115/121] 천호역 (primary=KEY_3)
2026-05-30 04:07:44,474 [INFO] [116/121] 총신대입구(이수)역 (primary=KEY_4)
2026-05-30 04:07:45,570 [INFO] [117/121] 충정로역 (primary=KEY_1)
2026-05-30 04:07:46,546 [INFO] [118/121] 합정역 (primary=KEY_2)
2026-05-30 04:07:47,637 [INFO] [119/121] 혜화역 (primary=KEY_3)
2026-05-30 04:07:48,734 [INFO] [120/121] 홍대입구역(2호선) (primary=KEY_4)
2026-05-30 04:07:49,727 [INFO] [121/121] 회기역 (primary=KEY_1)
2026-05-30 04:07:51,638 [INFO] === 수집 완료 | 성공 121, 실패 0 ===
2026-05-30 04:07:51,638 [INFO] 카테고리별 저장 결과:
2026-05-30 04:07:51,638 [INFO]    accident                  | 신규     5행 | 누적     19행 | 16컬럼
2026-05-30 04:07:51,638 [INFO]    accident_acdnt_cntrl_stts | 신규     4행 | 누적     12행 | 16컬럼
2026-05-30 04:07:51,638 [INFO]    area_meta                 | 신규   121행 | 누적    363행 | 5컬럼
2026-05-30 04:07:51,638 [INFO]    bike                      | 신규    10행 | 누적     30행 | 12컬럼
2026-05-30 04:07:51,638 [INFO]    bike_sbike_stts           | 신규   556행 | 누적   1668행 | 12컬럼
2026-05-30 04:07:51,638 [INFO]    bus                       | 신규     3행 | 누적      9행 | 11컬럼
2026-05-30 04:07:51,638 [INFO]    bus_bus_stn_stts          | 신규  1745행 | 누적   5235행 | 11컬럼
2026-05-30 04:07:51,638 [INFO]    charger                   | 신규    13행 | 누적     63행 | 15컬럼
2026-05-30 04:07:51,638 [INFO]    charger_charger_stts      | 신규   704행 | 누적   1341행 | 15컬럼
2026-05-30 04:07:51,638 [INFO]    cmrcl                     | 신규    82행 | 누적    246행 | 20컬럼
2026-05-30 04:07:51,639 [INFO]    events                    | 신규    13행 | 누적     39행 | 14컬럼
2026-05-30 04:07:51,639 [INFO]    events_event_stts         | 신규   174행 | 누적    522행 | 14컬럼
2026-05-30 04:07:51,639 [INFO]    parking                   | 신규     6행 | 누적     18행 | 21컬럼
2026-05-30 04:07:51,639 [INFO]    parking_prk_stts          | 신규  1835행 | 누적   5505행 | 21컬럼
2026-05-30 04:07:51,639 [INFO]    ppltn                     | 신규   121행 | 누적    363행 | 26컬럼
2026-05-30 04:07:51,639 [INFO]    road                      | 신규   121행 | 누적    363행 | 21컬럼
2026-05-30 04:07:51,639 [INFO]    road_road_traffic_stts    | 신규  5253행 | 누적  15759행 | 17컬럼
2026-05-30 04:07:51,639 [INFO]    subway                    | 신규    38행 | 누적    114행 | 12컬럼
2026-05-30 04:07:51,639 [INFO]    subway_sub_stts           | 신규   183행 | 누적    549행 | 13컬럼
2026-05-30 04:07:51,639 [INFO]    weather                   | 신규   119행 | 누적    357행 | 29컬럼
2026-05-30 04:07:51,639 [INFO] 키별 사용량:
2026-05-30 04:07:51,639 [INFO]    🟢 KEY_1 (31/1000) 
2026-05-30 04:07:51,639 [INFO]    🟢 KEY_2 (30/1000) 
2026-05-30 04:07:51,639 [INFO]    🟢 KEY_3 (30/1000) 
2026-05-30 04:07:51,639 [INFO]    🟢 KEY_4 (30/1000) 
