2026-08-21 00:44:35,309 [INFO] 등록된 키: 4개, 합산 한도 4,000건/일
2026-08-21 00:44:35,310 [INFO] POI 로드: 매뉴얼 v8.5 기준 fallback 121개 (121개 전체)
2026-08-21 00:44:35,310 [INFO] === 수집 시작 2026-08-21T00:44:35.310258+09:00 ===
2026-08-21 00:44:35,310 [INFO] 대상 장소: 121개 | API: citydata (통합)
2026-08-21 00:44:35,310 [INFO] 키 풀: 4/4 활성 | 오늘 사용 0/4000건
2026-08-21 00:44:35,310 [INFO]   [KEY_1] 담당 31장소
2026-08-21 00:44:35,310 [INFO]   [KEY_2] 담당 30장소
2026-08-21 00:44:35,310 [INFO]   [KEY_3] 담당 30장소
2026-08-21 00:44:35,310 [INFO]   [KEY_4] 담당 30장소
2026-08-21 00:44:35,310 [INFO] [1/121] 경복궁 (primary=KEY_1)
2026-08-21 00:44:37,784 [INFO] [2/121] 광화문·덕수궁 (primary=KEY_2)
2026-08-21 00:44:40,320 [INFO] [3/121] 보신각 (primary=KEY_3)
2026-08-21 00:44:42,427 [INFO] [4/121] 서울 암사동 유적 (primary=KEY_4)
2026-08-21 00:44:44,605 [INFO] [5/121] 창덕궁·종묘 (primary=KEY_1)
2026-08-21 00:44:47,052 [INFO] [6/121] 강남 MICE 관광특구 (primary=KEY_2)
2026-08-21 00:44:49,975 [INFO] [7/121] 동대문 관광특구 (primary=KEY_3)
2026-08-21 00:44:52,233 [INFO] [8/121] 명동 관광특구 (primary=KEY_4)
2026-08-21 00:44:54,966 [INFO] [9/121] 이태원 관광특구 (primary=KEY_1)
2026-08-21 00:44:57,086 [INFO] [10/121] 잠실 관광특구 (primary=KEY_2)
2026-08-21 00:44:59,814 [INFO] [11/121] 종로·청계 관광특구 (primary=KEY_3)
2026-08-21 00:45:02,505 [INFO] [12/121] 홍대 관광특구 (primary=KEY_4)
2026-08-21 00:45:04,086 [INFO] [13/121] 강서한강공원 (primary=KEY_1)
2026-08-21 00:45:06,374 [INFO] [14/121] 고척돔 (primary=KEY_2)
2026-08-21 00:45:07,510 [INFO] [15/121] 광나루한강공원 (primary=KEY_3)
2026-08-21 00:45:08,823 [INFO] [16/121] 광화문광장 (primary=KEY_4)
2026-08-21 00:45:11,126 [INFO] [17/121] 국립중앙박물관·용산가족공원 (primary=KEY_1)
2026-08-21 00:45:12,273 [INFO] [18/121] 난지한강공원 (primary=KEY_2)
2026-08-21 00:45:14,070 [INFO] [19/121] 남산공원 (primary=KEY_3)
2026-08-21 00:45:16,381 [INFO] [20/121] 노들섬 (primary=KEY_4)
2026-08-21 00:45:17,507 [INFO] [21/121] 뚝섬한강공원 (primary=KEY_1)
2026-08-21 00:45:18,639 [INFO] [22/121] 망원한강공원 (primary=KEY_2)
2026-08-21 00:45:20,539 [INFO] [23/121] 반포한강공원 (primary=KEY_3)
2026-08-21 00:45:21,665 [INFO] [24/121] 보라매공원 (primary=KEY_4)
2026-08-21 00:45:23,586 [INFO] [25/121] 북서울꿈의숲 (primary=KEY_1)
2026-08-21 00:45:25,892 [INFO] [26/121] 서대문독립공원 (primary=KEY_2)
2026-08-21 00:45:27,030 [INFO] [27/121] 서리풀공원·몽마르뜨공원 (primary=KEY_3)
2026-08-21 00:45:28,401 [INFO] [28/121] 서울대공원 (primary=KEY_4)
2026-08-21 00:45:29,533 [INFO] [29/121] 서울숲공원 (primary=KEY_1)
2026-08-21 00:45:30,863 [INFO] [30/121] 송현녹지광장 (primary=KEY_2)
2026-08-21 00:45:32,955 [INFO] [31/121] 아차산 (primary=KEY_3)
2026-08-21 00:45:34,086 [INFO] [32/121] 안양천 (primary=KEY_4)
2026-08-21 00:45:35,225 [INFO] [33/121] 양화한강공원 (primary=KEY_1)
2026-08-21 00:45:37,110 [INFO] [34/121] 어린이대공원 (primary=KEY_2)
2026-08-21 00:45:38,447 [INFO] [35/121] 여의도한강공원 (primary=KEY_3)
2026-08-21 00:45:40,718 [INFO] [36/121] 여의서로 (primary=KEY_4)
2026-08-21 00:45:42,040 [INFO] [37/121] 올림픽공원 (primary=KEY_1)
2026-08-21 00:45:44,076 [INFO] [38/121] 월드컵공원 (primary=KEY_2)
2026-08-21 00:45:45,633 [INFO] [39/121] 응봉산 (primary=KEY_3)
2026-08-21 00:45:47,728 [INFO] [40/121] 이촌한강공원 (primary=KEY_4)
2026-08-21 00:45:48,870 [INFO] [41/121] 잠실종합운동장 (primary=KEY_1)
2026-08-21 00:45:50,025 [INFO] [42/121] 잠실한강공원 (primary=KEY_2)
2026-08-21 00:45:51,196 [INFO] [43/121] 잠원한강공원 (primary=KEY_3)
2026-08-21 00:45:52,336 [INFO] [44/121] 청계산 (primary=KEY_4)
2026-08-21 00:45:53,462 [INFO] [45/121] 홍제폭포 (primary=KEY_1)
2026-08-21 00:45:54,595 [INFO] [46/121] 가락시장 (primary=KEY_2)
2026-08-21 00:45:55,954 [INFO] [47/121] 가로수길 (primary=KEY_3)
2026-08-21 00:45:57,318 [INFO] [48/121] 광장(전통)시장 (primary=KEY_4)
2026-08-21 00:45:58,463 [INFO] [49/121] 김포공항 (primary=KEY_1)
2026-08-21 00:46:00,758 [INFO] [50/121] 남대문시장 (primary=KEY_2)
2026-08-21 00:46:02,845 [INFO] [51/121] 노량진 (primary=KEY_3)
2026-08-21 00:46:04,188 [INFO] [52/121] 덕수궁길·정동길 (primary=KEY_4)
2026-08-21 00:46:05,534 [INFO] [53/121] 북창동 먹자골목 (primary=KEY_1)
2026-08-21 00:46:06,851 [INFO] [54/121] 북촌한옥마을 (primary=KEY_2)
2026-08-21 00:46:08,374 [INFO] [55/121] 서촌 (primary=KEY_3)
2026-08-21 00:46:09,704 [INFO] [56/121] 성수카페거리 (primary=KEY_4)
2026-08-21 00:46:11,233 [INFO] [57/121] 송리단길·호수단길 (primary=KEY_1)
2026-08-21 00:46:12,586 [INFO] [58/121] 신촌 스타광장 (primary=KEY_2)
2026-08-21 00:46:13,731 [INFO] [59/121] 압구정로데오거리 (primary=KEY_3)
2026-08-21 00:46:15,075 [INFO] [60/121] 여의도 (primary=KEY_4)
2026-08-21 00:46:17,263 [INFO] [61/121] 연남동 (primary=KEY_1)
2026-08-21 00:46:18,594 [INFO] [62/121] 영등포 타임스퀘어 (primary=KEY_2)
2026-08-21 00:46:20,861 [INFO] [63/121] 용리단길 (primary=KEY_3)
2026-08-21 00:46:22,031 [INFO] [64/121] 이태원 앤틱가구거리 (primary=KEY_4)
2026-08-21 00:46:23,185 [INFO] [65/121] 익선동 (primary=KEY_1)
2026-08-21 00:46:24,549 [INFO] [66/121] 인사동 (primary=KEY_2)
2026-08-21 00:46:26,114 [INFO] [67/121] 잠실롯데타워·석촌호수 (primary=KEY_3)
2026-08-21 00:46:27,867 [INFO] [68/121] 창동 신경제 중심지 (primary=KEY_4)
2026-08-21 00:46:29,650 [INFO] [69/121] 청담동 명품거리 (primary=KEY_1)
2026-08-21 00:46:30,996 [INFO] [70/121] 청량리 제기동 일대 전통시장 (primary=KEY_2)
2026-08-21 00:46:33,317 [INFO] [71/121] 해방촌·경리단길 (primary=KEY_3)
2026-08-21 00:46:34,465 [INFO] [72/121] DDP(동대문디자인플라자) (primary=KEY_4)
2026-08-21 00:46:36,397 [INFO] [73/121] DMC(디지털미디어시티) (primary=KEY_1)
2026-08-21 00:46:38,155 [INFO] [74/121] 가산디지털단지역 (primary=KEY_2)
2026-08-21 00:46:40,105 [INFO] [75/121] 강남역 (primary=KEY_3)
2026-08-21 00:46:41,659 [INFO] [76/121] 건대입구역 (primary=KEY_4)
2026-08-21 00:46:43,017 [INFO] [77/121] 고덕역 (primary=KEY_1)
2026-08-21 00:46:44,356 [INFO] [78/121] 고속터미널역 (primary=KEY_2)
2026-08-21 00:46:45,707 [INFO] [79/121] 교대역 (primary=KEY_3)
2026-08-21 00:46:47,057 [INFO] [80/121] 구로디지털단지역 (primary=KEY_4)
2026-08-21 00:46:48,818 [INFO] [81/121] 구로역 (primary=KEY_1)
2026-08-21 00:46:50,157 [INFO] [82/121] 군자역 (primary=KEY_2)
2026-08-21 00:46:51,495 [INFO] [83/121] 대림역 (primary=KEY_3)
2026-08-21 00:46:52,840 [INFO] [84/121] 동대문역 (primary=KEY_4)
2026-08-21 00:46:54,194 [INFO] [85/121] 뚝섬역 (primary=KEY_1)
2026-08-21 00:46:55,538 [INFO] [86/121] 미아사거리역 (primary=KEY_2)
2026-08-21 00:46:56,892 [INFO] [87/121] 발산역 (primary=KEY_3)
2026-08-21 00:46:58,608 [INFO] [88/121] 사당역 (primary=KEY_4)
2026-08-21 00:46:59,958 [INFO] [89/121] 삼각지역 (primary=KEY_1)
2026-08-21 00:47:01,132 [INFO] [90/121] 서울대입구역 (primary=KEY_2)
2026-08-21 00:47:02,510 [INFO] [91/121] 서울식물원·마곡나루역 (primary=KEY_3)
2026-08-21 00:47:04,047 [INFO] [92/121] 서울역 (primary=KEY_4)
2026-08-21 00:47:05,603 [INFO] [93/121] 선릉역 (primary=KEY_1)
2026-08-21 00:47:07,411 [INFO] [94/121] 성신여대입구역 (primary=KEY_2)
2026-08-21 00:47:08,554 [INFO] [95/121] 수유역 (primary=KEY_3)
2026-08-21 00:47:09,915 [INFO] [96/121] 숭례문 (primary=KEY_4)
2026-08-21 00:47:11,486 [INFO] [97/121] 시의회 앞 (primary=KEY_1)
2026-08-21 00:47:13,012 [INFO] [98/121] 신논현역·논현역 (primary=KEY_2)
2026-08-21 00:47:14,417 [INFO] [99/121] 신도림역 (primary=KEY_3)
2026-08-21 00:47:15,564 [INFO] [100/121] 신림역 (primary=KEY_4)
2026-08-21 00:47:16,913 [INFO] [101/121] 신정네거리역 (primary=KEY_1)
2026-08-21 00:47:18,237 [INFO] [102/121] 신촌·이대역 (primary=KEY_2)
2026-08-21 00:47:19,572 [INFO] [103/121] 쌍문역 (primary=KEY_3)
2026-08-21 00:47:20,895 [INFO] [104/121] 양재역 (primary=KEY_4)
2026-08-21 00:47:22,230 [INFO] [105/121] 역삼역 (primary=KEY_1)
2026-08-21 00:47:23,771 [INFO] [106/121] 연신내역 (primary=KEY_2)
2026-08-21 00:47:24,933 [INFO] [107/121] 오목교역·목동운동장 (primary=KEY_3)
2026-08-21 00:47:26,856 [INFO] [108/121] 왕십리역 (primary=KEY_4)
2026-08-21 00:47:28,392 [INFO] [109/121] 용산역 (primary=KEY_1)
2026-08-21 00:47:29,963 [INFO] [110/121] 이태원역 (primary=KEY_2)
2026-08-21 00:47:31,120 [INFO] [111/121] 잠실새내역 (primary=KEY_3)
2026-08-21 00:47:32,501 [INFO] [112/121] 잠실역 (primary=KEY_4)
2026-08-21 00:47:34,029 [INFO] [113/121] 장지역 (primary=KEY_1)
2026-08-21 00:47:35,552 [INFO] [114/121] 장한평역 (primary=KEY_2)
2026-08-21 00:47:36,895 [INFO] [115/121] 천호역 (primary=KEY_3)
2026-08-21 00:47:38,262 [INFO] [116/121] 총신대입구(이수)역 (primary=KEY_4)
2026-08-21 00:47:39,626 [INFO] [117/121] 충정로역 (primary=KEY_1)
2026-08-21 00:47:40,962 [INFO] [118/121] 합정역 (primary=KEY_2)
2026-08-21 00:47:42,322 [INFO] [119/121] 혜화역 (primary=KEY_3)
2026-08-21 00:47:43,663 [INFO] [120/121] 홍대입구역(2호선) (primary=KEY_4)
2026-08-21 00:47:45,033 [INFO] [121/121] 회기역 (primary=KEY_1)
2026-08-21 00:47:46,764 [INFO] === 수집 완료 | 성공 121, 실패 0 ===
2026-08-21 00:47:46,764 [INFO] 카테고리별 저장 결과:
2026-08-21 00:47:46,765 [INFO]    accident                  | 신규     2행 | 누적      2행 | 16컬럼
2026-08-21 00:47:46,765 [INFO]    area_meta                 | 신규   121행 | 누적    121행 | 5컬럼
2026-08-21 00:47:46,765 [INFO]    bike                      | 신규    10행 | 누적     10행 | 12컬럼
2026-08-21 00:47:46,765 [INFO]    bike_sbike_stts           | 신규   574행 | 누적    574행 | 12컬럼
2026-08-21 00:47:46,765 [INFO]    bus                       | 신규     3행 | 누적      3행 | 11컬럼
2026-08-21 00:47:46,765 [INFO]    bus_bus_stn_stts          | 신규  1745행 | 누적   1745행 | 11컬럼
2026-08-21 00:47:46,765 [INFO]    charger                   | 신규     4행 | 누적      4행 | 15컬럼
2026-08-21 00:47:46,765 [INFO]    charger_charger_stts      | 신규  1929행 | 누적   1929행 | 15컬럼
2026-08-21 00:47:46,765 [INFO]    cmrcl                     | 신규    82행 | 누적     82행 | 20컬럼
2026-08-21 00:47:46,765 [INFO]    events                    | 신규    12행 | 누적     12행 | 14컬럼
2026-08-21 00:47:46,765 [INFO]    events_event_stts         | 신규   143행 | 누적    143행 | 14컬럼
2026-08-21 00:47:46,765 [INFO]    parking                   | 신규     6행 | 누적      6행 | 21컬럼
2026-08-21 00:47:46,765 [INFO]    parking_prk_stts          | 신규  1834행 | 누적   1834행 | 21컬럼
2026-08-21 00:47:46,765 [INFO]    ppltn                     | 신규   121행 | 누적    121행 | 26컬럼
2026-08-21 00:47:46,765 [INFO]    road                      | 신규   121행 | 누적    121행 | 21컬럼
2026-08-21 00:47:46,765 [INFO]    road_road_traffic_stts    | 신규  5292행 | 누적   5292행 | 17컬럼
2026-08-21 00:47:46,765 [INFO]    subway                    | 신규    38행 | 누적     38행 | 12컬럼
2026-08-21 00:47:46,765 [INFO]    subway_sub_stts           | 신규   183행 | 누적    183행 | 13컬럼
2026-08-21 00:47:46,765 [INFO]    weather                   | 신규   119행 | 누적    119행 | 29컬럼
2026-08-21 00:47:46,765 [INFO] 키별 사용량:
2026-08-21 00:47:46,766 [INFO]    🟢 KEY_1 (31/1000) 
2026-08-21 00:47:46,766 [INFO]    🟢 KEY_2 (30/1000) 
2026-08-21 00:47:46,766 [INFO]    🟢 KEY_3 (30/1000) 
2026-08-21 00:47:46,766 [INFO]    🟢 KEY_4 (30/1000) 
2026-08-21 01:47:44,068 [INFO] 등록된 키: 4개, 합산 한도 4,000건/일
2026-08-21 01:47:44,069 [INFO] POI 로드: 매뉴얼 v8.5 기준 fallback 121개 (121개 전체)
2026-08-21 01:47:44,069 [INFO] === 수집 시작 2026-08-21T01:47:44.069687+09:00 ===
2026-08-21 01:47:44,069 [INFO] 대상 장소: 121개 | API: citydata (통합)
2026-08-21 01:47:44,069 [INFO] 키 풀: 4/4 활성 | 오늘 사용 0/4000건
2026-08-21 01:47:44,069 [INFO]   [KEY_1] 담당 31장소
2026-08-21 01:47:44,070 [INFO]   [KEY_2] 담당 30장소
2026-08-21 01:47:44,070 [INFO]   [KEY_3] 담당 30장소
2026-08-21 01:47:44,070 [INFO]   [KEY_4] 담당 30장소
2026-08-21 01:47:44,070 [INFO] [1/121] 경복궁 (primary=KEY_1)
2026-08-21 01:47:45,568 [INFO] [2/121] 광화문·덕수궁 (primary=KEY_2)
2026-08-21 01:47:47,102 [INFO] [3/121] 보신각 (primary=KEY_3)
2026-08-21 01:47:48,877 [INFO] [4/121] 서울 암사동 유적 (primary=KEY_4)
2026-08-21 01:47:49,940 [INFO] [5/121] 창덕궁·종묘 (primary=KEY_1)
2026-08-21 01:47:51,017 [INFO] [6/121] 강남 MICE 관광특구 (primary=KEY_2)
2026-08-21 01:47:52,625 [INFO] [7/121] 동대문 관광특구 (primary=KEY_3)
2026-08-21 01:47:54,017 [INFO] [8/121] 명동 관광특구 (primary=KEY_4)
2026-08-21 01:47:56,211 [INFO] [9/121] 이태원 관광특구 (primary=KEY_1)
2026-08-21 01:47:57,958 [INFO] [10/121] 잠실 관광특구 (primary=KEY_2)
2026-08-21 01:47:59,997 [INFO] [11/121] 종로·청계 관광특구 (primary=KEY_3)
2026-08-21 01:48:01,763 [INFO] [12/121] 홍대 관광특구 (primary=KEY_4)
2026-08-21 01:48:03,030 [INFO] [13/121] 강서한강공원 (primary=KEY_1)
2026-08-21 01:48:04,490 [INFO] [14/121] 고척돔 (primary=KEY_2)
2026-08-21 01:48:06,074 [INFO] [15/121] 광나루한강공원 (primary=KEY_3)
2026-08-21 01:48:07,160 [INFO] [16/121] 광화문광장 (primary=KEY_4)
2026-08-21 01:48:08,267 [INFO] [17/121] 국립중앙박물관·용산가족공원 (primary=KEY_1)
2026-08-21 01:48:09,229 [INFO] [18/121] 난지한강공원 (primary=KEY_2)
2026-08-21 01:48:10,802 [INFO] [19/121] 남산공원 (primary=KEY_3)
2026-08-21 01:48:12,059 [INFO] [20/121] 노들섬 (primary=KEY_4)
2026-08-21 01:48:13,523 [INFO] [21/121] 뚝섬한강공원 (primary=KEY_1)
2026-08-21 01:48:14,486 [INFO] [22/121] 망원한강공원 (primary=KEY_2)
2026-08-21 01:48:15,571 [INFO] [23/121] 반포한강공원 (primary=KEY_3)
2026-08-21 01:48:17,286 [INFO] [24/121] 보라매공원 (primary=KEY_4)
2026-08-21 01:48:18,261 [INFO] [25/121] 북서울꿈의숲 (primary=KEY_1)
2026-08-21 01:48:19,853 [INFO] [26/121] 서대문독립공원 (primary=KEY_2)
2026-08-21 01:48:21,356 [INFO] [27/121] 서리풀공원·몽마르뜨공원 (primary=KEY_3)
2026-08-21 01:48:22,352 [INFO] [28/121] 서울대공원 (primary=KEY_4)
2026-08-21 01:48:23,289 [INFO] [29/121] 서울숲공원 (primary=KEY_1)
2026-08-21 01:48:24,375 [INFO] [30/121] 송현녹지광장 (primary=KEY_2)
2026-08-21 01:48:25,477 [INFO] [31/121] 아차산 (primary=KEY_3)
2026-08-21 01:48:26,941 [INFO] [32/121] 안양천 (primary=KEY_4)
2026-08-21 01:48:27,896 [INFO] [33/121] 양화한강공원 (primary=KEY_1)
2026-08-21 01:48:29,359 [INFO] [34/121] 어린이대공원 (primary=KEY_2)
2026-08-21 01:48:30,459 [INFO] [35/121] 여의도한강공원 (primary=KEY_3)
2026-08-21 01:48:31,543 [INFO] [36/121] 여의서로 (primary=KEY_4)
2026-08-21 01:48:32,650 [INFO] [37/121] 올림픽공원 (primary=KEY_1)
2026-08-21 01:48:34,540 [INFO] [38/121] 월드컵공원 (primary=KEY_2)
2026-08-21 01:48:35,789 [INFO] [39/121] 응봉산 (primary=KEY_3)
2026-08-21 01:48:36,882 [INFO] [40/121] 이촌한강공원 (primary=KEY_4)
2026-08-21 01:48:37,834 [INFO] [41/121] 잠실종합운동장 (primary=KEY_1)
2026-08-21 01:48:38,802 [INFO] [42/121] 잠실한강공원 (primary=KEY_2)
2026-08-21 01:48:39,765 [INFO] [43/121] 잠원한강공원 (primary=KEY_3)
2026-08-21 01:48:41,472 [INFO] [44/121] 청계산 (primary=KEY_4)
2026-08-21 01:48:42,416 [INFO] [45/121] 홍제폭포 (primary=KEY_1)
2026-08-21 01:48:43,356 [INFO] [46/121] 가락시장 (primary=KEY_2)
2026-08-21 01:48:44,459 [INFO] [47/121] 가로수길 (primary=KEY_3)
2026-08-21 01:48:45,569 [INFO] [48/121] 광장(전통)시장 (primary=KEY_4)
2026-08-21 01:48:47,049 [INFO] [49/121] 김포공항 (primary=KEY_1)
2026-08-21 01:48:48,303 [INFO] [50/121] 남대문시장 (primary=KEY_2)
2026-08-21 01:48:49,413 [INFO] [51/121] 노량진 (primary=KEY_3)
2026-08-21 01:48:50,526 [INFO] [52/121] 덕수궁길·정동길 (primary=KEY_4)
2026-08-21 01:48:52,138 [INFO] [53/121] 북창동 먹자골목 (primary=KEY_1)
2026-08-21 01:48:53,752 [INFO] [54/121] 북촌한옥마을 (primary=KEY_2)
2026-08-21 01:48:54,996 [INFO] [55/121] 서촌 (primary=KEY_3)
2026-08-21 01:48:56,098 [INFO] [56/121] 성수카페거리 (primary=KEY_4)
2026-08-21 01:48:57,327 [INFO] [57/121] 송리단길·호수단길 (primary=KEY_1)
2026-08-21 01:48:58,435 [INFO] [58/121] 신촌 스타광장 (primary=KEY_2)
2026-08-21 01:48:59,406 [INFO] [59/121] 압구정로데오거리 (primary=KEY_3)
2026-08-21 01:49:00,505 [INFO] [60/121] 여의도 (primary=KEY_4)
2026-08-21 01:49:02,209 [INFO] [61/121] 연남동 (primary=KEY_1)
2026-08-21 01:49:03,297 [INFO] [62/121] 영등포 타임스퀘어 (primary=KEY_2)
2026-08-21 01:49:04,396 [INFO] [63/121] 용리단길 (primary=KEY_3)
2026-08-21 01:49:05,384 [INFO] [64/121] 이태원 앤틱가구거리 (primary=KEY_4)
2026-08-21 01:49:06,370 [INFO] [65/121] 익선동 (primary=KEY_1)
2026-08-21 01:49:07,501 [INFO] [66/121] 인사동 (primary=KEY_2)
2026-08-21 01:49:08,750 [INFO] [67/121] 잠실롯데타워·석촌호수 (primary=KEY_3)
2026-08-21 01:49:10,148 [INFO] [68/121] 창동 신경제 중심지 (primary=KEY_4)
2026-08-21 01:49:11,519 [INFO] [69/121] 청담동 명품거리 (primary=KEY_1)
2026-08-21 01:49:13,146 [INFO] [70/121] 청량리 제기동 일대 전통시장 (primary=KEY_2)
2026-08-21 01:49:14,255 [INFO] [71/121] 해방촌·경리단길 (primary=KEY_3)
2026-08-21 01:49:15,264 [INFO] [72/121] DDP(동대문디자인플라자) (primary=KEY_4)
2026-08-21 01:49:16,368 [INFO] [73/121] DMC(디지털미디어시티) (primary=KEY_1)
2026-08-21 01:49:17,758 [INFO] [74/121] 가산디지털단지역 (primary=KEY_2)
2026-08-21 01:49:19,291 [INFO] [75/121] 강남역 (primary=KEY_3)
2026-08-21 01:49:20,562 [INFO] [76/121] 건대입구역 (primary=KEY_4)
2026-08-21 01:49:21,679 [INFO] [77/121] 고덕역 (primary=KEY_1)
2026-08-21 01:49:22,779 [INFO] [78/121] 고속터미널역 (primary=KEY_2)
2026-08-21 01:49:23,899 [INFO] [79/121] 교대역 (primary=KEY_3)
2026-08-21 01:49:24,887 [INFO] [80/121] 구로디지털단지역 (primary=KEY_4)
2026-08-21 01:49:26,249 [INFO] [81/121] 구로역 (primary=KEY_1)
2026-08-21 01:49:27,326 [INFO] [82/121] 군자역 (primary=KEY_2)
2026-08-21 01:49:28,297 [INFO] [83/121] 대림역 (primary=KEY_3)
2026-08-21 01:49:29,413 [INFO] [84/121] 동대문역 (primary=KEY_4)
2026-08-21 01:49:30,521 [INFO] [85/121] 뚝섬역 (primary=KEY_1)
2026-08-21 01:49:31,619 [INFO] [86/121] 미아사거리역 (primary=KEY_2)
2026-08-21 01:49:32,715 [INFO] [87/121] 발산역 (primary=KEY_3)
2026-08-21 01:49:34,051 [INFO] [88/121] 사당역 (primary=KEY_4)
2026-08-21 01:49:35,164 [INFO] [89/121] 삼각지역 (primary=KEY_1)
2026-08-21 01:49:36,147 [INFO] [90/121] 서울대입구역 (primary=KEY_2)
2026-08-21 01:49:37,264 [INFO] [91/121] 서울식물원·마곡나루역 (primary=KEY_3)
2026-08-21 01:49:38,489 [INFO] [92/121] 서울역 (primary=KEY_4)
2026-08-21 01:49:39,636 [INFO] [93/121] 선릉역 (primary=KEY_1)
2026-08-21 01:49:41,011 [INFO] [94/121] 성신여대입구역 (primary=KEY_2)
2026-08-21 01:49:41,992 [INFO] [95/121] 수유역 (primary=KEY_3)
2026-08-21 01:49:43,092 [INFO] [96/121] 숭례문 (primary=KEY_4)
2026-08-21 01:49:44,335 [INFO] [97/121] 시의회 앞 (primary=KEY_1)
2026-08-21 01:49:45,431 [INFO] [98/121] 신논현역·논현역 (primary=KEY_2)
2026-08-21 01:49:46,540 [INFO] [99/121] 신도림역 (primary=KEY_3)
2026-08-21 01:49:47,511 [INFO] [100/121] 신림역 (primary=KEY_4)
2026-08-21 01:49:48,497 [INFO] [101/121] 신정네거리역 (primary=KEY_1)
2026-08-21 01:49:49,598 [INFO] [102/121] 신촌·이대역 (primary=KEY_2)
2026-08-21 01:49:50,690 [INFO] [103/121] 쌍문역 (primary=KEY_3)
2026-08-21 01:49:51,780 [INFO] [104/121] 양재역 (primary=KEY_4)
2026-08-21 01:49:52,901 [INFO] [105/121] 역삼역 (primary=KEY_1)
2026-08-21 01:49:54,123 [INFO] [106/121] 연신내역 (primary=KEY_2)
2026-08-21 01:49:55,106 [INFO] [107/121] 오목교역·목동운동장 (primary=KEY_3)
2026-08-21 01:49:56,618 [INFO] [108/121] 왕십리역 (primary=KEY_4)
2026-08-21 01:49:57,753 [INFO] [109/121] 용산역 (primary=KEY_1)
2026-08-21 01:49:58,981 [INFO] [110/121] 이태원역 (primary=KEY_2)
2026-08-21 01:49:59,947 [INFO] [111/121] 잠실새내역 (primary=KEY_3)
2026-08-21 01:50:01,104 [INFO] [112/121] 잠실역 (primary=KEY_4)
2026-08-21 01:50:02,331 [INFO] [113/121] 장지역 (primary=KEY_1)
2026-08-21 01:50:03,780 [INFO] [114/121] 장한평역 (primary=KEY_2)
2026-08-21 01:50:04,960 [INFO] [115/121] 천호역 (primary=KEY_3)
2026-08-21 01:50:06,074 [INFO] [116/121] 총신대입구(이수)역 (primary=KEY_4)
2026-08-21 01:50:07,164 [INFO] [117/121] 충정로역 (primary=KEY_1)
2026-08-21 01:50:08,302 [INFO] [118/121] 합정역 (primary=KEY_2)
2026-08-21 01:50:09,411 [INFO] [119/121] 혜화역 (primary=KEY_3)
2026-08-21 01:50:10,521 [INFO] [120/121] 홍대입구역(2호선) (primary=KEY_4)
2026-08-21 01:50:11,614 [INFO] [121/121] 회기역 (primary=KEY_1)
2026-08-21 01:50:13,460 [INFO] === 수집 완료 | 성공 121, 실패 0 ===
2026-08-21 01:50:13,460 [INFO] 카테고리별 저장 결과:
2026-08-21 01:50:13,460 [INFO]    accident                  | 신규     2행 | 누적      4행 | 16컬럼
2026-08-21 01:50:13,460 [INFO]    area_meta                 | 신규   121행 | 누적    242행 | 5컬럼
2026-08-21 01:50:13,460 [INFO]    bike                      | 신규    10행 | 누적     20행 | 12컬럼
2026-08-21 01:50:13,460 [INFO]    bike_sbike_stts           | 신규   574행 | 누적   1148행 | 12컬럼
2026-08-21 01:50:13,460 [INFO]    bus                       | 신규     3행 | 누적      6행 | 11컬럼
2026-08-21 01:50:13,460 [INFO]    bus_bus_stn_stts          | 신규  1745행 | 누적   3490행 | 11컬럼
2026-08-21 01:50:13,460 [INFO]    charger                   | 신규     4행 | 누적      8행 | 15컬럼
2026-08-21 01:50:13,460 [INFO]    charger_charger_stts      | 신규  1929행 | 누적   3832행 | 15컬럼
2026-08-21 01:50:13,460 [INFO]    cmrcl                     | 신규    82행 | 누적    164행 | 20컬럼
2026-08-21 01:50:13,460 [INFO]    events                    | 신규    12행 | 누적     24행 | 14컬럼
2026-08-21 01:50:13,460 [INFO]    events_event_stts         | 신규   143행 | 누적    286행 | 14컬럼
2026-08-21 01:50:13,460 [INFO]    parking                   | 신규     6행 | 누적     12행 | 21컬럼
2026-08-21 01:50:13,460 [INFO]    parking_prk_stts          | 신규  1834행 | 누적   3668행 | 21컬럼
2026-08-21 01:50:13,461 [INFO]    ppltn                     | 신규   121행 | 누적    242행 | 26컬럼
2026-08-21 01:50:13,461 [INFO]    road                      | 신규   121행 | 누적    242행 | 21컬럼
2026-08-21 01:50:13,461 [INFO]    road_road_traffic_stts    | 신규  5292행 | 누적  10584행 | 17컬럼
2026-08-21 01:50:13,461 [INFO]    subway                    | 신규    38행 | 누적     76행 | 12컬럼
2026-08-21 01:50:13,461 [INFO]    subway_sub_stts           | 신규   183행 | 누적    366행 | 13컬럼
2026-08-21 01:50:13,461 [INFO]    weather                   | 신규   119행 | 누적    238행 | 29컬럼
2026-08-21 01:50:13,461 [INFO] 키별 사용량:
2026-08-21 01:50:13,461 [INFO]    🟢 KEY_1 (31/1000) 
2026-08-21 01:50:13,461 [INFO]    🟢 KEY_2 (30/1000) 
2026-08-21 01:50:13,461 [INFO]    🟢 KEY_3 (30/1000) 
2026-08-21 01:50:13,461 [INFO]    🟢 KEY_4 (30/1000) 
