2026-08-31 02:23:19,195 [INFO] 등록된 키: 4개, 합산 한도 4,000건/일
2026-08-31 02:23:19,195 [INFO] POI 로드: 매뉴얼 v8.5 기준 fallback 121개 (121개 전체)
2026-08-31 02:23:19,195 [INFO] === 수집 시작 2026-08-31T02:23:19.195756+09:00 ===
2026-08-31 02:23:19,195 [INFO] 대상 장소: 121개 | API: citydata (통합)
2026-08-31 02:23:19,195 [INFO] 키 풀: 4/4 활성 | 오늘 사용 0/4000건
2026-08-31 02:23:19,196 [INFO]   [KEY_1] 담당 31장소
2026-08-31 02:23:19,196 [INFO]   [KEY_2] 담당 30장소
2026-08-31 02:23:19,196 [INFO]   [KEY_3] 담당 30장소
2026-08-31 02:23:19,196 [INFO]   [KEY_4] 담당 30장소
2026-08-31 02:23:19,196 [INFO] [1/121] 경복궁 (primary=KEY_1)
2026-08-31 02:24:20,171 [WARNING]   ⚠️ 호출 실패 (경복궁, key=KEY_1, 시도 1/3): HTTPConnectionPool(host='openapi.seoul.go.kr', port=8088): Read timed out. (read timeout=60)
2026-08-31 02:25:23,543 [WARNING]   ⚠️ 호출 실패 (경복궁, key=KEY_1, 시도 2/3): HTTPConnectionPool(host='openapi.seoul.go.kr', port=8088): Read timed out. (read timeout=60)
2026-08-31 02:26:29,599 [WARNING]   ⚠️ 호출 실패 (경복궁, key=KEY_1, 시도 3/3): HTTPConnectionPool(host='openapi.seoul.go.kr', port=8088): Read timed out. (read timeout=60)
2026-08-31 02:26:30,099 [INFO] [2/121] 광화문·덕수궁 (primary=KEY_2)
2026-08-31 02:27:31,159 [WARNING]   ⚠️ 호출 실패 (광화문·덕수궁, key=KEY_2, 시도 1/3): HTTPConnectionPool(host='openapi.seoul.go.kr', port=8088): Read timed out. (read timeout=60)
2026-08-31 02:28:34,077 [WARNING]   ⚠️ 호출 실패 (광화문·덕수궁, key=KEY_2, 시도 2/3): HTTPConnectionPool(host='openapi.seoul.go.kr', port=8088): Read timed out. (read timeout=60)
2026-08-31 02:29:40,143 [WARNING]   ⚠️ 호출 실패 (광화문·덕수궁, key=KEY_2, 시도 3/3): HTTPConnectionPool(host='openapi.seoul.go.kr', port=8088): Read timed out. (read timeout=60)
2026-08-31 02:29:40,644 [INFO] [3/121] 보신각 (primary=KEY_3)
2026-08-31 02:30:40,983 [WARNING]   ⚠️ 호출 실패 (보신각, key=KEY_3, 시도 1/3): HTTPConnectionPool(host='openapi.seoul.go.kr', port=8088): Read timed out. (read timeout=60)
2026-08-31 02:30:44,091 [INFO] [4/121] 서울 암사동 유적 (primary=KEY_4)
2026-08-31 02:30:45,989 [INFO] [5/121] 창덕궁·종묘 (primary=KEY_1)
2026-08-31 02:30:47,886 [INFO] [6/121] 강남 MICE 관광특구 (primary=KEY_2)
2026-08-31 02:30:49,793 [INFO] [7/121] 동대문 관광특구 (primary=KEY_3)
2026-08-31 02:30:51,756 [INFO] [8/121] 명동 관광특구 (primary=KEY_4)
2026-08-31 02:30:54,371 [INFO] [9/121] 이태원 관광특구 (primary=KEY_1)
2026-08-31 02:30:55,553 [INFO] [10/121] 잠실 관광특구 (primary=KEY_2)
2026-08-31 02:30:57,657 [INFO] [11/121] 종로·청계 관광특구 (primary=KEY_3)
2026-08-31 02:30:59,750 [INFO] [12/121] 홍대 관광특구 (primary=KEY_4)
2026-08-31 02:31:01,853 [INFO] [13/121] 강서한강공원 (primary=KEY_1)
2026-08-31 02:31:02,858 [INFO] [14/121] 고척돔 (primary=KEY_2)
2026-08-31 02:31:04,461 [INFO] [15/121] 광나루한강공원 (primary=KEY_3)
2026-08-31 02:31:06,493 [INFO] [16/121] 광화문광장 (primary=KEY_4)
2026-08-31 02:31:07,806 [INFO] [17/121] 국립중앙박물관·용산가족공원 (primary=KEY_1)
2026-08-31 02:31:09,709 [INFO] [18/121] 난지한강공원 (primary=KEY_2)
2026-08-31 02:31:11,323 [INFO] [19/121] 남산공원 (primary=KEY_3)
2026-08-31 02:31:12,656 [INFO] [20/121] 노들섬 (primary=KEY_4)
2026-08-31 02:31:14,250 [INFO] [21/121] 뚝섬한강공원 (primary=KEY_1)
2026-08-31 02:31:15,414 [INFO] [22/121] 망원한강공원 (primary=KEY_2)
2026-08-31 02:31:17,180 [INFO] [23/121] 반포한강공원 (primary=KEY_3)
2026-08-31 02:31:18,786 [INFO] [24/121] 보라매공원 (primary=KEY_4)
2026-08-31 02:31:20,685 [INFO] [25/121] 북서울꿈의숲 (primary=KEY_1)
2026-08-31 02:31:22,428 [INFO] [26/121] 서대문독립공원 (primary=KEY_2)
2026-08-31 02:31:24,063 [INFO] [27/121] 서리풀공원·몽마르뜨공원 (primary=KEY_3)
2026-08-31 02:31:25,708 [INFO] [28/121] 서울대공원 (primary=KEY_4)
2026-08-31 02:31:27,443 [INFO] [29/121] 서울숲공원 (primary=KEY_1)
2026-08-31 02:31:29,519 [INFO] [30/121] 송현녹지광장 (primary=KEY_2)
2026-08-31 02:31:31,281 [INFO] [31/121] 아차산 (primary=KEY_3)
2026-08-31 02:31:32,287 [INFO] [32/121] 안양천 (primary=KEY_4)
2026-08-31 02:31:33,300 [INFO] [33/121] 양화한강공원 (primary=KEY_1)
2026-08-31 02:31:35,184 [INFO] [34/121] 어린이대공원 (primary=KEY_2)
2026-08-31 02:31:37,289 [INFO] [35/121] 여의도한강공원 (primary=KEY_3)
2026-08-31 02:31:38,592 [INFO] [36/121] 여의서로 (primary=KEY_4)
2026-08-31 02:31:39,762 [INFO] [37/121] 올림픽공원 (primary=KEY_1)
2026-08-31 02:31:41,832 [INFO] [38/121] 월드컵공원 (primary=KEY_2)
2026-08-31 02:31:43,308 [INFO] [39/121] 응봉산 (primary=KEY_3)
2026-08-31 02:31:45,340 [INFO] [40/121] 이촌한강공원 (primary=KEY_4)
2026-08-31 02:31:46,928 [INFO] [41/121] 잠실종합운동장 (primary=KEY_1)
2026-08-31 02:31:47,938 [INFO] [42/121] 잠실한강공원 (primary=KEY_2)
2026-08-31 02:31:49,099 [INFO] [43/121] 잠원한강공원 (primary=KEY_3)
2026-08-31 02:31:50,250 [INFO] [44/121] 청계산 (primary=KEY_4)
2026-08-31 02:31:52,152 [INFO] [45/121] 홍제폭포 (primary=KEY_1)
2026-08-31 02:31:53,902 [INFO] [46/121] 가락시장 (primary=KEY_2)
2026-08-31 02:31:55,099 [INFO] [47/121] 가로수길 (primary=KEY_3)
2026-08-31 02:31:56,291 [INFO] [48/121] 광장(전통)시장 (primary=KEY_4)
2026-08-31 02:31:57,310 [INFO] [49/121] 김포공항 (primary=KEY_1)
2026-08-31 02:31:58,660 [INFO] [50/121] 남대문시장 (primary=KEY_2)
2026-08-31 02:32:00,012 [INFO] [51/121] 노량진 (primary=KEY_3)
2026-08-31 02:32:01,202 [INFO] [52/121] 덕수궁길·정동길 (primary=KEY_4)
2026-08-31 02:32:03,132 [INFO] [53/121] 북창동 먹자골목 (primary=KEY_1)
2026-08-31 02:32:04,295 [INFO] [54/121] 북촌한옥마을 (primary=KEY_2)
2026-08-31 02:32:06,230 [INFO] [55/121] 서촌 (primary=KEY_3)
2026-08-31 02:32:07,408 [INFO] [56/121] 성수카페거리 (primary=KEY_4)
2026-08-31 02:32:08,738 [INFO] [57/121] 송리단길·호수단길 (primary=KEY_1)
2026-08-31 02:32:10,669 [INFO] [58/121] 신촌 스타광장 (primary=KEY_2)
2026-08-31 02:32:11,704 [INFO] [59/121] 압구정로데오거리 (primary=KEY_3)
2026-08-31 02:32:12,882 [INFO] [60/121] 여의도 (primary=KEY_4)
2026-08-31 02:32:14,735 [INFO] [61/121] 연남동 (primary=KEY_1)
2026-08-31 02:32:16,501 [INFO] [62/121] 영등포 타임스퀘어 (primary=KEY_2)
2026-08-31 02:32:17,663 [INFO] [63/121] 용리단길 (primary=KEY_3)
2026-08-31 02:32:18,700 [INFO] [64/121] 이태원 앤틱가구거리 (primary=KEY_4)
2026-08-31 02:32:19,730 [INFO] [65/121] 익선동 (primary=KEY_1)
2026-08-31 02:32:21,499 [INFO] [66/121] 인사동 (primary=KEY_2)
2026-08-31 02:32:23,435 [INFO] [67/121] 잠실롯데타워·석촌호수 (primary=KEY_3)
2026-08-31 02:32:25,803 [INFO] [68/121] 창동 신경제 중심지 (primary=KEY_4)
2026-08-31 02:32:28,065 [INFO] [69/121] 청담동 명품거리 (primary=KEY_1)
2026-08-31 02:32:29,279 [INFO] [70/121] 청량리 제기동 일대 전통시장 (primary=KEY_2)
2026-08-31 02:32:30,479 [INFO] [71/121] 해방촌·경리단길 (primary=KEY_3)
2026-08-31 02:32:32,250 [INFO] [72/121] DDP(동대문디자인플라자) (primary=KEY_4)
2026-08-31 02:32:34,304 [INFO] [73/121] DMC(디지털미디어시티) (primary=KEY_1)
2026-08-31 02:32:35,987 [INFO] [74/121] 가산디지털단지역 (primary=KEY_2)
2026-08-31 02:32:38,341 [INFO] [75/121] 강남역 (primary=KEY_3)
2026-08-31 02:32:39,698 [INFO] [76/121] 건대입구역 (primary=KEY_4)
2026-08-31 02:32:41,784 [INFO] [77/121] 고덕역 (primary=KEY_1)
2026-08-31 02:32:43,555 [INFO] [78/121] 고속터미널역 (primary=KEY_2)
2026-08-31 02:32:44,744 [INFO] [79/121] 교대역 (primary=KEY_3)
2026-08-31 02:32:45,779 [INFO] [80/121] 구로디지털단지역 (primary=KEY_4)
2026-08-31 02:32:48,006 [INFO] [81/121] 구로역 (primary=KEY_1)
2026-08-31 02:32:49,314 [INFO] [82/121] 군자역 (primary=KEY_2)
2026-08-31 02:32:50,360 [INFO] [83/121] 대림역 (primary=KEY_3)
2026-08-31 02:32:51,543 [INFO] [84/121] 동대문역 (primary=KEY_4)
2026-08-31 02:32:52,720 [INFO] [85/121] 뚝섬역 (primary=KEY_1)
2026-08-31 02:32:54,795 [INFO] [86/121] 미아사거리역 (primary=KEY_2)
2026-08-31 02:32:56,114 [INFO] [87/121] 발산역 (primary=KEY_3)
2026-08-31 02:32:57,590 [INFO] [88/121] 사당역 (primary=KEY_4)
2026-08-31 02:32:58,770 [INFO] [89/121] 삼각지역 (primary=KEY_1)
2026-08-31 02:32:59,801 [INFO] [90/121] 서울대입구역 (primary=KEY_2)
2026-08-31 02:33:01,544 [INFO] [91/121] 서울식물원·마곡나루역 (primary=KEY_3)
2026-08-31 02:33:02,871 [INFO] [92/121] 서울역 (primary=KEY_4)
2026-08-31 02:33:04,709 [INFO] [93/121] 선릉역 (primary=KEY_1)
2026-08-31 02:33:07,116 [INFO] [94/121] 성신여대입구역 (primary=KEY_2)
2026-08-31 02:33:08,876 [INFO] [95/121] 수유역 (primary=KEY_3)
2026-08-31 02:33:10,044 [INFO] [96/121] 숭례문 (primary=KEY_4)
2026-08-31 02:33:11,367 [INFO] [97/121] 시의회 앞 (primary=KEY_1)
2026-08-31 02:33:13,317 [INFO] [98/121] 신논현역·논현역 (primary=KEY_2)
2026-08-31 02:33:14,527 [INFO] [99/121] 신도림역 (primary=KEY_3)
2026-08-31 02:33:16,160 [INFO] [100/121] 신림역 (primary=KEY_4)
2026-08-31 02:33:17,223 [INFO] [101/121] 신정네거리역 (primary=KEY_1)
2026-08-31 02:33:18,414 [INFO] [102/121] 신촌·이대역 (primary=KEY_2)
2026-08-31 02:33:19,589 [INFO] [103/121] 쌍문역 (primary=KEY_3)
2026-08-31 02:33:20,766 [INFO] [104/121] 양재역 (primary=KEY_4)
2026-08-31 02:33:21,955 [INFO] [105/121] 역삼역 (primary=KEY_1)
2026-08-31 02:33:23,888 [INFO] [106/121] 연신내역 (primary=KEY_2)
2026-08-31 02:33:24,931 [INFO] [107/121] 오목교역·목동운동장 (primary=KEY_3)
2026-08-31 02:33:26,567 [INFO] [108/121] 왕십리역 (primary=KEY_4)
2026-08-31 02:33:27,773 [INFO] [109/121] 용산역 (primary=KEY_1)
2026-08-31 02:33:29,101 [INFO] [110/121] 이태원역 (primary=KEY_2)
2026-08-31 02:33:30,146 [INFO] [111/121] 잠실새내역 (primary=KEY_3)
2026-08-31 02:33:31,327 [INFO] [112/121] 잠실역 (primary=KEY_4)
2026-08-31 02:33:33,245 [INFO] [113/121] 장지역 (primary=KEY_1)
2026-08-31 02:33:34,584 [INFO] [114/121] 장한평역 (primary=KEY_2)
2026-08-31 02:33:35,813 [INFO] [115/121] 천호역 (primary=KEY_3)
2026-08-31 02:33:36,998 [INFO] [116/121] 총신대입구(이수)역 (primary=KEY_4)
2026-08-31 02:33:39,036 [INFO] [117/121] 충정로역 (primary=KEY_1)
2026-08-31 02:33:40,225 [INFO] [118/121] 합정역 (primary=KEY_2)
2026-08-31 02:33:41,431 [INFO] [119/121] 혜화역 (primary=KEY_3)
2026-08-31 02:33:43,360 [INFO] [120/121] 홍대입구역(2호선) (primary=KEY_4)
2026-08-31 02:33:44,559 [INFO] [121/121] 회기역 (primary=KEY_1)
2026-08-31 02:33:46,901 [INFO] === 수집 완료 | 성공 119, 실패 2 ===
2026-08-31 02:33:46,901 [INFO] 카테고리별 저장 결과:
2026-08-31 02:33:46,901 [INFO]    accident                  | 신규     1행 | 누적      1행 | 16컬럼
2026-08-31 02:33:46,901 [INFO]    area_meta                 | 신규   119행 | 누적    119행 | 5컬럼
2026-08-31 02:33:46,901 [INFO]    bike                      | 신규    10행 | 누적     10행 | 12컬럼
2026-08-31 02:33:46,901 [INFO]    bike_sbike_stts           | 신규   557행 | 누적    557행 | 12컬럼
2026-08-31 02:33:46,901 [INFO]    bus                       | 신규     3행 | 누적      3행 | 11컬럼
2026-08-31 02:33:46,901 [INFO]    bus_bus_stn_stts          | 신규  1695행 | 누적   1695행 | 11컬럼
2026-08-31 02:33:46,902 [INFO]    charger                   | 신규     3행 | 누적      3행 | 15컬럼
2026-08-31 02:33:46,902 [INFO]    charger_charger_stts      | 신규  1869행 | 누적   1869행 | 15컬럼
2026-08-31 02:33:46,902 [INFO]    cmrcl                     | 신규    80행 | 누적     80행 | 20컬럼
2026-08-31 02:33:46,902 [INFO]    events                    | 신규    15행 | 누적     15행 | 14컬럼
2026-08-31 02:33:46,902 [INFO]    events_event_stts         | 신규    92행 | 누적     92행 | 14컬럼
2026-08-31 02:33:46,902 [INFO]    parking                   | 신규     6행 | 누적      6행 | 21컬럼
2026-08-31 02:33:46,902 [INFO]    parking_prk_stts          | 신규  1782행 | 누적   1782행 | 21컬럼
2026-08-31 02:33:46,902 [INFO]    ppltn                     | 신규   118행 | 누적    118행 | 26컬럼
2026-08-31 02:33:46,902 [INFO]    road                      | 신규   118행 | 누적    118행 | 21컬럼
2026-08-31 02:33:46,902 [INFO]    road_road_traffic_stts    | 신규  5061행 | 누적   5061행 | 17컬럼
2026-08-31 02:33:46,902 [INFO]    subway                    | 신규    36행 | 누적     36행 | 12컬럼
2026-08-31 02:33:46,902 [INFO]    subway_sub_stts           | 신규   180행 | 누적    180행 | 13컬럼
2026-08-31 02:33:46,902 [INFO]    weather                   | 신규   116행 | 누적    116행 | 29컬럼
2026-08-31 02:33:46,902 [INFO] 키별 사용량:
2026-08-31 02:33:46,902 [INFO]    🟢 KEY_1 (33/1000) 
2026-08-31 02:33:46,902 [INFO]    🟢 KEY_2 (32/1000) 
2026-08-31 02:33:46,902 [INFO]    🟢 KEY_3 (31/1000) 
2026-08-31 02:33:46,902 [INFO]    🟢 KEY_4 (30/1000) 
