2026-07-07 02:11:50,812 [INFO] 등록된 키: 4개, 합산 한도 4,000건/일
2026-07-07 02:11:50,813 [INFO] POI 로드: 매뉴얼 v8.5 기준 fallback 121개 (121개 전체)
2026-07-07 02:11:50,813 [INFO] === 수집 시작 2026-07-07T02:11:50.813617+09:00 ===
2026-07-07 02:11:50,813 [INFO] 대상 장소: 121개 | API: citydata (통합)
2026-07-07 02:11:50,813 [INFO] 키 풀: 4/4 활성 | 오늘 사용 0/4000건
2026-07-07 02:11:50,813 [INFO]   [KEY_1] 담당 31장소
2026-07-07 02:11:50,813 [INFO]   [KEY_2] 담당 30장소
2026-07-07 02:11:50,813 [INFO]   [KEY_3] 담당 30장소
2026-07-07 02:11:50,813 [INFO]   [KEY_4] 담당 30장소
2026-07-07 02:11:50,814 [INFO] [1/121] 경복궁 (primary=KEY_1)
2026-07-07 02:11:52,768 [INFO] [2/121] 광화문·덕수궁 (primary=KEY_2)
2026-07-07 02:11:55,307 [INFO] [3/121] 보신각 (primary=KEY_3)
2026-07-07 02:11:57,405 [INFO] [4/121] 서울 암사동 유적 (primary=KEY_4)
2026-07-07 02:11:59,282 [INFO] [5/121] 창덕궁·종묘 (primary=KEY_1)
2026-07-07 02:12:01,362 [INFO] [6/121] 강남 MICE 관광특구 (primary=KEY_2)
2026-07-07 02:12:03,461 [INFO] [7/121] 동대문 관광특구 (primary=KEY_3)
2026-07-07 02:12:05,756 [INFO] [8/121] 명동 관광특구 (primary=KEY_4)
2026-07-07 02:12:07,512 [INFO] [9/121] 이태원 관광특구 (primary=KEY_1)
2026-07-07 02:12:09,515 [INFO] [10/121] 잠실 관광특구 (primary=KEY_2)
2026-07-07 02:12:12,194 [INFO] [11/121] 종로·청계 관광특구 (primary=KEY_3)
2026-07-07 02:12:14,687 [INFO] [12/121] 홍대 관광특구 (primary=KEY_4)
2026-07-07 02:12:17,001 [INFO] [13/121] 강서한강공원 (primary=KEY_1)
2026-07-07 02:12:18,698 [INFO] [14/121] 고척돔 (primary=KEY_2)
2026-07-07 02:12:20,655 [INFO] [15/121] 광나루한강공원 (primary=KEY_3)
2026-07-07 02:12:22,544 [INFO] [16/121] 광화문광장 (primary=KEY_4)
2026-07-07 02:12:23,889 [INFO] [17/121] 국립중앙박물관·용산가족공원 (primary=KEY_1)
2026-07-07 02:12:25,035 [INFO] [18/121] 난지한강공원 (primary=KEY_2)
2026-07-07 02:12:26,163 [INFO] [19/121] 남산공원 (primary=KEY_3)
2026-07-07 02:12:27,717 [INFO] [20/121] 노들섬 (primary=KEY_4)
2026-07-07 02:12:29,603 [INFO] [21/121] 뚝섬한강공원 (primary=KEY_1)
2026-07-07 02:12:31,504 [INFO] [22/121] 망원한강공원 (primary=KEY_2)
2026-07-07 02:12:33,594 [INFO] [23/121] 반포한강공원 (primary=KEY_3)
2026-07-07 02:12:34,736 [INFO] [24/121] 보라매공원 (primary=KEY_4)
2026-07-07 02:12:35,880 [INFO] [25/121] 북서울꿈의숲 (primary=KEY_1)
2026-07-07 02:12:37,021 [INFO] [26/121] 서대문독립공원 (primary=KEY_2)
2026-07-07 02:12:38,163 [INFO] [27/121] 서리풀공원·몽마르뜨공원 (primary=KEY_3)
2026-07-07 02:12:39,361 [INFO] [28/121] 서울대공원 (primary=KEY_4)
2026-07-07 02:12:40,490 [INFO] [29/121] 서울숲공원 (primary=KEY_1)
2026-07-07 02:12:41,824 [INFO] [30/121] 송현녹지광장 (primary=KEY_2)
2026-07-07 02:12:43,901 [INFO] [31/121] 아차산 (primary=KEY_3)
2026-07-07 02:12:45,029 [INFO] [32/121] 안양천 (primary=KEY_4)
2026-07-07 02:12:46,915 [INFO] [33/121] 양화한강공원 (primary=KEY_1)
2026-07-07 02:12:48,793 [INFO] [34/121] 어린이대공원 (primary=KEY_2)
2026-07-07 02:12:49,954 [INFO] [35/121] 여의도한강공원 (primary=KEY_3)
2026-07-07 02:12:52,059 [INFO] [36/121] 여의서로 (primary=KEY_4)
2026-07-07 02:12:53,203 [INFO] [37/121] 올림픽공원 (primary=KEY_1)
2026-07-07 02:12:54,580 [INFO] [38/121] 월드컵공원 (primary=KEY_2)
2026-07-07 02:12:56,105 [INFO] [39/121] 응봉산 (primary=KEY_3)
2026-07-07 02:12:57,428 [INFO] [40/121] 이촌한강공원 (primary=KEY_4)
2026-07-07 02:12:58,740 [INFO] [41/121] 잠실종합운동장 (primary=KEY_1)
2026-07-07 02:12:59,877 [INFO] [42/121] 잠실한강공원 (primary=KEY_2)
2026-07-07 02:13:01,012 [INFO] [43/121] 잠원한강공원 (primary=KEY_3)
2026-07-07 02:13:02,894 [INFO] [44/121] 청계산 (primary=KEY_4)
2026-07-07 02:13:04,789 [INFO] [45/121] 홍제폭포 (primary=KEY_1)
2026-07-07 02:13:05,913 [INFO] [46/121] 가락시장 (primary=KEY_2)
2026-07-07 02:13:08,007 [INFO] [47/121] 가로수길 (primary=KEY_3)
2026-07-07 02:13:09,358 [INFO] [48/121] 광장(전통)시장 (primary=KEY_4)
2026-07-07 02:13:10,499 [INFO] [49/121] 김포공항 (primary=KEY_1)
2026-07-07 02:13:11,858 [INFO] [50/121] 남대문시장 (primary=KEY_2)
2026-07-07 02:13:13,016 [INFO] [51/121] 노량진 (primary=KEY_3)
2026-07-07 02:13:14,369 [INFO] [52/121] 덕수궁길·정동길 (primary=KEY_4)
2026-07-07 02:13:16,473 [INFO] [53/121] 북창동 먹자골목 (primary=KEY_1)
2026-07-07 02:13:17,620 [INFO] [54/121] 북촌한옥마을 (primary=KEY_2)
2026-07-07 02:13:18,975 [INFO] [55/121] 서촌 (primary=KEY_3)
2026-07-07 02:13:20,310 [INFO] [56/121] 성수카페거리 (primary=KEY_4)
2026-07-07 02:13:21,675 [INFO] [57/121] 송리단길·호수단길 (primary=KEY_1)
2026-07-07 02:13:23,033 [INFO] [58/121] 신촌 스타광장 (primary=KEY_2)
2026-07-07 02:13:24,188 [INFO] [59/121] 압구정로데오거리 (primary=KEY_3)
2026-07-07 02:13:25,519 [INFO] [60/121] 여의도 (primary=KEY_4)
2026-07-07 02:13:27,525 [INFO] [61/121] 연남동 (primary=KEY_1)
2026-07-07 02:13:28,854 [INFO] [62/121] 영등포 타임스퀘어 (primary=KEY_2)
2026-07-07 02:13:30,187 [INFO] [63/121] 용리단길 (primary=KEY_3)
2026-07-07 02:13:31,346 [INFO] [64/121] 이태원 앤틱가구거리 (primary=KEY_4)
2026-07-07 02:13:32,507 [INFO] [65/121] 익선동 (primary=KEY_1)
2026-07-07 02:13:33,867 [INFO] [66/121] 인사동 (primary=KEY_2)
2026-07-07 02:13:35,221 [INFO] [67/121] 잠실롯데타워·석촌호수 (primary=KEY_3)
2026-07-07 02:13:37,536 [INFO] [68/121] 창동 신경제 중심지 (primary=KEY_4)
2026-07-07 02:13:39,089 [INFO] [69/121] 청담동 명품거리 (primary=KEY_1)
2026-07-07 02:13:40,433 [INFO] [70/121] 청량리 제기동 일대 전통시장 (primary=KEY_2)
2026-07-07 02:13:41,785 [INFO] [71/121] 해방촌·경리단길 (primary=KEY_3)
2026-07-07 02:13:42,922 [INFO] [72/121] DDP(동대문디자인플라자) (primary=KEY_4)
2026-07-07 02:13:44,275 [INFO] [73/121] DMC(디지털미디어시티) (primary=KEY_1)
2026-07-07 02:13:45,885 [INFO] [74/121] 가산디지털단지역 (primary=KEY_2)
2026-07-07 02:13:47,448 [INFO] [75/121] 강남역 (primary=KEY_3)
2026-07-07 02:13:49,018 [INFO] [76/121] 건대입구역 (primary=KEY_4)
2026-07-07 02:13:50,385 [INFO] [77/121] 고덕역 (primary=KEY_1)
2026-07-07 02:13:51,721 [INFO] [78/121] 고속터미널역 (primary=KEY_2)
2026-07-07 02:13:53,082 [INFO] [79/121] 교대역 (primary=KEY_3)
2026-07-07 02:13:54,248 [INFO] [80/121] 구로디지털단지역 (primary=KEY_4)
2026-07-07 02:13:55,582 [INFO] [81/121] 구로역 (primary=KEY_1)
2026-07-07 02:13:56,736 [INFO] [82/121] 군자역 (primary=KEY_2)
2026-07-07 02:13:57,939 [INFO] [83/121] 대림역 (primary=KEY_3)
2026-07-07 02:13:59,298 [INFO] [84/121] 동대문역 (primary=KEY_4)
2026-07-07 02:14:00,475 [INFO] [85/121] 뚝섬역 (primary=KEY_1)
2026-07-07 02:14:01,994 [INFO] [86/121] 미아사거리역 (primary=KEY_2)
2026-07-07 02:14:04,087 [INFO] [87/121] 발산역 (primary=KEY_3)
2026-07-07 02:14:06,373 [INFO] [88/121] 사당역 (primary=KEY_4)
2026-07-07 02:14:08,470 [INFO] [89/121] 삼각지역 (primary=KEY_1)
2026-07-07 02:14:10,374 [INFO] [90/121] 서울대입구역 (primary=KEY_2)
2026-07-07 02:14:12,297 [INFO] [91/121] 서울식물원·마곡나루역 (primary=KEY_3)
2026-07-07 02:14:14,785 [INFO] [92/121] 서울역 (primary=KEY_4)
2026-07-07 02:14:17,113 [INFO] [93/121] 선릉역 (primary=KEY_1)
2026-07-07 02:14:18,869 [INFO] [94/121] 성신여대입구역 (primary=KEY_2)
2026-07-07 02:14:20,627 [INFO] [95/121] 수유역 (primary=KEY_3)
2026-07-07 02:14:22,906 [INFO] [96/121] 숭례문 (primary=KEY_4)
2026-07-07 02:14:24,256 [INFO] [97/121] 시의회 앞 (primary=KEY_1)
2026-07-07 02:14:26,296 [INFO] [98/121] 신논현역·논현역 (primary=KEY_2)
2026-07-07 02:14:28,416 [INFO] [99/121] 신도림역 (primary=KEY_3)
2026-07-07 02:14:30,286 [INFO] [100/121] 신림역 (primary=KEY_4)
2026-07-07 02:14:32,210 [INFO] [101/121] 신정네거리역 (primary=KEY_1)
2026-07-07 02:14:33,363 [INFO] [102/121] 신촌·이대역 (primary=KEY_2)
2026-07-07 02:14:34,709 [INFO] [103/121] 쌍문역 (primary=KEY_3)
2026-07-07 02:14:35,869 [INFO] [104/121] 양재역 (primary=KEY_4)
2026-07-07 02:14:37,796 [INFO] [105/121] 역삼역 (primary=KEY_1)
2026-07-07 02:14:39,927 [INFO] [106/121] 연신내역 (primary=KEY_2)
2026-07-07 02:14:41,108 [INFO] [107/121] 오목교역·목동운동장 (primary=KEY_3)
2026-07-07 02:14:43,748 [INFO] [108/121] 왕십리역 (primary=KEY_4)
2026-07-07 02:14:45,112 [INFO] [109/121] 용산역 (primary=KEY_1)
2026-07-07 02:14:47,408 [INFO] [110/121] 이태원역 (primary=KEY_2)
2026-07-07 02:14:48,559 [INFO] [111/121] 잠실새내역 (primary=KEY_3)
2026-07-07 02:14:51,012 [INFO] [112/121] 잠실역 (primary=KEY_4)
2026-07-07 02:14:53,103 [INFO] [113/121] 장지역 (primary=KEY_1)
2026-07-07 02:14:54,451 [INFO] [114/121] 장한평역 (primary=KEY_2)
2026-07-07 02:14:55,783 [INFO] [115/121] 천호역 (primary=KEY_3)
2026-07-07 02:14:58,074 [INFO] [116/121] 총신대입구(이수)역 (primary=KEY_4)
2026-07-07 02:14:59,417 [INFO] [117/121] 충정로역 (primary=KEY_1)
2026-07-07 02:15:00,826 [INFO] [118/121] 합정역 (primary=KEY_2)
2026-07-07 02:15:02,156 [INFO] [119/121] 혜화역 (primary=KEY_3)
2026-07-07 02:15:03,480 [INFO] [120/121] 홍대입구역(2호선) (primary=KEY_4)
2026-07-07 02:15:04,709 [INFO] [121/121] 회기역 (primary=KEY_1)
2026-07-07 02:15:06,398 [INFO] === 수집 완료 | 성공 121, 실패 0 ===
2026-07-07 02:15:06,399 [INFO] 카테고리별 저장 결과:
2026-07-07 02:15:06,399 [INFO]    accident                  | 신규     3행 | 누적      3행 | 16컬럼
2026-07-07 02:15:06,399 [INFO]    area_meta                 | 신규   121행 | 누적    121행 | 5컬럼
2026-07-07 02:15:06,399 [INFO]    bike                      | 신규    12행 | 누적     12행 | 12컬럼
2026-07-07 02:15:06,399 [INFO]    bike_sbike_stts           | 신규   554행 | 누적    554행 | 12컬럼
2026-07-07 02:15:06,399 [INFO]    bus                       | 신규     3행 | 누적      3행 | 11컬럼
2026-07-07 02:15:06,399 [INFO]    bus_bus_stn_stts          | 신규  1745행 | 누적   1745행 | 11컬럼
2026-07-07 02:15:06,399 [INFO]    charger                   | 신규    12행 | 누적     12행 | 15컬럼
2026-07-07 02:15:06,399 [INFO]    charger_charger_stts      | 신규   723행 | 누적    723행 | 15컬럼
2026-07-07 02:15:06,399 [INFO]    cmrcl                     | 신규    82행 | 누적     82행 | 20컬럼
2026-07-07 02:15:06,399 [INFO]    events                    | 신규     7행 | 누적      7행 | 14컬럼
2026-07-07 02:15:06,399 [INFO]    events_event_stts         | 신규   125행 | 누적    125행 | 14컬럼
2026-07-07 02:15:06,399 [INFO]    parking                   | 신규     6행 | 누적      6행 | 21컬럼
2026-07-07 02:15:06,399 [INFO]    parking_prk_stts          | 신규  1833행 | 누적   1833행 | 21컬럼
2026-07-07 02:15:06,399 [INFO]    ppltn                     | 신규   121행 | 누적    121행 | 26컬럼
2026-07-07 02:15:06,399 [INFO]    road                      | 신규   121행 | 누적    121행 | 21컬럼
2026-07-07 02:15:06,399 [INFO]    road_road_traffic_stts    | 신규  5265행 | 누적   5265행 | 17컬럼
2026-07-07 02:15:06,399 [INFO]    subway                    | 신규    38행 | 누적     38행 | 12컬럼
2026-07-07 02:15:06,399 [INFO]    subway_sub_stts           | 신규   183행 | 누적    183행 | 13컬럼
2026-07-07 02:15:06,399 [INFO]    weather                   | 신규   119행 | 누적    119행 | 29컬럼
2026-07-07 02:15:06,399 [INFO] 키별 사용량:
2026-07-07 02:15:06,399 [INFO]    🟢 KEY_1 (31/1000) 
2026-07-07 02:15:06,400 [INFO]    🟢 KEY_2 (30/1000) 
2026-07-07 02:15:06,400 [INFO]    🟢 KEY_3 (30/1000) 
2026-07-07 02:15:06,400 [INFO]    🟢 KEY_4 (30/1000) 
