2026-09-14 01:10:38,489 [INFO] 등록된 키: 4개, 합산 한도 4,000건/일
2026-09-14 01:10:38,490 [INFO] POI 로드: 매뉴얼 v8.5 기준 fallback 121개 (121개 전체)
2026-09-14 01:10:38,490 [INFO] === 수집 시작 2026-09-14T01:10:38.490453+09:00 ===
2026-09-14 01:10:38,490 [INFO] 대상 장소: 121개 | API: citydata (통합)
2026-09-14 01:10:38,490 [INFO] 키 풀: 4/4 활성 | 오늘 사용 0/4000건
2026-09-14 01:10:38,490 [INFO]   [KEY_1] 담당 31장소
2026-09-14 01:10:38,490 [INFO]   [KEY_2] 담당 30장소
2026-09-14 01:10:38,490 [INFO]   [KEY_3] 담당 30장소
2026-09-14 01:10:38,490 [INFO]   [KEY_4] 담당 30장소
2026-09-14 01:10:38,491 [INFO] [1/121] 경복궁 (primary=KEY_1)
2026-09-14 01:10:40,131 [INFO] [2/121] 광화문·덕수궁 (primary=KEY_2)
2026-09-14 01:10:42,182 [INFO] [3/121] 보신각 (primary=KEY_3)
2026-09-14 01:10:44,049 [INFO] [4/121] 서울 암사동 유적 (primary=KEY_4)
2026-09-14 01:10:44,995 [INFO] [5/121] 창덕궁·종묘 (primary=KEY_1)
2026-09-14 01:10:46,063 [INFO] [6/121] 강남 MICE 관광특구 (primary=KEY_2)
2026-09-14 01:10:47,687 [INFO] [7/121] 동대문 관광특구 (primary=KEY_3)
2026-09-14 01:10:49,619 [INFO] [8/121] 명동 관광특구 (primary=KEY_4)
2026-09-14 01:10:51,586 [INFO] [9/121] 이태원 관광특구 (primary=KEY_1)
2026-09-14 01:10:52,691 [INFO] [10/121] 잠실 관광특구 (primary=KEY_2)
2026-09-14 01:10:54,749 [INFO] [11/121] 종로·청계 관광특구 (primary=KEY_3)
2026-09-14 01:10:56,680 [INFO] [12/121] 홍대 관광특구 (primary=KEY_4)
2026-09-14 01:10:58,586 [INFO] [13/121] 강서한강공원 (primary=KEY_1)
2026-09-14 01:10:59,528 [INFO] [14/121] 고척돔 (primary=KEY_2)
2026-09-14 01:11:00,470 [INFO] [15/121] 광나루한강공원 (primary=KEY_3)
2026-09-14 01:11:02,193 [INFO] [16/121] 광화문광장 (primary=KEY_4)
2026-09-14 01:11:03,300 [INFO] [17/121] 국립중앙박물관·용산가족공원 (primary=KEY_1)
2026-09-14 01:11:04,260 [INFO] [18/121] 난지한강공원 (primary=KEY_2)
2026-09-14 01:11:05,205 [INFO] [19/121] 남산공원 (primary=KEY_3)
2026-09-14 01:11:06,436 [INFO] [20/121] 노들섬 (primary=KEY_4)
2026-09-14 01:11:07,386 [INFO] [21/121] 뚝섬한강공원 (primary=KEY_1)
2026-09-14 01:11:08,862 [INFO] [22/121] 망원한강공원 (primary=KEY_2)
2026-09-14 01:11:09,967 [INFO] [23/121] 반포한강공원 (primary=KEY_3)
2026-09-14 01:11:11,677 [INFO] [24/121] 보라매공원 (primary=KEY_4)
2026-09-14 01:11:12,626 [INFO] [25/121] 북서울꿈의숲 (primary=KEY_1)
2026-09-14 01:11:13,712 [INFO] [26/121] 서대문독립공원 (primary=KEY_2)
2026-09-14 01:11:14,683 [INFO] [27/121] 서리풀공원·몽마르뜨공원 (primary=KEY_3)
2026-09-14 01:11:16,448 [INFO] [28/121] 서울대공원 (primary=KEY_4)
2026-09-14 01:11:18,051 [INFO] [29/121] 서울숲공원 (primary=KEY_1)
2026-09-14 01:11:19,133 [INFO] [30/121] 송현녹지광장 (primary=KEY_2)
2026-09-14 01:11:20,212 [INFO] [31/121] 아차산 (primary=KEY_3)
2026-09-14 01:11:21,158 [INFO] [32/121] 안양천 (primary=KEY_4)
2026-09-14 01:11:22,113 [INFO] [33/121] 양화한강공원 (primary=KEY_1)
2026-09-14 01:11:23,693 [INFO] [34/121] 어린이대공원 (primary=KEY_2)
2026-09-14 01:11:24,796 [INFO] [35/121] 여의도한강공원 (primary=KEY_3)
2026-09-14 01:11:25,870 [INFO] [36/121] 여의서로 (primary=KEY_4)
2026-09-14 01:11:26,935 [INFO] [37/121] 올림픽공원 (primary=KEY_1)
2026-09-14 01:11:28,040 [INFO] [38/121] 월드컵공원 (primary=KEY_2)
2026-09-14 01:11:29,284 [INFO] [39/121] 응봉산 (primary=KEY_3)
2026-09-14 01:11:30,365 [INFO] [40/121] 이촌한강공원 (primary=KEY_4)
2026-09-14 01:11:31,326 [INFO] [41/121] 잠실종합운동장 (primary=KEY_1)
2026-09-14 01:11:32,298 [INFO] [42/121] 잠실한강공원 (primary=KEY_2)
2026-09-14 01:11:33,256 [INFO] [43/121] 잠원한강공원 (primary=KEY_3)
2026-09-14 01:11:34,217 [INFO] [44/121] 청계산 (primary=KEY_4)
2026-09-14 01:11:35,168 [INFO] [45/121] 홍제폭포 (primary=KEY_1)
2026-09-14 01:11:36,117 [INFO] [46/121] 가락시장 (primary=KEY_2)
2026-09-14 01:11:37,967 [INFO] [47/121] 가로수길 (primary=KEY_3)
2026-09-14 01:11:39,759 [INFO] [48/121] 광장(전통)시장 (primary=KEY_4)
2026-09-14 01:11:40,715 [INFO] [49/121] 김포공항 (primary=KEY_1)
2026-09-14 01:11:41,936 [INFO] [50/121] 남대문시장 (primary=KEY_2)
2026-09-14 01:11:43,016 [INFO] [51/121] 노량진 (primary=KEY_3)
2026-09-14 01:11:44,125 [INFO] [52/121] 덕수궁길·정동길 (primary=KEY_4)
2026-09-14 01:11:45,297 [INFO] [53/121] 북창동 먹자골목 (primary=KEY_1)
2026-09-14 01:11:46,399 [INFO] [54/121] 북촌한옥마을 (primary=KEY_2)
2026-09-14 01:11:47,609 [INFO] [55/121] 서촌 (primary=KEY_3)
2026-09-14 01:11:48,689 [INFO] [56/121] 성수카페거리 (primary=KEY_4)
2026-09-14 01:11:49,916 [INFO] [57/121] 송리단길·호수단길 (primary=KEY_1)
2026-09-14 01:11:51,038 [INFO] [58/121] 신촌 스타광장 (primary=KEY_2)
2026-09-14 01:11:52,008 [INFO] [59/121] 압구정로데오거리 (primary=KEY_3)
2026-09-14 01:11:53,118 [INFO] [60/121] 여의도 (primary=KEY_4)
2026-09-14 01:11:54,790 [INFO] [61/121] 연남동 (primary=KEY_1)
2026-09-14 01:11:55,896 [INFO] [62/121] 영등포 타임스퀘어 (primary=KEY_2)
2026-09-14 01:11:56,982 [INFO] [63/121] 용리단길 (primary=KEY_3)
2026-09-14 01:11:57,967 [INFO] [64/121] 이태원 앤틱가구거리 (primary=KEY_4)
2026-09-14 01:11:58,945 [INFO] [65/121] 익선동 (primary=KEY_1)
2026-09-14 01:12:00,062 [INFO] [66/121] 인사동 (primary=KEY_2)
2026-09-14 01:12:01,278 [INFO] [67/121] 잠실롯데타워·석촌호수 (primary=KEY_3)
2026-09-14 01:12:02,669 [INFO] [68/121] 창동 신경제 중심지 (primary=KEY_4)
2026-09-14 01:12:04,157 [INFO] [69/121] 청담동 명품거리 (primary=KEY_1)
2026-09-14 01:12:05,301 [INFO] [70/121] 청량리 제기동 일대 전통시장 (primary=KEY_2)
2026-09-14 01:12:06,413 [INFO] [71/121] 해방촌·경리단길 (primary=KEY_3)
2026-09-14 01:12:07,415 [INFO] [72/121] DDP(동대문디자인플라자) (primary=KEY_4)
2026-09-14 01:12:08,533 [INFO] [73/121] DMC(디지털미디어시티) (primary=KEY_1)
2026-09-14 01:12:09,939 [INFO] [74/121] 가산디지털단지역 (primary=KEY_2)
2026-09-14 01:12:11,435 [INFO] [75/121] 강남역 (primary=KEY_3)
2026-09-14 01:12:12,688 [INFO] [76/121] 건대입구역 (primary=KEY_4)
2026-09-14 01:12:13,812 [INFO] [77/121] 고덕역 (primary=KEY_1)
2026-09-14 01:12:14,915 [INFO] [78/121] 고속터미널역 (primary=KEY_2)
2026-09-14 01:12:16,045 [INFO] [79/121] 교대역 (primary=KEY_3)
2026-09-14 01:12:17,028 [INFO] [80/121] 구로디지털단지역 (primary=KEY_4)
2026-09-14 01:12:18,404 [INFO] [81/121] 구로역 (primary=KEY_1)
2026-09-14 01:12:19,481 [INFO] [82/121] 군자역 (primary=KEY_2)
2026-09-14 01:12:20,469 [INFO] [83/121] 대림역 (primary=KEY_3)
2026-09-14 01:12:21,562 [INFO] [84/121] 동대문역 (primary=KEY_4)
2026-09-14 01:12:22,690 [INFO] [85/121] 뚝섬역 (primary=KEY_1)
2026-09-14 01:12:23,809 [INFO] [86/121] 미아사거리역 (primary=KEY_2)
2026-09-14 01:12:24,925 [INFO] [87/121] 발산역 (primary=KEY_3)
2026-09-14 01:12:26,286 [INFO] [88/121] 사당역 (primary=KEY_4)
2026-09-14 01:12:27,421 [INFO] [89/121] 삼각지역 (primary=KEY_1)
2026-09-14 01:12:28,387 [INFO] [90/121] 서울대입구역 (primary=KEY_2)
2026-09-14 01:12:29,496 [INFO] [91/121] 서울식물원·마곡나루역 (primary=KEY_3)
2026-09-14 01:12:30,772 [INFO] [92/121] 서울역 (primary=KEY_4)
2026-09-14 01:12:32,043 [INFO] [93/121] 선릉역 (primary=KEY_1)
2026-09-14 01:12:33,438 [INFO] [94/121] 성신여대입구역 (primary=KEY_2)
2026-09-14 01:12:34,440 [INFO] [95/121] 수유역 (primary=KEY_3)
2026-09-14 01:12:35,536 [INFO] [96/121] 숭례문 (primary=KEY_4)
2026-09-14 01:12:36,650 [INFO] [97/121] 시의회 앞 (primary=KEY_1)
2026-09-14 01:12:37,765 [INFO] [98/121] 신논현역·논현역 (primary=KEY_2)
2026-09-14 01:12:38,898 [INFO] [99/121] 신도림역 (primary=KEY_3)
2026-09-14 01:12:39,873 [INFO] [100/121] 신림역 (primary=KEY_4)
2026-09-14 01:12:40,871 [INFO] [101/121] 신정네거리역 (primary=KEY_1)
2026-09-14 01:12:41,970 [INFO] [102/121] 신촌·이대역 (primary=KEY_2)
2026-09-14 01:12:43,104 [INFO] [103/121] 쌍문역 (primary=KEY_3)
2026-09-14 01:12:44,208 [INFO] [104/121] 양재역 (primary=KEY_4)
2026-09-14 01:12:45,335 [INFO] [105/121] 역삼역 (primary=KEY_1)
2026-09-14 01:12:46,550 [INFO] [106/121] 연신내역 (primary=KEY_2)
2026-09-14 01:12:47,589 [INFO] [107/121] 오목교역·목동운동장 (primary=KEY_3)
2026-09-14 01:12:49,092 [INFO] [108/121] 왕십리역 (primary=KEY_4)
2026-09-14 01:12:50,232 [INFO] [109/121] 용산역 (primary=KEY_1)
2026-09-14 01:12:51,484 [INFO] [110/121] 이태원역 (primary=KEY_2)
2026-09-14 01:12:52,466 [INFO] [111/121] 잠실새내역 (primary=KEY_3)
2026-09-14 01:12:53,559 [INFO] [112/121] 잠실역 (primary=KEY_4)
2026-09-14 01:12:54,873 [INFO] [113/121] 장지역 (primary=KEY_1)
2026-09-14 01:12:56,112 [INFO] [114/121] 장한평역 (primary=KEY_2)
2026-09-14 01:12:57,234 [INFO] [115/121] 천호역 (primary=KEY_3)
2026-09-14 01:12:58,354 [INFO] [116/121] 총신대입구(이수)역 (primary=KEY_4)
2026-09-14 01:12:59,455 [INFO] [117/121] 충정로역 (primary=KEY_1)
2026-09-14 01:13:00,551 [INFO] [118/121] 합정역 (primary=KEY_2)
2026-09-14 01:13:01,670 [INFO] [119/121] 혜화역 (primary=KEY_3)
2026-09-14 01:13:02,761 [INFO] [120/121] 홍대입구역(2호선) (primary=KEY_4)
2026-09-14 01:13:03,887 [INFO] [121/121] 회기역 (primary=KEY_1)
2026-09-14 01:13:05,413 [INFO] === 수집 완료 | 성공 121, 실패 0 ===
2026-09-14 01:13:05,413 [INFO] 카테고리별 저장 결과:
2026-09-14 01:13:05,413 [INFO]    accident                  | 신규     4행 | 누적      4행 | 16컬럼
2026-09-14 01:13:05,413 [INFO]    area_meta                 | 신규   121행 | 누적    121행 | 5컬럼
2026-09-14 01:13:05,413 [INFO]    bike                      | 신규    11행 | 누적     11행 | 12컬럼
2026-09-14 01:13:05,414 [INFO]    bike_sbike_stts           | 신규   571행 | 누적    571행 | 12컬럼
2026-09-14 01:13:05,414 [INFO]    bus                       | 신규     3행 | 누적      3행 | 11컬럼
2026-09-14 01:13:05,414 [INFO]    bus_bus_stn_stts          | 신규  1745행 | 누적   1745행 | 11컬럼
2026-09-14 01:13:05,414 [INFO]    charger                   | 신규     4행 | 누적      4행 | 15컬럼
2026-09-14 01:13:05,414 [INFO]    charger_charger_stts      | 신규  1915행 | 누적   1915행 | 15컬럼
2026-09-14 01:13:05,414 [INFO]    cmrcl                     | 신규    82행 | 누적     82행 | 20컬럼
2026-09-14 01:13:05,414 [INFO]    events                    | 신규    14행 | 누적     14행 | 14컬럼
2026-09-14 01:13:05,414 [INFO]    events_event_stts         | 신규   122행 | 누적    122행 | 14컬럼
2026-09-14 01:13:05,414 [INFO]    parking                   | 신규     6행 | 누적      6행 | 21컬럼
2026-09-14 01:13:05,414 [INFO]    parking_prk_stts          | 신규  1832행 | 누적   1832행 | 21컬럼
2026-09-14 01:13:05,414 [INFO]    ppltn                     | 신규   121행 | 누적    121행 | 26컬럼
2026-09-14 01:13:05,414 [INFO]    road                      | 신규   121행 | 누적    121행 | 21컬럼
2026-09-14 01:13:05,414 [INFO]    road_road_traffic_stts    | 신규  5298행 | 누적   5298행 | 17컬럼
2026-09-14 01:13:05,414 [INFO]    subway                    | 신규    38행 | 누적     38행 | 12컬럼
2026-09-14 01:13:05,414 [INFO]    subway_sub_stts           | 신규   183행 | 누적    183행 | 13컬럼
2026-09-14 01:13:05,414 [INFO]    weather                   | 신규   119행 | 누적    119행 | 29컬럼
2026-09-14 01:13:05,415 [INFO] 키별 사용량:
2026-09-14 01:13:05,415 [INFO]    🟢 KEY_1 (31/1000) 
2026-09-14 01:13:05,415 [INFO]    🟢 KEY_2 (30/1000) 
2026-09-14 01:13:05,415 [INFO]    🟢 KEY_3 (30/1000) 
2026-09-14 01:13:05,415 [INFO]    🟢 KEY_4 (30/1000) 
2026-09-14 04:22:52,311 [INFO] 등록된 키: 4개, 합산 한도 4,000건/일
2026-09-14 04:22:52,312 [INFO] POI 로드: 매뉴얼 v8.5 기준 fallback 121개 (121개 전체)
2026-09-14 04:22:52,312 [INFO] === 수집 시작 2026-09-14T04:22:52.312513+09:00 ===
2026-09-14 04:22:52,312 [INFO] 대상 장소: 121개 | API: citydata (통합)
2026-09-14 04:22:52,312 [INFO] 키 풀: 4/4 활성 | 오늘 사용 0/4000건
2026-09-14 04:22:52,312 [INFO]   [KEY_1] 담당 31장소
2026-09-14 04:22:52,312 [INFO]   [KEY_2] 담당 30장소
2026-09-14 04:22:52,312 [INFO]   [KEY_3] 담당 30장소
2026-09-14 04:22:52,312 [INFO]   [KEY_4] 담당 30장소
2026-09-14 04:22:52,312 [INFO] [1/121] 경복궁 (primary=KEY_1)
2026-09-14 04:22:54,387 [INFO] [2/121] 광화문·덕수궁 (primary=KEY_2)
2026-09-14 04:22:56,817 [INFO] [3/121] 보신각 (primary=KEY_3)
2026-09-14 04:22:59,043 [INFO] [4/121] 서울 암사동 유적 (primary=KEY_4)
2026-09-14 04:23:00,802 [INFO] [5/121] 창덕궁·종묘 (primary=KEY_1)
2026-09-14 04:23:02,808 [INFO] [6/121] 강남 MICE 관광특구 (primary=KEY_2)
2026-09-14 04:23:05,044 [INFO] [7/121] 동대문 관광특구 (primary=KEY_3)
2026-09-14 04:23:07,311 [INFO] [8/121] 명동 관광특구 (primary=KEY_4)
2026-09-14 04:23:10,147 [INFO] [9/121] 이태원 관광특구 (primary=KEY_1)
2026-09-14 04:23:12,550 [INFO] [10/121] 잠실 관광특구 (primary=KEY_2)
2026-09-14 04:23:15,029 [INFO] [11/121] 종로·청계 관광특구 (primary=KEY_3)
2026-09-14 04:23:17,665 [INFO] [12/121] 홍대 관광특구 (primary=KEY_4)
2026-09-14 04:23:20,283 [INFO] [13/121] 강서한강공원 (primary=KEY_1)
2026-09-14 04:23:22,470 [INFO] [14/121] 고척돔 (primary=KEY_2)
2026-09-14 04:23:24,484 [INFO] [15/121] 광나루한강공원 (primary=KEY_3)
2026-09-14 04:23:26,840 [INFO] [16/121] 광화문광장 (primary=KEY_4)
2026-09-14 04:23:29,266 [INFO] [17/121] 국립중앙박물관·용산가족공원 (primary=KEY_1)
2026-09-14 04:23:30,373 [INFO] [18/121] 난지한강공원 (primary=KEY_2)
2026-09-14 04:23:32,393 [INFO] [19/121] 남산공원 (primary=KEY_3)
2026-09-14 04:23:33,893 [INFO] [20/121] 노들섬 (primary=KEY_4)
2026-09-14 04:23:36,108 [INFO] [21/121] 뚝섬한강공원 (primary=KEY_1)
2026-09-14 04:23:37,955 [INFO] [22/121] 망원한강공원 (primary=KEY_2)
2026-09-14 04:23:39,264 [INFO] [23/121] 반포한강공원 (primary=KEY_3)
2026-09-14 04:23:40,375 [INFO] [24/121] 보라매공원 (primary=KEY_4)
2026-09-14 04:23:41,495 [INFO] [25/121] 북서울꿈의숲 (primary=KEY_1)
2026-09-14 04:23:43,887 [INFO] [26/121] 서대문독립공원 (primary=KEY_2)
2026-09-14 04:23:45,769 [INFO] [27/121] 서리풀공원·몽마르뜨공원 (primary=KEY_3)
2026-09-14 04:23:46,925 [INFO] [28/121] 서울대공원 (primary=KEY_4)
2026-09-14 04:23:48,961 [INFO] [29/121] 서울숲공원 (primary=KEY_1)
2026-09-14 04:23:50,261 [INFO] [30/121] 송현녹지광장 (primary=KEY_2)
2026-09-14 04:23:51,560 [INFO] [31/121] 아차산 (primary=KEY_3)
2026-09-14 04:23:52,676 [INFO] [32/121] 안양천 (primary=KEY_4)
2026-09-14 04:23:53,780 [INFO] [33/121] 양화한강공원 (primary=KEY_1)
2026-09-14 04:23:54,888 [INFO] [34/121] 어린이대공원 (primary=KEY_2)
2026-09-14 04:23:57,104 [INFO] [35/121] 여의도한강공원 (primary=KEY_3)
2026-09-14 04:23:58,418 [INFO] [36/121] 여의서로 (primary=KEY_4)
2026-09-14 04:23:59,711 [INFO] [37/121] 올림픽공원 (primary=KEY_1)
2026-09-14 04:24:01,041 [INFO] [38/121] 월드컵공원 (primary=KEY_2)
2026-09-14 04:24:02,558 [INFO] [39/121] 응봉산 (primary=KEY_3)
2026-09-14 04:24:03,858 [INFO] [40/121] 이촌한강공원 (primary=KEY_4)
2026-09-14 04:24:04,963 [INFO] [41/121] 잠실종합운동장 (primary=KEY_1)
2026-09-14 04:24:07,093 [INFO] [42/121] 잠실한강공원 (primary=KEY_2)
2026-09-14 04:24:08,210 [INFO] [43/121] 잠원한강공원 (primary=KEY_3)
2026-09-14 04:24:10,387 [INFO] [44/121] 청계산 (primary=KEY_4)
2026-09-14 04:24:11,507 [INFO] [45/121] 홍제폭포 (primary=KEY_1)
2026-09-14 04:24:12,598 [INFO] [46/121] 가락시장 (primary=KEY_2)
2026-09-14 04:24:13,957 [INFO] [47/121] 가로수길 (primary=KEY_3)
2026-09-14 04:24:15,287 [INFO] [48/121] 광장(전통)시장 (primary=KEY_4)
2026-09-14 04:24:16,412 [INFO] [49/121] 김포공항 (primary=KEY_1)
2026-09-14 04:24:17,898 [INFO] [50/121] 남대문시장 (primary=KEY_2)
2026-09-14 04:24:19,190 [INFO] [51/121] 노량진 (primary=KEY_3)
2026-09-14 04:24:20,507 [INFO] [52/121] 덕수궁길·정동길 (primary=KEY_4)
2026-09-14 04:24:21,840 [INFO] [53/121] 북창동 먹자골목 (primary=KEY_1)
2026-09-14 04:24:23,136 [INFO] [54/121] 북촌한옥마을 (primary=KEY_2)
2026-09-14 04:24:25,530 [INFO] [55/121] 서촌 (primary=KEY_3)
2026-09-14 04:24:26,834 [INFO] [56/121] 성수카페거리 (primary=KEY_4)
2026-09-14 04:24:28,377 [INFO] [57/121] 송리단길·호수단길 (primary=KEY_1)
2026-09-14 04:24:30,641 [INFO] [58/121] 신촌 스타광장 (primary=KEY_2)
2026-09-14 04:24:31,830 [INFO] [59/121] 압구정로데오거리 (primary=KEY_3)
2026-09-14 04:24:33,140 [INFO] [60/121] 여의도 (primary=KEY_4)
2026-09-14 04:24:35,297 [INFO] [61/121] 연남동 (primary=KEY_1)
2026-09-14 04:24:36,573 [INFO] [62/121] 영등포 타임스퀘어 (primary=KEY_2)
2026-09-14 04:24:37,869 [INFO] [63/121] 용리단길 (primary=KEY_3)
2026-09-14 04:24:39,035 [INFO] [64/121] 이태원 앤틱가구거리 (primary=KEY_4)
2026-09-14 04:24:40,195 [INFO] [65/121] 익선동 (primary=KEY_1)
2026-09-14 04:24:41,550 [INFO] [66/121] 인사동 (primary=KEY_2)
2026-09-14 04:24:43,060 [INFO] [67/121] 잠실롯데타워·석촌호수 (primary=KEY_3)
2026-09-14 04:24:44,755 [INFO] [68/121] 창동 신경제 중심지 (primary=KEY_4)
2026-09-14 04:24:47,888 [INFO] [69/121] 청담동 명품거리 (primary=KEY_1)
2026-09-14 04:24:49,223 [INFO] [70/121] 청량리 제기동 일대 전통시장 (primary=KEY_2)
2026-09-14 04:24:50,549 [INFO] [71/121] 해방촌·경리단길 (primary=KEY_3)
2026-09-14 04:24:51,729 [INFO] [72/121] DDP(동대문디자인플라자) (primary=KEY_4)
2026-09-14 04:24:53,059 [INFO] [73/121] DMC(디지털미디어시티) (primary=KEY_1)
2026-09-14 04:24:54,783 [INFO] [74/121] 가산디지털단지역 (primary=KEY_2)
2026-09-14 04:24:56,665 [INFO] [75/121] 강남역 (primary=KEY_3)
2026-09-14 04:24:58,183 [INFO] [76/121] 건대입구역 (primary=KEY_4)
2026-09-14 04:24:59,507 [INFO] [77/121] 고덕역 (primary=KEY_1)
2026-09-14 04:25:00,824 [INFO] [78/121] 고속터미널역 (primary=KEY_2)
2026-09-14 04:25:02,142 [INFO] [79/121] 교대역 (primary=KEY_3)
2026-09-14 04:25:03,304 [INFO] [80/121] 구로디지털단지역 (primary=KEY_4)
2026-09-14 04:25:04,997 [INFO] [81/121] 구로역 (primary=KEY_1)
2026-09-14 04:25:06,268 [INFO] [82/121] 군자역 (primary=KEY_2)
2026-09-14 04:25:07,399 [INFO] [83/121] 대림역 (primary=KEY_3)
2026-09-14 04:25:08,694 [INFO] [84/121] 동대문역 (primary=KEY_4)
2026-09-14 04:25:09,973 [INFO] [85/121] 뚝섬역 (primary=KEY_1)
2026-09-14 04:25:11,284 [INFO] [86/121] 미아사거리역 (primary=KEY_2)
2026-09-14 04:25:12,580 [INFO] [87/121] 발산역 (primary=KEY_3)
2026-09-14 04:25:14,243 [INFO] [88/121] 사당역 (primary=KEY_4)
2026-09-14 04:25:15,538 [INFO] [89/121] 삼각지역 (primary=KEY_1)
2026-09-14 04:25:16,654 [INFO] [90/121] 서울대입구역 (primary=KEY_2)
2026-09-14 04:25:18,007 [INFO] [91/121] 서울식물원·마곡나루역 (primary=KEY_3)
2026-09-14 04:25:19,491 [INFO] [92/121] 서울역 (primary=KEY_4)
2026-09-14 04:25:20,834 [INFO] [93/121] 선릉역 (primary=KEY_1)
2026-09-14 04:25:22,506 [INFO] [94/121] 성신여대입구역 (primary=KEY_2)
2026-09-14 04:25:23,633 [INFO] [95/121] 수유역 (primary=KEY_3)
2026-09-14 04:25:24,941 [INFO] [96/121] 숭례문 (primary=KEY_4)
2026-09-14 04:25:26,232 [INFO] [97/121] 시의회 앞 (primary=KEY_1)
2026-09-14 04:25:27,517 [INFO] [98/121] 신논현역·논현역 (primary=KEY_2)
2026-09-14 04:25:28,829 [INFO] [99/121] 신도림역 (primary=KEY_3)
2026-09-14 04:25:29,931 [INFO] [100/121] 신림역 (primary=KEY_4)
2026-09-14 04:25:31,060 [INFO] [101/121] 신정네거리역 (primary=KEY_1)
2026-09-14 04:25:32,367 [INFO] [102/121] 신촌·이대역 (primary=KEY_2)
2026-09-14 04:25:33,688 [INFO] [103/121] 쌍문역 (primary=KEY_3)
2026-09-14 04:25:34,974 [INFO] [104/121] 양재역 (primary=KEY_4)
2026-09-14 04:25:36,293 [INFO] [105/121] 역삼역 (primary=KEY_1)
2026-09-14 04:25:37,773 [INFO] [106/121] 연신내역 (primary=KEY_2)
2026-09-14 04:25:38,922 [INFO] [107/121] 오목교역·목동운동장 (primary=KEY_3)
2026-09-14 04:25:40,782 [INFO] [108/121] 왕십리역 (primary=KEY_4)
2026-09-14 04:25:42,115 [INFO] [109/121] 용산역 (primary=KEY_1)
2026-09-14 04:25:43,618 [INFO] [110/121] 이태원역 (primary=KEY_2)
2026-09-14 04:25:44,740 [INFO] [111/121] 잠실새내역 (primary=KEY_3)
2026-09-14 04:25:46,050 [INFO] [112/121] 잠실역 (primary=KEY_4)
2026-09-14 04:25:47,630 [INFO] [113/121] 장지역 (primary=KEY_1)
2026-09-14 04:25:49,101 [INFO] [114/121] 장한평역 (primary=KEY_2)
2026-09-14 04:25:50,403 [INFO] [115/121] 천호역 (primary=KEY_3)
2026-09-14 04:25:51,735 [INFO] [116/121] 총신대입구(이수)역 (primary=KEY_4)
2026-09-14 04:25:53,051 [INFO] [117/121] 충정로역 (primary=KEY_1)
2026-09-14 04:25:54,389 [INFO] [118/121] 합정역 (primary=KEY_2)
2026-09-14 04:25:55,813 [INFO] [119/121] 혜화역 (primary=KEY_3)
2026-09-14 04:25:57,137 [INFO] [120/121] 홍대입구역(2호선) (primary=KEY_4)
2026-09-14 04:25:58,472 [INFO] [121/121] 회기역 (primary=KEY_1)
2026-09-14 04:26:00,499 [INFO] === 수집 완료 | 성공 121, 실패 0 ===
2026-09-14 04:26:00,499 [INFO] 카테고리별 저장 결과:
2026-09-14 04:26:00,499 [INFO]    accident                  | 신규     4행 | 누적      8행 | 16컬럼
2026-09-14 04:26:00,499 [INFO]    area_meta                 | 신규   121행 | 누적    242행 | 5컬럼
2026-09-14 04:26:00,499 [INFO]    bike                      | 신규    11행 | 누적     22행 | 12컬럼
2026-09-14 04:26:00,499 [INFO]    bike_sbike_stts           | 신규   571행 | 누적   1142행 | 12컬럼
2026-09-14 04:26:00,499 [INFO]    bus                       | 신규     3행 | 누적      6행 | 11컬럼
2026-09-14 04:26:00,499 [INFO]    bus_bus_stn_stts          | 신규  1745행 | 누적   3490행 | 11컬럼
2026-09-14 04:26:00,499 [INFO]    charger                   | 신규     4행 | 누적      8행 | 15컬럼
2026-09-14 04:26:00,499 [INFO]    charger_charger_stts      | 신규  1915행 | 누적   3804행 | 15컬럼
2026-09-14 04:26:00,499 [INFO]    cmrcl                     | 신규    82행 | 누적    164행 | 20컬럼
2026-09-14 04:26:00,499 [INFO]    events                    | 신규    14행 | 누적     28행 | 14컬럼
2026-09-14 04:26:00,499 [INFO]    events_event_stts         | 신규   122행 | 누적    244행 | 14컬럼
2026-09-14 04:26:00,499 [INFO]    parking                   | 신규     6행 | 누적     12행 | 21컬럼
2026-09-14 04:26:00,499 [INFO]    parking_prk_stts          | 신규  1832행 | 누적   3664행 | 21컬럼
2026-09-14 04:26:00,499 [INFO]    ppltn                     | 신규   121행 | 누적    242행 | 26컬럼
2026-09-14 04:26:00,499 [INFO]    road                      | 신규   121행 | 누적    242행 | 21컬럼
2026-09-14 04:26:00,499 [INFO]    road_road_traffic_stts    | 신규  5298행 | 누적  10596행 | 17컬럼
2026-09-14 04:26:00,499 [INFO]    subway                    | 신규    38행 | 누적     76행 | 12컬럼
2026-09-14 04:26:00,499 [INFO]    subway_sub_stts           | 신규   183행 | 누적    366행 | 13컬럼
2026-09-14 04:26:00,499 [INFO]    weather                   | 신규   119행 | 누적    238행 | 29컬럼
2026-09-14 04:26:00,499 [INFO] 키별 사용량:
2026-09-14 04:26:00,499 [INFO]    🟢 KEY_1 (31/1000) 
2026-09-14 04:26:00,500 [INFO]    🟢 KEY_2 (30/1000) 
2026-09-14 04:26:00,500 [INFO]    🟢 KEY_3 (30/1000) 
2026-09-14 04:26:00,500 [INFO]    🟢 KEY_4 (30/1000) 
2026-09-14 07:22:57,139 [INFO] 등록된 키: 4개, 합산 한도 4,000건/일
2026-09-14 07:22:57,140 [INFO] POI 로드: 매뉴얼 v8.5 기준 fallback 121개 (121개 전체)
2026-09-14 07:22:57,140 [INFO] === 수집 시작 2026-09-14T07:22:57.140403+09:00 ===
2026-09-14 07:22:57,140 [INFO] 대상 장소: 121개 | API: citydata (통합)
2026-09-14 07:22:57,140 [INFO] 키 풀: 4/4 활성 | 오늘 사용 0/4000건
2026-09-14 07:22:57,140 [INFO]   [KEY_1] 담당 31장소
2026-09-14 07:22:57,140 [INFO]   [KEY_2] 담당 30장소
2026-09-14 07:22:57,140 [INFO]   [KEY_3] 담당 30장소
2026-09-14 07:22:57,140 [INFO]   [KEY_4] 담당 30장소
2026-09-14 07:22:57,140 [INFO] [1/121] 경복궁 (primary=KEY_1)
2026-09-14 07:22:58,933 [INFO] [2/121] 광화문·덕수궁 (primary=KEY_2)
2026-09-14 07:23:00,375 [INFO] [3/121] 보신각 (primary=KEY_3)
2026-09-14 07:23:02,338 [INFO] [4/121] 서울 암사동 유적 (primary=KEY_4)
2026-09-14 07:23:04,127 [INFO] [5/121] 창덕궁·종묘 (primary=KEY_1)
2026-09-14 07:23:05,917 [INFO] [6/121] 강남 MICE 관광특구 (primary=KEY_2)
2026-09-14 07:23:07,626 [INFO] [7/121] 동대문 관광특구 (primary=KEY_3)
2026-09-14 07:23:09,477 [INFO] [8/121] 명동 관광특구 (primary=KEY_4)
2026-09-14 07:23:11,082 [INFO] [9/121] 이태원 관광특구 (primary=KEY_1)
2026-09-14 07:23:12,782 [INFO] [10/121] 잠실 관광특구 (primary=KEY_2)
2026-09-14 07:23:14,272 [INFO] [11/121] 종로·청계 관광특구 (primary=KEY_3)
2026-09-14 07:23:16,445 [INFO] [12/121] 홍대 관광특구 (primary=KEY_4)
2026-09-14 07:23:17,790 [INFO] [13/121] 강서한강공원 (primary=KEY_1)
2026-09-14 07:23:19,449 [INFO] [14/121] 고척돔 (primary=KEY_2)
2026-09-14 07:23:20,428 [INFO] [15/121] 광나루한강공원 (primary=KEY_3)
2026-09-14 07:23:22,210 [INFO] [16/121] 광화문광장 (primary=KEY_4)
2026-09-14 07:23:23,471 [INFO] [17/121] 국립중앙박물관·용산가족공원 (primary=KEY_1)
2026-09-14 07:23:24,459 [INFO] [18/121] 난지한강공원 (primary=KEY_2)
2026-09-14 07:23:25,438 [INFO] [19/121] 남산공원 (primary=KEY_3)
2026-09-14 07:23:26,702 [INFO] [20/121] 노들섬 (primary=KEY_4)
2026-09-14 07:23:27,673 [INFO] [21/121] 뚝섬한강공원 (primary=KEY_1)
2026-09-14 07:23:28,648 [INFO] [22/121] 망원한강공원 (primary=KEY_2)
2026-09-14 07:23:29,783 [INFO] [23/121] 반포한강공원 (primary=KEY_3)
2026-09-14 07:23:30,762 [INFO] [24/121] 보라매공원 (primary=KEY_4)
2026-09-14 07:23:32,565 [INFO] [25/121] 북서울꿈의숲 (primary=KEY_1)
2026-09-14 07:23:33,715 [INFO] [26/121] 서대문독립공원 (primary=KEY_2)
2026-09-14 07:23:34,710 [INFO] [27/121] 서리풀공원·몽마르뜨공원 (primary=KEY_3)
2026-09-14 07:23:35,840 [INFO] [28/121] 서울대공원 (primary=KEY_4)
2026-09-14 07:23:36,817 [INFO] [29/121] 서울숲공원 (primary=KEY_1)
2026-09-14 07:23:37,939 [INFO] [30/121] 송현녹지광장 (primary=KEY_2)
2026-09-14 07:23:39,055 [INFO] [31/121] 아차산 (primary=KEY_3)
2026-09-14 07:23:40,034 [INFO] [32/121] 안양천 (primary=KEY_4)
2026-09-14 07:23:41,141 [INFO] [33/121] 양화한강공원 (primary=KEY_1)
2026-09-14 07:23:42,115 [INFO] [34/121] 어린이대공원 (primary=KEY_2)
2026-09-14 07:23:43,267 [INFO] [35/121] 여의도한강공원 (primary=KEY_3)
2026-09-14 07:23:44,398 [INFO] [36/121] 여의서로 (primary=KEY_4)
2026-09-14 07:23:45,501 [INFO] [37/121] 올림픽공원 (primary=KEY_1)
2026-09-14 07:23:46,687 [INFO] [38/121] 월드컵공원 (primary=KEY_2)
2026-09-14 07:23:47,982 [INFO] [39/121] 응봉산 (primary=KEY_3)
2026-09-14 07:23:49,099 [INFO] [40/121] 이촌한강공원 (primary=KEY_4)
2026-09-14 07:23:50,084 [INFO] [41/121] 잠실종합운동장 (primary=KEY_1)
2026-09-14 07:23:51,116 [INFO] [42/121] 잠실한강공원 (primary=KEY_2)
2026-09-14 07:23:52,086 [INFO] [43/121] 잠원한강공원 (primary=KEY_3)
2026-09-14 07:23:53,057 [INFO] [44/121] 청계산 (primary=KEY_4)
2026-09-14 07:23:54,721 [INFO] [45/121] 홍제폭포 (primary=KEY_1)
2026-09-14 07:23:55,700 [INFO] [46/121] 가락시장 (primary=KEY_2)
2026-09-14 07:23:56,850 [INFO] [47/121] 가로수길 (primary=KEY_3)
2026-09-14 07:23:58,002 [INFO] [48/121] 광장(전통)시장 (primary=KEY_4)
2026-09-14 07:23:58,994 [INFO] [49/121] 김포공항 (primary=KEY_1)
2026-09-14 07:24:00,395 [INFO] [50/121] 남대문시장 (primary=KEY_2)
2026-09-14 07:24:02,077 [INFO] [51/121] 노량진 (primary=KEY_3)
2026-09-14 07:24:03,222 [INFO] [52/121] 덕수궁길·정동길 (primary=KEY_4)
2026-09-14 07:24:04,355 [INFO] [53/121] 북창동 먹자골목 (primary=KEY_1)
2026-09-14 07:24:05,465 [INFO] [54/121] 북촌한옥마을 (primary=KEY_2)
2026-09-14 07:24:06,717 [INFO] [55/121] 서촌 (primary=KEY_3)
2026-09-14 07:24:07,822 [INFO] [56/121] 성수카페거리 (primary=KEY_4)
2026-09-14 07:24:09,124 [INFO] [57/121] 송리단길·호수단길 (primary=KEY_1)
2026-09-14 07:24:10,803 [INFO] [58/121] 신촌 스타광장 (primary=KEY_2)
2026-09-14 07:24:12,588 [INFO] [59/121] 압구정로데오거리 (primary=KEY_3)
2026-09-14 07:24:13,800 [INFO] [60/121] 여의도 (primary=KEY_4)
2026-09-14 07:24:16,091 [INFO] [61/121] 연남동 (primary=KEY_1)
2026-09-14 07:24:17,892 [INFO] [62/121] 영등포 타임스퀘어 (primary=KEY_2)
2026-09-14 07:24:19,027 [INFO] [63/121] 용리단길 (primary=KEY_3)
2026-09-14 07:24:20,077 [INFO] [64/121] 이태원 앤틱가구거리 (primary=KEY_4)
2026-09-14 07:24:21,896 [INFO] [65/121] 익선동 (primary=KEY_1)
2026-09-14 07:24:23,047 [INFO] [66/121] 인사동 (primary=KEY_2)
2026-09-14 07:24:25,253 [INFO] [67/121] 잠실롯데타워·석촌호수 (primary=KEY_3)
2026-09-14 07:24:27,231 [INFO] [68/121] 창동 신경제 중심지 (primary=KEY_4)
2026-09-14 07:24:28,683 [INFO] [69/121] 청담동 명품거리 (primary=KEY_1)
2026-09-14 07:24:30,621 [INFO] [70/121] 청량리 제기동 일대 전통시장 (primary=KEY_2)
2026-09-14 07:24:32,390 [INFO] [71/121] 해방촌·경리단길 (primary=KEY_3)
2026-09-14 07:24:33,374 [INFO] [72/121] DDP(동대문디자인플라자) (primary=KEY_4)
2026-09-14 07:24:34,512 [INFO] [73/121] DMC(디지털미디어시티) (primary=KEY_1)
2026-09-14 07:24:35,918 [INFO] [74/121] 가산디지털단지역 (primary=KEY_2)
2026-09-14 07:24:38,576 [INFO] [75/121] 강남역 (primary=KEY_3)
2026-09-14 07:24:39,867 [INFO] [76/121] 건대입구역 (primary=KEY_4)
2026-09-14 07:24:41,693 [INFO] [77/121] 고덕역 (primary=KEY_1)
2026-09-14 07:24:43,518 [INFO] [78/121] 고속터미널역 (primary=KEY_2)
2026-09-14 07:24:45,255 [INFO] [79/121] 교대역 (primary=KEY_3)
2026-09-14 07:24:46,387 [INFO] [80/121] 구로디지털단지역 (primary=KEY_4)
2026-09-14 07:24:47,803 [INFO] [81/121] 구로역 (primary=KEY_1)
2026-09-14 07:24:48,931 [INFO] [82/121] 군자역 (primary=KEY_2)
2026-09-14 07:24:50,059 [INFO] [83/121] 대림역 (primary=KEY_3)
2026-09-14 07:24:51,194 [INFO] [84/121] 동대문역 (primary=KEY_4)
2026-09-14 07:24:53,020 [INFO] [85/121] 뚝섬역 (primary=KEY_1)
2026-09-14 07:24:54,700 [INFO] [86/121] 미아사거리역 (primary=KEY_2)
2026-09-14 07:24:55,839 [INFO] [87/121] 발산역 (primary=KEY_3)
2026-09-14 07:24:57,789 [INFO] [88/121] 사당역 (primary=KEY_4)
2026-09-14 07:24:59,623 [INFO] [89/121] 삼각지역 (primary=KEY_1)
2026-09-14 07:25:01,574 [INFO] [90/121] 서울대입구역 (primary=KEY_2)
2026-09-14 07:25:02,705 [INFO] [91/121] 서울식물원·마곡나루역 (primary=KEY_3)
2026-09-14 07:25:03,959 [INFO] [92/121] 서울역 (primary=KEY_4)
2026-09-14 07:25:05,249 [INFO] [93/121] 선릉역 (primary=KEY_1)
2026-09-14 07:25:07,324 [INFO] [94/121] 성신여대입구역 (primary=KEY_2)
2026-09-14 07:25:08,317 [INFO] [95/121] 수유역 (primary=KEY_3)
2026-09-14 07:25:09,423 [INFO] [96/121] 숭례문 (primary=KEY_4)
2026-09-14 07:25:10,540 [INFO] [97/121] 시의회 앞 (primary=KEY_1)
2026-09-14 07:25:12,232 [INFO] [98/121] 신논현역·논현역 (primary=KEY_2)
2026-09-14 07:25:13,381 [INFO] [99/121] 신도림역 (primary=KEY_3)
2026-09-14 07:25:14,355 [INFO] [100/121] 신림역 (primary=KEY_4)
2026-09-14 07:25:15,471 [INFO] [101/121] 신정네거리역 (primary=KEY_1)
2026-09-14 07:25:16,580 [INFO] [102/121] 신촌·이대역 (primary=KEY_2)
2026-09-14 07:25:17,705 [INFO] [103/121] 쌍문역 (primary=KEY_3)
2026-09-14 07:25:18,835 [INFO] [104/121] 양재역 (primary=KEY_4)
2026-09-14 07:25:19,970 [INFO] [105/121] 역삼역 (primary=KEY_1)
2026-09-14 07:25:21,253 [INFO] [106/121] 연신내역 (primary=KEY_2)
2026-09-14 07:25:22,253 [INFO] [107/121] 오목교역·목동운동장 (primary=KEY_3)
2026-09-14 07:25:23,770 [INFO] [108/121] 왕십리역 (primary=KEY_4)
2026-09-14 07:25:25,068 [INFO] [109/121] 용산역 (primary=KEY_1)
2026-09-14 07:25:26,340 [INFO] [110/121] 이태원역 (primary=KEY_2)
2026-09-14 07:25:27,331 [INFO] [111/121] 잠실새내역 (primary=KEY_3)
2026-09-14 07:25:28,561 [INFO] [112/121] 잠실역 (primary=KEY_4)
2026-09-14 07:25:29,817 [INFO] [113/121] 장지역 (primary=KEY_1)
2026-09-14 07:25:31,083 [INFO] [114/121] 장한평역 (primary=KEY_2)
2026-09-14 07:25:32,870 [INFO] [115/121] 천호역 (primary=KEY_3)
2026-09-14 07:25:34,014 [INFO] [116/121] 총신대입구(이수)역 (primary=KEY_4)
2026-09-14 07:25:35,144 [INFO] [117/121] 충정로역 (primary=KEY_1)
2026-09-14 07:25:36,267 [INFO] [118/121] 합정역 (primary=KEY_2)
2026-09-14 07:25:37,394 [INFO] [119/121] 혜화역 (primary=KEY_3)
2026-09-14 07:25:38,555 [INFO] [120/121] 홍대입구역(2호선) (primary=KEY_4)
2026-09-14 07:25:39,687 [INFO] [121/121] 회기역 (primary=KEY_1)
2026-09-14 07:25:41,373 [INFO] === 수집 완료 | 성공 121, 실패 0 ===
2026-09-14 07:25:41,373 [INFO] 카테고리별 저장 결과:
2026-09-14 07:25:41,373 [INFO]    accident                  | 신규     3행 | 누적     11행 | 16컬럼
2026-09-14 07:25:41,373 [INFO]    area_meta                 | 신규   121행 | 누적    363행 | 5컬럼
2026-09-14 07:25:41,373 [INFO]    bike                      | 신규    11행 | 누적     33행 | 12컬럼
2026-09-14 07:25:41,373 [INFO]    bike_sbike_stts           | 신규   571행 | 누적   1713행 | 12컬럼
2026-09-14 07:25:41,373 [INFO]    bus                       | 신규     3행 | 누적      9행 | 11컬럼
2026-09-14 07:25:41,373 [INFO]    bus_bus_stn_stts          | 신규  1745행 | 누적   5235행 | 11컬럼
2026-09-14 07:25:41,373 [INFO]    charger                   | 신규     4행 | 누적     12행 | 15컬럼
2026-09-14 07:25:41,373 [INFO]    charger_charger_stts      | 신규  1915행 | 누적   5706행 | 15컬럼
2026-09-14 07:25:41,373 [INFO]    cmrcl                     | 신규    82행 | 누적    246행 | 20컬럼
2026-09-14 07:25:41,373 [INFO]    events                    | 신규    15행 | 누적     43행 | 14컬럼
2026-09-14 07:25:41,373 [INFO]    events_event_stts         | 신규   124행 | 누적    368행 | 14컬럼
2026-09-14 07:25:41,373 [INFO]    parking                   | 신규     6행 | 누적     18행 | 21컬럼
2026-09-14 07:25:41,373 [INFO]    parking_prk_stts          | 신규  1832행 | 누적   5496행 | 21컬럼
2026-09-14 07:25:41,373 [INFO]    ppltn                     | 신규   121행 | 누적    363행 | 26컬럼
2026-09-14 07:25:41,373 [INFO]    road                      | 신규   121행 | 누적    363행 | 21컬럼
2026-09-14 07:25:41,373 [INFO]    road_road_traffic_stts    | 신규  5298행 | 누적  15894행 | 17컬럼
2026-09-14 07:25:41,373 [INFO]    subway                    | 신규    38행 | 누적    114행 | 12컬럼
2026-09-14 07:25:41,373 [INFO]    subway_sub_stts           | 신규   183행 | 누적    549행 | 13컬럼
2026-09-14 07:25:41,373 [INFO]    weather                   | 신규   119행 | 누적    357행 | 29컬럼
2026-09-14 07:25:41,373 [INFO] 키별 사용량:
2026-09-14 07:25:41,373 [INFO]    🟢 KEY_1 (31/1000) 
2026-09-14 07:25:41,373 [INFO]    🟢 KEY_2 (30/1000) 
2026-09-14 07:25:41,373 [INFO]    🟢 KEY_3 (30/1000) 
2026-09-14 07:25:41,374 [INFO]    🟢 KEY_4 (30/1000) 
