2026-10-01 04:09:33,359 [INFO] 등록된 키: 4개, 합산 한도 4,000건/일
2026-10-01 04:09:33,359 [INFO] POI 로드: 매뉴얼 v8.5 기준 fallback 121개 (121개 전체)
2026-10-01 04:09:33,359 [INFO] === 수집 시작 2026-10-01T04:09:33.359835+09:00 ===
2026-10-01 04:09:33,359 [INFO] 대상 장소: 121개 | API: citydata (통합)
2026-10-01 04:09:33,360 [INFO] 키 풀: 4/4 활성 | 오늘 사용 0/4000건
2026-10-01 04:09:33,360 [INFO]   [KEY_1] 담당 31장소
2026-10-01 04:09:33,360 [INFO]   [KEY_2] 담당 30장소
2026-10-01 04:09:33,360 [INFO]   [KEY_3] 담당 30장소
2026-10-01 04:09:33,360 [INFO]   [KEY_4] 담당 30장소
2026-10-01 04:09:33,360 [INFO] [1/121] 경복궁 (primary=KEY_1)
2026-10-01 04:09:35,304 [INFO] [2/121] 광화문·덕수궁 (primary=KEY_2)
2026-10-01 04:09:37,537 [INFO] [3/121] 보신각 (primary=KEY_3)
2026-10-01 04:09:39,488 [INFO] [4/121] 서울 암사동 유적 (primary=KEY_4)
2026-10-01 04:09:40,559 [INFO] [5/121] 창덕궁·종묘 (primary=KEY_1)
2026-10-01 04:09:42,830 [INFO] [6/121] 강남 MICE 관광특구 (primary=KEY_2)
2026-10-01 04:09:45,136 [INFO] [7/121] 동대문 관광특구 (primary=KEY_3)
2026-10-01 04:09:46,795 [INFO] [8/121] 명동 관광특구 (primary=KEY_4)
2026-10-01 04:09:48,468 [INFO] [9/121] 이태원 관광특구 (primary=KEY_1)
2026-10-01 04:09:49,741 [INFO] [10/121] 잠실 관광특구 (primary=KEY_2)
2026-10-01 04:09:52,467 [INFO] [11/121] 종로·청계 관광특구 (primary=KEY_3)
2026-10-01 04:09:54,980 [INFO] [12/121] 홍대 관광특구 (primary=KEY_4)
2026-10-01 04:09:56,458 [INFO] [13/121] 강서한강공원 (primary=KEY_1)
2026-10-01 04:09:57,551 [INFO] [14/121] 고척돔 (primary=KEY_2)
2026-10-01 04:09:59,523 [INFO] [15/121] 광나루한강공원 (primary=KEY_3)
2026-10-01 04:10:00,767 [INFO] [16/121] 광화문광장 (primary=KEY_4)
2026-10-01 04:10:02,292 [INFO] [17/121] 국립중앙박물관·용산가족공원 (primary=KEY_1)
2026-10-01 04:10:03,733 [INFO] [18/121] 난지한강공원 (primary=KEY_2)
2026-10-01 04:10:05,629 [INFO] [19/121] 남산공원 (primary=KEY_3)
2026-10-01 04:10:08,123 [INFO] [20/121] 노들섬 (primary=KEY_4)
2026-10-01 04:10:09,249 [INFO] [21/121] 뚝섬한강공원 (primary=KEY_1)
2026-10-01 04:10:10,424 [INFO] [22/121] 망원한강공원 (primary=KEY_2)
2026-10-01 04:10:11,891 [INFO] [23/121] 반포한강공원 (primary=KEY_3)
2026-10-01 04:10:12,980 [INFO] [24/121] 보라매공원 (primary=KEY_4)
2026-10-01 04:10:14,131 [INFO] [25/121] 북서울꿈의숲 (primary=KEY_1)
2026-10-01 04:10:16,140 [INFO] [26/121] 서대문독립공원 (primary=KEY_2)
2026-10-01 04:10:17,221 [INFO] [27/121] 서리풀공원·몽마르뜨공원 (primary=KEY_3)
2026-10-01 04:10:18,325 [INFO] [28/121] 서울대공원 (primary=KEY_4)
2026-10-01 04:10:20,798 [INFO] [29/121] 서울숲공원 (primary=KEY_1)
2026-10-01 04:10:22,076 [INFO] [30/121] 송현녹지광장 (primary=KEY_2)
2026-10-01 04:10:23,906 [INFO] [31/121] 아차산 (primary=KEY_3)
2026-10-01 04:10:24,973 [INFO] [32/121] 안양천 (primary=KEY_4)
2026-10-01 04:10:26,235 [INFO] [33/121] 양화한강공원 (primary=KEY_1)
2026-10-01 04:10:27,498 [INFO] [34/121] 어린이대공원 (primary=KEY_2)
2026-10-01 04:10:28,756 [INFO] [35/121] 여의도한강공원 (primary=KEY_3)
2026-10-01 04:10:30,032 [INFO] [36/121] 여의서로 (primary=KEY_4)
2026-10-01 04:10:31,290 [INFO] [37/121] 올림픽공원 (primary=KEY_1)
2026-10-01 04:10:32,567 [INFO] [38/121] 월드컵공원 (primary=KEY_2)
2026-10-01 04:10:34,036 [INFO] [39/121] 응봉산 (primary=KEY_3)
2026-10-01 04:10:35,318 [INFO] [40/121] 이촌한강공원 (primary=KEY_4)
2026-10-01 04:10:36,420 [INFO] [41/121] 잠실종합운동장 (primary=KEY_1)
2026-10-01 04:10:37,516 [INFO] [42/121] 잠실한강공원 (primary=KEY_2)
2026-10-01 04:10:39,286 [INFO] [43/121] 잠원한강공원 (primary=KEY_3)
2026-10-01 04:10:40,349 [INFO] [44/121] 청계산 (primary=KEY_4)
2026-10-01 04:10:41,457 [INFO] [45/121] 홍제폭포 (primary=KEY_1)
2026-10-01 04:10:42,541 [INFO] [46/121] 가락시장 (primary=KEY_2)
2026-10-01 04:10:43,825 [INFO] [47/121] 가로수길 (primary=KEY_3)
2026-10-01 04:10:45,119 [INFO] [48/121] 광장(전통)시장 (primary=KEY_4)
2026-10-01 04:10:46,245 [INFO] [49/121] 김포공항 (primary=KEY_1)
2026-10-01 04:10:47,694 [INFO] [50/121] 남대문시장 (primary=KEY_2)
2026-10-01 04:10:48,964 [INFO] [51/121] 노량진 (primary=KEY_3)
2026-10-01 04:10:50,387 [INFO] [52/121] 덕수궁길·정동길 (primary=KEY_4)
2026-10-01 04:10:51,884 [INFO] [53/121] 북창동 먹자골목 (primary=KEY_1)
2026-10-01 04:10:53,159 [INFO] [54/121] 북촌한옥마을 (primary=KEY_2)
2026-10-01 04:10:54,629 [INFO] [55/121] 서촌 (primary=KEY_3)
2026-10-01 04:10:55,890 [INFO] [56/121] 성수카페거리 (primary=KEY_4)
2026-10-01 04:10:57,323 [INFO] [57/121] 송리단길·호수단길 (primary=KEY_1)
2026-10-01 04:10:58,609 [INFO] [58/121] 신촌 스타광장 (primary=KEY_2)
2026-10-01 04:10:59,696 [INFO] [59/121] 압구정로데오거리 (primary=KEY_3)
2026-10-01 04:11:00,972 [INFO] [60/121] 여의도 (primary=KEY_4)
2026-10-01 04:11:03,022 [INFO] [61/121] 연남동 (primary=KEY_1)
2026-10-01 04:11:04,275 [INFO] [62/121] 영등포 타임스퀘어 (primary=KEY_2)
2026-10-01 04:11:05,536 [INFO] [63/121] 용리단길 (primary=KEY_3)
2026-10-01 04:11:06,658 [INFO] [64/121] 이태원 앤틱가구거리 (primary=KEY_4)
2026-10-01 04:11:07,759 [INFO] [65/121] 익선동 (primary=KEY_1)
2026-10-01 04:11:09,029 [INFO] [66/121] 인사동 (primary=KEY_2)
2026-10-01 04:11:10,488 [INFO] [67/121] 잠실롯데타워·석촌호수 (primary=KEY_3)
2026-10-01 04:11:12,113 [INFO] [68/121] 창동 신경제 중심지 (primary=KEY_4)
2026-10-01 04:11:13,751 [INFO] [69/121] 청담동 명품거리 (primary=KEY_1)
2026-10-01 04:11:15,021 [INFO] [70/121] 청량리 제기동 일대 전통시장 (primary=KEY_2)
2026-10-01 04:11:16,336 [INFO] [71/121] 해방촌·경리단길 (primary=KEY_3)
2026-10-01 04:11:17,429 [INFO] [72/121] DDP(동대문디자인플라자) (primary=KEY_4)
2026-10-01 04:11:18,710 [INFO] [73/121] DMC(디지털미디어시티) (primary=KEY_1)
2026-10-01 04:11:20,344 [INFO] [74/121] 가산디지털단지역 (primary=KEY_2)
2026-10-01 04:11:22,148 [INFO] [75/121] 강남역 (primary=KEY_3)
2026-10-01 04:11:23,621 [INFO] [76/121] 건대입구역 (primary=KEY_4)
2026-10-01 04:11:24,899 [INFO] [77/121] 고덕역 (primary=KEY_1)
2026-10-01 04:11:26,176 [INFO] [78/121] 고속터미널역 (primary=KEY_2)
2026-10-01 04:11:27,453 [INFO] [79/121] 교대역 (primary=KEY_3)
2026-10-01 04:11:28,553 [INFO] [80/121] 구로디지털단지역 (primary=KEY_4)
2026-10-01 04:11:30,172 [INFO] [81/121] 구로역 (primary=KEY_1)
2026-10-01 04:11:31,417 [INFO] [82/121] 군자역 (primary=KEY_2)
2026-10-01 04:11:32,532 [INFO] [83/121] 대림역 (primary=KEY_3)
2026-10-01 04:11:33,809 [INFO] [84/121] 동대문역 (primary=KEY_4)
2026-10-01 04:11:35,072 [INFO] [85/121] 뚝섬역 (primary=KEY_1)
2026-10-01 04:11:36,326 [INFO] [86/121] 미아사거리역 (primary=KEY_2)
2026-10-01 04:11:37,596 [INFO] [87/121] 발산역 (primary=KEY_3)
2026-10-01 04:11:39,057 [INFO] [88/121] 사당역 (primary=KEY_4)
2026-10-01 04:11:40,338 [INFO] [89/121] 삼각지역 (primary=KEY_1)
2026-10-01 04:11:41,430 [INFO] [90/121] 서울대입구역 (primary=KEY_2)
2026-10-01 04:11:42,685 [INFO] [91/121] 서울식물원·마곡나루역 (primary=KEY_3)
2026-10-01 04:11:44,140 [INFO] [92/121] 서울역 (primary=KEY_4)
2026-10-01 04:11:45,621 [INFO] [93/121] 선릉역 (primary=KEY_1)
2026-10-01 04:11:47,265 [INFO] [94/121] 성신여대입구역 (primary=KEY_2)
2026-10-01 04:11:48,364 [INFO] [95/121] 수유역 (primary=KEY_3)
2026-10-01 04:11:49,658 [INFO] [96/121] 숭례문 (primary=KEY_4)
2026-10-01 04:11:50,920 [INFO] [97/121] 시의회 앞 (primary=KEY_1)
2026-10-01 04:11:52,249 [INFO] [98/121] 신논현역·논현역 (primary=KEY_2)
2026-10-01 04:11:53,553 [INFO] [99/121] 신도림역 (primary=KEY_3)
2026-10-01 04:11:54,638 [INFO] [100/121] 신림역 (primary=KEY_4)
2026-10-01 04:11:55,736 [INFO] [101/121] 신정네거리역 (primary=KEY_1)
2026-10-01 04:11:56,996 [INFO] [102/121] 신촌·이대역 (primary=KEY_2)
2026-10-01 04:11:58,271 [INFO] [103/121] 쌍문역 (primary=KEY_3)
2026-10-01 04:11:59,541 [INFO] [104/121] 양재역 (primary=KEY_4)
2026-10-01 04:12:00,806 [INFO] [105/121] 역삼역 (primary=KEY_1)
2026-10-01 04:12:02,255 [INFO] [106/121] 연신내역 (primary=KEY_2)
2026-10-01 04:12:03,350 [INFO] [107/121] 오목교역·목동운동장 (primary=KEY_3)
2026-10-01 04:12:05,166 [INFO] [108/121] 왕십리역 (primary=KEY_4)
2026-10-01 04:12:06,466 [INFO] [109/121] 용산역 (primary=KEY_1)
2026-10-01 04:12:07,907 [INFO] [110/121] 이태원역 (primary=KEY_2)
2026-10-01 04:12:08,999 [INFO] [111/121] 잠실새내역 (primary=KEY_3)
2026-10-01 04:12:10,312 [INFO] [112/121] 잠실역 (primary=KEY_4)
2026-10-01 04:12:11,743 [INFO] [113/121] 장지역 (primary=KEY_1)
2026-10-01 04:12:13,194 [INFO] [114/121] 장한평역 (primary=KEY_2)
2026-10-01 04:12:14,452 [INFO] [115/121] 천호역 (primary=KEY_3)
2026-10-01 04:12:15,735 [INFO] [116/121] 총신대입구(이수)역 (primary=KEY_4)
2026-10-01 04:12:17,010 [INFO] [117/121] 충정로역 (primary=KEY_1)
2026-10-01 04:12:18,263 [INFO] [118/121] 합정역 (primary=KEY_2)
2026-10-01 04:12:19,525 [INFO] [119/121] 혜화역 (primary=KEY_3)
2026-10-01 04:12:20,772 [INFO] [120/121] 홍대입구역(2호선) (primary=KEY_4)
2026-10-01 04:12:22,047 [INFO] [121/121] 회기역 (primary=KEY_1)
2026-10-01 04:12:23,741 [INFO] === 수집 완료 | 성공 121, 실패 0 ===
2026-10-01 04:12:23,741 [INFO] 카테고리별 저장 결과:
2026-10-01 04:12:23,741 [INFO]    accident                  | 신규     5행 | 누적      5행 | 16컬럼
2026-10-01 04:12:23,741 [INFO]    accident_acdnt_cntrl_stts | 신규    17행 | 누적     17행 | 16컬럼
2026-10-01 04:12:23,741 [INFO]    area_meta                 | 신규   121행 | 누적    121행 | 5컬럼
2026-10-01 04:12:23,741 [INFO]    bike                      | 신규    10행 | 누적     10행 | 12컬럼
2026-10-01 04:12:23,741 [INFO]    bike_sbike_stts           | 신규   573행 | 누적    573행 | 12컬럼
2026-10-01 04:12:23,741 [INFO]    bus                       | 신규     3행 | 누적      3행 | 11컬럼
2026-10-01 04:12:23,742 [INFO]    bus_bus_stn_stts          | 신규  1745행 | 누적   1745행 | 11컬럼
2026-10-01 04:12:23,742 [INFO]    charger                   | 신규     4행 | 누적      4행 | 15컬럼
2026-10-01 04:12:23,742 [INFO]    charger_charger_stts      | 신규  1926행 | 누적   1926행 | 15컬럼
2026-10-01 04:12:23,742 [INFO]    cmrcl                     | 신규    82행 | 누적     82행 | 20컬럼
2026-10-01 04:12:23,742 [INFO]    events                    | 신규    14행 | 누적     14행 | 14컬럼
2026-10-01 04:12:23,742 [INFO]    events_event_stts         | 신규   112행 | 누적    112행 | 14컬럼
2026-10-01 04:12:23,742 [INFO]    parking                   | 신규     6행 | 누적      6행 | 21컬럼
2026-10-01 04:12:23,742 [INFO]    parking_prk_stts          | 신규  1832행 | 누적   1832행 | 21컬럼
2026-10-01 04:12:23,742 [INFO]    ppltn                     | 신규   121행 | 누적    121행 | 26컬럼
2026-10-01 04:12:23,742 [INFO]    road                      | 신규   121행 | 누적    121행 | 21컬럼
2026-10-01 04:12:23,742 [INFO]    road_road_traffic_stts    | 신규  5303행 | 누적   5303행 | 17컬럼
2026-10-01 04:12:23,742 [INFO]    subway                    | 신규    38행 | 누적     38행 | 12컬럼
2026-10-01 04:12:23,742 [INFO]    subway_sub_stts           | 신규   183행 | 누적    183행 | 13컬럼
2026-10-01 04:12:23,742 [INFO]    weather                   | 신규   119행 | 누적    119행 | 29컬럼
2026-10-01 04:12:23,742 [INFO] 키별 사용량:
2026-10-01 04:12:23,742 [INFO]    🟢 KEY_1 (31/1000) 
2026-10-01 04:12:23,742 [INFO]    🟢 KEY_2 (30/1000) 
2026-10-01 04:12:23,742 [INFO]    🟢 KEY_3 (30/1000) 
2026-10-01 04:12:23,743 [INFO]    🟢 KEY_4 (30/1000) 
2026-10-01 08:43:06,902 [INFO] 등록된 키: 4개, 합산 한도 4,000건/일
2026-10-01 08:43:06,903 [INFO] POI 로드: 매뉴얼 v8.5 기준 fallback 121개 (121개 전체)
2026-10-01 08:43:06,903 [INFO] === 수집 시작 2026-10-01T08:43:06.903089+09:00 ===
2026-10-01 08:43:06,903 [INFO] 대상 장소: 121개 | API: citydata (통합)
2026-10-01 08:43:06,903 [INFO] 키 풀: 4/4 활성 | 오늘 사용 0/4000건
2026-10-01 08:43:06,903 [INFO]   [KEY_1] 담당 31장소
2026-10-01 08:43:06,903 [INFO]   [KEY_2] 담당 30장소
2026-10-01 08:43:06,903 [INFO]   [KEY_3] 담당 30장소
2026-10-01 08:43:06,903 [INFO]   [KEY_4] 담당 30장소
2026-10-01 08:43:06,903 [INFO] [1/121] 경복궁 (primary=KEY_1)
2026-10-01 08:43:08,955 [INFO] [2/121] 광화문·덕수궁 (primary=KEY_2)
2026-10-01 08:43:11,605 [INFO] [3/121] 보신각 (primary=KEY_3)
2026-10-01 08:43:13,117 [INFO] [4/121] 서울 암사동 유적 (primary=KEY_4)
2026-10-01 08:43:14,815 [INFO] [5/121] 창덕궁·종묘 (primary=KEY_1)
2026-10-01 08:43:16,277 [INFO] [6/121] 강남 MICE 관광특구 (primary=KEY_2)
2026-10-01 08:43:18,230 [INFO] [7/121] 동대문 관광특구 (primary=KEY_3)
2026-10-01 08:43:20,680 [INFO] [8/121] 명동 관광특구 (primary=KEY_4)
2026-10-01 08:43:23,365 [INFO] [9/121] 이태원 관광특구 (primary=KEY_1)
2026-10-01 08:43:24,717 [INFO] [10/121] 잠실 관광특구 (primary=KEY_2)
2026-10-01 08:43:27,036 [INFO] [11/121] 종로·청계 관광특구 (primary=KEY_3)
2026-10-01 08:43:28,698 [INFO] [12/121] 홍대 관광특구 (primary=KEY_4)
2026-10-01 08:43:30,829 [INFO] [13/121] 강서한강공원 (primary=KEY_1)
2026-10-01 08:43:32,679 [INFO] [14/121] 고척돔 (primary=KEY_2)
2026-10-01 08:43:33,816 [INFO] [15/121] 광나루한강공원 (primary=KEY_3)
2026-10-01 08:43:35,281 [INFO] [16/121] 광화문광장 (primary=KEY_4)
2026-10-01 08:43:37,374 [INFO] [17/121] 국립중앙박물관·용산가족공원 (primary=KEY_1)
2026-10-01 08:43:38,509 [INFO] [18/121] 난지한강공원 (primary=KEY_2)
2026-10-01 08:43:40,221 [INFO] [19/121] 남산공원 (primary=KEY_3)
2026-10-01 08:43:42,506 [INFO] [20/121] 노들섬 (primary=KEY_4)
2026-10-01 08:43:44,204 [INFO] [21/121] 뚝섬한강공원 (primary=KEY_1)
2026-10-01 08:43:45,337 [INFO] [22/121] 망원한강공원 (primary=KEY_2)
2026-10-01 08:43:47,425 [INFO] [23/121] 반포한강공원 (primary=KEY_3)
2026-10-01 08:43:48,576 [INFO] [24/121] 보라매공원 (primary=KEY_4)
2026-10-01 08:43:49,719 [INFO] [25/121] 북서울꿈의숲 (primary=KEY_1)
2026-10-01 08:43:51,762 [INFO] [26/121] 서대문독립공원 (primary=KEY_2)
2026-10-01 08:43:52,943 [INFO] [27/121] 서리풀공원·몽마르뜨공원 (primary=KEY_3)
2026-10-01 08:43:54,348 [INFO] [28/121] 서울대공원 (primary=KEY_4)
2026-10-01 08:43:55,515 [INFO] [29/121] 서울숲공원 (primary=KEY_1)
2026-10-01 08:43:56,832 [INFO] [30/121] 송현녹지광장 (primary=KEY_2)
2026-10-01 08:43:58,419 [INFO] [31/121] 아차산 (primary=KEY_3)
2026-10-01 08:43:59,557 [INFO] [32/121] 안양천 (primary=KEY_4)
2026-10-01 08:44:00,703 [INFO] [33/121] 양화한강공원 (primary=KEY_1)
2026-10-01 08:44:01,860 [INFO] [34/121] 어린이대공원 (primary=KEY_2)
2026-10-01 08:44:03,239 [INFO] [35/121] 여의도한강공원 (primary=KEY_3)
2026-10-01 08:44:05,307 [INFO] [36/121] 여의서로 (primary=KEY_4)
2026-10-01 08:44:06,617 [INFO] [37/121] 올림픽공원 (primary=KEY_1)
2026-10-01 08:44:09,033 [INFO] [38/121] 월드컵공원 (primary=KEY_2)
2026-10-01 08:44:10,798 [INFO] [39/121] 응봉산 (primary=KEY_3)
2026-10-01 08:44:12,109 [INFO] [40/121] 이촌한강공원 (primary=KEY_4)
2026-10-01 08:44:13,985 [INFO] [41/121] 잠실종합운동장 (primary=KEY_1)
2026-10-01 08:44:15,136 [INFO] [42/121] 잠실한강공원 (primary=KEY_2)
2026-10-01 08:44:16,311 [INFO] [43/121] 잠원한강공원 (primary=KEY_3)
2026-10-01 08:44:17,438 [INFO] [44/121] 청계산 (primary=KEY_4)
2026-10-01 08:44:18,561 [INFO] [45/121] 홍제폭포 (primary=KEY_1)
2026-10-01 08:44:19,684 [INFO] [46/121] 가락시장 (primary=KEY_2)
2026-10-01 08:44:21,035 [INFO] [47/121] 가로수길 (primary=KEY_3)
2026-10-01 08:44:22,367 [INFO] [48/121] 광장(전통)시장 (primary=KEY_4)
2026-10-01 08:44:23,528 [INFO] [49/121] 김포공항 (primary=KEY_1)
2026-10-01 08:44:25,072 [INFO] [50/121] 남대문시장 (primary=KEY_2)
2026-10-01 08:44:26,405 [INFO] [51/121] 노량진 (primary=KEY_3)
2026-10-01 08:44:27,739 [INFO] [52/121] 덕수궁길·정동길 (primary=KEY_4)
2026-10-01 08:44:29,071 [INFO] [53/121] 북창동 먹자골목 (primary=KEY_1)
2026-10-01 08:44:30,387 [INFO] [54/121] 북촌한옥마을 (primary=KEY_2)
2026-10-01 08:44:31,900 [INFO] [55/121] 서촌 (primary=KEY_3)
2026-10-01 08:44:33,192 [INFO] [56/121] 성수카페거리 (primary=KEY_4)
2026-10-01 08:44:34,674 [INFO] [57/121] 송리단길·호수단길 (primary=KEY_1)
2026-10-01 08:44:36,024 [INFO] [58/121] 신촌 스타광장 (primary=KEY_2)
2026-10-01 08:44:37,158 [INFO] [59/121] 압구정로데오거리 (primary=KEY_3)
2026-10-01 08:44:38,454 [INFO] [60/121] 여의도 (primary=KEY_4)
2026-10-01 08:44:40,658 [INFO] [61/121] 연남동 (primary=KEY_1)
2026-10-01 08:44:42,121 [INFO] [62/121] 영등포 타임스퀘어 (primary=KEY_2)
2026-10-01 08:44:43,430 [INFO] [63/121] 용리단길 (primary=KEY_3)
2026-10-01 08:44:44,594 [INFO] [64/121] 이태원 앤틱가구거리 (primary=KEY_4)
2026-10-01 08:44:45,916 [INFO] [65/121] 익선동 (primary=KEY_1)
2026-10-01 08:44:47,278 [INFO] [66/121] 인사동 (primary=KEY_2)
2026-10-01 08:44:48,797 [INFO] [67/121] 잠실롯데타워·석촌호수 (primary=KEY_3)
2026-10-01 08:44:50,515 [INFO] [68/121] 창동 신경제 중심지 (primary=KEY_4)
2026-10-01 08:44:52,366 [INFO] [69/121] 청담동 명품거리 (primary=KEY_1)
2026-10-01 08:44:53,706 [INFO] [70/121] 청량리 제기동 일대 전통시장 (primary=KEY_2)
2026-10-01 08:44:55,087 [INFO] [71/121] 해방촌·경리단길 (primary=KEY_3)
2026-10-01 08:44:56,201 [INFO] [72/121] DDP(동대문디자인플라자) (primary=KEY_4)
2026-10-01 08:44:57,561 [INFO] [73/121] DMC(디지털미디어시티) (primary=KEY_1)
2026-10-01 08:44:59,284 [INFO] [74/121] 가산디지털단지역 (primary=KEY_2)
2026-10-01 08:45:01,224 [INFO] [75/121] 강남역 (primary=KEY_3)
2026-10-01 08:45:03,405 [INFO] [76/121] 건대입구역 (primary=KEY_4)
2026-10-01 08:45:05,497 [INFO] [77/121] 고덕역 (primary=KEY_1)
2026-10-01 08:45:06,911 [INFO] [78/121] 고속터미널역 (primary=KEY_2)
2026-10-01 08:45:08,209 [INFO] [79/121] 교대역 (primary=KEY_3)
2026-10-01 08:45:09,524 [INFO] [80/121] 구로디지털단지역 (primary=KEY_4)
2026-10-01 08:45:11,231 [INFO] [81/121] 구로역 (primary=KEY_1)
2026-10-01 08:45:13,636 [INFO] [82/121] 군자역 (primary=KEY_2)
2026-10-01 08:45:14,970 [INFO] [83/121] 대림역 (primary=KEY_3)
2026-10-01 08:45:16,293 [INFO] [84/121] 동대문역 (primary=KEY_4)
2026-10-01 08:45:17,675 [INFO] [85/121] 뚝섬역 (primary=KEY_1)
2026-10-01 08:45:19,006 [INFO] [86/121] 미아사거리역 (primary=KEY_2)
2026-10-01 08:45:20,309 [INFO] [87/121] 발산역 (primary=KEY_3)
2026-10-01 08:45:22,057 [INFO] [88/121] 사당역 (primary=KEY_4)
2026-10-01 08:45:23,397 [INFO] [89/121] 삼각지역 (primary=KEY_1)
2026-10-01 08:45:24,680 [INFO] [90/121] 서울대입구역 (primary=KEY_2)
2026-10-01 08:45:26,016 [INFO] [91/121] 서울식물원·마곡나루역 (primary=KEY_3)
2026-10-01 08:45:27,517 [INFO] [92/121] 서울역 (primary=KEY_4)
2026-10-01 08:45:29,080 [INFO] [93/121] 선릉역 (primary=KEY_1)
2026-10-01 08:45:30,811 [INFO] [94/121] 성신여대입구역 (primary=KEY_2)
2026-10-01 08:45:31,927 [INFO] [95/121] 수유역 (primary=KEY_3)
2026-10-01 08:45:33,318 [INFO] [96/121] 숭례문 (primary=KEY_4)
2026-10-01 08:45:34,613 [INFO] [97/121] 시의회 앞 (primary=KEY_1)
2026-10-01 08:45:35,955 [INFO] [98/121] 신논현역·논현역 (primary=KEY_2)
2026-10-01 08:45:37,277 [INFO] [99/121] 신도림역 (primary=KEY_3)
2026-10-01 08:45:38,399 [INFO] [100/121] 신림역 (primary=KEY_4)
2026-10-01 08:45:39,749 [INFO] [101/121] 신정네거리역 (primary=KEY_1)
2026-10-01 08:45:41,113 [INFO] [102/121] 신촌·이대역 (primary=KEY_2)
2026-10-01 08:45:42,442 [INFO] [103/121] 쌍문역 (primary=KEY_3)
2026-10-01 08:45:43,773 [INFO] [104/121] 양재역 (primary=KEY_4)
2026-10-01 08:45:45,098 [INFO] [105/121] 역삼역 (primary=KEY_1)
2026-10-01 08:45:47,340 [INFO] [106/121] 연신내역 (primary=KEY_2)
2026-10-01 08:45:49,294 [INFO] [107/121] 오목교역·목동운동장 (primary=KEY_3)
2026-10-01 08:45:51,209 [INFO] [108/121] 왕십리역 (primary=KEY_4)
2026-10-01 08:45:53,516 [INFO] [109/121] 용산역 (primary=KEY_1)
2026-10-01 08:45:55,553 [INFO] [110/121] 이태원역 (primary=KEY_2)
2026-10-01 08:45:57,088 [INFO] [111/121] 잠실새내역 (primary=KEY_3)
2026-10-01 08:45:58,479 [INFO] [112/121] 잠실역 (primary=KEY_4)
2026-10-01 08:46:00,705 [INFO] [113/121] 장지역 (primary=KEY_1)
2026-10-01 08:46:02,975 [INFO] [114/121] 장한평역 (primary=KEY_2)
2026-10-01 08:46:04,302 [INFO] [115/121] 천호역 (primary=KEY_3)
2026-10-01 08:46:05,648 [INFO] [116/121] 총신대입구(이수)역 (primary=KEY_4)
2026-10-01 08:46:06,957 [INFO] [117/121] 충정로역 (primary=KEY_1)
2026-10-01 08:46:08,992 [INFO] [118/121] 합정역 (primary=KEY_2)
2026-10-01 08:46:11,044 [INFO] [119/121] 혜화역 (primary=KEY_3)
2026-10-01 08:46:12,380 [INFO] [120/121] 홍대입구역(2호선) (primary=KEY_4)
2026-10-01 08:46:14,458 [INFO] [121/121] 회기역 (primary=KEY_1)
2026-10-01 08:46:16,590 [INFO] === 수집 완료 | 성공 121, 실패 0 ===
2026-10-01 08:46:16,590 [INFO] 카테고리별 저장 결과:
2026-10-01 08:46:16,590 [INFO]    accident                  | 신규     3행 | 누적      8행 | 16컬럼
2026-10-01 08:46:16,590 [INFO]    area_meta                 | 신규   121행 | 누적    242행 | 5컬럼
2026-10-01 08:46:16,590 [INFO]    bike                      | 신규    10행 | 누적     20행 | 12컬럼
2026-10-01 08:46:16,590 [INFO]    bike_sbike_stts           | 신규   573행 | 누적   1146행 | 12컬럼
2026-10-01 08:46:16,591 [INFO]    bus                       | 신규     3행 | 누적      6행 | 11컬럼
2026-10-01 08:46:16,591 [INFO]    bus_bus_stn_stts          | 신규  1745행 | 누적   3490행 | 11컬럼
2026-10-01 08:46:16,591 [INFO]    charger                   | 신규     4행 | 누적      8행 | 15컬럼
2026-10-01 08:46:16,591 [INFO]    charger_charger_stts      | 신규  1926행 | 누적   3826행 | 15컬럼
2026-10-01 08:46:16,591 [INFO]    cmrcl                     | 신규    82행 | 누적    164행 | 20컬럼
2026-10-01 08:46:16,591 [INFO]    events                    | 신규    15행 | 누적     29행 | 14컬럼
2026-10-01 08:46:16,591 [INFO]    events_event_stts         | 신규   119행 | 누적    231행 | 14컬럼
2026-10-01 08:46:16,591 [INFO]    parking                   | 신규     6행 | 누적     12행 | 21컬럼
2026-10-01 08:46:16,591 [INFO]    parking_prk_stts          | 신규  1832행 | 누적   3664행 | 21컬럼
2026-10-01 08:46:16,591 [INFO]    ppltn                     | 신규   121행 | 누적    242행 | 26컬럼
2026-10-01 08:46:16,591 [INFO]    road                      | 신규   121행 | 누적    242행 | 21컬럼
2026-10-01 08:46:16,591 [INFO]    road_road_traffic_stts    | 신규  5303행 | 누적  10606행 | 17컬럼
2026-10-01 08:46:16,591 [INFO]    subway                    | 신규    38행 | 누적     76행 | 12컬럼
2026-10-01 08:46:16,591 [INFO]    subway_sub_stts           | 신규   183행 | 누적    366행 | 13컬럼
2026-10-01 08:46:16,591 [INFO]    weather                   | 신규   119행 | 누적    238행 | 29컬럼
2026-10-01 08:46:16,591 [INFO] 키별 사용량:
2026-10-01 08:46:16,591 [INFO]    🟢 KEY_1 (31/1000) 
2026-10-01 08:46:16,591 [INFO]    🟢 KEY_2 (30/1000) 
2026-10-01 08:46:16,592 [INFO]    🟢 KEY_3 (30/1000) 
2026-10-01 08:46:16,592 [INFO]    🟢 KEY_4 (30/1000) 
2026-10-01 14:41:48,167 [INFO] 등록된 키: 4개, 합산 한도 4,000건/일
2026-10-01 14:41:48,167 [INFO] POI 로드: 매뉴얼 v8.5 기준 fallback 121개 (121개 전체)
2026-10-01 14:41:48,167 [INFO] === 수집 시작 2026-10-01T14:41:48.167895+09:00 ===
2026-10-01 14:41:48,167 [INFO] 대상 장소: 121개 | API: citydata (통합)
2026-10-01 14:41:48,168 [INFO] 키 풀: 4/4 활성 | 오늘 사용 0/4000건
2026-10-01 14:41:48,168 [INFO]   [KEY_1] 담당 31장소
2026-10-01 14:41:48,168 [INFO]   [KEY_2] 담당 30장소
2026-10-01 14:41:48,168 [INFO]   [KEY_3] 담당 30장소
2026-10-01 14:41:48,168 [INFO]   [KEY_4] 담당 30장소
2026-10-01 14:41:48,168 [INFO] [1/121] 경복궁 (primary=KEY_1)
2026-10-01 14:41:50,195 [INFO] [2/121] 광화문·덕수궁 (primary=KEY_2)
2026-10-01 14:41:52,449 [INFO] [3/121] 보신각 (primary=KEY_3)
2026-10-01 14:41:54,314 [INFO] [4/121] 서울 암사동 유적 (primary=KEY_4)
2026-10-01 14:41:55,920 [INFO] [5/121] 창덕궁·종묘 (primary=KEY_1)
2026-10-01 14:41:57,900 [INFO] [6/121] 강남 MICE 관광특구 (primary=KEY_2)
2026-10-01 14:41:59,268 [INFO] [7/121] 동대문 관광특구 (primary=KEY_3)
2026-10-01 14:42:01,397 [INFO] [8/121] 명동 관광특구 (primary=KEY_4)
2026-10-01 14:42:03,636 [INFO] [9/121] 이태원 관광특구 (primary=KEY_1)
2026-10-01 14:42:05,472 [INFO] [10/121] 잠실 관광특구 (primary=KEY_2)
2026-10-01 14:42:07,802 [INFO] [11/121] 종로·청계 관광특구 (primary=KEY_3)
2026-10-01 14:42:09,214 [INFO] [12/121] 홍대 관광특구 (primary=KEY_4)
2026-10-01 14:42:10,606 [INFO] [13/121] 강서한강공원 (primary=KEY_1)
2026-10-01 14:42:11,644 [INFO] [14/121] 고척돔 (primary=KEY_2)
2026-10-01 14:42:12,696 [INFO] [15/121] 광나루한강공원 (primary=KEY_3)
2026-10-01 14:42:13,872 [INFO] [16/121] 광화문광장 (primary=KEY_4)
2026-10-01 14:42:15,117 [INFO] [17/121] 국립중앙박물관·용산가족공원 (primary=KEY_1)
2026-10-01 14:42:16,158 [INFO] [18/121] 난지한강공원 (primary=KEY_2)
2026-10-01 14:42:17,225 [INFO] [19/121] 남산공원 (primary=KEY_3)
2026-10-01 14:42:18,612 [INFO] [20/121] 노들섬 (primary=KEY_4)
2026-10-01 14:42:19,639 [INFO] [21/121] 뚝섬한강공원 (primary=KEY_1)
2026-10-01 14:42:20,701 [INFO] [22/121] 망원한강공원 (primary=KEY_2)
2026-10-01 14:42:22,540 [INFO] [23/121] 반포한강공원 (primary=KEY_3)
2026-10-01 14:42:23,574 [INFO] [24/121] 보라매공원 (primary=KEY_4)
2026-10-01 14:42:25,791 [INFO] [25/121] 북서울꿈의숲 (primary=KEY_1)
2026-10-01 14:42:27,021 [INFO] [26/121] 서대문독립공원 (primary=KEY_2)
2026-10-01 14:42:28,853 [INFO] [27/121] 서리풀공원·몽마르뜨공원 (primary=KEY_3)
2026-10-01 14:42:30,050 [INFO] [28/121] 서울대공원 (primary=KEY_4)
2026-10-01 14:42:31,082 [INFO] [29/121] 서울숲공원 (primary=KEY_1)
2026-10-01 14:42:32,286 [INFO] [30/121] 송현녹지광장 (primary=KEY_2)
2026-10-01 14:42:33,492 [INFO] [31/121] 아차산 (primary=KEY_3)
2026-10-01 14:42:34,545 [INFO] [32/121] 안양천 (primary=KEY_4)
2026-10-01 14:42:36,219 [INFO] [33/121] 양화한강공원 (primary=KEY_1)
2026-10-01 14:42:37,337 [INFO] [34/121] 어린이대공원 (primary=KEY_2)
2026-10-01 14:42:38,563 [INFO] [35/121] 여의도한강공원 (primary=KEY_3)
2026-10-01 14:42:39,796 [INFO] [36/121] 여의서로 (primary=KEY_4)
2026-10-01 14:42:41,048 [INFO] [37/121] 올림픽공원 (primary=KEY_1)
2026-10-01 14:42:42,429 [INFO] [38/121] 월드컵공원 (primary=KEY_2)
2026-10-01 14:42:44,501 [INFO] [39/121] 응봉산 (primary=KEY_3)
2026-10-01 14:42:46,332 [INFO] [40/121] 이촌한강공원 (primary=KEY_4)
2026-10-01 14:42:48,032 [INFO] [41/121] 잠실종합운동장 (primary=KEY_1)
2026-10-01 14:42:49,881 [INFO] [42/121] 잠실한강공원 (primary=KEY_2)
2026-10-01 14:42:51,511 [INFO] [43/121] 잠원한강공원 (primary=KEY_3)
2026-10-01 14:42:53,177 [INFO] [44/121] 청계산 (primary=KEY_4)
2026-10-01 14:42:54,835 [INFO] [45/121] 홍제폭포 (primary=KEY_1)
2026-10-01 14:42:56,669 [INFO] [46/121] 가락시장 (primary=KEY_2)
2026-10-01 14:42:58,534 [INFO] [47/121] 가로수길 (primary=KEY_3)
2026-10-01 14:42:59,850 [INFO] [48/121] 광장(전통)시장 (primary=KEY_4)
2026-10-01 14:43:00,930 [INFO] [49/121] 김포공항 (primary=KEY_1)
2026-10-01 14:43:02,317 [INFO] [50/121] 남대문시장 (primary=KEY_2)
2026-10-01 14:43:03,512 [INFO] [51/121] 노량진 (primary=KEY_3)
2026-10-01 14:43:04,727 [INFO] [52/121] 덕수궁길·정동길 (primary=KEY_4)
2026-10-01 14:43:05,976 [INFO] [53/121] 북창동 먹자골목 (primary=KEY_1)
2026-10-01 14:43:07,239 [INFO] [54/121] 북촌한옥마을 (primary=KEY_2)
2026-10-01 14:43:08,624 [INFO] [55/121] 서촌 (primary=KEY_3)
2026-10-01 14:43:10,451 [INFO] [56/121] 성수카페거리 (primary=KEY_4)
2026-10-01 14:43:11,865 [INFO] [57/121] 송리단길·호수단길 (primary=KEY_1)
2026-10-01 14:43:13,207 [INFO] [58/121] 신촌 스타광장 (primary=KEY_2)
2026-10-01 14:43:14,940 [INFO] [59/121] 압구정로데오거리 (primary=KEY_3)
2026-10-01 14:43:16,213 [INFO] [60/121] 여의도 (primary=KEY_4)
2026-10-01 14:43:18,240 [INFO] [61/121] 연남동 (primary=KEY_1)
2026-10-01 14:43:19,447 [INFO] [62/121] 영등포 타임스퀘어 (primary=KEY_2)
2026-10-01 14:43:20,651 [INFO] [63/121] 용리단길 (primary=KEY_3)
2026-10-01 14:43:22,348 [INFO] [64/121] 이태원 앤틱가구거리 (primary=KEY_4)
2026-10-01 14:43:23,559 [INFO] [65/121] 익선동 (primary=KEY_1)
2026-10-01 14:43:24,797 [INFO] [66/121] 인사동 (primary=KEY_2)
2026-10-01 14:43:26,283 [INFO] [67/121] 잠실롯데타워·석촌호수 (primary=KEY_3)
2026-10-01 14:43:27,824 [INFO] [68/121] 창동 신경제 중심지 (primary=KEY_4)
2026-10-01 14:43:29,385 [INFO] [69/121] 청담동 명품거리 (primary=KEY_1)
2026-10-01 14:43:30,595 [INFO] [70/121] 청량리 제기동 일대 전통시장 (primary=KEY_2)
2026-10-01 14:43:32,639 [INFO] [71/121] 해방촌·경리단길 (primary=KEY_3)
2026-10-01 14:43:33,728 [INFO] [72/121] DDP(동대문디자인플라자) (primary=KEY_4)
2026-10-01 14:43:34,957 [INFO] [73/121] DMC(디지털미디어시티) (primary=KEY_1)
2026-10-01 14:43:36,618 [INFO] [74/121] 가산디지털단지역 (primary=KEY_2)
2026-10-01 14:43:38,327 [INFO] [75/121] 강남역 (primary=KEY_3)
2026-10-01 14:43:39,750 [INFO] [76/121] 건대입구역 (primary=KEY_4)
2026-10-01 14:43:40,996 [INFO] [77/121] 고덕역 (primary=KEY_1)
2026-10-01 14:43:42,342 [INFO] [78/121] 고속터미널역 (primary=KEY_2)
2026-10-01 14:43:43,569 [INFO] [79/121] 교대역 (primary=KEY_3)
2026-10-01 14:43:44,795 [INFO] [80/121] 구로디지털단지역 (primary=KEY_4)
2026-10-01 14:43:46,339 [INFO] [81/121] 구로역 (primary=KEY_1)
2026-10-01 14:43:47,563 [INFO] [82/121] 군자역 (primary=KEY_2)
2026-10-01 14:43:48,805 [INFO] [83/121] 대림역 (primary=KEY_3)
2026-10-01 14:43:50,021 [INFO] [84/121] 동대문역 (primary=KEY_4)
2026-10-01 14:43:51,270 [INFO] [85/121] 뚝섬역 (primary=KEY_1)
2026-10-01 14:43:52,484 [INFO] [86/121] 미아사거리역 (primary=KEY_2)
2026-10-01 14:43:53,729 [INFO] [87/121] 발산역 (primary=KEY_3)
2026-10-01 14:43:55,261 [INFO] [88/121] 사당역 (primary=KEY_4)
2026-10-01 14:43:56,498 [INFO] [89/121] 삼각지역 (primary=KEY_1)
2026-10-01 14:43:57,706 [INFO] [90/121] 서울대입구역 (primary=KEY_2)
2026-10-01 14:43:58,919 [INFO] [91/121] 서울식물원·마곡나루역 (primary=KEY_3)
2026-10-01 14:44:00,304 [INFO] [92/121] 서울역 (primary=KEY_4)
2026-10-01 14:44:01,745 [INFO] [93/121] 선릉역 (primary=KEY_1)
2026-10-01 14:44:03,319 [INFO] [94/121] 성신여대입구역 (primary=KEY_2)
2026-10-01 14:44:04,390 [INFO] [95/121] 수유역 (primary=KEY_3)
2026-10-01 14:44:05,586 [INFO] [96/121] 숭례문 (primary=KEY_4)
2026-10-01 14:44:06,833 [INFO] [97/121] 시의회 앞 (primary=KEY_1)
2026-10-01 14:44:08,072 [INFO] [98/121] 신논현역·논현역 (primary=KEY_2)
2026-10-01 14:44:09,323 [INFO] [99/121] 신도림역 (primary=KEY_3)
2026-10-01 14:44:10,403 [INFO] [100/121] 신림역 (primary=KEY_4)
2026-10-01 14:44:11,665 [INFO] [101/121] 신정네거리역 (primary=KEY_1)
2026-10-01 14:44:12,892 [INFO] [102/121] 신촌·이대역 (primary=KEY_2)
2026-10-01 14:44:14,121 [INFO] [103/121] 쌍문역 (primary=KEY_3)
2026-10-01 14:44:15,337 [INFO] [104/121] 양재역 (primary=KEY_4)
2026-10-01 14:44:16,559 [INFO] [105/121] 역삼역 (primary=KEY_1)
2026-10-01 14:44:17,949 [INFO] [106/121] 연신내역 (primary=KEY_2)
2026-10-01 14:44:19,061 [INFO] [107/121] 오목교역·목동운동장 (primary=KEY_3)
2026-10-01 14:44:21,292 [INFO] [108/121] 왕십리역 (primary=KEY_4)
2026-10-01 14:44:22,686 [INFO] [109/121] 용산역 (primary=KEY_1)
2026-10-01 14:44:24,090 [INFO] [110/121] 이태원역 (primary=KEY_2)
2026-10-01 14:44:25,155 [INFO] [111/121] 잠실새내역 (primary=KEY_3)
2026-10-01 14:44:26,445 [INFO] [112/121] 잠실역 (primary=KEY_4)
2026-10-01 14:44:27,839 [INFO] [113/121] 장지역 (primary=KEY_1)
2026-10-01 14:44:29,231 [INFO] [114/121] 장한평역 (primary=KEY_2)
2026-10-01 14:44:30,444 [INFO] [115/121] 천호역 (primary=KEY_3)
2026-10-01 14:44:31,838 [INFO] [116/121] 총신대입구(이수)역 (primary=KEY_4)
2026-10-01 14:44:33,044 [INFO] [117/121] 충정로역 (primary=KEY_1)
2026-10-01 14:44:34,268 [INFO] [118/121] 합정역 (primary=KEY_2)
2026-10-01 14:44:35,526 [INFO] [119/121] 혜화역 (primary=KEY_3)
2026-10-01 14:44:36,745 [INFO] [120/121] 홍대입구역(2호선) (primary=KEY_4)
2026-10-01 14:44:37,952 [INFO] [121/121] 회기역 (primary=KEY_1)
2026-10-01 14:44:40,045 [INFO] === 수집 완료 | 성공 121, 실패 0 ===
2026-10-01 14:44:40,045 [INFO] 카테고리별 저장 결과:
2026-10-01 14:44:40,045 [INFO]    accident                  | 신규     8행 | 누적     16행 | 16컬럼
2026-10-01 14:44:40,045 [INFO]    accident_acdnt_cntrl_stts | 신규     6행 | 누적     23행 | 16컬럼
2026-10-01 14:44:40,045 [INFO]    area_meta                 | 신규   121행 | 누적    363행 | 5컬럼
2026-10-01 14:44:40,045 [INFO]    bike                      | 신규    10행 | 누적     30행 | 12컬럼
2026-10-01 14:44:40,045 [INFO]    bike_sbike_stts           | 신규   573행 | 누적   1719행 | 12컬럼
2026-10-01 14:44:40,045 [INFO]    bus                       | 신규     3행 | 누적      9행 | 11컬럼
2026-10-01 14:44:40,045 [INFO]    bus_bus_stn_stts          | 신규  1745행 | 누적   5235행 | 11컬럼
2026-10-01 14:44:40,045 [INFO]    charger                   | 신규     4행 | 누적     12행 | 15컬럼
2026-10-01 14:44:40,045 [INFO]    charger_charger_stts      | 신규  1926행 | 누적   5739행 | 15컬럼
2026-10-01 14:44:40,045 [INFO]    cmrcl                     | 신규    82행 | 누적    246행 | 20컬럼
2026-10-01 14:44:40,045 [INFO]    events                    | 신규    15행 | 누적     44행 | 14컬럼
2026-10-01 14:44:40,045 [INFO]    events_event_stts         | 신규   119행 | 누적    350행 | 14컬럼
2026-10-01 14:44:40,045 [INFO]    parking                   | 신규     6행 | 누적     18행 | 21컬럼
2026-10-01 14:44:40,045 [INFO]    parking_prk_stts          | 신규  1832행 | 누적   5496행 | 21컬럼
2026-10-01 14:44:40,045 [INFO]    ppltn                     | 신규   121행 | 누적    363행 | 26컬럼
2026-10-01 14:44:40,045 [INFO]    road                      | 신규   121행 | 누적    363행 | 21컬럼
2026-10-01 14:44:40,045 [INFO]    road_road_traffic_stts    | 신규  5303행 | 누적  15909행 | 17컬럼
2026-10-01 14:44:40,045 [INFO]    subway                    | 신규    38행 | 누적    114행 | 12컬럼
2026-10-01 14:44:40,045 [INFO]    subway_sub_stts           | 신규   183행 | 누적    549행 | 13컬럼
2026-10-01 14:44:40,045 [INFO]    weather                   | 신규   119행 | 누적    357행 | 29컬럼
2026-10-01 14:44:40,046 [INFO] 키별 사용량:
2026-10-01 14:44:40,046 [INFO]    🟢 KEY_1 (31/1000) 
2026-10-01 14:44:40,046 [INFO]    🟢 KEY_2 (30/1000) 
2026-10-01 14:44:40,046 [INFO]    🟢 KEY_3 (30/1000) 
2026-10-01 14:44:40,046 [INFO]    🟢 KEY_4 (30/1000) 
2026-10-01 22:03:57,673 [INFO] 등록된 키: 4개, 합산 한도 4,000건/일
2026-10-01 22:03:57,674 [INFO] POI 로드: 매뉴얼 v8.5 기준 fallback 121개 (121개 전체)
2026-10-01 22:03:57,674 [INFO] === 수집 시작 2026-10-01T22:03:57.674387+09:00 ===
2026-10-01 22:03:57,674 [INFO] 대상 장소: 121개 | API: citydata (통합)
2026-10-01 22:03:57,674 [INFO] 키 풀: 4/4 활성 | 오늘 사용 0/4000건
2026-10-01 22:03:57,674 [INFO]   [KEY_1] 담당 31장소
2026-10-01 22:03:57,674 [INFO]   [KEY_2] 담당 30장소
2026-10-01 22:03:57,674 [INFO]   [KEY_3] 담당 30장소
2026-10-01 22:03:57,674 [INFO]   [KEY_4] 담당 30장소
2026-10-01 22:03:57,674 [INFO] [1/121] 경복궁 (primary=KEY_1)
2026-10-01 22:03:59,394 [INFO] [2/121] 광화문·덕수궁 (primary=KEY_2)
2026-10-01 22:04:01,728 [INFO] [3/121] 보신각 (primary=KEY_3)
2026-10-01 22:04:03,451 [INFO] [4/121] 서울 암사동 유적 (primary=KEY_4)
2026-10-01 22:04:04,439 [INFO] [5/121] 창덕궁·종묘 (primary=KEY_1)
2026-10-01 22:04:05,712 [INFO] [6/121] 강남 MICE 관광특구 (primary=KEY_2)
2026-10-01 22:04:07,706 [INFO] [7/121] 동대문 관광특구 (primary=KEY_3)
2026-10-01 22:04:09,860 [INFO] [8/121] 명동 관광특구 (primary=KEY_4)
2026-10-01 22:04:11,410 [INFO] [9/121] 이태원 관광특구 (primary=KEY_1)
2026-10-01 22:04:13,151 [INFO] [10/121] 잠실 관광특구 (primary=KEY_2)
2026-10-01 22:04:14,624 [INFO] [11/121] 종로·청계 관광특구 (primary=KEY_3)
2026-10-01 22:04:16,128 [INFO] [12/121] 홍대 관광특구 (primary=KEY_4)
2026-10-01 22:04:18,036 [INFO] [13/121] 강서한강공원 (primary=KEY_1)
2026-10-01 22:04:19,030 [INFO] [14/121] 고척돔 (primary=KEY_2)
2026-10-01 22:04:20,712 [INFO] [15/121] 광나루한강공원 (primary=KEY_3)
2026-10-01 22:04:21,846 [INFO] [16/121] 광화문광장 (primary=KEY_4)
2026-10-01 22:04:23,000 [INFO] [17/121] 국립중앙박물관·용산가족공원 (primary=KEY_1)
2026-10-01 22:04:24,025 [INFO] [18/121] 난지한강공원 (primary=KEY_2)
2026-10-01 22:04:25,011 [INFO] [19/121] 남산공원 (primary=KEY_3)
2026-10-01 22:04:26,342 [INFO] [20/121] 노들섬 (primary=KEY_4)
2026-10-01 22:04:27,322 [INFO] [21/121] 뚝섬한강공원 (primary=KEY_1)
2026-10-01 22:04:29,146 [INFO] [22/121] 망원한강공원 (primary=KEY_2)
2026-10-01 22:04:30,286 [INFO] [23/121] 반포한강공원 (primary=KEY_3)
2026-10-01 22:04:31,276 [INFO] [24/121] 보라매공원 (primary=KEY_4)
2026-10-01 22:04:32,262 [INFO] [25/121] 북서울꿈의숲 (primary=KEY_1)
2026-10-01 22:04:33,406 [INFO] [26/121] 서대문독립공원 (primary=KEY_2)
2026-10-01 22:04:34,440 [INFO] [27/121] 서리풀공원·몽마르뜨공원 (primary=KEY_3)
2026-10-01 22:04:35,595 [INFO] [28/121] 서울대공원 (primary=KEY_4)
2026-10-01 22:04:36,583 [INFO] [29/121] 서울숲공원 (primary=KEY_1)
2026-10-01 22:04:37,737 [INFO] [30/121] 송현녹지광장 (primary=KEY_2)
2026-10-01 22:04:38,902 [INFO] [31/121] 아차산 (primary=KEY_3)
2026-10-01 22:04:40,459 [INFO] [32/121] 안양천 (primary=KEY_4)
2026-10-01 22:04:42,156 [INFO] [33/121] 양화한강공원 (primary=KEY_1)
2026-10-01 22:04:43,848 [INFO] [34/121] 어린이대공원 (primary=KEY_2)
2026-10-01 22:04:45,822 [INFO] [35/121] 여의도한강공원 (primary=KEY_3)
2026-10-01 22:04:47,655 [INFO] [36/121] 여의서로 (primary=KEY_4)
2026-10-01 22:04:48,772 [INFO] [37/121] 올림픽공원 (primary=KEY_1)
2026-10-01 22:04:50,657 [INFO] [38/121] 월드컵공원 (primary=KEY_2)
2026-10-01 22:04:51,936 [INFO] [39/121] 응봉산 (primary=KEY_3)
2026-10-01 22:04:53,635 [INFO] [40/121] 이촌한강공원 (primary=KEY_4)
2026-10-01 22:04:54,629 [INFO] [41/121] 잠실종합운동장 (primary=KEY_1)
2026-10-01 22:04:56,208 [INFO] [42/121] 잠실한강공원 (primary=KEY_2)
2026-10-01 22:04:57,212 [INFO] [43/121] 잠원한강공원 (primary=KEY_3)
2026-10-01 22:04:58,203 [INFO] [44/121] 청계산 (primary=KEY_4)
2026-10-01 22:04:59,175 [INFO] [45/121] 홍제폭포 (primary=KEY_1)
2026-10-01 22:05:00,180 [INFO] [46/121] 가락시장 (primary=KEY_2)
2026-10-01 22:05:01,340 [INFO] [47/121] 가로수길 (primary=KEY_3)
2026-10-01 22:05:02,501 [INFO] [48/121] 광장(전통)시장 (primary=KEY_4)
2026-10-01 22:05:03,525 [INFO] [49/121] 김포공항 (primary=KEY_1)
2026-10-01 22:05:04,804 [INFO] [50/121] 남대문시장 (primary=KEY_2)
2026-10-01 22:05:06,478 [INFO] [51/121] 노량진 (primary=KEY_3)
2026-10-01 22:05:07,660 [INFO] [52/121] 덕수궁길·정동길 (primary=KEY_4)
2026-10-01 22:05:09,396 [INFO] [53/121] 북창동 먹자골목 (primary=KEY_1)
2026-10-01 22:05:10,526 [INFO] [54/121] 북촌한옥마을 (primary=KEY_2)
2026-10-01 22:05:11,796 [INFO] [55/121] 서촌 (primary=KEY_3)
2026-10-01 22:05:12,921 [INFO] [56/121] 성수카페거리 (primary=KEY_4)
2026-10-01 22:05:14,235 [INFO] [57/121] 송리단길·호수단길 (primary=KEY_1)
2026-10-01 22:05:15,450 [INFO] [58/121] 신촌 스타광장 (primary=KEY_2)
2026-10-01 22:05:17,182 [INFO] [59/121] 압구정로데오거리 (primary=KEY_3)
2026-10-01 22:05:18,330 [INFO] [60/121] 여의도 (primary=KEY_4)
2026-10-01 22:05:20,063 [INFO] [61/121] 연남동 (primary=KEY_1)
2026-10-01 22:05:21,197 [INFO] [62/121] 영등포 타임스퀘어 (primary=KEY_2)
2026-10-01 22:05:22,344 [INFO] [63/121] 용리단길 (primary=KEY_3)
2026-10-01 22:05:23,364 [INFO] [64/121] 이태원 앤틱가구거리 (primary=KEY_4)
2026-10-01 22:05:24,528 [INFO] [65/121] 익선동 (primary=KEY_1)
2026-10-01 22:05:25,712 [INFO] [66/121] 인사동 (primary=KEY_2)
2026-10-01 22:05:26,992 [INFO] [67/121] 잠실롯데타워·석촌호수 (primary=KEY_3)
2026-10-01 22:05:28,396 [INFO] [68/121] 창동 신경제 중심지 (primary=KEY_4)
2026-10-01 22:05:29,813 [INFO] [69/121] 청담동 명품거리 (primary=KEY_1)
2026-10-01 22:05:30,954 [INFO] [70/121] 청량리 제기동 일대 전통시장 (primary=KEY_2)
2026-10-01 22:05:32,133 [INFO] [71/121] 해방촌·경리단길 (primary=KEY_3)
2026-10-01 22:05:33,135 [INFO] [72/121] DDP(동대문디자인플라자) (primary=KEY_4)
2026-10-01 22:05:34,295 [INFO] [73/121] DMC(디지털미디어시티) (primary=KEY_1)
2026-10-01 22:05:35,722 [INFO] [74/121] 가산디지털단지역 (primary=KEY_2)
2026-10-01 22:05:37,272 [INFO] [75/121] 강남역 (primary=KEY_3)
2026-10-01 22:05:38,575 [INFO] [76/121] 건대입구역 (primary=KEY_4)
2026-10-01 22:05:39,745 [INFO] [77/121] 고덕역 (primary=KEY_1)
2026-10-01 22:05:40,881 [INFO] [78/121] 고속터미널역 (primary=KEY_2)
2026-10-01 22:05:42,033 [INFO] [79/121] 교대역 (primary=KEY_3)
2026-10-01 22:05:43,157 [INFO] [80/121] 구로디지털단지역 (primary=KEY_4)
2026-10-01 22:05:44,578 [INFO] [81/121] 구로역 (primary=KEY_1)
2026-10-01 22:05:45,714 [INFO] [82/121] 군자역 (primary=KEY_2)
2026-10-01 22:05:46,872 [INFO] [83/121] 대림역 (primary=KEY_3)
2026-10-01 22:05:48,063 [INFO] [84/121] 동대문역 (primary=KEY_4)
2026-10-01 22:05:49,228 [INFO] [85/121] 뚝섬역 (primary=KEY_1)
2026-10-01 22:05:50,359 [INFO] [86/121] 미아사거리역 (primary=KEY_2)
2026-10-01 22:05:51,516 [INFO] [87/121] 발산역 (primary=KEY_3)
2026-10-01 22:05:52,943 [INFO] [88/121] 사당역 (primary=KEY_4)
2026-10-01 22:05:54,088 [INFO] [89/121] 삼각지역 (primary=KEY_1)
2026-10-01 22:05:55,229 [INFO] [90/121] 서울대입구역 (primary=KEY_2)
2026-10-01 22:05:56,374 [INFO] [91/121] 서울식물원·마곡나루역 (primary=KEY_3)
2026-10-01 22:05:57,669 [INFO] [92/121] 서울역 (primary=KEY_4)
2026-10-01 22:05:59,033 [INFO] [93/121] 선릉역 (primary=KEY_1)
2026-10-01 22:06:00,505 [INFO] [94/121] 성신여대입구역 (primary=KEY_2)
2026-10-01 22:06:01,720 [INFO] [95/121] 수유역 (primary=KEY_3)
2026-10-01 22:06:02,865 [INFO] [96/121] 숭례문 (primary=KEY_4)
2026-10-01 22:06:03,998 [INFO] [97/121] 시의회 앞 (primary=KEY_1)
2026-10-01 22:06:05,143 [INFO] [98/121] 신논현역·논현역 (primary=KEY_2)
2026-10-01 22:06:06,355 [INFO] [99/121] 신도림역 (primary=KEY_3)
2026-10-01 22:06:07,351 [INFO] [100/121] 신림역 (primary=KEY_4)
2026-10-01 22:06:08,500 [INFO] [101/121] 신정네거리역 (primary=KEY_1)
2026-10-01 22:06:10,930 [INFO] [102/121] 신촌·이대역 (primary=KEY_2)
2026-10-01 22:06:12,048 [INFO] [103/121] 쌍문역 (primary=KEY_3)
2026-10-01 22:06:13,176 [INFO] [104/121] 양재역 (primary=KEY_4)
2026-10-01 22:06:14,346 [INFO] [105/121] 역삼역 (primary=KEY_1)
2026-10-01 22:06:15,620 [INFO] [106/121] 연신내역 (primary=KEY_2)
2026-10-01 22:06:16,632 [INFO] [107/121] 오목교역·목동운동장 (primary=KEY_3)
2026-10-01 22:06:18,210 [INFO] [108/121] 왕십리역 (primary=KEY_4)
2026-10-01 22:06:19,479 [INFO] [109/121] 용산역 (primary=KEY_1)
2026-10-01 22:06:20,738 [INFO] [110/121] 이태원역 (primary=KEY_2)
2026-10-01 22:06:21,741 [INFO] [111/121] 잠실새내역 (primary=KEY_3)
2026-10-01 22:06:22,966 [INFO] [112/121] 잠실역 (primary=KEY_4)
2026-10-01 22:06:24,257 [INFO] [113/121] 장지역 (primary=KEY_1)
2026-10-01 22:06:25,527 [INFO] [114/121] 장한평역 (primary=KEY_2)
2026-10-01 22:06:26,654 [INFO] [115/121] 천호역 (primary=KEY_3)
2026-10-01 22:06:27,931 [INFO] [116/121] 총신대입구(이수)역 (primary=KEY_4)
2026-10-01 22:06:29,093 [INFO] [117/121] 충정로역 (primary=KEY_1)
2026-10-01 22:06:30,236 [INFO] [118/121] 합정역 (primary=KEY_2)
2026-10-01 22:06:31,377 [INFO] [119/121] 혜화역 (primary=KEY_3)
2026-10-01 22:06:32,497 [INFO] [120/121] 홍대입구역(2호선) (primary=KEY_4)
2026-10-01 22:06:33,632 [INFO] [121/121] 회기역 (primary=KEY_1)
2026-10-01 22:06:36,013 [INFO] === 수집 완료 | 성공 121, 실패 0 ===
2026-10-01 22:06:36,013 [INFO] 카테고리별 저장 결과:
2026-10-01 22:06:36,014 [INFO]    accident                  | 신규     6행 | 누적     22행 | 16컬럼
2026-10-01 22:06:36,014 [INFO]    accident_acdnt_cntrl_stts | 신규     7행 | 누적     30행 | 16컬럼
2026-10-01 22:06:36,014 [INFO]    area_meta                 | 신규   121행 | 누적    484행 | 5컬럼
2026-10-01 22:06:36,014 [INFO]    bike                      | 신규    10행 | 누적     40행 | 12컬럼
2026-10-01 22:06:36,014 [INFO]    bike_sbike_stts           | 신규   573행 | 누적   2292행 | 12컬럼
2026-10-01 22:06:36,014 [INFO]    bus                       | 신규     3행 | 누적     12행 | 11컬럼
2026-10-01 22:06:36,014 [INFO]    bus_bus_stn_stts          | 신규  1745행 | 누적   6980행 | 11컬럼
2026-10-01 22:06:36,014 [INFO]    charger                   | 신규     4행 | 누적     16행 | 15컬럼
2026-10-01 22:06:36,014 [INFO]    charger_charger_stts      | 신규  1926행 | 누적   7652행 | 15컬럼
2026-10-01 22:06:36,014 [INFO]    cmrcl                     | 신규    82행 | 누적    328행 | 20컬럼
2026-10-01 22:06:36,014 [INFO]    events                    | 신규    15행 | 누적     59행 | 14컬럼
2026-10-01 22:06:36,014 [INFO]    events_event_stts         | 신규   119행 | 누적    469행 | 14컬럼
2026-10-01 22:06:36,014 [INFO]    parking                   | 신규     6행 | 누적     24행 | 21컬럼
2026-10-01 22:06:36,014 [INFO]    parking_prk_stts          | 신규  1832행 | 누적   7328행 | 21컬럼
2026-10-01 22:06:36,014 [INFO]    ppltn                     | 신규   121행 | 누적    484행 | 26컬럼
2026-10-01 22:06:36,014 [INFO]    road                      | 신규   121행 | 누적    484행 | 21컬럼
2026-10-01 22:06:36,014 [INFO]    road_road_traffic_stts    | 신규  5303행 | 누적  21212행 | 17컬럼
2026-10-01 22:06:36,014 [INFO]    subway                    | 신규    38행 | 누적    152행 | 12컬럼
2026-10-01 22:06:36,014 [INFO]    subway_sub_stts           | 신규   183행 | 누적    732행 | 13컬럼
2026-10-01 22:06:36,014 [INFO]    weather                   | 신규   119행 | 누적    476행 | 29컬럼
2026-10-01 22:06:36,014 [INFO] 키별 사용량:
2026-10-01 22:06:36,014 [INFO]    🟢 KEY_1 (31/1000) 
2026-10-01 22:06:36,014 [INFO]    🟢 KEY_2 (30/1000) 
2026-10-01 22:06:36,014 [INFO]    🟢 KEY_3 (30/1000) 
2026-10-01 22:06:36,014 [INFO]    🟢 KEY_4 (30/1000) 
