2026-09-07 01:57:07,963 [INFO] 등록된 키: 4개, 합산 한도 4,000건/일
2026-09-07 01:57:07,964 [INFO] POI 로드: 매뉴얼 v8.5 기준 fallback 121개 (121개 전체)
2026-09-07 01:57:07,964 [INFO] === 수집 시작 2026-09-07T01:57:07.964693+09:00 ===
2026-09-07 01:57:07,964 [INFO] 대상 장소: 121개 | API: citydata (통합)
2026-09-07 01:57:07,964 [INFO] 키 풀: 4/4 활성 | 오늘 사용 0/4000건
2026-09-07 01:57:07,964 [INFO]   [KEY_1] 담당 31장소
2026-09-07 01:57:07,965 [INFO]   [KEY_2] 담당 30장소
2026-09-07 01:57:07,965 [INFO]   [KEY_3] 담당 30장소
2026-09-07 01:57:07,965 [INFO]   [KEY_4] 담당 30장소
2026-09-07 01:57:07,965 [INFO] [1/121] 경복궁 (primary=KEY_1)
2026-09-07 01:57:09,647 [INFO] [2/121] 광화문·덕수궁 (primary=KEY_2)
2026-09-07 01:57:11,620 [INFO] [3/121] 보신각 (primary=KEY_3)
2026-09-07 01:57:12,878 [INFO] [4/121] 서울 암사동 유적 (primary=KEY_4)
2026-09-07 01:57:13,848 [INFO] [5/121] 창덕궁·종묘 (primary=KEY_1)
2026-09-07 01:57:15,507 [INFO] [6/121] 강남 MICE 관광특구 (primary=KEY_2)
2026-09-07 01:57:16,650 [INFO] [7/121] 동대문 관광특구 (primary=KEY_3)
2026-09-07 01:57:18,073 [INFO] [8/121] 명동 관광특구 (primary=KEY_4)
2026-09-07 01:57:19,531 [INFO] [9/121] 이태원 관광특구 (primary=KEY_1)
2026-09-07 01:57:20,802 [INFO] [10/121] 잠실 관광특구 (primary=KEY_2)
2026-09-07 01:57:22,243 [INFO] [11/121] 종로·청계 관광특구 (primary=KEY_3)
2026-09-07 01:57:24,345 [INFO] [12/121] 홍대 관광특구 (primary=KEY_4)
2026-09-07 01:57:25,780 [INFO] [13/121] 강서한강공원 (primary=KEY_1)
2026-09-07 01:57:26,889 [INFO] [14/121] 고척돔 (primary=KEY_2)
2026-09-07 01:57:27,873 [INFO] [15/121] 광나루한강공원 (primary=KEY_3)
2026-09-07 01:57:28,988 [INFO] [16/121] 광화문광장 (primary=KEY_4)
2026-09-07 01:57:30,121 [INFO] [17/121] 국립중앙박물관·용산가족공원 (primary=KEY_1)
2026-09-07 01:57:31,115 [INFO] [18/121] 난지한강공원 (primary=KEY_2)
2026-09-07 01:57:32,093 [INFO] [19/121] 남산공원 (primary=KEY_3)
2026-09-07 01:57:33,374 [INFO] [20/121] 노들섬 (primary=KEY_4)
2026-09-07 01:57:35,014 [INFO] [21/121] 뚝섬한강공원 (primary=KEY_1)
2026-09-07 01:57:36,140 [INFO] [22/121] 망원한강공원 (primary=KEY_2)
2026-09-07 01:57:38,058 [INFO] [23/121] 반포한강공원 (primary=KEY_3)
2026-09-07 01:57:39,034 [INFO] [24/121] 보라매공원 (primary=KEY_4)
2026-09-07 01:57:40,032 [INFO] [25/121] 북서울꿈의숲 (primary=KEY_1)
2026-09-07 01:57:41,140 [INFO] [26/121] 서대문독립공원 (primary=KEY_2)
2026-09-07 01:57:42,170 [INFO] [27/121] 서리풀공원·몽마르뜨공원 (primary=KEY_3)
2026-09-07 01:57:43,182 [INFO] [28/121] 서울대공원 (primary=KEY_4)
2026-09-07 01:57:44,147 [INFO] [29/121] 서울숲공원 (primary=KEY_1)
2026-09-07 01:57:45,271 [INFO] [30/121] 송현녹지광장 (primary=KEY_2)
2026-09-07 01:57:46,384 [INFO] [31/121] 아차산 (primary=KEY_3)
2026-09-07 01:57:47,357 [INFO] [32/121] 안양천 (primary=KEY_4)
2026-09-07 01:57:48,341 [INFO] [33/121] 양화한강공원 (primary=KEY_1)
2026-09-07 01:57:49,327 [INFO] [34/121] 어린이대공원 (primary=KEY_2)
2026-09-07 01:57:50,451 [INFO] [35/121] 여의도한강공원 (primary=KEY_3)
2026-09-07 01:57:51,692 [INFO] [36/121] 여의서로 (primary=KEY_4)
2026-09-07 01:57:52,793 [INFO] [37/121] 올림픽공원 (primary=KEY_1)
2026-09-07 01:57:53,950 [INFO] [38/121] 월드컵공원 (primary=KEY_2)
2026-09-07 01:57:55,230 [INFO] [39/121] 응봉산 (primary=KEY_3)
2026-09-07 01:57:56,345 [INFO] [40/121] 이촌한강공원 (primary=KEY_4)
2026-09-07 01:57:57,334 [INFO] [41/121] 잠실종합운동장 (primary=KEY_1)
2026-09-07 01:57:58,434 [INFO] [42/121] 잠실한강공원 (primary=KEY_2)
2026-09-07 01:57:59,418 [INFO] [43/121] 잠원한강공원 (primary=KEY_3)
2026-09-07 01:58:00,393 [INFO] [44/121] 청계산 (primary=KEY_4)
2026-09-07 01:58:01,370 [INFO] [45/121] 홍제폭포 (primary=KEY_1)
2026-09-07 01:58:02,340 [INFO] [46/121] 가락시장 (primary=KEY_2)
2026-09-07 01:58:04,178 [INFO] [47/121] 가로수길 (primary=KEY_3)
2026-09-07 01:58:05,340 [INFO] [48/121] 광장(전통)시장 (primary=KEY_4)
2026-09-07 01:58:06,338 [INFO] [49/121] 김포공항 (primary=KEY_1)
2026-09-07 01:58:07,619 [INFO] [50/121] 남대문시장 (primary=KEY_2)
2026-09-07 01:58:08,746 [INFO] [51/121] 노량진 (primary=KEY_3)
2026-09-07 01:58:09,885 [INFO] [52/121] 덕수궁길·정동길 (primary=KEY_4)
2026-09-07 01:58:11,053 [INFO] [53/121] 북창동 먹자골목 (primary=KEY_1)
2026-09-07 01:58:12,166 [INFO] [54/121] 북촌한옥마을 (primary=KEY_2)
2026-09-07 01:58:13,427 [INFO] [55/121] 서촌 (primary=KEY_3)
2026-09-07 01:58:14,542 [INFO] [56/121] 성수카페거리 (primary=KEY_4)
2026-09-07 01:58:15,838 [INFO] [57/121] 송리단길·호수단길 (primary=KEY_1)
2026-09-07 01:58:16,991 [INFO] [58/121] 신촌 스타광장 (primary=KEY_2)
2026-09-07 01:58:17,986 [INFO] [59/121] 압구정로데오거리 (primary=KEY_3)
2026-09-07 01:58:19,114 [INFO] [60/121] 여의도 (primary=KEY_4)
2026-09-07 01:58:20,887 [INFO] [61/121] 연남동 (primary=KEY_1)
2026-09-07 01:58:22,011 [INFO] [62/121] 영등포 타임스퀘어 (primary=KEY_2)
2026-09-07 01:58:23,134 [INFO] [63/121] 용리단길 (primary=KEY_3)
2026-09-07 01:58:24,145 [INFO] [64/121] 이태원 앤틱가구거리 (primary=KEY_4)
2026-09-07 01:58:25,143 [INFO] [65/121] 익선동 (primary=KEY_1)
2026-09-07 01:58:26,282 [INFO] [66/121] 인사동 (primary=KEY_2)
2026-09-07 01:58:27,561 [INFO] [67/121] 잠실롯데타워·석촌호수 (primary=KEY_3)
2026-09-07 01:58:29,015 [INFO] [68/121] 창동 신경제 중심지 (primary=KEY_4)
2026-09-07 01:58:30,477 [INFO] [69/121] 청담동 명품거리 (primary=KEY_1)
2026-09-07 01:58:31,629 [INFO] [70/121] 청량리 제기동 일대 전통시장 (primary=KEY_2)
2026-09-07 01:58:32,764 [INFO] [71/121] 해방촌·경리단길 (primary=KEY_3)
2026-09-07 01:58:33,815 [INFO] [72/121] DDP(동대문디자인플라자) (primary=KEY_4)
2026-09-07 01:58:34,967 [INFO] [73/121] DMC(디지털미디어시티) (primary=KEY_1)
2026-09-07 01:58:36,427 [INFO] [74/121] 가산디지털단지역 (primary=KEY_2)
2026-09-07 01:58:37,988 [INFO] [75/121] 강남역 (primary=KEY_3)
2026-09-07 01:58:39,301 [INFO] [76/121] 건대입구역 (primary=KEY_4)
2026-09-07 01:58:40,449 [INFO] [77/121] 고덕역 (primary=KEY_1)
2026-09-07 01:58:41,584 [INFO] [78/121] 고속터미널역 (primary=KEY_2)
2026-09-07 01:58:42,722 [INFO] [79/121] 교대역 (primary=KEY_3)
2026-09-07 01:58:43,739 [INFO] [80/121] 구로디지털단지역 (primary=KEY_4)
2026-09-07 01:58:45,159 [INFO] [81/121] 구로역 (primary=KEY_1)
2026-09-07 01:58:46,281 [INFO] [82/121] 군자역 (primary=KEY_2)
2026-09-07 01:58:47,309 [INFO] [83/121] 대림역 (primary=KEY_3)
2026-09-07 01:58:48,444 [INFO] [84/121] 동대문역 (primary=KEY_4)
2026-09-07 01:58:49,585 [INFO] [85/121] 뚝섬역 (primary=KEY_1)
2026-09-07 01:58:50,735 [INFO] [86/121] 미아사거리역 (primary=KEY_2)
2026-09-07 01:58:51,894 [INFO] [87/121] 발산역 (primary=KEY_3)
2026-09-07 01:58:53,304 [INFO] [88/121] 사당역 (primary=KEY_4)
2026-09-07 01:58:54,445 [INFO] [89/121] 삼각지역 (primary=KEY_1)
2026-09-07 01:58:55,453 [INFO] [90/121] 서울대입구역 (primary=KEY_2)
2026-09-07 01:58:56,597 [INFO] [91/121] 서울식물원·마곡나루역 (primary=KEY_3)
2026-09-07 01:58:57,883 [INFO] [92/121] 서울역 (primary=KEY_4)
2026-09-07 01:58:59,065 [INFO] [93/121] 선릉역 (primary=KEY_1)
2026-09-07 01:59:00,521 [INFO] [94/121] 성신여대입구역 (primary=KEY_2)
2026-09-07 01:59:01,535 [INFO] [95/121] 수유역 (primary=KEY_3)
2026-09-07 01:59:02,677 [INFO] [96/121] 숭례문 (primary=KEY_4)
2026-09-07 01:59:03,813 [INFO] [97/121] 시의회 앞 (primary=KEY_1)
2026-09-07 01:59:04,951 [INFO] [98/121] 신논현역·논현역 (primary=KEY_2)
2026-09-07 01:59:06,091 [INFO] [99/121] 신도림역 (primary=KEY_3)
2026-09-07 01:59:07,093 [INFO] [100/121] 신림역 (primary=KEY_4)
2026-09-07 01:59:08,110 [INFO] [101/121] 신정네거리역 (primary=KEY_1)
2026-09-07 01:59:09,246 [INFO] [102/121] 신촌·이대역 (primary=KEY_2)
2026-09-07 01:59:10,398 [INFO] [103/121] 쌍문역 (primary=KEY_3)
2026-09-07 01:59:11,539 [INFO] [104/121] 양재역 (primary=KEY_4)
2026-09-07 01:59:12,685 [INFO] [105/121] 역삼역 (primary=KEY_1)
2026-09-07 01:59:13,971 [INFO] [106/121] 연신내역 (primary=KEY_2)
2026-09-07 01:59:14,982 [INFO] [107/121] 오목교역·목동운동장 (primary=KEY_3)
2026-09-07 01:59:16,552 [INFO] [108/121] 왕십리역 (primary=KEY_4)
2026-09-07 01:59:17,712 [INFO] [109/121] 용산역 (primary=KEY_1)
2026-09-07 01:59:19,040 [INFO] [110/121] 이태원역 (primary=KEY_2)
2026-09-07 01:59:20,047 [INFO] [111/121] 잠실새내역 (primary=KEY_3)
2026-09-07 01:59:21,194 [INFO] [112/121] 잠실역 (primary=KEY_4)
2026-09-07 01:59:22,556 [INFO] [113/121] 장지역 (primary=KEY_1)
2026-09-07 01:59:23,828 [INFO] [114/121] 장한평역 (primary=KEY_2)
2026-09-07 01:59:24,968 [INFO] [115/121] 천호역 (primary=KEY_3)
2026-09-07 01:59:26,105 [INFO] [116/121] 총신대입구(이수)역 (primary=KEY_4)
2026-09-07 01:59:27,246 [INFO] [117/121] 충정로역 (primary=KEY_1)
2026-09-07 01:59:28,400 [INFO] [118/121] 합정역 (primary=KEY_2)
2026-09-07 01:59:29,568 [INFO] [119/121] 혜화역 (primary=KEY_3)
2026-09-07 01:59:30,696 [INFO] [120/121] 홍대입구역(2호선) (primary=KEY_4)
2026-09-07 01:59:31,853 [INFO] [121/121] 회기역 (primary=KEY_1)
2026-09-07 01:59:33,443 [INFO] === 수집 완료 | 성공 121, 실패 0 ===
2026-09-07 01:59:33,443 [INFO] 카테고리별 저장 결과:
2026-09-07 01:59:33,443 [INFO]    accident                  | 신규     3행 | 누적      3행 | 16컬럼
2026-09-07 01:59:33,443 [INFO]    area_meta                 | 신규   121행 | 누적    121행 | 5컬럼
2026-09-07 01:59:33,443 [INFO]    bike                      | 신규    10행 | 누적     10행 | 12컬럼
2026-09-07 01:59:33,443 [INFO]    bike_sbike_stts           | 신규   573행 | 누적    573행 | 12컬럼
2026-09-07 01:59:33,443 [INFO]    bus                       | 신규     3행 | 누적      3행 | 11컬럼
2026-09-07 01:59:33,443 [INFO]    bus_bus_stn_stts          | 신규  1745행 | 누적   1745행 | 11컬럼
2026-09-07 01:59:33,443 [INFO]    charger                   | 신규     4행 | 누적      4행 | 15컬럼
2026-09-07 01:59:33,443 [INFO]    charger_charger_stts      | 신규  1924행 | 누적   1924행 | 15컬럼
2026-09-07 01:59:33,443 [INFO]    cmrcl                     | 신규    82행 | 누적     82행 | 20컬럼
2026-09-07 01:59:33,443 [INFO]    events                    | 신규    15행 | 누적     15행 | 14컬럼
2026-09-07 01:59:33,443 [INFO]    events_event_stts         | 신규    96행 | 누적     96행 | 14컬럼
2026-09-07 01:59:33,443 [INFO]    parking                   | 신규     6행 | 누적      6행 | 21컬럼
2026-09-07 01:59:33,443 [INFO]    parking_prk_stts          | 신규  1827행 | 누적   1827행 | 21컬럼
2026-09-07 01:59:33,443 [INFO]    ppltn                     | 신규   121행 | 누적    121행 | 26컬럼
2026-09-07 01:59:33,444 [INFO]    road                      | 신규   121행 | 누적    121행 | 21컬럼
2026-09-07 01:59:33,444 [INFO]    road_road_traffic_stts    | 신규  5294행 | 누적   5294행 | 17컬럼
2026-09-07 01:59:33,444 [INFO]    subway                    | 신규    38행 | 누적     38행 | 12컬럼
2026-09-07 01:59:33,444 [INFO]    subway_sub_stts           | 신규   183행 | 누적    183행 | 13컬럼
2026-09-07 01:59:33,444 [INFO]    weather                   | 신규   119행 | 누적    119행 | 29컬럼
2026-09-07 01:59:33,444 [INFO] 키별 사용량:
2026-09-07 01:59:33,444 [INFO]    🟢 KEY_1 (31/1000) 
2026-09-07 01:59:33,444 [INFO]    🟢 KEY_2 (30/1000) 
2026-09-07 01:59:33,444 [INFO]    🟢 KEY_3 (30/1000) 
2026-09-07 01:59:33,444 [INFO]    🟢 KEY_4 (30/1000) 
2026-09-07 04:05:30,083 [INFO] 등록된 키: 4개, 합산 한도 4,000건/일
2026-09-07 04:05:30,084 [INFO] POI 로드: 매뉴얼 v8.5 기준 fallback 121개 (121개 전체)
2026-09-07 04:05:30,084 [INFO] === 수집 시작 2026-09-07T04:05:30.084120+09:00 ===
2026-09-07 04:05:30,084 [INFO] 대상 장소: 121개 | API: citydata (통합)
2026-09-07 04:05:30,084 [INFO] 키 풀: 4/4 활성 | 오늘 사용 0/4000건
2026-09-07 04:05:30,084 [INFO]   [KEY_1] 담당 31장소
2026-09-07 04:05:30,084 [INFO]   [KEY_2] 담당 30장소
2026-09-07 04:05:30,084 [INFO]   [KEY_3] 담당 30장소
2026-09-07 04:05:30,084 [INFO]   [KEY_4] 담당 30장소
2026-09-07 04:05:30,084 [INFO] [1/121] 경복궁 (primary=KEY_1)
2026-09-07 04:05:31,226 [INFO] [2/121] 광화문·덕수궁 (primary=KEY_2)
2026-09-07 04:05:33,501 [INFO] [3/121] 보신각 (primary=KEY_3)
2026-09-07 04:05:35,422 [INFO] [4/121] 서울 암사동 유적 (primary=KEY_4)
2026-09-07 04:05:36,935 [INFO] [5/121] 창덕궁·종묘 (primary=KEY_1)
2026-09-07 04:05:38,040 [INFO] [6/121] 강남 MICE 관광특구 (primary=KEY_2)
2026-09-07 04:05:39,426 [INFO] [7/121] 동대문 관광특구 (primary=KEY_3)
2026-09-07 04:05:40,873 [INFO] [8/121] 명동 관광특구 (primary=KEY_4)
2026-09-07 04:05:43,134 [INFO] [9/121] 이태원 관광특구 (primary=KEY_1)
2026-09-07 04:05:44,265 [INFO] [10/121] 잠실 관광특구 (primary=KEY_2)
2026-09-07 04:05:45,719 [INFO] [11/121] 종로·청계 관광특구 (primary=KEY_3)
2026-09-07 04:05:47,556 [INFO] [12/121] 홍대 관광특구 (primary=KEY_4)
2026-09-07 04:05:49,521 [INFO] [13/121] 강서한강공원 (primary=KEY_1)
2026-09-07 04:05:50,499 [INFO] [14/121] 고척돔 (primary=KEY_2)
2026-09-07 04:05:51,470 [INFO] [15/121] 광나루한강공원 (primary=KEY_3)
2026-09-07 04:05:52,572 [INFO] [16/121] 광화문광장 (primary=KEY_4)
2026-09-07 04:05:53,831 [INFO] [17/121] 국립중앙박물관·용산가족공원 (primary=KEY_1)
2026-09-07 04:05:55,614 [INFO] [18/121] 난지한강공원 (primary=KEY_2)
2026-09-07 04:05:57,123 [INFO] [19/121] 남산공원 (primary=KEY_3)
2026-09-07 04:05:58,399 [INFO] [20/121] 노들섬 (primary=KEY_4)
2026-09-07 04:05:59,375 [INFO] [21/121] 뚝섬한강공원 (primary=KEY_1)
2026-09-07 04:06:00,371 [INFO] [22/121] 망원한강공원 (primary=KEY_2)
2026-09-07 04:06:01,483 [INFO] [23/121] 반포한강공원 (primary=KEY_3)
2026-09-07 04:06:02,439 [INFO] [24/121] 보라매공원 (primary=KEY_4)
2026-09-07 04:06:04,211 [INFO] [25/121] 북서울꿈의숲 (primary=KEY_1)
2026-09-07 04:06:05,449 [INFO] [26/121] 서대문독립공원 (primary=KEY_2)
2026-09-07 04:06:06,460 [INFO] [27/121] 서리풀공원·몽마르뜨공원 (primary=KEY_3)
2026-09-07 04:06:07,584 [INFO] [28/121] 서울대공원 (primary=KEY_4)
2026-09-07 04:06:08,571 [INFO] [29/121] 서울숲공원 (primary=KEY_1)
2026-09-07 04:06:09,683 [INFO] [30/121] 송현녹지광장 (primary=KEY_2)
2026-09-07 04:06:10,794 [INFO] [31/121] 아차산 (primary=KEY_3)
2026-09-07 04:06:11,915 [INFO] [32/121] 안양천 (primary=KEY_4)
2026-09-07 04:06:12,887 [INFO] [33/121] 양화한강공원 (primary=KEY_1)
2026-09-07 04:06:13,858 [INFO] [34/121] 어린이대공원 (primary=KEY_2)
2026-09-07 04:06:14,976 [INFO] [35/121] 여의도한강공원 (primary=KEY_3)
2026-09-07 04:06:16,084 [INFO] [36/121] 여의서로 (primary=KEY_4)
2026-09-07 04:06:17,182 [INFO] [37/121] 올림픽공원 (primary=KEY_1)
2026-09-07 04:06:18,439 [INFO] [38/121] 월드컵공원 (primary=KEY_2)
2026-09-07 04:06:19,710 [INFO] [39/121] 응봉산 (primary=KEY_3)
2026-09-07 04:06:20,810 [INFO] [40/121] 이촌한강공원 (primary=KEY_4)
2026-09-07 04:06:21,784 [INFO] [41/121] 잠실종합운동장 (primary=KEY_1)
2026-09-07 04:06:22,764 [INFO] [42/121] 잠실한강공원 (primary=KEY_2)
2026-09-07 04:06:23,737 [INFO] [43/121] 잠원한강공원 (primary=KEY_3)
2026-09-07 04:06:24,778 [INFO] [44/121] 청계산 (primary=KEY_4)
2026-09-07 04:06:25,877 [INFO] [45/121] 홍제폭포 (primary=KEY_1)
2026-09-07 04:06:26,841 [INFO] [46/121] 가락시장 (primary=KEY_2)
2026-09-07 04:06:27,977 [INFO] [47/121] 가로수길 (primary=KEY_3)
2026-09-07 04:06:29,121 [INFO] [48/121] 광장(전통)시장 (primary=KEY_4)
2026-09-07 04:06:30,109 [INFO] [49/121] 김포공항 (primary=KEY_1)
2026-09-07 04:06:31,578 [INFO] [50/121] 남대문시장 (primary=KEY_2)
2026-09-07 04:06:32,708 [INFO] [51/121] 노량진 (primary=KEY_3)
2026-09-07 04:06:33,832 [INFO] [52/121] 덕수궁길·정동길 (primary=KEY_4)
2026-09-07 04:06:34,996 [INFO] [53/121] 북창동 먹자골목 (primary=KEY_1)
2026-09-07 04:06:36,108 [INFO] [54/121] 북촌한옥마을 (primary=KEY_2)
2026-09-07 04:06:37,365 [INFO] [55/121] 서촌 (primary=KEY_3)
2026-09-07 04:06:38,478 [INFO] [56/121] 성수카페거리 (primary=KEY_4)
2026-09-07 04:06:39,764 [INFO] [57/121] 송리단길·호수단길 (primary=KEY_1)
2026-09-07 04:06:40,912 [INFO] [58/121] 신촌 스타광장 (primary=KEY_2)
2026-09-07 04:06:41,903 [INFO] [59/121] 압구정로데오거리 (primary=KEY_3)
2026-09-07 04:06:43,058 [INFO] [60/121] 여의도 (primary=KEY_4)
2026-09-07 04:06:44,820 [INFO] [61/121] 연남동 (primary=KEY_1)
2026-09-07 04:06:45,946 [INFO] [62/121] 영등포 타임스퀘어 (primary=KEY_2)
2026-09-07 04:06:47,065 [INFO] [63/121] 용리단길 (primary=KEY_3)
2026-09-07 04:06:48,062 [INFO] [64/121] 이태원 앤틱가구거리 (primary=KEY_4)
2026-09-07 04:06:49,067 [INFO] [65/121] 익선동 (primary=KEY_1)
2026-09-07 04:06:50,242 [INFO] [66/121] 인사동 (primary=KEY_2)
2026-09-07 04:06:51,503 [INFO] [67/121] 잠실롯데타워·석촌호수 (primary=KEY_3)
2026-09-07 04:06:52,900 [INFO] [68/121] 창동 신경제 중심지 (primary=KEY_4)
2026-09-07 04:06:54,333 [INFO] [69/121] 청담동 명품거리 (primary=KEY_1)
2026-09-07 04:06:55,452 [INFO] [70/121] 청량리 제기동 일대 전통시장 (primary=KEY_2)
2026-09-07 04:06:56,586 [INFO] [71/121] 해방촌·경리단길 (primary=KEY_3)
2026-09-07 04:06:57,603 [INFO] [72/121] DDP(동대문디자인플라자) (primary=KEY_4)
2026-09-07 04:06:58,739 [INFO] [73/121] DMC(디지털미디어시티) (primary=KEY_1)
2026-09-07 04:07:00,154 [INFO] [74/121] 가산디지털단지역 (primary=KEY_2)
2026-09-07 04:07:01,696 [INFO] [75/121] 강남역 (primary=KEY_3)
2026-09-07 04:07:02,988 [INFO] [76/121] 건대입구역 (primary=KEY_4)
2026-09-07 04:07:04,131 [INFO] [77/121] 고덕역 (primary=KEY_1)
2026-09-07 04:07:05,272 [INFO] [78/121] 고속터미널역 (primary=KEY_2)
2026-09-07 04:07:06,436 [INFO] [79/121] 교대역 (primary=KEY_3)
2026-09-07 04:07:07,465 [INFO] [80/121] 구로디지털단지역 (primary=KEY_4)
2026-09-07 04:07:08,860 [INFO] [81/121] 구로역 (primary=KEY_1)
2026-09-07 04:07:09,979 [INFO] [82/121] 군자역 (primary=KEY_2)
2026-09-07 04:07:11,015 [INFO] [83/121] 대림역 (primary=KEY_3)
2026-09-07 04:07:12,166 [INFO] [84/121] 동대문역 (primary=KEY_4)
2026-09-07 04:07:13,303 [INFO] [85/121] 뚝섬역 (primary=KEY_1)
2026-09-07 04:07:14,442 [INFO] [86/121] 미아사거리역 (primary=KEY_2)
2026-09-07 04:07:15,558 [INFO] [87/121] 발산역 (primary=KEY_3)
2026-09-07 04:07:16,960 [INFO] [88/121] 사당역 (primary=KEY_4)
2026-09-07 04:07:18,089 [INFO] [89/121] 삼각지역 (primary=KEY_1)
2026-09-07 04:07:19,082 [INFO] [90/121] 서울대입구역 (primary=KEY_2)
2026-09-07 04:07:20,219 [INFO] [91/121] 서울식물원·마곡나루역 (primary=KEY_3)
2026-09-07 04:07:21,488 [INFO] [92/121] 서울역 (primary=KEY_4)
2026-09-07 04:07:22,669 [INFO] [93/121] 선릉역 (primary=KEY_1)
2026-09-07 04:07:24,087 [INFO] [94/121] 성신여대입구역 (primary=KEY_2)
2026-09-07 04:07:25,096 [INFO] [95/121] 수유역 (primary=KEY_3)
2026-09-07 04:07:26,236 [INFO] [96/121] 숭례문 (primary=KEY_4)
2026-09-07 04:07:27,365 [INFO] [97/121] 시의회 앞 (primary=KEY_1)
2026-09-07 04:07:28,507 [INFO] [98/121] 신논현역·논현역 (primary=KEY_2)
2026-09-07 04:07:29,674 [INFO] [99/121] 신도림역 (primary=KEY_3)
2026-09-07 04:07:30,681 [INFO] [100/121] 신림역 (primary=KEY_4)
2026-09-07 04:07:31,679 [INFO] [101/121] 신정네거리역 (primary=KEY_1)
2026-09-07 04:07:32,802 [INFO] [102/121] 신촌·이대역 (primary=KEY_2)
2026-09-07 04:07:33,926 [INFO] [103/121] 쌍문역 (primary=KEY_3)
2026-09-07 04:07:35,054 [INFO] [104/121] 양재역 (primary=KEY_4)
2026-09-07 04:07:36,190 [INFO] [105/121] 역삼역 (primary=KEY_1)
2026-09-07 04:07:37,456 [INFO] [106/121] 연신내역 (primary=KEY_2)
2026-09-07 04:07:38,463 [INFO] [107/121] 오목교역·목동운동장 (primary=KEY_3)
2026-09-07 04:07:40,006 [INFO] [108/121] 왕십리역 (primary=KEY_4)
2026-09-07 04:07:41,152 [INFO] [109/121] 용산역 (primary=KEY_1)
2026-09-07 04:07:42,420 [INFO] [110/121] 이태원역 (primary=KEY_2)
2026-09-07 04:07:43,418 [INFO] [111/121] 잠실새내역 (primary=KEY_3)
2026-09-07 04:07:44,545 [INFO] [112/121] 잠실역 (primary=KEY_4)
2026-09-07 04:07:45,878 [INFO] [113/121] 장지역 (primary=KEY_1)
2026-09-07 04:07:47,151 [INFO] [114/121] 장한평역 (primary=KEY_2)
2026-09-07 04:07:48,268 [INFO] [115/121] 천호역 (primary=KEY_3)
2026-09-07 04:07:49,400 [INFO] [116/121] 총신대입구(이수)역 (primary=KEY_4)
2026-09-07 04:07:50,531 [INFO] [117/121] 충정로역 (primary=KEY_1)
2026-09-07 04:07:51,689 [INFO] [118/121] 합정역 (primary=KEY_2)
2026-09-07 04:07:52,841 [INFO] [119/121] 혜화역 (primary=KEY_3)
2026-09-07 04:07:53,970 [INFO] [120/121] 홍대입구역(2호선) (primary=KEY_4)
2026-09-07 04:07:55,102 [INFO] [121/121] 회기역 (primary=KEY_1)
2026-09-07 04:07:56,973 [INFO] === 수집 완료 | 성공 121, 실패 0 ===
2026-09-07 04:07:56,973 [INFO] 카테고리별 저장 결과:
2026-09-07 04:07:56,973 [INFO]    accident                  | 신규     3행 | 누적      6행 | 16컬럼
2026-09-07 04:07:56,973 [INFO]    area_meta                 | 신규   121행 | 누적    242행 | 5컬럼
2026-09-07 04:07:56,973 [INFO]    bike                      | 신규    10행 | 누적     20행 | 12컬럼
2026-09-07 04:07:56,973 [INFO]    bike_sbike_stts           | 신규   573행 | 누적   1146행 | 12컬럼
2026-09-07 04:07:56,973 [INFO]    bus                       | 신규     3행 | 누적      6행 | 11컬럼
2026-09-07 04:07:56,973 [INFO]    bus_bus_stn_stts          | 신규  1745행 | 누적   3490행 | 11컬럼
2026-09-07 04:07:56,973 [INFO]    charger                   | 신규     4행 | 누적      8행 | 15컬럼
2026-09-07 04:07:56,973 [INFO]    charger_charger_stts      | 신규  1924행 | 누적   3822행 | 15컬럼
2026-09-07 04:07:56,973 [INFO]    cmrcl                     | 신규    82행 | 누적    164행 | 20컬럼
2026-09-07 04:07:56,974 [INFO]    events                    | 신규    15행 | 누적     30행 | 14컬럼
2026-09-07 04:07:56,974 [INFO]    events_event_stts         | 신규    96행 | 누적    192행 | 14컬럼
2026-09-07 04:07:56,974 [INFO]    parking                   | 신규     6행 | 누적     12행 | 21컬럼
2026-09-07 04:07:56,974 [INFO]    parking_prk_stts          | 신규  1827행 | 누적   3654행 | 21컬럼
2026-09-07 04:07:56,974 [INFO]    ppltn                     | 신규   121행 | 누적    242행 | 26컬럼
2026-09-07 04:07:56,974 [INFO]    road                      | 신규   121행 | 누적    242행 | 21컬럼
2026-09-07 04:07:56,974 [INFO]    road_road_traffic_stts    | 신규  5294행 | 누적  10588행 | 17컬럼
2026-09-07 04:07:56,974 [INFO]    subway                    | 신규    38행 | 누적     76행 | 12컬럼
2026-09-07 04:07:56,974 [INFO]    subway_sub_stts           | 신규   183행 | 누적    366행 | 13컬럼
2026-09-07 04:07:56,974 [INFO]    weather                   | 신규   119행 | 누적    238행 | 29컬럼
2026-09-07 04:07:56,974 [INFO] 키별 사용량:
2026-09-07 04:07:56,974 [INFO]    🟢 KEY_1 (31/1000) 
2026-09-07 04:07:56,974 [INFO]    🟢 KEY_2 (30/1000) 
2026-09-07 04:07:56,974 [INFO]    🟢 KEY_3 (30/1000) 
2026-09-07 04:07:56,974 [INFO]    🟢 KEY_4 (30/1000) 
