2026-07-22 01:39:12,504 [INFO] 등록된 키: 4개, 합산 한도 4,000건/일
2026-07-22 01:39:12,505 [INFO] POI 로드: 매뉴얼 v8.5 기준 fallback 121개 (121개 전체)
2026-07-22 01:39:12,505 [INFO] === 수집 시작 2026-07-22T01:39:12.505424+09:00 ===
2026-07-22 01:39:12,505 [INFO] 대상 장소: 121개 | API: citydata (통합)
2026-07-22 01:39:12,505 [INFO] 키 풀: 4/4 활성 | 오늘 사용 0/4000건
2026-07-22 01:39:12,505 [INFO]   [KEY_1] 담당 31장소
2026-07-22 01:39:12,505 [INFO]   [KEY_2] 담당 30장소
2026-07-22 01:39:12,505 [INFO]   [KEY_3] 담당 30장소
2026-07-22 01:39:12,505 [INFO]   [KEY_4] 담당 30장소
2026-07-22 01:39:12,505 [INFO] [1/121] 경복궁 (primary=KEY_1)
2026-07-22 01:39:14,575 [INFO] [2/121] 광화문·덕수궁 (primary=KEY_2)
2026-07-22 01:39:16,135 [INFO] [3/121] 보신각 (primary=KEY_3)
2026-07-22 01:39:18,007 [INFO] [4/121] 서울 암사동 유적 (primary=KEY_4)
2026-07-22 01:39:19,883 [INFO] [5/121] 창덕궁·종묘 (primary=KEY_1)
2026-07-22 01:39:21,916 [INFO] [6/121] 강남 MICE 관광특구 (primary=KEY_2)
2026-07-22 01:39:23,802 [INFO] [7/121] 동대문 관광특구 (primary=KEY_3)
2026-07-22 01:39:25,956 [INFO] [8/121] 명동 관광특구 (primary=KEY_4)
2026-07-22 01:39:28,238 [INFO] [9/121] 이태원 관광특구 (primary=KEY_1)
2026-07-22 01:39:30,469 [INFO] [10/121] 잠실 관광특구 (primary=KEY_2)
2026-07-22 01:39:32,734 [INFO] [11/121] 종로·청계 관광특구 (primary=KEY_3)
2026-07-22 01:39:35,011 [INFO] [12/121] 홍대 관광특구 (primary=KEY_4)
2026-07-22 01:39:37,275 [INFO] [13/121] 강서한강공원 (primary=KEY_1)
2026-07-22 01:39:38,327 [INFO] [14/121] 고척돔 (primary=KEY_2)
2026-07-22 01:39:39,375 [INFO] [15/121] 광나루한강공원 (primary=KEY_3)
2026-07-22 01:39:41,421 [INFO] [16/121] 광화문광장 (primary=KEY_4)
2026-07-22 01:39:43,495 [INFO] [17/121] 국립중앙박물관·용산가족공원 (primary=KEY_1)
2026-07-22 01:39:45,387 [INFO] [18/121] 난지한강공원 (primary=KEY_2)
2026-07-22 01:39:46,433 [INFO] [19/121] 남산공원 (primary=KEY_3)
2026-07-22 01:39:47,843 [INFO] [20/121] 노들섬 (primary=KEY_4)
2026-07-22 01:39:48,891 [INFO] [21/121] 뚝섬한강공원 (primary=KEY_1)
2026-07-22 01:39:49,950 [INFO] [22/121] 망원한강공원 (primary=KEY_2)
2026-07-22 01:39:51,174 [INFO] [23/121] 반포한강공원 (primary=KEY_3)
2026-07-22 01:39:52,245 [INFO] [24/121] 보라매공원 (primary=KEY_4)
2026-07-22 01:39:53,316 [INFO] [25/121] 북서울꿈의숲 (primary=KEY_1)
2026-07-22 01:39:54,536 [INFO] [26/121] 서대문독립공원 (primary=KEY_2)
2026-07-22 01:39:55,637 [INFO] [27/121] 서리풀공원·몽마르뜨공원 (primary=KEY_3)
2026-07-22 01:39:56,902 [INFO] [28/121] 서울대공원 (primary=KEY_4)
2026-07-22 01:39:57,950 [INFO] [29/121] 서울숲공원 (primary=KEY_1)
2026-07-22 01:40:00,026 [INFO] [30/121] 송현녹지광장 (primary=KEY_2)
2026-07-22 01:40:01,249 [INFO] [31/121] 아차산 (primary=KEY_3)
2026-07-22 01:40:03,119 [INFO] [32/121] 안양천 (primary=KEY_4)
2026-07-22 01:40:04,169 [INFO] [33/121] 양화한강공원 (primary=KEY_1)
2026-07-22 01:40:05,212 [INFO] [34/121] 어린이대공원 (primary=KEY_2)
2026-07-22 01:40:07,111 [INFO] [35/121] 여의도한강공원 (primary=KEY_3)
2026-07-22 01:40:08,318 [INFO] [36/121] 여의서로 (primary=KEY_4)
2026-07-22 01:40:10,489 [INFO] [37/121] 올림픽공원 (primary=KEY_1)
2026-07-22 01:40:11,726 [INFO] [38/121] 월드컵공원 (primary=KEY_2)
2026-07-22 01:40:13,121 [INFO] [39/121] 응봉산 (primary=KEY_3)
2026-07-22 01:40:14,335 [INFO] [40/121] 이촌한강공원 (primary=KEY_4)
2026-07-22 01:40:16,170 [INFO] [41/121] 잠실종합운동장 (primary=KEY_1)
2026-07-22 01:40:17,226 [INFO] [42/121] 잠실한강공원 (primary=KEY_2)
2026-07-22 01:40:18,281 [INFO] [43/121] 잠원한강공원 (primary=KEY_3)
2026-07-22 01:40:19,326 [INFO] [44/121] 청계산 (primary=KEY_4)
2026-07-22 01:40:20,376 [INFO] [45/121] 홍제폭포 (primary=KEY_1)
2026-07-22 01:40:21,420 [INFO] [46/121] 가락시장 (primary=KEY_2)
2026-07-22 01:40:22,645 [INFO] [47/121] 가로수길 (primary=KEY_3)
2026-07-22 01:40:23,878 [INFO] [48/121] 광장(전통)시장 (primary=KEY_4)
2026-07-22 01:40:24,929 [INFO] [49/121] 김포공항 (primary=KEY_1)
2026-07-22 01:40:26,986 [INFO] [50/121] 남대문시장 (primary=KEY_2)
2026-07-22 01:40:28,211 [INFO] [51/121] 노량진 (primary=KEY_3)
2026-07-22 01:40:29,429 [INFO] [52/121] 덕수궁길·정동길 (primary=KEY_4)
2026-07-22 01:40:30,655 [INFO] [53/121] 북창동 먹자골목 (primary=KEY_1)
2026-07-22 01:40:31,865 [INFO] [54/121] 북촌한옥마을 (primary=KEY_2)
2026-07-22 01:40:33,247 [INFO] [55/121] 서촌 (primary=KEY_3)
2026-07-22 01:40:34,489 [INFO] [56/121] 성수카페거리 (primary=KEY_4)
2026-07-22 01:40:35,872 [INFO] [57/121] 송리단길·호수단길 (primary=KEY_1)
2026-07-22 01:40:37,104 [INFO] [58/121] 신촌 스타광장 (primary=KEY_2)
2026-07-22 01:40:38,161 [INFO] [59/121] 압구정로데오거리 (primary=KEY_3)
2026-07-22 01:40:39,385 [INFO] [60/121] 여의도 (primary=KEY_4)
2026-07-22 01:40:41,323 [INFO] [61/121] 연남동 (primary=KEY_1)
2026-07-22 01:40:42,555 [INFO] [62/121] 영등포 타임스퀘어 (primary=KEY_2)
2026-07-22 01:40:43,770 [INFO] [63/121] 용리단길 (primary=KEY_3)
2026-07-22 01:40:44,839 [INFO] [64/121] 이태원 앤틱가구거리 (primary=KEY_4)
2026-07-22 01:40:45,907 [INFO] [65/121] 익선동 (primary=KEY_1)
2026-07-22 01:40:47,135 [INFO] [66/121] 인사동 (primary=KEY_2)
2026-07-22 01:40:48,511 [INFO] [67/121] 잠실롯데타워·석촌호수 (primary=KEY_3)
2026-07-22 01:40:50,106 [INFO] [68/121] 창동 신경제 중심지 (primary=KEY_4)
2026-07-22 01:40:51,676 [INFO] [69/121] 청담동 명품거리 (primary=KEY_1)
2026-07-22 01:40:52,895 [INFO] [70/121] 청량리 제기동 일대 전통시장 (primary=KEY_2)
2026-07-22 01:40:54,123 [INFO] [71/121] 해방촌·경리단길 (primary=KEY_3)
2026-07-22 01:40:55,181 [INFO] [72/121] DDP(동대문디자인플라자) (primary=KEY_4)
2026-07-22 01:40:56,466 [INFO] [73/121] DMC(디지털미디어시티) (primary=KEY_1)
2026-07-22 01:40:58,077 [INFO] [74/121] 가산디지털단지역 (primary=KEY_2)
2026-07-22 01:40:59,814 [INFO] [75/121] 강남역 (primary=KEY_3)
2026-07-22 01:41:01,225 [INFO] [76/121] 건대입구역 (primary=KEY_4)
2026-07-22 01:41:02,457 [INFO] [77/121] 고덕역 (primary=KEY_1)
2026-07-22 01:41:03,687 [INFO] [78/121] 고속터미널역 (primary=KEY_2)
2026-07-22 01:41:04,940 [INFO] [79/121] 교대역 (primary=KEY_3)
2026-07-22 01:41:06,007 [INFO] [80/121] 구로디지털단지역 (primary=KEY_4)
2026-07-22 01:41:08,516 [INFO] [81/121] 구로역 (primary=KEY_1)
2026-07-22 01:41:10,535 [INFO] [82/121] 군자역 (primary=KEY_2)
2026-07-22 01:41:12,328 [INFO] [83/121] 대림역 (primary=KEY_3)
2026-07-22 01:41:14,194 [INFO] [84/121] 동대문역 (primary=KEY_4)
2026-07-22 01:41:15,411 [INFO] [85/121] 뚝섬역 (primary=KEY_1)
2026-07-22 01:41:16,632 [INFO] [86/121] 미아사거리역 (primary=KEY_2)
2026-07-22 01:41:18,696 [INFO] [87/121] 발산역 (primary=KEY_3)
2026-07-22 01:41:20,127 [INFO] [88/121] 사당역 (primary=KEY_4)
2026-07-22 01:41:22,008 [INFO] [89/121] 삼각지역 (primary=KEY_1)
2026-07-22 01:41:24,026 [INFO] [90/121] 서울대입구역 (primary=KEY_2)
2026-07-22 01:41:25,250 [INFO] [91/121] 서울식물원·마곡나루역 (primary=KEY_3)
2026-07-22 01:41:27,337 [INFO] [92/121] 서울역 (primary=KEY_4)
2026-07-22 01:41:29,439 [INFO] [93/121] 선릉역 (primary=KEY_1)
2026-07-22 01:41:31,015 [INFO] [94/121] 성신여대입구역 (primary=KEY_2)
2026-07-22 01:41:32,089 [INFO] [95/121] 수유역 (primary=KEY_3)
2026-07-22 01:41:33,323 [INFO] [96/121] 숭례문 (primary=KEY_4)
2026-07-22 01:41:35,569 [INFO] [97/121] 시의회 앞 (primary=KEY_1)
2026-07-22 01:41:37,365 [INFO] [98/121] 신논현역·논현역 (primary=KEY_2)
2026-07-22 01:41:39,207 [INFO] [99/121] 신도림역 (primary=KEY_3)
2026-07-22 01:41:40,913 [INFO] [100/121] 신림역 (primary=KEY_4)
2026-07-22 01:41:41,990 [INFO] [101/121] 신정네거리역 (primary=KEY_1)
2026-07-22 01:41:43,949 [INFO] [102/121] 신촌·이대역 (primary=KEY_2)
2026-07-22 01:41:45,831 [INFO] [103/121] 쌍문역 (primary=KEY_3)
2026-07-22 01:41:47,049 [INFO] [104/121] 양재역 (primary=KEY_4)
2026-07-22 01:41:48,277 [INFO] [105/121] 역삼역 (primary=KEY_1)
2026-07-22 01:41:50,653 [INFO] [106/121] 연신내역 (primary=KEY_2)
2026-07-22 01:41:51,734 [INFO] [107/121] 오목교역·목동운동장 (primary=KEY_3)
2026-07-22 01:41:53,470 [INFO] [108/121] 왕십리역 (primary=KEY_4)
2026-07-22 01:41:55,708 [INFO] [109/121] 용산역 (primary=KEY_1)
2026-07-22 01:41:57,101 [INFO] [110/121] 이태원역 (primary=KEY_2)
2026-07-22 01:41:59,135 [INFO] [111/121] 잠실새내역 (primary=KEY_3)
2026-07-22 01:42:00,359 [INFO] [112/121] 잠실역 (primary=KEY_4)
2026-07-22 01:42:01,757 [INFO] [113/121] 장지역 (primary=KEY_1)
2026-07-22 01:42:08,227 [INFO] [114/121] 장한평역 (primary=KEY_2)
2026-07-22 01:42:09,444 [INFO] [115/121] 천호역 (primary=KEY_3)
2026-07-22 01:42:10,667 [INFO] [116/121] 총신대입구(이수)역 (primary=KEY_4)
2026-07-22 01:42:11,887 [INFO] [117/121] 충정로역 (primary=KEY_1)
2026-07-22 01:42:13,116 [INFO] [118/121] 합정역 (primary=KEY_2)
2026-07-22 01:42:14,338 [INFO] [119/121] 혜화역 (primary=KEY_3)
2026-07-22 01:42:15,567 [INFO] [120/121] 홍대입구역(2호선) (primary=KEY_4)
2026-07-22 01:42:16,798 [INFO] [121/121] 회기역 (primary=KEY_1)
2026-07-22 01:42:18,385 [INFO] === 수집 완료 | 성공 121, 실패 0 ===
2026-07-22 01:42:18,385 [INFO] 카테고리별 저장 결과:
2026-07-22 01:42:18,385 [INFO]    accident                  | 신규     3행 | 누적      3행 | 16컬럼
2026-07-22 01:42:18,385 [INFO]    area_meta                 | 신규   121행 | 누적    121행 | 5컬럼
2026-07-22 01:42:18,385 [INFO]    bike                      | 신규    11행 | 누적     11행 | 12컬럼
2026-07-22 01:42:18,385 [INFO]    bike_sbike_stts           | 신규   570행 | 누적    570행 | 12컬럼
2026-07-22 01:42:18,385 [INFO]    bus                       | 신규     3행 | 누적      3행 | 11컬럼
2026-07-22 01:42:18,385 [INFO]    bus_bus_stn_stts          | 신규  1745행 | 누적   1745행 | 11컬럼
2026-07-22 01:42:18,385 [INFO]    charger                   | 신규     4행 | 누적      4행 | 15컬럼
2026-07-22 01:42:18,385 [INFO]    charger_charger_stts      | 신규  1918행 | 누적   1918행 | 15컬럼
2026-07-22 01:42:18,385 [INFO]    cmrcl                     | 신규    82행 | 누적     82행 | 20컬럼
2026-07-22 01:42:18,385 [INFO]    events                    | 신규    10행 | 누적     10행 | 14컬럼
2026-07-22 01:42:18,385 [INFO]    events_event_stts         | 신규   130행 | 누적    130행 | 14컬럼
2026-07-22 01:42:18,385 [INFO]    parking                   | 신규     6행 | 누적      6행 | 21컬럼
2026-07-22 01:42:18,385 [INFO]    parking_prk_stts          | 신규  1834행 | 누적   1834행 | 21컬럼
2026-07-22 01:42:18,385 [INFO]    ppltn                     | 신규   121행 | 누적    121행 | 26컬럼
2026-07-22 01:42:18,385 [INFO]    road                      | 신규   121행 | 누적    121행 | 21컬럼
2026-07-22 01:42:18,385 [INFO]    road_road_traffic_stts    | 신규  5272행 | 누적   5272행 | 17컬럼
2026-07-22 01:42:18,385 [INFO]    subway                    | 신규    38행 | 누적     38행 | 12컬럼
2026-07-22 01:42:18,386 [INFO]    subway_sub_stts           | 신규   183행 | 누적    183행 | 13컬럼
2026-07-22 01:42:18,386 [INFO]    weather                   | 신규   119행 | 누적    119행 | 29컬럼
2026-07-22 01:42:18,386 [INFO] 키별 사용량:
2026-07-22 01:42:18,386 [INFO]    🟢 KEY_1 (31/1000) 
2026-07-22 01:42:18,386 [INFO]    🟢 KEY_2 (30/1000) 
2026-07-22 01:42:18,386 [INFO]    🟢 KEY_3 (30/1000) 
2026-07-22 01:42:18,386 [INFO]    🟢 KEY_4 (30/1000) 
