2026-09-22 04:20:32,272 [INFO] 등록된 키: 4개, 합산 한도 4,000건/일
2026-09-22 04:20:32,272 [INFO] POI 로드: 매뉴얼 v8.5 기준 fallback 121개 (121개 전체)
2026-09-22 04:20:32,272 [INFO] === 수집 시작 2026-09-22T04:20:32.272731+09:00 ===
2026-09-22 04:20:32,272 [INFO] 대상 장소: 121개 | API: citydata (통합)
2026-09-22 04:20:32,272 [INFO] 키 풀: 4/4 활성 | 오늘 사용 0/4000건
2026-09-22 04:20:32,272 [INFO]   [KEY_1] 담당 31장소
2026-09-22 04:20:32,272 [INFO]   [KEY_2] 담당 30장소
2026-09-22 04:20:32,273 [INFO]   [KEY_3] 담당 30장소
2026-09-22 04:20:32,273 [INFO]   [KEY_4] 담당 30장소
2026-09-22 04:20:32,273 [INFO] [1/121] 경복궁 (primary=KEY_1)
2026-09-22 04:20:34,105 [INFO] [2/121] 광화문·덕수궁 (primary=KEY_2)
2026-09-22 04:20:36,314 [INFO] [3/121] 보신각 (primary=KEY_3)
2026-09-22 04:20:37,428 [INFO] [4/121] 서울 암사동 유적 (primary=KEY_4)
2026-09-22 04:20:38,531 [INFO] [5/121] 창덕궁·종묘 (primary=KEY_1)
2026-09-22 04:20:40,297 [INFO] [6/121] 강남 MICE 관광특구 (primary=KEY_2)
2026-09-22 04:20:42,230 [INFO] [7/121] 동대문 관광특구 (primary=KEY_3)
2026-09-22 04:20:43,520 [INFO] [8/121] 명동 관광특구 (primary=KEY_4)
2026-09-22 04:20:45,644 [INFO] [9/121] 이태원 관광특구 (primary=KEY_1)
2026-09-22 04:20:46,786 [INFO] [10/121] 잠실 관광특구 (primary=KEY_2)
2026-09-22 04:20:48,904 [INFO] [11/121] 종로·청계 관광특구 (primary=KEY_3)
2026-09-22 04:20:50,202 [INFO] [12/121] 홍대 관광특구 (primary=KEY_4)
2026-09-22 04:20:51,515 [INFO] [13/121] 강서한강공원 (primary=KEY_1)
2026-09-22 04:20:53,326 [INFO] [14/121] 고척돔 (primary=KEY_2)
2026-09-22 04:20:54,296 [INFO] [15/121] 광나루한강공원 (primary=KEY_3)
2026-09-22 04:20:55,406 [INFO] [16/121] 광화문광장 (primary=KEY_4)
2026-09-22 04:20:56,527 [INFO] [17/121] 국립중앙박물관·용산가족공원 (primary=KEY_1)
2026-09-22 04:20:58,047 [INFO] [18/121] 난지한강공원 (primary=KEY_2)
2026-09-22 04:20:59,022 [INFO] [19/121] 남산공원 (primary=KEY_3)
2026-09-22 04:21:00,299 [INFO] [20/121] 노들섬 (primary=KEY_4)
2026-09-22 04:21:01,255 [INFO] [21/121] 뚝섬한강공원 (primary=KEY_1)
2026-09-22 04:21:02,219 [INFO] [22/121] 망원한강공원 (primary=KEY_2)
2026-09-22 04:21:03,328 [INFO] [23/121] 반포한강공원 (primary=KEY_3)
2026-09-22 04:21:04,296 [INFO] [24/121] 보라매공원 (primary=KEY_4)
2026-09-22 04:21:05,271 [INFO] [25/121] 북서울꿈의숲 (primary=KEY_1)
2026-09-22 04:21:06,366 [INFO] [26/121] 서대문독립공원 (primary=KEY_2)
2026-09-22 04:21:07,367 [INFO] [27/121] 서리풀공원·몽마르뜨공원 (primary=KEY_3)
2026-09-22 04:21:08,370 [INFO] [28/121] 서울대공원 (primary=KEY_4)
2026-09-22 04:21:09,332 [INFO] [29/121] 서울숲공원 (primary=KEY_1)
2026-09-22 04:21:10,445 [INFO] [30/121] 송현녹지광장 (primary=KEY_2)
2026-09-22 04:21:11,555 [INFO] [31/121] 아차산 (primary=KEY_3)
2026-09-22 04:21:12,524 [INFO] [32/121] 안양천 (primary=KEY_4)
2026-09-22 04:21:13,488 [INFO] [33/121] 양화한강공원 (primary=KEY_1)
2026-09-22 04:21:14,453 [INFO] [34/121] 어린이대공원 (primary=KEY_2)
2026-09-22 04:21:15,564 [INFO] [35/121] 여의도한강공원 (primary=KEY_3)
2026-09-22 04:21:17,341 [INFO] [36/121] 여의서로 (primary=KEY_4)
2026-09-22 04:21:18,433 [INFO] [37/121] 올림픽공원 (primary=KEY_1)
2026-09-22 04:21:19,564 [INFO] [38/121] 월드컵공원 (primary=KEY_2)
2026-09-22 04:21:20,829 [INFO] [39/121] 응봉산 (primary=KEY_3)
2026-09-22 04:21:21,922 [INFO] [40/121] 이촌한강공원 (primary=KEY_4)
2026-09-22 04:21:23,421 [INFO] [41/121] 잠실종합운동장 (primary=KEY_1)
2026-09-22 04:21:24,393 [INFO] [42/121] 잠실한강공원 (primary=KEY_2)
2026-09-22 04:21:26,080 [INFO] [43/121] 잠원한강공원 (primary=KEY_3)
2026-09-22 04:21:27,597 [INFO] [44/121] 청계산 (primary=KEY_4)
2026-09-22 04:21:29,112 [INFO] [45/121] 홍제폭포 (primary=KEY_1)
2026-09-22 04:21:30,069 [INFO] [46/121] 가락시장 (primary=KEY_2)
2026-09-22 04:21:31,885 [INFO] [47/121] 가로수길 (primary=KEY_3)
2026-09-22 04:21:33,585 [INFO] [48/121] 광장(전통)시장 (primary=KEY_4)
2026-09-22 04:21:35,387 [INFO] [49/121] 김포공항 (primary=KEY_1)
2026-09-22 04:21:36,659 [INFO] [50/121] 남대문시장 (primary=KEY_2)
2026-09-22 04:21:38,330 [INFO] [51/121] 노량진 (primary=KEY_3)
2026-09-22 04:21:39,460 [INFO] [52/121] 덕수궁길·정동길 (primary=KEY_4)
2026-09-22 04:21:40,615 [INFO] [53/121] 북창동 먹자골목 (primary=KEY_1)
2026-09-22 04:21:41,722 [INFO] [54/121] 북촌한옥마을 (primary=KEY_2)
2026-09-22 04:21:42,993 [INFO] [55/121] 서촌 (primary=KEY_3)
2026-09-22 04:21:44,108 [INFO] [56/121] 성수카페거리 (primary=KEY_4)
2026-09-22 04:21:45,381 [INFO] [57/121] 송리단길·호수단길 (primary=KEY_1)
2026-09-22 04:21:46,531 [INFO] [58/121] 신촌 스타광장 (primary=KEY_2)
2026-09-22 04:21:47,515 [INFO] [59/121] 압구정로데오거리 (primary=KEY_3)
2026-09-22 04:21:48,652 [INFO] [60/121] 여의도 (primary=KEY_4)
2026-09-22 04:21:50,427 [INFO] [61/121] 연남동 (primary=KEY_1)
2026-09-22 04:21:51,624 [INFO] [62/121] 영등포 타임스퀘어 (primary=KEY_2)
2026-09-22 04:21:52,802 [INFO] [63/121] 용리단길 (primary=KEY_3)
2026-09-22 04:21:53,840 [INFO] [64/121] 이태원 앤틱가구거리 (primary=KEY_4)
2026-09-22 04:21:55,114 [INFO] [65/121] 익선동 (primary=KEY_1)
2026-09-22 04:21:57,004 [INFO] [66/121] 인사동 (primary=KEY_2)
2026-09-22 04:21:59,189 [INFO] [67/121] 잠실롯데타워·석촌호수 (primary=KEY_3)
2026-09-22 04:22:00,647 [INFO] [68/121] 창동 신경제 중심지 (primary=KEY_4)
2026-09-22 04:22:02,057 [INFO] [69/121] 청담동 명품거리 (primary=KEY_1)
2026-09-22 04:22:03,236 [INFO] [70/121] 청량리 제기동 일대 전통시장 (primary=KEY_2)
2026-09-22 04:22:04,439 [INFO] [71/121] 해방촌·경리단길 (primary=KEY_3)
2026-09-22 04:22:05,513 [INFO] [72/121] DDP(동대문디자인플라자) (primary=KEY_4)
2026-09-22 04:22:06,740 [INFO] [73/121] DMC(디지털미디어시티) (primary=KEY_1)
2026-09-22 04:22:08,181 [INFO] [74/121] 가산디지털단지역 (primary=KEY_2)
2026-09-22 04:22:09,801 [INFO] [75/121] 강남역 (primary=KEY_3)
2026-09-22 04:22:11,096 [INFO] [76/121] 건대입구역 (primary=KEY_4)
2026-09-22 04:22:12,243 [INFO] [77/121] 고덕역 (primary=KEY_1)
2026-09-22 04:22:13,368 [INFO] [78/121] 고속터미널역 (primary=KEY_2)
2026-09-22 04:22:14,513 [INFO] [79/121] 교대역 (primary=KEY_3)
2026-09-22 04:22:15,548 [INFO] [80/121] 구로디지털단지역 (primary=KEY_4)
2026-09-22 04:22:16,977 [INFO] [81/121] 구로역 (primary=KEY_1)
2026-09-22 04:22:18,087 [INFO] [82/121] 군자역 (primary=KEY_2)
2026-09-22 04:22:19,096 [INFO] [83/121] 대림역 (primary=KEY_3)
2026-09-22 04:22:20,224 [INFO] [84/121] 동대문역 (primary=KEY_4)
2026-09-22 04:22:21,405 [INFO] [85/121] 뚝섬역 (primary=KEY_1)
2026-09-22 04:22:22,573 [INFO] [86/121] 미아사거리역 (primary=KEY_2)
2026-09-22 04:22:23,742 [INFO] [87/121] 발산역 (primary=KEY_3)
2026-09-22 04:22:25,200 [INFO] [88/121] 사당역 (primary=KEY_4)
2026-09-22 04:22:26,339 [INFO] [89/121] 삼각지역 (primary=KEY_1)
2026-09-22 04:22:27,338 [INFO] [90/121] 서울대입구역 (primary=KEY_2)
2026-09-22 04:22:28,472 [INFO] [91/121] 서울식물원·마곡나루역 (primary=KEY_3)
2026-09-22 04:22:29,783 [INFO] [92/121] 서울역 (primary=KEY_4)
2026-09-22 04:22:30,970 [INFO] [93/121] 선릉역 (primary=KEY_1)
2026-09-22 04:22:32,399 [INFO] [94/121] 성신여대입구역 (primary=KEY_2)
2026-09-22 04:22:33,449 [INFO] [95/121] 수유역 (primary=KEY_3)
2026-09-22 04:22:34,565 [INFO] [96/121] 숭례문 (primary=KEY_4)
2026-09-22 04:22:35,716 [INFO] [97/121] 시의회 앞 (primary=KEY_1)
2026-09-22 04:22:36,830 [INFO] [98/121] 신논현역·논현역 (primary=KEY_2)
2026-09-22 04:22:37,988 [INFO] [99/121] 신도림역 (primary=KEY_3)
2026-09-22 04:22:38,988 [INFO] [100/121] 신림역 (primary=KEY_4)
2026-09-22 04:22:39,984 [INFO] [101/121] 신정네거리역 (primary=KEY_1)
2026-09-22 04:22:41,107 [INFO] [102/121] 신촌·이대역 (primary=KEY_2)
2026-09-22 04:22:42,229 [INFO] [103/121] 쌍문역 (primary=KEY_3)
2026-09-22 04:22:43,349 [INFO] [104/121] 양재역 (primary=KEY_4)
2026-09-22 04:22:44,483 [INFO] [105/121] 역삼역 (primary=KEY_1)
2026-09-22 04:22:45,743 [INFO] [106/121] 연신내역 (primary=KEY_2)
2026-09-22 04:22:46,745 [INFO] [107/121] 오목교역·목동운동장 (primary=KEY_3)
2026-09-22 04:22:48,969 [INFO] [108/121] 왕십리역 (primary=KEY_4)
2026-09-22 04:22:50,120 [INFO] [109/121] 용산역 (primary=KEY_1)
2026-09-22 04:22:51,380 [INFO] [110/121] 이태원역 (primary=KEY_2)
2026-09-22 04:22:52,363 [INFO] [111/121] 잠실새내역 (primary=KEY_3)
2026-09-22 04:22:53,488 [INFO] [112/121] 잠실역 (primary=KEY_4)
2026-09-22 04:22:54,738 [INFO] [113/121] 장지역 (primary=KEY_1)
2026-09-22 04:22:56,070 [INFO] [114/121] 장한평역 (primary=KEY_2)
2026-09-22 04:22:57,195 [INFO] [115/121] 천호역 (primary=KEY_3)
2026-09-22 04:22:58,332 [INFO] [116/121] 총신대입구(이수)역 (primary=KEY_4)
2026-09-22 04:22:59,468 [INFO] [117/121] 충정로역 (primary=KEY_1)
2026-09-22 04:23:00,614 [INFO] [118/121] 합정역 (primary=KEY_2)
2026-09-22 04:23:01,769 [INFO] [119/121] 혜화역 (primary=KEY_3)
2026-09-22 04:23:02,900 [INFO] [120/121] 홍대입구역(2호선) (primary=KEY_4)
2026-09-22 04:23:04,045 [INFO] [121/121] 회기역 (primary=KEY_1)
2026-09-22 04:23:05,456 [INFO] === 수집 완료 | 성공 121, 실패 0 ===
2026-09-22 04:23:05,456 [INFO] 카테고리별 저장 결과:
2026-09-22 04:23:05,456 [INFO]    accident                  | 신규     2행 | 누적      2행 | 16컬럼
2026-09-22 04:23:05,456 [INFO]    area_meta                 | 신규   121행 | 누적    121행 | 5컬럼
2026-09-22 04:23:05,456 [INFO]    bike                      | 신규    11행 | 누적     11행 | 12컬럼
2026-09-22 04:23:05,456 [INFO]    bike_sbike_stts           | 신규   574행 | 누적    574행 | 12컬럼
2026-09-22 04:23:05,456 [INFO]    bus                       | 신규     3행 | 누적      3행 | 11컬럼
2026-09-22 04:23:05,456 [INFO]    bus_bus_stn_stts          | 신규  1745행 | 누적   1745행 | 11컬럼
2026-09-22 04:23:05,456 [INFO]    charger                   | 신규     4행 | 누적      4행 | 15컬럼
2026-09-22 04:23:05,456 [INFO]    charger_charger_stts      | 신규  1917행 | 누적   1917행 | 15컬럼
2026-09-22 04:23:05,456 [INFO]    cmrcl                     | 신규    82행 | 누적     82행 | 20컬럼
2026-09-22 04:23:05,456 [INFO]    events                    | 신규    14행 | 누적     14행 | 14컬럼
2026-09-22 04:23:05,456 [INFO]    events_event_stts         | 신규   113행 | 누적    113행 | 14컬럼
2026-09-22 04:23:05,456 [INFO]    parking                   | 신규     6행 | 누적      6행 | 21컬럼
2026-09-22 04:23:05,456 [INFO]    parking_prk_stts          | 신규  1832행 | 누적   1832행 | 21컬럼
2026-09-22 04:23:05,456 [INFO]    ppltn                     | 신규   121행 | 누적    121행 | 26컬럼
2026-09-22 04:23:05,456 [INFO]    road                      | 신규   121행 | 누적    121행 | 21컬럼
2026-09-22 04:23:05,457 [INFO]    road_road_traffic_stts    | 신규  5299행 | 누적   5299행 | 17컬럼
2026-09-22 04:23:05,457 [INFO]    subway                    | 신규    38행 | 누적     38행 | 12컬럼
2026-09-22 04:23:05,457 [INFO]    subway_sub_stts           | 신규   183행 | 누적    183행 | 13컬럼
2026-09-22 04:23:05,457 [INFO]    weather                   | 신규   119행 | 누적    119행 | 29컬럼
2026-09-22 04:23:05,457 [INFO] 키별 사용량:
2026-09-22 04:23:05,457 [INFO]    🟢 KEY_1 (31/1000) 
2026-09-22 04:23:05,457 [INFO]    🟢 KEY_2 (30/1000) 
2026-09-22 04:23:05,457 [INFO]    🟢 KEY_3 (30/1000) 
2026-09-22 04:23:05,457 [INFO]    🟢 KEY_4 (30/1000) 
2026-09-22 08:14:29,598 [INFO] 등록된 키: 4개, 합산 한도 4,000건/일
2026-09-22 08:14:29,599 [INFO] POI 로드: 매뉴얼 v8.5 기준 fallback 121개 (121개 전체)
2026-09-22 08:14:29,599 [INFO] === 수집 시작 2026-09-22T08:14:29.599732+09:00 ===
2026-09-22 08:14:29,599 [INFO] 대상 장소: 121개 | API: citydata (통합)
2026-09-22 08:14:29,599 [INFO] 키 풀: 4/4 활성 | 오늘 사용 0/4000건
2026-09-22 08:14:29,600 [INFO]   [KEY_1] 담당 31장소
2026-09-22 08:14:29,600 [INFO]   [KEY_2] 담당 30장소
2026-09-22 08:14:29,600 [INFO]   [KEY_3] 담당 30장소
2026-09-22 08:14:29,600 [INFO]   [KEY_4] 담당 30장소
2026-09-22 08:14:29,600 [INFO] [1/121] 경복궁 (primary=KEY_1)
2026-09-22 08:14:32,907 [INFO] [2/121] 광화문·덕수궁 (primary=KEY_2)
2026-09-22 08:14:35,593 [INFO] [3/121] 보신각 (primary=KEY_3)
2026-09-22 08:14:38,782 [INFO] [4/121] 서울 암사동 유적 (primary=KEY_4)
2026-09-22 08:14:40,643 [INFO] [5/121] 창덕궁·종묘 (primary=KEY_1)
2026-09-22 08:14:42,166 [INFO] [6/121] 강남 MICE 관광특구 (primary=KEY_2)
2026-09-22 08:14:44,266 [INFO] [7/121] 동대문 관광특구 (primary=KEY_3)
2026-09-22 08:14:46,930 [INFO] [8/121] 명동 관광특구 (primary=KEY_4)
2026-09-22 08:14:49,748 [INFO] [9/121] 이태원 관광특구 (primary=KEY_1)
2026-09-22 08:14:52,242 [INFO] [10/121] 잠실 관광특구 (primary=KEY_2)
2026-09-22 08:14:54,835 [INFO] [11/121] 종로·청계 관광특구 (primary=KEY_3)
2026-09-22 08:14:56,484 [INFO] [12/121] 홍대 관광특구 (primary=KEY_4)
2026-09-22 08:14:58,774 [INFO] [13/121] 강서한강공원 (primary=KEY_1)
2026-09-22 08:15:00,652 [INFO] [14/121] 고척돔 (primary=KEY_2)
2026-09-22 08:15:02,814 [INFO] [15/121] 광나루한강공원 (primary=KEY_3)
2026-09-22 08:15:04,135 [INFO] [16/121] 광화문광장 (primary=KEY_4)
2026-09-22 08:15:06,367 [INFO] [17/121] 국립중앙박물관·용산가족공원 (primary=KEY_1)
2026-09-22 08:15:08,624 [INFO] [18/121] 난지한강공원 (primary=KEY_2)
2026-09-22 08:15:10,486 [INFO] [19/121] 남산공원 (primary=KEY_3)
2026-09-22 08:15:12,798 [INFO] [20/121] 노들섬 (primary=KEY_4)
2026-09-22 08:15:14,480 [INFO] [21/121] 뚝섬한강공원 (primary=KEY_1)
2026-09-22 08:15:16,707 [INFO] [22/121] 망원한강공원 (primary=KEY_2)
2026-09-22 08:15:18,588 [INFO] [23/121] 반포한강공원 (primary=KEY_3)
2026-09-22 08:15:20,445 [INFO] [24/121] 보라매공원 (primary=KEY_4)
2026-09-22 08:15:22,732 [INFO] [25/121] 북서울꿈의숲 (primary=KEY_1)
2026-09-22 08:15:25,190 [INFO] [26/121] 서대문독립공원 (primary=KEY_2)
2026-09-22 08:15:27,093 [INFO] [27/121] 서리풀공원·몽마르뜨공원 (primary=KEY_3)
2026-09-22 08:15:29,530 [INFO] [28/121] 서울대공원 (primary=KEY_4)
2026-09-22 08:15:30,637 [INFO] [29/121] 서울숲공원 (primary=KEY_1)
2026-09-22 08:15:32,909 [INFO] [30/121] 송현녹지광장 (primary=KEY_2)
2026-09-22 08:15:35,354 [INFO] [31/121] 아차산 (primary=KEY_3)
2026-09-22 08:15:37,220 [INFO] [32/121] 안양천 (primary=KEY_4)
2026-09-22 08:15:39,103 [INFO] [33/121] 양화한강공원 (primary=KEY_1)
2026-09-22 08:15:41,159 [INFO] [34/121] 어린이대공원 (primary=KEY_2)
2026-09-22 08:15:42,459 [INFO] [35/121] 여의도한강공원 (primary=KEY_3)
2026-09-22 08:15:44,505 [INFO] [36/121] 여의서로 (primary=KEY_4)
2026-09-22 08:15:45,809 [INFO] [37/121] 올림픽공원 (primary=KEY_1)
2026-09-22 08:15:48,080 [INFO] [38/121] 월드컵공원 (primary=KEY_2)
2026-09-22 08:15:49,748 [INFO] [39/121] 응봉산 (primary=KEY_3)
2026-09-22 08:15:51,978 [INFO] [40/121] 이촌한강공원 (primary=KEY_4)
2026-09-22 08:15:53,890 [INFO] [41/121] 잠실종합운동장 (primary=KEY_1)
2026-09-22 08:15:55,018 [INFO] [42/121] 잠실한강공원 (primary=KEY_2)
2026-09-22 08:15:56,917 [INFO] [43/121] 잠원한강공원 (primary=KEY_3)
2026-09-22 08:15:58,023 [INFO] [44/121] 청계산 (primary=KEY_4)
2026-09-22 08:15:59,816 [INFO] [45/121] 홍제폭포 (primary=KEY_1)
2026-09-22 08:16:02,041 [INFO] [46/121] 가락시장 (primary=KEY_2)
2026-09-22 08:16:03,378 [INFO] [47/121] 가로수길 (primary=KEY_3)
2026-09-22 08:16:04,721 [INFO] [48/121] 광장(전통)시장 (primary=KEY_4)
2026-09-22 08:16:06,991 [INFO] [49/121] 김포공항 (primary=KEY_1)
2026-09-22 08:16:08,506 [INFO] [50/121] 남대문시장 (primary=KEY_2)
2026-09-22 08:16:09,818 [INFO] [51/121] 노량진 (primary=KEY_3)
2026-09-22 08:16:11,168 [INFO] [52/121] 덕수궁길·정동길 (primary=KEY_4)
2026-09-22 08:16:12,504 [INFO] [53/121] 북창동 먹자골목 (primary=KEY_1)
2026-09-22 08:16:14,899 [INFO] [54/121] 북촌한옥마을 (primary=KEY_2)
2026-09-22 08:16:17,139 [INFO] [55/121] 서촌 (primary=KEY_3)
2026-09-22 08:16:19,416 [INFO] [56/121] 성수카페거리 (primary=KEY_4)
2026-09-22 08:16:20,951 [INFO] [57/121] 송리단길·호수단길 (primary=KEY_1)
2026-09-22 08:16:22,301 [INFO] [58/121] 신촌 스타광장 (primary=KEY_2)
2026-09-22 08:16:23,433 [INFO] [59/121] 압구정로데오거리 (primary=KEY_3)
2026-09-22 08:16:24,883 [INFO] [60/121] 여의도 (primary=KEY_4)
2026-09-22 08:16:28,151 [INFO] [61/121] 연남동 (primary=KEY_1)
2026-09-22 08:16:30,584 [INFO] [62/121] 영등포 타임스퀘어 (primary=KEY_2)
2026-09-22 08:16:31,890 [INFO] [63/121] 용리단길 (primary=KEY_3)
2026-09-22 08:16:33,052 [INFO] [64/121] 이태원 앤틱가구거리 (primary=KEY_4)
2026-09-22 08:16:34,366 [INFO] [65/121] 익선동 (primary=KEY_1)
2026-09-22 08:16:35,699 [INFO] [66/121] 인사동 (primary=KEY_2)
2026-09-22 08:16:37,206 [INFO] [67/121] 잠실롯데타워·석촌호수 (primary=KEY_3)
2026-09-22 08:16:39,690 [INFO] [68/121] 창동 신경제 중심지 (primary=KEY_4)
2026-09-22 08:16:41,467 [INFO] [69/121] 청담동 명품거리 (primary=KEY_1)
2026-09-22 08:16:42,796 [INFO] [70/121] 청량리 제기동 일대 전통시장 (primary=KEY_2)
2026-09-22 08:16:44,146 [INFO] [71/121] 해방촌·경리단길 (primary=KEY_3)
2026-09-22 08:16:45,316 [INFO] [72/121] DDP(동대문디자인플라자) (primary=KEY_4)
2026-09-22 08:16:46,659 [INFO] [73/121] DMC(디지털미디어시티) (primary=KEY_1)
2026-09-22 08:16:48,435 [INFO] [74/121] 가산디지털단지역 (primary=KEY_2)
2026-09-22 08:16:50,360 [INFO] [75/121] 강남역 (primary=KEY_3)
2026-09-22 08:16:51,966 [INFO] [76/121] 건대입구역 (primary=KEY_4)
2026-09-22 08:16:53,302 [INFO] [77/121] 고덕역 (primary=KEY_1)
2026-09-22 08:16:54,634 [INFO] [78/121] 고속터미널역 (primary=KEY_2)
2026-09-22 08:16:55,976 [INFO] [79/121] 교대역 (primary=KEY_3)
2026-09-22 08:16:57,314 [INFO] [80/121] 구로디지털단지역 (primary=KEY_4)
2026-09-22 08:16:59,827 [INFO] [81/121] 구로역 (primary=KEY_1)
2026-09-22 08:17:01,133 [INFO] [82/121] 군자역 (primary=KEY_2)
2026-09-22 08:17:02,476 [INFO] [83/121] 대림역 (primary=KEY_3)
2026-09-22 08:17:03,831 [INFO] [84/121] 동대문역 (primary=KEY_4)
2026-09-22 08:17:05,307 [INFO] [85/121] 뚝섬역 (primary=KEY_1)
2026-09-22 08:17:06,628 [INFO] [86/121] 미아사거리역 (primary=KEY_2)
2026-09-22 08:17:07,968 [INFO] [87/121] 발산역 (primary=KEY_3)
2026-09-22 08:17:09,661 [INFO] [88/121] 사당역 (primary=KEY_4)
2026-09-22 08:17:10,993 [INFO] [89/121] 삼각지역 (primary=KEY_1)
2026-09-22 08:17:12,312 [INFO] [90/121] 서울대입구역 (primary=KEY_2)
2026-09-22 08:17:13,635 [INFO] [91/121] 서울식물원·마곡나루역 (primary=KEY_3)
2026-09-22 08:17:15,147 [INFO] [92/121] 서울역 (primary=KEY_4)
2026-09-22 08:17:16,906 [INFO] [93/121] 선릉역 (primary=KEY_1)
2026-09-22 08:17:18,625 [INFO] [94/121] 성신여대입구역 (primary=KEY_2)
2026-09-22 08:17:19,761 [INFO] [95/121] 수유역 (primary=KEY_3)
2026-09-22 08:17:21,085 [INFO] [96/121] 숭례문 (primary=KEY_4)
2026-09-22 08:17:22,438 [INFO] [97/121] 시의회 앞 (primary=KEY_1)
2026-09-22 08:17:23,771 [INFO] [98/121] 신논현역·논현역 (primary=KEY_2)
2026-09-22 08:17:25,113 [INFO] [99/121] 신도림역 (primary=KEY_3)
2026-09-22 08:17:26,266 [INFO] [100/121] 신림역 (primary=KEY_4)
2026-09-22 08:17:27,597 [INFO] [101/121] 신정네거리역 (primary=KEY_1)
2026-09-22 08:17:28,908 [INFO] [102/121] 신촌·이대역 (primary=KEY_2)
2026-09-22 08:17:30,237 [INFO] [103/121] 쌍문역 (primary=KEY_3)
2026-09-22 08:17:31,570 [INFO] [104/121] 양재역 (primary=KEY_4)
2026-09-22 08:17:33,833 [INFO] [105/121] 역삼역 (primary=KEY_1)
2026-09-22 08:17:35,417 [INFO] [106/121] 연신내역 (primary=KEY_2)
2026-09-22 08:17:36,605 [INFO] [107/121] 오목교역·목동운동장 (primary=KEY_3)
2026-09-22 08:17:38,500 [INFO] [108/121] 왕십리역 (primary=KEY_4)
2026-09-22 08:17:40,069 [INFO] [109/121] 용산역 (primary=KEY_1)
2026-09-22 08:17:41,609 [INFO] [110/121] 이태원역 (primary=KEY_2)
2026-09-22 08:17:42,753 [INFO] [111/121] 잠실새내역 (primary=KEY_3)
2026-09-22 08:17:44,069 [INFO] [112/121] 잠실역 (primary=KEY_4)
2026-09-22 08:17:45,653 [INFO] [113/121] 장지역 (primary=KEY_1)
2026-09-22 08:17:47,165 [INFO] [114/121] 장한평역 (primary=KEY_2)
2026-09-22 08:17:48,470 [INFO] [115/121] 천호역 (primary=KEY_3)
2026-09-22 08:17:49,805 [INFO] [116/121] 총신대입구(이수)역 (primary=KEY_4)
2026-09-22 08:17:51,128 [INFO] [117/121] 충정로역 (primary=KEY_1)
2026-09-22 08:17:52,469 [INFO] [118/121] 합정역 (primary=KEY_2)
2026-09-22 08:17:53,821 [INFO] [119/121] 혜화역 (primary=KEY_3)
2026-09-22 08:17:55,182 [INFO] [120/121] 홍대입구역(2호선) (primary=KEY_4)
2026-09-22 08:17:56,509 [INFO] [121/121] 회기역 (primary=KEY_1)
2026-09-22 08:17:58,584 [INFO] === 수집 완료 | 성공 121, 실패 0 ===
2026-09-22 08:17:58,584 [INFO] 카테고리별 저장 결과:
2026-09-22 08:17:58,584 [INFO]    accident                  | 신규     3행 | 누적      5행 | 16컬럼
2026-09-22 08:17:58,584 [INFO]    area_meta                 | 신규   121행 | 누적    242행 | 5컬럼
2026-09-22 08:17:58,584 [INFO]    bike                      | 신규    11행 | 누적     22행 | 12컬럼
2026-09-22 08:17:58,584 [INFO]    bike_sbike_stts           | 신규   574행 | 누적   1148행 | 12컬럼
2026-09-22 08:17:58,584 [INFO]    bus                       | 신규     3행 | 누적      6행 | 11컬럼
2026-09-22 08:17:58,584 [INFO]    bus_bus_stn_stts          | 신규  1745행 | 누적   3490행 | 11컬럼
2026-09-22 08:17:58,584 [INFO]    charger                   | 신규     4행 | 누적      8행 | 15컬럼
2026-09-22 08:17:58,584 [INFO]    charger_charger_stts      | 신규  1917행 | 누적   3808행 | 15컬럼
2026-09-22 08:17:58,584 [INFO]    cmrcl                     | 신규    82행 | 누적    164행 | 20컬럼
2026-09-22 08:17:58,584 [INFO]    events                    | 신규    13행 | 누적     27행 | 14컬럼
2026-09-22 08:17:58,584 [INFO]    events_event_stts         | 신규   115행 | 누적    228행 | 14컬럼
2026-09-22 08:17:58,584 [INFO]    parking                   | 신규     6행 | 누적     12행 | 21컬럼
2026-09-22 08:17:58,584 [INFO]    parking_prk_stts          | 신규  1832행 | 누적   3664행 | 21컬럼
2026-09-22 08:17:58,585 [INFO]    ppltn                     | 신규   121행 | 누적    242행 | 26컬럼
2026-09-22 08:17:58,585 [INFO]    road                      | 신규   121행 | 누적    242행 | 21컬럼
2026-09-22 08:17:58,585 [INFO]    road_road_traffic_stts    | 신규  5299행 | 누적  10598행 | 17컬럼
2026-09-22 08:17:58,585 [INFO]    subway                    | 신규    38행 | 누적     76행 | 12컬럼
2026-09-22 08:17:58,585 [INFO]    subway_sub_stts           | 신규   183행 | 누적    366행 | 13컬럼
2026-09-22 08:17:58,585 [INFO]    weather                   | 신규   119행 | 누적    238행 | 29컬럼
2026-09-22 08:17:58,585 [INFO] 키별 사용량:
2026-09-22 08:17:58,585 [INFO]    🟢 KEY_1 (31/1000) 
2026-09-22 08:17:58,585 [INFO]    🟢 KEY_2 (30/1000) 
2026-09-22 08:17:58,585 [INFO]    🟢 KEY_3 (30/1000) 
2026-09-22 08:17:58,585 [INFO]    🟢 KEY_4 (30/1000) 
2026-09-22 13:44:14,403 [INFO] 등록된 키: 4개, 합산 한도 4,000건/일
2026-09-22 13:44:14,404 [INFO] POI 로드: 매뉴얼 v8.5 기준 fallback 121개 (121개 전체)
2026-09-22 13:44:14,404 [INFO] === 수집 시작 2026-09-22T13:44:14.404177+09:00 ===
2026-09-22 13:44:14,404 [INFO] 대상 장소: 121개 | API: citydata (통합)
2026-09-22 13:44:14,404 [INFO] 키 풀: 4/4 활성 | 오늘 사용 0/4000건
2026-09-22 13:44:14,404 [INFO]   [KEY_1] 담당 31장소
2026-09-22 13:44:14,404 [INFO]   [KEY_2] 담당 30장소
2026-09-22 13:44:14,404 [INFO]   [KEY_3] 담당 30장소
2026-09-22 13:44:14,404 [INFO]   [KEY_4] 담당 30장소
2026-09-22 13:44:14,404 [INFO] [1/121] 경복궁 (primary=KEY_1)
2026-09-22 13:44:16,519 [INFO] [2/121] 광화문·덕수궁 (primary=KEY_2)
2026-09-22 13:44:19,417 [INFO] [3/121] 보신각 (primary=KEY_3)
2026-09-22 13:44:22,104 [INFO] [4/121] 서울 암사동 유적 (primary=KEY_4)
2026-09-22 13:44:23,988 [INFO] [5/121] 창덕궁·종묘 (primary=KEY_1)
2026-09-22 13:44:25,881 [INFO] [6/121] 강남 MICE 관광특구 (primary=KEY_2)
2026-09-22 13:44:28,220 [INFO] [7/121] 동대문 관광특구 (primary=KEY_3)
2026-09-22 13:44:30,921 [INFO] [8/121] 명동 관광특구 (primary=KEY_4)
2026-09-22 13:44:33,547 [INFO] [9/121] 이태원 관광특구 (primary=KEY_1)
2026-09-22 13:44:34,932 [INFO] [10/121] 잠실 관광특구 (primary=KEY_2)
2026-09-22 13:44:37,320 [INFO] [11/121] 종로·청계 관광특구 (primary=KEY_3)
2026-09-22 13:44:39,639 [INFO] [12/121] 홍대 관광특구 (primary=KEY_4)
2026-09-22 13:44:42,218 [INFO] [13/121] 강서한강공원 (primary=KEY_1)
2026-09-22 13:44:44,533 [INFO] [14/121] 고척돔 (primary=KEY_2)
2026-09-22 13:44:46,438 [INFO] [15/121] 광나루한강공원 (primary=KEY_3)
2026-09-22 13:44:47,933 [INFO] [16/121] 광화문광장 (primary=KEY_4)
2026-09-22 13:44:50,470 [INFO] [17/121] 국립중앙박물관·용산가족공원 (primary=KEY_1)
2026-09-22 13:44:52,719 [INFO] [18/121] 난지한강공원 (primary=KEY_2)
2026-09-22 13:44:53,834 [INFO] [19/121] 남산공원 (primary=KEY_3)
2026-09-22 13:44:56,051 [INFO] [20/121] 노들섬 (primary=KEY_4)
2026-09-22 13:44:57,208 [INFO] [21/121] 뚝섬한강공원 (primary=KEY_1)
2026-09-22 13:44:58,336 [INFO] [22/121] 망원한강공원 (primary=KEY_2)
2026-09-22 13:44:59,672 [INFO] [23/121] 반포한강공원 (primary=KEY_3)
2026-09-22 13:45:01,929 [INFO] [24/121] 보라매공원 (primary=KEY_4)
2026-09-22 13:45:03,872 [INFO] [25/121] 북서울꿈의숲 (primary=KEY_1)
2026-09-22 13:45:05,196 [INFO] [26/121] 서대문독립공원 (primary=KEY_2)
2026-09-22 13:45:06,334 [INFO] [27/121] 서리풀공원·몽마르뜨공원 (primary=KEY_3)
2026-09-22 13:45:08,604 [INFO] [28/121] 서울대공원 (primary=KEY_4)
2026-09-22 13:45:09,979 [INFO] [29/121] 서울숲공원 (primary=KEY_1)
2026-09-22 13:45:11,331 [INFO] [30/121] 송현녹지광장 (primary=KEY_2)
2026-09-22 13:45:12,638 [INFO] [31/121] 아차산 (primary=KEY_3)
2026-09-22 13:45:14,734 [INFO] [32/121] 안양천 (primary=KEY_4)
2026-09-22 13:45:15,846 [INFO] [33/121] 양화한강공원 (primary=KEY_1)
2026-09-22 13:45:16,948 [INFO] [34/121] 어린이대공원 (primary=KEY_2)
2026-09-22 13:45:18,314 [INFO] [35/121] 여의도한강공원 (primary=KEY_3)
2026-09-22 13:45:19,609 [INFO] [36/121] 여의서로 (primary=KEY_4)
2026-09-22 13:45:20,937 [INFO] [37/121] 올림픽공원 (primary=KEY_1)
2026-09-22 13:45:23,195 [INFO] [38/121] 월드컵공원 (primary=KEY_2)
2026-09-22 13:45:24,721 [INFO] [39/121] 응봉산 (primary=KEY_3)
2026-09-22 13:45:26,060 [INFO] [40/121] 이촌한강공원 (primary=KEY_4)
2026-09-22 13:45:27,771 [INFO] [41/121] 잠실종합운동장 (primary=KEY_1)
2026-09-22 13:45:29,941 [INFO] [42/121] 잠실한강공원 (primary=KEY_2)
2026-09-22 13:45:31,843 [INFO] [43/121] 잠원한강공원 (primary=KEY_3)
2026-09-22 13:45:32,988 [INFO] [44/121] 청계산 (primary=KEY_4)
2026-09-22 13:45:34,704 [INFO] [45/121] 홍제폭포 (primary=KEY_1)
2026-09-22 13:45:35,812 [INFO] [46/121] 가락시장 (primary=KEY_2)
2026-09-22 13:45:37,138 [INFO] [47/121] 가로수길 (primary=KEY_3)
2026-09-22 13:45:38,463 [INFO] [48/121] 광장(전통)시장 (primary=KEY_4)
2026-09-22 13:45:39,624 [INFO] [49/121] 김포공항 (primary=KEY_1)
2026-09-22 13:45:41,171 [INFO] [50/121] 남대문시장 (primary=KEY_2)
2026-09-22 13:45:42,517 [INFO] [51/121] 노량진 (primary=KEY_3)
2026-09-22 13:45:43,882 [INFO] [52/121] 덕수궁길·정동길 (primary=KEY_4)
2026-09-22 13:45:45,208 [INFO] [53/121] 북창동 먹자골목 (primary=KEY_1)
2026-09-22 13:45:46,553 [INFO] [54/121] 북촌한옥마을 (primary=KEY_2)
2026-09-22 13:45:48,160 [INFO] [55/121] 서촌 (primary=KEY_3)
2026-09-22 13:45:49,478 [INFO] [56/121] 성수카페거리 (primary=KEY_4)
2026-09-22 13:45:50,979 [INFO] [57/121] 송리단길·호수단길 (primary=KEY_1)
2026-09-22 13:45:52,303 [INFO] [58/121] 신촌 스타광장 (primary=KEY_2)
2026-09-22 13:45:53,473 [INFO] [59/121] 압구정로데오거리 (primary=KEY_3)
2026-09-22 13:45:54,859 [INFO] [60/121] 여의도 (primary=KEY_4)
2026-09-22 13:45:57,982 [INFO] [61/121] 연남동 (primary=KEY_1)
2026-09-22 13:45:59,283 [INFO] [62/121] 영등포 타임스퀘어 (primary=KEY_2)
2026-09-22 13:46:00,629 [INFO] [63/121] 용리단길 (primary=KEY_3)
2026-09-22 13:46:01,915 [INFO] [64/121] 이태원 앤틱가구거리 (primary=KEY_4)
2026-09-22 13:46:03,228 [INFO] [65/121] 익선동 (primary=KEY_1)
2026-09-22 13:46:04,594 [INFO] [66/121] 인사동 (primary=KEY_2)
2026-09-22 13:46:06,088 [INFO] [67/121] 잠실롯데타워·석촌호수 (primary=KEY_3)
2026-09-22 13:46:07,852 [INFO] [68/121] 창동 신경제 중심지 (primary=KEY_4)
2026-09-22 13:46:09,551 [INFO] [69/121] 청담동 명품거리 (primary=KEY_1)
2026-09-22 13:46:10,870 [INFO] [70/121] 청량리 제기동 일대 전통시장 (primary=KEY_2)
2026-09-22 13:46:12,217 [INFO] [71/121] 해방촌·경리단길 (primary=KEY_3)
2026-09-22 13:46:13,384 [INFO] [72/121] DDP(동대문디자인플라자) (primary=KEY_4)
2026-09-22 13:46:14,756 [INFO] [73/121] DMC(디지털미디어시티) (primary=KEY_1)
2026-09-22 13:46:16,543 [INFO] [74/121] 가산디지털단지역 (primary=KEY_2)
2026-09-22 13:46:19,193 [INFO] [75/121] 강남역 (primary=KEY_3)
2026-09-22 13:46:20,727 [INFO] [76/121] 건대입구역 (primary=KEY_4)
2026-09-22 13:46:22,114 [INFO] [77/121] 고덕역 (primary=KEY_1)
2026-09-22 13:46:23,465 [INFO] [78/121] 고속터미널역 (primary=KEY_2)
2026-09-22 13:46:24,804 [INFO] [79/121] 교대역 (primary=KEY_3)
2026-09-22 13:46:26,177 [INFO] [80/121] 구로디지털단지역 (primary=KEY_4)
2026-09-22 13:46:27,919 [INFO] [81/121] 구로역 (primary=KEY_1)
2026-09-22 13:46:29,266 [INFO] [82/121] 군자역 (primary=KEY_2)
2026-09-22 13:46:31,785 [INFO] [83/121] 대림역 (primary=KEY_3)
2026-09-22 13:46:33,143 [INFO] [84/121] 동대문역 (primary=KEY_4)
2026-09-22 13:46:34,453 [INFO] [85/121] 뚝섬역 (primary=KEY_1)
2026-09-22 13:46:35,810 [INFO] [86/121] 미아사거리역 (primary=KEY_2)
2026-09-22 13:46:37,176 [INFO] [87/121] 발산역 (primary=KEY_3)
2026-09-22 13:46:38,886 [INFO] [88/121] 사당역 (primary=KEY_4)
2026-09-22 13:46:40,244 [INFO] [89/121] 삼각지역 (primary=KEY_1)
2026-09-22 13:46:41,562 [INFO] [90/121] 서울대입구역 (primary=KEY_2)
2026-09-22 13:46:42,915 [INFO] [91/121] 서울식물원·마곡나루역 (primary=KEY_3)
2026-09-22 13:46:44,459 [INFO] [92/121] 서울역 (primary=KEY_4)
2026-09-22 13:46:46,027 [INFO] [93/121] 선릉역 (primary=KEY_1)
2026-09-22 13:46:47,739 [INFO] [94/121] 성신여대입구역 (primary=KEY_2)
2026-09-22 13:46:48,916 [INFO] [95/121] 수유역 (primary=KEY_3)
2026-09-22 13:46:50,296 [INFO] [96/121] 숭례문 (primary=KEY_4)
2026-09-22 13:46:52,334 [INFO] [97/121] 시의회 앞 (primary=KEY_1)
2026-09-22 13:46:53,692 [INFO] [98/121] 신논현역·논현역 (primary=KEY_2)
2026-09-22 13:46:56,039 [INFO] [99/121] 신도림역 (primary=KEY_3)
2026-09-22 13:46:57,217 [INFO] [100/121] 신림역 (primary=KEY_4)
2026-09-22 13:46:58,604 [INFO] [101/121] 신정네거리역 (primary=KEY_1)
2026-09-22 13:46:59,952 [INFO] [102/121] 신촌·이대역 (primary=KEY_2)
2026-09-22 13:47:01,305 [INFO] [103/121] 쌍문역 (primary=KEY_3)
2026-09-22 13:47:02,617 [INFO] [104/121] 양재역 (primary=KEY_4)
2026-09-22 13:47:03,993 [INFO] [105/121] 역삼역 (primary=KEY_1)
2026-09-22 13:47:05,580 [INFO] [106/121] 연신내역 (primary=KEY_2)
2026-09-22 13:47:06,772 [INFO] [107/121] 오목교역·목동운동장 (primary=KEY_3)
2026-09-22 13:47:08,687 [INFO] [108/121] 왕십리역 (primary=KEY_4)
2026-09-22 13:47:10,227 [INFO] [109/121] 용산역 (primary=KEY_1)
2026-09-22 13:47:11,807 [INFO] [110/121] 이태원역 (primary=KEY_2)
2026-09-22 13:47:12,972 [INFO] [111/121] 잠실새내역 (primary=KEY_3)
2026-09-22 13:47:14,329 [INFO] [112/121] 잠실역 (primary=KEY_4)
2026-09-22 13:47:15,911 [INFO] [113/121] 장지역 (primary=KEY_1)
2026-09-22 13:47:17,414 [INFO] [114/121] 장한평역 (primary=KEY_2)
2026-09-22 13:47:18,832 [INFO] [115/121] 천호역 (primary=KEY_3)
2026-09-22 13:47:20,382 [INFO] [116/121] 총신대입구(이수)역 (primary=KEY_4)
2026-09-22 13:47:21,754 [INFO] [117/121] 충정로역 (primary=KEY_1)
2026-09-22 13:47:23,112 [INFO] [118/121] 합정역 (primary=KEY_2)
2026-09-22 13:47:24,460 [INFO] [119/121] 혜화역 (primary=KEY_3)
2026-09-22 13:47:25,837 [INFO] [120/121] 홍대입구역(2호선) (primary=KEY_4)
2026-09-22 13:47:27,219 [INFO] [121/121] 회기역 (primary=KEY_1)
2026-09-22 13:47:29,543 [INFO] === 수집 완료 | 성공 121, 실패 0 ===
2026-09-22 13:47:29,543 [INFO] 카테고리별 저장 결과:
2026-09-22 13:47:29,543 [INFO]    accident                  | 신규     4행 | 누적      9행 | 16컬럼
2026-09-22 13:47:29,543 [INFO]    accident_acdnt_cntrl_stts | 신규     2행 | 누적      2행 | 16컬럼
2026-09-22 13:47:29,543 [INFO]    area_meta                 | 신규   121행 | 누적    363행 | 5컬럼
2026-09-22 13:47:29,543 [INFO]    bike                      | 신규    11행 | 누적     33행 | 12컬럼
2026-09-22 13:47:29,543 [INFO]    bike_sbike_stts           | 신규   575행 | 누적   1723행 | 12컬럼
2026-09-22 13:47:29,543 [INFO]    bus                       | 신규     3행 | 누적      9행 | 11컬럼
2026-09-22 13:47:29,543 [INFO]    bus_bus_stn_stts          | 신규  1745행 | 누적   5235행 | 11컬럼
2026-09-22 13:47:29,544 [INFO]    charger                   | 신규     4행 | 누적     12행 | 15컬럼
2026-09-22 13:47:29,544 [INFO]    charger_charger_stts      | 신규  1918행 | 누적   5713행 | 15컬럼
2026-09-22 13:47:29,544 [INFO]    cmrcl                     | 신규    82행 | 누적    246행 | 21컬럼
2026-09-22 13:47:29,544 [INFO]    events                    | 신규    13행 | 누적     40행 | 14컬럼
2026-09-22 13:47:29,544 [INFO]    events_event_stts         | 신규   115행 | 누적    343행 | 14컬럼
2026-09-22 13:47:29,544 [INFO]    parking                   | 신규     6행 | 누적     18행 | 21컬럼
2026-09-22 13:47:29,544 [INFO]    parking_prk_stts          | 신규  1832행 | 누적   5496행 | 21컬럼
2026-09-22 13:47:29,544 [INFO]    ppltn                     | 신규   121행 | 누적    363행 | 26컬럼
2026-09-22 13:47:29,544 [INFO]    road                      | 신규   121행 | 누적    363행 | 21컬럼
2026-09-22 13:47:29,544 [INFO]    road_road_traffic_stts    | 신규  5299행 | 누적  15897행 | 17컬럼
2026-09-22 13:47:29,544 [INFO]    subway                    | 신규    38행 | 누적    114행 | 12컬럼
2026-09-22 13:47:29,544 [INFO]    subway_sub_stts           | 신규   183행 | 누적    549행 | 13컬럼
2026-09-22 13:47:29,544 [INFO]    weather                   | 신규   119행 | 누적    357행 | 29컬럼
2026-09-22 13:47:29,544 [INFO] 키별 사용량:
2026-09-22 13:47:29,544 [INFO]    🟢 KEY_1 (31/1000) 
2026-09-22 13:47:29,544 [INFO]    🟢 KEY_2 (30/1000) 
2026-09-22 13:47:29,544 [INFO]    🟢 KEY_3 (30/1000) 
2026-09-22 13:47:29,544 [INFO]    🟢 KEY_4 (30/1000) 
