2026-10-05 03:08:02,954 [INFO] 등록된 키: 4개, 합산 한도 4,000건/일
2026-10-05 03:08:02,955 [INFO] POI 로드: 매뉴얼 v8.5 기준 fallback 121개 (121개 전체)
2026-10-05 03:08:02,955 [INFO] === 수집 시작 2026-10-05T03:08:02.955097+09:00 ===
2026-10-05 03:08:02,955 [INFO] 대상 장소: 121개 | API: citydata (통합)
2026-10-05 03:08:02,955 [INFO] 키 풀: 4/4 활성 | 오늘 사용 0/4000건
2026-10-05 03:08:02,955 [INFO]   [KEY_1] 담당 31장소
2026-10-05 03:08:02,955 [INFO]   [KEY_2] 담당 30장소
2026-10-05 03:08:02,955 [INFO]   [KEY_3] 담당 30장소
2026-10-05 03:08:02,955 [INFO]   [KEY_4] 담당 30장소
2026-10-05 03:08:02,955 [INFO] [1/121] 경복궁 (primary=KEY_1)
2026-10-05 03:08:04,580 [INFO] [2/121] 광화문·덕수궁 (primary=KEY_2)
2026-10-05 03:08:05,956 [INFO] [3/121] 보신각 (primary=KEY_3)
2026-10-05 03:08:07,184 [INFO] [4/121] 서울 암사동 유적 (primary=KEY_4)
2026-10-05 03:08:08,750 [INFO] [5/121] 창덕궁·종묘 (primary=KEY_1)
2026-10-05 03:08:09,819 [INFO] [6/121] 강남 MICE 관광특구 (primary=KEY_2)
2026-10-05 03:08:11,020 [INFO] [7/121] 동대문 관광특구 (primary=KEY_3)
2026-10-05 03:08:13,030 [INFO] [8/121] 명동 관광특구 (primary=KEY_4)
2026-10-05 03:08:14,462 [INFO] [9/121] 이태원 관광특구 (primary=KEY_1)
2026-10-05 03:08:16,179 [INFO] [10/121] 잠실 관광특구 (primary=KEY_2)
2026-10-05 03:08:18,221 [INFO] [11/121] 종로·청계 관광특구 (primary=KEY_3)
2026-10-05 03:08:19,502 [INFO] [12/121] 홍대 관광특구 (primary=KEY_4)
2026-10-05 03:08:20,762 [INFO] [13/121] 강서한강공원 (primary=KEY_1)
2026-10-05 03:08:22,463 [INFO] [14/121] 고척돔 (primary=KEY_2)
2026-10-05 03:08:23,905 [INFO] [15/121] 광나루한강공원 (primary=KEY_3)
2026-10-05 03:08:25,479 [INFO] [16/121] 광화문광장 (primary=KEY_4)
2026-10-05 03:08:27,195 [INFO] [17/121] 국립중앙박물관·용산가족공원 (primary=KEY_1)
2026-10-05 03:08:28,790 [INFO] [18/121] 난지한강공원 (primary=KEY_2)
2026-10-05 03:08:29,740 [INFO] [19/121] 남산공원 (primary=KEY_3)
2026-10-05 03:08:30,991 [INFO] [20/121] 노들섬 (primary=KEY_4)
2026-10-05 03:08:31,942 [INFO] [21/121] 뚝섬한강공원 (primary=KEY_1)
2026-10-05 03:08:32,902 [INFO] [22/121] 망원한강공원 (primary=KEY_2)
2026-10-05 03:08:33,993 [INFO] [23/121] 반포한강공원 (primary=KEY_3)
2026-10-05 03:08:34,938 [INFO] [24/121] 보라매공원 (primary=KEY_4)
2026-10-05 03:08:36,426 [INFO] [25/121] 북서울꿈의숲 (primary=KEY_1)
2026-10-05 03:08:37,506 [INFO] [26/121] 서대문독립공원 (primary=KEY_2)
2026-10-05 03:08:38,520 [INFO] [27/121] 서리풀공원·몽마르뜨공원 (primary=KEY_3)
2026-10-05 03:08:39,505 [INFO] [28/121] 서울대공원 (primary=KEY_4)
2026-10-05 03:08:40,445 [INFO] [29/121] 서울숲공원 (primary=KEY_1)
2026-10-05 03:08:41,652 [INFO] [30/121] 송현녹지광장 (primary=KEY_2)
2026-10-05 03:08:42,738 [INFO] [31/121] 아차산 (primary=KEY_3)
2026-10-05 03:08:43,807 [INFO] [32/121] 안양천 (primary=KEY_4)
2026-10-05 03:08:44,759 [INFO] [33/121] 양화한강공원 (primary=KEY_1)
2026-10-05 03:08:45,717 [INFO] [34/121] 어린이대공원 (primary=KEY_2)
2026-10-05 03:08:46,925 [INFO] [35/121] 여의도한강공원 (primary=KEY_3)
2026-10-05 03:08:48,013 [INFO] [36/121] 여의서로 (primary=KEY_4)
2026-10-05 03:08:49,094 [INFO] [37/121] 올림픽공원 (primary=KEY_1)
2026-10-05 03:08:50,219 [INFO] [38/121] 월드컵공원 (primary=KEY_2)
2026-10-05 03:08:51,465 [INFO] [39/121] 응봉산 (primary=KEY_3)
2026-10-05 03:08:52,546 [INFO] [40/121] 이촌한강공원 (primary=KEY_4)
2026-10-05 03:08:54,255 [INFO] [41/121] 잠실종합운동장 (primary=KEY_1)
2026-10-05 03:08:55,216 [INFO] [42/121] 잠실한강공원 (primary=KEY_2)
2026-10-05 03:08:56,195 [INFO] [43/121] 잠원한강공원 (primary=KEY_3)
2026-10-05 03:08:57,149 [INFO] [44/121] 청계산 (primary=KEY_4)
2026-10-05 03:08:58,084 [INFO] [45/121] 홍제폭포 (primary=KEY_1)
2026-10-05 03:08:59,036 [INFO] [46/121] 가락시장 (primary=KEY_2)
2026-10-05 03:09:00,154 [INFO] [47/121] 가로수길 (primary=KEY_3)
2026-10-05 03:09:01,259 [INFO] [48/121] 광장(전통)시장 (primary=KEY_4)
2026-10-05 03:09:02,233 [INFO] [49/121] 김포공항 (primary=KEY_1)
2026-10-05 03:09:03,461 [INFO] [50/121] 남대문시장 (primary=KEY_2)
2026-10-05 03:09:04,548 [INFO] [51/121] 노량진 (primary=KEY_3)
2026-10-05 03:09:05,690 [INFO] [52/121] 덕수궁길·정동길 (primary=KEY_4)
2026-10-05 03:09:06,810 [INFO] [53/121] 북창동 먹자골목 (primary=KEY_1)
2026-10-05 03:09:07,893 [INFO] [54/121] 북촌한옥마을 (primary=KEY_2)
2026-10-05 03:09:09,123 [INFO] [55/121] 서촌 (primary=KEY_3)
2026-10-05 03:09:10,222 [INFO] [56/121] 성수카페거리 (primary=KEY_4)
2026-10-05 03:09:11,462 [INFO] [57/121] 송리단길·호수단길 (primary=KEY_1)
2026-10-05 03:09:12,614 [INFO] [58/121] 신촌 스타광장 (primary=KEY_2)
2026-10-05 03:09:13,590 [INFO] [59/121] 압구정로데오거리 (primary=KEY_3)
2026-10-05 03:09:14,692 [INFO] [60/121] 여의도 (primary=KEY_4)
2026-10-05 03:09:16,408 [INFO] [61/121] 연남동 (primary=KEY_1)
2026-10-05 03:09:17,481 [INFO] [62/121] 영등포 타임스퀘어 (primary=KEY_2)
2026-10-05 03:09:18,559 [INFO] [63/121] 용리단길 (primary=KEY_3)
2026-10-05 03:09:19,557 [INFO] [64/121] 이태원 앤틱가구거리 (primary=KEY_4)
2026-10-05 03:09:20,535 [INFO] [65/121] 익선동 (primary=KEY_1)
2026-10-05 03:09:21,629 [INFO] [66/121] 인사동 (primary=KEY_2)
2026-10-05 03:09:22,850 [INFO] [67/121] 잠실롯데타워·석촌호수 (primary=KEY_3)
2026-10-05 03:09:24,227 [INFO] [68/121] 창동 신경제 중심지 (primary=KEY_4)
2026-10-05 03:09:25,593 [INFO] [69/121] 청담동 명품거리 (primary=KEY_1)
2026-10-05 03:09:26,667 [INFO] [70/121] 청량리 제기동 일대 전통시장 (primary=KEY_2)
2026-10-05 03:09:27,777 [INFO] [71/121] 해방촌·경리단길 (primary=KEY_3)
2026-10-05 03:09:28,737 [INFO] [72/121] DDP(동대문디자인플라자) (primary=KEY_4)
2026-10-05 03:09:29,916 [INFO] [73/121] DMC(디지털미디어시티) (primary=KEY_1)
2026-10-05 03:09:31,355 [INFO] [74/121] 가산디지털단지역 (primary=KEY_2)
2026-10-05 03:09:32,866 [INFO] [75/121] 강남역 (primary=KEY_3)
2026-10-05 03:09:34,113 [INFO] [76/121] 건대입구역 (primary=KEY_4)
2026-10-05 03:09:35,233 [INFO] [77/121] 고덕역 (primary=KEY_1)
2026-10-05 03:09:36,318 [INFO] [78/121] 고속터미널역 (primary=KEY_2)
2026-10-05 03:09:37,436 [INFO] [79/121] 교대역 (primary=KEY_3)
2026-10-05 03:09:38,920 [INFO] [80/121] 구로디지털단지역 (primary=KEY_4)
2026-10-05 03:09:40,270 [INFO] [81/121] 구로역 (primary=KEY_1)
2026-10-05 03:09:41,346 [INFO] [82/121] 군자역 (primary=KEY_2)
2026-10-05 03:09:42,325 [INFO] [83/121] 대림역 (primary=KEY_3)
2026-10-05 03:09:43,417 [INFO] [84/121] 동대문역 (primary=KEY_4)
2026-10-05 03:09:44,513 [INFO] [85/121] 뚝섬역 (primary=KEY_1)
2026-10-05 03:09:45,672 [INFO] [86/121] 미아사거리역 (primary=KEY_2)
2026-10-05 03:09:46,769 [INFO] [87/121] 발산역 (primary=KEY_3)
2026-10-05 03:09:47,997 [INFO] [88/121] 사당역 (primary=KEY_4)
2026-10-05 03:09:49,085 [INFO] [89/121] 삼각지역 (primary=KEY_1)
2026-10-05 03:09:50,420 [INFO] [90/121] 서울대입구역 (primary=KEY_2)
2026-10-05 03:09:51,510 [INFO] [91/121] 서울식물원·마곡나루역 (primary=KEY_3)
2026-10-05 03:09:52,729 [INFO] [92/121] 서울역 (primary=KEY_4)
2026-10-05 03:09:53,979 [INFO] [93/121] 선릉역 (primary=KEY_1)
2026-10-05 03:09:55,340 [INFO] [94/121] 성신여대입구역 (primary=KEY_2)
2026-10-05 03:09:56,306 [INFO] [95/121] 수유역 (primary=KEY_3)
2026-10-05 03:09:57,390 [INFO] [96/121] 숭례문 (primary=KEY_4)
2026-10-05 03:09:58,485 [INFO] [97/121] 시의회 앞 (primary=KEY_1)
2026-10-05 03:09:59,583 [INFO] [98/121] 신논현역·논현역 (primary=KEY_2)
2026-10-05 03:10:00,713 [INFO] [99/121] 신도림역 (primary=KEY_3)
2026-10-05 03:10:01,686 [INFO] [100/121] 신림역 (primary=KEY_4)
2026-10-05 03:10:02,709 [INFO] [101/121] 신정네거리역 (primary=KEY_1)
2026-10-05 03:10:03,969 [INFO] [102/121] 신촌·이대역 (primary=KEY_2)
2026-10-05 03:10:05,102 [INFO] [103/121] 쌍문역 (primary=KEY_3)
2026-10-05 03:10:06,271 [INFO] [104/121] 양재역 (primary=KEY_4)
2026-10-05 03:10:07,527 [INFO] [105/121] 역삼역 (primary=KEY_1)
2026-10-05 03:10:08,739 [INFO] [106/121] 연신내역 (primary=KEY_2)
2026-10-05 03:10:09,708 [INFO] [107/121] 오목교역·목동운동장 (primary=KEY_3)
2026-10-05 03:10:11,208 [INFO] [108/121] 왕십리역 (primary=KEY_4)
2026-10-05 03:10:12,318 [INFO] [109/121] 용산역 (primary=KEY_1)
2026-10-05 03:10:13,531 [INFO] [110/121] 이태원역 (primary=KEY_2)
2026-10-05 03:10:14,971 [INFO] [111/121] 잠실새내역 (primary=KEY_3)
2026-10-05 03:10:16,058 [INFO] [112/121] 잠실역 (primary=KEY_4)
2026-10-05 03:10:17,359 [INFO] [113/121] 장지역 (primary=KEY_1)
2026-10-05 03:10:18,665 [INFO] [114/121] 장한평역 (primary=KEY_2)
2026-10-05 03:10:19,755 [INFO] [115/121] 천호역 (primary=KEY_3)
2026-10-05 03:10:20,850 [INFO] [116/121] 총신대입구(이수)역 (primary=KEY_4)
2026-10-05 03:10:21,932 [INFO] [117/121] 충정로역 (primary=KEY_1)
2026-10-05 03:10:23,027 [INFO] [118/121] 합정역 (primary=KEY_2)
2026-10-05 03:10:24,110 [INFO] [119/121] 혜화역 (primary=KEY_3)
2026-10-05 03:10:25,196 [INFO] [120/121] 홍대입구역(2호선) (primary=KEY_4)
2026-10-05 03:10:26,310 [INFO] [121/121] 회기역 (primary=KEY_1)
2026-10-05 03:10:27,831 [INFO] === 수집 완료 | 성공 121, 실패 0 ===
2026-10-05 03:10:27,831 [INFO] 카테고리별 저장 결과:
2026-10-05 03:10:27,831 [INFO]    area_meta                 | 신규   121행 | 누적    121행 | 5컬럼
2026-10-05 03:10:27,831 [INFO]    bike                      | 신규    10행 | 누적     10행 | 12컬럼
2026-10-05 03:10:27,831 [INFO]    bike_sbike_stts           | 신규   571행 | 누적    571행 | 12컬럼
2026-10-05 03:10:27,831 [INFO]    bus                       | 신규     3행 | 누적      3행 | 11컬럼
2026-10-05 03:10:27,831 [INFO]    bus_bus_stn_stts          | 신규  1745행 | 누적   1745행 | 11컬럼
2026-10-05 03:10:27,831 [INFO]    charger                   | 신규     4행 | 누적      4행 | 15컬럼
2026-10-05 03:10:27,831 [INFO]    charger_charger_stts      | 신규  1926행 | 누적   1926행 | 15컬럼
2026-10-05 03:10:27,831 [INFO]    cmrcl                     | 신규    82행 | 누적     82행 | 20컬럼
2026-10-05 03:10:27,831 [INFO]    events                    | 신규    12행 | 누적     12행 | 14컬럼
2026-10-05 03:10:27,831 [INFO]    events_event_stts         | 신규   126행 | 누적    126행 | 14컬럼
2026-10-05 03:10:27,831 [INFO]    parking                   | 신규     6행 | 누적      6행 | 21컬럼
2026-10-05 03:10:27,832 [INFO]    parking_prk_stts          | 신규  1832행 | 누적   1832행 | 21컬럼
2026-10-05 03:10:27,832 [INFO]    ppltn                     | 신규   120행 | 누적    120행 | 26컬럼
2026-10-05 03:10:27,832 [INFO]    road                      | 신규   121행 | 누적    121행 | 21컬럼
2026-10-05 03:10:27,832 [INFO]    road_road_traffic_stts    | 신규  5304행 | 누적   5304행 | 17컬럼
2026-10-05 03:10:27,832 [INFO]    subway                    | 신규    38행 | 누적     38행 | 12컬럼
2026-10-05 03:10:27,832 [INFO]    subway_sub_stts           | 신규   183행 | 누적    183행 | 13컬럼
2026-10-05 03:10:27,832 [INFO]    weather                   | 신규   119행 | 누적    119행 | 29컬럼
2026-10-05 03:10:27,832 [INFO] 키별 사용량:
2026-10-05 03:10:27,832 [INFO]    🟢 KEY_1 (31/1000) 
2026-10-05 03:10:27,832 [INFO]    🟢 KEY_2 (30/1000) 
2026-10-05 03:10:27,832 [INFO]    🟢 KEY_3 (30/1000) 
2026-10-05 03:10:27,832 [INFO]    🟢 KEY_4 (30/1000) 
2026-10-05 06:21:17,515 [INFO] 등록된 키: 4개, 합산 한도 4,000건/일
2026-10-05 06:21:17,515 [INFO] POI 로드: 매뉴얼 v8.5 기준 fallback 121개 (121개 전체)
2026-10-05 06:21:17,515 [INFO] === 수집 시작 2026-10-05T06:21:17.515859+09:00 ===
2026-10-05 06:21:17,515 [INFO] 대상 장소: 121개 | API: citydata (통합)
2026-10-05 06:21:17,516 [INFO] 키 풀: 4/4 활성 | 오늘 사용 0/4000건
2026-10-05 06:21:17,516 [INFO]   [KEY_1] 담당 31장소
2026-10-05 06:21:17,516 [INFO]   [KEY_2] 담당 30장소
2026-10-05 06:21:17,516 [INFO]   [KEY_3] 담당 30장소
2026-10-05 06:21:17,516 [INFO]   [KEY_4] 담당 30장소
2026-10-05 06:21:17,516 [INFO] [1/121] 경복궁 (primary=KEY_1)
2026-10-05 06:21:19,401 [INFO] [2/121] 광화문·덕수궁 (primary=KEY_2)
2026-10-05 06:21:21,627 [INFO] [3/121] 보신각 (primary=KEY_3)
2026-10-05 06:21:23,489 [INFO] [4/121] 서울 암사동 유적 (primary=KEY_4)
2026-10-05 06:21:25,177 [INFO] [5/121] 창덕궁·종묘 (primary=KEY_1)
2026-10-05 06:21:27,024 [INFO] [6/121] 강남 MICE 관광특구 (primary=KEY_2)
2026-10-05 06:21:28,813 [INFO] [7/121] 동대문 관광특구 (primary=KEY_3)
2026-10-05 06:21:30,914 [INFO] [8/121] 명동 관광특구 (primary=KEY_4)
2026-10-05 06:21:33,160 [INFO] [9/121] 이태원 관광특구 (primary=KEY_1)
2026-10-05 06:21:34,555 [INFO] [10/121] 잠실 관광특구 (primary=KEY_2)
2026-10-05 06:21:36,159 [INFO] [11/121] 종로·청계 관광특구 (primary=KEY_3)
2026-10-05 06:21:38,223 [INFO] [12/121] 홍대 관광특구 (primary=KEY_4)
2026-10-05 06:21:40,614 [INFO] [13/121] 강서한강공원 (primary=KEY_1)
2026-10-05 06:21:42,297 [INFO] [14/121] 고척돔 (primary=KEY_2)
2026-10-05 06:21:43,345 [INFO] [15/121] 광나루한강공원 (primary=KEY_3)
2026-10-05 06:21:44,547 [INFO] [16/121] 광화문광장 (primary=KEY_4)
2026-10-05 06:21:45,752 [INFO] [17/121] 국립중앙박물관·용산가족공원 (primary=KEY_1)
2026-10-05 06:21:46,810 [INFO] [18/121] 난지한강공원 (primary=KEY_2)
2026-10-05 06:21:47,848 [INFO] [19/121] 남산공원 (primary=KEY_3)
2026-10-05 06:21:49,234 [INFO] [20/121] 노들섬 (primary=KEY_4)
2026-10-05 06:21:50,272 [INFO] [21/121] 뚝섬한강공원 (primary=KEY_1)
2026-10-05 06:21:51,316 [INFO] [22/121] 망원한강공원 (primary=KEY_2)
2026-10-05 06:21:52,531 [INFO] [23/121] 반포한강공원 (primary=KEY_3)
2026-10-05 06:21:54,215 [INFO] [24/121] 보라매공원 (primary=KEY_4)
2026-10-05 06:21:55,290 [INFO] [25/121] 북서울꿈의숲 (primary=KEY_1)
2026-10-05 06:21:56,548 [INFO] [26/121] 서대문독립공원 (primary=KEY_2)
2026-10-05 06:21:57,600 [INFO] [27/121] 서리풀공원·몽마르뜨공원 (primary=KEY_3)
2026-10-05 06:21:58,987 [INFO] [28/121] 서울대공원 (primary=KEY_4)
2026-10-05 06:22:00,027 [INFO] [29/121] 서울숲공원 (primary=KEY_1)
2026-10-05 06:22:01,889 [INFO] [30/121] 송현녹지광장 (primary=KEY_2)
2026-10-05 06:22:03,100 [INFO] [31/121] 아차산 (primary=KEY_3)
2026-10-05 06:22:04,155 [INFO] [32/121] 안양천 (primary=KEY_4)
2026-10-05 06:22:05,199 [INFO] [33/121] 양화한강공원 (primary=KEY_1)
2026-10-05 06:22:06,247 [INFO] [34/121] 어린이대공원 (primary=KEY_2)
2026-10-05 06:22:07,466 [INFO] [35/121] 여의도한강공원 (primary=KEY_3)
2026-10-05 06:22:08,673 [INFO] [36/121] 여의서로 (primary=KEY_4)
2026-10-05 06:22:09,880 [INFO] [37/121] 올림픽공원 (primary=KEY_1)
2026-10-05 06:22:11,150 [INFO] [38/121] 월드컵공원 (primary=KEY_2)
2026-10-05 06:22:12,546 [INFO] [39/121] 응봉산 (primary=KEY_3)
2026-10-05 06:22:13,750 [INFO] [40/121] 이촌한강공원 (primary=KEY_4)
2026-10-05 06:22:14,800 [INFO] [41/121] 잠실종합운동장 (primary=KEY_1)
2026-10-05 06:22:15,894 [INFO] [42/121] 잠실한강공원 (primary=KEY_2)
2026-10-05 06:22:16,944 [INFO] [43/121] 잠원한강공원 (primary=KEY_3)
2026-10-05 06:22:17,986 [INFO] [44/121] 청계산 (primary=KEY_4)
2026-10-05 06:22:19,035 [INFO] [45/121] 홍제폭포 (primary=KEY_1)
2026-10-05 06:22:20,082 [INFO] [46/121] 가락시장 (primary=KEY_2)
2026-10-05 06:22:21,328 [INFO] [47/121] 가로수길 (primary=KEY_3)
2026-10-05 06:22:22,559 [INFO] [48/121] 광장(전통)시장 (primary=KEY_4)
2026-10-05 06:22:23,626 [INFO] [49/121] 김포공항 (primary=KEY_1)
2026-10-05 06:22:25,022 [INFO] [50/121] 남대문시장 (primary=KEY_2)
2026-10-05 06:22:26,255 [INFO] [51/121] 노량진 (primary=KEY_3)
2026-10-05 06:22:27,491 [INFO] [52/121] 덕수궁길·정동길 (primary=KEY_4)
2026-10-05 06:22:28,722 [INFO] [53/121] 북창동 먹자골목 (primary=KEY_1)
2026-10-05 06:22:29,949 [INFO] [54/121] 북촌한옥마을 (primary=KEY_2)
2026-10-05 06:22:31,342 [INFO] [55/121] 서촌 (primary=KEY_3)
2026-10-05 06:22:33,127 [INFO] [56/121] 성수카페거리 (primary=KEY_4)
2026-10-05 06:22:34,509 [INFO] [57/121] 송리단길·호수단길 (primary=KEY_1)
2026-10-05 06:22:35,755 [INFO] [58/121] 신촌 스타광장 (primary=KEY_2)
2026-10-05 06:22:36,819 [INFO] [59/121] 압구정로데오거리 (primary=KEY_3)
2026-10-05 06:22:38,034 [INFO] [60/121] 여의도 (primary=KEY_4)
2026-10-05 06:22:40,152 [INFO] [61/121] 연남동 (primary=KEY_1)
2026-10-05 06:22:41,367 [INFO] [62/121] 영등포 타임스퀘어 (primary=KEY_2)
2026-10-05 06:22:43,234 [INFO] [63/121] 용리단길 (primary=KEY_3)
2026-10-05 06:22:44,969 [INFO] [64/121] 이태원 앤틱가구거리 (primary=KEY_4)
2026-10-05 06:22:46,206 [INFO] [65/121] 익선동 (primary=KEY_1)
2026-10-05 06:22:47,462 [INFO] [66/121] 인사동 (primary=KEY_2)
2026-10-05 06:22:48,868 [INFO] [67/121] 잠실롯데타워·석촌호수 (primary=KEY_3)
2026-10-05 06:22:50,455 [INFO] [68/121] 창동 신경제 중심지 (primary=KEY_4)
2026-10-05 06:22:52,042 [INFO] [69/121] 청담동 명품거리 (primary=KEY_1)
2026-10-05 06:22:53,277 [INFO] [70/121] 청량리 제기동 일대 전통시장 (primary=KEY_2)
2026-10-05 06:22:54,510 [INFO] [71/121] 해방촌·경리단길 (primary=KEY_3)
2026-10-05 06:22:55,619 [INFO] [72/121] DDP(동대문디자인플라자) (primary=KEY_4)
2026-10-05 06:22:56,865 [INFO] [73/121] DMC(디지털미디어시티) (primary=KEY_1)
2026-10-05 06:22:58,471 [INFO] [74/121] 가산디지털단지역 (primary=KEY_2)
2026-10-05 06:23:00,203 [INFO] [75/121] 강남역 (primary=KEY_3)
2026-10-05 06:23:01,644 [INFO] [76/121] 건대입구역 (primary=KEY_4)
2026-10-05 06:23:02,901 [INFO] [77/121] 고덕역 (primary=KEY_1)
2026-10-05 06:23:04,135 [INFO] [78/121] 고속터미널역 (primary=KEY_2)
2026-10-05 06:23:05,438 [INFO] [79/121] 교대역 (primary=KEY_3)
2026-10-05 06:23:06,670 [INFO] [80/121] 구로디지털단지역 (primary=KEY_4)
2026-10-05 06:23:08,209 [INFO] [81/121] 구로역 (primary=KEY_1)
2026-10-05 06:23:09,426 [INFO] [82/121] 군자역 (primary=KEY_2)
2026-10-05 06:23:10,671 [INFO] [83/121] 대림역 (primary=KEY_3)
2026-10-05 06:23:11,905 [INFO] [84/121] 동대문역 (primary=KEY_4)
2026-10-05 06:23:13,144 [INFO] [85/121] 뚝섬역 (primary=KEY_1)
2026-10-05 06:23:14,408 [INFO] [86/121] 미아사거리역 (primary=KEY_2)
2026-10-05 06:23:15,631 [INFO] [87/121] 발산역 (primary=KEY_3)
2026-10-05 06:23:17,186 [INFO] [88/121] 사당역 (primary=KEY_4)
2026-10-05 06:23:18,434 [INFO] [89/121] 삼각지역 (primary=KEY_1)
2026-10-05 06:23:20,329 [INFO] [90/121] 서울대입구역 (primary=KEY_2)
2026-10-05 06:23:21,546 [INFO] [91/121] 서울식물원·마곡나루역 (primary=KEY_3)
2026-10-05 06:23:22,955 [INFO] [92/121] 서울역 (primary=KEY_4)
2026-10-05 06:23:24,401 [INFO] [93/121] 선릉역 (primary=KEY_1)
2026-10-05 06:23:25,988 [INFO] [94/121] 성신여대입구역 (primary=KEY_2)
2026-10-05 06:23:27,053 [INFO] [95/121] 수유역 (primary=KEY_3)
2026-10-05 06:23:28,268 [INFO] [96/121] 숭례문 (primary=KEY_4)
2026-10-05 06:23:29,500 [INFO] [97/121] 시의회 앞 (primary=KEY_1)
2026-10-05 06:23:30,754 [INFO] [98/121] 신논현역·논현역 (primary=KEY_2)
2026-10-05 06:23:32,012 [INFO] [99/121] 신도림역 (primary=KEY_3)
2026-10-05 06:23:33,076 [INFO] [100/121] 신림역 (primary=KEY_4)
2026-10-05 06:23:34,302 [INFO] [101/121] 신정네거리역 (primary=KEY_1)
2026-10-05 06:23:35,528 [INFO] [102/121] 신촌·이대역 (primary=KEY_2)
2026-10-05 06:23:36,767 [INFO] [103/121] 쌍문역 (primary=KEY_3)
2026-10-05 06:23:37,988 [INFO] [104/121] 양재역 (primary=KEY_4)
2026-10-05 06:23:39,799 [INFO] [105/121] 역삼역 (primary=KEY_1)
2026-10-05 06:23:41,189 [INFO] [106/121] 연신내역 (primary=KEY_2)
2026-10-05 06:23:42,285 [INFO] [107/121] 오목교역·목동운동장 (primary=KEY_3)
2026-10-05 06:23:44,015 [INFO] [108/121] 왕십리역 (primary=KEY_4)
2026-10-05 06:23:45,415 [INFO] [109/121] 용산역 (primary=KEY_1)
2026-10-05 06:23:46,823 [INFO] [110/121] 이태원역 (primary=KEY_2)
2026-10-05 06:23:47,898 [INFO] [111/121] 잠실새내역 (primary=KEY_3)
2026-10-05 06:23:49,122 [INFO] [112/121] 잠실역 (primary=KEY_4)
2026-10-05 06:23:50,635 [INFO] [113/121] 장지역 (primary=KEY_1)
2026-10-05 06:23:52,024 [INFO] [114/121] 장한평역 (primary=KEY_2)
2026-10-05 06:23:53,260 [INFO] [115/121] 천호역 (primary=KEY_3)
2026-10-05 06:23:54,507 [INFO] [116/121] 총신대입구(이수)역 (primary=KEY_4)
2026-10-05 06:23:55,744 [INFO] [117/121] 충정로역 (primary=KEY_1)
2026-10-05 06:23:56,983 [INFO] [118/121] 합정역 (primary=KEY_2)
2026-10-05 06:23:58,228 [INFO] [119/121] 혜화역 (primary=KEY_3)
2026-10-05 06:23:59,449 [INFO] [120/121] 홍대입구역(2호선) (primary=KEY_4)
2026-10-05 06:24:00,692 [INFO] [121/121] 회기역 (primary=KEY_1)
2026-10-05 06:24:02,583 [INFO] === 수집 완료 | 성공 121, 실패 0 ===
2026-10-05 06:24:02,583 [INFO] 카테고리별 저장 결과:
2026-10-05 06:24:02,583 [INFO]    accident                  | 신규     2행 | 누적      2행 | 16컬럼
2026-10-05 06:24:02,583 [INFO]    area_meta                 | 신규   121행 | 누적    242행 | 5컬럼
2026-10-05 06:24:02,583 [INFO]    bike                      | 신규    10행 | 누적     20행 | 12컬럼
2026-10-05 06:24:02,584 [INFO]    bike_sbike_stts           | 신규   571행 | 누적   1142행 | 12컬럼
2026-10-05 06:24:02,584 [INFO]    bus                       | 신규     3행 | 누적      6행 | 11컬럼
2026-10-05 06:24:02,584 [INFO]    bus_bus_stn_stts          | 신규  1745행 | 누적   3490행 | 11컬럼
2026-10-05 06:24:02,584 [INFO]    charger                   | 신규     4행 | 누적      8행 | 15컬럼
2026-10-05 06:24:02,584 [INFO]    charger_charger_stts      | 신규  1926행 | 누적   3826행 | 15컬럼
2026-10-05 06:24:02,584 [INFO]    cmrcl                     | 신규    82행 | 누적    164행 | 20컬럼
2026-10-05 06:24:02,584 [INFO]    events                    | 신규    13행 | 누적     25행 | 14컬럼
2026-10-05 06:24:02,584 [INFO]    events_event_stts         | 신규    61행 | 누적    187행 | 14컬럼
2026-10-05 06:24:02,584 [INFO]    parking                   | 신규     6행 | 누적     12행 | 21컬럼
2026-10-05 06:24:02,584 [INFO]    parking_prk_stts          | 신규  1832행 | 누적   3664행 | 21컬럼
2026-10-05 06:24:02,584 [INFO]    ppltn                     | 신규   121행 | 누적    241행 | 26컬럼
2026-10-05 06:24:02,584 [INFO]    road                      | 신규   121행 | 누적    242행 | 21컬럼
2026-10-05 06:24:02,584 [INFO]    road_road_traffic_stts    | 신규  5304행 | 누적  10608행 | 17컬럼
2026-10-05 06:24:02,584 [INFO]    subway                    | 신규    38행 | 누적     76행 | 12컬럼
2026-10-05 06:24:02,584 [INFO]    subway_sub_stts           | 신규   183행 | 누적    366행 | 13컬럼
2026-10-05 06:24:02,584 [INFO]    weather                   | 신규   119행 | 누적    238행 | 29컬럼
2026-10-05 06:24:02,584 [INFO] 키별 사용량:
2026-10-05 06:24:02,584 [INFO]    🟢 KEY_1 (31/1000) 
2026-10-05 06:24:02,584 [INFO]    🟢 KEY_2 (30/1000) 
2026-10-05 06:24:02,584 [INFO]    🟢 KEY_3 (30/1000) 
2026-10-05 06:24:02,584 [INFO]    🟢 KEY_4 (30/1000) 
2026-10-05 09:49:17,731 [INFO] 등록된 키: 4개, 합산 한도 4,000건/일
2026-10-05 09:49:17,731 [INFO] POI 로드: 매뉴얼 v8.5 기준 fallback 121개 (121개 전체)
2026-10-05 09:49:17,731 [INFO] === 수집 시작 2026-10-05T09:49:17.731930+09:00 ===
2026-10-05 09:49:17,731 [INFO] 대상 장소: 121개 | API: citydata (통합)
2026-10-05 09:49:17,732 [INFO] 키 풀: 4/4 활성 | 오늘 사용 0/4000건
2026-10-05 09:49:17,732 [INFO]   [KEY_1] 담당 31장소
2026-10-05 09:49:17,732 [INFO]   [KEY_2] 담당 30장소
2026-10-05 09:49:17,732 [INFO]   [KEY_3] 담당 30장소
2026-10-05 09:49:17,732 [INFO]   [KEY_4] 담당 30장소
2026-10-05 09:49:17,732 [INFO] [1/121] 경복궁 (primary=KEY_1)
2026-10-05 09:49:19,956 [INFO] [2/121] 광화문·덕수궁 (primary=KEY_2)
2026-10-05 09:49:22,161 [INFO] [3/121] 보신각 (primary=KEY_3)
2026-10-05 09:49:24,364 [INFO] [4/121] 서울 암사동 유적 (primary=KEY_4)
2026-10-05 09:49:26,235 [INFO] [5/121] 창덕궁·종묘 (primary=KEY_1)
2026-10-05 09:49:28,150 [INFO] [6/121] 강남 MICE 관광특구 (primary=KEY_2)
2026-10-05 09:49:29,438 [INFO] [7/121] 동대문 관광특구 (primary=KEY_3)
2026-10-05 09:49:30,863 [INFO] [8/121] 명동 관광특구 (primary=KEY_4)
2026-10-05 09:49:32,513 [INFO] [9/121] 이태원 관광특구 (primary=KEY_1)
2026-10-05 09:49:34,628 [INFO] [10/121] 잠실 관광특구 (primary=KEY_2)
2026-10-05 09:49:36,841 [INFO] [11/121] 종로·청계 관광특구 (primary=KEY_3)
2026-10-05 09:49:39,058 [INFO] [12/121] 홍대 관광특구 (primary=KEY_4)
2026-10-05 09:49:40,655 [INFO] [13/121] 강서한강공원 (primary=KEY_1)
2026-10-05 09:49:41,712 [INFO] [14/121] 고척돔 (primary=KEY_2)
2026-10-05 09:49:43,341 [INFO] [15/121] 광나루한강공원 (primary=KEY_3)
2026-10-05 09:49:44,552 [INFO] [16/121] 광화문광장 (primary=KEY_4)
2026-10-05 09:49:45,760 [INFO] [17/121] 국립중앙박물관·용산가족공원 (primary=KEY_1)
2026-10-05 09:49:47,622 [INFO] [18/121] 난지한강공원 (primary=KEY_2)
2026-10-05 09:49:49,321 [INFO] [19/121] 남산공원 (primary=KEY_3)
2026-10-05 09:49:51,392 [INFO] [20/121] 노들섬 (primary=KEY_4)
2026-10-05 09:49:52,451 [INFO] [21/121] 뚝섬한강공원 (primary=KEY_1)
2026-10-05 09:49:53,533 [INFO] [22/121] 망원한강공원 (primary=KEY_2)
2026-10-05 09:49:54,748 [INFO] [23/121] 반포한강공원 (primary=KEY_3)
2026-10-05 09:49:55,796 [INFO] [24/121] 보라매공원 (primary=KEY_4)
2026-10-05 09:49:56,869 [INFO] [25/121] 북서울꿈의숲 (primary=KEY_1)
2026-10-05 09:49:58,118 [INFO] [26/121] 서대문독립공원 (primary=KEY_2)
2026-10-05 09:50:00,165 [INFO] [27/121] 서리풀공원·몽마르뜨공원 (primary=KEY_3)
2026-10-05 09:50:01,581 [INFO] [28/121] 서울대공원 (primary=KEY_4)
2026-10-05 09:50:02,614 [INFO] [29/121] 서울숲공원 (primary=KEY_1)
2026-10-05 09:50:03,871 [INFO] [30/121] 송현녹지광장 (primary=KEY_2)
2026-10-05 09:50:05,093 [INFO] [31/121] 아차산 (primary=KEY_3)
2026-10-05 09:50:06,953 [INFO] [32/121] 안양천 (primary=KEY_4)
2026-10-05 09:50:08,006 [INFO] [33/121] 양화한강공원 (primary=KEY_1)
2026-10-05 09:50:09,066 [INFO] [34/121] 어린이대공원 (primary=KEY_2)
2026-10-05 09:50:10,297 [INFO] [35/121] 여의도한강공원 (primary=KEY_3)
2026-10-05 09:50:11,508 [INFO] [36/121] 여의서로 (primary=KEY_4)
2026-10-05 09:50:12,705 [INFO] [37/121] 올림픽공원 (primary=KEY_1)
2026-10-05 09:50:13,954 [INFO] [38/121] 월드컵공원 (primary=KEY_2)
2026-10-05 09:50:15,349 [INFO] [39/121] 응봉산 (primary=KEY_3)
2026-10-05 09:50:18,108 [INFO] [40/121] 이촌한강공원 (primary=KEY_4)
2026-10-05 09:50:19,983 [INFO] [41/121] 잠실종합운동장 (primary=KEY_1)
2026-10-05 09:50:21,048 [INFO] [42/121] 잠실한강공원 (primary=KEY_2)
2026-10-05 09:50:22,964 [INFO] [43/121] 잠원한강공원 (primary=KEY_3)
2026-10-05 09:50:24,010 [INFO] [44/121] 청계산 (primary=KEY_4)
2026-10-05 09:50:25,057 [INFO] [45/121] 홍제폭포 (primary=KEY_1)
2026-10-05 09:50:26,109 [INFO] [46/121] 가락시장 (primary=KEY_2)
2026-10-05 09:50:28,256 [INFO] [47/121] 가로수길 (primary=KEY_3)
2026-10-05 09:50:29,517 [INFO] [48/121] 광장(전통)시장 (primary=KEY_4)
2026-10-05 09:50:30,577 [INFO] [49/121] 김포공항 (primary=KEY_1)
2026-10-05 09:50:31,977 [INFO] [50/121] 남대문시장 (primary=KEY_2)
2026-10-05 09:50:34,032 [INFO] [51/121] 노량진 (primary=KEY_3)
2026-10-05 09:50:35,261 [INFO] [52/121] 덕수궁길·정동길 (primary=KEY_4)
2026-10-05 09:50:36,515 [INFO] [53/121] 북창동 먹자골목 (primary=KEY_1)
2026-10-05 09:50:37,720 [INFO] [54/121] 북촌한옥마을 (primary=KEY_2)
2026-10-05 09:50:39,093 [INFO] [55/121] 서촌 (primary=KEY_3)
2026-10-05 09:50:40,308 [INFO] [56/121] 성수카페거리 (primary=KEY_4)
2026-10-05 09:50:41,716 [INFO] [57/121] 송리단길·호수단길 (primary=KEY_1)
2026-10-05 09:50:42,962 [INFO] [58/121] 신촌 스타광장 (primary=KEY_2)
2026-10-05 09:50:44,020 [INFO] [59/121] 압구정로데오거리 (primary=KEY_3)
2026-10-05 09:50:46,066 [INFO] [60/121] 여의도 (primary=KEY_4)
2026-10-05 09:50:48,034 [INFO] [61/121] 연남동 (primary=KEY_1)
2026-10-05 09:50:49,249 [INFO] [62/121] 영등포 타임스퀘어 (primary=KEY_2)
2026-10-05 09:50:50,494 [INFO] [63/121] 용리단길 (primary=KEY_3)
2026-10-05 09:50:51,573 [INFO] [64/121] 이태원 앤틱가구거리 (primary=KEY_4)
2026-10-05 09:50:52,790 [INFO] [65/121] 익선동 (primary=KEY_1)
2026-10-05 09:50:54,032 [INFO] [66/121] 인사동 (primary=KEY_2)
2026-10-05 09:50:55,436 [INFO] [67/121] 잠실롯데타워·석촌호수 (primary=KEY_3)
2026-10-05 09:50:56,992 [INFO] [68/121] 창동 신경제 중심지 (primary=KEY_4)
2026-10-05 09:50:58,549 [INFO] [69/121] 청담동 명품거리 (primary=KEY_1)
2026-10-05 09:50:59,777 [INFO] [70/121] 청량리 제기동 일대 전통시장 (primary=KEY_2)
2026-10-05 09:51:01,016 [INFO] [71/121] 해방촌·경리단길 (primary=KEY_3)
2026-10-05 09:51:02,134 [INFO] [72/121] DDP(동대문디자인플라자) (primary=KEY_4)
2026-10-05 09:51:03,596 [INFO] [73/121] DMC(디지털미디어시티) (primary=KEY_1)
2026-10-05 09:51:05,171 [INFO] [74/121] 가산디지털단지역 (primary=KEY_2)
2026-10-05 09:51:06,932 [INFO] [75/121] 강남역 (primary=KEY_3)
2026-10-05 09:51:08,329 [INFO] [76/121] 건대입구역 (primary=KEY_4)
2026-10-05 09:51:09,563 [INFO] [77/121] 고덕역 (primary=KEY_1)
2026-10-05 09:51:10,774 [INFO] [78/121] 고속터미널역 (primary=KEY_2)
2026-10-05 09:51:12,006 [INFO] [79/121] 교대역 (primary=KEY_3)
2026-10-05 09:51:13,229 [INFO] [80/121] 구로디지털단지역 (primary=KEY_4)
2026-10-05 09:51:14,800 [INFO] [81/121] 구로역 (primary=KEY_1)
2026-10-05 09:51:15,999 [INFO] [82/121] 군자역 (primary=KEY_2)
2026-10-05 09:51:17,245 [INFO] [83/121] 대림역 (primary=KEY_3)
2026-10-05 09:51:18,463 [INFO] [84/121] 동대문역 (primary=KEY_4)
2026-10-05 09:51:19,684 [INFO] [85/121] 뚝섬역 (primary=KEY_1)
2026-10-05 09:51:20,911 [INFO] [86/121] 미아사거리역 (primary=KEY_2)
2026-10-05 09:51:22,140 [INFO] [87/121] 발산역 (primary=KEY_3)
2026-10-05 09:51:23,679 [INFO] [88/121] 사당역 (primary=KEY_4)
2026-10-05 09:51:24,891 [INFO] [89/121] 삼각지역 (primary=KEY_1)
2026-10-05 09:51:26,124 [INFO] [90/121] 서울대입구역 (primary=KEY_2)
2026-10-05 09:51:27,334 [INFO] [91/121] 서울식물원·마곡나루역 (primary=KEY_3)
2026-10-05 09:51:28,784 [INFO] [92/121] 서울역 (primary=KEY_4)
2026-10-05 09:51:30,426 [INFO] [93/121] 선릉역 (primary=KEY_1)
2026-10-05 09:51:32,023 [INFO] [94/121] 성신여대입구역 (primary=KEY_2)
2026-10-05 09:51:33,101 [INFO] [95/121] 수유역 (primary=KEY_3)
2026-10-05 09:51:34,340 [INFO] [96/121] 숭례문 (primary=KEY_4)
2026-10-05 09:51:35,570 [INFO] [97/121] 시의회 앞 (primary=KEY_1)
2026-10-05 09:51:36,833 [INFO] [98/121] 신논현역·논현역 (primary=KEY_2)
2026-10-05 09:51:38,099 [INFO] [99/121] 신도림역 (primary=KEY_3)
2026-10-05 09:51:39,157 [INFO] [100/121] 신림역 (primary=KEY_4)
2026-10-05 09:51:40,394 [INFO] [101/121] 신정네거리역 (primary=KEY_1)
2026-10-05 09:51:41,628 [INFO] [102/121] 신촌·이대역 (primary=KEY_2)
2026-10-05 09:51:42,844 [INFO] [103/121] 쌍문역 (primary=KEY_3)
2026-10-05 09:51:44,055 [INFO] [104/121] 양재역 (primary=KEY_4)
2026-10-05 09:51:45,274 [INFO] [105/121] 역삼역 (primary=KEY_1)
2026-10-05 09:51:46,646 [INFO] [106/121] 연신내역 (primary=KEY_2)
2026-10-05 09:51:47,757 [INFO] [107/121] 오목교역·목동운동장 (primary=KEY_3)
2026-10-05 09:51:50,439 [INFO] [108/121] 왕십리역 (primary=KEY_4)
2026-10-05 09:51:52,648 [INFO] [109/121] 용산역 (primary=KEY_1)
2026-10-05 09:51:54,661 [INFO] [110/121] 이태원역 (primary=KEY_2)
2026-10-05 09:51:55,724 [INFO] [111/121] 잠실새내역 (primary=KEY_3)
2026-10-05 09:51:57,936 [INFO] [112/121] 잠실역 (primary=KEY_4)
2026-10-05 09:51:59,396 [INFO] [113/121] 장지역 (primary=KEY_1)
2026-10-05 09:52:00,794 [INFO] [114/121] 장한평역 (primary=KEY_2)
2026-10-05 09:52:02,716 [INFO] [115/121] 천호역 (primary=KEY_3)
2026-10-05 09:52:04,782 [INFO] [116/121] 총신대입구(이수)역 (primary=KEY_4)
2026-10-05 09:52:06,035 [INFO] [117/121] 충정로역 (primary=KEY_1)
2026-10-05 09:52:08,034 [INFO] [118/121] 합정역 (primary=KEY_2)
2026-10-05 09:52:09,934 [INFO] [119/121] 혜화역 (primary=KEY_3)
2026-10-05 09:52:11,180 [INFO] [120/121] 홍대입구역(2호선) (primary=KEY_4)
2026-10-05 09:52:13,042 [INFO] [121/121] 회기역 (primary=KEY_1)
2026-10-05 09:52:14,738 [INFO] === 수집 완료 | 성공 121, 실패 0 ===
2026-10-05 09:52:14,738 [INFO] 카테고리별 저장 결과:
2026-10-05 09:52:14,738 [INFO]    accident                  | 신규     2행 | 누적      4행 | 16컬럼
2026-10-05 09:52:14,738 [INFO]    accident_acdnt_cntrl_stts | 신규     2행 | 누적      2행 | 16컬럼
2026-10-05 09:52:14,738 [INFO]    area_meta                 | 신규   121행 | 누적    363행 | 5컬럼
2026-10-05 09:52:14,738 [INFO]    bike                      | 신규    10행 | 누적     30행 | 12컬럼
2026-10-05 09:52:14,738 [INFO]    bike_sbike_stts           | 신규   571행 | 누적   1713행 | 12컬럼
2026-10-05 09:52:14,738 [INFO]    bus                       | 신규     3행 | 누적      9행 | 11컬럼
2026-10-05 09:52:14,738 [INFO]    bus_bus_stn_stts          | 신규  1745행 | 누적   5235행 | 11컬럼
2026-10-05 09:52:14,738 [INFO]    charger                   | 신규     4행 | 누적     12행 | 15컬럼
2026-10-05 09:52:14,738 [INFO]    charger_charger_stts      | 신규  1926행 | 누적   5739행 | 15컬럼
2026-10-05 09:52:14,738 [INFO]    cmrcl                     | 신규    82행 | 누적    246행 | 20컬럼
2026-10-05 09:52:14,738 [INFO]    events                    | 신규    13행 | 누적     38행 | 14컬럼
2026-10-05 09:52:14,738 [INFO]    events_event_stts         | 신규    61행 | 누적    248행 | 14컬럼
2026-10-05 09:52:14,738 [INFO]    parking                   | 신규     6행 | 누적     18행 | 21컬럼
2026-10-05 09:52:14,738 [INFO]    parking_prk_stts          | 신규  1832행 | 누적   5496행 | 21컬럼
2026-10-05 09:52:14,738 [INFO]    ppltn                     | 신규   121행 | 누적    362행 | 26컬럼
2026-10-05 09:52:14,738 [INFO]    road                      | 신규   121행 | 누적    363행 | 21컬럼
2026-10-05 09:52:14,738 [INFO]    road_road_traffic_stts    | 신규  5304행 | 누적  15912행 | 17컬럼
2026-10-05 09:52:14,738 [INFO]    subway                    | 신규    38행 | 누적    114행 | 12컬럼
2026-10-05 09:52:14,738 [INFO]    subway_sub_stts           | 신규   183행 | 누적    549행 | 13컬럼
2026-10-05 09:52:14,738 [INFO]    weather                   | 신규   119행 | 누적    357행 | 29컬럼
2026-10-05 09:52:14,738 [INFO] 키별 사용량:
2026-10-05 09:52:14,738 [INFO]    🟢 KEY_1 (31/1000) 
2026-10-05 09:52:14,738 [INFO]    🟢 KEY_2 (30/1000) 
2026-10-05 09:52:14,738 [INFO]    🟢 KEY_3 (30/1000) 
2026-10-05 09:52:14,738 [INFO]    🟢 KEY_4 (30/1000) 
