2026-05-23 00:14:04,547 [INFO] 등록된 키: 4개, 합산 한도 4,000건/일
2026-05-23 00:14:04,547 [INFO] POI 로드: 매뉴얼 v8.5 기준 fallback 121개 (121개 전체)
2026-05-23 00:14:04,548 [INFO] === 수집 시작 2026-05-23T00:14:04.547984+09:00 ===
2026-05-23 00:14:04,548 [INFO] 대상 장소: 121개 | API: citydata (통합)
2026-05-23 00:14:04,548 [INFO] 키 풀: 4/4 활성 | 오늘 사용 0/4000건
2026-05-23 00:14:04,548 [INFO]   [KEY_1] 담당 31장소
2026-05-23 00:14:04,548 [INFO]   [KEY_2] 담당 30장소
2026-05-23 00:14:04,548 [INFO]   [KEY_3] 담당 30장소
2026-05-23 00:14:04,548 [INFO]   [KEY_4] 담당 30장소
2026-05-23 00:14:04,548 [INFO] [1/121] 경복궁 (primary=KEY_1)
2026-05-23 00:14:06,334 [INFO] [2/121] 광화문·덕수궁 (primary=KEY_2)
2026-05-23 00:14:08,276 [INFO] [3/121] 보신각 (primary=KEY_3)
2026-05-23 00:14:09,475 [INFO] [4/121] 서울 암사동 유적 (primary=KEY_4)
2026-05-23 00:14:10,497 [INFO] [5/121] 창덕궁·종묘 (primary=KEY_1)
2026-05-23 00:14:12,387 [INFO] [6/121] 강남 MICE 관광특구 (primary=KEY_2)
2026-05-23 00:14:14,321 [INFO] [7/121] 동대문 관광특구 (primary=KEY_3)
2026-05-23 00:14:15,864 [INFO] [8/121] 명동 관광특구 (primary=KEY_4)
2026-05-23 00:14:18,158 [INFO] [9/121] 이태원 관광특구 (primary=KEY_1)
2026-05-23 00:14:19,366 [INFO] [10/121] 잠실 관광특구 (primary=KEY_2)
2026-05-23 00:14:20,792 [INFO] [11/121] 종로·청계 관광특구 (primary=KEY_3)
2026-05-23 00:14:22,217 [INFO] [12/121] 홍대 관광특구 (primary=KEY_4)
2026-05-23 00:14:23,624 [INFO] [13/121] 강서한강공원 (primary=KEY_1)
2026-05-23 00:14:24,652 [INFO] [14/121] 고척돔 (primary=KEY_2)
2026-05-23 00:14:25,689 [INFO] [15/121] 광나루한강공원 (primary=KEY_3)
2026-05-23 00:14:26,872 [INFO] [16/121] 광화문광장 (primary=KEY_4)
2026-05-23 00:14:28,068 [INFO] [17/121] 국립중앙박물관·용산가족공원 (primary=KEY_1)
2026-05-23 00:14:29,108 [INFO] [18/121] 난지한강공원 (primary=KEY_2)
2026-05-23 00:14:30,704 [INFO] [19/121] 남산공원 (primary=KEY_3)
2026-05-23 00:14:32,087 [INFO] [20/121] 노들섬 (primary=KEY_4)
2026-05-23 00:14:33,104 [INFO] [21/121] 뚝섬한강공원 (primary=KEY_1)
2026-05-23 00:14:34,144 [INFO] [22/121] 망원한강공원 (primary=KEY_2)
2026-05-23 00:14:35,348 [INFO] [23/121] 반포한강공원 (primary=KEY_3)
2026-05-23 00:14:36,380 [INFO] [24/121] 보라매공원 (primary=KEY_4)
2026-05-23 00:14:37,460 [INFO] [25/121] 북서울꿈의숲 (primary=KEY_1)
2026-05-23 00:14:38,498 [INFO] [26/121] 서대문독립공원 (primary=KEY_2)
2026-05-23 00:14:39,545 [INFO] [27/121] 서리풀공원·몽마르뜨공원 (primary=KEY_3)
2026-05-23 00:14:40,760 [INFO] [28/121] 서울대공원 (primary=KEY_4)
2026-05-23 00:14:41,782 [INFO] [29/121] 서울숲공원 (primary=KEY_1)
2026-05-23 00:14:42,972 [INFO] [30/121] 송현녹지광장 (primary=KEY_2)
2026-05-23 00:14:44,216 [INFO] [31/121] 아차산 (primary=KEY_3)
2026-05-23 00:14:45,238 [INFO] [32/121] 안양천 (primary=KEY_4)
2026-05-23 00:14:46,278 [INFO] [33/121] 양화한강공원 (primary=KEY_1)
2026-05-23 00:14:47,301 [INFO] [34/121] 어린이대공원 (primary=KEY_2)
2026-05-23 00:14:48,372 [INFO] [35/121] 여의도한강공원 (primary=KEY_3)
2026-05-23 00:14:49,571 [INFO] [36/121] 여의서로 (primary=KEY_4)
2026-05-23 00:14:50,591 [INFO] [37/121] 올림픽공원 (primary=KEY_1)
2026-05-23 00:14:51,814 [INFO] [38/121] 월드컵공원 (primary=KEY_2)
2026-05-23 00:14:53,197 [INFO] [39/121] 응봉산 (primary=KEY_3)
2026-05-23 00:14:54,372 [INFO] [40/121] 이촌한강공원 (primary=KEY_4)
2026-05-23 00:14:55,398 [INFO] [41/121] 잠실종합운동장 (primary=KEY_1)
2026-05-23 00:14:56,450 [INFO] [42/121] 잠실한강공원 (primary=KEY_2)
2026-05-23 00:14:57,488 [INFO] [43/121] 잠원한강공원 (primary=KEY_3)
2026-05-23 00:14:58,512 [INFO] [44/121] 청계산 (primary=KEY_4)
2026-05-23 00:14:59,550 [INFO] [45/121] 홍제폭포 (primary=KEY_1)
2026-05-23 00:15:00,576 [INFO] [46/121] 가락시장 (primary=KEY_2)
2026-05-23 00:15:01,806 [INFO] [47/121] 가로수길 (primary=KEY_3)
2026-05-23 00:15:03,039 [INFO] [48/121] 광장(전통)시장 (primary=KEY_4)
2026-05-23 00:15:04,095 [INFO] [49/121] 김포공항 (primary=KEY_1)
2026-05-23 00:15:05,284 [INFO] [50/121] 남대문시장 (primary=KEY_2)
2026-05-23 00:15:06,484 [INFO] [51/121] 노량진 (primary=KEY_3)
2026-05-23 00:15:07,661 [INFO] [52/121] 덕수궁길·정동길 (primary=KEY_4)
2026-05-23 00:15:08,881 [INFO] [53/121] 북창동 먹자골목 (primary=KEY_1)
2026-05-23 00:15:09,918 [INFO] [54/121] 북촌한옥마을 (primary=KEY_2)
2026-05-23 00:15:11,134 [INFO] [55/121] 서촌 (primary=KEY_3)
2026-05-23 00:15:12,296 [INFO] [56/121] 성수카페거리 (primary=KEY_4)
2026-05-23 00:15:13,500 [INFO] [57/121] 송리단길·호수단길 (primary=KEY_1)
2026-05-23 00:15:14,696 [INFO] [58/121] 신촌 스타광장 (primary=KEY_2)
2026-05-23 00:15:15,746 [INFO] [59/121] 압구정로데오거리 (primary=KEY_3)
2026-05-23 00:15:16,963 [INFO] [60/121] 여의도 (primary=KEY_4)
2026-05-23 00:15:18,676 [INFO] [61/121] 연남동 (primary=KEY_1)
2026-05-23 00:15:19,847 [INFO] [62/121] 영등포 타임스퀘어 (primary=KEY_2)
2026-05-23 00:15:21,025 [INFO] [63/121] 용리단길 (primary=KEY_3)
2026-05-23 00:15:22,106 [INFO] [64/121] 이태원 앤틱가구거리 (primary=KEY_4)
2026-05-23 00:15:23,292 [INFO] [65/121] 익선동 (primary=KEY_1)
2026-05-23 00:15:24,532 [INFO] [66/121] 인사동 (primary=KEY_2)
2026-05-23 00:15:26,310 [INFO] [67/121] 잠실롯데타워·석촌호수 (primary=KEY_3)
2026-05-23 00:15:28,139 [INFO] [68/121] 창동 신경제 중심지 (primary=KEY_4)
2026-05-23 00:15:29,516 [INFO] [69/121] 청담동 명품거리 (primary=KEY_1)
2026-05-23 00:15:31,291 [INFO] [70/121] 청량리 제기동 일대 전통시장 (primary=KEY_2)
2026-05-23 00:15:33,085 [INFO] [71/121] 해방촌·경리단길 (primary=KEY_3)
2026-05-23 00:15:34,123 [INFO] [72/121] DDP(동대문디자인플라자) (primary=KEY_4)
2026-05-23 00:15:36,123 [INFO] [73/121] DMC(디지털미디어시티) (primary=KEY_1)
2026-05-23 00:15:38,093 [INFO] [74/121] 가산디지털단지역 (primary=KEY_2)
2026-05-23 00:15:39,437 [INFO] [75/121] 강남역 (primary=KEY_3)
2026-05-23 00:15:40,838 [INFO] [76/121] 건대입구역 (primary=KEY_4)
2026-05-23 00:15:42,037 [INFO] [77/121] 고덕역 (primary=KEY_1)
2026-05-23 00:15:43,224 [INFO] [78/121] 고속터미널역 (primary=KEY_2)
2026-05-23 00:15:44,292 [INFO] [79/121] 교대역 (primary=KEY_3)
2026-05-23 00:15:45,358 [INFO] [80/121] 구로디지털단지역 (primary=KEY_4)
2026-05-23 00:15:46,540 [INFO] [81/121] 구로역 (primary=KEY_1)
2026-05-23 00:15:47,585 [INFO] [82/121] 군자역 (primary=KEY_2)
2026-05-23 00:15:48,772 [INFO] [83/121] 대림역 (primary=KEY_3)
2026-05-23 00:15:49,980 [INFO] [84/121] 동대문역 (primary=KEY_4)
2026-05-23 00:15:51,197 [INFO] [85/121] 뚝섬역 (primary=KEY_1)
2026-05-23 00:15:52,955 [INFO] [86/121] 미아사거리역 (primary=KEY_2)
2026-05-23 00:15:54,145 [INFO] [87/121] 발산역 (primary=KEY_3)
2026-05-23 00:15:55,538 [INFO] [88/121] 사당역 (primary=KEY_4)
2026-05-23 00:15:56,722 [INFO] [89/121] 삼각지역 (primary=KEY_1)
2026-05-23 00:15:57,761 [INFO] [90/121] 서울대입구역 (primary=KEY_2)
2026-05-23 00:15:58,798 [INFO] [91/121] 서울식물원·마곡나루역 (primary=KEY_3)
2026-05-23 00:16:00,011 [INFO] [92/121] 서울역 (primary=KEY_4)
2026-05-23 00:16:01,296 [INFO] [93/121] 선릉역 (primary=KEY_1)
2026-05-23 00:16:02,725 [INFO] [94/121] 성신여대입구역 (primary=KEY_2)
2026-05-23 00:16:03,781 [INFO] [95/121] 수유역 (primary=KEY_3)
2026-05-23 00:16:04,976 [INFO] [96/121] 숭례문 (primary=KEY_4)
2026-05-23 00:16:06,172 [INFO] [97/121] 시의회 앞 (primary=KEY_1)
2026-05-23 00:16:07,371 [INFO] [98/121] 신논현역·논현역 (primary=KEY_2)
2026-05-23 00:16:08,591 [INFO] [99/121] 신도림역 (primary=KEY_3)
2026-05-23 00:16:09,633 [INFO] [100/121] 신림역 (primary=KEY_4)
2026-05-23 00:16:10,683 [INFO] [101/121] 신정네거리역 (primary=KEY_1)
2026-05-23 00:16:11,717 [INFO] [102/121] 신촌·이대역 (primary=KEY_2)
2026-05-23 00:16:12,920 [INFO] [103/121] 쌍문역 (primary=KEY_3)
2026-05-23 00:16:13,969 [INFO] [104/121] 양재역 (primary=KEY_4)
2026-05-23 00:16:15,153 [INFO] [105/121] 역삼역 (primary=KEY_1)
2026-05-23 00:16:16,341 [INFO] [106/121] 연신내역 (primary=KEY_2)
2026-05-23 00:16:17,391 [INFO] [107/121] 오목교역·목동운동장 (primary=KEY_3)
2026-05-23 00:16:18,729 [INFO] [108/121] 왕십리역 (primary=KEY_4)
2026-05-23 00:16:19,937 [INFO] [109/121] 용산역 (primary=KEY_1)
2026-05-23 00:16:21,135 [INFO] [110/121] 이태원역 (primary=KEY_2)
2026-05-23 00:16:22,176 [INFO] [111/121] 잠실새내역 (primary=KEY_3)
2026-05-23 00:16:23,377 [INFO] [112/121] 잠실역 (primary=KEY_4)
2026-05-23 00:16:24,576 [INFO] [113/121] 장지역 (primary=KEY_1)
2026-05-23 00:16:25,761 [INFO] [114/121] 장한평역 (primary=KEY_2)
2026-05-23 00:16:26,961 [INFO] [115/121] 천호역 (primary=KEY_3)
2026-05-23 00:16:28,164 [INFO] [116/121] 총신대입구(이수)역 (primary=KEY_4)
2026-05-23 00:16:29,417 [INFO] [117/121] 충정로역 (primary=KEY_1)
2026-05-23 00:16:30,463 [INFO] [118/121] 합정역 (primary=KEY_2)
2026-05-23 00:16:31,650 [INFO] [119/121] 혜화역 (primary=KEY_3)
2026-05-23 00:16:32,859 [INFO] [120/121] 홍대입구역(2호선) (primary=KEY_4)
2026-05-23 00:16:33,918 [INFO] [121/121] 회기역 (primary=KEY_1)
2026-05-23 00:16:35,441 [INFO] === 수집 완료 | 성공 121, 실패 0 ===
2026-05-23 00:16:35,441 [INFO] 카테고리별 저장 결과:
2026-05-23 00:16:35,441 [INFO]    accident                  | 신규     1행 | 누적      1행 | 16컬럼
2026-05-23 00:16:35,441 [INFO]    area_meta                 | 신규   121행 | 누적    121행 | 5컬럼
2026-05-23 00:16:35,441 [INFO]    bike                      | 신규    11행 | 누적     11행 | 12컬럼
2026-05-23 00:16:35,441 [INFO]    bike_sbike_stts           | 신규   556행 | 누적    556행 | 12컬럼
2026-05-23 00:16:35,441 [INFO]    bus                       | 신규     3행 | 누적      3행 | 11컬럼
2026-05-23 00:16:35,441 [INFO]    bus_bus_stn_stts          | 신규  1745행 | 누적   1745행 | 11컬럼
2026-05-23 00:16:35,441 [INFO]    charger                   | 신규    25행 | 누적     25행 | 15컬럼
2026-05-23 00:16:35,441 [INFO]    charger_charger_stts      | 신규   322행 | 누적    322행 | 15컬럼
2026-05-23 00:16:35,441 [INFO]    cmrcl                     | 신규    82행 | 누적     82행 | 20컬럼
2026-05-23 00:16:35,442 [INFO]    events                    | 신규    13행 | 누적     13행 | 14컬럼
2026-05-23 00:16:35,442 [INFO]    events_event_stts         | 신규   180행 | 누적    180행 | 14컬럼
2026-05-23 00:16:35,442 [INFO]    news                      | 신규     9행 | 누적      9행 | 10컬럼
2026-05-23 00:16:35,442 [INFO]    parking                   | 신규     6행 | 누적      6행 | 21컬럼
2026-05-23 00:16:35,442 [INFO]    parking_prk_stts          | 신규  1835행 | 누적   1835행 | 21컬럼
2026-05-23 00:16:35,442 [INFO]    ppltn                     | 신규   121행 | 누적    121행 | 26컬럼
2026-05-23 00:16:35,442 [INFO]    road                      | 신규   121행 | 누적    121행 | 21컬럼
2026-05-23 00:16:35,442 [INFO]    road_road_traffic_stts    | 신규  5248행 | 누적   5248행 | 17컬럼
2026-05-23 00:16:35,442 [INFO]    subway                    | 신규    38행 | 누적     38행 | 12컬럼
2026-05-23 00:16:35,442 [INFO]    subway_sub_stts           | 신규   183행 | 누적    183행 | 13컬럼
2026-05-23 00:16:35,442 [INFO]    weather                   | 신규   119행 | 누적    119행 | 29컬럼
2026-05-23 00:16:35,442 [INFO] 키별 사용량:
2026-05-23 00:16:35,442 [INFO]    🟢 KEY_1 (31/1000) 
2026-05-23 00:16:35,442 [INFO]    🟢 KEY_2 (30/1000) 
2026-05-23 00:16:35,442 [INFO]    🟢 KEY_3 (30/1000) 
2026-05-23 00:16:35,442 [INFO]    🟢 KEY_4 (30/1000) 
2026-05-23 01:55:55,858 [INFO] 등록된 키: 4개, 합산 한도 4,000건/일
2026-05-23 01:55:55,859 [INFO] POI 로드: 매뉴얼 v8.5 기준 fallback 121개 (121개 전체)
2026-05-23 01:55:55,859 [INFO] === 수집 시작 2026-05-23T01:55:55.859748+09:00 ===
2026-05-23 01:55:55,859 [INFO] 대상 장소: 121개 | API: citydata (통합)
2026-05-23 01:55:55,859 [INFO] 키 풀: 4/4 활성 | 오늘 사용 0/4000건
2026-05-23 01:55:55,859 [INFO]   [KEY_1] 담당 31장소
2026-05-23 01:55:55,860 [INFO]   [KEY_2] 담당 30장소
2026-05-23 01:55:55,860 [INFO]   [KEY_3] 담당 30장소
2026-05-23 01:55:55,860 [INFO]   [KEY_4] 담당 30장소
2026-05-23 01:55:55,860 [INFO] [1/121] 경복궁 (primary=KEY_1)
2026-05-23 01:55:57,623 [INFO] [2/121] 광화문·덕수궁 (primary=KEY_2)
2026-05-23 01:55:59,393 [INFO] [3/121] 보신각 (primary=KEY_3)
2026-05-23 01:56:01,367 [INFO] [4/121] 서울 암사동 유적 (primary=KEY_4)
2026-05-23 01:56:03,156 [INFO] [5/121] 창덕궁·종묘 (primary=KEY_1)
2026-05-23 01:56:05,093 [INFO] [6/121] 강남 MICE 관광특구 (primary=KEY_2)
2026-05-23 01:56:06,889 [INFO] [7/121] 동대문 관광특구 (primary=KEY_3)
2026-05-23 01:56:09,277 [INFO] [8/121] 명동 관광특구 (primary=KEY_4)
2026-05-23 01:56:11,694 [INFO] [9/121] 이태원 관광특구 (primary=KEY_1)
2026-05-23 01:56:13,703 [INFO] [10/121] 잠실 관광특구 (primary=KEY_2)
2026-05-23 01:56:16,134 [INFO] [11/121] 종로·청계 관광특구 (primary=KEY_3)
2026-05-23 01:56:18,564 [INFO] [12/121] 홍대 관광특구 (primary=KEY_4)
2026-05-23 01:56:20,199 [INFO] [13/121] 강서한강공원 (primary=KEY_1)
2026-05-23 01:56:21,952 [INFO] [14/121] 고척돔 (primary=KEY_2)
2026-05-23 01:56:23,692 [INFO] [15/121] 광나루한강공원 (primary=KEY_3)
2026-05-23 01:56:25,650 [INFO] [16/121] 광화문광장 (primary=KEY_4)
2026-05-23 01:56:27,656 [INFO] [17/121] 국립중앙박물관·용산가족공원 (primary=KEY_1)
2026-05-23 01:56:29,424 [INFO] [18/121] 난지한강공원 (primary=KEY_2)
2026-05-23 01:56:30,581 [INFO] [19/121] 남산공원 (primary=KEY_3)
2026-05-23 01:56:32,984 [INFO] [20/121] 노들섬 (primary=KEY_4)
2026-05-23 01:56:34,154 [INFO] [21/121] 뚝섬한강공원 (primary=KEY_1)
2026-05-23 01:56:35,939 [INFO] [22/121] 망원한강공원 (primary=KEY_2)
2026-05-23 01:56:37,314 [INFO] [23/121] 반포한강공원 (primary=KEY_3)
2026-05-23 01:56:39,256 [INFO] [24/121] 보라매공원 (primary=KEY_4)
2026-05-23 01:56:40,422 [INFO] [25/121] 북서울꿈의숲 (primary=KEY_1)
2026-05-23 01:56:42,404 [INFO] [26/121] 서대문독립공원 (primary=KEY_2)
2026-05-23 01:56:43,570 [INFO] [27/121] 서리풀공원·몽마르뜨공원 (primary=KEY_3)
2026-05-23 01:56:44,780 [INFO] [28/121] 서울대공원 (primary=KEY_4)
2026-05-23 01:56:45,924 [INFO] [29/121] 서울숲공원 (primary=KEY_1)
2026-05-23 01:56:47,297 [INFO] [30/121] 송현녹지광장 (primary=KEY_2)
2026-05-23 01:56:49,290 [INFO] [31/121] 아차산 (primary=KEY_3)
2026-05-23 01:56:50,447 [INFO] [32/121] 안양천 (primary=KEY_4)
2026-05-23 01:56:52,209 [INFO] [33/121] 양화한강공원 (primary=KEY_1)
2026-05-23 01:56:53,364 [INFO] [34/121] 어린이대공원 (primary=KEY_2)
2026-05-23 01:56:54,552 [INFO] [35/121] 여의도한강공원 (primary=KEY_3)
2026-05-23 01:56:55,927 [INFO] [36/121] 여의서로 (primary=KEY_4)
2026-05-23 01:56:57,107 [INFO] [37/121] 올림픽공원 (primary=KEY_1)
2026-05-23 01:56:59,314 [INFO] [38/121] 월드컵공원 (primary=KEY_2)
2026-05-23 01:57:00,929 [INFO] [39/121] 응봉산 (primary=KEY_3)
2026-05-23 01:57:02,274 [INFO] [40/121] 이촌한강공원 (primary=KEY_4)
2026-05-23 01:57:03,437 [INFO] [41/121] 잠실종합운동장 (primary=KEY_1)
2026-05-23 01:57:04,624 [INFO] [42/121] 잠실한강공원 (primary=KEY_2)
2026-05-23 01:57:05,778 [INFO] [43/121] 잠원한강공원 (primary=KEY_3)
2026-05-23 01:57:06,919 [INFO] [44/121] 청계산 (primary=KEY_4)
2026-05-23 01:57:08,679 [INFO] [45/121] 홍제폭포 (primary=KEY_1)
2026-05-23 01:57:09,839 [INFO] [46/121] 가락시장 (primary=KEY_2)
2026-05-23 01:57:11,228 [INFO] [47/121] 가로수길 (primary=KEY_3)
2026-05-23 01:57:12,605 [INFO] [48/121] 광장(전통)시장 (primary=KEY_4)
2026-05-23 01:57:13,766 [INFO] [49/121] 김포공항 (primary=KEY_1)
2026-05-23 01:57:15,159 [INFO] [50/121] 남대문시장 (primary=KEY_2)
2026-05-23 01:57:16,322 [INFO] [51/121] 노량진 (primary=KEY_3)
2026-05-23 01:57:17,510 [INFO] [52/121] 덕수궁길·정동길 (primary=KEY_4)
2026-05-23 01:57:19,487 [INFO] [53/121] 북창동 먹자골목 (primary=KEY_1)
2026-05-23 01:57:20,652 [INFO] [54/121] 북촌한옥마을 (primary=KEY_2)
2026-05-23 01:57:22,028 [INFO] [55/121] 서촌 (primary=KEY_3)
2026-05-23 01:57:24,017 [INFO] [56/121] 성수카페거리 (primary=KEY_4)
2026-05-23 01:57:26,441 [INFO] [57/121] 송리단길·호수단길 (primary=KEY_1)
2026-05-23 01:57:28,659 [INFO] [58/121] 신촌 스타광장 (primary=KEY_2)
2026-05-23 01:57:30,473 [INFO] [59/121] 압구정로데오거리 (primary=KEY_3)
2026-05-23 01:57:31,861 [INFO] [60/121] 여의도 (primary=KEY_4)
2026-05-23 01:57:34,716 [INFO] [61/121] 연남동 (primary=KEY_1)
2026-05-23 01:57:36,677 [INFO] [62/121] 영등포 타임스퀘어 (primary=KEY_2)
2026-05-23 01:57:38,841 [INFO] [63/121] 용리단길 (primary=KEY_3)
2026-05-23 01:57:40,843 [INFO] [64/121] 이태원 앤틱가구거리 (primary=KEY_4)
2026-05-23 01:57:42,647 [INFO] [65/121] 익선동 (primary=KEY_1)
2026-05-23 01:57:44,043 [INFO] [66/121] 인사동 (primary=KEY_2)
2026-05-23 01:57:46,115 [INFO] [67/121] 잠실롯데타워·석촌호수 (primary=KEY_3)
2026-05-23 01:57:48,692 [INFO] [68/121] 창동 신경제 중심지 (primary=KEY_4)
2026-05-23 01:57:50,297 [INFO] [69/121] 청담동 명품거리 (primary=KEY_1)
2026-05-23 01:57:52,276 [INFO] [70/121] 청량리 제기동 일대 전통시장 (primary=KEY_2)
2026-05-23 01:57:54,473 [INFO] [71/121] 해방촌·경리단길 (primary=KEY_3)
2026-05-23 01:57:56,449 [INFO] [72/121] DDP(동대문디자인플라자) (primary=KEY_4)
2026-05-23 01:57:57,897 [INFO] [73/121] DMC(디지털미디어시티) (primary=KEY_1)
2026-05-23 01:57:59,507 [INFO] [74/121] 가산디지털단지역 (primary=KEY_2)
2026-05-23 01:58:01,678 [INFO] [75/121] 강남역 (primary=KEY_3)
2026-05-23 01:58:03,295 [INFO] [76/121] 건대입구역 (primary=KEY_4)
2026-05-23 01:58:04,705 [INFO] [77/121] 고덕역 (primary=KEY_1)
2026-05-23 01:58:05,886 [INFO] [78/121] 고속터미널역 (primary=KEY_2)
2026-05-23 01:58:07,883 [INFO] [79/121] 교대역 (primary=KEY_3)
2026-05-23 01:58:09,658 [INFO] [80/121] 구로디지털단지역 (primary=KEY_4)
2026-05-23 01:58:11,025 [INFO] [81/121] 구로역 (primary=KEY_1)
2026-05-23 01:58:12,199 [INFO] [82/121] 군자역 (primary=KEY_2)
2026-05-23 01:58:13,387 [INFO] [83/121] 대림역 (primary=KEY_3)
2026-05-23 01:58:14,578 [INFO] [84/121] 동대문역 (primary=KEY_4)
2026-05-23 01:58:15,786 [INFO] [85/121] 뚝섬역 (primary=KEY_1)
2026-05-23 01:58:17,150 [INFO] [86/121] 미아사거리역 (primary=KEY_2)
2026-05-23 01:58:18,514 [INFO] [87/121] 발산역 (primary=KEY_3)
2026-05-23 01:58:21,276 [INFO] [88/121] 사당역 (primary=KEY_4)
2026-05-23 01:58:22,703 [INFO] [89/121] 삼각지역 (primary=KEY_1)
2026-05-23 01:58:24,660 [INFO] [90/121] 서울대입구역 (primary=KEY_2)
2026-05-23 01:58:25,838 [INFO] [91/121] 서울식물원·마곡나루역 (primary=KEY_3)
2026-05-23 01:58:27,213 [INFO] [92/121] 서울역 (primary=KEY_4)
2026-05-23 01:58:29,316 [INFO] [93/121] 선릉역 (primary=KEY_1)
2026-05-23 01:58:30,906 [INFO] [94/121] 성신여대입구역 (primary=KEY_2)
2026-05-23 01:58:32,127 [INFO] [95/121] 수유역 (primary=KEY_3)
2026-05-23 01:58:34,078 [INFO] [96/121] 숭례문 (primary=KEY_4)
2026-05-23 01:58:35,452 [INFO] [97/121] 시의회 앞 (primary=KEY_1)
2026-05-23 01:58:36,843 [INFO] [98/121] 신논현역·논현역 (primary=KEY_2)
2026-05-23 01:58:38,224 [INFO] [99/121] 신도림역 (primary=KEY_3)
2026-05-23 01:58:39,985 [INFO] [100/121] 신림역 (primary=KEY_4)
2026-05-23 01:58:41,158 [INFO] [101/121] 신정네거리역 (primary=KEY_1)
2026-05-23 01:58:42,341 [INFO] [102/121] 신촌·이대역 (primary=KEY_2)
2026-05-23 01:58:43,717 [INFO] [103/121] 쌍문역 (primary=KEY_3)
2026-05-23 01:58:44,907 [INFO] [104/121] 양재역 (primary=KEY_4)
2026-05-23 01:58:46,084 [INFO] [105/121] 역삼역 (primary=KEY_1)
2026-05-23 01:58:47,457 [INFO] [106/121] 연신내역 (primary=KEY_2)
2026-05-23 01:58:48,674 [INFO] [107/121] 오목교역·목동운동장 (primary=KEY_3)
2026-05-23 01:58:50,253 [INFO] [108/121] 왕십리역 (primary=KEY_4)
2026-05-23 01:58:51,659 [INFO] [109/121] 용산역 (primary=KEY_1)
2026-05-23 01:58:53,033 [INFO] [110/121] 이태원역 (primary=KEY_2)
2026-05-23 01:58:54,222 [INFO] [111/121] 잠실새내역 (primary=KEY_3)
2026-05-23 01:58:55,613 [INFO] [112/121] 잠실역 (primary=KEY_4)
2026-05-23 01:58:57,609 [INFO] [113/121] 장지역 (primary=KEY_1)
2026-05-23 01:58:58,978 [INFO] [114/121] 장한평역 (primary=KEY_2)
2026-05-23 01:59:00,941 [INFO] [115/121] 천호역 (primary=KEY_3)
2026-05-23 01:59:02,945 [INFO] [116/121] 총신대입구(이수)역 (primary=KEY_4)
2026-05-23 01:59:04,397 [INFO] [117/121] 충정로역 (primary=KEY_1)
2026-05-23 01:59:05,607 [INFO] [118/121] 합정역 (primary=KEY_2)
2026-05-23 01:59:07,575 [INFO] [119/121] 혜화역 (primary=KEY_3)
2026-05-23 01:59:08,773 [INFO] [120/121] 홍대입구역(2호선) (primary=KEY_4)
2026-05-23 01:59:10,001 [INFO] [121/121] 회기역 (primary=KEY_1)
2026-05-23 01:59:12,027 [INFO] === 수집 완료 | 성공 121, 실패 0 ===
2026-05-23 01:59:12,027 [INFO] 카테고리별 저장 결과:
2026-05-23 01:59:12,027 [INFO]    accident                  | 신규     1행 | 누적      2행 | 16컬럼
2026-05-23 01:59:12,027 [INFO]    area_meta                 | 신규   121행 | 누적    242행 | 5컬럼
2026-05-23 01:59:12,027 [INFO]    bike                      | 신규    11행 | 누적     22행 | 12컬럼
2026-05-23 01:59:12,027 [INFO]    bike_sbike_stts           | 신규   556행 | 누적   1112행 | 12컬럼
2026-05-23 01:59:12,027 [INFO]    bus                       | 신규     3행 | 누적      6행 | 11컬럼
2026-05-23 01:59:12,028 [INFO]    bus_bus_stn_stts          | 신규  1745행 | 누적   3490행 | 11컬럼
2026-05-23 01:59:12,028 [INFO]    charger                   | 신규    25행 | 누적     50행 | 15컬럼
2026-05-23 01:59:12,028 [INFO]    charger_charger_stts      | 신규   322행 | 누적    640행 | 15컬럼
2026-05-23 01:59:12,028 [INFO]    cmrcl                     | 신규    82행 | 누적    164행 | 20컬럼
2026-05-23 01:59:12,028 [INFO]    events                    | 신규    13행 | 누적     26행 | 14컬럼
2026-05-23 01:59:12,028 [INFO]    events_event_stts         | 신규   180행 | 누적    360행 | 14컬럼
2026-05-23 01:59:12,028 [INFO]    parking                   | 신규     6행 | 누적     12행 | 21컬럼
2026-05-23 01:59:12,028 [INFO]    parking_prk_stts          | 신규  1835행 | 누적   3670행 | 21컬럼
2026-05-23 01:59:12,028 [INFO]    ppltn                     | 신규   121행 | 누적    242행 | 26컬럼
2026-05-23 01:59:12,028 [INFO]    road                      | 신규   121행 | 누적    242행 | 21컬럼
2026-05-23 01:59:12,028 [INFO]    road_road_traffic_stts    | 신규  5248행 | 누적  10496행 | 17컬럼
2026-05-23 01:59:12,028 [INFO]    subway                    | 신규    38행 | 누적     76행 | 12컬럼
2026-05-23 01:59:12,028 [INFO]    subway_sub_stts           | 신규   183행 | 누적    366행 | 13컬럼
2026-05-23 01:59:12,028 [INFO]    weather                   | 신규   119행 | 누적    238행 | 29컬럼
2026-05-23 01:59:12,028 [INFO] 키별 사용량:
2026-05-23 01:59:12,028 [INFO]    🟢 KEY_1 (31/1000) 
2026-05-23 01:59:12,028 [INFO]    🟢 KEY_2 (30/1000) 
2026-05-23 01:59:12,028 [INFO]    🟢 KEY_3 (30/1000) 
2026-05-23 01:59:12,028 [INFO]    🟢 KEY_4 (30/1000) 
2026-05-23 02:43:06,826 [INFO] 등록된 키: 4개, 합산 한도 4,000건/일
2026-05-23 02:43:06,827 [INFO] POI 로드: 매뉴얼 v8.5 기준 fallback 121개 (121개 전체)
2026-05-23 02:43:06,827 [INFO] === 수집 시작 2026-05-23T02:43:06.827143+09:00 ===
2026-05-23 02:43:06,827 [INFO] 대상 장소: 121개 | API: citydata (통합)
2026-05-23 02:43:06,827 [INFO] 키 풀: 4/4 활성 | 오늘 사용 0/4000건
2026-05-23 02:43:06,827 [INFO]   [KEY_1] 담당 31장소
2026-05-23 02:43:06,827 [INFO]   [KEY_2] 담당 30장소
2026-05-23 02:43:06,827 [INFO]   [KEY_3] 담당 30장소
2026-05-23 02:43:06,827 [INFO]   [KEY_4] 담당 30장소
2026-05-23 02:43:06,827 [INFO] [1/121] 경복궁 (primary=KEY_1)
2026-05-23 02:43:08,590 [INFO] [2/121] 광화문·덕수궁 (primary=KEY_2)
2026-05-23 02:43:10,789 [INFO] [3/121] 보신각 (primary=KEY_3)
2026-05-23 02:43:12,556 [INFO] [4/121] 서울 암사동 유적 (primary=KEY_4)
2026-05-23 02:43:13,703 [INFO] [5/121] 창덕궁·종묘 (primary=KEY_1)
2026-05-23 02:43:14,863 [INFO] [6/121] 강남 MICE 관광특구 (primary=KEY_2)
2026-05-23 02:43:16,055 [INFO] [7/121] 동대문 관광특구 (primary=KEY_3)
2026-05-23 02:43:18,596 [INFO] [8/121] 명동 관광특구 (primary=KEY_4)
2026-05-23 02:43:20,731 [INFO] [9/121] 이태원 관광특구 (primary=KEY_1)
2026-05-23 02:43:22,528 [INFO] [10/121] 잠실 관광특구 (primary=KEY_2)
2026-05-23 02:43:24,069 [INFO] [11/121] 종로·청계 관광특구 (primary=KEY_3)
2026-05-23 02:43:25,446 [INFO] [12/121] 홍대 관광특구 (primary=KEY_4)
2026-05-23 02:43:26,818 [INFO] [13/121] 강서한강공원 (primary=KEY_1)
2026-05-23 02:43:27,828 [INFO] [14/121] 고척돔 (primary=KEY_2)
2026-05-23 02:43:28,842 [INFO] [15/121] 광나루한강공원 (primary=KEY_3)
2026-05-23 02:43:29,992 [INFO] [16/121] 광화문광장 (primary=KEY_4)
2026-05-23 02:43:31,165 [INFO] [17/121] 국립중앙박물관·용산가족공원 (primary=KEY_1)
2026-05-23 02:43:32,177 [INFO] [18/121] 난지한강공원 (primary=KEY_2)
2026-05-23 02:43:33,182 [INFO] [19/121] 남산공원 (primary=KEY_3)
2026-05-23 02:43:34,553 [INFO] [20/121] 노들섬 (primary=KEY_4)
2026-05-23 02:43:35,555 [INFO] [21/121] 뚝섬한강공원 (primary=KEY_1)
2026-05-23 02:43:36,574 [INFO] [22/121] 망원한강공원 (primary=KEY_2)
2026-05-23 02:43:37,738 [INFO] [23/121] 반포한강공원 (primary=KEY_3)
2026-05-23 02:43:38,761 [INFO] [24/121] 보라매공원 (primary=KEY_4)
2026-05-23 02:43:39,799 [INFO] [25/121] 북서울꿈의숲 (primary=KEY_1)
2026-05-23 02:43:40,957 [INFO] [26/121] 서대문독립공원 (primary=KEY_2)
2026-05-23 02:43:41,977 [INFO] [27/121] 서리풀공원·몽마르뜨공원 (primary=KEY_3)
2026-05-23 02:43:43,044 [INFO] [28/121] 서울대공원 (primary=KEY_4)
2026-05-23 02:43:44,033 [INFO] [29/121] 서울숲공원 (primary=KEY_1)
2026-05-23 02:43:45,188 [INFO] [30/121] 송현녹지광장 (primary=KEY_2)
2026-05-23 02:43:46,335 [INFO] [31/121] 아차산 (primary=KEY_3)
2026-05-23 02:43:47,333 [INFO] [32/121] 안양천 (primary=KEY_4)
2026-05-23 02:43:48,335 [INFO] [33/121] 양화한강공원 (primary=KEY_1)
2026-05-23 02:43:49,329 [INFO] [34/121] 어린이대공원 (primary=KEY_2)
2026-05-23 02:43:50,501 [INFO] [35/121] 여의도한강공원 (primary=KEY_3)
2026-05-23 02:43:51,660 [INFO] [36/121] 여의서로 (primary=KEY_4)
2026-05-23 02:43:52,802 [INFO] [37/121] 올림픽공원 (primary=KEY_1)
2026-05-23 02:43:53,996 [INFO] [38/121] 월드컵공원 (primary=KEY_2)
2026-05-23 02:43:55,345 [INFO] [39/121] 응봉산 (primary=KEY_3)
2026-05-23 02:43:56,496 [INFO] [40/121] 이촌한강공원 (primary=KEY_4)
2026-05-23 02:43:57,493 [INFO] [41/121] 잠실종합운동장 (primary=KEY_1)
2026-05-23 02:43:58,511 [INFO] [42/121] 잠실한강공원 (primary=KEY_2)
2026-05-23 02:43:59,525 [INFO] [43/121] 잠원한강공원 (primary=KEY_3)
2026-05-23 02:44:00,536 [INFO] [44/121] 청계산 (primary=KEY_4)
2026-05-23 02:44:01,539 [INFO] [45/121] 홍제폭포 (primary=KEY_1)
2026-05-23 02:44:02,540 [INFO] [46/121] 가락시장 (primary=KEY_2)
2026-05-23 02:44:03,739 [INFO] [47/121] 가로수길 (primary=KEY_3)
2026-05-23 02:44:04,924 [INFO] [48/121] 광장(전통)시장 (primary=KEY_4)
2026-05-23 02:44:05,938 [INFO] [49/121] 김포공항 (primary=KEY_1)
2026-05-23 02:44:07,144 [INFO] [50/121] 남대문시장 (primary=KEY_2)
2026-05-23 02:44:08,305 [INFO] [51/121] 노량진 (primary=KEY_3)
2026-05-23 02:44:09,507 [INFO] [52/121] 덕수궁길·정동길 (primary=KEY_4)
2026-05-23 02:44:10,689 [INFO] [53/121] 북창동 먹자골목 (primary=KEY_1)
2026-05-23 02:44:11,851 [INFO] [54/121] 북촌한옥마을 (primary=KEY_2)
2026-05-23 02:44:13,172 [INFO] [55/121] 서촌 (primary=KEY_3)
2026-05-23 02:44:14,338 [INFO] [56/121] 성수카페거리 (primary=KEY_4)
2026-05-23 02:44:15,664 [INFO] [57/121] 송리단길·호수단길 (primary=KEY_1)
2026-05-23 02:44:16,852 [INFO] [58/121] 신촌 스타광장 (primary=KEY_2)
2026-05-23 02:44:17,881 [INFO] [59/121] 압구정로데오거리 (primary=KEY_3)
2026-05-23 02:44:19,065 [INFO] [60/121] 여의도 (primary=KEY_4)
2026-05-23 02:44:20,916 [INFO] [61/121] 연남동 (primary=KEY_1)
2026-05-23 02:44:22,079 [INFO] [62/121] 영등포 타임스퀘어 (primary=KEY_2)
2026-05-23 02:44:23,249 [INFO] [63/121] 용리단길 (primary=KEY_3)
2026-05-23 02:44:24,298 [INFO] [64/121] 이태원 앤틱가구거리 (primary=KEY_4)
2026-05-23 02:44:25,330 [INFO] [65/121] 익선동 (primary=KEY_1)
2026-05-23 02:44:26,529 [INFO] [66/121] 인사동 (primary=KEY_2)
2026-05-23 02:44:27,871 [INFO] [67/121] 잠실롯데타워·석촌호수 (primary=KEY_3)
2026-05-23 02:44:29,382 [INFO] [68/121] 창동 신경제 중심지 (primary=KEY_4)
2026-05-23 02:44:30,899 [INFO] [69/121] 청담동 명품거리 (primary=KEY_1)
2026-05-23 02:44:32,111 [INFO] [70/121] 청량리 제기동 일대 전통시장 (primary=KEY_2)
2026-05-23 02:44:33,307 [INFO] [71/121] 해방촌·경리단길 (primary=KEY_3)
2026-05-23 02:44:34,333 [INFO] [72/121] DDP(동대문디자인플라자) (primary=KEY_4)
2026-05-23 02:44:35,532 [INFO] [73/121] DMC(디지털미디어시티) (primary=KEY_1)
2026-05-23 02:44:37,050 [INFO] [74/121] 가산디지털단지역 (primary=KEY_2)
2026-05-23 02:44:38,675 [INFO] [75/121] 강남역 (primary=KEY_3)
2026-05-23 02:44:40,047 [INFO] [76/121] 건대입구역 (primary=KEY_4)
2026-05-23 02:44:41,234 [INFO] [77/121] 고덕역 (primary=KEY_1)
2026-05-23 02:44:42,413 [INFO] [78/121] 고속터미널역 (primary=KEY_2)
2026-05-23 02:44:44,173 [INFO] [79/121] 교대역 (primary=KEY_3)
2026-05-23 02:44:45,777 [INFO] [80/121] 구로디지털단지역 (primary=KEY_4)
2026-05-23 02:44:47,698 [INFO] [81/121] 구로역 (primary=KEY_1)
2026-05-23 02:44:48,841 [INFO] [82/121] 군자역 (primary=KEY_2)
2026-05-23 02:44:49,867 [INFO] [83/121] 대림역 (primary=KEY_3)
2026-05-23 02:44:51,614 [INFO] [84/121] 동대문역 (primary=KEY_4)
2026-05-23 02:44:52,803 [INFO] [85/121] 뚝섬역 (primary=KEY_1)
2026-05-23 02:44:53,984 [INFO] [86/121] 미아사거리역 (primary=KEY_2)
2026-05-23 02:44:55,152 [INFO] [87/121] 발산역 (primary=KEY_3)
2026-05-23 02:44:57,072 [INFO] [88/121] 사당역 (primary=KEY_4)
2026-05-23 02:44:58,239 [INFO] [89/121] 삼각지역 (primary=KEY_1)
2026-05-23 02:44:59,280 [INFO] [90/121] 서울대입구역 (primary=KEY_2)
2026-05-23 02:45:01,067 [INFO] [91/121] 서울식물원·마곡나루역 (primary=KEY_3)
2026-05-23 02:45:02,377 [INFO] [92/121] 서울역 (primary=KEY_4)
2026-05-23 02:45:03,559 [INFO] [93/121] 선릉역 (primary=KEY_1)
2026-05-23 02:45:05,041 [INFO] [94/121] 성신여대입구역 (primary=KEY_2)
2026-05-23 02:45:06,057 [INFO] [95/121] 수유역 (primary=KEY_3)
2026-05-23 02:45:07,789 [INFO] [96/121] 숭례문 (primary=KEY_4)
2026-05-23 02:45:08,980 [INFO] [97/121] 시의회 앞 (primary=KEY_1)
2026-05-23 02:45:10,168 [INFO] [98/121] 신논현역·논현역 (primary=KEY_2)
2026-05-23 02:45:11,333 [INFO] [99/121] 신도림역 (primary=KEY_3)
2026-05-23 02:45:12,338 [INFO] [100/121] 신림역 (primary=KEY_4)
2026-05-23 02:45:13,367 [INFO] [101/121] 신정네거리역 (primary=KEY_1)
2026-05-23 02:45:14,524 [INFO] [102/121] 신촌·이대역 (primary=KEY_2)
2026-05-23 02:45:15,696 [INFO] [103/121] 쌍문역 (primary=KEY_3)
2026-05-23 02:45:16,846 [INFO] [104/121] 양재역 (primary=KEY_4)
2026-05-23 02:45:18,027 [INFO] [105/121] 역삼역 (primary=KEY_1)
2026-05-23 02:45:19,340 [INFO] [106/121] 연신내역 (primary=KEY_2)
2026-05-23 02:45:20,370 [INFO] [107/121] 오목교역·목동운동장 (primary=KEY_3)
2026-05-23 02:45:21,995 [INFO] [108/121] 왕십리역 (primary=KEY_4)
2026-05-23 02:45:23,183 [INFO] [109/121] 용산역 (primary=KEY_1)
2026-05-23 02:45:24,497 [INFO] [110/121] 이태원역 (primary=KEY_2)
2026-05-23 02:45:25,581 [INFO] [111/121] 잠실새내역 (primary=KEY_3)
2026-05-23 02:45:26,732 [INFO] [112/121] 잠실역 (primary=KEY_4)
2026-05-23 02:45:28,047 [INFO] [113/121] 장지역 (primary=KEY_1)
2026-05-23 02:45:29,383 [INFO] [114/121] 장한평역 (primary=KEY_2)
2026-05-23 02:45:30,563 [INFO] [115/121] 천호역 (primary=KEY_3)
2026-05-23 02:45:31,772 [INFO] [116/121] 총신대입구(이수)역 (primary=KEY_4)
2026-05-23 02:45:32,963 [INFO] [117/121] 충정로역 (primary=KEY_1)
2026-05-23 02:45:34,147 [INFO] [118/121] 합정역 (primary=KEY_2)
2026-05-23 02:45:35,336 [INFO] [119/121] 혜화역 (primary=KEY_3)
2026-05-23 02:45:36,501 [INFO] [120/121] 홍대입구역(2호선) (primary=KEY_4)
2026-05-23 02:45:37,679 [INFO] [121/121] 회기역 (primary=KEY_1)
2026-05-23 02:45:39,647 [INFO] === 수집 완료 | 성공 121, 실패 0 ===
2026-05-23 02:45:39,647 [INFO] 카테고리별 저장 결과:
2026-05-23 02:45:39,647 [INFO]    accident                  | 신규     1행 | 누적      3행 | 16컬럼
2026-05-23 02:45:39,647 [INFO]    area_meta                 | 신규   121행 | 누적    363행 | 5컬럼
2026-05-23 02:45:39,647 [INFO]    bike                      | 신규    11행 | 누적     33행 | 12컬럼
2026-05-23 02:45:39,647 [INFO]    bike_sbike_stts           | 신규   556행 | 누적   1668행 | 12컬럼
2026-05-23 02:45:39,647 [INFO]    bus                       | 신규     3행 | 누적      9행 | 11컬럼
2026-05-23 02:45:39,647 [INFO]    bus_bus_stn_stts          | 신규  1745행 | 누적   5235행 | 11컬럼
2026-05-23 02:45:39,647 [INFO]    charger                   | 신규     4행 | 누적     54행 | 15컬럼
2026-05-23 02:45:39,647 [INFO]    charger_charger_stts      | 신규  1867행 | 누적   2492행 | 15컬럼
2026-05-23 02:45:39,647 [INFO]    cmrcl                     | 신규    82행 | 누적    246행 | 20컬럼
2026-05-23 02:45:39,648 [INFO]    events                    | 신규    13행 | 누적     39행 | 14컬럼
2026-05-23 02:45:39,648 [INFO]    events_event_stts         | 신규   180행 | 누적    540행 | 14컬럼
2026-05-23 02:45:39,648 [INFO]    parking                   | 신규     6행 | 누적     18행 | 21컬럼
2026-05-23 02:45:39,648 [INFO]    parking_prk_stts          | 신규  1835행 | 누적   5505행 | 21컬럼
2026-05-23 02:45:39,648 [INFO]    ppltn                     | 신규   121행 | 누적    363행 | 26컬럼
2026-05-23 02:45:39,648 [INFO]    road                      | 신규   121행 | 누적    363행 | 21컬럼
2026-05-23 02:45:39,648 [INFO]    road_road_traffic_stts    | 신규  5248행 | 누적  15744행 | 17컬럼
2026-05-23 02:45:39,648 [INFO]    subway                    | 신규    38행 | 누적    114행 | 12컬럼
2026-05-23 02:45:39,648 [INFO]    subway_sub_stts           | 신규   183행 | 누적    549행 | 13컬럼
2026-05-23 02:45:39,648 [INFO]    weather                   | 신규   119행 | 누적    357행 | 29컬럼
2026-05-23 02:45:39,648 [INFO] 키별 사용량:
2026-05-23 02:45:39,648 [INFO]    🟢 KEY_1 (31/1000) 
2026-05-23 02:45:39,648 [INFO]    🟢 KEY_2 (30/1000) 
2026-05-23 02:45:39,648 [INFO]    🟢 KEY_3 (30/1000) 
2026-05-23 02:45:39,648 [INFO]    🟢 KEY_4 (30/1000) 
2026-05-23 03:48:51,147 [INFO] 등록된 키: 4개, 합산 한도 4,000건/일
2026-05-23 03:48:51,148 [INFO] POI 로드: 매뉴얼 v8.5 기준 fallback 121개 (121개 전체)
2026-05-23 03:48:51,148 [INFO] === 수집 시작 2026-05-23T03:48:51.148537+09:00 ===
2026-05-23 03:48:51,148 [INFO] 대상 장소: 121개 | API: citydata (통합)
2026-05-23 03:48:51,148 [INFO] 키 풀: 4/4 활성 | 오늘 사용 0/4000건
2026-05-23 03:48:51,148 [INFO]   [KEY_1] 담당 31장소
2026-05-23 03:48:51,148 [INFO]   [KEY_2] 담당 30장소
2026-05-23 03:48:51,148 [INFO]   [KEY_3] 담당 30장소
2026-05-23 03:48:51,148 [INFO]   [KEY_4] 담당 30장소
2026-05-23 03:48:51,149 [INFO] [1/121] 경복궁 (primary=KEY_1)
2026-05-23 03:48:53,071 [INFO] [2/121] 광화문·덕수궁 (primary=KEY_2)
2026-05-23 03:48:55,899 [INFO] [3/121] 보신각 (primary=KEY_3)
2026-05-23 03:48:58,028 [INFO] [4/121] 서울 암사동 유적 (primary=KEY_4)
2026-05-23 03:48:59,828 [INFO] [5/121] 창덕궁·종묘 (primary=KEY_1)
2026-05-23 03:49:02,103 [INFO] [6/121] 강남 MICE 관광특구 (primary=KEY_2)
2026-05-23 03:49:04,343 [INFO] [7/121] 동대문 관광특구 (primary=KEY_3)
2026-05-23 03:49:06,151 [INFO] [8/121] 명동 관광특구 (primary=KEY_4)
2026-05-23 03:49:08,608 [INFO] [9/121] 이태원 관광특구 (primary=KEY_1)
2026-05-23 03:49:09,975 [INFO] [10/121] 잠실 관광특구 (primary=KEY_2)
2026-05-23 03:49:11,741 [INFO] [11/121] 종로·청계 관광특구 (primary=KEY_3)
2026-05-23 03:49:13,517 [INFO] [12/121] 홍대 관광특구 (primary=KEY_4)
2026-05-23 03:49:16,031 [INFO] [13/121] 강서한강공원 (primary=KEY_1)
2026-05-23 03:49:18,853 [INFO] [14/121] 고척돔 (primary=KEY_2)
2026-05-23 03:49:20,731 [INFO] [15/121] 광나루한강공원 (primary=KEY_3)
2026-05-23 03:49:22,038 [INFO] [16/121] 광화문광장 (primary=KEY_4)
2026-05-23 03:49:24,512 [INFO] [17/121] 국립중앙박물관·용산가족공원 (primary=KEY_1)
2026-05-23 03:49:25,663 [INFO] [18/121] 난지한강공원 (primary=KEY_2)
2026-05-23 03:49:27,473 [INFO] [19/121] 남산공원 (primary=KEY_3)
2026-05-23 03:49:29,983 [INFO] [20/121] 노들섬 (primary=KEY_4)
2026-05-23 03:49:31,133 [INFO] [21/121] 뚝섬한강공원 (primary=KEY_1)
2026-05-23 03:49:32,276 [INFO] [22/121] 망원한강공원 (primary=KEY_2)
2026-05-23 03:49:34,384 [INFO] [23/121] 반포한강공원 (primary=KEY_3)
2026-05-23 03:49:35,552 [INFO] [24/121] 보라매공원 (primary=KEY_4)
2026-05-23 03:49:37,366 [INFO] [25/121] 북서울꿈의숲 (primary=KEY_1)
2026-05-23 03:49:38,911 [INFO] [26/121] 서대문독립공원 (primary=KEY_2)
2026-05-23 03:49:40,834 [INFO] [27/121] 서리풀공원·몽마르뜨공원 (primary=KEY_3)
2026-05-23 03:49:42,051 [INFO] [28/121] 서울대공원 (primary=KEY_4)
2026-05-23 03:49:43,174 [INFO] [29/121] 서울숲공원 (primary=KEY_1)
2026-05-23 03:49:44,510 [INFO] [30/121] 송현녹지광장 (primary=KEY_2)
2026-05-23 03:49:45,858 [INFO] [31/121] 아차산 (primary=KEY_3)
2026-05-23 03:49:46,991 [INFO] [32/121] 안양천 (primary=KEY_4)
2026-05-23 03:49:48,145 [INFO] [33/121] 양화한강공원 (primary=KEY_1)
2026-05-23 03:49:49,285 [INFO] [34/121] 어린이대공원 (primary=KEY_2)
2026-05-23 03:49:51,210 [INFO] [35/121] 여의도한강공원 (primary=KEY_3)
2026-05-23 03:49:53,694 [INFO] [36/121] 여의서로 (primary=KEY_4)
2026-05-23 03:49:55,059 [INFO] [37/121] 올림픽공원 (primary=KEY_1)
2026-05-23 03:49:56,418 [INFO] [38/121] 월드컵공원 (primary=KEY_2)
2026-05-23 03:49:57,974 [INFO] [39/121] 응봉산 (primary=KEY_3)
2026-05-23 03:49:59,306 [INFO] [40/121] 이촌한강공원 (primary=KEY_4)
2026-05-23 03:50:00,452 [INFO] [41/121] 잠실종합운동장 (primary=KEY_1)
2026-05-23 03:50:01,578 [INFO] [42/121] 잠실한강공원 (primary=KEY_2)
2026-05-23 03:50:03,447 [INFO] [43/121] 잠원한강공원 (primary=KEY_3)
2026-05-23 03:50:04,571 [INFO] [44/121] 청계산 (primary=KEY_4)
2026-05-23 03:50:05,698 [INFO] [45/121] 홍제폭포 (primary=KEY_1)
2026-05-23 03:50:06,797 [INFO] [46/121] 가락시장 (primary=KEY_2)
2026-05-23 03:50:08,139 [INFO] [47/121] 가로수길 (primary=KEY_3)
2026-05-23 03:50:10,246 [INFO] [48/121] 광장(전통)시장 (primary=KEY_4)
2026-05-23 03:50:12,139 [INFO] [49/121] 김포공항 (primary=KEY_1)
2026-05-23 03:50:13,494 [INFO] [50/121] 남대문시장 (primary=KEY_2)
2026-05-23 03:50:16,501 [INFO] [51/121] 노량진 (primary=KEY_3)
2026-05-23 03:50:17,841 [INFO] [52/121] 덕수궁길·정동길 (primary=KEY_4)
2026-05-23 03:50:19,211 [INFO] [53/121] 북창동 먹자골목 (primary=KEY_1)
2026-05-23 03:50:20,553 [INFO] [54/121] 북촌한옥마을 (primary=KEY_2)
2026-05-23 03:50:22,055 [INFO] [55/121] 서촌 (primary=KEY_3)
2026-05-23 03:50:23,408 [INFO] [56/121] 성수카페거리 (primary=KEY_4)
2026-05-23 03:50:24,958 [INFO] [57/121] 송리단길·호수단길 (primary=KEY_1)
2026-05-23 03:50:26,328 [INFO] [58/121] 신촌 스타광장 (primary=KEY_2)
2026-05-23 03:50:27,483 [INFO] [59/121] 압구정로데오거리 (primary=KEY_3)
2026-05-23 03:50:28,859 [INFO] [60/121] 여의도 (primary=KEY_4)
2026-05-23 03:50:31,072 [INFO] [61/121] 연남동 (primary=KEY_1)
2026-05-23 03:50:32,434 [INFO] [62/121] 영등포 타임스퀘어 (primary=KEY_2)
2026-05-23 03:50:34,496 [INFO] [63/121] 용리단길 (primary=KEY_3)
2026-05-23 03:50:35,646 [INFO] [64/121] 이태원 앤틱가구거리 (primary=KEY_4)
2026-05-23 03:50:36,974 [INFO] [65/121] 익선동 (primary=KEY_1)
2026-05-23 03:50:38,333 [INFO] [66/121] 인사동 (primary=KEY_2)
2026-05-23 03:50:39,845 [INFO] [67/121] 잠실롯데타워·석촌호수 (primary=KEY_3)
2026-05-23 03:50:41,573 [INFO] [68/121] 창동 신경제 중심지 (primary=KEY_4)
2026-05-23 03:50:43,308 [INFO] [69/121] 청담동 명품거리 (primary=KEY_1)
2026-05-23 03:50:44,717 [INFO] [70/121] 청량리 제기동 일대 전통시장 (primary=KEY_2)
2026-05-23 03:50:46,058 [INFO] [71/121] 해방촌·경리단길 (primary=KEY_3)
2026-05-23 03:50:47,189 [INFO] [72/121] DDP(동대문디자인플라자) (primary=KEY_4)
2026-05-23 03:50:48,551 [INFO] [73/121] DMC(디지털미디어시티) (primary=KEY_1)
2026-05-23 03:50:50,283 [INFO] [74/121] 가산디지털단지역 (primary=KEY_2)
2026-05-23 03:50:52,168 [INFO] [75/121] 강남역 (primary=KEY_3)
2026-05-23 03:50:53,715 [INFO] [76/121] 건대입구역 (primary=KEY_4)
2026-05-23 03:50:55,048 [INFO] [77/121] 고덕역 (primary=KEY_1)
2026-05-23 03:50:56,384 [INFO] [78/121] 고속터미널역 (primary=KEY_2)
2026-05-23 03:50:58,336 [INFO] [79/121] 교대역 (primary=KEY_3)
2026-05-23 03:50:59,482 [INFO] [80/121] 구로디지털단지역 (primary=KEY_4)
2026-05-23 03:51:01,012 [INFO] [81/121] 구로역 (primary=KEY_1)
2026-05-23 03:51:02,326 [INFO] [82/121] 군자역 (primary=KEY_2)
2026-05-23 03:51:03,470 [INFO] [83/121] 대림역 (primary=KEY_3)
2026-05-23 03:51:04,819 [INFO] [84/121] 동대문역 (primary=KEY_4)
2026-05-23 03:51:06,163 [INFO] [85/121] 뚝섬역 (primary=KEY_1)
2026-05-23 03:51:07,499 [INFO] [86/121] 미아사거리역 (primary=KEY_2)
2026-05-23 03:51:08,824 [INFO] [87/121] 발산역 (primary=KEY_3)
2026-05-23 03:51:10,337 [INFO] [88/121] 사당역 (primary=KEY_4)
2026-05-23 03:51:12,329 [INFO] [89/121] 삼각지역 (primary=KEY_1)
2026-05-23 03:51:13,463 [INFO] [90/121] 서울대입구역 (primary=KEY_2)
2026-05-23 03:51:14,771 [INFO] [91/121] 서울식물원·마곡나루역 (primary=KEY_3)
2026-05-23 03:51:16,291 [INFO] [92/121] 서울역 (primary=KEY_4)
2026-05-23 03:51:17,689 [INFO] [93/121] 선릉역 (primary=KEY_1)
2026-05-23 03:51:19,422 [INFO] [94/121] 성신여대입구역 (primary=KEY_2)
2026-05-23 03:51:20,558 [INFO] [95/121] 수유역 (primary=KEY_3)
2026-05-23 03:51:21,877 [INFO] [96/121] 숭례문 (primary=KEY_4)
2026-05-23 03:51:23,218 [INFO] [97/121] 시의회 앞 (primary=KEY_1)
2026-05-23 03:51:24,593 [INFO] [98/121] 신논현역·논현역 (primary=KEY_2)
2026-05-23 03:51:25,927 [INFO] [99/121] 신도림역 (primary=KEY_3)
2026-05-23 03:51:27,065 [INFO] [100/121] 신림역 (primary=KEY_4)
2026-05-23 03:51:28,241 [INFO] [101/121] 신정네거리역 (primary=KEY_1)
2026-05-23 03:51:29,619 [INFO] [102/121] 신촌·이대역 (primary=KEY_2)
2026-05-23 03:51:30,998 [INFO] [103/121] 쌍문역 (primary=KEY_3)
2026-05-23 03:51:32,357 [INFO] [104/121] 양재역 (primary=KEY_4)
2026-05-23 03:51:33,708 [INFO] [105/121] 역삼역 (primary=KEY_1)
2026-05-23 03:51:35,250 [INFO] [106/121] 연신내역 (primary=KEY_2)
2026-05-23 03:51:36,436 [INFO] [107/121] 오목교역·목동운동장 (primary=KEY_3)
2026-05-23 03:51:38,379 [INFO] [108/121] 왕십리역 (primary=KEY_4)
2026-05-23 03:51:39,776 [INFO] [109/121] 용산역 (primary=KEY_1)
2026-05-23 03:51:41,314 [INFO] [110/121] 이태원역 (primary=KEY_2)
2026-05-23 03:51:42,496 [INFO] [111/121] 잠실새내역 (primary=KEY_3)
2026-05-23 03:51:43,891 [INFO] [112/121] 잠실역 (primary=KEY_4)
2026-05-23 03:51:45,479 [INFO] [113/121] 장지역 (primary=KEY_1)
2026-05-23 03:51:47,056 [INFO] [114/121] 장한평역 (primary=KEY_2)
2026-05-23 03:51:48,399 [INFO] [115/121] 천호역 (primary=KEY_3)
2026-05-23 03:51:49,769 [INFO] [116/121] 총신대입구(이수)역 (primary=KEY_4)
2026-05-23 03:51:51,142 [INFO] [117/121] 충정로역 (primary=KEY_1)
2026-05-23 03:51:52,488 [INFO] [118/121] 합정역 (primary=KEY_2)
2026-05-23 03:51:53,864 [INFO] [119/121] 혜화역 (primary=KEY_3)
2026-05-23 03:51:55,238 [INFO] [120/121] 홍대입구역(2호선) (primary=KEY_4)
2026-05-23 03:51:56,594 [INFO] [121/121] 회기역 (primary=KEY_1)
2026-05-23 03:51:58,830 [INFO] === 수집 완료 | 성공 121, 실패 0 ===
2026-05-23 03:51:58,830 [INFO] 카테고리별 저장 결과:
2026-05-23 03:51:58,830 [INFO]    area_meta                 | 신규   121행 | 누적    484행 | 5컬럼
2026-05-23 03:51:58,830 [INFO]    bike                      | 신규    11행 | 누적     44행 | 12컬럼
2026-05-23 03:51:58,830 [INFO]    bike_sbike_stts           | 신규   556행 | 누적   2224행 | 12컬럼
2026-05-23 03:51:58,830 [INFO]    bus                       | 신규     3행 | 누적     12행 | 11컬럼
2026-05-23 03:51:58,830 [INFO]    bus_bus_stn_stts          | 신규  1745행 | 누적   6980행 | 11컬럼
2026-05-23 03:51:58,830 [INFO]    charger                   | 신규     4행 | 누적     58행 | 15컬럼
2026-05-23 03:51:58,830 [INFO]    charger_charger_stts      | 신규  1867행 | 누적   4344행 | 15컬럼
2026-05-23 03:51:58,830 [INFO]    cmrcl                     | 신규    82행 | 누적    328행 | 20컬럼
2026-05-23 03:51:58,830 [INFO]    events                    | 신규    13행 | 누적     52행 | 14컬럼
2026-05-23 03:51:58,830 [INFO]    events_event_stts         | 신규   180행 | 누적    720행 | 14컬럼
2026-05-23 03:51:58,830 [INFO]    parking                   | 신규     6행 | 누적     24행 | 21컬럼
2026-05-23 03:51:58,830 [INFO]    parking_prk_stts          | 신규  1835행 | 누적   7340행 | 21컬럼
2026-05-23 03:51:58,830 [INFO]    ppltn                     | 신규   121행 | 누적    484행 | 26컬럼
2026-05-23 03:51:58,830 [INFO]    road                      | 신규   121행 | 누적    484행 | 21컬럼
2026-05-23 03:51:58,830 [INFO]    road_road_traffic_stts    | 신규  5248행 | 누적  20992행 | 17컬럼
2026-05-23 03:51:58,830 [INFO]    subway                    | 신규    38행 | 누적    152행 | 12컬럼
2026-05-23 03:51:58,831 [INFO]    subway_sub_stts           | 신규   183행 | 누적    732행 | 13컬럼
2026-05-23 03:51:58,831 [INFO]    weather                   | 신규   119행 | 누적    476행 | 29컬럼
2026-05-23 03:51:58,831 [INFO] 키별 사용량:
2026-05-23 03:51:58,831 [INFO]    🟢 KEY_1 (31/1000) 
2026-05-23 03:51:58,831 [INFO]    🟢 KEY_2 (30/1000) 
2026-05-23 03:51:58,831 [INFO]    🟢 KEY_3 (30/1000) 
2026-05-23 03:51:58,831 [INFO]    🟢 KEY_4 (30/1000) 
