2026-09-12 01:24:36,545 [INFO] 등록된 키: 4개, 합산 한도 4,000건/일
2026-09-12 01:24:36,545 [INFO] POI 로드: 매뉴얼 v8.5 기준 fallback 121개 (121개 전체)
2026-09-12 01:24:36,545 [INFO] === 수집 시작 2026-09-12T01:24:36.545965+09:00 ===
2026-09-12 01:24:36,546 [INFO] 대상 장소: 121개 | API: citydata (통합)
2026-09-12 01:24:36,546 [INFO] 키 풀: 4/4 활성 | 오늘 사용 0/4000건
2026-09-12 01:24:36,546 [INFO]   [KEY_1] 담당 31장소
2026-09-12 01:24:36,546 [INFO]   [KEY_2] 담당 30장소
2026-09-12 01:24:36,546 [INFO]   [KEY_3] 담당 30장소
2026-09-12 01:24:36,546 [INFO]   [KEY_4] 담당 30장소
2026-09-12 01:24:36,546 [INFO] [1/121] 경복궁 (primary=KEY_1)
2026-09-12 01:24:38,244 [INFO] [2/121] 광화문·덕수궁 (primary=KEY_2)
2026-09-12 01:24:40,391 [INFO] [3/121] 보신각 (primary=KEY_3)
2026-09-12 01:24:42,213 [INFO] [4/121] 서울 암사동 유적 (primary=KEY_4)
2026-09-12 01:24:43,865 [INFO] [5/121] 창덕궁·종묘 (primary=KEY_1)
2026-09-12 01:24:45,715 [INFO] [6/121] 강남 MICE 관광특구 (primary=KEY_2)
2026-09-12 01:24:47,836 [INFO] [7/121] 동대문 관광특구 (primary=KEY_3)
2026-09-12 01:24:49,868 [INFO] [8/121] 명동 관광특구 (primary=KEY_4)
2026-09-12 01:24:52,079 [INFO] [9/121] 이태원 관광특구 (primary=KEY_1)
2026-09-12 01:24:53,288 [INFO] [10/121] 잠실 관광특구 (primary=KEY_2)
2026-09-12 01:24:55,783 [INFO] [11/121] 종로·청계 관광특구 (primary=KEY_3)
2026-09-12 01:24:57,174 [INFO] [12/121] 홍대 관광특구 (primary=KEY_4)
2026-09-12 01:24:58,568 [INFO] [13/121] 강서한강공원 (primary=KEY_1)
2026-09-12 01:24:59,596 [INFO] [14/121] 고척돔 (primary=KEY_2)
2026-09-12 01:25:01,865 [INFO] [15/121] 광나루한강공원 (primary=KEY_3)
2026-09-12 01:25:03,038 [INFO] [16/121] 광화문광장 (primary=KEY_4)
2026-09-12 01:25:04,218 [INFO] [17/121] 국립중앙박물관·용산가족공원 (primary=KEY_1)
2026-09-12 01:25:05,255 [INFO] [18/121] 난지한강공원 (primary=KEY_2)
2026-09-12 01:25:06,281 [INFO] [19/121] 남산공원 (primary=KEY_3)
2026-09-12 01:25:07,639 [INFO] [20/121] 노들섬 (primary=KEY_4)
2026-09-12 01:25:08,671 [INFO] [21/121] 뚝섬한강공원 (primary=KEY_1)
2026-09-12 01:25:09,708 [INFO] [22/121] 망원한강공원 (primary=KEY_2)
2026-09-12 01:25:10,908 [INFO] [23/121] 반포한강공원 (primary=KEY_3)
2026-09-12 01:25:11,930 [INFO] [24/121] 보라매공원 (primary=KEY_4)
2026-09-12 01:25:12,964 [INFO] [25/121] 북서울꿈의숲 (primary=KEY_1)
2026-09-12 01:25:14,141 [INFO] [26/121] 서대문독립공원 (primary=KEY_2)
2026-09-12 01:25:15,192 [INFO] [27/121] 서리풀공원·몽마르뜨공원 (primary=KEY_3)
2026-09-12 01:25:16,246 [INFO] [28/121] 서울대공원 (primary=KEY_4)
2026-09-12 01:25:17,273 [INFO] [29/121] 서울숲공원 (primary=KEY_1)
2026-09-12 01:25:18,465 [INFO] [30/121] 송현녹지광장 (primary=KEY_2)
2026-09-12 01:25:19,648 [INFO] [31/121] 아차산 (primary=KEY_3)
2026-09-12 01:25:20,674 [INFO] [32/121] 안양천 (primary=KEY_4)
2026-09-12 01:25:21,704 [INFO] [33/121] 양화한강공원 (primary=KEY_1)
2026-09-12 01:25:22,736 [INFO] [34/121] 어린이대공원 (primary=KEY_2)
2026-09-12 01:25:23,939 [INFO] [35/121] 여의도한강공원 (primary=KEY_3)
2026-09-12 01:25:25,123 [INFO] [36/121] 여의서로 (primary=KEY_4)
2026-09-12 01:25:26,292 [INFO] [37/121] 올림픽공원 (primary=KEY_1)
2026-09-12 01:25:28,116 [INFO] [38/121] 월드컵공원 (primary=KEY_2)
2026-09-12 01:25:29,471 [INFO] [39/121] 응봉산 (primary=KEY_3)
2026-09-12 01:25:30,658 [INFO] [40/121] 이촌한강공원 (primary=KEY_4)
2026-09-12 01:25:31,682 [INFO] [41/121] 잠실종합운동장 (primary=KEY_1)
2026-09-12 01:25:32,698 [INFO] [42/121] 잠실한강공원 (primary=KEY_2)
2026-09-12 01:25:33,734 [INFO] [43/121] 잠원한강공원 (primary=KEY_3)
2026-09-12 01:25:34,750 [INFO] [44/121] 청계산 (primary=KEY_4)
2026-09-12 01:25:35,766 [INFO] [45/121] 홍제폭포 (primary=KEY_1)
2026-09-12 01:25:36,798 [INFO] [46/121] 가락시장 (primary=KEY_2)
2026-09-12 01:25:38,004 [INFO] [47/121] 가로수길 (primary=KEY_3)
2026-09-12 01:25:39,232 [INFO] [48/121] 광장(전통)시장 (primary=KEY_4)
2026-09-12 01:25:40,285 [INFO] [49/121] 김포공항 (primary=KEY_1)
2026-09-12 01:25:41,645 [INFO] [50/121] 남대문시장 (primary=KEY_2)
2026-09-12 01:25:42,824 [INFO] [51/121] 노량진 (primary=KEY_3)
2026-09-12 01:25:44,029 [INFO] [52/121] 덕수궁길·정동길 (primary=KEY_4)
2026-09-12 01:25:45,379 [INFO] [53/121] 북창동 먹자골목 (primary=KEY_1)
2026-09-12 01:25:46,564 [INFO] [54/121] 북촌한옥마을 (primary=KEY_2)
2026-09-12 01:25:47,919 [INFO] [55/121] 서촌 (primary=KEY_3)
2026-09-12 01:25:49,123 [INFO] [56/121] 성수카페거리 (primary=KEY_4)
2026-09-12 01:25:50,485 [INFO] [57/121] 송리단길·호수단길 (primary=KEY_1)
2026-09-12 01:25:51,717 [INFO] [58/121] 신촌 스타광장 (primary=KEY_2)
2026-09-12 01:25:52,760 [INFO] [59/121] 압구정로데오거리 (primary=KEY_3)
2026-09-12 01:25:53,968 [INFO] [60/121] 여의도 (primary=KEY_4)
2026-09-12 01:25:55,887 [INFO] [61/121] 연남동 (primary=KEY_1)
2026-09-12 01:25:57,082 [INFO] [62/121] 영등포 타임스퀘어 (primary=KEY_2)
2026-09-12 01:25:58,277 [INFO] [63/121] 용리단길 (primary=KEY_3)
2026-09-12 01:25:59,345 [INFO] [64/121] 이태원 앤틱가구거리 (primary=KEY_4)
2026-09-12 01:26:00,409 [INFO] [65/121] 익선동 (primary=KEY_1)
2026-09-12 01:26:02,245 [INFO] [66/121] 인사동 (primary=KEY_2)
2026-09-12 01:26:03,602 [INFO] [67/121] 잠실롯데타워·석촌호수 (primary=KEY_3)
2026-09-12 01:26:05,132 [INFO] [68/121] 창동 신경제 중심지 (primary=KEY_4)
2026-09-12 01:26:06,660 [INFO] [69/121] 청담동 명품거리 (primary=KEY_1)
2026-09-12 01:26:07,855 [INFO] [70/121] 청량리 제기동 일대 전통시장 (primary=KEY_2)
2026-09-12 01:26:09,079 [INFO] [71/121] 해방촌·경리단길 (primary=KEY_3)
2026-09-12 01:26:10,109 [INFO] [72/121] DDP(동대문디자인플라자) (primary=KEY_4)
2026-09-12 01:26:11,300 [INFO] [73/121] DMC(디지털미디어시티) (primary=KEY_1)
2026-09-12 01:26:12,830 [INFO] [74/121] 가산디지털단지역 (primary=KEY_2)
2026-09-12 01:26:14,519 [INFO] [75/121] 강남역 (primary=KEY_3)
2026-09-12 01:26:15,877 [INFO] [76/121] 건대입구역 (primary=KEY_4)
2026-09-12 01:26:17,080 [INFO] [77/121] 고덕역 (primary=KEY_1)
2026-09-12 01:26:18,266 [INFO] [78/121] 고속터미널역 (primary=KEY_2)
2026-09-12 01:26:19,482 [INFO] [79/121] 교대역 (primary=KEY_3)
2026-09-12 01:26:20,541 [INFO] [80/121] 구로디지털단지역 (primary=KEY_4)
2026-09-12 01:26:22,060 [INFO] [81/121] 구로역 (primary=KEY_1)
2026-09-12 01:26:23,237 [INFO] [82/121] 군자역 (primary=KEY_2)
2026-09-12 01:26:24,283 [INFO] [83/121] 대림역 (primary=KEY_3)
2026-09-12 01:26:25,501 [INFO] [84/121] 동대문역 (primary=KEY_4)
2026-09-12 01:26:26,692 [INFO] [85/121] 뚝섬역 (primary=KEY_1)
2026-09-12 01:26:27,888 [INFO] [86/121] 미아사거리역 (primary=KEY_2)
2026-09-12 01:26:29,089 [INFO] [87/121] 발산역 (primary=KEY_3)
2026-09-12 01:26:30,588 [INFO] [88/121] 사당역 (primary=KEY_4)
2026-09-12 01:26:31,866 [INFO] [89/121] 삼각지역 (primary=KEY_1)
2026-09-12 01:26:32,913 [INFO] [90/121] 서울대입구역 (primary=KEY_2)
2026-09-12 01:26:34,096 [INFO] [91/121] 서울식물원·마곡나루역 (primary=KEY_3)
2026-09-12 01:26:35,444 [INFO] [92/121] 서울역 (primary=KEY_4)
2026-09-12 01:26:36,816 [INFO] [93/121] 선릉역 (primary=KEY_1)
2026-09-12 01:26:38,369 [INFO] [94/121] 성신여대입구역 (primary=KEY_2)
2026-09-12 01:26:39,408 [INFO] [95/121] 수유역 (primary=KEY_3)
2026-09-12 01:26:40,608 [INFO] [96/121] 숭례문 (primary=KEY_4)
2026-09-12 01:26:41,821 [INFO] [97/121] 시의회 앞 (primary=KEY_1)
2026-09-12 01:26:43,026 [INFO] [98/121] 신논현역·논현역 (primary=KEY_2)
2026-09-12 01:26:44,250 [INFO] [99/121] 신도림역 (primary=KEY_3)
2026-09-12 01:26:45,288 [INFO] [100/121] 신림역 (primary=KEY_4)
2026-09-12 01:26:46,351 [INFO] [101/121] 신정네거리역 (primary=KEY_1)
2026-09-12 01:26:47,562 [INFO] [102/121] 신촌·이대역 (primary=KEY_2)
2026-09-12 01:26:48,765 [INFO] [103/121] 쌍문역 (primary=KEY_3)
2026-09-12 01:26:49,958 [INFO] [104/121] 양재역 (primary=KEY_4)
2026-09-12 01:26:51,172 [INFO] [105/121] 역삼역 (primary=KEY_1)
2026-09-12 01:26:52,528 [INFO] [106/121] 연신내역 (primary=KEY_2)
2026-09-12 01:26:53,614 [INFO] [107/121] 오목교역·목동운동장 (primary=KEY_3)
2026-09-12 01:26:55,318 [INFO] [108/121] 왕십리역 (primary=KEY_4)
2026-09-12 01:26:56,547 [INFO] [109/121] 용산역 (primary=KEY_1)
2026-09-12 01:26:57,898 [INFO] [110/121] 이태원역 (primary=KEY_2)
2026-09-12 01:26:58,939 [INFO] [111/121] 잠실새내역 (primary=KEY_3)
2026-09-12 01:27:00,168 [INFO] [112/121] 잠실역 (primary=KEY_4)
2026-09-12 01:27:01,533 [INFO] [113/121] 장지역 (primary=KEY_1)
2026-09-12 01:27:02,896 [INFO] [114/121] 장한평역 (primary=KEY_2)
2026-09-12 01:27:04,104 [INFO] [115/121] 천호역 (primary=KEY_3)
2026-09-12 01:27:05,322 [INFO] [116/121] 총신대입구(이수)역 (primary=KEY_4)
2026-09-12 01:27:06,531 [INFO] [117/121] 충정로역 (primary=KEY_1)
2026-09-12 01:27:07,719 [INFO] [118/121] 합정역 (primary=KEY_2)
2026-09-12 01:27:08,939 [INFO] [119/121] 혜화역 (primary=KEY_3)
2026-09-12 01:27:10,146 [INFO] [120/121] 홍대입구역(2호선) (primary=KEY_4)
2026-09-12 01:27:11,353 [INFO] [121/121] 회기역 (primary=KEY_1)
2026-09-12 01:27:12,925 [INFO] === 수집 완료 | 성공 121, 실패 0 ===
2026-09-12 01:27:12,925 [INFO] 카테고리별 저장 결과:
2026-09-12 01:27:12,925 [INFO]    accident                  | 신규     4행 | 누적      4행 | 16컬럼
2026-09-12 01:27:12,925 [INFO]    area_meta                 | 신규   121행 | 누적    121행 | 5컬럼
2026-09-12 01:27:12,925 [INFO]    bike                      | 신규    10행 | 누적     10행 | 12컬럼
2026-09-12 01:27:12,925 [INFO]    bike_sbike_stts           | 신규   575행 | 누적    575행 | 12컬럼
2026-09-12 01:27:12,925 [INFO]    bus                       | 신규     3행 | 누적      3행 | 11컬럼
2026-09-12 01:27:12,925 [INFO]    bus_bus_stn_stts          | 신규  1745행 | 누적   1745행 | 11컬럼
2026-09-12 01:27:12,925 [INFO]    charger                   | 신규     4행 | 누적      4행 | 15컬럼
2026-09-12 01:27:12,925 [INFO]    charger_charger_stts      | 신규  1917행 | 누적   1917행 | 15컬럼
2026-09-12 01:27:12,925 [INFO]    cmrcl                     | 신규    82행 | 누적     82행 | 20컬럼
2026-09-12 01:27:12,925 [INFO]    events                    | 신규    18행 | 누적     18행 | 14컬럼
2026-09-12 01:27:12,925 [INFO]    events_event_stts         | 신규   125행 | 누적    125행 | 14컬럼
2026-09-12 01:27:12,925 [INFO]    parking                   | 신규     6행 | 누적      6행 | 21컬럼
2026-09-12 01:27:12,925 [INFO]    parking_prk_stts          | 신규  1832행 | 누적   1832행 | 21컬럼
2026-09-12 01:27:12,925 [INFO]    ppltn                     | 신규   121행 | 누적    121행 | 26컬럼
2026-09-12 01:27:12,925 [INFO]    road                      | 신규   121행 | 누적    121행 | 21컬럼
2026-09-12 01:27:12,925 [INFO]    road_road_traffic_stts    | 신규  5298행 | 누적   5298행 | 17컬럼
2026-09-12 01:27:12,925 [INFO]    subway                    | 신규    38행 | 누적     38행 | 13컬럼
2026-09-12 01:27:12,925 [INFO]    subway_sub_stts           | 신규   183행 | 누적    183행 | 13컬럼
2026-09-12 01:27:12,925 [INFO]    weather                   | 신규   119행 | 누적    119행 | 29컬럼
2026-09-12 01:27:12,925 [INFO] 키별 사용량:
2026-09-12 01:27:12,925 [INFO]    🟢 KEY_1 (31/1000) 
2026-09-12 01:27:12,925 [INFO]    🟢 KEY_2 (30/1000) 
2026-09-12 01:27:12,925 [INFO]    🟢 KEY_3 (30/1000) 
2026-09-12 01:27:12,925 [INFO]    🟢 KEY_4 (30/1000) 
2026-09-12 04:36:54,141 [INFO] 등록된 키: 4개, 합산 한도 4,000건/일
2026-09-12 04:36:54,142 [INFO] POI 로드: 매뉴얼 v8.5 기준 fallback 121개 (121개 전체)
2026-09-12 04:36:54,142 [INFO] === 수집 시작 2026-09-12T04:36:54.142577+09:00 ===
2026-09-12 04:36:54,142 [INFO] 대상 장소: 121개 | API: citydata (통합)
2026-09-12 04:36:54,142 [INFO] 키 풀: 4/4 활성 | 오늘 사용 0/4000건
2026-09-12 04:36:54,142 [INFO]   [KEY_1] 담당 31장소
2026-09-12 04:36:54,142 [INFO]   [KEY_2] 담당 30장소
2026-09-12 04:36:54,142 [INFO]   [KEY_3] 담당 30장소
2026-09-12 04:36:54,142 [INFO]   [KEY_4] 담당 30장소
2026-09-12 04:36:54,143 [INFO] [1/121] 경복궁 (primary=KEY_1)
2026-09-12 04:36:56,024 [INFO] [2/121] 광화문·덕수궁 (primary=KEY_2)
2026-09-12 04:36:58,506 [INFO] [3/121] 보신각 (primary=KEY_3)
2026-09-12 04:37:00,568 [INFO] [4/121] 서울 암사동 유적 (primary=KEY_4)
2026-09-12 04:37:02,795 [INFO] [5/121] 창덕궁·종묘 (primary=KEY_1)
2026-09-12 04:37:04,108 [INFO] [6/121] 강남 MICE 관광특구 (primary=KEY_2)
2026-09-12 04:37:05,439 [INFO] [7/121] 동대문 관광특구 (primary=KEY_3)
2026-09-12 04:37:07,734 [INFO] [8/121] 명동 관광특구 (primary=KEY_4)
2026-09-12 04:37:10,295 [INFO] [9/121] 이태원 관광특구 (primary=KEY_1)
2026-09-12 04:37:12,369 [INFO] [10/121] 잠실 관광특구 (primary=KEY_2)
2026-09-12 04:37:14,921 [INFO] [11/121] 종로·청계 관광특구 (primary=KEY_3)
2026-09-12 04:37:17,311 [INFO] [12/121] 홍대 관광특구 (primary=KEY_4)
2026-09-12 04:37:18,848 [INFO] [13/121] 강서한강공원 (primary=KEY_1)
2026-09-12 04:37:20,742 [INFO] [14/121] 고척돔 (primary=KEY_2)
2026-09-12 04:37:22,600 [INFO] [15/121] 광나루한강공원 (primary=KEY_3)
2026-09-12 04:37:23,921 [INFO] [16/121] 광화문광장 (primary=KEY_4)
2026-09-12 04:37:25,403 [INFO] [17/121] 국립중앙박물관·용산가족공원 (primary=KEY_1)
2026-09-12 04:37:27,313 [INFO] [18/121] 난지한강공원 (primary=KEY_2)
2026-09-12 04:37:28,429 [INFO] [19/121] 남산공원 (primary=KEY_3)
2026-09-12 04:37:30,033 [INFO] [20/121] 노들섬 (primary=KEY_4)
2026-09-12 04:37:31,148 [INFO] [21/121] 뚝섬한강공원 (primary=KEY_1)
2026-09-12 04:37:33,007 [INFO] [22/121] 망원한강공원 (primary=KEY_2)
2026-09-12 04:37:35,047 [INFO] [23/121] 반포한강공원 (primary=KEY_3)
2026-09-12 04:37:36,146 [INFO] [24/121] 보라매공원 (primary=KEY_4)
2026-09-12 04:37:38,049 [INFO] [25/121] 북서울꿈의숲 (primary=KEY_1)
2026-09-12 04:37:39,327 [INFO] [26/121] 서대문독립공원 (primary=KEY_2)
2026-09-12 04:37:41,223 [INFO] [27/121] 서리풀공원·몽마르뜨공원 (primary=KEY_3)
2026-09-12 04:37:43,114 [INFO] [28/121] 서울대공원 (primary=KEY_4)
2026-09-12 04:37:44,215 [INFO] [29/121] 서울숲공원 (primary=KEY_1)
2026-09-12 04:37:45,533 [INFO] [30/121] 송현녹지광장 (primary=KEY_2)
2026-09-12 04:37:46,819 [INFO] [31/121] 아차산 (primary=KEY_3)
2026-09-12 04:37:47,955 [INFO] [32/121] 안양천 (primary=KEY_4)
2026-09-12 04:37:49,066 [INFO] [33/121] 양화한강공원 (primary=KEY_1)
2026-09-12 04:37:51,303 [INFO] [34/121] 어린이대공원 (primary=KEY_2)
2026-09-12 04:37:52,618 [INFO] [35/121] 여의도한강공원 (primary=KEY_3)
2026-09-12 04:37:53,952 [INFO] [36/121] 여의서로 (primary=KEY_4)
2026-09-12 04:37:55,230 [INFO] [37/121] 올림픽공원 (primary=KEY_1)
2026-09-12 04:37:56,584 [INFO] [38/121] 월드컵공원 (primary=KEY_2)
2026-09-12 04:37:58,088 [INFO] [39/121] 응봉산 (primary=KEY_3)
2026-09-12 04:38:00,124 [INFO] [40/121] 이촌한강공원 (primary=KEY_4)
2026-09-12 04:38:01,221 [INFO] [41/121] 잠실종합운동장 (primary=KEY_1)
2026-09-12 04:38:02,346 [INFO] [42/121] 잠실한강공원 (primary=KEY_2)
2026-09-12 04:38:04,212 [INFO] [43/121] 잠원한강공원 (primary=KEY_3)
2026-09-12 04:38:06,045 [INFO] [44/121] 청계산 (primary=KEY_4)
2026-09-12 04:38:07,350 [INFO] [45/121] 홍제폭포 (primary=KEY_1)
2026-09-12 04:38:09,203 [INFO] [46/121] 가락시장 (primary=KEY_2)
2026-09-12 04:38:11,244 [INFO] [47/121] 가로수길 (primary=KEY_3)
2026-09-12 04:38:12,763 [INFO] [48/121] 광장(전통)시장 (primary=KEY_4)
2026-09-12 04:38:14,080 [INFO] [49/121] 김포공항 (primary=KEY_1)
2026-09-12 04:38:16,410 [INFO] [50/121] 남대문시장 (primary=KEY_2)
2026-09-12 04:38:17,732 [INFO] [51/121] 노량진 (primary=KEY_3)
2026-09-12 04:38:19,130 [INFO] [52/121] 덕수궁길·정동길 (primary=KEY_4)
2026-09-12 04:38:20,473 [INFO] [53/121] 북창동 먹자골목 (primary=KEY_1)
2026-09-12 04:38:22,528 [INFO] [54/121] 북촌한옥마을 (primary=KEY_2)
2026-09-12 04:38:24,026 [INFO] [55/121] 서촌 (primary=KEY_3)
2026-09-12 04:38:26,101 [INFO] [56/121] 성수카페거리 (primary=KEY_4)
2026-09-12 04:38:27,619 [INFO] [57/121] 송리단길·호수단길 (primary=KEY_1)
2026-09-12 04:38:29,159 [INFO] [58/121] 신촌 스타광장 (primary=KEY_2)
2026-09-12 04:38:31,048 [INFO] [59/121] 압구정로데오거리 (primary=KEY_3)
2026-09-12 04:38:32,362 [INFO] [60/121] 여의도 (primary=KEY_4)
2026-09-12 04:38:34,530 [INFO] [61/121] 연남동 (primary=KEY_1)
2026-09-12 04:38:35,825 [INFO] [62/121] 영등포 타임스퀘어 (primary=KEY_2)
2026-09-12 04:38:37,709 [INFO] [63/121] 용리단길 (primary=KEY_3)
2026-09-12 04:38:38,845 [INFO] [64/121] 이태원 앤틱가구거리 (primary=KEY_4)
2026-09-12 04:38:40,752 [INFO] [65/121] 익선동 (primary=KEY_1)
2026-09-12 04:38:42,072 [INFO] [66/121] 인사동 (primary=KEY_2)
2026-09-12 04:38:43,593 [INFO] [67/121] 잠실롯데타워·석촌호수 (primary=KEY_3)
2026-09-12 04:38:45,304 [INFO] [68/121] 창동 신경제 중심지 (primary=KEY_4)
2026-09-12 04:38:47,240 [INFO] [69/121] 청담동 명품거리 (primary=KEY_1)
2026-09-12 04:38:48,567 [INFO] [70/121] 청량리 제기동 일대 전통시장 (primary=KEY_2)
2026-09-12 04:38:49,878 [INFO] [71/121] 해방촌·경리단길 (primary=KEY_3)
2026-09-12 04:38:51,076 [INFO] [72/121] DDP(동대문디자인플라자) (primary=KEY_4)
2026-09-12 04:38:53,151 [INFO] [73/121] DMC(디지털미디어시티) (primary=KEY_1)
2026-09-12 04:38:55,667 [INFO] [74/121] 가산디지털단지역 (primary=KEY_2)
2026-09-12 04:38:58,343 [INFO] [75/121] 강남역 (primary=KEY_3)
2026-09-12 04:38:59,875 [INFO] [76/121] 건대입구역 (primary=KEY_4)
2026-09-12 04:39:01,227 [INFO] [77/121] 고덕역 (primary=KEY_1)
2026-09-12 04:39:02,541 [INFO] [78/121] 고속터미널역 (primary=KEY_2)
2026-09-12 04:39:03,864 [INFO] [79/121] 교대역 (primary=KEY_3)
2026-09-12 04:39:05,806 [INFO] [80/121] 구로디지털단지역 (primary=KEY_4)
2026-09-12 04:39:07,514 [INFO] [81/121] 구로역 (primary=KEY_1)
2026-09-12 04:39:08,827 [INFO] [82/121] 군자역 (primary=KEY_2)
2026-09-12 04:39:09,969 [INFO] [83/121] 대림역 (primary=KEY_3)
2026-09-12 04:39:11,284 [INFO] [84/121] 동대문역 (primary=KEY_4)
2026-09-12 04:39:12,592 [INFO] [85/121] 뚝섬역 (primary=KEY_1)
2026-09-12 04:39:15,016 [INFO] [86/121] 미아사거리역 (primary=KEY_2)
2026-09-12 04:39:16,323 [INFO] [87/121] 발산역 (primary=KEY_3)
2026-09-12 04:39:18,055 [INFO] [88/121] 사당역 (primary=KEY_4)
2026-09-12 04:39:20,215 [INFO] [89/121] 삼각지역 (primary=KEY_1)
2026-09-12 04:39:21,369 [INFO] [90/121] 서울대입구역 (primary=KEY_2)
2026-09-12 04:39:22,710 [INFO] [91/121] 서울식물원·마곡나루역 (primary=KEY_3)
2026-09-12 04:39:24,228 [INFO] [92/121] 서울역 (primary=KEY_4)
2026-09-12 04:39:26,327 [INFO] [93/121] 선릉역 (primary=KEY_1)
2026-09-12 04:39:28,148 [INFO] [94/121] 성신여대입구역 (primary=KEY_2)
2026-09-12 04:39:29,318 [INFO] [95/121] 수유역 (primary=KEY_3)
2026-09-12 04:39:30,635 [INFO] [96/121] 숭례문 (primary=KEY_4)
2026-09-12 04:39:31,990 [INFO] [97/121] 시의회 앞 (primary=KEY_1)
2026-09-12 04:39:33,326 [INFO] [98/121] 신논현역·논현역 (primary=KEY_2)
2026-09-12 04:39:34,689 [INFO] [99/121] 신도림역 (primary=KEY_3)
2026-09-12 04:39:35,845 [INFO] [100/121] 신림역 (primary=KEY_4)
2026-09-12 04:39:36,981 [INFO] [101/121] 신정네거리역 (primary=KEY_1)
2026-09-12 04:39:38,298 [INFO] [102/121] 신촌·이대역 (primary=KEY_2)
2026-09-12 04:39:39,611 [INFO] [103/121] 쌍문역 (primary=KEY_3)
2026-09-12 04:39:40,925 [INFO] [104/121] 양재역 (primary=KEY_4)
2026-09-12 04:39:42,238 [INFO] [105/121] 역삼역 (primary=KEY_1)
2026-09-12 04:39:43,764 [INFO] [106/121] 연신내역 (primary=KEY_2)
2026-09-12 04:39:44,927 [INFO] [107/121] 오목교역·목동운동장 (primary=KEY_3)
2026-09-12 04:39:46,873 [INFO] [108/121] 왕십리역 (primary=KEY_4)
2026-09-12 04:39:48,261 [INFO] [109/121] 용산역 (primary=KEY_1)
2026-09-12 04:39:49,781 [INFO] [110/121] 이태원역 (primary=KEY_2)
2026-09-12 04:39:50,908 [INFO] [111/121] 잠실새내역 (primary=KEY_3)
2026-09-12 04:39:52,298 [INFO] [112/121] 잠실역 (primary=KEY_4)
2026-09-12 04:39:53,904 [INFO] [113/121] 장지역 (primary=KEY_1)
2026-09-12 04:39:56,210 [INFO] [114/121] 장한평역 (primary=KEY_2)
2026-09-12 04:39:57,515 [INFO] [115/121] 천호역 (primary=KEY_3)
2026-09-12 04:39:58,856 [INFO] [116/121] 총신대입구(이수)역 (primary=KEY_4)
2026-09-12 04:40:00,954 [INFO] [117/121] 충정로역 (primary=KEY_1)
2026-09-12 04:40:02,275 [INFO] [118/121] 합정역 (primary=KEY_2)
2026-09-12 04:40:03,602 [INFO] [119/121] 혜화역 (primary=KEY_3)
2026-09-12 04:40:04,926 [INFO] [120/121] 홍대입구역(2호선) (primary=KEY_4)
2026-09-12 04:40:06,285 [INFO] [121/121] 회기역 (primary=KEY_1)
2026-09-12 04:40:08,320 [INFO] === 수집 완료 | 성공 121, 실패 0 ===
2026-09-12 04:40:08,320 [INFO] 카테고리별 저장 결과:
2026-09-12 04:40:08,320 [INFO]    accident                  | 신규     4행 | 누적      8행 | 16컬럼
2026-09-12 04:40:08,320 [INFO]    area_meta                 | 신규   121행 | 누적    242행 | 5컬럼
2026-09-12 04:40:08,320 [INFO]    bike                      | 신규    10행 | 누적     20행 | 12컬럼
2026-09-12 04:40:08,320 [INFO]    bike_sbike_stts           | 신규   575행 | 누적   1150행 | 12컬럼
2026-09-12 04:40:08,320 [INFO]    bus                       | 신규     3행 | 누적      6행 | 11컬럼
2026-09-12 04:40:08,320 [INFO]    bus_bus_stn_stts          | 신규  1745행 | 누적   3490행 | 11컬럼
2026-09-12 04:40:08,320 [INFO]    charger                   | 신규     4행 | 누적      8행 | 15컬럼
2026-09-12 04:40:08,320 [INFO]    charger_charger_stts      | 신규  1917행 | 누적   3808행 | 15컬럼
2026-09-12 04:40:08,320 [INFO]    cmrcl                     | 신규    82행 | 누적    164행 | 20컬럼
2026-09-12 04:40:08,320 [INFO]    events                    | 신규    18행 | 누적     36행 | 14컬럼
2026-09-12 04:40:08,320 [INFO]    events_event_stts         | 신규   125행 | 누적    250행 | 14컬럼
2026-09-12 04:40:08,320 [INFO]    parking                   | 신규     6행 | 누적     12행 | 21컬럼
2026-09-12 04:40:08,320 [INFO]    parking_prk_stts          | 신규  1832행 | 누적   3664행 | 21컬럼
2026-09-12 04:40:08,320 [INFO]    ppltn                     | 신규   121행 | 누적    242행 | 26컬럼
2026-09-12 04:40:08,320 [INFO]    road                      | 신규   121행 | 누적    242행 | 21컬럼
2026-09-12 04:40:08,320 [INFO]    road_road_traffic_stts    | 신규  5298행 | 누적  10596행 | 17컬럼
2026-09-12 04:40:08,320 [INFO]    subway                    | 신규    38행 | 누적     76행 | 13컬럼
2026-09-12 04:40:08,320 [INFO]    subway_sub_stts           | 신규   183행 | 누적    366행 | 13컬럼
2026-09-12 04:40:08,320 [INFO]    weather                   | 신규   114행 | 누적    233행 | 29컬럼
2026-09-12 04:40:08,320 [INFO] 키별 사용량:
2026-09-12 04:40:08,321 [INFO]    🟢 KEY_1 (31/1000) 
2026-09-12 04:40:08,321 [INFO]    🟢 KEY_2 (30/1000) 
2026-09-12 04:40:08,321 [INFO]    🟢 KEY_3 (30/1000) 
2026-09-12 04:40:08,321 [INFO]    🟢 KEY_4 (30/1000) 
2026-09-12 07:31:02,121 [INFO] 등록된 키: 4개, 합산 한도 4,000건/일
2026-09-12 07:31:02,121 [INFO] POI 로드: 매뉴얼 v8.5 기준 fallback 121개 (121개 전체)
2026-09-12 07:31:02,121 [INFO] === 수집 시작 2026-09-12T07:31:02.121768+09:00 ===
2026-09-12 07:31:02,121 [INFO] 대상 장소: 121개 | API: citydata (통합)
2026-09-12 07:31:02,121 [INFO] 키 풀: 4/4 활성 | 오늘 사용 0/4000건
2026-09-12 07:31:02,122 [INFO]   [KEY_1] 담당 31장소
2026-09-12 07:31:02,122 [INFO]   [KEY_2] 담당 30장소
2026-09-12 07:31:02,122 [INFO]   [KEY_3] 담당 30장소
2026-09-12 07:31:02,122 [INFO]   [KEY_4] 담당 30장소
2026-09-12 07:31:02,122 [INFO] [1/121] 경복궁 (primary=KEY_1)
2026-09-12 07:31:04,073 [INFO] [2/121] 광화문·덕수궁 (primary=KEY_2)
2026-09-12 07:31:06,135 [INFO] [3/121] 보신각 (primary=KEY_3)
2026-09-12 07:31:07,909 [INFO] [4/121] 서울 암사동 유적 (primary=KEY_4)
2026-09-12 07:31:08,865 [INFO] [5/121] 창덕궁·종묘 (primary=KEY_1)
2026-09-12 07:31:10,626 [INFO] [6/121] 강남 MICE 관광특구 (primary=KEY_2)
2026-09-12 07:31:11,747 [INFO] [7/121] 동대문 관광특구 (primary=KEY_3)
2026-09-12 07:31:13,151 [INFO] [8/121] 명동 관광특구 (primary=KEY_4)
2026-09-12 07:31:15,133 [INFO] [9/121] 이태원 관광특구 (primary=KEY_1)
2026-09-12 07:31:16,253 [INFO] [10/121] 잠실 관광특구 (primary=KEY_2)
2026-09-12 07:31:18,364 [INFO] [11/121] 종로·청계 관광특구 (primary=KEY_3)
2026-09-12 07:31:19,785 [INFO] [12/121] 홍대 관광특구 (primary=KEY_4)
2026-09-12 07:31:21,074 [INFO] [13/121] 강서한강공원 (primary=KEY_1)
2026-09-12 07:31:22,035 [INFO] [14/121] 고척돔 (primary=KEY_2)
2026-09-12 07:31:22,998 [INFO] [15/121] 광나루한강공원 (primary=KEY_3)
2026-09-12 07:31:24,373 [INFO] [16/121] 광화문광장 (primary=KEY_4)
2026-09-12 07:31:25,487 [INFO] [17/121] 국립중앙박물관·용산가족공원 (primary=KEY_1)
2026-09-12 07:31:26,452 [INFO] [18/121] 난지한강공원 (primary=KEY_2)
2026-09-12 07:31:27,415 [INFO] [19/121] 남산공원 (primary=KEY_3)
2026-09-12 07:31:29,216 [INFO] [20/121] 노들섬 (primary=KEY_4)
2026-09-12 07:31:30,184 [INFO] [21/121] 뚝섬한강공원 (primary=KEY_1)
2026-09-12 07:31:31,697 [INFO] [22/121] 망원한강공원 (primary=KEY_2)
2026-09-12 07:31:32,805 [INFO] [23/121] 반포한강공원 (primary=KEY_3)
2026-09-12 07:31:33,803 [INFO] [24/121] 보라매공원 (primary=KEY_4)
2026-09-12 07:31:34,905 [INFO] [25/121] 북서울꿈의숲 (primary=KEY_1)
2026-09-12 07:31:36,019 [INFO] [26/121] 서대문독립공원 (primary=KEY_2)
2026-09-12 07:31:37,122 [INFO] [27/121] 서리풀공원·몽마르뜨공원 (primary=KEY_3)
2026-09-12 07:31:38,252 [INFO] [28/121] 서울대공원 (primary=KEY_4)
2026-09-12 07:31:39,209 [INFO] [29/121] 서울숲공원 (primary=KEY_1)
2026-09-12 07:31:40,313 [INFO] [30/121] 송현녹지광장 (primary=KEY_2)
2026-09-12 07:31:41,550 [INFO] [31/121] 아차산 (primary=KEY_3)
2026-09-12 07:31:42,510 [INFO] [32/121] 안양천 (primary=KEY_4)
2026-09-12 07:31:43,478 [INFO] [33/121] 양화한강공원 (primary=KEY_1)
2026-09-12 07:31:44,435 [INFO] [34/121] 어린이대공원 (primary=KEY_2)
2026-09-12 07:31:46,308 [INFO] [35/121] 여의도한강공원 (primary=KEY_3)
2026-09-12 07:31:47,404 [INFO] [36/121] 여의서로 (primary=KEY_4)
2026-09-12 07:31:48,633 [INFO] [37/121] 올림픽공원 (primary=KEY_1)
2026-09-12 07:31:49,762 [INFO] [38/121] 월드컵공원 (primary=KEY_2)
2026-09-12 07:31:51,037 [INFO] [39/121] 응봉산 (primary=KEY_3)
2026-09-12 07:31:52,124 [INFO] [40/121] 이촌한강공원 (primary=KEY_4)
2026-09-12 07:31:53,090 [INFO] [41/121] 잠실종합운동장 (primary=KEY_1)
2026-09-12 07:31:54,052 [INFO] [42/121] 잠실한강공원 (primary=KEY_2)
2026-09-12 07:31:55,034 [INFO] [43/121] 잠원한강공원 (primary=KEY_3)
2026-09-12 07:31:55,988 [INFO] [44/121] 청계산 (primary=KEY_4)
2026-09-12 07:31:56,950 [INFO] [45/121] 홍제폭포 (primary=KEY_1)
2026-09-12 07:31:57,918 [INFO] [46/121] 가락시장 (primary=KEY_2)
2026-09-12 07:31:59,079 [INFO] [47/121] 가로수길 (primary=KEY_3)
2026-09-12 07:32:00,226 [INFO] [48/121] 광장(전통)시장 (primary=KEY_4)
2026-09-12 07:32:01,199 [INFO] [49/121] 김포공항 (primary=KEY_1)
2026-09-12 07:32:02,472 [INFO] [50/121] 남대문시장 (primary=KEY_2)
2026-09-12 07:32:03,589 [INFO] [51/121] 노량진 (primary=KEY_3)
2026-09-12 07:32:04,723 [INFO] [52/121] 덕수궁길·정동길 (primary=KEY_4)
2026-09-12 07:32:05,847 [INFO] [53/121] 북창동 먹자골목 (primary=KEY_1)
2026-09-12 07:32:06,957 [INFO] [54/121] 북촌한옥마을 (primary=KEY_2)
2026-09-12 07:32:08,214 [INFO] [55/121] 서촌 (primary=KEY_3)
2026-09-12 07:32:09,326 [INFO] [56/121] 성수카페거리 (primary=KEY_4)
2026-09-12 07:32:10,599 [INFO] [57/121] 송리단길·호수단길 (primary=KEY_1)
2026-09-12 07:32:11,739 [INFO] [58/121] 신촌 스타광장 (primary=KEY_2)
2026-09-12 07:32:12,719 [INFO] [59/121] 압구정로데오거리 (primary=KEY_3)
2026-09-12 07:32:13,889 [INFO] [60/121] 여의도 (primary=KEY_4)
2026-09-12 07:32:15,638 [INFO] [61/121] 연남동 (primary=KEY_1)
2026-09-12 07:32:16,752 [INFO] [62/121] 영등포 타임스퀘어 (primary=KEY_2)
2026-09-12 07:32:17,859 [INFO] [63/121] 용리단길 (primary=KEY_3)
2026-09-12 07:32:18,862 [INFO] [64/121] 이태원 앤틱가구거리 (primary=KEY_4)
2026-09-12 07:32:19,986 [INFO] [65/121] 익선동 (primary=KEY_1)
2026-09-12 07:32:21,121 [INFO] [66/121] 인사동 (primary=KEY_2)
2026-09-12 07:32:22,386 [INFO] [67/121] 잠실롯데타워·석촌호수 (primary=KEY_3)
2026-09-12 07:32:23,797 [INFO] [68/121] 창동 신경제 중심지 (primary=KEY_4)
2026-09-12 07:32:25,189 [INFO] [69/121] 청담동 명품거리 (primary=KEY_1)
2026-09-12 07:32:26,323 [INFO] [70/121] 청량리 제기동 일대 전통시장 (primary=KEY_2)
2026-09-12 07:32:27,461 [INFO] [71/121] 해방촌·경리단길 (primary=KEY_3)
2026-09-12 07:32:28,462 [INFO] [72/121] DDP(동대문디자인플라자) (primary=KEY_4)
2026-09-12 07:32:29,615 [INFO] [73/121] DMC(디지털미디어시티) (primary=KEY_1)
2026-09-12 07:32:31,047 [INFO] [74/121] 가산디지털단지역 (primary=KEY_2)
2026-09-12 07:32:32,581 [INFO] [75/121] 강남역 (primary=KEY_3)
2026-09-12 07:32:33,859 [INFO] [76/121] 건대입구역 (primary=KEY_4)
2026-09-12 07:32:34,973 [INFO] [77/121] 고덕역 (primary=KEY_1)
2026-09-12 07:32:36,109 [INFO] [78/121] 고속터미널역 (primary=KEY_2)
2026-09-12 07:32:37,237 [INFO] [79/121] 교대역 (primary=KEY_3)
2026-09-12 07:32:38,357 [INFO] [80/121] 구로디지털단지역 (primary=KEY_4)
2026-09-12 07:32:39,733 [INFO] [81/121] 구로역 (primary=KEY_1)
2026-09-12 07:32:40,843 [INFO] [82/121] 군자역 (primary=KEY_2)
2026-09-12 07:32:41,972 [INFO] [83/121] 대림역 (primary=KEY_3)
2026-09-12 07:32:43,090 [INFO] [84/121] 동대문역 (primary=KEY_4)
2026-09-12 07:32:44,200 [INFO] [85/121] 뚝섬역 (primary=KEY_1)
2026-09-12 07:32:45,306 [INFO] [86/121] 미아사거리역 (primary=KEY_2)
2026-09-12 07:32:46,417 [INFO] [87/121] 발산역 (primary=KEY_3)
2026-09-12 07:32:47,821 [INFO] [88/121] 사당역 (primary=KEY_4)
2026-09-12 07:32:48,949 [INFO] [89/121] 삼각지역 (primary=KEY_1)
2026-09-12 07:32:50,088 [INFO] [90/121] 서울대입구역 (primary=KEY_2)
2026-09-12 07:32:51,238 [INFO] [91/121] 서울식물원·마곡나루역 (primary=KEY_3)
2026-09-12 07:32:52,530 [INFO] [92/121] 서울역 (primary=KEY_4)
2026-09-12 07:32:53,837 [INFO] [93/121] 선릉역 (primary=KEY_1)
2026-09-12 07:32:55,281 [INFO] [94/121] 성신여대입구역 (primary=KEY_2)
2026-09-12 07:32:56,266 [INFO] [95/121] 수유역 (primary=KEY_3)
2026-09-12 07:32:57,389 [INFO] [96/121] 숭례문 (primary=KEY_4)
2026-09-12 07:32:58,536 [INFO] [97/121] 시의회 앞 (primary=KEY_1)
2026-09-12 07:32:59,655 [INFO] [98/121] 신논현역·논현역 (primary=KEY_2)
2026-09-12 07:33:00,788 [INFO] [99/121] 신도림역 (primary=KEY_3)
2026-09-12 07:33:01,794 [INFO] [100/121] 신림역 (primary=KEY_4)
2026-09-12 07:33:02,906 [INFO] [101/121] 신정네거리역 (primary=KEY_1)
2026-09-12 07:33:04,020 [INFO] [102/121] 신촌·이대역 (primary=KEY_2)
2026-09-12 07:33:05,139 [INFO] [103/121] 쌍문역 (primary=KEY_3)
2026-09-12 07:33:06,260 [INFO] [104/121] 양재역 (primary=KEY_4)
2026-09-12 07:33:07,379 [INFO] [105/121] 역삼역 (primary=KEY_1)
2026-09-12 07:33:08,649 [INFO] [106/121] 연신내역 (primary=KEY_2)
2026-09-12 07:33:09,656 [INFO] [107/121] 오목교역·목동운동장 (primary=KEY_3)
2026-09-12 07:33:11,200 [INFO] [108/121] 왕십리역 (primary=KEY_4)
2026-09-12 07:33:12,369 [INFO] [109/121] 용산역 (primary=KEY_1)
2026-09-12 07:33:13,642 [INFO] [110/121] 이태원역 (primary=KEY_2)
2026-09-12 07:33:14,653 [INFO] [111/121] 잠실새내역 (primary=KEY_3)
2026-09-12 07:33:15,769 [INFO] [112/121] 잠실역 (primary=KEY_4)
2026-09-12 07:33:17,101 [INFO] [113/121] 장지역 (primary=KEY_1)
2026-09-12 07:33:18,361 [INFO] [114/121] 장한평역 (primary=KEY_2)
2026-09-12 07:33:19,482 [INFO] [115/121] 천호역 (primary=KEY_3)
2026-09-12 07:33:20,603 [INFO] [116/121] 총신대입구(이수)역 (primary=KEY_4)
2026-09-12 07:33:21,754 [INFO] [117/121] 충정로역 (primary=KEY_1)
2026-09-12 07:33:22,898 [INFO] [118/121] 합정역 (primary=KEY_2)
2026-09-12 07:33:24,035 [INFO] [119/121] 혜화역 (primary=KEY_3)
2026-09-12 07:33:25,152 [INFO] [120/121] 홍대입구역(2호선) (primary=KEY_4)
2026-09-12 07:33:26,269 [INFO] [121/121] 회기역 (primary=KEY_1)
2026-09-12 07:33:28,260 [INFO] === 수집 완료 | 성공 121, 실패 0 ===
2026-09-12 07:33:28,260 [INFO] 카테고리별 저장 결과:
2026-09-12 07:33:28,260 [INFO]    accident                  | 신규     5행 | 누적     13행 | 16컬럼
2026-09-12 07:33:28,260 [INFO]    area_meta                 | 신규   121행 | 누적    363행 | 5컬럼
2026-09-12 07:33:28,260 [INFO]    bike                      | 신규    10행 | 누적     30행 | 12컬럼
2026-09-12 07:33:28,260 [INFO]    bike_sbike_stts           | 신규   575행 | 누적   1725행 | 12컬럼
2026-09-12 07:33:28,260 [INFO]    bus                       | 신규     3행 | 누적      9행 | 11컬럼
2026-09-12 07:33:28,260 [INFO]    bus_bus_stn_stts          | 신규  1745행 | 누적   5235행 | 11컬럼
2026-09-12 07:33:28,260 [INFO]    charger                   | 신규     4행 | 누적     12행 | 15컬럼
2026-09-12 07:33:28,260 [INFO]    charger_charger_stts      | 신규  1917행 | 누적   5712행 | 15컬럼
2026-09-12 07:33:28,260 [INFO]    cmrcl                     | 신규    82행 | 누적    246행 | 20컬럼
2026-09-12 07:33:28,260 [INFO]    events                    | 신규    17행 | 누적     53행 | 14컬럼
2026-09-12 07:33:28,260 [INFO]    events_event_stts         | 신규   132행 | 누적    382행 | 14컬럼
2026-09-12 07:33:28,261 [INFO]    parking                   | 신규     6행 | 누적     18행 | 21컬럼
2026-09-12 07:33:28,261 [INFO]    parking_prk_stts          | 신규  1832행 | 누적   5496행 | 21컬럼
2026-09-12 07:33:28,261 [INFO]    ppltn                     | 신규   121행 | 누적    363행 | 26컬럼
2026-09-12 07:33:28,261 [INFO]    road                      | 신규   121행 | 누적    363행 | 21컬럼
2026-09-12 07:33:28,261 [INFO]    road_road_traffic_stts    | 신규  5298행 | 누적  15894행 | 17컬럼
2026-09-12 07:33:28,261 [INFO]    subway                    | 신규    38행 | 누적    114행 | 13컬럼
2026-09-12 07:33:28,261 [INFO]    subway_sub_stts           | 신규   183행 | 누적    549행 | 13컬럼
2026-09-12 07:33:28,261 [INFO]    weather                   | 신규   114행 | 누적    347행 | 29컬럼
2026-09-12 07:33:28,261 [INFO] 키별 사용량:
2026-09-12 07:33:28,261 [INFO]    🟢 KEY_1 (31/1000) 
2026-09-12 07:33:28,261 [INFO]    🟢 KEY_2 (30/1000) 
2026-09-12 07:33:28,261 [INFO]    🟢 KEY_3 (30/1000) 
2026-09-12 07:33:28,261 [INFO]    🟢 KEY_4 (30/1000) 
2026-09-12 10:05:16,583 [INFO] 등록된 키: 4개, 합산 한도 4,000건/일
2026-09-12 10:05:16,583 [INFO] POI 로드: 매뉴얼 v8.5 기준 fallback 121개 (121개 전체)
2026-09-12 10:05:16,583 [INFO] === 수집 시작 2026-09-12T10:05:16.583926+09:00 ===
2026-09-12 10:05:16,584 [INFO] 대상 장소: 121개 | API: citydata (통합)
2026-09-12 10:05:16,584 [INFO] 키 풀: 4/4 활성 | 오늘 사용 0/4000건
2026-09-12 10:05:16,584 [INFO]   [KEY_1] 담당 31장소
2026-09-12 10:05:16,584 [INFO]   [KEY_2] 담당 30장소
2026-09-12 10:05:16,584 [INFO]   [KEY_3] 담당 30장소
2026-09-12 10:05:16,584 [INFO]   [KEY_4] 담당 30장소
2026-09-12 10:05:16,584 [INFO] [1/121] 경복궁 (primary=KEY_1)
2026-09-12 10:05:18,721 [INFO] [2/121] 광화문·덕수궁 (primary=KEY_2)
2026-09-12 10:05:21,213 [INFO] [3/121] 보신각 (primary=KEY_3)
2026-09-12 10:05:23,651 [INFO] [4/121] 서울 암사동 유적 (primary=KEY_4)
2026-09-12 10:05:25,535 [INFO] [5/121] 창덕궁·종묘 (primary=KEY_1)
2026-09-12 10:05:27,627 [INFO] [6/121] 강남 MICE 관광특구 (primary=KEY_2)
2026-09-12 10:05:28,990 [INFO] [7/121] 동대문 관광특구 (primary=KEY_3)
2026-09-12 10:05:31,902 [INFO] [8/121] 명동 관광특구 (primary=KEY_4)
2026-09-12 10:05:34,591 [INFO] [9/121] 이태원 관광특구 (primary=KEY_1)
2026-09-12 10:05:36,716 [INFO] [10/121] 잠실 관광특구 (primary=KEY_2)
2026-09-12 10:05:38,474 [INFO] [11/121] 종로·청계 관광특구 (primary=KEY_3)
2026-09-12 10:05:40,815 [INFO] [12/121] 홍대 관광특구 (primary=KEY_4)
2026-09-12 10:05:42,433 [INFO] [13/121] 강서한강공원 (primary=KEY_1)
2026-09-12 10:05:43,564 [INFO] [14/121] 고척돔 (primary=KEY_2)
2026-09-12 10:05:44,710 [INFO] [15/121] 광나루한강공원 (primary=KEY_3)
2026-09-12 10:05:46,783 [INFO] [16/121] 광화문광장 (primary=KEY_4)
2026-09-12 10:05:48,890 [INFO] [17/121] 국립중앙박물관·용산가족공원 (primary=KEY_1)
2026-09-12 10:05:50,239 [INFO] [18/121] 난지한강공원 (primary=KEY_2)
2026-09-12 10:05:51,358 [INFO] [19/121] 남산공원 (primary=KEY_3)
2026-09-12 10:05:52,929 [INFO] [20/121] 노들섬 (primary=KEY_4)
2026-09-12 10:05:54,063 [INFO] [21/121] 뚝섬한강공원 (primary=KEY_1)
2026-09-12 10:05:55,965 [INFO] [22/121] 망원한강공원 (primary=KEY_2)
2026-09-12 10:05:57,299 [INFO] [23/121] 반포한강공원 (primary=KEY_3)
2026-09-12 10:05:59,170 [INFO] [24/121] 보라매공원 (primary=KEY_4)
2026-09-12 10:06:01,099 [INFO] [25/121] 북서울꿈의숲 (primary=KEY_1)
2026-09-12 10:06:02,454 [INFO] [26/121] 서대문독립공원 (primary=KEY_2)
2026-09-12 10:06:04,356 [INFO] [27/121] 서리풀공원·몽마르뜨공원 (primary=KEY_3)
2026-09-12 10:06:06,466 [INFO] [28/121] 서울대공원 (primary=KEY_4)
2026-09-12 10:06:07,597 [INFO] [29/121] 서울숲공원 (primary=KEY_1)
2026-09-12 10:06:09,705 [INFO] [30/121] 송현녹지광장 (primary=KEY_2)
2026-09-12 10:06:11,020 [INFO] [31/121] 아차산 (primary=KEY_3)
2026-09-12 10:06:12,161 [INFO] [32/121] 안양천 (primary=KEY_4)
2026-09-12 10:06:13,291 [INFO] [33/121] 양화한강공원 (primary=KEY_1)
2026-09-12 10:06:14,419 [INFO] [34/121] 어린이대공원 (primary=KEY_2)
2026-09-12 10:06:15,838 [INFO] [35/121] 여의도한강공원 (primary=KEY_3)
2026-09-12 10:06:17,905 [INFO] [36/121] 여의서로 (primary=KEY_4)
2026-09-12 10:06:20,177 [INFO] [37/121] 올림픽공원 (primary=KEY_1)
2026-09-12 10:06:21,534 [INFO] [38/121] 월드컵공원 (primary=KEY_2)
2026-09-12 10:06:23,081 [INFO] [39/121] 응봉산 (primary=KEY_3)
2026-09-12 10:06:24,415 [INFO] [40/121] 이촌한강공원 (primary=KEY_4)
2026-09-12 10:06:25,546 [INFO] [41/121] 잠실종합운동장 (primary=KEY_1)
2026-09-12 10:06:26,691 [INFO] [42/121] 잠실한강공원 (primary=KEY_2)
2026-09-12 10:06:27,820 [INFO] [43/121] 잠원한강공원 (primary=KEY_3)
2026-09-12 10:06:30,074 [INFO] [44/121] 청계산 (primary=KEY_4)
2026-09-12 10:06:31,223 [INFO] [45/121] 홍제폭포 (primary=KEY_1)
2026-09-12 10:06:33,095 [INFO] [46/121] 가락시장 (primary=KEY_2)
2026-09-12 10:06:34,482 [INFO] [47/121] 가로수길 (primary=KEY_3)
2026-09-12 10:06:35,832 [INFO] [48/121] 광장(전통)시장 (primary=KEY_4)
2026-09-12 10:06:36,980 [INFO] [49/121] 김포공항 (primary=KEY_1)
2026-09-12 10:06:38,553 [INFO] [50/121] 남대문시장 (primary=KEY_2)
2026-09-12 10:06:39,885 [INFO] [51/121] 노량진 (primary=KEY_3)
2026-09-12 10:06:42,168 [INFO] [52/121] 덕수궁길·정동길 (primary=KEY_4)
2026-09-12 10:06:44,298 [INFO] [53/121] 북창동 먹자골목 (primary=KEY_1)
2026-09-12 10:06:46,398 [INFO] [54/121] 북촌한옥마을 (primary=KEY_2)
2026-09-12 10:06:47,979 [INFO] [55/121] 서촌 (primary=KEY_3)
2026-09-12 10:06:50,287 [INFO] [56/121] 성수카페거리 (primary=KEY_4)
2026-09-12 10:06:51,834 [INFO] [57/121] 송리단길·호수단길 (primary=KEY_1)
2026-09-12 10:06:53,205 [INFO] [58/121] 신촌 스타광장 (primary=KEY_2)
2026-09-12 10:06:54,404 [INFO] [59/121] 압구정로데오거리 (primary=KEY_3)
2026-09-12 10:06:55,749 [INFO] [60/121] 여의도 (primary=KEY_4)
2026-09-12 10:06:57,954 [INFO] [61/121] 연남동 (primary=KEY_1)
2026-09-12 10:06:59,282 [INFO] [62/121] 영등포 타임스퀘어 (primary=KEY_2)
2026-09-12 10:07:01,571 [INFO] [63/121] 용리단길 (primary=KEY_3)
2026-09-12 10:07:02,704 [INFO] [64/121] 이태원 앤틱가구거리 (primary=KEY_4)
2026-09-12 10:07:04,038 [INFO] [65/121] 익선동 (primary=KEY_1)
2026-09-12 10:07:05,394 [INFO] [66/121] 인사동 (primary=KEY_2)
2026-09-12 10:07:06,940 [INFO] [67/121] 잠실롯데타워·석촌호수 (primary=KEY_3)
2026-09-12 10:07:08,729 [INFO] [68/121] 창동 신경제 중심지 (primary=KEY_4)
2026-09-12 10:07:10,434 [INFO] [69/121] 청담동 명품거리 (primary=KEY_1)
2026-09-12 10:07:11,764 [INFO] [70/121] 청량리 제기동 일대 전통시장 (primary=KEY_2)
2026-09-12 10:07:13,108 [INFO] [71/121] 해방촌·경리단길 (primary=KEY_3)
2026-09-12 10:07:14,315 [INFO] [72/121] DDP(동대문디자인플라자) (primary=KEY_4)
2026-09-12 10:07:15,696 [INFO] [73/121] DMC(디지털미디어시티) (primary=KEY_1)
2026-09-12 10:07:17,421 [INFO] [74/121] 가산디지털단지역 (primary=KEY_2)
2026-09-12 10:07:20,098 [INFO] [75/121] 강남역 (primary=KEY_3)
2026-09-12 10:07:21,663 [INFO] [76/121] 건대입구역 (primary=KEY_4)
2026-09-12 10:07:23,058 [INFO] [77/121] 고덕역 (primary=KEY_1)
2026-09-12 10:07:24,361 [INFO] [78/121] 고속터미널역 (primary=KEY_2)
2026-09-12 10:07:25,738 [INFO] [79/121] 교대역 (primary=KEY_3)
2026-09-12 10:07:27,083 [INFO] [80/121] 구로디지털단지역 (primary=KEY_4)
2026-09-12 10:07:28,800 [INFO] [81/121] 구로역 (primary=KEY_1)
2026-09-12 10:07:30,151 [INFO] [82/121] 군자역 (primary=KEY_2)
2026-09-12 10:07:31,556 [INFO] [83/121] 대림역 (primary=KEY_3)
2026-09-12 10:07:32,947 [INFO] [84/121] 동대문역 (primary=KEY_4)
2026-09-12 10:07:34,269 [INFO] [85/121] 뚝섬역 (primary=KEY_1)
2026-09-12 10:07:35,608 [INFO] [86/121] 미아사거리역 (primary=KEY_2)
2026-09-12 10:07:36,961 [INFO] [87/121] 발산역 (primary=KEY_3)
2026-09-12 10:07:38,652 [INFO] [88/121] 사당역 (primary=KEY_4)
2026-09-12 10:07:40,011 [INFO] [89/121] 삼각지역 (primary=KEY_1)
2026-09-12 10:07:41,382 [INFO] [90/121] 서울대입구역 (primary=KEY_2)
2026-09-12 10:07:42,737 [INFO] [91/121] 서울식물원·마곡나루역 (primary=KEY_3)
2026-09-12 10:07:44,313 [INFO] [92/121] 서울역 (primary=KEY_4)
2026-09-12 10:07:45,877 [INFO] [93/121] 선릉역 (primary=KEY_1)
2026-09-12 10:07:47,619 [INFO] [94/121] 성신여대입구역 (primary=KEY_2)
2026-09-12 10:07:48,756 [INFO] [95/121] 수유역 (primary=KEY_3)
2026-09-12 10:07:50,091 [INFO] [96/121] 숭례문 (primary=KEY_4)
2026-09-12 10:07:51,470 [INFO] [97/121] 시의회 앞 (primary=KEY_1)
2026-09-12 10:07:52,951 [INFO] [98/121] 신논현역·논현역 (primary=KEY_2)
2026-09-12 10:07:54,285 [INFO] [99/121] 신도림역 (primary=KEY_3)
2026-09-12 10:07:55,414 [INFO] [100/121] 신림역 (primary=KEY_4)
2026-09-12 10:07:56,772 [INFO] [101/121] 신정네거리역 (primary=KEY_1)
2026-09-12 10:07:58,141 [INFO] [102/121] 신촌·이대역 (primary=KEY_2)
2026-09-12 10:07:59,475 [INFO] [103/121] 쌍문역 (primary=KEY_3)
2026-09-12 10:08:00,806 [INFO] [104/121] 양재역 (primary=KEY_4)
2026-09-12 10:08:02,146 [INFO] [105/121] 역삼역 (primary=KEY_1)
2026-09-12 10:08:03,669 [INFO] [106/121] 연신내역 (primary=KEY_2)
2026-09-12 10:08:04,894 [INFO] [107/121] 오목교역·목동운동장 (primary=KEY_3)
2026-09-12 10:08:06,846 [INFO] [108/121] 왕십리역 (primary=KEY_4)
2026-09-12 10:08:08,178 [INFO] [109/121] 용산역 (primary=KEY_1)
2026-09-12 10:08:09,680 [INFO] [110/121] 이태원역 (primary=KEY_2)
2026-09-12 10:08:10,831 [INFO] [111/121] 잠실새내역 (primary=KEY_3)
2026-09-12 10:08:12,195 [INFO] [112/121] 잠실역 (primary=KEY_4)
2026-09-12 10:08:14,570 [INFO] [113/121] 장지역 (primary=KEY_1)
2026-09-12 10:08:16,071 [INFO] [114/121] 장한평역 (primary=KEY_2)
2026-09-12 10:08:17,420 [INFO] [115/121] 천호역 (primary=KEY_3)
2026-09-12 10:08:18,946 [INFO] [116/121] 총신대입구(이수)역 (primary=KEY_4)
2026-09-12 10:08:20,314 [INFO] [117/121] 충정로역 (primary=KEY_1)
2026-09-12 10:08:21,662 [INFO] [118/121] 합정역 (primary=KEY_2)
2026-09-12 10:08:22,981 [INFO] [119/121] 혜화역 (primary=KEY_3)
2026-09-12 10:08:24,293 [INFO] [120/121] 홍대입구역(2호선) (primary=KEY_4)
2026-09-12 10:08:25,631 [INFO] [121/121] 회기역 (primary=KEY_1)
2026-09-12 10:08:28,058 [INFO] === 수집 완료 | 성공 121, 실패 0 ===
2026-09-12 10:08:28,058 [INFO] 카테고리별 저장 결과:
2026-09-12 10:08:28,059 [INFO]    accident                  | 신규     5행 | 누적     18행 | 16컬럼
2026-09-12 10:08:28,059 [INFO]    accident_acdnt_cntrl_stts | 신규     2행 | 누적      2행 | 16컬럼
2026-09-12 10:08:28,059 [INFO]    area_meta                 | 신규   121행 | 누적    484행 | 5컬럼
2026-09-12 10:08:28,059 [INFO]    bike                      | 신규    10행 | 누적     40행 | 12컬럼
2026-09-12 10:08:28,059 [INFO]    bike_sbike_stts           | 신규   573행 | 누적   2298행 | 12컬럼
2026-09-12 10:08:28,059 [INFO]    bus                       | 신규     3행 | 누적     12행 | 11컬럼
2026-09-12 10:08:28,059 [INFO]    bus_bus_stn_stts          | 신규  1745행 | 누적   6980행 | 11컬럼
2026-09-12 10:08:28,059 [INFO]    charger                   | 신규     4행 | 누적     16행 | 15컬럼
2026-09-12 10:08:28,059 [INFO]    charger_charger_stts      | 신규  1915행 | 누적   7614행 | 15컬럼
2026-09-12 10:08:28,059 [INFO]    cmrcl                     | 신규    82행 | 누적    328행 | 20컬럼
2026-09-12 10:08:28,059 [INFO]    events                    | 신규    17행 | 누적     70행 | 14컬럼
2026-09-12 10:08:28,059 [INFO]    events_event_stts         | 신규   132행 | 누적    514행 | 14컬럼
2026-09-12 10:08:28,059 [INFO]    parking                   | 신규     6행 | 누적     24행 | 21컬럼
2026-09-12 10:08:28,059 [INFO]    parking_prk_stts          | 신규  1832행 | 누적   7328행 | 21컬럼
2026-09-12 10:08:28,059 [INFO]    ppltn                     | 신규   121행 | 누적    484행 | 26컬럼
2026-09-12 10:08:28,059 [INFO]    road                      | 신규   121행 | 누적    484행 | 21컬럼
2026-09-12 10:08:28,060 [INFO]    road_road_traffic_stts    | 신규  5298행 | 누적  21192행 | 17컬럼
2026-09-12 10:08:28,060 [INFO]    subway                    | 신규    38행 | 누적    152행 | 13컬럼
2026-09-12 10:08:28,060 [INFO]    subway_sub_stts           | 신규   183행 | 누적    732행 | 13컬럼
2026-09-12 10:08:28,060 [INFO]    weather                   | 신규   114행 | 누적    461행 | 29컬럼
2026-09-12 10:08:28,060 [INFO] 키별 사용량:
2026-09-12 10:08:28,060 [INFO]    🟢 KEY_1 (31/1000) 
2026-09-12 10:08:28,060 [INFO]    🟢 KEY_2 (30/1000) 
2026-09-12 10:08:28,060 [INFO]    🟢 KEY_3 (30/1000) 
2026-09-12 10:08:28,060 [INFO]    🟢 KEY_4 (30/1000) 
