2026-09-23 03:48:14,859 [INFO] 등록된 키: 4개, 합산 한도 4,000건/일
2026-09-23 03:48:14,859 [INFO] POI 로드: 매뉴얼 v8.5 기준 fallback 121개 (121개 전체)
2026-09-23 03:48:14,859 [INFO] === 수집 시작 2026-09-23T03:48:14.859905+09:00 ===
2026-09-23 03:48:14,859 [INFO] 대상 장소: 121개 | API: citydata (통합)
2026-09-23 03:48:14,860 [INFO] 키 풀: 4/4 활성 | 오늘 사용 0/4000건
2026-09-23 03:48:14,860 [INFO]   [KEY_1] 담당 31장소
2026-09-23 03:48:14,860 [INFO]   [KEY_2] 담당 30장소
2026-09-23 03:48:14,860 [INFO]   [KEY_3] 담당 30장소
2026-09-23 03:48:14,860 [INFO]   [KEY_4] 담당 30장소
2026-09-23 03:48:14,860 [INFO] [1/121] 경복궁 (primary=KEY_1)
2026-09-23 03:48:16,498 [INFO] [2/121] 광화문·덕수궁 (primary=KEY_2)
2026-09-23 03:48:18,556 [INFO] [3/121] 보신각 (primary=KEY_3)
2026-09-23 03:48:20,330 [INFO] [4/121] 서울 암사동 유적 (primary=KEY_4)
2026-09-23 03:48:21,345 [INFO] [5/121] 창덕궁·종묘 (primary=KEY_1)
2026-09-23 03:48:22,543 [INFO] [6/121] 강남 MICE 관광특구 (primary=KEY_2)
2026-09-23 03:48:23,725 [INFO] [7/121] 동대문 관광특구 (primary=KEY_3)
2026-09-23 03:48:25,243 [INFO] [8/121] 명동 관광특구 (primary=KEY_4)
2026-09-23 03:48:26,789 [INFO] [9/121] 이태원 관광특구 (primary=KEY_1)
2026-09-23 03:48:27,988 [INFO] [10/121] 잠실 관광특구 (primary=KEY_2)
2026-09-23 03:48:29,507 [INFO] [11/121] 종로·청계 관광특구 (primary=KEY_3)
2026-09-23 03:48:30,875 [INFO] [12/121] 홍대 관광특구 (primary=KEY_4)
2026-09-23 03:48:32,237 [INFO] [13/121] 강서한강공원 (primary=KEY_1)
2026-09-23 03:48:33,242 [INFO] [14/121] 고척돔 (primary=KEY_2)
2026-09-23 03:48:34,385 [INFO] [15/121] 광나루한강공원 (primary=KEY_3)
2026-09-23 03:48:35,529 [INFO] [16/121] 광화문광장 (primary=KEY_4)
2026-09-23 03:48:36,686 [INFO] [17/121] 국립중앙박물관·용산가족공원 (primary=KEY_1)
2026-09-23 03:48:37,709 [INFO] [18/121] 난지한강공원 (primary=KEY_2)
2026-09-23 03:48:39,304 [INFO] [19/121] 남산공원 (primary=KEY_3)
2026-09-23 03:48:40,650 [INFO] [20/121] 노들섬 (primary=KEY_4)
2026-09-23 03:48:41,656 [INFO] [21/121] 뚝섬한강공원 (primary=KEY_1)
2026-09-23 03:48:43,273 [INFO] [22/121] 망원한강공원 (primary=KEY_2)
2026-09-23 03:48:44,442 [INFO] [23/121] 반포한강공원 (primary=KEY_3)
2026-09-23 03:48:45,440 [INFO] [24/121] 보라매공원 (primary=KEY_4)
2026-09-23 03:48:46,468 [INFO] [25/121] 북서울꿈의숲 (primary=KEY_1)
2026-09-23 03:48:47,618 [INFO] [26/121] 서대문독립공원 (primary=KEY_2)
2026-09-23 03:48:48,656 [INFO] [27/121] 서리풀공원·몽마르뜨공원 (primary=KEY_3)
2026-09-23 03:48:49,702 [INFO] [28/121] 서울대공원 (primary=KEY_4)
2026-09-23 03:48:50,713 [INFO] [29/121] 서울숲공원 (primary=KEY_1)
2026-09-23 03:48:51,888 [INFO] [30/121] 송현녹지광장 (primary=KEY_2)
2026-09-23 03:48:53,068 [INFO] [31/121] 아차산 (primary=KEY_3)
2026-09-23 03:48:54,085 [INFO] [32/121] 안양천 (primary=KEY_4)
2026-09-23 03:48:55,102 [INFO] [33/121] 양화한강공원 (primary=KEY_1)
2026-09-23 03:48:56,118 [INFO] [34/121] 어린이대공원 (primary=KEY_2)
2026-09-23 03:48:57,298 [INFO] [35/121] 여의도한강공원 (primary=KEY_3)
2026-09-23 03:48:58,461 [INFO] [36/121] 여의서로 (primary=KEY_4)
2026-09-23 03:48:59,622 [INFO] [37/121] 올림픽공원 (primary=KEY_1)
2026-09-23 03:49:00,810 [INFO] [38/121] 월드컵공원 (primary=KEY_2)
2026-09-23 03:49:02,128 [INFO] [39/121] 응봉산 (primary=KEY_3)
2026-09-23 03:49:03,291 [INFO] [40/121] 이촌한강공원 (primary=KEY_4)
2026-09-23 03:49:04,293 [INFO] [41/121] 잠실종합운동장 (primary=KEY_1)
2026-09-23 03:49:05,306 [INFO] [42/121] 잠실한강공원 (primary=KEY_2)
2026-09-23 03:49:06,317 [INFO] [43/121] 잠원한강공원 (primary=KEY_3)
2026-09-23 03:49:07,330 [INFO] [44/121] 청계산 (primary=KEY_4)
2026-09-23 03:49:08,333 [INFO] [45/121] 홍제폭포 (primary=KEY_1)
2026-09-23 03:49:09,336 [INFO] [46/121] 가락시장 (primary=KEY_2)
2026-09-23 03:49:10,533 [INFO] [47/121] 가로수길 (primary=KEY_3)
2026-09-23 03:49:11,735 [INFO] [48/121] 광장(전통)시장 (primary=KEY_4)
2026-09-23 03:49:12,756 [INFO] [49/121] 김포공항 (primary=KEY_1)
2026-09-23 03:49:14,095 [INFO] [50/121] 남대문시장 (primary=KEY_2)
2026-09-23 03:49:15,268 [INFO] [51/121] 노량진 (primary=KEY_3)
2026-09-23 03:49:16,446 [INFO] [52/121] 덕수궁길·정동길 (primary=KEY_4)
2026-09-23 03:49:17,660 [INFO] [53/121] 북창동 먹자골목 (primary=KEY_1)
2026-09-23 03:49:18,826 [INFO] [54/121] 북촌한옥마을 (primary=KEY_2)
2026-09-23 03:49:20,135 [INFO] [55/121] 서촌 (primary=KEY_3)
2026-09-23 03:49:21,290 [INFO] [56/121] 성수카페거리 (primary=KEY_4)
2026-09-23 03:49:22,634 [INFO] [57/121] 송리단길·호수단길 (primary=KEY_1)
2026-09-23 03:49:23,825 [INFO] [58/121] 신촌 스타광장 (primary=KEY_2)
2026-09-23 03:49:24,862 [INFO] [59/121] 압구정로데오거리 (primary=KEY_3)
2026-09-23 03:49:26,054 [INFO] [60/121] 여의도 (primary=KEY_4)
2026-09-23 03:49:27,936 [INFO] [61/121] 연남동 (primary=KEY_1)
2026-09-23 03:49:29,091 [INFO] [62/121] 영등포 타임스퀘어 (primary=KEY_2)
2026-09-23 03:49:30,249 [INFO] [63/121] 용리단길 (primary=KEY_3)
2026-09-23 03:49:31,307 [INFO] [64/121] 이태원 앤틱가구거리 (primary=KEY_4)
2026-09-23 03:49:32,338 [INFO] [65/121] 익선동 (primary=KEY_1)
2026-09-23 03:49:33,524 [INFO] [66/121] 인사동 (primary=KEY_2)
2026-09-23 03:49:34,856 [INFO] [67/121] 잠실롯데타워·석촌호수 (primary=KEY_3)
2026-09-23 03:49:36,363 [INFO] [68/121] 창동 신경제 중심지 (primary=KEY_4)
2026-09-23 03:49:37,851 [INFO] [69/121] 청담동 명품거리 (primary=KEY_1)
2026-09-23 03:49:39,032 [INFO] [70/121] 청량리 제기동 일대 전통시장 (primary=KEY_2)
2026-09-23 03:49:40,235 [INFO] [71/121] 해방촌·경리단길 (primary=KEY_3)
2026-09-23 03:49:41,250 [INFO] [72/121] DDP(동대문디자인플라자) (primary=KEY_4)
2026-09-23 03:49:42,472 [INFO] [73/121] DMC(디지털미디어시티) (primary=KEY_1)
2026-09-23 03:49:43,981 [INFO] [74/121] 가산디지털단지역 (primary=KEY_2)
2026-09-23 03:49:45,629 [INFO] [75/121] 강남역 (primary=KEY_3)
2026-09-23 03:49:46,986 [INFO] [76/121] 건대입구역 (primary=KEY_4)
2026-09-23 03:49:48,173 [INFO] [77/121] 고덕역 (primary=KEY_1)
2026-09-23 03:49:49,347 [INFO] [78/121] 고속터미널역 (primary=KEY_2)
2026-09-23 03:49:50,538 [INFO] [79/121] 교대역 (primary=KEY_3)
2026-09-23 03:49:51,567 [INFO] [80/121] 구로디지털단지역 (primary=KEY_4)
2026-09-23 03:49:53,041 [INFO] [81/121] 구로역 (primary=KEY_1)
2026-09-23 03:49:54,205 [INFO] [82/121] 군자역 (primary=KEY_2)
2026-09-23 03:49:55,243 [INFO] [83/121] 대림역 (primary=KEY_3)
2026-09-23 03:49:56,438 [INFO] [84/121] 동대문역 (primary=KEY_4)
2026-09-23 03:49:57,621 [INFO] [85/121] 뚝섬역 (primary=KEY_1)
2026-09-23 03:49:58,787 [INFO] [86/121] 미아사거리역 (primary=KEY_2)
2026-09-23 03:49:59,960 [INFO] [87/121] 발산역 (primary=KEY_3)
2026-09-23 03:50:01,429 [INFO] [88/121] 사당역 (primary=KEY_4)
2026-09-23 03:50:02,639 [INFO] [89/121] 삼각지역 (primary=KEY_1)
2026-09-23 03:50:03,784 [INFO] [90/121] 서울대입구역 (primary=KEY_2)
2026-09-23 03:50:05,039 [INFO] [91/121] 서울식물원·마곡나루역 (primary=KEY_3)
2026-09-23 03:50:07,174 [INFO] [92/121] 서울역 (primary=KEY_4)
2026-09-23 03:50:08,373 [INFO] [93/121] 선릉역 (primary=KEY_1)
2026-09-23 03:50:09,856 [INFO] [94/121] 성신여대입구역 (primary=KEY_2)
2026-09-23 03:50:10,904 [INFO] [95/121] 수유역 (primary=KEY_3)
2026-09-23 03:50:12,076 [INFO] [96/121] 숭례문 (primary=KEY_4)
2026-09-23 03:50:13,265 [INFO] [97/121] 시의회 앞 (primary=KEY_1)
2026-09-23 03:50:14,439 [INFO] [98/121] 신논현역·논현역 (primary=KEY_2)
2026-09-23 03:50:15,618 [INFO] [99/121] 신도림역 (primary=KEY_3)
2026-09-23 03:50:16,647 [INFO] [100/121] 신림역 (primary=KEY_4)
2026-09-23 03:50:17,671 [INFO] [101/121] 신정네거리역 (primary=KEY_1)
2026-09-23 03:50:18,859 [INFO] [102/121] 신촌·이대역 (primary=KEY_2)
2026-09-23 03:50:20,024 [INFO] [103/121] 쌍문역 (primary=KEY_3)
2026-09-23 03:50:21,178 [INFO] [104/121] 양재역 (primary=KEY_4)
2026-09-23 03:50:22,390 [INFO] [105/121] 역삼역 (primary=KEY_1)
2026-09-23 03:50:23,721 [INFO] [106/121] 연신내역 (primary=KEY_2)
2026-09-23 03:50:24,751 [INFO] [107/121] 오목교역·목동운동장 (primary=KEY_3)
2026-09-23 03:50:26,375 [INFO] [108/121] 왕십리역 (primary=KEY_4)
2026-09-23 03:50:27,564 [INFO] [109/121] 용산역 (primary=KEY_1)
2026-09-23 03:50:28,888 [INFO] [110/121] 이태원역 (primary=KEY_2)
2026-09-23 03:50:29,905 [INFO] [111/121] 잠실새내역 (primary=KEY_3)
2026-09-23 03:50:31,072 [INFO] [112/121] 잠실역 (primary=KEY_4)
2026-09-23 03:50:32,389 [INFO] [113/121] 장지역 (primary=KEY_1)
2026-09-23 03:50:33,755 [INFO] [114/121] 장한평역 (primary=KEY_2)
2026-09-23 03:50:34,926 [INFO] [115/121] 천호역 (primary=KEY_3)
2026-09-23 03:50:36,112 [INFO] [116/121] 총신대입구(이수)역 (primary=KEY_4)
2026-09-23 03:50:37,292 [INFO] [117/121] 충정로역 (primary=KEY_1)
2026-09-23 03:50:38,460 [INFO] [118/121] 합정역 (primary=KEY_2)
2026-09-23 03:50:39,632 [INFO] [119/121] 혜화역 (primary=KEY_3)
2026-09-23 03:50:40,793 [INFO] [120/121] 홍대입구역(2호선) (primary=KEY_4)
2026-09-23 03:50:41,977 [INFO] [121/121] 회기역 (primary=KEY_1)
2026-09-23 03:50:43,516 [INFO] === 수집 완료 | 성공 121, 실패 0 ===
2026-09-23 03:50:43,516 [INFO] 카테고리별 저장 결과:
2026-09-23 03:50:43,516 [INFO]    area_meta                 | 신규   121행 | 누적    121행 | 5컬럼
2026-09-23 03:50:43,516 [INFO]    bike                      | 신규    11행 | 누적     11행 | 12컬럼
2026-09-23 03:50:43,516 [INFO]    bike_sbike_stts           | 신규   575행 | 누적    575행 | 12컬럼
2026-09-23 03:50:43,516 [INFO]    bus                       | 신규     3행 | 누적      3행 | 11컬럼
2026-09-23 03:50:43,516 [INFO]    bus_bus_stn_stts          | 신규  1745행 | 누적   1745행 | 11컬럼
2026-09-23 03:50:43,516 [INFO]    charger                   | 신규     4행 | 누적      4행 | 15컬럼
2026-09-23 03:50:43,517 [INFO]    charger_charger_stts      | 신규  1920행 | 누적   1920행 | 15컬럼
2026-09-23 03:50:43,517 [INFO]    cmrcl                     | 신규    82행 | 누적     82행 | 20컬럼
2026-09-23 03:50:43,517 [INFO]    events                    | 신규    13행 | 누적     13행 | 14컬럼
2026-09-23 03:50:43,517 [INFO]    events_event_stts         | 신규   115행 | 누적    115행 | 14컬럼
2026-09-23 03:50:43,517 [INFO]    parking                   | 신규     6행 | 누적      6행 | 21컬럼
2026-09-23 03:50:43,517 [INFO]    parking_prk_stts          | 신규  1832행 | 누적   1832행 | 21컬럼
2026-09-23 03:50:43,517 [INFO]    ppltn                     | 신규   121행 | 누적    121행 | 26컬럼
2026-09-23 03:50:43,517 [INFO]    road                      | 신규   121행 | 누적    121행 | 21컬럼
2026-09-23 03:50:43,517 [INFO]    road_road_traffic_stts    | 신규  5300행 | 누적   5300행 | 17컬럼
2026-09-23 03:50:43,517 [INFO]    subway                    | 신규    38행 | 누적     38행 | 12컬럼
2026-09-23 03:50:43,517 [INFO]    subway_sub_stts           | 신규   183행 | 누적    183행 | 12컬럼
2026-09-23 03:50:43,517 [INFO]    weather                   | 신규   119행 | 누적    119행 | 29컬럼
2026-09-23 03:50:43,517 [INFO] 키별 사용량:
2026-09-23 03:50:43,517 [INFO]    🟢 KEY_1 (31/1000) 
2026-09-23 03:50:43,517 [INFO]    🟢 KEY_2 (30/1000) 
2026-09-23 03:50:43,517 [INFO]    🟢 KEY_3 (30/1000) 
2026-09-23 03:50:43,517 [INFO]    🟢 KEY_4 (30/1000) 
2026-09-23 07:02:15,939 [INFO] 등록된 키: 4개, 합산 한도 4,000건/일
2026-09-23 07:02:15,940 [INFO] POI 로드: 매뉴얼 v8.5 기준 fallback 121개 (121개 전체)
2026-09-23 07:02:15,940 [INFO] === 수집 시작 2026-09-23T07:02:15.940480+09:00 ===
2026-09-23 07:02:15,940 [INFO] 대상 장소: 121개 | API: citydata (통합)
2026-09-23 07:02:15,940 [INFO] 키 풀: 4/4 활성 | 오늘 사용 0/4000건
2026-09-23 07:02:15,940 [INFO]   [KEY_1] 담당 31장소
2026-09-23 07:02:15,940 [INFO]   [KEY_2] 담당 30장소
2026-09-23 07:02:15,940 [INFO]   [KEY_3] 담당 30장소
2026-09-23 07:02:15,940 [INFO]   [KEY_4] 담당 30장소
2026-09-23 07:02:15,941 [INFO] [1/121] 경복궁 (primary=KEY_1)
2026-09-23 07:02:17,855 [INFO] [2/121] 광화문·덕수궁 (primary=KEY_2)
2026-09-23 07:02:19,390 [INFO] [3/121] 보신각 (primary=KEY_3)
2026-09-23 07:02:20,506 [INFO] [4/121] 서울 암사동 유적 (primary=KEY_4)
2026-09-23 07:02:22,129 [INFO] [5/121] 창덕궁·종묘 (primary=KEY_1)
2026-09-23 07:02:23,896 [INFO] [6/121] 강남 MICE 관광특구 (primary=KEY_2)
2026-09-23 07:02:25,541 [INFO] [7/121] 동대문 관광특구 (primary=KEY_3)
2026-09-23 07:02:27,611 [INFO] [8/121] 명동 관광특구 (primary=KEY_4)
2026-09-23 07:02:29,608 [INFO] [9/121] 이태원 관광특구 (primary=KEY_1)
2026-09-23 07:02:31,523 [INFO] [10/121] 잠실 관광특구 (primary=KEY_2)
2026-09-23 07:02:33,741 [INFO] [11/121] 종로·청계 관광특구 (primary=KEY_3)
2026-09-23 07:02:35,011 [INFO] [12/121] 홍대 관광특구 (primary=KEY_4)
2026-09-23 07:02:36,470 [INFO] [13/121] 강서한강공원 (primary=KEY_1)
2026-09-23 07:02:37,433 [INFO] [14/121] 고척돔 (primary=KEY_2)
2026-09-23 07:02:38,399 [INFO] [15/121] 광나루한강공원 (primary=KEY_3)
2026-09-23 07:02:39,531 [INFO] [16/121] 광화문광장 (primary=KEY_4)
2026-09-23 07:02:40,646 [INFO] [17/121] 국립중앙박물관·용산가족공원 (primary=KEY_1)
2026-09-23 07:02:41,616 [INFO] [18/121] 난지한강공원 (primary=KEY_2)
2026-09-23 07:02:43,367 [INFO] [19/121] 남산공원 (primary=KEY_3)
2026-09-23 07:02:44,634 [INFO] [20/121] 노들섬 (primary=KEY_4)
2026-09-23 07:02:45,733 [INFO] [21/121] 뚝섬한강공원 (primary=KEY_1)
2026-09-23 07:02:47,308 [INFO] [22/121] 망원한강공원 (primary=KEY_2)
2026-09-23 07:02:49,198 [INFO] [23/121] 반포한강공원 (primary=KEY_3)
2026-09-23 07:02:50,827 [INFO] [24/121] 보라매공원 (primary=KEY_4)
2026-09-23 07:02:51,841 [INFO] [25/121] 북서울꿈의숲 (primary=KEY_1)
2026-09-23 07:02:52,976 [INFO] [26/121] 서대문독립공원 (primary=KEY_2)
2026-09-23 07:02:53,944 [INFO] [27/121] 서리풀공원·몽마르뜨공원 (primary=KEY_3)
2026-09-23 07:02:55,158 [INFO] [28/121] 서울대공원 (primary=KEY_4)
2026-09-23 07:02:56,136 [INFO] [29/121] 서울숲공원 (primary=KEY_1)
2026-09-23 07:02:57,243 [INFO] [30/121] 송현녹지광장 (primary=KEY_2)
2026-09-23 07:02:58,345 [INFO] [31/121] 아차산 (primary=KEY_3)
2026-09-23 07:02:59,302 [INFO] [32/121] 안양천 (primary=KEY_4)
2026-09-23 07:03:00,272 [INFO] [33/121] 양화한강공원 (primary=KEY_1)
2026-09-23 07:03:01,227 [INFO] [34/121] 어린이대공원 (primary=KEY_2)
2026-09-23 07:03:02,947 [INFO] [35/121] 여의도한강공원 (primary=KEY_3)
2026-09-23 07:03:04,701 [INFO] [36/121] 여의서로 (primary=KEY_4)
2026-09-23 07:03:06,324 [INFO] [37/121] 올림픽공원 (primary=KEY_1)
2026-09-23 07:03:08,257 [INFO] [38/121] 월드컵공원 (primary=KEY_2)
2026-09-23 07:03:10,209 [INFO] [39/121] 응봉산 (primary=KEY_3)
2026-09-23 07:03:11,361 [INFO] [40/121] 이촌한강공원 (primary=KEY_4)
2026-09-23 07:03:12,864 [INFO] [41/121] 잠실종합운동장 (primary=KEY_1)
2026-09-23 07:03:13,826 [INFO] [42/121] 잠실한강공원 (primary=KEY_2)
2026-09-23 07:03:14,920 [INFO] [43/121] 잠원한강공원 (primary=KEY_3)
2026-09-23 07:03:15,884 [INFO] [44/121] 청계산 (primary=KEY_4)
2026-09-23 07:03:17,526 [INFO] [45/121] 홍제폭포 (primary=KEY_1)
2026-09-23 07:03:18,621 [INFO] [46/121] 가락시장 (primary=KEY_2)
2026-09-23 07:03:19,758 [INFO] [47/121] 가로수길 (primary=KEY_3)
2026-09-23 07:03:20,887 [INFO] [48/121] 광장(전통)시장 (primary=KEY_4)
2026-09-23 07:03:21,884 [INFO] [49/121] 김포공항 (primary=KEY_1)
2026-09-23 07:03:23,222 [INFO] [50/121] 남대문시장 (primary=KEY_2)
2026-09-23 07:03:24,331 [INFO] [51/121] 노량진 (primary=KEY_3)
2026-09-23 07:03:26,283 [INFO] [52/121] 덕수궁길·정동길 (primary=KEY_4)
2026-09-23 07:03:27,429 [INFO] [53/121] 북창동 먹자골목 (primary=KEY_1)
2026-09-23 07:03:29,213 [INFO] [54/121] 북촌한옥마을 (primary=KEY_2)
2026-09-23 07:03:30,453 [INFO] [55/121] 서촌 (primary=KEY_3)
2026-09-23 07:03:31,574 [INFO] [56/121] 성수카페거리 (primary=KEY_4)
2026-09-23 07:03:32,856 [INFO] [57/121] 송리단길·호수단길 (primary=KEY_1)
2026-09-23 07:03:33,997 [INFO] [58/121] 신촌 스타광장 (primary=KEY_2)
2026-09-23 07:03:34,985 [INFO] [59/121] 압구정로데오거리 (primary=KEY_3)
2026-09-23 07:03:36,096 [INFO] [60/121] 여의도 (primary=KEY_4)
2026-09-23 07:03:38,645 [INFO] [61/121] 연남동 (primary=KEY_1)
2026-09-23 07:03:39,755 [INFO] [62/121] 영등포 타임스퀘어 (primary=KEY_2)
2026-09-23 07:03:40,860 [INFO] [63/121] 용리단길 (primary=KEY_3)
2026-09-23 07:03:41,871 [INFO] [64/121] 이태원 앤틱가구거리 (primary=KEY_4)
2026-09-23 07:03:42,981 [INFO] [65/121] 익선동 (primary=KEY_1)
2026-09-23 07:03:44,119 [INFO] [66/121] 인사동 (primary=KEY_2)
2026-09-23 07:03:45,502 [INFO] [67/121] 잠실롯데타워·석촌호수 (primary=KEY_3)
2026-09-23 07:03:46,908 [INFO] [68/121] 창동 신경제 중심지 (primary=KEY_4)
2026-09-23 07:03:48,342 [INFO] [69/121] 청담동 명품거리 (primary=KEY_1)
2026-09-23 07:03:49,462 [INFO] [70/121] 청량리 제기동 일대 전통시장 (primary=KEY_2)
2026-09-23 07:03:50,589 [INFO] [71/121] 해방촌·경리단길 (primary=KEY_3)
2026-09-23 07:03:51,592 [INFO] [72/121] DDP(동대문디자인플라자) (primary=KEY_4)
2026-09-23 07:03:53,259 [INFO] [73/121] DMC(디지털미디어시티) (primary=KEY_1)
2026-09-23 07:03:54,683 [INFO] [74/121] 가산디지털단지역 (primary=KEY_2)
2026-09-23 07:03:56,236 [INFO] [75/121] 강남역 (primary=KEY_3)
2026-09-23 07:03:57,529 [INFO] [76/121] 건대입구역 (primary=KEY_4)
2026-09-23 07:03:59,200 [INFO] [77/121] 고덕역 (primary=KEY_1)
2026-09-23 07:04:00,326 [INFO] [78/121] 고속터미널역 (primary=KEY_2)
2026-09-23 07:04:01,480 [INFO] [79/121] 교대역 (primary=KEY_3)
2026-09-23 07:04:02,597 [INFO] [80/121] 구로디지털단지역 (primary=KEY_4)
2026-09-23 07:04:04,003 [INFO] [81/121] 구로역 (primary=KEY_1)
2026-09-23 07:04:05,107 [INFO] [82/121] 군자역 (primary=KEY_2)
2026-09-23 07:04:06,239 [INFO] [83/121] 대림역 (primary=KEY_3)
2026-09-23 07:04:07,371 [INFO] [84/121] 동대문역 (primary=KEY_4)
2026-09-23 07:04:08,484 [INFO] [85/121] 뚝섬역 (primary=KEY_1)
2026-09-23 07:04:09,590 [INFO] [86/121] 미아사거리역 (primary=KEY_2)
2026-09-23 07:04:10,723 [INFO] [87/121] 발산역 (primary=KEY_3)
2026-09-23 07:04:12,170 [INFO] [88/121] 사당역 (primary=KEY_4)
2026-09-23 07:04:13,290 [INFO] [89/121] 삼각지역 (primary=KEY_1)
2026-09-23 07:04:14,399 [INFO] [90/121] 서울대입구역 (primary=KEY_2)
2026-09-23 07:04:15,523 [INFO] [91/121] 서울식물원·마곡나루역 (primary=KEY_3)
2026-09-23 07:04:16,790 [INFO] [92/121] 서울역 (primary=KEY_4)
2026-09-23 07:04:18,094 [INFO] [93/121] 선릉역 (primary=KEY_1)
2026-09-23 07:04:19,517 [INFO] [94/121] 성신여대입구역 (primary=KEY_2)
2026-09-23 07:04:20,502 [INFO] [95/121] 수유역 (primary=KEY_3)
2026-09-23 07:04:21,625 [INFO] [96/121] 숭례문 (primary=KEY_4)
2026-09-23 07:04:22,778 [INFO] [97/121] 시의회 앞 (primary=KEY_1)
2026-09-23 07:04:23,886 [INFO] [98/121] 신논현역·논현역 (primary=KEY_2)
2026-09-23 07:04:26,081 [INFO] [99/121] 신도림역 (primary=KEY_3)
2026-09-23 07:04:27,064 [INFO] [100/121] 신림역 (primary=KEY_4)
2026-09-23 07:04:28,183 [INFO] [101/121] 신정네거리역 (primary=KEY_1)
2026-09-23 07:04:29,307 [INFO] [102/121] 신촌·이대역 (primary=KEY_2)
2026-09-23 07:04:30,425 [INFO] [103/121] 쌍문역 (primary=KEY_3)
2026-09-23 07:04:31,582 [INFO] [104/121] 양재역 (primary=KEY_4)
2026-09-23 07:04:32,765 [INFO] [105/121] 역삼역 (primary=KEY_1)
2026-09-23 07:04:34,010 [INFO] [106/121] 연신내역 (primary=KEY_2)
2026-09-23 07:04:35,195 [INFO] [107/121] 오목교역·목동운동장 (primary=KEY_3)
2026-09-23 07:04:36,745 [INFO] [108/121] 왕십리역 (primary=KEY_4)
2026-09-23 07:04:38,139 [INFO] [109/121] 용산역 (primary=KEY_1)
2026-09-23 07:04:39,393 [INFO] [110/121] 이태원역 (primary=KEY_2)
2026-09-23 07:04:40,372 [INFO] [111/121] 잠실새내역 (primary=KEY_3)
2026-09-23 07:04:41,476 [INFO] [112/121] 잠실역 (primary=KEY_4)
2026-09-23 07:04:42,794 [INFO] [113/121] 장지역 (primary=KEY_1)
2026-09-23 07:04:44,070 [INFO] [114/121] 장한평역 (primary=KEY_2)
2026-09-23 07:04:45,215 [INFO] [115/121] 천호역 (primary=KEY_3)
2026-09-23 07:04:46,333 [INFO] [116/121] 총신대입구(이수)역 (primary=KEY_4)
2026-09-23 07:04:47,487 [INFO] [117/121] 충정로역 (primary=KEY_1)
2026-09-23 07:04:48,617 [INFO] [118/121] 합정역 (primary=KEY_2)
2026-09-23 07:04:49,744 [INFO] [119/121] 혜화역 (primary=KEY_3)
2026-09-23 07:04:50,843 [INFO] [120/121] 홍대입구역(2호선) (primary=KEY_4)
2026-09-23 07:04:52,432 [INFO] [121/121] 회기역 (primary=KEY_1)
2026-09-23 07:04:54,320 [INFO] === 수집 완료 | 성공 121, 실패 0 ===
2026-09-23 07:04:54,320 [INFO] 카테고리별 저장 결과:
2026-09-23 07:04:54,320 [INFO]    accident                  | 신규     2행 | 누적      2행 | 16컬럼
2026-09-23 07:04:54,320 [INFO]    area_meta                 | 신규   121행 | 누적    242행 | 5컬럼
2026-09-23 07:04:54,321 [INFO]    bike                      | 신규    11행 | 누적     22행 | 12컬럼
2026-09-23 07:04:54,321 [INFO]    bike_sbike_stts           | 신규   575행 | 누적   1150행 | 12컬럼
2026-09-23 07:04:54,321 [INFO]    bus                       | 신규     3행 | 누적      6행 | 11컬럼
2026-09-23 07:04:54,321 [INFO]    bus_bus_stn_stts          | 신규  1745행 | 누적   3490행 | 11컬럼
2026-09-23 07:04:54,321 [INFO]    charger                   | 신규     4행 | 누적      8행 | 15컬럼
2026-09-23 07:04:54,321 [INFO]    charger_charger_stts      | 신규  1920행 | 누적   3814행 | 15컬럼
2026-09-23 07:04:54,321 [INFO]    cmrcl                     | 신규    82행 | 누적    164행 | 20컬럼
2026-09-23 07:04:54,321 [INFO]    events                    | 신규    13행 | 누적     26행 | 14컬럼
2026-09-23 07:04:54,321 [INFO]    events_event_stts         | 신규   114행 | 누적    229행 | 14컬럼
2026-09-23 07:04:54,321 [INFO]    parking                   | 신규     6행 | 누적     12행 | 21컬럼
2026-09-23 07:04:54,321 [INFO]    parking_prk_stts          | 신규  1832행 | 누적   3664행 | 21컬럼
2026-09-23 07:04:54,321 [INFO]    ppltn                     | 신규   121행 | 누적    242행 | 26컬럼
2026-09-23 07:04:54,321 [INFO]    road                      | 신규   121행 | 누적    242행 | 21컬럼
2026-09-23 07:04:54,321 [INFO]    road_road_traffic_stts    | 신규  5300행 | 누적  10600행 | 17컬럼
2026-09-23 07:04:54,321 [INFO]    subway                    | 신규    38행 | 누적     76행 | 12컬럼
2026-09-23 07:04:54,321 [INFO]    subway_sub_stts           | 신규   183행 | 누적    366행 | 13컬럼
2026-09-23 07:04:54,321 [INFO]    weather                   | 신규   119행 | 누적    238행 | 29컬럼
2026-09-23 07:04:54,321 [INFO] 키별 사용량:
2026-09-23 07:04:54,322 [INFO]    🟢 KEY_1 (31/1000) 
2026-09-23 07:04:54,322 [INFO]    🟢 KEY_2 (30/1000) 
2026-09-23 07:04:54,322 [INFO]    🟢 KEY_3 (30/1000) 
2026-09-23 07:04:54,322 [INFO]    🟢 KEY_4 (30/1000) 
