2026-06-17 01:42:54,351 [INFO] 등록된 키: 4개, 합산 한도 4,000건/일
2026-06-17 01:42:54,352 [INFO] POI 로드: 매뉴얼 v8.5 기준 fallback 121개 (121개 전체)
2026-06-17 01:42:54,352 [INFO] === 수집 시작 2026-06-17T01:42:54.352202+09:00 ===
2026-06-17 01:42:54,352 [INFO] 대상 장소: 121개 | API: citydata (통합)
2026-06-17 01:42:54,352 [INFO] 키 풀: 4/4 활성 | 오늘 사용 0/4000건
2026-06-17 01:42:54,352 [INFO]   [KEY_1] 담당 31장소
2026-06-17 01:42:54,352 [INFO]   [KEY_2] 담당 30장소
2026-06-17 01:42:54,352 [INFO]   [KEY_3] 담당 30장소
2026-06-17 01:42:54,352 [INFO]   [KEY_4] 담당 30장소
2026-06-17 01:42:54,352 [INFO] [1/121] 경복궁 (primary=KEY_1)
2026-06-17 01:42:56,467 [INFO] [2/121] 광화문·덕수궁 (primary=KEY_2)
2026-06-17 01:42:58,470 [INFO] [3/121] 보신각 (primary=KEY_3)
2026-06-17 01:42:59,748 [INFO] [4/121] 서울 암사동 유적 (primary=KEY_4)
2026-06-17 01:43:01,275 [INFO] [5/121] 창덕궁·종묘 (primary=KEY_1)
2026-06-17 01:43:03,206 [INFO] [6/121] 강남 MICE 관광특구 (primary=KEY_2)
2026-06-17 01:43:04,349 [INFO] [7/121] 동대문 관광특구 (primary=KEY_3)
2026-06-17 01:43:05,672 [INFO] [8/121] 명동 관광특구 (primary=KEY_4)
2026-06-17 01:43:07,161 [INFO] [9/121] 이태원 관광특구 (primary=KEY_1)
2026-06-17 01:43:08,296 [INFO] [10/121] 잠실 관광특구 (primary=KEY_2)
2026-06-17 01:43:09,618 [INFO] [11/121] 종로·청계 관광특구 (primary=KEY_3)
2026-06-17 01:43:11,495 [INFO] [12/121] 홍대 관광특구 (primary=KEY_4)
2026-06-17 01:43:12,845 [INFO] [13/121] 강서한강공원 (primary=KEY_1)
2026-06-17 01:43:13,844 [INFO] [14/121] 고척돔 (primary=KEY_2)
2026-06-17 01:43:15,370 [INFO] [15/121] 광나루한강공원 (primary=KEY_3)
2026-06-17 01:43:16,480 [INFO] [16/121] 광화문광장 (primary=KEY_4)
2026-06-17 01:43:17,624 [INFO] [17/121] 국립중앙박물관·용산가족공원 (primary=KEY_1)
2026-06-17 01:43:19,167 [INFO] [18/121] 난지한강공원 (primary=KEY_2)
2026-06-17 01:43:20,159 [INFO] [19/121] 남산공원 (primary=KEY_3)
2026-06-17 01:43:21,461 [INFO] [20/121] 노들섬 (primary=KEY_4)
2026-06-17 01:43:22,440 [INFO] [21/121] 뚝섬한강공원 (primary=KEY_1)
2026-06-17 01:43:23,419 [INFO] [22/121] 망원한강공원 (primary=KEY_2)
2026-06-17 01:43:24,550 [INFO] [23/121] 반포한강공원 (primary=KEY_3)
2026-06-17 01:43:26,079 [INFO] [24/121] 보라매공원 (primary=KEY_4)
2026-06-17 01:43:27,106 [INFO] [25/121] 북서울꿈의숲 (primary=KEY_1)
2026-06-17 01:43:28,919 [INFO] [26/121] 서대문독립공원 (primary=KEY_2)
2026-06-17 01:43:29,915 [INFO] [27/121] 서리풀공원·몽마르뜨공원 (primary=KEY_3)
2026-06-17 01:43:30,936 [INFO] [28/121] 서울대공원 (primary=KEY_4)
2026-06-17 01:43:31,911 [INFO] [29/121] 서울숲공원 (primary=KEY_1)
2026-06-17 01:43:33,023 [INFO] [30/121] 송현녹지광장 (primary=KEY_2)
2026-06-17 01:43:34,160 [INFO] [31/121] 아차산 (primary=KEY_3)
2026-06-17 01:43:35,136 [INFO] [32/121] 안양천 (primary=KEY_4)
2026-06-17 01:43:36,117 [INFO] [33/121] 양화한강공원 (primary=KEY_1)
2026-06-17 01:43:37,103 [INFO] [34/121] 어린이대공원 (primary=KEY_2)
2026-06-17 01:43:38,098 [INFO] [35/121] 여의도한강공원 (primary=KEY_3)
2026-06-17 01:43:39,241 [INFO] [36/121] 여의서로 (primary=KEY_4)
2026-06-17 01:43:40,220 [INFO] [37/121] 올림픽공원 (primary=KEY_1)
2026-06-17 01:43:41,376 [INFO] [38/121] 월드컵공원 (primary=KEY_2)
2026-06-17 01:43:42,652 [INFO] [39/121] 응봉산 (primary=KEY_3)
2026-06-17 01:43:43,771 [INFO] [40/121] 이촌한강공원 (primary=KEY_4)
2026-06-17 01:43:44,750 [INFO] [41/121] 잠실종합운동장 (primary=KEY_1)
2026-06-17 01:43:45,741 [INFO] [42/121] 잠실한강공원 (primary=KEY_2)
2026-06-17 01:43:46,729 [INFO] [43/121] 잠원한강공원 (primary=KEY_3)
2026-06-17 01:43:47,716 [INFO] [44/121] 청계산 (primary=KEY_4)
2026-06-17 01:43:48,689 [INFO] [45/121] 홍제폭포 (primary=KEY_1)
2026-06-17 01:43:49,653 [INFO] [46/121] 가락시장 (primary=KEY_2)
2026-06-17 01:43:50,809 [INFO] [47/121] 가로수길 (primary=KEY_3)
2026-06-17 01:43:51,983 [INFO] [48/121] 광장(전통)시장 (primary=KEY_4)
2026-06-17 01:43:52,983 [INFO] [49/121] 김포공항 (primary=KEY_1)
2026-06-17 01:43:54,176 [INFO] [50/121] 남대문시장 (primary=KEY_2)
2026-06-17 01:43:55,181 [INFO] [51/121] 노량진 (primary=KEY_3)
2026-06-17 01:43:56,324 [INFO] [52/121] 덕수궁길·정동길 (primary=KEY_4)
2026-06-17 01:43:57,467 [INFO] [53/121] 북창동 먹자골목 (primary=KEY_1)
2026-06-17 01:43:58,459 [INFO] [54/121] 북촌한옥마을 (primary=KEY_2)
2026-06-17 01:43:59,596 [INFO] [55/121] 서촌 (primary=KEY_3)
2026-06-17 01:44:00,724 [INFO] [56/121] 성수카페거리 (primary=KEY_4)
2026-06-17 01:44:01,885 [INFO] [57/121] 송리단길·호수단길 (primary=KEY_1)
2026-06-17 01:44:03,041 [INFO] [58/121] 신촌 스타광장 (primary=KEY_2)
2026-06-17 01:44:04,600 [INFO] [59/121] 압구정로데오거리 (primary=KEY_3)
2026-06-17 01:44:05,735 [INFO] [60/121] 여의도 (primary=KEY_4)
2026-06-17 01:44:07,350 [INFO] [61/121] 연남동 (primary=KEY_1)
2026-06-17 01:44:08,477 [INFO] [62/121] 영등포 타임스퀘어 (primary=KEY_2)
2026-06-17 01:44:09,613 [INFO] [63/121] 용리단길 (primary=KEY_3)
2026-06-17 01:44:10,622 [INFO] [64/121] 이태원 앤틱가구거리 (primary=KEY_4)
2026-06-17 01:44:11,644 [INFO] [65/121] 익선동 (primary=KEY_1)
2026-06-17 01:44:12,797 [INFO] [66/121] 인사동 (primary=KEY_2)
2026-06-17 01:44:13,944 [INFO] [67/121] 잠실롯데타워·석촌호수 (primary=KEY_3)
2026-06-17 01:44:15,114 [INFO] [68/121] 창동 신경제 중심지 (primary=KEY_4)
2026-06-17 01:44:16,433 [INFO] [69/121] 청담동 명품거리 (primary=KEY_1)
2026-06-17 01:44:17,562 [INFO] [70/121] 청량리 제기동 일대 전통시장 (primary=KEY_2)
2026-06-17 01:44:18,689 [INFO] [71/121] 해방촌·경리단길 (primary=KEY_3)
2026-06-17 01:44:19,671 [INFO] [72/121] DDP(동대문디자인플라자) (primary=KEY_4)
2026-06-17 01:44:20,860 [INFO] [73/121] DMC(디지털미디어시티) (primary=KEY_1)
2026-06-17 01:44:22,150 [INFO] [74/121] 가산디지털단지역 (primary=KEY_2)
2026-06-17 01:44:23,431 [INFO] [75/121] 강남역 (primary=KEY_3)
2026-06-17 01:44:24,736 [INFO] [76/121] 건대입구역 (primary=KEY_4)
2026-06-17 01:44:25,883 [INFO] [77/121] 고덕역 (primary=KEY_1)
2026-06-17 01:44:27,030 [INFO] [78/121] 고속터미널역 (primary=KEY_2)
2026-06-17 01:44:28,171 [INFO] [79/121] 교대역 (primary=KEY_3)
2026-06-17 01:44:29,176 [INFO] [80/121] 구로디지털단지역 (primary=KEY_4)
2026-06-17 01:44:30,328 [INFO] [81/121] 구로역 (primary=KEY_1)
2026-06-17 01:44:31,323 [INFO] [82/121] 군자역 (primary=KEY_2)
2026-06-17 01:44:33,042 [INFO] [83/121] 대림역 (primary=KEY_3)
2026-06-17 01:44:35,430 [INFO] [84/121] 동대문역 (primary=KEY_4)
2026-06-17 01:44:37,268 [INFO] [85/121] 뚝섬역 (primary=KEY_1)
2026-06-17 01:44:38,432 [INFO] [86/121] 미아사거리역 (primary=KEY_2)
2026-06-17 01:44:40,266 [INFO] [87/121] 발산역 (primary=KEY_3)
2026-06-17 01:44:41,546 [INFO] [88/121] 사당역 (primary=KEY_4)
2026-06-17 01:44:43,230 [INFO] [89/121] 삼각지역 (primary=KEY_1)
2026-06-17 01:44:44,239 [INFO] [90/121] 서울대입구역 (primary=KEY_2)
2026-06-17 01:44:45,933 [INFO] [91/121] 서울식물원·마곡나루역 (primary=KEY_3)
2026-06-17 01:44:47,079 [INFO] [92/121] 서울역 (primary=KEY_4)
2026-06-17 01:44:48,263 [INFO] [93/121] 선릉역 (primary=KEY_1)
2026-06-17 01:44:50,126 [INFO] [94/121] 성신여대입구역 (primary=KEY_2)
2026-06-17 01:44:51,118 [INFO] [95/121] 수유역 (primary=KEY_3)
2026-06-17 01:44:52,925 [INFO] [96/121] 숭례문 (primary=KEY_4)
2026-06-17 01:44:54,055 [INFO] [97/121] 시의회 앞 (primary=KEY_1)
2026-06-17 01:44:55,758 [INFO] [98/121] 신논현역·논현역 (primary=KEY_2)
2026-06-17 01:44:56,914 [INFO] [99/121] 신도림역 (primary=KEY_3)
2026-06-17 01:44:57,918 [INFO] [100/121] 신림역 (primary=KEY_4)
2026-06-17 01:44:58,918 [INFO] [101/121] 신정네거리역 (primary=KEY_1)
2026-06-17 01:44:59,927 [INFO] [102/121] 신촌·이대역 (primary=KEY_2)
2026-06-17 01:45:01,051 [INFO] [103/121] 쌍문역 (primary=KEY_3)
2026-06-17 01:45:02,589 [INFO] [104/121] 양재역 (primary=KEY_4)
2026-06-17 01:45:03,702 [INFO] [105/121] 역삼역 (primary=KEY_1)
2026-06-17 01:45:04,825 [INFO] [106/121] 연신내역 (primary=KEY_2)
2026-06-17 01:45:05,819 [INFO] [107/121] 오목교역·목동운동장 (primary=KEY_3)
2026-06-17 01:45:07,214 [INFO] [108/121] 왕십리역 (primary=KEY_4)
2026-06-17 01:45:08,380 [INFO] [109/121] 용산역 (primary=KEY_1)
2026-06-17 01:45:09,663 [INFO] [110/121] 이태원역 (primary=KEY_2)
2026-06-17 01:45:10,639 [INFO] [111/121] 잠실새내역 (primary=KEY_3)
2026-06-17 01:45:11,763 [INFO] [112/121] 잠실역 (primary=KEY_4)
2026-06-17 01:45:13,431 [INFO] [113/121] 장지역 (primary=KEY_1)
2026-06-17 01:45:14,571 [INFO] [114/121] 장한평역 (primary=KEY_2)
2026-06-17 01:45:15,689 [INFO] [115/121] 천호역 (primary=KEY_3)
2026-06-17 01:45:16,884 [INFO] [116/121] 총신대입구(이수)역 (primary=KEY_4)
2026-06-17 01:45:17,996 [INFO] [117/121] 충정로역 (primary=KEY_1)
2026-06-17 01:45:19,124 [INFO] [118/121] 합정역 (primary=KEY_2)
2026-06-17 01:45:20,261 [INFO] [119/121] 혜화역 (primary=KEY_3)
2026-06-17 01:45:21,390 [INFO] [120/121] 홍대입구역(2호선) (primary=KEY_4)
2026-06-17 01:45:22,387 [INFO] [121/121] 회기역 (primary=KEY_1)
2026-06-17 01:45:23,938 [INFO] === 수집 완료 | 성공 121, 실패 0 ===
2026-06-17 01:45:23,938 [INFO] 카테고리별 저장 결과:
2026-06-17 01:45:23,938 [INFO]    accident                  | 신규     3행 | 누적      3행 | 16컬럼
2026-06-17 01:45:23,938 [INFO]    area_meta                 | 신규   121행 | 누적    121행 | 5컬럼
2026-06-17 01:45:23,938 [INFO]    bike                      | 신규    13행 | 누적     13행 | 12컬럼
2026-06-17 01:45:23,938 [INFO]    bike_sbike_stts           | 신규   540행 | 누적    540행 | 12컬럼
2026-06-17 01:45:23,938 [INFO]    bus                       | 신규     3행 | 누적      3행 | 11컬럼
2026-06-17 01:45:23,938 [INFO]    bus_bus_stn_stts          | 신규  1745행 | 누적   1745행 | 11컬럼
2026-06-17 01:45:23,939 [INFO]    charger                   | 신규    11행 | 누적     11행 | 15컬럼
2026-06-17 01:45:23,939 [INFO]    charger_charger_stts      | 신규   720행 | 누적    720행 | 15컬럼
2026-06-17 01:45:23,939 [INFO]    cmrcl                     | 신규    82행 | 누적     82행 | 20컬럼
2026-06-17 01:45:23,939 [INFO]    events                    | 신규    16행 | 누적     16행 | 14컬럼
2026-06-17 01:45:23,939 [INFO]    events_event_stts         | 신규   151행 | 누적    151행 | 14컬럼
2026-06-17 01:45:23,939 [INFO]    parking                   | 신규     6행 | 누적      6행 | 21컬럼
2026-06-17 01:45:23,939 [INFO]    parking_prk_stts          | 신규  1836행 | 누적   1836행 | 21컬럼
2026-06-17 01:45:23,939 [INFO]    ppltn                     | 신규   121행 | 누적    121행 | 26컬럼
2026-06-17 01:45:23,939 [INFO]    road                      | 신규   121행 | 누적    121행 | 21컬럼
2026-06-17 01:45:23,939 [INFO]    road_road_traffic_stts    | 신규  5256행 | 누적   5256행 | 17컬럼
2026-06-17 01:45:23,939 [INFO]    subway                    | 신규    38행 | 누적     38행 | 12컬럼
2026-06-17 01:45:23,939 [INFO]    subway_sub_stts           | 신규   183행 | 누적    183행 | 13컬럼
2026-06-17 01:45:23,939 [INFO]    weather                   | 신규   119행 | 누적    119행 | 29컬럼
2026-06-17 01:45:23,939 [INFO] 키별 사용량:
2026-06-17 01:45:23,939 [INFO]    🟢 KEY_1 (31/1000) 
2026-06-17 01:45:23,939 [INFO]    🟢 KEY_2 (30/1000) 
2026-06-17 01:45:23,939 [INFO]    🟢 KEY_3 (30/1000) 
2026-06-17 01:45:23,939 [INFO]    🟢 KEY_4 (30/1000) 
2026-06-17 03:38:57,848 [INFO] 등록된 키: 4개, 합산 한도 4,000건/일
2026-06-17 03:38:57,849 [INFO] POI 로드: 매뉴얼 v8.5 기준 fallback 121개 (121개 전체)
2026-06-17 03:38:57,849 [INFO] === 수집 시작 2026-06-17T03:38:57.849533+09:00 ===
2026-06-17 03:38:57,849 [INFO] 대상 장소: 121개 | API: citydata (통합)
2026-06-17 03:38:57,849 [INFO] 키 풀: 4/4 활성 | 오늘 사용 0/4000건
2026-06-17 03:38:57,849 [INFO]   [KEY_1] 담당 31장소
2026-06-17 03:38:57,849 [INFO]   [KEY_2] 담당 30장소
2026-06-17 03:38:57,850 [INFO]   [KEY_3] 담당 30장소
2026-06-17 03:38:57,850 [INFO]   [KEY_4] 담당 30장소
2026-06-17 03:38:57,850 [INFO] [1/121] 경복궁 (primary=KEY_1)
2026-06-17 03:38:59,618 [INFO] [2/121] 광화문·덕수궁 (primary=KEY_2)
2026-06-17 03:39:01,845 [INFO] [3/121] 보신각 (primary=KEY_3)
2026-06-17 03:39:03,738 [INFO] [4/121] 서울 암사동 유적 (primary=KEY_4)
2026-06-17 03:39:05,433 [INFO] [5/121] 창덕궁·종묘 (primary=KEY_1)
2026-06-17 03:39:07,299 [INFO] [6/121] 강남 MICE 관광특구 (primary=KEY_2)
2026-06-17 03:39:08,536 [INFO] [7/121] 동대문 관광특구 (primary=KEY_3)
2026-06-17 03:39:10,148 [INFO] [8/121] 명동 관광특구 (primary=KEY_4)
2026-06-17 03:39:12,410 [INFO] [9/121] 이태원 관광특구 (primary=KEY_1)
2026-06-17 03:39:14,244 [INFO] [10/121] 잠실 관광특구 (primary=KEY_2)
2026-06-17 03:39:15,874 [INFO] [11/121] 종로·청계 관광특구 (primary=KEY_3)
2026-06-17 03:39:17,314 [INFO] [12/121] 홍대 관광특구 (primary=KEY_4)
2026-06-17 03:39:19,405 [INFO] [13/121] 강서한강공원 (primary=KEY_1)
2026-06-17 03:39:21,103 [INFO] [14/121] 고척돔 (primary=KEY_2)
2026-06-17 03:39:22,157 [INFO] [15/121] 광나루한강공원 (primary=KEY_3)
2026-06-17 03:39:24,028 [INFO] [16/121] 광화문광장 (primary=KEY_4)
2026-06-17 03:39:25,843 [INFO] [17/121] 국립중앙박물관·용산가족공원 (primary=KEY_1)
2026-06-17 03:39:26,908 [INFO] [18/121] 난지한강공원 (primary=KEY_2)
2026-06-17 03:39:27,954 [INFO] [19/121] 남산공원 (primary=KEY_3)
2026-06-17 03:39:30,007 [INFO] [20/121] 노들섬 (primary=KEY_4)
2026-06-17 03:39:31,640 [INFO] [21/121] 뚝섬한강공원 (primary=KEY_1)
2026-06-17 03:39:33,279 [INFO] [22/121] 망원한강공원 (primary=KEY_2)
2026-06-17 03:39:35,186 [INFO] [23/121] 반포한강공원 (primary=KEY_3)
2026-06-17 03:39:36,230 [INFO] [24/121] 보라매공원 (primary=KEY_4)
2026-06-17 03:39:37,967 [INFO] [25/121] 북서울꿈의숲 (primary=KEY_1)
2026-06-17 03:39:39,192 [INFO] [26/121] 서대문독립공원 (primary=KEY_2)
2026-06-17 03:39:40,265 [INFO] [27/121] 서리풀공원·몽마르뜨공원 (primary=KEY_3)
2026-06-17 03:39:41,353 [INFO] [28/121] 서울대공원 (primary=KEY_4)
2026-06-17 03:39:42,388 [INFO] [29/121] 서울숲공원 (primary=KEY_1)
2026-06-17 03:39:44,216 [INFO] [30/121] 송현녹지광장 (primary=KEY_2)
2026-06-17 03:39:45,449 [INFO] [31/121] 아차산 (primary=KEY_3)
2026-06-17 03:39:46,490 [INFO] [32/121] 안양천 (primary=KEY_4)
2026-06-17 03:39:47,547 [INFO] [33/121] 양화한강공원 (primary=KEY_1)
2026-06-17 03:39:48,597 [INFO] [34/121] 어린이대공원 (primary=KEY_2)
2026-06-17 03:39:49,837 [INFO] [35/121] 여의도한강공원 (primary=KEY_3)
2026-06-17 03:39:51,050 [INFO] [36/121] 여의서로 (primary=KEY_4)
2026-06-17 03:39:52,848 [INFO] [37/121] 올림픽공원 (primary=KEY_1)
2026-06-17 03:39:54,145 [INFO] [38/121] 월드컵공원 (primary=KEY_2)
2026-06-17 03:39:55,565 [INFO] [39/121] 응봉산 (primary=KEY_3)
2026-06-17 03:39:57,751 [INFO] [40/121] 이촌한강공원 (primary=KEY_4)
2026-06-17 03:39:58,804 [INFO] [41/121] 잠실종합운동장 (primary=KEY_1)
2026-06-17 03:39:59,863 [INFO] [42/121] 잠실한강공원 (primary=KEY_2)
2026-06-17 03:40:00,914 [INFO] [43/121] 잠원한강공원 (primary=KEY_3)
2026-06-17 03:40:02,606 [INFO] [44/121] 청계산 (primary=KEY_4)
2026-06-17 03:40:03,645 [INFO] [45/121] 홍제폭포 (primary=KEY_1)
2026-06-17 03:40:04,677 [INFO] [46/121] 가락시장 (primary=KEY_2)
2026-06-17 03:40:06,064 [INFO] [47/121] 가로수길 (primary=KEY_3)
2026-06-17 03:40:07,303 [INFO] [48/121] 광장(전통)시장 (primary=KEY_4)
2026-06-17 03:40:08,360 [INFO] [49/121] 김포공항 (primary=KEY_1)
2026-06-17 03:40:10,254 [INFO] [50/121] 남대문시장 (primary=KEY_2)
2026-06-17 03:40:11,461 [INFO] [51/121] 노량진 (primary=KEY_3)
2026-06-17 03:40:12,671 [INFO] [52/121] 덕수궁길·정동길 (primary=KEY_4)
2026-06-17 03:40:13,890 [INFO] [53/121] 북창동 먹자골목 (primary=KEY_1)
2026-06-17 03:40:15,096 [INFO] [54/121] 북촌한옥마을 (primary=KEY_2)
2026-06-17 03:40:16,314 [INFO] [55/121] 서촌 (primary=KEY_3)
2026-06-17 03:40:17,523 [INFO] [56/121] 성수카페거리 (primary=KEY_4)
2026-06-17 03:40:18,909 [INFO] [57/121] 송리단길·호수단길 (primary=KEY_1)
2026-06-17 03:40:20,148 [INFO] [58/121] 신촌 스타광장 (primary=KEY_2)
2026-06-17 03:40:21,204 [INFO] [59/121] 압구정로데오거리 (primary=KEY_3)
2026-06-17 03:40:22,431 [INFO] [60/121] 여의도 (primary=KEY_4)
2026-06-17 03:40:24,371 [INFO] [61/121] 연남동 (primary=KEY_1)
2026-06-17 03:40:25,590 [INFO] [62/121] 영등포 타임스퀘어 (primary=KEY_2)
2026-06-17 03:40:26,816 [INFO] [63/121] 용리단길 (primary=KEY_3)
2026-06-17 03:40:27,888 [INFO] [64/121] 이태원 앤틱가구거리 (primary=KEY_4)
2026-06-17 03:40:28,951 [INFO] [65/121] 익선동 (primary=KEY_1)
2026-06-17 03:40:30,201 [INFO] [66/121] 인사동 (primary=KEY_2)
2026-06-17 03:40:32,273 [INFO] [67/121] 잠실롯데타워·석촌호수 (primary=KEY_3)
2026-06-17 03:40:33,866 [INFO] [68/121] 창동 신경제 중심지 (primary=KEY_4)
2026-06-17 03:40:35,437 [INFO] [69/121] 청담동 명품거리 (primary=KEY_1)
2026-06-17 03:40:36,679 [INFO] [70/121] 청량리 제기동 일대 전통시장 (primary=KEY_2)
2026-06-17 03:40:37,970 [INFO] [71/121] 해방촌·경리단길 (primary=KEY_3)
2026-06-17 03:40:39,033 [INFO] [72/121] DDP(동대문디자인플라자) (primary=KEY_4)
2026-06-17 03:40:40,280 [INFO] [73/121] DMC(디지털미디어시티) (primary=KEY_1)
2026-06-17 03:40:41,868 [INFO] [74/121] 가산디지털단지역 (primary=KEY_2)
2026-06-17 03:40:43,606 [INFO] [75/121] 강남역 (primary=KEY_3)
2026-06-17 03:40:45,023 [INFO] [76/121] 건대입구역 (primary=KEY_4)
2026-06-17 03:40:46,270 [INFO] [77/121] 고덕역 (primary=KEY_1)
2026-06-17 03:40:47,535 [INFO] [78/121] 고속터미널역 (primary=KEY_2)
2026-06-17 03:40:48,782 [INFO] [79/121] 교대역 (primary=KEY_3)
2026-06-17 03:40:49,863 [INFO] [80/121] 구로디지털단지역 (primary=KEY_4)
2026-06-17 03:40:51,450 [INFO] [81/121] 구로역 (primary=KEY_1)
2026-06-17 03:40:52,653 [INFO] [82/121] 군자역 (primary=KEY_2)
2026-06-17 03:40:53,736 [INFO] [83/121] 대림역 (primary=KEY_3)
2026-06-17 03:40:54,980 [INFO] [84/121] 동대문역 (primary=KEY_4)
2026-06-17 03:40:56,200 [INFO] [85/121] 뚝섬역 (primary=KEY_1)
2026-06-17 03:40:57,437 [INFO] [86/121] 미아사거리역 (primary=KEY_2)
2026-06-17 03:40:58,659 [INFO] [87/121] 발산역 (primary=KEY_3)
2026-06-17 03:41:00,233 [INFO] [88/121] 사당역 (primary=KEY_4)
2026-06-17 03:41:01,471 [INFO] [89/121] 삼각지역 (primary=KEY_1)
2026-06-17 03:41:02,547 [INFO] [90/121] 서울대입구역 (primary=KEY_2)
2026-06-17 03:41:03,778 [INFO] [91/121] 서울식물원·마곡나루역 (primary=KEY_3)
2026-06-17 03:41:05,011 [INFO] [92/121] 서울역 (primary=KEY_4)
2026-06-17 03:41:06,270 [INFO] [93/121] 선릉역 (primary=KEY_1)
2026-06-17 03:41:07,846 [INFO] [94/121] 성신여대입구역 (primary=KEY_2)
2026-06-17 03:41:08,913 [INFO] [95/121] 수유역 (primary=KEY_3)
2026-06-17 03:41:10,135 [INFO] [96/121] 숭례문 (primary=KEY_4)
2026-06-17 03:41:11,358 [INFO] [97/121] 시의회 앞 (primary=KEY_1)
2026-06-17 03:41:12,589 [INFO] [98/121] 신논현역·논현역 (primary=KEY_2)
2026-06-17 03:41:13,840 [INFO] [99/121] 신도림역 (primary=KEY_3)
2026-06-17 03:41:14,898 [INFO] [100/121] 신림역 (primary=KEY_4)
2026-06-17 03:41:15,970 [INFO] [101/121] 신정네거리역 (primary=KEY_1)
2026-06-17 03:41:17,179 [INFO] [102/121] 신촌·이대역 (primary=KEY_2)
2026-06-17 03:41:18,394 [INFO] [103/121] 쌍문역 (primary=KEY_3)
2026-06-17 03:41:19,619 [INFO] [104/121] 양재역 (primary=KEY_4)
2026-06-17 03:41:20,877 [INFO] [105/121] 역삼역 (primary=KEY_1)
2026-06-17 03:41:22,259 [INFO] [106/121] 연신내역 (primary=KEY_2)
2026-06-17 03:41:23,335 [INFO] [107/121] 오목교역·목동운동장 (primary=KEY_3)
2026-06-17 03:41:25,067 [INFO] [108/121] 왕십리역 (primary=KEY_4)
2026-06-17 03:41:26,314 [INFO] [109/121] 용산역 (primary=KEY_1)
2026-06-17 03:41:27,707 [INFO] [110/121] 이태원역 (primary=KEY_2)
2026-06-17 03:41:28,777 [INFO] [111/121] 잠실새내역 (primary=KEY_3)
2026-06-17 03:41:30,091 [INFO] [112/121] 잠실역 (primary=KEY_4)
2026-06-17 03:41:31,489 [INFO] [113/121] 장지역 (primary=KEY_1)
2026-06-17 03:41:32,883 [INFO] [114/121] 장한평역 (primary=KEY_2)
2026-06-17 03:41:34,120 [INFO] [115/121] 천호역 (primary=KEY_3)
2026-06-17 03:41:35,367 [INFO] [116/121] 총신대입구(이수)역 (primary=KEY_4)
2026-06-17 03:41:36,599 [INFO] [117/121] 충정로역 (primary=KEY_1)
2026-06-17 03:41:37,831 [INFO] [118/121] 합정역 (primary=KEY_2)
2026-06-17 03:41:39,083 [INFO] [119/121] 혜화역 (primary=KEY_3)
2026-06-17 03:41:40,311 [INFO] [120/121] 홍대입구역(2호선) (primary=KEY_4)
2026-06-17 03:41:41,558 [INFO] [121/121] 회기역 (primary=KEY_1)
2026-06-17 03:41:43,523 [INFO] === 수집 완료 | 성공 121, 실패 0 ===
2026-06-17 03:41:43,523 [INFO] 카테고리별 저장 결과:
2026-06-17 03:41:43,524 [INFO]    area_meta                 | 신규   121행 | 누적    242행 | 5컬럼
2026-06-17 03:41:43,524 [INFO]    bike                      | 신규    13행 | 누적     26행 | 12컬럼
2026-06-17 03:41:43,524 [INFO]    bike_sbike_stts           | 신규   540행 | 누적   1080행 | 12컬럼
2026-06-17 03:41:43,524 [INFO]    bus                       | 신규     3행 | 누적      6행 | 11컬럼
2026-06-17 03:41:43,524 [INFO]    bus_bus_stn_stts          | 신규  1745행 | 누적   3490행 | 11컬럼
2026-06-17 03:41:43,524 [INFO]    charger                   | 신규     4행 | 누적     15행 | 15컬럼
2026-06-17 03:41:43,524 [INFO]    charger_charger_stts      | 신규  1906행 | 누적   2606행 | 15컬럼
2026-06-17 03:41:43,524 [INFO]    cmrcl                     | 신규    82행 | 누적    164행 | 20컬럼
2026-06-17 03:41:43,524 [INFO]    events                    | 신규    16행 | 누적     32행 | 14컬럼
2026-06-17 03:41:43,524 [INFO]    events_event_stts         | 신규   151행 | 누적    302행 | 14컬럼
2026-06-17 03:41:43,524 [INFO]    parking                   | 신규     6행 | 누적     12행 | 21컬럼
2026-06-17 03:41:43,524 [INFO]    parking_prk_stts          | 신규  1836행 | 누적   3672행 | 21컬럼
2026-06-17 03:41:43,524 [INFO]    ppltn                     | 신규   121행 | 누적    242행 | 26컬럼
2026-06-17 03:41:43,524 [INFO]    road                      | 신규   121행 | 누적    242행 | 21컬럼
2026-06-17 03:41:43,524 [INFO]    road_road_traffic_stts    | 신규  5256행 | 누적  10512행 | 17컬럼
2026-06-17 03:41:43,524 [INFO]    subway                    | 신규    38행 | 누적     76행 | 12컬럼
2026-06-17 03:41:43,524 [INFO]    subway_sub_stts           | 신규   183행 | 누적    366행 | 13컬럼
2026-06-17 03:41:43,524 [INFO]    weather                   | 신규   119행 | 누적    238행 | 29컬럼
2026-06-17 03:41:43,524 [INFO] 키별 사용량:
2026-06-17 03:41:43,524 [INFO]    🟢 KEY_1 (31/1000) 
2026-06-17 03:41:43,524 [INFO]    🟢 KEY_2 (30/1000) 
2026-06-17 03:41:43,524 [INFO]    🟢 KEY_3 (30/1000) 
2026-06-17 03:41:43,525 [INFO]    🟢 KEY_4 (30/1000) 
2026-06-17 05:12:20,329 [INFO] 등록된 키: 4개, 합산 한도 4,000건/일
2026-06-17 05:12:20,329 [INFO] POI 로드: 매뉴얼 v8.5 기준 fallback 121개 (121개 전체)
2026-06-17 05:12:20,330 [INFO] === 수집 시작 2026-06-17T05:12:20.330024+09:00 ===
2026-06-17 05:12:20,330 [INFO] 대상 장소: 121개 | API: citydata (통합)
2026-06-17 05:12:20,330 [INFO] 키 풀: 4/4 활성 | 오늘 사용 0/4000건
2026-06-17 05:12:20,330 [INFO]   [KEY_1] 담당 31장소
2026-06-17 05:12:20,330 [INFO]   [KEY_2] 담당 30장소
2026-06-17 05:12:20,330 [INFO]   [KEY_3] 담당 30장소
2026-06-17 05:12:20,330 [INFO]   [KEY_4] 담당 30장소
2026-06-17 05:12:20,330 [INFO] [1/121] 경복궁 (primary=KEY_1)
2026-06-17 05:12:22,345 [INFO] [2/121] 광화문·덕수궁 (primary=KEY_2)
2026-06-17 05:12:24,543 [INFO] [3/121] 보신각 (primary=KEY_3)
2026-06-17 05:12:26,434 [INFO] [4/121] 서울 암사동 유적 (primary=KEY_4)
2026-06-17 05:12:28,127 [INFO] [5/121] 창덕궁·종묘 (primary=KEY_1)
2026-06-17 05:12:30,105 [INFO] [6/121] 강남 MICE 관광특구 (primary=KEY_2)
2026-06-17 05:12:31,825 [INFO] [7/121] 동대문 관광특구 (primary=KEY_3)
2026-06-17 05:12:34,075 [INFO] [8/121] 명동 관광특구 (primary=KEY_4)
2026-06-17 05:12:35,852 [INFO] [9/121] 이태원 관광특구 (primary=KEY_1)
2026-06-17 05:12:37,189 [INFO] [10/121] 잠실 관광특구 (primary=KEY_2)
2026-06-17 05:12:38,737 [INFO] [11/121] 종로·청계 관광특구 (primary=KEY_3)
2026-06-17 05:12:41,908 [INFO] [12/121] 홍대 관광특구 (primary=KEY_4)
2026-06-17 05:12:43,461 [INFO] [13/121] 강서한강공원 (primary=KEY_1)
2026-06-17 05:12:44,963 [INFO] [14/121] 고척돔 (primary=KEY_2)
2026-06-17 05:12:46,757 [INFO] [15/121] 광나루한강공원 (primary=KEY_3)
2026-06-17 05:12:48,251 [INFO] [16/121] 광화문광장 (primary=KEY_4)
2026-06-17 05:12:50,146 [INFO] [17/121] 국립중앙박물관·용산가족공원 (primary=KEY_1)
2026-06-17 05:12:51,291 [INFO] [18/121] 난지한강공원 (primary=KEY_2)
2026-06-17 05:12:53,164 [INFO] [19/121] 남산공원 (primary=KEY_3)
2026-06-17 05:12:55,012 [INFO] [20/121] 노들섬 (primary=KEY_4)
2026-06-17 05:12:56,134 [INFO] [21/121] 뚝섬한강공원 (primary=KEY_1)
2026-06-17 05:12:58,033 [INFO] [22/121] 망원한강공원 (primary=KEY_2)
2026-06-17 05:12:59,559 [INFO] [23/121] 반포한강공원 (primary=KEY_3)
2026-06-17 05:13:00,965 [INFO] [24/121] 보라매공원 (primary=KEY_4)
2026-06-17 05:13:02,126 [INFO] [25/121] 북서울꿈의숲 (primary=KEY_1)
2026-06-17 05:13:03,239 [INFO] [26/121] 서대문독립공원 (primary=KEY_2)
2026-06-17 05:13:05,299 [INFO] [27/121] 서리풀공원·몽마르뜨공원 (primary=KEY_3)
2026-06-17 05:13:06,476 [INFO] [28/121] 서울대공원 (primary=KEY_4)
2026-06-17 05:13:07,604 [INFO] [29/121] 서울숲공원 (primary=KEY_1)
2026-06-17 05:13:09,720 [INFO] [30/121] 송현녹지광장 (primary=KEY_2)
2026-06-17 05:13:11,052 [INFO] [31/121] 아차산 (primary=KEY_3)
2026-06-17 05:13:12,176 [INFO] [32/121] 안양천 (primary=KEY_4)
2026-06-17 05:13:13,312 [INFO] [33/121] 양화한강공원 (primary=KEY_1)
2026-06-17 05:13:14,443 [INFO] [34/121] 어린이대공원 (primary=KEY_2)
2026-06-17 05:13:15,613 [INFO] [35/121] 여의도한강공원 (primary=KEY_3)
2026-06-17 05:13:16,926 [INFO] [36/121] 여의서로 (primary=KEY_4)
2026-06-17 05:13:18,049 [INFO] [37/121] 올림픽공원 (primary=KEY_1)
2026-06-17 05:13:19,413 [INFO] [38/121] 월드컵공원 (primary=KEY_2)
2026-06-17 05:13:21,725 [INFO] [39/121] 응봉산 (primary=KEY_3)
2026-06-17 05:13:23,044 [INFO] [40/121] 이촌한강공원 (primary=KEY_4)
2026-06-17 05:13:24,834 [INFO] [41/121] 잠실종합운동장 (primary=KEY_1)
2026-06-17 05:13:26,162 [INFO] [42/121] 잠실한강공원 (primary=KEY_2)
2026-06-17 05:13:27,297 [INFO] [43/121] 잠원한강공원 (primary=KEY_3)
2026-06-17 05:13:28,431 [INFO] [44/121] 청계산 (primary=KEY_4)
2026-06-17 05:13:29,565 [INFO] [45/121] 홍제폭포 (primary=KEY_1)
2026-06-17 05:13:30,692 [INFO] [46/121] 가락시장 (primary=KEY_2)
2026-06-17 05:13:32,070 [INFO] [47/121] 가로수길 (primary=KEY_3)
2026-06-17 05:13:33,426 [INFO] [48/121] 광장(전통)시장 (primary=KEY_4)
2026-06-17 05:13:34,571 [INFO] [49/121] 김포공항 (primary=KEY_1)
2026-06-17 05:13:35,942 [INFO] [50/121] 남대문시장 (primary=KEY_2)
2026-06-17 05:13:37,089 [INFO] [51/121] 노량진 (primary=KEY_3)
2026-06-17 05:13:38,435 [INFO] [52/121] 덕수궁길·정동길 (primary=KEY_4)
2026-06-17 05:13:39,785 [INFO] [53/121] 북창동 먹자골목 (primary=KEY_1)
2026-06-17 05:13:41,611 [INFO] [54/121] 북촌한옥마을 (primary=KEY_2)
2026-06-17 05:13:43,628 [INFO] [55/121] 서촌 (primary=KEY_3)
2026-06-17 05:13:44,953 [INFO] [56/121] 성수카페거리 (primary=KEY_4)
2026-06-17 05:13:46,304 [INFO] [57/121] 송리단길·호수단길 (primary=KEY_1)
2026-06-17 05:13:48,337 [INFO] [58/121] 신촌 스타광장 (primary=KEY_2)
2026-06-17 05:13:49,488 [INFO] [59/121] 압구정로데오거리 (primary=KEY_3)
2026-06-17 05:13:50,826 [INFO] [60/121] 여의도 (primary=KEY_4)
2026-06-17 05:13:52,791 [INFO] [61/121] 연남동 (primary=KEY_1)
2026-06-17 05:13:54,105 [INFO] [62/121] 영등포 타임스퀘어 (primary=KEY_2)
2026-06-17 05:13:55,428 [INFO] [63/121] 용리단길 (primary=KEY_3)
2026-06-17 05:13:56,595 [INFO] [64/121] 이태원 앤틱가구거리 (primary=KEY_4)
2026-06-17 05:13:57,746 [INFO] [65/121] 익선동 (primary=KEY_1)
2026-06-17 05:13:59,089 [INFO] [66/121] 인사동 (primary=KEY_2)
2026-06-17 05:14:00,441 [INFO] [67/121] 잠실롯데타워·석촌호수 (primary=KEY_3)
2026-06-17 05:14:01,808 [INFO] [68/121] 창동 신경제 중심지 (primary=KEY_4)
2026-06-17 05:14:03,371 [INFO] [69/121] 청담동 명품거리 (primary=KEY_1)
2026-06-17 05:14:04,699 [INFO] [70/121] 청량리 제기동 일대 전통시장 (primary=KEY_2)
2026-06-17 05:14:06,044 [INFO] [71/121] 해방촌·경리단길 (primary=KEY_3)
2026-06-17 05:14:07,195 [INFO] [72/121] DDP(동대문디자인플라자) (primary=KEY_4)
2026-06-17 05:14:08,610 [INFO] [73/121] DMC(디지털미디어시티) (primary=KEY_1)
2026-06-17 05:14:10,168 [INFO] [74/121] 가산디지털단지역 (primary=KEY_2)
2026-06-17 05:14:11,691 [INFO] [75/121] 강남역 (primary=KEY_3)
2026-06-17 05:14:13,234 [INFO] [76/121] 건대입구역 (primary=KEY_4)
2026-06-17 05:14:14,594 [INFO] [77/121] 고덕역 (primary=KEY_1)
2026-06-17 05:14:15,930 [INFO] [78/121] 고속터미널역 (primary=KEY_2)
2026-06-17 05:14:17,102 [INFO] [79/121] 교대역 (primary=KEY_3)
2026-06-17 05:14:18,264 [INFO] [80/121] 구로디지털단지역 (primary=KEY_4)
2026-06-17 05:14:19,625 [INFO] [81/121] 구로역 (primary=KEY_1)
2026-06-17 05:14:20,760 [INFO] [82/121] 군자역 (primary=KEY_2)
2026-06-17 05:14:22,781 [INFO] [83/121] 대림역 (primary=KEY_3)
2026-06-17 05:14:24,126 [INFO] [84/121] 동대문역 (primary=KEY_4)
2026-06-17 05:14:25,512 [INFO] [85/121] 뚝섬역 (primary=KEY_1)
2026-06-17 05:14:26,838 [INFO] [86/121] 미아사거리역 (primary=KEY_2)
2026-06-17 05:14:28,193 [INFO] [87/121] 발산역 (primary=KEY_3)
2026-06-17 05:14:29,769 [INFO] [88/121] 사당역 (primary=KEY_4)
2026-06-17 05:14:31,127 [INFO] [89/121] 삼각지역 (primary=KEY_1)
2026-06-17 05:14:32,280 [INFO] [90/121] 서울대입구역 (primary=KEY_2)
2026-06-17 05:14:34,035 [INFO] [91/121] 서울식물원·마곡나루역 (primary=KEY_3)
2026-06-17 05:14:35,378 [INFO] [92/121] 서울역 (primary=KEY_4)
2026-06-17 05:14:36,772 [INFO] [93/121] 선릉역 (primary=KEY_1)
2026-06-17 05:14:38,348 [INFO] [94/121] 성신여대입구역 (primary=KEY_2)
2026-06-17 05:14:39,509 [INFO] [95/121] 수유역 (primary=KEY_3)
2026-06-17 05:14:40,880 [INFO] [96/121] 숭례문 (primary=KEY_4)
2026-06-17 05:14:42,232 [INFO] [97/121] 시의회 앞 (primary=KEY_1)
2026-06-17 05:14:44,337 [INFO] [98/121] 신논현역·논현역 (primary=KEY_2)
2026-06-17 05:14:45,710 [INFO] [99/121] 신도림역 (primary=KEY_3)
2026-06-17 05:14:46,856 [INFO] [100/121] 신림역 (primary=KEY_4)
2026-06-17 05:14:48,037 [INFO] [101/121] 신정네거리역 (primary=KEY_1)
2026-06-17 05:14:49,188 [INFO] [102/121] 신촌·이대역 (primary=KEY_2)
2026-06-17 05:14:50,525 [INFO] [103/121] 쌍문역 (primary=KEY_3)
2026-06-17 05:14:51,667 [INFO] [104/121] 양재역 (primary=KEY_4)
2026-06-17 05:14:53,011 [INFO] [105/121] 역삼역 (primary=KEY_1)
2026-06-17 05:14:54,364 [INFO] [106/121] 연신내역 (primary=KEY_2)
2026-06-17 05:14:55,553 [INFO] [107/121] 오목교역·목동운동장 (primary=KEY_3)
2026-06-17 05:14:57,084 [INFO] [108/121] 왕십리역 (primary=KEY_4)
2026-06-17 05:14:58,455 [INFO] [109/121] 용산역 (primary=KEY_1)
2026-06-17 05:14:59,812 [INFO] [110/121] 이태원역 (primary=KEY_2)
2026-06-17 05:15:00,973 [INFO] [111/121] 잠실새내역 (primary=KEY_3)
2026-06-17 05:15:02,327 [INFO] [112/121] 잠실역 (primary=KEY_4)
2026-06-17 05:15:03,651 [INFO] [113/121] 장지역 (primary=KEY_1)
2026-06-17 05:15:04,967 [INFO] [114/121] 장한평역 (primary=KEY_2)
2026-06-17 05:15:06,297 [INFO] [115/121] 천호역 (primary=KEY_3)
2026-06-17 05:15:07,704 [INFO] [116/121] 총신대입구(이수)역 (primary=KEY_4)
2026-06-17 05:15:09,042 [INFO] [117/121] 충정로역 (primary=KEY_1)
2026-06-17 05:15:10,179 [INFO] [118/121] 합정역 (primary=KEY_2)
2026-06-17 05:15:11,530 [INFO] [119/121] 혜화역 (primary=KEY_3)
2026-06-17 05:15:12,856 [INFO] [120/121] 홍대입구역(2호선) (primary=KEY_4)
2026-06-17 05:15:14,017 [INFO] [121/121] 회기역 (primary=KEY_1)
2026-06-17 05:15:16,143 [INFO] === 수집 완료 | 성공 121, 실패 0 ===
2026-06-17 05:15:16,143 [INFO] 카테고리별 저장 결과:
2026-06-17 05:15:16,143 [INFO]    accident                  | 신규     3행 | 누적      6행 | 16컬럼
2026-06-17 05:15:16,143 [INFO]    area_meta                 | 신규   121행 | 누적    363행 | 5컬럼
2026-06-17 05:15:16,143 [INFO]    bike                      | 신규    13행 | 누적     39행 | 12컬럼
2026-06-17 05:15:16,143 [INFO]    bike_sbike_stts           | 신규   540행 | 누적   1620행 | 12컬럼
2026-06-17 05:15:16,143 [INFO]    bus                       | 신규     3행 | 누적      9행 | 11컬럼
2026-06-17 05:15:16,143 [INFO]    bus_bus_stn_stts          | 신규  1745행 | 누적   5235행 | 11컬럼
2026-06-17 05:15:16,143 [INFO]    charger                   | 신규    25행 | 누적     40행 | 15컬럼
2026-06-17 05:15:16,143 [INFO]    charger_charger_stts      | 신규   336행 | 누적   2940행 | 15컬럼
2026-06-17 05:15:16,143 [INFO]    cmrcl                     | 신규    82행 | 누적    246행 | 20컬럼
2026-06-17 05:15:16,143 [INFO]    events                    | 신규    16행 | 누적     48행 | 14컬럼
2026-06-17 05:15:16,144 [INFO]    events_event_stts         | 신규   156행 | 누적    458행 | 14컬럼
2026-06-17 05:15:16,144 [INFO]    parking                   | 신규     6행 | 누적     18행 | 21컬럼
2026-06-17 05:15:16,144 [INFO]    parking_prk_stts          | 신규  1836행 | 누적   5508행 | 21컬럼
2026-06-17 05:15:16,144 [INFO]    ppltn                     | 신규   121행 | 누적    363행 | 26컬럼
2026-06-17 05:15:16,144 [INFO]    road                      | 신규   121행 | 누적    363행 | 21컬럼
2026-06-17 05:15:16,144 [INFO]    road_road_traffic_stts    | 신규  5256행 | 누적  15768행 | 17컬럼
2026-06-17 05:15:16,144 [INFO]    subway                    | 신규    38행 | 누적    114행 | 13컬럼
2026-06-17 05:15:16,144 [INFO]    subway_sub_stts           | 신규   183행 | 누적    549행 | 13컬럼
2026-06-17 05:15:16,144 [INFO]    weather                   | 신규   119행 | 누적    357행 | 29컬럼
2026-06-17 05:15:16,144 [INFO] 키별 사용량:
2026-06-17 05:15:16,144 [INFO]    🟢 KEY_1 (31/1000) 
2026-06-17 05:15:16,144 [INFO]    🟢 KEY_2 (30/1000) 
2026-06-17 05:15:16,144 [INFO]    🟢 KEY_3 (30/1000) 
2026-06-17 05:15:16,144 [INFO]    🟢 KEY_4 (30/1000) 
2026-06-17 06:59:07,639 [INFO] 등록된 키: 4개, 합산 한도 4,000건/일
2026-06-17 06:59:07,640 [INFO] POI 로드: 매뉴얼 v8.5 기준 fallback 121개 (121개 전체)
2026-06-17 06:59:07,640 [INFO] === 수집 시작 2026-06-17T06:59:07.640578+09:00 ===
2026-06-17 06:59:07,640 [INFO] 대상 장소: 121개 | API: citydata (통합)
2026-06-17 06:59:07,640 [INFO] 키 풀: 4/4 활성 | 오늘 사용 0/4000건
2026-06-17 06:59:07,640 [INFO]   [KEY_1] 담당 31장소
2026-06-17 06:59:07,640 [INFO]   [KEY_2] 담당 30장소
2026-06-17 06:59:07,641 [INFO]   [KEY_3] 담당 30장소
2026-06-17 06:59:07,641 [INFO]   [KEY_4] 담당 30장소
2026-06-17 06:59:07,641 [INFO] [1/121] 경복궁 (primary=KEY_1)
2026-06-17 06:59:10,258 [INFO] [2/121] 광화문·덕수궁 (primary=KEY_2)
2026-06-17 06:59:14,338 [INFO] [3/121] 보신각 (primary=KEY_3)
2026-06-17 06:59:16,590 [INFO] [4/121] 서울 암사동 유적 (primary=KEY_4)
2026-06-17 06:59:19,592 [INFO] [5/121] 창덕궁·종묘 (primary=KEY_1)
2026-06-17 06:59:23,624 [INFO] [6/121] 강남 MICE 관광특구 (primary=KEY_2)
2026-06-17 06:59:25,498 [INFO] [7/121] 동대문 관광특구 (primary=KEY_3)
2026-06-17 06:59:29,892 [INFO] [8/121] 명동 관광특구 (primary=KEY_4)
2026-06-17 06:59:32,633 [INFO] [9/121] 이태원 관광특구 (primary=KEY_1)
2026-06-17 06:59:33,965 [INFO] [10/121] 잠실 관광특구 (primary=KEY_2)
2026-06-17 06:59:36,358 [INFO] [11/121] 종로·청계 관광특구 (primary=KEY_3)
2026-06-17 06:59:38,763 [INFO] [12/121] 홍대 관광특구 (primary=KEY_4)
2026-06-17 06:59:40,454 [INFO] [13/121] 강서한강공원 (primary=KEY_1)
2026-06-17 06:59:41,538 [INFO] [14/121] 고척돔 (primary=KEY_2)
2026-06-17 06:59:42,630 [INFO] [15/121] 광나루한강공원 (primary=KEY_3)
2026-06-17 06:59:43,879 [INFO] [16/121] 광화문광장 (primary=KEY_4)
2026-06-17 06:59:45,165 [INFO] [17/121] 국립중앙박물관·용산가족공원 (primary=KEY_1)
2026-06-17 06:59:46,994 [INFO] [18/121] 난지한강공원 (primary=KEY_2)
2026-06-17 06:59:48,083 [INFO] [19/121] 남산공원 (primary=KEY_3)
2026-06-17 06:59:49,542 [INFO] [20/121] 노들섬 (primary=KEY_4)
2026-06-17 06:59:50,624 [INFO] [21/121] 뚝섬한강공원 (primary=KEY_1)
2026-06-17 06:59:51,720 [INFO] [22/121] 망원한강공원 (primary=KEY_2)
2026-06-17 06:59:53,079 [INFO] [23/121] 반포한강공원 (primary=KEY_3)
2026-06-17 06:59:54,166 [INFO] [24/121] 보라매공원 (primary=KEY_4)
2026-06-17 06:59:55,267 [INFO] [25/121] 북서울꿈의숲 (primary=KEY_1)
2026-06-17 06:59:56,524 [INFO] [26/121] 서대문독립공원 (primary=KEY_2)
2026-06-17 06:59:58,345 [INFO] [27/121] 서리풀공원·몽마르뜨공원 (primary=KEY_3)
2026-06-17 06:59:59,727 [INFO] [28/121] 서울대공원 (primary=KEY_4)
2026-06-17 07:00:00,808 [INFO] [29/121] 서울숲공원 (primary=KEY_1)
2026-06-17 07:00:02,169 [INFO] [30/121] 송현녹지광장 (primary=KEY_2)
2026-06-17 07:00:03,428 [INFO] [31/121] 아차산 (primary=KEY_3)
2026-06-17 07:00:04,504 [INFO] [32/121] 안양천 (primary=KEY_4)
2026-06-17 07:00:05,580 [INFO] [33/121] 양화한강공원 (primary=KEY_1)
2026-06-17 07:00:06,658 [INFO] [34/121] 어린이대공원 (primary=KEY_2)
2026-06-17 07:00:07,914 [INFO] [35/121] 여의도한강공원 (primary=KEY_3)
2026-06-17 07:00:09,196 [INFO] [36/121] 여의서로 (primary=KEY_4)
2026-06-17 07:00:10,434 [INFO] [37/121] 올림픽공원 (primary=KEY_1)
2026-06-17 07:00:11,875 [INFO] [38/121] 월드컵공원 (primary=KEY_2)
2026-06-17 07:00:13,922 [INFO] [39/121] 응봉산 (primary=KEY_3)
2026-06-17 07:00:15,166 [INFO] [40/121] 이촌한강공원 (primary=KEY_4)
2026-06-17 07:00:16,241 [INFO] [41/121] 잠실종합운동장 (primary=KEY_1)
2026-06-17 07:00:17,371 [INFO] [42/121] 잠실한강공원 (primary=KEY_2)
2026-06-17 07:00:18,455 [INFO] [43/121] 잠원한강공원 (primary=KEY_3)
2026-06-17 07:00:19,532 [INFO] [44/121] 청계산 (primary=KEY_4)
2026-06-17 07:00:20,925 [INFO] [45/121] 홍제폭포 (primary=KEY_1)
2026-06-17 07:00:22,002 [INFO] [46/121] 가락시장 (primary=KEY_2)
2026-06-17 07:00:23,282 [INFO] [47/121] 가로수길 (primary=KEY_3)
2026-06-17 07:00:24,638 [INFO] [48/121] 광장(전통)시장 (primary=KEY_4)
2026-06-17 07:00:25,735 [INFO] [49/121] 김포공항 (primary=KEY_1)
2026-06-17 07:00:27,194 [INFO] [50/121] 남대문시장 (primary=KEY_2)
2026-06-17 07:00:28,661 [INFO] [51/121] 노량진 (primary=KEY_3)
2026-06-17 07:00:29,940 [INFO] [52/121] 덕수궁길·정동길 (primary=KEY_4)
2026-06-17 07:00:31,299 [INFO] [53/121] 북창동 먹자골목 (primary=KEY_1)
2026-06-17 07:00:32,566 [INFO] [54/121] 북촌한옥마을 (primary=KEY_2)
2026-06-17 07:00:33,999 [INFO] [55/121] 서촌 (primary=KEY_3)
2026-06-17 07:00:35,281 [INFO] [56/121] 성수카페거리 (primary=KEY_4)
2026-06-17 07:00:36,760 [INFO] [57/121] 송리단길·호수단길 (primary=KEY_1)
2026-06-17 07:00:38,039 [INFO] [58/121] 신촌 스타광장 (primary=KEY_2)
2026-06-17 07:00:39,135 [INFO] [59/121] 압구정로데오거리 (primary=KEY_3)
2026-06-17 07:00:40,401 [INFO] [60/121] 여의도 (primary=KEY_4)
2026-06-17 07:00:43,080 [INFO] [61/121] 연남동 (primary=KEY_1)
2026-06-17 07:00:46,716 [INFO] [62/121] 영등포 타임스퀘어 (primary=KEY_2)
2026-06-17 07:00:49,446 [INFO] [63/121] 용리단길 (primary=KEY_3)
2026-06-17 07:00:50,574 [INFO] [64/121] 이태원 앤틱가구거리 (primary=KEY_4)
2026-06-17 07:00:52,021 [INFO] [65/121] 익선동 (primary=KEY_1)
2026-06-17 07:00:54,380 [INFO] [66/121] 인사동 (primary=KEY_2)
2026-06-17 07:00:55,824 [INFO] [67/121] 잠실롯데타워·석촌호수 (primary=KEY_3)
2026-06-17 07:00:57,468 [INFO] [68/121] 창동 신경제 중심지 (primary=KEY_4)
2026-06-17 07:00:59,868 [INFO] [69/121] 청담동 명품거리 (primary=KEY_1)
2026-06-17 07:01:01,139 [INFO] [70/121] 청량리 제기동 일대 전통시장 (primary=KEY_2)
2026-06-17 07:01:06,967 [INFO] [71/121] 해방촌·경리단길 (primary=KEY_3)
2026-06-17 07:01:08,059 [INFO] [72/121] DDP(동대문디자인플라자) (primary=KEY_4)
2026-06-17 07:01:09,339 [INFO] [73/121] DMC(디지털미디어시티) (primary=KEY_1)
2026-06-17 07:01:11,662 [INFO] [74/121] 가산디지털단지역 (primary=KEY_2)
2026-06-17 07:01:13,464 [INFO] [75/121] 강남역 (primary=KEY_3)
2026-06-17 07:01:14,939 [INFO] [76/121] 건대입구역 (primary=KEY_4)
2026-06-17 07:01:21,761 [INFO] [77/121] 고덕역 (primary=KEY_1)
2026-06-17 07:01:23,058 [INFO] [78/121] 고속터미널역 (primary=KEY_2)
2026-06-17 07:01:24,355 [INFO] [79/121] 교대역 (primary=KEY_3)
2026-06-17 07:01:29,396 [INFO] [80/121] 구로디지털단지역 (primary=KEY_4)
2026-06-17 07:01:31,016 [INFO] [81/121] 구로역 (primary=KEY_1)
2026-06-17 07:01:32,306 [INFO] [82/121] 군자역 (primary=KEY_2)
2026-06-17 07:01:33,580 [INFO] [83/121] 대림역 (primary=KEY_3)
2026-06-17 07:01:34,860 [INFO] [84/121] 동대문역 (primary=KEY_4)
2026-06-17 07:01:36,135 [INFO] [85/121] 뚝섬역 (primary=KEY_1)
2026-06-17 07:01:37,414 [INFO] [86/121] 미아사거리역 (primary=KEY_2)
2026-06-17 07:01:38,692 [INFO] [87/121] 발산역 (primary=KEY_3)
2026-06-17 07:01:40,160 [INFO] [88/121] 사당역 (primary=KEY_4)
2026-06-17 07:01:45,014 [INFO] [89/121] 삼각지역 (primary=KEY_1)
2026-06-17 07:01:47,701 [INFO] [90/121] 서울대입구역 (primary=KEY_2)
2026-06-17 07:01:48,971 [INFO] [91/121] 서울식물원·마곡나루역 (primary=KEY_3)
2026-06-17 07:01:50,416 [INFO] [92/121] 서울역 (primary=KEY_4)
2026-06-17 07:01:52,080 [INFO] [93/121] 선릉역 (primary=KEY_1)
2026-06-17 07:01:53,723 [INFO] [94/121] 성신여대입구역 (primary=KEY_2)
2026-06-17 07:01:54,833 [INFO] [95/121] 수유역 (primary=KEY_3)
2026-06-17 07:01:56,243 [INFO] [96/121] 숭례문 (primary=KEY_4)
2026-06-17 07:01:57,553 [INFO] [97/121] 시의회 앞 (primary=KEY_1)
2026-06-17 07:01:58,910 [INFO] [98/121] 신논현역·논현역 (primary=KEY_2)
2026-06-17 07:02:10,784 [INFO] [99/121] 신도림역 (primary=KEY_3)
2026-06-17 07:02:11,936 [INFO] [100/121] 신림역 (primary=KEY_4)
2026-06-17 07:02:13,238 [INFO] [101/121] 신정네거리역 (primary=KEY_1)
2026-06-17 07:02:14,613 [INFO] [102/121] 신촌·이대역 (primary=KEY_2)
2026-06-17 07:02:16,943 [INFO] [103/121] 쌍문역 (primary=KEY_3)
2026-06-17 07:02:18,207 [INFO] [104/121] 양재역 (primary=KEY_4)
2026-06-17 07:02:19,579 [INFO] [105/121] 역삼역 (primary=KEY_1)
2026-06-17 07:02:21,028 [INFO] [106/121] 연신내역 (primary=KEY_2)
2026-06-17 07:02:22,473 [INFO] [107/121] 오목교역·목동운동장 (primary=KEY_3)
2026-06-17 07:02:24,274 [INFO] [108/121] 왕십리역 (primary=KEY_4)
2026-06-17 07:02:25,736 [INFO] [109/121] 용산역 (primary=KEY_1)
2026-06-17 07:02:27,270 [INFO] [110/121] 이태원역 (primary=KEY_2)
2026-06-17 07:02:28,373 [INFO] [111/121] 잠실새내역 (primary=KEY_3)
2026-06-17 07:02:29,645 [INFO] [112/121] 잠실역 (primary=KEY_4)
2026-06-17 07:02:31,107 [INFO] [113/121] 장지역 (primary=KEY_1)
2026-06-17 07:02:32,549 [INFO] [114/121] 장한평역 (primary=KEY_2)
2026-06-17 07:02:34,523 [INFO] [115/121] 천호역 (primary=KEY_3)
2026-06-17 07:02:35,823 [INFO] [116/121] 총신대입구(이수)역 (primary=KEY_4)
2026-06-17 07:02:37,150 [INFO] [117/121] 충정로역 (primary=KEY_1)
2026-06-17 07:02:38,445 [INFO] [118/121] 합정역 (primary=KEY_2)
2026-06-17 07:02:39,733 [INFO] [119/121] 혜화역 (primary=KEY_3)
2026-06-17 07:02:41,061 [INFO] [120/121] 홍대입구역(2호선) (primary=KEY_4)
2026-06-17 07:02:42,343 [INFO] [121/121] 회기역 (primary=KEY_1)
2026-06-17 07:02:48,492 [INFO] === 수집 완료 | 성공 121, 실패 0 ===
2026-06-17 07:02:48,492 [INFO] 카테고리별 저장 결과:
2026-06-17 07:02:48,492 [INFO]    accident                  | 신규     4행 | 누적     10행 | 16컬럼
2026-06-17 07:02:48,492 [INFO]    area_meta                 | 신규   121행 | 누적    484행 | 5컬럼
2026-06-17 07:02:48,492 [INFO]    bike                      | 신규    13행 | 누적     52행 | 12컬럼
2026-06-17 07:02:48,492 [INFO]    bike_sbike_stts           | 신규   540행 | 누적   2160행 | 12컬럼
2026-06-17 07:02:48,493 [INFO]    bus                       | 신규     3행 | 누적     12행 | 11컬럼
2026-06-17 07:02:48,493 [INFO]    bus_bus_stn_stts          | 신규  1745행 | 누적   6980행 | 11컬럼
2026-06-17 07:02:48,493 [INFO]    charger                   | 신규     4행 | 누적     44행 | 15컬럼
2026-06-17 07:02:48,493 [INFO]    charger_charger_stts      | 신규  1906행 | 누적   4831행 | 15컬럼
2026-06-17 07:02:48,493 [INFO]    cmrcl                     | 신규    82행 | 누적    328행 | 20컬럼
2026-06-17 07:02:48,493 [INFO]    events                    | 신규    16행 | 누적     64행 | 14컬럼
2026-06-17 07:02:48,493 [INFO]    events_event_stts         | 신규   156행 | 누적    614행 | 14컬럼
2026-06-17 07:02:48,493 [INFO]    parking                   | 신규     6행 | 누적     24행 | 21컬럼
2026-06-17 07:02:48,493 [INFO]    parking_prk_stts          | 신규  1836행 | 누적   7344행 | 21컬럼
2026-06-17 07:02:48,493 [INFO]    ppltn                     | 신규   121행 | 누적    484행 | 26컬럼
2026-06-17 07:02:48,493 [INFO]    road                      | 신규   121행 | 누적    484행 | 21컬럼
2026-06-17 07:02:48,493 [INFO]    road_road_traffic_stts    | 신규  5256행 | 누적  21024행 | 17컬럼
2026-06-17 07:02:48,493 [INFO]    subway                    | 신규    38행 | 누적    152행 | 13컬럼
2026-06-17 07:02:48,493 [INFO]    subway_sub_stts           | 신규   183행 | 누적    732행 | 13컬럼
2026-06-17 07:02:48,493 [INFO]    weather                   | 신규   118행 | 누적    475행 | 29컬럼
2026-06-17 07:02:48,493 [INFO] 키별 사용량:
2026-06-17 07:02:48,493 [INFO]    🟢 KEY_1 (31/1000) 
2026-06-17 07:02:48,493 [INFO]    🟢 KEY_2 (30/1000) 
2026-06-17 07:02:48,493 [INFO]    🟢 KEY_3 (30/1000) 
2026-06-17 07:02:48,493 [INFO]    🟢 KEY_4 (30/1000) 
