2026-06-02 00:18:57,214 [INFO] 등록된 키: 4개, 합산 한도 4,000건/일
2026-06-02 00:18:57,215 [INFO] POI 로드: 매뉴얼 v8.5 기준 fallback 121개 (121개 전체)
2026-06-02 00:18:57,215 [INFO] === 수집 시작 2026-06-02T00:18:57.215670+09:00 ===
2026-06-02 00:18:57,215 [INFO] 대상 장소: 121개 | API: citydata (통합)
2026-06-02 00:18:57,215 [INFO] 키 풀: 4/4 활성 | 오늘 사용 0/4000건
2026-06-02 00:18:57,215 [INFO]   [KEY_1] 담당 31장소
2026-06-02 00:18:57,216 [INFO]   [KEY_2] 담당 30장소
2026-06-02 00:18:57,216 [INFO]   [KEY_3] 담당 30장소
2026-06-02 00:18:57,216 [INFO]   [KEY_4] 담당 30장소
2026-06-02 00:18:57,216 [INFO] [1/121] 경복궁 (primary=KEY_1)
2026-06-02 00:18:59,388 [INFO] [2/121] 광화문·덕수궁 (primary=KEY_2)
2026-06-02 00:19:01,835 [INFO] [3/121] 보신각 (primary=KEY_3)
2026-06-02 00:19:04,440 [INFO] [4/121] 서울 암사동 유적 (primary=KEY_4)
2026-06-02 00:19:06,205 [INFO] [5/121] 창덕궁·종묘 (primary=KEY_1)
2026-06-02 00:19:08,364 [INFO] [6/121] 강남 MICE 관광특구 (primary=KEY_2)
2026-06-02 00:19:10,573 [INFO] [7/121] 동대문 관광특구 (primary=KEY_3)
2026-06-02 00:19:12,249 [INFO] [8/121] 명동 관광특구 (primary=KEY_4)
2026-06-02 00:19:14,139 [INFO] [9/121] 이태원 관광특구 (primary=KEY_1)
2026-06-02 00:19:16,347 [INFO] [10/121] 잠실 관광특구 (primary=KEY_2)
2026-06-02 00:19:19,140 [INFO] [11/121] 종로·청계 관광특구 (primary=KEY_3)
2026-06-02 00:19:20,794 [INFO] [12/121] 홍대 관광특구 (primary=KEY_4)
2026-06-02 00:19:23,219 [INFO] [13/121] 강서한강공원 (primary=KEY_1)
2026-06-02 00:19:25,374 [INFO] [14/121] 고척돔 (primary=KEY_2)
2026-06-02 00:19:27,159 [INFO] [15/121] 광나루한강공원 (primary=KEY_3)
2026-06-02 00:19:29,152 [INFO] [16/121] 광화문광장 (primary=KEY_4)
2026-06-02 00:19:31,324 [INFO] [17/121] 국립중앙박물관·용산가족공원 (primary=KEY_1)
2026-06-02 00:19:33,144 [INFO] [18/121] 난지한강공원 (primary=KEY_2)
2026-06-02 00:19:34,928 [INFO] [19/121] 남산공원 (primary=KEY_3)
2026-06-02 00:19:37,347 [INFO] [20/121] 노들섬 (primary=KEY_4)
2026-06-02 00:19:38,507 [INFO] [21/121] 뚝섬한강공원 (primary=KEY_1)
2026-06-02 00:19:39,688 [INFO] [22/121] 망원한강공원 (primary=KEY_2)
2026-06-02 00:19:41,281 [INFO] [23/121] 반포한강공원 (primary=KEY_3)
2026-06-02 00:19:42,474 [INFO] [24/121] 보라매공원 (primary=KEY_4)
2026-06-02 00:19:44,363 [INFO] [25/121] 북서울꿈의숲 (primary=KEY_1)
2026-06-02 00:19:45,750 [INFO] [26/121] 서대문독립공원 (primary=KEY_2)
2026-06-02 00:19:46,947 [INFO] [27/121] 서리풀공원·몽마르뜨공원 (primary=KEY_3)
2026-06-02 00:19:48,352 [INFO] [28/121] 서울대공원 (primary=KEY_4)
2026-06-02 00:19:49,505 [INFO] [29/121] 서울숲공원 (primary=KEY_1)
2026-06-02 00:19:50,882 [INFO] [30/121] 송현녹지광장 (primary=KEY_2)
2026-06-02 00:19:52,270 [INFO] [31/121] 아차산 (primary=KEY_3)
2026-06-02 00:19:53,447 [INFO] [32/121] 안양천 (primary=KEY_4)
2026-06-02 00:19:54,607 [INFO] [33/121] 양화한강공원 (primary=KEY_1)
2026-06-02 00:19:56,371 [INFO] [34/121] 어린이대공원 (primary=KEY_2)
2026-06-02 00:19:57,782 [INFO] [35/121] 여의도한강공원 (primary=KEY_3)
2026-06-02 00:19:59,943 [INFO] [36/121] 여의서로 (primary=KEY_4)
2026-06-02 00:20:01,969 [INFO] [37/121] 올림픽공원 (primary=KEY_1)
2026-06-02 00:20:03,561 [INFO] [38/121] 월드컵공원 (primary=KEY_2)
2026-06-02 00:20:05,760 [INFO] [39/121] 응봉산 (primary=KEY_3)
2026-06-02 00:20:07,110 [INFO] [40/121] 이촌한강공원 (primary=KEY_4)
2026-06-02 00:20:08,252 [INFO] [41/121] 잠실종합운동장 (primary=KEY_1)
2026-06-02 00:20:09,418 [INFO] [42/121] 잠실한강공원 (primary=KEY_2)
2026-06-02 00:20:10,604 [INFO] [43/121] 잠원한강공원 (primary=KEY_3)
2026-06-02 00:20:11,779 [INFO] [44/121] 청계산 (primary=KEY_4)
2026-06-02 00:20:12,926 [INFO] [45/121] 홍제폭포 (primary=KEY_1)
2026-06-02 00:20:14,079 [INFO] [46/121] 가락시장 (primary=KEY_2)
2026-06-02 00:20:16,088 [INFO] [47/121] 가로수길 (primary=KEY_3)
2026-06-02 00:20:17,467 [INFO] [48/121] 광장(전통)시장 (primary=KEY_4)
2026-06-02 00:20:18,632 [INFO] [49/121] 김포공항 (primary=KEY_1)
2026-06-02 00:20:20,213 [INFO] [50/121] 남대문시장 (primary=KEY_2)
2026-06-02 00:20:21,573 [INFO] [51/121] 노량진 (primary=KEY_3)
2026-06-02 00:20:22,974 [INFO] [52/121] 덕수궁길·정동길 (primary=KEY_4)
2026-06-02 00:20:24,370 [INFO] [53/121] 북창동 먹자골목 (primary=KEY_1)
2026-06-02 00:20:25,716 [INFO] [54/121] 북촌한옥마을 (primary=KEY_2)
2026-06-02 00:20:27,315 [INFO] [55/121] 서촌 (primary=KEY_3)
2026-06-02 00:20:28,681 [INFO] [56/121] 성수카페거리 (primary=KEY_4)
2026-06-02 00:20:30,293 [INFO] [57/121] 송리단길·호수단길 (primary=KEY_1)
2026-06-02 00:20:31,669 [INFO] [58/121] 신촌 스타광장 (primary=KEY_2)
2026-06-02 00:20:32,833 [INFO] [59/121] 압구정로데오거리 (primary=KEY_3)
2026-06-02 00:20:35,012 [INFO] [60/121] 여의도 (primary=KEY_4)
2026-06-02 00:20:37,289 [INFO] [61/121] 연남동 (primary=KEY_1)
2026-06-02 00:20:38,674 [INFO] [62/121] 영등포 타임스퀘어 (primary=KEY_2)
2026-06-02 00:20:40,040 [INFO] [63/121] 용리단길 (primary=KEY_3)
2026-06-02 00:20:41,234 [INFO] [64/121] 이태원 앤틱가구거리 (primary=KEY_4)
2026-06-02 00:20:42,613 [INFO] [65/121] 익선동 (primary=KEY_1)
2026-06-02 00:20:43,991 [INFO] [66/121] 인사동 (primary=KEY_2)
2026-06-02 00:20:45,604 [INFO] [67/121] 잠실롯데타워·석촌호수 (primary=KEY_3)
2026-06-02 00:20:48,115 [INFO] [68/121] 창동 신경제 중심지 (primary=KEY_4)
2026-06-02 00:20:49,921 [INFO] [69/121] 청담동 명품거리 (primary=KEY_1)
2026-06-02 00:20:51,295 [INFO] [70/121] 청량리 제기동 일대 전통시장 (primary=KEY_2)
2026-06-02 00:20:53,508 [INFO] [71/121] 해방촌·경리단길 (primary=KEY_3)
2026-06-02 00:20:54,666 [INFO] [72/121] DDP(동대문디자인플라자) (primary=KEY_4)
2026-06-02 00:20:56,758 [INFO] [73/121] DMC(디지털미디어시티) (primary=KEY_1)
2026-06-02 00:20:58,580 [INFO] [74/121] 가산디지털단지역 (primary=KEY_2)
2026-06-02 00:21:00,572 [INFO] [75/121] 강남역 (primary=KEY_3)
2026-06-02 00:21:02,257 [INFO] [76/121] 건대입구역 (primary=KEY_4)
2026-06-02 00:21:03,648 [INFO] [77/121] 고덕역 (primary=KEY_1)
2026-06-02 00:21:05,049 [INFO] [78/121] 고속터미널역 (primary=KEY_2)
2026-06-02 00:21:06,444 [INFO] [79/121] 교대역 (primary=KEY_3)
2026-06-02 00:21:07,819 [INFO] [80/121] 구로디지털단지역 (primary=KEY_4)
2026-06-02 00:21:09,621 [INFO] [81/121] 구로역 (primary=KEY_1)
2026-06-02 00:21:10,974 [INFO] [82/121] 군자역 (primary=KEY_2)
2026-06-02 00:21:12,348 [INFO] [83/121] 대림역 (primary=KEY_3)
2026-06-02 00:21:13,739 [INFO] [84/121] 동대문역 (primary=KEY_4)
2026-06-02 00:21:15,099 [INFO] [85/121] 뚝섬역 (primary=KEY_1)
2026-06-02 00:21:16,484 [INFO] [86/121] 미아사거리역 (primary=KEY_2)
2026-06-02 00:21:17,869 [INFO] [87/121] 발산역 (primary=KEY_3)
2026-06-02 00:21:20,346 [INFO] [88/121] 사당역 (primary=KEY_4)
2026-06-02 00:21:21,724 [INFO] [89/121] 삼각지역 (primary=KEY_1)
2026-06-02 00:21:23,110 [INFO] [90/121] 서울대입구역 (primary=KEY_2)
2026-06-02 00:21:24,488 [INFO] [91/121] 서울식물원·마곡나루역 (primary=KEY_3)
2026-06-02 00:21:26,077 [INFO] [92/121] 서울역 (primary=KEY_4)
2026-06-02 00:21:27,691 [INFO] [93/121] 선릉역 (primary=KEY_1)
2026-06-02 00:21:30,522 [INFO] [94/121] 성신여대입구역 (primary=KEY_2)
2026-06-02 00:21:32,402 [INFO] [95/121] 수유역 (primary=KEY_3)
2026-06-02 00:21:34,570 [INFO] [96/121] 숭례문 (primary=KEY_4)
2026-06-02 00:21:36,790 [INFO] [97/121] 시의회 앞 (primary=KEY_1)
2026-06-02 00:21:39,385 [INFO] [98/121] 신논현역·논현역 (primary=KEY_2)
2026-06-02 00:21:41,576 [INFO] [99/121] 신도림역 (primary=KEY_3)
2026-06-02 00:21:42,754 [INFO] [100/121] 신림역 (primary=KEY_4)
2026-06-02 00:21:44,947 [INFO] [101/121] 신정네거리역 (primary=KEY_1)
2026-06-02 00:21:47,022 [INFO] [102/121] 신촌·이대역 (primary=KEY_2)
2026-06-02 00:21:49,013 [INFO] [103/121] 쌍문역 (primary=KEY_3)
2026-06-02 00:21:50,591 [INFO] [104/121] 양재역 (primary=KEY_4)
2026-06-02 00:21:51,973 [INFO] [105/121] 역삼역 (primary=KEY_1)
2026-06-02 00:21:53,557 [INFO] [106/121] 연신내역 (primary=KEY_2)
2026-06-02 00:21:54,964 [INFO] [107/121] 오목교역·목동운동장 (primary=KEY_3)
2026-06-02 00:21:57,145 [INFO] [108/121] 왕십리역 (primary=KEY_4)
2026-06-02 00:21:58,929 [INFO] [109/121] 용산역 (primary=KEY_1)
2026-06-02 00:22:01,300 [INFO] [110/121] 이태원역 (primary=KEY_2)
2026-06-02 00:22:02,557 [INFO] [111/121] 잠실새내역 (primary=KEY_3)
2026-06-02 00:22:03,921 [INFO] [112/121] 잠실역 (primary=KEY_4)
2026-06-02 00:22:05,703 [INFO] [113/121] 장지역 (primary=KEY_1)
2026-06-02 00:22:08,359 [INFO] [114/121] 장한평역 (primary=KEY_2)
2026-06-02 00:22:09,749 [INFO] [115/121] 천호역 (primary=KEY_3)
2026-06-02 00:22:11,138 [INFO] [116/121] 총신대입구(이수)역 (primary=KEY_4)
2026-06-02 00:22:12,501 [INFO] [117/121] 충정로역 (primary=KEY_1)
2026-06-02 00:22:14,705 [INFO] [118/121] 합정역 (primary=KEY_2)
2026-06-02 00:22:16,725 [INFO] [119/121] 혜화역 (primary=KEY_3)
2026-06-02 00:22:18,278 [INFO] [120/121] 홍대입구역(2호선) (primary=KEY_4)
2026-06-02 00:22:19,656 [INFO] [121/121] 회기역 (primary=KEY_1)
2026-06-02 00:22:21,689 [INFO] === 수집 완료 | 성공 121, 실패 0 ===
2026-06-02 00:22:21,689 [INFO] 카테고리별 저장 결과:
2026-06-02 00:22:21,689 [INFO]    accident                  | 신규     1행 | 누적      1행 | 16컬럼
2026-06-02 00:22:21,689 [INFO]    area_meta                 | 신규   121행 | 누적    121행 | 5컬럼
2026-06-02 00:22:21,689 [INFO]    bike                      | 신규    10행 | 누적     10행 | 12컬럼
2026-06-02 00:22:21,689 [INFO]    bike_sbike_stts           | 신규   557행 | 누적    557행 | 12컬럼
2026-06-02 00:22:21,689 [INFO]    bus                       | 신규     3행 | 누적      3행 | 11컬럼
2026-06-02 00:22:21,689 [INFO]    bus_bus_stn_stts          | 신규  1745행 | 누적   1745행 | 11컬럼
2026-06-02 00:22:21,689 [INFO]    charger                   | 신규     4행 | 누적      4행 | 15컬럼
2026-06-02 00:22:21,689 [INFO]    charger_charger_stts      | 신규  1902행 | 누적   1902행 | 15컬럼
2026-06-02 00:22:21,689 [INFO]    cmrcl                     | 신규    82행 | 누적     82행 | 20컬럼
2026-06-02 00:22:21,690 [INFO]    events                    | 신규    10행 | 누적     10행 | 14컬럼
2026-06-02 00:22:21,690 [INFO]    events_event_stts         | 신규   153행 | 누적    153행 | 14컬럼
2026-06-02 00:22:21,690 [INFO]    parking                   | 신규     6행 | 누적      6행 | 21컬럼
2026-06-02 00:22:21,690 [INFO]    parking_prk_stts          | 신규  1835행 | 누적   1835행 | 21컬럼
2026-06-02 00:22:21,690 [INFO]    ppltn                     | 신규   121행 | 누적    121행 | 26컬럼
2026-06-02 00:22:21,690 [INFO]    road                      | 신규   121행 | 누적    121행 | 21컬럼
2026-06-02 00:22:21,690 [INFO]    road_road_traffic_stts    | 신규  5254행 | 누적   5254행 | 17컬럼
2026-06-02 00:22:21,690 [INFO]    subway                    | 신규    38행 | 누적     38행 | 12컬럼
2026-06-02 00:22:21,690 [INFO]    subway_sub_stts           | 신규   183행 | 누적    183행 | 13컬럼
2026-06-02 00:22:21,690 [INFO]    weather                   | 신규   119행 | 누적    119행 | 30컬럼
2026-06-02 00:22:21,690 [INFO] 키별 사용량:
2026-06-02 00:22:21,690 [INFO]    🟢 KEY_1 (31/1000) 
2026-06-02 00:22:21,690 [INFO]    🟢 KEY_2 (30/1000) 
2026-06-02 00:22:21,690 [INFO]    🟢 KEY_3 (30/1000) 
2026-06-02 00:22:21,690 [INFO]    🟢 KEY_4 (30/1000) 
2026-06-02 03:14:01,492 [INFO] 등록된 키: 4개, 합산 한도 4,000건/일
2026-06-02 03:14:01,493 [INFO] POI 로드: 매뉴얼 v8.5 기준 fallback 121개 (121개 전체)
2026-06-02 03:14:01,493 [INFO] === 수집 시작 2026-06-02T03:14:01.493296+09:00 ===
2026-06-02 03:14:01,493 [INFO] 대상 장소: 121개 | API: citydata (통합)
2026-06-02 03:14:01,493 [INFO] 키 풀: 4/4 활성 | 오늘 사용 0/4000건
2026-06-02 03:14:01,493 [INFO]   [KEY_1] 담당 31장소
2026-06-02 03:14:01,493 [INFO]   [KEY_2] 담당 30장소
2026-06-02 03:14:01,493 [INFO]   [KEY_3] 담당 30장소
2026-06-02 03:14:01,493 [INFO]   [KEY_4] 담당 30장소
2026-06-02 03:14:01,493 [INFO] [1/121] 경복궁 (primary=KEY_1)
2026-06-02 03:14:03,666 [INFO] [2/121] 광화문·덕수궁 (primary=KEY_2)
2026-06-02 03:14:06,310 [INFO] [3/121] 보신각 (primary=KEY_3)
2026-06-02 03:14:07,682 [INFO] [4/121] 서울 암사동 유적 (primary=KEY_4)
2026-06-02 03:14:08,847 [INFO] [5/121] 창덕궁·종묘 (primary=KEY_1)
2026-06-02 03:14:10,807 [INFO] [6/121] 강남 MICE 관광특구 (primary=KEY_2)
2026-06-02 03:14:13,193 [INFO] [7/121] 동대문 관광특구 (primary=KEY_3)
2026-06-02 03:14:14,854 [INFO] [8/121] 명동 관광특구 (primary=KEY_4)
2026-06-02 03:14:17,381 [INFO] [9/121] 이태원 관광특구 (primary=KEY_1)
2026-06-02 03:14:18,787 [INFO] [10/121] 잠실 관광특구 (primary=KEY_2)
2026-06-02 03:14:21,395 [INFO] [11/121] 종로·청계 관광특구 (primary=KEY_3)
2026-06-02 03:14:23,597 [INFO] [12/121] 홍대 관광특구 (primary=KEY_4)
2026-06-02 03:14:26,019 [INFO] [13/121] 강서한강공원 (primary=KEY_1)
2026-06-02 03:14:27,182 [INFO] [14/121] 고척돔 (primary=KEY_2)
2026-06-02 03:14:29,017 [INFO] [15/121] 광나루한강공원 (primary=KEY_3)
2026-06-02 03:14:31,043 [INFO] [16/121] 광화문광장 (primary=KEY_4)
2026-06-02 03:14:33,102 [INFO] [17/121] 국립중앙박물관·용산가족공원 (primary=KEY_1)
2026-06-02 03:14:35,242 [INFO] [18/121] 난지한강공원 (primary=KEY_2)
2026-06-02 03:14:37,006 [INFO] [19/121] 남산공원 (primary=KEY_3)
2026-06-02 03:14:39,178 [INFO] [20/121] 노들섬 (primary=KEY_4)
2026-06-02 03:14:41,007 [INFO] [21/121] 뚝섬한강공원 (primary=KEY_1)
2026-06-02 03:14:42,179 [INFO] [22/121] 망원한강공원 (primary=KEY_2)
2026-06-02 03:14:43,556 [INFO] [23/121] 반포한강공원 (primary=KEY_3)
2026-06-02 03:14:45,509 [INFO] [24/121] 보라매공원 (primary=KEY_4)
2026-06-02 03:14:47,293 [INFO] [25/121] 북서울꿈의숲 (primary=KEY_1)
2026-06-02 03:14:49,448 [INFO] [26/121] 서대문독립공원 (primary=KEY_2)
2026-06-02 03:14:50,632 [INFO] [27/121] 서리풀공원·몽마르뜨공원 (primary=KEY_3)
2026-06-02 03:14:52,528 [INFO] [28/121] 서울대공원 (primary=KEY_4)
2026-06-02 03:14:53,676 [INFO] [29/121] 서울숲공원 (primary=KEY_1)
2026-06-02 03:14:55,045 [INFO] [30/121] 송현녹지광장 (primary=KEY_2)
2026-06-02 03:14:56,456 [INFO] [31/121] 아차산 (primary=KEY_3)
2026-06-02 03:14:57,605 [INFO] [32/121] 안양천 (primary=KEY_4)
2026-06-02 03:14:58,764 [INFO] [33/121] 양화한강공원 (primary=KEY_1)
2026-06-02 03:15:00,120 [INFO] [34/121] 어린이대공원 (primary=KEY_2)
2026-06-02 03:15:01,499 [INFO] [35/121] 여의도한강공원 (primary=KEY_3)
2026-06-02 03:15:03,556 [INFO] [36/121] 여의서로 (primary=KEY_4)
2026-06-02 03:15:04,931 [INFO] [37/121] 올림픽공원 (primary=KEY_1)
2026-06-02 03:15:06,277 [INFO] [38/121] 월드컵공원 (primary=KEY_2)
2026-06-02 03:15:07,896 [INFO] [39/121] 응봉산 (primary=KEY_3)
2026-06-02 03:15:09,259 [INFO] [40/121] 이촌한강공원 (primary=KEY_4)
2026-06-02 03:15:10,430 [INFO] [41/121] 잠실종합운동장 (primary=KEY_1)
2026-06-02 03:15:12,256 [INFO] [42/121] 잠실한강공원 (primary=KEY_2)
2026-06-02 03:15:13,408 [INFO] [43/121] 잠원한강공원 (primary=KEY_3)
2026-06-02 03:15:14,560 [INFO] [44/121] 청계산 (primary=KEY_4)
2026-06-02 03:15:16,305 [INFO] [45/121] 홍제폭포 (primary=KEY_1)
2026-06-02 03:15:17,467 [INFO] [46/121] 가락시장 (primary=KEY_2)
2026-06-02 03:15:18,865 [INFO] [47/121] 가로수길 (primary=KEY_3)
2026-06-02 03:15:20,233 [INFO] [48/121] 광장(전통)시장 (primary=KEY_4)
2026-06-02 03:15:21,390 [INFO] [49/121] 김포공항 (primary=KEY_1)
2026-06-02 03:15:22,756 [INFO] [50/121] 남대문시장 (primary=KEY_2)
2026-06-02 03:15:24,123 [INFO] [51/121] 노량진 (primary=KEY_3)
2026-06-02 03:15:26,303 [INFO] [52/121] 덕수궁길·정동길 (primary=KEY_4)
2026-06-02 03:15:27,667 [INFO] [53/121] 북창동 먹자골목 (primary=KEY_1)
2026-06-02 03:15:29,007 [INFO] [54/121] 북촌한옥마을 (primary=KEY_2)
2026-06-02 03:15:30,569 [INFO] [55/121] 서촌 (primary=KEY_3)
2026-06-02 03:15:31,924 [INFO] [56/121] 성수카페거리 (primary=KEY_4)
2026-06-02 03:15:33,530 [INFO] [57/121] 송리단길·호수단길 (primary=KEY_1)
2026-06-02 03:15:35,507 [INFO] [58/121] 신촌 스타광장 (primary=KEY_2)
2026-06-02 03:15:36,680 [INFO] [59/121] 압구정로데오거리 (primary=KEY_3)
2026-06-02 03:15:38,085 [INFO] [60/121] 여의도 (primary=KEY_4)
2026-06-02 03:15:40,306 [INFO] [61/121] 연남동 (primary=KEY_1)
2026-06-02 03:15:42,355 [INFO] [62/121] 영등포 타임스퀘어 (primary=KEY_2)
2026-06-02 03:15:43,711 [INFO] [63/121] 용리단길 (primary=KEY_3)
2026-06-02 03:15:45,487 [INFO] [64/121] 이태원 앤틱가구거리 (primary=KEY_4)
2026-06-02 03:15:46,696 [INFO] [65/121] 익선동 (primary=KEY_1)
2026-06-02 03:15:48,136 [INFO] [66/121] 인사동 (primary=KEY_2)
2026-06-02 03:15:49,521 [INFO] [67/121] 잠실롯데타워·석촌호수 (primary=KEY_3)
2026-06-02 03:15:51,292 [INFO] [68/121] 창동 신경제 중심지 (primary=KEY_4)
2026-06-02 03:15:53,083 [INFO] [69/121] 청담동 명품거리 (primary=KEY_1)
2026-06-02 03:15:54,463 [INFO] [70/121] 청량리 제기동 일대 전통시장 (primary=KEY_2)
2026-06-02 03:15:55,919 [INFO] [71/121] 해방촌·경리단길 (primary=KEY_3)
2026-06-02 03:15:57,087 [INFO] [72/121] DDP(동대문디자인플라자) (primary=KEY_4)
2026-06-02 03:15:58,452 [INFO] [73/121] DMC(디지털미디어시티) (primary=KEY_1)
2026-06-02 03:16:00,236 [INFO] [74/121] 가산디지털단지역 (primary=KEY_2)
2026-06-02 03:16:02,251 [INFO] [75/121] 강남역 (primary=KEY_3)
2026-06-02 03:16:03,844 [INFO] [76/121] 건대입구역 (primary=KEY_4)
2026-06-02 03:16:05,218 [INFO] [77/121] 고덕역 (primary=KEY_1)
2026-06-02 03:16:06,583 [INFO] [78/121] 고속터미널역 (primary=KEY_2)
2026-06-02 03:16:07,958 [INFO] [79/121] 교대역 (primary=KEY_3)
2026-06-02 03:16:09,151 [INFO] [80/121] 구로디지털단지역 (primary=KEY_4)
2026-06-02 03:16:10,718 [INFO] [81/121] 구로역 (primary=KEY_1)
2026-06-02 03:16:13,241 [INFO] [82/121] 군자역 (primary=KEY_2)
2026-06-02 03:16:14,408 [INFO] [83/121] 대림역 (primary=KEY_3)
2026-06-02 03:16:15,773 [INFO] [84/121] 동대문역 (primary=KEY_4)
2026-06-02 03:16:17,133 [INFO] [85/121] 뚝섬역 (primary=KEY_1)
2026-06-02 03:16:18,519 [INFO] [86/121] 미아사거리역 (primary=KEY_2)
2026-06-02 03:16:19,904 [INFO] [87/121] 발산역 (primary=KEY_3)
2026-06-02 03:16:21,666 [INFO] [88/121] 사당역 (primary=KEY_4)
2026-06-02 03:16:23,048 [INFO] [89/121] 삼각지역 (primary=KEY_1)
2026-06-02 03:16:24,250 [INFO] [90/121] 서울대입구역 (primary=KEY_2)
2026-06-02 03:16:25,637 [INFO] [91/121] 서울식물원·마곡나루역 (primary=KEY_3)
2026-06-02 03:16:27,027 [INFO] [92/121] 서울역 (primary=KEY_4)
2026-06-02 03:16:28,451 [INFO] [93/121] 선릉역 (primary=KEY_1)
2026-06-02 03:16:30,278 [INFO] [94/121] 성신여대입구역 (primary=KEY_2)
2026-06-02 03:16:32,615 [INFO] [95/121] 수유역 (primary=KEY_3)
2026-06-02 03:16:34,002 [INFO] [96/121] 숭례문 (primary=KEY_4)
2026-06-02 03:16:35,393 [INFO] [97/121] 시의회 앞 (primary=KEY_1)
2026-06-02 03:16:36,790 [INFO] [98/121] 신논현역·논현역 (primary=KEY_2)
2026-06-02 03:16:38,198 [INFO] [99/121] 신도림역 (primary=KEY_3)
2026-06-02 03:16:39,403 [INFO] [100/121] 신림역 (primary=KEY_4)
2026-06-02 03:16:40,601 [INFO] [101/121] 신정네거리역 (primary=KEY_1)
2026-06-02 03:16:41,962 [INFO] [102/121] 신촌·이대역 (primary=KEY_2)
2026-06-02 03:16:43,324 [INFO] [103/121] 쌍문역 (primary=KEY_3)
2026-06-02 03:16:44,941 [INFO] [104/121] 양재역 (primary=KEY_4)
2026-06-02 03:16:46,345 [INFO] [105/121] 역삼역 (primary=KEY_1)
2026-06-02 03:16:47,962 [INFO] [106/121] 연신내역 (primary=KEY_2)
2026-06-02 03:16:49,154 [INFO] [107/121] 오목교역·목동운동장 (primary=KEY_3)
2026-06-02 03:16:51,081 [INFO] [108/121] 왕십리역 (primary=KEY_4)
2026-06-02 03:16:52,472 [INFO] [109/121] 용산역 (primary=KEY_1)
2026-06-02 03:16:54,048 [INFO] [110/121] 이태원역 (primary=KEY_2)
2026-06-02 03:16:55,208 [INFO] [111/121] 잠실새내역 (primary=KEY_3)
2026-06-02 03:16:56,666 [INFO] [112/121] 잠실역 (primary=KEY_4)
2026-06-02 03:16:58,267 [INFO] [113/121] 장지역 (primary=KEY_1)
2026-06-02 03:16:59,848 [INFO] [114/121] 장한평역 (primary=KEY_2)
2026-06-02 03:17:01,231 [INFO] [115/121] 천호역 (primary=KEY_3)
2026-06-02 03:17:02,619 [INFO] [116/121] 총신대입구(이수)역 (primary=KEY_4)
2026-06-02 03:17:04,007 [INFO] [117/121] 충정로역 (primary=KEY_1)
2026-06-02 03:17:05,400 [INFO] [118/121] 합정역 (primary=KEY_2)
2026-06-02 03:17:06,818 [INFO] [119/121] 혜화역 (primary=KEY_3)
2026-06-02 03:17:08,201 [INFO] [120/121] 홍대입구역(2호선) (primary=KEY_4)
2026-06-02 03:17:09,577 [INFO] [121/121] 회기역 (primary=KEY_1)
2026-06-02 03:17:11,682 [INFO] === 수집 완료 | 성공 121, 실패 0 ===
2026-06-02 03:17:11,682 [INFO] 카테고리별 저장 결과:
2026-06-02 03:17:11,682 [INFO]    area_meta                 | 신규   121행 | 누적    242행 | 5컬럼
2026-06-02 03:17:11,682 [INFO]    bike                      | 신규    10행 | 누적     20행 | 12컬럼
2026-06-02 03:17:11,682 [INFO]    bike_sbike_stts           | 신규   557행 | 누적   1114행 | 12컬럼
2026-06-02 03:17:11,682 [INFO]    bus                       | 신규     3행 | 누적      6행 | 11컬럼
2026-06-02 03:17:11,683 [INFO]    bus_bus_stn_stts          | 신규  1745행 | 누적   3490행 | 11컬럼
2026-06-02 03:17:11,683 [INFO]    charger                   | 신규     4행 | 누적      8행 | 15컬럼
2026-06-02 03:17:11,683 [INFO]    charger_charger_stts      | 신규  1902행 | 누적   3774행 | 15컬럼
2026-06-02 03:17:11,683 [INFO]    cmrcl                     | 신규    82행 | 누적    164행 | 20컬럼
2026-06-02 03:17:11,683 [INFO]    events                    | 신규    10행 | 누적     20행 | 14컬럼
2026-06-02 03:17:11,683 [INFO]    events_event_stts         | 신규   153행 | 누적    306행 | 14컬럼
2026-06-02 03:17:11,683 [INFO]    parking                   | 신규     6행 | 누적     12행 | 21컬럼
2026-06-02 03:17:11,683 [INFO]    parking_prk_stts          | 신규  1835행 | 누적   3670행 | 21컬럼
2026-06-02 03:17:11,683 [INFO]    ppltn                     | 신규   121행 | 누적    242행 | 26컬럼
2026-06-02 03:17:11,683 [INFO]    road                      | 신규   121행 | 누적    242행 | 21컬럼
2026-06-02 03:17:11,683 [INFO]    road_road_traffic_stts    | 신규  5254행 | 누적  10508행 | 17컬럼
2026-06-02 03:17:11,683 [INFO]    subway                    | 신규    38행 | 누적     76행 | 12컬럼
2026-06-02 03:17:11,683 [INFO]    subway_sub_stts           | 신규   183행 | 누적    366행 | 13컬럼
2026-06-02 03:17:11,683 [INFO]    weather                   | 신규   119행 | 누적    238행 | 30컬럼
2026-06-02 03:17:11,683 [INFO] 키별 사용량:
2026-06-02 03:17:11,683 [INFO]    🟢 KEY_1 (31/1000) 
2026-06-02 03:17:11,683 [INFO]    🟢 KEY_2 (30/1000) 
2026-06-02 03:17:11,683 [INFO]    🟢 KEY_3 (30/1000) 
2026-06-02 03:17:11,683 [INFO]    🟢 KEY_4 (30/1000) 
2026-06-02 05:35:19,718 [INFO] 등록된 키: 4개, 합산 한도 4,000건/일
2026-06-02 05:35:19,719 [INFO] POI 로드: 매뉴얼 v8.5 기준 fallback 121개 (121개 전체)
2026-06-02 05:35:19,719 [INFO] === 수집 시작 2026-06-02T05:35:19.719121+09:00 ===
2026-06-02 05:35:19,719 [INFO] 대상 장소: 121개 | API: citydata (통합)
2026-06-02 05:35:19,719 [INFO] 키 풀: 4/4 활성 | 오늘 사용 0/4000건
2026-06-02 05:35:19,719 [INFO]   [KEY_1] 담당 31장소
2026-06-02 05:35:19,719 [INFO]   [KEY_2] 담당 30장소
2026-06-02 05:35:19,719 [INFO]   [KEY_3] 담당 30장소
2026-06-02 05:35:19,719 [INFO]   [KEY_4] 담당 30장소
2026-06-02 05:35:19,719 [INFO] [1/121] 경복궁 (primary=KEY_1)
2026-06-02 05:35:21,721 [INFO] [2/121] 광화문·덕수궁 (primary=KEY_2)
2026-06-02 05:35:23,157 [INFO] [3/121] 보신각 (primary=KEY_3)
2026-06-02 05:35:25,162 [INFO] [4/121] 서울 암사동 유적 (primary=KEY_4)
2026-06-02 05:35:26,695 [INFO] [5/121] 창덕궁·종묘 (primary=KEY_1)
2026-06-02 05:35:28,540 [INFO] [6/121] 강남 MICE 관광특구 (primary=KEY_2)
2026-06-02 05:35:30,518 [INFO] [7/121] 동대문 관광특구 (primary=KEY_3)
2026-06-02 05:35:32,792 [INFO] [8/121] 명동 관광특구 (primary=KEY_4)
2026-06-02 05:35:34,854 [INFO] [9/121] 이태원 관광특구 (primary=KEY_1)
2026-06-02 05:35:36,597 [INFO] [10/121] 잠실 관광특구 (primary=KEY_2)
2026-06-02 05:35:38,201 [INFO] [11/121] 종로·청계 관광특구 (primary=KEY_3)
2026-06-02 05:35:39,562 [INFO] [12/121] 홍대 관광특구 (primary=KEY_4)
2026-06-02 05:35:40,893 [INFO] [13/121] 강서한강공원 (primary=KEY_1)
2026-06-02 05:35:41,889 [INFO] [14/121] 고척돔 (primary=KEY_2)
2026-06-02 05:35:42,887 [INFO] [15/121] 광나루한강공원 (primary=KEY_3)
2026-06-02 05:35:44,002 [INFO] [16/121] 광화문광장 (primary=KEY_4)
2026-06-02 05:35:45,691 [INFO] [17/121] 국립중앙박물관·용산가족공원 (primary=KEY_1)
2026-06-02 05:35:46,693 [INFO] [18/121] 난지한강공원 (primary=KEY_2)
2026-06-02 05:35:47,677 [INFO] [19/121] 남산공원 (primary=KEY_3)
2026-06-02 05:35:49,000 [INFO] [20/121] 노들섬 (primary=KEY_4)
2026-06-02 05:35:49,994 [INFO] [21/121] 뚝섬한강공원 (primary=KEY_1)
2026-06-02 05:35:50,981 [INFO] [22/121] 망원한강공원 (primary=KEY_2)
2026-06-02 05:35:52,126 [INFO] [23/121] 반포한강공원 (primary=KEY_3)
2026-06-02 05:35:53,128 [INFO] [24/121] 보라매공원 (primary=KEY_4)
2026-06-02 05:35:54,136 [INFO] [25/121] 북서울꿈의숲 (primary=KEY_1)
2026-06-02 05:35:55,256 [INFO] [26/121] 서대문독립공원 (primary=KEY_2)
2026-06-02 05:35:56,261 [INFO] [27/121] 서리풀공원·몽마르뜨공원 (primary=KEY_3)
2026-06-02 05:35:57,441 [INFO] [28/121] 서울대공원 (primary=KEY_4)
2026-06-02 05:35:58,400 [INFO] [29/121] 서울숲공원 (primary=KEY_1)
2026-06-02 05:35:59,555 [INFO] [30/121] 송현녹지광장 (primary=KEY_2)
2026-06-02 05:36:00,673 [INFO] [31/121] 아차산 (primary=KEY_3)
2026-06-02 05:36:01,643 [INFO] [32/121] 안양천 (primary=KEY_4)
2026-06-02 05:36:02,629 [INFO] [33/121] 양화한강공원 (primary=KEY_1)
2026-06-02 05:36:03,600 [INFO] [34/121] 어린이대공원 (primary=KEY_2)
2026-06-02 05:36:04,721 [INFO] [35/121] 여의도한강공원 (primary=KEY_3)
2026-06-02 05:36:05,888 [INFO] [36/121] 여의서로 (primary=KEY_4)
2026-06-02 05:36:07,011 [INFO] [37/121] 올림픽공원 (primary=KEY_1)
2026-06-02 05:36:08,282 [INFO] [38/121] 월드컵공원 (primary=KEY_2)
2026-06-02 05:36:09,587 [INFO] [39/121] 응봉산 (primary=KEY_3)
2026-06-02 05:36:10,704 [INFO] [40/121] 이촌한강공원 (primary=KEY_4)
2026-06-02 05:36:11,707 [INFO] [41/121] 잠실종합운동장 (primary=KEY_1)
2026-06-02 05:36:12,691 [INFO] [42/121] 잠실한강공원 (primary=KEY_2)
2026-06-02 05:36:13,689 [INFO] [43/121] 잠원한강공원 (primary=KEY_3)
2026-06-02 05:36:14,652 [INFO] [44/121] 청계산 (primary=KEY_4)
2026-06-02 05:36:15,604 [INFO] [45/121] 홍제폭포 (primary=KEY_1)
2026-06-02 05:36:16,584 [INFO] [46/121] 가락시장 (primary=KEY_2)
2026-06-02 05:36:17,724 [INFO] [47/121] 가로수길 (primary=KEY_3)
2026-06-02 05:36:18,877 [INFO] [48/121] 광장(전통)시장 (primary=KEY_4)
2026-06-02 05:36:19,870 [INFO] [49/121] 김포공항 (primary=KEY_1)
2026-06-02 05:36:21,191 [INFO] [50/121] 남대문시장 (primary=KEY_2)
2026-06-02 05:36:22,317 [INFO] [51/121] 노량진 (primary=KEY_3)
2026-06-02 05:36:23,461 [INFO] [52/121] 덕수궁길·정동길 (primary=KEY_4)
2026-06-02 05:36:24,599 [INFO] [53/121] 북창동 먹자골목 (primary=KEY_1)
2026-06-02 05:36:25,738 [INFO] [54/121] 북촌한옥마을 (primary=KEY_2)
2026-06-02 05:36:27,007 [INFO] [55/121] 서촌 (primary=KEY_3)
2026-06-02 05:36:28,142 [INFO] [56/121] 성수카페거리 (primary=KEY_4)
2026-06-02 05:36:29,432 [INFO] [57/121] 송리단길·호수단길 (primary=KEY_1)
2026-06-02 05:36:30,578 [INFO] [58/121] 신촌 스타광장 (primary=KEY_2)
2026-06-02 05:36:31,555 [INFO] [59/121] 압구정로데오거리 (primary=KEY_3)
2026-06-02 05:36:32,690 [INFO] [60/121] 여의도 (primary=KEY_4)
2026-06-02 05:36:34,507 [INFO] [61/121] 연남동 (primary=KEY_1)
2026-06-02 05:36:35,633 [INFO] [62/121] 영등포 타임스퀘어 (primary=KEY_2)
2026-06-02 05:36:36,761 [INFO] [63/121] 용리단길 (primary=KEY_3)
2026-06-02 05:36:37,871 [INFO] [64/121] 이태원 앤틱가구거리 (primary=KEY_4)
2026-06-02 05:36:38,989 [INFO] [65/121] 익선동 (primary=KEY_1)
2026-06-02 05:36:40,710 [INFO] [66/121] 인사동 (primary=KEY_2)
2026-06-02 05:36:42,012 [INFO] [67/121] 잠실롯데타워·석촌호수 (primary=KEY_3)
2026-06-02 05:36:43,471 [INFO] [68/121] 창동 신경제 중심지 (primary=KEY_4)
2026-06-02 05:36:44,959 [INFO] [69/121] 청담동 명품거리 (primary=KEY_1)
2026-06-02 05:36:46,094 [INFO] [70/121] 청량리 제기동 일대 전통시장 (primary=KEY_2)
2026-06-02 05:36:47,271 [INFO] [71/121] 해방촌·경리단길 (primary=KEY_3)
2026-06-02 05:36:48,252 [INFO] [72/121] DDP(동대문디자인플라자) (primary=KEY_4)
2026-06-02 05:36:49,423 [INFO] [73/121] DMC(디지털미디어시티) (primary=KEY_1)
2026-06-02 05:36:50,885 [INFO] [74/121] 가산디지털단지역 (primary=KEY_2)
2026-06-02 05:36:52,478 [INFO] [75/121] 강남역 (primary=KEY_3)
2026-06-02 05:36:53,805 [INFO] [76/121] 건대입구역 (primary=KEY_4)
2026-06-02 05:36:56,055 [INFO] [77/121] 고덕역 (primary=KEY_1)
2026-06-02 05:36:57,198 [INFO] [78/121] 고속터미널역 (primary=KEY_2)
2026-06-02 05:36:58,354 [INFO] [79/121] 교대역 (primary=KEY_3)
2026-06-02 05:36:59,528 [INFO] [80/121] 구로디지털단지역 (primary=KEY_4)
2026-06-02 05:37:00,929 [INFO] [81/121] 구로역 (primary=KEY_1)
2026-06-02 05:37:02,081 [INFO] [82/121] 군자역 (primary=KEY_2)
2026-06-02 05:37:03,218 [INFO] [83/121] 대림역 (primary=KEY_3)
2026-06-02 05:37:04,363 [INFO] [84/121] 동대문역 (primary=KEY_4)
2026-06-02 05:37:05,512 [INFO] [85/121] 뚝섬역 (primary=KEY_1)
2026-06-02 05:37:06,656 [INFO] [86/121] 미아사거리역 (primary=KEY_2)
2026-06-02 05:37:07,780 [INFO] [87/121] 발산역 (primary=KEY_3)
2026-06-02 05:37:09,213 [INFO] [88/121] 사당역 (primary=KEY_4)
2026-06-02 05:37:10,360 [INFO] [89/121] 삼각지역 (primary=KEY_1)
2026-06-02 05:37:11,519 [INFO] [90/121] 서울대입구역 (primary=KEY_2)
2026-06-02 05:37:12,665 [INFO] [91/121] 서울식물원·마곡나루역 (primary=KEY_3)
2026-06-02 05:37:13,959 [INFO] [92/121] 서울역 (primary=KEY_4)
2026-06-02 05:37:15,302 [INFO] [93/121] 선릉역 (primary=KEY_1)
2026-06-02 05:37:16,779 [INFO] [94/121] 성신여대입구역 (primary=KEY_2)
2026-06-02 05:37:17,841 [INFO] [95/121] 수유역 (primary=KEY_3)
2026-06-02 05:37:18,988 [INFO] [96/121] 숭례문 (primary=KEY_4)
2026-06-02 05:37:20,138 [INFO] [97/121] 시의회 앞 (primary=KEY_1)
2026-06-02 05:37:21,307 [INFO] [98/121] 신논현역·논현역 (primary=KEY_2)
2026-06-02 05:37:22,452 [INFO] [99/121] 신도림역 (primary=KEY_3)
2026-06-02 05:37:23,457 [INFO] [100/121] 신림역 (primary=KEY_4)
2026-06-02 05:37:25,283 [INFO] [101/121] 신정네거리역 (primary=KEY_1)
2026-06-02 05:37:26,983 [INFO] [102/121] 신촌·이대역 (primary=KEY_2)
2026-06-02 05:37:28,124 [INFO] [103/121] 쌍문역 (primary=KEY_3)
2026-06-02 05:37:29,855 [INFO] [104/121] 양재역 (primary=KEY_4)
2026-06-02 05:37:31,547 [INFO] [105/121] 역삼역 (primary=KEY_1)
2026-06-02 05:37:33,374 [INFO] [106/121] 연신내역 (primary=KEY_2)
2026-06-02 05:37:34,970 [INFO] [107/121] 오목교역·목동운동장 (primary=KEY_3)
2026-06-02 05:37:36,577 [INFO] [108/121] 왕십리역 (primary=KEY_4)
2026-06-02 05:37:38,469 [INFO] [109/121] 용산역 (primary=KEY_1)
2026-06-02 05:37:39,733 [INFO] [110/121] 이태원역 (primary=KEY_2)
2026-06-02 05:37:41,357 [INFO] [111/121] 잠실새내역 (primary=KEY_3)
2026-06-02 05:37:42,496 [INFO] [112/121] 잠실역 (primary=KEY_4)
2026-06-02 05:37:43,782 [INFO] [113/121] 장지역 (primary=KEY_1)
2026-06-02 05:37:45,066 [INFO] [114/121] 장한평역 (primary=KEY_2)
2026-06-02 05:37:46,225 [INFO] [115/121] 천호역 (primary=KEY_3)
2026-06-02 05:37:47,366 [INFO] [116/121] 총신대입구(이수)역 (primary=KEY_4)
2026-06-02 05:37:49,057 [INFO] [117/121] 충정로역 (primary=KEY_1)
2026-06-02 05:37:50,208 [INFO] [118/121] 합정역 (primary=KEY_2)
2026-06-02 05:37:51,371 [INFO] [119/121] 혜화역 (primary=KEY_3)
2026-06-02 05:37:52,507 [INFO] [120/121] 홍대입구역(2호선) (primary=KEY_4)
2026-06-02 05:37:53,687 [INFO] [121/121] 회기역 (primary=KEY_1)
2026-06-02 05:37:55,757 [INFO] === 수집 완료 | 성공 121, 실패 0 ===
2026-06-02 05:37:55,757 [INFO] 카테고리별 저장 결과:
2026-06-02 05:37:55,757 [INFO]    accident                  | 신규     1행 | 누적      2행 | 16컬럼
2026-06-02 05:37:55,757 [INFO]    area_meta                 | 신규   121행 | 누적    363행 | 5컬럼
2026-06-02 05:37:55,758 [INFO]    bike                      | 신규    10행 | 누적     30행 | 12컬럼
2026-06-02 05:37:55,758 [INFO]    bike_sbike_stts           | 신규   557행 | 누적   1671행 | 12컬럼
2026-06-02 05:37:55,758 [INFO]    bus                       | 신규     3행 | 누적      9행 | 11컬럼
2026-06-02 05:37:55,758 [INFO]    bus_bus_stn_stts          | 신규  1745행 | 누적   5235행 | 11컬럼
2026-06-02 05:37:55,758 [INFO]    charger                   | 신규     4행 | 누적     12행 | 15컬럼
2026-06-02 05:37:55,758 [INFO]    charger_charger_stts      | 신규  1902행 | 누적   5661행 | 15컬럼
2026-06-02 05:37:55,758 [INFO]    cmrcl                     | 신규    82행 | 누적    246행 | 20컬럼
2026-06-02 05:37:55,758 [INFO]    events                    | 신규     9행 | 누적     29행 | 14컬럼
2026-06-02 05:37:55,758 [INFO]    events_event_stts         | 신규   156행 | 누적    462행 | 14컬럼
2026-06-02 05:37:55,758 [INFO]    parking                   | 신규     6행 | 누적     18행 | 21컬럼
2026-06-02 05:37:55,758 [INFO]    parking_prk_stts          | 신규  1835행 | 누적   5505행 | 21컬럼
2026-06-02 05:37:55,758 [INFO]    ppltn                     | 신규   121행 | 누적    363행 | 26컬럼
2026-06-02 05:37:55,758 [INFO]    road                      | 신규   121행 | 누적    363행 | 21컬럼
2026-06-02 05:37:55,758 [INFO]    road_road_traffic_stts    | 신규  5254행 | 누적  15762행 | 17컬럼
2026-06-02 05:37:55,758 [INFO]    subway                    | 신규    38행 | 누적    114행 | 12컬럼
2026-06-02 05:37:55,758 [INFO]    subway_sub_stts           | 신규   183행 | 누적    549행 | 13컬럼
2026-06-02 05:37:55,758 [INFO]    weather                   | 신규   119행 | 누적    357행 | 30컬럼
2026-06-02 05:37:55,759 [INFO] 키별 사용량:
2026-06-02 05:37:55,759 [INFO]    🟢 KEY_1 (31/1000) 
2026-06-02 05:37:55,759 [INFO]    🟢 KEY_2 (30/1000) 
2026-06-02 05:37:55,759 [INFO]    🟢 KEY_3 (30/1000) 
2026-06-02 05:37:55,759 [INFO]    🟢 KEY_4 (30/1000) 
