2026-05-10 22:56:17,561 [INFO] 등록된 키: 1개, 합산 한도 1,000건/일
2026-05-10 22:56:17,561 [INFO] === 수집 시작 2026-05-10T22:56:17.561510+09:00 ===
2026-05-10 22:56:17,561 [INFO] 대상 장소: 1개
2026-05-10 22:56:17,561 [INFO] 키 풀: 1/1 활성 | 오늘 사용 0/1000건
2026-05-10 22:56:17,561 [INFO]   [KEY_1] 담당 1장소
2026-05-10 22:56:17,561 [INFO] [1/1] 광화문·덕수궁 (primary=KEY_1)
2026-05-10 22:56:20,815 [INFO] === 수집 완료 | 성공 1, 실패 0 | 저장 → /Users/sc.park/Desktop/3_KAIST/2026-Spring/2_인공지능/2_TeamProject/food_truck_dss/raw/realtime/2026-05-10.parquet ===
2026-05-10 22:56:20,815 [INFO] 키별 사용량:
2026-05-10 22:56:20,815 [INFO]   🟢 KEY_1 (1/1000) 
2026-05-10 23:01:42,943 [INFO] 등록된 키: 1개, 합산 한도 1,000건/일
2026-05-10 23:01:42,944 [INFO] === 수집 시작 2026-05-10T23:01:42.944246+09:00 ===
2026-05-10 23:01:42,944 [INFO] 대상 장소: 1개
2026-05-10 23:01:42,944 [INFO] 키 풀: 1/1 활성 | 오늘 사용 0/1000건
2026-05-10 23:01:42,944 [INFO]   [KEY_1] 담당 1장소
2026-05-10 23:01:42,944 [INFO] [1/1] 광화문·덕수궁 (primary=KEY_1)
2026-05-10 23:01:43,571 [INFO] === 수집 완료 | 성공 1, 실패 0 | 저장 → /Users/sc.park/Desktop/3_KAIST/2026-Spring/2_인공지능/2_TeamProject/food_truck_dss/raw/realtime/2026-05-10.csv ===
2026-05-10 23:01:43,571 [INFO] 키별 사용량:
2026-05-10 23:01:43,572 [INFO]   🟢 KEY_1 (1/1000) 
2026-05-10 23:08:17,372 [INFO] 등록된 키: 1개, 합산 한도 1,000건/일
2026-05-10 23:08:17,374 [WARNING] poi_list 미발견 → fallback 75개 사용
2026-05-10 23:08:17,374 [INFO] === 수집 시작 2026-05-10T23:08:17.374458+09:00 ===
2026-05-10 23:08:17,374 [INFO] 대상 장소: 75개
2026-05-10 23:08:17,374 [INFO] 키 풀: 1/1 활성 | 오늘 사용 0/1000건
2026-05-10 23:08:17,374 [INFO]   [KEY_1] 담당 75장소
2026-05-10 23:08:17,374 [INFO] [1/75] 광화문·덕수궁 (primary=KEY_1)
2026-05-10 23:08:17,990 [INFO] [2/75] 경복궁 (primary=KEY_1)
2026-05-10 23:08:18,594 [INFO] [3/75] 창덕궁 (primary=KEY_1)
2026-05-10 23:08:19,186 [INFO] [4/75] 종묘 (primary=KEY_1)
2026-05-10 23:08:19,784 [INFO] [5/75] 남산공원 (primary=KEY_1)
2026-05-10 23:08:20,376 [INFO] [6/75] 인사동 (primary=KEY_1)
2026-05-10 23:08:20,964 [INFO] [7/75] 북촌한옥마을 (primary=KEY_1)
2026-05-10 23:08:21,577 [INFO] [8/75] 이태원역 (primary=KEY_1)
2026-05-10 23:08:22,167 [INFO] [9/75] DDP(동대문디자인플라자) (primary=KEY_1)
2026-05-10 23:08:22,764 [INFO] [10/75] 강남역 (primary=KEY_1)
2026-05-10 23:08:23,358 [INFO] [11/75] 홍대입구역(2호선) (primary=KEY_1)
2026-05-10 23:08:23,946 [INFO] [12/75] 신촌·이대역 (primary=KEY_1)
2026-05-10 23:08:24,559 [INFO] [13/75] 건대입구역 (primary=KEY_1)
2026-05-10 23:08:25,171 [INFO] [14/75] 잠실종합운동장 (primary=KEY_1)
2026-05-10 23:08:25,763 [INFO] [15/75] 잠실한강공원 (primary=KEY_1)
2026-05-10 23:08:26,356 [INFO] [16/75] 강남 MICE 관광특구 (primary=KEY_1)
2026-05-10 23:08:26,945 [INFO] [17/75] 고속터미널역 (primary=KEY_1)
2026-05-10 23:08:27,554 [INFO] [18/75] 서울역 (primary=KEY_1)
2026-05-10 23:08:28,157 [INFO] [19/75] 용산역 (primary=KEY_1)
2026-05-10 23:08:28,758 [INFO] [20/75] 여의도 (primary=KEY_1)
2026-05-10 23:08:29,377 [INFO] [21/75] 압구정로데오거리 (primary=KEY_1)
2026-05-10 23:08:29,976 [INFO] [22/75] 신사역(가로수길) (primary=KEY_1)
2026-05-10 23:08:30,586 [INFO] [23/75] 삼성역 (primary=KEY_1)
2026-05-10 23:08:31,163 [INFO] [24/75] 선릉역 (primary=KEY_1)
2026-05-10 23:08:31,765 [INFO] [25/75] 교대역 (primary=KEY_1)
2026-05-10 23:08:32,372 [INFO] [26/75] 양재역 (primary=KEY_1)
2026-05-10 23:08:32,973 [INFO] [27/75] 사당역 (primary=KEY_1)
2026-05-10 23:08:33,585 [INFO] [28/75] 신림역 (primary=KEY_1)
2026-05-10 23:08:34,186 [INFO] [29/75] 구로디지털단지역 (primary=KEY_1)
2026-05-10 23:08:34,804 [INFO] [30/75] 이화여대 (primary=KEY_1)
2026-05-10 23:08:35,415 [INFO] [31/75] 성균관대 (primary=KEY_1)
2026-05-10 23:08:36,014 [INFO] [32/75] 고려대 (primary=KEY_1)
2026-05-10 23:08:36,605 [INFO] [33/75] 한양대 (primary=KEY_1)
2026-05-10 23:08:37,204 [INFO] [34/75] 서울대입구역 (primary=KEY_1)
2026-05-10 23:08:37,796 [INFO] [35/75] 광장(전통)시장 (primary=KEY_1)
2026-05-10 23:08:38,401 [INFO] [36/75] 남대문시장 (primary=KEY_1)
2026-05-10 23:08:39,007 [INFO] [37/75] 동대문역사문화공원역 (primary=KEY_1)
2026-05-10 23:08:39,598 [INFO] [38/75] 북창동 먹자골목 (primary=KEY_1)
2026-05-10 23:08:40,194 [INFO] [39/75] 여의도한강공원 (primary=KEY_1)
2026-05-10 23:08:40,795 [INFO] [40/75] 반포한강공원 (primary=KEY_1)
2026-05-10 23:08:41,401 [INFO] [41/75] 뚝섬한강공원 (primary=KEY_1)
2026-05-10 23:08:42,006 [INFO] [42/75] 월드컵공원 (primary=KEY_1)
2026-05-10 23:08:42,604 [INFO] [43/75] 성수카페거리 (primary=KEY_1)
2026-05-10 23:08:43,197 [INFO] [44/75] 뚝섬역 (primary=KEY_1)
2026-05-10 23:08:43,791 [INFO] [45/75] 왕십리역 (primary=KEY_1)
2026-05-10 23:08:44,396 [INFO] [46/75] 용산아이파크몰 (primary=KEY_1)
2026-05-10 23:08:44,984 [INFO] [47/75] 롯데월드 (primary=KEY_1)
2026-05-10 23:08:45,573 [INFO] [48/75] 롯데월드타워(잠실) (primary=KEY_1)
2026-05-10 23:08:46,154 [INFO] [49/75] 코엑스 (primary=KEY_1)
2026-05-10 23:08:46,757 [INFO] [50/75] 강남구청역 (primary=KEY_1)
2026-05-10 23:08:47,341 [INFO] [51/75] 을지로입구역 (primary=KEY_1)
2026-05-10 23:08:47,936 [INFO] [52/75] 시청역 (primary=KEY_1)
2026-05-10 23:08:48,522 [INFO] [53/75] 광화문광장 (primary=KEY_1)
2026-05-10 23:08:49,106 [INFO] [54/75] 청계천 (primary=KEY_1)
2026-05-10 23:08:49,716 [INFO] [55/75] 서울대공원 (primary=KEY_1)
2026-05-10 23:08:50,305 [INFO] [56/75] 서울숲공원 (primary=KEY_1)
2026-05-10 23:08:50,904 [INFO] [57/75] 북서울꿈의숲 (primary=KEY_1)
2026-05-10 23:08:51,481 [INFO] [58/75] 올림픽공원 (primary=KEY_1)
2026-05-10 23:08:52,075 [INFO] [59/75] 송파나루역 (primary=KEY_1)
2026-05-10 23:08:52,681 [INFO] [60/75] 수서역 (primary=KEY_1)
2026-05-10 23:08:53,264 [INFO] [61/75] 혜화역(대학로) (primary=KEY_1)
2026-05-10 23:08:53,873 [INFO] [62/75] 노량진 (primary=KEY_1)
2026-05-10 23:08:54,478 [INFO] [63/75] 마곡지구 (primary=KEY_1)
2026-05-10 23:08:55,064 [INFO] [64/75] 디지털미디어시티역 (primary=KEY_1)
2026-05-10 23:08:55,661 [INFO] [65/75] 상암월드컵경기장 (primary=KEY_1)
2026-05-10 23:08:56,244 [INFO] [66/75] 수유역 (primary=KEY_1)
2026-05-10 23:08:56,857 [INFO] [67/75] 쌍문역 (primary=KEY_1)
2026-05-10 23:08:57,466 [INFO] [68/75] 미아사거리역 (primary=KEY_1)
2026-05-10 23:08:58,078 [INFO] [69/75] 창동역 (primary=KEY_1)
2026-05-10 23:08:58,679 [INFO] [70/75] 강서한강공원 (primary=KEY_1)
2026-05-10 23:08:59,275 [INFO] [71/75] 광나루한강공원 (primary=KEY_1)
2026-05-10 23:08:59,861 [INFO] [72/75] 잠원한강공원 (primary=KEY_1)
2026-05-10 23:09:00,442 [INFO] [73/75] 이촌한강공원 (primary=KEY_1)
2026-05-10 23:09:01,055 [INFO] [74/75] 망원한강공원 (primary=KEY_1)
2026-05-10 23:09:01,644 [INFO] [75/75] 양화한강공원 (primary=KEY_1)
2026-05-10 23:09:02,276 [INFO] === 수집 완료 | 성공 75, 실패 0 | 저장 → /Users/sc.park/Desktop/3_KAIST/2026-Spring/2_인공지능/2_TeamProject/food_truck_dss/raw/realtime/2026-05-10.csv ===
2026-05-10 23:09:02,276 [INFO] 키별 사용량:
2026-05-10 23:09:02,276 [INFO]   🟢 KEY_1 (75/1000) 
2026-05-10 23:42:58,218 [INFO] 등록된 키: 1개, 합산 한도 1,000건/일
2026-05-10 23:42:58,218 [INFO] === 수집 시작 2026-05-10T23:42:58.218574+09:00 ===
2026-05-10 23:42:58,218 [INFO] 대상 장소: 1개 | API: citydata (통합)
2026-05-10 23:42:58,218 [INFO] 키 풀: 1/1 활성 | 오늘 사용 0/1000건
2026-05-10 23:42:58,218 [INFO]   [KEY_1] 담당 1장소
2026-05-10 23:42:58,218 [INFO] [1/1] 광화문·덕수궁 (primary=KEY_1)
2026-05-10 23:42:58,997 [INFO] === 수집 완료 | 성공 1, 실패 0 ===
2026-05-10 23:42:58,997 [INFO] 카테고리별 저장 결과:
2026-05-10 23:42:58,997 [INFO]    area_meta                 | 신규     1행 | 누적      1행 | 5컬럼
2026-05-10 23:42:58,997 [INFO]    bike_sbike_stts           | 신규    11행 | 누적     11행 | 12컬럼
2026-05-10 23:42:58,997 [INFO]    bus_bus_stn_stts          | 신규    32행 | 누적     32행 | 11컬럼
2026-05-10 23:42:58,997 [INFO]    charger_charger_stts      | 신규    43행 | 누적     43행 | 15컬럼
2026-05-10 23:42:58,997 [INFO]    cmrcl                     | 신규     1행 | 누적      1행 | 20컬럼
2026-05-10 23:42:58,997 [INFO]    events_event_stts         | 신규    24행 | 누적     24행 | 14컬럼
2026-05-10 23:42:58,997 [INFO]    parking_prk_stts          | 신규    33행 | 누적     33행 | 21컬럼
2026-05-10 23:42:58,997 [INFO]    ppltn                     | 신규     1행 | 누적      1행 | 26컬럼
2026-05-10 23:42:58,997 [INFO]    road                      | 신규     1행 | 누적      1행 | 9컬럼
2026-05-10 23:42:58,997 [INFO]    road_road_traffic_stts    | 신규   158행 | 누적    158행 | 17컬럼
2026-05-10 23:42:58,997 [INFO]    subway_sub_stts           | 신규     3행 | 누적      3행 | 12컬럼
2026-05-10 23:42:58,997 [INFO]    weather                   | 신규     1행 | 누적      1행 | 30컬럼
2026-05-10 23:42:58,997 [INFO] 키별 사용량:
2026-05-10 23:42:58,997 [INFO]    🟢 KEY_1 (1/1000) 
2026-05-10 23:59:44,904 [INFO] 등록된 키: 2개, 합산 한도 2,000건/일
2026-05-10 23:59:44,905 [INFO] === 키 점검 (2개) ===
2026-05-10 23:59:44,905 [INFO] 
[KEY_1] 광화문·덕수궁 호출 시도
2026-05-10 23:59:46,775 [INFO]   ✅ KEY_1 정상 | 받은 카테고리 12개: ['area_meta', 'bike_sbike_stts', 'bus_bus_stn_stts', 'charger_charger_stts', 'cmrcl', 'events_event_stts', 'parking_prk_stts', 'ppltn', 'road', 'road_road_traffic_stts', 'subway_sub_stts', 'weather']
2026-05-10 23:59:46,775 [INFO] 
[KEY_2] 광화문·덕수궁 호출 시도
2026-05-10 23:59:48,608 [INFO]   ✅ KEY_2 정상 | 받은 카테고리 12개: ['area_meta', 'bike_sbike_stts', 'bus_bus_stn_stts', 'charger_charger_stts', 'cmrcl', 'events_event_stts', 'parking_prk_stts', 'ppltn', 'road', 'road_road_traffic_stts', 'subway_sub_stts', 'weather']
2026-05-10 23:59:48,608 [INFO] 
키 풀: 2/2 활성 | 오늘 사용 2/2000건
