2026-07-08 00:49:06,997 [INFO] 등록된 키: 4개, 합산 한도 4,000건/일
2026-07-08 00:49:06,997 [INFO] POI 로드: 매뉴얼 v8.5 기준 fallback 121개 (121개 전체)
2026-07-08 00:49:06,997 [INFO] === 수집 시작 2026-07-08T00:49:06.997822+09:00 ===
2026-07-08 00:49:06,997 [INFO] 대상 장소: 121개 | API: citydata (통합)
2026-07-08 00:49:06,998 [INFO] 키 풀: 4/4 활성 | 오늘 사용 0/4000건
2026-07-08 00:49:06,998 [INFO]   [KEY_1] 담당 31장소
2026-07-08 00:49:06,998 [INFO]   [KEY_2] 담당 30장소
2026-07-08 00:49:06,998 [INFO]   [KEY_3] 담당 30장소
2026-07-08 00:49:06,998 [INFO]   [KEY_4] 담당 30장소
2026-07-08 00:49:06,998 [INFO] [1/121] 경복궁 (primary=KEY_1)
2026-07-08 00:49:09,117 [INFO] [2/121] 광화문·덕수궁 (primary=KEY_2)
2026-07-08 00:49:11,664 [INFO] [3/121] 보신각 (primary=KEY_3)
2026-07-08 00:49:14,142 [INFO] [4/121] 서울 암사동 유적 (primary=KEY_4)
2026-07-08 00:49:16,041 [INFO] [5/121] 창덕궁·종묘 (primary=KEY_1)
2026-07-08 00:49:17,566 [INFO] [6/121] 강남 MICE 관광특구 (primary=KEY_2)
2026-07-08 00:49:18,920 [INFO] [7/121] 동대문 관광특구 (primary=KEY_3)
2026-07-08 00:49:21,089 [INFO] [8/121] 명동 관광특구 (primary=KEY_4)
2026-07-08 00:49:22,933 [INFO] [9/121] 이태원 관광특구 (primary=KEY_1)
2026-07-08 00:49:25,403 [INFO] [10/121] 잠실 관광특구 (primary=KEY_2)
2026-07-08 00:49:27,193 [INFO] [11/121] 종로·청계 관광특구 (primary=KEY_3)
2026-07-08 00:49:29,879 [INFO] [12/121] 홍대 관광특구 (primary=KEY_4)
2026-07-08 00:49:31,486 [INFO] [13/121] 강서한강공원 (primary=KEY_1)
2026-07-08 00:49:33,736 [INFO] [14/121] 고척돔 (primary=KEY_2)
2026-07-08 00:49:34,887 [INFO] [15/121] 광나루한강공원 (primary=KEY_3)
2026-07-08 00:49:36,950 [INFO] [16/121] 광화문광장 (primary=KEY_4)
2026-07-08 00:49:39,444 [INFO] [17/121] 국립중앙박물관·용산가족공원 (primary=KEY_1)
2026-07-08 00:49:40,603 [INFO] [18/121] 난지한강공원 (primary=KEY_2)
2026-07-08 00:49:42,520 [INFO] [19/121] 남산공원 (primary=KEY_3)
2026-07-08 00:49:44,060 [INFO] [20/121] 노들섬 (primary=KEY_4)
2026-07-08 00:49:45,218 [INFO] [21/121] 뚝섬한강공원 (primary=KEY_1)
2026-07-08 00:49:46,413 [INFO] [22/121] 망원한강공원 (primary=KEY_2)
2026-07-08 00:49:47,744 [INFO] [23/121] 반포한강공원 (primary=KEY_3)
2026-07-08 00:49:48,889 [INFO] [24/121] 보라매공원 (primary=KEY_4)
2026-07-08 00:49:50,812 [INFO] [25/121] 북서울꿈의숲 (primary=KEY_1)
2026-07-08 00:49:53,275 [INFO] [26/121] 서대문독립공원 (primary=KEY_2)
2026-07-08 00:49:55,190 [INFO] [27/121] 서리풀공원·몽마르뜨공원 (primary=KEY_3)
2026-07-08 00:49:56,542 [INFO] [28/121] 서울대공원 (primary=KEY_4)
2026-07-08 00:49:57,652 [INFO] [29/121] 서울숲공원 (primary=KEY_1)
2026-07-08 00:49:59,763 [INFO] [30/121] 송현녹지광장 (primary=KEY_2)
2026-07-08 00:50:01,128 [INFO] [31/121] 아차산 (primary=KEY_3)
2026-07-08 00:50:03,017 [INFO] [32/121] 안양천 (primary=KEY_4)
2026-07-08 00:50:04,139 [INFO] [33/121] 양화한강공원 (primary=KEY_1)
2026-07-08 00:50:05,249 [INFO] [34/121] 어린이대공원 (primary=KEY_2)
2026-07-08 00:50:07,712 [INFO] [35/121] 여의도한강공원 (primary=KEY_3)
2026-07-08 00:50:09,764 [INFO] [36/121] 여의서로 (primary=KEY_4)
2026-07-08 00:50:12,010 [INFO] [37/121] 올림픽공원 (primary=KEY_1)
2026-07-08 00:50:13,352 [INFO] [38/121] 월드컵공원 (primary=KEY_2)
2026-07-08 00:50:14,886 [INFO] [39/121] 응봉산 (primary=KEY_3)
2026-07-08 00:50:16,948 [INFO] [40/121] 이촌한강공원 (primary=KEY_4)
2026-07-08 00:50:18,089 [INFO] [41/121] 잠실종합운동장 (primary=KEY_1)
2026-07-08 00:50:19,224 [INFO] [42/121] 잠실한강공원 (primary=KEY_2)
2026-07-08 00:50:21,669 [INFO] [43/121] 잠원한강공원 (primary=KEY_3)
2026-07-08 00:50:22,799 [INFO] [44/121] 청계산 (primary=KEY_4)
2026-07-08 00:50:24,888 [INFO] [45/121] 홍제폭포 (primary=KEY_1)
2026-07-08 00:50:26,013 [INFO] [46/121] 가락시장 (primary=KEY_2)
2026-07-08 00:50:27,381 [INFO] [47/121] 가로수길 (primary=KEY_3)
2026-07-08 00:50:28,729 [INFO] [48/121] 광장(전통)시장 (primary=KEY_4)
2026-07-08 00:50:29,889 [INFO] [49/121] 김포공항 (primary=KEY_1)
2026-07-08 00:50:31,439 [INFO] [50/121] 남대문시장 (primary=KEY_2)
2026-07-08 00:50:32,774 [INFO] [51/121] 노량진 (primary=KEY_3)
2026-07-08 00:50:34,115 [INFO] [52/121] 덕수궁길·정동길 (primary=KEY_4)
2026-07-08 00:50:35,452 [INFO] [53/121] 북창동 먹자골목 (primary=KEY_1)
2026-07-08 00:50:37,455 [INFO] [54/121] 북촌한옥마을 (primary=KEY_2)
2026-07-08 00:50:39,727 [INFO] [55/121] 서촌 (primary=KEY_3)
2026-07-08 00:50:41,059 [INFO] [56/121] 성수카페거리 (primary=KEY_4)
2026-07-08 00:50:42,604 [INFO] [57/121] 송리단길·호수단길 (primary=KEY_1)
2026-07-08 00:50:44,714 [INFO] [58/121] 신촌 스타광장 (primary=KEY_2)
2026-07-08 00:50:45,882 [INFO] [59/121] 압구정로데오거리 (primary=KEY_3)
2026-07-08 00:50:47,226 [INFO] [60/121] 여의도 (primary=KEY_4)
2026-07-08 00:50:49,442 [INFO] [61/121] 연남동 (primary=KEY_1)
2026-07-08 00:50:50,800 [INFO] [62/121] 영등포 타임스퀘어 (primary=KEY_2)
2026-07-08 00:50:52,135 [INFO] [63/121] 용리단길 (primary=KEY_3)
2026-07-08 00:50:53,321 [INFO] [64/121] 이태원 앤틱가구거리 (primary=KEY_4)
2026-07-08 00:50:54,478 [INFO] [65/121] 익선동 (primary=KEY_1)
2026-07-08 00:50:55,844 [INFO] [66/121] 인사동 (primary=KEY_2)
2026-07-08 00:50:57,389 [INFO] [67/121] 잠실롯데타워·석촌호수 (primary=KEY_3)
2026-07-08 00:50:59,142 [INFO] [68/121] 창동 신경제 중심지 (primary=KEY_4)
2026-07-08 00:51:00,914 [INFO] [69/121] 청담동 명품거리 (primary=KEY_1)
2026-07-08 00:51:02,274 [INFO] [70/121] 청량리 제기동 일대 전통시장 (primary=KEY_2)
2026-07-08 00:51:03,618 [INFO] [71/121] 해방촌·경리단길 (primary=KEY_3)
2026-07-08 00:51:04,761 [INFO] [72/121] DDP(동대문디자인플라자) (primary=KEY_4)
2026-07-08 00:51:06,150 [INFO] [73/121] DMC(디지털미디어시티) (primary=KEY_1)
2026-07-08 00:51:09,035 [INFO] [74/121] 가산디지털단지역 (primary=KEY_2)
2026-07-08 00:51:10,989 [INFO] [75/121] 강남역 (primary=KEY_3)
2026-07-08 00:51:12,553 [INFO] [76/121] 건대입구역 (primary=KEY_4)
2026-07-08 00:51:14,068 [INFO] [77/121] 고덕역 (primary=KEY_1)
2026-07-08 00:51:15,398 [INFO] [78/121] 고속터미널역 (primary=KEY_2)
2026-07-08 00:51:16,750 [INFO] [79/121] 교대역 (primary=KEY_3)
2026-07-08 00:51:18,106 [INFO] [80/121] 구로디지털단지역 (primary=KEY_4)
2026-07-08 00:51:19,830 [INFO] [81/121] 구로역 (primary=KEY_1)
2026-07-08 00:51:21,136 [INFO] [82/121] 군자역 (primary=KEY_2)
2026-07-08 00:51:22,469 [INFO] [83/121] 대림역 (primary=KEY_3)
2026-07-08 00:51:23,805 [INFO] [84/121] 동대문역 (primary=KEY_4)
2026-07-08 00:51:25,166 [INFO] [85/121] 뚝섬역 (primary=KEY_1)
2026-07-08 00:51:26,496 [INFO] [86/121] 미아사거리역 (primary=KEY_2)
2026-07-08 00:51:27,818 [INFO] [87/121] 발산역 (primary=KEY_3)
2026-07-08 00:51:29,362 [INFO] [88/121] 사당역 (primary=KEY_4)
2026-07-08 00:51:30,709 [INFO] [89/121] 삼각지역 (primary=KEY_1)
2026-07-08 00:51:31,857 [INFO] [90/121] 서울대입구역 (primary=KEY_2)
2026-07-08 00:51:33,199 [INFO] [91/121] 서울식물원·마곡나루역 (primary=KEY_3)
2026-07-08 00:51:34,711 [INFO] [92/121] 서울역 (primary=KEY_4)
2026-07-08 00:51:36,286 [INFO] [93/121] 선릉역 (primary=KEY_1)
2026-07-08 00:51:38,032 [INFO] [94/121] 성신여대입구역 (primary=KEY_2)
2026-07-08 00:51:39,200 [INFO] [95/121] 수유역 (primary=KEY_3)
2026-07-08 00:51:40,534 [INFO] [96/121] 숭례문 (primary=KEY_4)
2026-07-08 00:51:42,064 [INFO] [97/121] 시의회 앞 (primary=KEY_1)
2026-07-08 00:51:43,419 [INFO] [98/121] 신논현역·논현역 (primary=KEY_2)
2026-07-08 00:51:44,783 [INFO] [99/121] 신도림역 (primary=KEY_3)
2026-07-08 00:51:45,929 [INFO] [100/121] 신림역 (primary=KEY_4)
2026-07-08 00:51:47,269 [INFO] [101/121] 신정네거리역 (primary=KEY_1)
2026-07-08 00:51:48,601 [INFO] [102/121] 신촌·이대역 (primary=KEY_2)
2026-07-08 00:51:49,954 [INFO] [103/121] 쌍문역 (primary=KEY_3)
2026-07-08 00:51:51,290 [INFO] [104/121] 양재역 (primary=KEY_4)
2026-07-08 00:51:52,651 [INFO] [105/121] 역삼역 (primary=KEY_1)
2026-07-08 00:51:54,199 [INFO] [106/121] 연신내역 (primary=KEY_2)
2026-07-08 00:51:55,368 [INFO] [107/121] 오목교역·목동운동장 (primary=KEY_3)
2026-07-08 00:51:57,297 [INFO] [108/121] 왕십리역 (primary=KEY_4)
2026-07-08 00:51:58,856 [INFO] [109/121] 용산역 (primary=KEY_1)
2026-07-08 00:52:00,383 [INFO] [110/121] 이태원역 (primary=KEY_2)
2026-07-08 00:52:01,537 [INFO] [111/121] 잠실새내역 (primary=KEY_3)
2026-07-08 00:52:02,865 [INFO] [112/121] 잠실역 (primary=KEY_4)
2026-07-08 00:52:04,447 [INFO] [113/121] 장지역 (primary=KEY_1)
2026-07-08 00:52:05,983 [INFO] [114/121] 장한평역 (primary=KEY_2)
2026-07-08 00:52:07,326 [INFO] [115/121] 천호역 (primary=KEY_3)
2026-07-08 00:52:08,687 [INFO] [116/121] 총신대입구(이수)역 (primary=KEY_4)
2026-07-08 00:52:10,022 [INFO] [117/121] 충정로역 (primary=KEY_1)
2026-07-08 00:52:11,360 [INFO] [118/121] 합정역 (primary=KEY_2)
2026-07-08 00:52:12,703 [INFO] [119/121] 혜화역 (primary=KEY_3)
2026-07-08 00:52:14,047 [INFO] [120/121] 홍대입구역(2호선) (primary=KEY_4)
2026-07-08 00:52:15,402 [INFO] [121/121] 회기역 (primary=KEY_1)
2026-07-08 00:52:17,143 [INFO] === 수집 완료 | 성공 121, 실패 0 ===
2026-07-08 00:52:17,143 [INFO] 카테고리별 저장 결과:
2026-07-08 00:52:17,143 [INFO]    accident                  | 신규     3행 | 누적      3행 | 16컬럼
2026-07-08 00:52:17,143 [INFO]    area_meta                 | 신규   121행 | 누적    121행 | 5컬럼
2026-07-08 00:52:17,143 [INFO]    bike                      | 신규    12행 | 누적     12행 | 12컬럼
2026-07-08 00:52:17,143 [INFO]    bike_sbike_stts           | 신규   554행 | 누적    554행 | 12컬럼
2026-07-08 00:52:17,143 [INFO]    bus                       | 신규     3행 | 누적      3행 | 11컬럼
2026-07-08 00:52:17,143 [INFO]    bus_bus_stn_stts          | 신규  1745행 | 누적   1745행 | 11컬럼
2026-07-08 00:52:17,143 [INFO]    charger                   | 신규     4행 | 누적      4행 | 15컬럼
2026-07-08 00:52:17,143 [INFO]    charger_charger_stts      | 신규  1916행 | 누적   1916행 | 15컬럼
2026-07-08 00:52:17,143 [INFO]    cmrcl                     | 신규    82행 | 누적     82행 | 20컬럼
2026-07-08 00:52:17,143 [INFO]    events                    | 신규     7행 | 누적      7행 | 14컬럼
2026-07-08 00:52:17,143 [INFO]    events_event_stts         | 신규   125행 | 누적    125행 | 14컬럼
2026-07-08 00:52:17,143 [INFO]    parking                   | 신규     6행 | 누적      6행 | 21컬럼
2026-07-08 00:52:17,143 [INFO]    parking_prk_stts          | 신규  1833행 | 누적   1833행 | 21컬럼
2026-07-08 00:52:17,143 [INFO]    ppltn                     | 신규   121행 | 누적    121행 | 26컬럼
2026-07-08 00:52:17,144 [INFO]    road                      | 신규   121행 | 누적    121행 | 21컬럼
2026-07-08 00:52:17,144 [INFO]    road_road_traffic_stts    | 신규  5265행 | 누적   5265행 | 17컬럼
2026-07-08 00:52:17,144 [INFO]    subway                    | 신규    38행 | 누적     38행 | 13컬럼
2026-07-08 00:52:17,144 [INFO]    subway_sub_stts           | 신규   183행 | 누적    183행 | 13컬럼
2026-07-08 00:52:17,144 [INFO]    weather                   | 신규   119행 | 누적    119행 | 29컬럼
2026-07-08 00:52:17,144 [INFO] 키별 사용량:
2026-07-08 00:52:17,144 [INFO]    🟢 KEY_1 (31/1000) 
2026-07-08 00:52:17,144 [INFO]    🟢 KEY_2 (30/1000) 
2026-07-08 00:52:17,144 [INFO]    🟢 KEY_3 (30/1000) 
2026-07-08 00:52:17,144 [INFO]    🟢 KEY_4 (30/1000) 
2026-07-08 03:11:10,967 [INFO] 등록된 키: 4개, 합산 한도 4,000건/일
2026-07-08 03:11:10,968 [INFO] POI 로드: 매뉴얼 v8.5 기준 fallback 121개 (121개 전체)
2026-07-08 03:11:10,968 [INFO] === 수집 시작 2026-07-08T03:11:10.968590+09:00 ===
2026-07-08 03:11:10,968 [INFO] 대상 장소: 121개 | API: citydata (통합)
2026-07-08 03:11:10,968 [INFO] 키 풀: 4/4 활성 | 오늘 사용 0/4000건
2026-07-08 03:11:10,968 [INFO]   [KEY_1] 담당 31장소
2026-07-08 03:11:10,968 [INFO]   [KEY_2] 담당 30장소
2026-07-08 03:11:10,968 [INFO]   [KEY_3] 담당 30장소
2026-07-08 03:11:10,968 [INFO]   [KEY_4] 담당 30장소
2026-07-08 03:11:10,969 [INFO] [1/121] 경복궁 (primary=KEY_1)
2026-07-08 03:11:13,301 [INFO] [2/121] 광화문·덕수궁 (primary=KEY_2)
2026-07-08 03:11:15,819 [INFO] [3/121] 보신각 (primary=KEY_3)
2026-07-08 03:11:17,944 [INFO] [4/121] 서울 암사동 유적 (primary=KEY_4)
2026-07-08 03:11:19,852 [INFO] [5/121] 창덕궁·종묘 (primary=KEY_1)
2026-07-08 03:11:21,945 [INFO] [6/121] 강남 MICE 관광특구 (primary=KEY_2)
2026-07-08 03:11:23,884 [INFO] [7/121] 동대문 관광특구 (primary=KEY_3)
2026-07-08 03:11:26,234 [INFO] [8/121] 명동 관광특구 (primary=KEY_4)
2026-07-08 03:11:27,845 [INFO] [9/121] 이태원 관광특구 (primary=KEY_1)
2026-07-08 03:11:29,208 [INFO] [10/121] 잠실 관광특구 (primary=KEY_2)
2026-07-08 03:11:31,950 [INFO] [11/121] 종로·청계 관광특구 (primary=KEY_3)
2026-07-08 03:11:33,526 [INFO] [12/121] 홍대 관광특구 (primary=KEY_4)
2026-07-08 03:11:35,101 [INFO] [13/121] 강서한강공원 (primary=KEY_1)
2026-07-08 03:11:37,397 [INFO] [14/121] 고척돔 (primary=KEY_2)
2026-07-08 03:11:39,321 [INFO] [15/121] 광나루한강공원 (primary=KEY_3)
2026-07-08 03:11:40,670 [INFO] [16/121] 광화문광장 (primary=KEY_4)
2026-07-08 03:11:42,791 [INFO] [17/121] 국립중앙박물관·용산가족공원 (primary=KEY_1)
2026-07-08 03:11:44,158 [INFO] [18/121] 난지한강공원 (primary=KEY_2)
2026-07-08 03:11:45,293 [INFO] [19/121] 남산공원 (primary=KEY_3)
2026-07-08 03:11:47,801 [INFO] [20/121] 노들섬 (primary=KEY_4)
2026-07-08 03:11:48,944 [INFO] [21/121] 뚝섬한강공원 (primary=KEY_1)
2026-07-08 03:11:50,094 [INFO] [22/121] 망원한강공원 (primary=KEY_2)
2026-07-08 03:11:52,223 [INFO] [23/121] 반포한강공원 (primary=KEY_3)
2026-07-08 03:11:53,368 [INFO] [24/121] 보라매공원 (primary=KEY_4)
2026-07-08 03:11:54,532 [INFO] [25/121] 북서울꿈의숲 (primary=KEY_1)
2026-07-08 03:11:56,458 [INFO] [26/121] 서대문독립공원 (primary=KEY_2)
2026-07-08 03:11:57,615 [INFO] [27/121] 서리풀공원·몽마르뜨공원 (primary=KEY_3)
2026-07-08 03:11:58,809 [INFO] [28/121] 서울대공원 (primary=KEY_4)
2026-07-08 03:11:59,964 [INFO] [29/121] 서울숲공원 (primary=KEY_1)
2026-07-08 03:12:02,259 [INFO] [30/121] 송현녹지광장 (primary=KEY_2)
2026-07-08 03:12:03,595 [INFO] [31/121] 아차산 (primary=KEY_3)
2026-07-08 03:12:04,737 [INFO] [32/121] 안양천 (primary=KEY_4)
2026-07-08 03:12:06,640 [INFO] [33/121] 양화한강공원 (primary=KEY_1)
2026-07-08 03:12:07,775 [INFO] [34/121] 어린이대공원 (primary=KEY_2)
2026-07-08 03:12:08,933 [INFO] [35/121] 여의도한강공원 (primary=KEY_3)
2026-07-08 03:12:10,283 [INFO] [36/121] 여의서로 (primary=KEY_4)
2026-07-08 03:12:12,374 [INFO] [37/121] 올림픽공원 (primary=KEY_1)
2026-07-08 03:12:14,498 [INFO] [38/121] 월드컵공원 (primary=KEY_2)
2026-07-08 03:12:16,048 [INFO] [39/121] 응봉산 (primary=KEY_3)
2026-07-08 03:12:17,370 [INFO] [40/121] 이촌한강공원 (primary=KEY_4)
2026-07-08 03:12:18,503 [INFO] [41/121] 잠실종합운동장 (primary=KEY_1)
2026-07-08 03:12:19,651 [INFO] [42/121] 잠실한강공원 (primary=KEY_2)
2026-07-08 03:12:20,809 [INFO] [43/121] 잠원한강공원 (primary=KEY_3)
2026-07-08 03:12:21,953 [INFO] [44/121] 청계산 (primary=KEY_4)
2026-07-08 03:12:23,094 [INFO] [45/121] 홍제폭포 (primary=KEY_1)
2026-07-08 03:12:25,001 [INFO] [46/121] 가락시장 (primary=KEY_2)
2026-07-08 03:12:26,358 [INFO] [47/121] 가로수길 (primary=KEY_3)
2026-07-08 03:12:28,498 [INFO] [48/121] 광장(전통)시장 (primary=KEY_4)
2026-07-08 03:12:29,650 [INFO] [49/121] 김포공항 (primary=KEY_1)
2026-07-08 03:12:31,026 [INFO] [50/121] 남대문시장 (primary=KEY_2)
2026-07-08 03:12:32,192 [INFO] [51/121] 노량진 (primary=KEY_3)
2026-07-08 03:12:33,364 [INFO] [52/121] 덕수궁길·정동길 (primary=KEY_4)
2026-07-08 03:12:35,492 [INFO] [53/121] 북창동 먹자골목 (primary=KEY_1)
2026-07-08 03:12:36,648 [INFO] [54/121] 북촌한옥마을 (primary=KEY_2)
2026-07-08 03:12:38,005 [INFO] [55/121] 서촌 (primary=KEY_3)
2026-07-08 03:12:39,920 [INFO] [56/121] 성수카페거리 (primary=KEY_4)
2026-07-08 03:12:41,285 [INFO] [57/121] 송리단길·호수단길 (primary=KEY_1)
2026-07-08 03:12:42,663 [INFO] [58/121] 신촌 스타광장 (primary=KEY_2)
2026-07-08 03:12:43,824 [INFO] [59/121] 압구정로데오거리 (primary=KEY_3)
2026-07-08 03:12:45,177 [INFO] [60/121] 여의도 (primary=KEY_4)
2026-07-08 03:12:47,185 [INFO] [61/121] 연남동 (primary=KEY_1)
2026-07-08 03:12:48,531 [INFO] [62/121] 영등포 타임스퀘어 (primary=KEY_2)
2026-07-08 03:12:49,880 [INFO] [63/121] 용리단길 (primary=KEY_3)
2026-07-08 03:12:51,073 [INFO] [64/121] 이태원 앤틱가구거리 (primary=KEY_4)
2026-07-08 03:12:52,252 [INFO] [65/121] 익선동 (primary=KEY_1)
2026-07-08 03:12:53,634 [INFO] [66/121] 인사동 (primary=KEY_2)
2026-07-08 03:12:55,009 [INFO] [67/121] 잠실롯데타워·석촌호수 (primary=KEY_3)
2026-07-08 03:12:56,389 [INFO] [68/121] 창동 신경제 중심지 (primary=KEY_4)
2026-07-08 03:12:57,970 [INFO] [69/121] 청담동 명품거리 (primary=KEY_1)
2026-07-08 03:12:59,375 [INFO] [70/121] 청량리 제기동 일대 전통시장 (primary=KEY_2)
2026-07-08 03:13:00,736 [INFO] [71/121] 해방촌·경리단길 (primary=KEY_3)
2026-07-08 03:13:01,899 [INFO] [72/121] DDP(동대문디자인플라자) (primary=KEY_4)
2026-07-08 03:13:03,262 [INFO] [73/121] DMC(디지털미디어시티) (primary=KEY_1)
2026-07-08 03:13:04,843 [INFO] [74/121] 가산디지털단지역 (primary=KEY_2)
2026-07-08 03:13:06,408 [INFO] [75/121] 강남역 (primary=KEY_3)
2026-07-08 03:13:08,022 [INFO] [76/121] 건대입구역 (primary=KEY_4)
2026-07-08 03:13:09,435 [INFO] [77/121] 고덕역 (primary=KEY_1)
2026-07-08 03:13:10,602 [INFO] [78/121] 고속터미널역 (primary=KEY_2)
2026-07-08 03:13:11,800 [INFO] [79/121] 교대역 (primary=KEY_3)
2026-07-08 03:13:12,972 [INFO] [80/121] 구로디지털단지역 (primary=KEY_4)
2026-07-08 03:13:14,354 [INFO] [81/121] 구로역 (primary=KEY_1)
2026-07-08 03:13:15,532 [INFO] [82/121] 군자역 (primary=KEY_2)
2026-07-08 03:13:16,724 [INFO] [83/121] 대림역 (primary=KEY_3)
2026-07-08 03:13:17,910 [INFO] [84/121] 동대문역 (primary=KEY_4)
2026-07-08 03:13:19,108 [INFO] [85/121] 뚝섬역 (primary=KEY_1)
2026-07-08 03:13:20,466 [INFO] [86/121] 미아사거리역 (primary=KEY_2)
2026-07-08 03:13:22,410 [INFO] [87/121] 발산역 (primary=KEY_3)
2026-07-08 03:13:23,962 [INFO] [88/121] 사당역 (primary=KEY_4)
2026-07-08 03:13:25,143 [INFO] [89/121] 삼각지역 (primary=KEY_1)
2026-07-08 03:13:26,304 [INFO] [90/121] 서울대입구역 (primary=KEY_2)
2026-07-08 03:13:27,477 [INFO] [91/121] 서울식물원·마곡나루역 (primary=KEY_3)
2026-07-08 03:13:28,837 [INFO] [92/121] 서울역 (primary=KEY_4)
2026-07-08 03:13:30,230 [INFO] [93/121] 선릉역 (primary=KEY_1)
2026-07-08 03:13:31,808 [INFO] [94/121] 성신여대입구역 (primary=KEY_2)
2026-07-08 03:13:32,977 [INFO] [95/121] 수유역 (primary=KEY_3)
2026-07-08 03:13:34,330 [INFO] [96/121] 숭례문 (primary=KEY_4)
2026-07-08 03:13:35,678 [INFO] [97/121] 시의회 앞 (primary=KEY_1)
2026-07-08 03:13:37,050 [INFO] [98/121] 신논현역·논현역 (primary=KEY_2)
2026-07-08 03:13:38,429 [INFO] [99/121] 신도림역 (primary=KEY_3)
2026-07-08 03:13:39,604 [INFO] [100/121] 신림역 (primary=KEY_4)
2026-07-08 03:13:40,769 [INFO] [101/121] 신정네거리역 (primary=KEY_1)
2026-07-08 03:13:41,928 [INFO] [102/121] 신촌·이대역 (primary=KEY_2)
2026-07-08 03:13:43,278 [INFO] [103/121] 쌍문역 (primary=KEY_3)
2026-07-08 03:13:44,439 [INFO] [104/121] 양재역 (primary=KEY_4)
2026-07-08 03:13:45,609 [INFO] [105/121] 역삼역 (primary=KEY_1)
2026-07-08 03:13:46,975 [INFO] [106/121] 연신내역 (primary=KEY_2)
2026-07-08 03:13:48,156 [INFO] [107/121] 오목교역·목동운동장 (primary=KEY_3)
2026-07-08 03:13:49,727 [INFO] [108/121] 왕십리역 (primary=KEY_4)
2026-07-08 03:13:51,113 [INFO] [109/121] 용산역 (primary=KEY_1)
2026-07-08 03:13:52,476 [INFO] [110/121] 이태원역 (primary=KEY_2)
2026-07-08 03:13:53,662 [INFO] [111/121] 잠실새내역 (primary=KEY_3)
2026-07-08 03:13:55,015 [INFO] [112/121] 잠실역 (primary=KEY_4)
2026-07-08 03:13:56,378 [INFO] [113/121] 장지역 (primary=KEY_1)
2026-07-08 03:13:57,728 [INFO] [114/121] 장한평역 (primary=KEY_2)
2026-07-08 03:13:59,074 [INFO] [115/121] 천호역 (primary=KEY_3)
2026-07-08 03:14:00,440 [INFO] [116/121] 총신대입구(이수)역 (primary=KEY_4)
2026-07-08 03:14:01,793 [INFO] [117/121] 충정로역 (primary=KEY_1)
2026-07-08 03:14:02,964 [INFO] [118/121] 합정역 (primary=KEY_2)
2026-07-08 03:14:04,315 [INFO] [119/121] 혜화역 (primary=KEY_3)
2026-07-08 03:14:05,546 [INFO] [120/121] 홍대입구역(2호선) (primary=KEY_4)
2026-07-08 03:14:06,722 [INFO] [121/121] 회기역 (primary=KEY_1)
2026-07-08 03:14:08,711 [INFO] === 수집 완료 | 성공 121, 실패 0 ===
2026-07-08 03:14:08,711 [INFO] 카테고리별 저장 결과:
2026-07-08 03:14:08,711 [INFO]    area_meta                 | 신규   121행 | 누적    242행 | 5컬럼
2026-07-08 03:14:08,711 [INFO]    bike                      | 신규    12행 | 누적     24행 | 12컬럼
2026-07-08 03:14:08,711 [INFO]    bike_sbike_stts           | 신규   554행 | 누적   1108행 | 12컬럼
2026-07-08 03:14:08,711 [INFO]    bus                       | 신규     3행 | 누적      6행 | 11컬럼
2026-07-08 03:14:08,711 [INFO]    bus_bus_stn_stts          | 신규  1745행 | 누적   3490행 | 11컬럼
2026-07-08 03:14:08,711 [INFO]    charger                   | 신규    27행 | 누적     31행 | 15컬럼
2026-07-08 03:14:08,711 [INFO]    charger_charger_stts      | 신규   337행 | 누적   2237행 | 15컬럼
2026-07-08 03:14:08,711 [INFO]    cmrcl                     | 신규    82행 | 누적    164행 | 20컬럼
2026-07-08 03:14:08,711 [INFO]    events                    | 신규     7행 | 누적     14행 | 14컬럼
2026-07-08 03:14:08,711 [INFO]    events_event_stts         | 신규   125행 | 누적    250행 | 14컬럼
2026-07-08 03:14:08,711 [INFO]    parking                   | 신규     6행 | 누적     12행 | 21컬럼
2026-07-08 03:14:08,711 [INFO]    parking_prk_stts          | 신규  1833행 | 누적   3666행 | 21컬럼
2026-07-08 03:14:08,711 [INFO]    ppltn                     | 신규   121행 | 누적    242행 | 26컬럼
2026-07-08 03:14:08,711 [INFO]    road                      | 신규   121행 | 누적    242행 | 21컬럼
2026-07-08 03:14:08,711 [INFO]    road_road_traffic_stts    | 신규  5265행 | 누적  10530행 | 17컬럼
2026-07-08 03:14:08,712 [INFO]    subway                    | 신규    38행 | 누적     76행 | 13컬럼
2026-07-08 03:14:08,712 [INFO]    subway_sub_stts           | 신규   183행 | 누적    366행 | 13컬럼
2026-07-08 03:14:08,712 [INFO]    weather                   | 신규   119행 | 누적    238행 | 29컬럼
2026-07-08 03:14:08,712 [INFO] 키별 사용량:
2026-07-08 03:14:08,712 [INFO]    🟢 KEY_1 (31/1000) 
2026-07-08 03:14:08,712 [INFO]    🟢 KEY_2 (30/1000) 
2026-07-08 03:14:08,712 [INFO]    🟢 KEY_3 (30/1000) 
2026-07-08 03:14:08,712 [INFO]    🟢 KEY_4 (30/1000) 
2026-07-08 05:56:50,015 [INFO] 등록된 키: 4개, 합산 한도 4,000건/일
2026-07-08 05:56:50,016 [INFO] POI 로드: 매뉴얼 v8.5 기준 fallback 121개 (121개 전체)
2026-07-08 05:56:50,016 [INFO] === 수집 시작 2026-07-08T05:56:50.016694+09:00 ===
2026-07-08 05:56:50,016 [INFO] 대상 장소: 121개 | API: citydata (통합)
2026-07-08 05:56:50,016 [INFO] 키 풀: 4/4 활성 | 오늘 사용 0/4000건
2026-07-08 05:56:50,016 [INFO]   [KEY_1] 담당 31장소
2026-07-08 05:56:50,017 [INFO]   [KEY_2] 담당 30장소
2026-07-08 05:56:50,017 [INFO]   [KEY_3] 담당 30장소
2026-07-08 05:56:50,017 [INFO]   [KEY_4] 담당 30장소
2026-07-08 05:56:50,017 [INFO] [1/121] 경복궁 (primary=KEY_1)
2026-07-08 05:56:51,935 [INFO] [2/121] 광화문·덕수궁 (primary=KEY_2)
2026-07-08 05:56:53,680 [INFO] [3/121] 보신각 (primary=KEY_3)
2026-07-08 05:56:55,754 [INFO] [4/121] 서울 암사동 유적 (primary=KEY_4)
2026-07-08 05:56:58,002 [INFO] [5/121] 창덕궁·종묘 (primary=KEY_1)
2026-07-08 05:56:59,393 [INFO] [6/121] 강남 MICE 관광특구 (primary=KEY_2)
2026-07-08 05:57:00,749 [INFO] [7/121] 동대문 관광특구 (primary=KEY_3)
2026-07-08 05:57:02,991 [INFO] [8/121] 명동 관광특구 (primary=KEY_4)
2026-07-08 05:57:05,553 [INFO] [9/121] 이태원 관광특구 (primary=KEY_1)
2026-07-08 05:57:06,901 [INFO] [10/121] 잠실 관광특구 (primary=KEY_2)
2026-07-08 05:57:08,688 [INFO] [11/121] 종로·청계 관광특구 (primary=KEY_3)
2026-07-08 05:57:11,024 [INFO] [12/121] 홍대 관광특구 (primary=KEY_4)
2026-07-08 05:57:12,627 [INFO] [13/121] 강서한강공원 (primary=KEY_1)
2026-07-08 05:57:14,530 [INFO] [14/121] 고척돔 (primary=KEY_2)
2026-07-08 05:57:15,667 [INFO] [15/121] 광나루한강공원 (primary=KEY_3)
2026-07-08 05:57:16,982 [INFO] [16/121] 광화문광장 (primary=KEY_4)
2026-07-08 05:57:18,492 [INFO] [17/121] 국립중앙박물관·용산가족공원 (primary=KEY_1)
2026-07-08 05:57:19,804 [INFO] [18/121] 난지한강공원 (primary=KEY_2)
2026-07-08 05:57:21,906 [INFO] [19/121] 남산공원 (primary=KEY_3)
2026-07-08 05:57:24,205 [INFO] [20/121] 노들섬 (primary=KEY_4)
2026-07-08 05:57:25,324 [INFO] [21/121] 뚝섬한강공원 (primary=KEY_1)
2026-07-08 05:57:26,637 [INFO] [22/121] 망원한강공원 (primary=KEY_2)
2026-07-08 05:57:29,090 [INFO] [23/121] 반포한강공원 (primary=KEY_3)
2026-07-08 05:57:31,209 [INFO] [24/121] 보라매공원 (primary=KEY_4)
2026-07-08 05:57:33,100 [INFO] [25/121] 북서울꿈의숲 (primary=KEY_1)
2026-07-08 05:57:34,220 [INFO] [26/121] 서대문독립공원 (primary=KEY_2)
2026-07-08 05:57:35,352 [INFO] [27/121] 서리풀공원·몽마르뜨공원 (primary=KEY_3)
2026-07-08 05:57:36,573 [INFO] [28/121] 서울대공원 (primary=KEY_4)
2026-07-08 05:57:37,877 [INFO] [29/121] 서울숲공원 (primary=KEY_1)
2026-07-08 05:57:39,208 [INFO] [30/121] 송현녹지광장 (primary=KEY_2)
2026-07-08 05:57:40,517 [INFO] [31/121] 아차산 (primary=KEY_3)
2026-07-08 05:57:41,638 [INFO] [32/121] 안양천 (primary=KEY_4)
2026-07-08 05:57:42,759 [INFO] [33/121] 양화한강공원 (primary=KEY_1)
2026-07-08 05:57:43,879 [INFO] [34/121] 어린이대공원 (primary=KEY_2)
2026-07-08 05:57:45,025 [INFO] [35/121] 여의도한강공원 (primary=KEY_3)
2026-07-08 05:57:46,336 [INFO] [36/121] 여의서로 (primary=KEY_4)
2026-07-08 05:57:47,459 [INFO] [37/121] 올림픽공원 (primary=KEY_1)
2026-07-08 05:57:48,789 [INFO] [38/121] 월드컵공원 (primary=KEY_2)
2026-07-08 05:57:50,331 [INFO] [39/121] 응봉산 (primary=KEY_3)
2026-07-08 05:57:51,640 [INFO] [40/121] 이촌한강공원 (primary=KEY_4)
2026-07-08 05:57:53,738 [INFO] [41/121] 잠실종합운동장 (primary=KEY_1)
2026-07-08 05:57:54,864 [INFO] [42/121] 잠실한강공원 (primary=KEY_2)
2026-07-08 05:57:56,944 [INFO] [43/121] 잠원한강공원 (primary=KEY_3)
2026-07-08 05:57:58,062 [INFO] [44/121] 청계산 (primary=KEY_4)
2026-07-08 05:57:59,194 [INFO] [45/121] 홍제폭포 (primary=KEY_1)
2026-07-08 05:58:01,447 [INFO] [46/121] 가락시장 (primary=KEY_2)
2026-07-08 05:58:02,792 [INFO] [47/121] 가로수길 (primary=KEY_3)
2026-07-08 05:58:04,140 [INFO] [48/121] 광장(전통)시장 (primary=KEY_4)
2026-07-08 05:58:06,038 [INFO] [49/121] 김포공항 (primary=KEY_1)
2026-07-08 05:58:07,394 [INFO] [50/121] 남대문시장 (primary=KEY_2)
2026-07-08 05:58:08,557 [INFO] [51/121] 노량진 (primary=KEY_3)
2026-07-08 05:58:09,729 [INFO] [52/121] 덕수궁길·정동길 (primary=KEY_4)
2026-07-08 05:58:11,121 [INFO] [53/121] 북창동 먹자골목 (primary=KEY_1)
2026-07-08 05:58:12,256 [INFO] [54/121] 북촌한옥마을 (primary=KEY_2)
2026-07-08 05:58:13,607 [INFO] [55/121] 서촌 (primary=KEY_3)
2026-07-08 05:58:14,938 [INFO] [56/121] 성수카페거리 (primary=KEY_4)
2026-07-08 05:58:17,608 [INFO] [57/121] 송리단길·호수단길 (primary=KEY_1)
2026-07-08 05:58:18,958 [INFO] [58/121] 신촌 스타광장 (primary=KEY_2)
2026-07-08 05:58:20,893 [INFO] [59/121] 압구정로데오거리 (primary=KEY_3)
2026-07-08 05:58:22,226 [INFO] [60/121] 여의도 (primary=KEY_4)
2026-07-08 05:58:24,174 [INFO] [61/121] 연남동 (primary=KEY_1)
2026-07-08 05:58:25,511 [INFO] [62/121] 영등포 타임스퀘어 (primary=KEY_2)
2026-07-08 05:58:26,835 [INFO] [63/121] 용리단길 (primary=KEY_3)
2026-07-08 05:58:28,026 [INFO] [64/121] 이태원 앤틱가구거리 (primary=KEY_4)
2026-07-08 05:58:29,186 [INFO] [65/121] 익선동 (primary=KEY_1)
2026-07-08 05:58:30,549 [INFO] [66/121] 인사동 (primary=KEY_2)
2026-07-08 05:58:31,934 [INFO] [67/121] 잠실롯데타워·석촌호수 (primary=KEY_3)
2026-07-08 05:58:33,297 [INFO] [68/121] 창동 신경제 중심지 (primary=KEY_4)
2026-07-08 05:58:34,868 [INFO] [69/121] 청담동 명품거리 (primary=KEY_1)
2026-07-08 05:58:36,203 [INFO] [70/121] 청량리 제기동 일대 전통시장 (primary=KEY_2)
2026-07-08 05:58:37,553 [INFO] [71/121] 해방촌·경리단길 (primary=KEY_3)
2026-07-08 05:58:38,692 [INFO] [72/121] DDP(동대문디자인플라자) (primary=KEY_4)
2026-07-08 05:58:40,055 [INFO] [73/121] DMC(디지털미디어시티) (primary=KEY_1)
2026-07-08 05:58:41,619 [INFO] [74/121] 가산디지털단지역 (primary=KEY_2)
2026-07-08 05:58:43,918 [INFO] [75/121] 강남역 (primary=KEY_3)
2026-07-08 05:58:45,511 [INFO] [76/121] 건대입구역 (primary=KEY_4)
2026-07-08 05:58:46,868 [INFO] [77/121] 고덕역 (primary=KEY_1)
2026-07-08 05:58:48,207 [INFO] [78/121] 고속터미널역 (primary=KEY_2)
2026-07-08 05:58:49,364 [INFO] [79/121] 교대역 (primary=KEY_3)
2026-07-08 05:58:50,523 [INFO] [80/121] 구로디지털단지역 (primary=KEY_4)
2026-07-08 05:58:52,043 [INFO] [81/121] 구로역 (primary=KEY_1)
2026-07-08 05:58:53,187 [INFO] [82/121] 군자역 (primary=KEY_2)
2026-07-08 05:58:54,548 [INFO] [83/121] 대림역 (primary=KEY_3)
2026-07-08 05:58:55,897 [INFO] [84/121] 동대문역 (primary=KEY_4)
2026-07-08 05:58:57,262 [INFO] [85/121] 뚝섬역 (primary=KEY_1)
2026-07-08 05:58:58,774 [INFO] [86/121] 미아사거리역 (primary=KEY_2)
2026-07-08 05:59:00,122 [INFO] [87/121] 발산역 (primary=KEY_3)
2026-07-08 05:59:01,675 [INFO] [88/121] 사당역 (primary=KEY_4)
2026-07-08 05:59:03,021 [INFO] [89/121] 삼각지역 (primary=KEY_1)
2026-07-08 05:59:04,173 [INFO] [90/121] 서울대입구역 (primary=KEY_2)
2026-07-08 05:59:05,323 [INFO] [91/121] 서울식물원·마곡나루역 (primary=KEY_3)
2026-07-08 05:59:06,683 [INFO] [92/121] 서울역 (primary=KEY_4)
2026-07-08 05:59:08,074 [INFO] [93/121] 선릉역 (primary=KEY_1)
2026-07-08 05:59:09,643 [INFO] [94/121] 성신여대입구역 (primary=KEY_2)
2026-07-08 05:59:10,801 [INFO] [95/121] 수유역 (primary=KEY_3)
2026-07-08 05:59:12,150 [INFO] [96/121] 숭례문 (primary=KEY_4)
2026-07-08 05:59:13,485 [INFO] [97/121] 시의회 앞 (primary=KEY_1)
2026-07-08 05:59:14,840 [INFO] [98/121] 신논현역·논현역 (primary=KEY_2)
2026-07-08 05:59:16,215 [INFO] [99/121] 신도림역 (primary=KEY_3)
2026-07-08 05:59:17,369 [INFO] [100/121] 신림역 (primary=KEY_4)
2026-07-08 05:59:18,537 [INFO] [101/121] 신정네거리역 (primary=KEY_1)
2026-07-08 05:59:19,693 [INFO] [102/121] 신촌·이대역 (primary=KEY_2)
2026-07-08 05:59:21,036 [INFO] [103/121] 쌍문역 (primary=KEY_3)
2026-07-08 05:59:22,190 [INFO] [104/121] 양재역 (primary=KEY_4)
2026-07-08 05:59:23,545 [INFO] [105/121] 역삼역 (primary=KEY_1)
2026-07-08 05:59:24,890 [INFO] [106/121] 연신내역 (primary=KEY_2)
2026-07-08 05:59:26,082 [INFO] [107/121] 오목교역·목동운동장 (primary=KEY_3)
2026-07-08 05:59:27,611 [INFO] [108/121] 왕십리역 (primary=KEY_4)
2026-07-08 05:59:28,980 [INFO] [109/121] 용산역 (primary=KEY_1)
2026-07-08 05:59:30,344 [INFO] [110/121] 이태원역 (primary=KEY_2)
2026-07-08 05:59:31,505 [INFO] [111/121] 잠실새내역 (primary=KEY_3)
2026-07-08 05:59:32,847 [INFO] [112/121] 잠실역 (primary=KEY_4)
2026-07-08 05:59:34,171 [INFO] [113/121] 장지역 (primary=KEY_1)
2026-07-08 05:59:35,507 [INFO] [114/121] 장한평역 (primary=KEY_2)
2026-07-08 05:59:37,620 [INFO] [115/121] 천호역 (primary=KEY_3)
2026-07-08 05:59:38,993 [INFO] [116/121] 총신대입구(이수)역 (primary=KEY_4)
2026-07-08 05:59:40,353 [INFO] [117/121] 충정로역 (primary=KEY_1)
2026-07-08 05:59:41,511 [INFO] [118/121] 합정역 (primary=KEY_2)
2026-07-08 05:59:42,924 [INFO] [119/121] 혜화역 (primary=KEY_3)
2026-07-08 05:59:44,271 [INFO] [120/121] 홍대입구역(2호선) (primary=KEY_4)
2026-07-08 05:59:45,455 [INFO] [121/121] 회기역 (primary=KEY_1)
2026-07-08 05:59:47,646 [INFO] === 수집 완료 | 성공 121, 실패 0 ===
2026-07-08 05:59:47,646 [INFO] 카테고리별 저장 결과:
2026-07-08 05:59:47,646 [INFO]    accident                  | 신규     3행 | 누적      6행 | 16컬럼
2026-07-08 05:59:47,647 [INFO]    area_meta                 | 신규   121행 | 누적    363행 | 5컬럼
2026-07-08 05:59:47,647 [INFO]    bike                      | 신규    12행 | 누적     36행 | 12컬럼
2026-07-08 05:59:47,647 [INFO]    bike_sbike_stts           | 신규   554행 | 누적   1662행 | 12컬럼
2026-07-08 05:59:47,647 [INFO]    bus                       | 신규     3행 | 누적      9행 | 11컬럼
2026-07-08 05:59:47,647 [INFO]    bus_bus_stn_stts          | 신규  1745행 | 누적   5235행 | 11컬럼
2026-07-08 05:59:47,647 [INFO]    charger                   | 신규    27행 | 누적     58행 | 15컬럼
2026-07-08 05:59:47,647 [INFO]    charger_charger_stts      | 신규   337행 | 누적   2573행 | 15컬럼
2026-07-08 05:59:47,647 [INFO]    cmrcl                     | 신규    82행 | 누적    246행 | 20컬럼
2026-07-08 05:59:47,647 [INFO]    events                    | 신규     7행 | 누적     21행 | 14컬럼
2026-07-08 05:59:47,647 [INFO]    events_event_stts         | 신규   125행 | 누적    375행 | 14컬럼
2026-07-08 05:59:47,647 [INFO]    parking                   | 신규     6행 | 누적     18행 | 21컬럼
2026-07-08 05:59:47,647 [INFO]    parking_prk_stts          | 신규  1833행 | 누적   5499행 | 21컬럼
2026-07-08 05:59:47,647 [INFO]    ppltn                     | 신규   121행 | 누적    363행 | 26컬럼
2026-07-08 05:59:47,647 [INFO]    road                      | 신규   121행 | 누적    363행 | 21컬럼
2026-07-08 05:59:47,647 [INFO]    road_road_traffic_stts    | 신규  5265행 | 누적  15795행 | 17컬럼
2026-07-08 05:59:47,647 [INFO]    subway                    | 신규    38행 | 누적    114행 | 13컬럼
2026-07-08 05:59:47,647 [INFO]    subway_sub_stts           | 신규   183행 | 누적    549행 | 13컬럼
2026-07-08 05:59:47,647 [INFO]    weather                   | 신규   119행 | 누적    357행 | 29컬럼
2026-07-08 05:59:47,647 [INFO] 키별 사용량:
2026-07-08 05:59:47,648 [INFO]    🟢 KEY_1 (31/1000) 
2026-07-08 05:59:47,648 [INFO]    🟢 KEY_2 (30/1000) 
2026-07-08 05:59:47,648 [INFO]    🟢 KEY_3 (30/1000) 
2026-07-08 05:59:47,648 [INFO]    🟢 KEY_4 (30/1000) 
2026-07-08 07:20:04,692 [INFO] 등록된 키: 4개, 합산 한도 4,000건/일
2026-07-08 07:20:04,693 [INFO] POI 로드: 매뉴얼 v8.5 기준 fallback 121개 (121개 전체)
2026-07-08 07:20:04,693 [INFO] === 수집 시작 2026-07-08T07:20:04.693285+09:00 ===
2026-07-08 07:20:04,693 [INFO] 대상 장소: 121개 | API: citydata (통합)
2026-07-08 07:20:04,693 [INFO] 키 풀: 4/4 활성 | 오늘 사용 0/4000건
2026-07-08 07:20:04,693 [INFO]   [KEY_1] 담당 31장소
2026-07-08 07:20:04,693 [INFO]   [KEY_2] 담당 30장소
2026-07-08 07:20:04,693 [INFO]   [KEY_3] 담당 30장소
2026-07-08 07:20:04,693 [INFO]   [KEY_4] 담당 30장소
2026-07-08 07:20:04,693 [INFO] [1/121] 경복궁 (primary=KEY_1)
2026-07-08 07:20:06,681 [INFO] [2/121] 광화문·덕수궁 (primary=KEY_2)
2026-07-08 07:20:08,850 [INFO] [3/121] 보신각 (primary=KEY_3)
2026-07-08 07:20:10,693 [INFO] [4/121] 서울 암사동 유적 (primary=KEY_4)
2026-07-08 07:20:11,928 [INFO] [5/121] 창덕궁·종묘 (primary=KEY_1)
2026-07-08 07:20:13,759 [INFO] [6/121] 강남 MICE 관광특구 (primary=KEY_2)
2026-07-08 07:20:15,577 [INFO] [7/121] 동대문 관광특구 (primary=KEY_3)
2026-07-08 07:20:18,085 [INFO] [8/121] 명동 관광특구 (primary=KEY_4)
2026-07-08 07:20:19,737 [INFO] [9/121] 이태원 관광특구 (primary=KEY_1)
2026-07-08 07:20:21,736 [INFO] [10/121] 잠실 관광특구 (primary=KEY_2)
2026-07-08 07:20:23,229 [INFO] [11/121] 종로·청계 관광특구 (primary=KEY_3)
2026-07-08 07:20:25,396 [INFO] [12/121] 홍대 관광특구 (primary=KEY_4)
2026-07-08 07:20:27,796 [INFO] [13/121] 강서한강공원 (primary=KEY_1)
2026-07-08 07:20:28,874 [INFO] [14/121] 고척돔 (primary=KEY_2)
2026-07-08 07:20:29,958 [INFO] [15/121] 광나루한강공원 (primary=KEY_3)
2026-07-08 07:20:31,382 [INFO] [16/121] 광화문광장 (primary=KEY_4)
2026-07-08 07:20:32,649 [INFO] [17/121] 국립중앙박물관·용산가족공원 (primary=KEY_1)
2026-07-08 07:20:33,739 [INFO] [18/121] 난지한강공원 (primary=KEY_2)
2026-07-08 07:20:34,815 [INFO] [19/121] 남산공원 (primary=KEY_3)
2026-07-08 07:20:36,301 [INFO] [20/121] 노들섬 (primary=KEY_4)
2026-07-08 07:20:38,432 [INFO] [21/121] 뚝섬한강공원 (primary=KEY_1)
2026-07-08 07:20:39,517 [INFO] [22/121] 망원한강공원 (primary=KEY_2)
2026-07-08 07:20:40,787 [INFO] [23/121] 반포한강공원 (primary=KEY_3)
2026-07-08 07:20:41,863 [INFO] [24/121] 보라매공원 (primary=KEY_4)
2026-07-08 07:20:42,963 [INFO] [25/121] 북서울꿈의숲 (primary=KEY_1)
2026-07-08 07:20:44,053 [INFO] [26/121] 서대문독립공원 (primary=KEY_2)
2026-07-08 07:20:45,154 [INFO] [27/121] 서리풀공원·몽마르뜨공원 (primary=KEY_3)
2026-07-08 07:20:46,454 [INFO] [28/121] 서울대공원 (primary=KEY_4)
2026-07-08 07:20:47,524 [INFO] [29/121] 서울숲공원 (primary=KEY_1)
2026-07-08 07:20:48,811 [INFO] [30/121] 송현녹지광장 (primary=KEY_2)
2026-07-08 07:20:50,947 [INFO] [31/121] 아차산 (primary=KEY_3)
2026-07-08 07:20:52,032 [INFO] [32/121] 안양천 (primary=KEY_4)
2026-07-08 07:20:53,135 [INFO] [33/121] 양화한강공원 (primary=KEY_1)
2026-07-08 07:20:54,219 [INFO] [34/121] 어린이대공원 (primary=KEY_2)
2026-07-08 07:20:55,315 [INFO] [35/121] 여의도한강공원 (primary=KEY_3)
2026-07-08 07:20:56,575 [INFO] [36/121] 여의서로 (primary=KEY_4)
2026-07-08 07:20:57,665 [INFO] [37/121] 올림픽공원 (primary=KEY_1)
2026-07-08 07:20:58,975 [INFO] [38/121] 월드컵공원 (primary=KEY_2)
2026-07-08 07:21:00,429 [INFO] [39/121] 응봉산 (primary=KEY_3)
2026-07-08 07:21:01,675 [INFO] [40/121] 이촌한강공원 (primary=KEY_4)
2026-07-08 07:21:02,759 [INFO] [41/121] 잠실종합운동장 (primary=KEY_1)
2026-07-08 07:21:03,833 [INFO] [42/121] 잠실한강공원 (primary=KEY_2)
2026-07-08 07:21:04,919 [INFO] [43/121] 잠원한강공원 (primary=KEY_3)
2026-07-08 07:21:05,992 [INFO] [44/121] 청계산 (primary=KEY_4)
2026-07-08 07:21:07,073 [INFO] [45/121] 홍제폭포 (primary=KEY_1)
2026-07-08 07:21:08,145 [INFO] [46/121] 가락시장 (primary=KEY_2)
2026-07-08 07:21:09,418 [INFO] [47/121] 가로수길 (primary=KEY_3)
2026-07-08 07:21:10,691 [INFO] [48/121] 광장(전통)시장 (primary=KEY_4)
2026-07-08 07:21:11,785 [INFO] [49/121] 김포공항 (primary=KEY_1)
2026-07-08 07:21:13,067 [INFO] [50/121] 남대문시장 (primary=KEY_2)
2026-07-08 07:21:14,169 [INFO] [51/121] 노량진 (primary=KEY_3)
2026-07-08 07:21:15,286 [INFO] [52/121] 덕수궁길·정동길 (primary=KEY_4)
2026-07-08 07:21:16,564 [INFO] [53/121] 북창동 먹자골목 (primary=KEY_1)
2026-07-08 07:21:17,648 [INFO] [54/121] 북촌한옥마을 (primary=KEY_2)
2026-07-08 07:21:18,928 [INFO] [55/121] 서촌 (primary=KEY_3)
2026-07-08 07:21:20,198 [INFO] [56/121] 성수카페거리 (primary=KEY_4)
2026-07-08 07:21:21,481 [INFO] [57/121] 송리단길·호수단길 (primary=KEY_1)
2026-07-08 07:21:22,794 [INFO] [58/121] 신촌 스타광장 (primary=KEY_2)
2026-07-08 07:21:23,888 [INFO] [59/121] 압구정로데오거리 (primary=KEY_3)
2026-07-08 07:21:25,145 [INFO] [60/121] 여의도 (primary=KEY_4)
2026-07-08 07:21:26,998 [INFO] [61/121] 연남동 (primary=KEY_1)
2026-07-08 07:21:28,263 [INFO] [62/121] 영등포 타임스퀘어 (primary=KEY_2)
2026-07-08 07:21:29,522 [INFO] [63/121] 용리단길 (primary=KEY_3)
2026-07-08 07:21:30,642 [INFO] [64/121] 이태원 앤틱가구거리 (primary=KEY_4)
2026-07-08 07:21:31,743 [INFO] [65/121] 익선동 (primary=KEY_1)
2026-07-08 07:21:33,037 [INFO] [66/121] 인사동 (primary=KEY_2)
2026-07-08 07:21:34,319 [INFO] [67/121] 잠실롯데타워·석촌호수 (primary=KEY_3)
2026-07-08 07:21:35,636 [INFO] [68/121] 창동 신경제 중심지 (primary=KEY_4)
2026-07-08 07:21:37,130 [INFO] [69/121] 청담동 명품거리 (primary=KEY_1)
2026-07-08 07:21:38,449 [INFO] [70/121] 청량리 제기동 일대 전통시장 (primary=KEY_2)
2026-07-08 07:21:39,738 [INFO] [71/121] 해방촌·경리단길 (primary=KEY_3)
2026-07-08 07:21:40,840 [INFO] [72/121] DDP(동대문디자인플라자) (primary=KEY_4)
2026-07-08 07:21:42,220 [INFO] [73/121] DMC(디지털미디어시티) (primary=KEY_1)
2026-07-08 07:21:43,698 [INFO] [74/121] 가산디지털단지역 (primary=KEY_2)
2026-07-08 07:21:45,190 [INFO] [75/121] 강남역 (primary=KEY_3)
2026-07-08 07:21:46,688 [INFO] [76/121] 건대입구역 (primary=KEY_4)
2026-07-08 07:21:47,991 [INFO] [77/121] 고덕역 (primary=KEY_1)
2026-07-08 07:21:49,273 [INFO] [78/121] 고속터미널역 (primary=KEY_2)
2026-07-08 07:21:50,389 [INFO] [79/121] 교대역 (primary=KEY_3)
2026-07-08 07:21:51,490 [INFO] [80/121] 구로디지털단지역 (primary=KEY_4)
2026-07-08 07:21:52,783 [INFO] [81/121] 구로역 (primary=KEY_1)
2026-07-08 07:21:53,868 [INFO] [82/121] 군자역 (primary=KEY_2)
2026-07-08 07:21:55,167 [INFO] [83/121] 대림역 (primary=KEY_3)
2026-07-08 07:21:56,441 [INFO] [84/121] 동대문역 (primary=KEY_4)
2026-07-08 07:21:57,724 [INFO] [85/121] 뚝섬역 (primary=KEY_1)
2026-07-08 07:21:58,999 [INFO] [86/121] 미아사거리역 (primary=KEY_2)
2026-07-08 07:22:00,272 [INFO] [87/121] 발산역 (primary=KEY_3)
2026-07-08 07:22:01,716 [INFO] [88/121] 사당역 (primary=KEY_4)
2026-07-08 07:22:02,996 [INFO] [89/121] 삼각지역 (primary=KEY_1)
2026-07-08 07:22:04,096 [INFO] [90/121] 서울대입구역 (primary=KEY_2)
2026-07-08 07:22:05,195 [INFO] [91/121] 서울식물원·마곡나루역 (primary=KEY_3)
2026-07-08 07:22:06,474 [INFO] [92/121] 서울역 (primary=KEY_4)
2026-07-08 07:22:07,793 [INFO] [93/121] 선릉역 (primary=KEY_1)
2026-07-08 07:22:09,266 [INFO] [94/121] 성신여대입구역 (primary=KEY_2)
2026-07-08 07:22:10,374 [INFO] [95/121] 수유역 (primary=KEY_3)
2026-07-08 07:22:11,651 [INFO] [96/121] 숭례문 (primary=KEY_4)
2026-07-08 07:22:12,904 [INFO] [97/121] 시의회 앞 (primary=KEY_1)
2026-07-08 07:22:14,187 [INFO] [98/121] 신논현역·논현역 (primary=KEY_2)
2026-07-08 07:22:15,476 [INFO] [99/121] 신도림역 (primary=KEY_3)
2026-07-08 07:22:16,572 [INFO] [100/121] 신림역 (primary=KEY_4)
2026-07-08 07:22:17,677 [INFO] [101/121] 신정네거리역 (primary=KEY_1)
2026-07-08 07:22:18,774 [INFO] [102/121] 신촌·이대역 (primary=KEY_2)
2026-07-08 07:22:20,056 [INFO] [103/121] 쌍문역 (primary=KEY_3)
2026-07-08 07:22:21,792 [INFO] [104/121] 양재역 (primary=KEY_4)
2026-07-08 07:22:23,077 [INFO] [105/121] 역삼역 (primary=KEY_1)
2026-07-08 07:22:25,237 [INFO] [106/121] 연신내역 (primary=KEY_2)
2026-07-08 07:22:27,239 [INFO] [107/121] 오목교역·목동운동장 (primary=KEY_3)
2026-07-08 07:22:29,545 [INFO] [108/121] 왕십리역 (primary=KEY_4)
2026-07-08 07:22:31,428 [INFO] [109/121] 용산역 (primary=KEY_1)
2026-07-08 07:22:33,745 [INFO] [110/121] 이태원역 (primary=KEY_2)
2026-07-08 07:22:35,718 [INFO] [111/121] 잠실새내역 (primary=KEY_3)
2026-07-08 07:22:37,565 [INFO] [112/121] 잠실역 (primary=KEY_4)
2026-07-08 07:22:38,847 [INFO] [113/121] 장지역 (primary=KEY_1)
2026-07-08 07:22:40,113 [INFO] [114/121] 장한평역 (primary=KEY_2)
2026-07-08 07:22:41,396 [INFO] [115/121] 천호역 (primary=KEY_3)
2026-07-08 07:22:43,364 [INFO] [116/121] 총신대입구(이수)역 (primary=KEY_4)
2026-07-08 07:22:45,459 [INFO] [117/121] 충정로역 (primary=KEY_1)
2026-07-08 07:22:46,736 [INFO] [118/121] 합정역 (primary=KEY_2)
2026-07-08 07:22:48,091 [INFO] [119/121] 혜화역 (primary=KEY_3)
2026-07-08 07:22:50,396 [INFO] [120/121] 홍대입구역(2호선) (primary=KEY_4)
2026-07-08 07:22:51,695 [INFO] [121/121] 회기역 (primary=KEY_1)
2026-07-08 07:22:53,987 [INFO] === 수집 완료 | 성공 121, 실패 0 ===
2026-07-08 07:22:53,987 [INFO] 카테고리별 저장 결과:
2026-07-08 07:22:53,987 [INFO]    accident                  | 신규     3행 | 누적      9행 | 16컬럼
2026-07-08 07:22:53,987 [INFO]    area_meta                 | 신규   121행 | 누적    484행 | 5컬럼
2026-07-08 07:22:53,988 [INFO]    bike                      | 신규    12행 | 누적     48행 | 12컬럼
2026-07-08 07:22:53,988 [INFO]    bike_sbike_stts           | 신규   554행 | 누적   2216행 | 12컬럼
2026-07-08 07:22:53,988 [INFO]    bus                       | 신규     3행 | 누적     12행 | 11컬럼
2026-07-08 07:22:53,988 [INFO]    bus_bus_stn_stts          | 신규  1745행 | 누적   6980행 | 11컬럼
2026-07-08 07:22:53,988 [INFO]    charger                   | 신규    27행 | 누적     85행 | 15컬럼
2026-07-08 07:22:53,988 [INFO]    charger_charger_stts      | 신규   337행 | 누적   2909행 | 15컬럼
2026-07-08 07:22:53,988 [INFO]    cmrcl                     | 신규    82행 | 누적    328행 | 20컬럼
2026-07-08 07:22:53,988 [INFO]    disaster                  | 신규     2행 | 누적      2행 | 9컬럼
2026-07-08 07:22:53,988 [INFO]    events                    | 신규     7행 | 누적     28행 | 14컬럼
2026-07-08 07:22:53,988 [INFO]    events_event_stts         | 신규   125행 | 누적    500행 | 14컬럼
2026-07-08 07:22:53,988 [INFO]    news                      | 신규     8행 | 누적      8행 | 10컬럼
2026-07-08 07:22:53,988 [INFO]    parking                   | 신규     6행 | 누적     24행 | 21컬럼
2026-07-08 07:22:53,988 [INFO]    parking_prk_stts          | 신규  1833행 | 누적   7332행 | 21컬럼
2026-07-08 07:22:53,988 [INFO]    ppltn                     | 신규   121행 | 누적    484행 | 26컬럼
2026-07-08 07:22:53,988 [INFO]    road                      | 신규   121행 | 누적    484행 | 21컬럼
2026-07-08 07:22:53,988 [INFO]    road_road_traffic_stts    | 신규  5265행 | 누적  21060행 | 17컬럼
2026-07-08 07:22:53,988 [INFO]    subway                    | 신규    38행 | 누적    152행 | 13컬럼
2026-07-08 07:22:53,989 [INFO]    subway_sub_stts           | 신규   183행 | 누적    732행 | 13컬럼
2026-07-08 07:22:53,989 [INFO]    weather                   | 신규   119행 | 누적    476행 | 29컬럼
2026-07-08 07:22:53,989 [INFO] 키별 사용량:
2026-07-08 07:22:53,989 [INFO]    🟢 KEY_1 (31/1000) 
2026-07-08 07:22:53,989 [INFO]    🟢 KEY_2 (30/1000) 
2026-07-08 07:22:53,989 [INFO]    🟢 KEY_3 (30/1000) 
2026-07-08 07:22:53,989 [INFO]    🟢 KEY_4 (30/1000) 
