2026-06-19 00:17:00,890 [INFO] 등록된 키: 4개, 합산 한도 4,000건/일
2026-06-19 00:17:00,890 [INFO] POI 로드: 매뉴얼 v8.5 기준 fallback 121개 (121개 전체)
2026-06-19 00:17:00,890 [INFO] === 수집 시작 2026-06-19T00:17:00.890880+09:00 ===
2026-06-19 00:17:00,891 [INFO] 대상 장소: 121개 | API: citydata (통합)
2026-06-19 00:17:00,891 [INFO] 키 풀: 4/4 활성 | 오늘 사용 0/4000건
2026-06-19 00:17:00,891 [INFO]   [KEY_1] 담당 31장소
2026-06-19 00:17:00,891 [INFO]   [KEY_2] 담당 30장소
2026-06-19 00:17:00,891 [INFO]   [KEY_3] 담당 30장소
2026-06-19 00:17:00,891 [INFO]   [KEY_4] 담당 30장소
2026-06-19 00:17:00,891 [INFO] [1/121] 경복궁 (primary=KEY_1)
2026-06-19 00:17:02,566 [INFO] [2/121] 광화문·덕수궁 (primary=KEY_2)
2026-06-19 00:17:04,641 [INFO] [3/121] 보신각 (primary=KEY_3)
2026-06-19 00:17:06,310 [INFO] [4/121] 서울 암사동 유적 (primary=KEY_4)
2026-06-19 00:17:07,836 [INFO] [5/121] 창덕궁·종묘 (primary=KEY_1)
2026-06-19 00:17:09,497 [INFO] [6/121] 강남 MICE 관광특구 (primary=KEY_2)
2026-06-19 00:17:10,495 [INFO] [7/121] 동대문 관광특구 (primary=KEY_3)
2026-06-19 00:17:12,335 [INFO] [8/121] 명동 관광특구 (primary=KEY_4)
2026-06-19 00:17:14,610 [INFO] [9/121] 이태원 관광특구 (primary=KEY_1)
2026-06-19 00:17:16,301 [INFO] [10/121] 잠실 관광특구 (primary=KEY_2)
2026-06-19 00:17:18,437 [INFO] [11/121] 종로·청계 관광특구 (primary=KEY_3)
2026-06-19 00:17:20,568 [INFO] [12/121] 홍대 관광특구 (primary=KEY_4)
2026-06-19 00:17:22,163 [INFO] [13/121] 강서한강공원 (primary=KEY_1)
2026-06-19 00:17:23,809 [INFO] [14/121] 고척돔 (primary=KEY_2)
2026-06-19 00:17:24,803 [INFO] [15/121] 광나루한강공원 (primary=KEY_3)
2026-06-19 00:17:25,913 [INFO] [16/121] 광화문광장 (primary=KEY_4)
2026-06-19 00:17:27,906 [INFO] [17/121] 국립중앙박물관·용산가족공원 (primary=KEY_1)
2026-06-19 00:17:28,891 [INFO] [18/121] 난지한강공원 (primary=KEY_2)
2026-06-19 00:17:29,869 [INFO] [19/121] 남산공원 (primary=KEY_3)
2026-06-19 00:17:31,823 [INFO] [20/121] 노들섬 (primary=KEY_4)
2026-06-19 00:17:32,809 [INFO] [21/121] 뚝섬한강공원 (primary=KEY_1)
2026-06-19 00:17:33,795 [INFO] [22/121] 망원한강공원 (primary=KEY_2)
2026-06-19 00:17:34,914 [INFO] [23/121] 반포한강공원 (primary=KEY_3)
2026-06-19 00:17:35,879 [INFO] [24/121] 보라매공원 (primary=KEY_4)
2026-06-19 00:17:36,905 [INFO] [25/121] 북서울꿈의숲 (primary=KEY_1)
2026-06-19 00:17:38,543 [INFO] [26/121] 서대문독립공원 (primary=KEY_2)
2026-06-19 00:17:40,334 [INFO] [27/121] 서리풀공원·몽마르뜨공원 (primary=KEY_3)
2026-06-19 00:17:41,486 [INFO] [28/121] 서울대공원 (primary=KEY_4)
2026-06-19 00:17:42,440 [INFO] [29/121] 서울숲공원 (primary=KEY_1)
2026-06-19 00:17:43,558 [INFO] [30/121] 송현녹지광장 (primary=KEY_2)
2026-06-19 00:17:44,661 [INFO] [31/121] 아차산 (primary=KEY_3)
2026-06-19 00:17:45,651 [INFO] [32/121] 안양천 (primary=KEY_4)
2026-06-19 00:17:46,615 [INFO] [33/121] 양화한강공원 (primary=KEY_1)
2026-06-19 00:17:47,575 [INFO] [34/121] 어린이대공원 (primary=KEY_2)
2026-06-19 00:17:48,563 [INFO] [35/121] 여의도한강공원 (primary=KEY_3)
2026-06-19 00:17:49,665 [INFO] [36/121] 여의서로 (primary=KEY_4)
2026-06-19 00:17:50,638 [INFO] [37/121] 올림픽공원 (primary=KEY_1)
2026-06-19 00:17:51,784 [INFO] [38/121] 월드컵공원 (primary=KEY_2)
2026-06-19 00:17:53,857 [INFO] [39/121] 응봉산 (primary=KEY_3)
2026-06-19 00:17:54,951 [INFO] [40/121] 이촌한강공원 (primary=KEY_4)
2026-06-19 00:17:55,913 [INFO] [41/121] 잠실종합운동장 (primary=KEY_1)
2026-06-19 00:17:56,896 [INFO] [42/121] 잠실한강공원 (primary=KEY_2)
2026-06-19 00:17:58,673 [INFO] [43/121] 잠원한강공원 (primary=KEY_3)
2026-06-19 00:17:59,635 [INFO] [44/121] 청계산 (primary=KEY_4)
2026-06-19 00:18:00,598 [INFO] [45/121] 홍제폭포 (primary=KEY_1)
2026-06-19 00:18:01,560 [INFO] [46/121] 가락시장 (primary=KEY_2)
2026-06-19 00:18:02,679 [INFO] [47/121] 가로수길 (primary=KEY_3)
2026-06-19 00:18:03,816 [INFO] [48/121] 광장(전통)시장 (primary=KEY_4)
2026-06-19 00:18:04,812 [INFO] [49/121] 김포공항 (primary=KEY_1)
2026-06-19 00:18:05,949 [INFO] [50/121] 남대문시장 (primary=KEY_2)
2026-06-19 00:18:06,955 [INFO] [51/121] 노량진 (primary=KEY_3)
2026-06-19 00:18:07,936 [INFO] [52/121] 덕수궁길·정동길 (primary=KEY_4)
2026-06-19 00:18:09,072 [INFO] [53/121] 북창동 먹자골목 (primary=KEY_1)
2026-06-19 00:18:10,043 [INFO] [54/121] 북촌한옥마을 (primary=KEY_2)
2026-06-19 00:18:11,157 [INFO] [55/121] 서촌 (primary=KEY_3)
2026-06-19 00:18:12,269 [INFO] [56/121] 성수카페거리 (primary=KEY_4)
2026-06-19 00:18:13,407 [INFO] [57/121] 송리단길·호수단길 (primary=KEY_1)
2026-06-19 00:18:14,533 [INFO] [58/121] 신촌 스타광장 (primary=KEY_2)
2026-06-19 00:18:15,521 [INFO] [59/121] 압구정로데오거리 (primary=KEY_3)
2026-06-19 00:18:16,662 [INFO] [60/121] 여의도 (primary=KEY_4)
2026-06-19 00:18:18,276 [INFO] [61/121] 연남동 (primary=KEY_1)
2026-06-19 00:18:19,402 [INFO] [62/121] 영등포 타임스퀘어 (primary=KEY_2)
2026-06-19 00:18:20,519 [INFO] [63/121] 용리단길 (primary=KEY_3)
2026-06-19 00:18:21,552 [INFO] [64/121] 이태원 앤틱가구거리 (primary=KEY_4)
2026-06-19 00:18:22,546 [INFO] [65/121] 익선동 (primary=KEY_1)
2026-06-19 00:18:23,695 [INFO] [66/121] 인사동 (primary=KEY_2)
2026-06-19 00:18:24,857 [INFO] [67/121] 잠실롯데타워·석촌호수 (primary=KEY_3)
2026-06-19 00:18:26,037 [INFO] [68/121] 창동 신경제 중심지 (primary=KEY_4)
2026-06-19 00:18:27,341 [INFO] [69/121] 청담동 명품거리 (primary=KEY_1)
2026-06-19 00:18:28,464 [INFO] [70/121] 청량리 제기동 일대 전통시장 (primary=KEY_2)
2026-06-19 00:18:29,593 [INFO] [71/121] 해방촌·경리단길 (primary=KEY_3)
2026-06-19 00:18:30,581 [INFO] [72/121] DDP(동대문디자인플라자) (primary=KEY_4)
2026-06-19 00:18:31,766 [INFO] [73/121] DMC(디지털미디어시티) (primary=KEY_1)
2026-06-19 00:18:33,059 [INFO] [74/121] 가산디지털단지역 (primary=KEY_2)
2026-06-19 00:18:34,333 [INFO] [75/121] 강남역 (primary=KEY_3)
2026-06-19 00:18:35,642 [INFO] [76/121] 건대입구역 (primary=KEY_4)
2026-06-19 00:18:36,791 [INFO] [77/121] 고덕역 (primary=KEY_1)
2026-06-19 00:18:37,914 [INFO] [78/121] 고속터미널역 (primary=KEY_2)
2026-06-19 00:18:38,933 [INFO] [79/121] 교대역 (primary=KEY_3)
2026-06-19 00:18:39,929 [INFO] [80/121] 구로디지털단지역 (primary=KEY_4)
2026-06-19 00:18:41,061 [INFO] [81/121] 구로역 (primary=KEY_1)
2026-06-19 00:18:42,036 [INFO] [82/121] 군자역 (primary=KEY_2)
2026-06-19 00:18:43,161 [INFO] [83/121] 대림역 (primary=KEY_3)
2026-06-19 00:18:44,294 [INFO] [84/121] 동대문역 (primary=KEY_4)
2026-06-19 00:18:45,445 [INFO] [85/121] 뚝섬역 (primary=KEY_1)
2026-06-19 00:18:46,576 [INFO] [86/121] 미아사거리역 (primary=KEY_2)
2026-06-19 00:18:47,702 [INFO] [87/121] 발산역 (primary=KEY_3)
2026-06-19 00:18:48,956 [INFO] [88/121] 사당역 (primary=KEY_4)
2026-06-19 00:18:50,082 [INFO] [89/121] 삼각지역 (primary=KEY_1)
2026-06-19 00:18:51,095 [INFO] [90/121] 서울대입구역 (primary=KEY_2)
2026-06-19 00:18:52,098 [INFO] [91/121] 서울식물원·마곡나루역 (primary=KEY_3)
2026-06-19 00:18:53,277 [INFO] [92/121] 서울역 (primary=KEY_4)
2026-06-19 00:18:54,475 [INFO] [93/121] 선릉역 (primary=KEY_1)
2026-06-19 00:18:55,771 [INFO] [94/121] 성신여대입구역 (primary=KEY_2)
2026-06-19 00:18:56,768 [INFO] [95/121] 수유역 (primary=KEY_3)
2026-06-19 00:18:57,888 [INFO] [96/121] 숭례문 (primary=KEY_4)
2026-06-19 00:18:59,048 [INFO] [97/121] 시의회 앞 (primary=KEY_1)
2026-06-19 00:19:00,177 [INFO] [98/121] 신논현역·논현역 (primary=KEY_2)
2026-06-19 00:19:01,311 [INFO] [99/121] 신도림역 (primary=KEY_3)
2026-06-19 00:19:02,292 [INFO] [100/121] 신림역 (primary=KEY_4)
2026-06-19 00:19:03,280 [INFO] [101/121] 신정네거리역 (primary=KEY_1)
2026-06-19 00:19:04,254 [INFO] [102/121] 신촌·이대역 (primary=KEY_2)
2026-06-19 00:19:05,378 [INFO] [103/121] 쌍문역 (primary=KEY_3)
2026-06-19 00:19:06,367 [INFO] [104/121] 양재역 (primary=KEY_4)
2026-06-19 00:19:07,496 [INFO] [105/121] 역삼역 (primary=KEY_1)
2026-06-19 00:19:08,633 [INFO] [106/121] 연신내역 (primary=KEY_2)
2026-06-19 00:19:09,644 [INFO] [107/121] 오목교역·목동운동장 (primary=KEY_3)
2026-06-19 00:19:10,915 [INFO] [108/121] 왕십리역 (primary=KEY_4)
2026-06-19 00:19:12,069 [INFO] [109/121] 용산역 (primary=KEY_1)
2026-06-19 00:19:13,281 [INFO] [110/121] 이태원역 (primary=KEY_2)
2026-06-19 00:19:14,269 [INFO] [111/121] 잠실새내역 (primary=KEY_3)
2026-06-19 00:19:15,381 [INFO] [112/121] 잠실역 (primary=KEY_4)
2026-06-19 00:19:16,498 [INFO] [113/121] 장지역 (primary=KEY_1)
2026-06-19 00:19:17,625 [INFO] [114/121] 장한평역 (primary=KEY_2)
2026-06-19 00:19:18,740 [INFO] [115/121] 천호역 (primary=KEY_3)
2026-06-19 00:19:19,948 [INFO] [116/121] 총신대입구(이수)역 (primary=KEY_4)
2026-06-19 00:19:21,093 [INFO] [117/121] 충정로역 (primary=KEY_1)
2026-06-19 00:19:22,105 [INFO] [118/121] 합정역 (primary=KEY_2)
2026-06-19 00:19:23,276 [INFO] [119/121] 혜화역 (primary=KEY_3)
2026-06-19 00:19:24,399 [INFO] [120/121] 홍대입구역(2호선) (primary=KEY_4)
2026-06-19 00:19:25,396 [INFO] [121/121] 회기역 (primary=KEY_1)
2026-06-19 00:19:26,966 [INFO] === 수집 완료 | 성공 121, 실패 0 ===
2026-06-19 00:19:26,966 [INFO] 카테고리별 저장 결과:
2026-06-19 00:19:26,966 [INFO]    accident                  | 신규     8행 | 누적      8행 | 16컬럼
2026-06-19 00:19:26,966 [INFO]    accident_acdnt_cntrl_stts | 신규     6행 | 누적      6행 | 16컬럼
2026-06-19 00:19:26,966 [INFO]    area_meta                 | 신규   121행 | 누적    121행 | 5컬럼
2026-06-19 00:19:26,966 [INFO]    bike                      | 신규    12행 | 누적     12행 | 12컬럼
2026-06-19 00:19:26,966 [INFO]    bike_sbike_stts           | 신규   542행 | 누적    542행 | 12컬럼
2026-06-19 00:19:26,966 [INFO]    bus                       | 신규     3행 | 누적      3행 | 11컬럼
2026-06-19 00:19:26,967 [INFO]    bus_bus_stn_stts          | 신규  1745행 | 누적   1745행 | 11컬럼
2026-06-19 00:19:26,967 [INFO]    charger                   | 신규    25행 | 누적     25행 | 15컬럼
2026-06-19 00:19:26,967 [INFO]    charger_charger_stts      | 신규   336행 | 누적    336행 | 15컬럼
2026-06-19 00:19:26,967 [INFO]    cmrcl                     | 신규    82행 | 누적     82행 | 20컬럼
2026-06-19 00:19:26,967 [INFO]    events                    | 신규    14행 | 누적     14행 | 14컬럼
2026-06-19 00:19:26,967 [INFO]    events_event_stts         | 신규   160행 | 누적    160행 | 14컬럼
2026-06-19 00:19:26,967 [INFO]    parking                   | 신규     6행 | 누적      6행 | 21컬럼
2026-06-19 00:19:26,967 [INFO]    parking_prk_stts          | 신규  1836행 | 누적   1836행 | 21컬럼
2026-06-19 00:19:26,967 [INFO]    ppltn                     | 신규   121행 | 누적    121행 | 26컬럼
2026-06-19 00:19:26,967 [INFO]    road                      | 신규   121행 | 누적    121행 | 21컬럼
2026-06-19 00:19:26,967 [INFO]    road_road_traffic_stts    | 신규  5256행 | 누적   5256행 | 17컬럼
2026-06-19 00:19:26,967 [INFO]    subway                    | 신규    38행 | 누적     38행 | 12컬럼
2026-06-19 00:19:26,967 [INFO]    subway_sub_stts           | 신규   183행 | 누적    183행 | 13컬럼
2026-06-19 00:19:26,967 [INFO]    weather                   | 신규   119행 | 누적    119행 | 29컬럼
2026-06-19 00:19:26,967 [INFO] 키별 사용량:
2026-06-19 00:19:26,967 [INFO]    🟢 KEY_1 (31/1000) 
2026-06-19 00:19:26,967 [INFO]    🟢 KEY_2 (30/1000) 
2026-06-19 00:19:26,967 [INFO]    🟢 KEY_3 (30/1000) 
2026-06-19 00:19:26,967 [INFO]    🟢 KEY_4 (30/1000) 
2026-06-19 02:16:14,261 [INFO] 등록된 키: 4개, 합산 한도 4,000건/일
2026-06-19 02:16:14,261 [INFO] POI 로드: 매뉴얼 v8.5 기준 fallback 121개 (121개 전체)
2026-06-19 02:16:14,262 [INFO] === 수집 시작 2026-06-19T02:16:14.262040+09:00 ===
2026-06-19 02:16:14,262 [INFO] 대상 장소: 121개 | API: citydata (통합)
2026-06-19 02:16:14,262 [INFO] 키 풀: 4/4 활성 | 오늘 사용 0/4000건
2026-06-19 02:16:14,262 [INFO]   [KEY_1] 담당 31장소
2026-06-19 02:16:14,262 [INFO]   [KEY_2] 담당 30장소
2026-06-19 02:16:14,262 [INFO]   [KEY_3] 담당 30장소
2026-06-19 02:16:14,262 [INFO]   [KEY_4] 담당 30장소
2026-06-19 02:16:14,262 [INFO] [1/121] 경복궁 (primary=KEY_1)
2026-06-19 02:16:16,087 [INFO] [2/121] 광화문·덕수궁 (primary=KEY_2)
2026-06-19 02:16:17,411 [INFO] [3/121] 보신각 (primary=KEY_3)
2026-06-19 02:16:19,238 [INFO] [4/121] 서울 암사동 유적 (primary=KEY_4)
2026-06-19 02:16:20,337 [INFO] [5/121] 창덕궁·종묘 (primary=KEY_1)
2026-06-19 02:16:21,987 [INFO] [6/121] 강남 MICE 관광특구 (primary=KEY_2)
2026-06-19 02:16:23,675 [INFO] [7/121] 동대문 관광특구 (primary=KEY_3)
2026-06-19 02:16:25,528 [INFO] [8/121] 명동 관광특구 (primary=KEY_4)
2026-06-19 02:16:26,992 [INFO] [9/121] 이태원 관광특구 (primary=KEY_1)
2026-06-19 02:16:28,128 [INFO] [10/121] 잠실 관광특구 (primary=KEY_2)
2026-06-19 02:16:29,456 [INFO] [11/121] 종로·청계 관광특구 (primary=KEY_3)
2026-06-19 02:16:30,766 [INFO] [12/121] 홍대 관광특구 (primary=KEY_4)
2026-06-19 02:16:32,623 [INFO] [13/121] 강서한강공원 (primary=KEY_1)
2026-06-19 02:16:33,610 [INFO] [14/121] 고척돔 (primary=KEY_2)
2026-06-19 02:16:35,262 [INFO] [15/121] 광나루한강공원 (primary=KEY_3)
2026-06-19 02:16:36,370 [INFO] [16/121] 광화문광장 (primary=KEY_4)
2026-06-19 02:16:38,074 [INFO] [17/121] 국립중앙박물관·용산가족공원 (primary=KEY_1)
2026-06-19 02:16:39,882 [INFO] [18/121] 난지한강공원 (primary=KEY_2)
2026-06-19 02:16:40,874 [INFO] [19/121] 남산공원 (primary=KEY_3)
2026-06-19 02:16:42,189 [INFO] [20/121] 노들섬 (primary=KEY_4)
2026-06-19 02:16:43,165 [INFO] [21/121] 뚝섬한강공원 (primary=KEY_1)
2026-06-19 02:16:44,175 [INFO] [22/121] 망원한강공원 (primary=KEY_2)
2026-06-19 02:16:45,315 [INFO] [23/121] 반포한강공원 (primary=KEY_3)
2026-06-19 02:16:46,289 [INFO] [24/121] 보라매공원 (primary=KEY_4)
2026-06-19 02:16:47,291 [INFO] [25/121] 북서울꿈의숲 (primary=KEY_1)
2026-06-19 02:16:48,282 [INFO] [26/121] 서대문독립공원 (primary=KEY_2)
2026-06-19 02:16:49,266 [INFO] [27/121] 서리풀공원·몽마르뜨공원 (primary=KEY_3)
2026-06-19 02:16:50,282 [INFO] [28/121] 서울대공원 (primary=KEY_4)
2026-06-19 02:16:51,249 [INFO] [29/121] 서울숲공원 (primary=KEY_1)
2026-06-19 02:16:52,367 [INFO] [30/121] 송현녹지광장 (primary=KEY_2)
2026-06-19 02:16:54,079 [INFO] [31/121] 아차산 (primary=KEY_3)
2026-06-19 02:16:55,063 [INFO] [32/121] 안양천 (primary=KEY_4)
2026-06-19 02:16:56,052 [INFO] [33/121] 양화한강공원 (primary=KEY_1)
2026-06-19 02:16:57,031 [INFO] [34/121] 어린이대공원 (primary=KEY_2)
2026-06-19 02:16:58,036 [INFO] [35/121] 여의도한강공원 (primary=KEY_3)
2026-06-19 02:16:59,154 [INFO] [36/121] 여의서로 (primary=KEY_4)
2026-06-19 02:17:00,144 [INFO] [37/121] 올림픽공원 (primary=KEY_1)
2026-06-19 02:17:01,311 [INFO] [38/121] 월드컵공원 (primary=KEY_2)
2026-06-19 02:17:02,595 [INFO] [39/121] 응봉산 (primary=KEY_3)
2026-06-19 02:17:03,716 [INFO] [40/121] 이촌한강공원 (primary=KEY_4)
2026-06-19 02:17:04,683 [INFO] [41/121] 잠실종합운동장 (primary=KEY_1)
2026-06-19 02:17:05,664 [INFO] [42/121] 잠실한강공원 (primary=KEY_2)
2026-06-19 02:17:06,661 [INFO] [43/121] 잠원한강공원 (primary=KEY_3)
2026-06-19 02:17:07,639 [INFO] [44/121] 청계산 (primary=KEY_4)
2026-06-19 02:17:08,618 [INFO] [45/121] 홍제폭포 (primary=KEY_1)
2026-06-19 02:17:09,588 [INFO] [46/121] 가락시장 (primary=KEY_2)
2026-06-19 02:17:10,734 [INFO] [47/121] 가로수길 (primary=KEY_3)
2026-06-19 02:17:11,921 [INFO] [48/121] 광장(전통)시장 (primary=KEY_4)
2026-06-19 02:17:12,919 [INFO] [49/121] 김포공항 (primary=KEY_1)
2026-06-19 02:17:14,046 [INFO] [50/121] 남대문시장 (primary=KEY_2)
2026-06-19 02:17:15,031 [INFO] [51/121] 노량진 (primary=KEY_3)
2026-06-19 02:17:16,018 [INFO] [52/121] 덕수궁길·정동길 (primary=KEY_4)
2026-06-19 02:17:17,150 [INFO] [53/121] 북창동 먹자골목 (primary=KEY_1)
2026-06-19 02:17:18,135 [INFO] [54/121] 북촌한옥마을 (primary=KEY_2)
2026-06-19 02:17:19,263 [INFO] [55/121] 서촌 (primary=KEY_3)
2026-06-19 02:17:20,385 [INFO] [56/121] 성수카페거리 (primary=KEY_4)
2026-06-19 02:17:21,511 [INFO] [57/121] 송리단길·호수단길 (primary=KEY_1)
2026-06-19 02:17:22,640 [INFO] [58/121] 신촌 스타광장 (primary=KEY_2)
2026-06-19 02:17:23,620 [INFO] [59/121] 압구정로데오거리 (primary=KEY_3)
2026-06-19 02:17:24,773 [INFO] [60/121] 여의도 (primary=KEY_4)
2026-06-19 02:17:26,384 [INFO] [61/121] 연남동 (primary=KEY_1)
2026-06-19 02:17:27,504 [INFO] [62/121] 영등포 타임스퀘어 (primary=KEY_2)
2026-06-19 02:17:28,621 [INFO] [63/121] 용리단길 (primary=KEY_3)
2026-06-19 02:17:29,639 [INFO] [64/121] 이태원 앤틱가구거리 (primary=KEY_4)
2026-06-19 02:17:30,633 [INFO] [65/121] 익선동 (primary=KEY_1)
2026-06-19 02:17:31,778 [INFO] [66/121] 인사동 (primary=KEY_2)
2026-06-19 02:17:32,921 [INFO] [67/121] 잠실롯데타워·석촌호수 (primary=KEY_3)
2026-06-19 02:17:34,076 [INFO] [68/121] 창동 신경제 중심지 (primary=KEY_4)
2026-06-19 02:17:35,361 [INFO] [69/121] 청담동 명품거리 (primary=KEY_1)
2026-06-19 02:17:36,497 [INFO] [70/121] 청량리 제기동 일대 전통시장 (primary=KEY_2)
2026-06-19 02:17:37,649 [INFO] [71/121] 해방촌·경리단길 (primary=KEY_3)
2026-06-19 02:17:38,636 [INFO] [72/121] DDP(동대문디자인플라자) (primary=KEY_4)
2026-06-19 02:17:39,809 [INFO] [73/121] DMC(디지털미디어시티) (primary=KEY_1)
2026-06-19 02:17:41,099 [INFO] [74/121] 가산디지털단지역 (primary=KEY_2)
2026-06-19 02:17:42,381 [INFO] [75/121] 강남역 (primary=KEY_3)
2026-06-19 02:17:43,684 [INFO] [76/121] 건대입구역 (primary=KEY_4)
2026-06-19 02:17:44,827 [INFO] [77/121] 고덕역 (primary=KEY_1)
2026-06-19 02:17:45,958 [INFO] [78/121] 고속터미널역 (primary=KEY_2)
2026-06-19 02:17:46,957 [INFO] [79/121] 교대역 (primary=KEY_3)
2026-06-19 02:17:47,944 [INFO] [80/121] 구로디지털단지역 (primary=KEY_4)
2026-06-19 02:17:49,091 [INFO] [81/121] 구로역 (primary=KEY_1)
2026-06-19 02:17:50,075 [INFO] [82/121] 군자역 (primary=KEY_2)
2026-06-19 02:17:51,086 [INFO] [83/121] 대림역 (primary=KEY_3)
2026-06-19 02:17:52,094 [INFO] [84/121] 동대문역 (primary=KEY_4)
2026-06-19 02:17:53,119 [INFO] [85/121] 뚝섬역 (primary=KEY_1)
2026-06-19 02:17:54,226 [INFO] [86/121] 미아사거리역 (primary=KEY_2)
2026-06-19 02:17:55,361 [INFO] [87/121] 발산역 (primary=KEY_3)
2026-06-19 02:17:56,645 [INFO] [88/121] 사당역 (primary=KEY_4)
2026-06-19 02:17:57,789 [INFO] [89/121] 삼각지역 (primary=KEY_1)
2026-06-19 02:17:58,788 [INFO] [90/121] 서울대입구역 (primary=KEY_2)
2026-06-19 02:17:59,805 [INFO] [91/121] 서울식물원·마곡나루역 (primary=KEY_3)
2026-06-19 02:18:00,938 [INFO] [92/121] 서울역 (primary=KEY_4)
2026-06-19 02:18:02,133 [INFO] [93/121] 선릉역 (primary=KEY_1)
2026-06-19 02:18:03,501 [INFO] [94/121] 성신여대입구역 (primary=KEY_2)
2026-06-19 02:18:04,490 [INFO] [95/121] 수유역 (primary=KEY_3)
2026-06-19 02:18:05,628 [INFO] [96/121] 숭례문 (primary=KEY_4)
2026-06-19 02:18:06,744 [INFO] [97/121] 시의회 앞 (primary=KEY_1)
2026-06-19 02:18:07,884 [INFO] [98/121] 신논현역·논현역 (primary=KEY_2)
2026-06-19 02:18:09,035 [INFO] [99/121] 신도림역 (primary=KEY_3)
2026-06-19 02:18:10,031 [INFO] [100/121] 신림역 (primary=KEY_4)
2026-06-19 02:18:11,044 [INFO] [101/121] 신정네거리역 (primary=KEY_1)
2026-06-19 02:18:12,017 [INFO] [102/121] 신촌·이대역 (primary=KEY_2)
2026-06-19 02:18:13,163 [INFO] [103/121] 쌍문역 (primary=KEY_3)
2026-06-19 02:18:14,162 [INFO] [104/121] 양재역 (primary=KEY_4)
2026-06-19 02:18:15,301 [INFO] [105/121] 역삼역 (primary=KEY_1)
2026-06-19 02:18:16,427 [INFO] [106/121] 연신내역 (primary=KEY_2)
2026-06-19 02:18:17,434 [INFO] [107/121] 오목교역·목동운동장 (primary=KEY_3)
2026-06-19 02:18:18,722 [INFO] [108/121] 왕십리역 (primary=KEY_4)
2026-06-19 02:18:19,858 [INFO] [109/121] 용산역 (primary=KEY_1)
2026-06-19 02:18:20,997 [INFO] [110/121] 이태원역 (primary=KEY_2)
2026-06-19 02:18:21,987 [INFO] [111/121] 잠실새내역 (primary=KEY_3)
2026-06-19 02:18:23,133 [INFO] [112/121] 잠실역 (primary=KEY_4)
2026-06-19 02:18:24,285 [INFO] [113/121] 장지역 (primary=KEY_1)
2026-06-19 02:18:25,426 [INFO] [114/121] 장한평역 (primary=KEY_2)
2026-06-19 02:18:26,575 [INFO] [115/121] 천호역 (primary=KEY_3)
2026-06-19 02:18:27,804 [INFO] [116/121] 총신대입구(이수)역 (primary=KEY_4)
2026-06-19 02:18:28,940 [INFO] [117/121] 충정로역 (primary=KEY_1)
2026-06-19 02:18:29,954 [INFO] [118/121] 합정역 (primary=KEY_2)
2026-06-19 02:18:31,110 [INFO] [119/121] 혜화역 (primary=KEY_3)
2026-06-19 02:18:32,110 [INFO] [120/121] 홍대입구역(2호선) (primary=KEY_4)
2026-06-19 02:18:33,141 [INFO] [121/121] 회기역 (primary=KEY_1)
2026-06-19 02:18:34,916 [INFO] === 수집 완료 | 성공 121, 실패 0 ===
2026-06-19 02:18:34,917 [INFO] 카테고리별 저장 결과:
2026-06-19 02:18:34,917 [INFO]    accident                  | 신규     8행 | 누적     16행 | 16컬럼
2026-06-19 02:18:34,917 [INFO]    accident_acdnt_cntrl_stts | 신규     6행 | 누적     12행 | 16컬럼
2026-06-19 02:18:34,917 [INFO]    area_meta                 | 신규   121행 | 누적    242행 | 5컬럼
2026-06-19 02:18:34,917 [INFO]    bike                      | 신규    12행 | 누적     24행 | 12컬럼
2026-06-19 02:18:34,917 [INFO]    bike_sbike_stts           | 신규   542행 | 누적   1084행 | 12컬럼
2026-06-19 02:18:34,917 [INFO]    bus                       | 신규     3행 | 누적      6행 | 11컬럼
2026-06-19 02:18:34,917 [INFO]    bus_bus_stn_stts          | 신규  1745행 | 누적   3490행 | 11컬럼
2026-06-19 02:18:34,917 [INFO]    charger                   | 신규    25행 | 누적     50행 | 15컬럼
2026-06-19 02:18:34,917 [INFO]    charger_charger_stts      | 신규   336행 | 누적    668행 | 15컬럼
2026-06-19 02:18:34,917 [INFO]    cmrcl                     | 신규    82행 | 누적    164행 | 20컬럼
2026-06-19 02:18:34,917 [INFO]    events                    | 신규    14행 | 누적     28행 | 14컬럼
2026-06-19 02:18:34,917 [INFO]    events_event_stts         | 신규   160행 | 누적    320행 | 14컬럼
2026-06-19 02:18:34,917 [INFO]    parking                   | 신규     6행 | 누적     12행 | 21컬럼
2026-06-19 02:18:34,917 [INFO]    parking_prk_stts          | 신규  1836행 | 누적   3672행 | 21컬럼
2026-06-19 02:18:34,917 [INFO]    ppltn                     | 신규   121행 | 누적    242행 | 26컬럼
2026-06-19 02:18:34,917 [INFO]    road                      | 신규   121행 | 누적    242행 | 21컬럼
2026-06-19 02:18:34,917 [INFO]    road_road_traffic_stts    | 신규  5256행 | 누적  10512행 | 17컬럼
2026-06-19 02:18:34,917 [INFO]    subway                    | 신규    38행 | 누적     76행 | 12컬럼
2026-06-19 02:18:34,917 [INFO]    subway_sub_stts           | 신규   183행 | 누적    366행 | 13컬럼
2026-06-19 02:18:34,917 [INFO]    weather                   | 신규   119행 | 누적    238행 | 29컬럼
2026-06-19 02:18:34,917 [INFO] 키별 사용량:
2026-06-19 02:18:34,917 [INFO]    🟢 KEY_1 (31/1000) 
2026-06-19 02:18:34,917 [INFO]    🟢 KEY_2 (30/1000) 
2026-06-19 02:18:34,918 [INFO]    🟢 KEY_3 (30/1000) 
2026-06-19 02:18:34,918 [INFO]    🟢 KEY_4 (30/1000) 
