2026-09-21 01:00:08,558 [INFO] 등록된 키: 4개, 합산 한도 4,000건/일
2026-09-21 01:00:08,558 [INFO] POI 로드: 매뉴얼 v8.5 기준 fallback 121개 (121개 전체)
2026-09-21 01:00:08,558 [INFO] === 수집 시작 2026-09-21T01:00:08.558875+09:00 ===
2026-09-21 01:00:08,558 [INFO] 대상 장소: 121개 | API: citydata (통합)
2026-09-21 01:00:08,559 [INFO] 키 풀: 4/4 활성 | 오늘 사용 0/4000건
2026-09-21 01:00:08,559 [INFO]   [KEY_1] 담당 31장소
2026-09-21 01:00:08,559 [INFO]   [KEY_2] 담당 30장소
2026-09-21 01:00:08,559 [INFO]   [KEY_3] 담당 30장소
2026-09-21 01:00:08,559 [INFO]   [KEY_4] 담당 30장소
2026-09-21 01:00:08,559 [INFO] [1/121] 경복궁 (primary=KEY_1)
2026-09-21 01:00:11,137 [INFO] [2/121] 광화문·덕수궁 (primary=KEY_2)
2026-09-21 01:00:13,213 [INFO] [3/121] 보신각 (primary=KEY_3)
2026-09-21 01:00:14,371 [INFO] [4/121] 서울 암사동 유적 (primary=KEY_4)
2026-09-21 01:00:15,987 [INFO] [5/121] 창덕궁·종묘 (primary=KEY_1)
2026-09-21 01:00:17,133 [INFO] [6/121] 강남 MICE 관광특구 (primary=KEY_2)
2026-09-21 01:00:18,304 [INFO] [7/121] 동대문 관광특구 (primary=KEY_3)
2026-09-21 01:00:20,550 [INFO] [8/121] 명동 관광특구 (primary=KEY_4)
2026-09-21 01:00:22,065 [INFO] [9/121] 이태원 관광특구 (primary=KEY_1)
2026-09-21 01:00:23,260 [INFO] [10/121] 잠실 관광특구 (primary=KEY_2)
2026-09-21 01:00:25,355 [INFO] [11/121] 종로·청계 관광특구 (primary=KEY_3)
2026-09-21 01:00:26,695 [INFO] [12/121] 홍대 관광특구 (primary=KEY_4)
2026-09-21 01:00:28,044 [INFO] [13/121] 강서한강공원 (primary=KEY_1)
2026-09-21 01:00:29,050 [INFO] [14/121] 고척돔 (primary=KEY_2)
2026-09-21 01:00:30,063 [INFO] [15/121] 광나루한강공원 (primary=KEY_3)
2026-09-21 01:00:31,205 [INFO] [16/121] 광화문광장 (primary=KEY_4)
2026-09-21 01:00:32,365 [INFO] [17/121] 국립중앙박물관·용산가족공원 (primary=KEY_1)
2026-09-21 01:00:33,532 [INFO] [18/121] 난지한강공원 (primary=KEY_2)
2026-09-21 01:00:35,283 [INFO] [19/121] 남산공원 (primary=KEY_3)
2026-09-21 01:00:36,618 [INFO] [20/121] 노들섬 (primary=KEY_4)
2026-09-21 01:00:37,618 [INFO] [21/121] 뚝섬한강공원 (primary=KEY_1)
2026-09-21 01:00:39,324 [INFO] [22/121] 망원한강공원 (primary=KEY_2)
2026-09-21 01:00:40,574 [INFO] [23/121] 반포한강공원 (primary=KEY_3)
2026-09-21 01:00:41,583 [INFO] [24/121] 보라매공원 (primary=KEY_4)
2026-09-21 01:00:42,599 [INFO] [25/121] 북서울꿈의숲 (primary=KEY_1)
2026-09-21 01:00:43,756 [INFO] [26/121] 서대문독립공원 (primary=KEY_2)
2026-09-21 01:00:44,803 [INFO] [27/121] 서리풀공원·몽마르뜨공원 (primary=KEY_3)
2026-09-21 01:00:45,838 [INFO] [28/121] 서울대공원 (primary=KEY_4)
2026-09-21 01:00:46,879 [INFO] [29/121] 서울숲공원 (primary=KEY_1)
2026-09-21 01:00:48,052 [INFO] [30/121] 송현녹지광장 (primary=KEY_2)
2026-09-21 01:00:49,216 [INFO] [31/121] 아차산 (primary=KEY_3)
2026-09-21 01:00:50,225 [INFO] [32/121] 안양천 (primary=KEY_4)
2026-09-21 01:00:51,237 [INFO] [33/121] 양화한강공원 (primary=KEY_1)
2026-09-21 01:00:52,238 [INFO] [34/121] 어린이대공원 (primary=KEY_2)
2026-09-21 01:00:53,511 [INFO] [35/121] 여의도한강공원 (primary=KEY_3)
2026-09-21 01:00:54,669 [INFO] [36/121] 여의서로 (primary=KEY_4)
2026-09-21 01:00:55,817 [INFO] [37/121] 올림픽공원 (primary=KEY_1)
2026-09-21 01:00:57,000 [INFO] [38/121] 월드컵공원 (primary=KEY_2)
2026-09-21 01:00:58,326 [INFO] [39/121] 응봉산 (primary=KEY_3)
2026-09-21 01:00:59,480 [INFO] [40/121] 이촌한강공원 (primary=KEY_4)
2026-09-21 01:01:00,492 [INFO] [41/121] 잠실종합운동장 (primary=KEY_1)
2026-09-21 01:01:01,508 [INFO] [42/121] 잠실한강공원 (primary=KEY_2)
2026-09-21 01:01:02,530 [INFO] [43/121] 잠원한강공원 (primary=KEY_3)
2026-09-21 01:01:03,536 [INFO] [44/121] 청계산 (primary=KEY_4)
2026-09-21 01:01:04,532 [INFO] [45/121] 홍제폭포 (primary=KEY_1)
2026-09-21 01:01:05,392 [INFO] [46/121] 가락시장 (primary=KEY_2)
2026-09-21 01:01:06,618 [INFO] [47/121] 가로수길 (primary=KEY_3)
2026-09-21 01:01:07,801 [INFO] [48/121] 광장(전통)시장 (primary=KEY_4)
2026-09-21 01:01:08,813 [INFO] [49/121] 김포공항 (primary=KEY_1)
2026-09-21 01:01:10,140 [INFO] [50/121] 남대문시장 (primary=KEY_2)
2026-09-21 01:01:11,303 [INFO] [51/121] 노량진 (primary=KEY_3)
2026-09-21 01:01:12,500 [INFO] [52/121] 덕수궁길·정동길 (primary=KEY_4)
2026-09-21 01:01:13,678 [INFO] [53/121] 북창동 먹자골목 (primary=KEY_1)
2026-09-21 01:01:14,835 [INFO] [54/121] 북촌한옥마을 (primary=KEY_2)
2026-09-21 01:01:16,152 [INFO] [55/121] 서촌 (primary=KEY_3)
2026-09-21 01:01:17,305 [INFO] [56/121] 성수카페거리 (primary=KEY_4)
2026-09-21 01:01:18,632 [INFO] [57/121] 송리단길·호수단길 (primary=KEY_1)
2026-09-21 01:01:19,816 [INFO] [58/121] 신촌 스타광장 (primary=KEY_2)
2026-09-21 01:01:20,832 [INFO] [59/121] 압구정로데오거리 (primary=KEY_3)
2026-09-21 01:01:21,991 [INFO] [60/121] 여의도 (primary=KEY_4)
2026-09-21 01:01:23,826 [INFO] [61/121] 연남동 (primary=KEY_1)
2026-09-21 01:01:25,721 [INFO] [62/121] 영등포 타임스퀘어 (primary=KEY_2)
2026-09-21 01:01:27,613 [INFO] [63/121] 용리단길 (primary=KEY_3)
2026-09-21 01:01:29,354 [INFO] [64/121] 이태원 앤틱가구거리 (primary=KEY_4)
2026-09-21 01:01:30,369 [INFO] [65/121] 익선동 (primary=KEY_1)
2026-09-21 01:01:32,434 [INFO] [66/121] 인사동 (primary=KEY_2)
2026-09-21 01:01:34,514 [INFO] [67/121] 잠실롯데타워·석촌호수 (primary=KEY_3)
2026-09-21 01:01:35,994 [INFO] [68/121] 창동 신경제 중심지 (primary=KEY_4)
2026-09-21 01:01:37,486 [INFO] [69/121] 청담동 명품거리 (primary=KEY_1)
2026-09-21 01:01:38,660 [INFO] [70/121] 청량리 제기동 일대 전통시장 (primary=KEY_2)
2026-09-21 01:01:39,836 [INFO] [71/121] 해방촌·경리단길 (primary=KEY_3)
2026-09-21 01:01:40,905 [INFO] [72/121] DDP(동대문디자인플라자) (primary=KEY_4)
2026-09-21 01:01:42,080 [INFO] [73/121] DMC(디지털미디어시티) (primary=KEY_1)
2026-09-21 01:01:43,602 [INFO] [74/121] 가산디지털단지역 (primary=KEY_2)
2026-09-21 01:01:45,328 [INFO] [75/121] 강남역 (primary=KEY_3)
2026-09-21 01:01:47,586 [INFO] [76/121] 건대입구역 (primary=KEY_4)
2026-09-21 01:01:48,770 [INFO] [77/121] 고덕역 (primary=KEY_1)
2026-09-21 01:01:49,936 [INFO] [78/121] 고속터미널역 (primary=KEY_2)
2026-09-21 01:01:51,125 [INFO] [79/121] 교대역 (primary=KEY_3)
2026-09-21 01:01:52,174 [INFO] [80/121] 구로디지털단지역 (primary=KEY_4)
2026-09-21 01:01:53,645 [INFO] [81/121] 구로역 (primary=KEY_1)
2026-09-21 01:01:54,811 [INFO] [82/121] 군자역 (primary=KEY_2)
2026-09-21 01:01:55,846 [INFO] [83/121] 대림역 (primary=KEY_3)
2026-09-21 01:01:57,027 [INFO] [84/121] 동대문역 (primary=KEY_4)
2026-09-21 01:01:58,852 [INFO] [85/121] 뚝섬역 (primary=KEY_1)
2026-09-21 01:02:00,023 [INFO] [86/121] 미아사거리역 (primary=KEY_2)
2026-09-21 01:02:01,200 [INFO] [87/121] 발산역 (primary=KEY_3)
2026-09-21 01:02:02,684 [INFO] [88/121] 사당역 (primary=KEY_4)
2026-09-21 01:02:03,861 [INFO] [89/121] 삼각지역 (primary=KEY_1)
2026-09-21 01:02:04,879 [INFO] [90/121] 서울대입구역 (primary=KEY_2)
2026-09-21 01:02:06,039 [INFO] [91/121] 서울식물원·마곡나루역 (primary=KEY_3)
2026-09-21 01:02:07,362 [INFO] [92/121] 서울역 (primary=KEY_4)
2026-09-21 01:02:08,715 [INFO] [93/121] 선릉역 (primary=KEY_1)
2026-09-21 01:02:10,208 [INFO] [94/121] 성신여대입구역 (primary=KEY_2)
2026-09-21 01:02:11,233 [INFO] [95/121] 수유역 (primary=KEY_3)
2026-09-21 01:02:12,397 [INFO] [96/121] 숭례문 (primary=KEY_4)
2026-09-21 01:02:13,573 [INFO] [97/121] 시의회 앞 (primary=KEY_1)
2026-09-21 01:02:14,736 [INFO] [98/121] 신논현역·논현역 (primary=KEY_2)
2026-09-21 01:02:15,925 [INFO] [99/121] 신도림역 (primary=KEY_3)
2026-09-21 01:02:16,998 [INFO] [100/121] 신림역 (primary=KEY_4)
2026-09-21 01:02:18,036 [INFO] [101/121] 신정네거리역 (primary=KEY_1)
2026-09-21 01:02:19,201 [INFO] [102/121] 신촌·이대역 (primary=KEY_2)
2026-09-21 01:02:20,368 [INFO] [103/121] 쌍문역 (primary=KEY_3)
2026-09-21 01:02:21,526 [INFO] [104/121] 양재역 (primary=KEY_4)
2026-09-21 01:02:22,702 [INFO] [105/121] 역삼역 (primary=KEY_1)
2026-09-21 01:02:24,026 [INFO] [106/121] 연신내역 (primary=KEY_2)
2026-09-21 01:02:25,060 [INFO] [107/121] 오목교역·목동운동장 (primary=KEY_3)
2026-09-21 01:02:26,696 [INFO] [108/121] 왕십리역 (primary=KEY_4)
2026-09-21 01:02:27,931 [INFO] [109/121] 용산역 (primary=KEY_1)
2026-09-21 01:02:29,249 [INFO] [110/121] 이태원역 (primary=KEY_2)
2026-09-21 01:02:30,267 [INFO] [111/121] 잠실새내역 (primary=KEY_3)
2026-09-21 01:02:31,431 [INFO] [112/121] 잠실역 (primary=KEY_4)
2026-09-21 01:02:32,826 [INFO] [113/121] 장지역 (primary=KEY_1)
2026-09-21 01:02:34,172 [INFO] [114/121] 장한평역 (primary=KEY_2)
2026-09-21 01:02:35,343 [INFO] [115/121] 천호역 (primary=KEY_3)
2026-09-21 01:02:36,522 [INFO] [116/121] 총신대입구(이수)역 (primary=KEY_4)
2026-09-21 01:02:37,705 [INFO] [117/121] 충정로역 (primary=KEY_1)
2026-09-21 01:02:38,874 [INFO] [118/121] 합정역 (primary=KEY_2)
2026-09-21 01:02:40,053 [INFO] [119/121] 혜화역 (primary=KEY_3)
2026-09-21 01:02:41,223 [INFO] [120/121] 홍대입구역(2호선) (primary=KEY_4)
2026-09-21 01:02:42,458 [INFO] [121/121] 회기역 (primary=KEY_1)
2026-09-21 01:02:44,072 [INFO] === 수집 완료 | 성공 121, 실패 0 ===
2026-09-21 01:02:44,072 [INFO] 카테고리별 저장 결과:
2026-09-21 01:02:44,072 [INFO]    accident                  | 신규     2행 | 누적      2행 | 16컬럼
2026-09-21 01:02:44,072 [INFO]    area_meta                 | 신규   121행 | 누적    121행 | 5컬럼
2026-09-21 01:02:44,072 [INFO]    bike                      | 신규    10행 | 누적     10행 | 12컬럼
2026-09-21 01:02:44,072 [INFO]    bike_sbike_stts           | 신규   574행 | 누적    574행 | 12컬럼
2026-09-21 01:02:44,072 [INFO]    bus                       | 신규     3행 | 누적      3행 | 11컬럼
2026-09-21 01:02:44,072 [INFO]    bus_bus_stn_stts          | 신규  1745행 | 누적   1745행 | 11컬럼
2026-09-21 01:02:44,072 [INFO]    charger                   | 신규     4행 | 누적      4행 | 15컬럼
2026-09-21 01:02:44,072 [INFO]    charger_charger_stts      | 신규  1917행 | 누적   1917행 | 15컬럼
2026-09-21 01:02:44,072 [INFO]    cmrcl                     | 신규    82행 | 누적     82행 | 20컬럼
2026-09-21 01:02:44,072 [INFO]    events                    | 신규    13행 | 누적     13행 | 14컬럼
2026-09-21 01:02:44,073 [INFO]    events_event_stts         | 신규   117행 | 누적    117행 | 14컬럼
2026-09-21 01:02:44,073 [INFO]    parking                   | 신규     6행 | 누적      6행 | 21컬럼
2026-09-21 01:02:44,073 [INFO]    parking_prk_stts          | 신규  1832행 | 누적   1832행 | 21컬럼
2026-09-21 01:02:44,073 [INFO]    ppltn                     | 신규   121행 | 누적    121행 | 26컬럼
2026-09-21 01:02:44,073 [INFO]    road                      | 신규   121행 | 누적    121행 | 21컬럼
2026-09-21 01:02:44,073 [INFO]    road_road_traffic_stts    | 신규  5299행 | 누적   5299행 | 17컬럼
2026-09-21 01:02:44,073 [INFO]    subway                    | 신규    38행 | 누적     38행 | 12컬럼
2026-09-21 01:02:44,073 [INFO]    subway_sub_stts           | 신규   183행 | 누적    183행 | 13컬럼
2026-09-21 01:02:44,073 [INFO]    weather                   | 신규   115행 | 누적    115행 | 29컬럼
2026-09-21 01:02:44,073 [INFO] 키별 사용량:
2026-09-21 01:02:44,073 [INFO]    🟢 KEY_1 (31/1000) 
2026-09-21 01:02:44,073 [INFO]    🟢 KEY_2 (30/1000) 
2026-09-21 01:02:44,073 [INFO]    🟢 KEY_3 (30/1000) 
2026-09-21 01:02:44,073 [INFO]    🟢 KEY_4 (30/1000) 
2026-09-21 03:44:23,595 [INFO] 등록된 키: 4개, 합산 한도 4,000건/일
2026-09-21 03:44:23,595 [INFO] POI 로드: 매뉴얼 v8.5 기준 fallback 121개 (121개 전체)
2026-09-21 03:44:23,595 [INFO] === 수집 시작 2026-09-21T03:44:23.595827+09:00 ===
2026-09-21 03:44:23,595 [INFO] 대상 장소: 121개 | API: citydata (통합)
2026-09-21 03:44:23,595 [INFO] 키 풀: 4/4 활성 | 오늘 사용 0/4000건
2026-09-21 03:44:23,596 [INFO]   [KEY_1] 담당 31장소
2026-09-21 03:44:23,596 [INFO]   [KEY_2] 담당 30장소
2026-09-21 03:44:23,596 [INFO]   [KEY_3] 담당 30장소
2026-09-21 03:44:23,596 [INFO]   [KEY_4] 담당 30장소
2026-09-21 03:44:23,596 [INFO] [1/121] 경복궁 (primary=KEY_1)
2026-09-21 03:44:24,744 [INFO] [2/121] 광화문·덕수궁 (primary=KEY_2)
2026-09-21 03:44:26,174 [INFO] [3/121] 보신각 (primary=KEY_3)
2026-09-21 03:44:27,318 [INFO] [4/121] 서울 암사동 유적 (primary=KEY_4)
2026-09-21 03:44:28,298 [INFO] [5/121] 창덕궁·종묘 (primary=KEY_1)
2026-09-21 03:44:29,413 [INFO] [6/121] 강남 MICE 관광특구 (primary=KEY_2)
2026-09-21 03:44:30,574 [INFO] [7/121] 동대문 관광특구 (primary=KEY_3)
2026-09-21 03:44:31,876 [INFO] [8/121] 명동 관광특구 (primary=KEY_4)
2026-09-21 03:44:33,985 [INFO] [9/121] 이태원 관광특구 (primary=KEY_1)
2026-09-21 03:44:35,135 [INFO] [10/121] 잠실 관광특구 (primary=KEY_2)
2026-09-21 03:44:36,608 [INFO] [11/121] 종로·청계 관광특구 (primary=KEY_3)
2026-09-21 03:44:37,931 [INFO] [12/121] 홍대 관광특구 (primary=KEY_4)
2026-09-21 03:44:39,248 [INFO] [13/121] 강서한강공원 (primary=KEY_1)
2026-09-21 03:44:40,768 [INFO] [14/121] 고척돔 (primary=KEY_2)
2026-09-21 03:44:41,750 [INFO] [15/121] 광나루한강공원 (primary=KEY_3)
2026-09-21 03:44:43,421 [INFO] [16/121] 광화문광장 (primary=KEY_4)
2026-09-21 03:44:44,559 [INFO] [17/121] 국립중앙박물관·용산가족공원 (primary=KEY_1)
2026-09-21 03:44:45,553 [INFO] [18/121] 난지한강공원 (primary=KEY_2)
2026-09-21 03:44:46,530 [INFO] [19/121] 남산공원 (primary=KEY_3)
2026-09-21 03:44:47,885 [INFO] [20/121] 노들섬 (primary=KEY_4)
2026-09-21 03:44:48,847 [INFO] [21/121] 뚝섬한강공원 (primary=KEY_1)
2026-09-21 03:44:49,825 [INFO] [22/121] 망원한강공원 (primary=KEY_2)
2026-09-21 03:44:50,941 [INFO] [23/121] 반포한강공원 (primary=KEY_3)
2026-09-21 03:44:51,912 [INFO] [24/121] 보라매공원 (primary=KEY_4)
2026-09-21 03:44:52,908 [INFO] [25/121] 북서울꿈의숲 (primary=KEY_1)
2026-09-21 03:44:54,016 [INFO] [26/121] 서대문독립공원 (primary=KEY_2)
2026-09-21 03:44:55,021 [INFO] [27/121] 서리풀공원·몽마르뜨공원 (primary=KEY_3)
2026-09-21 03:44:56,023 [INFO] [28/121] 서울대공원 (primary=KEY_4)
2026-09-21 03:44:56,990 [INFO] [29/121] 서울숲공원 (primary=KEY_1)
2026-09-21 03:44:58,114 [INFO] [30/121] 송현녹지광장 (primary=KEY_2)
2026-09-21 03:44:59,223 [INFO] [31/121] 아차산 (primary=KEY_3)
2026-09-21 03:45:00,189 [INFO] [32/121] 안양천 (primary=KEY_4)
2026-09-21 03:45:01,212 [INFO] [33/121] 양화한강공원 (primary=KEY_1)
2026-09-21 03:45:02,188 [INFO] [34/121] 어린이대공원 (primary=KEY_2)
2026-09-21 03:45:03,371 [INFO] [35/121] 여의도한강공원 (primary=KEY_3)
2026-09-21 03:45:04,470 [INFO] [36/121] 여의서로 (primary=KEY_4)
2026-09-21 03:45:05,563 [INFO] [37/121] 올림픽공원 (primary=KEY_1)
2026-09-21 03:45:06,730 [INFO] [38/121] 월드컵공원 (primary=KEY_2)
2026-09-21 03:45:08,002 [INFO] [39/121] 응봉산 (primary=KEY_3)
2026-09-21 03:45:09,103 [INFO] [40/121] 이촌한강공원 (primary=KEY_4)
2026-09-21 03:45:10,065 [INFO] [41/121] 잠실종합운동장 (primary=KEY_1)
2026-09-21 03:45:11,081 [INFO] [42/121] 잠실한강공원 (primary=KEY_2)
2026-09-21 03:45:12,043 [INFO] [43/121] 잠원한강공원 (primary=KEY_3)
2026-09-21 03:45:13,002 [INFO] [44/121] 청계산 (primary=KEY_4)
2026-09-21 03:45:13,976 [INFO] [45/121] 홍제폭포 (primary=KEY_1)
2026-09-21 03:45:14,906 [INFO] [46/121] 가락시장 (primary=KEY_2)
2026-09-21 03:45:16,033 [INFO] [47/121] 가로수길 (primary=KEY_3)
2026-09-21 03:45:17,167 [INFO] [48/121] 광장(전통)시장 (primary=KEY_4)
2026-09-21 03:45:18,146 [INFO] [49/121] 김포공항 (primary=KEY_1)
2026-09-21 03:45:19,401 [INFO] [50/121] 남대문시장 (primary=KEY_2)
2026-09-21 03:45:20,533 [INFO] [51/121] 노량진 (primary=KEY_3)
2026-09-21 03:45:21,663 [INFO] [52/121] 덕수궁길·정동길 (primary=KEY_4)
2026-09-21 03:45:22,789 [INFO] [53/121] 북창동 먹자골목 (primary=KEY_1)
2026-09-21 03:45:23,909 [INFO] [54/121] 북촌한옥마을 (primary=KEY_2)
2026-09-21 03:45:25,260 [INFO] [55/121] 서촌 (primary=KEY_3)
2026-09-21 03:45:26,375 [INFO] [56/121] 성수카페거리 (primary=KEY_4)
2026-09-21 03:45:27,629 [INFO] [57/121] 송리단길·호수단길 (primary=KEY_1)
2026-09-21 03:45:28,753 [INFO] [58/121] 신촌 스타광장 (primary=KEY_2)
2026-09-21 03:45:29,748 [INFO] [59/121] 압구정로데오거리 (primary=KEY_3)
2026-09-21 03:45:30,886 [INFO] [60/121] 여의도 (primary=KEY_4)
2026-09-21 03:45:32,870 [INFO] [61/121] 연남동 (primary=KEY_1)
2026-09-21 03:45:33,981 [INFO] [62/121] 영등포 타임스퀘어 (primary=KEY_2)
2026-09-21 03:45:35,103 [INFO] [63/121] 용리단길 (primary=KEY_3)
2026-09-21 03:45:36,094 [INFO] [64/121] 이태원 앤틱가구거리 (primary=KEY_4)
2026-09-21 03:45:37,083 [INFO] [65/121] 익선동 (primary=KEY_1)
2026-09-21 03:45:38,225 [INFO] [66/121] 인사동 (primary=KEY_2)
2026-09-21 03:45:39,563 [INFO] [67/121] 잠실롯데타워·석촌호수 (primary=KEY_3)
2026-09-21 03:45:40,984 [INFO] [68/121] 창동 신경제 중심지 (primary=KEY_4)
2026-09-21 03:45:42,384 [INFO] [69/121] 청담동 명품거리 (primary=KEY_1)
2026-09-21 03:45:43,503 [INFO] [70/121] 청량리 제기동 일대 전통시장 (primary=KEY_2)
2026-09-21 03:45:44,630 [INFO] [71/121] 해방촌·경리단길 (primary=KEY_3)
2026-09-21 03:45:45,620 [INFO] [72/121] DDP(동대문디자인플라자) (primary=KEY_4)
2026-09-21 03:45:46,827 [INFO] [73/121] DMC(디지털미디어시티) (primary=KEY_1)
2026-09-21 03:45:48,255 [INFO] [74/121] 가산디지털단지역 (primary=KEY_2)
2026-09-21 03:45:49,795 [INFO] [75/121] 강남역 (primary=KEY_3)
2026-09-21 03:45:51,074 [INFO] [76/121] 건대입구역 (primary=KEY_4)
2026-09-21 03:45:52,218 [INFO] [77/121] 고덕역 (primary=KEY_1)
2026-09-21 03:45:53,355 [INFO] [78/121] 고속터미널역 (primary=KEY_2)
2026-09-21 03:45:54,520 [INFO] [79/121] 교대역 (primary=KEY_3)
2026-09-21 03:45:55,516 [INFO] [80/121] 구로디지털단지역 (primary=KEY_4)
2026-09-21 03:45:56,933 [INFO] [81/121] 구로역 (primary=KEY_1)
2026-09-21 03:45:58,035 [INFO] [82/121] 군자역 (primary=KEY_2)
2026-09-21 03:45:59,041 [INFO] [83/121] 대림역 (primary=KEY_3)
2026-09-21 03:46:00,175 [INFO] [84/121] 동대문역 (primary=KEY_4)
2026-09-21 03:46:01,313 [INFO] [85/121] 뚝섬역 (primary=KEY_1)
2026-09-21 03:46:02,582 [INFO] [86/121] 미아사거리역 (primary=KEY_2)
2026-09-21 03:46:03,830 [INFO] [87/121] 발산역 (primary=KEY_3)
2026-09-21 03:46:05,241 [INFO] [88/121] 사당역 (primary=KEY_4)
2026-09-21 03:46:06,500 [INFO] [89/121] 삼각지역 (primary=KEY_1)
2026-09-21 03:46:07,491 [INFO] [90/121] 서울대입구역 (primary=KEY_2)
2026-09-21 03:46:08,609 [INFO] [91/121] 서울식물원·마곡나루역 (primary=KEY_3)
2026-09-21 03:46:09,866 [INFO] [92/121] 서울역 (primary=KEY_4)
2026-09-21 03:46:11,041 [INFO] [93/121] 선릉역 (primary=KEY_1)
2026-09-21 03:46:12,469 [INFO] [94/121] 성신여대입구역 (primary=KEY_2)
2026-09-21 03:46:13,596 [INFO] [95/121] 수유역 (primary=KEY_3)
2026-09-21 03:46:14,725 [INFO] [96/121] 숭례문 (primary=KEY_4)
2026-09-21 03:46:15,864 [INFO] [97/121] 시의회 앞 (primary=KEY_1)
2026-09-21 03:46:17,008 [INFO] [98/121] 신논현역·논현역 (primary=KEY_2)
2026-09-21 03:46:18,159 [INFO] [99/121] 신도림역 (primary=KEY_3)
2026-09-21 03:46:19,153 [INFO] [100/121] 신림역 (primary=KEY_4)
2026-09-21 03:46:20,155 [INFO] [101/121] 신정네거리역 (primary=KEY_1)
2026-09-21 03:46:21,413 [INFO] [102/121] 신촌·이대역 (primary=KEY_2)
2026-09-21 03:46:22,549 [INFO] [103/121] 쌍문역 (primary=KEY_3)
2026-09-21 03:46:23,681 [INFO] [104/121] 양재역 (primary=KEY_4)
2026-09-21 03:46:24,823 [INFO] [105/121] 역삼역 (primary=KEY_1)
2026-09-21 03:46:26,091 [INFO] [106/121] 연신내역 (primary=KEY_2)
2026-09-21 03:46:27,101 [INFO] [107/121] 오목교역·목동운동장 (primary=KEY_3)
2026-09-21 03:46:28,652 [INFO] [108/121] 왕십리역 (primary=KEY_4)
2026-09-21 03:46:29,940 [INFO] [109/121] 용산역 (primary=KEY_1)
2026-09-21 03:46:31,206 [INFO] [110/121] 이태원역 (primary=KEY_2)
2026-09-21 03:46:32,195 [INFO] [111/121] 잠실새내역 (primary=KEY_3)
2026-09-21 03:46:33,316 [INFO] [112/121] 잠실역 (primary=KEY_4)
2026-09-21 03:46:34,724 [INFO] [113/121] 장지역 (primary=KEY_1)
2026-09-21 03:46:36,058 [INFO] [114/121] 장한평역 (primary=KEY_2)
2026-09-21 03:46:37,182 [INFO] [115/121] 천호역 (primary=KEY_3)
2026-09-21 03:46:38,323 [INFO] [116/121] 총신대입구(이수)역 (primary=KEY_4)
2026-09-21 03:46:39,453 [INFO] [117/121] 충정로역 (primary=KEY_1)
2026-09-21 03:46:40,594 [INFO] [118/121] 합정역 (primary=KEY_2)
2026-09-21 03:46:41,721 [INFO] [119/121] 혜화역 (primary=KEY_3)
2026-09-21 03:46:42,856 [INFO] [120/121] 홍대입구역(2호선) (primary=KEY_4)
2026-09-21 03:46:44,139 [INFO] [121/121] 회기역 (primary=KEY_1)
2026-09-21 03:46:45,800 [INFO] === 수집 완료 | 성공 121, 실패 0 ===
2026-09-21 03:46:45,800 [INFO] 카테고리별 저장 결과:
2026-09-21 03:46:45,800 [INFO]    area_meta                 | 신규   121행 | 누적    242행 | 5컬럼
2026-09-21 03:46:45,800 [INFO]    bike                      | 신규    10행 | 누적     20행 | 12컬럼
2026-09-21 03:46:45,800 [INFO]    bike_sbike_stts           | 신규   574행 | 누적   1148행 | 12컬럼
2026-09-21 03:46:45,800 [INFO]    bus                       | 신규     3행 | 누적      6행 | 11컬럼
2026-09-21 03:46:45,800 [INFO]    bus_bus_stn_stts          | 신규  1745행 | 누적   3490행 | 11컬럼
2026-09-21 03:46:45,801 [INFO]    charger                   | 신규     4행 | 누적      8행 | 15컬럼
2026-09-21 03:46:45,801 [INFO]    charger_charger_stts      | 신규  1917행 | 누적   3808행 | 15컬럼
2026-09-21 03:46:45,801 [INFO]    cmrcl                     | 신규    82행 | 누적    164행 | 20컬럼
2026-09-21 03:46:45,801 [INFO]    events                    | 신규    13행 | 누적     26행 | 14컬럼
2026-09-21 03:46:45,801 [INFO]    events_event_stts         | 신규   117행 | 누적    234행 | 14컬럼
2026-09-21 03:46:45,801 [INFO]    parking                   | 신규     6행 | 누적     12행 | 21컬럼
2026-09-21 03:46:45,801 [INFO]    parking_prk_stts          | 신규  1832행 | 누적   3664행 | 21컬럼
2026-09-21 03:46:45,801 [INFO]    ppltn                     | 신규   121행 | 누적    242행 | 26컬럼
2026-09-21 03:46:45,801 [INFO]    road                      | 신규   121행 | 누적    242행 | 21컬럼
2026-09-21 03:46:45,801 [INFO]    road_road_traffic_stts    | 신규  5299행 | 누적  10598행 | 17컬럼
2026-09-21 03:46:45,801 [INFO]    subway                    | 신규    38행 | 누적     76행 | 13컬럼
2026-09-21 03:46:45,801 [INFO]    subway_sub_stts           | 신규   183행 | 누적    366행 | 13컬럼
2026-09-21 03:46:45,801 [INFO]    weather                   | 신규   115행 | 누적    230행 | 29컬럼
2026-09-21 03:46:45,801 [INFO] 키별 사용량:
2026-09-21 03:46:45,801 [INFO]    🟢 KEY_1 (31/1000) 
2026-09-21 03:46:45,801 [INFO]    🟢 KEY_2 (30/1000) 
2026-09-21 03:46:45,801 [INFO]    🟢 KEY_3 (30/1000) 
2026-09-21 03:46:45,801 [INFO]    🟢 KEY_4 (30/1000) 
2026-09-21 06:29:58,691 [INFO] 등록된 키: 4개, 합산 한도 4,000건/일
2026-09-21 06:29:58,691 [INFO] POI 로드: 매뉴얼 v8.5 기준 fallback 121개 (121개 전체)
2026-09-21 06:29:58,691 [INFO] === 수집 시작 2026-09-21T06:29:58.691948+09:00 ===
2026-09-21 06:29:58,692 [INFO] 대상 장소: 121개 | API: citydata (통합)
2026-09-21 06:29:58,692 [INFO] 키 풀: 4/4 활성 | 오늘 사용 0/4000건
2026-09-21 06:29:58,692 [INFO]   [KEY_1] 담당 31장소
2026-09-21 06:29:58,692 [INFO]   [KEY_2] 담당 30장소
2026-09-21 06:29:58,692 [INFO]   [KEY_3] 담당 30장소
2026-09-21 06:29:58,692 [INFO]   [KEY_4] 담당 30장소
2026-09-21 06:29:58,692 [INFO] [1/121] 경복궁 (primary=KEY_1)
2026-09-21 06:30:00,645 [INFO] [2/121] 광화문·덕수궁 (primary=KEY_2)
2026-09-21 06:30:02,992 [INFO] [3/121] 보신각 (primary=KEY_3)
2026-09-21 06:30:05,825 [INFO] [4/121] 서울 암사동 유적 (primary=KEY_4)
2026-09-21 06:30:07,393 [INFO] [5/121] 창덕궁·종묘 (primary=KEY_1)
2026-09-21 06:30:09,194 [INFO] [6/121] 강남 MICE 관광특구 (primary=KEY_2)
2026-09-21 06:30:10,321 [INFO] [7/121] 동대문 관광특구 (primary=KEY_3)
2026-09-21 06:30:12,302 [INFO] [8/121] 명동 관광특구 (primary=KEY_4)
2026-09-21 06:30:13,764 [INFO] [9/121] 이태원 관광특구 (primary=KEY_1)
2026-09-21 06:30:15,575 [INFO] [10/121] 잠실 관광특구 (primary=KEY_2)
2026-09-21 06:30:17,081 [INFO] [11/121] 종로·청계 관광특구 (primary=KEY_3)
2026-09-21 06:30:18,359 [INFO] [12/121] 홍대 관광특구 (primary=KEY_4)
2026-09-21 06:30:19,629 [INFO] [13/121] 강서한강공원 (primary=KEY_1)
2026-09-21 06:30:20,594 [INFO] [14/121] 고척돔 (primary=KEY_2)
2026-09-21 06:30:22,450 [INFO] [15/121] 광나루한강공원 (primary=KEY_3)
2026-09-21 06:30:23,561 [INFO] [16/121] 광화문광장 (primary=KEY_4)
2026-09-21 06:30:24,676 [INFO] [17/121] 국립중앙박물관·용산가족공원 (primary=KEY_1)
2026-09-21 06:30:25,654 [INFO] [18/121] 난지한강공원 (primary=KEY_2)
2026-09-21 06:30:26,616 [INFO] [19/121] 남산공원 (primary=KEY_3)
2026-09-21 06:30:27,883 [INFO] [20/121] 노들섬 (primary=KEY_4)
2026-09-21 06:30:28,854 [INFO] [21/121] 뚝섬한강공원 (primary=KEY_1)
2026-09-21 06:30:29,849 [INFO] [22/121] 망원한강공원 (primary=KEY_2)
2026-09-21 06:30:30,981 [INFO] [23/121] 반포한강공원 (primary=KEY_3)
2026-09-21 06:30:31,958 [INFO] [24/121] 보라매공원 (primary=KEY_4)
2026-09-21 06:30:32,941 [INFO] [25/121] 북서울꿈의숲 (primary=KEY_1)
2026-09-21 06:30:34,619 [INFO] [26/121] 서대문독립공원 (primary=KEY_2)
2026-09-21 06:30:35,593 [INFO] [27/121] 서리풀공원·몽마르뜨공원 (primary=KEY_3)
2026-09-21 06:30:36,859 [INFO] [28/121] 서울대공원 (primary=KEY_4)
2026-09-21 06:30:37,825 [INFO] [29/121] 서울숲공원 (primary=KEY_1)
2026-09-21 06:30:38,933 [INFO] [30/121] 송현녹지광장 (primary=KEY_2)
2026-09-21 06:30:40,769 [INFO] [31/121] 아차산 (primary=KEY_3)
2026-09-21 06:30:41,737 [INFO] [32/121] 안양천 (primary=KEY_4)
2026-09-21 06:30:42,708 [INFO] [33/121] 양화한강공원 (primary=KEY_1)
2026-09-21 06:30:43,670 [INFO] [34/121] 어린이대공원 (primary=KEY_2)
2026-09-21 06:30:44,790 [INFO] [35/121] 여의도한강공원 (primary=KEY_3)
2026-09-21 06:30:45,901 [INFO] [36/121] 여의서로 (primary=KEY_4)
2026-09-21 06:30:46,997 [INFO] [37/121] 올림픽공원 (primary=KEY_1)
2026-09-21 06:30:48,134 [INFO] [38/121] 월드컵공원 (primary=KEY_2)
2026-09-21 06:30:49,399 [INFO] [39/121] 응봉산 (primary=KEY_3)
2026-09-21 06:30:50,504 [INFO] [40/121] 이촌한강공원 (primary=KEY_4)
2026-09-21 06:30:51,474 [INFO] [41/121] 잠실종합운동장 (primary=KEY_1)
2026-09-21 06:30:52,454 [INFO] [42/121] 잠실한강공원 (primary=KEY_2)
2026-09-21 06:30:53,443 [INFO] [43/121] 잠원한강공원 (primary=KEY_3)
2026-09-21 06:30:54,410 [INFO] [44/121] 청계산 (primary=KEY_4)
2026-09-21 06:30:55,371 [INFO] [45/121] 홍제폭포 (primary=KEY_1)
2026-09-21 06:30:56,206 [INFO] [46/121] 가락시장 (primary=KEY_2)
2026-09-21 06:30:57,330 [INFO] [47/121] 가로수길 (primary=KEY_3)
2026-09-21 06:30:58,468 [INFO] [48/121] 광장(전통)시장 (primary=KEY_4)
2026-09-21 06:30:59,448 [INFO] [49/121] 김포공항 (primary=KEY_1)
2026-09-21 06:31:00,722 [INFO] [50/121] 남대문시장 (primary=KEY_2)
2026-09-21 06:31:01,840 [INFO] [51/121] 노량진 (primary=KEY_3)
2026-09-21 06:31:02,961 [INFO] [52/121] 덕수궁길·정동길 (primary=KEY_4)
2026-09-21 06:31:04,090 [INFO] [53/121] 북창동 먹자골목 (primary=KEY_1)
2026-09-21 06:31:05,200 [INFO] [54/121] 북촌한옥마을 (primary=KEY_2)
2026-09-21 06:31:06,454 [INFO] [55/121] 서촌 (primary=KEY_3)
2026-09-21 06:31:07,560 [INFO] [56/121] 성수카페거리 (primary=KEY_4)
2026-09-21 06:31:08,823 [INFO] [57/121] 송리단길·호수단길 (primary=KEY_1)
2026-09-21 06:31:09,950 [INFO] [58/121] 신촌 스타광장 (primary=KEY_2)
2026-09-21 06:31:10,933 [INFO] [59/121] 압구정로데오거리 (primary=KEY_3)
2026-09-21 06:31:12,049 [INFO] [60/121] 여의도 (primary=KEY_4)
2026-09-21 06:31:13,782 [INFO] [61/121] 연남동 (primary=KEY_1)
2026-09-21 06:31:14,889 [INFO] [62/121] 영등포 타임스퀘어 (primary=KEY_2)
2026-09-21 06:31:16,006 [INFO] [63/121] 용리단길 (primary=KEY_3)
2026-09-21 06:31:16,997 [INFO] [64/121] 이태원 앤틱가구거리 (primary=KEY_4)
2026-09-21 06:31:18,103 [INFO] [65/121] 익선동 (primary=KEY_1)
2026-09-21 06:31:19,228 [INFO] [66/121] 인사동 (primary=KEY_2)
2026-09-21 06:31:20,489 [INFO] [67/121] 잠실롯데타워·석촌호수 (primary=KEY_3)
2026-09-21 06:31:21,896 [INFO] [68/121] 창동 신경제 중심지 (primary=KEY_4)
2026-09-21 06:31:23,316 [INFO] [69/121] 청담동 명품거리 (primary=KEY_1)
2026-09-21 06:31:24,449 [INFO] [70/121] 청량리 제기동 일대 전통시장 (primary=KEY_2)
2026-09-21 06:31:25,613 [INFO] [71/121] 해방촌·경리단길 (primary=KEY_3)
2026-09-21 06:31:26,621 [INFO] [72/121] DDP(동대문디자인플라자) (primary=KEY_4)
2026-09-21 06:31:27,764 [INFO] [73/121] DMC(디지털미디어시티) (primary=KEY_1)
2026-09-21 06:31:29,187 [INFO] [74/121] 가산디지털단지역 (primary=KEY_2)
2026-09-21 06:31:30,724 [INFO] [75/121] 강남역 (primary=KEY_3)
2026-09-21 06:31:32,029 [INFO] [76/121] 건대입구역 (primary=KEY_4)
2026-09-21 06:31:33,160 [INFO] [77/121] 고덕역 (primary=KEY_1)
2026-09-21 06:31:34,319 [INFO] [78/121] 고속터미널역 (primary=KEY_2)
2026-09-21 06:31:35,453 [INFO] [79/121] 교대역 (primary=KEY_3)
2026-09-21 06:31:36,581 [INFO] [80/121] 구로디지털단지역 (primary=KEY_4)
2026-09-21 06:31:37,964 [INFO] [81/121] 구로역 (primary=KEY_1)
2026-09-21 06:31:39,065 [INFO] [82/121] 군자역 (primary=KEY_2)
2026-09-21 06:31:40,180 [INFO] [83/121] 대림역 (primary=KEY_3)
2026-09-21 06:31:41,292 [INFO] [84/121] 동대문역 (primary=KEY_4)
2026-09-21 06:31:42,405 [INFO] [85/121] 뚝섬역 (primary=KEY_1)
2026-09-21 06:31:43,523 [INFO] [86/121] 미아사거리역 (primary=KEY_2)
2026-09-21 06:31:44,629 [INFO] [87/121] 발산역 (primary=KEY_3)
2026-09-21 06:31:46,032 [INFO] [88/121] 사당역 (primary=KEY_4)
2026-09-21 06:31:47,154 [INFO] [89/121] 삼각지역 (primary=KEY_1)
2026-09-21 06:31:48,297 [INFO] [90/121] 서울대입구역 (primary=KEY_2)
2026-09-21 06:31:49,404 [INFO] [91/121] 서울식물원·마곡나루역 (primary=KEY_3)
2026-09-21 06:31:50,680 [INFO] [92/121] 서울역 (primary=KEY_4)
2026-09-21 06:31:52,004 [INFO] [93/121] 선릉역 (primary=KEY_1)
2026-09-21 06:31:53,421 [INFO] [94/121] 성신여대입구역 (primary=KEY_2)
2026-09-21 06:31:54,415 [INFO] [95/121] 수유역 (primary=KEY_3)
2026-09-21 06:31:55,542 [INFO] [96/121] 숭례문 (primary=KEY_4)
2026-09-21 06:31:56,683 [INFO] [97/121] 시의회 앞 (primary=KEY_1)
2026-09-21 06:31:57,805 [INFO] [98/121] 신논현역·논현역 (primary=KEY_2)
2026-09-21 06:31:58,932 [INFO] [99/121] 신도림역 (primary=KEY_3)
2026-09-21 06:31:59,920 [INFO] [100/121] 신림역 (primary=KEY_4)
2026-09-21 06:32:01,101 [INFO] [101/121] 신정네거리역 (primary=KEY_1)
2026-09-21 06:32:02,224 [INFO] [102/121] 신촌·이대역 (primary=KEY_2)
2026-09-21 06:32:03,331 [INFO] [103/121] 쌍문역 (primary=KEY_3)
2026-09-21 06:32:04,448 [INFO] [104/121] 양재역 (primary=KEY_4)
2026-09-21 06:32:05,598 [INFO] [105/121] 역삼역 (primary=KEY_1)
2026-09-21 06:32:06,862 [INFO] [106/121] 연신내역 (primary=KEY_2)
2026-09-21 06:32:07,872 [INFO] [107/121] 오목교역·목동운동장 (primary=KEY_3)
2026-09-21 06:32:09,408 [INFO] [108/121] 왕십리역 (primary=KEY_4)
2026-09-21 06:32:10,700 [INFO] [109/121] 용산역 (primary=KEY_1)
2026-09-21 06:32:11,951 [INFO] [110/121] 이태원역 (primary=KEY_2)
2026-09-21 06:32:12,980 [INFO] [111/121] 잠실새내역 (primary=KEY_3)
2026-09-21 06:32:14,127 [INFO] [112/121] 잠실역 (primary=KEY_4)
2026-09-21 06:32:15,451 [INFO] [113/121] 장지역 (primary=KEY_1)
2026-09-21 06:32:16,725 [INFO] [114/121] 장한평역 (primary=KEY_2)
2026-09-21 06:32:17,864 [INFO] [115/121] 천호역 (primary=KEY_3)
2026-09-21 06:32:19,004 [INFO] [116/121] 총신대입구(이수)역 (primary=KEY_4)
2026-09-21 06:32:20,153 [INFO] [117/121] 충정로역 (primary=KEY_1)
2026-09-21 06:32:21,272 [INFO] [118/121] 합정역 (primary=KEY_2)
2026-09-21 06:32:22,423 [INFO] [119/121] 혜화역 (primary=KEY_3)
2026-09-21 06:32:23,555 [INFO] [120/121] 홍대입구역(2호선) (primary=KEY_4)
2026-09-21 06:32:24,694 [INFO] [121/121] 회기역 (primary=KEY_1)
2026-09-21 06:32:26,500 [INFO] === 수집 완료 | 성공 121, 실패 0 ===
2026-09-21 06:32:26,500 [INFO] 카테고리별 저장 결과:
2026-09-21 06:32:26,500 [INFO]    accident                  | 신규     2행 | 누적      4행 | 16컬럼
2026-09-21 06:32:26,500 [INFO]    area_meta                 | 신규   121행 | 누적    363행 | 5컬럼
2026-09-21 06:32:26,500 [INFO]    bike                      | 신규    10행 | 누적     30행 | 12컬럼
2026-09-21 06:32:26,500 [INFO]    bike_sbike_stts           | 신규   574행 | 누적   1722행 | 12컬럼
2026-09-21 06:32:26,500 [INFO]    bus                       | 신규     3행 | 누적      9행 | 11컬럼
2026-09-21 06:32:26,500 [INFO]    bus_bus_stn_stts          | 신규  1745행 | 누적   5235행 | 11컬럼
2026-09-21 06:32:26,500 [INFO]    charger                   | 신규     4행 | 누적     12행 | 15컬럼
2026-09-21 06:32:26,500 [INFO]    charger_charger_stts      | 신규  1917행 | 누적   5712행 | 15컬럼
2026-09-21 06:32:26,500 [INFO]    cmrcl                     | 신규    82행 | 누적    246행 | 20컬럼
2026-09-21 06:32:26,500 [INFO]    events                    | 신규    14행 | 누적     40행 | 14컬럼
2026-09-21 06:32:26,500 [INFO]    events_event_stts         | 신규   113행 | 누적    347행 | 14컬럼
2026-09-21 06:32:26,501 [INFO]    parking                   | 신규     6행 | 누적     18행 | 21컬럼
2026-09-21 06:32:26,501 [INFO]    parking_prk_stts          | 신규  1832행 | 누적   5496행 | 21컬럼
2026-09-21 06:32:26,501 [INFO]    ppltn                     | 신규   121행 | 누적    363행 | 26컬럼
2026-09-21 06:32:26,501 [INFO]    road                      | 신규   121행 | 누적    363행 | 21컬럼
2026-09-21 06:32:26,501 [INFO]    road_road_traffic_stts    | 신규  5299행 | 누적  15897행 | 17컬럼
2026-09-21 06:32:26,501 [INFO]    subway                    | 신규    38행 | 누적    114행 | 13컬럼
2026-09-21 06:32:26,501 [INFO]    subway_sub_stts           | 신규   183행 | 누적    549행 | 13컬럼
2026-09-21 06:32:26,501 [INFO]    weather                   | 신규   115행 | 누적    345행 | 29컬럼
2026-09-21 06:32:26,501 [INFO] 키별 사용량:
2026-09-21 06:32:26,501 [INFO]    🟢 KEY_1 (31/1000) 
2026-09-21 06:32:26,501 [INFO]    🟢 KEY_2 (30/1000) 
2026-09-21 06:32:26,501 [INFO]    🟢 KEY_3 (30/1000) 
2026-09-21 06:32:26,501 [INFO]    🟢 KEY_4 (30/1000) 
