2026-05-18 00:30:53,228 [INFO] 등록된 키: 4개, 합산 한도 4,000건/일
2026-05-18 00:30:53,229 [INFO] POI 로드: 매뉴얼 v8.5 기준 fallback 121개 (121개 전체)
2026-05-18 00:30:53,229 [INFO] === 수집 시작 2026-05-18T00:30:53.229213+09:00 ===
2026-05-18 00:30:53,229 [INFO] 대상 장소: 121개 | API: citydata (통합)
2026-05-18 00:30:53,229 [INFO] 키 풀: 4/4 활성 | 오늘 사용 0/4000건
2026-05-18 00:30:53,229 [INFO]   [KEY_1] 담당 31장소
2026-05-18 00:30:53,229 [INFO]   [KEY_2] 담당 30장소
2026-05-18 00:30:53,229 [INFO]   [KEY_3] 담당 30장소
2026-05-18 00:30:53,229 [INFO]   [KEY_4] 담당 30장소
2026-05-18 00:30:53,229 [INFO] [1/121] 경복궁 (primary=KEY_1)
2026-05-18 00:30:55,760 [INFO] [2/121] 광화문·덕수궁 (primary=KEY_2)
2026-05-18 00:30:58,099 [INFO] [3/121] 보신각 (primary=KEY_3)
2026-05-18 00:31:00,612 [INFO] [4/121] 서울 암사동 유적 (primary=KEY_4)
2026-05-18 00:31:02,728 [INFO] [5/121] 창덕궁·종묘 (primary=KEY_1)
2026-05-18 00:31:05,215 [INFO] [6/121] 강남 MICE 관광특구 (primary=KEY_2)
2026-05-18 00:31:07,282 [INFO] [7/121] 동대문 관광특구 (primary=KEY_3)
2026-05-18 00:31:09,076 [INFO] [8/121] 명동 관광특구 (primary=KEY_4)
2026-05-18 00:31:12,046 [INFO] [9/121] 이태원 관광특구 (primary=KEY_1)
2026-05-18 00:31:14,963 [INFO] [10/121] 잠실 관광특구 (primary=KEY_2)
2026-05-18 00:31:16,759 [INFO] [11/121] 종로·청계 관광특구 (primary=KEY_3)
2026-05-18 00:31:19,321 [INFO] [12/121] 홍대 관광특구 (primary=KEY_4)
2026-05-18 00:31:20,950 [INFO] [13/121] 강서한강공원 (primary=KEY_1)
2026-05-18 00:31:22,100 [INFO] [14/121] 고척돔 (primary=KEY_2)
2026-05-18 00:31:23,243 [INFO] [15/121] 광나루한강공원 (primary=KEY_3)
2026-05-18 00:31:25,343 [INFO] [16/121] 광화문광장 (primary=KEY_4)
2026-05-18 00:31:26,687 [INFO] [17/121] 국립중앙박물관·용산가족공원 (primary=KEY_1)
2026-05-18 00:31:28,793 [INFO] [18/121] 난지한강공원 (primary=KEY_2)
2026-05-18 00:31:31,077 [INFO] [19/121] 남산공원 (primary=KEY_3)
2026-05-18 00:31:32,733 [INFO] [20/121] 노들섬 (primary=KEY_4)
2026-05-18 00:31:34,444 [INFO] [21/121] 뚝섬한강공원 (primary=KEY_1)
2026-05-18 00:31:35,606 [INFO] [22/121] 망원한강공원 (primary=KEY_2)
2026-05-18 00:31:36,955 [INFO] [23/121] 반포한강공원 (primary=KEY_3)
2026-05-18 00:31:38,127 [INFO] [24/121] 보라매공원 (primary=KEY_4)
2026-05-18 00:31:39,306 [INFO] [25/121] 북서울꿈의숲 (primary=KEY_1)
2026-05-18 00:31:40,650 [INFO] [26/121] 서대문독립공원 (primary=KEY_2)
2026-05-18 00:31:42,408 [INFO] [27/121] 서리풀공원·몽마르뜨공원 (primary=KEY_3)
2026-05-18 00:31:43,594 [INFO] [28/121] 서울대공원 (primary=KEY_4)
2026-05-18 00:31:44,736 [INFO] [29/121] 서울숲공원 (primary=KEY_1)
2026-05-18 00:31:46,075 [INFO] [30/121] 송현녹지광장 (primary=KEY_2)
2026-05-18 00:31:47,425 [INFO] [31/121] 아차산 (primary=KEY_3)
2026-05-18 00:31:48,583 [INFO] [32/121] 안양천 (primary=KEY_4)
2026-05-18 00:31:50,392 [INFO] [33/121] 양화한강공원 (primary=KEY_1)
2026-05-18 00:31:52,488 [INFO] [34/121] 어린이대공원 (primary=KEY_2)
2026-05-18 00:31:54,610 [INFO] [35/121] 여의도한강공원 (primary=KEY_3)
2026-05-18 00:31:56,028 [INFO] [36/121] 여의서로 (primary=KEY_4)
2026-05-18 00:31:58,310 [INFO] [37/121] 올림픽공원 (primary=KEY_1)
2026-05-18 00:31:59,692 [INFO] [38/121] 월드컵공원 (primary=KEY_2)
2026-05-18 00:32:01,255 [INFO] [39/121] 응봉산 (primary=KEY_3)
2026-05-18 00:32:02,597 [INFO] [40/121] 이촌한강공원 (primary=KEY_4)
2026-05-18 00:32:03,731 [INFO] [41/121] 잠실종합운동장 (primary=KEY_1)
2026-05-18 00:32:04,873 [INFO] [42/121] 잠실한강공원 (primary=KEY_2)
2026-05-18 00:32:06,792 [INFO] [43/121] 잠원한강공원 (primary=KEY_3)
2026-05-18 00:32:07,924 [INFO] [44/121] 청계산 (primary=KEY_4)
2026-05-18 00:32:09,064 [INFO] [45/121] 홍제폭포 (primary=KEY_1)
2026-05-18 00:32:10,191 [INFO] [46/121] 가락시장 (primary=KEY_2)
2026-05-18 00:32:11,538 [INFO] [47/121] 가로수길 (primary=KEY_3)
2026-05-18 00:32:12,911 [INFO] [48/121] 광장(전통)시장 (primary=KEY_4)
2026-05-18 00:32:14,061 [INFO] [49/121] 김포공항 (primary=KEY_1)
2026-05-18 00:32:15,442 [INFO] [50/121] 남대문시장 (primary=KEY_2)
2026-05-18 00:32:17,555 [INFO] [51/121] 노량진 (primary=KEY_3)
2026-05-18 00:32:19,473 [INFO] [52/121] 덕수궁길·정동길 (primary=KEY_4)
2026-05-18 00:32:20,863 [INFO] [53/121] 북창동 먹자골목 (primary=KEY_1)
2026-05-18 00:32:22,178 [INFO] [54/121] 북촌한옥마을 (primary=KEY_2)
2026-05-18 00:32:23,720 [INFO] [55/121] 서촌 (primary=KEY_3)
2026-05-18 00:32:25,052 [INFO] [56/121] 성수카페거리 (primary=KEY_4)
2026-05-18 00:32:26,613 [INFO] [57/121] 송리단길·호수단길 (primary=KEY_1)
2026-05-18 00:32:27,966 [INFO] [58/121] 신촌 스타광장 (primary=KEY_2)
2026-05-18 00:32:29,112 [INFO] [59/121] 압구정로데오거리 (primary=KEY_3)
2026-05-18 00:32:30,512 [INFO] [60/121] 여의도 (primary=KEY_4)
2026-05-18 00:32:32,747 [INFO] [61/121] 연남동 (primary=KEY_1)
2026-05-18 00:32:34,097 [INFO] [62/121] 영등포 타임스퀘어 (primary=KEY_2)
2026-05-18 00:32:35,444 [INFO] [63/121] 용리단길 (primary=KEY_3)
2026-05-18 00:32:36,637 [INFO] [64/121] 이태원 앤틱가구거리 (primary=KEY_4)
2026-05-18 00:32:37,797 [INFO] [65/121] 익선동 (primary=KEY_1)
2026-05-18 00:32:40,321 [INFO] [66/121] 인사동 (primary=KEY_2)
2026-05-18 00:32:42,685 [INFO] [67/121] 잠실롯데타워·석촌호수 (primary=KEY_3)
2026-05-18 00:32:44,447 [INFO] [68/121] 창동 신경제 중심지 (primary=KEY_4)
2026-05-18 00:32:46,219 [INFO] [69/121] 청담동 명품거리 (primary=KEY_1)
2026-05-18 00:32:47,656 [INFO] [70/121] 청량리 제기동 일대 전통시장 (primary=KEY_2)
2026-05-18 00:32:49,016 [INFO] [71/121] 해방촌·경리단길 (primary=KEY_3)
2026-05-18 00:32:50,177 [INFO] [72/121] DDP(동대문디자인플라자) (primary=KEY_4)
2026-05-18 00:32:51,575 [INFO] [73/121] DMC(디지털미디어시티) (primary=KEY_1)
2026-05-18 00:32:53,376 [INFO] [74/121] 가산디지털단지역 (primary=KEY_2)
2026-05-18 00:32:55,328 [INFO] [75/121] 강남역 (primary=KEY_3)
2026-05-18 00:32:56,913 [INFO] [76/121] 건대입구역 (primary=KEY_4)
2026-05-18 00:32:58,282 [INFO] [77/121] 고덕역 (primary=KEY_1)
2026-05-18 00:32:59,660 [INFO] [78/121] 고속터미널역 (primary=KEY_2)
2026-05-18 00:33:01,026 [INFO] [79/121] 교대역 (primary=KEY_3)
2026-05-18 00:33:02,217 [INFO] [80/121] 구로디지털단지역 (primary=KEY_4)
2026-05-18 00:33:03,826 [INFO] [81/121] 구로역 (primary=KEY_1)
2026-05-18 00:33:05,180 [INFO] [82/121] 군자역 (primary=KEY_2)
2026-05-18 00:33:06,362 [INFO] [83/121] 대림역 (primary=KEY_3)
2026-05-18 00:33:07,719 [INFO] [84/121] 동대문역 (primary=KEY_4)
2026-05-18 00:33:09,095 [INFO] [85/121] 뚝섬역 (primary=KEY_1)
2026-05-18 00:33:10,455 [INFO] [86/121] 미아사거리역 (primary=KEY_2)
2026-05-18 00:33:11,797 [INFO] [87/121] 발산역 (primary=KEY_3)
2026-05-18 00:33:13,355 [INFO] [88/121] 사당역 (primary=KEY_4)
2026-05-18 00:33:14,724 [INFO] [89/121] 삼각지역 (primary=KEY_1)
2026-05-18 00:33:15,915 [INFO] [90/121] 서울대입구역 (primary=KEY_2)
2026-05-18 00:33:17,289 [INFO] [91/121] 서울식물원·마곡나루역 (primary=KEY_3)
2026-05-18 00:33:18,857 [INFO] [92/121] 서울역 (primary=KEY_4)
2026-05-18 00:33:20,261 [INFO] [93/121] 선릉역 (primary=KEY_1)
2026-05-18 00:33:22,032 [INFO] [94/121] 성신여대입구역 (primary=KEY_2)
2026-05-18 00:33:23,217 [INFO] [95/121] 수유역 (primary=KEY_3)
2026-05-18 00:33:24,571 [INFO] [96/121] 숭례문 (primary=KEY_4)
2026-05-18 00:33:25,942 [INFO] [97/121] 시의회 앞 (primary=KEY_1)
2026-05-18 00:33:27,346 [INFO] [98/121] 신논현역·논현역 (primary=KEY_2)
2026-05-18 00:33:28,748 [INFO] [99/121] 신도림역 (primary=KEY_3)
2026-05-18 00:33:29,905 [INFO] [100/121] 신림역 (primary=KEY_4)
2026-05-18 00:33:31,097 [INFO] [101/121] 신정네거리역 (primary=KEY_1)
2026-05-18 00:33:32,456 [INFO] [102/121] 신촌·이대역 (primary=KEY_2)
2026-05-18 00:33:33,825 [INFO] [103/121] 쌍문역 (primary=KEY_3)
2026-05-18 00:33:35,206 [INFO] [104/121] 양재역 (primary=KEY_4)
2026-05-18 00:33:36,596 [INFO] [105/121] 역삼역 (primary=KEY_1)
2026-05-18 00:33:38,179 [INFO] [106/121] 연신내역 (primary=KEY_2)
2026-05-18 00:33:39,383 [INFO] [107/121] 오목교역·목동운동장 (primary=KEY_3)
2026-05-18 00:33:42,006 [INFO] [108/121] 왕십리역 (primary=KEY_4)
2026-05-18 00:33:43,397 [INFO] [109/121] 용산역 (primary=KEY_1)
2026-05-18 00:33:45,047 [INFO] [110/121] 이태원역 (primary=KEY_2)
2026-05-18 00:33:46,323 [INFO] [111/121] 잠실새내역 (primary=KEY_3)
2026-05-18 00:33:47,742 [INFO] [112/121] 잠실역 (primary=KEY_4)
2026-05-18 00:33:49,306 [INFO] [113/121] 장지역 (primary=KEY_1)
2026-05-18 00:33:50,860 [INFO] [114/121] 장한평역 (primary=KEY_2)
2026-05-18 00:33:52,223 [INFO] [115/121] 천호역 (primary=KEY_3)
2026-05-18 00:33:53,594 [INFO] [116/121] 총신대입구(이수)역 (primary=KEY_4)
2026-05-18 00:33:54,954 [INFO] [117/121] 충정로역 (primary=KEY_1)
2026-05-18 00:33:56,324 [INFO] [118/121] 합정역 (primary=KEY_2)
2026-05-18 00:33:57,705 [INFO] [119/121] 혜화역 (primary=KEY_3)
2026-05-18 00:33:59,098 [INFO] [120/121] 홍대입구역(2호선) (primary=KEY_4)
2026-05-18 00:34:00,468 [INFO] [121/121] 회기역 (primary=KEY_1)
2026-05-18 00:34:02,239 [INFO] === 수집 완료 | 성공 121, 실패 0 ===
2026-05-18 00:34:02,239 [INFO] 카테고리별 저장 결과:
2026-05-18 00:34:02,239 [INFO]    accident                  | 신규     1행 | 누적      1행 | 16컬럼
2026-05-18 00:34:02,239 [INFO]    area_meta                 | 신규   121행 | 누적    121행 | 5컬럼
2026-05-18 00:34:02,239 [INFO]    bike                      | 신규    11행 | 누적     11행 | 12컬럼
2026-05-18 00:34:02,239 [INFO]    bike_sbike_stts           | 신규   558행 | 누적    558행 | 12컬럼
2026-05-18 00:34:02,239 [INFO]    bus                       | 신규     3행 | 누적      3행 | 11컬럼
2026-05-18 00:34:02,239 [INFO]    bus_bus_stn_stts          | 신규  1745행 | 누적   1745행 | 11컬럼
2026-05-18 00:34:02,239 [INFO]    charger                   | 신규     4행 | 누적      4행 | 15컬럼
2026-05-18 00:34:02,239 [INFO]    charger_charger_stts      | 신규  1885행 | 누적   1885행 | 15컬럼
2026-05-18 00:34:02,239 [INFO]    cmrcl                     | 신규    82행 | 누적     82행 | 20컬럼
2026-05-18 00:34:02,239 [INFO]    events                    | 신규    12행 | 누적     12행 | 14컬럼
2026-05-18 00:34:02,239 [INFO]    events_event_stts         | 신규   174행 | 누적    174행 | 14컬럼
2026-05-18 00:34:02,239 [INFO]    parking                   | 신규     6행 | 누적      6행 | 21컬럼
2026-05-18 00:34:02,239 [INFO]    parking_prk_stts          | 신규  1835행 | 누적   1835행 | 21컬럼
2026-05-18 00:34:02,239 [INFO]    ppltn                     | 신규   121행 | 누적    121행 | 26컬럼
2026-05-18 00:34:02,239 [INFO]    road                      | 신규   121행 | 누적    121행 | 21컬럼
2026-05-18 00:34:02,239 [INFO]    road_road_traffic_stts    | 신규  5244행 | 누적   5244행 | 17컬럼
2026-05-18 00:34:02,239 [INFO]    subway                    | 신규    38행 | 누적     38행 | 13컬럼
2026-05-18 00:34:02,239 [INFO]    subway_sub_stts           | 신규   183행 | 누적    183행 | 13컬럼
2026-05-18 00:34:02,239 [INFO]    weather                   | 신규   119행 | 누적    119행 | 29컬럼
2026-05-18 00:34:02,239 [INFO] 키별 사용량:
2026-05-18 00:34:02,240 [INFO]    🟢 KEY_1 (31/1000) 
2026-05-18 00:34:02,240 [INFO]    🟢 KEY_2 (30/1000) 
2026-05-18 00:34:02,240 [INFO]    🟢 KEY_3 (30/1000) 
2026-05-18 00:34:02,240 [INFO]    🟢 KEY_4 (30/1000) 
2026-05-18 01:29:30,966 [INFO] 등록된 키: 4개, 합산 한도 4,000건/일
2026-05-18 01:29:30,967 [INFO] POI 로드: 매뉴얼 v8.5 기준 fallback 121개 (121개 전체)
2026-05-18 01:29:30,967 [INFO] === 수집 시작 2026-05-18T01:29:30.967780+09:00 ===
2026-05-18 01:29:30,967 [INFO] 대상 장소: 121개 | API: citydata (통합)
2026-05-18 01:29:30,967 [INFO] 키 풀: 4/4 활성 | 오늘 사용 0/4000건
2026-05-18 01:29:30,968 [INFO]   [KEY_1] 담당 31장소
2026-05-18 01:29:30,968 [INFO]   [KEY_2] 담당 30장소
2026-05-18 01:29:30,968 [INFO]   [KEY_3] 담당 30장소
2026-05-18 01:29:30,968 [INFO]   [KEY_4] 담당 30장소
2026-05-18 01:29:30,968 [INFO] [1/121] 경복궁 (primary=KEY_1)
2026-05-18 01:29:32,860 [INFO] [2/121] 광화문·덕수궁 (primary=KEY_2)
2026-05-18 01:29:35,201 [INFO] [3/121] 보신각 (primary=KEY_3)
2026-05-18 01:29:36,929 [INFO] [4/121] 서울 암사동 유적 (primary=KEY_4)
2026-05-18 01:29:37,916 [INFO] [5/121] 창덕궁·종묘 (primary=KEY_1)
2026-05-18 01:29:39,047 [INFO] [6/121] 강남 MICE 관광특구 (primary=KEY_2)
2026-05-18 01:29:40,226 [INFO] [7/121] 동대문 관광특구 (primary=KEY_3)
2026-05-18 01:29:42,166 [INFO] [8/121] 명동 관광특구 (primary=KEY_4)
2026-05-18 01:29:44,255 [INFO] [9/121] 이태원 관광특구 (primary=KEY_1)
2026-05-18 01:29:45,435 [INFO] [10/121] 잠실 관광특구 (primary=KEY_2)
2026-05-18 01:29:47,109 [INFO] [11/121] 종로·청계 관광특구 (primary=KEY_3)
2026-05-18 01:29:49,347 [INFO] [12/121] 홍대 관광특구 (primary=KEY_4)
2026-05-18 01:29:51,277 [INFO] [13/121] 강서한강공원 (primary=KEY_1)
2026-05-18 01:29:52,260 [INFO] [14/121] 고척돔 (primary=KEY_2)
2026-05-18 01:29:53,257 [INFO] [15/121] 광나루한강공원 (primary=KEY_3)
2026-05-18 01:29:54,998 [INFO] [16/121] 광화문광장 (primary=KEY_4)
2026-05-18 01:29:56,149 [INFO] [17/121] 국립중앙박물관·용산가족공원 (primary=KEY_1)
2026-05-18 01:29:57,157 [INFO] [18/121] 난지한강공원 (primary=KEY_2)
2026-05-18 01:29:58,138 [INFO] [19/121] 남산공원 (primary=KEY_3)
2026-05-18 01:29:59,449 [INFO] [20/121] 노들섬 (primary=KEY_4)
2026-05-18 01:30:00,294 [INFO] [21/121] 뚝섬한강공원 (primary=KEY_1)
2026-05-18 01:30:01,879 [INFO] [22/121] 망원한강공원 (primary=KEY_2)
2026-05-18 01:30:03,025 [INFO] [23/121] 반포한강공원 (primary=KEY_3)
2026-05-18 01:30:04,011 [INFO] [24/121] 보라매공원 (primary=KEY_4)
2026-05-18 01:30:05,031 [INFO] [25/121] 북서울꿈의숲 (primary=KEY_1)
2026-05-18 01:30:06,159 [INFO] [26/121] 서대문독립공원 (primary=KEY_2)
2026-05-18 01:30:07,173 [INFO] [27/121] 서리풀공원·몽마르뜨공원 (primary=KEY_3)
2026-05-18 01:30:08,203 [INFO] [28/121] 서울대공원 (primary=KEY_4)
2026-05-18 01:30:09,172 [INFO] [29/121] 서울숲공원 (primary=KEY_1)
2026-05-18 01:30:10,313 [INFO] [30/121] 송현녹지광장 (primary=KEY_2)
2026-05-18 01:30:11,450 [INFO] [31/121] 아차산 (primary=KEY_3)
2026-05-18 01:30:13,013 [INFO] [32/121] 안양천 (primary=KEY_4)
2026-05-18 01:30:13,995 [INFO] [33/121] 양화한강공원 (primary=KEY_1)
2026-05-18 01:30:14,984 [INFO] [34/121] 어린이대공원 (primary=KEY_2)
2026-05-18 01:30:16,137 [INFO] [35/121] 여의도한강공원 (primary=KEY_3)
2026-05-18 01:30:17,316 [INFO] [36/121] 여의서로 (primary=KEY_4)
2026-05-18 01:30:18,427 [INFO] [37/121] 올림픽공원 (primary=KEY_1)
2026-05-18 01:30:19,588 [INFO] [38/121] 월드컵공원 (primary=KEY_2)
2026-05-18 01:30:20,907 [INFO] [39/121] 응봉산 (primary=KEY_3)
2026-05-18 01:30:22,054 [INFO] [40/121] 이촌한강공원 (primary=KEY_4)
2026-05-18 01:30:23,043 [INFO] [41/121] 잠실종합운동장 (primary=KEY_1)
2026-05-18 01:30:24,044 [INFO] [42/121] 잠실한강공원 (primary=KEY_2)
2026-05-18 01:30:25,035 [INFO] [43/121] 잠원한강공원 (primary=KEY_3)
2026-05-18 01:30:26,018 [INFO] [44/121] 청계산 (primary=KEY_4)
2026-05-18 01:30:27,000 [INFO] [45/121] 홍제폭포 (primary=KEY_1)
2026-05-18 01:30:27,978 [INFO] [46/121] 가락시장 (primary=KEY_2)
2026-05-18 01:30:29,138 [INFO] [47/121] 가로수길 (primary=KEY_3)
2026-05-18 01:30:30,323 [INFO] [48/121] 광장(전통)시장 (primary=KEY_4)
2026-05-18 01:30:31,332 [INFO] [49/121] 김포공항 (primary=KEY_1)
2026-05-18 01:30:32,515 [INFO] [50/121] 남대문시장 (primary=KEY_2)
2026-05-18 01:30:33,653 [INFO] [51/121] 노량진 (primary=KEY_3)
2026-05-18 01:30:34,787 [INFO] [52/121] 덕수궁길·정동길 (primary=KEY_4)
2026-05-18 01:30:35,940 [INFO] [53/121] 북창동 먹자골목 (primary=KEY_1)
2026-05-18 01:30:37,081 [INFO] [54/121] 북촌한옥마을 (primary=KEY_2)
2026-05-18 01:30:38,372 [INFO] [55/121] 서촌 (primary=KEY_3)
2026-05-18 01:30:39,505 [INFO] [56/121] 성수카페거리 (primary=KEY_4)
2026-05-18 01:30:40,778 [INFO] [57/121] 송리단길·호수단길 (primary=KEY_1)
2026-05-18 01:30:41,932 [INFO] [58/121] 신촌 스타광장 (primary=KEY_2)
2026-05-18 01:30:42,957 [INFO] [59/121] 압구정로데오거리 (primary=KEY_3)
2026-05-18 01:30:44,105 [INFO] [60/121] 여의도 (primary=KEY_4)
2026-05-18 01:30:45,929 [INFO] [61/121] 연남동 (primary=KEY_1)
2026-05-18 01:30:47,062 [INFO] [62/121] 영등포 타임스퀘어 (primary=KEY_2)
2026-05-18 01:30:48,174 [INFO] [63/121] 용리단길 (primary=KEY_3)
2026-05-18 01:30:49,179 [INFO] [64/121] 이태원 앤틱가구거리 (primary=KEY_4)
2026-05-18 01:30:50,178 [INFO] [65/121] 익선동 (primary=KEY_1)
2026-05-18 01:30:51,330 [INFO] [66/121] 인사동 (primary=KEY_2)
2026-05-18 01:30:52,495 [INFO] [67/121] 잠실롯데타워·석촌호수 (primary=KEY_3)
2026-05-18 01:30:53,931 [INFO] [68/121] 창동 신경제 중심지 (primary=KEY_4)
2026-05-18 01:30:55,361 [INFO] [69/121] 청담동 명품거리 (primary=KEY_1)
2026-05-18 01:30:56,489 [INFO] [70/121] 청량리 제기동 일대 전통시장 (primary=KEY_2)
2026-05-18 01:30:57,670 [INFO] [71/121] 해방촌·경리단길 (primary=KEY_3)
2026-05-18 01:30:58,674 [INFO] [72/121] DDP(동대문디자인플라자) (primary=KEY_4)
2026-05-18 01:30:59,864 [INFO] [73/121] DMC(디지털미디어시티) (primary=KEY_1)
2026-05-18 01:31:01,319 [INFO] [74/121] 가산디지털단지역 (primary=KEY_2)
2026-05-18 01:31:02,875 [INFO] [75/121] 강남역 (primary=KEY_3)
2026-05-18 01:31:04,186 [INFO] [76/121] 건대입구역 (primary=KEY_4)
2026-05-18 01:31:05,341 [INFO] [77/121] 고덕역 (primary=KEY_1)
2026-05-18 01:31:06,487 [INFO] [78/121] 고속터미널역 (primary=KEY_2)
2026-05-18 01:31:07,634 [INFO] [79/121] 교대역 (primary=KEY_3)
2026-05-18 01:31:08,632 [INFO] [80/121] 구로디지털단지역 (primary=KEY_4)
2026-05-18 01:31:10,025 [INFO] [81/121] 구로역 (primary=KEY_1)
2026-05-18 01:31:11,126 [INFO] [82/121] 군자역 (primary=KEY_2)
2026-05-18 01:31:12,142 [INFO] [83/121] 대림역 (primary=KEY_3)
2026-05-18 01:31:13,292 [INFO] [84/121] 동대문역 (primary=KEY_4)
2026-05-18 01:31:14,443 [INFO] [85/121] 뚝섬역 (primary=KEY_1)
2026-05-18 01:31:15,582 [INFO] [86/121] 미아사거리역 (primary=KEY_2)
2026-05-18 01:31:16,704 [INFO] [87/121] 발산역 (primary=KEY_3)
2026-05-18 01:31:18,108 [INFO] [88/121] 사당역 (primary=KEY_4)
2026-05-18 01:31:19,257 [INFO] [89/121] 삼각지역 (primary=KEY_1)
2026-05-18 01:31:20,263 [INFO] [90/121] 서울대입구역 (primary=KEY_2)
2026-05-18 01:31:21,392 [INFO] [91/121] 서울식물원·마곡나루역 (primary=KEY_3)
2026-05-18 01:31:22,674 [INFO] [92/121] 서울역 (primary=KEY_4)
2026-05-18 01:31:23,844 [INFO] [93/121] 선릉역 (primary=KEY_1)
2026-05-18 01:31:25,262 [INFO] [94/121] 성신여대입구역 (primary=KEY_2)
2026-05-18 01:31:26,266 [INFO] [95/121] 수유역 (primary=KEY_3)
2026-05-18 01:31:27,390 [INFO] [96/121] 숭례문 (primary=KEY_4)
2026-05-18 01:31:28,547 [INFO] [97/121] 시의회 앞 (primary=KEY_1)
2026-05-18 01:31:29,701 [INFO] [98/121] 신논현역·논현역 (primary=KEY_2)
2026-05-18 01:31:30,845 [INFO] [99/121] 신도림역 (primary=KEY_3)
2026-05-18 01:31:31,834 [INFO] [100/121] 신림역 (primary=KEY_4)
2026-05-18 01:31:32,849 [INFO] [101/121] 신정네거리역 (primary=KEY_1)
2026-05-18 01:31:33,961 [INFO] [102/121] 신촌·이대역 (primary=KEY_2)
2026-05-18 01:31:35,111 [INFO] [103/121] 쌍문역 (primary=KEY_3)
2026-05-18 01:31:36,248 [INFO] [104/121] 양재역 (primary=KEY_4)
2026-05-18 01:31:37,382 [INFO] [105/121] 역삼역 (primary=KEY_1)
2026-05-18 01:31:38,658 [INFO] [106/121] 연신내역 (primary=KEY_2)
2026-05-18 01:31:39,679 [INFO] [107/121] 오목교역·목동운동장 (primary=KEY_3)
2026-05-18 01:31:41,249 [INFO] [108/121] 왕십리역 (primary=KEY_4)
2026-05-18 01:31:42,423 [INFO] [109/121] 용산역 (primary=KEY_1)
2026-05-18 01:31:43,703 [INFO] [110/121] 이태원역 (primary=KEY_2)
2026-05-18 01:31:44,705 [INFO] [111/121] 잠실새내역 (primary=KEY_3)
2026-05-18 01:31:45,878 [INFO] [112/121] 잠실역 (primary=KEY_4)
2026-05-18 01:31:47,009 [INFO] [113/121] 장지역 (primary=KEY_1)
2026-05-18 01:31:48,119 [INFO] [114/121] 장한평역 (primary=KEY_2)
2026-05-18 01:31:49,255 [INFO] [115/121] 천호역 (primary=KEY_3)
2026-05-18 01:31:50,436 [INFO] [116/121] 총신대입구(이수)역 (primary=KEY_4)
2026-05-18 01:31:51,563 [INFO] [117/121] 충정로역 (primary=KEY_1)
2026-05-18 01:31:52,563 [INFO] [118/121] 합정역 (primary=KEY_2)
2026-05-18 01:31:53,699 [INFO] [119/121] 혜화역 (primary=KEY_3)
2026-05-18 01:31:54,677 [INFO] [120/121] 홍대입구역(2호선) (primary=KEY_4)
2026-05-18 01:31:55,687 [INFO] [121/121] 회기역 (primary=KEY_1)
2026-05-18 01:31:57,518 [INFO] === 수집 완료 | 성공 121, 실패 0 ===
2026-05-18 01:31:57,519 [INFO] 카테고리별 저장 결과:
2026-05-18 01:31:57,519 [INFO]    accident                  | 신규     1행 | 누적      2행 | 16컬럼
2026-05-18 01:31:57,519 [INFO]    area_meta                 | 신규   121행 | 누적    242행 | 5컬럼
2026-05-18 01:31:57,519 [INFO]    bike                      | 신규    11행 | 누적     22행 | 12컬럼
2026-05-18 01:31:57,519 [INFO]    bike_sbike_stts           | 신규   558행 | 누적   1116행 | 12컬럼
2026-05-18 01:31:57,519 [INFO]    bus                       | 신규     3행 | 누적      6행 | 11컬럼
2026-05-18 01:31:57,519 [INFO]    bus_bus_stn_stts          | 신규  1745행 | 누적   3490행 | 11컬럼
2026-05-18 01:31:57,519 [INFO]    charger                   | 신규     7행 | 누적     11행 | 15컬럼
2026-05-18 01:31:57,519 [INFO]    charger_charger_stts      | 신규  1756행 | 누적   3612행 | 15컬럼
2026-05-18 01:31:57,519 [INFO]    cmrcl                     | 신규    82행 | 누적    164행 | 20컬럼
2026-05-18 01:31:57,519 [INFO]    events                    | 신규    12행 | 누적     24행 | 14컬럼
2026-05-18 01:31:57,519 [INFO]    events_event_stts         | 신규   174행 | 누적    348행 | 14컬럼
2026-05-18 01:31:57,519 [INFO]    parking                   | 신규     6행 | 누적     12행 | 21컬럼
2026-05-18 01:31:57,519 [INFO]    parking_prk_stts          | 신규  1835행 | 누적   3670행 | 21컬럼
2026-05-18 01:31:57,519 [INFO]    ppltn                     | 신규   121행 | 누적    242행 | 26컬럼
2026-05-18 01:31:57,519 [INFO]    road                      | 신규   121행 | 누적    242행 | 21컬럼
2026-05-18 01:31:57,520 [INFO]    road_road_traffic_stts    | 신규  5244행 | 누적  10488행 | 17컬럼
2026-05-18 01:31:57,520 [INFO]    subway                    | 신규    38행 | 누적     76행 | 13컬럼
2026-05-18 01:31:57,520 [INFO]    subway_sub_stts           | 신규   183행 | 누적    366행 | 13컬럼
2026-05-18 01:31:57,520 [INFO]    weather                   | 신규   119행 | 누적    238행 | 29컬럼
2026-05-18 01:31:57,520 [INFO] 키별 사용량:
2026-05-18 01:31:57,520 [INFO]    🟢 KEY_1 (31/1000) 
2026-05-18 01:31:57,520 [INFO]    🟢 KEY_2 (30/1000) 
2026-05-18 01:31:57,520 [INFO]    🟢 KEY_3 (30/1000) 
2026-05-18 01:31:57,520 [INFO]    🟢 KEY_4 (30/1000) 
2026-05-18 02:29:42,783 [INFO] 등록된 키: 4개, 합산 한도 4,000건/일
2026-05-18 02:29:42,783 [INFO] POI 로드: 매뉴얼 v8.5 기준 fallback 121개 (121개 전체)
2026-05-18 02:29:42,784 [INFO] === 수집 시작 2026-05-18T02:29:42.783994+09:00 ===
2026-05-18 02:29:42,784 [INFO] 대상 장소: 121개 | API: citydata (통합)
2026-05-18 02:29:42,784 [INFO] 키 풀: 4/4 활성 | 오늘 사용 0/4000건
2026-05-18 02:29:42,784 [INFO]   [KEY_1] 담당 31장소
2026-05-18 02:29:42,784 [INFO]   [KEY_2] 담당 30장소
2026-05-18 02:29:42,784 [INFO]   [KEY_3] 담당 30장소
2026-05-18 02:29:42,784 [INFO]   [KEY_4] 담당 30장소
2026-05-18 02:29:42,784 [INFO] [1/121] 경복궁 (primary=KEY_1)
2026-05-18 02:29:44,588 [INFO] [2/121] 광화문·덕수궁 (primary=KEY_2)
2026-05-18 02:29:47,015 [INFO] [3/121] 보신각 (primary=KEY_3)
2026-05-18 02:29:49,176 [INFO] [4/121] 서울 암사동 유적 (primary=KEY_4)
2026-05-18 02:29:51,320 [INFO] [5/121] 창덕궁·종묘 (primary=KEY_1)
2026-05-18 02:29:53,456 [INFO] [6/121] 강남 MICE 관광특구 (primary=KEY_2)
2026-05-18 02:29:54,668 [INFO] [7/121] 동대문 관광특구 (primary=KEY_3)
2026-05-18 02:29:56,262 [INFO] [8/121] 명동 관광특구 (primary=KEY_4)
2026-05-18 02:29:58,164 [INFO] [9/121] 이태원 관광특구 (primary=KEY_1)
2026-05-18 02:30:00,543 [INFO] [10/121] 잠실 관광특구 (primary=KEY_2)
2026-05-18 02:30:02,171 [INFO] [11/121] 종로·청계 관광특구 (primary=KEY_3)
2026-05-18 02:30:03,763 [INFO] [12/121] 홍대 관광특구 (primary=KEY_4)
2026-05-18 02:30:06,045 [INFO] [13/121] 강서한강공원 (primary=KEY_1)
2026-05-18 02:30:07,183 [INFO] [14/121] 고척돔 (primary=KEY_2)
2026-05-18 02:30:08,352 [INFO] [15/121] 광나루한강공원 (primary=KEY_3)
2026-05-18 02:30:11,656 [INFO] [16/121] 광화문광장 (primary=KEY_4)
2026-05-18 02:30:14,008 [INFO] [17/121] 국립중앙박물관·용산가족공원 (primary=KEY_1)
2026-05-18 02:30:15,158 [INFO] [18/121] 난지한강공원 (primary=KEY_2)
2026-05-18 02:30:17,515 [INFO] [19/121] 남산공원 (primary=KEY_3)
2026-05-18 02:30:20,297 [INFO] [20/121] 노들섬 (primary=KEY_4)
2026-05-18 02:30:22,056 [INFO] [21/121] 뚝섬한강공원 (primary=KEY_1)
2026-05-18 02:30:24,040 [INFO] [22/121] 망원한강공원 (primary=KEY_2)
2026-05-18 02:30:25,444 [INFO] [23/121] 반포한강공원 (primary=KEY_3)
2026-05-18 02:30:26,585 [INFO] [24/121] 보라매공원 (primary=KEY_4)
2026-05-18 02:30:28,753 [INFO] [25/121] 북서울꿈의숲 (primary=KEY_1)
2026-05-18 02:30:29,951 [INFO] [26/121] 서대문독립공원 (primary=KEY_2)
2026-05-18 02:30:31,922 [INFO] [27/121] 서리풀공원·몽마르뜨공원 (primary=KEY_3)
2026-05-18 02:30:33,145 [INFO] [28/121] 서울대공원 (primary=KEY_4)
2026-05-18 02:30:34,472 [INFO] [29/121] 서울숲공원 (primary=KEY_1)
2026-05-18 02:30:35,829 [INFO] [30/121] 송현녹지광장 (primary=KEY_2)
2026-05-18 02:30:38,012 [INFO] [31/121] 아차산 (primary=KEY_3)
2026-05-18 02:30:39,153 [INFO] [32/121] 안양천 (primary=KEY_4)
2026-05-18 02:30:40,316 [INFO] [33/121] 양화한강공원 (primary=KEY_1)
2026-05-18 02:30:41,454 [INFO] [34/121] 어린이대공원 (primary=KEY_2)
2026-05-18 02:30:43,407 [INFO] [35/121] 여의도한강공원 (primary=KEY_3)
2026-05-18 02:30:45,953 [INFO] [36/121] 여의서로 (primary=KEY_4)
2026-05-18 02:30:47,119 [INFO] [37/121] 올림픽공원 (primary=KEY_1)
2026-05-18 02:30:48,533 [INFO] [38/121] 월드컵공원 (primary=KEY_2)
2026-05-18 02:30:50,914 [INFO] [39/121] 응봉산 (primary=KEY_3)
2026-05-18 02:30:52,974 [INFO] [40/121] 이촌한강공원 (primary=KEY_4)
2026-05-18 02:30:54,711 [INFO] [41/121] 잠실종합운동장 (primary=KEY_1)
2026-05-18 02:30:55,882 [INFO] [42/121] 잠실한강공원 (primary=KEY_2)
2026-05-18 02:30:57,031 [INFO] [43/121] 잠원한강공원 (primary=KEY_3)
2026-05-18 02:30:58,166 [INFO] [44/121] 청계산 (primary=KEY_4)
2026-05-18 02:31:00,102 [INFO] [45/121] 홍제폭포 (primary=KEY_1)
2026-05-18 02:31:01,270 [INFO] [46/121] 가락시장 (primary=KEY_2)
2026-05-18 02:31:02,666 [INFO] [47/121] 가로수길 (primary=KEY_3)
2026-05-18 02:31:04,820 [INFO] [48/121] 광장(전통)시장 (primary=KEY_4)
2026-05-18 02:31:06,020 [INFO] [49/121] 김포공항 (primary=KEY_1)
2026-05-18 02:31:07,394 [INFO] [50/121] 남대문시장 (primary=KEY_2)
2026-05-18 02:31:08,557 [INFO] [51/121] 노량진 (primary=KEY_3)
2026-05-18 02:31:09,750 [INFO] [52/121] 덕수궁길·정동길 (primary=KEY_4)
2026-05-18 02:31:11,107 [INFO] [53/121] 북창동 먹자골목 (primary=KEY_1)
2026-05-18 02:31:12,266 [INFO] [54/121] 북촌한옥마을 (primary=KEY_2)
2026-05-18 02:31:13,618 [INFO] [55/121] 서촌 (primary=KEY_3)
2026-05-18 02:31:14,976 [INFO] [56/121] 성수카페거리 (primary=KEY_4)
2026-05-18 02:31:16,382 [INFO] [57/121] 송리단길·호수단길 (primary=KEY_1)
2026-05-18 02:31:17,777 [INFO] [58/121] 신촌 스타광장 (primary=KEY_2)
2026-05-18 02:31:18,930 [INFO] [59/121] 압구정로데오거리 (primary=KEY_3)
2026-05-18 02:31:20,887 [INFO] [60/121] 여의도 (primary=KEY_4)
2026-05-18 02:31:22,895 [INFO] [61/121] 연남동 (primary=KEY_1)
2026-05-18 02:31:24,237 [INFO] [62/121] 영등포 타임스퀘어 (primary=KEY_2)
2026-05-18 02:31:25,606 [INFO] [63/121] 용리단길 (primary=KEY_3)
2026-05-18 02:31:26,797 [INFO] [64/121] 이태원 앤틱가구거리 (primary=KEY_4)
2026-05-18 02:31:27,976 [INFO] [65/121] 익선동 (primary=KEY_1)
2026-05-18 02:31:29,357 [INFO] [66/121] 인사동 (primary=KEY_2)
2026-05-18 02:31:31,908 [INFO] [67/121] 잠실롯데타워·석촌호수 (primary=KEY_3)
2026-05-18 02:31:33,309 [INFO] [68/121] 창동 신경제 중심지 (primary=KEY_4)
2026-05-18 02:31:34,900 [INFO] [69/121] 청담동 명품거리 (primary=KEY_1)
2026-05-18 02:31:36,257 [INFO] [70/121] 청량리 제기동 일대 전통시장 (primary=KEY_2)
2026-05-18 02:31:37,642 [INFO] [71/121] 해방촌·경리단길 (primary=KEY_3)
2026-05-18 02:31:38,794 [INFO] [72/121] DDP(동대문디자인플라자) (primary=KEY_4)
2026-05-18 02:31:40,198 [INFO] [73/121] DMC(디지털미디어시티) (primary=KEY_1)
2026-05-18 02:31:41,863 [INFO] [74/121] 가산디지털단지역 (primary=KEY_2)
2026-05-18 02:31:43,426 [INFO] [75/121] 강남역 (primary=KEY_3)
2026-05-18 02:31:45,015 [INFO] [76/121] 건대입구역 (primary=KEY_4)
2026-05-18 02:31:46,386 [INFO] [77/121] 고덕역 (primary=KEY_1)
2026-05-18 02:31:47,575 [INFO] [78/121] 고속터미널역 (primary=KEY_2)
2026-05-18 02:31:48,781 [INFO] [79/121] 교대역 (primary=KEY_3)
2026-05-18 02:31:49,953 [INFO] [80/121] 구로디지털단지역 (primary=KEY_4)
2026-05-18 02:31:51,303 [INFO] [81/121] 구로역 (primary=KEY_1)
2026-05-18 02:31:52,447 [INFO] [82/121] 군자역 (primary=KEY_2)
2026-05-18 02:31:53,630 [INFO] [83/121] 대림역 (primary=KEY_3)
2026-05-18 02:31:54,842 [INFO] [84/121] 동대문역 (primary=KEY_4)
2026-05-18 02:31:56,022 [INFO] [85/121] 뚝섬역 (primary=KEY_1)
2026-05-18 02:31:57,403 [INFO] [86/121] 미아사거리역 (primary=KEY_2)
2026-05-18 02:31:58,751 [INFO] [87/121] 발산역 (primary=KEY_3)
2026-05-18 02:32:00,309 [INFO] [88/121] 사당역 (primary=KEY_4)
2026-05-18 02:32:01,490 [INFO] [89/121] 삼각지역 (primary=KEY_1)
2026-05-18 02:32:02,674 [INFO] [90/121] 서울대입구역 (primary=KEY_2)
2026-05-18 02:32:03,837 [INFO] [91/121] 서울식물원·마곡나루역 (primary=KEY_3)
2026-05-18 02:32:05,197 [INFO] [92/121] 서울역 (primary=KEY_4)
2026-05-18 02:32:06,582 [INFO] [93/121] 선릉역 (primary=KEY_1)
2026-05-18 02:32:08,142 [INFO] [94/121] 성신여대입구역 (primary=KEY_2)
2026-05-18 02:32:09,312 [INFO] [95/121] 수유역 (primary=KEY_3)
2026-05-18 02:32:10,684 [INFO] [96/121] 숭례문 (primary=KEY_4)
2026-05-18 02:32:12,058 [INFO] [97/121] 시의회 앞 (primary=KEY_1)
2026-05-18 02:32:13,421 [INFO] [98/121] 신논현역·논현역 (primary=KEY_2)
2026-05-18 02:32:14,788 [INFO] [99/121] 신도림역 (primary=KEY_3)
2026-05-18 02:32:15,953 [INFO] [100/121] 신림역 (primary=KEY_4)
2026-05-18 02:32:17,137 [INFO] [101/121] 신정네거리역 (primary=KEY_1)
2026-05-18 02:32:18,996 [INFO] [102/121] 신촌·이대역 (primary=KEY_2)
2026-05-18 02:32:20,380 [INFO] [103/121] 쌍문역 (primary=KEY_3)
2026-05-18 02:32:21,552 [INFO] [104/121] 양재역 (primary=KEY_4)
2026-05-18 02:32:22,721 [INFO] [105/121] 역삼역 (primary=KEY_1)
2026-05-18 02:32:24,082 [INFO] [106/121] 연신내역 (primary=KEY_2)
2026-05-18 02:32:25,244 [INFO] [107/121] 오목교역·목동운동장 (primary=KEY_3)
2026-05-18 02:32:26,827 [INFO] [108/121] 왕십리역 (primary=KEY_4)
2026-05-18 02:32:28,238 [INFO] [109/121] 용산역 (primary=KEY_1)
2026-05-18 02:32:29,605 [INFO] [110/121] 이태원역 (primary=KEY_2)
2026-05-18 02:32:30,761 [INFO] [111/121] 잠실새내역 (primary=KEY_3)
2026-05-18 02:32:32,122 [INFO] [112/121] 잠실역 (primary=KEY_4)
2026-05-18 02:32:33,500 [INFO] [113/121] 장지역 (primary=KEY_1)
2026-05-18 02:32:34,850 [INFO] [114/121] 장한평역 (primary=KEY_2)
2026-05-18 02:32:36,245 [INFO] [115/121] 천호역 (primary=KEY_3)
2026-05-18 02:32:37,618 [INFO] [116/121] 총신대입구(이수)역 (primary=KEY_4)
2026-05-18 02:32:38,971 [INFO] [117/121] 충정로역 (primary=KEY_1)
2026-05-18 02:32:40,198 [INFO] [118/121] 합정역 (primary=KEY_2)
2026-05-18 02:32:42,182 [INFO] [119/121] 혜화역 (primary=KEY_3)
2026-05-18 02:32:44,158 [INFO] [120/121] 홍대입구역(2호선) (primary=KEY_4)
2026-05-18 02:32:45,371 [INFO] [121/121] 회기역 (primary=KEY_1)
2026-05-18 02:32:47,601 [INFO] === 수집 완료 | 성공 121, 실패 0 ===
2026-05-18 02:32:47,601 [INFO] 카테고리별 저장 결과:
2026-05-18 02:32:47,602 [INFO]    accident                  | 신규     1행 | 누적      3행 | 16컬럼
2026-05-18 02:32:47,602 [INFO]    area_meta                 | 신규   121행 | 누적    363행 | 5컬럼
2026-05-18 02:32:47,602 [INFO]    bike                      | 신규    11행 | 누적     33행 | 12컬럼
2026-05-18 02:32:47,602 [INFO]    bike_sbike_stts           | 신규   558행 | 누적   1674행 | 12컬럼
2026-05-18 02:32:47,602 [INFO]    bus                       | 신규     3행 | 누적      9행 | 11컬럼
2026-05-18 02:32:47,602 [INFO]    bus_bus_stn_stts          | 신규  1745행 | 누적   5235행 | 11컬럼
2026-05-18 02:32:47,602 [INFO]    charger                   | 신규    25행 | 누적     36행 | 15컬럼
2026-05-18 02:32:47,602 [INFO]    charger_charger_stts      | 신규   324행 | 누적   3934행 | 15컬럼
2026-05-18 02:32:47,602 [INFO]    cmrcl                     | 신규    82행 | 누적    246행 | 20컬럼
2026-05-18 02:32:47,602 [INFO]    events                    | 신규    12행 | 누적     36행 | 14컬럼
2026-05-18 02:32:47,602 [INFO]    events_event_stts         | 신규   174행 | 누적    522행 | 14컬럼
2026-05-18 02:32:47,602 [INFO]    parking                   | 신규     6행 | 누적     18행 | 21컬럼
2026-05-18 02:32:47,602 [INFO]    parking_prk_stts          | 신규  1835행 | 누적   5505행 | 21컬럼
2026-05-18 02:32:47,602 [INFO]    ppltn                     | 신규   121행 | 누적    363행 | 26컬럼
2026-05-18 02:32:47,602 [INFO]    road                      | 신규   121행 | 누적    363행 | 21컬럼
2026-05-18 02:32:47,602 [INFO]    road_road_traffic_stts    | 신규  5244행 | 누적  15732행 | 17컬럼
2026-05-18 02:32:47,602 [INFO]    subway                    | 신규    38행 | 누적    114행 | 13컬럼
2026-05-18 02:32:47,603 [INFO]    subway_sub_stts           | 신규   183행 | 누적    549행 | 13컬럼
2026-05-18 02:32:47,603 [INFO]    weather                   | 신규   119행 | 누적    357행 | 29컬럼
2026-05-18 02:32:47,603 [INFO] 키별 사용량:
2026-05-18 02:32:47,603 [INFO]    🟢 KEY_1 (31/1000) 
2026-05-18 02:32:47,603 [INFO]    🟢 KEY_2 (30/1000) 
2026-05-18 02:32:47,603 [INFO]    🟢 KEY_3 (30/1000) 
2026-05-18 02:32:47,603 [INFO]    🟢 KEY_4 (30/1000) 
2026-05-18 03:32:48,144 [INFO] 등록된 키: 4개, 합산 한도 4,000건/일
2026-05-18 03:32:48,145 [INFO] POI 로드: 매뉴얼 v8.5 기준 fallback 121개 (121개 전체)
2026-05-18 03:32:48,145 [INFO] === 수집 시작 2026-05-18T03:32:48.145386+09:00 ===
2026-05-18 03:32:48,145 [INFO] 대상 장소: 121개 | API: citydata (통합)
2026-05-18 03:32:48,145 [INFO] 키 풀: 4/4 활성 | 오늘 사용 0/4000건
2026-05-18 03:32:48,145 [INFO]   [KEY_1] 담당 31장소
2026-05-18 03:32:48,145 [INFO]   [KEY_2] 담당 30장소
2026-05-18 03:32:48,145 [INFO]   [KEY_3] 담당 30장소
2026-05-18 03:32:48,145 [INFO]   [KEY_4] 담당 30장소
2026-05-18 03:32:48,145 [INFO] [1/121] 경복궁 (primary=KEY_1)
2026-05-18 03:32:49,653 [INFO] [2/121] 광화문·덕수궁 (primary=KEY_2)
2026-05-18 03:32:51,423 [INFO] [3/121] 보신각 (primary=KEY_3)
2026-05-18 03:32:53,048 [INFO] [4/121] 서울 암사동 유적 (primary=KEY_4)
2026-05-18 03:32:54,754 [INFO] [5/121] 창덕궁·종묘 (primary=KEY_1)
2026-05-18 03:32:56,351 [INFO] [6/121] 강남 MICE 관광특구 (primary=KEY_2)
2026-05-18 03:32:57,345 [INFO] [7/121] 동대문 관광특구 (primary=KEY_3)
2026-05-18 03:32:59,131 [INFO] [8/121] 명동 관광특구 (primary=KEY_4)
2026-05-18 03:33:00,975 [INFO] [9/121] 이태원 관광특구 (primary=KEY_1)
2026-05-18 03:33:02,076 [INFO] [10/121] 잠실 관광특구 (primary=KEY_2)
2026-05-18 03:33:03,876 [INFO] [11/121] 종로·청계 관광특구 (primary=KEY_3)
2026-05-18 03:33:05,134 [INFO] [12/121] 홍대 관광특구 (primary=KEY_4)
2026-05-18 03:33:06,904 [INFO] [13/121] 강서한강공원 (primary=KEY_1)
2026-05-18 03:33:07,844 [INFO] [14/121] 고척돔 (primary=KEY_2)
2026-05-18 03:33:08,785 [INFO] [15/121] 광나루한강공원 (primary=KEY_3)
2026-05-18 03:33:10,371 [INFO] [16/121] 광화문광장 (primary=KEY_4)
2026-05-18 03:33:11,968 [INFO] [17/121] 국립중앙박물관·용산가족공원 (primary=KEY_1)
2026-05-18 03:33:12,919 [INFO] [18/121] 난지한강공원 (primary=KEY_2)
2026-05-18 03:33:14,380 [INFO] [19/121] 남산공원 (primary=KEY_3)
2026-05-18 03:33:16,137 [INFO] [20/121] 노들섬 (primary=KEY_4)
2026-05-18 03:33:17,084 [INFO] [21/121] 뚝섬한강공원 (primary=KEY_1)
2026-05-18 03:33:18,055 [INFO] [22/121] 망원한강공원 (primary=KEY_2)
2026-05-18 03:33:19,661 [INFO] [23/121] 반포한강공원 (primary=KEY_3)
2026-05-18 03:33:20,622 [INFO] [24/121] 보라매공원 (primary=KEY_4)
2026-05-18 03:33:21,610 [INFO] [25/121] 북서울꿈의숲 (primary=KEY_1)
2026-05-18 03:33:22,590 [INFO] [26/121] 서대문독립공원 (primary=KEY_2)
2026-05-18 03:33:23,551 [INFO] [27/121] 서리풀공원·몽마르뜨공원 (primary=KEY_3)
2026-05-18 03:33:24,552 [INFO] [28/121] 서울대공원 (primary=KEY_4)
2026-05-18 03:33:25,499 [INFO] [29/121] 서울숲공원 (primary=KEY_1)
2026-05-18 03:33:26,606 [INFO] [30/121] 송현녹지광장 (primary=KEY_2)
2026-05-18 03:33:27,698 [INFO] [31/121] 아차산 (primary=KEY_3)
2026-05-18 03:33:28,653 [INFO] [32/121] 안양천 (primary=KEY_4)
2026-05-18 03:33:29,604 [INFO] [33/121] 양화한강공원 (primary=KEY_1)
2026-05-18 03:33:30,564 [INFO] [34/121] 어린이대공원 (primary=KEY_2)
2026-05-18 03:33:31,538 [INFO] [35/121] 여의도한강공원 (primary=KEY_3)
2026-05-18 03:33:32,634 [INFO] [36/121] 여의서로 (primary=KEY_4)
2026-05-18 03:33:33,606 [INFO] [37/121] 올림픽공원 (primary=KEY_1)
2026-05-18 03:33:34,753 [INFO] [38/121] 월드컵공원 (primary=KEY_2)
2026-05-18 03:33:36,009 [INFO] [39/121] 응봉산 (primary=KEY_3)
2026-05-18 03:33:37,209 [INFO] [40/121] 이촌한강공원 (primary=KEY_4)
2026-05-18 03:33:38,153 [INFO] [41/121] 잠실종합운동장 (primary=KEY_1)
2026-05-18 03:33:40,052 [INFO] [42/121] 잠실한강공원 (primary=KEY_2)
2026-05-18 03:33:41,012 [INFO] [43/121] 잠원한강공원 (primary=KEY_3)
2026-05-18 03:33:41,957 [INFO] [44/121] 청계산 (primary=KEY_4)
2026-05-18 03:33:42,909 [INFO] [45/121] 홍제폭포 (primary=KEY_1)
2026-05-18 03:33:43,855 [INFO] [46/121] 가락시장 (primary=KEY_2)
2026-05-18 03:33:44,969 [INFO] [47/121] 가로수길 (primary=KEY_3)
2026-05-18 03:33:46,079 [INFO] [48/121] 광장(전통)시장 (primary=KEY_4)
2026-05-18 03:33:47,045 [INFO] [49/121] 김포공항 (primary=KEY_1)
2026-05-18 03:33:48,683 [INFO] [50/121] 남대문시장 (primary=KEY_2)
2026-05-18 03:33:49,657 [INFO] [51/121] 노량진 (primary=KEY_3)
2026-05-18 03:33:50,652 [INFO] [52/121] 덕수궁길·정동길 (primary=KEY_4)
2026-05-18 03:33:51,766 [INFO] [53/121] 북창동 먹자골목 (primary=KEY_1)
2026-05-18 03:33:52,724 [INFO] [54/121] 북촌한옥마을 (primary=KEY_2)
2026-05-18 03:33:54,456 [INFO] [55/121] 서촌 (primary=KEY_3)
2026-05-18 03:33:55,535 [INFO] [56/121] 성수카페거리 (primary=KEY_4)
2026-05-18 03:33:56,642 [INFO] [57/121] 송리단길·호수단길 (primary=KEY_1)
2026-05-18 03:33:57,749 [INFO] [58/121] 신촌 스타광장 (primary=KEY_2)
2026-05-18 03:33:58,728 [INFO] [59/121] 압구정로데오거리 (primary=KEY_3)
2026-05-18 03:33:59,835 [INFO] [60/121] 여의도 (primary=KEY_4)
2026-05-18 03:34:01,407 [INFO] [61/121] 연남동 (primary=KEY_1)
2026-05-18 03:34:02,492 [INFO] [62/121] 영등포 타임스퀘어 (primary=KEY_2)
2026-05-18 03:34:03,579 [INFO] [63/121] 용리단길 (primary=KEY_3)
2026-05-18 03:34:04,566 [INFO] [64/121] 이태원 앤틱가구거리 (primary=KEY_4)
2026-05-18 03:34:05,541 [INFO] [65/121] 익선동 (primary=KEY_1)
2026-05-18 03:34:06,673 [INFO] [66/121] 인사동 (primary=KEY_2)
2026-05-18 03:34:07,777 [INFO] [67/121] 잠실롯데타워·석촌호수 (primary=KEY_3)
2026-05-18 03:34:08,889 [INFO] [68/121] 창동 신경제 중심지 (primary=KEY_4)
2026-05-18 03:34:10,159 [INFO] [69/121] 청담동 명품거리 (primary=KEY_1)
2026-05-18 03:34:11,261 [INFO] [70/121] 청량리 제기동 일대 전통시장 (primary=KEY_2)
2026-05-18 03:34:12,379 [INFO] [71/121] 해방촌·경리단길 (primary=KEY_3)
2026-05-18 03:34:13,349 [INFO] [72/121] DDP(동대문디자인플라자) (primary=KEY_4)
2026-05-18 03:34:14,467 [INFO] [73/121] DMC(디지털미디어시티) (primary=KEY_1)
2026-05-18 03:34:15,773 [INFO] [74/121] 가산디지털단지역 (primary=KEY_2)
2026-05-18 03:34:17,006 [INFO] [75/121] 강남역 (primary=KEY_3)
2026-05-18 03:34:18,272 [INFO] [76/121] 건대입구역 (primary=KEY_4)
2026-05-18 03:34:19,381 [INFO] [77/121] 고덕역 (primary=KEY_1)
2026-05-18 03:34:20,371 [INFO] [78/121] 고속터미널역 (primary=KEY_2)
2026-05-18 03:34:21,379 [INFO] [79/121] 교대역 (primary=KEY_3)
2026-05-18 03:34:22,360 [INFO] [80/121] 구로디지털단지역 (primary=KEY_4)
2026-05-18 03:34:23,459 [INFO] [81/121] 구로역 (primary=KEY_1)
2026-05-18 03:34:24,418 [INFO] [82/121] 군자역 (primary=KEY_2)
2026-05-18 03:34:25,422 [INFO] [83/121] 대림역 (primary=KEY_3)
2026-05-18 03:34:26,405 [INFO] [84/121] 동대문역 (primary=KEY_4)
2026-05-18 03:34:27,413 [INFO] [85/121] 뚝섬역 (primary=KEY_1)
2026-05-18 03:34:28,531 [INFO] [86/121] 미아사거리역 (primary=KEY_2)
2026-05-18 03:34:29,638 [INFO] [87/121] 발산역 (primary=KEY_3)
2026-05-18 03:34:30,867 [INFO] [88/121] 사당역 (primary=KEY_4)
2026-05-18 03:34:31,862 [INFO] [89/121] 삼각지역 (primary=KEY_1)
2026-05-18 03:34:32,841 [INFO] [90/121] 서울대입구역 (primary=KEY_2)
2026-05-18 03:34:33,815 [INFO] [91/121] 서울식물원·마곡나루역 (primary=KEY_3)
2026-05-18 03:34:34,918 [INFO] [92/121] 서울역 (primary=KEY_4)
2026-05-18 03:34:36,065 [INFO] [93/121] 선릉역 (primary=KEY_1)
2026-05-18 03:34:37,322 [INFO] [94/121] 성신여대입구역 (primary=KEY_2)
2026-05-18 03:34:38,306 [INFO] [95/121] 수유역 (primary=KEY_3)
2026-05-18 03:34:39,422 [INFO] [96/121] 숭례문 (primary=KEY_4)
2026-05-18 03:34:40,515 [INFO] [97/121] 시의회 앞 (primary=KEY_1)
2026-05-18 03:34:41,631 [INFO] [98/121] 신논현역·논현역 (primary=KEY_2)
2026-05-18 03:34:42,762 [INFO] [99/121] 신도림역 (primary=KEY_3)
2026-05-18 03:34:43,734 [INFO] [100/121] 신림역 (primary=KEY_4)
2026-05-18 03:34:44,725 [INFO] [101/121] 신정네거리역 (primary=KEY_1)
2026-05-18 03:34:45,711 [INFO] [102/121] 신촌·이대역 (primary=KEY_2)
2026-05-18 03:34:46,818 [INFO] [103/121] 쌍문역 (primary=KEY_3)
2026-05-18 03:34:47,810 [INFO] [104/121] 양재역 (primary=KEY_4)
2026-05-18 03:34:48,795 [INFO] [105/121] 역삼역 (primary=KEY_1)
2026-05-18 03:34:49,903 [INFO] [106/121] 연신내역 (primary=KEY_2)
2026-05-18 03:34:50,892 [INFO] [107/121] 오목교역·목동운동장 (primary=KEY_3)
2026-05-18 03:34:52,140 [INFO] [108/121] 왕십리역 (primary=KEY_4)
2026-05-18 03:34:53,268 [INFO] [109/121] 용산역 (primary=KEY_1)
2026-05-18 03:34:54,418 [INFO] [110/121] 이태원역 (primary=KEY_2)
2026-05-18 03:34:55,385 [INFO] [111/121] 잠실새내역 (primary=KEY_3)
2026-05-18 03:34:56,505 [INFO] [112/121] 잠실역 (primary=KEY_4)
2026-05-18 03:34:57,628 [INFO] [113/121] 장지역 (primary=KEY_1)
2026-05-18 03:34:58,725 [INFO] [114/121] 장한평역 (primary=KEY_2)
2026-05-18 03:34:59,835 [INFO] [115/121] 천호역 (primary=KEY_3)
2026-05-18 03:35:00,975 [INFO] [116/121] 총신대입구(이수)역 (primary=KEY_4)
2026-05-18 03:35:02,056 [INFO] [117/121] 충정로역 (primary=KEY_1)
2026-05-18 03:35:03,085 [INFO] [118/121] 합정역 (primary=KEY_2)
2026-05-18 03:35:04,180 [INFO] [119/121] 혜화역 (primary=KEY_3)
2026-05-18 03:35:05,141 [INFO] [120/121] 홍대입구역(2호선) (primary=KEY_4)
2026-05-18 03:35:06,126 [INFO] [121/121] 회기역 (primary=KEY_1)
2026-05-18 03:35:08,171 [INFO] === 수집 완료 | 성공 121, 실패 0 ===
2026-05-18 03:35:08,172 [INFO] 카테고리별 저장 결과:
2026-05-18 03:35:08,172 [INFO]    area_meta                 | 신규   121행 | 누적    484행 | 5컬럼
2026-05-18 03:35:08,172 [INFO]    bike                      | 신규    11행 | 누적     44행 | 12컬럼
2026-05-18 03:35:08,172 [INFO]    bike_sbike_stts           | 신규   558행 | 누적   2232행 | 12컬럼
2026-05-18 03:35:08,172 [INFO]    bus                       | 신규     3행 | 누적     12행 | 11컬럼
2026-05-18 03:35:08,172 [INFO]    bus_bus_stn_stts          | 신규  1745행 | 누적   6980행 | 11컬럼
2026-05-18 03:35:08,172 [INFO]    charger                   | 신규    25행 | 누적     61행 | 15컬럼
2026-05-18 03:35:08,172 [INFO]    charger_charger_stts      | 신규   324행 | 누적   4256행 | 15컬럼
2026-05-18 03:35:08,172 [INFO]    cmrcl                     | 신규    82행 | 누적    328행 | 20컬럼
2026-05-18 03:35:08,172 [INFO]    events                    | 신규    12행 | 누적     48행 | 14컬럼
2026-05-18 03:35:08,172 [INFO]    events_event_stts         | 신규   174행 | 누적    696행 | 14컬럼
2026-05-18 03:35:08,172 [INFO]    parking                   | 신규     6행 | 누적     24행 | 21컬럼
2026-05-18 03:35:08,172 [INFO]    parking_prk_stts          | 신규  1835행 | 누적   7340행 | 21컬럼
2026-05-18 03:35:08,172 [INFO]    ppltn                     | 신규   121행 | 누적    484행 | 26컬럼
2026-05-18 03:35:08,172 [INFO]    road                      | 신규   121행 | 누적    484행 | 21컬럼
2026-05-18 03:35:08,172 [INFO]    road_road_traffic_stts    | 신규  5244행 | 누적  20976행 | 17컬럼
2026-05-18 03:35:08,172 [INFO]    subway                    | 신규    38행 | 누적    152행 | 13컬럼
2026-05-18 03:35:08,173 [INFO]    subway_sub_stts           | 신규   183행 | 누적    732행 | 13컬럼
2026-05-18 03:35:08,173 [INFO]    weather                   | 신규   119행 | 누적    476행 | 29컬럼
2026-05-18 03:35:08,173 [INFO] 키별 사용량:
2026-05-18 03:35:08,173 [INFO]    🟢 KEY_1 (31/1000) 
2026-05-18 03:35:08,173 [INFO]    🟢 KEY_2 (30/1000) 
2026-05-18 03:35:08,173 [INFO]    🟢 KEY_3 (30/1000) 
2026-05-18 03:35:08,173 [INFO]    🟢 KEY_4 (30/1000) 
2026-05-18 04:34:47,818 [INFO] 등록된 키: 4개, 합산 한도 4,000건/일
2026-05-18 04:34:47,819 [INFO] POI 로드: 매뉴얼 v8.5 기준 fallback 121개 (121개 전체)
2026-05-18 04:34:47,819 [INFO] === 수집 시작 2026-05-18T04:34:47.819104+09:00 ===
2026-05-18 04:34:47,819 [INFO] 대상 장소: 121개 | API: citydata (통합)
2026-05-18 04:34:47,819 [INFO] 키 풀: 4/4 활성 | 오늘 사용 0/4000건
2026-05-18 04:34:47,819 [INFO]   [KEY_1] 담당 31장소
2026-05-18 04:34:47,819 [INFO]   [KEY_2] 담당 30장소
2026-05-18 04:34:47,819 [INFO]   [KEY_3] 담당 30장소
2026-05-18 04:34:47,819 [INFO]   [KEY_4] 담당 30장소
2026-05-18 04:34:47,819 [INFO] [1/121] 경복궁 (primary=KEY_1)
2026-05-18 04:34:49,669 [INFO] [2/121] 광화문·덕수궁 (primary=KEY_2)
2026-05-18 04:34:51,958 [INFO] [3/121] 보신각 (primary=KEY_3)
2026-05-18 04:34:53,635 [INFO] [4/121] 서울 암사동 유적 (primary=KEY_4)
2026-05-18 04:34:55,294 [INFO] [5/121] 창덕궁·종묘 (primary=KEY_1)
2026-05-18 04:34:56,412 [INFO] [6/121] 강남 MICE 관광특구 (primary=KEY_2)
2026-05-18 04:34:58,106 [INFO] [7/121] 동대문 관광특구 (primary=KEY_3)
2026-05-18 04:34:59,448 [INFO] [8/121] 명동 관광특구 (primary=KEY_4)
2026-05-18 04:35:01,495 [INFO] [9/121] 이태원 관광특구 (primary=KEY_1)
2026-05-18 04:35:03,460 [INFO] [10/121] 잠실 관광특구 (primary=KEY_2)
2026-05-18 04:35:05,627 [INFO] [11/121] 종로·청계 관광특구 (primary=KEY_3)
2026-05-18 04:35:07,519 [INFO] [12/121] 홍대 관광특구 (primary=KEY_4)
2026-05-18 04:35:08,825 [INFO] [13/121] 강서한강공원 (primary=KEY_1)
2026-05-18 04:35:09,788 [INFO] [14/121] 고척돔 (primary=KEY_2)
2026-05-18 04:35:11,592 [INFO] [15/121] 광나루한강공원 (primary=KEY_3)
2026-05-18 04:35:12,700 [INFO] [16/121] 광화문광장 (primary=KEY_4)
2026-05-18 04:35:13,845 [INFO] [17/121] 국립중앙박물관·용산가족공원 (primary=KEY_1)
2026-05-18 04:35:14,842 [INFO] [18/121] 난지한강공원 (primary=KEY_2)
2026-05-18 04:35:15,812 [INFO] [19/121] 남산공원 (primary=KEY_3)
2026-05-18 04:35:17,091 [INFO] [20/121] 노들섬 (primary=KEY_4)
2026-05-18 04:35:18,059 [INFO] [21/121] 뚝섬한강공원 (primary=KEY_1)
2026-05-18 04:35:19,045 [INFO] [22/121] 망원한강공원 (primary=KEY_2)
2026-05-18 04:35:20,175 [INFO] [23/121] 반포한강공원 (primary=KEY_3)
2026-05-18 04:35:21,173 [INFO] [24/121] 보라매공원 (primary=KEY_4)
2026-05-18 04:35:22,750 [INFO] [25/121] 북서울꿈의숲 (primary=KEY_1)
2026-05-18 04:35:23,871 [INFO] [26/121] 서대문독립공원 (primary=KEY_2)
2026-05-18 04:35:24,873 [INFO] [27/121] 서리풀공원·몽마르뜨공원 (primary=KEY_3)
2026-05-18 04:35:25,887 [INFO] [28/121] 서울대공원 (primary=KEY_4)
2026-05-18 04:35:26,875 [INFO] [29/121] 서울숲공원 (primary=KEY_1)
2026-05-18 04:35:28,015 [INFO] [30/121] 송현녹지광장 (primary=KEY_2)
2026-05-18 04:35:29,157 [INFO] [31/121] 아차산 (primary=KEY_3)
2026-05-18 04:35:30,134 [INFO] [32/121] 안양천 (primary=KEY_4)
2026-05-18 04:35:31,119 [INFO] [33/121] 양화한강공원 (primary=KEY_1)
2026-05-18 04:35:32,097 [INFO] [34/121] 어린이대공원 (primary=KEY_2)
2026-05-18 04:35:33,237 [INFO] [35/121] 여의도한강공원 (primary=KEY_3)
2026-05-18 04:35:34,367 [INFO] [36/121] 여의서로 (primary=KEY_4)
2026-05-18 04:35:35,484 [INFO] [37/121] 올림픽공원 (primary=KEY_1)
2026-05-18 04:35:36,652 [INFO] [38/121] 월드컵공원 (primary=KEY_2)
2026-05-18 04:35:37,953 [INFO] [39/121] 응봉산 (primary=KEY_3)
2026-05-18 04:35:39,077 [INFO] [40/121] 이촌한강공원 (primary=KEY_4)
2026-05-18 04:35:40,046 [INFO] [41/121] 잠실종합운동장 (primary=KEY_1)
2026-05-18 04:35:41,032 [INFO] [42/121] 잠실한강공원 (primary=KEY_2)
2026-05-18 04:35:42,042 [INFO] [43/121] 잠원한강공원 (primary=KEY_3)
2026-05-18 04:35:43,021 [INFO] [44/121] 청계산 (primary=KEY_4)
2026-05-18 04:35:43,989 [INFO] [45/121] 홍제폭포 (primary=KEY_1)
2026-05-18 04:35:44,964 [INFO] [46/121] 가락시장 (primary=KEY_2)
2026-05-18 04:35:46,112 [INFO] [47/121] 가로수길 (primary=KEY_3)
2026-05-18 04:35:47,265 [INFO] [48/121] 광장(전통)시장 (primary=KEY_4)
2026-05-18 04:35:48,275 [INFO] [49/121] 김포공항 (primary=KEY_1)
2026-05-18 04:35:49,439 [INFO] [50/121] 남대문시장 (primary=KEY_2)
2026-05-18 04:35:50,584 [INFO] [51/121] 노량진 (primary=KEY_3)
2026-05-18 04:35:51,722 [INFO] [52/121] 덕수궁길·정동길 (primary=KEY_4)
2026-05-18 04:35:52,866 [INFO] [53/121] 북창동 먹자골목 (primary=KEY_1)
2026-05-18 04:35:53,976 [INFO] [54/121] 북촌한옥마을 (primary=KEY_2)
2026-05-18 04:35:55,256 [INFO] [55/121] 서촌 (primary=KEY_3)
2026-05-18 04:35:56,377 [INFO] [56/121] 성수카페거리 (primary=KEY_4)
2026-05-18 04:35:57,673 [INFO] [57/121] 송리단길·호수단길 (primary=KEY_1)
2026-05-18 04:35:58,822 [INFO] [58/121] 신촌 스타광장 (primary=KEY_2)
2026-05-18 04:35:59,813 [INFO] [59/121] 압구정로데오거리 (primary=KEY_3)
2026-05-18 04:36:00,952 [INFO] [60/121] 여의도 (primary=KEY_4)
2026-05-18 04:36:02,744 [INFO] [61/121] 연남동 (primary=KEY_1)
2026-05-18 04:36:03,863 [INFO] [62/121] 영등포 타임스퀘어 (primary=KEY_2)
2026-05-18 04:36:04,998 [INFO] [63/121] 용리단길 (primary=KEY_3)
2026-05-18 04:36:06,007 [INFO] [64/121] 이태원 앤틱가구거리 (primary=KEY_4)
2026-05-18 04:36:06,991 [INFO] [65/121] 익선동 (primary=KEY_1)
2026-05-18 04:36:08,133 [INFO] [66/121] 인사동 (primary=KEY_2)
2026-05-18 04:36:09,275 [INFO] [67/121] 잠실롯데타워·석촌호수 (primary=KEY_3)
2026-05-18 04:36:10,703 [INFO] [68/121] 창동 신경제 중심지 (primary=KEY_4)
2026-05-18 04:36:12,160 [INFO] [69/121] 청담동 명품거리 (primary=KEY_1)
2026-05-18 04:36:13,328 [INFO] [70/121] 청량리 제기동 일대 전통시장 (primary=KEY_2)
2026-05-18 04:36:14,469 [INFO] [71/121] 해방촌·경리단길 (primary=KEY_3)
2026-05-18 04:36:15,479 [INFO] [72/121] DDP(동대문디자인플라자) (primary=KEY_4)
2026-05-18 04:36:16,614 [INFO] [73/121] DMC(디지털미디어시티) (primary=KEY_1)
2026-05-18 04:36:18,071 [INFO] [74/121] 가산디지털단지역 (primary=KEY_2)
2026-05-18 04:36:19,674 [INFO] [75/121] 강남역 (primary=KEY_3)
2026-05-18 04:36:20,982 [INFO] [76/121] 건대입구역 (primary=KEY_4)
2026-05-18 04:36:22,129 [INFO] [77/121] 고덕역 (primary=KEY_1)
2026-05-18 04:36:23,253 [INFO] [78/121] 고속터미널역 (primary=KEY_2)
2026-05-18 04:36:24,400 [INFO] [79/121] 교대역 (primary=KEY_3)
2026-05-18 04:36:25,396 [INFO] [80/121] 구로디지털단지역 (primary=KEY_4)
2026-05-18 04:36:26,688 [INFO] [81/121] 구로역 (primary=KEY_1)
2026-05-18 04:36:27,817 [INFO] [82/121] 군자역 (primary=KEY_2)
2026-05-18 04:36:28,833 [INFO] [83/121] 대림역 (primary=KEY_3)
2026-05-18 04:36:29,978 [INFO] [84/121] 동대문역 (primary=KEY_4)
2026-05-18 04:36:31,125 [INFO] [85/121] 뚝섬역 (primary=KEY_1)
2026-05-18 04:36:32,252 [INFO] [86/121] 미아사거리역 (primary=KEY_2)
2026-05-18 04:36:33,392 [INFO] [87/121] 발산역 (primary=KEY_3)
2026-05-18 04:36:34,675 [INFO] [88/121] 사당역 (primary=KEY_4)
2026-05-18 04:36:35,814 [INFO] [89/121] 삼각지역 (primary=KEY_1)
2026-05-18 04:36:36,824 [INFO] [90/121] 서울대입구역 (primary=KEY_2)
2026-05-18 04:36:37,954 [INFO] [91/121] 서울식물원·마곡나루역 (primary=KEY_3)
2026-05-18 04:36:39,239 [INFO] [92/121] 서울역 (primary=KEY_4)
2026-05-18 04:36:40,443 [INFO] [93/121] 선릉역 (primary=KEY_1)
2026-05-18 04:36:41,895 [INFO] [94/121] 성신여대입구역 (primary=KEY_2)
2026-05-18 04:36:42,915 [INFO] [95/121] 수유역 (primary=KEY_3)
2026-05-18 04:36:44,061 [INFO] [96/121] 숭례문 (primary=KEY_4)
2026-05-18 04:36:45,198 [INFO] [97/121] 시의회 앞 (primary=KEY_1)
2026-05-18 04:36:46,336 [INFO] [98/121] 신논현역·논현역 (primary=KEY_2)
2026-05-18 04:36:47,510 [INFO] [99/121] 신도림역 (primary=KEY_3)
2026-05-18 04:36:48,515 [INFO] [100/121] 신림역 (primary=KEY_4)
2026-05-18 04:36:49,549 [INFO] [101/121] 신정네거리역 (primary=KEY_1)
2026-05-18 04:36:50,704 [INFO] [102/121] 신촌·이대역 (primary=KEY_2)
2026-05-18 04:36:51,862 [INFO] [103/121] 쌍문역 (primary=KEY_3)
2026-05-18 04:36:52,996 [INFO] [104/121] 양재역 (primary=KEY_4)
2026-05-18 04:36:54,148 [INFO] [105/121] 역삼역 (primary=KEY_1)
2026-05-18 04:36:55,442 [INFO] [106/121] 연신내역 (primary=KEY_2)
2026-05-18 04:36:56,469 [INFO] [107/121] 오목교역·목동운동장 (primary=KEY_3)
2026-05-18 04:36:58,075 [INFO] [108/121] 왕십리역 (primary=KEY_4)
2026-05-18 04:36:59,276 [INFO] [109/121] 용산역 (primary=KEY_1)
2026-05-18 04:37:00,574 [INFO] [110/121] 이태원역 (primary=KEY_2)
2026-05-18 04:37:01,642 [INFO] [111/121] 잠실새내역 (primary=KEY_3)
2026-05-18 04:37:02,790 [INFO] [112/121] 잠실역 (primary=KEY_4)
2026-05-18 04:37:04,097 [INFO] [113/121] 장지역 (primary=KEY_1)
2026-05-18 04:37:05,397 [INFO] [114/121] 장한평역 (primary=KEY_2)
2026-05-18 04:37:06,571 [INFO] [115/121] 천호역 (primary=KEY_3)
2026-05-18 04:37:07,722 [INFO] [116/121] 총신대입구(이수)역 (primary=KEY_4)
2026-05-18 04:37:08,870 [INFO] [117/121] 충정로역 (primary=KEY_1)
2026-05-18 04:37:10,033 [INFO] [118/121] 합정역 (primary=KEY_2)
2026-05-18 04:37:11,194 [INFO] [119/121] 혜화역 (primary=KEY_3)
2026-05-18 04:37:12,356 [INFO] [120/121] 홍대입구역(2호선) (primary=KEY_4)
2026-05-18 04:37:13,520 [INFO] [121/121] 회기역 (primary=KEY_1)
2026-05-18 04:37:15,806 [INFO] === 수집 완료 | 성공 121, 실패 0 ===
2026-05-18 04:37:15,806 [INFO] 카테고리별 저장 결과:
2026-05-18 04:37:15,806 [INFO]    accident                  | 신규     1행 | 누적      4행 | 16컬럼
2026-05-18 04:37:15,806 [INFO]    area_meta                 | 신규   121행 | 누적    605행 | 5컬럼
2026-05-18 04:37:15,807 [INFO]    bike                      | 신규    11행 | 누적     55행 | 12컬럼
2026-05-18 04:37:15,807 [INFO]    bike_sbike_stts           | 신규   558행 | 누적   2790행 | 12컬럼
2026-05-18 04:37:15,807 [INFO]    bus                       | 신규     3행 | 누적     15행 | 11컬럼
2026-05-18 04:37:15,807 [INFO]    bus_bus_stn_stts          | 신규  1745행 | 누적   8725행 | 11컬럼
2026-05-18 04:37:15,807 [INFO]    charger                   | 신규     4행 | 누적     65행 | 15컬럼
2026-05-18 04:37:15,807 [INFO]    charger_charger_stts      | 신규  1885행 | 누적   6126행 | 15컬럼
2026-05-18 04:37:15,807 [INFO]    cmrcl                     | 신규    82행 | 누적    410행 | 20컬럼
2026-05-18 04:37:15,807 [INFO]    events                    | 신규    12행 | 누적     60행 | 14컬럼
2026-05-18 04:37:15,807 [INFO]    events_event_stts         | 신규   174행 | 누적    870행 | 14컬럼
2026-05-18 04:37:15,807 [INFO]    parking                   | 신규     6행 | 누적     30행 | 21컬럼
2026-05-18 04:37:15,807 [INFO]    parking_prk_stts          | 신규  1835행 | 누적   9175행 | 21컬럼
2026-05-18 04:37:15,807 [INFO]    ppltn                     | 신규   121행 | 누적    605행 | 26컬럼
2026-05-18 04:37:15,807 [INFO]    road                      | 신규   121행 | 누적    605행 | 21컬럼
2026-05-18 04:37:15,807 [INFO]    road_road_traffic_stts    | 신규  5244행 | 누적  26220행 | 17컬럼
2026-05-18 04:37:15,807 [INFO]    subway                    | 신규    38행 | 누적    190행 | 13컬럼
2026-05-18 04:37:15,807 [INFO]    subway_sub_stts           | 신규   183행 | 누적    915행 | 13컬럼
2026-05-18 04:37:15,807 [INFO]    weather                   | 신규   119행 | 누적    595행 | 29컬럼
2026-05-18 04:37:15,807 [INFO] 키별 사용량:
2026-05-18 04:37:15,807 [INFO]    🟢 KEY_1 (31/1000) 
2026-05-18 04:37:15,808 [INFO]    🟢 KEY_2 (30/1000) 
2026-05-18 04:37:15,808 [INFO]    🟢 KEY_3 (30/1000) 
2026-05-18 04:37:15,808 [INFO]    🟢 KEY_4 (30/1000) 
2026-05-18 05:25:50,080 [INFO] 등록된 키: 4개, 합산 한도 4,000건/일
2026-05-18 05:25:50,081 [INFO] POI 로드: 매뉴얼 v8.5 기준 fallback 121개 (121개 전체)
2026-05-18 05:25:50,081 [INFO] === 수집 시작 2026-05-18T05:25:50.081648+09:00 ===
2026-05-18 05:25:50,081 [INFO] 대상 장소: 121개 | API: citydata (통합)
2026-05-18 05:25:50,081 [INFO] 키 풀: 4/4 활성 | 오늘 사용 0/4000건
2026-05-18 05:25:50,081 [INFO]   [KEY_1] 담당 31장소
2026-05-18 05:25:50,081 [INFO]   [KEY_2] 담당 30장소
2026-05-18 05:25:50,082 [INFO]   [KEY_3] 담당 30장소
2026-05-18 05:25:50,082 [INFO]   [KEY_4] 담당 30장소
2026-05-18 05:25:50,082 [INFO] [1/121] 경복궁 (primary=KEY_1)
2026-05-18 05:25:52,039 [INFO] [2/121] 광화문·덕수궁 (primary=KEY_2)
2026-05-18 05:25:54,361 [INFO] [3/121] 보신각 (primary=KEY_3)
2026-05-18 05:25:55,642 [INFO] [4/121] 서울 암사동 유적 (primary=KEY_4)
2026-05-18 05:25:57,482 [INFO] [5/121] 창덕궁·종묘 (primary=KEY_1)
2026-05-18 05:25:59,609 [INFO] [6/121] 강남 MICE 관광특구 (primary=KEY_2)
2026-05-18 05:26:00,904 [INFO] [7/121] 동대문 관광특구 (primary=KEY_3)
2026-05-18 05:26:03,022 [INFO] [8/121] 명동 관광특구 (primary=KEY_4)
2026-05-18 05:26:05,748 [INFO] [9/121] 이태원 관광특구 (primary=KEY_1)
2026-05-18 05:26:07,885 [INFO] [10/121] 잠실 관광특구 (primary=KEY_2)
2026-05-18 05:26:09,566 [INFO] [11/121] 종로·청계 관광특구 (primary=KEY_3)
2026-05-18 05:26:11,775 [INFO] [12/121] 홍대 관광특구 (primary=KEY_4)
2026-05-18 05:26:14,228 [INFO] [13/121] 강서한강공원 (primary=KEY_1)
2026-05-18 05:26:16,003 [INFO] [14/121] 고척돔 (primary=KEY_2)
2026-05-18 05:26:17,799 [INFO] [15/121] 광나루한강공원 (primary=KEY_3)
2026-05-18 05:26:19,046 [INFO] [16/121] 광화문광장 (primary=KEY_4)
2026-05-18 05:26:21,111 [INFO] [17/121] 국립중앙박물관·용산가족공원 (primary=KEY_1)
2026-05-18 05:26:22,801 [INFO] [18/121] 난지한강공원 (primary=KEY_2)
2026-05-18 05:26:24,578 [INFO] [19/121] 남산공원 (primary=KEY_3)
2026-05-18 05:26:26,764 [INFO] [20/121] 노들섬 (primary=KEY_4)
2026-05-18 05:26:28,266 [INFO] [21/121] 뚝섬한강공원 (primary=KEY_1)
2026-05-18 05:26:30,062 [INFO] [22/121] 망원한강공원 (primary=KEY_2)
2026-05-18 05:26:31,354 [INFO] [23/121] 반포한강공원 (primary=KEY_3)
2026-05-18 05:26:32,469 [INFO] [24/121] 보라매공원 (primary=KEY_4)
2026-05-18 05:26:34,284 [INFO] [25/121] 북서울꿈의숲 (primary=KEY_1)
2026-05-18 05:26:35,546 [INFO] [26/121] 서대문독립공원 (primary=KEY_2)
2026-05-18 05:26:36,662 [INFO] [27/121] 서리풀공원·몽마르뜨공원 (primary=KEY_3)
2026-05-18 05:26:37,786 [INFO] [28/121] 서울대공원 (primary=KEY_4)
2026-05-18 05:26:40,256 [INFO] [29/121] 서울숲공원 (primary=KEY_1)
2026-05-18 05:26:41,572 [INFO] [30/121] 송현녹지광장 (primary=KEY_2)
2026-05-18 05:26:42,838 [INFO] [31/121] 아차산 (primary=KEY_3)
2026-05-18 05:26:43,923 [INFO] [32/121] 안양천 (primary=KEY_4)
2026-05-18 05:26:45,008 [INFO] [33/121] 양화한강공원 (primary=KEY_1)
2026-05-18 05:26:46,089 [INFO] [34/121] 어린이대공원 (primary=KEY_2)
2026-05-18 05:26:47,360 [INFO] [35/121] 여의도한강공원 (primary=KEY_3)
2026-05-18 05:26:48,629 [INFO] [36/121] 여의서로 (primary=KEY_4)
2026-05-18 05:26:49,879 [INFO] [37/121] 올림픽공원 (primary=KEY_1)
2026-05-18 05:26:51,377 [INFO] [38/121] 월드컵공원 (primary=KEY_2)
2026-05-18 05:26:52,844 [INFO] [39/121] 응봉산 (primary=KEY_3)
2026-05-18 05:26:54,111 [INFO] [40/121] 이촌한강공원 (primary=KEY_4)
2026-05-18 05:26:55,196 [INFO] [41/121] 잠실종합운동장 (primary=KEY_1)
2026-05-18 05:26:56,290 [INFO] [42/121] 잠실한강공원 (primary=KEY_2)
2026-05-18 05:26:57,395 [INFO] [43/121] 잠원한강공원 (primary=KEY_3)
2026-05-18 05:26:58,470 [INFO] [44/121] 청계산 (primary=KEY_4)
2026-05-18 05:26:59,556 [INFO] [45/121] 홍제폭포 (primary=KEY_1)
2026-05-18 05:27:00,626 [INFO] [46/121] 가락시장 (primary=KEY_2)
2026-05-18 05:27:02,654 [INFO] [47/121] 가로수길 (primary=KEY_3)
2026-05-18 05:27:03,971 [INFO] [48/121] 광장(전통)시장 (primary=KEY_4)
2026-05-18 05:27:05,082 [INFO] [49/121] 김포공항 (primary=KEY_1)
2026-05-18 05:27:06,547 [INFO] [50/121] 남대문시장 (primary=KEY_2)
2026-05-18 05:27:07,818 [INFO] [51/121] 노량진 (primary=KEY_3)
2026-05-18 05:27:09,107 [INFO] [52/121] 덕수궁길·정동길 (primary=KEY_4)
2026-05-18 05:27:10,409 [INFO] [53/121] 북창동 먹자골목 (primary=KEY_1)
2026-05-18 05:27:11,665 [INFO] [54/121] 북촌한옥마을 (primary=KEY_2)
2026-05-18 05:27:13,105 [INFO] [55/121] 서촌 (primary=KEY_3)
2026-05-18 05:27:14,373 [INFO] [56/121] 성수카페거리 (primary=KEY_4)
2026-05-18 05:27:15,840 [INFO] [57/121] 송리단길·호수단길 (primary=KEY_1)
2026-05-18 05:27:17,134 [INFO] [58/121] 신촌 스타광장 (primary=KEY_2)
2026-05-18 05:27:18,267 [INFO] [59/121] 압구정로데오거리 (primary=KEY_3)
2026-05-18 05:27:19,559 [INFO] [60/121] 여의도 (primary=KEY_4)
2026-05-18 05:27:21,634 [INFO] [61/121] 연남동 (primary=KEY_1)
2026-05-18 05:27:22,890 [INFO] [62/121] 영등포 타임스퀘어 (primary=KEY_2)
2026-05-18 05:27:24,177 [INFO] [63/121] 용리단길 (primary=KEY_3)
2026-05-18 05:27:25,326 [INFO] [64/121] 이태원 앤틱가구거리 (primary=KEY_4)
2026-05-18 05:27:26,428 [INFO] [65/121] 익선동 (primary=KEY_1)
2026-05-18 05:27:27,735 [INFO] [66/121] 인사동 (primary=KEY_2)
2026-05-18 05:27:29,192 [INFO] [67/121] 잠실롯데타워·석촌호수 (primary=KEY_3)
2026-05-18 05:27:30,843 [INFO] [68/121] 창동 신경제 중심지 (primary=KEY_4)
2026-05-18 05:27:32,501 [INFO] [69/121] 청담동 명품거리 (primary=KEY_1)
2026-05-18 05:27:33,856 [INFO] [70/121] 청량리 제기동 일대 전통시장 (primary=KEY_2)
2026-05-18 05:27:35,153 [INFO] [71/121] 해방촌·경리단길 (primary=KEY_3)
2026-05-18 05:27:36,254 [INFO] [72/121] DDP(동대문디자인플라자) (primary=KEY_4)
2026-05-18 05:27:37,551 [INFO] [73/121] DMC(디지털미디어시티) (primary=KEY_1)
2026-05-18 05:27:39,238 [INFO] [74/121] 가산디지털단지역 (primary=KEY_2)
2026-05-18 05:27:41,080 [INFO] [75/121] 강남역 (primary=KEY_3)
2026-05-18 05:27:42,582 [INFO] [76/121] 건대입구역 (primary=KEY_4)
2026-05-18 05:27:43,890 [INFO] [77/121] 고덕역 (primary=KEY_1)
2026-05-18 05:27:45,176 [INFO] [78/121] 고속터미널역 (primary=KEY_2)
2026-05-18 05:27:46,516 [INFO] [79/121] 교대역 (primary=KEY_3)
2026-05-18 05:27:47,646 [INFO] [80/121] 구로디지털단지역 (primary=KEY_4)
2026-05-18 05:27:49,131 [INFO] [81/121] 구로역 (primary=KEY_1)
2026-05-18 05:27:50,397 [INFO] [82/121] 군자역 (primary=KEY_2)
2026-05-18 05:27:51,684 [INFO] [83/121] 대림역 (primary=KEY_3)
2026-05-18 05:27:52,968 [INFO] [84/121] 동대문역 (primary=KEY_4)
2026-05-18 05:27:54,285 [INFO] [85/121] 뚝섬역 (primary=KEY_1)
2026-05-18 05:27:55,577 [INFO] [86/121] 미아사거리역 (primary=KEY_2)
2026-05-18 05:27:56,859 [INFO] [87/121] 발산역 (primary=KEY_3)
2026-05-18 05:27:58,337 [INFO] [88/121] 사당역 (primary=KEY_4)
2026-05-18 05:27:59,626 [INFO] [89/121] 삼각지역 (primary=KEY_1)
2026-05-18 05:28:00,755 [INFO] [90/121] 서울대입구역 (primary=KEY_2)
2026-05-18 05:28:02,020 [INFO] [91/121] 서울식물원·마곡나루역 (primary=KEY_3)
2026-05-18 05:28:03,471 [INFO] [92/121] 서울역 (primary=KEY_4)
2026-05-18 05:28:04,996 [INFO] [93/121] 선릉역 (primary=KEY_1)
2026-05-18 05:28:06,673 [INFO] [94/121] 성신여대입구역 (primary=KEY_2)
2026-05-18 05:28:07,797 [INFO] [95/121] 수유역 (primary=KEY_3)
2026-05-18 05:28:09,090 [INFO] [96/121] 숭례문 (primary=KEY_4)
2026-05-18 05:28:10,402 [INFO] [97/121] 시의회 앞 (primary=KEY_1)
2026-05-18 05:28:11,717 [INFO] [98/121] 신논현역·논현역 (primary=KEY_2)
2026-05-18 05:28:13,047 [INFO] [99/121] 신도림역 (primary=KEY_3)
2026-05-18 05:28:14,152 [INFO] [100/121] 신림역 (primary=KEY_4)
2026-05-18 05:28:15,282 [INFO] [101/121] 신정네거리역 (primary=KEY_1)
2026-05-18 05:28:16,555 [INFO] [102/121] 신촌·이대역 (primary=KEY_2)
2026-05-18 05:28:17,834 [INFO] [103/121] 쌍문역 (primary=KEY_3)
2026-05-18 05:28:19,131 [INFO] [104/121] 양재역 (primary=KEY_4)
2026-05-18 05:28:20,434 [INFO] [105/121] 역삼역 (primary=KEY_1)
2026-05-18 05:28:21,909 [INFO] [106/121] 연신내역 (primary=KEY_2)
2026-05-18 05:28:23,053 [INFO] [107/121] 오목교역·목동운동장 (primary=KEY_3)
2026-05-18 05:28:24,870 [INFO] [108/121] 왕십리역 (primary=KEY_4)
2026-05-18 05:28:26,227 [INFO] [109/121] 용산역 (primary=KEY_1)
2026-05-18 05:28:27,679 [INFO] [110/121] 이태원역 (primary=KEY_2)
2026-05-18 05:28:28,866 [INFO] [111/121] 잠실새내역 (primary=KEY_3)
2026-05-18 05:28:30,167 [INFO] [112/121] 잠실역 (primary=KEY_4)
2026-05-18 05:28:31,651 [INFO] [113/121] 장지역 (primary=KEY_1)
2026-05-18 05:28:33,110 [INFO] [114/121] 장한평역 (primary=KEY_2)
2026-05-18 05:28:34,415 [INFO] [115/121] 천호역 (primary=KEY_3)
2026-05-18 05:28:35,730 [INFO] [116/121] 총신대입구(이수)역 (primary=KEY_4)
2026-05-18 05:28:37,006 [INFO] [117/121] 충정로역 (primary=KEY_1)
2026-05-18 05:28:38,296 [INFO] [118/121] 합정역 (primary=KEY_2)
2026-05-18 05:28:39,601 [INFO] [119/121] 혜화역 (primary=KEY_3)
2026-05-18 05:28:40,878 [INFO] [120/121] 홍대입구역(2호선) (primary=KEY_4)
2026-05-18 05:28:42,177 [INFO] [121/121] 회기역 (primary=KEY_1)
2026-05-18 05:28:44,797 [INFO] === 수집 완료 | 성공 121, 실패 0 ===
2026-05-18 05:28:44,797 [INFO] 카테고리별 저장 결과:
2026-05-18 05:28:44,797 [INFO]    accident                  | 신규     1행 | 누적      5행 | 16컬럼
2026-05-18 05:28:44,797 [INFO]    area_meta                 | 신규   121행 | 누적    726행 | 5컬럼
2026-05-18 05:28:44,797 [INFO]    bike                      | 신규    11행 | 누적     66행 | 12컬럼
2026-05-18 05:28:44,797 [INFO]    bike_sbike_stts           | 신규   558행 | 누적   3348행 | 12컬럼
2026-05-18 05:28:44,797 [INFO]    bus                       | 신규     3행 | 누적     18행 | 11컬럼
2026-05-18 05:28:44,797 [INFO]    bus_bus_stn_stts          | 신규  1745행 | 누적  10470행 | 11컬럼
2026-05-18 05:28:44,797 [INFO]    charger                   | 신규     4행 | 누적     69행 | 15컬럼
2026-05-18 05:28:44,798 [INFO]    charger_charger_stts      | 신규  1885행 | 누적   7996행 | 15컬럼
2026-05-18 05:28:44,798 [INFO]    cmrcl                     | 신규    82행 | 누적    492행 | 20컬럼
2026-05-18 05:28:44,798 [INFO]    events                    | 신규    13행 | 누적     73행 | 14컬럼
2026-05-18 05:28:44,798 [INFO]    events_event_stts         | 신규   173행 | 누적   1043행 | 14컬럼
2026-05-18 05:28:44,798 [INFO]    parking                   | 신규     6행 | 누적     36행 | 21컬럼
2026-05-18 05:28:44,798 [INFO]    parking_prk_stts          | 신규  1835행 | 누적  11010행 | 21컬럼
2026-05-18 05:28:44,798 [INFO]    ppltn                     | 신규   121행 | 누적    726행 | 26컬럼
2026-05-18 05:28:44,798 [INFO]    road                      | 신규   121행 | 누적    726행 | 21컬럼
2026-05-18 05:28:44,798 [INFO]    road_road_traffic_stts    | 신규  5244행 | 누적  31464행 | 17컬럼
2026-05-18 05:28:44,798 [INFO]    subway                    | 신규    38행 | 누적    228행 | 13컬럼
2026-05-18 05:28:44,798 [INFO]    subway_sub_stts           | 신규   183행 | 누적   1098행 | 13컬럼
2026-05-18 05:28:44,798 [INFO]    weather                   | 신규   119행 | 누적    714행 | 29컬럼
2026-05-18 05:28:44,798 [INFO] 키별 사용량:
2026-05-18 05:28:44,798 [INFO]    🟢 KEY_1 (31/1000) 
2026-05-18 05:28:44,798 [INFO]    🟢 KEY_2 (30/1000) 
2026-05-18 05:28:44,798 [INFO]    🟢 KEY_3 (30/1000) 
2026-05-18 05:28:44,798 [INFO]    🟢 KEY_4 (30/1000) 
2026-05-18 06:26:05,508 [INFO] 등록된 키: 4개, 합산 한도 4,000건/일
2026-05-18 06:26:05,508 [INFO] POI 로드: 매뉴얼 v8.5 기준 fallback 121개 (121개 전체)
2026-05-18 06:26:05,509 [INFO] === 수집 시작 2026-05-18T06:26:05.509032+09:00 ===
2026-05-18 06:26:05,509 [INFO] 대상 장소: 121개 | API: citydata (통합)
2026-05-18 06:26:05,509 [INFO] 키 풀: 4/4 활성 | 오늘 사용 0/4000건
2026-05-18 06:26:05,509 [INFO]   [KEY_1] 담당 31장소
2026-05-18 06:26:05,509 [INFO]   [KEY_2] 담당 30장소
2026-05-18 06:26:05,509 [INFO]   [KEY_3] 담당 30장소
2026-05-18 06:26:05,509 [INFO]   [KEY_4] 담당 30장소
2026-05-18 06:26:05,509 [INFO] [1/121] 경복궁 (primary=KEY_1)
2026-05-18 06:26:07,427 [INFO] [2/121] 광화문·덕수궁 (primary=KEY_2)
2026-05-18 06:26:09,685 [INFO] [3/121] 보신각 (primary=KEY_3)
2026-05-18 06:26:11,554 [INFO] [4/121] 서울 암사동 유적 (primary=KEY_4)
2026-05-18 06:26:13,205 [INFO] [5/121] 창덕궁·종묘 (primary=KEY_1)
2026-05-18 06:26:14,991 [INFO] [6/121] 강남 MICE 관광특구 (primary=KEY_2)
2026-05-18 06:26:16,876 [INFO] [7/121] 동대문 관광특구 (primary=KEY_3)
2026-05-18 06:26:18,311 [INFO] [8/121] 명동 관광특구 (primary=KEY_4)
2026-05-18 06:26:20,601 [INFO] [9/121] 이태원 관광특구 (primary=KEY_1)
2026-05-18 06:26:22,502 [INFO] [10/121] 잠실 관광특구 (primary=KEY_2)
2026-05-18 06:26:24,139 [INFO] [11/121] 종로·청계 관광특구 (primary=KEY_3)
2026-05-18 06:26:26,256 [INFO] [12/121] 홍대 관광특구 (primary=KEY_4)
2026-05-18 06:26:27,716 [INFO] [13/121] 강서한강공원 (primary=KEY_1)
2026-05-18 06:26:29,436 [INFO] [14/121] 고척돔 (primary=KEY_2)
2026-05-18 06:26:31,067 [INFO] [15/121] 광나루한강공원 (primary=KEY_3)
2026-05-18 06:26:32,872 [INFO] [16/121] 광화문광장 (primary=KEY_4)
2026-05-18 06:26:34,129 [INFO] [17/121] 국립중앙박물관·용산가족공원 (primary=KEY_1)
2026-05-18 06:26:35,186 [INFO] [18/121] 난지한강공원 (primary=KEY_2)
2026-05-18 06:26:36,877 [INFO] [19/121] 남산공원 (primary=KEY_3)
2026-05-18 06:26:38,309 [INFO] [20/121] 노들섬 (primary=KEY_4)
2026-05-18 06:26:40,008 [INFO] [21/121] 뚝섬한강공원 (primary=KEY_1)
2026-05-18 06:26:41,719 [INFO] [22/121] 망원한강공원 (primary=KEY_2)
2026-05-18 06:26:42,942 [INFO] [23/121] 반포한강공원 (primary=KEY_3)
2026-05-18 06:26:44,021 [INFO] [24/121] 보라매공원 (primary=KEY_4)
2026-05-18 06:26:45,104 [INFO] [25/121] 북서울꿈의숲 (primary=KEY_1)
2026-05-18 06:26:46,319 [INFO] [26/121] 서대문독립공원 (primary=KEY_2)
2026-05-18 06:26:47,412 [INFO] [27/121] 서리풀공원·몽마르뜨공원 (primary=KEY_3)
2026-05-18 06:26:48,674 [INFO] [28/121] 서울대공원 (primary=KEY_4)
2026-05-18 06:26:50,361 [INFO] [29/121] 서울숲공원 (primary=KEY_1)
2026-05-18 06:26:52,423 [INFO] [30/121] 송현녹지광장 (primary=KEY_2)
2026-05-18 06:26:53,662 [INFO] [31/121] 아차산 (primary=KEY_3)
2026-05-18 06:26:54,736 [INFO] [32/121] 안양천 (primary=KEY_4)
2026-05-18 06:26:56,443 [INFO] [33/121] 양화한강공원 (primary=KEY_1)
2026-05-18 06:26:58,134 [INFO] [34/121] 어린이대공원 (primary=KEY_2)
2026-05-18 06:26:59,374 [INFO] [35/121] 여의도한강공원 (primary=KEY_3)
2026-05-18 06:27:00,594 [INFO] [36/121] 여의서로 (primary=KEY_4)
2026-05-18 06:27:01,801 [INFO] [37/121] 올림픽공원 (primary=KEY_1)
2026-05-18 06:27:03,864 [INFO] [38/121] 월드컵공원 (primary=KEY_2)
2026-05-18 06:27:05,291 [INFO] [39/121] 응봉산 (primary=KEY_3)
2026-05-18 06:27:06,509 [INFO] [40/121] 이촌한강공원 (primary=KEY_4)
2026-05-18 06:27:07,569 [INFO] [41/121] 잠실종합운동장 (primary=KEY_1)
2026-05-18 06:27:08,630 [INFO] [42/121] 잠실한강공원 (primary=KEY_2)
2026-05-18 06:27:09,735 [INFO] [43/121] 잠원한강공원 (primary=KEY_3)
2026-05-18 06:27:10,777 [INFO] [44/121] 청계산 (primary=KEY_4)
2026-05-18 06:27:11,833 [INFO] [45/121] 홍제폭포 (primary=KEY_1)
2026-05-18 06:27:12,879 [INFO] [46/121] 가락시장 (primary=KEY_2)
2026-05-18 06:27:14,119 [INFO] [47/121] 가로수길 (primary=KEY_3)
2026-05-18 06:27:15,546 [INFO] [48/121] 광장(전통)시장 (primary=KEY_4)
2026-05-18 06:27:16,619 [INFO] [49/121] 김포공항 (primary=KEY_1)
2026-05-18 06:27:18,039 [INFO] [50/121] 남대문시장 (primary=KEY_2)
2026-05-18 06:27:19,280 [INFO] [51/121] 노량진 (primary=KEY_3)
2026-05-18 06:27:20,531 [INFO] [52/121] 덕수궁길·정동길 (primary=KEY_4)
2026-05-18 06:27:21,795 [INFO] [53/121] 북창동 먹자골목 (primary=KEY_1)
2026-05-18 06:27:23,579 [INFO] [54/121] 북촌한옥마을 (primary=KEY_2)
2026-05-18 06:27:24,975 [INFO] [55/121] 서촌 (primary=KEY_3)
2026-05-18 06:27:26,203 [INFO] [56/121] 성수카페거리 (primary=KEY_4)
2026-05-18 06:27:27,617 [INFO] [57/121] 송리단길·호수단길 (primary=KEY_1)
2026-05-18 06:27:28,888 [INFO] [58/121] 신촌 스타광장 (primary=KEY_2)
2026-05-18 06:27:29,970 [INFO] [59/121] 압구정로데오거리 (primary=KEY_3)
2026-05-18 06:27:31,221 [INFO] [60/121] 여의도 (primary=KEY_4)
2026-05-18 06:27:33,201 [INFO] [61/121] 연남동 (primary=KEY_1)
2026-05-18 06:27:34,421 [INFO] [62/121] 영등포 타임스퀘어 (primary=KEY_2)
2026-05-18 06:27:35,653 [INFO] [63/121] 용리단길 (primary=KEY_3)
2026-05-18 06:27:36,749 [INFO] [64/121] 이태원 앤틱가구거리 (primary=KEY_4)
2026-05-18 06:27:37,986 [INFO] [65/121] 익선동 (primary=KEY_1)
2026-05-18 06:27:39,242 [INFO] [66/121] 인사동 (primary=KEY_2)
2026-05-18 06:27:40,719 [INFO] [67/121] 잠실롯데타워·석촌호수 (primary=KEY_3)
2026-05-18 06:27:42,374 [INFO] [68/121] 창동 신경제 중심지 (primary=KEY_4)
2026-05-18 06:27:43,972 [INFO] [69/121] 청담동 명품거리 (primary=KEY_1)
2026-05-18 06:27:45,252 [INFO] [70/121] 청량리 제기동 일대 전통시장 (primary=KEY_2)
2026-05-18 06:27:46,490 [INFO] [71/121] 해방촌·경리단길 (primary=KEY_3)
2026-05-18 06:27:47,568 [INFO] [72/121] DDP(동대문디자인플라자) (primary=KEY_4)
2026-05-18 06:27:48,845 [INFO] [73/121] DMC(디지털미디어시티) (primary=KEY_1)
2026-05-18 06:27:50,462 [INFO] [74/121] 가산디지털단지역 (primary=KEY_2)
2026-05-18 06:27:52,202 [INFO] [75/121] 강남역 (primary=KEY_3)
2026-05-18 06:27:53,632 [INFO] [76/121] 건대입구역 (primary=KEY_4)
2026-05-18 06:27:54,879 [INFO] [77/121] 고덕역 (primary=KEY_1)
2026-05-18 06:27:56,122 [INFO] [78/121] 고속터미널역 (primary=KEY_2)
2026-05-18 06:27:57,395 [INFO] [79/121] 교대역 (primary=KEY_3)
2026-05-18 06:27:58,635 [INFO] [80/121] 구로디지털단지역 (primary=KEY_4)
2026-05-18 06:28:00,067 [INFO] [81/121] 구로역 (primary=KEY_1)
2026-05-18 06:28:01,287 [INFO] [82/121] 군자역 (primary=KEY_2)
2026-05-18 06:28:02,520 [INFO] [83/121] 대림역 (primary=KEY_3)
2026-05-18 06:28:03,764 [INFO] [84/121] 동대문역 (primary=KEY_4)
2026-05-18 06:28:04,994 [INFO] [85/121] 뚝섬역 (primary=KEY_1)
2026-05-18 06:28:06,237 [INFO] [86/121] 미아사거리역 (primary=KEY_2)
2026-05-18 06:28:07,475 [INFO] [87/121] 발산역 (primary=KEY_3)
2026-05-18 06:28:09,041 [INFO] [88/121] 사당역 (primary=KEY_4)
2026-05-18 06:28:10,289 [INFO] [89/121] 삼각지역 (primary=KEY_1)
2026-05-18 06:28:11,377 [INFO] [90/121] 서울대입구역 (primary=KEY_2)
2026-05-18 06:28:12,616 [INFO] [91/121] 서울식물원·마곡나루역 (primary=KEY_3)
2026-05-18 06:28:14,036 [INFO] [92/121] 서울역 (primary=KEY_4)
2026-05-18 06:28:15,557 [INFO] [93/121] 선릉역 (primary=KEY_1)
2026-05-18 06:28:17,182 [INFO] [94/121] 성신여대입구역 (primary=KEY_2)
2026-05-18 06:28:18,267 [INFO] [95/121] 수유역 (primary=KEY_3)
2026-05-18 06:28:19,510 [INFO] [96/121] 숭례문 (primary=KEY_4)
2026-05-18 06:28:20,808 [INFO] [97/121] 시의회 앞 (primary=KEY_1)
2026-05-18 06:28:22,070 [INFO] [98/121] 신논현역·논현역 (primary=KEY_2)
2026-05-18 06:28:23,346 [INFO] [99/121] 신도림역 (primary=KEY_3)
2026-05-18 06:28:24,413 [INFO] [100/121] 신림역 (primary=KEY_4)
2026-05-18 06:28:25,650 [INFO] [101/121] 신정네거리역 (primary=KEY_1)
2026-05-18 06:28:26,877 [INFO] [102/121] 신촌·이대역 (primary=KEY_2)
2026-05-18 06:28:28,105 [INFO] [103/121] 쌍문역 (primary=KEY_3)
2026-05-18 06:28:29,336 [INFO] [104/121] 양재역 (primary=KEY_4)
2026-05-18 06:28:30,602 [INFO] [105/121] 역삼역 (primary=KEY_1)
2026-05-18 06:28:32,013 [INFO] [106/121] 연신내역 (primary=KEY_2)
2026-05-18 06:28:33,116 [INFO] [107/121] 오목교역·목동운동장 (primary=KEY_3)
2026-05-18 06:28:34,875 [INFO] [108/121] 왕십리역 (primary=KEY_4)
2026-05-18 06:28:36,338 [INFO] [109/121] 용산역 (primary=KEY_1)
2026-05-18 06:28:37,754 [INFO] [110/121] 이태원역 (primary=KEY_2)
2026-05-18 06:28:38,927 [INFO] [111/121] 잠실새내역 (primary=KEY_3)
2026-05-18 06:28:40,177 [INFO] [112/121] 잠실역 (primary=KEY_4)
2026-05-18 06:28:41,591 [INFO] [113/121] 장지역 (primary=KEY_1)
2026-05-18 06:28:43,004 [INFO] [114/121] 장한평역 (primary=KEY_2)
2026-05-18 06:28:44,266 [INFO] [115/121] 천호역 (primary=KEY_3)
2026-05-18 06:28:45,542 [INFO] [116/121] 총신대입구(이수)역 (primary=KEY_4)
2026-05-18 06:28:46,788 [INFO] [117/121] 충정로역 (primary=KEY_1)
2026-05-18 06:28:48,034 [INFO] [118/121] 합정역 (primary=KEY_2)
2026-05-18 06:28:49,285 [INFO] [119/121] 혜화역 (primary=KEY_3)
2026-05-18 06:28:50,547 [INFO] [120/121] 홍대입구역(2호선) (primary=KEY_4)
2026-05-18 06:28:51,792 [INFO] [121/121] 회기역 (primary=KEY_1)
2026-05-18 06:28:54,547 [INFO] === 수집 완료 | 성공 121, 실패 0 ===
2026-05-18 06:28:54,547 [INFO] 카테고리별 저장 결과:
2026-05-18 06:28:54,547 [INFO]    accident                  | 신규     1행 | 누적      6행 | 16컬럼
2026-05-18 06:28:54,547 [INFO]    area_meta                 | 신규   121행 | 누적    847행 | 5컬럼
2026-05-18 06:28:54,547 [INFO]    bike                      | 신규    11행 | 누적     77행 | 12컬럼
2026-05-18 06:28:54,547 [INFO]    bike_sbike_stts           | 신규   558행 | 누적   3906행 | 12컬럼
2026-05-18 06:28:54,547 [INFO]    bus                       | 신규     3행 | 누적     21행 | 11컬럼
2026-05-18 06:28:54,547 [INFO]    bus_bus_stn_stts          | 신규  1745행 | 누적  12215행 | 11컬럼
2026-05-18 06:28:54,547 [INFO]    charger                   | 신규     4행 | 누적     73행 | 15컬럼
2026-05-18 06:28:54,547 [INFO]    charger_charger_stts      | 신규  1885행 | 누적   9866행 | 15컬럼
2026-05-18 06:28:54,548 [INFO]    cmrcl                     | 신규    82행 | 누적    574행 | 20컬럼
2026-05-18 06:28:54,548 [INFO]    events                    | 신규    13행 | 누적     86행 | 14컬럼
2026-05-18 06:28:54,548 [INFO]    events_event_stts         | 신규   173행 | 누적   1216행 | 14컬럼
2026-05-18 06:28:54,548 [INFO]    parking                   | 신규     6행 | 누적     42행 | 21컬럼
2026-05-18 06:28:54,548 [INFO]    parking_prk_stts          | 신규  1835행 | 누적  12845행 | 21컬럼
2026-05-18 06:28:54,548 [INFO]    ppltn                     | 신규   121행 | 누적    847행 | 26컬럼
2026-05-18 06:28:54,548 [INFO]    road                      | 신규   121행 | 누적    847행 | 21컬럼
2026-05-18 06:28:54,548 [INFO]    road_road_traffic_stts    | 신규  5244행 | 누적  36708행 | 17컬럼
2026-05-18 06:28:54,548 [INFO]    subway                    | 신규    38행 | 누적    266행 | 13컬럼
2026-05-18 06:28:54,548 [INFO]    subway_sub_stts           | 신규   183행 | 누적   1281행 | 13컬럼
2026-05-18 06:28:54,548 [INFO]    weather                   | 신규   119행 | 누적    833행 | 29컬럼
2026-05-18 06:28:54,548 [INFO] 키별 사용량:
2026-05-18 06:28:54,548 [INFO]    🟢 KEY_1 (31/1000) 
2026-05-18 06:28:54,548 [INFO]    🟢 KEY_2 (30/1000) 
2026-05-18 06:28:54,548 [INFO]    🟢 KEY_3 (30/1000) 
2026-05-18 06:28:54,548 [INFO]    🟢 KEY_4 (30/1000) 
2026-05-18 07:25:47,404 [INFO] 등록된 키: 4개, 합산 한도 4,000건/일
2026-05-18 07:25:47,404 [INFO] POI 로드: 매뉴얼 v8.5 기준 fallback 121개 (121개 전체)
2026-05-18 07:25:47,404 [INFO] === 수집 시작 2026-05-18T07:25:47.404945+09:00 ===
2026-05-18 07:25:47,405 [INFO] 대상 장소: 121개 | API: citydata (통합)
2026-05-18 07:25:47,405 [INFO] 키 풀: 4/4 활성 | 오늘 사용 0/4000건
2026-05-18 07:25:47,405 [INFO]   [KEY_1] 담당 31장소
2026-05-18 07:25:47,405 [INFO]   [KEY_2] 담당 30장소
2026-05-18 07:25:47,405 [INFO]   [KEY_3] 담당 30장소
2026-05-18 07:25:47,405 [INFO]   [KEY_4] 담당 30장소
2026-05-18 07:25:47,405 [INFO] [1/121] 경복궁 (primary=KEY_1)
2026-05-18 07:25:49,523 [INFO] [2/121] 광화문·덕수궁 (primary=KEY_2)
2026-05-18 07:25:51,830 [INFO] [3/121] 보신각 (primary=KEY_3)
2026-05-18 07:25:53,931 [INFO] [4/121] 서울 암사동 유적 (primary=KEY_4)
2026-05-18 07:25:55,864 [INFO] [5/121] 창덕궁·종묘 (primary=KEY_1)
2026-05-18 07:25:57,959 [INFO] [6/121] 강남 MICE 관광특구 (primary=KEY_2)
2026-05-18 07:26:00,068 [INFO] [7/121] 동대문 관광특구 (primary=KEY_3)
2026-05-18 07:26:02,797 [INFO] [8/121] 명동 관광특구 (primary=KEY_4)
2026-05-18 07:26:05,226 [INFO] [9/121] 이태원 관광특구 (primary=KEY_1)
2026-05-18 07:26:07,336 [INFO] [10/121] 잠실 관광특구 (primary=KEY_2)
2026-05-18 07:26:09,135 [INFO] [11/121] 종로·청계 관광특구 (primary=KEY_3)
2026-05-18 07:26:10,686 [INFO] [12/121] 홍대 관광특구 (primary=KEY_4)
2026-05-18 07:26:12,468 [INFO] [13/121] 강서한강공원 (primary=KEY_1)
2026-05-18 07:26:14,354 [INFO] [14/121] 고척돔 (primary=KEY_2)
2026-05-18 07:26:16,442 [INFO] [15/121] 광나루한강공원 (primary=KEY_3)
2026-05-18 07:26:17,739 [INFO] [16/121] 광화문광장 (primary=KEY_4)
2026-05-18 07:26:19,064 [INFO] [17/121] 국립중앙박물관·용산가족공원 (primary=KEY_1)
2026-05-18 07:26:20,211 [INFO] [18/121] 난지한강공원 (primary=KEY_2)
2026-05-18 07:26:22,106 [INFO] [19/121] 남산공원 (primary=KEY_3)
2026-05-18 07:26:24,248 [INFO] [20/121] 노들섬 (primary=KEY_4)
2026-05-18 07:26:25,360 [INFO] [21/121] 뚝섬한강공원 (primary=KEY_1)
2026-05-18 07:26:26,493 [INFO] [22/121] 망원한강공원 (primary=KEY_2)
2026-05-18 07:26:28,558 [INFO] [23/121] 반포한강공원 (primary=KEY_3)
2026-05-18 07:26:29,696 [INFO] [24/121] 보라매공원 (primary=KEY_4)
2026-05-18 07:26:30,858 [INFO] [25/121] 북서울꿈의숲 (primary=KEY_1)
2026-05-18 07:26:32,909 [INFO] [26/121] 서대문독립공원 (primary=KEY_2)
2026-05-18 07:26:34,822 [INFO] [27/121] 서리풀공원·몽마르뜨공원 (primary=KEY_3)
2026-05-18 07:26:36,214 [INFO] [28/121] 서울대공원 (primary=KEY_4)
2026-05-18 07:26:37,325 [INFO] [29/121] 서울숲공원 (primary=KEY_1)
2026-05-18 07:26:38,669 [INFO] [30/121] 송현녹지광장 (primary=KEY_2)
2026-05-18 07:26:40,012 [INFO] [31/121] 아차산 (primary=KEY_3)
2026-05-18 07:26:41,165 [INFO] [32/121] 안양천 (primary=KEY_4)
2026-05-18 07:26:43,058 [INFO] [33/121] 양화한강공원 (primary=KEY_1)
2026-05-18 07:26:44,181 [INFO] [34/121] 어린이대공원 (primary=KEY_2)
2026-05-18 07:26:46,701 [INFO] [35/121] 여의도한강공원 (primary=KEY_3)
2026-05-18 07:26:48,814 [INFO] [36/121] 여의서로 (primary=KEY_4)
2026-05-18 07:26:51,150 [INFO] [37/121] 올림픽공원 (primary=KEY_1)
2026-05-18 07:26:53,274 [INFO] [38/121] 월드컵공원 (primary=KEY_2)
2026-05-18 07:26:55,012 [INFO] [39/121] 응봉산 (primary=KEY_3)
2026-05-18 07:26:57,043 [INFO] [40/121] 이촌한강공원 (primary=KEY_4)
2026-05-18 07:26:58,157 [INFO] [41/121] 잠실종합운동장 (primary=KEY_1)
2026-05-18 07:26:59,985 [INFO] [42/121] 잠실한강공원 (primary=KEY_2)
2026-05-18 07:27:01,161 [INFO] [43/121] 잠원한강공원 (primary=KEY_3)
2026-05-18 07:27:02,284 [INFO] [44/121] 청계산 (primary=KEY_4)
2026-05-18 07:27:04,088 [INFO] [45/121] 홍제폭포 (primary=KEY_1)
2026-05-18 07:27:05,965 [INFO] [46/121] 가락시장 (primary=KEY_2)
2026-05-18 07:27:07,867 [INFO] [47/121] 가로수길 (primary=KEY_3)
2026-05-18 07:27:09,224 [INFO] [48/121] 광장(전통)시장 (primary=KEY_4)
2026-05-18 07:27:11,166 [INFO] [49/121] 김포공항 (primary=KEY_1)
2026-05-18 07:27:12,749 [INFO] [50/121] 남대문시장 (primary=KEY_2)
2026-05-18 07:27:14,061 [INFO] [51/121] 노량진 (primary=KEY_3)
2026-05-18 07:27:15,973 [INFO] [52/121] 덕수궁길·정동길 (primary=KEY_4)
2026-05-18 07:27:18,014 [INFO] [53/121] 북창동 먹자골목 (primary=KEY_1)
2026-05-18 07:27:20,099 [INFO] [54/121] 북촌한옥마을 (primary=KEY_2)
2026-05-18 07:27:22,560 [INFO] [55/121] 서촌 (primary=KEY_3)
2026-05-18 07:27:24,462 [INFO] [56/121] 성수카페거리 (primary=KEY_4)
2026-05-18 07:27:26,000 [INFO] [57/121] 송리단길·호수단길 (primary=KEY_1)
2026-05-18 07:27:28,178 [INFO] [58/121] 신촌 스타광장 (primary=KEY_2)
2026-05-18 07:27:29,311 [INFO] [59/121] 압구정로데오거리 (primary=KEY_3)
2026-05-18 07:27:31,593 [INFO] [60/121] 여의도 (primary=KEY_4)
2026-05-18 07:27:34,480 [INFO] [61/121] 연남동 (primary=KEY_1)
2026-05-18 07:27:35,823 [INFO] [62/121] 영등포 타임스퀘어 (primary=KEY_2)
2026-05-18 07:27:37,141 [INFO] [63/121] 용리단길 (primary=KEY_3)
2026-05-18 07:27:38,297 [INFO] [64/121] 이태원 앤틱가구거리 (primary=KEY_4)
2026-05-18 07:27:39,659 [INFO] [65/121] 익선동 (primary=KEY_1)
2026-05-18 07:27:41,047 [INFO] [66/121] 인사동 (primary=KEY_2)
2026-05-18 07:27:43,532 [INFO] [67/121] 잠실롯데타워·석촌호수 (primary=KEY_3)
2026-05-18 07:27:46,040 [INFO] [68/121] 창동 신경제 중심지 (primary=KEY_4)
2026-05-18 07:27:48,374 [INFO] [69/121] 청담동 명품거리 (primary=KEY_1)
2026-05-18 07:27:49,771 [INFO] [70/121] 청량리 제기동 일대 전통시장 (primary=KEY_2)
2026-05-18 07:27:51,107 [INFO] [71/121] 해방촌·경리단길 (primary=KEY_3)
2026-05-18 07:27:52,288 [INFO] [72/121] DDP(동대문디자인플라자) (primary=KEY_4)
2026-05-18 07:27:54,242 [INFO] [73/121] DMC(디지털미디어시티) (primary=KEY_1)
2026-05-18 07:27:57,043 [INFO] [74/121] 가산디지털단지역 (primary=KEY_2)
2026-05-18 07:27:58,949 [INFO] [75/121] 강남역 (primary=KEY_3)
2026-05-18 07:28:00,528 [INFO] [76/121] 건대입구역 (primary=KEY_4)
2026-05-18 07:28:02,480 [INFO] [77/121] 고덕역 (primary=KEY_1)
2026-05-18 07:28:03,801 [INFO] [78/121] 고속터미널역 (primary=KEY_2)
2026-05-18 07:28:05,181 [INFO] [79/121] 교대역 (primary=KEY_3)
2026-05-18 07:28:06,517 [INFO] [80/121] 구로디지털단지역 (primary=KEY_4)
2026-05-18 07:28:08,269 [INFO] [81/121] 구로역 (primary=KEY_1)
2026-05-18 07:28:10,247 [INFO] [82/121] 군자역 (primary=KEY_2)
2026-05-18 07:28:11,606 [INFO] [83/121] 대림역 (primary=KEY_3)
2026-05-18 07:28:12,985 [INFO] [84/121] 동대문역 (primary=KEY_4)
2026-05-18 07:28:14,335 [INFO] [85/121] 뚝섬역 (primary=KEY_1)
2026-05-18 07:28:15,695 [INFO] [86/121] 미아사거리역 (primary=KEY_2)
2026-05-18 07:28:17,028 [INFO] [87/121] 발산역 (primary=KEY_3)
2026-05-18 07:28:18,724 [INFO] [88/121] 사당역 (primary=KEY_4)
2026-05-18 07:28:20,120 [INFO] [89/121] 삼각지역 (primary=KEY_1)
2026-05-18 07:28:21,257 [INFO] [90/121] 서울대입구역 (primary=KEY_2)
2026-05-18 07:28:22,604 [INFO] [91/121] 서울식물원·마곡나루역 (primary=KEY_3)
2026-05-18 07:28:24,130 [INFO] [92/121] 서울역 (primary=KEY_4)
2026-05-18 07:28:25,667 [INFO] [93/121] 선릉역 (primary=KEY_1)
2026-05-18 07:28:27,469 [INFO] [94/121] 성신여대입구역 (primary=KEY_2)
2026-05-18 07:28:28,621 [INFO] [95/121] 수유역 (primary=KEY_3)
2026-05-18 07:28:29,970 [INFO] [96/121] 숭례문 (primary=KEY_4)
2026-05-18 07:28:31,324 [INFO] [97/121] 시의회 앞 (primary=KEY_1)
2026-05-18 07:28:32,671 [INFO] [98/121] 신논현역·논현역 (primary=KEY_2)
2026-05-18 07:28:34,071 [INFO] [99/121] 신도림역 (primary=KEY_3)
2026-05-18 07:28:35,208 [INFO] [100/121] 신림역 (primary=KEY_4)
2026-05-18 07:28:37,572 [INFO] [101/121] 신정네거리역 (primary=KEY_1)
2026-05-18 07:28:38,897 [INFO] [102/121] 신촌·이대역 (primary=KEY_2)
2026-05-18 07:28:40,248 [INFO] [103/121] 쌍문역 (primary=KEY_3)
2026-05-18 07:28:41,610 [INFO] [104/121] 양재역 (primary=KEY_4)
2026-05-18 07:28:42,952 [INFO] [105/121] 역삼역 (primary=KEY_1)
2026-05-18 07:28:44,510 [INFO] [106/121] 연신내역 (primary=KEY_2)
2026-05-18 07:28:45,678 [INFO] [107/121] 오목교역·목동운동장 (primary=KEY_3)
2026-05-18 07:28:47,582 [INFO] [108/121] 왕십리역 (primary=KEY_4)
2026-05-18 07:28:49,177 [INFO] [109/121] 용산역 (primary=KEY_1)
2026-05-18 07:28:50,699 [INFO] [110/121] 이태원역 (primary=KEY_2)
2026-05-18 07:28:51,897 [INFO] [111/121] 잠실새내역 (primary=KEY_3)
2026-05-18 07:28:53,235 [INFO] [112/121] 잠실역 (primary=KEY_4)
2026-05-18 07:28:54,823 [INFO] [113/121] 장지역 (primary=KEY_1)
2026-05-18 07:28:56,404 [INFO] [114/121] 장한평역 (primary=KEY_2)
2026-05-18 07:28:57,745 [INFO] [115/121] 천호역 (primary=KEY_3)
2026-05-18 07:28:59,106 [INFO] [116/121] 총신대입구(이수)역 (primary=KEY_4)
2026-05-18 07:29:00,436 [INFO] [117/121] 충정로역 (primary=KEY_1)
2026-05-18 07:29:01,760 [INFO] [118/121] 합정역 (primary=KEY_2)
2026-05-18 07:29:03,145 [INFO] [119/121] 혜화역 (primary=KEY_3)
2026-05-18 07:29:04,509 [INFO] [120/121] 홍대입구역(2호선) (primary=KEY_4)
2026-05-18 07:29:05,874 [INFO] [121/121] 회기역 (primary=KEY_1)
2026-05-18 07:29:08,755 [INFO] === 수집 완료 | 성공 121, 실패 0 ===
2026-05-18 07:29:08,755 [INFO] 카테고리별 저장 결과:
2026-05-18 07:29:08,755 [INFO]    accident                  | 신규     1행 | 누적      7행 | 16컬럼
2026-05-18 07:29:08,756 [INFO]    area_meta                 | 신규   121행 | 누적    968행 | 5컬럼
2026-05-18 07:29:08,756 [INFO]    bike                      | 신규    11행 | 누적     88행 | 12컬럼
2026-05-18 07:29:08,756 [INFO]    bike_sbike_stts           | 신규   558행 | 누적   4464행 | 12컬럼
2026-05-18 07:29:08,756 [INFO]    bus                       | 신규     3행 | 누적     24행 | 11컬럼
2026-05-18 07:29:08,756 [INFO]    bus_bus_stn_stts          | 신규  1745행 | 누적  13960행 | 11컬럼
2026-05-18 07:29:08,756 [INFO]    charger                   | 신규     4행 | 누적     77행 | 15컬럼
2026-05-18 07:29:08,756 [INFO]    charger_charger_stts      | 신규  1885행 | 누적  11736행 | 15컬럼
2026-05-18 07:29:08,756 [INFO]    cmrcl                     | 신규    82행 | 누적    656행 | 20컬럼
2026-05-18 07:29:08,756 [INFO]    events                    | 신규    13행 | 누적     99행 | 14컬럼
2026-05-18 07:29:08,756 [INFO]    events_event_stts         | 신규   173행 | 누적   1389행 | 14컬럼
2026-05-18 07:29:08,756 [INFO]    parking                   | 신규     6행 | 누적     48행 | 21컬럼
2026-05-18 07:29:08,756 [INFO]    parking_prk_stts          | 신규  1835행 | 누적  14680행 | 21컬럼
2026-05-18 07:29:08,756 [INFO]    ppltn                     | 신규   121행 | 누적    968행 | 26컬럼
2026-05-18 07:29:08,756 [INFO]    road                      | 신규   121행 | 누적    968행 | 21컬럼
2026-05-18 07:29:08,756 [INFO]    road_road_traffic_stts    | 신규  5244행 | 누적  41952행 | 17컬럼
2026-05-18 07:29:08,756 [INFO]    subway                    | 신규    38행 | 누적    304행 | 13컬럼
2026-05-18 07:29:08,756 [INFO]    subway_sub_stts           | 신규   183행 | 누적   1464행 | 13컬럼
2026-05-18 07:29:08,756 [INFO]    weather                   | 신규   119행 | 누적    952행 | 29컬럼
2026-05-18 07:29:08,757 [INFO] 키별 사용량:
2026-05-18 07:29:08,757 [INFO]    🟢 KEY_1 (31/1000) 
2026-05-18 07:29:08,757 [INFO]    🟢 KEY_2 (30/1000) 
2026-05-18 07:29:08,757 [INFO]    🟢 KEY_3 (30/1000) 
2026-05-18 07:29:08,757 [INFO]    🟢 KEY_4 (30/1000) 
