2026-07-09 00:31:22,483 [INFO] 등록된 키: 4개, 합산 한도 4,000건/일
2026-07-09 00:31:22,483 [INFO] POI 로드: 매뉴얼 v8.5 기준 fallback 121개 (121개 전체)
2026-07-09 00:31:22,483 [INFO] === 수집 시작 2026-07-09T00:31:22.483938+09:00 ===
2026-07-09 00:31:22,484 [INFO] 대상 장소: 121개 | API: citydata (통합)
2026-07-09 00:31:22,484 [INFO] 키 풀: 4/4 활성 | 오늘 사용 0/4000건
2026-07-09 00:31:22,484 [INFO]   [KEY_1] 담당 31장소
2026-07-09 00:31:22,484 [INFO]   [KEY_2] 담당 30장소
2026-07-09 00:31:22,484 [INFO]   [KEY_3] 담당 30장소
2026-07-09 00:31:22,484 [INFO]   [KEY_4] 담당 30장소
2026-07-09 00:31:22,484 [INFO] [1/121] 경복궁 (primary=KEY_1)
2026-07-09 00:31:23,868 [INFO] [2/121] 광화문·덕수궁 (primary=KEY_2)
2026-07-09 00:31:25,836 [INFO] [3/121] 보신각 (primary=KEY_3)
2026-07-09 00:31:27,665 [INFO] [4/121] 서울 암사동 유적 (primary=KEY_4)
2026-07-09 00:31:28,643 [INFO] [5/121] 창덕궁·종묘 (primary=KEY_1)
2026-07-09 00:31:29,787 [INFO] [6/121] 강남 MICE 관광특구 (primary=KEY_2)
2026-07-09 00:31:30,930 [INFO] [7/121] 동대문 관광특구 (primary=KEY_3)
2026-07-09 00:31:32,941 [INFO] [8/121] 명동 관광특구 (primary=KEY_4)
2026-07-09 00:31:34,555 [INFO] [9/121] 이태원 관광특구 (primary=KEY_1)
2026-07-09 00:31:35,719 [INFO] [10/121] 잠실 관광특구 (primary=KEY_2)
2026-07-09 00:31:37,751 [INFO] [11/121] 종로·청계 관광특구 (primary=KEY_3)
2026-07-09 00:31:39,616 [INFO] [12/121] 홍대 관광특구 (primary=KEY_4)
2026-07-09 00:31:41,588 [INFO] [13/121] 강서한강공원 (primary=KEY_1)
2026-07-09 00:31:43,397 [INFO] [14/121] 고척돔 (primary=KEY_2)
2026-07-09 00:31:44,425 [INFO] [15/121] 광나루한강공원 (primary=KEY_3)
2026-07-09 00:31:46,208 [INFO] [16/121] 광화문광장 (primary=KEY_4)
2026-07-09 00:31:47,332 [INFO] [17/121] 국립중앙박물관·용산가족공원 (primary=KEY_1)
2026-07-09 00:31:48,316 [INFO] [18/121] 난지한강공원 (primary=KEY_2)
2026-07-09 00:31:49,294 [INFO] [19/121] 남산공원 (primary=KEY_3)
2026-07-09 00:31:51,293 [INFO] [20/121] 노들섬 (primary=KEY_4)
2026-07-09 00:31:52,257 [INFO] [21/121] 뚝섬한강공원 (primary=KEY_1)
2026-07-09 00:31:53,241 [INFO] [22/121] 망원한강공원 (primary=KEY_2)
2026-07-09 00:31:55,030 [INFO] [23/121] 반포한강공원 (primary=KEY_3)
2026-07-09 00:31:55,992 [INFO] [24/121] 보라매공원 (primary=KEY_4)
2026-07-09 00:31:56,971 [INFO] [25/121] 북서울꿈의숲 (primary=KEY_1)
2026-07-09 00:31:57,946 [INFO] [26/121] 서대문독립공원 (primary=KEY_2)
2026-07-09 00:31:59,748 [INFO] [27/121] 서리풀공원·몽마르뜨공원 (primary=KEY_3)
2026-07-09 00:32:00,812 [INFO] [28/121] 서울대공원 (primary=KEY_4)
2026-07-09 00:32:01,769 [INFO] [29/121] 서울숲공원 (primary=KEY_1)
2026-07-09 00:32:03,008 [INFO] [30/121] 송현녹지광장 (primary=KEY_2)
2026-07-09 00:32:04,115 [INFO] [31/121] 아차산 (primary=KEY_3)
2026-07-09 00:32:05,091 [INFO] [32/121] 안양천 (primary=KEY_4)
2026-07-09 00:32:06,064 [INFO] [33/121] 양화한강공원 (primary=KEY_1)
2026-07-09 00:32:07,028 [INFO] [34/121] 어린이대공원 (primary=KEY_2)
2026-07-09 00:32:08,016 [INFO] [35/121] 여의도한강공원 (primary=KEY_3)
2026-07-09 00:32:09,125 [INFO] [36/121] 여의서로 (primary=KEY_4)
2026-07-09 00:32:10,093 [INFO] [37/121] 올림픽공원 (primary=KEY_1)
2026-07-09 00:32:11,222 [INFO] [38/121] 월드컵공원 (primary=KEY_2)
2026-07-09 00:32:12,507 [INFO] [39/121] 응봉산 (primary=KEY_3)
2026-07-09 00:32:13,604 [INFO] [40/121] 이촌한강공원 (primary=KEY_4)
2026-07-09 00:32:14,571 [INFO] [41/121] 잠실종합운동장 (primary=KEY_1)
2026-07-09 00:32:15,542 [INFO] [42/121] 잠실한강공원 (primary=KEY_2)
2026-07-09 00:32:16,521 [INFO] [43/121] 잠원한강공원 (primary=KEY_3)
2026-07-09 00:32:17,484 [INFO] [44/121] 청계산 (primary=KEY_4)
2026-07-09 00:32:18,451 [INFO] [45/121] 홍제폭포 (primary=KEY_1)
2026-07-09 00:32:19,415 [INFO] [46/121] 가락시장 (primary=KEY_2)
2026-07-09 00:32:20,541 [INFO] [47/121] 가로수길 (primary=KEY_3)
2026-07-09 00:32:21,681 [INFO] [48/121] 광장(전통)시장 (primary=KEY_4)
2026-07-09 00:32:22,671 [INFO] [49/121] 김포공항 (primary=KEY_1)
2026-07-09 00:32:23,805 [INFO] [50/121] 남대문시장 (primary=KEY_2)
2026-07-09 00:32:24,814 [INFO] [51/121] 노량진 (primary=KEY_3)
2026-07-09 00:32:25,812 [INFO] [52/121] 덕수궁길·정동길 (primary=KEY_4)
2026-07-09 00:32:26,967 [INFO] [53/121] 북창동 먹자골목 (primary=KEY_1)
2026-07-09 00:32:27,948 [INFO] [54/121] 북촌한옥마을 (primary=KEY_2)
2026-07-09 00:32:29,084 [INFO] [55/121] 서촌 (primary=KEY_3)
2026-07-09 00:32:30,195 [INFO] [56/121] 성수카페거리 (primary=KEY_4)
2026-07-09 00:32:31,342 [INFO] [57/121] 송리단길·호수단길 (primary=KEY_1)
2026-07-09 00:32:33,145 [INFO] [58/121] 신촌 스타광장 (primary=KEY_2)
2026-07-09 00:32:34,136 [INFO] [59/121] 압구정로데오거리 (primary=KEY_3)
2026-07-09 00:32:35,253 [INFO] [60/121] 여의도 (primary=KEY_4)
2026-07-09 00:32:36,843 [INFO] [61/121] 연남동 (primary=KEY_1)
2026-07-09 00:32:37,949 [INFO] [62/121] 영등포 타임스퀘어 (primary=KEY_2)
2026-07-09 00:32:39,070 [INFO] [63/121] 용리단길 (primary=KEY_3)
2026-07-09 00:32:40,065 [INFO] [64/121] 이태원 앤틱가구거리 (primary=KEY_4)
2026-07-09 00:32:41,064 [INFO] [65/121] 익선동 (primary=KEY_1)
2026-07-09 00:32:42,260 [INFO] [66/121] 인사동 (primary=KEY_2)
2026-07-09 00:32:43,391 [INFO] [67/121] 잠실롯데타워·석촌호수 (primary=KEY_3)
2026-07-09 00:32:44,532 [INFO] [68/121] 창동 신경제 중심지 (primary=KEY_4)
2026-07-09 00:32:45,839 [INFO] [69/121] 청담동 명품거리 (primary=KEY_1)
2026-07-09 00:32:46,975 [INFO] [70/121] 청량리 제기동 일대 전통시장 (primary=KEY_2)
2026-07-09 00:32:48,116 [INFO] [71/121] 해방촌·경리단길 (primary=KEY_3)
2026-07-09 00:32:49,103 [INFO] [72/121] DDP(동대문디자인플라자) (primary=KEY_4)
2026-07-09 00:32:50,261 [INFO] [73/121] DMC(디지털미디어시티) (primary=KEY_1)
2026-07-09 00:32:51,577 [INFO] [74/121] 가산디지털단지역 (primary=KEY_2)
2026-07-09 00:32:52,893 [INFO] [75/121] 강남역 (primary=KEY_3)
2026-07-09 00:32:54,192 [INFO] [76/121] 건대입구역 (primary=KEY_4)
2026-07-09 00:32:55,315 [INFO] [77/121] 고덕역 (primary=KEY_1)
2026-07-09 00:32:56,451 [INFO] [78/121] 고속터미널역 (primary=KEY_2)
2026-07-09 00:32:57,475 [INFO] [79/121] 교대역 (primary=KEY_3)
2026-07-09 00:32:58,481 [INFO] [80/121] 구로디지털단지역 (primary=KEY_4)
2026-07-09 00:32:59,627 [INFO] [81/121] 구로역 (primary=KEY_1)
2026-07-09 00:33:00,618 [INFO] [82/121] 군자역 (primary=KEY_2)
2026-07-09 00:33:01,739 [INFO] [83/121] 대림역 (primary=KEY_3)
2026-07-09 00:33:02,878 [INFO] [84/121] 동대문역 (primary=KEY_4)
2026-07-09 00:33:04,000 [INFO] [85/121] 뚝섬역 (primary=KEY_1)
2026-07-09 00:33:05,121 [INFO] [86/121] 미아사거리역 (primary=KEY_2)
2026-07-09 00:33:06,250 [INFO] [87/121] 발산역 (primary=KEY_3)
2026-07-09 00:33:07,514 [INFO] [88/121] 사당역 (primary=KEY_4)
2026-07-09 00:33:08,642 [INFO] [89/121] 삼각지역 (primary=KEY_1)
2026-07-09 00:33:09,676 [INFO] [90/121] 서울대입구역 (primary=KEY_2)
2026-07-09 00:33:10,661 [INFO] [91/121] 서울식물원·마곡나루역 (primary=KEY_3)
2026-07-09 00:33:11,791 [INFO] [92/121] 서울역 (primary=KEY_4)
2026-07-09 00:33:12,965 [INFO] [93/121] 선릉역 (primary=KEY_1)
2026-07-09 00:33:14,237 [INFO] [94/121] 성신여대입구역 (primary=KEY_2)
2026-07-09 00:33:15,238 [INFO] [95/121] 수유역 (primary=KEY_3)
2026-07-09 00:33:16,358 [INFO] [96/121] 숭례문 (primary=KEY_4)
2026-07-09 00:33:17,479 [INFO] [97/121] 시의회 앞 (primary=KEY_1)
2026-07-09 00:33:18,634 [INFO] [98/121] 신논현역·논현역 (primary=KEY_2)
2026-07-09 00:33:19,800 [INFO] [99/121] 신도림역 (primary=KEY_3)
2026-07-09 00:33:20,806 [INFO] [100/121] 신림역 (primary=KEY_4)
2026-07-09 00:33:21,810 [INFO] [101/121] 신정네거리역 (primary=KEY_1)
2026-07-09 00:33:22,802 [INFO] [102/121] 신촌·이대역 (primary=KEY_2)
2026-07-09 00:33:23,950 [INFO] [103/121] 쌍문역 (primary=KEY_3)
2026-07-09 00:33:24,962 [INFO] [104/121] 양재역 (primary=KEY_4)
2026-07-09 00:33:26,101 [INFO] [105/121] 역삼역 (primary=KEY_1)
2026-07-09 00:33:27,250 [INFO] [106/121] 연신내역 (primary=KEY_2)
2026-07-09 00:33:28,491 [INFO] [107/121] 오목교역·목동운동장 (primary=KEY_3)
2026-07-09 00:33:29,776 [INFO] [108/121] 왕십리역 (primary=KEY_4)
2026-07-09 00:33:30,960 [INFO] [109/121] 용산역 (primary=KEY_1)
2026-07-09 00:33:32,103 [INFO] [110/121] 이태원역 (primary=KEY_2)
2026-07-09 00:33:33,103 [INFO] [111/121] 잠실새내역 (primary=KEY_3)
2026-07-09 00:33:34,245 [INFO] [112/121] 잠실역 (primary=KEY_4)
2026-07-09 00:33:35,396 [INFO] [113/121] 장지역 (primary=KEY_1)
2026-07-09 00:33:36,532 [INFO] [114/121] 장한평역 (primary=KEY_2)
2026-07-09 00:33:37,680 [INFO] [115/121] 천호역 (primary=KEY_3)
2026-07-09 00:33:38,829 [INFO] [116/121] 총신대입구(이수)역 (primary=KEY_4)
2026-07-09 00:33:39,963 [INFO] [117/121] 충정로역 (primary=KEY_1)
2026-07-09 00:33:40,995 [INFO] [118/121] 합정역 (primary=KEY_2)
2026-07-09 00:33:42,202 [INFO] [119/121] 혜화역 (primary=KEY_3)
2026-07-09 00:33:43,326 [INFO] [120/121] 홍대입구역(2호선) (primary=KEY_4)
2026-07-09 00:33:44,332 [INFO] [121/121] 회기역 (primary=KEY_1)
2026-07-09 00:33:45,889 [INFO] === 수집 완료 | 성공 121, 실패 0 ===
2026-07-09 00:33:45,890 [INFO] 카테고리별 저장 결과:
2026-07-09 00:33:45,890 [INFO]    accident                  | 신규     3행 | 누적      3행 | 16컬럼
2026-07-09 00:33:45,890 [INFO]    area_meta                 | 신규   121행 | 누적    121행 | 5컬럼
2026-07-09 00:33:45,890 [INFO]    bike                      | 신규    12행 | 누적     12행 | 12컬럼
2026-07-09 00:33:45,890 [INFO]    bike_sbike_stts           | 신규   554행 | 누적    554행 | 12컬럼
2026-07-09 00:33:45,890 [INFO]    bus                       | 신규     3행 | 누적      3행 | 11컬럼
2026-07-09 00:33:45,890 [INFO]    bus_bus_stn_stts          | 신규  1745행 | 누적   1745행 | 11컬럼
2026-07-09 00:33:45,890 [INFO]    charger                   | 신규    22행 | 누적     22행 | 15컬럼
2026-07-09 00:33:45,890 [INFO]    charger_charger_stts      | 신규   615행 | 누적    615행 | 15컬럼
2026-07-09 00:33:45,890 [INFO]    cmrcl                     | 신규    82행 | 누적     82행 | 20컬럼
2026-07-09 00:33:45,890 [INFO]    events                    | 신규     7행 | 누적      7행 | 14컬럼
2026-07-09 00:33:45,890 [INFO]    events_event_stts         | 신규   128행 | 누적    128행 | 14컬럼
2026-07-09 00:33:45,890 [INFO]    parking                   | 신규     6행 | 누적      6행 | 21컬럼
2026-07-09 00:33:45,890 [INFO]    parking_prk_stts          | 신규  1833행 | 누적   1833행 | 21컬럼
2026-07-09 00:33:45,890 [INFO]    ppltn                     | 신규   121행 | 누적    121행 | 26컬럼
2026-07-09 00:33:45,891 [INFO]    road                      | 신규   121행 | 누적    121행 | 21컬럼
2026-07-09 00:33:45,891 [INFO]    road_road_traffic_stts    | 신규  5265행 | 누적   5265행 | 17컬럼
2026-07-09 00:33:45,891 [INFO]    subway                    | 신규    38행 | 누적     38행 | 12컬럼
2026-07-09 00:33:45,891 [INFO]    subway_sub_stts           | 신규   183행 | 누적    183행 | 13컬럼
2026-07-09 00:33:45,891 [INFO]    weather                   | 신규   119행 | 누적    119행 | 29컬럼
2026-07-09 00:33:45,891 [INFO] 키별 사용량:
2026-07-09 00:33:45,891 [INFO]    🟢 KEY_1 (31/1000) 
2026-07-09 00:33:45,891 [INFO]    🟢 KEY_2 (30/1000) 
2026-07-09 00:33:45,891 [INFO]    🟢 KEY_3 (30/1000) 
2026-07-09 00:33:45,891 [INFO]    🟢 KEY_4 (30/1000) 
2026-07-09 02:49:54,770 [INFO] 등록된 키: 4개, 합산 한도 4,000건/일
2026-07-09 02:49:54,771 [INFO] POI 로드: 매뉴얼 v8.5 기준 fallback 121개 (121개 전체)
2026-07-09 02:49:54,771 [INFO] === 수집 시작 2026-07-09T02:49:54.771704+09:00 ===
2026-07-09 02:49:54,771 [INFO] 대상 장소: 121개 | API: citydata (통합)
2026-07-09 02:49:54,771 [INFO] 키 풀: 4/4 활성 | 오늘 사용 0/4000건
2026-07-09 02:49:54,772 [INFO]   [KEY_1] 담당 31장소
2026-07-09 02:49:54,772 [INFO]   [KEY_2] 담당 30장소
2026-07-09 02:49:54,772 [INFO]   [KEY_3] 담당 30장소
2026-07-09 02:49:54,772 [INFO]   [KEY_4] 담당 30장소
2026-07-09 02:49:54,772 [INFO] [1/121] 경복궁 (primary=KEY_1)
2026-07-09 02:49:56,463 [INFO] [2/121] 광화문·덕수궁 (primary=KEY_2)
2026-07-09 02:49:58,698 [INFO] [3/121] 보신각 (primary=KEY_3)
2026-07-09 02:50:00,503 [INFO] [4/121] 서울 암사동 유적 (primary=KEY_4)
2026-07-09 02:50:01,485 [INFO] [5/121] 창덕궁·종묘 (primary=KEY_1)
2026-07-09 02:50:03,277 [INFO] [6/121] 강남 MICE 관광특구 (primary=KEY_2)
2026-07-09 02:50:04,424 [INFO] [7/121] 동대문 관광특구 (primary=KEY_3)
2026-07-09 02:50:06,388 [INFO] [8/121] 명동 관광특구 (primary=KEY_4)
2026-07-09 02:50:08,531 [INFO] [9/121] 이태원 관광특구 (primary=KEY_1)
2026-07-09 02:50:09,664 [INFO] [10/121] 잠실 관광특구 (primary=KEY_2)
2026-07-09 02:50:11,406 [INFO] [11/121] 종로·청계 관광특구 (primary=KEY_3)
2026-07-09 02:50:12,711 [INFO] [12/121] 홍대 관광특구 (primary=KEY_4)
2026-07-09 02:50:14,013 [INFO] [13/121] 강서한강공원 (primary=KEY_1)
2026-07-09 02:50:15,521 [INFO] [14/121] 고척돔 (primary=KEY_2)
2026-07-09 02:50:17,294 [INFO] [15/121] 광나루한강공원 (primary=KEY_3)
2026-07-09 02:50:19,067 [INFO] [16/121] 광화문광장 (primary=KEY_4)
2026-07-09 02:50:20,186 [INFO] [17/121] 국립중앙박물관·용산가족공원 (primary=KEY_1)
2026-07-09 02:50:21,709 [INFO] [18/121] 난지한강공원 (primary=KEY_2)
2026-07-09 02:50:22,680 [INFO] [19/121] 남산공원 (primary=KEY_3)
2026-07-09 02:50:23,968 [INFO] [20/121] 노들섬 (primary=KEY_4)
2026-07-09 02:50:24,957 [INFO] [21/121] 뚝섬한강공원 (primary=KEY_1)
2026-07-09 02:50:25,941 [INFO] [22/121] 망원한강공원 (primary=KEY_2)
2026-07-09 02:50:27,063 [INFO] [23/121] 반포한강공원 (primary=KEY_3)
2026-07-09 02:50:28,043 [INFO] [24/121] 보라매공원 (primary=KEY_4)
2026-07-09 02:50:29,042 [INFO] [25/121] 북서울꿈의숲 (primary=KEY_1)
2026-07-09 02:50:30,152 [INFO] [26/121] 서대문독립공원 (primary=KEY_2)
2026-07-09 02:50:31,163 [INFO] [27/121] 서리풀공원·몽마르뜨공원 (primary=KEY_3)
2026-07-09 02:50:32,165 [INFO] [28/121] 서울대공원 (primary=KEY_4)
2026-07-09 02:50:33,137 [INFO] [29/121] 서울숲공원 (primary=KEY_1)
2026-07-09 02:50:34,262 [INFO] [30/121] 송현녹지광장 (primary=KEY_2)
2026-07-09 02:50:35,399 [INFO] [31/121] 아차산 (primary=KEY_3)
2026-07-09 02:50:36,511 [INFO] [32/121] 안양천 (primary=KEY_4)
2026-07-09 02:50:37,498 [INFO] [33/121] 양화한강공원 (primary=KEY_1)
2026-07-09 02:50:38,470 [INFO] [34/121] 어린이대공원 (primary=KEY_2)
2026-07-09 02:50:39,600 [INFO] [35/121] 여의도한강공원 (primary=KEY_3)
2026-07-09 02:50:40,725 [INFO] [36/121] 여의서로 (primary=KEY_4)
2026-07-09 02:50:41,854 [INFO] [37/121] 올림픽공원 (primary=KEY_1)
2026-07-09 02:50:43,031 [INFO] [38/121] 월드컵공원 (primary=KEY_2)
2026-07-09 02:50:44,311 [INFO] [39/121] 응봉산 (primary=KEY_3)
2026-07-09 02:50:45,427 [INFO] [40/121] 이촌한강공원 (primary=KEY_4)
2026-07-09 02:50:46,410 [INFO] [41/121] 잠실종합운동장 (primary=KEY_1)
2026-07-09 02:50:47,387 [INFO] [42/121] 잠실한강공원 (primary=KEY_2)
2026-07-09 02:50:48,368 [INFO] [43/121] 잠원한강공원 (primary=KEY_3)
2026-07-09 02:50:49,350 [INFO] [44/121] 청계산 (primary=KEY_4)
2026-07-09 02:50:50,326 [INFO] [45/121] 홍제폭포 (primary=KEY_1)
2026-07-09 02:50:51,300 [INFO] [46/121] 가락시장 (primary=KEY_2)
2026-07-09 02:50:52,451 [INFO] [47/121] 가로수길 (primary=KEY_3)
2026-07-09 02:50:53,615 [INFO] [48/121] 광장(전통)시장 (primary=KEY_4)
2026-07-09 02:50:54,609 [INFO] [49/121] 김포공항 (primary=KEY_1)
2026-07-09 02:50:55,910 [INFO] [50/121] 남대문시장 (primary=KEY_2)
2026-07-09 02:50:57,030 [INFO] [51/121] 노량진 (primary=KEY_3)
2026-07-09 02:50:58,175 [INFO] [52/121] 덕수궁길·정동길 (primary=KEY_4)
2026-07-09 02:50:59,329 [INFO] [53/121] 북창동 먹자골목 (primary=KEY_1)
2026-07-09 02:51:00,442 [INFO] [54/121] 북촌한옥마을 (primary=KEY_2)
2026-07-09 02:51:01,700 [INFO] [55/121] 서촌 (primary=KEY_3)
2026-07-09 02:51:02,818 [INFO] [56/121] 성수카페거리 (primary=KEY_4)
2026-07-09 02:51:04,098 [INFO] [57/121] 송리단길·호수단길 (primary=KEY_1)
2026-07-09 02:51:05,236 [INFO] [58/121] 신촌 스타광장 (primary=KEY_2)
2026-07-09 02:51:06,236 [INFO] [59/121] 압구정로데오거리 (primary=KEY_3)
2026-07-09 02:51:07,362 [INFO] [60/121] 여의도 (primary=KEY_4)
2026-07-09 02:51:09,107 [INFO] [61/121] 연남동 (primary=KEY_1)
2026-07-09 02:51:10,237 [INFO] [62/121] 영등포 타임스퀘어 (primary=KEY_2)
2026-07-09 02:51:11,353 [INFO] [63/121] 용리단길 (primary=KEY_3)
2026-07-09 02:51:12,894 [INFO] [64/121] 이태원 앤틱가구거리 (primary=KEY_4)
2026-07-09 02:51:13,891 [INFO] [65/121] 익선동 (primary=KEY_1)
2026-07-09 02:51:15,021 [INFO] [66/121] 인사동 (primary=KEY_2)
2026-07-09 02:51:16,274 [INFO] [67/121] 잠실롯데타워·석촌호수 (primary=KEY_3)
2026-07-09 02:51:17,685 [INFO] [68/121] 창동 신경제 중심지 (primary=KEY_4)
2026-07-09 02:51:19,088 [INFO] [69/121] 청담동 명품거리 (primary=KEY_1)
2026-07-09 02:51:20,204 [INFO] [70/121] 청량리 제기동 일대 전통시장 (primary=KEY_2)
2026-07-09 02:51:21,332 [INFO] [71/121] 해방촌·경리단길 (primary=KEY_3)
2026-07-09 02:51:22,310 [INFO] [72/121] DDP(동대문디자인플라자) (primary=KEY_4)
2026-07-09 02:51:23,470 [INFO] [73/121] DMC(디지털미디어시티) (primary=KEY_1)
2026-07-09 02:51:24,897 [INFO] [74/121] 가산디지털단지역 (primary=KEY_2)
2026-07-09 02:51:26,435 [INFO] [75/121] 강남역 (primary=KEY_3)
2026-07-09 02:51:27,718 [INFO] [76/121] 건대입구역 (primary=KEY_4)
2026-07-09 02:51:28,847 [INFO] [77/121] 고덕역 (primary=KEY_1)
2026-07-09 02:51:29,959 [INFO] [78/121] 고속터미널역 (primary=KEY_2)
2026-07-09 02:51:31,087 [INFO] [79/121] 교대역 (primary=KEY_3)
2026-07-09 02:51:32,090 [INFO] [80/121] 구로디지털단지역 (primary=KEY_4)
2026-07-09 02:51:33,375 [INFO] [81/121] 구로역 (primary=KEY_1)
2026-07-09 02:51:34,510 [INFO] [82/121] 군자역 (primary=KEY_2)
2026-07-09 02:51:35,513 [INFO] [83/121] 대림역 (primary=KEY_3)
2026-07-09 02:51:36,651 [INFO] [84/121] 동대문역 (primary=KEY_4)
2026-07-09 02:51:37,785 [INFO] [85/121] 뚝섬역 (primary=KEY_1)
2026-07-09 02:51:38,907 [INFO] [86/121] 미아사거리역 (primary=KEY_2)
2026-07-09 02:51:40,055 [INFO] [87/121] 발산역 (primary=KEY_3)
2026-07-09 02:51:41,459 [INFO] [88/121] 사당역 (primary=KEY_4)
2026-07-09 02:51:42,590 [INFO] [89/121] 삼각지역 (primary=KEY_1)
2026-07-09 02:51:43,587 [INFO] [90/121] 서울대입구역 (primary=KEY_2)
2026-07-09 02:51:44,696 [INFO] [91/121] 서울식물원·마곡나루역 (primary=KEY_3)
2026-07-09 02:51:45,962 [INFO] [92/121] 서울역 (primary=KEY_4)
2026-07-09 02:51:47,136 [INFO] [93/121] 선릉역 (primary=KEY_1)
2026-07-09 02:51:48,565 [INFO] [94/121] 성신여대입구역 (primary=KEY_2)
2026-07-09 02:51:49,576 [INFO] [95/121] 수유역 (primary=KEY_3)
2026-07-09 02:51:50,708 [INFO] [96/121] 숭례문 (primary=KEY_4)
2026-07-09 02:51:52,041 [INFO] [97/121] 시의회 앞 (primary=KEY_1)
2026-07-09 02:51:53,181 [INFO] [98/121] 신논현역·논현역 (primary=KEY_2)
2026-07-09 02:51:54,323 [INFO] [99/121] 신도림역 (primary=KEY_3)
2026-07-09 02:51:55,314 [INFO] [100/121] 신림역 (primary=KEY_4)
2026-07-09 02:51:56,312 [INFO] [101/121] 신정네거리역 (primary=KEY_1)
2026-07-09 02:51:57,443 [INFO] [102/121] 신촌·이대역 (primary=KEY_2)
2026-07-09 02:51:58,573 [INFO] [103/121] 쌍문역 (primary=KEY_3)
2026-07-09 02:51:59,701 [INFO] [104/121] 양재역 (primary=KEY_4)
2026-07-09 02:52:00,844 [INFO] [105/121] 역삼역 (primary=KEY_1)
2026-07-09 02:52:02,112 [INFO] [106/121] 연신내역 (primary=KEY_2)
2026-07-09 02:52:03,112 [INFO] [107/121] 오목교역·목동운동장 (primary=KEY_3)
2026-07-09 02:52:04,667 [INFO] [108/121] 왕십리역 (primary=KEY_4)
2026-07-09 02:52:05,819 [INFO] [109/121] 용산역 (primary=KEY_1)
2026-07-09 02:52:07,095 [INFO] [110/121] 이태원역 (primary=KEY_2)
2026-07-09 02:52:08,100 [INFO] [111/121] 잠실새내역 (primary=KEY_3)
2026-07-09 02:52:09,223 [INFO] [112/121] 잠실역 (primary=KEY_4)
2026-07-09 02:52:10,508 [INFO] [113/121] 장지역 (primary=KEY_1)
2026-07-09 02:52:11,861 [INFO] [114/121] 장한평역 (primary=KEY_2)
2026-07-09 02:52:12,979 [INFO] [115/121] 천호역 (primary=KEY_3)
2026-07-09 02:52:14,123 [INFO] [116/121] 총신대입구(이수)역 (primary=KEY_4)
2026-07-09 02:52:15,247 [INFO] [117/121] 충정로역 (primary=KEY_1)
2026-07-09 02:52:16,390 [INFO] [118/121] 합정역 (primary=KEY_2)
2026-07-09 02:52:17,545 [INFO] [119/121] 혜화역 (primary=KEY_3)
2026-07-09 02:52:18,672 [INFO] [120/121] 홍대입구역(2호선) (primary=KEY_4)
2026-07-09 02:52:19,817 [INFO] [121/121] 회기역 (primary=KEY_1)
2026-07-09 02:52:21,685 [INFO] === 수집 완료 | 성공 121, 실패 0 ===
2026-07-09 02:52:21,686 [INFO] 카테고리별 저장 결과:
2026-07-09 02:52:21,686 [INFO]    accident                  | 신규     3행 | 누적      6행 | 16컬럼
2026-07-09 02:52:21,686 [INFO]    area_meta                 | 신규   121행 | 누적    242행 | 5컬럼
2026-07-09 02:52:21,686 [INFO]    bike                      | 신규    12행 | 누적     24행 | 12컬럼
2026-07-09 02:52:21,686 [INFO]    bike_sbike_stts           | 신규   554행 | 누적   1108행 | 12컬럼
2026-07-09 02:52:21,686 [INFO]    bus                       | 신규     3행 | 누적      6행 | 11컬럼
2026-07-09 02:52:21,686 [INFO]    bus_bus_stn_stts          | 신규  1745행 | 누적   3490행 | 11컬럼
2026-07-09 02:52:21,686 [INFO]    charger                   | 신규     7행 | 누적     29행 | 15컬럼
2026-07-09 02:52:21,686 [INFO]    charger_charger_stts      | 신규  1743행 | 누적   2337행 | 15컬럼
2026-07-09 02:52:21,686 [INFO]    cmrcl                     | 신규    82행 | 누적    164행 | 20컬럼
2026-07-09 02:52:21,686 [INFO]    events                    | 신규     7행 | 누적     14행 | 14컬럼
2026-07-09 02:52:21,686 [INFO]    events_event_stts         | 신규   128행 | 누적    256행 | 14컬럼
2026-07-09 02:52:21,686 [INFO]    parking                   | 신규     6행 | 누적     12행 | 21컬럼
2026-07-09 02:52:21,686 [INFO]    parking_prk_stts          | 신규  1833행 | 누적   3666행 | 21컬럼
2026-07-09 02:52:21,687 [INFO]    ppltn                     | 신규   121행 | 누적    242행 | 26컬럼
2026-07-09 02:52:21,687 [INFO]    road                      | 신규   121행 | 누적    242행 | 21컬럼
2026-07-09 02:52:21,687 [INFO]    road_road_traffic_stts    | 신규  5265행 | 누적  10530행 | 17컬럼
2026-07-09 02:52:21,687 [INFO]    subway                    | 신규    38행 | 누적     76행 | 12컬럼
2026-07-09 02:52:21,687 [INFO]    subway_sub_stts           | 신규   183행 | 누적    366행 | 13컬럼
2026-07-09 02:52:21,687 [INFO]    weather                   | 신규   119행 | 누적    238행 | 29컬럼
2026-07-09 02:52:21,687 [INFO] 키별 사용량:
2026-07-09 02:52:21,687 [INFO]    🟢 KEY_1 (31/1000) 
2026-07-09 02:52:21,687 [INFO]    🟢 KEY_2 (30/1000) 
2026-07-09 02:52:21,687 [INFO]    🟢 KEY_3 (30/1000) 
2026-07-09 02:52:21,687 [INFO]    🟢 KEY_4 (30/1000) 
2026-07-09 04:50:09,593 [INFO] 등록된 키: 4개, 합산 한도 4,000건/일
2026-07-09 04:50:09,594 [INFO] POI 로드: 매뉴얼 v8.5 기준 fallback 121개 (121개 전체)
2026-07-09 04:50:09,594 [INFO] === 수집 시작 2026-07-09T04:50:09.594715+09:00 ===
2026-07-09 04:50:09,594 [INFO] 대상 장소: 121개 | API: citydata (통합)
2026-07-09 04:50:09,594 [INFO] 키 풀: 4/4 활성 | 오늘 사용 0/4000건
2026-07-09 04:50:09,594 [INFO]   [KEY_1] 담당 31장소
2026-07-09 04:50:09,594 [INFO]   [KEY_2] 담당 30장소
2026-07-09 04:50:09,595 [INFO]   [KEY_3] 담당 30장소
2026-07-09 04:50:09,595 [INFO]   [KEY_4] 담당 30장소
2026-07-09 04:50:09,595 [INFO] [1/121] 경복궁 (primary=KEY_1)
2026-07-09 04:50:11,912 [INFO] [2/121] 광화문·덕수궁 (primary=KEY_2)
2026-07-09 04:50:14,419 [INFO] [3/121] 보신각 (primary=KEY_3)
2026-07-09 04:50:16,715 [INFO] [4/121] 서울 암사동 유적 (primary=KEY_4)
2026-07-09 04:50:18,619 [INFO] [5/121] 창덕궁·종묘 (primary=KEY_1)
2026-07-09 04:50:20,131 [INFO] [6/121] 강남 MICE 관광특구 (primary=KEY_2)
2026-07-09 04:50:21,487 [INFO] [7/121] 동대문 관광특구 (primary=KEY_3)
2026-07-09 04:50:23,870 [INFO] [8/121] 명동 관광특구 (primary=KEY_4)
2026-07-09 04:50:25,687 [INFO] [9/121] 이태원 관광특구 (primary=KEY_1)
2026-07-09 04:50:28,196 [INFO] [10/121] 잠실 관광특구 (primary=KEY_2)
2026-07-09 04:50:31,144 [INFO] [11/121] 종로·청계 관광특구 (primary=KEY_3)
2026-07-09 04:50:33,316 [INFO] [12/121] 홍대 관광특구 (primary=KEY_4)
2026-07-09 04:50:34,909 [INFO] [13/121] 강서한강공원 (primary=KEY_1)
2026-07-09 04:50:36,040 [INFO] [14/121] 고척돔 (primary=KEY_2)
2026-07-09 04:50:37,185 [INFO] [15/121] 광나루한강공원 (primary=KEY_3)
2026-07-09 04:50:39,275 [INFO] [16/121] 광화문광장 (primary=KEY_4)
2026-07-09 04:50:41,387 [INFO] [17/121] 국립중앙박물관·용산가족공원 (primary=KEY_1)
2026-07-09 04:50:42,528 [INFO] [18/121] 난지한강공원 (primary=KEY_2)
2026-07-09 04:50:43,665 [INFO] [19/121] 남산공원 (primary=KEY_3)
2026-07-09 04:50:45,213 [INFO] [20/121] 노들섬 (primary=KEY_4)
2026-07-09 04:50:47,121 [INFO] [21/121] 뚝섬한강공원 (primary=KEY_1)
2026-07-09 04:50:48,270 [INFO] [22/121] 망원한강공원 (primary=KEY_2)
2026-07-09 04:50:50,385 [INFO] [23/121] 반포한강공원 (primary=KEY_3)
2026-07-09 04:50:52,287 [INFO] [24/121] 보라매공원 (primary=KEY_4)
2026-07-09 04:50:53,461 [INFO] [25/121] 북서울꿈의숲 (primary=KEY_1)
2026-07-09 04:50:54,787 [INFO] [26/121] 서대문독립공원 (primary=KEY_2)
2026-07-09 04:50:55,971 [INFO] [27/121] 서리풀공원·몽마르뜨공원 (primary=KEY_3)
2026-07-09 04:50:57,136 [INFO] [28/121] 서울대공원 (primary=KEY_4)
2026-07-09 04:50:59,033 [INFO] [29/121] 서울숲공원 (primary=KEY_1)
2026-07-09 04:51:00,377 [INFO] [30/121] 송현녹지광장 (primary=KEY_2)
2026-07-09 04:51:02,859 [INFO] [31/121] 아차산 (primary=KEY_3)
2026-07-09 04:51:03,996 [INFO] [32/121] 안양천 (primary=KEY_4)
2026-07-09 04:51:05,140 [INFO] [33/121] 양화한강공원 (primary=KEY_1)
2026-07-09 04:51:06,283 [INFO] [34/121] 어린이대공원 (primary=KEY_2)
2026-07-09 04:51:07,631 [INFO] [35/121] 여의도한강공원 (primary=KEY_3)
2026-07-09 04:51:08,957 [INFO] [36/121] 여의서로 (primary=KEY_4)
2026-07-09 04:51:10,288 [INFO] [37/121] 올림픽공원 (primary=KEY_1)
2026-07-09 04:51:11,653 [INFO] [38/121] 월드컵공원 (primary=KEY_2)
2026-07-09 04:51:13,969 [INFO] [39/121] 응봉산 (primary=KEY_3)
2026-07-09 04:51:16,059 [INFO] [40/121] 이촌한강공원 (primary=KEY_4)
2026-07-09 04:51:17,191 [INFO] [41/121] 잠실종합운동장 (primary=KEY_1)
2026-07-09 04:51:18,332 [INFO] [42/121] 잠실한강공원 (primary=KEY_2)
2026-07-09 04:51:20,620 [INFO] [43/121] 잠원한강공원 (primary=KEY_3)
2026-07-09 04:51:21,757 [INFO] [44/121] 청계산 (primary=KEY_4)
2026-07-09 04:51:23,847 [INFO] [45/121] 홍제폭포 (primary=KEY_1)
2026-07-09 04:51:25,563 [INFO] [46/121] 가락시장 (primary=KEY_2)
2026-07-09 04:51:26,922 [INFO] [47/121] 가로수길 (primary=KEY_3)
2026-07-09 04:51:28,278 [INFO] [48/121] 광장(전통)시장 (primary=KEY_4)
2026-07-09 04:51:30,002 [INFO] [49/121] 김포공항 (primary=KEY_1)
2026-07-09 04:51:31,550 [INFO] [50/121] 남대문시장 (primary=KEY_2)
2026-07-09 04:51:32,892 [INFO] [51/121] 노량진 (primary=KEY_3)
2026-07-09 04:51:34,252 [INFO] [52/121] 덕수궁길·정동길 (primary=KEY_4)
2026-07-09 04:51:35,624 [INFO] [53/121] 북창동 먹자골목 (primary=KEY_1)
2026-07-09 04:51:37,557 [INFO] [54/121] 북촌한옥마을 (primary=KEY_2)
2026-07-09 04:51:39,110 [INFO] [55/121] 서촌 (primary=KEY_3)
2026-07-09 04:51:40,457 [INFO] [56/121] 성수카페거리 (primary=KEY_4)
2026-07-09 04:51:42,027 [INFO] [57/121] 송리단길·호수단길 (primary=KEY_1)
2026-07-09 04:51:43,419 [INFO] [58/121] 신촌 스타광장 (primary=KEY_2)
2026-07-09 04:51:44,593 [INFO] [59/121] 압구정로데오거리 (primary=KEY_3)
2026-07-09 04:51:45,949 [INFO] [60/121] 여의도 (primary=KEY_4)
2026-07-09 04:51:48,148 [INFO] [61/121] 연남동 (primary=KEY_1)
2026-07-09 04:51:49,495 [INFO] [62/121] 영등포 타임스퀘어 (primary=KEY_2)
2026-07-09 04:51:50,843 [INFO] [63/121] 용리단길 (primary=KEY_3)
2026-07-09 04:51:52,037 [INFO] [64/121] 이태원 앤틱가구거리 (primary=KEY_4)
2026-07-09 04:51:53,198 [INFO] [65/121] 익선동 (primary=KEY_1)
2026-07-09 04:51:54,567 [INFO] [66/121] 인사동 (primary=KEY_2)
2026-07-09 04:51:56,095 [INFO] [67/121] 잠실롯데타워·석촌호수 (primary=KEY_3)
2026-07-09 04:51:57,847 [INFO] [68/121] 창동 신경제 중심지 (primary=KEY_4)
2026-07-09 04:51:59,609 [INFO] [69/121] 청담동 명품거리 (primary=KEY_1)
2026-07-09 04:52:00,972 [INFO] [70/121] 청량리 제기동 일대 전통시장 (primary=KEY_2)
2026-07-09 04:52:02,333 [INFO] [71/121] 해방촌·경리단길 (primary=KEY_3)
2026-07-09 04:52:03,487 [INFO] [72/121] DDP(동대문디자인플라자) (primary=KEY_4)
2026-07-09 04:52:04,914 [INFO] [73/121] DMC(디지털미디어시티) (primary=KEY_1)
2026-07-09 04:52:06,707 [INFO] [74/121] 가산디지털단지역 (primary=KEY_2)
2026-07-09 04:52:08,654 [INFO] [75/121] 강남역 (primary=KEY_3)
2026-07-09 04:52:10,303 [INFO] [76/121] 건대입구역 (primary=KEY_4)
2026-07-09 04:52:12,258 [INFO] [77/121] 고덕역 (primary=KEY_1)
2026-07-09 04:52:14,205 [INFO] [78/121] 고속터미널역 (primary=KEY_2)
2026-07-09 04:52:16,714 [INFO] [79/121] 교대역 (primary=KEY_3)
2026-07-09 04:52:18,466 [INFO] [80/121] 구로디지털단지역 (primary=KEY_4)
2026-07-09 04:52:20,776 [INFO] [81/121] 구로역 (primary=KEY_1)
2026-07-09 04:52:22,108 [INFO] [82/121] 군자역 (primary=KEY_2)
2026-07-09 04:52:23,468 [INFO] [83/121] 대림역 (primary=KEY_3)
2026-07-09 04:52:25,408 [INFO] [84/121] 동대문역 (primary=KEY_4)
2026-07-09 04:52:27,366 [INFO] [85/121] 뚝섬역 (primary=KEY_1)
2026-07-09 04:52:29,304 [INFO] [86/121] 미아사거리역 (primary=KEY_2)
2026-07-09 04:52:30,676 [INFO] [87/121] 발산역 (primary=KEY_3)
2026-07-09 04:52:32,255 [INFO] [88/121] 사당역 (primary=KEY_4)
2026-07-09 04:52:34,388 [INFO] [89/121] 삼각지역 (primary=KEY_1)
2026-07-09 04:52:36,218 [INFO] [90/121] 서울대입구역 (primary=KEY_2)
2026-07-09 04:52:38,541 [INFO] [91/121] 서울식물원·마곡나루역 (primary=KEY_3)
2026-07-09 04:52:40,860 [INFO] [92/121] 서울역 (primary=KEY_4)
2026-07-09 04:52:42,953 [INFO] [93/121] 선릉역 (primary=KEY_1)
2026-07-09 04:52:44,721 [INFO] [94/121] 성신여대입구역 (primary=KEY_2)
2026-07-09 04:52:45,908 [INFO] [95/121] 수유역 (primary=KEY_3)
2026-07-09 04:52:47,267 [INFO] [96/121] 숭례문 (primary=KEY_4)
2026-07-09 04:52:48,836 [INFO] [97/121] 시의회 앞 (primary=KEY_1)
2026-07-09 04:52:51,004 [INFO] [98/121] 신논현역·논현역 (primary=KEY_2)
2026-07-09 04:52:53,155 [INFO] [99/121] 신도림역 (primary=KEY_3)
2026-07-09 04:52:54,341 [INFO] [100/121] 신림역 (primary=KEY_4)
2026-07-09 04:52:55,520 [INFO] [101/121] 신정네거리역 (primary=KEY_1)
2026-07-09 04:52:56,881 [INFO] [102/121] 신촌·이대역 (primary=KEY_2)
2026-07-09 04:52:58,243 [INFO] [103/121] 쌍문역 (primary=KEY_3)
2026-07-09 04:53:00,368 [INFO] [104/121] 양재역 (primary=KEY_4)
2026-07-09 04:53:01,763 [INFO] [105/121] 역삼역 (primary=KEY_1)
2026-07-09 04:53:03,309 [INFO] [106/121] 연신내역 (primary=KEY_2)
2026-07-09 04:53:04,503 [INFO] [107/121] 오목교역·목동운동장 (primary=KEY_3)
2026-07-09 04:53:07,052 [INFO] [108/121] 왕십리역 (primary=KEY_4)
2026-07-09 04:53:09,201 [INFO] [109/121] 용산역 (primary=KEY_1)
2026-07-09 04:53:11,339 [INFO] [110/121] 이태원역 (primary=KEY_2)
2026-07-09 04:53:12,536 [INFO] [111/121] 잠실새내역 (primary=KEY_3)
2026-07-09 04:53:14,481 [INFO] [112/121] 잠실역 (primary=KEY_4)
2026-07-09 04:53:16,913 [INFO] [113/121] 장지역 (primary=KEY_1)
2026-07-09 04:53:18,486 [INFO] [114/121] 장한평역 (primary=KEY_2)
2026-07-09 04:53:20,439 [INFO] [115/121] 천호역 (primary=KEY_3)
2026-07-09 04:53:21,828 [INFO] [116/121] 총신대입구(이수)역 (primary=KEY_4)
2026-07-09 04:53:23,771 [INFO] [117/121] 충정로역 (primary=KEY_1)
2026-07-09 04:53:25,154 [INFO] [118/121] 합정역 (primary=KEY_2)
2026-07-09 04:53:26,531 [INFO] [119/121] 혜화역 (primary=KEY_3)
2026-07-09 04:53:27,879 [INFO] [120/121] 홍대입구역(2호선) (primary=KEY_4)
2026-07-09 04:53:29,256 [INFO] [121/121] 회기역 (primary=KEY_1)
2026-07-09 04:53:31,546 [INFO] === 수집 완료 | 성공 121, 실패 0 ===
2026-07-09 04:53:31,546 [INFO] 카테고리별 저장 결과:
2026-07-09 04:53:31,546 [INFO]    accident                  | 신규     3행 | 누적      9행 | 16컬럼
2026-07-09 04:53:31,546 [INFO]    area_meta                 | 신규   121행 | 누적    363행 | 5컬럼
2026-07-09 04:53:31,546 [INFO]    bike                      | 신규    12행 | 누적     36행 | 12컬럼
2026-07-09 04:53:31,547 [INFO]    bike_sbike_stts           | 신규   554행 | 누적   1662행 | 12컬럼
2026-07-09 04:53:31,547 [INFO]    bus                       | 신규     3행 | 누적      9행 | 11컬럼
2026-07-09 04:53:31,547 [INFO]    bus_bus_stn_stts          | 신규  1745행 | 누적   5235행 | 11컬럼
2026-07-09 04:53:31,547 [INFO]    charger                   | 신규     4행 | 누적     33행 | 15컬럼
2026-07-09 04:53:31,547 [INFO]    charger_charger_stts      | 신규  1921행 | 누적   4243행 | 15컬럼
2026-07-09 04:53:31,547 [INFO]    cmrcl                     | 신규    82행 | 누적    246행 | 20컬럼
2026-07-09 04:53:31,547 [INFO]    events                    | 신규     7행 | 누적     21행 | 14컬럼
2026-07-09 04:53:31,547 [INFO]    events_event_stts         | 신규   128행 | 누적    384행 | 14컬럼
2026-07-09 04:53:31,547 [INFO]    parking                   | 신규     6행 | 누적     18행 | 21컬럼
2026-07-09 04:53:31,547 [INFO]    parking_prk_stts          | 신규  1833행 | 누적   5499행 | 21컬럼
2026-07-09 04:53:31,547 [INFO]    ppltn                     | 신규   121행 | 누적    363행 | 26컬럼
2026-07-09 04:53:31,547 [INFO]    road                      | 신규   121행 | 누적    363행 | 21컬럼
2026-07-09 04:53:31,547 [INFO]    road_road_traffic_stts    | 신규  5265행 | 누적  15795행 | 17컬럼
2026-07-09 04:53:31,547 [INFO]    subway                    | 신규    38행 | 누적    114행 | 13컬럼
2026-07-09 04:53:31,547 [INFO]    subway_sub_stts           | 신규   183행 | 누적    549행 | 13컬럼
2026-07-09 04:53:31,547 [INFO]    weather                   | 신규   119행 | 누적    357행 | 29컬럼
2026-07-09 04:53:31,547 [INFO] 키별 사용량:
2026-07-09 04:53:31,547 [INFO]    🟢 KEY_1 (31/1000) 
2026-07-09 04:53:31,547 [INFO]    🟢 KEY_2 (30/1000) 
2026-07-09 04:53:31,547 [INFO]    🟢 KEY_3 (30/1000) 
2026-07-09 04:53:31,547 [INFO]    🟢 KEY_4 (30/1000) 
2026-07-09 06:20:53,544 [INFO] 등록된 키: 4개, 합산 한도 4,000건/일
2026-07-09 06:20:53,544 [INFO] POI 로드: 매뉴얼 v8.5 기준 fallback 121개 (121개 전체)
2026-07-09 06:20:53,544 [INFO] === 수집 시작 2026-07-09T06:20:53.544970+09:00 ===
2026-07-09 06:20:53,545 [INFO] 대상 장소: 121개 | API: citydata (통합)
2026-07-09 06:20:53,545 [INFO] 키 풀: 4/4 활성 | 오늘 사용 0/4000건
2026-07-09 06:20:53,545 [INFO]   [KEY_1] 담당 31장소
2026-07-09 06:20:53,545 [INFO]   [KEY_2] 담당 30장소
2026-07-09 06:20:53,545 [INFO]   [KEY_3] 담당 30장소
2026-07-09 06:20:53,545 [INFO]   [KEY_4] 담당 30장소
2026-07-09 06:20:53,545 [INFO] [1/121] 경복궁 (primary=KEY_1)
2026-07-09 06:20:55,638 [INFO] [2/121] 광화문·덕수궁 (primary=KEY_2)
2026-07-09 06:20:57,738 [INFO] [3/121] 보신각 (primary=KEY_3)
2026-07-09 06:20:59,812 [INFO] [4/121] 서울 암사동 유적 (primary=KEY_4)
2026-07-09 06:21:01,864 [INFO] [5/121] 창덕궁·종묘 (primary=KEY_1)
2026-07-09 06:21:03,904 [INFO] [6/121] 강남 MICE 관광특구 (primary=KEY_2)
2026-07-09 06:21:05,026 [INFO] [7/121] 동대문 관광특구 (primary=KEY_3)
2026-07-09 06:21:06,789 [INFO] [8/121] 명동 관광특구 (primary=KEY_4)
2026-07-09 06:21:09,302 [INFO] [9/121] 이태원 관광특구 (primary=KEY_1)
2026-07-09 06:21:10,654 [INFO] [10/121] 잠실 관광특구 (primary=KEY_2)
2026-07-09 06:21:12,342 [INFO] [11/121] 종로·청계 관광특구 (primary=KEY_3)
2026-07-09 06:21:14,476 [INFO] [12/121] 홍대 관광특구 (primary=KEY_4)
2026-07-09 06:21:15,995 [INFO] [13/121] 강서한강공원 (primary=KEY_1)
2026-07-09 06:21:18,597 [INFO] [14/121] 고척돔 (primary=KEY_2)
2026-07-09 06:21:19,737 [INFO] [15/121] 광나루한강공원 (primary=KEY_3)
2026-07-09 06:21:21,039 [INFO] [16/121] 광화문광장 (primary=KEY_4)
2026-07-09 06:21:22,356 [INFO] [17/121] 국립중앙박물관·용산가족공원 (primary=KEY_1)
2026-07-09 06:21:23,483 [INFO] [18/121] 난지한강공원 (primary=KEY_2)
2026-07-09 06:21:25,369 [INFO] [19/121] 남산공원 (primary=KEY_3)
2026-07-09 06:21:27,681 [INFO] [20/121] 노들섬 (primary=KEY_4)
2026-07-09 06:21:28,823 [INFO] [21/121] 뚝섬한강공원 (primary=KEY_1)
2026-07-09 06:21:29,970 [INFO] [22/121] 망원한강공원 (primary=KEY_2)
2026-07-09 06:21:32,032 [INFO] [23/121] 반포한강공원 (primary=KEY_3)
2026-07-09 06:21:33,900 [INFO] [24/121] 보라매공원 (primary=KEY_4)
2026-07-09 06:21:35,019 [INFO] [25/121] 북서울꿈의숲 (primary=KEY_1)
2026-07-09 06:21:36,919 [INFO] [26/121] 서대문독립공원 (primary=KEY_2)
2026-07-09 06:21:38,068 [INFO] [27/121] 서리풀공원·몽마르뜨공원 (primary=KEY_3)
2026-07-09 06:21:40,253 [INFO] [28/121] 서울대공원 (primary=KEY_4)
2026-07-09 06:21:41,377 [INFO] [29/121] 서울숲공원 (primary=KEY_1)
2026-07-09 06:21:43,282 [INFO] [30/121] 송현녹지광장 (primary=KEY_2)
2026-07-09 06:21:45,357 [INFO] [31/121] 아차산 (primary=KEY_3)
2026-07-09 06:21:47,215 [INFO] [32/121] 안양천 (primary=KEY_4)
2026-07-09 06:21:48,333 [INFO] [33/121] 양화한강공원 (primary=KEY_1)
2026-07-09 06:21:49,477 [INFO] [34/121] 어린이대공원 (primary=KEY_2)
2026-07-09 06:21:51,392 [INFO] [35/121] 여의도한강공원 (primary=KEY_3)
2026-07-09 06:21:52,712 [INFO] [36/121] 여의서로 (primary=KEY_4)
2026-07-09 06:21:54,390 [INFO] [37/121] 올림픽공원 (primary=KEY_1)
2026-07-09 06:21:55,759 [INFO] [38/121] 월드컵공원 (primary=KEY_2)
2026-07-09 06:21:57,296 [INFO] [39/121] 응봉산 (primary=KEY_3)
2026-07-09 06:21:58,623 [INFO] [40/121] 이촌한강공원 (primary=KEY_4)
2026-07-09 06:22:00,497 [INFO] [41/121] 잠실종합운동장 (primary=KEY_1)
2026-07-09 06:22:01,651 [INFO] [42/121] 잠실한강공원 (primary=KEY_2)
2026-07-09 06:22:02,787 [INFO] [43/121] 잠원한강공원 (primary=KEY_3)
2026-07-09 06:22:03,925 [INFO] [44/121] 청계산 (primary=KEY_4)
2026-07-09 06:22:05,618 [INFO] [45/121] 홍제폭포 (primary=KEY_1)
2026-07-09 06:22:07,326 [INFO] [46/121] 가락시장 (primary=KEY_2)
2026-07-09 06:22:08,667 [INFO] [47/121] 가로수길 (primary=KEY_3)
2026-07-09 06:22:10,006 [INFO] [48/121] 광장(전통)시장 (primary=KEY_4)
2026-07-09 06:22:11,152 [INFO] [49/121] 김포공항 (primary=KEY_1)
2026-07-09 06:22:12,480 [INFO] [50/121] 남대문시장 (primary=KEY_2)
2026-07-09 06:22:13,611 [INFO] [51/121] 노량진 (primary=KEY_3)
2026-07-09 06:22:14,762 [INFO] [52/121] 덕수궁길·정동길 (primary=KEY_4)
2026-07-09 06:22:16,073 [INFO] [53/121] 북창동 먹자골목 (primary=KEY_1)
2026-07-09 06:22:17,198 [INFO] [54/121] 북촌한옥마을 (primary=KEY_2)
2026-07-09 06:22:18,518 [INFO] [55/121] 서촌 (primary=KEY_3)
2026-07-09 06:22:20,377 [INFO] [56/121] 성수카페거리 (primary=KEY_4)
2026-07-09 06:22:21,702 [INFO] [57/121] 송리단길·호수단길 (primary=KEY_1)
2026-07-09 06:22:23,085 [INFO] [58/121] 신촌 스타광장 (primary=KEY_2)
2026-07-09 06:22:24,283 [INFO] [59/121] 압구정로데오거리 (primary=KEY_3)
2026-07-09 06:22:25,631 [INFO] [60/121] 여의도 (primary=KEY_4)
2026-07-09 06:22:27,571 [INFO] [61/121] 연남동 (primary=KEY_1)
2026-07-09 06:22:28,881 [INFO] [62/121] 영등포 타임스퀘어 (primary=KEY_2)
2026-07-09 06:22:30,191 [INFO] [63/121] 용리단길 (primary=KEY_3)
2026-07-09 06:22:31,335 [INFO] [64/121] 이태원 앤틱가구거리 (primary=KEY_4)
2026-07-09 06:22:32,466 [INFO] [65/121] 익선동 (primary=KEY_1)
2026-07-09 06:22:33,832 [INFO] [66/121] 인사동 (primary=KEY_2)
2026-07-09 06:22:35,167 [INFO] [67/121] 잠실롯데타워·석촌호수 (primary=KEY_3)
2026-07-09 06:22:36,515 [INFO] [68/121] 창동 신경제 중심지 (primary=KEY_4)
2026-07-09 06:22:38,042 [INFO] [69/121] 청담동 명품거리 (primary=KEY_1)
2026-07-09 06:22:39,372 [INFO] [70/121] 청량리 제기동 일대 전통시장 (primary=KEY_2)
2026-07-09 06:22:40,731 [INFO] [71/121] 해방촌·경리단길 (primary=KEY_3)
2026-07-09 06:22:41,882 [INFO] [72/121] DDP(동대문디자인플라자) (primary=KEY_4)
2026-07-09 06:22:43,263 [INFO] [73/121] DMC(디지털미디어시티) (primary=KEY_1)
2026-07-09 06:22:44,809 [INFO] [74/121] 가산디지털단지역 (primary=KEY_2)
2026-07-09 06:22:46,322 [INFO] [75/121] 강남역 (primary=KEY_3)
2026-07-09 06:22:47,887 [INFO] [76/121] 건대입구역 (primary=KEY_4)
2026-07-09 06:22:49,249 [INFO] [77/121] 고덕역 (primary=KEY_1)
2026-07-09 06:22:50,607 [INFO] [78/121] 고속터미널역 (primary=KEY_2)
2026-07-09 06:22:51,818 [INFO] [79/121] 교대역 (primary=KEY_3)
2026-07-09 06:22:52,998 [INFO] [80/121] 구로디지털단지역 (primary=KEY_4)
2026-07-09 06:22:54,324 [INFO] [81/121] 구로역 (primary=KEY_1)
2026-07-09 06:22:55,459 [INFO] [82/121] 군자역 (primary=KEY_2)
2026-07-09 06:22:56,826 [INFO] [83/121] 대림역 (primary=KEY_3)
2026-07-09 06:22:58,190 [INFO] [84/121] 동대문역 (primary=KEY_4)
2026-07-09 06:22:59,506 [INFO] [85/121] 뚝섬역 (primary=KEY_1)
2026-07-09 06:23:00,827 [INFO] [86/121] 미아사거리역 (primary=KEY_2)
2026-07-09 06:23:02,184 [INFO] [87/121] 발산역 (primary=KEY_3)
2026-07-09 06:23:03,728 [INFO] [88/121] 사당역 (primary=KEY_4)
2026-07-09 06:23:05,089 [INFO] [89/121] 삼각지역 (primary=KEY_1)
2026-07-09 06:23:06,244 [INFO] [90/121] 서울대입구역 (primary=KEY_2)
2026-07-09 06:23:07,410 [INFO] [91/121] 서울식물원·마곡나루역 (primary=KEY_3)
2026-07-09 06:23:08,747 [INFO] [92/121] 서울역 (primary=KEY_4)
2026-07-09 06:23:10,197 [INFO] [93/121] 선릉역 (primary=KEY_1)
2026-07-09 06:23:11,737 [INFO] [94/121] 성신여대입구역 (primary=KEY_2)
2026-07-09 06:23:12,909 [INFO] [95/121] 수유역 (primary=KEY_3)
2026-07-09 06:23:14,238 [INFO] [96/121] 숭례문 (primary=KEY_4)
2026-07-09 06:23:15,596 [INFO] [97/121] 시의회 앞 (primary=KEY_1)
2026-07-09 06:23:16,981 [INFO] [98/121] 신논현역·논현역 (primary=KEY_2)
2026-07-09 06:23:18,370 [INFO] [99/121] 신도림역 (primary=KEY_3)
2026-07-09 06:23:19,495 [INFO] [100/121] 신림역 (primary=KEY_4)
2026-07-09 06:23:20,654 [INFO] [101/121] 신정네거리역 (primary=KEY_1)
2026-07-09 06:23:21,785 [INFO] [102/121] 신촌·이대역 (primary=KEY_2)
2026-07-09 06:23:23,118 [INFO] [103/121] 쌍문역 (primary=KEY_3)
2026-07-09 06:23:24,271 [INFO] [104/121] 양재역 (primary=KEY_4)
2026-07-09 06:23:25,594 [INFO] [105/121] 역삼역 (primary=KEY_1)
2026-07-09 06:23:26,915 [INFO] [106/121] 연신내역 (primary=KEY_2)
2026-07-09 06:23:28,095 [INFO] [107/121] 오목교역·목동운동장 (primary=KEY_3)
2026-07-09 06:23:29,671 [INFO] [108/121] 왕십리역 (primary=KEY_4)
2026-07-09 06:23:31,049 [INFO] [109/121] 용산역 (primary=KEY_1)
2026-07-09 06:23:32,389 [INFO] [110/121] 이태원역 (primary=KEY_2)
2026-07-09 06:23:33,533 [INFO] [111/121] 잠실새내역 (primary=KEY_3)
2026-07-09 06:23:34,890 [INFO] [112/121] 잠실역 (primary=KEY_4)
2026-07-09 06:23:36,253 [INFO] [113/121] 장지역 (primary=KEY_1)
2026-07-09 06:23:37,573 [INFO] [114/121] 장한평역 (primary=KEY_2)
2026-07-09 06:23:38,881 [INFO] [115/121] 천호역 (primary=KEY_3)
2026-07-09 06:23:40,200 [INFO] [116/121] 총신대입구(이수)역 (primary=KEY_4)
2026-07-09 06:23:41,562 [INFO] [117/121] 충정로역 (primary=KEY_1)
2026-07-09 06:23:42,870 [INFO] [118/121] 합정역 (primary=KEY_2)
2026-07-09 06:23:44,286 [INFO] [119/121] 혜화역 (primary=KEY_3)
2026-07-09 06:23:45,593 [INFO] [120/121] 홍대입구역(2호선) (primary=KEY_4)
2026-07-09 06:23:46,936 [INFO] [121/121] 회기역 (primary=KEY_1)
2026-07-09 06:23:49,222 [INFO] === 수집 완료 | 성공 121, 실패 0 ===
2026-07-09 06:23:49,223 [INFO] 카테고리별 저장 결과:
2026-07-09 06:23:49,223 [INFO]    accident                  | 신규     3행 | 누적     12행 | 16컬럼
2026-07-09 06:23:49,223 [INFO]    area_meta                 | 신규   121행 | 누적    484행 | 5컬럼
2026-07-09 06:23:49,223 [INFO]    bike                      | 신규    12행 | 누적     48행 | 12컬럼
2026-07-09 06:23:49,223 [INFO]    bike_sbike_stts           | 신규   554행 | 누적   2216행 | 12컬럼
2026-07-09 06:23:49,223 [INFO]    bus                       | 신규     3행 | 누적     12행 | 11컬럼
2026-07-09 06:23:49,223 [INFO]    bus_bus_stn_stts          | 신규  1745행 | 누적   6980행 | 11컬럼
2026-07-09 06:23:49,223 [INFO]    charger                   | 신규    27행 | 누적     60행 | 15컬럼
2026-07-09 06:23:49,223 [INFO]    charger_charger_stts      | 신규   337행 | 누적   4579행 | 15컬럼
2026-07-09 06:23:49,223 [INFO]    cmrcl                     | 신규    82행 | 누적    328행 | 20컬럼
2026-07-09 06:23:49,223 [INFO]    events                    | 신규     6행 | 누적     27행 | 14컬럼
2026-07-09 06:23:49,223 [INFO]    events_event_stts         | 신규   128행 | 누적    512행 | 14컬럼
2026-07-09 06:23:49,223 [INFO]    parking                   | 신규     6행 | 누적     24행 | 21컬럼
2026-07-09 06:23:49,223 [INFO]    parking_prk_stts          | 신규  1833행 | 누적   7332행 | 21컬럼
2026-07-09 06:23:49,223 [INFO]    ppltn                     | 신규   121행 | 누적    484행 | 26컬럼
2026-07-09 06:23:49,223 [INFO]    road                      | 신규   121행 | 누적    484행 | 21컬럼
2026-07-09 06:23:49,223 [INFO]    road_road_traffic_stts    | 신규  5265행 | 누적  21060행 | 17컬럼
2026-07-09 06:23:49,223 [INFO]    subway                    | 신규    38행 | 누적    152행 | 13컬럼
2026-07-09 06:23:49,223 [INFO]    subway_sub_stts           | 신규   183행 | 누적    732행 | 13컬럼
2026-07-09 06:23:49,223 [INFO]    weather                   | 신규   119행 | 누적    476행 | 29컬럼
2026-07-09 06:23:49,223 [INFO] 키별 사용량:
2026-07-09 06:23:49,224 [INFO]    🟢 KEY_1 (31/1000) 
2026-07-09 06:23:49,224 [INFO]    🟢 KEY_2 (30/1000) 
2026-07-09 06:23:49,224 [INFO]    🟢 KEY_3 (30/1000) 
2026-07-09 06:23:49,224 [INFO]    🟢 KEY_4 (30/1000) 
2026-07-09 08:20:30,887 [INFO] 등록된 키: 4개, 합산 한도 4,000건/일
2026-07-09 08:20:30,887 [INFO] POI 로드: 매뉴얼 v8.5 기준 fallback 121개 (121개 전체)
2026-07-09 08:20:30,887 [INFO] === 수집 시작 2026-07-09T08:20:30.887710+09:00 ===
2026-07-09 08:20:30,887 [INFO] 대상 장소: 121개 | API: citydata (통합)
2026-07-09 08:20:30,887 [INFO] 키 풀: 4/4 활성 | 오늘 사용 0/4000건
2026-07-09 08:20:30,887 [INFO]   [KEY_1] 담당 31장소
2026-07-09 08:20:30,888 [INFO]   [KEY_2] 담당 30장소
2026-07-09 08:20:30,888 [INFO]   [KEY_3] 담당 30장소
2026-07-09 08:20:30,888 [INFO]   [KEY_4] 담당 30장소
2026-07-09 08:20:30,888 [INFO] [1/121] 경복궁 (primary=KEY_1)
2026-07-09 08:20:33,824 [INFO] [2/121] 광화문·덕수궁 (primary=KEY_2)
2026-07-09 08:20:35,980 [INFO] [3/121] 보신각 (primary=KEY_3)
2026-07-09 08:20:38,087 [INFO] [4/121] 서울 암사동 유적 (primary=KEY_4)
2026-07-09 08:20:40,158 [INFO] [5/121] 창덕궁·종묘 (primary=KEY_1)
2026-07-09 08:20:42,048 [INFO] [6/121] 강남 MICE 관광특구 (primary=KEY_2)
2026-07-09 08:20:43,774 [INFO] [7/121] 동대문 관광특구 (primary=KEY_3)
2026-07-09 08:20:46,115 [INFO] [8/121] 명동 관광특구 (primary=KEY_4)
2026-07-09 08:20:47,913 [INFO] [9/121] 이태원 관광특구 (primary=KEY_1)
2026-07-09 08:20:49,257 [INFO] [10/121] 잠실 관광특구 (primary=KEY_2)
2026-07-09 08:20:51,593 [INFO] [11/121] 종로·청계 관광특구 (primary=KEY_3)
2026-07-09 08:20:53,196 [INFO] [12/121] 홍대 관광특구 (primary=KEY_4)
2026-07-09 08:20:54,898 [INFO] [13/121] 강서한강공원 (primary=KEY_1)
2026-07-09 08:20:56,604 [INFO] [14/121] 고척돔 (primary=KEY_2)
2026-07-09 08:20:57,931 [INFO] [15/121] 광나루한강공원 (primary=KEY_3)
2026-07-09 08:20:59,812 [INFO] [16/121] 광화문광장 (primary=KEY_4)
2026-07-09 08:21:01,917 [INFO] [17/121] 국립중앙박물관·용산가족공원 (primary=KEY_1)
2026-07-09 08:21:03,718 [INFO] [18/121] 난지한강공원 (primary=KEY_2)
2026-07-09 08:21:04,842 [INFO] [19/121] 남산공원 (primary=KEY_3)
2026-07-09 08:21:06,384 [INFO] [20/121] 노들섬 (primary=KEY_4)
2026-07-09 08:21:07,521 [INFO] [21/121] 뚝섬한강공원 (primary=KEY_1)
2026-07-09 08:21:08,650 [INFO] [22/121] 망원한강공원 (primary=KEY_2)
2026-07-09 08:21:11,112 [INFO] [23/121] 반포한강공원 (primary=KEY_3)
2026-07-09 08:21:12,990 [INFO] [24/121] 보라매공원 (primary=KEY_4)
2026-07-09 08:21:14,132 [INFO] [25/121] 북서울꿈의숲 (primary=KEY_1)
2026-07-09 08:21:16,020 [INFO] [26/121] 서대문독립공원 (primary=KEY_2)
2026-07-09 08:21:17,153 [INFO] [27/121] 서리풀공원·몽마르뜨공원 (primary=KEY_3)
2026-07-09 08:21:19,095 [INFO] [28/121] 서울대공원 (primary=KEY_4)
2026-07-09 08:21:20,981 [INFO] [29/121] 서울숲공원 (primary=KEY_1)
2026-07-09 08:21:22,309 [INFO] [30/121] 송현녹지광장 (primary=KEY_2)
2026-07-09 08:21:24,316 [INFO] [31/121] 아차산 (primary=KEY_3)
2026-07-09 08:21:25,429 [INFO] [32/121] 안양천 (primary=KEY_4)
2026-07-09 08:21:26,555 [INFO] [33/121] 양화한강공원 (primary=KEY_1)
2026-07-09 08:21:27,682 [INFO] [34/121] 어린이대공원 (primary=KEY_2)
2026-07-09 08:21:28,841 [INFO] [35/121] 여의도한강공원 (primary=KEY_3)
2026-07-09 08:21:30,158 [INFO] [36/121] 여의서로 (primary=KEY_4)
2026-07-09 08:21:31,289 [INFO] [37/121] 올림픽공원 (primary=KEY_1)
2026-07-09 08:21:32,679 [INFO] [38/121] 월드컵공원 (primary=KEY_2)
2026-07-09 08:21:34,219 [INFO] [39/121] 응봉산 (primary=KEY_3)
2026-07-09 08:21:36,297 [INFO] [40/121] 이촌한강공원 (primary=KEY_4)
2026-07-09 08:21:38,172 [INFO] [41/121] 잠실종합운동장 (primary=KEY_1)
2026-07-09 08:21:39,321 [INFO] [42/121] 잠실한강공원 (primary=KEY_2)
2026-07-09 08:21:40,455 [INFO] [43/121] 잠원한강공원 (primary=KEY_3)
2026-07-09 08:21:41,585 [INFO] [44/121] 청계산 (primary=KEY_4)
2026-07-09 08:21:42,706 [INFO] [45/121] 홍제폭포 (primary=KEY_1)
2026-07-09 08:21:44,595 [INFO] [46/121] 가락시장 (primary=KEY_2)
2026-07-09 08:21:45,944 [INFO] [47/121] 가로수길 (primary=KEY_3)
2026-07-09 08:21:47,300 [INFO] [48/121] 광장(전통)시장 (primary=KEY_4)
2026-07-09 08:21:49,205 [INFO] [49/121] 김포공항 (primary=KEY_1)
2026-07-09 08:21:51,355 [INFO] [50/121] 남대문시장 (primary=KEY_2)
2026-07-09 08:21:52,504 [INFO] [51/121] 노량진 (primary=KEY_3)
2026-07-09 08:21:53,860 [INFO] [52/121] 덕수궁길·정동길 (primary=KEY_4)
2026-07-09 08:21:55,230 [INFO] [53/121] 북창동 먹자골목 (primary=KEY_1)
2026-07-09 08:21:56,363 [INFO] [54/121] 북촌한옥마을 (primary=KEY_2)
2026-07-09 08:21:57,720 [INFO] [55/121] 서촌 (primary=KEY_3)
2026-07-09 08:21:59,053 [INFO] [56/121] 성수카페거리 (primary=KEY_4)
2026-07-09 08:22:00,407 [INFO] [57/121] 송리단길·호수단길 (primary=KEY_1)
2026-07-09 08:22:01,761 [INFO] [58/121] 신촌 스타광장 (primary=KEY_2)
2026-07-09 08:22:03,662 [INFO] [59/121] 압구정로데오거리 (primary=KEY_3)
2026-07-09 08:22:05,006 [INFO] [60/121] 여의도 (primary=KEY_4)
2026-07-09 08:22:06,958 [INFO] [61/121] 연남동 (primary=KEY_1)
2026-07-09 08:22:08,269 [INFO] [62/121] 영등포 타임스퀘어 (primary=KEY_2)
2026-07-09 08:22:10,354 [INFO] [63/121] 용리단길 (primary=KEY_3)
2026-07-09 08:22:11,526 [INFO] [64/121] 이태원 앤틱가구거리 (primary=KEY_4)
2026-07-09 08:22:12,672 [INFO] [65/121] 익선동 (primary=KEY_1)
2026-07-09 08:22:14,021 [INFO] [66/121] 인사동 (primary=KEY_2)
2026-07-09 08:22:15,379 [INFO] [67/121] 잠실롯데타워·석촌호수 (primary=KEY_3)
2026-07-09 08:22:16,743 [INFO] [68/121] 창동 신경제 중심지 (primary=KEY_4)
2026-07-09 08:22:18,279 [INFO] [69/121] 청담동 명품거리 (primary=KEY_1)
2026-07-09 08:22:19,613 [INFO] [70/121] 청량리 제기동 일대 전통시장 (primary=KEY_2)
2026-07-09 08:22:20,947 [INFO] [71/121] 해방촌·경리단길 (primary=KEY_3)
2026-07-09 08:22:22,077 [INFO] [72/121] DDP(동대문디자인플라자) (primary=KEY_4)
2026-07-09 08:22:23,419 [INFO] [73/121] DMC(디지털미디어시티) (primary=KEY_1)
2026-07-09 08:22:24,985 [INFO] [74/121] 가산디지털단지역 (primary=KEY_2)
2026-07-09 08:22:26,506 [INFO] [75/121] 강남역 (primary=KEY_3)
2026-07-09 08:22:28,110 [INFO] [76/121] 건대입구역 (primary=KEY_4)
2026-07-09 08:22:29,461 [INFO] [77/121] 고덕역 (primary=KEY_1)
2026-07-09 08:22:30,832 [INFO] [78/121] 고속터미널역 (primary=KEY_2)
2026-07-09 08:22:31,999 [INFO] [79/121] 교대역 (primary=KEY_3)
2026-07-09 08:22:33,167 [INFO] [80/121] 구로디지털단지역 (primary=KEY_4)
2026-07-09 08:22:34,507 [INFO] [81/121] 구로역 (primary=KEY_1)
2026-07-09 08:22:35,643 [INFO] [82/121] 군자역 (primary=KEY_2)
2026-07-09 08:22:36,981 [INFO] [83/121] 대림역 (primary=KEY_3)
2026-07-09 08:22:38,342 [INFO] [84/121] 동대문역 (primary=KEY_4)
2026-07-09 08:22:40,436 [INFO] [85/121] 뚝섬역 (primary=KEY_1)
2026-07-09 08:22:41,762 [INFO] [86/121] 미아사거리역 (primary=KEY_2)
2026-07-09 08:22:43,097 [INFO] [87/121] 발산역 (primary=KEY_3)
2026-07-09 08:22:44,625 [INFO] [88/121] 사당역 (primary=KEY_4)
2026-07-09 08:22:46,910 [INFO] [89/121] 삼각지역 (primary=KEY_1)
2026-07-09 08:22:48,073 [INFO] [90/121] 서울대입구역 (primary=KEY_2)
2026-07-09 08:22:49,244 [INFO] [91/121] 서울식물원·마곡나루역 (primary=KEY_3)
2026-07-09 08:22:50,610 [INFO] [92/121] 서울역 (primary=KEY_4)
2026-07-09 08:22:52,014 [INFO] [93/121] 선릉역 (primary=KEY_1)
2026-07-09 08:22:53,594 [INFO] [94/121] 성신여대입구역 (primary=KEY_2)
2026-07-09 08:22:54,755 [INFO] [95/121] 수유역 (primary=KEY_3)
2026-07-09 08:22:56,087 [INFO] [96/121] 숭례문 (primary=KEY_4)
2026-07-09 08:22:57,459 [INFO] [97/121] 시의회 앞 (primary=KEY_1)
2026-07-09 08:22:58,827 [INFO] [98/121] 신논현역·논현역 (primary=KEY_2)
2026-07-09 08:23:00,239 [INFO] [99/121] 신도림역 (primary=KEY_3)
2026-07-09 08:23:01,386 [INFO] [100/121] 신림역 (primary=KEY_4)
2026-07-09 08:23:02,543 [INFO] [101/121] 신정네거리역 (primary=KEY_1)
2026-07-09 08:23:03,680 [INFO] [102/121] 신촌·이대역 (primary=KEY_2)
2026-07-09 08:23:05,036 [INFO] [103/121] 쌍문역 (primary=KEY_3)
2026-07-09 08:23:06,179 [INFO] [104/121] 양재역 (primary=KEY_4)
2026-07-09 08:23:07,513 [INFO] [105/121] 역삼역 (primary=KEY_1)
2026-07-09 08:23:08,866 [INFO] [106/121] 연신내역 (primary=KEY_2)
2026-07-09 08:23:10,022 [INFO] [107/121] 오목교역·목동운동장 (primary=KEY_3)
2026-07-09 08:23:12,130 [INFO] [108/121] 왕십리역 (primary=KEY_4)
2026-07-09 08:23:13,501 [INFO] [109/121] 용산역 (primary=KEY_1)
2026-07-09 08:23:14,841 [INFO] [110/121] 이태원역 (primary=KEY_2)
2026-07-09 08:23:15,988 [INFO] [111/121] 잠실새내역 (primary=KEY_3)
2026-07-09 08:23:17,320 [INFO] [112/121] 잠실역 (primary=KEY_4)
2026-07-09 08:23:18,689 [INFO] [113/121] 장지역 (primary=KEY_1)
2026-07-09 08:23:20,012 [INFO] [114/121] 장한평역 (primary=KEY_2)
2026-07-09 08:23:21,374 [INFO] [115/121] 천호역 (primary=KEY_3)
2026-07-09 08:23:22,731 [INFO] [116/121] 총신대입구(이수)역 (primary=KEY_4)
2026-07-09 08:23:24,069 [INFO] [117/121] 충정로역 (primary=KEY_1)
2026-07-09 08:23:25,414 [INFO] [118/121] 합정역 (primary=KEY_2)
2026-07-09 08:23:26,796 [INFO] [119/121] 혜화역 (primary=KEY_3)
2026-07-09 08:23:28,127 [INFO] [120/121] 홍대입구역(2호선) (primary=KEY_4)
2026-07-09 08:23:29,500 [INFO] [121/121] 회기역 (primary=KEY_1)
2026-07-09 08:23:31,928 [INFO] === 수집 완료 | 성공 121, 실패 0 ===
2026-07-09 08:23:31,928 [INFO] 카테고리별 저장 결과:
2026-07-09 08:23:31,928 [INFO]    accident                  | 신규     3행 | 누적     15행 | 16컬럼
2026-07-09 08:23:31,928 [INFO]    accident_acdnt_cntrl_stts | 신규     2행 | 누적      2행 | 16컬럼
2026-07-09 08:23:31,928 [INFO]    area_meta                 | 신규   121행 | 누적    605행 | 5컬럼
2026-07-09 08:23:31,928 [INFO]    bike                      | 신규    12행 | 누적     60행 | 12컬럼
2026-07-09 08:23:31,928 [INFO]    bike_sbike_stts           | 신규   554행 | 누적   2770행 | 12컬럼
2026-07-09 08:23:31,928 [INFO]    bus                       | 신규     3행 | 누적     15행 | 11컬럼
2026-07-09 08:23:31,928 [INFO]    bus_bus_stn_stts          | 신규  1745행 | 누적   8725행 | 11컬럼
2026-07-09 08:23:31,928 [INFO]    charger                   | 신규    27행 | 누적     87행 | 15컬럼
2026-07-09 08:23:31,928 [INFO]    charger_charger_stts      | 신규   337행 | 누적   4915행 | 15컬럼
2026-07-09 08:23:31,928 [INFO]    cmrcl                     | 신규    82행 | 누적    410행 | 20컬럼
2026-07-09 08:23:31,928 [INFO]    events                    | 신규     6행 | 누적     33행 | 14컬럼
2026-07-09 08:23:31,928 [INFO]    events_event_stts         | 신규   128행 | 누적    640행 | 14컬럼
2026-07-09 08:23:31,928 [INFO]    parking                   | 신규     6행 | 누적     30행 | 21컬럼
2026-07-09 08:23:31,928 [INFO]    parking_prk_stts          | 신규  1833행 | 누적   9165행 | 21컬럼
2026-07-09 08:23:31,929 [INFO]    ppltn                     | 신규   121행 | 누적    605행 | 26컬럼
2026-07-09 08:23:31,929 [INFO]    road                      | 신규   121행 | 누적    605행 | 21컬럼
2026-07-09 08:23:31,929 [INFO]    road_road_traffic_stts    | 신규  5265행 | 누적  26325행 | 17컬럼
2026-07-09 08:23:31,929 [INFO]    subway                    | 신규    38행 | 누적    190행 | 13컬럼
2026-07-09 08:23:31,929 [INFO]    subway_sub_stts           | 신규   183행 | 누적    915행 | 13컬럼
2026-07-09 08:23:31,929 [INFO]    weather                   | 신규   119행 | 누적    595행 | 29컬럼
2026-07-09 08:23:31,929 [INFO] 키별 사용량:
2026-07-09 08:23:31,929 [INFO]    🟢 KEY_1 (31/1000) 
2026-07-09 08:23:31,929 [INFO]    🟢 KEY_2 (30/1000) 
2026-07-09 08:23:31,929 [INFO]    🟢 KEY_3 (30/1000) 
2026-07-09 08:23:31,929 [INFO]    🟢 KEY_4 (30/1000) 
