2026-08-13 00:09:34,871 [INFO] 등록된 키: 4개, 합산 한도 4,000건/일
2026-08-13 00:09:34,872 [INFO] POI 로드: 매뉴얼 v8.5 기준 fallback 121개 (121개 전체)
2026-08-13 00:09:34,872 [INFO] === 수집 시작 2026-08-13T00:09:34.872252+09:00 ===
2026-08-13 00:09:34,872 [INFO] 대상 장소: 121개 | API: citydata (통합)
2026-08-13 00:09:34,872 [INFO] 키 풀: 4/4 활성 | 오늘 사용 0/4000건
2026-08-13 00:09:34,872 [INFO]   [KEY_1] 담당 31장소
2026-08-13 00:09:34,872 [INFO]   [KEY_2] 담당 30장소
2026-08-13 00:09:34,872 [INFO]   [KEY_3] 담당 30장소
2026-08-13 00:09:34,872 [INFO]   [KEY_4] 담당 30장소
2026-08-13 00:09:34,872 [INFO] [1/121] 경복궁 (primary=KEY_1)
2026-08-13 00:09:36,697 [INFO] [2/121] 광화문·덕수궁 (primary=KEY_2)
2026-08-13 00:09:38,287 [INFO] [3/121] 보신각 (primary=KEY_3)
2026-08-13 00:09:39,572 [INFO] [4/121] 서울 암사동 유적 (primary=KEY_4)
2026-08-13 00:09:41,354 [INFO] [5/121] 창덕궁·종묘 (primary=KEY_1)
2026-08-13 00:09:42,605 [INFO] [6/121] 강남 MICE 관광특구 (primary=KEY_2)
2026-08-13 00:09:43,745 [INFO] [7/121] 동대문 관광특구 (primary=KEY_3)
2026-08-13 00:09:45,893 [INFO] [8/121] 명동 관광특구 (primary=KEY_4)
2026-08-13 00:09:47,521 [INFO] [9/121] 이태원 관광특구 (primary=KEY_1)
2026-08-13 00:09:48,797 [INFO] [10/121] 잠실 관광특구 (primary=KEY_2)
2026-08-13 00:09:50,280 [INFO] [11/121] 종로·청계 관광특구 (primary=KEY_3)
2026-08-13 00:09:51,630 [INFO] [12/121] 홍대 관광특구 (primary=KEY_4)
2026-08-13 00:09:52,950 [INFO] [13/121] 강서한강공원 (primary=KEY_1)
2026-08-13 00:09:54,478 [INFO] [14/121] 고척돔 (primary=KEY_2)
2026-08-13 00:09:56,268 [INFO] [15/121] 광나루한강공원 (primary=KEY_3)
2026-08-13 00:09:57,499 [INFO] [16/121] 광화문광장 (primary=KEY_4)
2026-08-13 00:09:59,300 [INFO] [17/121] 국립중앙박물관·용산가족공원 (primary=KEY_1)
2026-08-13 00:10:00,281 [INFO] [18/121] 난지한강공원 (primary=KEY_2)
2026-08-13 00:10:01,252 [INFO] [19/121] 남산공원 (primary=KEY_3)
2026-08-13 00:10:02,652 [INFO] [20/121] 노들섬 (primary=KEY_4)
2026-08-13 00:10:03,637 [INFO] [21/121] 뚝섬한강공원 (primary=KEY_1)
2026-08-13 00:10:04,637 [INFO] [22/121] 망원한강공원 (primary=KEY_2)
2026-08-13 00:10:05,772 [INFO] [23/121] 반포한강공원 (primary=KEY_3)
2026-08-13 00:10:06,737 [INFO] [24/121] 보라매공원 (primary=KEY_4)
2026-08-13 00:10:07,719 [INFO] [25/121] 북서울꿈의숲 (primary=KEY_1)
2026-08-13 00:10:08,868 [INFO] [26/121] 서대문독립공원 (primary=KEY_2)
2026-08-13 00:10:10,119 [INFO] [27/121] 서리풀공원·몽마르뜨공원 (primary=KEY_3)
2026-08-13 00:10:11,261 [INFO] [28/121] 서울대공원 (primary=KEY_4)
2026-08-13 00:10:12,351 [INFO] [29/121] 서울숲공원 (primary=KEY_1)
2026-08-13 00:10:13,604 [INFO] [30/121] 송현녹지광장 (primary=KEY_2)
2026-08-13 00:10:15,530 [INFO] [31/121] 아차산 (primary=KEY_3)
2026-08-13 00:10:17,177 [INFO] [32/121] 안양천 (primary=KEY_4)
2026-08-13 00:10:18,957 [INFO] [33/121] 양화한강공원 (primary=KEY_1)
2026-08-13 00:10:20,462 [INFO] [34/121] 어린이대공원 (primary=KEY_2)
2026-08-13 00:10:22,122 [INFO] [35/121] 여의도한강공원 (primary=KEY_3)
2026-08-13 00:10:23,234 [INFO] [36/121] 여의서로 (primary=KEY_4)
2026-08-13 00:10:24,876 [INFO] [37/121] 올림픽공원 (primary=KEY_1)
2026-08-13 00:10:26,287 [INFO] [38/121] 월드컵공원 (primary=KEY_2)
2026-08-13 00:10:27,696 [INFO] [39/121] 응봉산 (primary=KEY_3)
2026-08-13 00:10:28,961 [INFO] [40/121] 이촌한강공원 (primary=KEY_4)
2026-08-13 00:10:30,494 [INFO] [41/121] 잠실종합운동장 (primary=KEY_1)
2026-08-13 00:10:31,474 [INFO] [42/121] 잠실한강공원 (primary=KEY_2)
2026-08-13 00:10:32,456 [INFO] [43/121] 잠원한강공원 (primary=KEY_3)
2026-08-13 00:10:33,418 [INFO] [44/121] 청계산 (primary=KEY_4)
2026-08-13 00:10:34,376 [INFO] [45/121] 홍제폭포 (primary=KEY_1)
2026-08-13 00:10:35,340 [INFO] [46/121] 가락시장 (primary=KEY_2)
2026-08-13 00:10:36,482 [INFO] [47/121] 가로수길 (primary=KEY_3)
2026-08-13 00:10:37,628 [INFO] [48/121] 광장(전통)시장 (primary=KEY_4)
2026-08-13 00:10:38,617 [INFO] [49/121] 김포공항 (primary=KEY_1)
2026-08-13 00:10:40,599 [INFO] [50/121] 남대문시장 (primary=KEY_2)
2026-08-13 00:10:41,716 [INFO] [51/121] 노량진 (primary=KEY_3)
2026-08-13 00:10:42,845 [INFO] [52/121] 덕수궁길·정동길 (primary=KEY_4)
2026-08-13 00:10:44,019 [INFO] [53/121] 북창동 먹자골목 (primary=KEY_1)
2026-08-13 00:10:45,137 [INFO] [54/121] 북촌한옥마을 (primary=KEY_2)
2026-08-13 00:10:46,398 [INFO] [55/121] 서촌 (primary=KEY_3)
2026-08-13 00:10:47,513 [INFO] [56/121] 성수카페거리 (primary=KEY_4)
2026-08-13 00:10:48,803 [INFO] [57/121] 송리단길·호수단길 (primary=KEY_1)
2026-08-13 00:10:49,977 [INFO] [58/121] 신촌 스타광장 (primary=KEY_2)
2026-08-13 00:10:50,976 [INFO] [59/121] 압구정로데오거리 (primary=KEY_3)
2026-08-13 00:10:52,111 [INFO] [60/121] 여의도 (primary=KEY_4)
2026-08-13 00:10:53,933 [INFO] [61/121] 연남동 (primary=KEY_1)
2026-08-13 00:10:55,047 [INFO] [62/121] 영등포 타임스퀘어 (primary=KEY_2)
2026-08-13 00:10:56,159 [INFO] [63/121] 용리단길 (primary=KEY_3)
2026-08-13 00:10:57,160 [INFO] [64/121] 이태원 앤틱가구거리 (primary=KEY_4)
2026-08-13 00:10:58,282 [INFO] [65/121] 익선동 (primary=KEY_1)
2026-08-13 00:10:59,446 [INFO] [66/121] 인사동 (primary=KEY_2)
2026-08-13 00:11:00,711 [INFO] [67/121] 잠실롯데타워·석촌호수 (primary=KEY_3)
2026-08-13 00:11:02,151 [INFO] [68/121] 창동 신경제 중심지 (primary=KEY_4)
2026-08-13 00:11:03,565 [INFO] [69/121] 청담동 명품거리 (primary=KEY_1)
2026-08-13 00:11:04,682 [INFO] [70/121] 청량리 제기동 일대 전통시장 (primary=KEY_2)
2026-08-13 00:11:05,807 [INFO] [71/121] 해방촌·경리단길 (primary=KEY_3)
2026-08-13 00:11:06,835 [INFO] [72/121] DDP(동대문디자인플라자) (primary=KEY_4)
2026-08-13 00:11:07,981 [INFO] [73/121] DMC(디지털미디어시티) (primary=KEY_1)
2026-08-13 00:11:09,424 [INFO] [74/121] 가산디지털단지역 (primary=KEY_2)
2026-08-13 00:11:10,974 [INFO] [75/121] 강남역 (primary=KEY_3)
2026-08-13 00:11:12,286 [INFO] [76/121] 건대입구역 (primary=KEY_4)
2026-08-13 00:11:13,446 [INFO] [77/121] 고덕역 (primary=KEY_1)
2026-08-13 00:11:14,561 [INFO] [78/121] 고속터미널역 (primary=KEY_2)
2026-08-13 00:11:15,701 [INFO] [79/121] 교대역 (primary=KEY_3)
2026-08-13 00:11:16,829 [INFO] [80/121] 구로디지털단지역 (primary=KEY_4)
2026-08-13 00:11:18,232 [INFO] [81/121] 구로역 (primary=KEY_1)
2026-08-13 00:11:19,335 [INFO] [82/121] 군자역 (primary=KEY_2)
2026-08-13 00:11:20,465 [INFO] [83/121] 대림역 (primary=KEY_3)
2026-08-13 00:11:21,604 [INFO] [84/121] 동대문역 (primary=KEY_4)
2026-08-13 00:11:22,742 [INFO] [85/121] 뚝섬역 (primary=KEY_1)
2026-08-13 00:11:23,876 [INFO] [86/121] 미아사거리역 (primary=KEY_2)
2026-08-13 00:11:25,001 [INFO] [87/121] 발산역 (primary=KEY_3)
2026-08-13 00:11:26,398 [INFO] [88/121] 사당역 (primary=KEY_4)
2026-08-13 00:11:27,543 [INFO] [89/121] 삼각지역 (primary=KEY_1)
2026-08-13 00:11:29,203 [INFO] [90/121] 서울대입구역 (primary=KEY_2)
2026-08-13 00:11:30,336 [INFO] [91/121] 서울식물원·마곡나루역 (primary=KEY_3)
2026-08-13 00:11:31,624 [INFO] [92/121] 서울역 (primary=KEY_4)
2026-08-13 00:11:32,945 [INFO] [93/121] 선릉역 (primary=KEY_1)
2026-08-13 00:11:34,368 [INFO] [94/121] 성신여대입구역 (primary=KEY_2)
2026-08-13 00:11:35,383 [INFO] [95/121] 수유역 (primary=KEY_3)
2026-08-13 00:11:36,508 [INFO] [96/121] 숭례문 (primary=KEY_4)
2026-08-13 00:11:38,592 [INFO] [97/121] 시의회 앞 (primary=KEY_1)
2026-08-13 00:11:39,735 [INFO] [98/121] 신논현역·논현역 (primary=KEY_2)
2026-08-13 00:11:40,916 [INFO] [99/121] 신도림역 (primary=KEY_3)
2026-08-13 00:11:41,951 [INFO] [100/121] 신림역 (primary=KEY_4)
2026-08-13 00:11:43,088 [INFO] [101/121] 신정네거리역 (primary=KEY_1)
2026-08-13 00:11:44,204 [INFO] [102/121] 신촌·이대역 (primary=KEY_2)
2026-08-13 00:11:45,348 [INFO] [103/121] 쌍문역 (primary=KEY_3)
2026-08-13 00:11:46,483 [INFO] [104/121] 양재역 (primary=KEY_4)
2026-08-13 00:11:47,627 [INFO] [105/121] 역삼역 (primary=KEY_1)
2026-08-13 00:11:48,899 [INFO] [106/121] 연신내역 (primary=KEY_2)
2026-08-13 00:11:49,917 [INFO] [107/121] 오목교역·목동운동장 (primary=KEY_3)
2026-08-13 00:11:51,481 [INFO] [108/121] 왕십리역 (primary=KEY_4)
2026-08-13 00:11:52,768 [INFO] [109/121] 용산역 (primary=KEY_1)
2026-08-13 00:11:54,048 [INFO] [110/121] 이태원역 (primary=KEY_2)
2026-08-13 00:11:55,047 [INFO] [111/121] 잠실새내역 (primary=KEY_3)
2026-08-13 00:11:56,248 [INFO] [112/121] 잠실역 (primary=KEY_4)
2026-08-13 00:11:57,543 [INFO] [113/121] 장지역 (primary=KEY_1)
2026-08-13 00:11:58,833 [INFO] [114/121] 장한평역 (primary=KEY_2)
2026-08-13 00:11:59,981 [INFO] [115/121] 천호역 (primary=KEY_3)
2026-08-13 00:12:01,149 [INFO] [116/121] 총신대입구(이수)역 (primary=KEY_4)
2026-08-13 00:12:02,303 [INFO] [117/121] 충정로역 (primary=KEY_1)
2026-08-13 00:12:03,443 [INFO] [118/121] 합정역 (primary=KEY_2)
2026-08-13 00:12:04,586 [INFO] [119/121] 혜화역 (primary=KEY_3)
2026-08-13 00:12:05,709 [INFO] [120/121] 홍대입구역(2호선) (primary=KEY_4)
2026-08-13 00:12:06,847 [INFO] [121/121] 회기역 (primary=KEY_1)
2026-08-13 00:12:08,483 [INFO] === 수집 완료 | 성공 121, 실패 0 ===
2026-08-13 00:12:08,483 [INFO] 카테고리별 저장 결과:
2026-08-13 00:12:08,483 [INFO]    accident                  | 신규     3행 | 누적      3행 | 16컬럼
2026-08-13 00:12:08,483 [INFO]    area_meta                 | 신규   121행 | 누적    121행 | 5컬럼
2026-08-13 00:12:08,483 [INFO]    bike                      | 신규    11행 | 누적     11행 | 12컬럼
2026-08-13 00:12:08,483 [INFO]    bike_sbike_stts           | 신규   566행 | 누적    566행 | 12컬럼
2026-08-13 00:12:08,483 [INFO]    bus                       | 신규     3행 | 누적      3행 | 11컬럼
2026-08-13 00:12:08,484 [INFO]    bus_bus_stn_stts          | 신규  1745행 | 누적   1745행 | 11컬럼
2026-08-13 00:12:08,484 [INFO]    charger                   | 신규     4행 | 누적      4행 | 15컬럼
2026-08-13 00:12:08,484 [INFO]    charger_charger_stts      | 신규  1932행 | 누적   1932행 | 15컬럼
2026-08-13 00:12:08,484 [INFO]    cmrcl                     | 신규    82행 | 누적     82행 | 20컬럼
2026-08-13 00:12:08,484 [INFO]    events                    | 신규    14행 | 누적     14행 | 14컬럼
2026-08-13 00:12:08,484 [INFO]    events_event_stts         | 신규   140행 | 누적    140행 | 14컬럼
2026-08-13 00:12:08,484 [INFO]    parking                   | 신규     6행 | 누적      6행 | 21컬럼
2026-08-13 00:12:08,484 [INFO]    parking_prk_stts          | 신규  1834행 | 누적   1834행 | 21컬럼
2026-08-13 00:12:08,484 [INFO]    ppltn                     | 신규   121행 | 누적    121행 | 26컬럼
2026-08-13 00:12:08,484 [INFO]    road                      | 신규   121행 | 누적    121행 | 21컬럼
2026-08-13 00:12:08,484 [INFO]    road_road_traffic_stts    | 신규  5287행 | 누적   5287행 | 17컬럼
2026-08-13 00:12:08,484 [INFO]    subway                    | 신규    38행 | 누적     38행 | 12컬럼
2026-08-13 00:12:08,484 [INFO]    subway_sub_stts           | 신규   183행 | 누적    183행 | 13컬럼
2026-08-13 00:12:08,484 [INFO]    weather                   | 신규   119행 | 누적    119행 | 30컬럼
2026-08-13 00:12:08,484 [INFO] 키별 사용량:
2026-08-13 00:12:08,484 [INFO]    🟢 KEY_1 (31/1000) 
2026-08-13 00:12:08,484 [INFO]    🟢 KEY_2 (30/1000) 
2026-08-13 00:12:08,484 [INFO]    🟢 KEY_3 (30/1000) 
2026-08-13 00:12:08,484 [INFO]    🟢 KEY_4 (30/1000) 
2026-08-13 02:08:42,174 [INFO] 등록된 키: 4개, 합산 한도 4,000건/일
2026-08-13 02:08:42,175 [INFO] POI 로드: 매뉴얼 v8.5 기준 fallback 121개 (121개 전체)
2026-08-13 02:08:42,175 [INFO] === 수집 시작 2026-08-13T02:08:42.175062+09:00 ===
2026-08-13 02:08:42,175 [INFO] 대상 장소: 121개 | API: citydata (통합)
2026-08-13 02:08:42,175 [INFO] 키 풀: 4/4 활성 | 오늘 사용 0/4000건
2026-08-13 02:08:42,175 [INFO]   [KEY_1] 담당 31장소
2026-08-13 02:08:42,175 [INFO]   [KEY_2] 담당 30장소
2026-08-13 02:08:42,175 [INFO]   [KEY_3] 담당 30장소
2026-08-13 02:08:42,175 [INFO]   [KEY_4] 담당 30장소
2026-08-13 02:08:42,175 [INFO] [1/121] 경복궁 (primary=KEY_1)
2026-08-13 02:08:43,837 [INFO] [2/121] 광화문·덕수궁 (primary=KEY_2)
2026-08-13 02:08:45,989 [INFO] [3/121] 보신각 (primary=KEY_3)
2026-08-13 02:08:47,885 [INFO] [4/121] 서울 암사동 유적 (primary=KEY_4)
2026-08-13 02:08:48,952 [INFO] [5/121] 창덕궁·종묘 (primary=KEY_1)
2026-08-13 02:08:50,755 [INFO] [6/121] 강남 MICE 관광특구 (primary=KEY_2)
2026-08-13 02:08:52,027 [INFO] [7/121] 동대문 관광특구 (primary=KEY_3)
2026-08-13 02:08:54,058 [INFO] [8/121] 명동 관광특구 (primary=KEY_4)
2026-08-13 02:08:55,677 [INFO] [9/121] 이태원 관광특구 (primary=KEY_1)
2026-08-13 02:08:57,509 [INFO] [10/121] 잠실 관광특구 (primary=KEY_2)
2026-08-13 02:08:59,114 [INFO] [11/121] 종로·청계 관광특구 (primary=KEY_3)
2026-08-13 02:09:01,149 [INFO] [12/121] 홍대 관광특구 (primary=KEY_4)
2026-08-13 02:09:02,600 [INFO] [13/121] 강서한강공원 (primary=KEY_1)
2026-08-13 02:09:04,296 [INFO] [14/121] 고척돔 (primary=KEY_2)
2026-08-13 02:09:05,370 [INFO] [15/121] 광나루한강공원 (primary=KEY_3)
2026-08-13 02:09:06,582 [INFO] [16/121] 광화문광장 (primary=KEY_4)
2026-08-13 02:09:08,393 [INFO] [17/121] 국립중앙박물관·용산가족공원 (primary=KEY_1)
2026-08-13 02:09:10,064 [INFO] [18/121] 난지한강공원 (primary=KEY_2)
2026-08-13 02:09:11,697 [INFO] [19/121] 남산공원 (primary=KEY_3)
2026-08-13 02:09:13,105 [INFO] [20/121] 노들섬 (primary=KEY_4)
2026-08-13 02:09:14,151 [INFO] [21/121] 뚝섬한강공원 (primary=KEY_1)
2026-08-13 02:09:15,212 [INFO] [22/121] 망원한강공원 (primary=KEY_2)
2026-08-13 02:09:17,026 [INFO] [23/121] 반포한강공원 (primary=KEY_3)
2026-08-13 02:09:18,089 [INFO] [24/121] 보라매공원 (primary=KEY_4)
2026-08-13 02:09:19,739 [INFO] [25/121] 북서울꿈의숲 (primary=KEY_1)
2026-08-13 02:09:21,619 [INFO] [26/121] 서대문독립공원 (primary=KEY_2)
2026-08-13 02:09:23,326 [INFO] [27/121] 서리풀공원·몽마르뜨공원 (primary=KEY_3)
2026-08-13 02:09:24,405 [INFO] [28/121] 서울대공원 (primary=KEY_4)
2026-08-13 02:09:25,450 [INFO] [29/121] 서울숲공원 (primary=KEY_1)
2026-08-13 02:09:27,273 [INFO] [30/121] 송현녹지광장 (primary=KEY_2)
2026-08-13 02:09:29,073 [INFO] [31/121] 아차산 (primary=KEY_3)
2026-08-13 02:09:30,155 [INFO] [32/121] 안양천 (primary=KEY_4)
2026-08-13 02:09:31,888 [INFO] [33/121] 양화한강공원 (primary=KEY_1)
2026-08-13 02:09:33,533 [INFO] [34/121] 어린이대공원 (primary=KEY_2)
2026-08-13 02:09:35,339 [INFO] [35/121] 여의도한강공원 (primary=KEY_3)
2026-08-13 02:09:37,210 [INFO] [36/121] 여의서로 (primary=KEY_4)
2026-08-13 02:09:39,007 [INFO] [37/121] 올림픽공원 (primary=KEY_1)
2026-08-13 02:09:40,931 [INFO] [38/121] 월드컵공원 (primary=KEY_2)
2026-08-13 02:09:42,362 [INFO] [39/121] 응봉산 (primary=KEY_3)
2026-08-13 02:09:44,239 [INFO] [40/121] 이촌한강공원 (primary=KEY_4)
2026-08-13 02:09:45,936 [INFO] [41/121] 잠실종합운동장 (primary=KEY_1)
2026-08-13 02:09:47,009 [INFO] [42/121] 잠실한강공원 (primary=KEY_2)
2026-08-13 02:09:48,080 [INFO] [43/121] 잠원한강공원 (primary=KEY_3)
2026-08-13 02:09:49,139 [INFO] [44/121] 청계산 (primary=KEY_4)
2026-08-13 02:09:50,785 [INFO] [45/121] 홍제폭포 (primary=KEY_1)
2026-08-13 02:09:51,846 [INFO] [46/121] 가락시장 (primary=KEY_2)
2026-08-13 02:09:53,096 [INFO] [47/121] 가로수길 (primary=KEY_3)
2026-08-13 02:09:54,993 [INFO] [48/121] 광장(전통)시장 (primary=KEY_4)
2026-08-13 02:09:56,071 [INFO] [49/121] 김포공항 (primary=KEY_1)
2026-08-13 02:09:57,510 [INFO] [50/121] 남대문시장 (primary=KEY_2)
2026-08-13 02:09:58,758 [INFO] [51/121] 노량진 (primary=KEY_3)
2026-08-13 02:10:00,650 [INFO] [52/121] 덕수궁길·정동길 (primary=KEY_4)
2026-08-13 02:10:01,890 [INFO] [53/121] 북창동 먹자골목 (primary=KEY_1)
2026-08-13 02:10:04,042 [INFO] [54/121] 북촌한옥마을 (primary=KEY_2)
2026-08-13 02:10:05,465 [INFO] [55/121] 서촌 (primary=KEY_3)
2026-08-13 02:10:06,675 [INFO] [56/121] 성수카페거리 (primary=KEY_4)
2026-08-13 02:10:08,091 [INFO] [57/121] 송리단길·호수단길 (primary=KEY_1)
2026-08-13 02:10:09,348 [INFO] [58/121] 신촌 스타광장 (primary=KEY_2)
2026-08-13 02:10:10,409 [INFO] [59/121] 압구정로데오거리 (primary=KEY_3)
2026-08-13 02:10:11,634 [INFO] [60/121] 여의도 (primary=KEY_4)
2026-08-13 02:10:14,379 [INFO] [61/121] 연남동 (primary=KEY_1)
2026-08-13 02:10:15,595 [INFO] [62/121] 영등포 타임스퀘어 (primary=KEY_2)
2026-08-13 02:10:16,809 [INFO] [63/121] 용리단길 (primary=KEY_3)
2026-08-13 02:10:17,903 [INFO] [64/121] 이태원 앤틱가구거리 (primary=KEY_4)
2026-08-13 02:10:18,978 [INFO] [65/121] 익선동 (primary=KEY_1)
2026-08-13 02:10:20,874 [INFO] [66/121] 인사동 (primary=KEY_2)
2026-08-13 02:10:22,273 [INFO] [67/121] 잠실롯데타워·석촌호수 (primary=KEY_3)
2026-08-13 02:10:23,840 [INFO] [68/121] 창동 신경제 중심지 (primary=KEY_4)
2026-08-13 02:10:26,059 [INFO] [69/121] 청담동 명품거리 (primary=KEY_1)
2026-08-13 02:10:27,295 [INFO] [70/121] 청량리 제기동 일대 전통시장 (primary=KEY_2)
2026-08-13 02:10:28,510 [INFO] [71/121] 해방촌·경리단길 (primary=KEY_3)
2026-08-13 02:10:29,603 [INFO] [72/121] DDP(동대문디자인플라자) (primary=KEY_4)
2026-08-13 02:10:30,841 [INFO] [73/121] DMC(디지털미디어시티) (primary=KEY_1)
2026-08-13 02:10:32,417 [INFO] [74/121] 가산디지털단지역 (primary=KEY_2)
2026-08-13 02:10:34,165 [INFO] [75/121] 강남역 (primary=KEY_3)
2026-08-13 02:10:35,587 [INFO] [76/121] 건대입구역 (primary=KEY_4)
2026-08-13 02:10:36,838 [INFO] [77/121] 고덕역 (primary=KEY_1)
2026-08-13 02:10:38,067 [INFO] [78/121] 고속터미널역 (primary=KEY_2)
2026-08-13 02:10:39,314 [INFO] [79/121] 교대역 (primary=KEY_3)
2026-08-13 02:10:40,425 [INFO] [80/121] 구로디지털단지역 (primary=KEY_4)
2026-08-13 02:10:41,867 [INFO] [81/121] 구로역 (primary=KEY_1)
2026-08-13 02:10:43,100 [INFO] [82/121] 군자역 (primary=KEY_2)
2026-08-13 02:10:44,844 [INFO] [83/121] 대림역 (primary=KEY_3)
2026-08-13 02:10:46,103 [INFO] [84/121] 동대문역 (primary=KEY_4)
2026-08-13 02:10:47,346 [INFO] [85/121] 뚝섬역 (primary=KEY_1)
2026-08-13 02:10:48,602 [INFO] [86/121] 미아사거리역 (primary=KEY_2)
2026-08-13 02:10:49,846 [INFO] [87/121] 발산역 (primary=KEY_3)
2026-08-13 02:10:51,268 [INFO] [88/121] 사당역 (primary=KEY_4)
2026-08-13 02:10:52,543 [INFO] [89/121] 삼각지역 (primary=KEY_1)
2026-08-13 02:10:53,617 [INFO] [90/121] 서울대입구역 (primary=KEY_2)
2026-08-13 02:10:54,850 [INFO] [91/121] 서울식물원·마곡나루역 (primary=KEY_3)
2026-08-13 02:10:56,243 [INFO] [92/121] 서울역 (primary=KEY_4)
2026-08-13 02:10:57,521 [INFO] [93/121] 선릉역 (primary=KEY_1)
2026-08-13 02:10:59,107 [INFO] [94/121] 성신여대입구역 (primary=KEY_2)
2026-08-13 02:11:00,203 [INFO] [95/121] 수유역 (primary=KEY_3)
2026-08-13 02:11:01,464 [INFO] [96/121] 숭례문 (primary=KEY_4)
2026-08-13 02:11:02,861 [INFO] [97/121] 시의회 앞 (primary=KEY_1)
2026-08-13 02:11:04,101 [INFO] [98/121] 신논현역·논현역 (primary=KEY_2)
2026-08-13 02:11:05,348 [INFO] [99/121] 신도림역 (primary=KEY_3)
2026-08-13 02:11:06,413 [INFO] [100/121] 신림역 (primary=KEY_4)
2026-08-13 02:11:07,483 [INFO] [101/121] 신정네거리역 (primary=KEY_1)
2026-08-13 02:11:08,702 [INFO] [102/121] 신촌·이대역 (primary=KEY_2)
2026-08-13 02:11:09,920 [INFO] [103/121] 쌍문역 (primary=KEY_3)
2026-08-13 02:11:11,151 [INFO] [104/121] 양재역 (primary=KEY_4)
2026-08-13 02:11:12,379 [INFO] [105/121] 역삼역 (primary=KEY_1)
2026-08-13 02:11:13,774 [INFO] [106/121] 연신내역 (primary=KEY_2)
2026-08-13 02:11:14,854 [INFO] [107/121] 오목교역·목동운동장 (primary=KEY_3)
2026-08-13 02:11:16,576 [INFO] [108/121] 왕십리역 (primary=KEY_4)
2026-08-13 02:11:17,829 [INFO] [109/121] 용산역 (primary=KEY_1)
2026-08-13 02:11:19,231 [INFO] [110/121] 이태원역 (primary=KEY_2)
2026-08-13 02:11:20,309 [INFO] [111/121] 잠실새내역 (primary=KEY_3)
2026-08-13 02:11:21,532 [INFO] [112/121] 잠실역 (primary=KEY_4)
2026-08-13 02:11:22,990 [INFO] [113/121] 장지역 (primary=KEY_1)
2026-08-13 02:11:24,390 [INFO] [114/121] 장한평역 (primary=KEY_2)
2026-08-13 02:11:25,620 [INFO] [115/121] 천호역 (primary=KEY_3)
2026-08-13 02:11:26,864 [INFO] [116/121] 총신대입구(이수)역 (primary=KEY_4)
2026-08-13 02:11:28,105 [INFO] [117/121] 충정로역 (primary=KEY_1)
2026-08-13 02:11:29,348 [INFO] [118/121] 합정역 (primary=KEY_2)
2026-08-13 02:11:30,577 [INFO] [119/121] 혜화역 (primary=KEY_3)
2026-08-13 02:11:31,816 [INFO] [120/121] 홍대입구역(2호선) (primary=KEY_4)
2026-08-13 02:11:33,044 [INFO] [121/121] 회기역 (primary=KEY_1)
2026-08-13 02:11:34,755 [INFO] === 수집 완료 | 성공 121, 실패 0 ===
2026-08-13 02:11:34,756 [INFO] 카테고리별 저장 결과:
2026-08-13 02:11:34,756 [INFO]    accident                  | 신규     3행 | 누적      6행 | 16컬럼
2026-08-13 02:11:34,756 [INFO]    area_meta                 | 신규   121행 | 누적    242행 | 5컬럼
2026-08-13 02:11:34,756 [INFO]    bike                      | 신규    11행 | 누적     22행 | 12컬럼
2026-08-13 02:11:34,756 [INFO]    bike_sbike_stts           | 신규   566행 | 누적   1132행 | 12컬럼
2026-08-13 02:11:34,756 [INFO]    bus                       | 신규     3행 | 누적      6행 | 11컬럼
2026-08-13 02:11:34,756 [INFO]    bus_bus_stn_stts          | 신규  1745행 | 누적   3490행 | 11컬럼
2026-08-13 02:11:34,756 [INFO]    charger                   | 신규     4행 | 누적      8행 | 15컬럼
2026-08-13 02:11:34,756 [INFO]    charger_charger_stts      | 신규  1932행 | 누적   3838행 | 15컬럼
2026-08-13 02:11:34,756 [INFO]    cmrcl                     | 신규    82행 | 누적    164행 | 20컬럼
2026-08-13 02:11:34,756 [INFO]    events                    | 신규    14행 | 누적     28행 | 14컬럼
2026-08-13 02:11:34,756 [INFO]    events_event_stts         | 신규   140행 | 누적    280행 | 14컬럼
2026-08-13 02:11:34,756 [INFO]    parking                   | 신규     6행 | 누적     12행 | 21컬럼
2026-08-13 02:11:34,756 [INFO]    parking_prk_stts          | 신규  1834행 | 누적   3668행 | 21컬럼
2026-08-13 02:11:34,756 [INFO]    ppltn                     | 신규   121행 | 누적    242행 | 26컬럼
2026-08-13 02:11:34,756 [INFO]    road                      | 신규   121행 | 누적    242행 | 21컬럼
2026-08-13 02:11:34,756 [INFO]    road_road_traffic_stts    | 신규  5287행 | 누적  10574행 | 17컬럼
2026-08-13 02:11:34,756 [INFO]    subway                    | 신규    38행 | 누적     76행 | 12컬럼
2026-08-13 02:11:34,756 [INFO]    subway_sub_stts           | 신규   183행 | 누적    366행 | 13컬럼
2026-08-13 02:11:34,756 [INFO]    weather                   | 신규   119행 | 누적    238행 | 30컬럼
2026-08-13 02:11:34,756 [INFO] 키별 사용량:
2026-08-13 02:11:34,756 [INFO]    🟢 KEY_1 (31/1000) 
2026-08-13 02:11:34,756 [INFO]    🟢 KEY_2 (30/1000) 
2026-08-13 02:11:34,756 [INFO]    🟢 KEY_3 (30/1000) 
2026-08-13 02:11:34,756 [INFO]    🟢 KEY_4 (30/1000) 
2026-08-13 04:16:47,185 [INFO] 등록된 키: 4개, 합산 한도 4,000건/일
2026-08-13 04:16:47,186 [INFO] POI 로드: 매뉴얼 v8.5 기준 fallback 121개 (121개 전체)
2026-08-13 04:16:47,186 [INFO] === 수집 시작 2026-08-13T04:16:47.186410+09:00 ===
2026-08-13 04:16:47,186 [INFO] 대상 장소: 121개 | API: citydata (통합)
2026-08-13 04:16:47,186 [INFO] 키 풀: 4/4 활성 | 오늘 사용 0/4000건
2026-08-13 04:16:47,186 [INFO]   [KEY_1] 담당 31장소
2026-08-13 04:16:47,186 [INFO]   [KEY_2] 담당 30장소
2026-08-13 04:16:47,186 [INFO]   [KEY_3] 담당 30장소
2026-08-13 04:16:47,186 [INFO]   [KEY_4] 담당 30장소
2026-08-13 04:16:47,187 [INFO] [1/121] 경복궁 (primary=KEY_1)
2026-08-13 04:16:48,704 [INFO] [2/121] 광화문·덕수궁 (primary=KEY_2)
2026-08-13 04:16:50,207 [INFO] [3/121] 보신각 (primary=KEY_3)
2026-08-13 04:16:51,830 [INFO] [4/121] 서울 암사동 유적 (primary=KEY_4)
2026-08-13 04:16:53,425 [INFO] [5/121] 창덕궁·종묘 (primary=KEY_1)
2026-08-13 04:16:55,264 [INFO] [6/121] 강남 MICE 관광특구 (primary=KEY_2)
2026-08-13 04:16:56,494 [INFO] [7/121] 동대문 관광특구 (primary=KEY_3)
2026-08-13 04:16:57,769 [INFO] [8/121] 명동 관광특구 (primary=KEY_4)
2026-08-13 04:16:59,221 [INFO] [9/121] 이태원 관광특구 (primary=KEY_1)
2026-08-13 04:17:00,601 [INFO] [10/121] 잠실 관광특구 (primary=KEY_2)
2026-08-13 04:17:02,526 [INFO] [11/121] 종로·청계 관광특구 (primary=KEY_3)
2026-08-13 04:17:03,917 [INFO] [12/121] 홍대 관광특구 (primary=KEY_4)
2026-08-13 04:17:05,690 [INFO] [13/121] 강서한강공원 (primary=KEY_1)
2026-08-13 04:17:06,630 [INFO] [14/121] 고척돔 (primary=KEY_2)
2026-08-13 04:17:08,338 [INFO] [15/121] 광나루한강공원 (primary=KEY_3)
2026-08-13 04:17:09,401 [INFO] [16/121] 광화문광장 (primary=KEY_4)
2026-08-13 04:17:10,509 [INFO] [17/121] 국립중앙박물관·용산가족공원 (primary=KEY_1)
2026-08-13 04:17:11,462 [INFO] [18/121] 난지한강공원 (primary=KEY_2)
2026-08-13 04:17:12,411 [INFO] [19/121] 남산공원 (primary=KEY_3)
2026-08-13 04:17:14,451 [INFO] [20/121] 노들섬 (primary=KEY_4)
2026-08-13 04:17:15,397 [INFO] [21/121] 뚝섬한강공원 (primary=KEY_1)
2026-08-13 04:17:16,872 [INFO] [22/121] 망원한강공원 (primary=KEY_2)
2026-08-13 04:17:17,983 [INFO] [23/121] 반포한강공원 (primary=KEY_3)
2026-08-13 04:17:18,930 [INFO] [24/121] 보라매공원 (primary=KEY_4)
2026-08-13 04:17:19,900 [INFO] [25/121] 북서울꿈의숲 (primary=KEY_1)
2026-08-13 04:17:21,003 [INFO] [26/121] 서대문독립공원 (primary=KEY_2)
2026-08-13 04:17:22,604 [INFO] [27/121] 서리풀공원·몽마르뜨공원 (primary=KEY_3)
2026-08-13 04:17:24,095 [INFO] [28/121] 서울대공원 (primary=KEY_4)
2026-08-13 04:17:25,044 [INFO] [29/121] 서울숲공원 (primary=KEY_1)
2026-08-13 04:17:26,669 [INFO] [30/121] 송현녹지광장 (primary=KEY_2)
2026-08-13 04:17:27,755 [INFO] [31/121] 아차산 (primary=KEY_3)
2026-08-13 04:17:28,714 [INFO] [32/121] 안양천 (primary=KEY_4)
2026-08-13 04:17:29,674 [INFO] [33/121] 양화한강공원 (primary=KEY_1)
2026-08-13 04:17:31,395 [INFO] [34/121] 어린이대공원 (primary=KEY_2)
2026-08-13 04:17:32,656 [INFO] [35/121] 여의도한강공원 (primary=KEY_3)
2026-08-13 04:17:33,737 [INFO] [36/121] 여의서로 (primary=KEY_4)
2026-08-13 04:17:34,809 [INFO] [37/121] 올림픽공원 (primary=KEY_1)
2026-08-13 04:17:35,939 [INFO] [38/121] 월드컵공원 (primary=KEY_2)
2026-08-13 04:17:37,180 [INFO] [39/121] 응봉산 (primary=KEY_3)
2026-08-13 04:17:38,263 [INFO] [40/121] 이촌한강공원 (primary=KEY_4)
2026-08-13 04:17:39,459 [INFO] [41/121] 잠실종합운동장 (primary=KEY_1)
2026-08-13 04:17:40,419 [INFO] [42/121] 잠실한강공원 (primary=KEY_2)
2026-08-13 04:17:41,376 [INFO] [43/121] 잠원한강공원 (primary=KEY_3)
2026-08-13 04:17:42,323 [INFO] [44/121] 청계산 (primary=KEY_4)
2026-08-13 04:17:43,280 [INFO] [45/121] 홍제폭포 (primary=KEY_1)
2026-08-13 04:17:44,240 [INFO] [46/121] 가락시장 (primary=KEY_2)
2026-08-13 04:17:45,364 [INFO] [47/121] 가로수길 (primary=KEY_3)
2026-08-13 04:17:46,512 [INFO] [48/121] 광장(전통)시장 (primary=KEY_4)
2026-08-13 04:17:47,478 [INFO] [49/121] 김포공항 (primary=KEY_1)
2026-08-13 04:17:48,731 [INFO] [50/121] 남대문시장 (primary=KEY_2)
2026-08-13 04:17:49,838 [INFO] [51/121] 노량진 (primary=KEY_3)
2026-08-13 04:17:50,936 [INFO] [52/121] 덕수궁길·정동길 (primary=KEY_4)
2026-08-13 04:17:52,054 [INFO] [53/121] 북창동 먹자골목 (primary=KEY_1)
2026-08-13 04:17:53,142 [INFO] [54/121] 북촌한옥마을 (primary=KEY_2)
2026-08-13 04:17:54,369 [INFO] [55/121] 서촌 (primary=KEY_3)
2026-08-13 04:17:55,463 [INFO] [56/121] 성수카페거리 (primary=KEY_4)
2026-08-13 04:17:56,725 [INFO] [57/121] 송리단길·호수단길 (primary=KEY_1)
2026-08-13 04:17:58,469 [INFO] [58/121] 신촌 스타광장 (primary=KEY_2)
2026-08-13 04:17:59,449 [INFO] [59/121] 압구정로데오거리 (primary=KEY_3)
2026-08-13 04:18:00,578 [INFO] [60/121] 여의도 (primary=KEY_4)
2026-08-13 04:18:02,297 [INFO] [61/121] 연남동 (primary=KEY_1)
2026-08-13 04:18:03,387 [INFO] [62/121] 영등포 타임스퀘어 (primary=KEY_2)
2026-08-13 04:18:04,491 [INFO] [63/121] 용리단길 (primary=KEY_3)
2026-08-13 04:18:05,514 [INFO] [64/121] 이태원 앤틱가구거리 (primary=KEY_4)
2026-08-13 04:18:06,497 [INFO] [65/121] 익선동 (primary=KEY_1)
2026-08-13 04:18:07,619 [INFO] [66/121] 인사동 (primary=KEY_2)
2026-08-13 04:18:08,867 [INFO] [67/121] 잠실롯데타워·석촌호수 (primary=KEY_3)
2026-08-13 04:18:10,265 [INFO] [68/121] 창동 신경제 중심지 (primary=KEY_4)
2026-08-13 04:18:11,638 [INFO] [69/121] 청담동 명품거리 (primary=KEY_1)
2026-08-13 04:18:12,756 [INFO] [70/121] 청량리 제기동 일대 전통시장 (primary=KEY_2)
2026-08-13 04:18:13,870 [INFO] [71/121] 해방촌·경리단길 (primary=KEY_3)
2026-08-13 04:18:14,878 [INFO] [72/121] DDP(동대문디자인플라자) (primary=KEY_4)
2026-08-13 04:18:16,005 [INFO] [73/121] DMC(디지털미디어시티) (primary=KEY_1)
2026-08-13 04:18:17,402 [INFO] [74/121] 가산디지털단지역 (primary=KEY_2)
2026-08-13 04:18:18,914 [INFO] [75/121] 강남역 (primary=KEY_3)
2026-08-13 04:18:20,184 [INFO] [76/121] 건대입구역 (primary=KEY_4)
2026-08-13 04:18:21,303 [INFO] [77/121] 고덕역 (primary=KEY_1)
2026-08-13 04:18:22,399 [INFO] [78/121] 고속터미널역 (primary=KEY_2)
2026-08-13 04:18:23,515 [INFO] [79/121] 교대역 (primary=KEY_3)
2026-08-13 04:18:24,503 [INFO] [80/121] 구로디지털단지역 (primary=KEY_4)
2026-08-13 04:18:25,876 [INFO] [81/121] 구로역 (primary=KEY_1)
2026-08-13 04:18:26,952 [INFO] [82/121] 군자역 (primary=KEY_2)
2026-08-13 04:18:27,947 [INFO] [83/121] 대림역 (primary=KEY_3)
2026-08-13 04:18:29,081 [INFO] [84/121] 동대문역 (primary=KEY_4)
2026-08-13 04:18:30,199 [INFO] [85/121] 뚝섬역 (primary=KEY_1)
2026-08-13 04:18:31,299 [INFO] [86/121] 미아사거리역 (primary=KEY_2)
2026-08-13 04:18:32,399 [INFO] [87/121] 발산역 (primary=KEY_3)
2026-08-13 04:18:33,762 [INFO] [88/121] 사당역 (primary=KEY_4)
2026-08-13 04:18:34,883 [INFO] [89/121] 삼각지역 (primary=KEY_1)
2026-08-13 04:18:35,872 [INFO] [90/121] 서울대입구역 (primary=KEY_2)
2026-08-13 04:18:36,969 [INFO] [91/121] 서울식물원·마곡나루역 (primary=KEY_3)
2026-08-13 04:18:38,198 [INFO] [92/121] 서울역 (primary=KEY_4)
2026-08-13 04:18:39,474 [INFO] [93/121] 선릉역 (primary=KEY_1)
2026-08-13 04:18:40,886 [INFO] [94/121] 성신여대입구역 (primary=KEY_2)
2026-08-13 04:18:41,878 [INFO] [95/121] 수유역 (primary=KEY_3)
2026-08-13 04:18:42,986 [INFO] [96/121] 숭례문 (primary=KEY_4)
2026-08-13 04:18:44,218 [INFO] [97/121] 시의회 앞 (primary=KEY_1)
2026-08-13 04:18:45,316 [INFO] [98/121] 신논현역·논현역 (primary=KEY_2)
2026-08-13 04:18:46,445 [INFO] [99/121] 신도림역 (primary=KEY_3)
2026-08-13 04:18:47,403 [INFO] [100/121] 신림역 (primary=KEY_4)
2026-08-13 04:18:48,386 [INFO] [101/121] 신정네거리역 (primary=KEY_1)
2026-08-13 04:18:49,493 [INFO] [102/121] 신촌·이대역 (primary=KEY_2)
2026-08-13 04:18:50,595 [INFO] [103/121] 쌍문역 (primary=KEY_3)
2026-08-13 04:18:51,684 [INFO] [104/121] 양재역 (primary=KEY_4)
2026-08-13 04:18:52,801 [INFO] [105/121] 역삼역 (primary=KEY_1)
2026-08-13 04:18:54,037 [INFO] [106/121] 연신내역 (primary=KEY_2)
2026-08-13 04:18:55,051 [INFO] [107/121] 오목교역·목동운동장 (primary=KEY_3)
2026-08-13 04:18:56,544 [INFO] [108/121] 왕십리역 (primary=KEY_4)
2026-08-13 04:18:57,672 [INFO] [109/121] 용산역 (primary=KEY_1)
2026-08-13 04:18:58,887 [INFO] [110/121] 이태원역 (primary=KEY_2)
2026-08-13 04:18:59,862 [INFO] [111/121] 잠실새내역 (primary=KEY_3)
2026-08-13 04:19:00,955 [INFO] [112/121] 잠실역 (primary=KEY_4)
2026-08-13 04:19:02,251 [INFO] [113/121] 장지역 (primary=KEY_1)
2026-08-13 04:19:03,489 [INFO] [114/121] 장한평역 (primary=KEY_2)
2026-08-13 04:19:04,599 [INFO] [115/121] 천호역 (primary=KEY_3)
2026-08-13 04:19:05,710 [INFO] [116/121] 총신대입구(이수)역 (primary=KEY_4)
2026-08-13 04:19:06,833 [INFO] [117/121] 충정로역 (primary=KEY_1)
2026-08-13 04:19:07,951 [INFO] [118/121] 합정역 (primary=KEY_2)
2026-08-13 04:19:09,055 [INFO] [119/121] 혜화역 (primary=KEY_3)
2026-08-13 04:19:10,166 [INFO] [120/121] 홍대입구역(2호선) (primary=KEY_4)
2026-08-13 04:19:11,279 [INFO] [121/121] 회기역 (primary=KEY_1)
2026-08-13 04:19:13,300 [INFO] === 수집 완료 | 성공 121, 실패 0 ===
2026-08-13 04:19:13,300 [INFO] 카테고리별 저장 결과:
2026-08-13 04:19:13,300 [INFO]    accident                  | 신규     3행 | 누적      9행 | 16컬럼
2026-08-13 04:19:13,301 [INFO]    area_meta                 | 신규   121행 | 누적    363행 | 5컬럼
2026-08-13 04:19:13,301 [INFO]    bike                      | 신규    11행 | 누적     33행 | 12컬럼
2026-08-13 04:19:13,301 [INFO]    bike_sbike_stts           | 신규   566행 | 누적   1698행 | 12컬럼
2026-08-13 04:19:13,301 [INFO]    bus                       | 신규     3행 | 누적      9행 | 11컬럼
2026-08-13 04:19:13,301 [INFO]    bus_bus_stn_stts          | 신규  1745행 | 누적   5235행 | 11컬럼
2026-08-13 04:19:13,301 [INFO]    charger                   | 신규     4행 | 누적     12행 | 15컬럼
2026-08-13 04:19:13,301 [INFO]    charger_charger_stts      | 신규  1932행 | 누적   5757행 | 15컬럼
2026-08-13 04:19:13,301 [INFO]    cmrcl                     | 신규    82행 | 누적    246행 | 20컬럼
2026-08-13 04:19:13,301 [INFO]    events                    | 신규    14행 | 누적     42행 | 14컬럼
2026-08-13 04:19:13,301 [INFO]    events_event_stts         | 신규   140행 | 누적    420행 | 14컬럼
2026-08-13 04:19:13,301 [INFO]    parking                   | 신규     6행 | 누적     18행 | 21컬럼
2026-08-13 04:19:13,301 [INFO]    parking_prk_stts          | 신규  1834행 | 누적   5502행 | 21컬럼
2026-08-13 04:19:13,301 [INFO]    ppltn                     | 신규   121행 | 누적    363행 | 26컬럼
2026-08-13 04:19:13,301 [INFO]    road                      | 신규   121행 | 누적    363행 | 21컬럼
2026-08-13 04:19:13,301 [INFO]    road_road_traffic_stts    | 신규  5287행 | 누적  15861행 | 17컬럼
2026-08-13 04:19:13,301 [INFO]    subway                    | 신규    38행 | 누적    114행 | 12컬럼
2026-08-13 04:19:13,301 [INFO]    subway_sub_stts           | 신규   183행 | 누적    549행 | 13컬럼
2026-08-13 04:19:13,301 [INFO]    weather                   | 신규   119행 | 누적    357행 | 30컬럼
2026-08-13 04:19:13,301 [INFO] 키별 사용량:
2026-08-13 04:19:13,301 [INFO]    🟢 KEY_1 (31/1000) 
2026-08-13 04:19:13,301 [INFO]    🟢 KEY_2 (30/1000) 
2026-08-13 04:19:13,301 [INFO]    🟢 KEY_3 (30/1000) 
2026-08-13 04:19:13,301 [INFO]    🟢 KEY_4 (30/1000) 
