2026-10-09 02:53:27,921 [INFO] 등록된 키: 4개, 합산 한도 4,000건/일
2026-10-09 02:53:27,922 [INFO] POI 로드: 매뉴얼 v8.5 기준 fallback 121개 (121개 전체)
2026-10-09 02:53:27,922 [INFO] === 수집 시작 2026-10-09T02:53:27.922241+09:00 ===
2026-10-09 02:53:27,922 [INFO] 대상 장소: 121개 | API: citydata (통합)
2026-10-09 02:53:27,922 [INFO] 키 풀: 4/4 활성 | 오늘 사용 0/4000건
2026-10-09 02:53:27,922 [INFO]   [KEY_1] 담당 31장소
2026-10-09 02:53:27,922 [INFO]   [KEY_2] 담당 30장소
2026-10-09 02:53:27,922 [INFO]   [KEY_3] 담당 30장소
2026-10-09 02:53:27,922 [INFO]   [KEY_4] 담당 30장소
2026-10-09 02:53:27,922 [INFO] [1/121] 경복궁 (primary=KEY_1)
2026-10-09 02:53:29,067 [INFO] [2/121] 광화문·덕수궁 (primary=KEY_2)
2026-10-09 02:53:30,471 [INFO] [3/121] 보신각 (primary=KEY_3)
2026-10-09 02:53:31,603 [INFO] [4/121] 서울 암사동 유적 (primary=KEY_4)
2026-10-09 02:53:32,568 [INFO] [5/121] 창덕궁·종묘 (primary=KEY_1)
2026-10-09 02:53:33,665 [INFO] [6/121] 강남 MICE 관광특구 (primary=KEY_2)
2026-10-09 02:53:34,798 [INFO] [7/121] 동대문 관광특구 (primary=KEY_3)
2026-10-09 02:53:36,089 [INFO] [8/121] 명동 관광특구 (primary=KEY_4)
2026-10-09 02:53:37,561 [INFO] [9/121] 이태원 관광특구 (primary=KEY_1)
2026-10-09 02:53:38,712 [INFO] [10/121] 잠실 관광특구 (primary=KEY_2)
2026-10-09 02:53:40,142 [INFO] [11/121] 종로·청계 관광특구 (primary=KEY_3)
2026-10-09 02:53:41,461 [INFO] [12/121] 홍대 관광특구 (primary=KEY_4)
2026-10-09 02:53:42,775 [INFO] [13/121] 강서한강공원 (primary=KEY_1)
2026-10-09 02:53:43,748 [INFO] [14/121] 고척돔 (primary=KEY_2)
2026-10-09 02:53:44,719 [INFO] [15/121] 광나루한강공원 (primary=KEY_3)
2026-10-09 02:53:45,817 [INFO] [16/121] 광화문광장 (primary=KEY_4)
2026-10-09 02:53:46,931 [INFO] [17/121] 국립중앙박물관·용산가족공원 (primary=KEY_1)
2026-10-09 02:53:47,899 [INFO] [18/121] 난지한강공원 (primary=KEY_2)
2026-10-09 02:53:48,861 [INFO] [19/121] 남산공원 (primary=KEY_3)
2026-10-09 02:53:50,152 [INFO] [20/121] 노들섬 (primary=KEY_4)
2026-10-09 02:53:51,245 [INFO] [21/121] 뚝섬한강공원 (primary=KEY_1)
2026-10-09 02:53:52,223 [INFO] [22/121] 망원한강공원 (primary=KEY_2)
2026-10-09 02:53:53,332 [INFO] [23/121] 반포한강공원 (primary=KEY_3)
2026-10-09 02:53:54,301 [INFO] [24/121] 보라매공원 (primary=KEY_4)
2026-10-09 02:53:55,281 [INFO] [25/121] 북서울꿈의숲 (primary=KEY_1)
2026-10-09 02:53:56,420 [INFO] [26/121] 서대문독립공원 (primary=KEY_2)
2026-10-09 02:53:57,402 [INFO] [27/121] 서리풀공원·몽마르뜨공원 (primary=KEY_3)
2026-10-09 02:53:58,423 [INFO] [28/121] 서울대공원 (primary=KEY_4)
2026-10-09 02:53:59,397 [INFO] [29/121] 서울숲공원 (primary=KEY_1)
2026-10-09 02:54:00,515 [INFO] [30/121] 송현녹지광장 (primary=KEY_2)
2026-10-09 02:54:01,639 [INFO] [31/121] 아차산 (primary=KEY_3)
2026-10-09 02:54:02,624 [INFO] [32/121] 안양천 (primary=KEY_4)
2026-10-09 02:54:03,598 [INFO] [33/121] 양화한강공원 (primary=KEY_1)
2026-10-09 02:54:04,571 [INFO] [34/121] 어린이대공원 (primary=KEY_2)
2026-10-09 02:54:05,706 [INFO] [35/121] 여의도한강공원 (primary=KEY_3)
2026-10-09 02:54:06,819 [INFO] [36/121] 여의서로 (primary=KEY_4)
2026-10-09 02:54:07,982 [INFO] [37/121] 올림픽공원 (primary=KEY_1)
2026-10-09 02:54:09,137 [INFO] [38/121] 월드컵공원 (primary=KEY_2)
2026-10-09 02:54:10,430 [INFO] [39/121] 응봉산 (primary=KEY_3)
2026-10-09 02:54:11,535 [INFO] [40/121] 이촌한강공원 (primary=KEY_4)
2026-10-09 02:54:12,502 [INFO] [41/121] 잠실종합운동장 (primary=KEY_1)
2026-10-09 02:54:13,472 [INFO] [42/121] 잠실한강공원 (primary=KEY_2)
2026-10-09 02:54:14,464 [INFO] [43/121] 잠원한강공원 (primary=KEY_3)
2026-10-09 02:54:15,437 [INFO] [44/121] 청계산 (primary=KEY_4)
2026-10-09 02:54:16,409 [INFO] [45/121] 홍제폭포 (primary=KEY_1)
2026-10-09 02:54:17,370 [INFO] [46/121] 가락시장 (primary=KEY_2)
2026-10-09 02:54:18,495 [INFO] [47/121] 가로수길 (primary=KEY_3)
2026-10-09 02:54:19,644 [INFO] [48/121] 광장(전통)시장 (primary=KEY_4)
2026-10-09 02:54:20,639 [INFO] [49/121] 김포공항 (primary=KEY_1)
2026-10-09 02:54:21,920 [INFO] [50/121] 남대문시장 (primary=KEY_2)
2026-10-09 02:54:23,062 [INFO] [51/121] 노량진 (primary=KEY_3)
2026-10-09 02:54:24,195 [INFO] [52/121] 덕수궁길·정동길 (primary=KEY_4)
2026-10-09 02:54:25,333 [INFO] [53/121] 북창동 먹자골목 (primary=KEY_1)
2026-10-09 02:54:26,449 [INFO] [54/121] 북촌한옥마을 (primary=KEY_2)
2026-10-09 02:54:27,719 [INFO] [55/121] 서촌 (primary=KEY_3)
2026-10-09 02:54:28,851 [INFO] [56/121] 성수카페거리 (primary=KEY_4)
2026-10-09 02:54:30,128 [INFO] [57/121] 송리단길·호수단길 (primary=KEY_1)
2026-10-09 02:54:31,271 [INFO] [58/121] 신촌 스타광장 (primary=KEY_2)
2026-10-09 02:54:32,269 [INFO] [59/121] 압구정로데오거리 (primary=KEY_3)
2026-10-09 02:54:33,391 [INFO] [60/121] 여의도 (primary=KEY_4)
2026-10-09 02:54:35,178 [INFO] [61/121] 연남동 (primary=KEY_1)
2026-10-09 02:54:36,300 [INFO] [62/121] 영등포 타임스퀘어 (primary=KEY_2)
2026-10-09 02:54:37,413 [INFO] [63/121] 용리단길 (primary=KEY_3)
2026-10-09 02:54:38,401 [INFO] [64/121] 이태원 앤틱가구거리 (primary=KEY_4)
2026-10-09 02:54:39,389 [INFO] [65/121] 익선동 (primary=KEY_1)
2026-10-09 02:54:40,534 [INFO] [66/121] 인사동 (primary=KEY_2)
2026-10-09 02:54:41,813 [INFO] [67/121] 잠실롯데타워·석촌호수 (primary=KEY_3)
2026-10-09 02:54:43,305 [INFO] [68/121] 창동 신경제 중심지 (primary=KEY_4)
2026-10-09 02:54:44,722 [INFO] [69/121] 청담동 명품거리 (primary=KEY_1)
2026-10-09 02:54:45,839 [INFO] [70/121] 청량리 제기동 일대 전통시장 (primary=KEY_2)
2026-10-09 02:54:47,007 [INFO] [71/121] 해방촌·경리단길 (primary=KEY_3)
2026-10-09 02:54:47,978 [INFO] [72/121] DDP(동대문디자인플라자) (primary=KEY_4)
2026-10-09 02:54:49,093 [INFO] [73/121] DMC(디지털미디어시티) (primary=KEY_1)
2026-10-09 02:54:50,533 [INFO] [74/121] 가산디지털단지역 (primary=KEY_2)
2026-10-09 02:54:52,075 [INFO] [75/121] 강남역 (primary=KEY_3)
2026-10-09 02:54:53,354 [INFO] [76/121] 건대입구역 (primary=KEY_4)
2026-10-09 02:54:54,504 [INFO] [77/121] 고덕역 (primary=KEY_1)
2026-10-09 02:54:55,637 [INFO] [78/121] 고속터미널역 (primary=KEY_2)
2026-10-09 02:54:56,777 [INFO] [79/121] 교대역 (primary=KEY_3)
2026-10-09 02:54:57,777 [INFO] [80/121] 구로디지털단지역 (primary=KEY_4)
2026-10-09 02:54:59,187 [INFO] [81/121] 구로역 (primary=KEY_1)
2026-10-09 02:55:00,306 [INFO] [82/121] 군자역 (primary=KEY_2)
2026-10-09 02:55:01,290 [INFO] [83/121] 대림역 (primary=KEY_3)
2026-10-09 02:55:02,408 [INFO] [84/121] 동대문역 (primary=KEY_4)
2026-10-09 02:55:03,525 [INFO] [85/121] 뚝섬역 (primary=KEY_1)
2026-10-09 02:55:04,656 [INFO] [86/121] 미아사거리역 (primary=KEY_2)
2026-10-09 02:55:05,778 [INFO] [87/121] 발산역 (primary=KEY_3)
2026-10-09 02:55:07,152 [INFO] [88/121] 사당역 (primary=KEY_4)
2026-10-09 02:55:08,275 [INFO] [89/121] 삼각지역 (primary=KEY_1)
2026-10-09 02:55:09,260 [INFO] [90/121] 서울대입구역 (primary=KEY_2)
2026-10-09 02:55:10,365 [INFO] [91/121] 서울식물원·마곡나루역 (primary=KEY_3)
2026-10-09 02:55:11,623 [INFO] [92/121] 서울역 (primary=KEY_4)
2026-10-09 02:55:13,042 [INFO] [93/121] 선릉역 (primary=KEY_1)
2026-10-09 02:55:14,573 [INFO] [94/121] 성신여대입구역 (primary=KEY_2)
2026-10-09 02:55:15,688 [INFO] [95/121] 수유역 (primary=KEY_3)
2026-10-09 02:55:16,934 [INFO] [96/121] 숭례문 (primary=KEY_4)
2026-10-09 02:55:18,192 [INFO] [97/121] 시의회 앞 (primary=KEY_1)
2026-10-09 02:55:19,443 [INFO] [98/121] 신논현역·논현역 (primary=KEY_2)
2026-10-09 02:55:20,583 [INFO] [99/121] 신도림역 (primary=KEY_3)
2026-10-09 02:55:21,688 [INFO] [100/121] 신림역 (primary=KEY_4)
2026-10-09 02:55:22,714 [INFO] [101/121] 신정네거리역 (primary=KEY_1)
2026-10-09 02:55:23,961 [INFO] [102/121] 신촌·이대역 (primary=KEY_2)
2026-10-09 02:55:25,088 [INFO] [103/121] 쌍문역 (primary=KEY_3)
2026-10-09 02:55:26,207 [INFO] [104/121] 양재역 (primary=KEY_4)
2026-10-09 02:55:27,333 [INFO] [105/121] 역삼역 (primary=KEY_1)
2026-10-09 02:55:28,717 [INFO] [106/121] 연신내역 (primary=KEY_2)
2026-10-09 02:55:29,710 [INFO] [107/121] 오목교역·목동운동장 (primary=KEY_3)
2026-10-09 02:55:31,250 [INFO] [108/121] 왕십리역 (primary=KEY_4)
2026-10-09 02:55:32,541 [INFO] [109/121] 용산역 (primary=KEY_1)
2026-10-09 02:55:33,794 [INFO] [110/121] 이태원역 (primary=KEY_2)
2026-10-09 02:55:35,795 [INFO] [111/121] 잠실새내역 (primary=KEY_3)
2026-10-09 02:55:37,129 [INFO] [112/121] 잠실역 (primary=KEY_4)
2026-10-09 02:55:38,381 [INFO] [113/121] 장지역 (primary=KEY_1)
2026-10-09 02:55:39,637 [INFO] [114/121] 장한평역 (primary=KEY_2)
2026-10-09 02:55:40,904 [INFO] [115/121] 천호역 (primary=KEY_3)
2026-10-09 02:55:42,174 [INFO] [116/121] 총신대입구(이수)역 (primary=KEY_4)
2026-10-09 02:55:44,097 [INFO] [117/121] 충정로역 (primary=KEY_1)
2026-10-09 02:55:45,232 [INFO] [118/121] 합정역 (primary=KEY_2)
2026-10-09 02:55:46,401 [INFO] [119/121] 혜화역 (primary=KEY_3)
2026-10-09 02:55:47,532 [INFO] [120/121] 홍대입구역(2호선) (primary=KEY_4)
2026-10-09 02:55:48,666 [INFO] [121/121] 회기역 (primary=KEY_1)
2026-10-09 02:55:50,098 [INFO] === 수집 완료 | 성공 121, 실패 0 ===
2026-10-09 02:55:50,098 [INFO] 카테고리별 저장 결과:
2026-10-09 02:55:50,098 [INFO]    accident                  | 신규     7행 | 누적      7행 | 16컬럼
2026-10-09 02:55:50,098 [INFO]    accident_acdnt_cntrl_stts | 신규     2행 | 누적      2행 | 16컬럼
2026-10-09 02:55:50,098 [INFO]    area_meta                 | 신규   121행 | 누적    121행 | 5컬럼
2026-10-09 02:55:50,098 [INFO]    bike                      | 신규    10행 | 누적     10행 | 12컬럼
2026-10-09 02:55:50,098 [INFO]    bike_sbike_stts           | 신규   567행 | 누적    567행 | 12컬럼
2026-10-09 02:55:50,098 [INFO]    bus                       | 신규     3행 | 누적      3행 | 11컬럼
2026-10-09 02:55:50,098 [INFO]    bus_bus_stn_stts          | 신규  1745행 | 누적   1745행 | 11컬럼
2026-10-09 02:55:50,098 [INFO]    charger                   | 신규     4행 | 누적      4행 | 15컬럼
2026-10-09 02:55:50,099 [INFO]    charger_charger_stts      | 신규  1929행 | 누적   1929행 | 15컬럼
2026-10-09 02:55:50,099 [INFO]    cmrcl                     | 신규    82행 | 누적     82행 | 20컬럼
2026-10-09 02:55:50,099 [INFO]    events                    | 신규    14행 | 누적     14행 | 14컬럼
2026-10-09 02:55:50,099 [INFO]    events_event_stts         | 신규   137행 | 누적    137행 | 14컬럼
2026-10-09 02:55:50,099 [INFO]    parking                   | 신규     6행 | 누적      6행 | 21컬럼
2026-10-09 02:55:50,099 [INFO]    parking_prk_stts          | 신규  1832행 | 누적   1832행 | 21컬럼
2026-10-09 02:55:50,099 [INFO]    ppltn                     | 신규   121행 | 누적    121행 | 26컬럼
2026-10-09 02:55:50,099 [INFO]    road                      | 신규   121행 | 누적    121행 | 21컬럼
2026-10-09 02:55:50,099 [INFO]    road_road_traffic_stts    | 신규  5304행 | 누적   5304행 | 17컬럼
2026-10-09 02:55:50,099 [INFO]    subway                    | 신규    38행 | 누적     38행 | 12컬럼
2026-10-09 02:55:50,099 [INFO]    subway_sub_stts           | 신규   183행 | 누적    183행 | 13컬럼
2026-10-09 02:55:50,099 [INFO]    weather                   | 신규   119행 | 누적    119행 | 29컬럼
2026-10-09 02:55:50,099 [INFO] 키별 사용량:
2026-10-09 02:55:50,099 [INFO]    🟢 KEY_1 (31/1000) 
2026-10-09 02:55:50,099 [INFO]    🟢 KEY_2 (30/1000) 
2026-10-09 02:55:50,099 [INFO]    🟢 KEY_3 (30/1000) 
2026-10-09 02:55:50,099 [INFO]    🟢 KEY_4 (30/1000) 
