2026-05-15 00:01:10,745 [INFO] 등록된 키: 4개, 합산 한도 4,000건/일
2026-05-15 00:01:10,746 [INFO] POI 로드: 매뉴얼 v8.5 기준 fallback 121개 (121개 전체)
2026-05-15 00:01:10,746 [INFO] === 수집 시작 2026-05-15T00:01:10.746672+09:00 ===
2026-05-15 00:01:10,746 [INFO] 대상 장소: 121개 | API: citydata (통합)
2026-05-15 00:01:10,746 [INFO] 키 풀: 4/4 활성 | 오늘 사용 0/4000건
2026-05-15 00:01:10,746 [INFO]   [KEY_1] 담당 31장소
2026-05-15 00:01:10,747 [INFO]   [KEY_2] 담당 30장소
2026-05-15 00:01:10,747 [INFO]   [KEY_3] 담당 30장소
2026-05-15 00:01:10,747 [INFO]   [KEY_4] 담당 30장소
2026-05-15 00:01:10,747 [INFO] [1/121] 경복궁 (primary=KEY_1)
2026-05-15 00:01:12,534 [INFO] [2/121] 광화문·덕수궁 (primary=KEY_2)
2026-05-15 00:01:14,772 [INFO] [3/121] 보신각 (primary=KEY_3)
2026-05-15 00:01:16,593 [INFO] [4/121] 서울 암사동 유적 (primary=KEY_4)
2026-05-15 00:01:18,376 [INFO] [5/121] 창덕궁·종묘 (primary=KEY_1)
2026-05-15 00:01:19,610 [INFO] [6/121] 강남 MICE 관광특구 (primary=KEY_2)
2026-05-15 00:01:20,880 [INFO] [7/121] 동대문 관광특구 (primary=KEY_3)
2026-05-15 00:01:22,863 [INFO] [8/121] 명동 관광특구 (primary=KEY_4)
2026-05-15 00:01:24,387 [INFO] [9/121] 이태원 관광특구 (primary=KEY_1)
2026-05-15 00:01:26,378 [INFO] [10/121] 잠실 관광특구 (primary=KEY_2)
2026-05-15 00:01:28,528 [INFO] [11/121] 종로·청계 관광특구 (primary=KEY_3)
2026-05-15 00:01:29,846 [INFO] [12/121] 홍대 관광특구 (primary=KEY_4)
2026-05-15 00:01:31,876 [INFO] [13/121] 강서한강공원 (primary=KEY_1)
2026-05-15 00:01:32,852 [INFO] [14/121] 고척돔 (primary=KEY_2)
2026-05-15 00:01:33,820 [INFO] [15/121] 광나루한강공원 (primary=KEY_3)
2026-05-15 00:01:35,727 [INFO] [16/121] 광화문광장 (primary=KEY_4)
2026-05-15 00:01:36,997 [INFO] [17/121] 국립중앙박물관·용산가족공원 (primary=KEY_1)
2026-05-15 00:01:38,821 [INFO] [18/121] 난지한강공원 (primary=KEY_2)
2026-05-15 00:01:39,786 [INFO] [19/121] 남산공원 (primary=KEY_3)
2026-05-15 00:01:41,068 [INFO] [20/121] 노들섬 (primary=KEY_4)
2026-05-15 00:01:42,741 [INFO] [21/121] 뚝섬한강공원 (primary=KEY_1)
2026-05-15 00:01:43,761 [INFO] [22/121] 망원한강공원 (primary=KEY_2)
2026-05-15 00:01:44,886 [INFO] [23/121] 반포한강공원 (primary=KEY_3)
2026-05-15 00:01:45,861 [INFO] [24/121] 보라매공원 (primary=KEY_4)
2026-05-15 00:01:46,849 [INFO] [25/121] 북서울꿈의숲 (primary=KEY_1)
2026-05-15 00:01:48,498 [INFO] [26/121] 서대문독립공원 (primary=KEY_2)
2026-05-15 00:01:49,604 [INFO] [27/121] 서리풀공원·몽마르뜨공원 (primary=KEY_3)
2026-05-15 00:01:51,572 [INFO] [28/121] 서울대공원 (primary=KEY_4)
2026-05-15 00:01:52,525 [INFO] [29/121] 서울숲공원 (primary=KEY_1)
2026-05-15 00:01:53,649 [INFO] [30/121] 송현녹지광장 (primary=KEY_2)
2026-05-15 00:01:54,767 [INFO] [31/121] 아차산 (primary=KEY_3)
2026-05-15 00:01:55,732 [INFO] [32/121] 안양천 (primary=KEY_4)
2026-05-15 00:01:56,822 [INFO] [33/121] 양화한강공원 (primary=KEY_1)
2026-05-15 00:01:57,788 [INFO] [34/121] 어린이대공원 (primary=KEY_2)
2026-05-15 00:01:58,925 [INFO] [35/121] 여의도한강공원 (primary=KEY_3)
2026-05-15 00:02:00,038 [INFO] [36/121] 여의서로 (primary=KEY_4)
2026-05-15 00:02:01,138 [INFO] [37/121] 올림픽공원 (primary=KEY_1)
2026-05-15 00:02:03,230 [INFO] [38/121] 월드컵공원 (primary=KEY_2)
2026-05-15 00:02:04,509 [INFO] [39/121] 응봉산 (primary=KEY_3)
2026-05-15 00:02:05,613 [INFO] [40/121] 이촌한강공원 (primary=KEY_4)
2026-05-15 00:02:06,570 [INFO] [41/121] 잠실종합운동장 (primary=KEY_1)
2026-05-15 00:02:07,544 [INFO] [42/121] 잠실한강공원 (primary=KEY_2)
2026-05-15 00:02:08,542 [INFO] [43/121] 잠원한강공원 (primary=KEY_3)
2026-05-15 00:02:09,498 [INFO] [44/121] 청계산 (primary=KEY_4)
2026-05-15 00:02:10,553 [INFO] [45/121] 홍제폭포 (primary=KEY_1)
2026-05-15 00:02:11,508 [INFO] [46/121] 가락시장 (primary=KEY_2)
2026-05-15 00:02:12,636 [INFO] [47/121] 가로수길 (primary=KEY_3)
2026-05-15 00:02:13,915 [INFO] [48/121] 광장(전통)시장 (primary=KEY_4)
2026-05-15 00:02:14,916 [INFO] [49/121] 김포공항 (primary=KEY_1)
2026-05-15 00:02:16,214 [INFO] [50/121] 남대문시장 (primary=KEY_2)
2026-05-15 00:02:17,334 [INFO] [51/121] 노량진 (primary=KEY_3)
2026-05-15 00:02:18,462 [INFO] [52/121] 덕수궁길·정동길 (primary=KEY_4)
2026-05-15 00:02:19,619 [INFO] [53/121] 북창동 먹자골목 (primary=KEY_1)
2026-05-15 00:02:20,727 [INFO] [54/121] 북촌한옥마을 (primary=KEY_2)
2026-05-15 00:02:21,999 [INFO] [55/121] 서촌 (primary=KEY_3)
2026-05-15 00:02:23,119 [INFO] [56/121] 성수카페거리 (primary=KEY_4)
2026-05-15 00:02:24,390 [INFO] [57/121] 송리단길·호수단길 (primary=KEY_1)
2026-05-15 00:02:25,526 [INFO] [58/121] 신촌 스타광장 (primary=KEY_2)
2026-05-15 00:02:26,520 [INFO] [59/121] 압구정로데오거리 (primary=KEY_3)
2026-05-15 00:02:27,638 [INFO] [60/121] 여의도 (primary=KEY_4)
2026-05-15 00:02:29,416 [INFO] [61/121] 연남동 (primary=KEY_1)
2026-05-15 00:02:30,539 [INFO] [62/121] 영등포 타임스퀘어 (primary=KEY_2)
2026-05-15 00:02:31,667 [INFO] [63/121] 용리단길 (primary=KEY_3)
2026-05-15 00:02:32,797 [INFO] [64/121] 이태원 앤틱가구거리 (primary=KEY_4)
2026-05-15 00:02:33,917 [INFO] [65/121] 익선동 (primary=KEY_1)
2026-05-15 00:02:35,115 [INFO] [66/121] 인사동 (primary=KEY_2)
2026-05-15 00:02:36,404 [INFO] [67/121] 잠실롯데타워·석촌호수 (primary=KEY_3)
2026-05-15 00:02:37,816 [INFO] [68/121] 창동 신경제 중심지 (primary=KEY_4)
2026-05-15 00:02:39,249 [INFO] [69/121] 청담동 명품거리 (primary=KEY_1)
2026-05-15 00:02:40,389 [INFO] [70/121] 청량리 제기동 일대 전통시장 (primary=KEY_2)
2026-05-15 00:02:41,547 [INFO] [71/121] 해방촌·경리단길 (primary=KEY_3)
2026-05-15 00:02:42,668 [INFO] [72/121] DDP(동대문디자인플라자) (primary=KEY_4)
2026-05-15 00:02:43,811 [INFO] [73/121] DMC(디지털미디어시티) (primary=KEY_1)
2026-05-15 00:02:45,272 [INFO] [74/121] 가산디지털단지역 (primary=KEY_2)
2026-05-15 00:02:46,846 [INFO] [75/121] 강남역 (primary=KEY_3)
2026-05-15 00:02:48,269 [INFO] [76/121] 건대입구역 (primary=KEY_4)
2026-05-15 00:02:49,571 [INFO] [77/121] 고덕역 (primary=KEY_1)
2026-05-15 00:02:50,705 [INFO] [78/121] 고속터미널역 (primary=KEY_2)
2026-05-15 00:02:51,862 [INFO] [79/121] 교대역 (primary=KEY_3)
2026-05-15 00:02:52,993 [INFO] [80/121] 구로디지털단지역 (primary=KEY_4)
2026-05-15 00:02:55,208 [INFO] [81/121] 구로역 (primary=KEY_1)
2026-05-15 00:02:56,329 [INFO] [82/121] 군자역 (primary=KEY_2)
2026-05-15 00:02:57,465 [INFO] [83/121] 대림역 (primary=KEY_3)
2026-05-15 00:02:58,598 [INFO] [84/121] 동대문역 (primary=KEY_4)
2026-05-15 00:02:59,739 [INFO] [85/121] 뚝섬역 (primary=KEY_1)
2026-05-15 00:03:00,889 [INFO] [86/121] 미아사거리역 (primary=KEY_2)
2026-05-15 00:03:02,014 [INFO] [87/121] 발산역 (primary=KEY_3)
2026-05-15 00:03:03,425 [INFO] [88/121] 사당역 (primary=KEY_4)
2026-05-15 00:03:04,574 [INFO] [89/121] 삼각지역 (primary=KEY_1)
2026-05-15 00:03:05,702 [INFO] [90/121] 서울대입구역 (primary=KEY_2)
2026-05-15 00:03:06,819 [INFO] [91/121] 서울식물원·마곡나루역 (primary=KEY_3)
2026-05-15 00:03:08,126 [INFO] [92/121] 서울역 (primary=KEY_4)
2026-05-15 00:03:09,415 [INFO] [93/121] 선릉역 (primary=KEY_1)
2026-05-15 00:03:10,855 [INFO] [94/121] 성신여대입구역 (primary=KEY_2)
2026-05-15 00:03:11,988 [INFO] [95/121] 수유역 (primary=KEY_3)
2026-05-15 00:03:13,123 [INFO] [96/121] 숭례문 (primary=KEY_4)
2026-05-15 00:03:14,279 [INFO] [97/121] 시의회 앞 (primary=KEY_1)
2026-05-15 00:03:15,494 [INFO] [98/121] 신논현역·논현역 (primary=KEY_2)
2026-05-15 00:03:16,660 [INFO] [99/121] 신도림역 (primary=KEY_3)
2026-05-15 00:03:17,662 [INFO] [100/121] 신림역 (primary=KEY_4)
2026-05-15 00:03:18,818 [INFO] [101/121] 신정네거리역 (primary=KEY_1)
2026-05-15 00:03:19,946 [INFO] [102/121] 신촌·이대역 (primary=KEY_2)
2026-05-15 00:03:21,098 [INFO] [103/121] 쌍문역 (primary=KEY_3)
2026-05-15 00:03:22,273 [INFO] [104/121] 양재역 (primary=KEY_4)
2026-05-15 00:03:23,470 [INFO] [105/121] 역삼역 (primary=KEY_1)
2026-05-15 00:03:24,743 [INFO] [106/121] 연신내역 (primary=KEY_2)
2026-05-15 00:03:25,878 [INFO] [107/121] 오목교역·목동운동장 (primary=KEY_3)
2026-05-15 00:03:27,428 [INFO] [108/121] 왕십리역 (primary=KEY_4)
2026-05-15 00:03:28,715 [INFO] [109/121] 용산역 (primary=KEY_1)
2026-05-15 00:03:29,968 [INFO] [110/121] 이태원역 (primary=KEY_2)
2026-05-15 00:03:30,973 [INFO] [111/121] 잠실새내역 (primary=KEY_3)
2026-05-15 00:03:32,114 [INFO] [112/121] 잠실역 (primary=KEY_4)
2026-05-15 00:03:33,389 [INFO] [113/121] 장지역 (primary=KEY_1)
2026-05-15 00:03:34,689 [INFO] [114/121] 장한평역 (primary=KEY_2)
2026-05-15 00:03:35,810 [INFO] [115/121] 천호역 (primary=KEY_3)
2026-05-15 00:03:37,101 [INFO] [116/121] 총신대입구(이수)역 (primary=KEY_4)
2026-05-15 00:03:38,261 [INFO] [117/121] 충정로역 (primary=KEY_1)
2026-05-15 00:03:39,422 [INFO] [118/121] 합정역 (primary=KEY_2)
2026-05-15 00:03:40,681 [INFO] [119/121] 혜화역 (primary=KEY_3)
2026-05-15 00:03:41,808 [INFO] [120/121] 홍대입구역(2호선) (primary=KEY_4)
2026-05-15 00:03:42,956 [INFO] [121/121] 회기역 (primary=KEY_1)
2026-05-15 00:03:44,504 [INFO] === 수집 완료 | 성공 121, 실패 0 ===
2026-05-15 00:03:44,504 [INFO] 카테고리별 저장 결과:
2026-05-15 00:03:44,504 [INFO]    accident                  | 신규     1행 | 누적      1행 | 16컬럼
2026-05-15 00:03:44,504 [INFO]    area_meta                 | 신규   121행 | 누적    121행 | 5컬럼
2026-05-15 00:03:44,504 [INFO]    bike                      | 신규    11행 | 누적     11행 | 12컬럼
2026-05-15 00:03:44,504 [INFO]    bike_sbike_stts           | 신규   558행 | 누적    558행 | 12컬럼
2026-05-15 00:03:44,504 [INFO]    bus                       | 신규     3행 | 누적      3행 | 11컬럼
2026-05-15 00:03:44,504 [INFO]    bus_bus_stn_stts          | 신규  1745행 | 누적   1745행 | 11컬럼
2026-05-15 00:03:44,504 [INFO]    charger                   | 신규     4행 | 누적      4행 | 15컬럼
2026-05-15 00:03:44,504 [INFO]    charger_charger_stts      | 신규  1884행 | 누적   1884행 | 15컬럼
2026-05-15 00:03:44,504 [INFO]    cmrcl                     | 신규    82행 | 누적     82행 | 20컬럼
2026-05-15 00:03:44,504 [INFO]    disaster                  | 신규    32행 | 누적     32행 | 9컬럼
2026-05-15 00:03:44,505 [INFO]    events                    | 신규    12행 | 누적     12행 | 14컬럼
2026-05-15 00:03:44,505 [INFO]    events_event_stts         | 신규   173행 | 누적    173행 | 14컬럼
2026-05-15 00:03:44,505 [INFO]    news_live_yna_news        | 신규   265행 | 누적    265행 | 10컬럼
2026-05-15 00:03:44,505 [INFO]    parking                   | 신규     6행 | 누적      6행 | 21컬럼
2026-05-15 00:03:44,505 [INFO]    parking_prk_stts          | 신규  1835행 | 누적   1835행 | 21컬럼
2026-05-15 00:03:44,505 [INFO]    ppltn                     | 신규   121행 | 누적    121행 | 26컬럼
2026-05-15 00:03:44,505 [INFO]    road                      | 신규   121행 | 누적    121행 | 21컬럼
2026-05-15 00:03:44,505 [INFO]    road_road_traffic_stts    | 신규  5241행 | 누적   5241행 | 17컬럼
2026-05-15 00:03:44,505 [INFO]    subway                    | 신규    38행 | 누적     38행 | 12컬럼
2026-05-15 00:03:44,505 [INFO]    subway_sub_stts           | 신규   183행 | 누적    183행 | 13컬럼
2026-05-15 00:03:44,505 [INFO]    weather                   | 신규   119행 | 누적    119행 | 29컬럼
2026-05-15 00:03:44,505 [INFO] 키별 사용량:
2026-05-15 00:03:44,505 [INFO]    🟢 KEY_1 (31/1000) 
2026-05-15 00:03:44,505 [INFO]    🟢 KEY_2 (30/1000) 
2026-05-15 00:03:44,505 [INFO]    🟢 KEY_3 (30/1000) 
2026-05-15 00:03:44,505 [INFO]    🟢 KEY_4 (30/1000) 
2026-05-15 00:57:38,897 [INFO] 등록된 키: 4개, 합산 한도 4,000건/일
2026-05-15 00:57:38,897 [INFO] POI 로드: 매뉴얼 v8.5 기준 fallback 121개 (121개 전체)
2026-05-15 00:57:38,897 [INFO] === 수집 시작 2026-05-15T00:57:38.897823+09:00 ===
2026-05-15 00:57:38,897 [INFO] 대상 장소: 121개 | API: citydata (통합)
2026-05-15 00:57:38,897 [INFO] 키 풀: 4/4 활성 | 오늘 사용 0/4000건
2026-05-15 00:57:38,898 [INFO]   [KEY_1] 담당 31장소
2026-05-15 00:57:38,898 [INFO]   [KEY_2] 담당 30장소
2026-05-15 00:57:38,898 [INFO]   [KEY_3] 담당 30장소
2026-05-15 00:57:38,898 [INFO]   [KEY_4] 담당 30장소
2026-05-15 00:57:38,898 [INFO] [1/121] 경복궁 (primary=KEY_1)
2026-05-15 00:57:40,918 [INFO] [2/121] 광화문·덕수궁 (primary=KEY_2)
2026-05-15 00:57:43,588 [INFO] [3/121] 보신각 (primary=KEY_3)
2026-05-15 00:57:45,556 [INFO] [4/121] 서울 암사동 유적 (primary=KEY_4)
2026-05-15 00:57:47,539 [INFO] [5/121] 창덕궁·종묘 (primary=KEY_1)
2026-05-15 00:57:49,665 [INFO] [6/121] 강남 MICE 관광특구 (primary=KEY_2)
2026-05-15 00:57:51,027 [INFO] [7/121] 동대문 관광특구 (primary=KEY_3)
2026-05-15 00:57:53,492 [INFO] [8/121] 명동 관광특구 (primary=KEY_4)
2026-05-15 00:57:56,149 [INFO] [9/121] 이태원 관광특구 (primary=KEY_1)
2026-05-15 00:57:57,508 [INFO] [10/121] 잠실 관광특구 (primary=KEY_2)
2026-05-15 00:57:59,974 [INFO] [11/121] 종로·청계 관광특구 (primary=KEY_3)
2026-05-15 00:58:01,683 [INFO] [12/121] 홍대 관광특구 (primary=KEY_4)
2026-05-15 00:58:03,316 [INFO] [13/121] 강서한강공원 (primary=KEY_1)
2026-05-15 00:58:05,251 [INFO] [14/121] 고척돔 (primary=KEY_2)
2026-05-15 00:58:07,207 [INFO] [15/121] 광나루한강공원 (primary=KEY_3)
2026-05-15 00:58:08,552 [INFO] [16/121] 광화문광장 (primary=KEY_4)
2026-05-15 00:58:09,934 [INFO] [17/121] 국립중앙박물관·용산가족공원 (primary=KEY_1)
2026-05-15 00:58:11,703 [INFO] [18/121] 난지한강공원 (primary=KEY_2)
2026-05-15 00:58:13,458 [INFO] [19/121] 남산공원 (primary=KEY_3)
2026-05-15 00:58:15,068 [INFO] [20/121] 노들섬 (primary=KEY_4)
2026-05-15 00:58:16,938 [INFO] [21/121] 뚝섬한강공원 (primary=KEY_1)
2026-05-15 00:58:18,114 [INFO] [22/121] 망원한강공원 (primary=KEY_2)
2026-05-15 00:58:20,297 [INFO] [23/121] 반포한강공원 (primary=KEY_3)
2026-05-15 00:58:22,253 [INFO] [24/121] 보라매공원 (primary=KEY_4)
2026-05-15 00:58:24,020 [INFO] [25/121] 북서울꿈의숲 (primary=KEY_1)
2026-05-15 00:58:25,411 [INFO] [26/121] 서대문독립공원 (primary=KEY_2)
2026-05-15 00:58:27,196 [INFO] [27/121] 서리풀공원·몽마르뜨공원 (primary=KEY_3)
2026-05-15 00:58:28,452 [INFO] [28/121] 서울대공원 (primary=KEY_4)
2026-05-15 00:58:29,603 [INFO] [29/121] 서울숲공원 (primary=KEY_1)
2026-05-15 00:58:30,988 [INFO] [30/121] 송현녹지광장 (primary=KEY_2)
2026-05-15 00:58:32,340 [INFO] [31/121] 아차산 (primary=KEY_3)
2026-05-15 00:58:34,291 [INFO] [32/121] 안양천 (primary=KEY_4)
2026-05-15 00:58:36,259 [INFO] [33/121] 양화한강공원 (primary=KEY_1)
2026-05-15 00:58:37,417 [INFO] [34/121] 어린이대공원 (primary=KEY_2)
2026-05-15 00:58:38,796 [INFO] [35/121] 여의도한강공원 (primary=KEY_3)
2026-05-15 00:58:40,168 [INFO] [36/121] 여의서로 (primary=KEY_4)
2026-05-15 00:58:41,478 [INFO] [37/121] 올림픽공원 (primary=KEY_1)
2026-05-15 00:58:44,293 [INFO] [38/121] 월드컵공원 (primary=KEY_2)
2026-05-15 00:58:45,878 [INFO] [39/121] 응봉산 (primary=KEY_3)
2026-05-15 00:58:48,019 [INFO] [40/121] 이촌한강공원 (primary=KEY_4)
2026-05-15 00:58:49,187 [INFO] [41/121] 잠실종합운동장 (primary=KEY_1)
2026-05-15 00:58:50,376 [INFO] [42/121] 잠실한강공원 (primary=KEY_2)
2026-05-15 00:58:52,604 [INFO] [43/121] 잠원한강공원 (primary=KEY_3)
2026-05-15 00:58:53,808 [INFO] [44/121] 청계산 (primary=KEY_4)
2026-05-15 00:58:54,968 [INFO] [45/121] 홍제폭포 (primary=KEY_1)
2026-05-15 00:58:56,122 [INFO] [46/121] 가락시장 (primary=KEY_2)
2026-05-15 00:58:57,501 [INFO] [47/121] 가로수길 (primary=KEY_3)
2026-05-15 00:58:58,912 [INFO] [48/121] 광장(전통)시장 (primary=KEY_4)
2026-05-15 00:59:00,106 [INFO] [49/121] 김포공항 (primary=KEY_1)
2026-05-15 00:59:01,691 [INFO] [50/121] 남대문시장 (primary=KEY_2)
2026-05-15 00:59:03,061 [INFO] [51/121] 노량진 (primary=KEY_3)
2026-05-15 00:59:04,439 [INFO] [52/121] 덕수궁길·정동길 (primary=KEY_4)
2026-05-15 00:59:05,827 [INFO] [53/121] 북창동 먹자골목 (primary=KEY_1)
2026-05-15 00:59:07,193 [INFO] [54/121] 북촌한옥마을 (primary=KEY_2)
2026-05-15 00:59:08,775 [INFO] [55/121] 서촌 (primary=KEY_3)
2026-05-15 00:59:10,169 [INFO] [56/121] 성수카페거리 (primary=KEY_4)
2026-05-15 00:59:11,772 [INFO] [57/121] 송리단길·호수단길 (primary=KEY_1)
2026-05-15 00:59:13,776 [INFO] [58/121] 신촌 스타광장 (primary=KEY_2)
2026-05-15 00:59:14,959 [INFO] [59/121] 압구정로데오거리 (primary=KEY_3)
2026-05-15 00:59:17,142 [INFO] [60/121] 여의도 (primary=KEY_4)
2026-05-15 00:59:19,428 [INFO] [61/121] 연남동 (primary=KEY_1)
2026-05-15 00:59:21,643 [INFO] [62/121] 영등포 타임스퀘어 (primary=KEY_2)
2026-05-15 00:59:23,044 [INFO] [63/121] 용리단길 (primary=KEY_3)
2026-05-15 00:59:25,469 [INFO] [64/121] 이태원 앤틱가구거리 (primary=KEY_4)
2026-05-15 00:59:27,307 [INFO] [65/121] 익선동 (primary=KEY_1)
2026-05-15 00:59:28,706 [INFO] [66/121] 인사동 (primary=KEY_2)
2026-05-15 00:59:30,280 [INFO] [67/121] 잠실롯데타워·석촌호수 (primary=KEY_3)
2026-05-15 00:59:32,092 [INFO] [68/121] 창동 신경제 중심지 (primary=KEY_4)
2026-05-15 00:59:34,656 [INFO] [69/121] 청담동 명품거리 (primary=KEY_1)
2026-05-15 00:59:36,077 [INFO] [70/121] 청량리 제기동 일대 전통시장 (primary=KEY_2)
2026-05-15 00:59:37,456 [INFO] [71/121] 해방촌·경리단길 (primary=KEY_3)
2026-05-15 00:59:38,639 [INFO] [72/121] DDP(동대문디자인플라자) (primary=KEY_4)
2026-05-15 00:59:40,039 [INFO] [73/121] DMC(디지털미디어시티) (primary=KEY_1)
2026-05-15 00:59:41,861 [INFO] [74/121] 가산디지털단지역 (primary=KEY_2)
2026-05-15 00:59:43,870 [INFO] [75/121] 강남역 (primary=KEY_3)
2026-05-15 00:59:45,495 [INFO] [76/121] 건대입구역 (primary=KEY_4)
2026-05-15 00:59:46,896 [INFO] [77/121] 고덕역 (primary=KEY_1)
2026-05-15 00:59:48,264 [INFO] [78/121] 고속터미널역 (primary=KEY_2)
2026-05-15 00:59:49,656 [INFO] [79/121] 교대역 (primary=KEY_3)
2026-05-15 00:59:51,033 [INFO] [80/121] 구로디지털단지역 (primary=KEY_4)
2026-05-15 00:59:53,244 [INFO] [81/121] 구로역 (primary=KEY_1)
2026-05-15 00:59:54,607 [INFO] [82/121] 군자역 (primary=KEY_2)
2026-05-15 00:59:55,956 [INFO] [83/121] 대림역 (primary=KEY_3)
2026-05-15 00:59:57,368 [INFO] [84/121] 동대문역 (primary=KEY_4)
2026-05-15 00:59:58,758 [INFO] [85/121] 뚝섬역 (primary=KEY_1)
2026-05-15 01:00:00,108 [INFO] [86/121] 미아사거리역 (primary=KEY_2)
2026-05-15 01:00:01,474 [INFO] [87/121] 발산역 (primary=KEY_3)
2026-05-15 01:00:03,248 [INFO] [88/121] 사당역 (primary=KEY_4)
2026-05-15 01:00:04,672 [INFO] [89/121] 삼각지역 (primary=KEY_1)
2026-05-15 01:00:05,846 [INFO] [90/121] 서울대입구역 (primary=KEY_2)
2026-05-15 01:00:07,191 [INFO] [91/121] 서울식물원·마곡나루역 (primary=KEY_3)
2026-05-15 01:00:08,749 [INFO] [92/121] 서울역 (primary=KEY_4)
2026-05-15 01:00:10,346 [INFO] [93/121] 선릉역 (primary=KEY_1)
2026-05-15 01:00:12,124 [INFO] [94/121] 성신여대입구역 (primary=KEY_2)
2026-05-15 01:00:13,288 [INFO] [95/121] 수유역 (primary=KEY_3)
2026-05-15 01:00:14,654 [INFO] [96/121] 숭례문 (primary=KEY_4)
2026-05-15 01:00:16,030 [INFO] [97/121] 시의회 앞 (primary=KEY_1)
2026-05-15 01:00:17,410 [INFO] [98/121] 신논현역·논현역 (primary=KEY_2)
2026-05-15 01:00:18,790 [INFO] [99/121] 신도림역 (primary=KEY_3)
2026-05-15 01:00:19,960 [INFO] [100/121] 신림역 (primary=KEY_4)
2026-05-15 01:00:21,332 [INFO] [101/121] 신정네거리역 (primary=KEY_1)
2026-05-15 01:00:22,680 [INFO] [102/121] 신촌·이대역 (primary=KEY_2)
2026-05-15 01:00:24,065 [INFO] [103/121] 쌍문역 (primary=KEY_3)
2026-05-15 01:00:25,451 [INFO] [104/121] 양재역 (primary=KEY_4)
2026-05-15 01:00:26,825 [INFO] [105/121] 역삼역 (primary=KEY_1)
2026-05-15 01:00:28,362 [INFO] [106/121] 연신내역 (primary=KEY_2)
2026-05-15 01:00:29,569 [INFO] [107/121] 오목교역·목동운동장 (primary=KEY_3)
2026-05-15 01:00:31,561 [INFO] [108/121] 왕십리역 (primary=KEY_4)
2026-05-15 01:00:33,161 [INFO] [109/121] 용산역 (primary=KEY_1)
2026-05-15 01:00:34,742 [INFO] [110/121] 이태원역 (primary=KEY_2)
2026-05-15 01:00:35,991 [INFO] [111/121] 잠실새내역 (primary=KEY_3)
2026-05-15 01:00:37,378 [INFO] [112/121] 잠실역 (primary=KEY_4)
2026-05-15 01:00:38,950 [INFO] [113/121] 장지역 (primary=KEY_1)
2026-05-15 01:00:40,523 [INFO] [114/121] 장한평역 (primary=KEY_2)
2026-05-15 01:00:41,909 [INFO] [115/121] 천호역 (primary=KEY_3)
2026-05-15 01:00:43,292 [INFO] [116/121] 총신대입구(이수)역 (primary=KEY_4)
2026-05-15 01:00:44,682 [INFO] [117/121] 충정로역 (primary=KEY_1)
2026-05-15 01:00:46,060 [INFO] [118/121] 합정역 (primary=KEY_2)
2026-05-15 01:00:47,444 [INFO] [119/121] 혜화역 (primary=KEY_3)
2026-05-15 01:00:48,826 [INFO] [120/121] 홍대입구역(2호선) (primary=KEY_4)
2026-05-15 01:00:50,203 [INFO] [121/121] 회기역 (primary=KEY_1)
2026-05-15 01:00:52,267 [INFO] === 수집 완료 | 성공 121, 실패 0 ===
2026-05-15 01:00:52,267 [INFO] 카테고리별 저장 결과:
2026-05-15 01:00:52,267 [INFO]    accident                  | 신규     1행 | 누적      2행 | 16컬럼
2026-05-15 01:00:52,267 [INFO]    area_meta                 | 신규   121행 | 누적    242행 | 5컬럼
2026-05-15 01:00:52,267 [INFO]    bike                      | 신규    11행 | 누적     22행 | 12컬럼
2026-05-15 01:00:52,267 [INFO]    bike_sbike_stts           | 신규   558행 | 누적   1116행 | 12컬럼
2026-05-15 01:00:52,267 [INFO]    bus                       | 신규     3행 | 누적      6행 | 11컬럼
2026-05-15 01:00:52,267 [INFO]    bus_bus_stn_stts          | 신규  1745행 | 누적   3490행 | 11컬럼
2026-05-15 01:00:52,267 [INFO]    charger                   | 신규     4행 | 누적      8행 | 15컬럼
2026-05-15 01:00:52,267 [INFO]    charger_charger_stts      | 신규  1884행 | 누적   3738행 | 15컬럼
2026-05-15 01:00:52,267 [INFO]    cmrcl                     | 신규    82행 | 누적    164행 | 20컬럼
2026-05-15 01:00:52,267 [INFO]    events                    | 신규    12행 | 누적     24행 | 14컬럼
2026-05-15 01:00:52,267 [INFO]    events_event_stts         | 신규   173행 | 누적    346행 | 14컬럼
2026-05-15 01:00:52,267 [INFO]    parking                   | 신규     6행 | 누적     12행 | 21컬럼
2026-05-15 01:00:52,267 [INFO]    parking_prk_stts          | 신규  1835행 | 누적   3670행 | 21컬럼
2026-05-15 01:00:52,267 [INFO]    ppltn                     | 신규   121행 | 누적    242행 | 26컬럼
2026-05-15 01:00:52,267 [INFO]    road                      | 신규   121행 | 누적    242행 | 21컬럼
2026-05-15 01:00:52,267 [INFO]    road_road_traffic_stts    | 신규  5241행 | 누적  10482행 | 17컬럼
2026-05-15 01:00:52,267 [INFO]    subway                    | 신규    38행 | 누적     76행 | 13컬럼
2026-05-15 01:00:52,268 [INFO]    subway_sub_stts           | 신규   183행 | 누적    366행 | 13컬럼
2026-05-15 01:00:52,268 [INFO]    weather                   | 신규   119행 | 누적    238행 | 29컬럼
2026-05-15 01:00:52,268 [INFO] 키별 사용량:
2026-05-15 01:00:52,268 [INFO]    🟢 KEY_1 (31/1000) 
2026-05-15 01:00:52,268 [INFO]    🟢 KEY_2 (30/1000) 
2026-05-15 01:00:52,268 [INFO]    🟢 KEY_3 (30/1000) 
2026-05-15 01:00:52,268 [INFO]    🟢 KEY_4 (30/1000) 
2026-05-15 01:51:35,162 [INFO] 등록된 키: 4개, 합산 한도 4,000건/일
2026-05-15 01:51:35,163 [INFO] POI 로드: 매뉴얼 v8.5 기준 fallback 121개 (121개 전체)
2026-05-15 01:51:35,163 [INFO] === 수집 시작 2026-05-15T01:51:35.163762+09:00 ===
2026-05-15 01:51:35,163 [INFO] 대상 장소: 121개 | API: citydata (통합)
2026-05-15 01:51:35,163 [INFO] 키 풀: 4/4 활성 | 오늘 사용 0/4000건
2026-05-15 01:51:35,164 [INFO]   [KEY_1] 담당 31장소
2026-05-15 01:51:35,164 [INFO]   [KEY_2] 담당 30장소
2026-05-15 01:51:35,164 [INFO]   [KEY_3] 담당 30장소
2026-05-15 01:51:35,164 [INFO]   [KEY_4] 담당 30장소
2026-05-15 01:51:35,164 [INFO] [1/121] 경복궁 (primary=KEY_1)
2026-05-15 01:51:37,117 [INFO] [2/121] 광화문·덕수궁 (primary=KEY_2)
2026-05-15 01:51:38,887 [INFO] [3/121] 보신각 (primary=KEY_3)
2026-05-15 01:51:40,979 [INFO] [4/121] 서울 암사동 유적 (primary=KEY_4)
2026-05-15 01:51:42,682 [INFO] [5/121] 창덕궁·종묘 (primary=KEY_1)
2026-05-15 01:51:44,168 [INFO] [6/121] 강남 MICE 관광특구 (primary=KEY_2)
2026-05-15 01:51:46,167 [INFO] [7/121] 동대문 관광특구 (primary=KEY_3)
2026-05-15 01:51:48,494 [INFO] [8/121] 명동 관광특구 (primary=KEY_4)
2026-05-15 01:51:50,520 [INFO] [9/121] 이태원 관광특구 (primary=KEY_1)
2026-05-15 01:51:51,856 [INFO] [10/121] 잠실 관광특구 (primary=KEY_2)
2026-05-15 01:51:53,412 [INFO] [11/121] 종로·청계 관광특구 (primary=KEY_3)
2026-05-15 01:51:55,818 [INFO] [12/121] 홍대 관광특구 (primary=KEY_4)
2026-05-15 01:51:58,184 [INFO] [13/121] 강서한강공원 (primary=KEY_1)
2026-05-15 01:52:00,075 [INFO] [14/121] 고척돔 (primary=KEY_2)
2026-05-15 01:52:02,031 [INFO] [15/121] 광나루한강공원 (primary=KEY_3)
2026-05-15 01:52:03,384 [INFO] [16/121] 광화문광장 (primary=KEY_4)
2026-05-15 01:52:05,535 [INFO] [17/121] 국립중앙박물관·용산가족공원 (primary=KEY_1)
2026-05-15 01:52:07,462 [INFO] [18/121] 난지한강공원 (primary=KEY_2)
2026-05-15 01:52:08,617 [INFO] [19/121] 남산공원 (primary=KEY_3)
2026-05-15 01:52:10,190 [INFO] [20/121] 노들섬 (primary=KEY_4)
2026-05-15 01:52:12,135 [INFO] [21/121] 뚝섬한강공원 (primary=KEY_1)
2026-05-15 01:52:14,080 [INFO] [22/121] 망원한강공원 (primary=KEY_2)
2026-05-15 01:52:15,454 [INFO] [23/121] 반포한강공원 (primary=KEY_3)
2026-05-15 01:52:17,381 [INFO] [24/121] 보라매공원 (primary=KEY_4)
2026-05-15 01:52:18,555 [INFO] [25/121] 북서울꿈의숲 (primary=KEY_1)
2026-05-15 01:52:20,529 [INFO] [26/121] 서대문독립공원 (primary=KEY_2)
2026-05-15 01:52:21,690 [INFO] [27/121] 서리풀공원·몽마르뜨공원 (primary=KEY_3)
2026-05-15 01:52:22,898 [INFO] [28/121] 서울대공원 (primary=KEY_4)
2026-05-15 01:52:24,807 [INFO] [29/121] 서울숲공원 (primary=KEY_1)
2026-05-15 01:52:26,194 [INFO] [30/121] 송현녹지광장 (primary=KEY_2)
2026-05-15 01:52:27,561 [INFO] [31/121] 아차산 (primary=KEY_3)
2026-05-15 01:52:28,701 [INFO] [32/121] 안양천 (primary=KEY_4)
2026-05-15 01:52:30,443 [INFO] [33/121] 양화한강공원 (primary=KEY_1)
2026-05-15 01:52:32,360 [INFO] [34/121] 어린이대공원 (primary=KEY_2)
2026-05-15 01:52:33,495 [INFO] [35/121] 여의도한강공원 (primary=KEY_3)
2026-05-15 01:52:34,803 [INFO] [36/121] 여의서로 (primary=KEY_4)
2026-05-15 01:52:35,951 [INFO] [37/121] 올림픽공원 (primary=KEY_1)
2026-05-15 01:52:38,363 [INFO] [38/121] 월드컵공원 (primary=KEY_2)
2026-05-15 01:52:39,949 [INFO] [39/121] 응봉산 (primary=KEY_3)
2026-05-15 01:52:41,243 [INFO] [40/121] 이촌한강공원 (primary=KEY_4)
2026-05-15 01:52:42,376 [INFO] [41/121] 잠실종합운동장 (primary=KEY_1)
2026-05-15 01:52:43,520 [INFO] [42/121] 잠실한강공원 (primary=KEY_2)
2026-05-15 01:52:45,426 [INFO] [43/121] 잠원한강공원 (primary=KEY_3)
2026-05-15 01:52:47,660 [INFO] [44/121] 청계산 (primary=KEY_4)
2026-05-15 01:52:49,564 [INFO] [45/121] 홍제폭포 (primary=KEY_1)
2026-05-15 01:52:50,710 [INFO] [46/121] 가락시장 (primary=KEY_2)
2026-05-15 01:52:52,068 [INFO] [47/121] 가로수길 (primary=KEY_3)
2026-05-15 01:52:53,447 [INFO] [48/121] 광장(전통)시장 (primary=KEY_4)
2026-05-15 01:52:54,595 [INFO] [49/121] 김포공항 (primary=KEY_1)
2026-05-15 01:52:55,936 [INFO] [50/121] 남대문시장 (primary=KEY_2)
2026-05-15 01:52:57,665 [INFO] [51/121] 노량진 (primary=KEY_3)
2026-05-15 01:52:58,843 [INFO] [52/121] 덕수궁길·정동길 (primary=KEY_4)
2026-05-15 01:53:00,255 [INFO] [53/121] 북창동 먹자골목 (primary=KEY_1)
2026-05-15 01:53:01,410 [INFO] [54/121] 북촌한옥마을 (primary=KEY_2)
2026-05-15 01:53:02,773 [INFO] [55/121] 서촌 (primary=KEY_3)
2026-05-15 01:53:04,113 [INFO] [56/121] 성수카페거리 (primary=KEY_4)
2026-05-15 01:53:05,480 [INFO] [57/121] 송리단길·호수단길 (primary=KEY_1)
2026-05-15 01:53:06,847 [INFO] [58/121] 신촌 스타광장 (primary=KEY_2)
2026-05-15 01:53:08,024 [INFO] [59/121] 압구정로데오거리 (primary=KEY_3)
2026-05-15 01:53:09,333 [INFO] [60/121] 여의도 (primary=KEY_4)
2026-05-15 01:53:11,384 [INFO] [61/121] 연남동 (primary=KEY_1)
2026-05-15 01:53:12,725 [INFO] [62/121] 영등포 타임스퀘어 (primary=KEY_2)
2026-05-15 01:53:14,085 [INFO] [63/121] 용리단길 (primary=KEY_3)
2026-05-15 01:53:15,259 [INFO] [64/121] 이태원 앤틱가구거리 (primary=KEY_4)
2026-05-15 01:53:17,164 [INFO] [65/121] 익선동 (primary=KEY_1)
2026-05-15 01:53:18,494 [INFO] [66/121] 인사동 (primary=KEY_2)
2026-05-15 01:53:19,822 [INFO] [67/121] 잠실롯데타워·석촌호수 (primary=KEY_3)
2026-05-15 01:53:21,198 [INFO] [68/121] 창동 신경제 중심지 (primary=KEY_4)
2026-05-15 01:53:22,723 [INFO] [69/121] 청담동 명품거리 (primary=KEY_1)
2026-05-15 01:53:24,047 [INFO] [70/121] 청량리 제기동 일대 전통시장 (primary=KEY_2)
2026-05-15 01:53:25,378 [INFO] [71/121] 해방촌·경리단길 (primary=KEY_3)
2026-05-15 01:53:26,492 [INFO] [72/121] DDP(동대문디자인플라자) (primary=KEY_4)
2026-05-15 01:53:27,892 [INFO] [73/121] DMC(디지털미디어시티) (primary=KEY_1)
2026-05-15 01:53:29,475 [INFO] [74/121] 가산디지털단지역 (primary=KEY_2)
2026-05-15 01:53:30,987 [INFO] [75/121] 강남역 (primary=KEY_3)
2026-05-15 01:53:32,555 [INFO] [76/121] 건대입구역 (primary=KEY_4)
2026-05-15 01:53:33,908 [INFO] [77/121] 고덕역 (primary=KEY_1)
2026-05-15 01:53:35,635 [INFO] [78/121] 고속터미널역 (primary=KEY_2)
2026-05-15 01:53:36,824 [INFO] [79/121] 교대역 (primary=KEY_3)
2026-05-15 01:53:37,975 [INFO] [80/121] 구로디지털단지역 (primary=KEY_4)
2026-05-15 01:53:39,304 [INFO] [81/121] 구로역 (primary=KEY_1)
2026-05-15 01:53:40,445 [INFO] [82/121] 군자역 (primary=KEY_2)
2026-05-15 01:53:41,604 [INFO] [83/121] 대림역 (primary=KEY_3)
2026-05-15 01:53:42,786 [INFO] [84/121] 동대문역 (primary=KEY_4)
2026-05-15 01:53:43,952 [INFO] [85/121] 뚝섬역 (primary=KEY_1)
2026-05-15 01:53:45,290 [INFO] [86/121] 미아사거리역 (primary=KEY_2)
2026-05-15 01:53:46,615 [INFO] [87/121] 발산역 (primary=KEY_3)
2026-05-15 01:53:48,140 [INFO] [88/121] 사당역 (primary=KEY_4)
2026-05-15 01:53:49,337 [INFO] [89/121] 삼각지역 (primary=KEY_1)
2026-05-15 01:53:50,512 [INFO] [90/121] 서울대입구역 (primary=KEY_2)
2026-05-15 01:53:51,645 [INFO] [91/121] 서울식물원·마곡나루역 (primary=KEY_3)
2026-05-15 01:53:53,003 [INFO] [92/121] 서울역 (primary=KEY_4)
2026-05-15 01:53:54,381 [INFO] [93/121] 선릉역 (primary=KEY_1)
2026-05-15 01:53:56,769 [INFO] [94/121] 성신여대입구역 (primary=KEY_2)
2026-05-15 01:53:57,922 [INFO] [95/121] 수유역 (primary=KEY_3)
2026-05-15 01:53:59,253 [INFO] [96/121] 숭례문 (primary=KEY_4)
2026-05-15 01:54:00,586 [INFO] [97/121] 시의회 앞 (primary=KEY_1)
2026-05-15 01:54:01,913 [INFO] [98/121] 신논현역·논현역 (primary=KEY_2)
2026-05-15 01:54:03,313 [INFO] [99/121] 신도림역 (primary=KEY_3)
2026-05-15 01:54:04,436 [INFO] [100/121] 신림역 (primary=KEY_4)
2026-05-15 01:54:05,565 [INFO] [101/121] 신정네거리역 (primary=KEY_1)
2026-05-15 01:54:06,713 [INFO] [102/121] 신촌·이대역 (primary=KEY_2)
2026-05-15 01:54:08,030 [INFO] [103/121] 쌍문역 (primary=KEY_3)
2026-05-15 01:54:09,164 [INFO] [104/121] 양재역 (primary=KEY_4)
2026-05-15 01:54:10,326 [INFO] [105/121] 역삼역 (primary=KEY_1)
2026-05-15 01:54:11,680 [INFO] [106/121] 연신내역 (primary=KEY_2)
2026-05-15 01:54:12,818 [INFO] [107/121] 오목교역·목동운동장 (primary=KEY_3)
2026-05-15 01:54:14,507 [INFO] [108/121] 왕십리역 (primary=KEY_4)
2026-05-15 01:54:16,434 [INFO] [109/121] 용산역 (primary=KEY_1)
2026-05-15 01:54:18,533 [INFO] [110/121] 이태원역 (primary=KEY_2)
2026-05-15 01:54:20,290 [INFO] [111/121] 잠실새내역 (primary=KEY_3)
2026-05-15 01:54:21,641 [INFO] [112/121] 잠실역 (primary=KEY_4)
2026-05-15 01:54:23,815 [INFO] [113/121] 장지역 (primary=KEY_1)
2026-05-15 01:54:25,900 [INFO] [114/121] 장한평역 (primary=KEY_2)
2026-05-15 01:54:27,225 [INFO] [115/121] 천호역 (primary=KEY_3)
2026-05-15 01:54:28,618 [INFO] [116/121] 총신대입구(이수)역 (primary=KEY_4)
2026-05-15 01:54:30,802 [INFO] [117/121] 충정로역 (primary=KEY_1)
2026-05-15 01:54:32,766 [INFO] [118/121] 합정역 (primary=KEY_2)
2026-05-15 01:54:34,876 [INFO] [119/121] 혜화역 (primary=KEY_3)
2026-05-15 01:54:36,039 [INFO] [120/121] 홍대입구역(2호선) (primary=KEY_4)
2026-05-15 01:54:37,801 [INFO] [121/121] 회기역 (primary=KEY_1)
2026-05-15 01:54:40,752 [INFO] === 수집 완료 | 성공 121, 실패 0 ===
2026-05-15 01:54:40,752 [INFO] 카테고리별 저장 결과:
2026-05-15 01:54:40,752 [INFO]    accident                  | 신규     1행 | 누적      3행 | 16컬럼
2026-05-15 01:54:40,752 [INFO]    area_meta                 | 신규   121행 | 누적    363행 | 5컬럼
2026-05-15 01:54:40,752 [INFO]    bike                      | 신규    11행 | 누적     33행 | 12컬럼
2026-05-15 01:54:40,752 [INFO]    bike_sbike_stts           | 신규   558행 | 누적   1674행 | 12컬럼
2026-05-15 01:54:40,752 [INFO]    bus                       | 신규     3행 | 누적      9행 | 11컬럼
2026-05-15 01:54:40,753 [INFO]    bus_bus_stn_stts          | 신규  1745행 | 누적   5235행 | 11컬럼
2026-05-15 01:54:40,753 [INFO]    charger                   | 신규    25행 | 누적     33행 | 15컬럼
2026-05-15 01:54:40,753 [INFO]    charger_charger_stts      | 신규   323행 | 누적   4059행 | 15컬럼
2026-05-15 01:54:40,753 [INFO]    cmrcl                     | 신규    82행 | 누적    246행 | 20컬럼
2026-05-15 01:54:40,753 [INFO]    events                    | 신규    12행 | 누적     36행 | 14컬럼
2026-05-15 01:54:40,753 [INFO]    events_event_stts         | 신규   173행 | 누적    519행 | 14컬럼
2026-05-15 01:54:40,753 [INFO]    parking                   | 신규     6행 | 누적     18행 | 21컬럼
2026-05-15 01:54:40,753 [INFO]    parking_prk_stts          | 신규  1835행 | 누적   5505행 | 21컬럼
2026-05-15 01:54:40,753 [INFO]    ppltn                     | 신규   121행 | 누적    363행 | 26컬럼
2026-05-15 01:54:40,753 [INFO]    road                      | 신규   121행 | 누적    363행 | 21컬럼
2026-05-15 01:54:40,753 [INFO]    road_road_traffic_stts    | 신규  5241행 | 누적  15723행 | 17컬럼
2026-05-15 01:54:40,753 [INFO]    subway                    | 신규    38행 | 누적    114행 | 13컬럼
2026-05-15 01:54:40,753 [INFO]    subway_sub_stts           | 신규   183행 | 누적    549행 | 13컬럼
2026-05-15 01:54:40,753 [INFO]    weather                   | 신규   119행 | 누적    357행 | 29컬럼
2026-05-15 01:54:40,753 [INFO] 키별 사용량:
2026-05-15 01:54:40,753 [INFO]    🟢 KEY_1 (31/1000) 
2026-05-15 01:54:40,753 [INFO]    🟢 KEY_2 (30/1000) 
2026-05-15 01:54:40,754 [INFO]    🟢 KEY_3 (30/1000) 
2026-05-15 01:54:40,754 [INFO]    🟢 KEY_4 (30/1000) 
