2026-09-17 03:11:00,177 [INFO] 등록된 키: 4개, 합산 한도 4,000건/일
2026-09-17 03:11:00,177 [INFO] POI 로드: 매뉴얼 v8.5 기준 fallback 121개 (121개 전체)
2026-09-17 03:11:00,177 [INFO] === 수집 시작 2026-09-17T03:11:00.177744+09:00 ===
2026-09-17 03:11:00,177 [INFO] 대상 장소: 121개 | API: citydata (통합)
2026-09-17 03:11:00,177 [INFO] 키 풀: 4/4 활성 | 오늘 사용 0/4000건
2026-09-17 03:11:00,177 [INFO]   [KEY_1] 담당 31장소
2026-09-17 03:11:00,177 [INFO]   [KEY_2] 담당 30장소
2026-09-17 03:11:00,177 [INFO]   [KEY_3] 담당 30장소
2026-09-17 03:11:00,178 [INFO]   [KEY_4] 담당 30장소
2026-09-17 03:11:00,178 [INFO] [1/121] 경복궁 (primary=KEY_1)
2026-09-17 03:11:01,949 [INFO] [2/121] 광화문·덕수궁 (primary=KEY_2)
2026-09-17 03:11:04,341 [INFO] [3/121] 보신각 (primary=KEY_3)
2026-09-17 03:11:06,547 [INFO] [4/121] 서울 암사동 유적 (primary=KEY_4)
2026-09-17 03:11:08,439 [INFO] [5/121] 창덕궁·종묘 (primary=KEY_1)
2026-09-17 03:11:10,321 [INFO] [6/121] 강남 MICE 관광특구 (primary=KEY_2)
2026-09-17 03:11:12,235 [INFO] [7/121] 동대문 관광특구 (primary=KEY_3)
2026-09-17 03:11:14,484 [INFO] [8/121] 명동 관광특구 (primary=KEY_4)
2026-09-17 03:11:16,095 [INFO] [9/121] 이태원 관광특구 (primary=KEY_1)
2026-09-17 03:11:18,141 [INFO] [10/121] 잠실 관광특구 (primary=KEY_2)
2026-09-17 03:11:19,776 [INFO] [11/121] 종로·청계 관광특구 (primary=KEY_3)
2026-09-17 03:11:21,212 [INFO] [12/121] 홍대 관광특구 (primary=KEY_4)
2026-09-17 03:11:22,648 [INFO] [13/121] 강서한강공원 (primary=KEY_1)
2026-09-17 03:11:24,346 [INFO] [14/121] 고척돔 (primary=KEY_2)
2026-09-17 03:11:25,413 [INFO] [15/121] 광나루한강공원 (primary=KEY_3)
2026-09-17 03:11:26,630 [INFO] [16/121] 광화문광장 (primary=KEY_4)
2026-09-17 03:11:28,678 [INFO] [17/121] 국립중앙박물관·용산가족공원 (primary=KEY_1)
2026-09-17 03:11:29,750 [INFO] [18/121] 난지한강공원 (primary=KEY_2)
2026-09-17 03:11:31,486 [INFO] [19/121] 남산공원 (primary=KEY_3)
2026-09-17 03:11:33,547 [INFO] [20/121] 노들섬 (primary=KEY_4)
2026-09-17 03:11:35,259 [INFO] [21/121] 뚝섬한강공원 (primary=KEY_1)
2026-09-17 03:11:36,325 [INFO] [22/121] 망원한강공원 (primary=KEY_2)
2026-09-17 03:11:38,216 [INFO] [23/121] 반포한강공원 (primary=KEY_3)
2026-09-17 03:11:39,959 [INFO] [24/121] 보라매공원 (primary=KEY_4)
2026-09-17 03:11:41,019 [INFO] [25/121] 북서울꿈의숲 (primary=KEY_1)
2026-09-17 03:11:42,242 [INFO] [26/121] 서대문독립공원 (primary=KEY_2)
2026-09-17 03:11:43,336 [INFO] [27/121] 서리풀공원·몽마르뜨공원 (primary=KEY_3)
2026-09-17 03:11:44,424 [INFO] [28/121] 서울대공원 (primary=KEY_4)
2026-09-17 03:11:46,320 [INFO] [29/121] 서울숲공원 (primary=KEY_1)
2026-09-17 03:11:48,216 [INFO] [30/121] 송현녹지광장 (primary=KEY_2)
2026-09-17 03:11:49,432 [INFO] [31/121] 아차산 (primary=KEY_3)
2026-09-17 03:11:50,492 [INFO] [32/121] 안양천 (primary=KEY_4)
2026-09-17 03:11:51,555 [INFO] [33/121] 양화한강공원 (primary=KEY_1)
2026-09-17 03:11:52,612 [INFO] [34/121] 어린이대공원 (primary=KEY_2)
2026-09-17 03:11:53,856 [INFO] [35/121] 여의도한강공원 (primary=KEY_3)
2026-09-17 03:11:55,102 [INFO] [36/121] 여의서로 (primary=KEY_4)
2026-09-17 03:11:56,332 [INFO] [37/121] 올림픽공원 (primary=KEY_1)
2026-09-17 03:11:57,614 [INFO] [38/121] 월드컵공원 (primary=KEY_2)
2026-09-17 03:11:59,117 [INFO] [39/121] 응봉산 (primary=KEY_3)
2026-09-17 03:12:00,983 [INFO] [40/121] 이촌한강공원 (primary=KEY_4)
2026-09-17 03:12:02,029 [INFO] [41/121] 잠실종합운동장 (primary=KEY_1)
2026-09-17 03:12:04,102 [INFO] [42/121] 잠실한강공원 (primary=KEY_2)
2026-09-17 03:12:06,209 [INFO] [43/121] 잠원한강공원 (primary=KEY_3)
2026-09-17 03:12:08,228 [INFO] [44/121] 청계산 (primary=KEY_4)
2026-09-17 03:12:09,278 [INFO] [45/121] 홍제폭포 (primary=KEY_1)
2026-09-17 03:12:10,348 [INFO] [46/121] 가락시장 (primary=KEY_2)
2026-09-17 03:12:11,584 [INFO] [47/121] 가로수길 (primary=KEY_3)
2026-09-17 03:12:12,818 [INFO] [48/121] 광장(전통)시장 (primary=KEY_4)
2026-09-17 03:12:13,876 [INFO] [49/121] 김포공항 (primary=KEY_1)
2026-09-17 03:12:15,263 [INFO] [50/121] 남대문시장 (primary=KEY_2)
2026-09-17 03:12:16,477 [INFO] [51/121] 노량진 (primary=KEY_3)
2026-09-17 03:12:17,709 [INFO] [52/121] 덕수궁길·정동길 (primary=KEY_4)
2026-09-17 03:12:18,943 [INFO] [53/121] 북창동 먹자골목 (primary=KEY_1)
2026-09-17 03:12:20,170 [INFO] [54/121] 북촌한옥마을 (primary=KEY_2)
2026-09-17 03:12:21,558 [INFO] [55/121] 서촌 (primary=KEY_3)
2026-09-17 03:12:22,781 [INFO] [56/121] 성수카페거리 (primary=KEY_4)
2026-09-17 03:12:24,186 [INFO] [57/121] 송리단길·호수단길 (primary=KEY_1)
2026-09-17 03:12:25,446 [INFO] [58/121] 신촌 스타광장 (primary=KEY_2)
2026-09-17 03:12:26,593 [INFO] [59/121] 압구정로데오거리 (primary=KEY_3)
2026-09-17 03:12:27,830 [INFO] [60/121] 여의도 (primary=KEY_4)
2026-09-17 03:12:29,780 [INFO] [61/121] 연남동 (primary=KEY_1)
2026-09-17 03:12:30,998 [INFO] [62/121] 영등포 타임스퀘어 (primary=KEY_2)
2026-09-17 03:12:32,226 [INFO] [63/121] 용리단길 (primary=KEY_3)
2026-09-17 03:12:33,293 [INFO] [64/121] 이태원 앤틱가구거리 (primary=KEY_4)
2026-09-17 03:12:34,368 [INFO] [65/121] 익선동 (primary=KEY_1)
2026-09-17 03:12:35,606 [INFO] [66/121] 인사동 (primary=KEY_2)
2026-09-17 03:12:37,024 [INFO] [67/121] 잠실롯데타워·석촌호수 (primary=KEY_3)
2026-09-17 03:12:38,592 [INFO] [68/121] 창동 신경제 중심지 (primary=KEY_4)
2026-09-17 03:12:40,152 [INFO] [69/121] 청담동 명품거리 (primary=KEY_1)
2026-09-17 03:12:41,391 [INFO] [70/121] 청량리 제기동 일대 전통시장 (primary=KEY_2)
2026-09-17 03:12:42,640 [INFO] [71/121] 해방촌·경리단길 (primary=KEY_3)
2026-09-17 03:12:44,743 [INFO] [72/121] DDP(동대문디자인플라자) (primary=KEY_4)
2026-09-17 03:12:45,983 [INFO] [73/121] DMC(디지털미디어시티) (primary=KEY_1)
2026-09-17 03:12:47,582 [INFO] [74/121] 가산디지털단지역 (primary=KEY_2)
2026-09-17 03:12:49,330 [INFO] [75/121] 강남역 (primary=KEY_3)
2026-09-17 03:12:51,422 [INFO] [76/121] 건대입구역 (primary=KEY_4)
2026-09-17 03:12:52,673 [INFO] [77/121] 고덕역 (primary=KEY_1)
2026-09-17 03:12:53,908 [INFO] [78/121] 고속터미널역 (primary=KEY_2)
2026-09-17 03:12:55,174 [INFO] [79/121] 교대역 (primary=KEY_3)
2026-09-17 03:12:56,262 [INFO] [80/121] 구로디지털단지역 (primary=KEY_4)
2026-09-17 03:12:57,669 [INFO] [81/121] 구로역 (primary=KEY_1)
2026-09-17 03:12:58,897 [INFO] [82/121] 군자역 (primary=KEY_2)
2026-09-17 03:13:00,015 [INFO] [83/121] 대림역 (primary=KEY_3)
2026-09-17 03:13:01,280 [INFO] [84/121] 동대문역 (primary=KEY_4)
2026-09-17 03:13:02,529 [INFO] [85/121] 뚝섬역 (primary=KEY_1)
2026-09-17 03:13:03,775 [INFO] [86/121] 미아사거리역 (primary=KEY_2)
2026-09-17 03:13:05,019 [INFO] [87/121] 발산역 (primary=KEY_3)
2026-09-17 03:13:06,425 [INFO] [88/121] 사당역 (primary=KEY_4)
2026-09-17 03:13:07,712 [INFO] [89/121] 삼각지역 (primary=KEY_1)
2026-09-17 03:13:08,814 [INFO] [90/121] 서울대입구역 (primary=KEY_2)
2026-09-17 03:13:10,073 [INFO] [91/121] 서울식물원·마곡나루역 (primary=KEY_3)
2026-09-17 03:13:11,542 [INFO] [92/121] 서울역 (primary=KEY_4)
2026-09-17 03:13:12,834 [INFO] [93/121] 선릉역 (primary=KEY_1)
2026-09-17 03:13:14,473 [INFO] [94/121] 성신여대입구역 (primary=KEY_2)
2026-09-17 03:13:16,445 [INFO] [95/121] 수유역 (primary=KEY_3)
2026-09-17 03:13:18,677 [INFO] [96/121] 숭례문 (primary=KEY_4)
2026-09-17 03:13:20,621 [INFO] [97/121] 시의회 앞 (primary=KEY_1)
2026-09-17 03:13:22,527 [INFO] [98/121] 신논현역·논현역 (primary=KEY_2)
2026-09-17 03:13:24,962 [INFO] [99/121] 신도림역 (primary=KEY_3)
2026-09-17 03:13:26,705 [INFO] [100/121] 신림역 (primary=KEY_4)
2026-09-17 03:13:27,791 [INFO] [101/121] 신정네거리역 (primary=KEY_1)
2026-09-17 03:13:29,028 [INFO] [102/121] 신촌·이대역 (primary=KEY_2)
2026-09-17 03:13:31,110 [INFO] [103/121] 쌍문역 (primary=KEY_3)
2026-09-17 03:13:33,169 [INFO] [104/121] 양재역 (primary=KEY_4)
2026-09-17 03:13:35,081 [INFO] [105/121] 역삼역 (primary=KEY_1)
2026-09-17 03:13:37,138 [INFO] [106/121] 연신내역 (primary=KEY_2)
2026-09-17 03:13:38,898 [INFO] [107/121] 오목교역·목동운동장 (primary=KEY_3)
2026-09-17 03:13:41,602 [INFO] [108/121] 왕십리역 (primary=KEY_4)
2026-09-17 03:13:42,903 [INFO] [109/121] 용산역 (primary=KEY_1)
2026-09-17 03:13:44,993 [INFO] [110/121] 이태원역 (primary=KEY_2)
2026-09-17 03:13:46,722 [INFO] [111/121] 잠실새내역 (primary=KEY_3)
2026-09-17 03:13:48,629 [INFO] [112/121] 잠실역 (primary=KEY_4)
2026-09-17 03:13:50,083 [INFO] [113/121] 장지역 (primary=KEY_1)
2026-09-17 03:13:51,501 [INFO] [114/121] 장한평역 (primary=KEY_2)
2026-09-17 03:13:53,761 [INFO] [115/121] 천호역 (primary=KEY_3)
2026-09-17 03:13:55,041 [INFO] [116/121] 총신대입구(이수)역 (primary=KEY_4)
2026-09-17 03:13:56,301 [INFO] [117/121] 충정로역 (primary=KEY_1)
2026-09-17 03:13:57,553 [INFO] [118/121] 합정역 (primary=KEY_2)
2026-09-17 03:13:58,799 [INFO] [119/121] 혜화역 (primary=KEY_3)
2026-09-17 03:14:00,043 [INFO] [120/121] 홍대입구역(2호선) (primary=KEY_4)
2026-09-17 03:14:01,289 [INFO] [121/121] 회기역 (primary=KEY_1)
2026-09-17 03:14:02,849 [INFO] === 수집 완료 | 성공 121, 실패 0 ===
2026-09-17 03:14:02,849 [INFO] 카테고리별 저장 결과:
2026-09-17 03:14:02,849 [INFO]    area_meta                 | 신규   121행 | 누적    121행 | 5컬럼
2026-09-17 03:14:02,849 [INFO]    bike                      | 신규    10행 | 누적     10행 | 12컬럼
2026-09-17 03:14:02,849 [INFO]    bike_sbike_stts           | 신규   572행 | 누적    572행 | 12컬럼
2026-09-17 03:14:02,849 [INFO]    bus                       | 신규     3행 | 누적      3행 | 11컬럼
2026-09-17 03:14:02,849 [INFO]    bus_bus_stn_stts          | 신규  1745행 | 누적   1745행 | 11컬럼
2026-09-17 03:14:02,849 [INFO]    charger                   | 신규     4행 | 누적      4행 | 15컬럼
2026-09-17 03:14:02,849 [INFO]    charger_charger_stts      | 신규  1917행 | 누적   1917행 | 15컬럼
2026-09-17 03:14:02,849 [INFO]    cmrcl                     | 신규    82행 | 누적     82행 | 20컬럼
2026-09-17 03:14:02,849 [INFO]    events                    | 신규    14행 | 누적     14행 | 14컬럼
2026-09-17 03:14:02,849 [INFO]    events_event_stts         | 신규   127행 | 누적    127행 | 14컬럼
2026-09-17 03:14:02,849 [INFO]    parking                   | 신규     6행 | 누적      6행 | 21컬럼
2026-09-17 03:14:02,849 [INFO]    parking_prk_stts          | 신규  1832행 | 누적   1832행 | 21컬럼
2026-09-17 03:14:02,849 [INFO]    ppltn                     | 신규   121행 | 누적    121행 | 26컬럼
2026-09-17 03:14:02,849 [INFO]    road                      | 신규   121행 | 누적    121행 | 21컬럼
2026-09-17 03:14:02,849 [INFO]    road_road_traffic_stts    | 신규  5298행 | 누적   5298행 | 17컬럼
2026-09-17 03:14:02,849 [INFO]    subway                    | 신규    38행 | 누적     38행 | 12컬럼
2026-09-17 03:14:02,849 [INFO]    subway_sub_stts           | 신규   183행 | 누적    183행 | 13컬럼
2026-09-17 03:14:02,849 [INFO]    weather                   | 신규   119행 | 누적    119행 | 29컬럼
2026-09-17 03:14:02,849 [INFO] 키별 사용량:
2026-09-17 03:14:02,849 [INFO]    🟢 KEY_1 (31/1000) 
2026-09-17 03:14:02,849 [INFO]    🟢 KEY_2 (30/1000) 
2026-09-17 03:14:02,849 [INFO]    🟢 KEY_3 (30/1000) 
2026-09-17 03:14:02,849 [INFO]    🟢 KEY_4 (30/1000) 
2026-09-17 07:06:21,597 [INFO] 등록된 키: 4개, 합산 한도 4,000건/일
2026-09-17 07:06:21,597 [INFO] POI 로드: 매뉴얼 v8.5 기준 fallback 121개 (121개 전체)
2026-09-17 07:06:21,597 [INFO] === 수집 시작 2026-09-17T07:06:21.597925+09:00 ===
2026-09-17 07:06:21,598 [INFO] 대상 장소: 121개 | API: citydata (통합)
2026-09-17 07:06:21,598 [INFO] 키 풀: 4/4 활성 | 오늘 사용 0/4000건
2026-09-17 07:06:21,598 [INFO]   [KEY_1] 담당 31장소
2026-09-17 07:06:21,598 [INFO]   [KEY_2] 담당 30장소
2026-09-17 07:06:21,598 [INFO]   [KEY_3] 담당 30장소
2026-09-17 07:06:21,598 [INFO]   [KEY_4] 담당 30장소
2026-09-17 07:06:21,598 [INFO] [1/121] 경복궁 (primary=KEY_1)
2026-09-17 07:06:23,122 [INFO] [2/121] 광화문·덕수궁 (primary=KEY_2)
2026-09-17 07:06:25,126 [INFO] [3/121] 보신각 (primary=KEY_3)
2026-09-17 07:06:27,221 [INFO] [4/121] 서울 암사동 유적 (primary=KEY_4)
2026-09-17 07:06:29,124 [INFO] [5/121] 창덕궁·종묘 (primary=KEY_1)
2026-09-17 07:06:31,381 [INFO] [6/121] 강남 MICE 관광특구 (primary=KEY_2)
2026-09-17 07:06:33,492 [INFO] [7/121] 동대문 관광특구 (primary=KEY_3)
2026-09-17 07:06:35,793 [INFO] [8/121] 명동 관광특구 (primary=KEY_4)
2026-09-17 07:06:37,557 [INFO] [9/121] 이태원 관광특구 (primary=KEY_1)
2026-09-17 07:06:39,850 [INFO] [10/121] 잠실 관광특구 (primary=KEY_2)
2026-09-17 07:06:42,581 [INFO] [11/121] 종로·청계 관광특구 (primary=KEY_3)
2026-09-17 07:06:44,228 [INFO] [12/121] 홍대 관광특구 (primary=KEY_4)
2026-09-17 07:06:47,502 [INFO] [13/121] 강서한강공원 (primary=KEY_1)
2026-09-17 07:06:50,234 [INFO] [14/121] 고척돔 (primary=KEY_2)
2026-09-17 07:06:52,306 [INFO] [15/121] 광나루한강공원 (primary=KEY_3)
2026-09-17 07:06:53,616 [INFO] [16/121] 광화문광장 (primary=KEY_4)
2026-09-17 07:06:54,958 [INFO] [17/121] 국립중앙박물관·용산가족공원 (primary=KEY_1)
2026-09-17 07:06:56,094 [INFO] [18/121] 난지한강공원 (primary=KEY_2)
2026-09-17 07:06:57,230 [INFO] [19/121] 남산공원 (primary=KEY_3)
2026-09-17 07:06:58,775 [INFO] [20/121] 노들섬 (primary=KEY_4)
2026-09-17 07:07:01,034 [INFO] [21/121] 뚝섬한강공원 (primary=KEY_1)
2026-09-17 07:07:02,925 [INFO] [22/121] 망원한강공원 (primary=KEY_2)
2026-09-17 07:07:05,400 [INFO] [23/121] 반포한강공원 (primary=KEY_3)
2026-09-17 07:07:07,950 [INFO] [24/121] 보라매공원 (primary=KEY_4)
2026-09-17 07:07:09,104 [INFO] [25/121] 북서울꿈의숲 (primary=KEY_1)
2026-09-17 07:07:10,616 [INFO] [26/121] 서대문독립공원 (primary=KEY_2)
2026-09-17 07:07:11,738 [INFO] [27/121] 서리풀공원·몽마르뜨공원 (primary=KEY_3)
2026-09-17 07:07:13,264 [INFO] [28/121] 서울대공원 (primary=KEY_4)
2026-09-17 07:07:14,394 [INFO] [29/121] 서울숲공원 (primary=KEY_1)
2026-09-17 07:07:16,706 [INFO] [30/121] 송현녹지광장 (primary=KEY_2)
2026-09-17 07:07:18,027 [INFO] [31/121] 아차산 (primary=KEY_3)
2026-09-17 07:07:19,147 [INFO] [32/121] 안양천 (primary=KEY_4)
2026-09-17 07:07:20,270 [INFO] [33/121] 양화한강공원 (primary=KEY_1)
2026-09-17 07:07:21,390 [INFO] [34/121] 어린이대공원 (primary=KEY_2)
2026-09-17 07:07:23,865 [INFO] [35/121] 여의도한강공원 (primary=KEY_3)
2026-09-17 07:07:25,942 [INFO] [36/121] 여의서로 (primary=KEY_4)
2026-09-17 07:07:27,246 [INFO] [37/121] 올림픽공원 (primary=KEY_1)
2026-09-17 07:07:29,778 [INFO] [38/121] 월드컵공원 (primary=KEY_2)
2026-09-17 07:07:32,089 [INFO] [39/121] 응봉산 (primary=KEY_3)
2026-09-17 07:07:33,403 [INFO] [40/121] 이촌한강공원 (primary=KEY_4)
2026-09-17 07:07:34,529 [INFO] [41/121] 잠실종합운동장 (primary=KEY_1)
2026-09-17 07:07:35,661 [INFO] [42/121] 잠실한강공원 (primary=KEY_2)
2026-09-17 07:07:36,809 [INFO] [43/121] 잠원한강공원 (primary=KEY_3)
2026-09-17 07:07:38,033 [INFO] [44/121] 청계산 (primary=KEY_4)
2026-09-17 07:07:39,147 [INFO] [45/121] 홍제폭포 (primary=KEY_1)
2026-09-17 07:07:40,268 [INFO] [46/121] 가락시장 (primary=KEY_2)
2026-09-17 07:07:42,561 [INFO] [47/121] 가로수길 (primary=KEY_3)
2026-09-17 07:07:43,889 [INFO] [48/121] 광장(전통)시장 (primary=KEY_4)
2026-09-17 07:07:45,023 [INFO] [49/121] 김포공항 (primary=KEY_1)
2026-09-17 07:07:46,748 [INFO] [50/121] 남대문시장 (primary=KEY_2)
2026-09-17 07:07:48,062 [INFO] [51/121] 노량진 (primary=KEY_3)
2026-09-17 07:07:49,399 [INFO] [52/121] 덕수궁길·정동길 (primary=KEY_4)
2026-09-17 07:07:50,761 [INFO] [53/121] 북창동 먹자골목 (primary=KEY_1)
2026-09-17 07:07:53,239 [INFO] [54/121] 북촌한옥마을 (primary=KEY_2)
2026-09-17 07:07:54,742 [INFO] [55/121] 서촌 (primary=KEY_3)
2026-09-17 07:07:56,055 [INFO] [56/121] 성수카페거리 (primary=KEY_4)
2026-09-17 07:07:57,596 [INFO] [57/121] 송리단길·호수단길 (primary=KEY_1)
2026-09-17 07:07:58,948 [INFO] [58/121] 신촌 스타광장 (primary=KEY_2)
2026-09-17 07:08:00,085 [INFO] [59/121] 압구정로데오거리 (primary=KEY_3)
2026-09-17 07:08:01,431 [INFO] [60/121] 여의도 (primary=KEY_4)
2026-09-17 07:08:03,623 [INFO] [61/121] 연남동 (primary=KEY_1)
2026-09-17 07:08:04,943 [INFO] [62/121] 영등포 타임스퀘어 (primary=KEY_2)
2026-09-17 07:08:06,261 [INFO] [63/121] 용리단길 (primary=KEY_3)
2026-09-17 07:08:07,398 [INFO] [64/121] 이태원 앤틱가구거리 (primary=KEY_4)
2026-09-17 07:08:08,707 [INFO] [65/121] 익선동 (primary=KEY_1)
2026-09-17 07:08:10,053 [INFO] [66/121] 인사동 (primary=KEY_2)
2026-09-17 07:08:11,611 [INFO] [67/121] 잠실롯데타워·석촌호수 (primary=KEY_3)
2026-09-17 07:08:13,344 [INFO] [68/121] 창동 신경제 중심지 (primary=KEY_4)
2026-09-17 07:08:15,057 [INFO] [69/121] 청담동 명품거리 (primary=KEY_1)
2026-09-17 07:08:16,402 [INFO] [70/121] 청량리 제기동 일대 전통시장 (primary=KEY_2)
2026-09-17 07:08:17,898 [INFO] [71/121] 해방촌·경리단길 (primary=KEY_3)
2026-09-17 07:08:19,031 [INFO] [72/121] DDP(동대문디자인플라자) (primary=KEY_4)
2026-09-17 07:08:20,376 [INFO] [73/121] DMC(디지털미디어시티) (primary=KEY_1)
2026-09-17 07:08:22,139 [INFO] [74/121] 가산디지털단지역 (primary=KEY_2)
2026-09-17 07:08:24,048 [INFO] [75/121] 강남역 (primary=KEY_3)
2026-09-17 07:08:25,591 [INFO] [76/121] 건대입구역 (primary=KEY_4)
2026-09-17 07:08:26,938 [INFO] [77/121] 고덕역 (primary=KEY_1)
2026-09-17 07:08:28,277 [INFO] [78/121] 고속터미널역 (primary=KEY_2)
2026-09-17 07:08:30,582 [INFO] [79/121] 교대역 (primary=KEY_3)
2026-09-17 07:08:31,900 [INFO] [80/121] 구로디지털단지역 (primary=KEY_4)
2026-09-17 07:08:33,629 [INFO] [81/121] 구로역 (primary=KEY_1)
2026-09-17 07:08:34,951 [INFO] [82/121] 군자역 (primary=KEY_2)
2026-09-17 07:08:36,302 [INFO] [83/121] 대림역 (primary=KEY_3)
2026-09-17 07:08:37,632 [INFO] [84/121] 동대문역 (primary=KEY_4)
2026-09-17 07:08:40,112 [INFO] [85/121] 뚝섬역 (primary=KEY_1)
2026-09-17 07:08:41,448 [INFO] [86/121] 미아사거리역 (primary=KEY_2)
2026-09-17 07:08:42,781 [INFO] [87/121] 발산역 (primary=KEY_3)
2026-09-17 07:08:44,490 [INFO] [88/121] 사당역 (primary=KEY_4)
2026-09-17 07:08:45,847 [INFO] [89/121] 삼각지역 (primary=KEY_1)
2026-09-17 07:08:47,172 [INFO] [90/121] 서울대입구역 (primary=KEY_2)
2026-09-17 07:08:48,506 [INFO] [91/121] 서울식물원·마곡나루역 (primary=KEY_3)
2026-09-17 07:08:50,036 [INFO] [92/121] 서울역 (primary=KEY_4)
2026-09-17 07:08:51,625 [INFO] [93/121] 선릉역 (primary=KEY_1)
2026-09-17 07:08:53,374 [INFO] [94/121] 성신여대입구역 (primary=KEY_2)
2026-09-17 07:08:54,539 [INFO] [95/121] 수유역 (primary=KEY_3)
2026-09-17 07:08:55,875 [INFO] [96/121] 숭례문 (primary=KEY_4)
2026-09-17 07:08:57,234 [INFO] [97/121] 시의회 앞 (primary=KEY_1)
2026-09-17 07:08:58,593 [INFO] [98/121] 신논현역·논현역 (primary=KEY_2)
2026-09-17 07:08:59,953 [INFO] [99/121] 신도림역 (primary=KEY_3)
2026-09-17 07:09:01,145 [INFO] [100/121] 신림역 (primary=KEY_4)
2026-09-17 07:09:02,477 [INFO] [101/121] 신정네거리역 (primary=KEY_1)
2026-09-17 07:09:03,819 [INFO] [102/121] 신촌·이대역 (primary=KEY_2)
2026-09-17 07:09:05,162 [INFO] [103/121] 쌍문역 (primary=KEY_3)
2026-09-17 07:09:06,510 [INFO] [104/121] 양재역 (primary=KEY_4)
2026-09-17 07:09:07,863 [INFO] [105/121] 역삼역 (primary=KEY_1)
2026-09-17 07:09:09,383 [INFO] [106/121] 연신내역 (primary=KEY_2)
2026-09-17 07:09:10,540 [INFO] [107/121] 오목교역·목동운동장 (primary=KEY_3)
2026-09-17 07:09:12,459 [INFO] [108/121] 왕십리역 (primary=KEY_4)
2026-09-17 07:09:13,984 [INFO] [109/121] 용산역 (primary=KEY_1)
2026-09-17 07:09:15,512 [INFO] [110/121] 이태원역 (primary=KEY_2)
2026-09-17 07:09:16,649 [INFO] [111/121] 잠실새내역 (primary=KEY_3)
2026-09-17 07:09:18,793 [INFO] [112/121] 잠실역 (primary=KEY_4)
2026-09-17 07:09:20,301 [INFO] [113/121] 장지역 (primary=KEY_1)
2026-09-17 07:09:21,812 [INFO] [114/121] 장한평역 (primary=KEY_2)
2026-09-17 07:09:23,140 [INFO] [115/121] 천호역 (primary=KEY_3)
2026-09-17 07:09:24,487 [INFO] [116/121] 총신대입구(이수)역 (primary=KEY_4)
2026-09-17 07:09:25,827 [INFO] [117/121] 충정로역 (primary=KEY_1)
2026-09-17 07:09:27,175 [INFO] [118/121] 합정역 (primary=KEY_2)
2026-09-17 07:09:28,510 [INFO] [119/121] 혜화역 (primary=KEY_3)
2026-09-17 07:09:29,875 [INFO] [120/121] 홍대입구역(2호선) (primary=KEY_4)
2026-09-17 07:09:31,265 [INFO] [121/121] 회기역 (primary=KEY_1)
2026-09-17 07:09:33,259 [INFO] === 수집 완료 | 성공 121, 실패 0 ===
2026-09-17 07:09:33,259 [INFO] 카테고리별 저장 결과:
2026-09-17 07:09:33,259 [INFO]    accident                  | 신규     2행 | 누적      2행 | 16컬럼
2026-09-17 07:09:33,259 [INFO]    area_meta                 | 신규   121행 | 누적    242행 | 5컬럼
2026-09-17 07:09:33,259 [INFO]    bike                      | 신규    10행 | 누적     20행 | 12컬럼
2026-09-17 07:09:33,259 [INFO]    bike_sbike_stts           | 신규   572행 | 누적   1144행 | 12컬럼
2026-09-17 07:09:33,259 [INFO]    bus                       | 신규     3행 | 누적      6행 | 11컬럼
2026-09-17 07:09:33,259 [INFO]    bus_bus_stn_stts          | 신규  1745행 | 누적   3490행 | 11컬럼
2026-09-17 07:09:33,259 [INFO]    charger                   | 신규     4행 | 누적      8행 | 15컬럼
2026-09-17 07:09:33,259 [INFO]    charger_charger_stts      | 신규  1917행 | 누적   3808행 | 15컬럼
2026-09-17 07:09:33,259 [INFO]    cmrcl                     | 신규    82행 | 누적    164행 | 21컬럼
2026-09-17 07:09:33,259 [INFO]    events                    | 신규    16행 | 누적     30행 | 14컬럼
2026-09-17 07:09:33,259 [INFO]    events_event_stts         | 신규   127행 | 누적    254행 | 14컬럼
2026-09-17 07:09:33,259 [INFO]    parking                   | 신규     6행 | 누적     12행 | 21컬럼
2026-09-17 07:09:33,259 [INFO]    parking_prk_stts          | 신규  1832행 | 누적   3664행 | 21컬럼
2026-09-17 07:09:33,259 [INFO]    ppltn                     | 신규   121행 | 누적    242행 | 26컬럼
2026-09-17 07:09:33,259 [INFO]    road                      | 신규   121행 | 누적    242행 | 21컬럼
2026-09-17 07:09:33,259 [INFO]    road_road_traffic_stts    | 신규  5298행 | 누적  10596행 | 17컬럼
2026-09-17 07:09:33,259 [INFO]    subway                    | 신규    38행 | 누적     76행 | 12컬럼
2026-09-17 07:09:33,259 [INFO]    subway_sub_stts           | 신규   183행 | 누적    366행 | 13컬럼
2026-09-17 07:09:33,259 [INFO]    weather                   | 신규   119행 | 누적    238행 | 29컬럼
2026-09-17 07:09:33,259 [INFO] 키별 사용량:
2026-09-17 07:09:33,259 [INFO]    🟢 KEY_1 (31/1000) 
2026-09-17 07:09:33,259 [INFO]    🟢 KEY_2 (30/1000) 
2026-09-17 07:09:33,259 [INFO]    🟢 KEY_3 (30/1000) 
2026-09-17 07:09:33,260 [INFO]    🟢 KEY_4 (30/1000) 
2026-09-17 09:26:56,180 [INFO] 등록된 키: 4개, 합산 한도 4,000건/일
2026-09-17 09:26:56,180 [INFO] POI 로드: 매뉴얼 v8.5 기준 fallback 121개 (121개 전체)
2026-09-17 09:26:56,180 [INFO] === 수집 시작 2026-09-17T09:26:56.180779+09:00 ===
2026-09-17 09:26:56,180 [INFO] 대상 장소: 121개 | API: citydata (통합)
2026-09-17 09:26:56,180 [INFO] 키 풀: 4/4 활성 | 오늘 사용 0/4000건
2026-09-17 09:26:56,181 [INFO]   [KEY_1] 담당 31장소
2026-09-17 09:26:56,181 [INFO]   [KEY_2] 담당 30장소
2026-09-17 09:26:56,181 [INFO]   [KEY_3] 담당 30장소
2026-09-17 09:26:56,181 [INFO]   [KEY_4] 담당 30장소
2026-09-17 09:26:56,181 [INFO] [1/121] 경복궁 (primary=KEY_1)
2026-09-17 09:26:58,675 [INFO] [2/121] 광화문·덕수궁 (primary=KEY_2)
2026-09-17 09:27:01,241 [INFO] [3/121] 보신각 (primary=KEY_3)
2026-09-17 09:27:03,370 [INFO] [4/121] 서울 암사동 유적 (primary=KEY_4)
2026-09-17 09:27:05,282 [INFO] [5/121] 창덕궁·종묘 (primary=KEY_1)
2026-09-17 09:27:07,551 [INFO] [6/121] 강남 MICE 관광특구 (primary=KEY_2)
2026-09-17 09:27:09,726 [INFO] [7/121] 동대문 관광특구 (primary=KEY_3)
2026-09-17 09:27:12,448 [INFO] [8/121] 명동 관광특구 (primary=KEY_4)
2026-09-17 09:27:14,458 [INFO] [9/121] 이태원 관광특구 (primary=KEY_1)
2026-09-17 09:27:16,437 [INFO] [10/121] 잠실 관광특구 (primary=KEY_2)
2026-09-17 09:27:18,360 [INFO] [11/121] 종로·청계 관광특구 (primary=KEY_3)
2026-09-17 09:27:20,756 [INFO] [12/121] 홍대 관광특구 (primary=KEY_4)
2026-09-17 09:27:23,217 [INFO] [13/121] 강서한강공원 (primary=KEY_1)
2026-09-17 09:27:24,543 [INFO] [14/121] 고척돔 (primary=KEY_2)
2026-09-17 09:27:26,632 [INFO] [15/121] 광나루한강공원 (primary=KEY_3)
2026-09-17 09:27:27,955 [INFO] [16/121] 광화문광장 (primary=KEY_4)
2026-09-17 09:27:30,279 [INFO] [17/121] 국립중앙박물관·용산가족공원 (primary=KEY_1)
2026-09-17 09:27:32,398 [INFO] [18/121] 난지한강공원 (primary=KEY_2)
2026-09-17 09:27:33,523 [INFO] [19/121] 남산공원 (primary=KEY_3)
2026-09-17 09:27:35,068 [INFO] [20/121] 노들섬 (primary=KEY_4)
2026-09-17 09:27:37,003 [INFO] [21/121] 뚝섬한강공원 (primary=KEY_1)
2026-09-17 09:27:39,112 [INFO] [22/121] 망원한강공원 (primary=KEY_2)
2026-09-17 09:27:40,618 [INFO] [23/121] 반포한강공원 (primary=KEY_3)
2026-09-17 09:27:41,753 [INFO] [24/121] 보라매공원 (primary=KEY_4)
2026-09-17 09:27:42,919 [INFO] [25/121] 북서울꿈의숲 (primary=KEY_1)
2026-09-17 09:27:45,066 [INFO] [26/121] 서대문독립공원 (primary=KEY_2)
2026-09-17 09:27:46,219 [INFO] [27/121] 서리풀공원·몽마르뜨공원 (primary=KEY_3)
2026-09-17 09:27:48,564 [INFO] [28/121] 서울대공원 (primary=KEY_4)
2026-09-17 09:27:50,889 [INFO] [29/121] 서울숲공원 (primary=KEY_1)
2026-09-17 09:27:52,256 [INFO] [30/121] 송현녹지광장 (primary=KEY_2)
2026-09-17 09:27:53,612 [INFO] [31/121] 아차산 (primary=KEY_3)
2026-09-17 09:27:54,751 [INFO] [32/121] 안양천 (primary=KEY_4)
2026-09-17 09:27:55,891 [INFO] [33/121] 양화한강공원 (primary=KEY_1)
2026-09-17 09:27:57,021 [INFO] [34/121] 어린이대공원 (primary=KEY_2)
2026-09-17 09:27:58,359 [INFO] [35/121] 여의도한강공원 (primary=KEY_3)
2026-09-17 09:27:59,698 [INFO] [36/121] 여의서로 (primary=KEY_4)
2026-09-17 09:28:01,996 [INFO] [37/121] 올림픽공원 (primary=KEY_1)
2026-09-17 09:28:04,895 [INFO] [38/121] 월드컵공원 (primary=KEY_2)
2026-09-17 09:28:06,689 [INFO] [39/121] 응봉산 (primary=KEY_3)
2026-09-17 09:28:08,033 [INFO] [40/121] 이촌한강공원 (primary=KEY_4)
2026-09-17 09:28:09,179 [INFO] [41/121] 잠실종합운동장 (primary=KEY_1)
2026-09-17 09:28:10,335 [INFO] [42/121] 잠실한강공원 (primary=KEY_2)
2026-09-17 09:28:11,480 [INFO] [43/121] 잠원한강공원 (primary=KEY_3)
2026-09-17 09:28:12,606 [INFO] [44/121] 청계산 (primary=KEY_4)
2026-09-17 09:28:13,736 [INFO] [45/121] 홍제폭포 (primary=KEY_1)
2026-09-17 09:28:14,871 [INFO] [46/121] 가락시장 (primary=KEY_2)
2026-09-17 09:28:16,283 [INFO] [47/121] 가로수길 (primary=KEY_3)
2026-09-17 09:28:17,672 [INFO] [48/121] 광장(전통)시장 (primary=KEY_4)
2026-09-17 09:28:18,817 [INFO] [49/121] 김포공항 (primary=KEY_1)
2026-09-17 09:28:20,366 [INFO] [50/121] 남대문시장 (primary=KEY_2)
2026-09-17 09:28:21,713 [INFO] [51/121] 노량진 (primary=KEY_3)
2026-09-17 09:28:23,072 [INFO] [52/121] 덕수궁길·정동길 (primary=KEY_4)
2026-09-17 09:28:24,432 [INFO] [53/121] 북창동 먹자골목 (primary=KEY_1)
2026-09-17 09:28:26,363 [INFO] [54/121] 북촌한옥마을 (primary=KEY_2)
2026-09-17 09:28:27,873 [INFO] [55/121] 서촌 (primary=KEY_3)
2026-09-17 09:28:29,405 [INFO] [56/121] 성수카페거리 (primary=KEY_4)
2026-09-17 09:28:30,982 [INFO] [57/121] 송리단길·호수단길 (primary=KEY_1)
2026-09-17 09:28:32,352 [INFO] [58/121] 신촌 스타광장 (primary=KEY_2)
2026-09-17 09:28:33,510 [INFO] [59/121] 압구정로데오거리 (primary=KEY_3)
2026-09-17 09:28:34,839 [INFO] [60/121] 여의도 (primary=KEY_4)
2026-09-17 09:28:37,111 [INFO] [61/121] 연남동 (primary=KEY_1)
2026-09-17 09:28:38,430 [INFO] [62/121] 영등포 타임스퀘어 (primary=KEY_2)
2026-09-17 09:28:39,770 [INFO] [63/121] 용리단길 (primary=KEY_3)
2026-09-17 09:28:40,941 [INFO] [64/121] 이태원 앤틱가구거리 (primary=KEY_4)
2026-09-17 09:28:42,262 [INFO] [65/121] 익선동 (primary=KEY_1)
2026-09-17 09:28:43,645 [INFO] [66/121] 인사동 (primary=KEY_2)
2026-09-17 09:28:45,225 [INFO] [67/121] 잠실롯데타워·석촌호수 (primary=KEY_3)
2026-09-17 09:28:47,034 [INFO] [68/121] 창동 신경제 중심지 (primary=KEY_4)
2026-09-17 09:28:48,797 [INFO] [69/121] 청담동 명품거리 (primary=KEY_1)
2026-09-17 09:28:50,124 [INFO] [70/121] 청량리 제기동 일대 전통시장 (primary=KEY_2)
2026-09-17 09:28:51,565 [INFO] [71/121] 해방촌·경리단길 (primary=KEY_3)
2026-09-17 09:28:52,730 [INFO] [72/121] DDP(동대문디자인플라자) (primary=KEY_4)
2026-09-17 09:28:56,025 [INFO] [73/121] DMC(디지털미디어시티) (primary=KEY_1)
2026-09-17 09:28:57,812 [INFO] [74/121] 가산디지털단지역 (primary=KEY_2)
2026-09-17 09:28:59,724 [INFO] [75/121] 강남역 (primary=KEY_3)
2026-09-17 09:29:01,504 [INFO] [76/121] 건대입구역 (primary=KEY_4)
2026-09-17 09:29:02,885 [INFO] [77/121] 고덕역 (primary=KEY_1)
2026-09-17 09:29:04,207 [INFO] [78/121] 고속터미널역 (primary=KEY_2)
2026-09-17 09:29:06,177 [INFO] [79/121] 교대역 (primary=KEY_3)
2026-09-17 09:29:07,502 [INFO] [80/121] 구로디지털단지역 (primary=KEY_4)
2026-09-17 09:29:09,255 [INFO] [81/121] 구로역 (primary=KEY_1)
2026-09-17 09:29:10,574 [INFO] [82/121] 군자역 (primary=KEY_2)
2026-09-17 09:29:11,926 [INFO] [83/121] 대림역 (primary=KEY_3)
2026-09-17 09:29:13,281 [INFO] [84/121] 동대문역 (primary=KEY_4)
2026-09-17 09:29:14,623 [INFO] [85/121] 뚝섬역 (primary=KEY_1)
2026-09-17 09:29:15,980 [INFO] [86/121] 미아사거리역 (primary=KEY_2)
2026-09-17 09:29:17,316 [INFO] [87/121] 발산역 (primary=KEY_3)
2026-09-17 09:29:19,807 [INFO] [88/121] 사당역 (primary=KEY_4)
2026-09-17 09:29:21,222 [INFO] [89/121] 삼각지역 (primary=KEY_1)
2026-09-17 09:29:23,542 [INFO] [90/121] 서울대입구역 (primary=KEY_2)
2026-09-17 09:29:24,880 [INFO] [91/121] 서울식물원·마곡나루역 (primary=KEY_3)
2026-09-17 09:29:26,426 [INFO] [92/121] 서울역 (primary=KEY_4)
2026-09-17 09:29:27,974 [INFO] [93/121] 선릉역 (primary=KEY_1)
2026-09-17 09:29:31,489 [INFO] [94/121] 성신여대입구역 (primary=KEY_2)
2026-09-17 09:29:32,680 [INFO] [95/121] 수유역 (primary=KEY_3)
2026-09-17 09:29:34,049 [INFO] [96/121] 숭례문 (primary=KEY_4)
2026-09-17 09:29:35,397 [INFO] [97/121] 시의회 앞 (primary=KEY_1)
2026-09-17 09:29:36,743 [INFO] [98/121] 신논현역·논현역 (primary=KEY_2)
2026-09-17 09:29:38,103 [INFO] [99/121] 신도림역 (primary=KEY_3)
2026-09-17 09:29:39,248 [INFO] [100/121] 신림역 (primary=KEY_4)
2026-09-17 09:29:40,619 [INFO] [101/121] 신정네거리역 (primary=KEY_1)
2026-09-17 09:29:41,980 [INFO] [102/121] 신촌·이대역 (primary=KEY_2)
2026-09-17 09:29:43,325 [INFO] [103/121] 쌍문역 (primary=KEY_3)
2026-09-17 09:29:44,664 [INFO] [104/121] 양재역 (primary=KEY_4)
2026-09-17 09:29:46,054 [INFO] [105/121] 역삼역 (primary=KEY_1)
2026-09-17 09:29:47,646 [INFO] [106/121] 연신내역 (primary=KEY_2)
2026-09-17 09:29:48,845 [INFO] [107/121] 오목교역·목동운동장 (primary=KEY_3)
2026-09-17 09:29:50,760 [INFO] [108/121] 왕십리역 (primary=KEY_4)
2026-09-17 09:29:52,304 [INFO] [109/121] 용산역 (primary=KEY_1)
2026-09-17 09:29:53,873 [INFO] [110/121] 이태원역 (primary=KEY_2)
2026-09-17 09:29:55,083 [INFO] [111/121] 잠실새내역 (primary=KEY_3)
2026-09-17 09:29:56,500 [INFO] [112/121] 잠실역 (primary=KEY_4)
2026-09-17 09:29:58,025 [INFO] [113/121] 장지역 (primary=KEY_1)
2026-09-17 09:29:59,557 [INFO] [114/121] 장한평역 (primary=KEY_2)
2026-09-17 09:30:00,905 [INFO] [115/121] 천호역 (primary=KEY_3)
2026-09-17 09:30:02,474 [INFO] [116/121] 총신대입구(이수)역 (primary=KEY_4)
2026-09-17 09:30:03,921 [INFO] [117/121] 충정로역 (primary=KEY_1)
2026-09-17 09:30:05,260 [INFO] [118/121] 합정역 (primary=KEY_2)
2026-09-17 09:30:06,624 [INFO] [119/121] 혜화역 (primary=KEY_3)
2026-09-17 09:30:07,968 [INFO] [120/121] 홍대입구역(2호선) (primary=KEY_4)
2026-09-17 09:30:09,331 [INFO] [121/121] 회기역 (primary=KEY_1)
2026-09-17 09:30:11,568 [INFO] === 수집 완료 | 성공 121, 실패 0 ===
2026-09-17 09:30:11,568 [INFO] 카테고리별 저장 결과:
2026-09-17 09:30:11,568 [INFO]    accident                  | 신규     7행 | 누적      9행 | 16컬럼
2026-09-17 09:30:11,568 [INFO]    accident_acdnt_cntrl_stts | 신규     2행 | 누적      2행 | 16컬럼
2026-09-17 09:30:11,568 [INFO]    area_meta                 | 신규   121행 | 누적    363행 | 5컬럼
2026-09-17 09:30:11,568 [INFO]    bike                      | 신규    10행 | 누적     30행 | 12컬럼
2026-09-17 09:30:11,568 [INFO]    bike_sbike_stts           | 신규   572행 | 누적   1716행 | 12컬럼
2026-09-17 09:30:11,568 [INFO]    bus                       | 신규     3행 | 누적      9행 | 11컬럼
2026-09-17 09:30:11,568 [INFO]    bus_bus_stn_stts          | 신규  1745행 | 누적   5235행 | 11컬럼
2026-09-17 09:30:11,569 [INFO]    charger                   | 신규     4행 | 누적     12행 | 15컬럼
2026-09-17 09:30:11,569 [INFO]    charger_charger_stts      | 신규  1917행 | 누적   5712행 | 15컬럼
2026-09-17 09:30:11,569 [INFO]    cmrcl                     | 신규    82행 | 누적    246행 | 21컬럼
2026-09-17 09:30:11,569 [INFO]    events                    | 신규    16행 | 누적     46행 | 14컬럼
2026-09-17 09:30:11,569 [INFO]    events_event_stts         | 신규   127행 | 누적    381행 | 14컬럼
2026-09-17 09:30:11,569 [INFO]    parking                   | 신규     6행 | 누적     18행 | 21컬럼
2026-09-17 09:30:11,569 [INFO]    parking_prk_stts          | 신규  1832행 | 누적   5496행 | 21컬럼
2026-09-17 09:30:11,569 [INFO]    ppltn                     | 신규   121행 | 누적    363행 | 26컬럼
2026-09-17 09:30:11,569 [INFO]    road                      | 신규   121행 | 누적    363행 | 21컬럼
2026-09-17 09:30:11,569 [INFO]    road_road_traffic_stts    | 신규  5298행 | 누적  15894행 | 17컬럼
2026-09-17 09:30:11,569 [INFO]    subway                    | 신규    38행 | 누적    114행 | 12컬럼
2026-09-17 09:30:11,569 [INFO]    subway_sub_stts           | 신규   183행 | 누적    549행 | 13컬럼
2026-09-17 09:30:11,569 [INFO]    weather                   | 신규   119행 | 누적    357행 | 29컬럼
2026-09-17 09:30:11,569 [INFO] 키별 사용량:
2026-09-17 09:30:11,569 [INFO]    🟢 KEY_1 (31/1000) 
2026-09-17 09:30:11,569 [INFO]    🟢 KEY_2 (30/1000) 
2026-09-17 09:30:11,569 [INFO]    🟢 KEY_3 (30/1000) 
2026-09-17 09:30:11,569 [INFO]    🟢 KEY_4 (30/1000) 
