2026-09-06 01:00:13,109 [INFO] 등록된 키: 4개, 합산 한도 4,000건/일
2026-09-06 01:00:13,110 [INFO] POI 로드: 매뉴얼 v8.5 기준 fallback 121개 (121개 전체)
2026-09-06 01:00:13,110 [INFO] === 수집 시작 2026-09-06T01:00:13.110180+09:00 ===
2026-09-06 01:00:13,110 [INFO] 대상 장소: 121개 | API: citydata (통합)
2026-09-06 01:00:13,110 [INFO] 키 풀: 4/4 활성 | 오늘 사용 0/4000건
2026-09-06 01:00:13,110 [INFO]   [KEY_1] 담당 31장소
2026-09-06 01:00:13,110 [INFO]   [KEY_2] 담당 30장소
2026-09-06 01:00:13,110 [INFO]   [KEY_3] 담당 30장소
2026-09-06 01:00:13,110 [INFO]   [KEY_4] 담당 30장소
2026-09-06 01:00:13,110 [INFO] [1/121] 경복궁 (primary=KEY_1)
2026-09-06 01:00:14,854 [INFO] [2/121] 광화문·덕수궁 (primary=KEY_2)
2026-09-06 01:00:17,042 [INFO] [3/121] 보신각 (primary=KEY_3)
2026-09-06 01:00:18,644 [INFO] [4/121] 서울 암사동 유적 (primary=KEY_4)
2026-09-06 01:00:19,721 [INFO] [5/121] 창덕궁·종묘 (primary=KEY_1)
2026-09-06 01:00:21,444 [INFO] [6/121] 강남 MICE 관광특구 (primary=KEY_2)
2026-09-06 01:00:23,055 [INFO] [7/121] 동대문 관광특구 (primary=KEY_3)
2026-09-06 01:00:24,881 [INFO] [8/121] 명동 관광특구 (primary=KEY_4)
2026-09-06 01:00:26,461 [INFO] [9/121] 이태원 관광특구 (primary=KEY_1)
2026-09-06 01:00:28,326 [INFO] [10/121] 잠실 관광특구 (primary=KEY_2)
2026-09-06 01:00:30,244 [INFO] [11/121] 종로·청계 관광특구 (primary=KEY_3)
2026-09-06 01:00:31,545 [INFO] [12/121] 홍대 관광특구 (primary=KEY_4)
2026-09-06 01:00:32,797 [INFO] [13/121] 강서한강공원 (primary=KEY_1)
2026-09-06 01:00:33,873 [INFO] [14/121] 고척돔 (primary=KEY_2)
2026-09-06 01:00:34,820 [INFO] [15/121] 광나루한강공원 (primary=KEY_3)
2026-09-06 01:00:36,520 [INFO] [16/121] 광화문광장 (primary=KEY_4)
2026-09-06 01:00:38,157 [INFO] [17/121] 국립중앙박물관·용산가족공원 (primary=KEY_1)
2026-09-06 01:00:39,881 [INFO] [18/121] 난지한강공원 (primary=KEY_2)
2026-09-06 01:00:40,832 [INFO] [19/121] 남산공원 (primary=KEY_3)
2026-09-06 01:00:42,076 [INFO] [20/121] 노들섬 (primary=KEY_4)
2026-09-06 01:00:43,020 [INFO] [21/121] 뚝섬한강공원 (primary=KEY_1)
2026-09-06 01:00:44,100 [INFO] [22/121] 망원한강공원 (primary=KEY_2)
2026-09-06 01:00:45,256 [INFO] [23/121] 반포한강공원 (primary=KEY_3)
2026-09-06 01:00:46,211 [INFO] [24/121] 보라매공원 (primary=KEY_4)
2026-09-06 01:00:47,182 [INFO] [25/121] 북서울꿈의숲 (primary=KEY_1)
2026-09-06 01:00:48,266 [INFO] [26/121] 서대문독립공원 (primary=KEY_2)
2026-09-06 01:00:49,250 [INFO] [27/121] 서리풀공원·몽마르뜨공원 (primary=KEY_3)
2026-09-06 01:00:50,222 [INFO] [28/121] 서울대공원 (primary=KEY_4)
2026-09-06 01:00:51,949 [INFO] [29/121] 서울숲공원 (primary=KEY_1)
2026-09-06 01:00:53,036 [INFO] [30/121] 송현녹지광장 (primary=KEY_2)
2026-09-06 01:00:54,117 [INFO] [31/121] 아차산 (primary=KEY_3)
2026-09-06 01:00:55,074 [INFO] [32/121] 안양천 (primary=KEY_4)
2026-09-06 01:00:56,023 [INFO] [33/121] 양화한강공원 (primary=KEY_1)
2026-09-06 01:00:56,975 [INFO] [34/121] 어린이대공원 (primary=KEY_2)
2026-09-06 01:00:58,063 [INFO] [35/121] 여의도한강공원 (primary=KEY_3)
2026-09-06 01:00:59,174 [INFO] [36/121] 여의서로 (primary=KEY_4)
2026-09-06 01:01:00,247 [INFO] [37/121] 올림픽공원 (primary=KEY_1)
2026-09-06 01:01:01,363 [INFO] [38/121] 월드컵공원 (primary=KEY_2)
2026-09-06 01:01:02,612 [INFO] [39/121] 응봉산 (primary=KEY_3)
2026-09-06 01:01:03,696 [INFO] [40/121] 이촌한강공원 (primary=KEY_4)
2026-09-06 01:01:04,657 [INFO] [41/121] 잠실종합운동장 (primary=KEY_1)
2026-09-06 01:01:05,772 [INFO] [42/121] 잠실한강공원 (primary=KEY_2)
2026-09-06 01:01:06,742 [INFO] [43/121] 잠원한강공원 (primary=KEY_3)
2026-09-06 01:01:07,700 [INFO] [44/121] 청계산 (primary=KEY_4)
2026-09-06 01:01:08,652 [INFO] [45/121] 홍제폭포 (primary=KEY_1)
2026-09-06 01:01:09,611 [INFO] [46/121] 가락시장 (primary=KEY_2)
2026-09-06 01:01:10,725 [INFO] [47/121] 가로수길 (primary=KEY_3)
2026-09-06 01:01:11,859 [INFO] [48/121] 광장(전통)시장 (primary=KEY_4)
2026-09-06 01:01:12,824 [INFO] [49/121] 김포공항 (primary=KEY_1)
2026-09-06 01:01:14,063 [INFO] [50/121] 남대문시장 (primary=KEY_2)
2026-09-06 01:01:15,200 [INFO] [51/121] 노량진 (primary=KEY_3)
2026-09-06 01:01:16,320 [INFO] [52/121] 덕수궁길·정동길 (primary=KEY_4)
2026-09-06 01:01:17,424 [INFO] [53/121] 북창동 먹자골목 (primary=KEY_1)
2026-09-06 01:01:18,518 [INFO] [54/121] 북촌한옥마을 (primary=KEY_2)
2026-09-06 01:01:19,744 [INFO] [55/121] 서촌 (primary=KEY_3)
2026-09-06 01:01:20,852 [INFO] [56/121] 성수카페거리 (primary=KEY_4)
2026-09-06 01:01:22,099 [INFO] [57/121] 송리단길·호수단길 (primary=KEY_1)
2026-09-06 01:01:23,218 [INFO] [58/121] 신촌 스타광장 (primary=KEY_2)
2026-09-06 01:01:24,186 [INFO] [59/121] 압구정로데오거리 (primary=KEY_3)
2026-09-06 01:01:25,301 [INFO] [60/121] 여의도 (primary=KEY_4)
2026-09-06 01:01:27,004 [INFO] [61/121] 연남동 (primary=KEY_1)
2026-09-06 01:01:28,097 [INFO] [62/121] 영등포 타임스퀘어 (primary=KEY_2)
2026-09-06 01:01:29,181 [INFO] [63/121] 용리단길 (primary=KEY_3)
2026-09-06 01:01:30,171 [INFO] [64/121] 이태원 앤틱가구거리 (primary=KEY_4)
2026-09-06 01:01:31,260 [INFO] [65/121] 익선동 (primary=KEY_1)
2026-09-06 01:01:32,376 [INFO] [66/121] 인사동 (primary=KEY_2)
2026-09-06 01:01:33,654 [INFO] [67/121] 잠실롯데타워·석촌호수 (primary=KEY_3)
2026-09-06 01:01:35,054 [INFO] [68/121] 창동 신경제 중심지 (primary=KEY_4)
2026-09-06 01:01:36,548 [INFO] [69/121] 청담동 명품거리 (primary=KEY_1)
2026-09-06 01:01:37,650 [INFO] [70/121] 청량리 제기동 일대 전통시장 (primary=KEY_2)
2026-09-06 01:01:38,778 [INFO] [71/121] 해방촌·경리단길 (primary=KEY_3)
2026-09-06 01:01:39,740 [INFO] [72/121] DDP(동대문디자인플라자) (primary=KEY_4)
2026-09-06 01:01:40,855 [INFO] [73/121] DMC(디지털미디어시티) (primary=KEY_1)
2026-09-06 01:01:42,245 [INFO] [74/121] 가산디지털단지역 (primary=KEY_2)
2026-09-06 01:01:43,749 [INFO] [75/121] 강남역 (primary=KEY_3)
2026-09-06 01:01:45,013 [INFO] [76/121] 건대입구역 (primary=KEY_4)
2026-09-06 01:01:46,135 [INFO] [77/121] 고덕역 (primary=KEY_1)
2026-09-06 01:01:47,247 [INFO] [78/121] 고속터미널역 (primary=KEY_2)
2026-09-06 01:01:48,353 [INFO] [79/121] 교대역 (primary=KEY_3)
2026-09-06 01:01:49,342 [INFO] [80/121] 구로디지털단지역 (primary=KEY_4)
2026-09-06 01:01:50,696 [INFO] [81/121] 구로역 (primary=KEY_1)
2026-09-06 01:01:51,777 [INFO] [82/121] 군자역 (primary=KEY_2)
2026-09-06 01:01:52,747 [INFO] [83/121] 대림역 (primary=KEY_3)
2026-09-06 01:01:53,868 [INFO] [84/121] 동대문역 (primary=KEY_4)
2026-09-06 01:01:54,958 [INFO] [85/121] 뚝섬역 (primary=KEY_1)
2026-09-06 01:01:56,074 [INFO] [86/121] 미아사거리역 (primary=KEY_2)
2026-09-06 01:01:57,166 [INFO] [87/121] 발산역 (primary=KEY_3)
2026-09-06 01:01:58,551 [INFO] [88/121] 사당역 (primary=KEY_4)
2026-09-06 01:01:59,651 [INFO] [89/121] 삼각지역 (primary=KEY_1)
2026-09-06 01:02:00,619 [INFO] [90/121] 서울대입구역 (primary=KEY_2)
2026-09-06 01:02:01,710 [INFO] [91/121] 서울식물원·마곡나루역 (primary=KEY_3)
2026-09-06 01:02:02,945 [INFO] [92/121] 서울역 (primary=KEY_4)
2026-09-06 01:02:04,087 [INFO] [93/121] 선릉역 (primary=KEY_1)
2026-09-06 01:02:05,463 [INFO] [94/121] 성신여대입구역 (primary=KEY_2)
2026-09-06 01:02:06,461 [INFO] [95/121] 수유역 (primary=KEY_3)
2026-09-06 01:02:07,554 [INFO] [96/121] 숭례문 (primary=KEY_4)
2026-09-06 01:02:08,791 [INFO] [97/121] 시의회 앞 (primary=KEY_1)
2026-09-06 01:02:09,890 [INFO] [98/121] 신논현역·논현역 (primary=KEY_2)
2026-09-06 01:02:10,997 [INFO] [99/121] 신도림역 (primary=KEY_3)
2026-09-06 01:02:11,967 [INFO] [100/121] 신림역 (primary=KEY_4)
2026-09-06 01:02:13,061 [INFO] [101/121] 신정네거리역 (primary=KEY_1)
2026-09-06 01:02:14,150 [INFO] [102/121] 신촌·이대역 (primary=KEY_2)
2026-09-06 01:02:15,257 [INFO] [103/121] 쌍문역 (primary=KEY_3)
2026-09-06 01:02:16,362 [INFO] [104/121] 양재역 (primary=KEY_4)
2026-09-06 01:02:17,475 [INFO] [105/121] 역삼역 (primary=KEY_1)
2026-09-06 01:02:18,721 [INFO] [106/121] 연신내역 (primary=KEY_2)
2026-09-06 01:02:19,701 [INFO] [107/121] 오목교역·목동운동장 (primary=KEY_3)
2026-09-06 01:02:21,214 [INFO] [108/121] 왕십리역 (primary=KEY_4)
2026-09-06 01:02:22,345 [INFO] [109/121] 용산역 (primary=KEY_1)
2026-09-06 01:02:23,573 [INFO] [110/121] 이태원역 (primary=KEY_2)
2026-09-06 01:02:24,539 [INFO] [111/121] 잠실새내역 (primary=KEY_3)
2026-09-06 01:02:25,690 [INFO] [112/121] 잠실역 (primary=KEY_4)
2026-09-06 01:02:26,918 [INFO] [113/121] 장지역 (primary=KEY_1)
2026-09-06 01:02:28,154 [INFO] [114/121] 장한평역 (primary=KEY_2)
2026-09-06 01:02:29,291 [INFO] [115/121] 천호역 (primary=KEY_3)
2026-09-06 01:02:30,393 [INFO] [116/121] 총신대입구(이수)역 (primary=KEY_4)
2026-09-06 01:02:31,501 [INFO] [117/121] 충정로역 (primary=KEY_1)
2026-09-06 01:02:32,604 [INFO] [118/121] 합정역 (primary=KEY_2)
2026-09-06 01:02:33,730 [INFO] [119/121] 혜화역 (primary=KEY_3)
2026-09-06 01:02:34,820 [INFO] [120/121] 홍대입구역(2호선) (primary=KEY_4)
2026-09-06 01:02:35,956 [INFO] [121/121] 회기역 (primary=KEY_1)
2026-09-06 01:02:37,464 [INFO] === 수집 완료 | 성공 121, 실패 0 ===
2026-09-06 01:02:37,464 [INFO] 카테고리별 저장 결과:
2026-09-06 01:02:37,464 [INFO]    accident                  | 신규     2행 | 누적      2행 | 16컬럼
2026-09-06 01:02:37,464 [INFO]    accident_acdnt_cntrl_stts | 신규     2행 | 누적      2행 | 16컬럼
2026-09-06 01:02:37,464 [INFO]    area_meta                 | 신규   121행 | 누적    121행 | 5컬럼
2026-09-06 01:02:37,464 [INFO]    bike                      | 신규    11행 | 누적     11행 | 12컬럼
2026-09-06 01:02:37,464 [INFO]    bike_sbike_stts           | 신규   546행 | 누적    546행 | 12컬럼
2026-09-06 01:02:37,464 [INFO]    bus                       | 신규     3행 | 누적      3행 | 11컬럼
2026-09-06 01:02:37,464 [INFO]    bus_bus_stn_stts          | 신규  1745행 | 누적   1745행 | 11컬럼
2026-09-06 01:02:37,464 [INFO]    charger                   | 신규     4행 | 누적      4행 | 15컬럼
2026-09-06 01:02:37,464 [INFO]    charger_charger_stts      | 신규  1925행 | 누적   1925행 | 15컬럼
2026-09-06 01:02:37,464 [INFO]    cmrcl                     | 신규    82행 | 누적     82행 | 20컬럼
2026-09-06 01:02:37,464 [INFO]    events                    | 신규    13행 | 누적     13행 | 14컬럼
2026-09-06 01:02:37,465 [INFO]    events_event_stts         | 신규   120행 | 누적    120행 | 14컬럼
2026-09-06 01:02:37,465 [INFO]    parking                   | 신규     6행 | 누적      6행 | 21컬럼
2026-09-06 01:02:37,465 [INFO]    parking_prk_stts          | 신규  1827행 | 누적   1827행 | 21컬럼
2026-09-06 01:02:37,465 [INFO]    ppltn                     | 신규   121행 | 누적    121행 | 26컬럼
2026-09-06 01:02:37,465 [INFO]    road                      | 신규   121행 | 누적    121행 | 21컬럼
2026-09-06 01:02:37,465 [INFO]    road_road_traffic_stts    | 신규  5294행 | 누적   5294행 | 17컬럼
2026-09-06 01:02:37,465 [INFO]    subway                    | 신규    38행 | 누적     38행 | 13컬럼
2026-09-06 01:02:37,465 [INFO]    subway_sub_stts           | 신규   183행 | 누적    183행 | 13컬럼
2026-09-06 01:02:37,465 [INFO]    weather                   | 신규   119행 | 누적    119행 | 29컬럼
2026-09-06 01:02:37,465 [INFO] 키별 사용량:
2026-09-06 01:02:37,465 [INFO]    🟢 KEY_1 (31/1000) 
2026-09-06 01:02:37,465 [INFO]    🟢 KEY_2 (30/1000) 
2026-09-06 01:02:37,465 [INFO]    🟢 KEY_3 (30/1000) 
2026-09-06 01:02:37,465 [INFO]    🟢 KEY_4 (30/1000) 
2026-09-06 03:11:59,382 [INFO] 등록된 키: 4개, 합산 한도 4,000건/일
2026-09-06 03:11:59,383 [INFO] POI 로드: 매뉴얼 v8.5 기준 fallback 121개 (121개 전체)
2026-09-06 03:11:59,383 [INFO] === 수집 시작 2026-09-06T03:11:59.383516+09:00 ===
2026-09-06 03:11:59,383 [INFO] 대상 장소: 121개 | API: citydata (통합)
2026-09-06 03:11:59,383 [INFO] 키 풀: 4/4 활성 | 오늘 사용 0/4000건
2026-09-06 03:11:59,383 [INFO]   [KEY_1] 담당 31장소
2026-09-06 03:11:59,383 [INFO]   [KEY_2] 담당 30장소
2026-09-06 03:11:59,383 [INFO]   [KEY_3] 담당 30장소
2026-09-06 03:11:59,384 [INFO]   [KEY_4] 담당 30장소
2026-09-06 03:11:59,384 [INFO] [1/121] 경복궁 (primary=KEY_1)
2026-09-06 03:12:01,686 [INFO] [2/121] 광화문·덕수궁 (primary=KEY_2)
2026-09-06 03:12:04,177 [INFO] [3/121] 보신각 (primary=KEY_3)
2026-09-06 03:12:06,268 [INFO] [4/121] 서울 암사동 유적 (primary=KEY_4)
2026-09-06 03:12:08,159 [INFO] [5/121] 창덕궁·종묘 (primary=KEY_1)
2026-09-06 03:12:10,236 [INFO] [6/121] 강남 MICE 관광특구 (primary=KEY_2)
2026-09-06 03:12:11,576 [INFO] [7/121] 동대문 관광특구 (primary=KEY_3)
2026-09-06 03:12:14,270 [INFO] [8/121] 명동 관광특구 (primary=KEY_4)
2026-09-06 03:12:17,254 [INFO] [9/121] 이태원 관광특구 (primary=KEY_1)
2026-09-06 03:12:19,371 [INFO] [10/121] 잠실 관광특구 (primary=KEY_2)
2026-09-06 03:12:21,884 [INFO] [11/121] 종로·청계 관광특구 (primary=KEY_3)
2026-09-06 03:12:23,629 [INFO] [12/121] 홍대 관광특구 (primary=KEY_4)
2026-09-06 03:12:25,203 [INFO] [13/121] 강서한강공원 (primary=KEY_1)
2026-09-06 03:12:26,331 [INFO] [14/121] 고척돔 (primary=KEY_2)
2026-09-06 03:12:27,479 [INFO] [15/121] 광나루한강공원 (primary=KEY_3)
2026-09-06 03:12:29,633 [INFO] [16/121] 광화문광장 (primary=KEY_4)
2026-09-06 03:12:31,746 [INFO] [17/121] 국립중앙박물관·용산가족공원 (primary=KEY_1)
2026-09-06 03:12:33,643 [INFO] [18/121] 난지한강공원 (primary=KEY_2)
2026-09-06 03:12:35,540 [INFO] [19/121] 남산공원 (primary=KEY_3)
2026-09-06 03:12:38,224 [INFO] [20/121] 노들섬 (primary=KEY_4)
2026-09-06 03:12:40,103 [INFO] [21/121] 뚝섬한강공원 (primary=KEY_1)
2026-09-06 03:12:41,263 [INFO] [22/121] 망원한강공원 (primary=KEY_2)
2026-09-06 03:12:42,617 [INFO] [23/121] 반포한강공원 (primary=KEY_3)
2026-09-06 03:12:43,754 [INFO] [24/121] 보라매공원 (primary=KEY_4)
2026-09-06 03:12:46,042 [INFO] [25/121] 북서울꿈의숲 (primary=KEY_1)
2026-09-06 03:12:47,370 [INFO] [26/121] 서대문독립공원 (primary=KEY_2)
2026-09-06 03:12:49,514 [INFO] [27/121] 서리풀공원·몽마르뜨공원 (primary=KEY_3)
2026-09-06 03:12:50,683 [INFO] [28/121] 서울대공원 (primary=KEY_4)
2026-09-06 03:12:51,817 [INFO] [29/121] 서울숲공원 (primary=KEY_1)
2026-09-06 03:12:53,160 [INFO] [30/121] 송현녹지광장 (primary=KEY_2)
2026-09-06 03:12:54,512 [INFO] [31/121] 아차산 (primary=KEY_3)
2026-09-06 03:12:56,603 [INFO] [32/121] 안양천 (primary=KEY_4)
2026-09-06 03:12:57,729 [INFO] [33/121] 양화한강공원 (primary=KEY_1)
2026-09-06 03:12:59,637 [INFO] [34/121] 어린이대공원 (primary=KEY_2)
2026-09-06 03:13:00,977 [INFO] [35/121] 여의도한강공원 (primary=KEY_3)
2026-09-06 03:13:02,335 [INFO] [36/121] 여의서로 (primary=KEY_4)
2026-09-06 03:13:03,677 [INFO] [37/121] 올림픽공원 (primary=KEY_1)
2026-09-06 03:13:05,041 [INFO] [38/121] 월드컵공원 (primary=KEY_2)
2026-09-06 03:13:06,585 [INFO] [39/121] 응봉산 (primary=KEY_3)
2026-09-06 03:13:07,935 [INFO] [40/121] 이촌한강공원 (primary=KEY_4)
2026-09-06 03:13:09,877 [INFO] [41/121] 잠실종합운동장 (primary=KEY_1)
2026-09-06 03:13:11,045 [INFO] [42/121] 잠실한강공원 (primary=KEY_2)
2026-09-06 03:13:12,188 [INFO] [43/121] 잠원한강공원 (primary=KEY_3)
2026-09-06 03:13:13,324 [INFO] [44/121] 청계산 (primary=KEY_4)
2026-09-06 03:13:14,462 [INFO] [45/121] 홍제폭포 (primary=KEY_1)
2026-09-06 03:13:15,595 [INFO] [46/121] 가락시장 (primary=KEY_2)
2026-09-06 03:13:16,983 [INFO] [47/121] 가로수길 (primary=KEY_3)
2026-09-06 03:13:19,142 [INFO] [48/121] 광장(전통)시장 (primary=KEY_4)
2026-09-06 03:13:21,052 [INFO] [49/121] 김포공항 (primary=KEY_1)
2026-09-06 03:13:22,575 [INFO] [50/121] 남대문시장 (primary=KEY_2)
2026-09-06 03:13:23,919 [INFO] [51/121] 노량진 (primary=KEY_3)
2026-09-06 03:13:25,304 [INFO] [52/121] 덕수궁길·정동길 (primary=KEY_4)
2026-09-06 03:13:26,666 [INFO] [53/121] 북창동 먹자골목 (primary=KEY_1)
2026-09-06 03:13:27,996 [INFO] [54/121] 북촌한옥마을 (primary=KEY_2)
2026-09-06 03:13:29,505 [INFO] [55/121] 서촌 (primary=KEY_3)
2026-09-06 03:13:31,981 [INFO] [56/121] 성수카페거리 (primary=KEY_4)
2026-09-06 03:13:34,315 [INFO] [57/121] 송리단길·호수단길 (primary=KEY_1)
2026-09-06 03:13:36,802 [INFO] [58/121] 신촌 스타광장 (primary=KEY_2)
2026-09-06 03:13:37,947 [INFO] [59/121] 압구정로데오거리 (primary=KEY_3)
2026-09-06 03:13:40,488 [INFO] [60/121] 여의도 (primary=KEY_4)
2026-09-06 03:13:43,828 [INFO] [61/121] 연남동 (primary=KEY_1)
2026-09-06 03:13:46,277 [INFO] [62/121] 영등포 타임스퀘어 (primary=KEY_2)
2026-09-06 03:13:48,749 [INFO] [63/121] 용리단길 (primary=KEY_3)
2026-09-06 03:13:51,050 [INFO] [64/121] 이태원 앤틱가구거리 (primary=KEY_4)
2026-09-06 03:13:53,155 [INFO] [65/121] 익선동 (primary=KEY_1)
2026-09-06 03:13:55,447 [INFO] [66/121] 인사동 (primary=KEY_2)
2026-09-06 03:13:57,779 [INFO] [67/121] 잠실롯데타워·석촌호수 (primary=KEY_3)
2026-09-06 03:14:00,307 [INFO] [68/121] 창동 신경제 중심지 (primary=KEY_4)
2026-09-06 03:14:02,089 [INFO] [69/121] 청담동 명품거리 (primary=KEY_1)
2026-09-06 03:14:03,429 [INFO] [70/121] 청량리 제기동 일대 전통시장 (primary=KEY_2)
2026-09-06 03:14:05,553 [INFO] [71/121] 해방촌·경리단길 (primary=KEY_3)
2026-09-06 03:14:06,739 [INFO] [72/121] DDP(동대문디자인플라자) (primary=KEY_4)
2026-09-06 03:14:09,045 [INFO] [73/121] DMC(디지털미디어시티) (primary=KEY_1)
2026-09-06 03:14:10,811 [INFO] [74/121] 가산디지털단지역 (primary=KEY_2)
2026-09-06 03:14:12,784 [INFO] [75/121] 강남역 (primary=KEY_3)
2026-09-06 03:14:15,322 [INFO] [76/121] 건대입구역 (primary=KEY_4)
2026-09-06 03:14:17,838 [INFO] [77/121] 고덕역 (primary=KEY_1)
2026-09-06 03:14:19,206 [INFO] [78/121] 고속터미널역 (primary=KEY_2)
2026-09-06 03:14:20,601 [INFO] [79/121] 교대역 (primary=KEY_3)
2026-09-06 03:14:22,547 [INFO] [80/121] 구로디지털단지역 (primary=KEY_4)
2026-09-06 03:14:25,430 [INFO] [81/121] 구로역 (primary=KEY_1)
2026-09-06 03:14:26,752 [INFO] [82/121] 군자역 (primary=KEY_2)
2026-09-06 03:14:28,687 [INFO] [83/121] 대림역 (primary=KEY_3)
2026-09-06 03:14:30,060 [INFO] [84/121] 동대문역 (primary=KEY_4)
2026-09-06 03:14:32,579 [INFO] [85/121] 뚝섬역 (primary=KEY_1)
2026-09-06 03:14:33,914 [INFO] [86/121] 미아사거리역 (primary=KEY_2)
2026-09-06 03:14:36,209 [INFO] [87/121] 발산역 (primary=KEY_3)
2026-09-06 03:14:37,945 [INFO] [88/121] 사당역 (primary=KEY_4)
2026-09-06 03:14:39,314 [INFO] [89/121] 삼각지역 (primary=KEY_1)
2026-09-06 03:14:40,476 [INFO] [90/121] 서울대입구역 (primary=KEY_2)
2026-09-06 03:14:42,959 [INFO] [91/121] 서울식물원·마곡나루역 (primary=KEY_3)
2026-09-06 03:14:44,533 [INFO] [92/121] 서울역 (primary=KEY_4)
2026-09-06 03:14:45,935 [INFO] [93/121] 선릉역 (primary=KEY_1)
2026-09-06 03:14:47,715 [INFO] [94/121] 성신여대입구역 (primary=KEY_2)
2026-09-06 03:14:50,023 [INFO] [95/121] 수유역 (primary=KEY_3)
2026-09-06 03:14:51,407 [INFO] [96/121] 숭례문 (primary=KEY_4)
2026-09-06 03:14:52,976 [INFO] [97/121] 시의회 앞 (primary=KEY_1)
2026-09-06 03:14:54,326 [INFO] [98/121] 신논현역·논현역 (primary=KEY_2)
2026-09-06 03:14:55,724 [INFO] [99/121] 신도림역 (primary=KEY_3)
2026-09-06 03:14:56,902 [INFO] [100/121] 신림역 (primary=KEY_4)
2026-09-06 03:14:58,099 [INFO] [101/121] 신정네거리역 (primary=KEY_1)
2026-09-06 03:14:59,449 [INFO] [102/121] 신촌·이대역 (primary=KEY_2)
2026-09-06 03:15:01,970 [INFO] [103/121] 쌍문역 (primary=KEY_3)
2026-09-06 03:15:03,467 [INFO] [104/121] 양재역 (primary=KEY_4)
2026-09-06 03:15:04,825 [INFO] [105/121] 역삼역 (primary=KEY_1)
2026-09-06 03:15:06,382 [INFO] [106/121] 연신내역 (primary=KEY_2)
2026-09-06 03:15:07,557 [INFO] [107/121] 오목교역·목동운동장 (primary=KEY_3)
2026-09-06 03:15:09,525 [INFO] [108/121] 왕십리역 (primary=KEY_4)
2026-09-06 03:15:10,888 [INFO] [109/121] 용산역 (primary=KEY_1)
2026-09-06 03:15:13,212 [INFO] [110/121] 이태원역 (primary=KEY_2)
2026-09-06 03:15:14,374 [INFO] [111/121] 잠실새내역 (primary=KEY_3)
2026-09-06 03:15:15,699 [INFO] [112/121] 잠실역 (primary=KEY_4)
2026-09-06 03:15:17,303 [INFO] [113/121] 장지역 (primary=KEY_1)
2026-09-06 03:15:18,830 [INFO] [114/121] 장한평역 (primary=KEY_2)
2026-09-06 03:15:20,860 [INFO] [115/121] 천호역 (primary=KEY_3)
2026-09-06 03:15:23,166 [INFO] [116/121] 총신대입구(이수)역 (primary=KEY_4)
2026-09-06 03:15:24,510 [INFO] [117/121] 충정로역 (primary=KEY_1)
2026-09-06 03:15:25,854 [INFO] [118/121] 합정역 (primary=KEY_2)
2026-09-06 03:15:28,183 [INFO] [119/121] 혜화역 (primary=KEY_3)
2026-09-06 03:15:29,523 [INFO] [120/121] 홍대입구역(2호선) (primary=KEY_4)
2026-09-06 03:15:30,871 [INFO] [121/121] 회기역 (primary=KEY_1)
2026-09-06 03:15:32,949 [INFO] === 수집 완료 | 성공 121, 실패 0 ===
2026-09-06 03:15:32,949 [INFO] 카테고리별 저장 결과:
2026-09-06 03:15:32,949 [INFO]    area_meta                 | 신규   121행 | 누적    242행 | 5컬럼
2026-09-06 03:15:32,949 [INFO]    bike                      | 신규    11행 | 누적     22행 | 12컬럼
2026-09-06 03:15:32,950 [INFO]    bike_sbike_stts           | 신규   546행 | 누적   1092행 | 12컬럼
2026-09-06 03:15:32,950 [INFO]    bus                       | 신규     3행 | 누적      6행 | 11컬럼
2026-09-06 03:15:32,950 [INFO]    bus_bus_stn_stts          | 신규  1745행 | 누적   3490행 | 11컬럼
2026-09-06 03:15:32,950 [INFO]    charger                   | 신규     4행 | 누적      8행 | 15컬럼
2026-09-06 03:15:32,950 [INFO]    charger_charger_stts      | 신규  1925행 | 누적   3824행 | 15컬럼
2026-09-06 03:15:32,950 [INFO]    cmrcl                     | 신규    82행 | 누적    164행 | 20컬럼
2026-09-06 03:15:32,950 [INFO]    events                    | 신규    13행 | 누적     26행 | 14컬럼
2026-09-06 03:15:32,950 [INFO]    events_event_stts         | 신규   120행 | 누적    240행 | 14컬럼
2026-09-06 03:15:32,950 [INFO]    parking                   | 신규     6행 | 누적     12행 | 21컬럼
2026-09-06 03:15:32,950 [INFO]    parking_prk_stts          | 신규  1827행 | 누적   3654행 | 21컬럼
2026-09-06 03:15:32,950 [INFO]    ppltn                     | 신규   121행 | 누적    242행 | 26컬럼
2026-09-06 03:15:32,950 [INFO]    road                      | 신규   121행 | 누적    242행 | 21컬럼
2026-09-06 03:15:32,950 [INFO]    road_road_traffic_stts    | 신규  5294행 | 누적  10588행 | 17컬럼
2026-09-06 03:15:32,950 [INFO]    subway                    | 신규    38행 | 누적     76행 | 13컬럼
2026-09-06 03:15:32,950 [INFO]    subway_sub_stts           | 신규   183행 | 누적    366행 | 13컬럼
2026-09-06 03:15:32,950 [INFO]    weather                   | 신규   119행 | 누적    238행 | 29컬럼
2026-09-06 03:15:32,951 [INFO] 키별 사용량:
2026-09-06 03:15:32,951 [INFO]    🟢 KEY_1 (31/1000) 
2026-09-06 03:15:32,951 [INFO]    🟢 KEY_2 (30/1000) 
2026-09-06 03:15:32,951 [INFO]    🟢 KEY_3 (30/1000) 
2026-09-06 03:15:32,951 [INFO]    🟢 KEY_4 (30/1000) 
