2026-08-27 01:27:11,247 [INFO] 등록된 키: 4개, 합산 한도 4,000건/일
2026-08-27 01:27:11,247 [INFO] POI 로드: 매뉴얼 v8.5 기준 fallback 121개 (121개 전체)
2026-08-27 01:27:11,248 [INFO] === 수집 시작 2026-08-27T01:27:11.247997+09:00 ===
2026-08-27 01:27:11,248 [INFO] 대상 장소: 121개 | API: citydata (통합)
2026-08-27 01:27:11,248 [INFO] 키 풀: 4/4 활성 | 오늘 사용 0/4000건
2026-08-27 01:27:11,248 [INFO]   [KEY_1] 담당 31장소
2026-08-27 01:27:11,248 [INFO]   [KEY_2] 담당 30장소
2026-08-27 01:27:11,248 [INFO]   [KEY_3] 담당 30장소
2026-08-27 01:27:11,248 [INFO]   [KEY_4] 담당 30장소
2026-08-27 01:27:11,248 [INFO] [1/121] 경복궁 (primary=KEY_1)
2026-08-27 01:27:12,788 [INFO] [2/121] 광화문·덕수궁 (primary=KEY_2)
2026-08-27 01:27:14,882 [INFO] [3/121] 보신각 (primary=KEY_3)
2026-08-27 01:27:16,843 [INFO] [4/121] 서울 암사동 유적 (primary=KEY_4)
2026-08-27 01:27:18,479 [INFO] [5/121] 창덕궁·종묘 (primary=KEY_1)
2026-08-27 01:27:20,129 [INFO] [6/121] 강남 MICE 관광특구 (primary=KEY_2)
2026-08-27 01:27:21,263 [INFO] [7/121] 동대문 관광특구 (primary=KEY_3)
2026-08-27 01:27:22,694 [INFO] [8/121] 명동 관광특구 (primary=KEY_4)
2026-08-27 01:27:24,938 [INFO] [9/121] 이태원 관광특구 (primary=KEY_1)
2026-08-27 01:27:26,620 [INFO] [10/121] 잠실 관광특구 (primary=KEY_2)
2026-08-27 01:27:28,071 [INFO] [11/121] 종로·청계 관광특구 (primary=KEY_3)
2026-08-27 01:27:29,402 [INFO] [12/121] 홍대 관광특구 (primary=KEY_4)
2026-08-27 01:27:30,832 [INFO] [13/121] 강서한강공원 (primary=KEY_1)
2026-08-27 01:27:32,479 [INFO] [14/121] 고척돔 (primary=KEY_2)
2026-08-27 01:27:33,454 [INFO] [15/121] 광나루한강공원 (primary=KEY_3)
2026-08-27 01:27:34,561 [INFO] [16/121] 광화문광장 (primary=KEY_4)
2026-08-27 01:27:35,688 [INFO] [17/121] 국립중앙박물관·용산가족공원 (primary=KEY_1)
2026-08-27 01:27:36,694 [INFO] [18/121] 난지한강공원 (primary=KEY_2)
2026-08-27 01:27:37,659 [INFO] [19/121] 남산공원 (primary=KEY_3)
2026-08-27 01:27:38,947 [INFO] [20/121] 노들섬 (primary=KEY_4)
2026-08-27 01:27:40,466 [INFO] [21/121] 뚝섬한강공원 (primary=KEY_1)
2026-08-27 01:27:41,454 [INFO] [22/121] 망원한강공원 (primary=KEY_2)
2026-08-27 01:27:42,580 [INFO] [23/121] 반포한강공원 (primary=KEY_3)
2026-08-27 01:27:43,561 [INFO] [24/121] 보라매공원 (primary=KEY_4)
2026-08-27 01:27:45,112 [INFO] [25/121] 북서울꿈의숲 (primary=KEY_1)
2026-08-27 01:27:46,266 [INFO] [26/121] 서대문독립공원 (primary=KEY_2)
2026-08-27 01:27:47,392 [INFO] [27/121] 서리풀공원·몽마르뜨공원 (primary=KEY_3)
2026-08-27 01:27:48,412 [INFO] [28/121] 서울대공원 (primary=KEY_4)
2026-08-27 01:27:49,390 [INFO] [29/121] 서울숲공원 (primary=KEY_1)
2026-08-27 01:27:50,532 [INFO] [30/121] 송현녹지광장 (primary=KEY_2)
2026-08-27 01:27:51,670 [INFO] [31/121] 아차산 (primary=KEY_3)
2026-08-27 01:27:52,664 [INFO] [32/121] 안양천 (primary=KEY_4)
2026-08-27 01:27:54,469 [INFO] [33/121] 양화한강공원 (primary=KEY_1)
2026-08-27 01:27:55,591 [INFO] [34/121] 어린이대공원 (primary=KEY_2)
2026-08-27 01:27:56,714 [INFO] [35/121] 여의도한강공원 (primary=KEY_3)
2026-08-27 01:27:57,826 [INFO] [36/121] 여의서로 (primary=KEY_4)
2026-08-27 01:27:58,933 [INFO] [37/121] 올림픽공원 (primary=KEY_1)
2026-08-27 01:28:00,088 [INFO] [38/121] 월드컵공원 (primary=KEY_2)
2026-08-27 01:28:01,411 [INFO] [39/121] 응봉산 (primary=KEY_3)
2026-08-27 01:28:02,519 [INFO] [40/121] 이촌한강공원 (primary=KEY_4)
2026-08-27 01:28:03,483 [INFO] [41/121] 잠실종합운동장 (primary=KEY_1)
2026-08-27 01:28:04,470 [INFO] [42/121] 잠실한강공원 (primary=KEY_2)
2026-08-27 01:28:05,458 [INFO] [43/121] 잠원한강공원 (primary=KEY_3)
2026-08-27 01:28:06,429 [INFO] [44/121] 청계산 (primary=KEY_4)
2026-08-27 01:28:07,409 [INFO] [45/121] 홍제폭포 (primary=KEY_1)
2026-08-27 01:28:08,389 [INFO] [46/121] 가락시장 (primary=KEY_2)
2026-08-27 01:28:09,545 [INFO] [47/121] 가로수길 (primary=KEY_3)
2026-08-27 01:28:10,718 [INFO] [48/121] 광장(전통)시장 (primary=KEY_4)
2026-08-27 01:28:11,706 [INFO] [49/121] 김포공항 (primary=KEY_1)
2026-08-27 01:28:12,989 [INFO] [50/121] 남대문시장 (primary=KEY_2)
2026-08-27 01:28:14,107 [INFO] [51/121] 노량진 (primary=KEY_3)
2026-08-27 01:28:15,241 [INFO] [52/121] 덕수궁길·정동길 (primary=KEY_4)
2026-08-27 01:28:16,395 [INFO] [53/121] 북창동 먹자골목 (primary=KEY_1)
2026-08-27 01:28:17,528 [INFO] [54/121] 북촌한옥마을 (primary=KEY_2)
2026-08-27 01:28:18,787 [INFO] [55/121] 서촌 (primary=KEY_3)
2026-08-27 01:28:19,909 [INFO] [56/121] 성수카페거리 (primary=KEY_4)
2026-08-27 01:28:21,179 [INFO] [57/121] 송리단길·호수단길 (primary=KEY_1)
2026-08-27 01:28:22,316 [INFO] [58/121] 신촌 스타광장 (primary=KEY_2)
2026-08-27 01:28:23,301 [INFO] [59/121] 압구정로데오거리 (primary=KEY_3)
2026-08-27 01:28:24,435 [INFO] [60/121] 여의도 (primary=KEY_4)
2026-08-27 01:28:26,181 [INFO] [61/121] 연남동 (primary=KEY_1)
2026-08-27 01:28:27,287 [INFO] [62/121] 영등포 타임스퀘어 (primary=KEY_2)
2026-08-27 01:28:28,405 [INFO] [63/121] 용리단길 (primary=KEY_3)
2026-08-27 01:28:29,400 [INFO] [64/121] 이태원 앤틱가구거리 (primary=KEY_4)
2026-08-27 01:28:30,394 [INFO] [65/121] 익선동 (primary=KEY_1)
2026-08-27 01:28:31,550 [INFO] [66/121] 인사동 (primary=KEY_2)
2026-08-27 01:28:32,816 [INFO] [67/121] 잠실롯데타워·석촌호수 (primary=KEY_3)
2026-08-27 01:28:34,243 [INFO] [68/121] 창동 신경제 중심지 (primary=KEY_4)
2026-08-27 01:28:35,655 [INFO] [69/121] 청담동 명품거리 (primary=KEY_1)
2026-08-27 01:28:36,789 [INFO] [70/121] 청량리 제기동 일대 전통시장 (primary=KEY_2)
2026-08-27 01:28:37,976 [INFO] [71/121] 해방촌·경리단길 (primary=KEY_3)
2026-08-27 01:28:38,964 [INFO] [72/121] DDP(동대문디자인플라자) (primary=KEY_4)
2026-08-27 01:28:40,112 [INFO] [73/121] DMC(디지털미디어시티) (primary=KEY_1)
2026-08-27 01:28:41,571 [INFO] [74/121] 가산디지털단지역 (primary=KEY_2)
2026-08-27 01:28:43,116 [INFO] [75/121] 강남역 (primary=KEY_3)
2026-08-27 01:28:44,430 [INFO] [76/121] 건대입구역 (primary=KEY_4)
2026-08-27 01:28:45,584 [INFO] [77/121] 고덕역 (primary=KEY_1)
2026-08-27 01:28:46,716 [INFO] [78/121] 고속터미널역 (primary=KEY_2)
2026-08-27 01:28:48,681 [INFO] [79/121] 교대역 (primary=KEY_3)
2026-08-27 01:28:49,693 [INFO] [80/121] 구로디지털단지역 (primary=KEY_4)
2026-08-27 01:28:51,774 [INFO] [81/121] 구로역 (primary=KEY_1)
2026-08-27 01:28:53,708 [INFO] [82/121] 군자역 (primary=KEY_2)
2026-08-27 01:28:54,717 [INFO] [83/121] 대림역 (primary=KEY_3)
2026-08-27 01:28:56,409 [INFO] [84/121] 동대문역 (primary=KEY_4)
2026-08-27 01:28:58,084 [INFO] [85/121] 뚝섬역 (primary=KEY_1)
2026-08-27 01:28:59,766 [INFO] [86/121] 미아사거리역 (primary=KEY_2)
2026-08-27 01:29:01,044 [INFO] [87/121] 발산역 (primary=KEY_3)
2026-08-27 01:29:02,461 [INFO] [88/121] 사당역 (primary=KEY_4)
2026-08-27 01:29:03,589 [INFO] [89/121] 삼각지역 (primary=KEY_1)
2026-08-27 01:29:04,594 [INFO] [90/121] 서울대입구역 (primary=KEY_2)
2026-08-27 01:29:06,529 [INFO] [91/121] 서울식물원·마곡나루역 (primary=KEY_3)
2026-08-27 01:29:08,484 [INFO] [92/121] 서울역 (primary=KEY_4)
2026-08-27 01:29:09,666 [INFO] [93/121] 선릉역 (primary=KEY_1)
2026-08-27 01:29:11,775 [INFO] [94/121] 성신여대입구역 (primary=KEY_2)
2026-08-27 01:29:12,784 [INFO] [95/121] 수유역 (primary=KEY_3)
2026-08-27 01:29:13,928 [INFO] [96/121] 숭례문 (primary=KEY_4)
2026-08-27 01:29:15,199 [INFO] [97/121] 시의회 앞 (primary=KEY_1)
2026-08-27 01:29:16,328 [INFO] [98/121] 신논현역·논현역 (primary=KEY_2)
2026-08-27 01:29:17,488 [INFO] [99/121] 신도림역 (primary=KEY_3)
2026-08-27 01:29:18,480 [INFO] [100/121] 신림역 (primary=KEY_4)
2026-08-27 01:29:19,507 [INFO] [101/121] 신정네거리역 (primary=KEY_1)
2026-08-27 01:29:20,645 [INFO] [102/121] 신촌·이대역 (primary=KEY_2)
2026-08-27 01:29:21,771 [INFO] [103/121] 쌍문역 (primary=KEY_3)
2026-08-27 01:29:22,898 [INFO] [104/121] 양재역 (primary=KEY_4)
2026-08-27 01:29:24,049 [INFO] [105/121] 역삼역 (primary=KEY_1)
2026-08-27 01:29:25,332 [INFO] [106/121] 연신내역 (primary=KEY_2)
2026-08-27 01:29:26,347 [INFO] [107/121] 오목교역·목동운동장 (primary=KEY_3)
2026-08-27 01:29:28,616 [INFO] [108/121] 왕십리역 (primary=KEY_4)
2026-08-27 01:29:29,767 [INFO] [109/121] 용산역 (primary=KEY_1)
2026-08-27 01:29:31,042 [INFO] [110/121] 이태원역 (primary=KEY_2)
2026-08-27 01:29:32,038 [INFO] [111/121] 잠실새내역 (primary=KEY_3)
2026-08-27 01:29:33,255 [INFO] [112/121] 잠실역 (primary=KEY_4)
2026-08-27 01:29:34,546 [INFO] [113/121] 장지역 (primary=KEY_1)
2026-08-27 01:29:35,840 [INFO] [114/121] 장한평역 (primary=KEY_2)
2026-08-27 01:29:36,985 [INFO] [115/121] 천호역 (primary=KEY_3)
2026-08-27 01:29:38,149 [INFO] [116/121] 총신대입구(이수)역 (primary=KEY_4)
2026-08-27 01:29:39,968 [INFO] [117/121] 충정로역 (primary=KEY_1)
2026-08-27 01:29:41,660 [INFO] [118/121] 합정역 (primary=KEY_2)
2026-08-27 01:29:42,824 [INFO] [119/121] 혜화역 (primary=KEY_3)
2026-08-27 01:29:43,962 [INFO] [120/121] 홍대입구역(2호선) (primary=KEY_4)
2026-08-27 01:29:45,114 [INFO] [121/121] 회기역 (primary=KEY_1)
2026-08-27 01:29:46,757 [INFO] === 수집 완료 | 성공 121, 실패 0 ===
2026-08-27 01:29:46,757 [INFO] 카테고리별 저장 결과:
2026-08-27 01:29:46,757 [INFO]    accident                  | 신규     2행 | 누적      2행 | 16컬럼
2026-08-27 01:29:46,757 [INFO]    area_meta                 | 신규   121행 | 누적    121행 | 5컬럼
2026-08-27 01:29:46,757 [INFO]    bike                      | 신규    10행 | 누적     10행 | 12컬럼
2026-08-27 01:29:46,757 [INFO]    bike_sbike_stts           | 신규   573행 | 누적    573행 | 12컬럼
2026-08-27 01:29:46,757 [INFO]    bus                       | 신규     3행 | 누적      3행 | 11컬럼
2026-08-27 01:29:46,758 [INFO]    bus_bus_stn_stts          | 신규  1745행 | 누적   1745행 | 11컬럼
2026-08-27 01:29:46,758 [INFO]    charger                   | 신규     4행 | 누적      4행 | 15컬럼
2026-08-27 01:29:46,758 [INFO]    charger_charger_stts      | 신규  1930행 | 누적   1930행 | 15컬럼
2026-08-27 01:29:46,758 [INFO]    cmrcl                     | 신규    82행 | 누적     82행 | 20컬럼
2026-08-27 01:29:46,758 [INFO]    events                    | 신규    11행 | 누적     11행 | 14컬럼
2026-08-27 01:29:46,758 [INFO]    events_event_stts         | 신규   133행 | 누적    133행 | 14컬럼
2026-08-27 01:29:46,758 [INFO]    parking                   | 신규     6행 | 누적      6행 | 21컬럼
2026-08-27 01:29:46,758 [INFO]    parking_prk_stts          | 신규  1837행 | 누적   1837행 | 21컬럼
2026-08-27 01:29:46,758 [INFO]    ppltn                     | 신규   121행 | 누적    121행 | 26컬럼
2026-08-27 01:29:46,758 [INFO]    road                      | 신규   121행 | 누적    121행 | 21컬럼
2026-08-27 01:29:46,758 [INFO]    road_road_traffic_stts    | 신규  5292행 | 누적   5292행 | 17컬럼
2026-08-27 01:29:46,758 [INFO]    subway                    | 신규    38행 | 누적     38행 | 13컬럼
2026-08-27 01:29:46,758 [INFO]    subway_sub_stts           | 신규   183행 | 누적    183행 | 13컬럼
2026-08-27 01:29:46,759 [INFO]    weather                   | 신규   119행 | 누적    119행 | 29컬럼
2026-08-27 01:29:46,759 [INFO] 키별 사용량:
2026-08-27 01:29:46,759 [INFO]    🟢 KEY_1 (31/1000) 
2026-08-27 01:29:46,759 [INFO]    🟢 KEY_2 (30/1000) 
2026-08-27 01:29:46,759 [INFO]    🟢 KEY_3 (30/1000) 
2026-08-27 01:29:46,759 [INFO]    🟢 KEY_4 (30/1000) 
2026-08-27 04:18:49,099 [INFO] 등록된 키: 4개, 합산 한도 4,000건/일
2026-08-27 04:18:49,100 [INFO] POI 로드: 매뉴얼 v8.5 기준 fallback 121개 (121개 전체)
2026-08-27 04:18:49,100 [INFO] === 수집 시작 2026-08-27T04:18:49.100247+09:00 ===
2026-08-27 04:18:49,100 [INFO] 대상 장소: 121개 | API: citydata (통합)
2026-08-27 04:18:49,100 [INFO] 키 풀: 4/4 활성 | 오늘 사용 0/4000건
2026-08-27 04:18:49,100 [INFO]   [KEY_1] 담당 31장소
2026-08-27 04:18:49,100 [INFO]   [KEY_2] 담당 30장소
2026-08-27 04:18:49,100 [INFO]   [KEY_3] 담당 30장소
2026-08-27 04:18:49,100 [INFO]   [KEY_4] 담당 30장소
2026-08-27 04:18:49,100 [INFO] [1/121] 경복궁 (primary=KEY_1)
2026-08-27 04:18:50,290 [INFO] [2/121] 광화문·덕수궁 (primary=KEY_2)
2026-08-27 04:18:51,772 [INFO] [3/121] 보신각 (primary=KEY_3)
2026-08-27 04:18:53,490 [INFO] [4/121] 서울 암사동 유적 (primary=KEY_4)
2026-08-27 04:18:54,605 [INFO] [5/121] 창덕궁·종묘 (primary=KEY_1)
2026-08-27 04:18:55,735 [INFO] [6/121] 강남 MICE 관광특구 (primary=KEY_2)
2026-08-27 04:18:57,006 [INFO] [7/121] 동대문 관광특구 (primary=KEY_3)
2026-08-27 04:18:58,498 [INFO] [8/121] 명동 관광특구 (primary=KEY_4)
2026-08-27 04:19:00,122 [INFO] [9/121] 이태원 관광특구 (primary=KEY_1)
2026-08-27 04:19:01,400 [INFO] [10/121] 잠실 관광특구 (primary=KEY_2)
2026-08-27 04:19:02,911 [INFO] [11/121] 종로·청계 관광특구 (primary=KEY_3)
2026-08-27 04:19:04,361 [INFO] [12/121] 홍대 관광특구 (primary=KEY_4)
2026-08-27 04:19:05,708 [INFO] [13/121] 강서한강공원 (primary=KEY_1)
2026-08-27 04:19:06,690 [INFO] [14/121] 고척돔 (primary=KEY_2)
2026-08-27 04:19:07,688 [INFO] [15/121] 광나루한강공원 (primary=KEY_3)
2026-08-27 04:19:08,796 [INFO] [16/121] 광화문광장 (primary=KEY_4)
2026-08-27 04:19:09,926 [INFO] [17/121] 국립중앙박물관·용산가족공원 (primary=KEY_1)
2026-08-27 04:19:10,955 [INFO] [18/121] 난지한강공원 (primary=KEY_2)
2026-08-27 04:19:11,930 [INFO] [19/121] 남산공원 (primary=KEY_3)
2026-08-27 04:19:13,250 [INFO] [20/121] 노들섬 (primary=KEY_4)
2026-08-27 04:19:14,229 [INFO] [21/121] 뚝섬한강공원 (primary=KEY_1)
2026-08-27 04:19:15,209 [INFO] [22/121] 망원한강공원 (primary=KEY_2)
2026-08-27 04:19:16,343 [INFO] [23/121] 반포한강공원 (primary=KEY_3)
2026-08-27 04:19:17,317 [INFO] [24/121] 보라매공원 (primary=KEY_4)
2026-08-27 04:19:18,316 [INFO] [25/121] 북서울꿈의숲 (primary=KEY_1)
2026-08-27 04:19:19,434 [INFO] [26/121] 서대문독립공원 (primary=KEY_2)
2026-08-27 04:19:20,460 [INFO] [27/121] 서리풀공원·몽마르뜨공원 (primary=KEY_3)
2026-08-27 04:19:21,658 [INFO] [28/121] 서울대공원 (primary=KEY_4)
2026-08-27 04:19:22,633 [INFO] [29/121] 서울숲공원 (primary=KEY_1)
2026-08-27 04:19:23,772 [INFO] [30/121] 송현녹지광장 (primary=KEY_2)
2026-08-27 04:19:24,906 [INFO] [31/121] 아차산 (primary=KEY_3)
2026-08-27 04:19:25,901 [INFO] [32/121] 안양천 (primary=KEY_4)
2026-08-27 04:19:26,882 [INFO] [33/121] 양화한강공원 (primary=KEY_1)
2026-08-27 04:19:27,860 [INFO] [34/121] 어린이대공원 (primary=KEY_2)
2026-08-27 04:19:28,991 [INFO] [35/121] 여의도한강공원 (primary=KEY_3)
2026-08-27 04:19:30,112 [INFO] [36/121] 여의서로 (primary=KEY_4)
2026-08-27 04:19:31,222 [INFO] [37/121] 올림픽공원 (primary=KEY_1)
2026-08-27 04:19:32,371 [INFO] [38/121] 월드컵공원 (primary=KEY_2)
2026-08-27 04:19:33,680 [INFO] [39/121] 응봉산 (primary=KEY_3)
2026-08-27 04:19:34,806 [INFO] [40/121] 이촌한강공원 (primary=KEY_4)
2026-08-27 04:19:35,800 [INFO] [41/121] 잠실종합운동장 (primary=KEY_1)
2026-08-27 04:19:36,836 [INFO] [42/121] 잠실한강공원 (primary=KEY_2)
2026-08-27 04:19:37,833 [INFO] [43/121] 잠원한강공원 (primary=KEY_3)
2026-08-27 04:19:38,809 [INFO] [44/121] 청계산 (primary=KEY_4)
2026-08-27 04:19:39,789 [INFO] [45/121] 홍제폭포 (primary=KEY_1)
2026-08-27 04:19:40,769 [INFO] [46/121] 가락시장 (primary=KEY_2)
2026-08-27 04:19:41,923 [INFO] [47/121] 가로수길 (primary=KEY_3)
2026-08-27 04:19:43,101 [INFO] [48/121] 광장(전통)시장 (primary=KEY_4)
2026-08-27 04:19:44,099 [INFO] [49/121] 김포공항 (primary=KEY_1)
2026-08-27 04:19:45,385 [INFO] [50/121] 남대문시장 (primary=KEY_2)
2026-08-27 04:19:46,510 [INFO] [51/121] 노량진 (primary=KEY_3)
2026-08-27 04:19:47,667 [INFO] [52/121] 덕수궁길·정동길 (primary=KEY_4)
2026-08-27 04:19:48,954 [INFO] [53/121] 북창동 먹자골목 (primary=KEY_1)
2026-08-27 04:19:50,082 [INFO] [54/121] 북촌한옥마을 (primary=KEY_2)
2026-08-27 04:19:51,363 [INFO] [55/121] 서촌 (primary=KEY_3)
2026-08-27 04:19:52,672 [INFO] [56/121] 성수카페거리 (primary=KEY_4)
2026-08-27 04:19:53,959 [INFO] [57/121] 송리단길·호수단길 (primary=KEY_1)
2026-08-27 04:19:55,109 [INFO] [58/121] 신촌 스타광장 (primary=KEY_2)
2026-08-27 04:19:56,162 [INFO] [59/121] 압구정로데오거리 (primary=KEY_3)
2026-08-27 04:19:57,302 [INFO] [60/121] 여의도 (primary=KEY_4)
2026-08-27 04:19:59,077 [INFO] [61/121] 연남동 (primary=KEY_1)
2026-08-27 04:20:00,202 [INFO] [62/121] 영등포 타임스퀘어 (primary=KEY_2)
2026-08-27 04:20:01,329 [INFO] [63/121] 용리단길 (primary=KEY_3)
2026-08-27 04:20:02,441 [INFO] [64/121] 이태원 앤틱가구거리 (primary=KEY_4)
2026-08-27 04:20:03,690 [INFO] [65/121] 익선동 (primary=KEY_1)
2026-08-27 04:20:04,851 [INFO] [66/121] 인사동 (primary=KEY_2)
2026-08-27 04:20:06,117 [INFO] [67/121] 잠실롯데타워·석촌호수 (primary=KEY_3)
2026-08-27 04:20:07,551 [INFO] [68/121] 창동 신경제 중심지 (primary=KEY_4)
2026-08-27 04:20:09,037 [INFO] [69/121] 청담동 명품거리 (primary=KEY_1)
2026-08-27 04:20:10,200 [INFO] [70/121] 청량리 제기동 일대 전통시장 (primary=KEY_2)
2026-08-27 04:20:11,314 [INFO] [71/121] 해방촌·경리단길 (primary=KEY_3)
2026-08-27 04:20:12,338 [INFO] [72/121] DDP(동대문디자인플라자) (primary=KEY_4)
2026-08-27 04:20:13,482 [INFO] [73/121] DMC(디지털미디어시티) (primary=KEY_1)
2026-08-27 04:20:14,897 [INFO] [74/121] 가산디지털단지역 (primary=KEY_2)
2026-08-27 04:20:16,434 [INFO] [75/121] 강남역 (primary=KEY_3)
2026-08-27 04:20:19,854 [INFO] [76/121] 건대입구역 (primary=KEY_4)
2026-08-27 04:20:20,990 [INFO] [77/121] 고덕역 (primary=KEY_1)
2026-08-27 04:20:22,146 [INFO] [78/121] 고속터미널역 (primary=KEY_2)
2026-08-27 04:20:23,267 [INFO] [79/121] 교대역 (primary=KEY_3)
2026-08-27 04:20:24,263 [INFO] [80/121] 구로디지털단지역 (primary=KEY_4)
2026-08-27 04:20:25,679 [INFO] [81/121] 구로역 (primary=KEY_1)
2026-08-27 04:20:26,794 [INFO] [82/121] 군자역 (primary=KEY_2)
2026-08-27 04:20:27,789 [INFO] [83/121] 대림역 (primary=KEY_3)
2026-08-27 04:20:28,930 [INFO] [84/121] 동대문역 (primary=KEY_4)
2026-08-27 04:20:30,064 [INFO] [85/121] 뚝섬역 (primary=KEY_1)
2026-08-27 04:20:31,202 [INFO] [86/121] 미아사거리역 (primary=KEY_2)
2026-08-27 04:20:32,328 [INFO] [87/121] 발산역 (primary=KEY_3)
2026-08-27 04:20:33,744 [INFO] [88/121] 사당역 (primary=KEY_4)
2026-08-27 04:20:34,888 [INFO] [89/121] 삼각지역 (primary=KEY_1)
2026-08-27 04:20:35,875 [INFO] [90/121] 서울대입구역 (primary=KEY_2)
2026-08-27 04:20:37,001 [INFO] [91/121] 서울식물원·마곡나루역 (primary=KEY_3)
2026-08-27 04:20:38,285 [INFO] [92/121] 서울역 (primary=KEY_4)
2026-08-27 04:20:39,505 [INFO] [93/121] 선릉역 (primary=KEY_1)
2026-08-27 04:20:40,940 [INFO] [94/121] 성신여대입구역 (primary=KEY_2)
2026-08-27 04:20:41,938 [INFO] [95/121] 수유역 (primary=KEY_3)
2026-08-27 04:20:43,079 [INFO] [96/121] 숭례문 (primary=KEY_4)
2026-08-27 04:20:44,352 [INFO] [97/121] 시의회 앞 (primary=KEY_1)
2026-08-27 04:20:45,509 [INFO] [98/121] 신논현역·논현역 (primary=KEY_2)
2026-08-27 04:20:46,657 [INFO] [99/121] 신도림역 (primary=KEY_3)
2026-08-27 04:20:47,664 [INFO] [100/121] 신림역 (primary=KEY_4)
2026-08-27 04:20:48,708 [INFO] [101/121] 신정네거리역 (primary=KEY_1)
2026-08-27 04:20:49,847 [INFO] [102/121] 신촌·이대역 (primary=KEY_2)
2026-08-27 04:20:51,014 [INFO] [103/121] 쌍문역 (primary=KEY_3)
2026-08-27 04:20:52,222 [INFO] [104/121] 양재역 (primary=KEY_4)
2026-08-27 04:20:53,368 [INFO] [105/121] 역삼역 (primary=KEY_1)
2026-08-27 04:20:54,622 [INFO] [106/121] 연신내역 (primary=KEY_2)
2026-08-27 04:20:55,657 [INFO] [107/121] 오목교역·목동운동장 (primary=KEY_3)
2026-08-27 04:20:57,240 [INFO] [108/121] 왕십리역 (primary=KEY_4)
2026-08-27 04:20:58,385 [INFO] [109/121] 용산역 (primary=KEY_1)
2026-08-27 04:20:59,798 [INFO] [110/121] 이태원역 (primary=KEY_2)
2026-08-27 04:21:00,936 [INFO] [111/121] 잠실새내역 (primary=KEY_3)
2026-08-27 04:21:02,261 [INFO] [112/121] 잠실역 (primary=KEY_4)
2026-08-27 04:21:03,680 [INFO] [113/121] 장지역 (primary=KEY_1)
2026-08-27 04:21:04,949 [INFO] [114/121] 장한평역 (primary=KEY_2)
2026-08-27 04:21:06,211 [INFO] [115/121] 천호역 (primary=KEY_3)
2026-08-27 04:21:07,372 [INFO] [116/121] 총신대입구(이수)역 (primary=KEY_4)
2026-08-27 04:21:08,557 [INFO] [117/121] 충정로역 (primary=KEY_1)
2026-08-27 04:21:09,692 [INFO] [118/121] 합정역 (primary=KEY_2)
2026-08-27 04:21:10,964 [INFO] [119/121] 혜화역 (primary=KEY_3)
2026-08-27 04:21:12,100 [INFO] [120/121] 홍대입구역(2호선) (primary=KEY_4)
2026-08-27 04:21:13,393 [INFO] [121/121] 회기역 (primary=KEY_1)
2026-08-27 04:21:15,119 [INFO] === 수집 완료 | 성공 121, 실패 0 ===
2026-08-27 04:21:15,119 [INFO] 카테고리별 저장 결과:
2026-08-27 04:21:15,119 [INFO]    accident                  | 신규     2행 | 누적      4행 | 16컬럼
2026-08-27 04:21:15,119 [INFO]    area_meta                 | 신규   121행 | 누적    242행 | 5컬럼
2026-08-27 04:21:15,119 [INFO]    bike                      | 신규    10행 | 누적     20행 | 12컬럼
2026-08-27 04:21:15,119 [INFO]    bike_sbike_stts           | 신규   573행 | 누적   1146행 | 12컬럼
2026-08-27 04:21:15,119 [INFO]    bus                       | 신규     3행 | 누적      6행 | 11컬럼
2026-08-27 04:21:15,119 [INFO]    bus_bus_stn_stts          | 신규  1745행 | 누적   3490행 | 11컬럼
2026-08-27 04:21:15,119 [INFO]    charger                   | 신규     4행 | 누적      8행 | 15컬럼
2026-08-27 04:21:15,119 [INFO]    charger_charger_stts      | 신규  1930행 | 누적   3834행 | 15컬럼
2026-08-27 04:21:15,119 [INFO]    cmrcl                     | 신규    82행 | 누적    164행 | 20컬럼
2026-08-27 04:21:15,119 [INFO]    events                    | 신규    11행 | 누적     22행 | 14컬럼
2026-08-27 04:21:15,120 [INFO]    events_event_stts         | 신규   133행 | 누적    266행 | 14컬럼
2026-08-27 04:21:15,120 [INFO]    parking                   | 신규     6행 | 누적     12행 | 21컬럼
2026-08-27 04:21:15,120 [INFO]    parking_prk_stts          | 신규  1827행 | 누적   3664행 | 21컬럼
2026-08-27 04:21:15,120 [INFO]    ppltn                     | 신규   121행 | 누적    242행 | 26컬럼
2026-08-27 04:21:15,120 [INFO]    road                      | 신규   121행 | 누적    242행 | 21컬럼
2026-08-27 04:21:15,120 [INFO]    road_road_traffic_stts    | 신규  5292행 | 누적  10584행 | 17컬럼
2026-08-27 04:21:15,120 [INFO]    subway                    | 신규    38행 | 누적     76행 | 13컬럼
2026-08-27 04:21:15,120 [INFO]    subway_sub_stts           | 신규   183행 | 누적    366행 | 13컬럼
2026-08-27 04:21:15,120 [INFO]    weather                   | 신규   119행 | 누적    238행 | 29컬럼
2026-08-27 04:21:15,120 [INFO] 키별 사용량:
2026-08-27 04:21:15,120 [INFO]    🟢 KEY_1 (31/1000) 
2026-08-27 04:21:15,120 [INFO]    🟢 KEY_2 (30/1000) 
2026-08-27 04:21:15,120 [INFO]    🟢 KEY_3 (30/1000) 
2026-08-27 04:21:15,120 [INFO]    🟢 KEY_4 (30/1000) 
