2026-06-30 01:26:25,015 [INFO] 등록된 키: 4개, 합산 한도 4,000건/일
2026-06-30 01:26:25,015 [INFO] POI 로드: 매뉴얼 v8.5 기준 fallback 121개 (121개 전체)
2026-06-30 01:26:25,015 [INFO] === 수집 시작 2026-06-30T01:26:25.015893+09:00 ===
2026-06-30 01:26:25,016 [INFO] 대상 장소: 121개 | API: citydata (통합)
2026-06-30 01:26:25,016 [INFO] 키 풀: 4/4 활성 | 오늘 사용 0/4000건
2026-06-30 01:26:25,016 [INFO]   [KEY_1] 담당 31장소
2026-06-30 01:26:25,016 [INFO]   [KEY_2] 담당 30장소
2026-06-30 01:26:25,016 [INFO]   [KEY_3] 담당 30장소
2026-06-30 01:26:25,016 [INFO]   [KEY_4] 담당 30장소
2026-06-30 01:26:25,016 [INFO] [1/121] 경복궁 (primary=KEY_1)
2026-06-30 01:26:27,338 [INFO] [2/121] 광화문·덕수궁 (primary=KEY_2)
2026-06-30 01:26:29,006 [INFO] [3/121] 보신각 (primary=KEY_3)
2026-06-30 01:26:30,991 [INFO] [4/121] 서울 암사동 유적 (primary=KEY_4)
2026-06-30 01:26:32,791 [INFO] [5/121] 창덕궁·종묘 (primary=KEY_1)
2026-06-30 01:26:34,058 [INFO] [6/121] 강남 MICE 관광특구 (primary=KEY_2)
2026-06-30 01:26:35,333 [INFO] [7/121] 동대문 관광특구 (primary=KEY_3)
2026-06-30 01:26:36,869 [INFO] [8/121] 명동 관광특구 (primary=KEY_4)
2026-06-30 01:26:39,472 [INFO] [9/121] 이태원 관광특구 (primary=KEY_1)
2026-06-30 01:26:40,955 [INFO] [10/121] 잠실 관광특구 (primary=KEY_2)
2026-06-30 01:26:43,445 [INFO] [11/121] 종로·청계 관광특구 (primary=KEY_3)
2026-06-30 01:26:45,645 [INFO] [12/121] 홍대 관광특구 (primary=KEY_4)
2026-06-30 01:26:47,872 [INFO] [13/121] 강서한강공원 (primary=KEY_1)
2026-06-30 01:26:49,561 [INFO] [14/121] 고척돔 (primary=KEY_2)
2026-06-30 01:26:50,655 [INFO] [15/121] 광나루한강공원 (primary=KEY_3)
2026-06-30 01:26:51,921 [INFO] [16/121] 광화문광장 (primary=KEY_4)
2026-06-30 01:26:53,206 [INFO] [17/121] 국립중앙박물관·용산가족공원 (primary=KEY_1)
2026-06-30 01:26:54,286 [INFO] [18/121] 난지한강공원 (primary=KEY_2)
2026-06-30 01:26:56,066 [INFO] [19/121] 남산공원 (primary=KEY_3)
2026-06-30 01:26:57,537 [INFO] [20/121] 노들섬 (primary=KEY_4)
2026-06-30 01:26:58,616 [INFO] [21/121] 뚝섬한강공원 (primary=KEY_1)
2026-06-30 01:26:59,718 [INFO] [22/121] 망원한강공원 (primary=KEY_2)
2026-06-30 01:27:00,989 [INFO] [23/121] 반포한강공원 (primary=KEY_3)
2026-06-30 01:27:02,090 [INFO] [24/121] 보라매공원 (primary=KEY_4)
2026-06-30 01:27:04,228 [INFO] [25/121] 북서울꿈의숲 (primary=KEY_1)
2026-06-30 01:27:05,481 [INFO] [26/121] 서대문독립공원 (primary=KEY_2)
2026-06-30 01:27:06,570 [INFO] [27/121] 서리풀공원·몽마르뜨공원 (primary=KEY_3)
2026-06-30 01:27:08,307 [INFO] [28/121] 서울대공원 (primary=KEY_4)
2026-06-30 01:27:09,950 [INFO] [29/121] 서울숲공원 (primary=KEY_1)
2026-06-30 01:27:11,812 [INFO] [30/121] 송현녹지광장 (primary=KEY_2)
2026-06-30 01:27:13,077 [INFO] [31/121] 아차산 (primary=KEY_3)
2026-06-30 01:27:14,161 [INFO] [32/121] 안양천 (primary=KEY_4)
2026-06-30 01:27:15,246 [INFO] [33/121] 양화한강공원 (primary=KEY_1)
2026-06-30 01:27:17,022 [INFO] [34/121] 어린이대공원 (primary=KEY_2)
2026-06-30 01:27:18,998 [INFO] [35/121] 여의도한강공원 (primary=KEY_3)
2026-06-30 01:27:20,262 [INFO] [36/121] 여의서로 (primary=KEY_4)
2026-06-30 01:27:21,512 [INFO] [37/121] 올림픽공원 (primary=KEY_1)
2026-06-30 01:27:24,636 [INFO] [38/121] 월드컵공원 (primary=KEY_2)
2026-06-30 01:27:26,115 [INFO] [39/121] 응봉산 (primary=KEY_3)
2026-06-30 01:27:27,371 [INFO] [40/121] 이촌한강공원 (primary=KEY_4)
2026-06-30 01:27:28,439 [INFO] [41/121] 잠실종합운동장 (primary=KEY_1)
2026-06-30 01:27:30,227 [INFO] [42/121] 잠실한강공원 (primary=KEY_2)
2026-06-30 01:27:31,329 [INFO] [43/121] 잠원한강공원 (primary=KEY_3)
2026-06-30 01:27:32,411 [INFO] [44/121] 청계산 (primary=KEY_4)
2026-06-30 01:27:33,540 [INFO] [45/121] 홍제폭포 (primary=KEY_1)
2026-06-30 01:27:34,616 [INFO] [46/121] 가락시장 (primary=KEY_2)
2026-06-30 01:27:35,892 [INFO] [47/121] 가로수길 (primary=KEY_3)
2026-06-30 01:27:37,178 [INFO] [48/121] 광장(전통)시장 (primary=KEY_4)
2026-06-30 01:27:39,180 [INFO] [49/121] 김포공항 (primary=KEY_1)
2026-06-30 01:27:41,707 [INFO] [50/121] 남대문시장 (primary=KEY_2)
2026-06-30 01:27:42,990 [INFO] [51/121] 노량진 (primary=KEY_3)
2026-06-30 01:27:44,293 [INFO] [52/121] 덕수궁길·정동길 (primary=KEY_4)
2026-06-30 01:27:45,590 [INFO] [53/121] 북창동 먹자골목 (primary=KEY_1)
2026-06-30 01:27:47,433 [INFO] [54/121] 북촌한옥마을 (primary=KEY_2)
2026-06-30 01:27:48,912 [INFO] [55/121] 서촌 (primary=KEY_3)
2026-06-30 01:27:50,893 [INFO] [56/121] 성수카페거리 (primary=KEY_4)
2026-06-30 01:27:52,350 [INFO] [57/121] 송리단길·호수단길 (primary=KEY_1)
2026-06-30 01:27:53,649 [INFO] [58/121] 신촌 스타광장 (primary=KEY_2)
2026-06-30 01:27:54,761 [INFO] [59/121] 압구정로데오거리 (primary=KEY_3)
2026-06-30 01:27:56,072 [INFO] [60/121] 여의도 (primary=KEY_4)
2026-06-30 01:27:58,133 [INFO] [61/121] 연남동 (primary=KEY_1)
2026-06-30 01:27:59,401 [INFO] [62/121] 영등포 타임스퀘어 (primary=KEY_2)
2026-06-30 01:28:00,676 [INFO] [63/121] 용리단길 (primary=KEY_3)
2026-06-30 01:28:01,791 [INFO] [64/121] 이태원 앤틱가구거리 (primary=KEY_4)
2026-06-30 01:28:02,904 [INFO] [65/121] 익선동 (primary=KEY_1)
2026-06-30 01:28:04,192 [INFO] [66/121] 인사동 (primary=KEY_2)
2026-06-30 01:28:05,652 [INFO] [67/121] 잠실롯데타워·석촌호수 (primary=KEY_3)
2026-06-30 01:28:07,294 [INFO] [68/121] 창동 신경제 중심지 (primary=KEY_4)
2026-06-30 01:28:08,953 [INFO] [69/121] 청담동 명품거리 (primary=KEY_1)
2026-06-30 01:28:10,249 [INFO] [70/121] 청량리 제기동 일대 전통시장 (primary=KEY_2)
2026-06-30 01:28:11,591 [INFO] [71/121] 해방촌·경리단길 (primary=KEY_3)
2026-06-30 01:28:13,378 [INFO] [72/121] DDP(동대문디자인플라자) (primary=KEY_4)
2026-06-30 01:28:14,679 [INFO] [73/121] DMC(디지털미디어시티) (primary=KEY_1)
2026-06-30 01:28:16,380 [INFO] [74/121] 가산디지털단지역 (primary=KEY_2)
2026-06-30 01:28:18,226 [INFO] [75/121] 강남역 (primary=KEY_3)
2026-06-30 01:28:19,705 [INFO] [76/121] 건대입구역 (primary=KEY_4)
2026-06-30 01:28:20,997 [INFO] [77/121] 고덕역 (primary=KEY_1)
2026-06-30 01:28:22,276 [INFO] [78/121] 고속터미널역 (primary=KEY_2)
2026-06-30 01:28:23,578 [INFO] [79/121] 교대역 (primary=KEY_3)
2026-06-30 01:28:24,709 [INFO] [80/121] 구로디지털단지역 (primary=KEY_4)
2026-06-30 01:28:26,329 [INFO] [81/121] 구로역 (primary=KEY_1)
2026-06-30 01:28:27,593 [INFO] [82/121] 군자역 (primary=KEY_2)
2026-06-30 01:28:28,721 [INFO] [83/121] 대림역 (primary=KEY_3)
2026-06-30 01:28:30,002 [INFO] [84/121] 동대문역 (primary=KEY_4)
2026-06-30 01:28:31,308 [INFO] [85/121] 뚝섬역 (primary=KEY_1)
2026-06-30 01:28:32,592 [INFO] [86/121] 미아사거리역 (primary=KEY_2)
2026-06-30 01:28:33,891 [INFO] [87/121] 발산역 (primary=KEY_3)
2026-06-30 01:28:35,528 [INFO] [88/121] 사당역 (primary=KEY_4)
2026-06-30 01:28:36,811 [INFO] [89/121] 삼각지역 (primary=KEY_1)
2026-06-30 01:28:37,946 [INFO] [90/121] 서울대입구역 (primary=KEY_2)
2026-06-30 01:28:39,233 [INFO] [91/121] 서울식물원·마곡나루역 (primary=KEY_3)
2026-06-30 01:28:40,714 [INFO] [92/121] 서울역 (primary=KEY_4)
2026-06-30 01:28:42,031 [INFO] [93/121] 선릉역 (primary=KEY_1)
2026-06-30 01:28:43,690 [INFO] [94/121] 성신여대입구역 (primary=KEY_2)
2026-06-30 01:28:44,830 [INFO] [95/121] 수유역 (primary=KEY_3)
2026-06-30 01:28:46,114 [INFO] [96/121] 숭례문 (primary=KEY_4)
2026-06-30 01:28:47,596 [INFO] [97/121] 시의회 앞 (primary=KEY_1)
2026-06-30 01:28:48,878 [INFO] [98/121] 신논현역·논현역 (primary=KEY_2)
2026-06-30 01:28:50,196 [INFO] [99/121] 신도림역 (primary=KEY_3)
2026-06-30 01:28:51,311 [INFO] [100/121] 신림역 (primary=KEY_4)
2026-06-30 01:28:52,432 [INFO] [101/121] 신정네거리역 (primary=KEY_1)
2026-06-30 01:28:53,717 [INFO] [102/121] 신촌·이대역 (primary=KEY_2)
2026-06-30 01:28:55,001 [INFO] [103/121] 쌍문역 (primary=KEY_3)
2026-06-30 01:28:56,290 [INFO] [104/121] 양재역 (primary=KEY_4)
2026-06-30 01:28:57,583 [INFO] [105/121] 역삼역 (primary=KEY_1)
2026-06-30 01:28:59,077 [INFO] [106/121] 연신내역 (primary=KEY_2)
2026-06-30 01:29:00,203 [INFO] [107/121] 오목교역·목동운동장 (primary=KEY_3)
2026-06-30 01:29:02,028 [INFO] [108/121] 왕십리역 (primary=KEY_4)
2026-06-30 01:29:03,327 [INFO] [109/121] 용산역 (primary=KEY_1)
2026-06-30 01:29:04,782 [INFO] [110/121] 이태원역 (primary=KEY_2)
2026-06-30 01:29:05,904 [INFO] [111/121] 잠실새내역 (primary=KEY_3)
2026-06-30 01:29:07,252 [INFO] [112/121] 잠실역 (primary=KEY_4)
2026-06-30 01:29:08,711 [INFO] [113/121] 장지역 (primary=KEY_1)
2026-06-30 01:29:10,166 [INFO] [114/121] 장한평역 (primary=KEY_2)
2026-06-30 01:29:11,459 [INFO] [115/121] 천호역 (primary=KEY_3)
2026-06-30 01:29:12,774 [INFO] [116/121] 총신대입구(이수)역 (primary=KEY_4)
2026-06-30 01:29:14,064 [INFO] [117/121] 충정로역 (primary=KEY_1)
2026-06-30 01:29:15,352 [INFO] [118/121] 합정역 (primary=KEY_2)
2026-06-30 01:29:16,651 [INFO] [119/121] 혜화역 (primary=KEY_3)
2026-06-30 01:29:17,927 [INFO] [120/121] 홍대입구역(2호선) (primary=KEY_4)
2026-06-30 01:29:19,213 [INFO] [121/121] 회기역 (primary=KEY_1)
2026-06-30 01:29:21,041 [INFO] === 수집 완료 | 성공 121, 실패 0 ===
2026-06-30 01:29:21,041 [INFO] 카테고리별 저장 결과:
2026-06-30 01:29:21,041 [INFO]    accident                  | 신규     4행 | 누적      4행 | 16컬럼
2026-06-30 01:29:21,041 [INFO]    area_meta                 | 신규   121행 | 누적    121행 | 5컬럼
2026-06-30 01:29:21,041 [INFO]    bike                      | 신규    12행 | 누적     12행 | 12컬럼
2026-06-30 01:29:21,041 [INFO]    bike_sbike_stts           | 신규   554행 | 누적    554행 | 12컬럼
2026-06-30 01:29:21,041 [INFO]    bus                       | 신규     3행 | 누적      3행 | 11컬럼
2026-06-30 01:29:21,042 [INFO]    bus_bus_stn_stts          | 신규  1745행 | 누적   1745행 | 11컬럼
2026-06-30 01:29:21,042 [INFO]    charger                   | 신규     4행 | 누적      4행 | 15컬럼
2026-06-30 01:29:21,042 [INFO]    charger_charger_stts      | 신규  1915행 | 누적   1915행 | 15컬럼
2026-06-30 01:29:21,042 [INFO]    cmrcl                     | 신규    82행 | 누적     82행 | 20컬럼
2026-06-30 01:29:21,042 [INFO]    events                    | 신규     8행 | 누적      8행 | 14컬럼
2026-06-30 01:29:21,042 [INFO]    events_event_stts         | 신규   132행 | 누적    132행 | 14컬럼
2026-06-30 01:29:21,042 [INFO]    parking                   | 신규     6행 | 누적      6행 | 21컬럼
2026-06-30 01:29:21,042 [INFO]    parking_prk_stts          | 신규  1833행 | 누적   1833행 | 21컬럼
2026-06-30 01:29:21,042 [INFO]    ppltn                     | 신규   120행 | 누적    120행 | 26컬럼
2026-06-30 01:29:21,042 [INFO]    road                      | 신규   121행 | 누적    121행 | 21컬럼
2026-06-30 01:29:21,042 [INFO]    road_road_traffic_stts    | 신규  5260행 | 누적   5260행 | 17컬럼
2026-06-30 01:29:21,042 [INFO]    subway                    | 신규    38행 | 누적     38행 | 13컬럼
2026-06-30 01:29:21,042 [INFO]    subway_sub_stts           | 신규   183행 | 누적    183행 | 13컬럼
2026-06-30 01:29:21,042 [INFO]    weather                   | 신규   119행 | 누적    119행 | 29컬럼
2026-06-30 01:29:21,042 [INFO] 키별 사용량:
2026-06-30 01:29:21,042 [INFO]    🟢 KEY_1 (31/1000) 
2026-06-30 01:29:21,043 [INFO]    🟢 KEY_2 (30/1000) 
2026-06-30 01:29:21,043 [INFO]    🟢 KEY_3 (30/1000) 
2026-06-30 01:29:21,043 [INFO]    🟢 KEY_4 (30/1000) 
