2026-09-24 01:49:10,400 [INFO] 등록된 키: 4개, 합산 한도 4,000건/일
2026-09-24 01:49:10,400 [INFO] POI 로드: 매뉴얼 v8.5 기준 fallback 121개 (121개 전체)
2026-09-24 01:49:10,400 [INFO] === 수집 시작 2026-09-24T01:49:10.400794+09:00 ===
2026-09-24 01:49:10,400 [INFO] 대상 장소: 121개 | API: citydata (통합)
2026-09-24 01:49:10,400 [INFO] 키 풀: 4/4 활성 | 오늘 사용 0/4000건
2026-09-24 01:49:10,400 [INFO]   [KEY_1] 담당 31장소
2026-09-24 01:49:10,400 [INFO]   [KEY_2] 담당 30장소
2026-09-24 01:49:10,400 [INFO]   [KEY_3] 담당 30장소
2026-09-24 01:49:10,401 [INFO]   [KEY_4] 담당 30장소
2026-09-24 01:49:10,401 [INFO] [1/121] 경복궁 (primary=KEY_1)
2026-09-24 01:49:12,113 [INFO] [2/121] 광화문·덕수궁 (primary=KEY_2)
2026-09-24 01:49:14,067 [INFO] [3/121] 보신각 (primary=KEY_3)
2026-09-24 01:49:15,339 [INFO] [4/121] 서울 암사동 유적 (primary=KEY_4)
2026-09-24 01:49:16,953 [INFO] [5/121] 창덕궁·종묘 (primary=KEY_1)
2026-09-24 01:49:18,064 [INFO] [6/121] 강남 MICE 관광특구 (primary=KEY_2)
2026-09-24 01:49:19,209 [INFO] [7/121] 동대문 관광특구 (primary=KEY_3)
2026-09-24 01:49:21,319 [INFO] [8/121] 명동 관광특구 (primary=KEY_4)
2026-09-24 01:49:23,603 [INFO] [9/121] 이태원 관광특구 (primary=KEY_1)
2026-09-24 01:49:25,549 [INFO] [10/121] 잠실 관광특구 (primary=KEY_2)
2026-09-24 01:49:27,821 [INFO] [11/121] 종로·청계 관광특구 (primary=KEY_3)
2026-09-24 01:49:29,101 [INFO] [12/121] 홍대 관광특구 (primary=KEY_4)
2026-09-24 01:49:30,433 [INFO] [13/121] 강서한강공원 (primary=KEY_1)
2026-09-24 01:49:31,421 [INFO] [14/121] 고척돔 (primary=KEY_2)
2026-09-24 01:49:33,068 [INFO] [15/121] 광나루한강공원 (primary=KEY_3)
2026-09-24 01:49:34,172 [INFO] [16/121] 광화문광장 (primary=KEY_4)
2026-09-24 01:49:35,306 [INFO] [17/121] 국립중앙박물관·용산가족공원 (primary=KEY_1)
2026-09-24 01:49:36,293 [INFO] [18/121] 난지한강공원 (primary=KEY_2)
2026-09-24 01:49:37,268 [INFO] [19/121] 남산공원 (primary=KEY_3)
2026-09-24 01:49:38,541 [INFO] [20/121] 노들섬 (primary=KEY_4)
2026-09-24 01:49:39,494 [INFO] [21/121] 뚝섬한강공원 (primary=KEY_1)
2026-09-24 01:49:40,466 [INFO] [22/121] 망원한강공원 (primary=KEY_2)
2026-09-24 01:49:42,403 [INFO] [23/121] 반포한강공원 (primary=KEY_3)
2026-09-24 01:49:43,365 [INFO] [24/121] 보라매공원 (primary=KEY_4)
2026-09-24 01:49:44,339 [INFO] [25/121] 북서울꿈의숲 (primary=KEY_1)
2026-09-24 01:49:45,471 [INFO] [26/121] 서대문독립공원 (primary=KEY_2)
2026-09-24 01:49:46,466 [INFO] [27/121] 서리풀공원·몽마르뜨공원 (primary=KEY_3)
2026-09-24 01:49:47,475 [INFO] [28/121] 서울대공원 (primary=KEY_4)
2026-09-24 01:49:48,440 [INFO] [29/121] 서울숲공원 (primary=KEY_1)
2026-09-24 01:49:49,581 [INFO] [30/121] 송현녹지광장 (primary=KEY_2)
2026-09-24 01:49:50,702 [INFO] [31/121] 아차산 (primary=KEY_3)
2026-09-24 01:49:51,693 [INFO] [32/121] 안양천 (primary=KEY_4)
2026-09-24 01:49:52,671 [INFO] [33/121] 양화한강공원 (primary=KEY_1)
2026-09-24 01:49:53,639 [INFO] [34/121] 어린이대공원 (primary=KEY_2)
2026-09-24 01:49:54,787 [INFO] [35/121] 여의도한강공원 (primary=KEY_3)
2026-09-24 01:49:55,903 [INFO] [36/121] 여의서로 (primary=KEY_4)
2026-09-24 01:49:57,053 [INFO] [37/121] 올림픽공원 (primary=KEY_1)
2026-09-24 01:49:58,216 [INFO] [38/121] 월드컵공원 (primary=KEY_2)
2026-09-24 01:49:59,513 [INFO] [39/121] 응봉산 (primary=KEY_3)
2026-09-24 01:50:00,631 [INFO] [40/121] 이촌한강공원 (primary=KEY_4)
2026-09-24 01:50:01,613 [INFO] [41/121] 잠실종합운동장 (primary=KEY_1)
2026-09-24 01:50:02,603 [INFO] [42/121] 잠실한강공원 (primary=KEY_2)
2026-09-24 01:50:03,814 [INFO] [43/121] 잠원한강공원 (primary=KEY_3)
2026-09-24 01:50:04,787 [INFO] [44/121] 청계산 (primary=KEY_4)
2026-09-24 01:50:05,754 [INFO] [45/121] 홍제폭포 (primary=KEY_1)
2026-09-24 01:50:06,723 [INFO] [46/121] 가락시장 (primary=KEY_2)
2026-09-24 01:50:07,881 [INFO] [47/121] 가로수길 (primary=KEY_3)
2026-09-24 01:50:09,037 [INFO] [48/121] 광장(전통)시장 (primary=KEY_4)
2026-09-24 01:50:10,022 [INFO] [49/121] 김포공항 (primary=KEY_1)
2026-09-24 01:50:11,309 [INFO] [50/121] 남대문시장 (primary=KEY_2)
2026-09-24 01:50:12,420 [INFO] [51/121] 노량진 (primary=KEY_3)
2026-09-24 01:50:14,271 [INFO] [52/121] 덕수궁길·정동길 (primary=KEY_4)
2026-09-24 01:50:16,548 [INFO] [53/121] 북창동 먹자골목 (primary=KEY_1)
2026-09-24 01:50:17,669 [INFO] [54/121] 북촌한옥마을 (primary=KEY_2)
2026-09-24 01:50:19,461 [INFO] [55/121] 서촌 (primary=KEY_3)
2026-09-24 01:50:21,278 [INFO] [56/121] 성수카페거리 (primary=KEY_4)
2026-09-24 01:50:23,350 [INFO] [57/121] 송리단길·호수단길 (primary=KEY_1)
2026-09-24 01:50:25,036 [INFO] [58/121] 신촌 스타광장 (primary=KEY_2)
2026-09-24 01:50:26,028 [INFO] [59/121] 압구정로데오거리 (primary=KEY_3)
2026-09-24 01:50:27,803 [INFO] [60/121] 여의도 (primary=KEY_4)
2026-09-24 01:50:29,561 [INFO] [61/121] 연남동 (primary=KEY_1)
2026-09-24 01:50:30,664 [INFO] [62/121] 영등포 타임스퀘어 (primary=KEY_2)
2026-09-24 01:50:31,773 [INFO] [63/121] 용리단길 (primary=KEY_3)
2026-09-24 01:50:33,345 [INFO] [64/121] 이태원 앤틱가구거리 (primary=KEY_4)
2026-09-24 01:50:34,340 [INFO] [65/121] 익선동 (primary=KEY_1)
2026-09-24 01:50:36,163 [INFO] [66/121] 인사동 (primary=KEY_2)
2026-09-24 01:50:37,425 [INFO] [67/121] 잠실롯데타워·석촌호수 (primary=KEY_3)
2026-09-24 01:50:39,391 [INFO] [68/121] 창동 신경제 중심지 (primary=KEY_4)
2026-09-24 01:50:40,808 [INFO] [69/121] 청담동 명품거리 (primary=KEY_1)
2026-09-24 01:50:41,943 [INFO] [70/121] 청량리 제기동 일대 전통시장 (primary=KEY_2)
2026-09-24 01:50:43,100 [INFO] [71/121] 해방촌·경리단길 (primary=KEY_3)
2026-09-24 01:50:44,152 [INFO] [72/121] DDP(동대문디자인플라자) (primary=KEY_4)
2026-09-24 01:50:45,283 [INFO] [73/121] DMC(디지털미디어시티) (primary=KEY_1)
2026-09-24 01:50:46,698 [INFO] [74/121] 가산디지털단지역 (primary=KEY_2)
2026-09-24 01:50:48,230 [INFO] [75/121] 강남역 (primary=KEY_3)
2026-09-24 01:50:49,533 [INFO] [76/121] 건대입구역 (primary=KEY_4)
2026-09-24 01:50:51,460 [INFO] [77/121] 고덕역 (primary=KEY_1)
2026-09-24 01:50:52,623 [INFO] [78/121] 고속터미널역 (primary=KEY_2)
2026-09-24 01:50:53,781 [INFO] [79/121] 교대역 (primary=KEY_3)
2026-09-24 01:50:54,781 [INFO] [80/121] 구로디지털단지역 (primary=KEY_4)
2026-09-24 01:50:56,050 [INFO] [81/121] 구로역 (primary=KEY_1)
2026-09-24 01:50:57,144 [INFO] [82/121] 군자역 (primary=KEY_2)
2026-09-24 01:50:58,141 [INFO] [83/121] 대림역 (primary=KEY_3)
2026-09-24 01:50:59,295 [INFO] [84/121] 동대문역 (primary=KEY_4)
2026-09-24 01:51:00,415 [INFO] [85/121] 뚝섬역 (primary=KEY_1)
2026-09-24 01:51:01,522 [INFO] [86/121] 미아사거리역 (primary=KEY_2)
2026-09-24 01:51:02,651 [INFO] [87/121] 발산역 (primary=KEY_3)
2026-09-24 01:51:04,069 [INFO] [88/121] 사당역 (primary=KEY_4)
2026-09-24 01:51:05,196 [INFO] [89/121] 삼각지역 (primary=KEY_1)
2026-09-24 01:51:06,204 [INFO] [90/121] 서울대입구역 (primary=KEY_2)
2026-09-24 01:51:07,303 [INFO] [91/121] 서울식물원·마곡나루역 (primary=KEY_3)
2026-09-24 01:51:08,558 [INFO] [92/121] 서울역 (primary=KEY_4)
2026-09-24 01:51:09,780 [INFO] [93/121] 선릉역 (primary=KEY_1)
2026-09-24 01:51:11,198 [INFO] [94/121] 성신여대입구역 (primary=KEY_2)
2026-09-24 01:51:12,207 [INFO] [95/121] 수유역 (primary=KEY_3)
2026-09-24 01:51:13,318 [INFO] [96/121] 숭례문 (primary=KEY_4)
2026-09-24 01:51:14,463 [INFO] [97/121] 시의회 앞 (primary=KEY_1)
2026-09-24 01:51:15,587 [INFO] [98/121] 신논현역·논현역 (primary=KEY_2)
2026-09-24 01:51:16,713 [INFO] [99/121] 신도림역 (primary=KEY_3)
2026-09-24 01:51:17,705 [INFO] [100/121] 신림역 (primary=KEY_4)
2026-09-24 01:51:18,704 [INFO] [101/121] 신정네거리역 (primary=KEY_1)
2026-09-24 01:51:19,851 [INFO] [102/121] 신촌·이대역 (primary=KEY_2)
2026-09-24 01:51:20,967 [INFO] [103/121] 쌍문역 (primary=KEY_3)
2026-09-24 01:51:22,082 [INFO] [104/121] 양재역 (primary=KEY_4)
2026-09-24 01:51:23,214 [INFO] [105/121] 역삼역 (primary=KEY_1)
2026-09-24 01:51:24,488 [INFO] [106/121] 연신내역 (primary=KEY_2)
2026-09-24 01:51:25,559 [INFO] [107/121] 오목교역·목동운동장 (primary=KEY_3)
2026-09-24 01:51:27,119 [INFO] [108/121] 왕십리역 (primary=KEY_4)
2026-09-24 01:51:28,315 [INFO] [109/121] 용산역 (primary=KEY_1)
2026-09-24 01:51:29,663 [INFO] [110/121] 이태원역 (primary=KEY_2)
2026-09-24 01:51:30,659 [INFO] [111/121] 잠실새내역 (primary=KEY_3)
2026-09-24 01:51:31,772 [INFO] [112/121] 잠실역 (primary=KEY_4)
2026-09-24 01:51:33,163 [INFO] [113/121] 장지역 (primary=KEY_1)
2026-09-24 01:51:34,427 [INFO] [114/121] 장한평역 (primary=KEY_2)
2026-09-24 01:51:35,578 [INFO] [115/121] 천호역 (primary=KEY_3)
2026-09-24 01:51:36,727 [INFO] [116/121] 총신대입구(이수)역 (primary=KEY_4)
2026-09-24 01:51:37,867 [INFO] [117/121] 충정로역 (primary=KEY_1)
2026-09-24 01:51:39,016 [INFO] [118/121] 합정역 (primary=KEY_2)
2026-09-24 01:51:40,165 [INFO] [119/121] 혜화역 (primary=KEY_3)
2026-09-24 01:51:41,285 [INFO] [120/121] 홍대입구역(2호선) (primary=KEY_4)
2026-09-24 01:51:42,426 [INFO] [121/121] 회기역 (primary=KEY_1)
2026-09-24 01:51:43,797 [INFO] === 수집 완료 | 성공 121, 실패 0 ===
2026-09-24 01:51:43,797 [INFO] 카테고리별 저장 결과:
2026-09-24 01:51:43,797 [INFO]    accident                  | 신규     2행 | 누적      2행 | 16컬럼
2026-09-24 01:51:43,797 [INFO]    area_meta                 | 신규   121행 | 누적    121행 | 5컬럼
2026-09-24 01:51:43,797 [INFO]    bike                      | 신규    11행 | 누적     11행 | 12컬럼
2026-09-24 01:51:43,797 [INFO]    bike_sbike_stts           | 신규   575행 | 누적    575행 | 12컬럼
2026-09-24 01:51:43,797 [INFO]    bus                       | 신규     3행 | 누적      3행 | 11컬럼
2026-09-24 01:51:43,797 [INFO]    bus_bus_stn_stts          | 신규  1745행 | 누적   1745행 | 11컬럼
2026-09-24 01:51:43,797 [INFO]    charger                   | 신규     4행 | 누적      4행 | 15컬럼
2026-09-24 01:51:43,797 [INFO]    charger_charger_stts      | 신규  1921행 | 누적   1921행 | 15컬럼
2026-09-24 01:51:43,797 [INFO]    cmrcl                     | 신규    82행 | 누적     82행 | 20컬럼
2026-09-24 01:51:43,797 [INFO]    events                    | 신규    13행 | 누적     13행 | 14컬럼
2026-09-24 01:51:43,797 [INFO]    events_event_stts         | 신규   114행 | 누적    114행 | 14컬럼
2026-09-24 01:51:43,797 [INFO]    parking                   | 신규     6행 | 누적      6행 | 21컬럼
2026-09-24 01:51:43,797 [INFO]    parking_prk_stts          | 신규  1832행 | 누적   1832행 | 21컬럼
2026-09-24 01:51:43,797 [INFO]    ppltn                     | 신규   121행 | 누적    121행 | 26컬럼
2026-09-24 01:51:43,797 [INFO]    road                      | 신규   121행 | 누적    121행 | 21컬럼
2026-09-24 01:51:43,797 [INFO]    road_road_traffic_stts    | 신규  5302행 | 누적   5302행 | 17컬럼
2026-09-24 01:51:43,797 [INFO]    subway                    | 신규    38행 | 누적     38행 | 12컬럼
2026-09-24 01:51:43,797 [INFO]    subway_sub_stts           | 신규   183행 | 누적    183행 | 13컬럼
2026-09-24 01:51:43,797 [INFO]    weather                   | 신규   119행 | 누적    119행 | 29컬럼
2026-09-24 01:51:43,797 [INFO] 키별 사용량:
2026-09-24 01:51:43,797 [INFO]    🟢 KEY_1 (31/1000) 
2026-09-24 01:51:43,797 [INFO]    🟢 KEY_2 (30/1000) 
2026-09-24 01:51:43,797 [INFO]    🟢 KEY_3 (30/1000) 
2026-09-24 01:51:43,797 [INFO]    🟢 KEY_4 (30/1000) 
