2026-06-01 00:37:21,598 [INFO] 등록된 키: 4개, 합산 한도 4,000건/일
2026-06-01 00:37:21,599 [INFO] POI 로드: 매뉴얼 v8.5 기준 fallback 121개 (121개 전체)
2026-06-01 00:37:21,599 [INFO] === 수집 시작 2026-06-01T00:37:21.599455+09:00 ===
2026-06-01 00:37:21,599 [INFO] 대상 장소: 121개 | API: citydata (통합)
2026-06-01 00:37:21,599 [INFO] 키 풀: 4/4 활성 | 오늘 사용 0/4000건
2026-06-01 00:37:21,599 [INFO]   [KEY_1] 담당 31장소
2026-06-01 00:37:21,599 [INFO]   [KEY_2] 담당 30장소
2026-06-01 00:37:21,599 [INFO]   [KEY_3] 담당 30장소
2026-06-01 00:37:21,599 [INFO]   [KEY_4] 담당 30장소
2026-06-01 00:37:21,600 [INFO] [1/121] 경복궁 (primary=KEY_1)
2026-06-01 00:37:23,641 [INFO] [2/121] 광화문·덕수궁 (primary=KEY_2)
2026-06-01 00:37:26,014 [INFO] [3/121] 보신각 (primary=KEY_3)
2026-06-01 00:37:27,878 [INFO] [4/121] 서울 암사동 유적 (primary=KEY_4)
2026-06-01 00:37:29,136 [INFO] [5/121] 창덕궁·종묘 (primary=KEY_1)
2026-06-01 00:37:30,397 [INFO] [6/121] 강남 MICE 관광특구 (primary=KEY_2)
2026-06-01 00:37:31,691 [INFO] [7/121] 동대문 관광특구 (primary=KEY_3)
2026-06-01 00:37:33,759 [INFO] [8/121] 명동 관광특구 (primary=KEY_4)
2026-06-01 00:37:36,060 [INFO] [9/121] 이태원 관광특구 (primary=KEY_1)
2026-06-01 00:37:37,352 [INFO] [10/121] 잠실 관광특구 (primary=KEY_2)
2026-06-01 00:37:39,716 [INFO] [11/121] 종로·청계 관광특구 (primary=KEY_3)
2026-06-01 00:37:41,914 [INFO] [12/121] 홍대 관광특구 (primary=KEY_4)
2026-06-01 00:37:43,432 [INFO] [13/121] 강서한강공원 (primary=KEY_1)
2026-06-01 00:37:44,513 [INFO] [14/121] 고척돔 (primary=KEY_2)
2026-06-01 00:37:46,172 [INFO] [15/121] 광나루한강공원 (primary=KEY_3)
2026-06-01 00:37:47,433 [INFO] [16/121] 광화문광장 (primary=KEY_4)
2026-06-01 00:37:48,713 [INFO] [17/121] 국립중앙박물관·용산가족공원 (primary=KEY_1)
2026-06-01 00:37:50,398 [INFO] [18/121] 난지한강공원 (primary=KEY_2)
2026-06-01 00:37:52,064 [INFO] [19/121] 남산공원 (primary=KEY_3)
2026-06-01 00:37:53,554 [INFO] [20/121] 노들섬 (primary=KEY_4)
2026-06-01 00:37:54,635 [INFO] [21/121] 뚝섬한강공원 (primary=KEY_1)
2026-06-01 00:37:55,728 [INFO] [22/121] 망원한강공원 (primary=KEY_2)
2026-06-01 00:37:57,018 [INFO] [23/121] 반포한강공원 (primary=KEY_3)
2026-06-01 00:37:58,107 [INFO] [24/121] 보라매공원 (primary=KEY_4)
2026-06-01 00:37:59,257 [INFO] [25/121] 북서울꿈의숲 (primary=KEY_1)
2026-06-01 00:38:00,346 [INFO] [26/121] 서대문독립공원 (primary=KEY_2)
2026-06-01 00:38:01,448 [INFO] [27/121] 서리풀공원·몽마르뜨공원 (primary=KEY_3)
2026-06-01 00:38:02,580 [INFO] [28/121] 서울대공원 (primary=KEY_4)
2026-06-01 00:38:04,247 [INFO] [29/121] 서울숲공원 (primary=KEY_1)
2026-06-01 00:38:05,508 [INFO] [30/121] 송현녹지광장 (primary=KEY_2)
2026-06-01 00:38:06,778 [INFO] [31/121] 아차산 (primary=KEY_3)
2026-06-01 00:38:07,870 [INFO] [32/121] 안양천 (primary=KEY_4)
2026-06-01 00:38:08,962 [INFO] [33/121] 양화한강공원 (primary=KEY_1)
2026-06-01 00:38:10,046 [INFO] [34/121] 어린이대공원 (primary=KEY_2)
2026-06-01 00:38:11,182 [INFO] [35/121] 여의도한강공원 (primary=KEY_3)
2026-06-01 00:38:12,442 [INFO] [36/121] 여의서로 (primary=KEY_4)
2026-06-01 00:38:13,699 [INFO] [37/121] 올림픽공원 (primary=KEY_1)
2026-06-01 00:38:15,003 [INFO] [38/121] 월드컵공원 (primary=KEY_2)
2026-06-01 00:38:16,472 [INFO] [39/121] 응봉산 (primary=KEY_3)
2026-06-01 00:38:17,725 [INFO] [40/121] 이촌한강공원 (primary=KEY_4)
2026-06-01 00:38:18,828 [INFO] [41/121] 잠실종합운동장 (primary=KEY_1)
2026-06-01 00:38:19,930 [INFO] [42/121] 잠실한강공원 (primary=KEY_2)
2026-06-01 00:38:21,046 [INFO] [43/121] 잠원한강공원 (primary=KEY_3)
2026-06-01 00:38:22,141 [INFO] [44/121] 청계산 (primary=KEY_4)
2026-06-01 00:38:23,927 [INFO] [45/121] 홍제폭포 (primary=KEY_1)
2026-06-01 00:38:25,033 [INFO] [46/121] 가락시장 (primary=KEY_2)
2026-06-01 00:38:26,360 [INFO] [47/121] 가로수길 (primary=KEY_3)
2026-06-01 00:38:27,654 [INFO] [48/121] 광장(전통)시장 (primary=KEY_4)
2026-06-01 00:38:28,747 [INFO] [49/121] 김포공항 (primary=KEY_1)
2026-06-01 00:38:30,063 [INFO] [50/121] 남대문시장 (primary=KEY_2)
2026-06-01 00:38:31,337 [INFO] [51/121] 노량진 (primary=KEY_3)
2026-06-01 00:38:32,616 [INFO] [52/121] 덕수궁길·정동길 (primary=KEY_4)
2026-06-01 00:38:33,935 [INFO] [53/121] 북창동 먹자골목 (primary=KEY_1)
2026-06-01 00:38:35,028 [INFO] [54/121] 북촌한옥마을 (primary=KEY_2)
2026-06-01 00:38:36,327 [INFO] [55/121] 서촌 (primary=KEY_3)
2026-06-01 00:38:37,595 [INFO] [56/121] 성수카페거리 (primary=KEY_4)
2026-06-01 00:38:38,910 [INFO] [57/121] 송리단길·호수단길 (primary=KEY_1)
2026-06-01 00:38:40,190 [INFO] [58/121] 신촌 스타광장 (primary=KEY_2)
2026-06-01 00:38:41,312 [INFO] [59/121] 압구정로데오거리 (primary=KEY_3)
2026-06-01 00:38:42,606 [INFO] [60/121] 여의도 (primary=KEY_4)
2026-06-01 00:38:44,644 [INFO] [61/121] 연남동 (primary=KEY_1)
2026-06-01 00:38:45,927 [INFO] [62/121] 영등포 타임스퀘어 (primary=KEY_2)
2026-06-01 00:38:47,190 [INFO] [63/121] 용리단길 (primary=KEY_3)
2026-06-01 00:38:48,322 [INFO] [64/121] 이태원 앤틱가구거리 (primary=KEY_4)
2026-06-01 00:38:49,420 [INFO] [65/121] 익선동 (primary=KEY_1)
2026-06-01 00:38:50,711 [INFO] [66/121] 인사동 (primary=KEY_2)
2026-06-01 00:38:51,984 [INFO] [67/121] 잠실롯데타워·석촌호수 (primary=KEY_3)
2026-06-01 00:38:53,478 [INFO] [68/121] 창동 신경제 중심지 (primary=KEY_4)
2026-06-01 00:38:55,141 [INFO] [69/121] 청담동 명품거리 (primary=KEY_1)
2026-06-01 00:38:56,412 [INFO] [70/121] 청량리 제기동 일대 전통시장 (primary=KEY_2)
2026-06-01 00:38:57,771 [INFO] [71/121] 해방촌·경리단길 (primary=KEY_3)
2026-06-01 00:38:58,879 [INFO] [72/121] DDP(동대문디자인플라자) (primary=KEY_4)
2026-06-01 00:39:00,161 [INFO] [73/121] DMC(디지털미디어시티) (primary=KEY_1)
2026-06-01 00:39:01,826 [INFO] [74/121] 가산디지털단지역 (primary=KEY_2)
2026-06-01 00:39:03,462 [INFO] [75/121] 강남역 (primary=KEY_3)
2026-06-01 00:39:04,931 [INFO] [76/121] 건대입구역 (primary=KEY_4)
2026-06-01 00:39:06,204 [INFO] [77/121] 고덕역 (primary=KEY_1)
2026-06-01 00:39:07,570 [INFO] [78/121] 고속터미널역 (primary=KEY_2)
2026-06-01 00:39:08,865 [INFO] [79/121] 교대역 (primary=KEY_3)
2026-06-01 00:39:09,979 [INFO] [80/121] 구로디지털단지역 (primary=KEY_4)
2026-06-01 00:39:11,438 [INFO] [81/121] 구로역 (primary=KEY_1)
2026-06-01 00:39:12,529 [INFO] [82/121] 군자역 (primary=KEY_2)
2026-06-01 00:39:13,625 [INFO] [83/121] 대림역 (primary=KEY_3)
2026-06-01 00:39:14,907 [INFO] [84/121] 동대문역 (primary=KEY_4)
2026-06-01 00:39:16,199 [INFO] [85/121] 뚝섬역 (primary=KEY_1)
2026-06-01 00:39:17,485 [INFO] [86/121] 미아사거리역 (primary=KEY_2)
2026-06-01 00:39:18,752 [INFO] [87/121] 발산역 (primary=KEY_3)
2026-06-01 00:39:20,219 [INFO] [88/121] 사당역 (primary=KEY_4)
2026-06-01 00:39:21,487 [INFO] [89/121] 삼각지역 (primary=KEY_1)
2026-06-01 00:39:22,584 [INFO] [90/121] 서울대입구역 (primary=KEY_2)
2026-06-01 00:39:23,702 [INFO] [91/121] 서울식물원·마곡나루역 (primary=KEY_3)
2026-06-01 00:39:24,980 [INFO] [92/121] 서울역 (primary=KEY_4)
2026-06-01 00:39:26,315 [INFO] [93/121] 선릉역 (primary=KEY_1)
2026-06-01 00:39:27,799 [INFO] [94/121] 성신여대입구역 (primary=KEY_2)
2026-06-01 00:39:28,902 [INFO] [95/121] 수유역 (primary=KEY_3)
2026-06-01 00:39:30,176 [INFO] [96/121] 숭례문 (primary=KEY_4)
2026-06-01 00:39:31,485 [INFO] [97/121] 시의회 앞 (primary=KEY_1)
2026-06-01 00:39:32,780 [INFO] [98/121] 신논현역·논현역 (primary=KEY_2)
2026-06-01 00:39:34,071 [INFO] [99/121] 신도림역 (primary=KEY_3)
2026-06-01 00:39:35,173 [INFO] [100/121] 신림역 (primary=KEY_4)
2026-06-01 00:39:36,294 [INFO] [101/121] 신정네거리역 (primary=KEY_1)
2026-06-01 00:39:37,579 [INFO] [102/121] 신촌·이대역 (primary=KEY_2)
2026-06-01 00:39:38,869 [INFO] [103/121] 쌍문역 (primary=KEY_3)
2026-06-01 00:39:40,143 [INFO] [104/121] 양재역 (primary=KEY_4)
2026-06-01 00:39:41,424 [INFO] [105/121] 역삼역 (primary=KEY_1)
2026-06-01 00:39:42,872 [INFO] [106/121] 연신내역 (primary=KEY_2)
2026-06-01 00:39:43,977 [INFO] [107/121] 오목교역·목동운동장 (primary=KEY_3)
2026-06-01 00:39:45,622 [INFO] [108/121] 왕십리역 (primary=KEY_4)
2026-06-01 00:39:46,927 [INFO] [109/121] 용산역 (primary=KEY_1)
2026-06-01 00:39:48,402 [INFO] [110/121] 이태원역 (primary=KEY_2)
2026-06-01 00:39:49,508 [INFO] [111/121] 잠실새내역 (primary=KEY_3)
2026-06-01 00:39:50,821 [INFO] [112/121] 잠실역 (primary=KEY_4)
2026-06-01 00:39:52,334 [INFO] [113/121] 장지역 (primary=KEY_1)
2026-06-01 00:39:53,785 [INFO] [114/121] 장한평역 (primary=KEY_2)
2026-06-01 00:39:55,070 [INFO] [115/121] 천호역 (primary=KEY_3)
2026-06-01 00:39:56,352 [INFO] [116/121] 총신대입구(이수)역 (primary=KEY_4)
2026-06-01 00:39:57,655 [INFO] [117/121] 충정로역 (primary=KEY_1)
2026-06-01 00:39:58,951 [INFO] [118/121] 합정역 (primary=KEY_2)
2026-06-01 00:40:00,232 [INFO] [119/121] 혜화역 (primary=KEY_3)
2026-06-01 00:40:01,490 [INFO] [120/121] 홍대입구역(2호선) (primary=KEY_4)
2026-06-01 00:40:02,782 [INFO] [121/121] 회기역 (primary=KEY_1)
2026-06-01 00:40:04,499 [INFO] === 수집 완료 | 성공 121, 실패 0 ===
2026-06-01 00:40:04,499 [INFO] 카테고리별 저장 결과:
2026-06-01 00:40:04,500 [INFO]    accident                  | 신규     1행 | 누적      1행 | 16컬럼
2026-06-01 00:40:04,500 [INFO]    area_meta                 | 신규   121행 | 누적    121행 | 5컬럼
2026-06-01 00:40:04,500 [INFO]    bike                      | 신규    10행 | 누적     10행 | 12컬럼
2026-06-01 00:40:04,500 [INFO]    bike_sbike_stts           | 신규   557행 | 누적    557행 | 12컬럼
2026-06-01 00:40:04,500 [INFO]    bus                       | 신규     3행 | 누적      3행 | 11컬럼
2026-06-01 00:40:04,500 [INFO]    bus_bus_stn_stts          | 신규  1745행 | 누적   1745행 | 11컬럼
2026-06-01 00:40:04,500 [INFO]    charger                   | 신규    10행 | 누적     10행 | 15컬럼
2026-06-01 00:40:04,500 [INFO]    charger_charger_stts      | 신규  1261행 | 누적   1261행 | 15컬럼
2026-06-01 00:40:04,500 [INFO]    cmrcl                     | 신규    82행 | 누적     82행 | 20컬럼
2026-06-01 00:40:04,500 [INFO]    events                    | 신규    10행 | 누적     10행 | 14컬럼
2026-06-01 00:40:04,500 [INFO]    events_event_stts         | 신규   153행 | 누적    153행 | 14컬럼
2026-06-01 00:40:04,500 [INFO]    parking                   | 신규     6행 | 누적      6행 | 21컬럼
2026-06-01 00:40:04,500 [INFO]    parking_prk_stts          | 신규  1835행 | 누적   1835행 | 21컬럼
2026-06-01 00:40:04,500 [INFO]    ppltn                     | 신규   121행 | 누적    121행 | 26컬럼
2026-06-01 00:40:04,500 [INFO]    road                      | 신규   121행 | 누적    121행 | 21컬럼
2026-06-01 00:40:04,500 [INFO]    road_road_traffic_stts    | 신규  5254행 | 누적   5254행 | 17컬럼
2026-06-01 00:40:04,500 [INFO]    subway                    | 신규    38행 | 누적     38행 | 13컬럼
2026-06-01 00:40:04,500 [INFO]    subway_sub_stts           | 신규   183행 | 누적    183행 | 13컬럼
2026-06-01 00:40:04,501 [INFO]    weather                   | 신규   119행 | 누적    119행 | 29컬럼
2026-06-01 00:40:04,501 [INFO] 키별 사용량:
2026-06-01 00:40:04,501 [INFO]    🟢 KEY_1 (31/1000) 
2026-06-01 00:40:04,501 [INFO]    🟢 KEY_2 (30/1000) 
2026-06-01 00:40:04,501 [INFO]    🟢 KEY_3 (30/1000) 
2026-06-01 00:40:04,501 [INFO]    🟢 KEY_4 (30/1000) 
2026-06-01 01:36:04,920 [INFO] 등록된 키: 4개, 합산 한도 4,000건/일
2026-06-01 01:36:04,920 [INFO] POI 로드: 매뉴얼 v8.5 기준 fallback 121개 (121개 전체)
2026-06-01 01:36:04,920 [INFO] === 수집 시작 2026-06-01T01:36:04.920914+09:00 ===
2026-06-01 01:36:04,920 [INFO] 대상 장소: 121개 | API: citydata (통합)
2026-06-01 01:36:04,921 [INFO] 키 풀: 4/4 활성 | 오늘 사용 0/4000건
2026-06-01 01:36:04,921 [INFO]   [KEY_1] 담당 31장소
2026-06-01 01:36:04,921 [INFO]   [KEY_2] 담당 30장소
2026-06-01 01:36:04,921 [INFO]   [KEY_3] 담당 30장소
2026-06-01 01:36:04,921 [INFO]   [KEY_4] 담당 30장소
2026-06-01 01:36:04,921 [INFO] [1/121] 경복궁 (primary=KEY_1)
2026-06-01 01:36:06,824 [INFO] [2/121] 광화문·덕수궁 (primary=KEY_2)
2026-06-01 01:36:09,282 [INFO] [3/121] 보신각 (primary=KEY_3)
2026-06-01 01:36:11,288 [INFO] [4/121] 서울 암사동 유적 (primary=KEY_4)
2026-06-01 01:36:12,990 [INFO] [5/121] 창덕궁·종묘 (primary=KEY_1)
2026-06-01 01:36:14,972 [INFO] [6/121] 강남 MICE 관광특구 (primary=KEY_2)
2026-06-01 01:36:16,847 [INFO] [7/121] 동대문 관광특구 (primary=KEY_3)
2026-06-01 01:36:19,170 [INFO] [8/121] 명동 관광특구 (primary=KEY_4)
2026-06-01 01:36:20,971 [INFO] [9/121] 이태원 관광특구 (primary=KEY_1)
2026-06-01 01:36:22,892 [INFO] [10/121] 잠실 관광특구 (primary=KEY_2)
2026-06-01 01:36:25,386 [INFO] [11/121] 종로·청계 관광특구 (primary=KEY_3)
2026-06-01 01:36:26,942 [INFO] [12/121] 홍대 관광특구 (primary=KEY_4)
2026-06-01 01:36:29,067 [INFO] [13/121] 강서한강공원 (primary=KEY_1)
2026-06-01 01:36:30,401 [INFO] [14/121] 고척돔 (primary=KEY_2)
2026-06-01 01:36:32,106 [INFO] [15/121] 광나루한강공원 (primary=KEY_3)
2026-06-01 01:36:33,413 [INFO] [16/121] 광화문광장 (primary=KEY_4)
2026-06-01 01:36:35,309 [INFO] [17/121] 국립중앙박물관·용산가족공원 (primary=KEY_1)
2026-06-01 01:36:36,448 [INFO] [18/121] 난지한강공원 (primary=KEY_2)
2026-06-01 01:36:38,254 [INFO] [19/121] 남산공원 (primary=KEY_3)
2026-06-01 01:36:40,438 [INFO] [20/121] 노들섬 (primary=KEY_4)
2026-06-01 01:36:41,585 [INFO] [21/121] 뚝섬한강공원 (primary=KEY_1)
2026-06-01 01:36:43,306 [INFO] [22/121] 망원한강공원 (primary=KEY_2)
2026-06-01 01:36:45,253 [INFO] [23/121] 반포한강공원 (primary=KEY_3)
2026-06-01 01:36:46,382 [INFO] [24/121] 보라매공원 (primary=KEY_4)
2026-06-01 01:36:48,094 [INFO] [25/121] 북서울꿈의숲 (primary=KEY_1)
2026-06-01 01:36:49,246 [INFO] [26/121] 서대문독립공원 (primary=KEY_2)
2026-06-01 01:36:50,981 [INFO] [27/121] 서리풀공원·몽마르뜨공원 (primary=KEY_3)
2026-06-01 01:36:52,143 [INFO] [28/121] 서울대공원 (primary=KEY_4)
2026-06-01 01:36:53,845 [INFO] [29/121] 서울숲공원 (primary=KEY_1)
2026-06-01 01:36:56,285 [INFO] [30/121] 송현녹지광장 (primary=KEY_2)
2026-06-01 01:36:57,615 [INFO] [31/121] 아차산 (primary=KEY_3)
2026-06-01 01:36:58,741 [INFO] [32/121] 안양천 (primary=KEY_4)
2026-06-01 01:36:59,885 [INFO] [33/121] 양화한강공원 (primary=KEY_1)
2026-06-01 01:37:01,034 [INFO] [34/121] 어린이대공원 (primary=KEY_2)
2026-06-01 01:37:02,192 [INFO] [35/121] 여의도한강공원 (primary=KEY_3)
2026-06-01 01:37:04,072 [INFO] [36/121] 여의서로 (primary=KEY_4)
2026-06-01 01:37:06,157 [INFO] [37/121] 올림픽공원 (primary=KEY_1)
2026-06-01 01:37:07,547 [INFO] [38/121] 월드컵공원 (primary=KEY_2)
2026-06-01 01:37:09,103 [INFO] [39/121] 응봉산 (primary=KEY_3)
2026-06-01 01:37:10,456 [INFO] [40/121] 이촌한강공원 (primary=KEY_4)
2026-06-01 01:37:11,577 [INFO] [41/121] 잠실종합운동장 (primary=KEY_1)
2026-06-01 01:37:12,727 [INFO] [42/121] 잠실한강공원 (primary=KEY_2)
2026-06-01 01:37:14,470 [INFO] [43/121] 잠원한강공원 (primary=KEY_3)
2026-06-01 01:37:15,617 [INFO] [44/121] 청계산 (primary=KEY_4)
2026-06-01 01:37:16,742 [INFO] [45/121] 홍제폭포 (primary=KEY_1)
2026-06-01 01:37:17,862 [INFO] [46/121] 가락시장 (primary=KEY_2)
2026-06-01 01:37:19,221 [INFO] [47/121] 가로수길 (primary=KEY_3)
2026-06-01 01:37:20,566 [INFO] [48/121] 광장(전통)시장 (primary=KEY_4)
2026-06-01 01:37:21,725 [INFO] [49/121] 김포공항 (primary=KEY_1)
2026-06-01 01:37:23,075 [INFO] [50/121] 남대문시장 (primary=KEY_2)
2026-06-01 01:37:24,398 [INFO] [51/121] 노량진 (primary=KEY_3)
2026-06-01 01:37:25,739 [INFO] [52/121] 덕수궁길·정동길 (primary=KEY_4)
2026-06-01 01:37:27,097 [INFO] [53/121] 북창동 먹자골목 (primary=KEY_1)
2026-06-01 01:37:28,905 [INFO] [54/121] 북촌한옥마을 (primary=KEY_2)
2026-06-01 01:37:30,260 [INFO] [55/121] 서촌 (primary=KEY_3)
2026-06-01 01:37:31,606 [INFO] [56/121] 성수카페거리 (primary=KEY_4)
2026-06-01 01:37:32,958 [INFO] [57/121] 송리단길·호수단길 (primary=KEY_1)
2026-06-01 01:37:34,329 [INFO] [58/121] 신촌 스타광장 (primary=KEY_2)
2026-06-01 01:37:35,461 [INFO] [59/121] 압구정로데오거리 (primary=KEY_3)
2026-06-01 01:37:36,783 [INFO] [60/121] 여의도 (primary=KEY_4)
2026-06-01 01:37:39,619 [INFO] [61/121] 연남동 (primary=KEY_1)
2026-06-01 01:37:41,493 [INFO] [62/121] 영등포 타임스퀘어 (primary=KEY_2)
2026-06-01 01:37:42,823 [INFO] [63/121] 용리단길 (primary=KEY_3)
2026-06-01 01:37:44,604 [INFO] [64/121] 이태원 앤틱가구거리 (primary=KEY_4)
2026-06-01 01:37:45,743 [INFO] [65/121] 익선동 (primary=KEY_1)
2026-06-01 01:37:47,089 [INFO] [66/121] 인사동 (primary=KEY_2)
2026-06-01 01:37:48,456 [INFO] [67/121] 잠실롯데타워·석촌호수 (primary=KEY_3)
2026-06-01 01:37:50,007 [INFO] [68/121] 창동 신경제 중심지 (primary=KEY_4)
2026-06-01 01:37:51,728 [INFO] [69/121] 청담동 명품거리 (primary=KEY_1)
2026-06-01 01:37:53,064 [INFO] [70/121] 청량리 제기동 일대 전통시장 (primary=KEY_2)
2026-06-01 01:37:54,436 [INFO] [71/121] 해방촌·경리단길 (primary=KEY_3)
2026-06-01 01:37:55,627 [INFO] [72/121] DDP(동대문디자인플라자) (primary=KEY_4)
2026-06-01 01:37:57,007 [INFO] [73/121] DMC(디지털미디어시티) (primary=KEY_1)
2026-06-01 01:37:58,725 [INFO] [74/121] 가산디지털단지역 (primary=KEY_2)
2026-06-01 01:38:00,428 [INFO] [75/121] 강남역 (primary=KEY_3)
2026-06-01 01:38:01,996 [INFO] [76/121] 건대입구역 (primary=KEY_4)
2026-06-01 01:38:03,334 [INFO] [77/121] 고덕역 (primary=KEY_1)
2026-06-01 01:38:04,687 [INFO] [78/121] 고속터미널역 (primary=KEY_2)
2026-06-01 01:38:06,005 [INFO] [79/121] 교대역 (primary=KEY_3)
2026-06-01 01:38:07,153 [INFO] [80/121] 구로디지털단지역 (primary=KEY_4)
2026-06-01 01:38:08,700 [INFO] [81/121] 구로역 (primary=KEY_1)
2026-06-01 01:38:09,842 [INFO] [82/121] 군자역 (primary=KEY_2)
2026-06-01 01:38:11,028 [INFO] [83/121] 대림역 (primary=KEY_3)
2026-06-01 01:38:12,343 [INFO] [84/121] 동대문역 (primary=KEY_4)
2026-06-01 01:38:13,697 [INFO] [85/121] 뚝섬역 (primary=KEY_1)
2026-06-01 01:38:15,045 [INFO] [86/121] 미아사거리역 (primary=KEY_2)
2026-06-01 01:38:16,400 [INFO] [87/121] 발산역 (primary=KEY_3)
2026-06-01 01:38:17,970 [INFO] [88/121] 사당역 (primary=KEY_4)
2026-06-01 01:38:19,299 [INFO] [89/121] 삼각지역 (primary=KEY_1)
2026-06-01 01:38:20,478 [INFO] [90/121] 서울대입구역 (primary=KEY_2)
2026-06-01 01:38:21,617 [INFO] [91/121] 서울식물원·마곡나루역 (primary=KEY_3)
2026-06-01 01:38:22,947 [INFO] [92/121] 서울역 (primary=KEY_4)
2026-06-01 01:38:24,368 [INFO] [93/121] 선릉역 (primary=KEY_1)
2026-06-01 01:38:25,916 [INFO] [94/121] 성신여대입구역 (primary=KEY_2)
2026-06-01 01:38:27,063 [INFO] [95/121] 수유역 (primary=KEY_3)
2026-06-01 01:38:28,401 [INFO] [96/121] 숭례문 (primary=KEY_4)
2026-06-01 01:38:29,742 [INFO] [97/121] 시의회 앞 (primary=KEY_1)
2026-06-01 01:38:31,090 [INFO] [98/121] 신논현역·논현역 (primary=KEY_2)
2026-06-01 01:38:32,467 [INFO] [99/121] 신도림역 (primary=KEY_3)
2026-06-01 01:38:33,604 [INFO] [100/121] 신림역 (primary=KEY_4)
2026-06-01 01:38:34,753 [INFO] [101/121] 신정네거리역 (primary=KEY_1)
2026-06-01 01:38:36,104 [INFO] [102/121] 신촌·이대역 (primary=KEY_2)
2026-06-01 01:38:37,443 [INFO] [103/121] 쌍문역 (primary=KEY_3)
2026-06-01 01:38:38,797 [INFO] [104/121] 양재역 (primary=KEY_4)
2026-06-01 01:38:40,168 [INFO] [105/121] 역삼역 (primary=KEY_1)
2026-06-01 01:38:41,728 [INFO] [106/121] 연신내역 (primary=KEY_2)
2026-06-01 01:38:42,894 [INFO] [107/121] 오목교역·목동운동장 (primary=KEY_3)
2026-06-01 01:38:44,658 [INFO] [108/121] 왕십리역 (primary=KEY_4)
2026-06-01 01:38:46,019 [INFO] [109/121] 용산역 (primary=KEY_1)
2026-06-01 01:38:47,532 [INFO] [110/121] 이태원역 (primary=KEY_2)
2026-06-01 01:38:48,679 [INFO] [111/121] 잠실새내역 (primary=KEY_3)
2026-06-01 01:38:50,024 [INFO] [112/121] 잠실역 (primary=KEY_4)
2026-06-01 01:38:51,635 [INFO] [113/121] 장지역 (primary=KEY_1)
2026-06-01 01:38:53,174 [INFO] [114/121] 장한평역 (primary=KEY_2)
2026-06-01 01:38:54,504 [INFO] [115/121] 천호역 (primary=KEY_3)
2026-06-01 01:38:55,844 [INFO] [116/121] 총신대입구(이수)역 (primary=KEY_4)
2026-06-01 01:38:57,208 [INFO] [117/121] 충정로역 (primary=KEY_1)
2026-06-01 01:38:58,561 [INFO] [118/121] 합정역 (primary=KEY_2)
2026-06-01 01:38:59,933 [INFO] [119/121] 혜화역 (primary=KEY_3)
2026-06-01 01:39:01,266 [INFO] [120/121] 홍대입구역(2호선) (primary=KEY_4)
2026-06-01 01:39:02,602 [INFO] [121/121] 회기역 (primary=KEY_1)
2026-06-01 01:39:04,620 [INFO] === 수집 완료 | 성공 121, 실패 0 ===
2026-06-01 01:39:04,620 [INFO] 카테고리별 저장 결과:
2026-06-01 01:39:04,620 [INFO]    accident                  | 신규     1행 | 누적      2행 | 16컬럼
2026-06-01 01:39:04,620 [INFO]    area_meta                 | 신규   121행 | 누적    242행 | 5컬럼
2026-06-01 01:39:04,620 [INFO]    bike                      | 신규    10행 | 누적     20행 | 12컬럼
2026-06-01 01:39:04,620 [INFO]    bike_sbike_stts           | 신규   557행 | 누적   1114행 | 12컬럼
2026-06-01 01:39:04,620 [INFO]    bus                       | 신규     3행 | 누적      6행 | 11컬럼
2026-06-01 01:39:04,620 [INFO]    bus_bus_stn_stts          | 신규  1745행 | 누적   3490행 | 11컬럼
2026-06-01 01:39:04,620 [INFO]    charger                   | 신규    10행 | 누적     20행 | 15컬럼
2026-06-01 01:39:04,620 [INFO]    charger_charger_stts      | 신규  1261행 | 누적   2502행 | 15컬럼
2026-06-01 01:39:04,620 [INFO]    cmrcl                     | 신규    82행 | 누적    164행 | 20컬럼
2026-06-01 01:39:04,620 [INFO]    events                    | 신규    10행 | 누적     20행 | 14컬럼
2026-06-01 01:39:04,620 [INFO]    events_event_stts         | 신규   153행 | 누적    306행 | 14컬럼
2026-06-01 01:39:04,620 [INFO]    parking                   | 신규     6행 | 누적     12행 | 21컬럼
2026-06-01 01:39:04,620 [INFO]    parking_prk_stts          | 신규  1835행 | 누적   3670행 | 21컬럼
2026-06-01 01:39:04,620 [INFO]    ppltn                     | 신규   121행 | 누적    242행 | 26컬럼
2026-06-01 01:39:04,620 [INFO]    road                      | 신규   121행 | 누적    242행 | 21컬럼
2026-06-01 01:39:04,621 [INFO]    road_road_traffic_stts    | 신규  5254행 | 누적  10508행 | 17컬럼
2026-06-01 01:39:04,621 [INFO]    subway                    | 신규    38행 | 누적     76행 | 13컬럼
2026-06-01 01:39:04,621 [INFO]    subway_sub_stts           | 신규   183행 | 누적    366행 | 13컬럼
2026-06-01 01:39:04,621 [INFO]    weather                   | 신규   119행 | 누적    238행 | 29컬럼
2026-06-01 01:39:04,621 [INFO] 키별 사용량:
2026-06-01 01:39:04,621 [INFO]    🟢 KEY_1 (31/1000) 
2026-06-01 01:39:04,621 [INFO]    🟢 KEY_2 (30/1000) 
2026-06-01 01:39:04,621 [INFO]    🟢 KEY_3 (30/1000) 
2026-06-01 01:39:04,621 [INFO]    🟢 KEY_4 (30/1000) 
2026-06-01 02:32:10,087 [INFO] 등록된 키: 4개, 합산 한도 4,000건/일
2026-06-01 02:32:10,088 [INFO] POI 로드: 매뉴얼 v8.5 기준 fallback 121개 (121개 전체)
2026-06-01 02:32:10,088 [INFO] === 수집 시작 2026-06-01T02:32:10.088293+09:00 ===
2026-06-01 02:32:10,088 [INFO] 대상 장소: 121개 | API: citydata (통합)
2026-06-01 02:32:10,088 [INFO] 키 풀: 4/4 활성 | 오늘 사용 0/4000건
2026-06-01 02:32:10,088 [INFO]   [KEY_1] 담당 31장소
2026-06-01 02:32:10,088 [INFO]   [KEY_2] 담당 30장소
2026-06-01 02:32:10,088 [INFO]   [KEY_3] 담당 30장소
2026-06-01 02:32:10,088 [INFO]   [KEY_4] 담당 30장소
2026-06-01 02:32:10,088 [INFO] [1/121] 경복궁 (primary=KEY_1)
2026-06-01 02:32:11,879 [INFO] [2/121] 광화문·덕수궁 (primary=KEY_2)
2026-06-01 02:32:14,086 [INFO] [3/121] 보신각 (primary=KEY_3)
2026-06-01 02:32:15,843 [INFO] [4/121] 서울 암사동 유적 (primary=KEY_4)
2026-06-01 02:32:16,998 [INFO] [5/121] 창덕궁·종묘 (primary=KEY_1)
2026-06-01 02:32:18,885 [INFO] [6/121] 강남 MICE 관광특구 (primary=KEY_2)
2026-06-01 02:32:20,644 [INFO] [7/121] 동대문 관광특구 (primary=KEY_3)
2026-06-01 02:32:22,610 [INFO] [8/121] 명동 관광특구 (primary=KEY_4)
2026-06-01 02:32:24,149 [INFO] [9/121] 이태원 관광특구 (primary=KEY_1)
2026-06-01 02:32:25,340 [INFO] [10/121] 잠실 관광특구 (primary=KEY_2)
2026-06-01 02:32:26,880 [INFO] [11/121] 종로·청계 관광특구 (primary=KEY_3)
2026-06-01 02:32:29,020 [INFO] [12/121] 홍대 관광특구 (primary=KEY_4)
2026-06-01 02:32:30,390 [INFO] [13/121] 강서한강공원 (primary=KEY_1)
2026-06-01 02:32:31,403 [INFO] [14/121] 고척돔 (primary=KEY_2)
2026-06-01 02:32:32,429 [INFO] [15/121] 광나루한강공원 (primary=KEY_3)
2026-06-01 02:32:33,592 [INFO] [16/121] 광화문광장 (primary=KEY_4)
2026-06-01 02:32:34,771 [INFO] [17/121] 국립중앙박물관·용산가족공원 (primary=KEY_1)
2026-06-01 02:32:35,801 [INFO] [18/121] 난지한강공원 (primary=KEY_2)
2026-06-01 02:32:36,810 [INFO] [19/121] 남산공원 (primary=KEY_3)
2026-06-01 02:32:38,767 [INFO] [20/121] 노들섬 (primary=KEY_4)
2026-06-01 02:32:39,894 [INFO] [21/121] 뚝섬한강공원 (primary=KEY_1)
2026-06-01 02:32:40,942 [INFO] [22/121] 망원한강공원 (primary=KEY_2)
2026-06-01 02:32:42,141 [INFO] [23/121] 반포한강공원 (primary=KEY_3)
2026-06-01 02:32:44,419 [INFO] [24/121] 보라매공원 (primary=KEY_4)
2026-06-01 02:32:45,604 [INFO] [25/121] 북서울꿈의숲 (primary=KEY_1)
2026-06-01 02:32:47,898 [INFO] [26/121] 서대문독립공원 (primary=KEY_2)
2026-06-01 02:32:49,518 [INFO] [27/121] 서리풀공원·몽마르뜨공원 (primary=KEY_3)
2026-06-01 02:32:50,573 [INFO] [28/121] 서울대공원 (primary=KEY_4)
2026-06-01 02:32:51,588 [INFO] [29/121] 서울숲공원 (primary=KEY_1)
2026-06-01 02:32:52,763 [INFO] [30/121] 송현녹지광장 (primary=KEY_2)
2026-06-01 02:32:54,074 [INFO] [31/121] 아차산 (primary=KEY_3)
2026-06-01 02:32:55,090 [INFO] [32/121] 안양천 (primary=KEY_4)
2026-06-01 02:32:56,115 [INFO] [33/121] 양화한강공원 (primary=KEY_1)
2026-06-01 02:32:57,967 [INFO] [34/121] 어린이대공원 (primary=KEY_2)
2026-06-01 02:32:59,002 [INFO] [35/121] 여의도한강공원 (primary=KEY_3)
2026-06-01 02:33:00,743 [INFO] [36/121] 여의서로 (primary=KEY_4)
2026-06-01 02:33:01,899 [INFO] [37/121] 올림픽공원 (primary=KEY_1)
2026-06-01 02:33:03,127 [INFO] [38/121] 월드컵공원 (primary=KEY_2)
2026-06-01 02:33:04,485 [INFO] [39/121] 응봉산 (primary=KEY_3)
2026-06-01 02:33:05,673 [INFO] [40/121] 이촌한강공원 (primary=KEY_4)
2026-06-01 02:33:06,689 [INFO] [41/121] 잠실종합운동장 (primary=KEY_1)
2026-06-01 02:33:07,713 [INFO] [42/121] 잠실한강공원 (primary=KEY_2)
2026-06-01 02:33:08,740 [INFO] [43/121] 잠원한강공원 (primary=KEY_3)
2026-06-01 02:33:09,769 [INFO] [44/121] 청계산 (primary=KEY_4)
2026-06-01 02:33:10,796 [INFO] [45/121] 홍제폭포 (primary=KEY_1)
2026-06-01 02:33:11,818 [INFO] [46/121] 가락시장 (primary=KEY_2)
2026-06-01 02:33:13,012 [INFO] [47/121] 가로수길 (primary=KEY_3)
2026-06-01 02:33:14,215 [INFO] [48/121] 광장(전통)시장 (primary=KEY_4)
2026-06-01 02:33:15,236 [INFO] [49/121] 김포공항 (primary=KEY_1)
2026-06-01 02:33:17,025 [INFO] [50/121] 남대문시장 (primary=KEY_2)
2026-06-01 02:33:18,210 [INFO] [51/121] 노량진 (primary=KEY_3)
2026-06-01 02:33:19,396 [INFO] [52/121] 덕수궁길·정동길 (primary=KEY_4)
2026-06-01 02:33:21,177 [INFO] [53/121] 북창동 먹자골목 (primary=KEY_1)
2026-06-01 02:33:22,227 [INFO] [54/121] 북촌한옥마을 (primary=KEY_2)
2026-06-01 02:33:23,415 [INFO] [55/121] 서촌 (primary=KEY_3)
2026-06-01 02:33:24,607 [INFO] [56/121] 성수카페거리 (primary=KEY_4)
2026-06-01 02:33:25,814 [INFO] [57/121] 송리단길·호수단길 (primary=KEY_1)
2026-06-01 02:33:27,028 [INFO] [58/121] 신촌 스타광장 (primary=KEY_2)
2026-06-01 02:33:28,968 [INFO] [59/121] 압구정로데오거리 (primary=KEY_3)
2026-06-01 02:33:30,171 [INFO] [60/121] 여의도 (primary=KEY_4)
2026-06-01 02:33:32,046 [INFO] [61/121] 연남동 (primary=KEY_1)
2026-06-01 02:33:33,970 [INFO] [62/121] 영등포 타임스퀘어 (primary=KEY_2)
2026-06-01 02:33:35,175 [INFO] [63/121] 용리단길 (primary=KEY_3)
2026-06-01 02:33:36,944 [INFO] [64/121] 이태원 앤틱가구거리 (primary=KEY_4)
2026-06-01 02:33:37,974 [INFO] [65/121] 익선동 (primary=KEY_1)
2026-06-01 02:33:39,177 [INFO] [66/121] 인사동 (primary=KEY_2)
2026-06-01 02:33:41,645 [INFO] [67/121] 잠실롯데타워·석촌호수 (primary=KEY_3)
2026-06-01 02:33:43,004 [INFO] [68/121] 창동 신경제 중심지 (primary=KEY_4)
2026-06-01 02:33:44,522 [INFO] [69/121] 청담동 명품거리 (primary=KEY_1)
2026-06-01 02:33:46,284 [INFO] [70/121] 청량리 제기동 일대 전통시장 (primary=KEY_2)
2026-06-01 02:33:47,454 [INFO] [71/121] 해방촌·경리단길 (primary=KEY_3)
2026-06-01 02:33:48,517 [INFO] [72/121] DDP(동대문디자인플라자) (primary=KEY_4)
2026-06-01 02:33:49,718 [INFO] [73/121] DMC(디지털미디어시티) (primary=KEY_1)
2026-06-01 02:33:51,244 [INFO] [74/121] 가산디지털단지역 (primary=KEY_2)
2026-06-01 02:33:52,747 [INFO] [75/121] 강남역 (primary=KEY_3)
2026-06-01 02:33:54,129 [INFO] [76/121] 건대입구역 (primary=KEY_4)
2026-06-01 02:33:55,343 [INFO] [77/121] 고덕역 (primary=KEY_1)
2026-06-01 02:33:56,531 [INFO] [78/121] 고속터미널역 (primary=KEY_2)
2026-06-01 02:33:57,738 [INFO] [79/121] 교대역 (primary=KEY_3)
2026-06-01 02:33:58,783 [INFO] [80/121] 구로디지털단지역 (primary=KEY_4)
2026-06-01 02:34:00,126 [INFO] [81/121] 구로역 (primary=KEY_1)
2026-06-01 02:34:01,170 [INFO] [82/121] 군자역 (primary=KEY_2)
2026-06-01 02:34:02,233 [INFO] [83/121] 대림역 (primary=KEY_3)
2026-06-01 02:34:03,430 [INFO] [84/121] 동대문역 (primary=KEY_4)
2026-06-01 02:34:04,623 [INFO] [85/121] 뚝섬역 (primary=KEY_1)
2026-06-01 02:34:05,811 [INFO] [86/121] 미아사거리역 (primary=KEY_2)
2026-06-01 02:34:06,997 [INFO] [87/121] 발산역 (primary=KEY_3)
2026-06-01 02:34:08,340 [INFO] [88/121] 사당역 (primary=KEY_4)
2026-06-01 02:34:09,544 [INFO] [89/121] 삼각지역 (primary=KEY_1)
2026-06-01 02:34:10,590 [INFO] [90/121] 서울대입구역 (primary=KEY_2)
2026-06-01 02:34:11,660 [INFO] [91/121] 서울식물원·마곡나루역 (primary=KEY_3)
2026-06-01 02:34:12,861 [INFO] [92/121] 서울역 (primary=KEY_4)
2026-06-01 02:34:14,086 [INFO] [93/121] 선릉역 (primary=KEY_1)
2026-06-01 02:34:16,316 [INFO] [94/121] 성신여대입구역 (primary=KEY_2)
2026-06-01 02:34:17,365 [INFO] [95/121] 수유역 (primary=KEY_3)
2026-06-01 02:34:18,568 [INFO] [96/121] 숭례문 (primary=KEY_4)
2026-06-01 02:34:19,777 [INFO] [97/121] 시의회 앞 (primary=KEY_1)
2026-06-01 02:34:20,992 [INFO] [98/121] 신논현역·논현역 (primary=KEY_2)
2026-06-01 02:34:22,213 [INFO] [99/121] 신도림역 (primary=KEY_3)
2026-06-01 02:34:23,255 [INFO] [100/121] 신림역 (primary=KEY_4)
2026-06-01 02:34:24,300 [INFO] [101/121] 신정네거리역 (primary=KEY_1)
2026-06-01 02:34:26,349 [INFO] [102/121] 신촌·이대역 (primary=KEY_2)
2026-06-01 02:34:27,574 [INFO] [103/121] 쌍문역 (primary=KEY_3)
2026-06-01 02:34:29,478 [INFO] [104/121] 양재역 (primary=KEY_4)
2026-06-01 02:34:31,384 [INFO] [105/121] 역삼역 (primary=KEY_1)
2026-06-01 02:34:32,728 [INFO] [106/121] 연신내역 (primary=KEY_2)
2026-06-01 02:34:33,787 [INFO] [107/121] 오목교역·목동운동장 (primary=KEY_3)
2026-06-01 02:34:35,311 [INFO] [108/121] 왕십리역 (primary=KEY_4)
2026-06-01 02:34:36,520 [INFO] [109/121] 용산역 (primary=KEY_1)
2026-06-01 02:34:37,878 [INFO] [110/121] 이태원역 (primary=KEY_2)
2026-06-01 02:34:38,907 [INFO] [111/121] 잠실새내역 (primary=KEY_3)
2026-06-01 02:34:40,114 [INFO] [112/121] 잠실역 (primary=KEY_4)
2026-06-01 02:34:42,115 [INFO] [113/121] 장지역 (primary=KEY_1)
2026-06-01 02:34:43,461 [INFO] [114/121] 장한평역 (primary=KEY_2)
2026-06-01 02:34:44,667 [INFO] [115/121] 천호역 (primary=KEY_3)
2026-06-01 02:34:45,870 [INFO] [116/121] 총신대입구(이수)역 (primary=KEY_4)
2026-06-01 02:34:47,065 [INFO] [117/121] 충정로역 (primary=KEY_1)
2026-06-01 02:34:48,280 [INFO] [118/121] 합정역 (primary=KEY_2)
2026-06-01 02:34:49,497 [INFO] [119/121] 혜화역 (primary=KEY_3)
2026-06-01 02:34:50,669 [INFO] [120/121] 홍대입구역(2호선) (primary=KEY_4)
2026-06-01 02:34:53,016 [INFO] [121/121] 회기역 (primary=KEY_1)
2026-06-01 02:34:54,976 [INFO] === 수집 완료 | 성공 121, 실패 0 ===
2026-06-01 02:34:54,976 [INFO] 카테고리별 저장 결과:
2026-06-01 02:34:54,976 [INFO]    accident                  | 신규     1행 | 누적      3행 | 16컬럼
2026-06-01 02:34:54,976 [INFO]    area_meta                 | 신규   121행 | 누적    363행 | 5컬럼
2026-06-01 02:34:54,976 [INFO]    bike                      | 신규    10행 | 누적     30행 | 12컬럼
2026-06-01 02:34:54,976 [INFO]    bike_sbike_stts           | 신규   557행 | 누적   1671행 | 12컬럼
2026-06-01 02:34:54,976 [INFO]    bus                       | 신규     3행 | 누적      9행 | 11컬럼
2026-06-01 02:34:54,976 [INFO]    bus_bus_stn_stts          | 신규  1745행 | 누적   5235행 | 11컬럼
2026-06-01 02:34:54,976 [INFO]    charger                   | 신규    10행 | 누적     30행 | 15컬럼
2026-06-01 02:34:54,976 [INFO]    charger_charger_stts      | 신규  1261행 | 누적   3753행 | 15컬럼
2026-06-01 02:34:54,976 [INFO]    cmrcl                     | 신규    82행 | 누적    246행 | 20컬럼
2026-06-01 02:34:54,976 [INFO]    events                    | 신규    10행 | 누적     30행 | 14컬럼
2026-06-01 02:34:54,976 [INFO]    events_event_stts         | 신규   153행 | 누적    459행 | 14컬럼
2026-06-01 02:34:54,976 [INFO]    parking                   | 신규     6행 | 누적     18행 | 21컬럼
2026-06-01 02:34:54,976 [INFO]    parking_prk_stts          | 신규  1835행 | 누적   5505행 | 21컬럼
2026-06-01 02:34:54,976 [INFO]    ppltn                     | 신규   121행 | 누적    363행 | 26컬럼
2026-06-01 02:34:54,976 [INFO]    road                      | 신규   121행 | 누적    363행 | 21컬럼
2026-06-01 02:34:54,976 [INFO]    road_road_traffic_stts    | 신규  5254행 | 누적  15762행 | 17컬럼
2026-06-01 02:34:54,976 [INFO]    subway                    | 신규    38행 | 누적    114행 | 13컬럼
2026-06-01 02:34:54,976 [INFO]    subway_sub_stts           | 신규   183행 | 누적    549행 | 13컬럼
2026-06-01 02:34:54,976 [INFO]    weather                   | 신규   119행 | 누적    357행 | 29컬럼
2026-06-01 02:34:54,976 [INFO] 키별 사용량:
2026-06-01 02:34:54,976 [INFO]    🟢 KEY_1 (31/1000) 
2026-06-01 02:34:54,977 [INFO]    🟢 KEY_2 (30/1000) 
2026-06-01 02:34:54,977 [INFO]    🟢 KEY_3 (30/1000) 
2026-06-01 02:34:54,977 [INFO]    🟢 KEY_4 (30/1000) 
2026-06-01 03:36:53,103 [INFO] 등록된 키: 4개, 합산 한도 4,000건/일
2026-06-01 03:36:53,103 [INFO] POI 로드: 매뉴얼 v8.5 기준 fallback 121개 (121개 전체)
2026-06-01 03:36:53,103 [INFO] === 수집 시작 2026-06-01T03:36:53.103947+09:00 ===
2026-06-01 03:36:53,104 [INFO] 대상 장소: 121개 | API: citydata (통합)
2026-06-01 03:36:53,104 [INFO] 키 풀: 4/4 활성 | 오늘 사용 0/4000건
2026-06-01 03:36:53,104 [INFO]   [KEY_1] 담당 31장소
2026-06-01 03:36:53,104 [INFO]   [KEY_2] 담당 30장소
2026-06-01 03:36:53,104 [INFO]   [KEY_3] 담당 30장소
2026-06-01 03:36:53,104 [INFO]   [KEY_4] 담당 30장소
2026-06-01 03:36:53,104 [INFO] [1/121] 경복궁 (primary=KEY_1)
2026-06-01 03:36:55,024 [INFO] [2/121] 광화문·덕수궁 (primary=KEY_2)
2026-06-01 03:36:57,263 [INFO] [3/121] 보신각 (primary=KEY_3)
2026-06-01 03:36:59,365 [INFO] [4/121] 서울 암사동 유적 (primary=KEY_4)
2026-06-01 03:37:00,891 [INFO] [5/121] 창덕궁·종묘 (primary=KEY_1)
2026-06-01 03:37:02,003 [INFO] [6/121] 강남 MICE 관광특구 (primary=KEY_2)
2026-06-01 03:37:03,282 [INFO] [7/121] 동대문 관광특구 (primary=KEY_3)
2026-06-01 03:37:05,252 [INFO] [8/121] 명동 관광특구 (primary=KEY_4)
2026-06-01 03:37:06,696 [INFO] [9/121] 이태원 관광특구 (primary=KEY_1)
2026-06-01 03:37:08,658 [INFO] [10/121] 잠실 관광특구 (primary=KEY_2)
2026-06-01 03:37:10,131 [INFO] [11/121] 종로·청계 관광특구 (primary=KEY_3)
2026-06-01 03:37:11,446 [INFO] [12/121] 홍대 관광특구 (primary=KEY_4)
2026-06-01 03:37:12,763 [INFO] [13/121] 강서한강공원 (primary=KEY_1)
2026-06-01 03:37:14,300 [INFO] [14/121] 고척돔 (primary=KEY_2)
2026-06-01 03:37:15,407 [INFO] [15/121] 광나루한강공원 (primary=KEY_3)
2026-06-01 03:37:16,776 [INFO] [16/121] 광화문광장 (primary=KEY_4)
2026-06-01 03:37:18,074 [INFO] [17/121] 국립중앙박물관·용산가족공원 (primary=KEY_1)
2026-06-01 03:37:19,177 [INFO] [18/121] 난지한강공원 (primary=KEY_2)
2026-06-01 03:37:20,690 [INFO] [19/121] 남산공원 (primary=KEY_3)
2026-06-01 03:37:21,991 [INFO] [20/121] 노들섬 (primary=KEY_4)
2026-06-01 03:37:23,630 [INFO] [21/121] 뚝섬한강공원 (primary=KEY_1)
2026-06-01 03:37:24,753 [INFO] [22/121] 망원한강공원 (primary=KEY_2)
2026-06-01 03:37:25,865 [INFO] [23/121] 반포한강공원 (primary=KEY_3)
2026-06-01 03:37:26,850 [INFO] [24/121] 보라매공원 (primary=KEY_4)
2026-06-01 03:37:27,972 [INFO] [25/121] 북서울꿈의숲 (primary=KEY_1)
2026-06-01 03:37:29,328 [INFO] [26/121] 서대문독립공원 (primary=KEY_2)
2026-06-01 03:37:30,317 [INFO] [27/121] 서리풀공원·몽마르뜨공원 (primary=KEY_3)
2026-06-01 03:37:31,318 [INFO] [28/121] 서울대공원 (primary=KEY_4)
2026-06-01 03:37:32,409 [INFO] [29/121] 서울숲공원 (primary=KEY_1)
2026-06-01 03:37:33,532 [INFO] [30/121] 송현녹지광장 (primary=KEY_2)
2026-06-01 03:37:34,772 [INFO] [31/121] 아차산 (primary=KEY_3)
2026-06-01 03:37:35,889 [INFO] [32/121] 안양천 (primary=KEY_4)
2026-06-01 03:37:36,859 [INFO] [33/121] 양화한강공원 (primary=KEY_1)
2026-06-01 03:37:37,829 [INFO] [34/121] 어린이대공원 (primary=KEY_2)
2026-06-01 03:37:39,643 [INFO] [35/121] 여의도한강공원 (primary=KEY_3)
2026-06-01 03:37:40,758 [INFO] [36/121] 여의서로 (primary=KEY_4)
2026-06-01 03:37:41,865 [INFO] [37/121] 올림픽공원 (primary=KEY_1)
2026-06-01 03:37:43,023 [INFO] [38/121] 월드컵공원 (primary=KEY_2)
2026-06-01 03:37:44,287 [INFO] [39/121] 응봉산 (primary=KEY_3)
2026-06-01 03:37:45,540 [INFO] [40/121] 이촌한강공원 (primary=KEY_4)
2026-06-01 03:37:46,505 [INFO] [41/121] 잠실종합운동장 (primary=KEY_1)
2026-06-01 03:37:47,510 [INFO] [42/121] 잠실한강공원 (primary=KEY_2)
2026-06-01 03:37:48,488 [INFO] [43/121] 잠원한강공원 (primary=KEY_3)
2026-06-01 03:37:49,488 [INFO] [44/121] 청계산 (primary=KEY_4)
2026-06-01 03:37:50,472 [INFO] [45/121] 홍제폭포 (primary=KEY_1)
2026-06-01 03:37:51,448 [INFO] [46/121] 가락시장 (primary=KEY_2)
2026-06-01 03:37:52,595 [INFO] [47/121] 가로수길 (primary=KEY_3)
2026-06-01 03:37:53,760 [INFO] [48/121] 광장(전통)시장 (primary=KEY_4)
2026-06-01 03:37:54,764 [INFO] [49/121] 김포공항 (primary=KEY_1)
2026-06-01 03:37:55,905 [INFO] [50/121] 남대문시장 (primary=KEY_2)
2026-06-01 03:37:57,031 [INFO] [51/121] 노량진 (primary=KEY_3)
2026-06-01 03:37:58,170 [INFO] [52/121] 덕수궁길·정동길 (primary=KEY_4)
2026-06-01 03:37:59,324 [INFO] [53/121] 북창동 먹자골목 (primary=KEY_1)
2026-06-01 03:38:00,463 [INFO] [54/121] 북촌한옥마을 (primary=KEY_2)
2026-06-01 03:38:01,592 [INFO] [55/121] 서촌 (primary=KEY_3)
2026-06-01 03:38:02,709 [INFO] [56/121] 성수카페거리 (primary=KEY_4)
2026-06-01 03:38:03,973 [INFO] [57/121] 송리단길·호수단길 (primary=KEY_1)
2026-06-01 03:38:05,108 [INFO] [58/121] 신촌 스타광장 (primary=KEY_2)
2026-06-01 03:38:06,139 [INFO] [59/121] 압구정로데오거리 (primary=KEY_3)
2026-06-01 03:38:07,268 [INFO] [60/121] 여의도 (primary=KEY_4)
2026-06-01 03:38:09,028 [INFO] [61/121] 연남동 (primary=KEY_1)
2026-06-01 03:38:10,143 [INFO] [62/121] 영등포 타임스퀘어 (primary=KEY_2)
2026-06-01 03:38:11,269 [INFO] [63/121] 용리단길 (primary=KEY_3)
2026-06-01 03:38:12,274 [INFO] [64/121] 이태원 앤틱가구거리 (primary=KEY_4)
2026-06-01 03:38:13,273 [INFO] [65/121] 익선동 (primary=KEY_1)
2026-06-01 03:38:14,413 [INFO] [66/121] 인사동 (primary=KEY_2)
2026-06-01 03:38:15,535 [INFO] [67/121] 잠실롯데타워·석촌호수 (primary=KEY_3)
2026-06-01 03:38:16,952 [INFO] [68/121] 창동 신경제 중심지 (primary=KEY_4)
2026-06-01 03:38:18,375 [INFO] [69/121] 청담동 명품거리 (primary=KEY_1)
2026-06-01 03:38:19,495 [INFO] [70/121] 청량리 제기동 일대 전통시장 (primary=KEY_2)
2026-06-01 03:38:20,694 [INFO] [71/121] 해방촌·경리단길 (primary=KEY_3)
2026-06-01 03:38:21,673 [INFO] [72/121] DDP(동대문디자인플라자) (primary=KEY_4)
2026-06-01 03:38:22,795 [INFO] [73/121] DMC(디지털미디어시티) (primary=KEY_1)
2026-06-01 03:38:24,251 [INFO] [74/121] 가산디지털단지역 (primary=KEY_2)
2026-06-01 03:38:25,810 [INFO] [75/121] 강남역 (primary=KEY_3)
2026-06-01 03:38:27,113 [INFO] [76/121] 건대입구역 (primary=KEY_4)
2026-06-01 03:38:28,247 [INFO] [77/121] 고덕역 (primary=KEY_1)
2026-06-01 03:38:29,361 [INFO] [78/121] 고속터미널역 (primary=KEY_2)
2026-06-01 03:38:30,504 [INFO] [79/121] 교대역 (primary=KEY_3)
2026-06-01 03:38:31,500 [INFO] [80/121] 구로디지털단지역 (primary=KEY_4)
2026-06-01 03:38:32,907 [INFO] [81/121] 구로역 (primary=KEY_1)
2026-06-01 03:38:34,039 [INFO] [82/121] 군자역 (primary=KEY_2)
2026-06-01 03:38:35,036 [INFO] [83/121] 대림역 (primary=KEY_3)
2026-06-01 03:38:36,173 [INFO] [84/121] 동대문역 (primary=KEY_4)
2026-06-01 03:38:37,301 [INFO] [85/121] 뚝섬역 (primary=KEY_1)
2026-06-01 03:38:38,424 [INFO] [86/121] 미아사거리역 (primary=KEY_2)
2026-06-01 03:38:39,552 [INFO] [87/121] 발산역 (primary=KEY_3)
2026-06-01 03:38:40,950 [INFO] [88/121] 사당역 (primary=KEY_4)
2026-06-01 03:38:42,095 [INFO] [89/121] 삼각지역 (primary=KEY_1)
2026-06-01 03:38:43,076 [INFO] [90/121] 서울대입구역 (primary=KEY_2)
2026-06-01 03:38:44,194 [INFO] [91/121] 서울식물원·마곡나루역 (primary=KEY_3)
2026-06-01 03:38:45,339 [INFO] [92/121] 서울역 (primary=KEY_4)
2026-06-01 03:38:46,499 [INFO] [93/121] 선릉역 (primary=KEY_1)
2026-06-01 03:38:47,922 [INFO] [94/121] 성신여대입구역 (primary=KEY_2)
2026-06-01 03:38:48,910 [INFO] [95/121] 수유역 (primary=KEY_3)
2026-06-01 03:38:50,022 [INFO] [96/121] 숭례문 (primary=KEY_4)
2026-06-01 03:38:51,159 [INFO] [97/121] 시의회 앞 (primary=KEY_1)
2026-06-01 03:38:52,295 [INFO] [98/121] 신논현역·논현역 (primary=KEY_2)
2026-06-01 03:38:53,443 [INFO] [99/121] 신도림역 (primary=KEY_3)
2026-06-01 03:38:54,423 [INFO] [100/121] 신림역 (primary=KEY_4)
2026-06-01 03:38:55,427 [INFO] [101/121] 신정네거리역 (primary=KEY_1)
2026-06-01 03:38:56,539 [INFO] [102/121] 신촌·이대역 (primary=KEY_2)
2026-06-01 03:38:57,674 [INFO] [103/121] 쌍문역 (primary=KEY_3)
2026-06-01 03:38:58,789 [INFO] [104/121] 양재역 (primary=KEY_4)
2026-06-01 03:39:00,017 [INFO] [105/121] 역삼역 (primary=KEY_1)
2026-06-01 03:39:01,290 [INFO] [106/121] 연신내역 (primary=KEY_2)
2026-06-01 03:39:02,300 [INFO] [107/121] 오목교역·목동운동장 (primary=KEY_3)
2026-06-01 03:39:03,845 [INFO] [108/121] 왕십리역 (primary=KEY_4)
2026-06-01 03:39:05,008 [INFO] [109/121] 용산역 (primary=KEY_1)
2026-06-01 03:39:06,274 [INFO] [110/121] 이태원역 (primary=KEY_2)
2026-06-01 03:39:07,258 [INFO] [111/121] 잠실새내역 (primary=KEY_3)
2026-06-01 03:39:08,428 [INFO] [112/121] 잠실역 (primary=KEY_4)
2026-06-01 03:39:09,697 [INFO] [113/121] 장지역 (primary=KEY_1)
2026-06-01 03:39:10,958 [INFO] [114/121] 장한평역 (primary=KEY_2)
2026-06-01 03:39:12,091 [INFO] [115/121] 천호역 (primary=KEY_3)
2026-06-01 03:39:13,243 [INFO] [116/121] 총신대입구(이수)역 (primary=KEY_4)
2026-06-01 03:39:14,374 [INFO] [117/121] 충정로역 (primary=KEY_1)
2026-06-01 03:39:15,521 [INFO] [118/121] 합정역 (primary=KEY_2)
2026-06-01 03:39:16,663 [INFO] [119/121] 혜화역 (primary=KEY_3)
2026-06-01 03:39:17,791 [INFO] [120/121] 홍대입구역(2호선) (primary=KEY_4)
2026-06-01 03:39:18,930 [INFO] [121/121] 회기역 (primary=KEY_1)
2026-06-01 03:39:21,018 [INFO] === 수집 완료 | 성공 121, 실패 0 ===
2026-06-01 03:39:21,018 [INFO] 카테고리별 저장 결과:
2026-06-01 03:39:21,018 [INFO]    area_meta                 | 신규   121행 | 누적    484행 | 5컬럼
2026-06-01 03:39:21,018 [INFO]    bike                      | 신규    10행 | 누적     40행 | 12컬럼
2026-06-01 03:39:21,018 [INFO]    bike_sbike_stts           | 신규   557행 | 누적   2228행 | 12컬럼
2026-06-01 03:39:21,018 [INFO]    bus                       | 신규     3행 | 누적     12행 | 11컬럼
2026-06-01 03:39:21,019 [INFO]    bus_bus_stn_stts          | 신규  1745행 | 누적   6980행 | 11컬럼
2026-06-01 03:39:21,019 [INFO]    charger                   | 신규     4행 | 누적     34행 | 15컬럼
2026-06-01 03:39:21,019 [INFO]    charger_charger_stts      | 신규  1870행 | 누적   5608행 | 15컬럼
2026-06-01 03:39:21,019 [INFO]    cmrcl                     | 신규    82행 | 누적    328행 | 20컬럼
2026-06-01 03:39:21,019 [INFO]    events                    | 신규    10행 | 누적     40행 | 14컬럼
2026-06-01 03:39:21,019 [INFO]    events_event_stts         | 신규   153행 | 누적    612행 | 14컬럼
2026-06-01 03:39:21,019 [INFO]    parking                   | 신규     6행 | 누적     24행 | 21컬럼
2026-06-01 03:39:21,019 [INFO]    parking_prk_stts          | 신규  1835행 | 누적   7340행 | 21컬럼
2026-06-01 03:39:21,019 [INFO]    ppltn                     | 신규   121행 | 누적    484행 | 26컬럼
2026-06-01 03:39:21,019 [INFO]    road                      | 신규   121행 | 누적    484행 | 21컬럼
2026-06-01 03:39:21,019 [INFO]    road_road_traffic_stts    | 신규  5254행 | 누적  21016행 | 17컬럼
2026-06-01 03:39:21,019 [INFO]    subway                    | 신규    38행 | 누적    152행 | 13컬럼
2026-06-01 03:39:21,019 [INFO]    subway_sub_stts           | 신규   183행 | 누적    732행 | 13컬럼
2026-06-01 03:39:21,019 [INFO]    weather                   | 신규   119행 | 누적    476행 | 29컬럼
2026-06-01 03:39:21,019 [INFO] 키별 사용량:
2026-06-01 03:39:21,019 [INFO]    🟢 KEY_1 (31/1000) 
2026-06-01 03:39:21,019 [INFO]    🟢 KEY_2 (30/1000) 
2026-06-01 03:39:21,019 [INFO]    🟢 KEY_3 (30/1000) 
2026-06-01 03:39:21,019 [INFO]    🟢 KEY_4 (30/1000) 
2026-06-01 04:38:50,957 [INFO] 등록된 키: 4개, 합산 한도 4,000건/일
2026-06-01 04:38:50,957 [INFO] POI 로드: 매뉴얼 v8.5 기준 fallback 121개 (121개 전체)
2026-06-01 04:38:50,957 [INFO] === 수집 시작 2026-06-01T04:38:50.957909+09:00 ===
2026-06-01 04:38:50,958 [INFO] 대상 장소: 121개 | API: citydata (통합)
2026-06-01 04:38:50,958 [INFO] 키 풀: 4/4 활성 | 오늘 사용 0/4000건
2026-06-01 04:38:50,958 [INFO]   [KEY_1] 담당 31장소
2026-06-01 04:38:50,958 [INFO]   [KEY_2] 담당 30장소
2026-06-01 04:38:50,958 [INFO]   [KEY_3] 담당 30장소
2026-06-01 04:38:50,958 [INFO]   [KEY_4] 담당 30장소
2026-06-01 04:38:50,958 [INFO] [1/121] 경복궁 (primary=KEY_1)
2026-06-01 04:38:52,892 [INFO] [2/121] 광화문·덕수궁 (primary=KEY_2)
2026-06-01 04:38:54,300 [INFO] [3/121] 보신각 (primary=KEY_3)
2026-06-01 04:38:55,956 [INFO] [4/121] 서울 암사동 유적 (primary=KEY_4)
2026-06-01 04:38:57,748 [INFO] [5/121] 창덕궁·종묘 (primary=KEY_1)
2026-06-01 04:38:59,653 [INFO] [6/121] 강남 MICE 관광특구 (primary=KEY_2)
2026-06-01 04:39:00,778 [INFO] [7/121] 동대문 관광특구 (primary=KEY_3)
2026-06-01 04:39:02,616 [INFO] [8/121] 명동 관광특구 (primary=KEY_4)
2026-06-01 04:39:04,901 [INFO] [9/121] 이태원 관광특구 (primary=KEY_1)
2026-06-01 04:39:06,563 [INFO] [10/121] 잠실 관광특구 (primary=KEY_2)
2026-06-01 04:39:07,851 [INFO] [11/121] 종로·청계 관광특구 (primary=KEY_3)
2026-06-01 04:39:09,149 [INFO] [12/121] 홍대 관광특구 (primary=KEY_4)
2026-06-01 04:39:10,986 [INFO] [13/121] 강서한강공원 (primary=KEY_1)
2026-06-01 04:39:12,494 [INFO] [14/121] 고척돔 (primary=KEY_2)
2026-06-01 04:39:13,463 [INFO] [15/121] 광나루한강공원 (primary=KEY_3)
2026-06-01 04:39:15,225 [INFO] [16/121] 광화문광장 (primary=KEY_4)
2026-06-01 04:39:16,357 [INFO] [17/121] 국립중앙박물관·용산가족공원 (primary=KEY_1)
2026-06-01 04:39:17,335 [INFO] [18/121] 난지한강공원 (primary=KEY_2)
2026-06-01 04:39:18,314 [INFO] [19/121] 남산공원 (primary=KEY_3)
2026-06-01 04:39:20,135 [INFO] [20/121] 노들섬 (primary=KEY_4)
2026-06-01 04:39:21,109 [INFO] [21/121] 뚝섬한강공원 (primary=KEY_1)
2026-06-01 04:39:22,101 [INFO] [22/121] 망원한강공원 (primary=KEY_2)
2026-06-01 04:39:23,230 [INFO] [23/121] 반포한강공원 (primary=KEY_3)
2026-06-01 04:39:24,202 [INFO] [24/121] 보라매공원 (primary=KEY_4)
2026-06-01 04:39:25,983 [INFO] [25/121] 북서울꿈의숲 (primary=KEY_1)
2026-06-01 04:39:26,987 [INFO] [26/121] 서대문독립공원 (primary=KEY_2)
2026-06-01 04:39:27,981 [INFO] [27/121] 서리풀공원·몽마르뜨공원 (primary=KEY_3)
2026-06-01 04:39:28,991 [INFO] [28/121] 서울대공원 (primary=KEY_4)
2026-06-01 04:39:29,960 [INFO] [29/121] 서울숲공원 (primary=KEY_1)
2026-06-01 04:39:31,078 [INFO] [30/121] 송현녹지광장 (primary=KEY_2)
2026-06-01 04:39:32,196 [INFO] [31/121] 아차산 (primary=KEY_3)
2026-06-01 04:39:33,425 [INFO] [32/121] 안양천 (primary=KEY_4)
2026-06-01 04:39:34,402 [INFO] [33/121] 양화한강공원 (primary=KEY_1)
2026-06-01 04:39:35,364 [INFO] [34/121] 어린이대공원 (primary=KEY_2)
2026-06-01 04:39:36,365 [INFO] [35/121] 여의도한강공원 (primary=KEY_3)
2026-06-01 04:39:37,472 [INFO] [36/121] 여의서로 (primary=KEY_4)
2026-06-01 04:39:38,444 [INFO] [37/121] 올림픽공원 (primary=KEY_1)
2026-06-01 04:39:39,603 [INFO] [38/121] 월드컵공원 (primary=KEY_2)
2026-06-01 04:39:40,890 [INFO] [39/121] 응봉산 (primary=KEY_3)
2026-06-01 04:39:41,990 [INFO] [40/121] 이촌한강공원 (primary=KEY_4)
2026-06-01 04:39:42,958 [INFO] [41/121] 잠실종합운동장 (primary=KEY_1)
2026-06-01 04:39:43,931 [INFO] [42/121] 잠실한강공원 (primary=KEY_2)
2026-06-01 04:39:45,467 [INFO] [43/121] 잠원한강공원 (primary=KEY_3)
2026-06-01 04:39:47,105 [INFO] [44/121] 청계산 (primary=KEY_4)
2026-06-01 04:39:48,218 [INFO] [45/121] 홍제폭포 (primary=KEY_1)
2026-06-01 04:39:49,185 [INFO] [46/121] 가락시장 (primary=KEY_2)
2026-06-01 04:39:50,315 [INFO] [47/121] 가로수길 (primary=KEY_3)
2026-06-01 04:39:52,133 [INFO] [48/121] 광장(전통)시장 (primary=KEY_4)
2026-06-01 04:39:53,247 [INFO] [49/121] 김포공항 (primary=KEY_1)
2026-06-01 04:39:55,192 [INFO] [50/121] 남대문시장 (primary=KEY_2)
2026-06-01 04:39:56,860 [INFO] [51/121] 노량진 (primary=KEY_3)
2026-06-01 04:39:58,123 [INFO] [52/121] 덕수궁길·정동길 (primary=KEY_4)
2026-06-01 04:39:59,266 [INFO] [53/121] 북창동 먹자골목 (primary=KEY_1)
2026-06-01 04:40:00,252 [INFO] [54/121] 북촌한옥마을 (primary=KEY_2)
2026-06-01 04:40:01,397 [INFO] [55/121] 서촌 (primary=KEY_3)
2026-06-01 04:40:02,502 [INFO] [56/121] 성수카페거리 (primary=KEY_4)
2026-06-01 04:40:04,202 [INFO] [57/121] 송리단길·호수단길 (primary=KEY_1)
2026-06-01 04:40:05,328 [INFO] [58/121] 신촌 스타광장 (primary=KEY_2)
2026-06-01 04:40:06,297 [INFO] [59/121] 압구정로데오거리 (primary=KEY_3)
2026-06-01 04:40:08,086 [INFO] [60/121] 여의도 (primary=KEY_4)
2026-06-01 04:40:09,672 [INFO] [61/121] 연남동 (primary=KEY_1)
2026-06-01 04:40:11,326 [INFO] [62/121] 영등포 타임스퀘어 (primary=KEY_2)
2026-06-01 04:40:12,972 [INFO] [63/121] 용리단길 (primary=KEY_3)
2026-06-01 04:40:14,772 [INFO] [64/121] 이태원 앤틱가구거리 (primary=KEY_4)
2026-06-01 04:40:15,760 [INFO] [65/121] 익선동 (primary=KEY_1)
2026-06-01 04:40:16,878 [INFO] [66/121] 인사동 (primary=KEY_2)
2026-06-01 04:40:17,999 [INFO] [67/121] 잠실롯데타워·석촌호수 (primary=KEY_3)
2026-06-01 04:40:19,126 [INFO] [68/121] 창동 신경제 중심지 (primary=KEY_4)
2026-06-01 04:40:20,390 [INFO] [69/121] 청담동 명품거리 (primary=KEY_1)
2026-06-01 04:40:21,501 [INFO] [70/121] 청량리 제기동 일대 전통시장 (primary=KEY_2)
2026-06-01 04:40:22,623 [INFO] [71/121] 해방촌·경리단길 (primary=KEY_3)
2026-06-01 04:40:24,138 [INFO] [72/121] DDP(동대문디자인플라자) (primary=KEY_4)
2026-06-01 04:40:25,305 [INFO] [73/121] DMC(디지털미디어시티) (primary=KEY_1)
2026-06-01 04:40:26,579 [INFO] [74/121] 가산디지털단지역 (primary=KEY_2)
2026-06-01 04:40:27,825 [INFO] [75/121] 강남역 (primary=KEY_3)
2026-06-01 04:40:29,107 [INFO] [76/121] 건대입구역 (primary=KEY_4)
2026-06-01 04:40:30,231 [INFO] [77/121] 고덕역 (primary=KEY_1)
2026-06-01 04:40:31,331 [INFO] [78/121] 고속터미널역 (primary=KEY_2)
2026-06-01 04:40:32,458 [INFO] [79/121] 교대역 (primary=KEY_3)
2026-06-01 04:40:33,442 [INFO] [80/121] 구로디지털단지역 (primary=KEY_4)
2026-06-01 04:40:34,561 [INFO] [81/121] 구로역 (primary=KEY_1)
2026-06-01 04:40:35,525 [INFO] [82/121] 군자역 (primary=KEY_2)
2026-06-01 04:40:36,518 [INFO] [83/121] 대림역 (primary=KEY_3)
2026-06-01 04:40:37,630 [INFO] [84/121] 동대문역 (primary=KEY_4)
2026-06-01 04:40:38,755 [INFO] [85/121] 뚝섬역 (primary=KEY_1)
2026-06-01 04:40:39,874 [INFO] [86/121] 미아사거리역 (primary=KEY_2)
2026-06-01 04:40:40,982 [INFO] [87/121] 발산역 (primary=KEY_3)
2026-06-01 04:40:42,249 [INFO] [88/121] 사당역 (primary=KEY_4)
2026-06-01 04:40:43,363 [INFO] [89/121] 삼각지역 (primary=KEY_1)
2026-06-01 04:40:44,339 [INFO] [90/121] 서울대입구역 (primary=KEY_2)
2026-06-01 04:40:45,322 [INFO] [91/121] 서울식물원·마곡나루역 (primary=KEY_3)
2026-06-01 04:40:46,485 [INFO] [92/121] 서울역 (primary=KEY_4)
2026-06-01 04:40:47,636 [INFO] [93/121] 선릉역 (primary=KEY_1)
2026-06-01 04:40:48,923 [INFO] [94/121] 성신여대입구역 (primary=KEY_2)
2026-06-01 04:40:49,921 [INFO] [95/121] 수유역 (primary=KEY_3)
2026-06-01 04:40:51,035 [INFO] [96/121] 숭례문 (primary=KEY_4)
2026-06-01 04:40:52,161 [INFO] [97/121] 시의회 앞 (primary=KEY_1)
2026-06-01 04:40:53,293 [INFO] [98/121] 신논현역·논현역 (primary=KEY_2)
2026-06-01 04:40:54,426 [INFO] [99/121] 신도림역 (primary=KEY_3)
2026-06-01 04:40:55,408 [INFO] [100/121] 신림역 (primary=KEY_4)
2026-06-01 04:40:56,414 [INFO] [101/121] 신정네거리역 (primary=KEY_1)
2026-06-01 04:40:57,403 [INFO] [102/121] 신촌·이대역 (primary=KEY_2)
2026-06-01 04:40:58,514 [INFO] [103/121] 쌍문역 (primary=KEY_3)
2026-06-01 04:40:59,500 [INFO] [104/121] 양재역 (primary=KEY_4)
2026-06-01 04:41:00,641 [INFO] [105/121] 역삼역 (primary=KEY_1)
2026-06-01 04:41:01,782 [INFO] [106/121] 연신내역 (primary=KEY_2)
2026-06-01 04:41:02,785 [INFO] [107/121] 오목교역·목동운동장 (primary=KEY_3)
2026-06-01 04:41:04,197 [INFO] [108/121] 왕십리역 (primary=KEY_4)
2026-06-01 04:41:05,329 [INFO] [109/121] 용산역 (primary=KEY_1)
2026-06-01 04:41:06,587 [INFO] [110/121] 이태원역 (primary=KEY_2)
2026-06-01 04:41:07,563 [INFO] [111/121] 잠실새내역 (primary=KEY_3)
2026-06-01 04:41:08,688 [INFO] [112/121] 잠실역 (primary=KEY_4)
2026-06-01 04:41:09,800 [INFO] [113/121] 장지역 (primary=KEY_1)
2026-06-01 04:41:10,923 [INFO] [114/121] 장한평역 (primary=KEY_2)
2026-06-01 04:41:12,052 [INFO] [115/121] 천호역 (primary=KEY_3)
2026-06-01 04:41:13,354 [INFO] [116/121] 총신대입구(이수)역 (primary=KEY_4)
2026-06-01 04:41:14,469 [INFO] [117/121] 충정로역 (primary=KEY_1)
2026-06-01 04:41:15,586 [INFO] [118/121] 합정역 (primary=KEY_2)
2026-06-01 04:41:16,822 [INFO] [119/121] 혜화역 (primary=KEY_3)
2026-06-01 04:41:17,954 [INFO] [120/121] 홍대입구역(2호선) (primary=KEY_4)
2026-06-01 04:41:18,969 [INFO] [121/121] 회기역 (primary=KEY_1)
2026-06-01 04:41:21,201 [INFO] === 수집 완료 | 성공 121, 실패 0 ===
2026-06-01 04:41:21,201 [INFO] 카테고리별 저장 결과:
2026-06-01 04:41:21,201 [INFO]    accident                  | 신규     1행 | 누적      4행 | 16컬럼
2026-06-01 04:41:21,201 [INFO]    area_meta                 | 신규   121행 | 누적    605행 | 5컬럼
2026-06-01 04:41:21,201 [INFO]    bike                      | 신규    10행 | 누적     50행 | 12컬럼
2026-06-01 04:41:21,201 [INFO]    bike_sbike_stts           | 신규   557행 | 누적   2785행 | 12컬럼
2026-06-01 04:41:21,201 [INFO]    bus                       | 신규     3행 | 누적     15행 | 11컬럼
2026-06-01 04:41:21,201 [INFO]    bus_bus_stn_stts          | 신규  1745행 | 누적   8725행 | 11컬럼
2026-06-01 04:41:21,201 [INFO]    charger                   | 신규    13행 | 누적     47행 | 15컬럼
2026-06-01 04:41:21,201 [INFO]    charger_charger_stts      | 신규   705행 | 누적   6308행 | 15컬럼
2026-06-01 04:41:21,201 [INFO]    cmrcl                     | 신규    82행 | 누적    410행 | 20컬럼
2026-06-01 04:41:21,201 [INFO]    events                    | 신규    10행 | 누적     50행 | 14컬럼
2026-06-01 04:41:21,202 [INFO]    events_event_stts         | 신규   153행 | 누적    765행 | 14컬럼
2026-06-01 04:41:21,202 [INFO]    parking                   | 신규     6행 | 누적     30행 | 21컬럼
2026-06-01 04:41:21,202 [INFO]    parking_prk_stts          | 신규  1835행 | 누적   9175행 | 21컬럼
2026-06-01 04:41:21,202 [INFO]    ppltn                     | 신규   121행 | 누적    605행 | 26컬럼
2026-06-01 04:41:21,202 [INFO]    road                      | 신규   121행 | 누적    605행 | 21컬럼
2026-06-01 04:41:21,202 [INFO]    road_road_traffic_stts    | 신규  5254행 | 누적  26270행 | 17컬럼
2026-06-01 04:41:21,202 [INFO]    subway                    | 신규    38행 | 누적    190행 | 13컬럼
2026-06-01 04:41:21,202 [INFO]    subway_sub_stts           | 신규   183행 | 누적    915행 | 13컬럼
2026-06-01 04:41:21,202 [INFO]    weather                   | 신규   119행 | 누적    595행 | 29컬럼
2026-06-01 04:41:21,202 [INFO] 키별 사용량:
2026-06-01 04:41:21,202 [INFO]    🟢 KEY_1 (31/1000) 
2026-06-01 04:41:21,202 [INFO]    🟢 KEY_2 (30/1000) 
2026-06-01 04:41:21,202 [INFO]    🟢 KEY_3 (30/1000) 
2026-06-01 04:41:21,202 [INFO]    🟢 KEY_4 (30/1000) 
