2026-08-06 00:24:46,664 [INFO] 등록된 키: 4개, 합산 한도 4,000건/일
2026-08-06 00:24:46,664 [INFO] POI 로드: 매뉴얼 v8.5 기준 fallback 121개 (121개 전체)
2026-08-06 00:24:46,665 [INFO] === 수집 시작 2026-08-06T00:24:46.665048+09:00 ===
2026-08-06 00:24:46,665 [INFO] 대상 장소: 121개 | API: citydata (통합)
2026-08-06 00:24:46,665 [INFO] 키 풀: 4/4 활성 | 오늘 사용 0/4000건
2026-08-06 00:24:46,665 [INFO]   [KEY_1] 담당 31장소
2026-08-06 00:24:46,665 [INFO]   [KEY_2] 담당 30장소
2026-08-06 00:24:46,665 [INFO]   [KEY_3] 담당 30장소
2026-08-06 00:24:46,665 [INFO]   [KEY_4] 담당 30장소
2026-08-06 00:24:46,665 [INFO] [1/121] 경복궁 (primary=KEY_1)
2026-08-06 00:24:49,133 [INFO] [2/121] 광화문·덕수궁 (primary=KEY_2)
2026-08-06 00:24:51,674 [INFO] [3/121] 보신각 (primary=KEY_3)
2026-08-06 00:24:53,786 [INFO] [4/121] 서울 암사동 유적 (primary=KEY_4)
2026-08-06 00:24:55,888 [INFO] [5/121] 창덕궁·종묘 (primary=KEY_1)
2026-08-06 00:24:58,180 [INFO] [6/121] 강남 MICE 관광특구 (primary=KEY_2)
2026-08-06 00:25:00,302 [INFO] [7/121] 동대문 관광특구 (primary=KEY_3)
2026-08-06 00:25:03,036 [INFO] [8/121] 명동 관광특구 (primary=KEY_4)
2026-08-06 00:25:05,816 [INFO] [9/121] 이태원 관광특구 (primary=KEY_1)
2026-08-06 00:25:07,436 [INFO] [10/121] 잠실 관광특구 (primary=KEY_2)
2026-08-06 00:25:09,205 [INFO] [11/121] 종로·청계 관광특구 (primary=KEY_3)
2026-08-06 00:25:10,769 [INFO] [12/121] 홍대 관광특구 (primary=KEY_4)
2026-08-06 00:25:13,084 [INFO] [13/121] 강서한강공원 (primary=KEY_1)
2026-08-06 00:25:14,211 [INFO] [14/121] 고척돔 (primary=KEY_2)
2026-08-06 00:25:16,537 [INFO] [15/121] 광나루한강공원 (primary=KEY_3)
2026-08-06 00:25:17,864 [INFO] [16/121] 광화문광장 (primary=KEY_4)
2026-08-06 00:25:19,200 [INFO] [17/121] 국립중앙박물관·용산가족공원 (primary=KEY_1)
2026-08-06 00:25:20,344 [INFO] [18/121] 난지한강공원 (primary=KEY_2)
2026-08-06 00:25:21,475 [INFO] [19/121] 남산공원 (primary=KEY_3)
2026-08-06 00:25:23,783 [INFO] [20/121] 노들섬 (primary=KEY_4)
2026-08-06 00:25:25,668 [INFO] [21/121] 뚝섬한강공원 (primary=KEY_1)
2026-08-06 00:25:27,944 [INFO] [22/121] 망원한강공원 (primary=KEY_2)
2026-08-06 00:25:29,291 [INFO] [23/121] 반포한강공원 (primary=KEY_3)
2026-08-06 00:25:30,418 [INFO] [24/121] 보라매공원 (primary=KEY_4)
2026-08-06 00:25:31,563 [INFO] [25/121] 북서울꿈의숲 (primary=KEY_1)
2026-08-06 00:25:33,668 [INFO] [26/121] 서대문독립공원 (primary=KEY_2)
2026-08-06 00:25:35,571 [INFO] [27/121] 서리풀공원·몽마르뜨공원 (primary=KEY_3)
2026-08-06 00:25:36,921 [INFO] [28/121] 서울대공원 (primary=KEY_4)
2026-08-06 00:25:38,816 [INFO] [29/121] 서울숲공원 (primary=KEY_1)
2026-08-06 00:25:40,151 [INFO] [30/121] 송현녹지광장 (primary=KEY_2)
2026-08-06 00:25:41,487 [INFO] [31/121] 아차산 (primary=KEY_3)
2026-08-06 00:25:42,616 [INFO] [32/121] 안양천 (primary=KEY_4)
2026-08-06 00:25:43,746 [INFO] [33/121] 양화한강공원 (primary=KEY_1)
2026-08-06 00:25:45,644 [INFO] [34/121] 어린이대공원 (primary=KEY_2)
2026-08-06 00:25:46,983 [INFO] [35/121] 여의도한강공원 (primary=KEY_3)
2026-08-06 00:25:49,266 [INFO] [36/121] 여의서로 (primary=KEY_4)
2026-08-06 00:25:51,164 [INFO] [37/121] 올림픽공원 (primary=KEY_1)
2026-08-06 00:25:53,822 [INFO] [38/121] 월드컵공원 (primary=KEY_2)
2026-08-06 00:25:56,321 [INFO] [39/121] 응봉산 (primary=KEY_3)
2026-08-06 00:25:57,653 [INFO] [40/121] 이촌한강공원 (primary=KEY_4)
2026-08-06 00:25:58,781 [INFO] [41/121] 잠실종합운동장 (primary=KEY_1)
2026-08-06 00:26:01,052 [INFO] [42/121] 잠실한강공원 (primary=KEY_2)
2026-08-06 00:26:02,201 [INFO] [43/121] 잠원한강공원 (primary=KEY_3)
2026-08-06 00:26:03,937 [INFO] [44/121] 청계산 (primary=KEY_4)
2026-08-06 00:26:05,066 [INFO] [45/121] 홍제폭포 (primary=KEY_1)
2026-08-06 00:26:06,190 [INFO] [46/121] 가락시장 (primary=KEY_2)
2026-08-06 00:26:08,293 [INFO] [47/121] 가로수길 (primary=KEY_3)
2026-08-06 00:26:09,647 [INFO] [48/121] 광장(전통)시장 (primary=KEY_4)
2026-08-06 00:26:10,794 [INFO] [49/121] 김포공항 (primary=KEY_1)
2026-08-06 00:26:12,323 [INFO] [50/121] 남대문시장 (primary=KEY_2)
2026-08-06 00:26:13,665 [INFO] [51/121] 노량진 (primary=KEY_3)
2026-08-06 00:26:16,125 [INFO] [52/121] 덕수궁길·정동길 (primary=KEY_4)
2026-08-06 00:26:18,234 [INFO] [53/121] 북창동 먹자골목 (primary=KEY_1)
2026-08-06 00:26:20,324 [INFO] [54/121] 북촌한옥마을 (primary=KEY_2)
2026-08-06 00:26:22,621 [INFO] [55/121] 서촌 (primary=KEY_3)
2026-08-06 00:26:24,729 [INFO] [56/121] 성수카페거리 (primary=KEY_4)
2026-08-06 00:26:27,018 [INFO] [57/121] 송리단길·호수단길 (primary=KEY_1)
2026-08-06 00:26:29,130 [INFO] [58/121] 신촌 스타광장 (primary=KEY_2)
2026-08-06 00:26:31,040 [INFO] [59/121] 압구정로데오거리 (primary=KEY_3)
2026-08-06 00:26:32,559 [INFO] [60/121] 여의도 (primary=KEY_4)
2026-08-06 00:26:35,527 [INFO] [61/121] 연남동 (primary=KEY_1)
2026-08-06 00:26:37,626 [INFO] [62/121] 영등포 타임스퀘어 (primary=KEY_2)
2026-08-06 00:26:38,960 [INFO] [63/121] 용리단길 (primary=KEY_3)
2026-08-06 00:26:41,428 [INFO] [64/121] 이태원 앤틱가구거리 (primary=KEY_4)
2026-08-06 00:26:42,769 [INFO] [65/121] 익선동 (primary=KEY_1)
2026-08-06 00:26:44,873 [INFO] [66/121] 인사동 (primary=KEY_2)
2026-08-06 00:26:46,984 [INFO] [67/121] 잠실롯데타워·석촌호수 (primary=KEY_3)
2026-08-06 00:26:48,720 [INFO] [68/121] 창동 신경제 중심지 (primary=KEY_4)
2026-08-06 00:26:50,463 [INFO] [69/121] 청담동 명품거리 (primary=KEY_1)
2026-08-06 00:26:52,393 [INFO] [70/121] 청량리 제기동 일대 전통시장 (primary=KEY_2)
2026-08-06 00:26:54,675 [INFO] [71/121] 해방촌·경리단길 (primary=KEY_3)
2026-08-06 00:26:55,862 [INFO] [72/121] DDP(동대문디자인플라자) (primary=KEY_4)
2026-08-06 00:26:57,214 [INFO] [73/121] DMC(디지털미디어시티) (primary=KEY_1)
2026-08-06 00:26:59,019 [INFO] [74/121] 가산디지털단지역 (primary=KEY_2)
2026-08-06 00:27:00,938 [INFO] [75/121] 강남역 (primary=KEY_3)
2026-08-06 00:27:02,502 [INFO] [76/121] 건대입구역 (primary=KEY_4)
2026-08-06 00:27:03,854 [INFO] [77/121] 고덕역 (primary=KEY_1)
2026-08-06 00:27:06,059 [INFO] [78/121] 고속터미널역 (primary=KEY_2)
2026-08-06 00:27:08,210 [INFO] [79/121] 교대역 (primary=KEY_3)
2026-08-06 00:27:09,547 [INFO] [80/121] 구로디지털단지역 (primary=KEY_4)
2026-08-06 00:27:11,274 [INFO] [81/121] 구로역 (primary=KEY_1)
2026-08-06 00:27:12,598 [INFO] [82/121] 군자역 (primary=KEY_2)
2026-08-06 00:27:14,543 [INFO] [83/121] 대림역 (primary=KEY_3)
2026-08-06 00:27:16,832 [INFO] [84/121] 동대문역 (primary=KEY_4)
2026-08-06 00:27:18,178 [INFO] [85/121] 뚝섬역 (primary=KEY_1)
2026-08-06 00:27:19,548 [INFO] [86/121] 미아사거리역 (primary=KEY_2)
2026-08-06 00:27:21,665 [INFO] [87/121] 발산역 (primary=KEY_3)
2026-08-06 00:27:23,403 [INFO] [88/121] 사당역 (primary=KEY_4)
2026-08-06 00:27:24,736 [INFO] [89/121] 삼각지역 (primary=KEY_1)
2026-08-06 00:27:26,081 [INFO] [90/121] 서울대입구역 (primary=KEY_2)
2026-08-06 00:27:27,415 [INFO] [91/121] 서울식물원·마곡나루역 (primary=KEY_3)
2026-08-06 00:27:29,736 [INFO] [92/121] 서울역 (primary=KEY_4)
2026-08-06 00:27:31,355 [INFO] [93/121] 선릉역 (primary=KEY_1)
2026-08-06 00:27:33,103 [INFO] [94/121] 성신여대입구역 (primary=KEY_2)
2026-08-06 00:27:34,272 [INFO] [95/121] 수유역 (primary=KEY_3)
2026-08-06 00:27:35,623 [INFO] [96/121] 숭례문 (primary=KEY_4)
2026-08-06 00:27:37,188 [INFO] [97/121] 시의회 앞 (primary=KEY_1)
2026-08-06 00:27:38,547 [INFO] [98/121] 신논현역·논현역 (primary=KEY_2)
2026-08-06 00:27:39,910 [INFO] [99/121] 신도림역 (primary=KEY_3)
2026-08-06 00:27:41,070 [INFO] [100/121] 신림역 (primary=KEY_4)
2026-08-06 00:27:42,421 [INFO] [101/121] 신정네거리역 (primary=KEY_1)
2026-08-06 00:27:43,768 [INFO] [102/121] 신촌·이대역 (primary=KEY_2)
2026-08-06 00:27:45,142 [INFO] [103/121] 쌍문역 (primary=KEY_3)
2026-08-06 00:27:46,484 [INFO] [104/121] 양재역 (primary=KEY_4)
2026-08-06 00:27:48,016 [INFO] [105/121] 역삼역 (primary=KEY_1)
2026-08-06 00:27:49,552 [INFO] [106/121] 연신내역 (primary=KEY_2)
2026-08-06 00:27:50,739 [INFO] [107/121] 오목교역·목동운동장 (primary=KEY_3)
2026-08-06 00:27:52,720 [INFO] [108/121] 왕십리역 (primary=KEY_4)
2026-08-06 00:27:54,282 [INFO] [109/121] 용산역 (primary=KEY_1)
2026-08-06 00:27:55,825 [INFO] [110/121] 이태원역 (primary=KEY_2)
2026-08-06 00:27:56,987 [INFO] [111/121] 잠실새내역 (primary=KEY_3)
2026-08-06 00:27:59,166 [INFO] [112/121] 잠실역 (primary=KEY_4)
2026-08-06 00:28:00,751 [INFO] [113/121] 장지역 (primary=KEY_1)
2026-08-06 00:28:02,286 [INFO] [114/121] 장한평역 (primary=KEY_2)
2026-08-06 00:28:03,633 [INFO] [115/121] 천호역 (primary=KEY_3)
2026-08-06 00:28:05,000 [INFO] [116/121] 총신대입구(이수)역 (primary=KEY_4)
2026-08-06 00:28:06,360 [INFO] [117/121] 충정로역 (primary=KEY_1)
2026-08-06 00:28:07,741 [INFO] [118/121] 합정역 (primary=KEY_2)
2026-08-06 00:28:09,868 [INFO] [119/121] 혜화역 (primary=KEY_3)
2026-08-06 00:28:11,215 [INFO] [120/121] 홍대입구역(2호선) (primary=KEY_4)
2026-08-06 00:28:12,573 [INFO] [121/121] 회기역 (primary=KEY_1)
2026-08-06 00:28:14,439 [INFO] === 수집 완료 | 성공 121, 실패 0 ===
2026-08-06 00:28:14,439 [INFO] 카테고리별 저장 결과:
2026-08-06 00:28:14,439 [INFO]    accident                  | 신규     6행 | 누적      6행 | 16컬럼
2026-08-06 00:28:14,439 [INFO]    accident_acdnt_cntrl_stts | 신규     2행 | 누적      2행 | 16컬럼
2026-08-06 00:28:14,439 [INFO]    area_meta                 | 신규   121행 | 누적    121행 | 5컬럼
2026-08-06 00:28:14,439 [INFO]    bike                      | 신규    11행 | 누적     11행 | 12컬럼
2026-08-06 00:28:14,439 [INFO]    bike_sbike_stts           | 신규   573행 | 누적    573행 | 12컬럼
2026-08-06 00:28:14,439 [INFO]    bus                       | 신규     3행 | 누적      3행 | 11컬럼
2026-08-06 00:28:14,439 [INFO]    bus_bus_stn_stts          | 신규  1745행 | 누적   1745행 | 11컬럼
2026-08-06 00:28:14,439 [INFO]    charger                   | 신규     4행 | 누적      4행 | 15컬럼
2026-08-06 00:28:14,439 [INFO]    charger_charger_stts      | 신규  1928행 | 누적   1928행 | 15컬럼
2026-08-06 00:28:14,439 [INFO]    cmrcl                     | 신규    82행 | 누적     82행 | 20컬럼
2026-08-06 00:28:14,439 [INFO]    events                    | 신규    16행 | 누적     16행 | 14컬럼
2026-08-06 00:28:14,440 [INFO]    events_event_stts         | 신규   136행 | 누적    136행 | 14컬럼
2026-08-06 00:28:14,440 [INFO]    parking                   | 신규     6행 | 누적      6행 | 21컬럼
2026-08-06 00:28:14,440 [INFO]    parking_prk_stts          | 신규  1834행 | 누적   1834행 | 21컬럼
2026-08-06 00:28:14,440 [INFO]    ppltn                     | 신규   121행 | 누적    121행 | 26컬럼
2026-08-06 00:28:14,440 [INFO]    road                      | 신규   121행 | 누적    121행 | 21컬럼
2026-08-06 00:28:14,440 [INFO]    road_road_traffic_stts    | 신규  5283행 | 누적   5283행 | 17컬럼
2026-08-06 00:28:14,440 [INFO]    subway                    | 신규    38행 | 누적     38행 | 12컬럼
2026-08-06 00:28:14,440 [INFO]    subway_sub_stts           | 신규   183행 | 누적    183행 | 13컬럼
2026-08-06 00:28:14,440 [INFO]    weather                   | 신규   119행 | 누적    119행 | 29컬럼
2026-08-06 00:28:14,440 [INFO] 키별 사용량:
2026-08-06 00:28:14,440 [INFO]    🟢 KEY_1 (31/1000) 
2026-08-06 00:28:14,440 [INFO]    🟢 KEY_2 (30/1000) 
2026-08-06 00:28:14,440 [INFO]    🟢 KEY_3 (30/1000) 
2026-08-06 00:28:14,440 [INFO]    🟢 KEY_4 (30/1000) 
2026-08-06 02:51:47,035 [INFO] 등록된 키: 4개, 합산 한도 4,000건/일
2026-08-06 02:51:47,035 [INFO] POI 로드: 매뉴얼 v8.5 기준 fallback 121개 (121개 전체)
2026-08-06 02:51:47,036 [INFO] === 수집 시작 2026-08-06T02:51:47.036050+09:00 ===
2026-08-06 02:51:47,036 [INFO] 대상 장소: 121개 | API: citydata (통합)
2026-08-06 02:51:47,036 [INFO] 키 풀: 4/4 활성 | 오늘 사용 0/4000건
2026-08-06 02:51:47,036 [INFO]   [KEY_1] 담당 31장소
2026-08-06 02:51:47,036 [INFO]   [KEY_2] 담당 30장소
2026-08-06 02:51:47,036 [INFO]   [KEY_3] 담당 30장소
2026-08-06 02:51:47,036 [INFO]   [KEY_4] 담당 30장소
2026-08-06 02:51:47,036 [INFO] [1/121] 경복궁 (primary=KEY_1)
2026-08-06 02:51:48,707 [INFO] [2/121] 광화문·덕수궁 (primary=KEY_2)
2026-08-06 02:51:50,284 [INFO] [3/121] 보신각 (primary=KEY_3)
2026-08-06 02:51:51,557 [INFO] [4/121] 서울 암사동 유적 (primary=KEY_4)
2026-08-06 02:51:52,671 [INFO] [5/121] 창덕궁·종묘 (primary=KEY_1)
2026-08-06 02:51:54,332 [INFO] [6/121] 강남 MICE 관광특구 (primary=KEY_2)
2026-08-06 02:51:56,142 [INFO] [7/121] 동대문 관광특구 (primary=KEY_3)
2026-08-06 02:51:58,246 [INFO] [8/121] 명동 관광특구 (primary=KEY_4)
2026-08-06 02:51:59,838 [INFO] [9/121] 이태원 관광특구 (primary=KEY_1)
2026-08-06 02:52:00,972 [INFO] [10/121] 잠실 관광특구 (primary=KEY_2)
2026-08-06 02:52:03,223 [INFO] [11/121] 종로·청계 관광특구 (primary=KEY_3)
2026-08-06 02:52:05,203 [INFO] [12/121] 홍대 관광특구 (primary=KEY_4)
2026-08-06 02:52:06,527 [INFO] [13/121] 강서한강공원 (primary=KEY_1)
2026-08-06 02:52:07,489 [INFO] [14/121] 고척돔 (primary=KEY_2)
2026-08-06 02:52:08,457 [INFO] [15/121] 광나루한강공원 (primary=KEY_3)
2026-08-06 02:52:09,688 [INFO] [16/121] 광화문광장 (primary=KEY_4)
2026-08-06 02:52:10,807 [INFO] [17/121] 국립중앙박물관·용산가족공원 (primary=KEY_1)
2026-08-06 02:52:11,916 [INFO] [18/121] 난지한강공원 (primary=KEY_2)
2026-08-06 02:52:12,891 [INFO] [19/121] 남산공원 (primary=KEY_3)
2026-08-06 02:52:14,166 [INFO] [20/121] 노들섬 (primary=KEY_4)
2026-08-06 02:52:15,126 [INFO] [21/121] 뚝섬한강공원 (primary=KEY_1)
2026-08-06 02:52:16,109 [INFO] [22/121] 망원한강공원 (primary=KEY_2)
2026-08-06 02:52:17,222 [INFO] [23/121] 반포한강공원 (primary=KEY_3)
2026-08-06 02:52:18,194 [INFO] [24/121] 보라매공원 (primary=KEY_4)
2026-08-06 02:52:19,201 [INFO] [25/121] 북서울꿈의숲 (primary=KEY_1)
2026-08-06 02:52:20,335 [INFO] [26/121] 서대문독립공원 (primary=KEY_2)
2026-08-06 02:52:21,467 [INFO] [27/121] 서리풀공원·몽마르뜨공원 (primary=KEY_3)
2026-08-06 02:52:22,478 [INFO] [28/121] 서울대공원 (primary=KEY_4)
2026-08-06 02:52:23,434 [INFO] [29/121] 서울숲공원 (primary=KEY_1)
2026-08-06 02:52:24,567 [INFO] [30/121] 송현녹지광장 (primary=KEY_2)
2026-08-06 02:52:25,700 [INFO] [31/121] 아차산 (primary=KEY_3)
2026-08-06 02:52:26,680 [INFO] [32/121] 안양천 (primary=KEY_4)
2026-08-06 02:52:27,660 [INFO] [33/121] 양화한강공원 (primary=KEY_1)
2026-08-06 02:52:29,459 [INFO] [34/121] 어린이대공원 (primary=KEY_2)
2026-08-06 02:52:30,584 [INFO] [35/121] 여의도한강공원 (primary=KEY_3)
2026-08-06 02:52:31,713 [INFO] [36/121] 여의서로 (primary=KEY_4)
2026-08-06 02:52:32,811 [INFO] [37/121] 올림픽공원 (primary=KEY_1)
2026-08-06 02:52:33,956 [INFO] [38/121] 월드컵공원 (primary=KEY_2)
2026-08-06 02:52:35,360 [INFO] [39/121] 응봉산 (primary=KEY_3)
2026-08-06 02:52:37,021 [INFO] [40/121] 이촌한강공원 (primary=KEY_4)
2026-08-06 02:52:38,530 [INFO] [41/121] 잠실종합운동장 (primary=KEY_1)
2026-08-06 02:52:40,334 [INFO] [42/121] 잠실한강공원 (primary=KEY_2)
2026-08-06 02:52:41,338 [INFO] [43/121] 잠원한강공원 (primary=KEY_3)
2026-08-06 02:52:43,110 [INFO] [44/121] 청계산 (primary=KEY_4)
2026-08-06 02:52:44,075 [INFO] [45/121] 홍제폭포 (primary=KEY_1)
2026-08-06 02:52:45,580 [INFO] [46/121] 가락시장 (primary=KEY_2)
2026-08-06 02:52:46,716 [INFO] [47/121] 가로수길 (primary=KEY_3)
2026-08-06 02:52:48,529 [INFO] [48/121] 광장(전통)시장 (primary=KEY_4)
2026-08-06 02:52:50,311 [INFO] [49/121] 김포공항 (primary=KEY_1)
2026-08-06 02:52:51,731 [INFO] [50/121] 남대문시장 (primary=KEY_2)
2026-08-06 02:52:52,926 [INFO] [51/121] 노량진 (primary=KEY_3)
2026-08-06 02:52:54,852 [INFO] [52/121] 덕수궁길·정동길 (primary=KEY_4)
2026-08-06 02:52:56,001 [INFO] [53/121] 북창동 먹자골목 (primary=KEY_1)
2026-08-06 02:52:57,260 [INFO] [54/121] 북촌한옥마을 (primary=KEY_2)
2026-08-06 02:52:58,519 [INFO] [55/121] 서촌 (primary=KEY_3)
2026-08-06 02:53:00,187 [INFO] [56/121] 성수카페거리 (primary=KEY_4)
2026-08-06 02:53:02,017 [INFO] [57/121] 송리단길·호수단길 (primary=KEY_1)
2026-08-06 02:53:03,289 [INFO] [58/121] 신촌 스타광장 (primary=KEY_2)
2026-08-06 02:53:04,297 [INFO] [59/121] 압구정로데오거리 (primary=KEY_3)
2026-08-06 02:53:05,424 [INFO] [60/121] 여의도 (primary=KEY_4)
2026-08-06 02:53:07,205 [INFO] [61/121] 연남동 (primary=KEY_1)
2026-08-06 02:53:08,322 [INFO] [62/121] 영등포 타임스퀘어 (primary=KEY_2)
2026-08-06 02:53:09,445 [INFO] [63/121] 용리단길 (primary=KEY_3)
2026-08-06 02:53:10,444 [INFO] [64/121] 이태원 앤틱가구거리 (primary=KEY_4)
2026-08-06 02:53:11,433 [INFO] [65/121] 익선동 (primary=KEY_1)
2026-08-06 02:53:12,563 [INFO] [66/121] 인사동 (primary=KEY_2)
2026-08-06 02:53:13,830 [INFO] [67/121] 잠실롯데타워·석촌호수 (primary=KEY_3)
2026-08-06 02:53:15,239 [INFO] [68/121] 창동 신경제 중심지 (primary=KEY_4)
2026-08-06 02:53:16,646 [INFO] [69/121] 청담동 명품거리 (primary=KEY_1)
2026-08-06 02:53:17,778 [INFO] [70/121] 청량리 제기동 일대 전통시장 (primary=KEY_2)
2026-08-06 02:53:18,911 [INFO] [71/121] 해방촌·경리단길 (primary=KEY_3)
2026-08-06 02:53:19,918 [INFO] [72/121] DDP(동대문디자인플라자) (primary=KEY_4)
2026-08-06 02:53:21,067 [INFO] [73/121] DMC(디지털미디어시티) (primary=KEY_1)
2026-08-06 02:53:22,494 [INFO] [74/121] 가산디지털단지역 (primary=KEY_2)
2026-08-06 02:53:24,036 [INFO] [75/121] 강남역 (primary=KEY_3)
2026-08-06 02:53:25,324 [INFO] [76/121] 건대입구역 (primary=KEY_4)
2026-08-06 02:53:26,466 [INFO] [77/121] 고덕역 (primary=KEY_1)
2026-08-06 02:53:27,589 [INFO] [78/121] 고속터미널역 (primary=KEY_2)
2026-08-06 02:53:28,714 [INFO] [79/121] 교대역 (primary=KEY_3)
2026-08-06 02:53:29,712 [INFO] [80/121] 구로디지털단지역 (primary=KEY_4)
2026-08-06 02:53:31,114 [INFO] [81/121] 구로역 (primary=KEY_1)
2026-08-06 02:53:32,223 [INFO] [82/121] 군자역 (primary=KEY_2)
2026-08-06 02:53:33,228 [INFO] [83/121] 대림역 (primary=KEY_3)
2026-08-06 02:53:34,369 [INFO] [84/121] 동대문역 (primary=KEY_4)
2026-08-06 02:53:35,501 [INFO] [85/121] 뚝섬역 (primary=KEY_1)
2026-08-06 02:53:36,632 [INFO] [86/121] 미아사거리역 (primary=KEY_2)
2026-08-06 02:53:37,760 [INFO] [87/121] 발산역 (primary=KEY_3)
2026-08-06 02:53:39,160 [INFO] [88/121] 사당역 (primary=KEY_4)
2026-08-06 02:53:40,311 [INFO] [89/121] 삼각지역 (primary=KEY_1)
2026-08-06 02:53:41,309 [INFO] [90/121] 서울대입구역 (primary=KEY_2)
2026-08-06 02:53:42,443 [INFO] [91/121] 서울식물원·마곡나루역 (primary=KEY_3)
2026-08-06 02:53:43,701 [INFO] [92/121] 서울역 (primary=KEY_4)
2026-08-06 02:53:44,882 [INFO] [93/121] 선릉역 (primary=KEY_1)
2026-08-06 02:53:46,342 [INFO] [94/121] 성신여대입구역 (primary=KEY_2)
2026-08-06 02:53:47,358 [INFO] [95/121] 수유역 (primary=KEY_3)
2026-08-06 02:53:49,032 [INFO] [96/121] 숭례문 (primary=KEY_4)
2026-08-06 02:53:50,297 [INFO] [97/121] 시의회 앞 (primary=KEY_1)
2026-08-06 02:53:51,459 [INFO] [98/121] 신논현역·논현역 (primary=KEY_2)
2026-08-06 02:53:52,611 [INFO] [99/121] 신도림역 (primary=KEY_3)
2026-08-06 02:53:53,615 [INFO] [100/121] 신림역 (primary=KEY_4)
2026-08-06 02:53:54,637 [INFO] [101/121] 신정네거리역 (primary=KEY_1)
2026-08-06 02:53:55,775 [INFO] [102/121] 신촌·이대역 (primary=KEY_2)
2026-08-06 02:53:56,904 [INFO] [103/121] 쌍문역 (primary=KEY_3)
2026-08-06 02:53:58,033 [INFO] [104/121] 양재역 (primary=KEY_4)
2026-08-06 02:53:59,175 [INFO] [105/121] 역삼역 (primary=KEY_1)
2026-08-06 02:54:00,457 [INFO] [106/121] 연신내역 (primary=KEY_2)
2026-08-06 02:54:01,478 [INFO] [107/121] 오목교역·목동운동장 (primary=KEY_3)
2026-08-06 02:54:03,051 [INFO] [108/121] 왕십리역 (primary=KEY_4)
2026-08-06 02:54:04,202 [INFO] [109/121] 용산역 (primary=KEY_1)
2026-08-06 02:54:05,466 [INFO] [110/121] 이태원역 (primary=KEY_2)
2026-08-06 02:54:06,451 [INFO] [111/121] 잠실새내역 (primary=KEY_3)
2026-08-06 02:54:07,627 [INFO] [112/121] 잠실역 (primary=KEY_4)
2026-08-06 02:54:08,914 [INFO] [113/121] 장지역 (primary=KEY_1)
2026-08-06 02:54:10,198 [INFO] [114/121] 장한평역 (primary=KEY_2)
2026-08-06 02:54:11,329 [INFO] [115/121] 천호역 (primary=KEY_3)
2026-08-06 02:54:12,481 [INFO] [116/121] 총신대입구(이수)역 (primary=KEY_4)
2026-08-06 02:54:13,610 [INFO] [117/121] 충정로역 (primary=KEY_1)
2026-08-06 02:54:14,738 [INFO] [118/121] 합정역 (primary=KEY_2)
2026-08-06 02:54:15,875 [INFO] [119/121] 혜화역 (primary=KEY_3)
2026-08-06 02:54:17,009 [INFO] [120/121] 홍대입구역(2호선) (primary=KEY_4)
2026-08-06 02:54:18,144 [INFO] [121/121] 회기역 (primary=KEY_1)
2026-08-06 02:54:20,060 [INFO] === 수집 완료 | 성공 121, 실패 0 ===
2026-08-06 02:54:20,061 [INFO] 카테고리별 저장 결과:
2026-08-06 02:54:20,061 [INFO]    accident                  | 신규     6행 | 누적     12행 | 16컬럼
2026-08-06 02:54:20,061 [INFO]    accident_acdnt_cntrl_stts | 신규     2행 | 누적      4행 | 16컬럼
2026-08-06 02:54:20,061 [INFO]    area_meta                 | 신규   121행 | 누적    242행 | 5컬럼
2026-08-06 02:54:20,061 [INFO]    bike                      | 신규    11행 | 누적     22행 | 12컬럼
2026-08-06 02:54:20,061 [INFO]    bike_sbike_stts           | 신규   573행 | 누적   1146행 | 12컬럼
2026-08-06 02:54:20,061 [INFO]    bus                       | 신규     3행 | 누적      6행 | 11컬럼
2026-08-06 02:54:20,061 [INFO]    bus_bus_stn_stts          | 신규  1745행 | 누적   3490행 | 11컬럼
2026-08-06 02:54:20,061 [INFO]    charger                   | 신규     4행 | 누적      8행 | 15컬럼
2026-08-06 02:54:20,061 [INFO]    charger_charger_stts      | 신규  1928행 | 누적   3830행 | 15컬럼
2026-08-06 02:54:20,061 [INFO]    cmrcl                     | 신규    82행 | 누적    164행 | 20컬럼
2026-08-06 02:54:20,061 [INFO]    events                    | 신규    16행 | 누적     32행 | 14컬럼
2026-08-06 02:54:20,061 [INFO]    events_event_stts         | 신규   136행 | 누적    272행 | 14컬럼
2026-08-06 02:54:20,061 [INFO]    parking                   | 신규     6행 | 누적     12행 | 21컬럼
2026-08-06 02:54:20,061 [INFO]    parking_prk_stts          | 신규  1834행 | 누적   3668행 | 21컬럼
2026-08-06 02:54:20,061 [INFO]    ppltn                     | 신규   121행 | 누적    242행 | 26컬럼
2026-08-06 02:54:20,061 [INFO]    road                      | 신규   121행 | 누적    242행 | 21컬럼
2026-08-06 02:54:20,061 [INFO]    road_road_traffic_stts    | 신규  5283행 | 누적  10566행 | 17컬럼
2026-08-06 02:54:20,062 [INFO]    subway                    | 신규    38행 | 누적     76행 | 12컬럼
2026-08-06 02:54:20,062 [INFO]    subway_sub_stts           | 신규   183행 | 누적    366행 | 13컬럼
2026-08-06 02:54:20,062 [INFO]    weather                   | 신규   119행 | 누적    238행 | 29컬럼
2026-08-06 02:54:20,062 [INFO] 키별 사용량:
2026-08-06 02:54:20,062 [INFO]    🟢 KEY_1 (31/1000) 
2026-08-06 02:54:20,062 [INFO]    🟢 KEY_2 (30/1000) 
2026-08-06 02:54:20,062 [INFO]    🟢 KEY_3 (30/1000) 
2026-08-06 02:54:20,062 [INFO]    🟢 KEY_4 (30/1000) 
2026-08-06 04:50:15,955 [INFO] 등록된 키: 4개, 합산 한도 4,000건/일
2026-08-06 04:50:15,955 [INFO] POI 로드: 매뉴얼 v8.5 기준 fallback 121개 (121개 전체)
2026-08-06 04:50:15,955 [INFO] === 수집 시작 2026-08-06T04:50:15.955927+09:00 ===
2026-08-06 04:50:15,956 [INFO] 대상 장소: 121개 | API: citydata (통합)
2026-08-06 04:50:15,956 [INFO] 키 풀: 4/4 활성 | 오늘 사용 0/4000건
2026-08-06 04:50:15,956 [INFO]   [KEY_1] 담당 31장소
2026-08-06 04:50:15,956 [INFO]   [KEY_2] 담당 30장소
2026-08-06 04:50:15,956 [INFO]   [KEY_3] 담당 30장소
2026-08-06 04:50:15,956 [INFO]   [KEY_4] 담당 30장소
2026-08-06 04:50:15,956 [INFO] [1/121] 경복궁 (primary=KEY_1)
2026-08-06 04:50:17,716 [INFO] [2/121] 광화문·덕수궁 (primary=KEY_2)
2026-08-06 04:50:20,072 [INFO] [3/121] 보신각 (primary=KEY_3)
2026-08-06 04:50:22,106 [INFO] [4/121] 서울 암사동 유적 (primary=KEY_4)
2026-08-06 04:50:23,728 [INFO] [5/121] 창덕궁·종묘 (primary=KEY_1)
2026-08-06 04:50:25,591 [INFO] [6/121] 강남 MICE 관광특구 (primary=KEY_2)
2026-08-06 04:50:27,416 [INFO] [7/121] 동대문 관광특구 (primary=KEY_3)
2026-08-06 04:50:29,520 [INFO] [8/121] 명동 관광특구 (primary=KEY_4)
2026-08-06 04:50:31,719 [INFO] [9/121] 이태원 관광특구 (primary=KEY_1)
2026-08-06 04:50:33,620 [INFO] [10/121] 잠실 관광특구 (primary=KEY_2)
2026-08-06 04:50:35,897 [INFO] [11/121] 종로·청계 관광특구 (primary=KEY_3)
2026-08-06 04:50:37,333 [INFO] [12/121] 홍대 관광특구 (primary=KEY_4)
2026-08-06 04:50:38,932 [INFO] [13/121] 강서한강공원 (primary=KEY_1)
2026-08-06 04:50:40,778 [INFO] [14/121] 고척돔 (primary=KEY_2)
2026-08-06 04:50:42,497 [INFO] [15/121] 광나루한강공원 (primary=KEY_3)
2026-08-06 04:50:44,347 [INFO] [16/121] 광화문광장 (primary=KEY_4)
2026-08-06 04:50:45,570 [INFO] [17/121] 국립중앙박물관·용산가족공원 (primary=KEY_1)
2026-08-06 04:50:47,203 [INFO] [18/121] 난지한강공원 (primary=KEY_2)
2026-08-06 04:50:48,893 [INFO] [19/121] 남산공원 (primary=KEY_3)
2026-08-06 04:50:50,958 [INFO] [20/121] 노들섬 (primary=KEY_4)
2026-08-06 04:50:51,998 [INFO] [21/121] 뚝섬한강공원 (primary=KEY_1)
2026-08-06 04:50:53,706 [INFO] [22/121] 망원한강공원 (primary=KEY_2)
2026-08-06 04:50:55,908 [INFO] [23/121] 반포한강공원 (primary=KEY_3)
2026-08-06 04:50:56,950 [INFO] [24/121] 보라매공원 (primary=KEY_4)
2026-08-06 04:50:58,015 [INFO] [25/121] 북서울꿈의숲 (primary=KEY_1)
2026-08-06 04:50:59,916 [INFO] [26/121] 서대문독립공원 (primary=KEY_2)
2026-08-06 04:51:00,971 [INFO] [27/121] 서리풀공원·몽마르뜨공원 (primary=KEY_3)
2026-08-06 04:51:03,372 [INFO] [28/121] 서울대공원 (primary=KEY_4)
2026-08-06 04:51:05,059 [INFO] [29/121] 서울숲공원 (primary=KEY_1)
2026-08-06 04:51:06,275 [INFO] [30/121] 송현녹지광장 (primary=KEY_2)
2026-08-06 04:51:07,541 [INFO] [31/121] 아차산 (primary=KEY_3)
2026-08-06 04:51:08,580 [INFO] [32/121] 안양천 (primary=KEY_4)
2026-08-06 04:51:10,268 [INFO] [33/121] 양화한강공원 (primary=KEY_1)
2026-08-06 04:51:11,313 [INFO] [34/121] 어린이대공원 (primary=KEY_2)
2026-08-06 04:51:13,176 [INFO] [35/121] 여의도한강공원 (primary=KEY_3)
2026-08-06 04:51:14,386 [INFO] [36/121] 여의서로 (primary=KEY_4)
2026-08-06 04:51:15,583 [INFO] [37/121] 올림픽공원 (primary=KEY_1)
2026-08-06 04:51:16,812 [INFO] [38/121] 월드컵공원 (primary=KEY_2)
2026-08-06 04:51:19,077 [INFO] [39/121] 응봉산 (primary=KEY_3)
2026-08-06 04:51:21,108 [INFO] [40/121] 이촌한강공원 (primary=KEY_4)
2026-08-06 04:51:22,158 [INFO] [41/121] 잠실종합운동장 (primary=KEY_1)
2026-08-06 04:51:23,220 [INFO] [42/121] 잠실한강공원 (primary=KEY_2)
2026-08-06 04:51:24,288 [INFO] [43/121] 잠원한강공원 (primary=KEY_3)
2026-08-06 04:51:25,337 [INFO] [44/121] 청계산 (primary=KEY_4)
2026-08-06 04:51:26,386 [INFO] [45/121] 홍제폭포 (primary=KEY_1)
2026-08-06 04:51:27,419 [INFO] [46/121] 가락시장 (primary=KEY_2)
2026-08-06 04:51:28,655 [INFO] [47/121] 가로수길 (primary=KEY_3)
2026-08-06 04:51:29,895 [INFO] [48/121] 광장(전통)시장 (primary=KEY_4)
2026-08-06 04:51:30,964 [INFO] [49/121] 김포공항 (primary=KEY_1)
2026-08-06 04:51:32,373 [INFO] [50/121] 남대문시장 (primary=KEY_2)
2026-08-06 04:51:33,608 [INFO] [51/121] 노량진 (primary=KEY_3)
2026-08-06 04:51:34,844 [INFO] [52/121] 덕수궁길·정동길 (primary=KEY_4)
2026-08-06 04:51:36,100 [INFO] [53/121] 북창동 먹자골목 (primary=KEY_1)
2026-08-06 04:51:37,313 [INFO] [54/121] 북촌한옥마을 (primary=KEY_2)
2026-08-06 04:51:38,713 [INFO] [55/121] 서촌 (primary=KEY_3)
2026-08-06 04:51:39,943 [INFO] [56/121] 성수카페거리 (primary=KEY_4)
2026-08-06 04:51:41,365 [INFO] [57/121] 송리단길·호수단길 (primary=KEY_1)
2026-08-06 04:51:42,611 [INFO] [58/121] 신촌 스타광장 (primary=KEY_2)
2026-08-06 04:51:43,676 [INFO] [59/121] 압구정로데오거리 (primary=KEY_3)
2026-08-06 04:51:44,920 [INFO] [60/121] 여의도 (primary=KEY_4)
2026-08-06 04:51:46,898 [INFO] [61/121] 연남동 (primary=KEY_1)
2026-08-06 04:51:48,120 [INFO] [62/121] 영등포 타임스퀘어 (primary=KEY_2)
2026-08-06 04:51:49,346 [INFO] [63/121] 용리단길 (primary=KEY_3)
2026-08-06 04:51:50,458 [INFO] [64/121] 이태원 앤틱가구거리 (primary=KEY_4)
2026-08-06 04:51:51,524 [INFO] [65/121] 익선동 (primary=KEY_1)
2026-08-06 04:51:52,777 [INFO] [66/121] 인사동 (primary=KEY_2)
2026-08-06 04:51:54,193 [INFO] [67/121] 잠실롯데타워·석촌호수 (primary=KEY_3)
2026-08-06 04:51:55,786 [INFO] [68/121] 창동 신경제 중심지 (primary=KEY_4)
2026-08-06 04:51:57,371 [INFO] [69/121] 청담동 명품거리 (primary=KEY_1)
2026-08-06 04:51:58,613 [INFO] [70/121] 청량리 제기동 일대 전통시장 (primary=KEY_2)
2026-08-06 04:51:59,866 [INFO] [71/121] 해방촌·경리단길 (primary=KEY_3)
2026-08-06 04:52:00,984 [INFO] [72/121] DDP(동대문디자인플라자) (primary=KEY_4)
2026-08-06 04:52:02,886 [INFO] [73/121] DMC(디지털미디어시티) (primary=KEY_1)
2026-08-06 04:52:04,504 [INFO] [74/121] 가산디지털단지역 (primary=KEY_2)
2026-08-06 04:52:06,251 [INFO] [75/121] 강남역 (primary=KEY_3)
2026-08-06 04:52:07,716 [INFO] [76/121] 건대입구역 (primary=KEY_4)
2026-08-06 04:52:08,955 [INFO] [77/121] 고덕역 (primary=KEY_1)
2026-08-06 04:52:10,181 [INFO] [78/121] 고속터미널역 (primary=KEY_2)
2026-08-06 04:52:11,430 [INFO] [79/121] 교대역 (primary=KEY_3)
2026-08-06 04:52:12,506 [INFO] [80/121] 구로디지털단지역 (primary=KEY_4)
2026-08-06 04:52:14,063 [INFO] [81/121] 구로역 (primary=KEY_1)
2026-08-06 04:52:15,280 [INFO] [82/121] 군자역 (primary=KEY_2)
2026-08-06 04:52:16,522 [INFO] [83/121] 대림역 (primary=KEY_3)
2026-08-06 04:52:17,770 [INFO] [84/121] 동대문역 (primary=KEY_4)
2026-08-06 04:52:19,018 [INFO] [85/121] 뚝섬역 (primary=KEY_1)
2026-08-06 04:52:20,248 [INFO] [86/121] 미아사거리역 (primary=KEY_2)
2026-08-06 04:52:21,477 [INFO] [87/121] 발산역 (primary=KEY_3)
2026-08-06 04:52:23,036 [INFO] [88/121] 사당역 (primary=KEY_4)
2026-08-06 04:52:24,278 [INFO] [89/121] 삼각지역 (primary=KEY_1)
2026-08-06 04:52:25,371 [INFO] [90/121] 서울대입구역 (primary=KEY_2)
2026-08-06 04:52:26,606 [INFO] [91/121] 서울식물원·마곡나루역 (primary=KEY_3)
2026-08-06 04:52:28,021 [INFO] [92/121] 서울역 (primary=KEY_4)
2026-08-06 04:52:29,302 [INFO] [93/121] 선릉역 (primary=KEY_1)
2026-08-06 04:52:30,927 [INFO] [94/121] 성신여대입구역 (primary=KEY_2)
2026-08-06 04:52:32,008 [INFO] [95/121] 수유역 (primary=KEY_3)
2026-08-06 04:52:33,245 [INFO] [96/121] 숭례문 (primary=KEY_4)
2026-08-06 04:52:34,679 [INFO] [97/121] 시의회 앞 (primary=KEY_1)
2026-08-06 04:52:35,923 [INFO] [98/121] 신논현역·논현역 (primary=KEY_2)
2026-08-06 04:52:37,174 [INFO] [99/121] 신도림역 (primary=KEY_3)
2026-08-06 04:52:38,240 [INFO] [100/121] 신림역 (primary=KEY_4)
2026-08-06 04:52:39,326 [INFO] [101/121] 신정네거리역 (primary=KEY_1)
2026-08-06 04:52:40,553 [INFO] [102/121] 신촌·이대역 (primary=KEY_2)
2026-08-06 04:52:41,780 [INFO] [103/121] 쌍문역 (primary=KEY_3)
2026-08-06 04:52:43,008 [INFO] [104/121] 양재역 (primary=KEY_4)
2026-08-06 04:52:44,255 [INFO] [105/121] 역삼역 (primary=KEY_1)
2026-08-06 04:52:45,648 [INFO] [106/121] 연신내역 (primary=KEY_2)
2026-08-06 04:52:46,728 [INFO] [107/121] 오목교역·목동운동장 (primary=KEY_3)
2026-08-06 04:52:48,456 [INFO] [108/121] 왕십리역 (primary=KEY_4)
2026-08-06 04:52:49,718 [INFO] [109/121] 용산역 (primary=KEY_1)
2026-08-06 04:52:51,134 [INFO] [110/121] 이태원역 (primary=KEY_2)
2026-08-06 04:52:52,209 [INFO] [111/121] 잠실새내역 (primary=KEY_3)
2026-08-06 04:52:53,506 [INFO] [112/121] 잠실역 (primary=KEY_4)
2026-08-06 04:52:54,934 [INFO] [113/121] 장지역 (primary=KEY_1)
2026-08-06 04:52:56,346 [INFO] [114/121] 장한평역 (primary=KEY_2)
2026-08-06 04:52:57,578 [INFO] [115/121] 천호역 (primary=KEY_3)
2026-08-06 04:52:58,840 [INFO] [116/121] 총신대입구(이수)역 (primary=KEY_4)
2026-08-06 04:53:00,084 [INFO] [117/121] 충정로역 (primary=KEY_1)
2026-08-06 04:53:01,327 [INFO] [118/121] 합정역 (primary=KEY_2)
2026-08-06 04:53:02,574 [INFO] [119/121] 혜화역 (primary=KEY_3)
2026-08-06 04:53:03,807 [INFO] [120/121] 홍대입구역(2호선) (primary=KEY_4)
2026-08-06 04:53:05,049 [INFO] [121/121] 회기역 (primary=KEY_1)
2026-08-06 04:53:07,194 [INFO] === 수집 완료 | 성공 121, 실패 0 ===
2026-08-06 04:53:07,194 [INFO] 카테고리별 저장 결과:
2026-08-06 04:53:07,194 [INFO]    accident                  | 신규     6행 | 누적     18행 | 16컬럼
2026-08-06 04:53:07,194 [INFO]    accident_acdnt_cntrl_stts | 신규     2행 | 누적      6행 | 16컬럼
2026-08-06 04:53:07,194 [INFO]    area_meta                 | 신규   121행 | 누적    363행 | 5컬럼
2026-08-06 04:53:07,194 [INFO]    bike                      | 신규    11행 | 누적     33행 | 12컬럼
2026-08-06 04:53:07,194 [INFO]    bike_sbike_stts           | 신규   573행 | 누적   1719행 | 12컬럼
2026-08-06 04:53:07,194 [INFO]    bus                       | 신규     3행 | 누적      9행 | 11컬럼
2026-08-06 04:53:07,194 [INFO]    bus_bus_stn_stts          | 신규  1745행 | 누적   5235행 | 11컬럼
2026-08-06 04:53:07,194 [INFO]    charger                   | 신규     4행 | 누적     12행 | 15컬럼
2026-08-06 04:53:07,194 [INFO]    charger_charger_stts      | 신규  1928행 | 누적   5745행 | 15컬럼
2026-08-06 04:53:07,194 [INFO]    cmrcl                     | 신규    82행 | 누적    246행 | 20컬럼
2026-08-06 04:53:07,194 [INFO]    events                    | 신규    16행 | 누적     48행 | 14컬럼
2026-08-06 04:53:07,194 [INFO]    events_event_stts         | 신규   136행 | 누적    408행 | 14컬럼
2026-08-06 04:53:07,194 [INFO]    parking                   | 신규     6행 | 누적     18행 | 21컬럼
2026-08-06 04:53:07,194 [INFO]    parking_prk_stts          | 신규  1834행 | 누적   5502행 | 21컬럼
2026-08-06 04:53:07,194 [INFO]    ppltn                     | 신규   121행 | 누적    363행 | 26컬럼
2026-08-06 04:53:07,195 [INFO]    road                      | 신규   121행 | 누적    363행 | 21컬럼
2026-08-06 04:53:07,195 [INFO]    road_road_traffic_stts    | 신규  5283행 | 누적  15849행 | 17컬럼
2026-08-06 04:53:07,195 [INFO]    subway                    | 신규    38행 | 누적    114행 | 13컬럼
2026-08-06 04:53:07,195 [INFO]    subway_sub_stts           | 신규   183행 | 누적    549행 | 13컬럼
2026-08-06 04:53:07,195 [INFO]    weather                   | 신규   119행 | 누적    357행 | 29컬럼
2026-08-06 04:53:07,195 [INFO] 키별 사용량:
2026-08-06 04:53:07,195 [INFO]    🟢 KEY_1 (31/1000) 
2026-08-06 04:53:07,195 [INFO]    🟢 KEY_2 (30/1000) 
2026-08-06 04:53:07,195 [INFO]    🟢 KEY_3 (30/1000) 
2026-08-06 04:53:07,195 [INFO]    🟢 KEY_4 (30/1000) 
