2026-08-10 00:41:45,162 [INFO] 등록된 키: 4개, 합산 한도 4,000건/일
2026-08-10 00:41:45,162 [INFO] POI 로드: 매뉴얼 v8.5 기준 fallback 121개 (121개 전체)
2026-08-10 00:41:45,162 [INFO] === 수집 시작 2026-08-10T00:41:45.162968+09:00 ===
2026-08-10 00:41:45,163 [INFO] 대상 장소: 121개 | API: citydata (통합)
2026-08-10 00:41:45,163 [INFO] 키 풀: 4/4 활성 | 오늘 사용 0/4000건
2026-08-10 00:41:45,163 [INFO]   [KEY_1] 담당 31장소
2026-08-10 00:41:45,163 [INFO]   [KEY_2] 담당 30장소
2026-08-10 00:41:45,163 [INFO]   [KEY_3] 담당 30장소
2026-08-10 00:41:45,163 [INFO]   [KEY_4] 담당 30장소
2026-08-10 00:41:45,163 [INFO] [1/121] 경복궁 (primary=KEY_1)
2026-08-10 00:41:47,437 [INFO] [2/121] 광화문·덕수궁 (primary=KEY_2)
2026-08-10 00:41:49,770 [INFO] [3/121] 보신각 (primary=KEY_3)
2026-08-10 00:41:51,095 [INFO] [4/121] 서울 암사동 유적 (primary=KEY_4)
2026-08-10 00:41:52,230 [INFO] [5/121] 창덕궁·종묘 (primary=KEY_1)
2026-08-10 00:41:54,296 [INFO] [6/121] 강남 MICE 관광특구 (primary=KEY_2)
2026-08-10 00:41:56,598 [INFO] [7/121] 동대문 관광특구 (primary=KEY_3)
2026-08-10 00:41:58,190 [INFO] [8/121] 명동 관광특구 (primary=KEY_4)
2026-08-10 00:41:59,964 [INFO] [9/121] 이태원 관광특구 (primary=KEY_1)
2026-08-10 00:42:02,085 [INFO] [10/121] 잠실 관광특구 (primary=KEY_2)
2026-08-10 00:42:03,884 [INFO] [11/121] 종로·청계 관광특구 (primary=KEY_3)
2026-08-10 00:42:05,426 [INFO] [12/121] 홍대 관광특구 (primary=KEY_4)
2026-08-10 00:42:07,553 [INFO] [13/121] 강서한강공원 (primary=KEY_1)
2026-08-10 00:42:09,334 [INFO] [14/121] 고척돔 (primary=KEY_2)
2026-08-10 00:42:11,209 [INFO] [15/121] 광나루한강공원 (primary=KEY_3)
2026-08-10 00:42:12,511 [INFO] [16/121] 광화문광장 (primary=KEY_4)
2026-08-10 00:42:14,623 [INFO] [17/121] 국립중앙박물관·용산가족공원 (primary=KEY_1)
2026-08-10 00:42:16,316 [INFO] [18/121] 난지한강공원 (primary=KEY_2)
2026-08-10 00:42:18,001 [INFO] [19/121] 남산공원 (primary=KEY_3)
2026-08-10 00:42:20,272 [INFO] [20/121] 노들섬 (primary=KEY_4)
2026-08-10 00:42:21,401 [INFO] [21/121] 뚝섬한강공원 (primary=KEY_1)
2026-08-10 00:42:22,737 [INFO] [22/121] 망원한강공원 (primary=KEY_2)
2026-08-10 00:42:24,088 [INFO] [23/121] 반포한강공원 (primary=KEY_3)
2026-08-10 00:42:25,967 [INFO] [24/121] 보라매공원 (primary=KEY_4)
2026-08-10 00:42:27,870 [INFO] [25/121] 북서울꿈의숲 (primary=KEY_1)
2026-08-10 00:42:29,207 [INFO] [26/121] 서대문독립공원 (primary=KEY_2)
2026-08-10 00:42:30,929 [INFO] [27/121] 서리풀공원·몽마르뜨공원 (primary=KEY_3)
2026-08-10 00:42:32,102 [INFO] [28/121] 서울대공원 (primary=KEY_4)
2026-08-10 00:42:33,237 [INFO] [29/121] 서울숲공원 (primary=KEY_1)
2026-08-10 00:42:35,520 [INFO] [30/121] 송현녹지광장 (primary=KEY_2)
2026-08-10 00:42:36,854 [INFO] [31/121] 아차산 (primary=KEY_3)
2026-08-10 00:42:37,985 [INFO] [32/121] 안양천 (primary=KEY_4)
2026-08-10 00:42:39,117 [INFO] [33/121] 양화한강공원 (primary=KEY_1)
2026-08-10 00:42:40,266 [INFO] [34/121] 어린이대공원 (primary=KEY_2)
2026-08-10 00:42:41,577 [INFO] [35/121] 여의도한강공원 (primary=KEY_3)
2026-08-10 00:42:42,923 [INFO] [36/121] 여의서로 (primary=KEY_4)
2026-08-10 00:42:44,237 [INFO] [37/121] 올림픽공원 (primary=KEY_1)
2026-08-10 00:42:45,587 [INFO] [38/121] 월드컵공원 (primary=KEY_2)
2026-08-10 00:42:47,166 [INFO] [39/121] 응봉산 (primary=KEY_3)
2026-08-10 00:42:48,483 [INFO] [40/121] 이촌한강공원 (primary=KEY_4)
2026-08-10 00:42:49,612 [INFO] [41/121] 잠실종합운동장 (primary=KEY_1)
2026-08-10 00:42:50,787 [INFO] [42/121] 잠실한강공원 (primary=KEY_2)
2026-08-10 00:42:51,920 [INFO] [43/121] 잠원한강공원 (primary=KEY_3)
2026-08-10 00:42:53,045 [INFO] [44/121] 청계산 (primary=KEY_4)
2026-08-10 00:42:54,736 [INFO] [45/121] 홍제폭포 (primary=KEY_1)
2026-08-10 00:42:55,882 [INFO] [46/121] 가락시장 (primary=KEY_2)
2026-08-10 00:42:57,257 [INFO] [47/121] 가로수길 (primary=KEY_3)
2026-08-10 00:42:58,605 [INFO] [48/121] 광장(전통)시장 (primary=KEY_4)
2026-08-10 00:43:00,325 [INFO] [49/121] 김포공항 (primary=KEY_1)
2026-08-10 00:43:01,895 [INFO] [50/121] 남대문시장 (primary=KEY_2)
2026-08-10 00:43:03,222 [INFO] [51/121] 노량진 (primary=KEY_3)
2026-08-10 00:43:04,585 [INFO] [52/121] 덕수궁길·정동길 (primary=KEY_4)
2026-08-10 00:43:06,714 [INFO] [53/121] 북창동 먹자골목 (primary=KEY_1)
2026-08-10 00:43:08,037 [INFO] [54/121] 북촌한옥마을 (primary=KEY_2)
2026-08-10 00:43:10,324 [INFO] [55/121] 서촌 (primary=KEY_3)
2026-08-10 00:43:11,648 [INFO] [56/121] 성수카페거리 (primary=KEY_4)
2026-08-10 00:43:13,219 [INFO] [57/121] 송리단길·호수단길 (primary=KEY_1)
2026-08-10 00:43:14,575 [INFO] [58/121] 신촌 스타광장 (primary=KEY_2)
2026-08-10 00:43:15,724 [INFO] [59/121] 압구정로데오거리 (primary=KEY_3)
2026-08-10 00:43:17,069 [INFO] [60/121] 여의도 (primary=KEY_4)
2026-08-10 00:43:19,987 [INFO] [61/121] 연남동 (primary=KEY_1)
2026-08-10 00:43:21,347 [INFO] [62/121] 영등포 타임스퀘어 (primary=KEY_2)
2026-08-10 00:43:22,689 [INFO] [63/121] 용리단길 (primary=KEY_3)
2026-08-10 00:43:23,855 [INFO] [64/121] 이태원 앤틱가구거리 (primary=KEY_4)
2026-08-10 00:43:25,013 [INFO] [65/121] 익선동 (primary=KEY_1)
2026-08-10 00:43:26,365 [INFO] [66/121] 인사동 (primary=KEY_2)
2026-08-10 00:43:27,887 [INFO] [67/121] 잠실롯데타워·석촌호수 (primary=KEY_3)
2026-08-10 00:43:29,646 [INFO] [68/121] 창동 신경제 중심지 (primary=KEY_4)
2026-08-10 00:43:31,400 [INFO] [69/121] 청담동 명품거리 (primary=KEY_1)
2026-08-10 00:43:32,718 [INFO] [70/121] 청량리 제기동 일대 전통시장 (primary=KEY_2)
2026-08-10 00:43:34,084 [INFO] [71/121] 해방촌·경리단길 (primary=KEY_3)
2026-08-10 00:43:35,260 [INFO] [72/121] DDP(동대문디자인플라자) (primary=KEY_4)
2026-08-10 00:43:36,614 [INFO] [73/121] DMC(디지털미디어시티) (primary=KEY_1)
2026-08-10 00:43:38,350 [INFO] [74/121] 가산디지털단지역 (primary=KEY_2)
2026-08-10 00:43:40,271 [INFO] [75/121] 강남역 (primary=KEY_3)
2026-08-10 00:43:42,571 [INFO] [76/121] 건대입구역 (primary=KEY_4)
2026-08-10 00:43:43,915 [INFO] [77/121] 고덕역 (primary=KEY_1)
2026-08-10 00:43:45,954 [INFO] [78/121] 고속터미널역 (primary=KEY_2)
2026-08-10 00:43:47,282 [INFO] [79/121] 교대역 (primary=KEY_3)
2026-08-10 00:43:48,617 [INFO] [80/121] 구로디지털단지역 (primary=KEY_4)
2026-08-10 00:43:50,364 [INFO] [81/121] 구로역 (primary=KEY_1)
2026-08-10 00:43:51,678 [INFO] [82/121] 군자역 (primary=KEY_2)
2026-08-10 00:43:52,829 [INFO] [83/121] 대림역 (primary=KEY_3)
2026-08-10 00:43:54,204 [INFO] [84/121] 동대문역 (primary=KEY_4)
2026-08-10 00:43:56,310 [INFO] [85/121] 뚝섬역 (primary=KEY_1)
2026-08-10 00:43:57,646 [INFO] [86/121] 미아사거리역 (primary=KEY_2)
2026-08-10 00:43:59,004 [INFO] [87/121] 발산역 (primary=KEY_3)
2026-08-10 00:44:00,704 [INFO] [88/121] 사당역 (primary=KEY_4)
2026-08-10 00:44:02,029 [INFO] [89/121] 삼각지역 (primary=KEY_1)
2026-08-10 00:44:03,191 [INFO] [90/121] 서울대입구역 (primary=KEY_2)
2026-08-10 00:44:04,512 [INFO] [91/121] 서울식물원·마곡나루역 (primary=KEY_3)
2026-08-10 00:44:06,047 [INFO] [92/121] 서울역 (primary=KEY_4)
2026-08-10 00:44:07,431 [INFO] [93/121] 선릉역 (primary=KEY_1)
2026-08-10 00:44:09,162 [INFO] [94/121] 성신여대입구역 (primary=KEY_2)
2026-08-10 00:44:10,318 [INFO] [95/121] 수유역 (primary=KEY_3)
2026-08-10 00:44:11,656 [INFO] [96/121] 숭례문 (primary=KEY_4)
2026-08-10 00:44:13,179 [INFO] [97/121] 시의회 앞 (primary=KEY_1)
2026-08-10 00:44:14,516 [INFO] [98/121] 신논현역·논현역 (primary=KEY_2)
2026-08-10 00:44:15,885 [INFO] [99/121] 신도림역 (primary=KEY_3)
2026-08-10 00:44:17,029 [INFO] [100/121] 신림역 (primary=KEY_4)
2026-08-10 00:44:18,223 [INFO] [101/121] 신정네거리역 (primary=KEY_1)
2026-08-10 00:44:19,544 [INFO] [102/121] 신촌·이대역 (primary=KEY_2)
2026-08-10 00:44:20,889 [INFO] [103/121] 쌍문역 (primary=KEY_3)
2026-08-10 00:44:22,210 [INFO] [104/121] 양재역 (primary=KEY_4)
2026-08-10 00:44:23,566 [INFO] [105/121] 역삼역 (primary=KEY_1)
2026-08-10 00:44:25,125 [INFO] [106/121] 연신내역 (primary=KEY_2)
2026-08-10 00:44:26,285 [INFO] [107/121] 오목교역·목동운동장 (primary=KEY_3)
2026-08-10 00:44:28,206 [INFO] [108/121] 왕십리역 (primary=KEY_4)
2026-08-10 00:44:29,566 [INFO] [109/121] 용산역 (primary=KEY_1)
2026-08-10 00:44:31,103 [INFO] [110/121] 이태원역 (primary=KEY_2)
2026-08-10 00:44:32,321 [INFO] [111/121] 잠실새내역 (primary=KEY_3)
2026-08-10 00:44:33,656 [INFO] [112/121] 잠실역 (primary=KEY_4)
2026-08-10 00:44:35,227 [INFO] [113/121] 장지역 (primary=KEY_1)
2026-08-10 00:44:36,759 [INFO] [114/121] 장한평역 (primary=KEY_2)
2026-08-10 00:44:38,092 [INFO] [115/121] 천호역 (primary=KEY_3)
2026-08-10 00:44:39,454 [INFO] [116/121] 총신대입구(이수)역 (primary=KEY_4)
2026-08-10 00:44:40,782 [INFO] [117/121] 충정로역 (primary=KEY_1)
2026-08-10 00:44:42,162 [INFO] [118/121] 합정역 (primary=KEY_2)
2026-08-10 00:44:43,525 [INFO] [119/121] 혜화역 (primary=KEY_3)
2026-08-10 00:44:44,872 [INFO] [120/121] 홍대입구역(2호선) (primary=KEY_4)
2026-08-10 00:44:46,235 [INFO] [121/121] 회기역 (primary=KEY_1)
2026-08-10 00:44:47,996 [INFO] === 수집 완료 | 성공 121, 실패 0 ===
2026-08-10 00:44:47,996 [INFO] 카테고리별 저장 결과:
2026-08-10 00:44:47,996 [INFO]    accident                  | 신규     2행 | 누적      2행 | 16컬럼
2026-08-10 00:44:47,996 [INFO]    area_meta                 | 신규   121행 | 누적    121행 | 5컬럼
2026-08-10 00:44:47,996 [INFO]    bike                      | 신규    11행 | 누적     11행 | 12컬럼
2026-08-10 00:44:47,996 [INFO]    bike_sbike_stts           | 신규   565행 | 누적    565행 | 12컬럼
2026-08-10 00:44:47,996 [INFO]    bus                       | 신규     3행 | 누적      3행 | 11컬럼
2026-08-10 00:44:47,996 [INFO]    bus_bus_stn_stts          | 신규  1745행 | 누적   1745행 | 11컬럼
2026-08-10 00:44:47,996 [INFO]    charger                   | 신규     4행 | 누적      4행 | 15컬럼
2026-08-10 00:44:47,996 [INFO]    charger_charger_stts      | 신규  1929행 | 누적   1929행 | 15컬럼
2026-08-10 00:44:47,997 [INFO]    cmrcl                     | 신규    82행 | 누적     82행 | 20컬럼
2026-08-10 00:44:47,997 [INFO]    events                    | 신규    14행 | 누적     14행 | 14컬럼
2026-08-10 00:44:47,997 [INFO]    events_event_stts         | 신규   136행 | 누적    136행 | 14컬럼
2026-08-10 00:44:47,997 [INFO]    parking                   | 신규     6행 | 누적      6행 | 21컬럼
2026-08-10 00:44:47,997 [INFO]    parking_prk_stts          | 신규  1834행 | 누적   1834행 | 21컬럼
2026-08-10 00:44:47,997 [INFO]    ppltn                     | 신규   121행 | 누적    121행 | 26컬럼
2026-08-10 00:44:47,997 [INFO]    road                      | 신규   121행 | 누적    121행 | 21컬럼
2026-08-10 00:44:47,997 [INFO]    road_road_traffic_stts    | 신규  5284행 | 누적   5284행 | 17컬럼
2026-08-10 00:44:47,997 [INFO]    subway                    | 신규    38행 | 누적     38행 | 13컬럼
2026-08-10 00:44:47,997 [INFO]    subway_sub_stts           | 신규   183행 | 누적    183행 | 13컬럼
2026-08-10 00:44:47,997 [INFO]    weather                   | 신규   119행 | 누적    119행 | 29컬럼
2026-08-10 00:44:47,997 [INFO] 키별 사용량:
2026-08-10 00:44:47,997 [INFO]    🟢 KEY_1 (31/1000) 
2026-08-10 00:44:47,997 [INFO]    🟢 KEY_2 (30/1000) 
2026-08-10 00:44:47,997 [INFO]    🟢 KEY_3 (30/1000) 
2026-08-10 00:44:47,997 [INFO]    🟢 KEY_4 (30/1000) 
2026-08-10 01:49:10,568 [INFO] 등록된 키: 4개, 합산 한도 4,000건/일
2026-08-10 01:49:10,569 [INFO] POI 로드: 매뉴얼 v8.5 기준 fallback 121개 (121개 전체)
2026-08-10 01:49:10,569 [INFO] === 수집 시작 2026-08-10T01:49:10.569151+09:00 ===
2026-08-10 01:49:10,569 [INFO] 대상 장소: 121개 | API: citydata (통합)
2026-08-10 01:49:10,569 [INFO] 키 풀: 4/4 활성 | 오늘 사용 0/4000건
2026-08-10 01:49:10,569 [INFO]   [KEY_1] 담당 31장소
2026-08-10 01:49:10,569 [INFO]   [KEY_2] 담당 30장소
2026-08-10 01:49:10,569 [INFO]   [KEY_3] 담당 30장소
2026-08-10 01:49:10,569 [INFO]   [KEY_4] 담당 30장소
2026-08-10 01:49:10,569 [INFO] [1/121] 경복궁 (primary=KEY_1)
2026-08-10 01:49:12,498 [INFO] [2/121] 광화문·덕수궁 (primary=KEY_2)
2026-08-10 01:49:15,206 [INFO] [3/121] 보신각 (primary=KEY_3)
2026-08-10 01:49:17,730 [INFO] [4/121] 서울 암사동 유적 (primary=KEY_4)
2026-08-10 01:49:18,868 [INFO] [5/121] 창덕궁·종묘 (primary=KEY_1)
2026-08-10 01:49:20,961 [INFO] [6/121] 강남 MICE 관광특구 (primary=KEY_2)
2026-08-10 01:49:23,068 [INFO] [7/121] 동대문 관광특구 (primary=KEY_3)
2026-08-10 01:49:26,585 [INFO] [8/121] 명동 관광특구 (primary=KEY_4)
2026-08-10 01:49:29,511 [INFO] [9/121] 이태원 관광특구 (primary=KEY_1)
2026-08-10 01:49:30,870 [INFO] [10/121] 잠실 관광특구 (primary=KEY_2)
2026-08-10 01:49:33,776 [INFO] [11/121] 종로·청계 관광특구 (primary=KEY_3)
2026-08-10 01:49:36,476 [INFO] [12/121] 홍대 관광특구 (primary=KEY_4)
2026-08-10 01:49:38,049 [INFO] [13/121] 강서한강공원 (primary=KEY_1)
2026-08-10 01:49:40,180 [INFO] [14/121] 고척돔 (primary=KEY_2)
2026-08-10 01:49:42,075 [INFO] [15/121] 광나루한강공원 (primary=KEY_3)
2026-08-10 01:49:45,067 [INFO] [16/121] 광화문광장 (primary=KEY_4)
2026-08-10 01:49:47,532 [INFO] [17/121] 국립중앙박물관·용산가족공원 (primary=KEY_1)
2026-08-10 01:49:49,617 [INFO] [18/121] 난지한강공원 (primary=KEY_2)
2026-08-10 01:49:50,742 [INFO] [19/121] 남산공원 (primary=KEY_3)
2026-08-10 01:49:52,476 [INFO] [20/121] 노들섬 (primary=KEY_4)
2026-08-10 01:49:54,379 [INFO] [21/121] 뚝섬한강공원 (primary=KEY_1)
2026-08-10 01:49:56,458 [INFO] [22/121] 망원한강공원 (primary=KEY_2)
2026-08-10 01:49:58,916 [INFO] [23/121] 반포한강공원 (primary=KEY_3)
2026-08-10 01:50:01,180 [INFO] [24/121] 보라매공원 (primary=KEY_4)
2026-08-10 01:50:02,380 [INFO] [25/121] 북서울꿈의숲 (primary=KEY_1)
2026-08-10 01:50:04,889 [INFO] [26/121] 서대문독립공원 (primary=KEY_2)
2026-08-10 01:50:06,032 [INFO] [27/121] 서리풀공원·몽마르뜨공원 (primary=KEY_3)
2026-08-10 01:50:07,197 [INFO] [28/121] 서울대공원 (primary=KEY_4)
2026-08-10 01:50:08,321 [INFO] [29/121] 서울숲공원 (primary=KEY_1)
2026-08-10 01:50:09,681 [INFO] [30/121] 송현녹지광장 (primary=KEY_2)
2026-08-10 01:50:11,007 [INFO] [31/121] 아차산 (primary=KEY_3)
2026-08-10 01:50:12,147 [INFO] [32/121] 안양천 (primary=KEY_4)
2026-08-10 01:50:13,279 [INFO] [33/121] 양화한강공원 (primary=KEY_1)
2026-08-10 01:50:14,401 [INFO] [34/121] 어린이대공원 (primary=KEY_2)
2026-08-10 01:50:16,670 [INFO] [35/121] 여의도한강공원 (primary=KEY_3)
2026-08-10 01:50:18,741 [INFO] [36/121] 여의서로 (primary=KEY_4)
2026-08-10 01:50:20,052 [INFO] [37/121] 올림픽공원 (primary=KEY_1)
2026-08-10 01:50:22,530 [INFO] [38/121] 월드컵공원 (primary=KEY_2)
2026-08-10 01:50:25,227 [INFO] [39/121] 응봉산 (primary=KEY_3)
2026-08-10 01:50:27,313 [INFO] [40/121] 이촌한강공원 (primary=KEY_4)
2026-08-10 01:50:29,555 [INFO] [41/121] 잠실종합운동장 (primary=KEY_1)
2026-08-10 01:50:30,708 [INFO] [42/121] 잠실한강공원 (primary=KEY_2)
2026-08-10 01:50:31,846 [INFO] [43/121] 잠원한강공원 (primary=KEY_3)
2026-08-10 01:50:32,981 [INFO] [44/121] 청계산 (primary=KEY_4)
2026-08-10 01:50:34,111 [INFO] [45/121] 홍제폭포 (primary=KEY_1)
2026-08-10 01:50:35,287 [INFO] [46/121] 가락시장 (primary=KEY_2)
2026-08-10 01:50:36,646 [INFO] [47/121] 가로수길 (primary=KEY_3)
2026-08-10 01:50:38,002 [INFO] [48/121] 광장(전통)시장 (primary=KEY_4)
2026-08-10 01:50:39,914 [INFO] [49/121] 김포공항 (primary=KEY_1)
2026-08-10 01:50:41,643 [INFO] [50/121] 남대문시장 (primary=KEY_2)
2026-08-10 01:50:43,740 [INFO] [51/121] 노량진 (primary=KEY_3)
2026-08-10 01:50:45,087 [INFO] [52/121] 덕수궁길·정동길 (primary=KEY_4)
2026-08-10 01:50:46,442 [INFO] [53/121] 북창동 먹자골목 (primary=KEY_1)
2026-08-10 01:50:47,774 [INFO] [54/121] 북촌한옥마을 (primary=KEY_2)
2026-08-10 01:50:49,316 [INFO] [55/121] 서촌 (primary=KEY_3)
2026-08-10 01:50:50,652 [INFO] [56/121] 성수카페거리 (primary=KEY_4)
2026-08-10 01:50:52,208 [INFO] [57/121] 송리단길·호수단길 (primary=KEY_1)
2026-08-10 01:50:53,569 [INFO] [58/121] 신촌 스타광장 (primary=KEY_2)
2026-08-10 01:50:54,724 [INFO] [59/121] 압구정로데오거리 (primary=KEY_3)
2026-08-10 01:50:56,078 [INFO] [60/121] 여의도 (primary=KEY_4)
2026-08-10 01:50:58,274 [INFO] [61/121] 연남동 (primary=KEY_1)
2026-08-10 01:50:59,602 [INFO] [62/121] 영등포 타임스퀘어 (primary=KEY_2)
2026-08-10 01:51:00,941 [INFO] [63/121] 용리단길 (primary=KEY_3)
2026-08-10 01:51:02,853 [INFO] [64/121] 이태원 앤틱가구거리 (primary=KEY_4)
2026-08-10 01:51:04,006 [INFO] [65/121] 익선동 (primary=KEY_1)
2026-08-10 01:51:05,352 [INFO] [66/121] 인사동 (primary=KEY_2)
2026-08-10 01:51:07,548 [INFO] [67/121] 잠실롯데타워·석촌호수 (primary=KEY_3)
2026-08-10 01:51:09,284 [INFO] [68/121] 창동 신경제 중심지 (primary=KEY_4)
2026-08-10 01:51:11,766 [INFO] [69/121] 청담동 명품거리 (primary=KEY_1)
2026-08-10 01:51:13,097 [INFO] [70/121] 청량리 제기동 일대 전통시장 (primary=KEY_2)
2026-08-10 01:51:14,449 [INFO] [71/121] 해방촌·경리단길 (primary=KEY_3)
2026-08-10 01:51:15,589 [INFO] [72/121] DDP(동대문디자인플라자) (primary=KEY_4)
2026-08-10 01:51:16,978 [INFO] [73/121] DMC(디지털미디어시티) (primary=KEY_1)
2026-08-10 01:51:18,732 [INFO] [74/121] 가산디지털단지역 (primary=KEY_2)
2026-08-10 01:51:20,646 [INFO] [75/121] 강남역 (primary=KEY_3)
2026-08-10 01:51:22,199 [INFO] [76/121] 건대입구역 (primary=KEY_4)
2026-08-10 01:51:23,552 [INFO] [77/121] 고덕역 (primary=KEY_1)
2026-08-10 01:51:24,889 [INFO] [78/121] 고속터미널역 (primary=KEY_2)
2026-08-10 01:51:26,235 [INFO] [79/121] 교대역 (primary=KEY_3)
2026-08-10 01:51:27,401 [INFO] [80/121] 구로디지털단지역 (primary=KEY_4)
2026-08-10 01:51:29,131 [INFO] [81/121] 구로역 (primary=KEY_1)
2026-08-10 01:51:30,457 [INFO] [82/121] 군자역 (primary=KEY_2)
2026-08-10 01:51:31,609 [INFO] [83/121] 대림역 (primary=KEY_3)
2026-08-10 01:51:32,961 [INFO] [84/121] 동대문역 (primary=KEY_4)
2026-08-10 01:51:34,300 [INFO] [85/121] 뚝섬역 (primary=KEY_1)
2026-08-10 01:51:35,653 [INFO] [86/121] 미아사거리역 (primary=KEY_2)
2026-08-10 01:51:37,012 [INFO] [87/121] 발산역 (primary=KEY_3)
2026-08-10 01:51:38,739 [INFO] [88/121] 사당역 (primary=KEY_4)
2026-08-10 01:51:40,076 [INFO] [89/121] 삼각지역 (primary=KEY_1)
2026-08-10 01:51:42,342 [INFO] [90/121] 서울대입구역 (primary=KEY_2)
2026-08-10 01:51:43,672 [INFO] [91/121] 서울식물원·마곡나루역 (primary=KEY_3)
2026-08-10 01:51:45,210 [INFO] [92/121] 서울역 (primary=KEY_4)
2026-08-10 01:51:46,589 [INFO] [93/121] 선릉역 (primary=KEY_1)
2026-08-10 01:51:48,353 [INFO] [94/121] 성신여대입구역 (primary=KEY_2)
2026-08-10 01:51:49,516 [INFO] [95/121] 수유역 (primary=KEY_3)
2026-08-10 01:51:50,864 [INFO] [96/121] 숭례문 (primary=KEY_4)
2026-08-10 01:51:52,422 [INFO] [97/121] 시의회 앞 (primary=KEY_1)
2026-08-10 01:51:53,784 [INFO] [98/121] 신논현역·논현역 (primary=KEY_2)
2026-08-10 01:51:55,142 [INFO] [99/121] 신도림역 (primary=KEY_3)
2026-08-10 01:51:57,058 [INFO] [100/121] 신림역 (primary=KEY_4)
2026-08-10 01:51:58,232 [INFO] [101/121] 신정네거리역 (primary=KEY_1)
2026-08-10 01:51:59,570 [INFO] [102/121] 신촌·이대역 (primary=KEY_2)
2026-08-10 01:52:00,925 [INFO] [103/121] 쌍문역 (primary=KEY_3)
2026-08-10 01:52:02,263 [INFO] [104/121] 양재역 (primary=KEY_4)
2026-08-10 01:52:03,617 [INFO] [105/121] 역삼역 (primary=KEY_1)
2026-08-10 01:52:05,150 [INFO] [106/121] 연신내역 (primary=KEY_2)
2026-08-10 01:52:06,316 [INFO] [107/121] 오목교역·목동운동장 (primary=KEY_3)
2026-08-10 01:52:08,250 [INFO] [108/121] 왕십리역 (primary=KEY_4)
2026-08-10 01:52:09,629 [INFO] [109/121] 용산역 (primary=KEY_1)
2026-08-10 01:52:11,158 [INFO] [110/121] 이태원역 (primary=KEY_2)
2026-08-10 01:52:12,320 [INFO] [111/121] 잠실새내역 (primary=KEY_3)
2026-08-10 01:52:13,665 [INFO] [112/121] 잠실역 (primary=KEY_4)
2026-08-10 01:52:15,258 [INFO] [113/121] 장지역 (primary=KEY_1)
2026-08-10 01:52:16,794 [INFO] [114/121] 장한평역 (primary=KEY_2)
2026-08-10 01:52:18,348 [INFO] [115/121] 천호역 (primary=KEY_3)
2026-08-10 01:52:19,700 [INFO] [116/121] 총신대입구(이수)역 (primary=KEY_4)
2026-08-10 01:52:21,061 [INFO] [117/121] 충정로역 (primary=KEY_1)
2026-08-10 01:52:22,419 [INFO] [118/121] 합정역 (primary=KEY_2)
2026-08-10 01:52:23,769 [INFO] [119/121] 혜화역 (primary=KEY_3)
2026-08-10 01:52:25,108 [INFO] [120/121] 홍대입구역(2호선) (primary=KEY_4)
2026-08-10 01:52:26,652 [INFO] [121/121] 회기역 (primary=KEY_1)
2026-08-10 01:52:28,810 [INFO] === 수집 완료 | 성공 121, 실패 0 ===
2026-08-10 01:52:28,810 [INFO] 카테고리별 저장 결과:
2026-08-10 01:52:28,810 [INFO]    accident                  | 신규     2행 | 누적      4행 | 16컬럼
2026-08-10 01:52:28,810 [INFO]    area_meta                 | 신규   121행 | 누적    242행 | 5컬럼
2026-08-10 01:52:28,810 [INFO]    bike                      | 신규    11행 | 누적     22행 | 12컬럼
2026-08-10 01:52:28,810 [INFO]    bike_sbike_stts           | 신규   565행 | 누적   1130행 | 12컬럼
2026-08-10 01:52:28,810 [INFO]    bus                       | 신규     3행 | 누적      6행 | 11컬럼
2026-08-10 01:52:28,810 [INFO]    bus_bus_stn_stts          | 신규  1745행 | 누적   3490행 | 11컬럼
2026-08-10 01:52:28,810 [INFO]    charger                   | 신규     4행 | 누적      8행 | 15컬럼
2026-08-10 01:52:28,811 [INFO]    charger_charger_stts      | 신규  1929행 | 누적   3832행 | 15컬럼
2026-08-10 01:52:28,811 [INFO]    cmrcl                     | 신규    82행 | 누적    164행 | 20컬럼
2026-08-10 01:52:28,811 [INFO]    events                    | 신규    14행 | 누적     28행 | 14컬럼
2026-08-10 01:52:28,811 [INFO]    events_event_stts         | 신규   136행 | 누적    272행 | 14컬럼
2026-08-10 01:52:28,811 [INFO]    parking                   | 신규     6행 | 누적     12행 | 21컬럼
2026-08-10 01:52:28,811 [INFO]    parking_prk_stts          | 신규  1834행 | 누적   3668행 | 21컬럼
2026-08-10 01:52:28,811 [INFO]    ppltn                     | 신규   121행 | 누적    242행 | 26컬럼
2026-08-10 01:52:28,811 [INFO]    road                      | 신규   121행 | 누적    242행 | 21컬럼
2026-08-10 01:52:28,811 [INFO]    road_road_traffic_stts    | 신규  5284행 | 누적  10568행 | 17컬럼
2026-08-10 01:52:28,811 [INFO]    subway                    | 신규    38행 | 누적     76행 | 13컬럼
2026-08-10 01:52:28,811 [INFO]    subway_sub_stts           | 신규   183행 | 누적    366행 | 13컬럼
2026-08-10 01:52:28,811 [INFO]    weather                   | 신규   119행 | 누적    238행 | 30컬럼
2026-08-10 01:52:28,811 [INFO] 키별 사용량:
2026-08-10 01:52:28,811 [INFO]    🟢 KEY_1 (31/1000) 
2026-08-10 01:52:28,811 [INFO]    🟢 KEY_2 (30/1000) 
2026-08-10 01:52:28,811 [INFO]    🟢 KEY_3 (30/1000) 
2026-08-10 01:52:28,811 [INFO]    🟢 KEY_4 (30/1000) 
