2026-07-05 00:17:25,766 [INFO] 등록된 키: 4개, 합산 한도 4,000건/일
2026-07-05 00:17:25,767 [INFO] POI 로드: 매뉴얼 v8.5 기준 fallback 121개 (121개 전체)
2026-07-05 00:17:25,767 [INFO] === 수집 시작 2026-07-05T00:17:25.767096+09:00 ===
2026-07-05 00:17:25,767 [INFO] 대상 장소: 121개 | API: citydata (통합)
2026-07-05 00:17:25,767 [INFO] 키 풀: 4/4 활성 | 오늘 사용 0/4000건
2026-07-05 00:17:25,767 [INFO]   [KEY_1] 담당 31장소
2026-07-05 00:17:25,767 [INFO]   [KEY_2] 담당 30장소
2026-07-05 00:17:25,767 [INFO]   [KEY_3] 담당 30장소
2026-07-05 00:17:25,767 [INFO]   [KEY_4] 담당 30장소
2026-07-05 00:17:25,767 [INFO] [1/121] 경복궁 (primary=KEY_1)
2026-07-05 00:17:27,912 [INFO] [2/121] 광화문·덕수궁 (primary=KEY_2)
2026-07-05 00:17:30,261 [INFO] [3/121] 보신각 (primary=KEY_3)
2026-07-05 00:17:32,289 [INFO] [4/121] 서울 암사동 유적 (primary=KEY_4)
2026-07-05 00:17:34,187 [INFO] [5/121] 창덕궁·종묘 (primary=KEY_1)
2026-07-05 00:17:36,291 [INFO] [6/121] 강남 MICE 관광특구 (primary=KEY_2)
2026-07-05 00:17:38,227 [INFO] [7/121] 동대문 관광특구 (primary=KEY_3)
2026-07-05 00:17:40,580 [INFO] [8/121] 명동 관광특구 (primary=KEY_4)
2026-07-05 00:17:43,046 [INFO] [9/121] 이태원 관광특구 (primary=KEY_1)
2026-07-05 00:17:44,402 [INFO] [10/121] 잠실 관광특구 (primary=KEY_2)
2026-07-05 00:17:45,981 [INFO] [11/121] 종로·청계 관광특구 (primary=KEY_3)
2026-07-05 00:17:47,555 [INFO] [12/121] 홍대 관광특구 (primary=KEY_4)
2026-07-05 00:17:49,891 [INFO] [13/121] 강서한강공원 (primary=KEY_1)
2026-07-05 00:17:51,794 [INFO] [14/121] 고척돔 (primary=KEY_2)
2026-07-05 00:17:52,925 [INFO] [15/121] 광나루한강공원 (primary=KEY_3)
2026-07-05 00:17:54,258 [INFO] [16/121] 광화문광장 (primary=KEY_4)
2026-07-05 00:17:55,800 [INFO] [17/121] 국립중앙박물관·용산가족공원 (primary=KEY_1)
2026-07-05 00:17:57,727 [INFO] [18/121] 난지한강공원 (primary=KEY_2)
2026-07-05 00:17:58,881 [INFO] [19/121] 남산공원 (primary=KEY_3)
2026-07-05 00:18:00,456 [INFO] [20/121] 노들섬 (primary=KEY_4)
2026-07-05 00:18:01,603 [INFO] [21/121] 뚝섬한강공원 (primary=KEY_1)
2026-07-05 00:18:03,517 [INFO] [22/121] 망원한강공원 (primary=KEY_2)
2026-07-05 00:18:05,630 [INFO] [23/121] 반포한강공원 (primary=KEY_3)
2026-07-05 00:18:06,776 [INFO] [24/121] 보라매공원 (primary=KEY_4)
2026-07-05 00:18:07,948 [INFO] [25/121] 북서울꿈의숲 (primary=KEY_1)
2026-07-05 00:18:09,109 [INFO] [26/121] 서대문독립공원 (primary=KEY_2)
2026-07-05 00:18:10,257 [INFO] [27/121] 서리풀공원·몽마르뜨공원 (primary=KEY_3)
2026-07-05 00:18:11,424 [INFO] [28/121] 서울대공원 (primary=KEY_4)
2026-07-05 00:18:12,568 [INFO] [29/121] 서울숲공원 (primary=KEY_1)
2026-07-05 00:18:13,936 [INFO] [30/121] 송현녹지광장 (primary=KEY_2)
2026-07-05 00:18:15,285 [INFO] [31/121] 아차산 (primary=KEY_3)
2026-07-05 00:18:16,445 [INFO] [32/121] 안양천 (primary=KEY_4)
2026-07-05 00:18:17,591 [INFO] [33/121] 양화한강공원 (primary=KEY_1)
2026-07-05 00:18:19,510 [INFO] [34/121] 어린이대공원 (primary=KEY_2)
2026-07-05 00:18:20,679 [INFO] [35/121] 여의도한강공원 (primary=KEY_3)
2026-07-05 00:18:22,806 [INFO] [36/121] 여의서로 (primary=KEY_4)
2026-07-05 00:18:24,738 [INFO] [37/121] 올림픽공원 (primary=KEY_1)
2026-07-05 00:18:26,125 [INFO] [38/121] 월드컵공원 (primary=KEY_2)
2026-07-05 00:18:28,286 [INFO] [39/121] 응봉산 (primary=KEY_3)
2026-07-05 00:18:29,620 [INFO] [40/121] 이촌한강공원 (primary=KEY_4)
2026-07-05 00:18:30,771 [INFO] [41/121] 잠실종합운동장 (primary=KEY_1)
2026-07-05 00:18:32,676 [INFO] [42/121] 잠실한강공원 (primary=KEY_2)
2026-07-05 00:18:33,818 [INFO] [43/121] 잠원한강공원 (primary=KEY_3)
2026-07-05 00:18:35,580 [INFO] [44/121] 청계산 (primary=KEY_4)
2026-07-05 00:18:36,724 [INFO] [45/121] 홍제폭포 (primary=KEY_1)
2026-07-05 00:18:38,649 [INFO] [46/121] 가락시장 (primary=KEY_2)
2026-07-05 00:18:40,016 [INFO] [47/121] 가로수길 (primary=KEY_3)
2026-07-05 00:18:41,405 [INFO] [48/121] 광장(전통)시장 (primary=KEY_4)
2026-07-05 00:18:42,559 [INFO] [49/121] 김포공항 (primary=KEY_1)
2026-07-05 00:18:44,523 [INFO] [50/121] 남대문시장 (primary=KEY_2)
2026-07-05 00:18:45,684 [INFO] [51/121] 노량진 (primary=KEY_3)
2026-07-05 00:18:46,859 [INFO] [52/121] 덕수궁길·정동길 (primary=KEY_4)
2026-07-05 00:18:48,248 [INFO] [53/121] 북창동 먹자골목 (primary=KEY_1)
2026-07-05 00:18:49,397 [INFO] [54/121] 북촌한옥마을 (primary=KEY_2)
2026-07-05 00:18:50,765 [INFO] [55/121] 서촌 (primary=KEY_3)
2026-07-05 00:18:52,108 [INFO] [56/121] 성수카페거리 (primary=KEY_4)
2026-07-05 00:18:53,484 [INFO] [57/121] 송리단길·호수단길 (primary=KEY_1)
2026-07-05 00:18:55,455 [INFO] [58/121] 신촌 스타광장 (primary=KEY_2)
2026-07-05 00:18:56,608 [INFO] [59/121] 압구정로데오거리 (primary=KEY_3)
2026-07-05 00:18:57,963 [INFO] [60/121] 여의도 (primary=KEY_4)
2026-07-05 00:19:00,554 [INFO] [61/121] 연남동 (primary=KEY_1)
2026-07-05 00:19:01,896 [INFO] [62/121] 영등포 타임스퀘어 (primary=KEY_2)
2026-07-05 00:19:03,245 [INFO] [63/121] 용리단길 (primary=KEY_3)
2026-07-05 00:19:04,412 [INFO] [64/121] 이태원 앤틱가구거리 (primary=KEY_4)
2026-07-05 00:19:05,571 [INFO] [65/121] 익선동 (primary=KEY_1)
2026-07-05 00:19:06,925 [INFO] [66/121] 인사동 (primary=KEY_2)
2026-07-05 00:19:08,271 [INFO] [67/121] 잠실롯데타워·석촌호수 (primary=KEY_3)
2026-07-05 00:19:09,641 [INFO] [68/121] 창동 신경제 중심지 (primary=KEY_4)
2026-07-05 00:19:11,208 [INFO] [69/121] 청담동 명품거리 (primary=KEY_1)
2026-07-05 00:19:12,564 [INFO] [70/121] 청량리 제기동 일대 전통시장 (primary=KEY_2)
2026-07-05 00:19:13,952 [INFO] [71/121] 해방촌·경리단길 (primary=KEY_3)
2026-07-05 00:19:15,122 [INFO] [72/121] DDP(동대문디자인플라자) (primary=KEY_4)
2026-07-05 00:19:16,529 [INFO] [73/121] DMC(디지털미디어시티) (primary=KEY_1)
2026-07-05 00:19:18,091 [INFO] [74/121] 가산디지털단지역 (primary=KEY_2)
2026-07-05 00:19:19,639 [INFO] [75/121] 강남역 (primary=KEY_3)
2026-07-05 00:19:21,218 [INFO] [76/121] 건대입구역 (primary=KEY_4)
2026-07-05 00:19:22,591 [INFO] [77/121] 고덕역 (primary=KEY_1)
2026-07-05 00:19:23,933 [INFO] [78/121] 고속터미널역 (primary=KEY_2)
2026-07-05 00:19:25,124 [INFO] [79/121] 교대역 (primary=KEY_3)
2026-07-05 00:19:26,295 [INFO] [80/121] 구로디지털단지역 (primary=KEY_4)
2026-07-05 00:19:28,413 [INFO] [81/121] 구로역 (primary=KEY_1)
2026-07-05 00:19:29,573 [INFO] [82/121] 군자역 (primary=KEY_2)
2026-07-05 00:19:30,742 [INFO] [83/121] 대림역 (primary=KEY_3)
2026-07-05 00:19:31,908 [INFO] [84/121] 동대문역 (primary=KEY_4)
2026-07-05 00:19:33,262 [INFO] [85/121] 뚝섬역 (primary=KEY_1)
2026-07-05 00:19:34,613 [INFO] [86/121] 미아사거리역 (primary=KEY_2)
2026-07-05 00:19:35,959 [INFO] [87/121] 발산역 (primary=KEY_3)
2026-07-05 00:19:37,517 [INFO] [88/121] 사당역 (primary=KEY_4)
2026-07-05 00:19:38,880 [INFO] [89/121] 삼각지역 (primary=KEY_1)
2026-07-05 00:19:40,059 [INFO] [90/121] 서울대입구역 (primary=KEY_2)
2026-07-05 00:19:41,227 [INFO] [91/121] 서울식물원·마곡나루역 (primary=KEY_3)
2026-07-05 00:19:42,609 [INFO] [92/121] 서울역 (primary=KEY_4)
2026-07-05 00:19:43,997 [INFO] [93/121] 선릉역 (primary=KEY_1)
2026-07-05 00:19:45,559 [INFO] [94/121] 성신여대입구역 (primary=KEY_2)
2026-07-05 00:19:46,714 [INFO] [95/121] 수유역 (primary=KEY_3)
2026-07-05 00:19:48,060 [INFO] [96/121] 숭례문 (primary=KEY_4)
2026-07-05 00:19:49,419 [INFO] [97/121] 시의회 앞 (primary=KEY_1)
2026-07-05 00:19:50,784 [INFO] [98/121] 신논현역·논현역 (primary=KEY_2)
2026-07-05 00:19:52,146 [INFO] [99/121] 신도림역 (primary=KEY_3)
2026-07-05 00:19:53,316 [INFO] [100/121] 신림역 (primary=KEY_4)
2026-07-05 00:19:54,486 [INFO] [101/121] 신정네거리역 (primary=KEY_1)
2026-07-05 00:19:55,643 [INFO] [102/121] 신촌·이대역 (primary=KEY_2)
2026-07-05 00:19:57,014 [INFO] [103/121] 쌍문역 (primary=KEY_3)
2026-07-05 00:19:58,182 [INFO] [104/121] 양재역 (primary=KEY_4)
2026-07-05 00:19:59,536 [INFO] [105/121] 역삼역 (primary=KEY_1)
2026-07-05 00:20:00,885 [INFO] [106/121] 연신내역 (primary=KEY_2)
2026-07-05 00:20:02,077 [INFO] [107/121] 오목교역·목동운동장 (primary=KEY_3)
2026-07-05 00:20:03,621 [INFO] [108/121] 왕십리역 (primary=KEY_4)
2026-07-05 00:20:04,984 [INFO] [109/121] 용산역 (primary=KEY_1)
2026-07-05 00:20:06,364 [INFO] [110/121] 이태원역 (primary=KEY_2)
2026-07-05 00:20:08,270 [INFO] [111/121] 잠실새내역 (primary=KEY_3)
2026-07-05 00:20:10,366 [INFO] [112/121] 잠실역 (primary=KEY_4)
2026-07-05 00:20:12,475 [INFO] [113/121] 장지역 (primary=KEY_1)
2026-07-05 00:20:14,585 [INFO] [114/121] 장한평역 (primary=KEY_2)
2026-07-05 00:20:16,704 [INFO] [115/121] 천호역 (primary=KEY_3)
2026-07-05 00:20:18,827 [INFO] [116/121] 총신대입구(이수)역 (primary=KEY_4)
2026-07-05 00:20:20,999 [INFO] [117/121] 충정로역 (primary=KEY_1)
2026-07-05 00:20:22,940 [INFO] [118/121] 합정역 (primary=KEY_2)
2026-07-05 00:20:24,290 [INFO] [119/121] 혜화역 (primary=KEY_3)
2026-07-05 00:20:25,620 [INFO] [120/121] 홍대입구역(2호선) (primary=KEY_4)
2026-07-05 00:20:27,560 [INFO] [121/121] 회기역 (primary=KEY_1)
2026-07-05 00:20:29,248 [INFO] === 수집 완료 | 성공 121, 실패 0 ===
2026-07-05 00:20:29,248 [INFO] 카테고리별 저장 결과:
2026-07-05 00:20:29,248 [INFO]    accident                  | 신규     2행 | 누적      2행 | 16컬럼
2026-07-05 00:20:29,248 [INFO]    accident_acdnt_cntrl_stts | 신규     2행 | 누적      2행 | 16컬럼
2026-07-05 00:20:29,248 [INFO]    area_meta                 | 신규   121행 | 누적    121행 | 5컬럼
2026-07-05 00:20:29,248 [INFO]    bike                      | 신규    12행 | 누적     12행 | 12컬럼
2026-07-05 00:20:29,248 [INFO]    bike_sbike_stts           | 신규   553행 | 누적    553행 | 12컬럼
2026-07-05 00:20:29,248 [INFO]    bus                       | 신규     3행 | 누적      3행 | 11컬럼
2026-07-05 00:20:29,248 [INFO]    bus_bus_stn_stts          | 신규  1745행 | 누적   1745행 | 11컬럼
2026-07-05 00:20:29,248 [INFO]    charger                   | 신규    26행 | 누적     26행 | 15컬럼
2026-07-05 00:20:29,249 [INFO]    charger_charger_stts      | 신규   340행 | 누적    340행 | 15컬럼
2026-07-05 00:20:29,249 [INFO]    cmrcl                     | 신규    82행 | 누적     82행 | 20컬럼
2026-07-05 00:20:29,249 [INFO]    events                    | 신규     8행 | 누적      8행 | 14컬럼
2026-07-05 00:20:29,249 [INFO]    events_event_stts         | 신규   129행 | 누적    129행 | 14컬럼
2026-07-05 00:20:29,249 [INFO]    parking                   | 신규     6행 | 누적      6행 | 21컬럼
2026-07-05 00:20:29,249 [INFO]    parking_prk_stts          | 신규  1833행 | 누적   1833행 | 21컬럼
2026-07-05 00:20:29,249 [INFO]    ppltn                     | 신규   121행 | 누적    121행 | 26컬럼
2026-07-05 00:20:29,249 [INFO]    road                      | 신규   121행 | 누적    121행 | 21컬럼
2026-07-05 00:20:29,249 [INFO]    road_road_traffic_stts    | 신규  5261행 | 누적   5261행 | 17컬럼
2026-07-05 00:20:29,249 [INFO]    subway                    | 신규    38행 | 누적     38행 | 13컬럼
2026-07-05 00:20:29,249 [INFO]    subway_sub_stts           | 신규   183행 | 누적    183행 | 13컬럼
2026-07-05 00:20:29,249 [INFO]    weather                   | 신규   119행 | 누적    119행 | 29컬럼
2026-07-05 00:20:29,249 [INFO] 키별 사용량:
2026-07-05 00:20:29,249 [INFO]    🟢 KEY_1 (31/1000) 
2026-07-05 00:20:29,249 [INFO]    🟢 KEY_2 (30/1000) 
2026-07-05 00:20:29,249 [INFO]    🟢 KEY_3 (30/1000) 
2026-07-05 00:20:29,249 [INFO]    🟢 KEY_4 (30/1000) 
2026-07-05 02:17:30,087 [INFO] 등록된 키: 4개, 합산 한도 4,000건/일
2026-07-05 02:17:30,088 [INFO] POI 로드: 매뉴얼 v8.5 기준 fallback 121개 (121개 전체)
2026-07-05 02:17:30,088 [INFO] === 수집 시작 2026-07-05T02:17:30.088800+09:00 ===
2026-07-05 02:17:30,088 [INFO] 대상 장소: 121개 | API: citydata (통합)
2026-07-05 02:17:30,089 [INFO] 키 풀: 4/4 활성 | 오늘 사용 0/4000건
2026-07-05 02:17:30,089 [INFO]   [KEY_1] 담당 31장소
2026-07-05 02:17:30,089 [INFO]   [KEY_2] 담당 30장소
2026-07-05 02:17:30,089 [INFO]   [KEY_3] 담당 30장소
2026-07-05 02:17:30,089 [INFO]   [KEY_4] 담당 30장소
2026-07-05 02:17:30,089 [INFO] [1/121] 경복궁 (primary=KEY_1)
2026-07-05 02:17:31,339 [INFO] [2/121] 광화문·덕수궁 (primary=KEY_2)
2026-07-05 02:17:33,099 [INFO] [3/121] 보신각 (primary=KEY_3)
2026-07-05 02:17:34,490 [INFO] [4/121] 서울 암사동 유적 (primary=KEY_4)
2026-07-05 02:17:35,534 [INFO] [5/121] 창덕궁·종묘 (primary=KEY_1)
2026-07-05 02:17:36,743 [INFO] [6/121] 강남 MICE 관광특구 (primary=KEY_2)
2026-07-05 02:17:38,621 [INFO] [7/121] 동대문 관광특구 (primary=KEY_3)
2026-07-05 02:17:40,048 [INFO] [8/121] 명동 관광특구 (primary=KEY_4)
2026-07-05 02:17:42,315 [INFO] [9/121] 이태원 관광특구 (primary=KEY_1)
2026-07-05 02:17:44,379 [INFO] [10/121] 잠실 관광특구 (primary=KEY_2)
2026-07-05 02:17:46,175 [INFO] [11/121] 종로·청계 관광특구 (primary=KEY_3)
2026-07-05 02:17:48,272 [INFO] [12/121] 홍대 관광특구 (primary=KEY_4)
2026-07-05 02:17:49,872 [INFO] [13/121] 강서한강공원 (primary=KEY_1)
2026-07-05 02:17:50,922 [INFO] [14/121] 고척돔 (primary=KEY_2)
2026-07-05 02:17:51,962 [INFO] [15/121] 광나루한강공원 (primary=KEY_3)
2026-07-05 02:17:53,157 [INFO] [16/121] 광화문광장 (primary=KEY_4)
2026-07-05 02:17:54,558 [INFO] [17/121] 국립중앙박물관·용산가족공원 (primary=KEY_1)
2026-07-05 02:17:55,785 [INFO] [18/121] 난지한강공원 (primary=KEY_2)
2026-07-05 02:17:56,845 [INFO] [19/121] 남산공원 (primary=KEY_3)
2026-07-05 02:17:58,255 [INFO] [20/121] 노들섬 (primary=KEY_4)
2026-07-05 02:17:59,465 [INFO] [21/121] 뚝섬한강공원 (primary=KEY_1)
2026-07-05 02:18:00,683 [INFO] [22/121] 망원한강공원 (primary=KEY_2)
2026-07-05 02:18:02,085 [INFO] [23/121] 반포한강공원 (primary=KEY_3)
2026-07-05 02:18:03,169 [INFO] [24/121] 보라매공원 (primary=KEY_4)
2026-07-05 02:18:04,405 [INFO] [25/121] 북서울꿈의숲 (primary=KEY_1)
2026-07-05 02:18:06,287 [INFO] [26/121] 서대문독립공원 (primary=KEY_2)
2026-07-05 02:18:07,516 [INFO] [27/121] 서리풀공원·몽마르뜨공원 (primary=KEY_3)
2026-07-05 02:18:08,606 [INFO] [28/121] 서울대공원 (primary=KEY_4)
2026-07-05 02:18:09,833 [INFO] [29/121] 서울숲공원 (primary=KEY_1)
2026-07-05 02:18:11,074 [INFO] [30/121] 송현녹지광장 (primary=KEY_2)
2026-07-05 02:18:12,302 [INFO] [31/121] 아차산 (primary=KEY_3)
2026-07-05 02:18:13,358 [INFO] [32/121] 안양천 (primary=KEY_4)
2026-07-05 02:18:14,412 [INFO] [33/121] 양화한강공원 (primary=KEY_1)
2026-07-05 02:18:15,468 [INFO] [34/121] 어린이대공원 (primary=KEY_2)
2026-07-05 02:18:16,717 [INFO] [35/121] 여의도한강공원 (primary=KEY_3)
2026-07-05 02:18:18,602 [INFO] [36/121] 여의서로 (primary=KEY_4)
2026-07-05 02:18:19,807 [INFO] [37/121] 올림픽공원 (primary=KEY_1)
2026-07-05 02:18:21,074 [INFO] [38/121] 월드컵공원 (primary=KEY_2)
2026-07-05 02:18:22,491 [INFO] [39/121] 응봉산 (primary=KEY_3)
2026-07-05 02:18:24,337 [INFO] [40/121] 이촌한강공원 (primary=KEY_4)
2026-07-05 02:18:26,042 [INFO] [41/121] 잠실종합운동장 (primary=KEY_1)
2026-07-05 02:18:28,064 [INFO] [42/121] 잠실한강공원 (primary=KEY_2)
2026-07-05 02:18:29,775 [INFO] [43/121] 잠원한강공원 (primary=KEY_3)
2026-07-05 02:18:31,522 [INFO] [44/121] 청계산 (primary=KEY_4)
2026-07-05 02:18:33,235 [INFO] [45/121] 홍제폭포 (primary=KEY_1)
2026-07-05 02:18:34,856 [INFO] [46/121] 가락시장 (primary=KEY_2)
2026-07-05 02:18:36,102 [INFO] [47/121] 가로수길 (primary=KEY_3)
2026-07-05 02:18:37,348 [INFO] [48/121] 광장(전통)시장 (primary=KEY_4)
2026-07-05 02:18:39,059 [INFO] [49/121] 김포공항 (primary=KEY_1)
2026-07-05 02:18:41,113 [INFO] [50/121] 남대문시장 (primary=KEY_2)
2026-07-05 02:18:42,351 [INFO] [51/121] 노량진 (primary=KEY_3)
2026-07-05 02:18:43,597 [INFO] [52/121] 덕수궁길·정동길 (primary=KEY_4)
2026-07-05 02:18:45,435 [INFO] [53/121] 북창동 먹자골목 (primary=KEY_1)
2026-07-05 02:18:47,300 [INFO] [54/121] 북촌한옥마을 (primary=KEY_2)
2026-07-05 02:18:49,297 [INFO] [55/121] 서촌 (primary=KEY_3)
2026-07-05 02:18:51,184 [INFO] [56/121] 성수카페거리 (primary=KEY_4)
2026-07-05 02:18:52,601 [INFO] [57/121] 송리단길·호수단길 (primary=KEY_1)
2026-07-05 02:18:54,433 [INFO] [58/121] 신촌 스타광장 (primary=KEY_2)
2026-07-05 02:18:56,161 [INFO] [59/121] 압구정로데오거리 (primary=KEY_3)
2026-07-05 02:18:57,415 [INFO] [60/121] 여의도 (primary=KEY_4)
2026-07-05 02:18:59,403 [INFO] [61/121] 연남동 (primary=KEY_1)
2026-07-05 02:19:00,616 [INFO] [62/121] 영등포 타임스퀘어 (primary=KEY_2)
2026-07-05 02:19:01,834 [INFO] [63/121] 용리단길 (primary=KEY_3)
2026-07-05 02:19:02,921 [INFO] [64/121] 이태원 앤틱가구거리 (primary=KEY_4)
2026-07-05 02:19:04,003 [INFO] [65/121] 익선동 (primary=KEY_1)
2026-07-05 02:19:05,252 [INFO] [66/121] 인사동 (primary=KEY_2)
2026-07-05 02:19:06,651 [INFO] [67/121] 잠실롯데타워·석촌호수 (primary=KEY_3)
2026-07-05 02:19:08,244 [INFO] [68/121] 창동 신경제 중심지 (primary=KEY_4)
2026-07-05 02:19:09,829 [INFO] [69/121] 청담동 명품거리 (primary=KEY_1)
2026-07-05 02:19:11,761 [INFO] [70/121] 청량리 제기동 일대 전통시장 (primary=KEY_2)
2026-07-05 02:19:13,017 [INFO] [71/121] 해방촌·경리단길 (primary=KEY_3)
2026-07-05 02:19:14,090 [INFO] [72/121] DDP(동대문디자인플라자) (primary=KEY_4)
2026-07-05 02:19:15,345 [INFO] [73/121] DMC(디지털미디어시티) (primary=KEY_1)
2026-07-05 02:19:17,601 [INFO] [74/121] 가산디지털단지역 (primary=KEY_2)
2026-07-05 02:19:19,352 [INFO] [75/121] 강남역 (primary=KEY_3)
2026-07-05 02:19:20,805 [INFO] [76/121] 건대입구역 (primary=KEY_4)
2026-07-05 02:19:22,069 [INFO] [77/121] 고덕역 (primary=KEY_1)
2026-07-05 02:19:23,304 [INFO] [78/121] 고속터미널역 (primary=KEY_2)
2026-07-05 02:19:24,563 [INFO] [79/121] 교대역 (primary=KEY_3)
2026-07-05 02:19:26,471 [INFO] [80/121] 구로디지털단지역 (primary=KEY_4)
2026-07-05 02:19:28,063 [INFO] [81/121] 구로역 (primary=KEY_1)
2026-07-05 02:19:29,286 [INFO] [82/121] 군자역 (primary=KEY_2)
2026-07-05 02:19:30,374 [INFO] [83/121] 대림역 (primary=KEY_3)
2026-07-05 02:19:32,232 [INFO] [84/121] 동대문역 (primary=KEY_4)
2026-07-05 02:19:34,107 [INFO] [85/121] 뚝섬역 (primary=KEY_1)
2026-07-05 02:19:35,351 [INFO] [86/121] 미아사거리역 (primary=KEY_2)
2026-07-05 02:19:36,587 [INFO] [87/121] 발산역 (primary=KEY_3)
2026-07-05 02:19:38,154 [INFO] [88/121] 사당역 (primary=KEY_4)
2026-07-05 02:19:39,399 [INFO] [89/121] 삼각지역 (primary=KEY_1)
2026-07-05 02:19:40,488 [INFO] [90/121] 서울대입구역 (primary=KEY_2)
2026-07-05 02:19:41,737 [INFO] [91/121] 서울식물원·마곡나루역 (primary=KEY_3)
2026-07-05 02:19:43,151 [INFO] [92/121] 서울역 (primary=KEY_4)
2026-07-05 02:19:44,440 [INFO] [93/121] 선릉역 (primary=KEY_1)
2026-07-05 02:19:46,046 [INFO] [94/121] 성신여대입구역 (primary=KEY_2)
2026-07-05 02:19:47,132 [INFO] [95/121] 수유역 (primary=KEY_3)
2026-07-05 02:19:48,367 [INFO] [96/121] 숭례문 (primary=KEY_4)
2026-07-05 02:19:49,770 [INFO] [97/121] 시의회 앞 (primary=KEY_1)
2026-07-05 02:19:51,606 [INFO] [98/121] 신논현역·논현역 (primary=KEY_2)
2026-07-05 02:19:53,503 [INFO] [99/121] 신도림역 (primary=KEY_3)
2026-07-05 02:19:54,585 [INFO] [100/121] 신림역 (primary=KEY_4)
2026-07-05 02:19:55,664 [INFO] [101/121] 신정네거리역 (primary=KEY_1)
2026-07-05 02:19:56,899 [INFO] [102/121] 신촌·이대역 (primary=KEY_2)
2026-07-05 02:19:58,142 [INFO] [103/121] 쌍문역 (primary=KEY_3)
2026-07-05 02:19:59,363 [INFO] [104/121] 양재역 (primary=KEY_4)
2026-07-05 02:20:00,595 [INFO] [105/121] 역삼역 (primary=KEY_1)
2026-07-05 02:20:01,986 [INFO] [106/121] 연신내역 (primary=KEY_2)
2026-07-05 02:20:03,059 [INFO] [107/121] 오목교역·목동운동장 (primary=KEY_3)
2026-07-05 02:20:04,778 [INFO] [108/121] 왕십리역 (primary=KEY_4)
2026-07-05 02:20:06,668 [INFO] [109/121] 용산역 (primary=KEY_1)
2026-07-05 02:20:08,084 [INFO] [110/121] 이태원역 (primary=KEY_2)
2026-07-05 02:20:09,183 [INFO] [111/121] 잠실새내역 (primary=KEY_3)
2026-07-05 02:20:10,400 [INFO] [112/121] 잠실역 (primary=KEY_4)
2026-07-05 02:20:11,791 [INFO] [113/121] 장지역 (primary=KEY_1)
2026-07-05 02:20:13,169 [INFO] [114/121] 장한평역 (primary=KEY_2)
2026-07-05 02:20:14,391 [INFO] [115/121] 천호역 (primary=KEY_3)
2026-07-05 02:20:15,619 [INFO] [116/121] 총신대입구(이수)역 (primary=KEY_4)
2026-07-05 02:20:16,838 [INFO] [117/121] 충정로역 (primary=KEY_1)
2026-07-05 02:20:18,059 [INFO] [118/121] 합정역 (primary=KEY_2)
2026-07-05 02:20:19,293 [INFO] [119/121] 혜화역 (primary=KEY_3)
2026-07-05 02:20:20,518 [INFO] [120/121] 홍대입구역(2호선) (primary=KEY_4)
2026-07-05 02:20:21,763 [INFO] [121/121] 회기역 (primary=KEY_1)
2026-07-05 02:20:23,687 [INFO] === 수집 완료 | 성공 121, 실패 0 ===
2026-07-05 02:20:23,687 [INFO] 카테고리별 저장 결과:
2026-07-05 02:20:23,687 [INFO]    accident                  | 신규     2행 | 누적      4행 | 16컬럼
2026-07-05 02:20:23,687 [INFO]    accident_acdnt_cntrl_stts | 신규     2행 | 누적      4행 | 16컬럼
2026-07-05 02:20:23,687 [INFO]    area_meta                 | 신규   121행 | 누적    242행 | 5컬럼
2026-07-05 02:20:23,687 [INFO]    bike                      | 신규    12행 | 누적     24행 | 12컬럼
2026-07-05 02:20:23,687 [INFO]    bike_sbike_stts           | 신규   553행 | 누적   1106행 | 12컬럼
2026-07-05 02:20:23,687 [INFO]    bus                       | 신규     3행 | 누적      6행 | 11컬럼
2026-07-05 02:20:23,687 [INFO]    bus_bus_stn_stts          | 신규  1745행 | 누적   3490행 | 11컬럼
2026-07-05 02:20:23,688 [INFO]    charger                   | 신규     4행 | 누적     30행 | 15컬럼
2026-07-05 02:20:23,688 [INFO]    charger_charger_stts      | 신규  1920행 | 누적   2243행 | 15컬럼
2026-07-05 02:20:23,688 [INFO]    cmrcl                     | 신규    82행 | 누적    164행 | 20컬럼
2026-07-05 02:20:23,688 [INFO]    events                    | 신규     8행 | 누적     16행 | 14컬럼
2026-07-05 02:20:23,688 [INFO]    events_event_stts         | 신규   129행 | 누적    258행 | 14컬럼
2026-07-05 02:20:23,688 [INFO]    parking                   | 신규     6행 | 누적     12행 | 21컬럼
2026-07-05 02:20:23,688 [INFO]    parking_prk_stts          | 신규  1833행 | 누적   3666행 | 21컬럼
2026-07-05 02:20:23,688 [INFO]    ppltn                     | 신규   121행 | 누적    242행 | 26컬럼
2026-07-05 02:20:23,688 [INFO]    road                      | 신규   121행 | 누적    242행 | 21컬럼
2026-07-05 02:20:23,688 [INFO]    road_road_traffic_stts    | 신규  5261행 | 누적  10522행 | 17컬럼
2026-07-05 02:20:23,688 [INFO]    subway                    | 신규    38행 | 누적     76행 | 13컬럼
2026-07-05 02:20:23,688 [INFO]    subway_sub_stts           | 신규   183행 | 누적    366행 | 13컬럼
2026-07-05 02:20:23,688 [INFO]    weather                   | 신규   119행 | 누적    238행 | 29컬럼
2026-07-05 02:20:23,688 [INFO] 키별 사용량:
2026-07-05 02:20:23,688 [INFO]    🟢 KEY_1 (31/1000) 
2026-07-05 02:20:23,688 [INFO]    🟢 KEY_2 (30/1000) 
2026-07-05 02:20:23,688 [INFO]    🟢 KEY_3 (30/1000) 
2026-07-05 02:20:23,688 [INFO]    🟢 KEY_4 (30/1000) 
2026-07-05 04:34:40,127 [INFO] 등록된 키: 4개, 합산 한도 4,000건/일
2026-07-05 04:34:40,128 [INFO] POI 로드: 매뉴얼 v8.5 기준 fallback 121개 (121개 전체)
2026-07-05 04:34:40,128 [INFO] === 수집 시작 2026-07-05T04:34:40.128161+09:00 ===
2026-07-05 04:34:40,128 [INFO] 대상 장소: 121개 | API: citydata (통합)
2026-07-05 04:34:40,128 [INFO] 키 풀: 4/4 활성 | 오늘 사용 0/4000건
2026-07-05 04:34:40,128 [INFO]   [KEY_1] 담당 31장소
2026-07-05 04:34:40,128 [INFO]   [KEY_2] 담당 30장소
2026-07-05 04:34:40,128 [INFO]   [KEY_3] 담당 30장소
2026-07-05 04:34:40,128 [INFO]   [KEY_4] 담당 30장소
2026-07-05 04:34:40,128 [INFO] [1/121] 경복궁 (primary=KEY_1)
2026-07-05 04:34:42,457 [INFO] [2/121] 광화문·덕수궁 (primary=KEY_2)
2026-07-05 04:34:44,024 [INFO] [3/121] 보신각 (primary=KEY_3)
2026-07-05 04:34:46,152 [INFO] [4/121] 서울 암사동 유적 (primary=KEY_4)
2026-07-05 04:34:48,072 [INFO] [5/121] 창덕궁·종묘 (primary=KEY_1)
2026-07-05 04:34:49,989 [INFO] [6/121] 강남 MICE 관광특구 (primary=KEY_2)
2026-07-05 04:34:52,311 [INFO] [7/121] 동대문 관광특구 (primary=KEY_3)
2026-07-05 04:34:54,657 [INFO] [8/121] 명동 관광특구 (primary=KEY_4)
2026-07-05 04:34:56,460 [INFO] [9/121] 이태원 관광특구 (primary=KEY_1)
2026-07-05 04:34:58,421 [INFO] [10/121] 잠실 관광특구 (primary=KEY_2)
2026-07-05 04:35:00,006 [INFO] [11/121] 종로·청계 관광특구 (primary=KEY_3)
2026-07-05 04:35:02,344 [INFO] [12/121] 홍대 관광특구 (primary=KEY_4)
2026-07-05 04:35:03,921 [INFO] [13/121] 강서한강공원 (primary=KEY_1)
2026-07-05 04:35:05,824 [INFO] [14/121] 고척돔 (primary=KEY_2)
2026-07-05 04:35:07,730 [INFO] [15/121] 광나루한강공원 (primary=KEY_3)
2026-07-05 04:35:09,646 [INFO] [16/121] 광화문광장 (primary=KEY_4)
2026-07-05 04:35:11,753 [INFO] [17/121] 국립중앙박물관·용산가족공원 (primary=KEY_1)
2026-07-05 04:35:13,674 [INFO] [18/121] 난지한강공원 (primary=KEY_2)
2026-07-05 04:35:14,810 [INFO] [19/121] 남산공원 (primary=KEY_3)
2026-07-05 04:35:17,131 [INFO] [20/121] 노들섬 (primary=KEY_4)
2026-07-05 04:35:18,855 [INFO] [21/121] 뚝섬한강공원 (primary=KEY_1)
2026-07-05 04:35:20,782 [INFO] [22/121] 망원한강공원 (primary=KEY_2)
2026-07-05 04:35:22,896 [INFO] [23/121] 반포한강공원 (primary=KEY_3)
2026-07-05 04:35:24,036 [INFO] [24/121] 보라매공원 (primary=KEY_4)
2026-07-05 04:35:25,221 [INFO] [25/121] 북서울꿈의숲 (primary=KEY_1)
2026-07-05 04:35:27,128 [INFO] [26/121] 서대문독립공원 (primary=KEY_2)
2026-07-05 04:35:28,291 [INFO] [27/121] 서리풀공원·몽마르뜨공원 (primary=KEY_3)
2026-07-05 04:35:29,466 [INFO] [28/121] 서울대공원 (primary=KEY_4)
2026-07-05 04:35:31,360 [INFO] [29/121] 서울숲공원 (primary=KEY_1)
2026-07-05 04:35:33,466 [INFO] [30/121] 송현녹지광장 (primary=KEY_2)
2026-07-05 04:35:36,327 [INFO] [31/121] 아차산 (primary=KEY_3)
2026-07-05 04:35:38,240 [INFO] [32/121] 안양천 (primary=KEY_4)
2026-07-05 04:35:39,382 [INFO] [33/121] 양화한강공원 (primary=KEY_1)
2026-07-05 04:35:40,522 [INFO] [34/121] 어린이대공원 (primary=KEY_2)
2026-07-05 04:35:42,451 [INFO] [35/121] 여의도한강공원 (primary=KEY_3)
2026-07-05 04:35:44,557 [INFO] [36/121] 여의서로 (primary=KEY_4)
2026-07-05 04:35:46,490 [INFO] [37/121] 올림픽공원 (primary=KEY_1)
2026-07-05 04:35:48,649 [INFO] [38/121] 월드컵공원 (primary=KEY_2)
2026-07-05 04:35:50,209 [INFO] [39/121] 응봉산 (primary=KEY_3)
2026-07-05 04:35:51,546 [INFO] [40/121] 이촌한강공원 (primary=KEY_4)
2026-07-05 04:35:52,690 [INFO] [41/121] 잠실종합운동장 (primary=KEY_1)
2026-07-05 04:35:53,832 [INFO] [42/121] 잠실한강공원 (primary=KEY_2)
2026-07-05 04:35:54,972 [INFO] [43/121] 잠원한강공원 (primary=KEY_3)
2026-07-05 04:35:56,889 [INFO] [44/121] 청계산 (primary=KEY_4)
2026-07-05 04:35:58,035 [INFO] [45/121] 홍제폭포 (primary=KEY_1)
2026-07-05 04:35:59,181 [INFO] [46/121] 가락시장 (primary=KEY_2)
2026-07-05 04:36:00,538 [INFO] [47/121] 가로수길 (primary=KEY_3)
2026-07-05 04:36:01,909 [INFO] [48/121] 광장(전통)시장 (primary=KEY_4)
2026-07-05 04:36:03,636 [INFO] [49/121] 김포공항 (primary=KEY_1)
2026-07-05 04:36:05,004 [INFO] [50/121] 남대문시장 (primary=KEY_2)
2026-07-05 04:36:06,175 [INFO] [51/121] 노량진 (primary=KEY_3)
2026-07-05 04:36:07,337 [INFO] [52/121] 덕수궁길·정동길 (primary=KEY_4)
2026-07-05 04:36:08,686 [INFO] [53/121] 북창동 먹자골목 (primary=KEY_1)
2026-07-05 04:36:09,833 [INFO] [54/121] 북촌한옥마을 (primary=KEY_2)
2026-07-05 04:36:11,170 [INFO] [55/121] 서촌 (primary=KEY_3)
2026-07-05 04:36:12,533 [INFO] [56/121] 성수카페거리 (primary=KEY_4)
2026-07-05 04:36:13,878 [INFO] [57/121] 송리단길·호수단길 (primary=KEY_1)
2026-07-05 04:36:16,006 [INFO] [58/121] 신촌 스타광장 (primary=KEY_2)
2026-07-05 04:36:17,929 [INFO] [59/121] 압구정로데오거리 (primary=KEY_3)
2026-07-05 04:36:19,271 [INFO] [60/121] 여의도 (primary=KEY_4)
2026-07-05 04:36:21,247 [INFO] [61/121] 연남동 (primary=KEY_1)
2026-07-05 04:36:22,588 [INFO] [62/121] 영등포 타임스퀘어 (primary=KEY_2)
2026-07-05 04:36:23,913 [INFO] [63/121] 용리단길 (primary=KEY_3)
2026-07-05 04:36:25,082 [INFO] [64/121] 이태원 앤틱가구거리 (primary=KEY_4)
2026-07-05 04:36:26,239 [INFO] [65/121] 익선동 (primary=KEY_1)
2026-07-05 04:36:27,594 [INFO] [66/121] 인사동 (primary=KEY_2)
2026-07-05 04:36:28,945 [INFO] [67/121] 잠실롯데타워·석촌호수 (primary=KEY_3)
2026-07-05 04:36:30,319 [INFO] [68/121] 창동 신경제 중심지 (primary=KEY_4)
2026-07-05 04:36:31,881 [INFO] [69/121] 청담동 명품거리 (primary=KEY_1)
2026-07-05 04:36:34,007 [INFO] [70/121] 청량리 제기동 일대 전통시장 (primary=KEY_2)
2026-07-05 04:36:35,368 [INFO] [71/121] 해방촌·경리단길 (primary=KEY_3)
2026-07-05 04:36:36,529 [INFO] [72/121] DDP(동대문디자인플라자) (primary=KEY_4)
2026-07-05 04:36:37,957 [INFO] [73/121] DMC(디지털미디어시티) (primary=KEY_1)
2026-07-05 04:36:39,517 [INFO] [74/121] 가산디지털단지역 (primary=KEY_2)
2026-07-05 04:36:41,056 [INFO] [75/121] 강남역 (primary=KEY_3)
2026-07-05 04:36:42,632 [INFO] [76/121] 건대입구역 (primary=KEY_4)
2026-07-05 04:36:44,005 [INFO] [77/121] 고덕역 (primary=KEY_1)
2026-07-05 04:36:45,372 [INFO] [78/121] 고속터미널역 (primary=KEY_2)
2026-07-05 04:36:46,569 [INFO] [79/121] 교대역 (primary=KEY_3)
2026-07-05 04:36:47,752 [INFO] [80/121] 구로디지털단지역 (primary=KEY_4)
2026-07-05 04:36:49,120 [INFO] [81/121] 구로역 (primary=KEY_1)
2026-07-05 04:36:50,283 [INFO] [82/121] 군자역 (primary=KEY_2)
2026-07-05 04:36:51,452 [INFO] [83/121] 대림역 (primary=KEY_3)
2026-07-05 04:36:53,394 [INFO] [84/121] 동대문역 (primary=KEY_4)
2026-07-05 04:36:54,768 [INFO] [85/121] 뚝섬역 (primary=KEY_1)
2026-07-05 04:36:56,123 [INFO] [86/121] 미아사거리역 (primary=KEY_2)
2026-07-05 04:36:57,469 [INFO] [87/121] 발산역 (primary=KEY_3)
2026-07-05 04:36:59,012 [INFO] [88/121] 사당역 (primary=KEY_4)
2026-07-05 04:37:00,383 [INFO] [89/121] 삼각지역 (primary=KEY_1)
2026-07-05 04:37:01,550 [INFO] [90/121] 서울대입구역 (primary=KEY_2)
2026-07-05 04:37:02,716 [INFO] [91/121] 서울식물원·마곡나루역 (primary=KEY_3)
2026-07-05 04:37:04,068 [INFO] [92/121] 서울역 (primary=KEY_4)
2026-07-05 04:37:05,458 [INFO] [93/121] 선릉역 (primary=KEY_1)
2026-07-05 04:37:07,017 [INFO] [94/121] 성신여대입구역 (primary=KEY_2)
2026-07-05 04:37:08,174 [INFO] [95/121] 수유역 (primary=KEY_3)
2026-07-05 04:37:09,521 [INFO] [96/121] 숭례문 (primary=KEY_4)
2026-07-05 04:37:10,871 [INFO] [97/121] 시의회 앞 (primary=KEY_1)
2026-07-05 04:37:12,218 [INFO] [98/121] 신논현역·논현역 (primary=KEY_2)
2026-07-05 04:37:13,590 [INFO] [99/121] 신도림역 (primary=KEY_3)
2026-07-05 04:37:14,740 [INFO] [100/121] 신림역 (primary=KEY_4)
2026-07-05 04:37:15,908 [INFO] [101/121] 신정네거리역 (primary=KEY_1)
2026-07-05 04:37:17,104 [INFO] [102/121] 신촌·이대역 (primary=KEY_2)
2026-07-05 04:37:18,469 [INFO] [103/121] 쌍문역 (primary=KEY_3)
2026-07-05 04:37:19,628 [INFO] [104/121] 양재역 (primary=KEY_4)
2026-07-05 04:37:20,793 [INFO] [105/121] 역삼역 (primary=KEY_1)
2026-07-05 04:37:22,149 [INFO] [106/121] 연신내역 (primary=KEY_2)
2026-07-05 04:37:23,317 [INFO] [107/121] 오목교역·목동운동장 (primary=KEY_3)
2026-07-05 04:37:24,881 [INFO] [108/121] 왕십리역 (primary=KEY_4)
2026-07-05 04:37:26,246 [INFO] [109/121] 용산역 (primary=KEY_1)
2026-07-05 04:37:27,621 [INFO] [110/121] 이태원역 (primary=KEY_2)
2026-07-05 04:37:28,767 [INFO] [111/121] 잠실새내역 (primary=KEY_3)
2026-07-05 04:37:30,110 [INFO] [112/121] 잠실역 (primary=KEY_4)
2026-07-05 04:37:31,469 [INFO] [113/121] 장지역 (primary=KEY_1)
2026-07-05 04:37:32,812 [INFO] [114/121] 장한평역 (primary=KEY_2)
2026-07-05 04:37:34,162 [INFO] [115/121] 천호역 (primary=KEY_3)
2026-07-05 04:37:35,514 [INFO] [116/121] 총신대입구(이수)역 (primary=KEY_4)
2026-07-05 04:37:36,927 [INFO] [117/121] 충정로역 (primary=KEY_1)
2026-07-05 04:37:38,107 [INFO] [118/121] 합정역 (primary=KEY_2)
2026-07-05 04:37:39,451 [INFO] [119/121] 혜화역 (primary=KEY_3)
2026-07-05 04:37:40,601 [INFO] [120/121] 홍대입구역(2호선) (primary=KEY_4)
2026-07-05 04:37:41,769 [INFO] [121/121] 회기역 (primary=KEY_1)
2026-07-05 04:37:43,896 [INFO] === 수집 완료 | 성공 121, 실패 0 ===
2026-07-05 04:37:43,896 [INFO] 카테고리별 저장 결과:
2026-07-05 04:37:43,896 [INFO]    accident                  | 신규     2행 | 누적      6행 | 16컬럼
2026-07-05 04:37:43,896 [INFO]    accident_acdnt_cntrl_stts | 신규     2행 | 누적      6행 | 16컬럼
2026-07-05 04:37:43,896 [INFO]    area_meta                 | 신규   121행 | 누적    363행 | 5컬럼
2026-07-05 04:37:43,896 [INFO]    bike                      | 신규    12행 | 누적     36행 | 12컬럼
2026-07-05 04:37:43,896 [INFO]    bike_sbike_stts           | 신규   553행 | 누적   1659행 | 12컬럼
2026-07-05 04:37:43,896 [INFO]    bus                       | 신규     3행 | 누적      9행 | 11컬럼
2026-07-05 04:37:43,896 [INFO]    bus_bus_stn_stts          | 신규  1745행 | 누적   5235행 | 11컬럼
2026-07-05 04:37:43,896 [INFO]    charger                   | 신규    26행 | 누적     56행 | 15컬럼
2026-07-05 04:37:43,896 [INFO]    charger_charger_stts      | 신규   340행 | 누적   2581행 | 15컬럼
2026-07-05 04:37:43,896 [INFO]    cmrcl                     | 신규    82행 | 누적    246행 | 20컬럼
2026-07-05 04:37:43,896 [INFO]    events                    | 신규     8행 | 누적     24행 | 14컬럼
2026-07-05 04:37:43,896 [INFO]    events_event_stts         | 신규   129행 | 누적    387행 | 14컬럼
2026-07-05 04:37:43,896 [INFO]    parking                   | 신규     6행 | 누적     18행 | 21컬럼
2026-07-05 04:37:43,896 [INFO]    parking_prk_stts          | 신규  1833행 | 누적   5499행 | 21컬럼
2026-07-05 04:37:43,896 [INFO]    ppltn                     | 신규   121행 | 누적    363행 | 26컬럼
2026-07-05 04:37:43,897 [INFO]    road                      | 신규   121행 | 누적    363행 | 21컬럼
2026-07-05 04:37:43,897 [INFO]    road_road_traffic_stts    | 신규  5261행 | 누적  15783행 | 17컬럼
2026-07-05 04:37:43,897 [INFO]    subway                    | 신규    38행 | 누적    114행 | 13컬럼
2026-07-05 04:37:43,897 [INFO]    subway_sub_stts           | 신규   183행 | 누적    549행 | 13컬럼
2026-07-05 04:37:43,897 [INFO]    weather                   | 신규   119행 | 누적    357행 | 29컬럼
2026-07-05 04:37:43,897 [INFO] 키별 사용량:
2026-07-05 04:37:43,897 [INFO]    🟢 KEY_1 (31/1000) 
2026-07-05 04:37:43,897 [INFO]    🟢 KEY_2 (30/1000) 
2026-07-05 04:37:43,897 [INFO]    🟢 KEY_3 (30/1000) 
2026-07-05 04:37:43,897 [INFO]    🟢 KEY_4 (30/1000) 
