2026-10-04 02:14:03,901 [INFO] 등록된 키: 4개, 합산 한도 4,000건/일
2026-10-04 02:14:03,901 [INFO] POI 로드: 매뉴얼 v8.5 기준 fallback 121개 (121개 전체)
2026-10-04 02:14:03,901 [INFO] === 수집 시작 2026-10-04T02:14:03.901921+09:00 ===
2026-10-04 02:14:03,902 [INFO] 대상 장소: 121개 | API: citydata (통합)
2026-10-04 02:14:03,902 [INFO] 키 풀: 4/4 활성 | 오늘 사용 0/4000건
2026-10-04 02:14:03,902 [INFO]   [KEY_1] 담당 31장소
2026-10-04 02:14:03,902 [INFO]   [KEY_2] 담당 30장소
2026-10-04 02:14:03,902 [INFO]   [KEY_3] 담당 30장소
2026-10-04 02:14:03,902 [INFO]   [KEY_4] 담당 30장소
2026-10-04 02:14:03,902 [INFO] [1/121] 경복궁 (primary=KEY_1)
2026-10-04 02:14:05,664 [INFO] [2/121] 광화문·덕수궁 (primary=KEY_2)
2026-10-04 02:14:08,195 [INFO] [3/121] 보신각 (primary=KEY_3)
2026-10-04 02:14:09,331 [INFO] [4/121] 서울 암사동 유적 (primary=KEY_4)
2026-10-04 02:14:10,326 [INFO] [5/121] 창덕궁·종묘 (primary=KEY_1)
2026-10-04 02:14:12,013 [INFO] [6/121] 강남 MICE 관광특구 (primary=KEY_2)
2026-10-04 02:14:13,170 [INFO] [7/121] 동대문 관광특구 (primary=KEY_3)
2026-10-04 02:14:15,057 [INFO] [8/121] 명동 관광특구 (primary=KEY_4)
2026-10-04 02:14:16,680 [INFO] [9/121] 이태원 관광특구 (primary=KEY_1)
2026-10-04 02:14:18,394 [INFO] [10/121] 잠실 관광특구 (primary=KEY_2)
2026-10-04 02:14:20,445 [INFO] [11/121] 종로·청계 관광특구 (primary=KEY_3)
2026-10-04 02:14:21,765 [INFO] [12/121] 홍대 관광특구 (primary=KEY_4)
2026-10-04 02:14:23,644 [INFO] [13/121] 강서한강공원 (primary=KEY_1)
2026-10-04 02:14:24,637 [INFO] [14/121] 고척돔 (primary=KEY_2)
2026-10-04 02:14:25,624 [INFO] [15/121] 광나루한강공원 (primary=KEY_3)
2026-10-04 02:14:27,331 [INFO] [16/121] 광화문광장 (primary=KEY_4)
2026-10-04 02:14:28,473 [INFO] [17/121] 국립중앙박물관·용산가족공원 (primary=KEY_1)
2026-10-04 02:14:30,578 [INFO] [18/121] 난지한강공원 (primary=KEY_2)
2026-10-04 02:14:32,134 [INFO] [19/121] 남산공원 (primary=KEY_3)
2026-10-04 02:14:33,976 [INFO] [20/121] 노들섬 (primary=KEY_4)
2026-10-04 02:14:34,967 [INFO] [21/121] 뚝섬한강공원 (primary=KEY_1)
2026-10-04 02:14:35,993 [INFO] [22/121] 망원한강공원 (primary=KEY_2)
2026-10-04 02:14:37,127 [INFO] [23/121] 반포한강공원 (primary=KEY_3)
2026-10-04 02:14:38,099 [INFO] [24/121] 보라매공원 (primary=KEY_4)
2026-10-04 02:14:39,098 [INFO] [25/121] 북서울꿈의숲 (primary=KEY_1)
2026-10-04 02:14:40,239 [INFO] [26/121] 서대문독립공원 (primary=KEY_2)
2026-10-04 02:14:41,249 [INFO] [27/121] 서리풀공원·몽마르뜨공원 (primary=KEY_3)
2026-10-04 02:14:42,278 [INFO] [28/121] 서울대공원 (primary=KEY_4)
2026-10-04 02:14:43,243 [INFO] [29/121] 서울숲공원 (primary=KEY_1)
2026-10-04 02:14:44,392 [INFO] [30/121] 송현녹지광장 (primary=KEY_2)
2026-10-04 02:14:45,531 [INFO] [31/121] 아차산 (primary=KEY_3)
2026-10-04 02:14:47,070 [INFO] [32/121] 안양천 (primary=KEY_4)
2026-10-04 02:14:48,034 [INFO] [33/121] 양화한강공원 (primary=KEY_1)
2026-10-04 02:14:49,002 [INFO] [34/121] 어린이대공원 (primary=KEY_2)
2026-10-04 02:14:50,141 [INFO] [35/121] 여의도한강공원 (primary=KEY_3)
2026-10-04 02:14:51,274 [INFO] [36/121] 여의서로 (primary=KEY_4)
2026-10-04 02:14:52,380 [INFO] [37/121] 올림픽공원 (primary=KEY_1)
2026-10-04 02:14:53,556 [INFO] [38/121] 월드컵공원 (primary=KEY_2)
2026-10-04 02:14:54,883 [INFO] [39/121] 응봉산 (primary=KEY_3)
2026-10-04 02:14:55,993 [INFO] [40/121] 이촌한강공원 (primary=KEY_4)
2026-10-04 02:14:56,967 [INFO] [41/121] 잠실종합운동장 (primary=KEY_1)
2026-10-04 02:14:57,951 [INFO] [42/121] 잠실한강공원 (primary=KEY_2)
2026-10-04 02:14:58,946 [INFO] [43/121] 잠원한강공원 (primary=KEY_3)
2026-10-04 02:14:59,938 [INFO] [44/121] 청계산 (primary=KEY_4)
2026-10-04 02:15:00,903 [INFO] [45/121] 홍제폭포 (primary=KEY_1)
2026-10-04 02:15:02,693 [INFO] [46/121] 가락시장 (primary=KEY_2)
2026-10-04 02:15:04,645 [INFO] [47/121] 가로수길 (primary=KEY_3)
2026-10-04 02:15:06,615 [INFO] [48/121] 광장(전통)시장 (primary=KEY_4)
2026-10-04 02:15:08,413 [INFO] [49/121] 김포공항 (primary=KEY_1)
2026-10-04 02:15:09,674 [INFO] [50/121] 남대문시장 (primary=KEY_2)
2026-10-04 02:15:10,817 [INFO] [51/121] 노량진 (primary=KEY_3)
2026-10-04 02:15:12,641 [INFO] [52/121] 덕수궁길·정동길 (primary=KEY_4)
2026-10-04 02:15:14,324 [INFO] [53/121] 북창동 먹자골목 (primary=KEY_1)
2026-10-04 02:15:16,790 [INFO] [54/121] 북촌한옥마을 (primary=KEY_2)
2026-10-04 02:15:18,054 [INFO] [55/121] 서촌 (primary=KEY_3)
2026-10-04 02:15:19,173 [INFO] [56/121] 성수카페거리 (primary=KEY_4)
2026-10-04 02:15:21,174 [INFO] [57/121] 송리단길·호수단길 (primary=KEY_1)
2026-10-04 02:15:22,876 [INFO] [58/121] 신촌 스타광장 (primary=KEY_2)
2026-10-04 02:15:23,859 [INFO] [59/121] 압구정로데오거리 (primary=KEY_3)
2026-10-04 02:15:25,692 [INFO] [60/121] 여의도 (primary=KEY_4)
2026-10-04 02:15:28,014 [INFO] [61/121] 연남동 (primary=KEY_1)
2026-10-04 02:15:29,126 [INFO] [62/121] 영등포 타임스퀘어 (primary=KEY_2)
2026-10-04 02:15:30,255 [INFO] [63/121] 용리단길 (primary=KEY_3)
2026-10-04 02:15:31,962 [INFO] [64/121] 이태원 앤틱가구거리 (primary=KEY_4)
2026-10-04 02:15:33,093 [INFO] [65/121] 익선동 (primary=KEY_1)
2026-10-04 02:15:34,915 [INFO] [66/121] 인사동 (primary=KEY_2)
2026-10-04 02:15:36,712 [INFO] [67/121] 잠실롯데타워·석촌호수 (primary=KEY_3)
2026-10-04 02:15:38,112 [INFO] [68/121] 창동 신경제 중심지 (primary=KEY_4)
2026-10-04 02:15:39,517 [INFO] [69/121] 청담동 명품거리 (primary=KEY_1)
2026-10-04 02:15:40,643 [INFO] [70/121] 청량리 제기동 일대 전통시장 (primary=KEY_2)
2026-10-04 02:15:41,782 [INFO] [71/121] 해방촌·경리단길 (primary=KEY_3)
2026-10-04 02:15:42,795 [INFO] [72/121] DDP(동대문디자인플라자) (primary=KEY_4)
2026-10-04 02:15:43,923 [INFO] [73/121] DMC(디지털미디어시티) (primary=KEY_1)
2026-10-04 02:15:45,387 [INFO] [74/121] 가산디지털단지역 (primary=KEY_2)
2026-10-04 02:15:46,966 [INFO] [75/121] 강남역 (primary=KEY_3)
2026-10-04 02:15:48,259 [INFO] [76/121] 건대입구역 (primary=KEY_4)
2026-10-04 02:15:49,418 [INFO] [77/121] 고덕역 (primary=KEY_1)
2026-10-04 02:15:50,528 [INFO] [78/121] 고속터미널역 (primary=KEY_2)
2026-10-04 02:15:51,674 [INFO] [79/121] 교대역 (primary=KEY_3)
2026-10-04 02:15:52,712 [INFO] [80/121] 구로디지털단지역 (primary=KEY_4)
2026-10-04 02:15:54,129 [INFO] [81/121] 구로역 (primary=KEY_1)
2026-10-04 02:15:55,264 [INFO] [82/121] 군자역 (primary=KEY_2)
2026-10-04 02:15:56,266 [INFO] [83/121] 대림역 (primary=KEY_3)
2026-10-04 02:15:57,403 [INFO] [84/121] 동대문역 (primary=KEY_4)
2026-10-04 02:15:58,517 [INFO] [85/121] 뚝섬역 (primary=KEY_1)
2026-10-04 02:15:59,642 [INFO] [86/121] 미아사거리역 (primary=KEY_2)
2026-10-04 02:16:00,798 [INFO] [87/121] 발산역 (primary=KEY_3)
2026-10-04 02:16:02,120 [INFO] [88/121] 사당역 (primary=KEY_4)
2026-10-04 02:16:03,270 [INFO] [89/121] 삼각지역 (primary=KEY_1)
2026-10-04 02:16:04,259 [INFO] [90/121] 서울대입구역 (primary=KEY_2)
2026-10-04 02:16:05,378 [INFO] [91/121] 서울식물원·마곡나루역 (primary=KEY_3)
2026-10-04 02:16:06,656 [INFO] [92/121] 서울역 (primary=KEY_4)
2026-10-04 02:16:07,958 [INFO] [93/121] 선릉역 (primary=KEY_1)
2026-10-04 02:16:09,411 [INFO] [94/121] 성신여대입구역 (primary=KEY_2)
2026-10-04 02:16:10,420 [INFO] [95/121] 수유역 (primary=KEY_3)
2026-10-04 02:16:11,582 [INFO] [96/121] 숭례문 (primary=KEY_4)
2026-10-04 02:16:12,713 [INFO] [97/121] 시의회 앞 (primary=KEY_1)
2026-10-04 02:16:13,861 [INFO] [98/121] 신논현역·논현역 (primary=KEY_2)
2026-10-04 02:16:15,013 [INFO] [99/121] 신도림역 (primary=KEY_3)
2026-10-04 02:16:16,030 [INFO] [100/121] 신림역 (primary=KEY_4)
2026-10-04 02:16:17,046 [INFO] [101/121] 신정네거리역 (primary=KEY_1)
2026-10-04 02:16:18,195 [INFO] [102/121] 신촌·이대역 (primary=KEY_2)
2026-10-04 02:16:19,321 [INFO] [103/121] 쌍문역 (primary=KEY_3)
2026-10-04 02:16:20,473 [INFO] [104/121] 양재역 (primary=KEY_4)
2026-10-04 02:16:21,612 [INFO] [105/121] 역삼역 (primary=KEY_1)
2026-10-04 02:16:22,890 [INFO] [106/121] 연신내역 (primary=KEY_2)
2026-10-04 02:16:23,913 [INFO] [107/121] 오목교역·목동운동장 (primary=KEY_3)
2026-10-04 02:16:25,462 [INFO] [108/121] 왕십리역 (primary=KEY_4)
2026-10-04 02:16:26,613 [INFO] [109/121] 용산역 (primary=KEY_1)
2026-10-04 02:16:27,893 [INFO] [110/121] 이태원역 (primary=KEY_2)
2026-10-04 02:16:28,879 [INFO] [111/121] 잠실새내역 (primary=KEY_3)
2026-10-04 02:16:30,073 [INFO] [112/121] 잠실역 (primary=KEY_4)
2026-10-04 02:16:31,360 [INFO] [113/121] 장지역 (primary=KEY_1)
2026-10-04 02:16:32,611 [INFO] [114/121] 장한평역 (primary=KEY_2)
2026-10-04 02:16:33,758 [INFO] [115/121] 천호역 (primary=KEY_3)
2026-10-04 02:16:34,906 [INFO] [116/121] 총신대입구(이수)역 (primary=KEY_4)
2026-10-04 02:16:36,031 [INFO] [117/121] 충정로역 (primary=KEY_1)
2026-10-04 02:16:37,178 [INFO] [118/121] 합정역 (primary=KEY_2)
2026-10-04 02:16:38,341 [INFO] [119/121] 혜화역 (primary=KEY_3)
2026-10-04 02:16:39,463 [INFO] [120/121] 홍대입구역(2호선) (primary=KEY_4)
2026-10-04 02:16:40,609 [INFO] [121/121] 회기역 (primary=KEY_1)
2026-10-04 02:16:42,079 [INFO] === 수집 완료 | 성공 121, 실패 0 ===
2026-10-04 02:16:42,079 [INFO] 카테고리별 저장 결과:
2026-10-04 02:16:42,079 [INFO]    accident                  | 신규     6행 | 누적      6행 | 16컬럼
2026-10-04 02:16:42,079 [INFO]    accident_acdnt_cntrl_stts | 신규     2행 | 누적      2행 | 16컬럼
2026-10-04 02:16:42,079 [INFO]    area_meta                 | 신규   121행 | 누적    121행 | 5컬럼
2026-10-04 02:16:42,080 [INFO]    bike                      | 신규    10행 | 누적     10행 | 12컬럼
2026-10-04 02:16:42,080 [INFO]    bike_sbike_stts           | 신규   572행 | 누적    572행 | 12컬럼
2026-10-04 02:16:42,080 [INFO]    bus                       | 신규     3행 | 누적      3행 | 11컬럼
2026-10-04 02:16:42,080 [INFO]    bus_bus_stn_stts          | 신규  1745행 | 누적   1745행 | 11컬럼
2026-10-04 02:16:42,080 [INFO]    charger                   | 신규     4행 | 누적      4행 | 15컬럼
2026-10-04 02:16:42,080 [INFO]    charger_charger_stts      | 신규  1927행 | 누적   1927행 | 15컬럼
2026-10-04 02:16:42,080 [INFO]    cmrcl                     | 신규    82행 | 누적     82행 | 21컬럼
2026-10-04 02:16:42,080 [INFO]    events                    | 신규    15행 | 누적     15행 | 14컬럼
2026-10-04 02:16:42,080 [INFO]    events_event_stts         | 신규   134행 | 누적    134행 | 14컬럼
2026-10-04 02:16:42,080 [INFO]    parking                   | 신규     6행 | 누적      6행 | 21컬럼
2026-10-04 02:16:42,080 [INFO]    parking_prk_stts          | 신규  1832행 | 누적   1832행 | 21컬럼
2026-10-04 02:16:42,080 [INFO]    ppltn                     | 신규   121행 | 누적    121행 | 26컬럼
2026-10-04 02:16:42,080 [INFO]    road                      | 신규   121행 | 누적    121행 | 21컬럼
2026-10-04 02:16:42,080 [INFO]    road_road_traffic_stts    | 신규  5303행 | 누적   5303행 | 17컬럼
2026-10-04 02:16:42,080 [INFO]    subway                    | 신규    38행 | 누적     38행 | 12컬럼
2026-10-04 02:16:42,080 [INFO]    subway_sub_stts           | 신규   183행 | 누적    183행 | 13컬럼
2026-10-04 02:16:42,080 [INFO]    weather                   | 신규   119행 | 누적    119행 | 29컬럼
2026-10-04 02:16:42,080 [INFO] 키별 사용량:
2026-10-04 02:16:42,080 [INFO]    🟢 KEY_1 (31/1000) 
2026-10-04 02:16:42,080 [INFO]    🟢 KEY_2 (30/1000) 
2026-10-04 02:16:42,080 [INFO]    🟢 KEY_3 (30/1000) 
2026-10-04 02:16:42,080 [INFO]    🟢 KEY_4 (30/1000) 
