2026-06-13 00:15:28,069 [INFO] 등록된 키: 4개, 합산 한도 4,000건/일
2026-06-13 00:15:28,070 [INFO] POI 로드: 매뉴얼 v8.5 기준 fallback 121개 (121개 전체)
2026-06-13 00:15:28,070 [INFO] === 수집 시작 2026-06-13T00:15:28.070676+09:00 ===
2026-06-13 00:15:28,070 [INFO] 대상 장소: 121개 | API: citydata (통합)
2026-06-13 00:15:28,070 [INFO] 키 풀: 4/4 활성 | 오늘 사용 0/4000건
2026-06-13 00:15:28,070 [INFO]   [KEY_1] 담당 31장소
2026-06-13 00:15:28,070 [INFO]   [KEY_2] 담당 30장소
2026-06-13 00:15:28,071 [INFO]   [KEY_3] 담당 30장소
2026-06-13 00:15:28,071 [INFO]   [KEY_4] 담당 30장소
2026-06-13 00:15:28,071 [INFO] [1/121] 경복궁 (primary=KEY_1)
2026-06-13 00:15:29,797 [INFO] [2/121] 광화문·덕수궁 (primary=KEY_2)
2026-06-13 00:15:31,741 [INFO] [3/121] 보신각 (primary=KEY_3)
2026-06-13 00:15:33,011 [INFO] [4/121] 서울 암사동 유적 (primary=KEY_4)
2026-06-13 00:15:34,549 [INFO] [5/121] 창덕궁·종묘 (primary=KEY_1)
2026-06-13 00:15:36,229 [INFO] [6/121] 강남 MICE 관광특구 (primary=KEY_2)
2026-06-13 00:15:37,789 [INFO] [7/121] 동대문 관광특구 (primary=KEY_3)
2026-06-13 00:15:39,683 [INFO] [8/121] 명동 관광특구 (primary=KEY_4)
2026-06-13 00:15:41,152 [INFO] [9/121] 이태원 관광특구 (primary=KEY_1)
2026-06-13 00:15:42,337 [INFO] [10/121] 잠실 관광특구 (primary=KEY_2)
2026-06-13 00:15:43,671 [INFO] [11/121] 종로·청계 관광특구 (primary=KEY_3)
2026-06-13 00:15:44,988 [INFO] [12/121] 홍대 관광특구 (primary=KEY_4)
2026-06-13 00:15:46,314 [INFO] [13/121] 강서한강공원 (primary=KEY_1)
2026-06-13 00:15:47,861 [INFO] [14/121] 고척돔 (primary=KEY_2)
2026-06-13 00:15:49,395 [INFO] [15/121] 광나루한강공원 (primary=KEY_3)
2026-06-13 00:15:50,511 [INFO] [16/121] 광화문광장 (primary=KEY_4)
2026-06-13 00:15:51,711 [INFO] [17/121] 국립중앙박물관·용산가족공원 (primary=KEY_1)
2026-06-13 00:15:52,718 [INFO] [18/121] 난지한강공원 (primary=KEY_2)
2026-06-13 00:15:53,695 [INFO] [19/121] 남산공원 (primary=KEY_3)
2026-06-13 00:15:54,980 [INFO] [20/121] 노들섬 (primary=KEY_4)
2026-06-13 00:15:55,968 [INFO] [21/121] 뚝섬한강공원 (primary=KEY_1)
2026-06-13 00:15:56,958 [INFO] [22/121] 망원한강공원 (primary=KEY_2)
2026-06-13 00:15:58,091 [INFO] [23/121] 반포한강공원 (primary=KEY_3)
2026-06-13 00:15:59,068 [INFO] [24/121] 보라매공원 (primary=KEY_4)
2026-06-13 00:16:00,086 [INFO] [25/121] 북서울꿈의숲 (primary=KEY_1)
2026-06-13 00:16:01,069 [INFO] [26/121] 서대문독립공원 (primary=KEY_2)
2026-06-13 00:16:02,056 [INFO] [27/121] 서리풀공원·몽마르뜨공원 (primary=KEY_3)
2026-06-13 00:16:03,060 [INFO] [28/121] 서울대공원 (primary=KEY_4)
2026-06-13 00:16:04,035 [INFO] [29/121] 서울숲공원 (primary=KEY_1)
2026-06-13 00:16:05,712 [INFO] [30/121] 송현녹지광장 (primary=KEY_2)
2026-06-13 00:16:06,823 [INFO] [31/121] 아차산 (primary=KEY_3)
2026-06-13 00:16:07,793 [INFO] [32/121] 안양천 (primary=KEY_4)
2026-06-13 00:16:08,765 [INFO] [33/121] 양화한강공원 (primary=KEY_1)
2026-06-13 00:16:09,750 [INFO] [34/121] 어린이대공원 (primary=KEY_2)
2026-06-13 00:16:10,744 [INFO] [35/121] 여의도한강공원 (primary=KEY_3)
2026-06-13 00:16:11,864 [INFO] [36/121] 여의서로 (primary=KEY_4)
2026-06-13 00:16:12,836 [INFO] [37/121] 올림픽공원 (primary=KEY_1)
2026-06-13 00:16:13,966 [INFO] [38/121] 월드컵공원 (primary=KEY_2)
2026-06-13 00:16:15,269 [INFO] [39/121] 응봉산 (primary=KEY_3)
2026-06-13 00:16:16,398 [INFO] [40/121] 이촌한강공원 (primary=KEY_4)
2026-06-13 00:16:17,364 [INFO] [41/121] 잠실종합운동장 (primary=KEY_1)
2026-06-13 00:16:18,337 [INFO] [42/121] 잠실한강공원 (primary=KEY_2)
2026-06-13 00:16:19,315 [INFO] [43/121] 잠원한강공원 (primary=KEY_3)
2026-06-13 00:16:20,290 [INFO] [44/121] 청계산 (primary=KEY_4)
2026-06-13 00:16:21,267 [INFO] [45/121] 홍제폭포 (primary=KEY_1)
2026-06-13 00:16:22,242 [INFO] [46/121] 가락시장 (primary=KEY_2)
2026-06-13 00:16:23,367 [INFO] [47/121] 가로수길 (primary=KEY_3)
2026-06-13 00:16:24,522 [INFO] [48/121] 광장(전통)시장 (primary=KEY_4)
2026-06-13 00:16:25,519 [INFO] [49/121] 김포공항 (primary=KEY_1)
2026-06-13 00:16:26,692 [INFO] [50/121] 남대문시장 (primary=KEY_2)
2026-06-13 00:16:28,256 [INFO] [51/121] 노량진 (primary=KEY_3)
2026-06-13 00:16:29,267 [INFO] [52/121] 덕수궁길·정동길 (primary=KEY_4)
2026-06-13 00:16:30,416 [INFO] [53/121] 북창동 먹자골목 (primary=KEY_1)
2026-06-13 00:16:31,396 [INFO] [54/121] 북촌한옥마을 (primary=KEY_2)
2026-06-13 00:16:32,536 [INFO] [55/121] 서촌 (primary=KEY_3)
2026-06-13 00:16:33,664 [INFO] [56/121] 성수카페거리 (primary=KEY_4)
2026-06-13 00:16:34,799 [INFO] [57/121] 송리단길·호수단길 (primary=KEY_1)
2026-06-13 00:16:35,945 [INFO] [58/121] 신촌 스타광장 (primary=KEY_2)
2026-06-13 00:16:36,948 [INFO] [59/121] 압구정로데오거리 (primary=KEY_3)
2026-06-13 00:16:38,097 [INFO] [60/121] 여의도 (primary=KEY_4)
2026-06-13 00:16:39,702 [INFO] [61/121] 연남동 (primary=KEY_1)
2026-06-13 00:16:40,828 [INFO] [62/121] 영등포 타임스퀘어 (primary=KEY_2)
2026-06-13 00:16:41,942 [INFO] [63/121] 용리단길 (primary=KEY_3)
2026-06-13 00:16:42,954 [INFO] [64/121] 이태원 앤틱가구거리 (primary=KEY_4)
2026-06-13 00:16:43,938 [INFO] [65/121] 익선동 (primary=KEY_1)
2026-06-13 00:16:45,091 [INFO] [66/121] 인사동 (primary=KEY_2)
2026-06-13 00:16:46,247 [INFO] [67/121] 잠실롯데타워·석촌호수 (primary=KEY_3)
2026-06-13 00:16:47,395 [INFO] [68/121] 창동 신경제 중심지 (primary=KEY_4)
2026-06-13 00:16:48,687 [INFO] [69/121] 청담동 명품거리 (primary=KEY_1)
2026-06-13 00:16:49,807 [INFO] [70/121] 청량리 제기동 일대 전통시장 (primary=KEY_2)
2026-06-13 00:16:50,938 [INFO] [71/121] 해방촌·경리단길 (primary=KEY_3)
2026-06-13 00:16:51,922 [INFO] [72/121] DDP(동대문디자인플라자) (primary=KEY_4)
2026-06-13 00:16:53,110 [INFO] [73/121] DMC(디지털미디어시티) (primary=KEY_1)
2026-06-13 00:16:54,408 [INFO] [74/121] 가산디지털단지역 (primary=KEY_2)
2026-06-13 00:16:55,662 [INFO] [75/121] 강남역 (primary=KEY_3)
2026-06-13 00:16:56,972 [INFO] [76/121] 건대입구역 (primary=KEY_4)
2026-06-13 00:16:58,117 [INFO] [77/121] 고덕역 (primary=KEY_1)
2026-06-13 00:16:59,237 [INFO] [78/121] 고속터미널역 (primary=KEY_2)
2026-06-13 00:17:00,247 [INFO] [79/121] 교대역 (primary=KEY_3)
2026-06-13 00:17:01,249 [INFO] [80/121] 구로디지털단지역 (primary=KEY_4)
2026-06-13 00:17:02,381 [INFO] [81/121] 구로역 (primary=KEY_1)
2026-06-13 00:17:03,366 [INFO] [82/121] 군자역 (primary=KEY_2)
2026-06-13 00:17:04,493 [INFO] [83/121] 대림역 (primary=KEY_3)
2026-06-13 00:17:05,647 [INFO] [84/121] 동대문역 (primary=KEY_4)
2026-06-13 00:17:06,780 [INFO] [85/121] 뚝섬역 (primary=KEY_1)
2026-06-13 00:17:07,911 [INFO] [86/121] 미아사거리역 (primary=KEY_2)
2026-06-13 00:17:09,038 [INFO] [87/121] 발산역 (primary=KEY_3)
2026-06-13 00:17:10,314 [INFO] [88/121] 사당역 (primary=KEY_4)
2026-06-13 00:17:11,462 [INFO] [89/121] 삼각지역 (primary=KEY_1)
2026-06-13 00:17:12,485 [INFO] [90/121] 서울대입구역 (primary=KEY_2)
2026-06-13 00:17:13,483 [INFO] [91/121] 서울식물원·마곡나루역 (primary=KEY_3)
2026-06-13 00:17:14,621 [INFO] [92/121] 서울역 (primary=KEY_4)
2026-06-13 00:17:15,798 [INFO] [93/121] 선릉역 (primary=KEY_1)
2026-06-13 00:17:17,088 [INFO] [94/121] 성신여대입구역 (primary=KEY_2)
2026-06-13 00:17:18,086 [INFO] [95/121] 수유역 (primary=KEY_3)
2026-06-13 00:17:19,215 [INFO] [96/121] 숭례문 (primary=KEY_4)
2026-06-13 00:17:20,391 [INFO] [97/121] 시의회 앞 (primary=KEY_1)
2026-06-13 00:17:21,544 [INFO] [98/121] 신논현역·논현역 (primary=KEY_2)
2026-06-13 00:17:22,708 [INFO] [99/121] 신도림역 (primary=KEY_3)
2026-06-13 00:17:23,707 [INFO] [100/121] 신림역 (primary=KEY_4)
2026-06-13 00:17:24,745 [INFO] [101/121] 신정네거리역 (primary=KEY_1)
2026-06-13 00:17:25,748 [INFO] [102/121] 신촌·이대역 (primary=KEY_2)
2026-06-13 00:17:26,878 [INFO] [103/121] 쌍문역 (primary=KEY_3)
2026-06-13 00:17:27,912 [INFO] [104/121] 양재역 (primary=KEY_4)
2026-06-13 00:17:29,038 [INFO] [105/121] 역삼역 (primary=KEY_1)
2026-06-13 00:17:30,184 [INFO] [106/121] 연신내역 (primary=KEY_2)
2026-06-13 00:17:31,208 [INFO] [107/121] 오목교역·목동운동장 (primary=KEY_3)
2026-06-13 00:17:32,516 [INFO] [108/121] 왕십리역 (primary=KEY_4)
2026-06-13 00:17:33,676 [INFO] [109/121] 용산역 (primary=KEY_1)
2026-06-13 00:17:34,809 [INFO] [110/121] 이태원역 (primary=KEY_2)
2026-06-13 00:17:35,821 [INFO] [111/121] 잠실새내역 (primary=KEY_3)
2026-06-13 00:17:36,948 [INFO] [112/121] 잠실역 (primary=KEY_4)
2026-06-13 00:17:38,108 [INFO] [113/121] 장지역 (primary=KEY_1)
2026-06-13 00:17:39,393 [INFO] [114/121] 장한평역 (primary=KEY_2)
2026-06-13 00:17:40,538 [INFO] [115/121] 천호역 (primary=KEY_3)
2026-06-13 00:17:41,859 [INFO] [116/121] 총신대입구(이수)역 (primary=KEY_4)
2026-06-13 00:17:42,996 [INFO] [117/121] 충정로역 (primary=KEY_1)
2026-06-13 00:17:44,004 [INFO] [118/121] 합정역 (primary=KEY_2)
2026-06-13 00:17:45,170 [INFO] [119/121] 혜화역 (primary=KEY_3)
2026-06-13 00:17:46,316 [INFO] [120/121] 홍대입구역(2호선) (primary=KEY_4)
2026-06-13 00:17:47,355 [INFO] [121/121] 회기역 (primary=KEY_1)
2026-06-13 00:17:48,844 [INFO] === 수집 완료 | 성공 121, 실패 0 ===
2026-06-13 00:17:48,844 [INFO] 카테고리별 저장 결과:
2026-06-13 00:17:48,844 [INFO]    accident                  | 신규     5행 | 누적      5행 | 16컬럼
2026-06-13 00:17:48,844 [INFO]    accident_acdnt_cntrl_stts | 신규     2행 | 누적      2행 | 16컬럼
2026-06-13 00:17:48,844 [INFO]    area_meta                 | 신규   121행 | 누적    121행 | 5컬럼
2026-06-13 00:17:48,844 [INFO]    bike                      | 신규    12행 | 누적     12행 | 12컬럼
2026-06-13 00:17:48,844 [INFO]    bike_sbike_stts           | 신규   543행 | 누적    543행 | 12컬럼
2026-06-13 00:17:48,844 [INFO]    bus                       | 신규     3행 | 누적      3행 | 11컬럼
2026-06-13 00:17:48,844 [INFO]    bus_bus_stn_stts          | 신규  1745행 | 누적   1745행 | 11컬럼
2026-06-13 00:17:48,844 [INFO]    charger                   | 신규    24행 | 누적     24행 | 15컬럼
2026-06-13 00:17:48,844 [INFO]    charger_charger_stts      | 신규   336행 | 누적    336행 | 15컬럼
2026-06-13 00:17:48,845 [INFO]    cmrcl                     | 신규    82행 | 누적     82행 | 20컬럼
2026-06-13 00:17:48,845 [INFO]    events                    | 신규    18행 | 누적     18행 | 14컬럼
2026-06-13 00:17:48,845 [INFO]    events_event_stts         | 신규   169행 | 누적    169행 | 14컬럼
2026-06-13 00:17:48,845 [INFO]    news                      | 신규     3행 | 누적      3행 | 10컬럼
2026-06-13 00:17:48,845 [INFO]    parking                   | 신규     6행 | 누적      6행 | 21컬럼
2026-06-13 00:17:48,845 [INFO]    parking_prk_stts          | 신규  1832행 | 누적   1832행 | 21컬럼
2026-06-13 00:17:48,845 [INFO]    ppltn                     | 신규   121행 | 누적    121행 | 26컬럼
2026-06-13 00:17:48,845 [INFO]    road                      | 신규   121행 | 누적    121행 | 21컬럼
2026-06-13 00:17:48,845 [INFO]    road_road_traffic_stts    | 신규  5254행 | 누적   5254행 | 17컬럼
2026-06-13 00:17:48,845 [INFO]    subway                    | 신규    38행 | 누적     38행 | 12컬럼
2026-06-13 00:17:48,845 [INFO]    subway_sub_stts           | 신규   183행 | 누적    183행 | 13컬럼
2026-06-13 00:17:48,845 [INFO]    weather                   | 신규   119행 | 누적    119행 | 29컬럼
2026-06-13 00:17:48,845 [INFO] 키별 사용량:
2026-06-13 00:17:48,845 [INFO]    🟢 KEY_1 (31/1000) 
2026-06-13 00:17:48,845 [INFO]    🟢 KEY_2 (30/1000) 
2026-06-13 00:17:48,845 [INFO]    🟢 KEY_3 (30/1000) 
2026-06-13 00:17:48,845 [INFO]    🟢 KEY_4 (30/1000) 
