2026-07-29 01:48:34,359 [INFO] 등록된 키: 4개, 합산 한도 4,000건/일
2026-07-29 01:48:34,360 [INFO] POI 로드: 매뉴얼 v8.5 기준 fallback 121개 (121개 전체)
2026-07-29 01:48:34,360 [INFO] === 수집 시작 2026-07-29T01:48:34.360061+09:00 ===
2026-07-29 01:48:34,360 [INFO] 대상 장소: 121개 | API: citydata (통합)
2026-07-29 01:48:34,360 [INFO] 키 풀: 4/4 활성 | 오늘 사용 0/4000건
2026-07-29 01:48:34,360 [INFO]   [KEY_1] 담당 31장소
2026-07-29 01:48:34,360 [INFO]   [KEY_2] 담당 30장소
2026-07-29 01:48:34,360 [INFO]   [KEY_3] 담당 30장소
2026-07-29 01:48:34,360 [INFO]   [KEY_4] 담당 30장소
2026-07-29 01:48:34,360 [INFO] [1/121] 경복궁 (primary=KEY_1)
2026-07-29 01:48:36,526 [INFO] [2/121] 광화문·덕수궁 (primary=KEY_2)
2026-07-29 01:48:39,245 [INFO] [3/121] 보신각 (primary=KEY_3)
2026-07-29 01:48:41,129 [INFO] [4/121] 서울 암사동 유적 (primary=KEY_4)
2026-07-29 01:48:42,211 [INFO] [5/121] 창덕궁·종묘 (primary=KEY_1)
2026-07-29 01:48:43,494 [INFO] [6/121] 강남 MICE 관광특구 (primary=KEY_2)
2026-07-29 01:48:45,836 [INFO] [7/121] 동대문 관광특구 (primary=KEY_3)
2026-07-29 01:48:48,031 [INFO] [8/121] 명동 관광특구 (primary=KEY_4)
2026-07-29 01:48:49,767 [INFO] [9/121] 이태원 관광특구 (primary=KEY_1)
2026-07-29 01:48:51,802 [INFO] [10/121] 잠실 관광특구 (primary=KEY_2)
2026-07-29 01:48:53,512 [INFO] [11/121] 종로·청계 관광특구 (primary=KEY_3)
2026-07-29 01:48:56,088 [INFO] [12/121] 홍대 관광특구 (primary=KEY_4)
2026-07-29 01:48:58,311 [INFO] [13/121] 강서한강공원 (primary=KEY_1)
2026-07-29 01:48:59,400 [INFO] [14/121] 고척돔 (primary=KEY_2)
2026-07-29 01:49:01,554 [INFO] [15/121] 광나루한강공원 (primary=KEY_3)
2026-07-29 01:49:02,837 [INFO] [16/121] 광화문광장 (primary=KEY_4)
2026-07-29 01:49:04,126 [INFO] [17/121] 국립중앙박물관·용산가족공원 (primary=KEY_1)
2026-07-29 01:49:05,243 [INFO] [18/121] 난지한강공원 (primary=KEY_2)
2026-07-29 01:49:06,334 [INFO] [19/121] 남산공원 (primary=KEY_3)
2026-07-29 01:49:07,974 [INFO] [20/121] 노들섬 (primary=KEY_4)
2026-07-29 01:49:09,072 [INFO] [21/121] 뚝섬한강공원 (primary=KEY_1)
2026-07-29 01:49:10,168 [INFO] [22/121] 망원한강공원 (primary=KEY_2)
2026-07-29 01:49:11,461 [INFO] [23/121] 반포한강공원 (primary=KEY_3)
2026-07-29 01:49:12,560 [INFO] [24/121] 보라매공원 (primary=KEY_4)
2026-07-29 01:49:13,663 [INFO] [25/121] 북서울꿈의숲 (primary=KEY_1)
2026-07-29 01:49:14,924 [INFO] [26/121] 서대문독립공원 (primary=KEY_2)
2026-07-29 01:49:16,077 [INFO] [27/121] 서리풀공원·몽마르뜨공원 (primary=KEY_3)
2026-07-29 01:49:18,283 [INFO] [28/121] 서울대공원 (primary=KEY_4)
2026-07-29 01:49:19,365 [INFO] [29/121] 서울숲공원 (primary=KEY_1)
2026-07-29 01:49:20,651 [INFO] [30/121] 송현녹지광장 (primary=KEY_2)
2026-07-29 01:49:21,938 [INFO] [31/121] 아차산 (primary=KEY_3)
2026-07-29 01:49:23,038 [INFO] [32/121] 안양천 (primary=KEY_4)
2026-07-29 01:49:24,127 [INFO] [33/121] 양화한강공원 (primary=KEY_1)
2026-07-29 01:49:25,220 [INFO] [34/121] 어린이대공원 (primary=KEY_2)
2026-07-29 01:49:26,500 [INFO] [35/121] 여의도한강공원 (primary=KEY_3)
2026-07-29 01:49:28,502 [INFO] [36/121] 여의서로 (primary=KEY_4)
2026-07-29 01:49:29,752 [INFO] [37/121] 올림픽공원 (primary=KEY_1)
2026-07-29 01:49:31,049 [INFO] [38/121] 월드컵공원 (primary=KEY_2)
2026-07-29 01:49:32,535 [INFO] [39/121] 응봉산 (primary=KEY_3)
2026-07-29 01:49:34,501 [INFO] [40/121] 이촌한강공원 (primary=KEY_4)
2026-07-29 01:49:35,597 [INFO] [41/121] 잠실종합운동장 (primary=KEY_1)
2026-07-29 01:49:36,695 [INFO] [42/121] 잠실한강공원 (primary=KEY_2)
2026-07-29 01:49:37,793 [INFO] [43/121] 잠원한강공원 (primary=KEY_3)
2026-07-29 01:49:38,894 [INFO] [44/121] 청계산 (primary=KEY_4)
2026-07-29 01:49:40,000 [INFO] [45/121] 홍제폭포 (primary=KEY_1)
2026-07-29 01:49:41,087 [INFO] [46/121] 가락시장 (primary=KEY_2)
2026-07-29 01:49:42,380 [INFO] [47/121] 가로수길 (primary=KEY_3)
2026-07-29 01:49:43,696 [INFO] [48/121] 광장(전통)시장 (primary=KEY_4)
2026-07-29 01:49:44,807 [INFO] [49/121] 김포공항 (primary=KEY_1)
2026-07-29 01:49:46,290 [INFO] [50/121] 남대문시장 (primary=KEY_2)
2026-07-29 01:49:47,595 [INFO] [51/121] 노량진 (primary=KEY_3)
2026-07-29 01:49:48,909 [INFO] [52/121] 덕수궁길·정동길 (primary=KEY_4)
2026-07-29 01:49:50,211 [INFO] [53/121] 북창동 먹자골목 (primary=KEY_1)
2026-07-29 01:49:51,515 [INFO] [54/121] 북촌한옥마을 (primary=KEY_2)
2026-07-29 01:49:52,990 [INFO] [55/121] 서촌 (primary=KEY_3)
2026-07-29 01:49:54,284 [INFO] [56/121] 성수카페거리 (primary=KEY_4)
2026-07-29 01:49:55,774 [INFO] [57/121] 송리단길·호수단길 (primary=KEY_1)
2026-07-29 01:49:57,072 [INFO] [58/121] 신촌 스타광장 (primary=KEY_2)
2026-07-29 01:49:58,176 [INFO] [59/121] 압구정로데오거리 (primary=KEY_3)
2026-07-29 01:49:59,477 [INFO] [60/121] 여의도 (primary=KEY_4)
2026-07-29 01:50:01,597 [INFO] [61/121] 연남동 (primary=KEY_1)
2026-07-29 01:50:02,858 [INFO] [62/121] 영등포 타임스퀘어 (primary=KEY_2)
2026-07-29 01:50:04,133 [INFO] [63/121] 용리단길 (primary=KEY_3)
2026-07-29 01:50:05,255 [INFO] [64/121] 이태원 앤틱가구거리 (primary=KEY_4)
2026-07-29 01:50:06,381 [INFO] [65/121] 익선동 (primary=KEY_1)
2026-07-29 01:50:07,711 [INFO] [66/121] 인사동 (primary=KEY_2)
2026-07-29 01:50:09,183 [INFO] [67/121] 잠실롯데타워·석촌호수 (primary=KEY_3)
2026-07-29 01:50:10,826 [INFO] [68/121] 창동 신경제 중심지 (primary=KEY_4)
2026-07-29 01:50:12,461 [INFO] [69/121] 청담동 명품거리 (primary=KEY_1)
2026-07-29 01:50:13,741 [INFO] [70/121] 청량리 제기동 일대 전통시장 (primary=KEY_2)
2026-07-29 01:50:15,041 [INFO] [71/121] 해방촌·경리단길 (primary=KEY_3)
2026-07-29 01:50:16,203 [INFO] [72/121] DDP(동대문디자인플라자) (primary=KEY_4)
2026-07-29 01:50:17,490 [INFO] [73/121] DMC(디지털미디어시티) (primary=KEY_1)
2026-07-29 01:50:19,137 [INFO] [74/121] 가산디지털단지역 (primary=KEY_2)
2026-07-29 01:50:21,675 [INFO] [75/121] 강남역 (primary=KEY_3)
2026-07-29 01:50:23,890 [INFO] [76/121] 건대입구역 (primary=KEY_4)
2026-07-29 01:50:25,888 [INFO] [77/121] 고덕역 (primary=KEY_1)
2026-07-29 01:50:27,147 [INFO] [78/121] 고속터미널역 (primary=KEY_2)
2026-07-29 01:50:29,146 [INFO] [79/121] 교대역 (primary=KEY_3)
2026-07-29 01:50:31,308 [INFO] [80/121] 구로디지털단지역 (primary=KEY_4)
2026-07-29 01:50:33,996 [INFO] [81/121] 구로역 (primary=KEY_1)
2026-07-29 01:50:36,154 [INFO] [82/121] 군자역 (primary=KEY_2)
2026-07-29 01:50:37,265 [INFO] [83/121] 대림역 (primary=KEY_3)
2026-07-29 01:50:38,539 [INFO] [84/121] 동대문역 (primary=KEY_4)
2026-07-29 01:50:39,816 [INFO] [85/121] 뚝섬역 (primary=KEY_1)
2026-07-29 01:50:41,971 [INFO] [86/121] 미아사거리역 (primary=KEY_2)
2026-07-29 01:50:43,253 [INFO] [87/121] 발산역 (primary=KEY_3)
2026-07-29 01:50:45,434 [INFO] [88/121] 사당역 (primary=KEY_4)
2026-07-29 01:50:46,702 [INFO] [89/121] 삼각지역 (primary=KEY_1)
2026-07-29 01:50:47,806 [INFO] [90/121] 서울대입구역 (primary=KEY_2)
2026-07-29 01:50:49,776 [INFO] [91/121] 서울식물원·마곡나루역 (primary=KEY_3)
2026-07-29 01:50:51,232 [INFO] [92/121] 서울역 (primary=KEY_4)
2026-07-29 01:50:52,550 [INFO] [93/121] 선릉역 (primary=KEY_1)
2026-07-29 01:50:54,193 [INFO] [94/121] 성신여대입구역 (primary=KEY_2)
2026-07-29 01:50:56,015 [INFO] [95/121] 수유역 (primary=KEY_3)
2026-07-29 01:50:57,294 [INFO] [96/121] 숭례문 (primary=KEY_4)
2026-07-29 01:50:58,759 [INFO] [97/121] 시의회 앞 (primary=KEY_1)
2026-07-29 01:51:00,050 [INFO] [98/121] 신논현역·논현역 (primary=KEY_2)
2026-07-29 01:51:01,348 [INFO] [99/121] 신도림역 (primary=KEY_3)
2026-07-29 01:51:02,450 [INFO] [100/121] 신림역 (primary=KEY_4)
2026-07-29 01:51:03,565 [INFO] [101/121] 신정네거리역 (primary=KEY_1)
2026-07-29 01:51:04,858 [INFO] [102/121] 신촌·이대역 (primary=KEY_2)
2026-07-29 01:51:06,148 [INFO] [103/121] 쌍문역 (primary=KEY_3)
2026-07-29 01:51:07,411 [INFO] [104/121] 양재역 (primary=KEY_4)
2026-07-29 01:51:08,696 [INFO] [105/121] 역삼역 (primary=KEY_1)
2026-07-29 01:51:10,170 [INFO] [106/121] 연신내역 (primary=KEY_2)
2026-07-29 01:51:11,281 [INFO] [107/121] 오목교역·목동운동장 (primary=KEY_3)
2026-07-29 01:51:13,111 [INFO] [108/121] 왕십리역 (primary=KEY_4)
2026-07-29 01:51:14,397 [INFO] [109/121] 용산역 (primary=KEY_1)
2026-07-29 01:51:15,864 [INFO] [110/121] 이태원역 (primary=KEY_2)
2026-07-29 01:51:16,961 [INFO] [111/121] 잠실새내역 (primary=KEY_3)
2026-07-29 01:51:18,283 [INFO] [112/121] 잠실역 (primary=KEY_4)
2026-07-29 01:51:19,757 [INFO] [113/121] 장지역 (primary=KEY_1)
2026-07-29 01:51:21,212 [INFO] [114/121] 장한평역 (primary=KEY_2)
2026-07-29 01:51:22,499 [INFO] [115/121] 천호역 (primary=KEY_3)
2026-07-29 01:51:23,783 [INFO] [116/121] 총신대입구(이수)역 (primary=KEY_4)
2026-07-29 01:51:26,143 [INFO] [117/121] 충정로역 (primary=KEY_1)
2026-07-29 01:51:28,139 [INFO] [118/121] 합정역 (primary=KEY_2)
2026-07-29 01:51:29,431 [INFO] [119/121] 혜화역 (primary=KEY_3)
2026-07-29 01:51:30,701 [INFO] [120/121] 홍대입구역(2호선) (primary=KEY_4)
2026-07-29 01:51:31,989 [INFO] [121/121] 회기역 (primary=KEY_1)
2026-07-29 01:51:33,651 [INFO] === 수집 완료 | 성공 121, 실패 0 ===
2026-07-29 01:51:33,652 [INFO] 카테고리별 저장 결과:
2026-07-29 01:51:33,652 [INFO]    accident                  | 신규    10행 | 누적     10행 | 16컬럼
2026-07-29 01:51:33,652 [INFO]    accident_acdnt_cntrl_stts | 신규     4행 | 누적      4행 | 16컬럼
2026-07-29 01:51:33,652 [INFO]    area_meta                 | 신규   121행 | 누적    121행 | 5컬럼
2026-07-29 01:51:33,652 [INFO]    bike                      | 신규    12행 | 누적     12행 | 12컬럼
2026-07-29 01:51:33,652 [INFO]    bike_sbike_stts           | 신규   571행 | 누적    571행 | 12컬럼
2026-07-29 01:51:33,652 [INFO]    bus                       | 신규     3행 | 누적      3행 | 11컬럼
2026-07-29 01:51:33,652 [INFO]    bus_bus_stn_stts          | 신규  1745행 | 누적   1745행 | 11컬럼
2026-07-29 01:51:33,652 [INFO]    charger                   | 신규     4행 | 누적      4행 | 15컬럼
2026-07-29 01:51:33,652 [INFO]    charger_charger_stts      | 신규  1921행 | 누적   1921행 | 15컬럼
2026-07-29 01:51:33,652 [INFO]    cmrcl                     | 신규    82행 | 누적     82행 | 20컬럼
2026-07-29 01:51:33,652 [INFO]    events                    | 신규    13행 | 누적     13행 | 14컬럼
2026-07-29 01:51:33,652 [INFO]    events_event_stts         | 신규   139행 | 누적    139행 | 14컬럼
2026-07-29 01:51:33,652 [INFO]    parking                   | 신규     6행 | 누적      6행 | 21컬럼
2026-07-29 01:51:33,652 [INFO]    parking_prk_stts          | 신규  1834행 | 누적   1834행 | 21컬럼
2026-07-29 01:51:33,652 [INFO]    ppltn                     | 신규   121행 | 누적    121행 | 26컬럼
2026-07-29 01:51:33,652 [INFO]    road                      | 신규   121행 | 누적    121행 | 21컬럼
2026-07-29 01:51:33,652 [INFO]    road_road_traffic_stts    | 신규  5278행 | 누적   5278행 | 17컬럼
2026-07-29 01:51:33,652 [INFO]    subway                    | 신규    38행 | 누적     38행 | 12컬럼
2026-07-29 01:51:33,652 [INFO]    subway_sub_stts           | 신규   183행 | 누적    183행 | 13컬럼
2026-07-29 01:51:33,652 [INFO]    weather                   | 신규   119행 | 누적    119행 | 29컬럼
2026-07-29 01:51:33,652 [INFO] 키별 사용량:
2026-07-29 01:51:33,652 [INFO]    🟢 KEY_1 (31/1000) 
2026-07-29 01:51:33,652 [INFO]    🟢 KEY_2 (30/1000) 
2026-07-29 01:51:33,652 [INFO]    🟢 KEY_3 (30/1000) 
2026-07-29 01:51:33,653 [INFO]    🟢 KEY_4 (30/1000) 
