2026-10-07 02:11:37,218 [INFO] 등록된 키: 4개, 합산 한도 4,000건/일
2026-10-07 02:11:37,219 [INFO] POI 로드: 매뉴얼 v8.5 기준 fallback 121개 (121개 전체)
2026-10-07 02:11:37,219 [INFO] === 수집 시작 2026-10-07T02:11:37.219212+09:00 ===
2026-10-07 02:11:37,219 [INFO] 대상 장소: 121개 | API: citydata (통합)
2026-10-07 02:11:37,219 [INFO] 키 풀: 4/4 활성 | 오늘 사용 0/4000건
2026-10-07 02:11:37,219 [INFO]   [KEY_1] 담당 31장소
2026-10-07 02:11:37,219 [INFO]   [KEY_2] 담당 30장소
2026-10-07 02:11:37,219 [INFO]   [KEY_3] 담당 30장소
2026-10-07 02:11:37,219 [INFO]   [KEY_4] 담당 30장소
2026-10-07 02:11:37,219 [INFO] [1/121] 경복궁 (primary=KEY_1)
2026-10-07 02:11:39,106 [INFO] [2/121] 광화문·덕수궁 (primary=KEY_2)
2026-10-07 02:11:41,326 [INFO] [3/121] 보신각 (primary=KEY_3)
2026-10-07 02:11:43,352 [INFO] [4/121] 서울 암사동 유적 (primary=KEY_4)
2026-10-07 02:11:45,364 [INFO] [5/121] 창덕궁·종묘 (primary=KEY_1)
2026-10-07 02:11:47,523 [INFO] [6/121] 강남 MICE 관광특구 (primary=KEY_2)
2026-10-07 02:11:49,723 [INFO] [7/121] 동대문 관광특구 (primary=KEY_3)
2026-10-07 02:11:51,946 [INFO] [8/121] 명동 관광특구 (primary=KEY_4)
2026-10-07 02:11:54,254 [INFO] [9/121] 이태원 관광특구 (primary=KEY_1)
2026-10-07 02:11:56,137 [INFO] [10/121] 잠실 관광특구 (primary=KEY_2)
2026-10-07 02:11:58,522 [INFO] [11/121] 종로·청계 관광특구 (primary=KEY_3)
2026-10-07 02:12:00,572 [INFO] [12/121] 홍대 관광특구 (primary=KEY_4)
2026-10-07 02:12:01,984 [INFO] [13/121] 강서한강공원 (primary=KEY_1)
2026-10-07 02:12:03,686 [INFO] [14/121] 고척돔 (primary=KEY_2)
2026-10-07 02:12:04,981 [INFO] [15/121] 광나루한강공원 (primary=KEY_3)
2026-10-07 02:12:06,975 [INFO] [16/121] 광화문광장 (primary=KEY_4)
2026-10-07 02:12:08,188 [INFO] [17/121] 국립중앙박물관·용산가족공원 (primary=KEY_1)
2026-10-07 02:12:09,235 [INFO] [18/121] 난지한강공원 (primary=KEY_2)
2026-10-07 02:12:10,274 [INFO] [19/121] 남산공원 (primary=KEY_3)
2026-10-07 02:12:11,662 [INFO] [20/121] 노들섬 (primary=KEY_4)
2026-10-07 02:12:12,857 [INFO] [21/121] 뚝섬한강공원 (primary=KEY_1)
2026-10-07 02:12:13,905 [INFO] [22/121] 망원한강공원 (primary=KEY_2)
2026-10-07 02:12:16,085 [INFO] [23/121] 반포한강공원 (primary=KEY_3)
2026-10-07 02:12:17,132 [INFO] [24/121] 보라매공원 (primary=KEY_4)
2026-10-07 02:12:18,178 [INFO] [25/121] 북서울꿈의숲 (primary=KEY_1)
2026-10-07 02:12:19,370 [INFO] [26/121] 서대문독립공원 (primary=KEY_2)
2026-10-07 02:12:21,240 [INFO] [27/121] 서리풀공원·몽마르뜨공원 (primary=KEY_3)
2026-10-07 02:12:22,310 [INFO] [28/121] 서울대공원 (primary=KEY_4)
2026-10-07 02:12:23,360 [INFO] [29/121] 서울숲공원 (primary=KEY_1)
2026-10-07 02:12:25,389 [INFO] [30/121] 송현녹지광장 (primary=KEY_2)
2026-10-07 02:12:26,592 [INFO] [31/121] 아차산 (primary=KEY_3)
2026-10-07 02:12:27,640 [INFO] [32/121] 안양천 (primary=KEY_4)
2026-10-07 02:12:29,327 [INFO] [33/121] 양화한강공원 (primary=KEY_1)
2026-10-07 02:12:31,018 [INFO] [34/121] 어린이대공원 (primary=KEY_2)
2026-10-07 02:12:32,233 [INFO] [35/121] 여의도한강공원 (primary=KEY_3)
2026-10-07 02:12:33,448 [INFO] [36/121] 여의서로 (primary=KEY_4)
2026-10-07 02:12:34,655 [INFO] [37/121] 올림픽공원 (primary=KEY_1)
2026-10-07 02:12:35,888 [INFO] [38/121] 월드컵공원 (primary=KEY_2)
2026-10-07 02:12:37,270 [INFO] [39/121] 응봉산 (primary=KEY_3)
2026-10-07 02:12:38,550 [INFO] [40/121] 이촌한강공원 (primary=KEY_4)
2026-10-07 02:12:39,590 [INFO] [41/121] 잠실종합운동장 (primary=KEY_1)
2026-10-07 02:12:40,640 [INFO] [42/121] 잠실한강공원 (primary=KEY_2)
2026-10-07 02:12:41,699 [INFO] [43/121] 잠원한강공원 (primary=KEY_3)
2026-10-07 02:12:43,543 [INFO] [44/121] 청계산 (primary=KEY_4)
2026-10-07 02:12:44,587 [INFO] [45/121] 홍제폭포 (primary=KEY_1)
2026-10-07 02:12:45,631 [INFO] [46/121] 가락시장 (primary=KEY_2)
2026-10-07 02:12:46,879 [INFO] [47/121] 가로수길 (primary=KEY_3)
2026-10-07 02:12:48,122 [INFO] [48/121] 광장(전통)시장 (primary=KEY_4)
2026-10-07 02:12:49,173 [INFO] [49/121] 김포공항 (primary=KEY_1)
2026-10-07 02:12:50,594 [INFO] [50/121] 남대문시장 (primary=KEY_2)
2026-10-07 02:12:51,809 [INFO] [51/121] 노량진 (primary=KEY_3)
2026-10-07 02:12:53,044 [INFO] [52/121] 덕수궁길·정동길 (primary=KEY_4)
2026-10-07 02:12:54,295 [INFO] [53/121] 북창동 먹자골목 (primary=KEY_1)
2026-10-07 02:12:55,510 [INFO] [54/121] 북촌한옥마을 (primary=KEY_2)
2026-10-07 02:12:56,954 [INFO] [55/121] 서촌 (primary=KEY_3)
2026-10-07 02:12:58,185 [INFO] [56/121] 성수카페거리 (primary=KEY_4)
2026-10-07 02:12:59,584 [INFO] [57/121] 송리단길·호수단길 (primary=KEY_1)
2026-10-07 02:13:00,823 [INFO] [58/121] 신촌 스타광장 (primary=KEY_2)
2026-10-07 02:13:01,893 [INFO] [59/121] 압구정로데오거리 (primary=KEY_3)
2026-10-07 02:13:03,133 [INFO] [60/121] 여의도 (primary=KEY_4)
2026-10-07 02:13:05,066 [INFO] [61/121] 연남동 (primary=KEY_1)
2026-10-07 02:13:06,923 [INFO] [62/121] 영등포 타임스퀘어 (primary=KEY_2)
2026-10-07 02:13:08,126 [INFO] [63/121] 용리단길 (primary=KEY_3)
2026-10-07 02:13:09,206 [INFO] [64/121] 이태원 앤틱가구거리 (primary=KEY_4)
2026-10-07 02:13:10,267 [INFO] [65/121] 익선동 (primary=KEY_1)
2026-10-07 02:13:11,515 [INFO] [66/121] 인사동 (primary=KEY_2)
2026-10-07 02:13:12,913 [INFO] [67/121] 잠실롯데타워·석촌호수 (primary=KEY_3)
2026-10-07 02:13:14,482 [INFO] [68/121] 창동 신경제 중심지 (primary=KEY_4)
2026-10-07 02:13:16,077 [INFO] [69/121] 청담동 명품거리 (primary=KEY_1)
2026-10-07 02:13:17,306 [INFO] [70/121] 청량리 제기동 일대 전통시장 (primary=KEY_2)
2026-10-07 02:13:18,546 [INFO] [71/121] 해방촌·경리단길 (primary=KEY_3)
2026-10-07 02:13:20,396 [INFO] [72/121] DDP(동대문디자인플라자) (primary=KEY_4)
2026-10-07 02:13:21,669 [INFO] [73/121] DMC(디지털미디어시티) (primary=KEY_1)
2026-10-07 02:13:23,258 [INFO] [74/121] 가산디지털단지역 (primary=KEY_2)
2026-10-07 02:13:24,982 [INFO] [75/121] 강남역 (primary=KEY_3)
2026-10-07 02:13:26,393 [INFO] [76/121] 건대입구역 (primary=KEY_4)
2026-10-07 02:13:27,630 [INFO] [77/121] 고덕역 (primary=KEY_1)
2026-10-07 02:13:28,836 [INFO] [78/121] 고속터미널역 (primary=KEY_2)
2026-10-07 02:13:30,080 [INFO] [79/121] 교대역 (primary=KEY_3)
2026-10-07 02:13:31,164 [INFO] [80/121] 구로디지털단지역 (primary=KEY_4)
2026-10-07 02:13:32,706 [INFO] [81/121] 구로역 (primary=KEY_1)
2026-10-07 02:13:33,926 [INFO] [82/121] 군자역 (primary=KEY_2)
2026-10-07 02:13:35,034 [INFO] [83/121] 대림역 (primary=KEY_3)
2026-10-07 02:13:36,264 [INFO] [84/121] 동대문역 (primary=KEY_4)
2026-10-07 02:13:37,490 [INFO] [85/121] 뚝섬역 (primary=KEY_1)
2026-10-07 02:13:38,729 [INFO] [86/121] 미아사거리역 (primary=KEY_2)
2026-10-07 02:13:39,951 [INFO] [87/121] 발산역 (primary=KEY_3)
2026-10-07 02:13:41,365 [INFO] [88/121] 사당역 (primary=KEY_4)
2026-10-07 02:13:42,584 [INFO] [89/121] 삼각지역 (primary=KEY_1)
2026-10-07 02:13:43,658 [INFO] [90/121] 서울대입구역 (primary=KEY_2)
2026-10-07 02:13:44,866 [INFO] [91/121] 서울식물원·마곡나루역 (primary=KEY_3)
2026-10-07 02:13:46,263 [INFO] [92/121] 서울역 (primary=KEY_4)
2026-10-07 02:13:47,684 [INFO] [93/121] 선릉역 (primary=KEY_1)
2026-10-07 02:13:49,250 [INFO] [94/121] 성신여대입구역 (primary=KEY_2)
2026-10-07 02:13:50,328 [INFO] [95/121] 수유역 (primary=KEY_3)
2026-10-07 02:13:51,567 [INFO] [96/121] 숭례문 (primary=KEY_4)
2026-10-07 02:13:52,817 [INFO] [97/121] 시의회 앞 (primary=KEY_1)
2026-10-07 02:13:54,715 [INFO] [98/121] 신논현역·논현역 (primary=KEY_2)
2026-10-07 02:13:56,290 [INFO] [99/121] 신도림역 (primary=KEY_3)
2026-10-07 02:13:57,999 [INFO] [100/121] 신림역 (primary=KEY_4)
2026-10-07 02:13:59,075 [INFO] [101/121] 신정네거리역 (primary=KEY_1)
2026-10-07 02:14:01,105 [INFO] [102/121] 신촌·이대역 (primary=KEY_2)
2026-10-07 02:14:03,126 [INFO] [103/121] 쌍문역 (primary=KEY_3)
2026-10-07 02:14:04,351 [INFO] [104/121] 양재역 (primary=KEY_4)
2026-10-07 02:14:06,386 [INFO] [105/121] 역삼역 (primary=KEY_1)
2026-10-07 02:14:08,096 [INFO] [106/121] 연신내역 (primary=KEY_2)
2026-10-07 02:14:09,169 [INFO] [107/121] 오목교역·목동운동장 (primary=KEY_3)
2026-10-07 02:14:10,891 [INFO] [108/121] 왕십리역 (primary=KEY_4)
2026-10-07 02:14:12,151 [INFO] [109/121] 용산역 (primary=KEY_1)
2026-10-07 02:14:14,489 [INFO] [110/121] 이태원역 (primary=KEY_2)
2026-10-07 02:14:15,871 [INFO] [111/121] 잠실새내역 (primary=KEY_3)
2026-10-07 02:14:17,091 [INFO] [112/121] 잠실역 (primary=KEY_4)
2026-10-07 02:14:18,719 [INFO] [113/121] 장지역 (primary=KEY_1)
2026-10-07 02:14:20,123 [INFO] [114/121] 장한평역 (primary=KEY_2)
2026-10-07 02:14:21,338 [INFO] [115/121] 천호역 (primary=KEY_3)
2026-10-07 02:14:23,527 [INFO] [116/121] 총신대입구(이수)역 (primary=KEY_4)
2026-10-07 02:14:25,717 [INFO] [117/121] 충정로역 (primary=KEY_1)
2026-10-07 02:14:26,959 [INFO] [118/121] 합정역 (primary=KEY_2)
2026-10-07 02:14:28,212 [INFO] [119/121] 혜화역 (primary=KEY_3)
2026-10-07 02:14:30,396 [INFO] [120/121] 홍대입구역(2호선) (primary=KEY_4)
2026-10-07 02:14:31,618 [INFO] [121/121] 회기역 (primary=KEY_1)
2026-10-07 02:14:33,961 [INFO] === 수집 완료 | 성공 121, 실패 0 ===
2026-10-07 02:14:33,961 [INFO] 카테고리별 저장 결과:
2026-10-07 02:14:33,961 [INFO]    accident                  | 신규     2행 | 누적      2행 | 16컬럼
2026-10-07 02:14:33,961 [INFO]    area_meta                 | 신규   121행 | 누적    121행 | 5컬럼
2026-10-07 02:14:33,961 [INFO]    bike                      | 신규    11행 | 누적     11행 | 12컬럼
2026-10-07 02:14:33,961 [INFO]    bike_sbike_stts           | 신규   567행 | 누적    567행 | 12컬럼
2026-10-07 02:14:33,961 [INFO]    bus                       | 신규     3행 | 누적      3행 | 11컬럼
2026-10-07 02:14:33,961 [INFO]    bus_bus_stn_stts          | 신규  1745행 | 누적   1745행 | 11컬럼
2026-10-07 02:14:33,962 [INFO]    charger                   | 신규     4행 | 누적      4행 | 15컬럼
2026-10-07 02:14:33,962 [INFO]    charger_charger_stts      | 신규  1926행 | 누적   1926행 | 15컬럼
2026-10-07 02:14:33,962 [INFO]    cmrcl                     | 신규    82행 | 누적     82행 | 20컬럼
2026-10-07 02:14:33,962 [INFO]    events                    | 신규    13행 | 누적     13행 | 14컬럼
2026-10-07 02:14:33,962 [INFO]    events_event_stts         | 신규    61행 | 누적     61행 | 14컬럼
2026-10-07 02:14:33,962 [INFO]    parking                   | 신규     6행 | 누적      6행 | 21컬럼
2026-10-07 02:14:33,962 [INFO]    parking_prk_stts          | 신규  1832행 | 누적   1832행 | 21컬럼
2026-10-07 02:14:33,962 [INFO]    ppltn                     | 신규   121행 | 누적    121행 | 26컬럼
2026-10-07 02:14:33,962 [INFO]    road                      | 신규   121행 | 누적    121행 | 21컬럼
2026-10-07 02:14:33,962 [INFO]    road_road_traffic_stts    | 신규  5304행 | 누적   5304행 | 17컬럼
2026-10-07 02:14:33,962 [INFO]    subway                    | 신규    38행 | 누적     38행 | 12컬럼
2026-10-07 02:14:33,962 [INFO]    subway_sub_stts           | 신규   183행 | 누적    183행 | 13컬럼
2026-10-07 02:14:33,962 [INFO]    weather                   | 신규   119행 | 누적    119행 | 29컬럼
2026-10-07 02:14:33,962 [INFO] 키별 사용량:
2026-10-07 02:14:33,962 [INFO]    🟢 KEY_1 (31/1000) 
2026-10-07 02:14:33,962 [INFO]    🟢 KEY_2 (30/1000) 
2026-10-07 02:14:33,962 [INFO]    🟢 KEY_3 (30/1000) 
2026-10-07 02:14:33,962 [INFO]    🟢 KEY_4 (30/1000) 
2026-10-07 11:17:48,442 [INFO] 등록된 키: 4개, 합산 한도 4,000건/일
2026-10-07 11:17:48,442 [INFO] POI 로드: 매뉴얼 v8.5 기준 fallback 121개 (121개 전체)
2026-10-07 11:17:48,442 [INFO] === 수집 시작 2026-10-07T11:17:48.442503+09:00 ===
2026-10-07 11:17:48,442 [INFO] 대상 장소: 121개 | API: citydata (통합)
2026-10-07 11:17:48,442 [INFO] 키 풀: 4/4 활성 | 오늘 사용 0/4000건
2026-10-07 11:17:48,442 [INFO]   [KEY_1] 담당 31장소
2026-10-07 11:17:48,442 [INFO]   [KEY_2] 담당 30장소
2026-10-07 11:17:48,442 [INFO]   [KEY_3] 담당 30장소
2026-10-07 11:17:48,442 [INFO]   [KEY_4] 담당 30장소
2026-10-07 11:17:48,442 [INFO] [1/121] 경복궁 (primary=KEY_1)
2026-10-07 11:17:50,703 [INFO] [2/121] 광화문·덕수궁 (primary=KEY_2)
2026-10-07 11:17:53,098 [INFO] [3/121] 보신각 (primary=KEY_3)
2026-10-07 11:17:55,048 [INFO] [4/121] 서울 암사동 유적 (primary=KEY_4)
2026-10-07 11:17:56,939 [INFO] [5/121] 창덕궁·종묘 (primary=KEY_1)
2026-10-07 11:17:59,192 [INFO] [6/121] 강남 MICE 관광특구 (primary=KEY_2)
2026-10-07 11:18:00,434 [INFO] [7/121] 동대문 관광특구 (primary=KEY_3)
2026-10-07 11:18:02,895 [INFO] [8/121] 명동 관광특구 (primary=KEY_4)
2026-10-07 11:18:05,373 [INFO] [9/121] 이태원 관광특구 (primary=KEY_1)
2026-10-07 11:18:06,644 [INFO] [10/121] 잠실 관광특구 (primary=KEY_2)
2026-10-07 11:18:08,414 [INFO] [11/121] 종로·청계 관광특구 (primary=KEY_3)
2026-10-07 11:18:10,875 [INFO] [12/121] 홍대 관광특구 (primary=KEY_4)
2026-10-07 11:18:13,052 [INFO] [13/121] 강서한강공원 (primary=KEY_1)
2026-10-07 11:18:14,955 [INFO] [14/121] 고척돔 (primary=KEY_2)
2026-10-07 11:18:16,018 [INFO] [15/121] 광나루한강공원 (primary=KEY_3)
2026-10-07 11:18:17,950 [INFO] [16/121] 광화문광장 (primary=KEY_4)
2026-10-07 11:18:19,206 [INFO] [17/121] 국립중앙박물관·용산가족공원 (primary=KEY_1)
2026-10-07 11:18:21,135 [INFO] [18/121] 난지한강공원 (primary=KEY_2)
2026-10-07 11:18:22,200 [INFO] [19/121] 남산공원 (primary=KEY_3)
2026-10-07 11:18:23,601 [INFO] [20/121] 노들섬 (primary=KEY_4)
2026-10-07 11:18:24,663 [INFO] [21/121] 뚝섬한강공원 (primary=KEY_1)
2026-10-07 11:18:25,733 [INFO] [22/121] 망원한강공원 (primary=KEY_2)
2026-10-07 11:18:27,667 [INFO] [23/121] 반포한강공원 (primary=KEY_3)
2026-10-07 11:18:28,738 [INFO] [24/121] 보라매공원 (primary=KEY_4)
2026-10-07 11:18:29,822 [INFO] [25/121] 북서울꿈의숲 (primary=KEY_1)
2026-10-07 11:18:32,024 [INFO] [26/121] 서대문독립공원 (primary=KEY_2)
2026-10-07 11:18:33,113 [INFO] [27/121] 서리풀공원·몽마르뜨공원 (primary=KEY_3)
2026-10-07 11:18:35,395 [INFO] [28/121] 서울대공원 (primary=KEY_4)
2026-10-07 11:18:36,474 [INFO] [29/121] 서울숲공원 (primary=KEY_1)
2026-10-07 11:18:38,578 [INFO] [30/121] 송현녹지광장 (primary=KEY_2)
2026-10-07 11:18:40,674 [INFO] [31/121] 아차산 (primary=KEY_3)
2026-10-07 11:18:41,767 [INFO] [32/121] 안양천 (primary=KEY_4)
2026-10-07 11:18:42,844 [INFO] [33/121] 양화한강공원 (primary=KEY_1)
2026-10-07 11:18:43,886 [INFO] [34/121] 어린이대공원 (primary=KEY_2)
2026-10-07 11:18:45,155 [INFO] [35/121] 여의도한강공원 (primary=KEY_3)
2026-10-07 11:18:46,384 [INFO] [36/121] 여의서로 (primary=KEY_4)
2026-10-07 11:18:47,643 [INFO] [37/121] 올림픽공원 (primary=KEY_1)
2026-10-07 11:18:48,981 [INFO] [38/121] 월드컵공원 (primary=KEY_2)
2026-10-07 11:18:51,130 [INFO] [39/121] 응봉산 (primary=KEY_3)
2026-10-07 11:18:52,347 [INFO] [40/121] 이촌한강공원 (primary=KEY_4)
2026-10-07 11:18:53,394 [INFO] [41/121] 잠실종합운동장 (primary=KEY_1)
2026-10-07 11:18:55,158 [INFO] [42/121] 잠실한강공원 (primary=KEY_2)
2026-10-07 11:18:56,238 [INFO] [43/121] 잠원한강공원 (primary=KEY_3)
2026-10-07 11:18:57,321 [INFO] [44/121] 청계산 (primary=KEY_4)
2026-10-07 11:18:58,358 [INFO] [45/121] 홍제폭포 (primary=KEY_1)
2026-10-07 11:18:59,416 [INFO] [46/121] 가락시장 (primary=KEY_2)
2026-10-07 11:19:00,674 [INFO] [47/121] 가로수길 (primary=KEY_3)
2026-10-07 11:19:01,939 [INFO] [48/121] 광장(전통)시장 (primary=KEY_4)
2026-10-07 11:19:03,039 [INFO] [49/121] 김포공항 (primary=KEY_1)
2026-10-07 11:19:04,441 [INFO] [50/121] 남대문시장 (primary=KEY_2)
2026-10-07 11:19:05,709 [INFO] [51/121] 노량진 (primary=KEY_3)
2026-10-07 11:19:06,949 [INFO] [52/121] 덕수궁길·정동길 (primary=KEY_4)
2026-10-07 11:19:08,179 [INFO] [53/121] 북창동 먹자골목 (primary=KEY_1)
2026-10-07 11:19:09,429 [INFO] [54/121] 북촌한옥마을 (primary=KEY_2)
2026-10-07 11:19:10,850 [INFO] [55/121] 서촌 (primary=KEY_3)
2026-10-07 11:19:12,071 [INFO] [56/121] 성수카페거리 (primary=KEY_4)
2026-10-07 11:19:13,537 [INFO] [57/121] 송리단길·호수단길 (primary=KEY_1)
2026-10-07 11:19:14,770 [INFO] [58/121] 신촌 스타광장 (primary=KEY_2)
2026-10-07 11:19:15,839 [INFO] [59/121] 압구정로데오거리 (primary=KEY_3)
2026-10-07 11:19:17,108 [INFO] [60/121] 여의도 (primary=KEY_4)
2026-10-07 11:19:19,235 [INFO] [61/121] 연남동 (primary=KEY_1)
2026-10-07 11:19:20,460 [INFO] [62/121] 영등포 타임스퀘어 (primary=KEY_2)
2026-10-07 11:19:22,324 [INFO] [63/121] 용리단길 (primary=KEY_3)
2026-10-07 11:19:23,477 [INFO] [64/121] 이태원 앤틱가구거리 (primary=KEY_4)
2026-10-07 11:19:24,726 [INFO] [65/121] 익선동 (primary=KEY_1)
2026-10-07 11:19:26,003 [INFO] [66/121] 인사동 (primary=KEY_2)
2026-10-07 11:19:27,412 [INFO] [67/121] 잠실롯데타워·석촌호수 (primary=KEY_3)
2026-10-07 11:19:29,024 [INFO] [68/121] 창동 신경제 중심지 (primary=KEY_4)
2026-10-07 11:19:30,584 [INFO] [69/121] 청담동 명품거리 (primary=KEY_1)
2026-10-07 11:19:31,839 [INFO] [70/121] 청량리 제기동 일대 전통시장 (primary=KEY_2)
2026-10-07 11:19:33,121 [INFO] [71/121] 해방촌·경리단길 (primary=KEY_3)
2026-10-07 11:19:34,169 [INFO] [72/121] DDP(동대문디자인플라자) (primary=KEY_4)
2026-10-07 11:19:35,419 [INFO] [73/121] DMC(디지털미디어시티) (primary=KEY_1)
2026-10-07 11:19:37,084 [INFO] [74/121] 가산디지털단지역 (primary=KEY_2)
2026-10-07 11:19:38,913 [INFO] [75/121] 강남역 (primary=KEY_3)
2026-10-07 11:19:40,384 [INFO] [76/121] 건대입구역 (primary=KEY_4)
2026-10-07 11:19:41,630 [INFO] [77/121] 고덕역 (primary=KEY_1)
2026-10-07 11:19:42,858 [INFO] [78/121] 고속터미널역 (primary=KEY_2)
2026-10-07 11:19:44,161 [INFO] [79/121] 교대역 (primary=KEY_3)
2026-10-07 11:19:45,408 [INFO] [80/121] 구로디지털단지역 (primary=KEY_4)
2026-10-07 11:19:47,076 [INFO] [81/121] 구로역 (primary=KEY_1)
2026-10-07 11:19:48,299 [INFO] [82/121] 군자역 (primary=KEY_2)
2026-10-07 11:19:49,513 [INFO] [83/121] 대림역 (primary=KEY_3)
2026-10-07 11:19:50,741 [INFO] [84/121] 동대문역 (primary=KEY_4)
2026-10-07 11:19:51,965 [INFO] [85/121] 뚝섬역 (primary=KEY_1)
2026-10-07 11:19:53,205 [INFO] [86/121] 미아사거리역 (primary=KEY_2)
2026-10-07 11:19:54,482 [INFO] [87/121] 발산역 (primary=KEY_3)
2026-10-07 11:19:56,005 [INFO] [88/121] 사당역 (primary=KEY_4)
2026-10-07 11:19:58,056 [INFO] [89/121] 삼각지역 (primary=KEY_1)
2026-10-07 11:19:59,284 [INFO] [90/121] 서울대입구역 (primary=KEY_2)
2026-10-07 11:20:00,491 [INFO] [91/121] 서울식물원·마곡나루역 (primary=KEY_3)
2026-10-07 11:20:01,870 [INFO] [92/121] 서울역 (primary=KEY_4)
2026-10-07 11:20:03,325 [INFO] [93/121] 선릉역 (primary=KEY_1)
2026-10-07 11:20:04,949 [INFO] [94/121] 성신여대입구역 (primary=KEY_2)
2026-10-07 11:20:06,031 [INFO] [95/121] 수유역 (primary=KEY_3)
2026-10-07 11:20:07,246 [INFO] [96/121] 숭례문 (primary=KEY_4)
2026-10-07 11:20:08,498 [INFO] [97/121] 시의회 앞 (primary=KEY_1)
2026-10-07 11:20:09,719 [INFO] [98/121] 신논현역·논현역 (primary=KEY_2)
2026-10-07 11:20:10,956 [INFO] [99/121] 신도림역 (primary=KEY_3)
2026-10-07 11:20:12,055 [INFO] [100/121] 신림역 (primary=KEY_4)
2026-10-07 11:20:13,273 [INFO] [101/121] 신정네거리역 (primary=KEY_1)
2026-10-07 11:20:14,465 [INFO] [102/121] 신촌·이대역 (primary=KEY_2)
2026-10-07 11:20:15,704 [INFO] [103/121] 쌍문역 (primary=KEY_3)
2026-10-07 11:20:16,912 [INFO] [104/121] 양재역 (primary=KEY_4)
2026-10-07 11:20:18,149 [INFO] [105/121] 역삼역 (primary=KEY_1)
2026-10-07 11:20:19,584 [INFO] [106/121] 연신내역 (primary=KEY_2)
2026-10-07 11:20:20,670 [INFO] [107/121] 오목교역·목동운동장 (primary=KEY_3)
2026-10-07 11:20:22,392 [INFO] [108/121] 왕십리역 (primary=KEY_4)
2026-10-07 11:20:23,842 [INFO] [109/121] 용산역 (primary=KEY_1)
2026-10-07 11:20:25,258 [INFO] [110/121] 이태원역 (primary=KEY_2)
2026-10-07 11:20:26,329 [INFO] [111/121] 잠실새내역 (primary=KEY_3)
2026-10-07 11:20:27,654 [INFO] [112/121] 잠실역 (primary=KEY_4)
2026-10-07 11:20:29,078 [INFO] [113/121] 장지역 (primary=KEY_1)
2026-10-07 11:20:30,464 [INFO] [114/121] 장한평역 (primary=KEY_2)
2026-10-07 11:20:31,703 [INFO] [115/121] 천호역 (primary=KEY_3)
2026-10-07 11:20:33,091 [INFO] [116/121] 총신대입구(이수)역 (primary=KEY_4)
2026-10-07 11:20:34,356 [INFO] [117/121] 충정로역 (primary=KEY_1)
2026-10-07 11:20:35,616 [INFO] [118/121] 합정역 (primary=KEY_2)
2026-10-07 11:20:36,839 [INFO] [119/121] 혜화역 (primary=KEY_3)
2026-10-07 11:20:38,047 [INFO] [120/121] 홍대입구역(2호선) (primary=KEY_4)
2026-10-07 11:20:39,288 [INFO] [121/121] 회기역 (primary=KEY_1)
2026-10-07 11:20:40,977 [INFO] === 수집 완료 | 성공 121, 실패 0 ===
2026-10-07 11:20:40,977 [INFO] 카테고리별 저장 결과:
2026-10-07 11:20:40,977 [INFO]    accident                  | 신규     8행 | 누적     10행 | 16컬럼
2026-10-07 11:20:40,977 [INFO]    accident_acdnt_cntrl_stts | 신규     2행 | 누적      2행 | 16컬럼
2026-10-07 11:20:40,977 [INFO]    area_meta                 | 신규   121행 | 누적    242행 | 5컬럼
2026-10-07 11:20:40,977 [INFO]    bike                      | 신규    11행 | 누적     22행 | 12컬럼
2026-10-07 11:20:40,977 [INFO]    bike_sbike_stts           | 신규   567행 | 누적   1134행 | 12컬럼
2026-10-07 11:20:40,977 [INFO]    bus                       | 신규     3행 | 누적      6행 | 11컬럼
2026-10-07 11:20:40,977 [INFO]    bus_bus_stn_stts          | 신규  1745행 | 누적   3490행 | 11컬럼
2026-10-07 11:20:40,977 [INFO]    charger                   | 신규     4행 | 누적      8행 | 15컬럼
2026-10-07 11:20:40,977 [INFO]    charger_charger_stts      | 신규  1926행 | 누적   3826행 | 15컬럼
2026-10-07 11:20:40,977 [INFO]    cmrcl                     | 신규    82행 | 누적    164행 | 20컬럼
2026-10-07 11:20:40,977 [INFO]    events                    | 신규    14행 | 누적     27행 | 14컬럼
2026-10-07 11:20:40,977 [INFO]    events_event_stts         | 신규   133행 | 누적    194행 | 14컬럼
2026-10-07 11:20:40,977 [INFO]    parking                   | 신규     6행 | 누적     12행 | 21컬럼
2026-10-07 11:20:40,977 [INFO]    parking_prk_stts          | 신규  1832행 | 누적   3664행 | 21컬럼
2026-10-07 11:20:40,977 [INFO]    ppltn                     | 신규   121행 | 누적    242행 | 26컬럼
2026-10-07 11:20:40,977 [INFO]    road                      | 신규   121행 | 누적    242행 | 21컬럼
2026-10-07 11:20:40,977 [INFO]    road_road_traffic_stts    | 신규  5304행 | 누적  10608행 | 17컬럼
2026-10-07 11:20:40,977 [INFO]    subway                    | 신규    38행 | 누적     76행 | 12컬럼
2026-10-07 11:20:40,977 [INFO]    subway_sub_stts           | 신규   183행 | 누적    366행 | 13컬럼
2026-10-07 11:20:40,977 [INFO]    weather                   | 신규   119행 | 누적    238행 | 29컬럼
2026-10-07 11:20:40,977 [INFO] 키별 사용량:
2026-10-07 11:20:40,977 [INFO]    🟢 KEY_1 (31/1000) 
2026-10-07 11:20:40,978 [INFO]    🟢 KEY_2 (30/1000) 
2026-10-07 11:20:40,978 [INFO]    🟢 KEY_3 (30/1000) 
2026-10-07 11:20:40,978 [INFO]    🟢 KEY_4 (30/1000) 
2026-10-07 19:11:07,598 [INFO] 등록된 키: 4개, 합산 한도 4,000건/일
2026-10-07 19:11:07,599 [INFO] POI 로드: 매뉴얼 v8.5 기준 fallback 121개 (121개 전체)
2026-10-07 19:11:07,599 [INFO] === 수집 시작 2026-10-07T19:11:07.599694+09:00 ===
2026-10-07 19:11:07,599 [INFO] 대상 장소: 121개 | API: citydata (통합)
2026-10-07 19:11:07,599 [INFO] 키 풀: 4/4 활성 | 오늘 사용 0/4000건
2026-10-07 19:11:07,600 [INFO]   [KEY_1] 담당 31장소
2026-10-07 19:11:07,600 [INFO]   [KEY_2] 담당 30장소
2026-10-07 19:11:07,600 [INFO]   [KEY_3] 담당 30장소
2026-10-07 19:11:07,600 [INFO]   [KEY_4] 담당 30장소
2026-10-07 19:11:07,600 [INFO] [1/121] 경복궁 (primary=KEY_1)
2026-10-07 19:11:09,942 [INFO] [2/121] 광화문·덕수궁 (primary=KEY_2)
2026-10-07 19:11:11,848 [INFO] [3/121] 보신각 (primary=KEY_3)
2026-10-07 19:11:14,108 [INFO] [4/121] 서울 암사동 유적 (primary=KEY_4)
2026-10-07 19:11:15,334 [INFO] [5/121] 창덕궁·종묘 (primary=KEY_1)
2026-10-07 19:11:16,621 [INFO] [6/121] 강남 MICE 관광특구 (primary=KEY_2)
2026-10-07 19:11:18,478 [INFO] [7/121] 동대문 관광특구 (primary=KEY_3)
2026-10-07 19:11:20,914 [INFO] [8/121] 명동 관광특구 (primary=KEY_4)
2026-10-07 19:11:22,606 [INFO] [9/121] 이태원 관광특구 (primary=KEY_1)
2026-10-07 19:11:24,767 [INFO] [10/121] 잠실 관광특구 (primary=KEY_2)
2026-10-07 19:11:26,432 [INFO] [11/121] 종로·청계 관광특구 (primary=KEY_3)
2026-10-07 19:11:27,902 [INFO] [12/121] 홍대 관광특구 (primary=KEY_4)
2026-10-07 19:11:30,068 [INFO] [13/121] 강서한강공원 (primary=KEY_1)
2026-10-07 19:11:32,201 [INFO] [14/121] 고척돔 (primary=KEY_2)
2026-10-07 19:11:33,274 [INFO] [15/121] 광나루한강공원 (primary=KEY_3)
2026-10-07 19:11:34,508 [INFO] [16/121] 광화문광장 (primary=KEY_4)
2026-10-07 19:11:35,740 [INFO] [17/121] 국립중앙박물관·용산가족공원 (primary=KEY_1)
2026-10-07 19:11:36,975 [INFO] [18/121] 난지한강공원 (primary=KEY_2)
2026-10-07 19:11:38,036 [INFO] [19/121] 남산공원 (primary=KEY_3)
2026-10-07 19:11:39,549 [INFO] [20/121] 노들섬 (primary=KEY_4)
2026-10-07 19:11:41,200 [INFO] [21/121] 뚝섬한강공원 (primary=KEY_1)
2026-10-07 19:11:42,264 [INFO] [22/121] 망원한강공원 (primary=KEY_2)
2026-10-07 19:11:43,635 [INFO] [23/121] 반포한강공원 (primary=KEY_3)
2026-10-07 19:11:44,690 [INFO] [24/121] 보라매공원 (primary=KEY_4)
2026-10-07 19:11:45,800 [INFO] [25/121] 북서울꿈의숲 (primary=KEY_1)
2026-10-07 19:11:47,109 [INFO] [26/121] 서대문독립공원 (primary=KEY_2)
2026-10-07 19:11:48,357 [INFO] [27/121] 서리풀공원·몽마르뜨공원 (primary=KEY_3)
2026-10-07 19:11:49,644 [INFO] [28/121] 서울대공원 (primary=KEY_4)
2026-10-07 19:11:51,566 [INFO] [29/121] 서울숲공원 (primary=KEY_1)
2026-10-07 19:11:52,811 [INFO] [30/121] 송현녹지광장 (primary=KEY_2)
2026-10-07 19:11:54,111 [INFO] [31/121] 아차산 (primary=KEY_3)
2026-10-07 19:11:55,178 [INFO] [32/121] 안양천 (primary=KEY_4)
2026-10-07 19:11:56,249 [INFO] [33/121] 양화한강공원 (primary=KEY_1)
2026-10-07 19:11:57,316 [INFO] [34/121] 어린이대공원 (primary=KEY_2)
2026-10-07 19:11:58,608 [INFO] [35/121] 여의도한강공원 (primary=KEY_3)
2026-10-07 19:11:59,851 [INFO] [36/121] 여의서로 (primary=KEY_4)
2026-10-07 19:12:01,146 [INFO] [37/121] 올림픽공원 (primary=KEY_1)
2026-10-07 19:12:02,661 [INFO] [38/121] 월드컵공원 (primary=KEY_2)
2026-10-07 19:12:04,082 [INFO] [39/121] 응봉산 (primary=KEY_3)
2026-10-07 19:12:05,315 [INFO] [40/121] 이촌한강공원 (primary=KEY_4)
2026-10-07 19:12:06,378 [INFO] [41/121] 잠실종합운동장 (primary=KEY_1)
2026-10-07 19:12:08,542 [INFO] [42/121] 잠실한강공원 (primary=KEY_2)
2026-10-07 19:12:10,766 [INFO] [43/121] 잠원한강공원 (primary=KEY_3)
2026-10-07 19:12:12,541 [INFO] [44/121] 청계산 (primary=KEY_4)
2026-10-07 19:12:13,592 [INFO] [45/121] 홍제폭포 (primary=KEY_1)
2026-10-07 19:12:14,641 [INFO] [46/121] 가락시장 (primary=KEY_2)
2026-10-07 19:12:16,662 [INFO] [47/121] 가로수길 (primary=KEY_3)
2026-10-07 19:12:18,640 [INFO] [48/121] 광장(전통)시장 (primary=KEY_4)
2026-10-07 19:12:20,434 [INFO] [49/121] 김포공항 (primary=KEY_1)
2026-10-07 19:12:22,602 [INFO] [50/121] 남대문시장 (primary=KEY_2)
2026-10-07 19:12:24,594 [INFO] [51/121] 노량진 (primary=KEY_3)
2026-10-07 19:12:26,464 [INFO] [52/121] 덕수궁길·정동길 (primary=KEY_4)
2026-10-07 19:12:27,762 [INFO] [53/121] 북창동 먹자골목 (primary=KEY_1)
2026-10-07 19:12:29,693 [INFO] [54/121] 북촌한옥마을 (primary=KEY_2)
2026-10-07 19:12:31,100 [INFO] [55/121] 서촌 (primary=KEY_3)
2026-10-07 19:12:32,394 [INFO] [56/121] 성수카페거리 (primary=KEY_4)
2026-10-07 19:12:34,419 [INFO] [57/121] 송리단길·호수단길 (primary=KEY_1)
2026-10-07 19:12:35,713 [INFO] [58/121] 신촌 스타광장 (primary=KEY_2)
2026-10-07 19:12:37,481 [INFO] [59/121] 압구정로데오거리 (primary=KEY_3)
2026-10-07 19:12:38,757 [INFO] [60/121] 여의도 (primary=KEY_4)
2026-10-07 19:12:40,985 [INFO] [61/121] 연남동 (primary=KEY_1)
2026-10-07 19:12:42,239 [INFO] [62/121] 영등포 타임스퀘어 (primary=KEY_2)
2026-10-07 19:12:43,480 [INFO] [63/121] 용리단길 (primary=KEY_3)
2026-10-07 19:12:44,959 [INFO] [64/121] 이태원 앤틱가구거리 (primary=KEY_4)
2026-10-07 19:12:46,211 [INFO] [65/121] 익선동 (primary=KEY_1)
2026-10-07 19:12:47,529 [INFO] [66/121] 인사동 (primary=KEY_2)
2026-10-07 19:12:48,976 [INFO] [67/121] 잠실롯데타워·석촌호수 (primary=KEY_3)
2026-10-07 19:12:50,593 [INFO] [68/121] 창동 신경제 중심지 (primary=KEY_4)
2026-10-07 19:12:52,216 [INFO] [69/121] 청담동 명품거리 (primary=KEY_1)
2026-10-07 19:12:53,480 [INFO] [70/121] 청량리 제기동 일대 전통시장 (primary=KEY_2)
2026-10-07 19:12:54,832 [INFO] [71/121] 해방촌·경리단길 (primary=KEY_3)
2026-10-07 19:12:55,914 [INFO] [72/121] DDP(동대문디자인플라자) (primary=KEY_4)
2026-10-07 19:12:57,210 [INFO] [73/121] DMC(디지털미디어시티) (primary=KEY_1)
2026-10-07 19:12:58,845 [INFO] [74/121] 가산디지털단지역 (primary=KEY_2)
2026-10-07 19:13:00,657 [INFO] [75/121] 강남역 (primary=KEY_3)
2026-10-07 19:13:02,181 [INFO] [76/121] 건대입구역 (primary=KEY_4)
2026-10-07 19:13:03,441 [INFO] [77/121] 고덕역 (primary=KEY_1)
2026-10-07 19:13:04,703 [INFO] [78/121] 고속터미널역 (primary=KEY_2)
2026-10-07 19:13:06,663 [INFO] [79/121] 교대역 (primary=KEY_3)
2026-10-07 19:13:07,973 [INFO] [80/121] 구로디지털단지역 (primary=KEY_4)
2026-10-07 19:13:09,646 [INFO] [81/121] 구로역 (primary=KEY_1)
2026-10-07 19:13:10,889 [INFO] [82/121] 군자역 (primary=KEY_2)
2026-10-07 19:13:12,141 [INFO] [83/121] 대림역 (primary=KEY_3)
2026-10-07 19:13:13,395 [INFO] [84/121] 동대문역 (primary=KEY_4)
2026-10-07 19:13:14,818 [INFO] [85/121] 뚝섬역 (primary=KEY_1)
2026-10-07 19:13:16,082 [INFO] [86/121] 미아사거리역 (primary=KEY_2)
2026-10-07 19:13:17,386 [INFO] [87/121] 발산역 (primary=KEY_3)
2026-10-07 19:13:18,990 [INFO] [88/121] 사당역 (primary=KEY_4)
2026-10-07 19:13:20,297 [INFO] [89/121] 삼각지역 (primary=KEY_1)
2026-10-07 19:13:21,557 [INFO] [90/121] 서울대입구역 (primary=KEY_2)
2026-10-07 19:13:22,800 [INFO] [91/121] 서울식물원·마곡나루역 (primary=KEY_3)
2026-10-07 19:13:24,293 [INFO] [92/121] 서울역 (primary=KEY_4)
2026-10-07 19:13:25,743 [INFO] [93/121] 선릉역 (primary=KEY_1)
2026-10-07 19:13:27,349 [INFO] [94/121] 성신여대입구역 (primary=KEY_2)
2026-10-07 19:13:28,612 [INFO] [95/121] 수유역 (primary=KEY_3)
2026-10-07 19:13:29,846 [INFO] [96/121] 숭례문 (primary=KEY_4)
2026-10-07 19:13:31,182 [INFO] [97/121] 시의회 앞 (primary=KEY_1)
2026-10-07 19:13:32,448 [INFO] [98/121] 신논현역·논현역 (primary=KEY_2)
2026-10-07 19:13:33,765 [INFO] [99/121] 신도림역 (primary=KEY_3)
2026-10-07 19:13:34,862 [INFO] [100/121] 신림역 (primary=KEY_4)
2026-10-07 19:13:36,139 [INFO] [101/121] 신정네거리역 (primary=KEY_1)
2026-10-07 19:13:37,383 [INFO] [102/121] 신촌·이대역 (primary=KEY_2)
2026-10-07 19:13:38,683 [INFO] [103/121] 쌍문역 (primary=KEY_3)
2026-10-07 19:13:39,939 [INFO] [104/121] 양재역 (primary=KEY_4)
2026-10-07 19:13:41,214 [INFO] [105/121] 역삼역 (primary=KEY_1)
2026-10-07 19:13:42,654 [INFO] [106/121] 연신내역 (primary=KEY_2)
2026-10-07 19:13:43,744 [INFO] [107/121] 오목교역·목동운동장 (primary=KEY_3)
2026-10-07 19:13:45,524 [INFO] [108/121] 왕십리역 (primary=KEY_4)
2026-10-07 19:13:47,072 [INFO] [109/121] 용산역 (primary=KEY_1)
2026-10-07 19:13:48,510 [INFO] [110/121] 이태원역 (primary=KEY_2)
2026-10-07 19:13:49,669 [INFO] [111/121] 잠실새내역 (primary=KEY_3)
2026-10-07 19:13:50,913 [INFO] [112/121] 잠실역 (primary=KEY_4)
2026-10-07 19:13:52,348 [INFO] [113/121] 장지역 (primary=KEY_1)
2026-10-07 19:13:53,831 [INFO] [114/121] 장한평역 (primary=KEY_2)
2026-10-07 19:13:55,098 [INFO] [115/121] 천호역 (primary=KEY_3)
2026-10-07 19:13:56,532 [INFO] [116/121] 총신대입구(이수)역 (primary=KEY_4)
2026-10-07 19:13:57,791 [INFO] [117/121] 충정로역 (primary=KEY_1)
2026-10-07 19:13:59,052 [INFO] [118/121] 합정역 (primary=KEY_2)
2026-10-07 19:14:00,348 [INFO] [119/121] 혜화역 (primary=KEY_3)
2026-10-07 19:14:01,642 [INFO] [120/121] 홍대입구역(2호선) (primary=KEY_4)
2026-10-07 19:14:02,907 [INFO] [121/121] 회기역 (primary=KEY_1)
2026-10-07 19:14:05,048 [INFO] === 수집 완료 | 성공 121, 실패 0 ===
2026-10-07 19:14:05,048 [INFO] 카테고리별 저장 결과:
2026-10-07 19:14:05,048 [INFO]    accident                  | 신규     2행 | 누적     12행 | 16컬럼
2026-10-07 19:14:05,048 [INFO]    area_meta                 | 신규   121행 | 누적    363행 | 5컬럼
2026-10-07 19:14:05,048 [INFO]    bike                      | 신규    11행 | 누적     33행 | 12컬럼
2026-10-07 19:14:05,048 [INFO]    bike_sbike_stts           | 신규   567행 | 누적   1701행 | 12컬럼
2026-10-07 19:14:05,048 [INFO]    bus                       | 신규     3행 | 누적      9행 | 11컬럼
2026-10-07 19:14:05,048 [INFO]    bus_bus_stn_stts          | 신규  1745행 | 누적   5235행 | 11컬럼
2026-10-07 19:14:05,048 [INFO]    charger                   | 신규     4행 | 누적     12행 | 15컬럼
2026-10-07 19:14:05,048 [INFO]    charger_charger_stts      | 신규  1928행 | 누적   5741행 | 15컬럼
2026-10-07 19:14:05,048 [INFO]    cmrcl                     | 신규    82행 | 누적    246행 | 20컬럼
2026-10-07 19:14:05,049 [INFO]    events                    | 신규    14행 | 누적     41행 | 14컬럼
2026-10-07 19:14:05,049 [INFO]    events_event_stts         | 신규   133행 | 누적    327행 | 14컬럼
2026-10-07 19:14:05,049 [INFO]    news                      | 신규    18행 | 누적     18행 | 10컬럼
2026-10-07 19:14:05,049 [INFO]    parking                   | 신규     6행 | 누적     18행 | 21컬럼
2026-10-07 19:14:05,049 [INFO]    parking_prk_stts          | 신규  1832행 | 누적   5496행 | 21컬럼
2026-10-07 19:14:05,049 [INFO]    ppltn                     | 신규   120행 | 누적    362행 | 26컬럼
2026-10-07 19:14:05,049 [INFO]    road                      | 신규   121행 | 누적    363행 | 21컬럼
2026-10-07 19:14:05,049 [INFO]    road_road_traffic_stts    | 신규  5304행 | 누적  15912행 | 17컬럼
2026-10-07 19:14:05,049 [INFO]    subway                    | 신규    38행 | 누적    114행 | 12컬럼
2026-10-07 19:14:05,049 [INFO]    subway_sub_stts           | 신규   183행 | 누적    549행 | 13컬럼
2026-10-07 19:14:05,049 [INFO]    weather                   | 신규   119행 | 누적    357행 | 29컬럼
2026-10-07 19:14:05,049 [INFO] 키별 사용량:
2026-10-07 19:14:05,049 [INFO]    🟢 KEY_1 (31/1000) 
2026-10-07 19:14:05,049 [INFO]    🟢 KEY_2 (30/1000) 
2026-10-07 19:14:05,049 [INFO]    🟢 KEY_3 (30/1000) 
2026-10-07 19:14:05,049 [INFO]    🟢 KEY_4 (30/1000) 
