2026-09-08 01:26:09,942 [INFO] 등록된 키: 4개, 합산 한도 4,000건/일
2026-09-08 01:26:09,943 [INFO] POI 로드: 매뉴얼 v8.5 기준 fallback 121개 (121개 전체)
2026-09-08 01:26:09,943 [INFO] === 수집 시작 2026-09-08T01:26:09.943146+09:00 ===
2026-09-08 01:26:09,943 [INFO] 대상 장소: 121개 | API: citydata (통합)
2026-09-08 01:26:09,943 [INFO] 키 풀: 4/4 활성 | 오늘 사용 0/4000건
2026-09-08 01:26:09,943 [INFO]   [KEY_1] 담당 31장소
2026-09-08 01:26:09,943 [INFO]   [KEY_2] 담당 30장소
2026-09-08 01:26:09,943 [INFO]   [KEY_3] 담당 30장소
2026-09-08 01:26:09,943 [INFO]   [KEY_4] 담당 30장소
2026-09-08 01:26:09,943 [INFO] [1/121] 경복궁 (primary=KEY_1)
2026-09-08 01:26:11,880 [INFO] [2/121] 광화문·덕수궁 (primary=KEY_2)
2026-09-08 01:26:14,560 [INFO] [3/121] 보신각 (primary=KEY_3)
2026-09-08 01:26:16,660 [INFO] [4/121] 서울 암사동 유적 (primary=KEY_4)
2026-09-08 01:26:18,936 [INFO] [5/121] 창덕궁·종묘 (primary=KEY_1)
2026-09-08 01:26:20,265 [INFO] [6/121] 강남 MICE 관광특구 (primary=KEY_2)
2026-09-08 01:26:21,606 [INFO] [7/121] 동대문 관광특구 (primary=KEY_3)
2026-09-08 01:26:23,189 [INFO] [8/121] 명동 관광특구 (primary=KEY_4)
2026-09-08 01:26:25,001 [INFO] [9/121] 이태원 관광특구 (primary=KEY_1)
2026-09-08 01:26:27,140 [INFO] [10/121] 잠실 관광특구 (primary=KEY_2)
2026-09-08 01:26:28,902 [INFO] [11/121] 종로·청계 관광특구 (primary=KEY_3)
2026-09-08 01:26:31,256 [INFO] [12/121] 홍대 관광특구 (primary=KEY_4)
2026-09-08 01:26:33,590 [INFO] [13/121] 강서한강공원 (primary=KEY_1)
2026-09-08 01:26:35,494 [INFO] [14/121] 고척돔 (primary=KEY_2)
2026-09-08 01:26:36,818 [INFO] [15/121] 광나루한강공원 (primary=KEY_3)
2026-09-08 01:26:38,137 [INFO] [16/121] 광화문광장 (primary=KEY_4)
2026-09-08 01:26:39,485 [INFO] [17/121] 국립중앙박물관·용산가족공원 (primary=KEY_1)
2026-09-08 01:26:41,393 [INFO] [18/121] 난지한강공원 (primary=KEY_2)
2026-09-08 01:26:43,277 [INFO] [19/121] 남산공원 (primary=KEY_3)
2026-09-08 01:26:45,955 [INFO] [20/121] 노들섬 (primary=KEY_4)
2026-09-08 01:26:47,673 [INFO] [21/121] 뚝섬한강공원 (primary=KEY_1)
2026-09-08 01:26:49,769 [INFO] [22/121] 망원한강공원 (primary=KEY_2)
2026-09-08 01:26:51,105 [INFO] [23/121] 반포한강공원 (primary=KEY_3)
2026-09-08 01:26:53,002 [INFO] [24/121] 보라매공원 (primary=KEY_4)
2026-09-08 01:26:54,160 [INFO] [25/121] 북서울꿈의숲 (primary=KEY_1)
2026-09-08 01:26:56,610 [INFO] [26/121] 서대문독립공원 (primary=KEY_2)
2026-09-08 01:26:58,545 [INFO] [27/121] 서리풀공원·몽마르뜨공원 (primary=KEY_3)
2026-09-08 01:27:00,484 [INFO] [28/121] 서울대공원 (primary=KEY_4)
2026-09-08 01:27:01,619 [INFO] [29/121] 서울숲공원 (primary=KEY_1)
2026-09-08 01:27:02,962 [INFO] [30/121] 송현녹지광장 (primary=KEY_2)
2026-09-08 01:27:04,300 [INFO] [31/121] 아차산 (primary=KEY_3)
2026-09-08 01:27:05,439 [INFO] [32/121] 안양천 (primary=KEY_4)
2026-09-08 01:27:06,634 [INFO] [33/121] 양화한강공원 (primary=KEY_1)
2026-09-08 01:27:07,758 [INFO] [34/121] 어린이대공원 (primary=KEY_2)
2026-09-08 01:27:09,097 [INFO] [35/121] 여의도한강공원 (primary=KEY_3)
2026-09-08 01:27:10,425 [INFO] [36/121] 여의서로 (primary=KEY_4)
2026-09-08 01:27:11,757 [INFO] [37/121] 올림픽공원 (primary=KEY_1)
2026-09-08 01:27:13,104 [INFO] [38/121] 월드컵공원 (primary=KEY_2)
2026-09-08 01:27:14,645 [INFO] [39/121] 응봉산 (primary=KEY_3)
2026-09-08 01:27:15,975 [INFO] [40/121] 이촌한강공원 (primary=KEY_4)
2026-09-08 01:27:17,873 [INFO] [41/121] 잠실종합운동장 (primary=KEY_1)
2026-09-08 01:27:19,023 [INFO] [42/121] 잠실한강공원 (primary=KEY_2)
2026-09-08 01:27:20,173 [INFO] [43/121] 잠원한강공원 (primary=KEY_3)
2026-09-08 01:27:21,307 [INFO] [44/121] 청계산 (primary=KEY_4)
2026-09-08 01:27:22,438 [INFO] [45/121] 홍제폭포 (primary=KEY_1)
2026-09-08 01:27:23,570 [INFO] [46/121] 가락시장 (primary=KEY_2)
2026-09-08 01:27:24,919 [INFO] [47/121] 가로수길 (primary=KEY_3)
2026-09-08 01:27:26,290 [INFO] [48/121] 광장(전통)시장 (primary=KEY_4)
2026-09-08 01:27:28,186 [INFO] [49/121] 김포공항 (primary=KEY_1)
2026-09-08 01:27:29,728 [INFO] [50/121] 남대문시장 (primary=KEY_2)
2026-09-08 01:27:31,089 [INFO] [51/121] 노량진 (primary=KEY_3)
2026-09-08 01:27:32,429 [INFO] [52/121] 덕수궁길·정동길 (primary=KEY_4)
2026-09-08 01:27:33,782 [INFO] [53/121] 북창동 먹자골목 (primary=KEY_1)
2026-09-08 01:27:35,110 [INFO] [54/121] 북촌한옥마을 (primary=KEY_2)
2026-09-08 01:27:36,637 [INFO] [55/121] 서촌 (primary=KEY_3)
2026-09-08 01:27:37,967 [INFO] [56/121] 성수카페거리 (primary=KEY_4)
2026-09-08 01:27:39,519 [INFO] [57/121] 송리단길·호수단길 (primary=KEY_1)
2026-09-08 01:27:40,875 [INFO] [58/121] 신촌 스타광장 (primary=KEY_2)
2026-09-08 01:27:42,035 [INFO] [59/121] 압구정로데오거리 (primary=KEY_3)
2026-09-08 01:27:43,376 [INFO] [60/121] 여의도 (primary=KEY_4)
2026-09-08 01:27:45,580 [INFO] [61/121] 연남동 (primary=KEY_1)
2026-09-08 01:27:46,916 [INFO] [62/121] 영등포 타임스퀘어 (primary=KEY_2)
2026-09-08 01:27:48,827 [INFO] [63/121] 용리단길 (primary=KEY_3)
2026-09-08 01:27:49,998 [INFO] [64/121] 이태원 앤틱가구거리 (primary=KEY_4)
2026-09-08 01:27:52,267 [INFO] [65/121] 익선동 (primary=KEY_1)
2026-09-08 01:27:53,624 [INFO] [66/121] 인사동 (primary=KEY_2)
2026-09-08 01:27:55,175 [INFO] [67/121] 잠실롯데타워·석촌호수 (primary=KEY_3)
2026-09-08 01:27:58,699 [INFO] [68/121] 창동 신경제 중심지 (primary=KEY_4)
2026-09-08 01:28:00,444 [INFO] [69/121] 청담동 명품거리 (primary=KEY_1)
2026-09-08 01:28:02,548 [INFO] [70/121] 청량리 제기동 일대 전통시장 (primary=KEY_2)
2026-09-08 01:28:04,703 [INFO] [71/121] 해방촌·경리단길 (primary=KEY_3)
2026-09-08 01:28:05,859 [INFO] [72/121] DDP(동대문디자인플라자) (primary=KEY_4)
2026-09-08 01:28:07,213 [INFO] [73/121] DMC(디지털미디어시티) (primary=KEY_1)
2026-09-08 01:28:08,984 [INFO] [74/121] 가산디지털단지역 (primary=KEY_2)
2026-09-08 01:28:10,910 [INFO] [75/121] 강남역 (primary=KEY_3)
2026-09-08 01:28:12,471 [INFO] [76/121] 건대입구역 (primary=KEY_4)
2026-09-08 01:28:13,831 [INFO] [77/121] 고덕역 (primary=KEY_1)
2026-09-08 01:28:15,921 [INFO] [78/121] 고속터미널역 (primary=KEY_2)
2026-09-08 01:28:17,279 [INFO] [79/121] 교대역 (primary=KEY_3)
2026-09-08 01:28:18,427 [INFO] [80/121] 구로디지털단지역 (primary=KEY_4)
2026-09-08 01:28:20,147 [INFO] [81/121] 구로역 (primary=KEY_1)
2026-09-08 01:28:21,482 [INFO] [82/121] 군자역 (primary=KEY_2)
2026-09-08 01:28:22,627 [INFO] [83/121] 대림역 (primary=KEY_3)
2026-09-08 01:28:23,990 [INFO] [84/121] 동대문역 (primary=KEY_4)
2026-09-08 01:28:25,331 [INFO] [85/121] 뚝섬역 (primary=KEY_1)
2026-09-08 01:28:26,678 [INFO] [86/121] 미아사거리역 (primary=KEY_2)
2026-09-08 01:28:28,984 [INFO] [87/121] 발산역 (primary=KEY_3)
2026-09-08 01:28:30,700 [INFO] [88/121] 사당역 (primary=KEY_4)
2026-09-08 01:28:32,060 [INFO] [89/121] 삼각지역 (primary=KEY_1)
2026-09-08 01:28:33,227 [INFO] [90/121] 서울대입구역 (primary=KEY_2)
2026-09-08 01:28:34,574 [INFO] [91/121] 서울식물원·마곡나루역 (primary=KEY_3)
2026-09-08 01:28:36,124 [INFO] [92/121] 서울역 (primary=KEY_4)
2026-09-08 01:28:37,508 [INFO] [93/121] 선릉역 (primary=KEY_1)
2026-09-08 01:28:40,012 [INFO] [94/121] 성신여대입구역 (primary=KEY_2)
2026-09-08 01:28:41,187 [INFO] [95/121] 수유역 (primary=KEY_3)
2026-09-08 01:28:42,524 [INFO] [96/121] 숭례문 (primary=KEY_4)
2026-09-08 01:28:43,872 [INFO] [97/121] 시의회 앞 (primary=KEY_1)
2026-09-08 01:28:45,228 [INFO] [98/121] 신논현역·논현역 (primary=KEY_2)
2026-09-08 01:28:46,603 [INFO] [99/121] 신도림역 (primary=KEY_3)
2026-09-08 01:28:47,763 [INFO] [100/121] 신림역 (primary=KEY_4)
2026-09-08 01:28:48,928 [INFO] [101/121] 신정네거리역 (primary=KEY_1)
2026-09-08 01:28:50,352 [INFO] [102/121] 신촌·이대역 (primary=KEY_2)
2026-09-08 01:28:51,704 [INFO] [103/121] 쌍문역 (primary=KEY_3)
2026-09-08 01:28:53,047 [INFO] [104/121] 양재역 (primary=KEY_4)
2026-09-08 01:28:54,408 [INFO] [105/121] 역삼역 (primary=KEY_1)
2026-09-08 01:28:55,955 [INFO] [106/121] 연신내역 (primary=KEY_2)
2026-09-08 01:28:57,135 [INFO] [107/121] 오목교역·목동운동장 (primary=KEY_3)
2026-09-08 01:28:59,080 [INFO] [108/121] 왕십리역 (primary=KEY_4)
2026-09-08 01:29:01,260 [INFO] [109/121] 용산역 (primary=KEY_1)
2026-09-08 01:29:02,816 [INFO] [110/121] 이태원역 (primary=KEY_2)
2026-09-08 01:29:03,972 [INFO] [111/121] 잠실새내역 (primary=KEY_3)
2026-09-08 01:29:05,333 [INFO] [112/121] 잠실역 (primary=KEY_4)
2026-09-08 01:29:06,930 [INFO] [113/121] 장지역 (primary=KEY_1)
2026-09-08 01:29:08,461 [INFO] [114/121] 장한평역 (primary=KEY_2)
2026-09-08 01:29:09,817 [INFO] [115/121] 천호역 (primary=KEY_3)
2026-09-08 01:29:11,180 [INFO] [116/121] 총신대입구(이수)역 (primary=KEY_4)
2026-09-08 01:29:13,319 [INFO] [117/121] 충정로역 (primary=KEY_1)
2026-09-08 01:29:14,677 [INFO] [118/121] 합정역 (primary=KEY_2)
2026-09-08 01:29:16,036 [INFO] [119/121] 혜화역 (primary=KEY_3)
2026-09-08 01:29:17,382 [INFO] [120/121] 홍대입구역(2호선) (primary=KEY_4)
2026-09-08 01:29:18,737 [INFO] [121/121] 회기역 (primary=KEY_1)
2026-09-08 01:29:20,514 [INFO] === 수집 완료 | 성공 121, 실패 0 ===
2026-09-08 01:29:20,514 [INFO] 카테고리별 저장 결과:
2026-09-08 01:29:20,514 [INFO]    accident                  | 신규     2행 | 누적      2행 | 16컬럼
2026-09-08 01:29:20,514 [INFO]    area_meta                 | 신규   121행 | 누적    121행 | 5컬럼
2026-09-08 01:29:20,514 [INFO]    bike                      | 신규    10행 | 누적     10행 | 12컬럼
2026-09-08 01:29:20,515 [INFO]    bike_sbike_stts           | 신규   573행 | 누적    573행 | 12컬럼
2026-09-08 01:29:20,515 [INFO]    bus                       | 신규     3행 | 누적      3행 | 11컬럼
2026-09-08 01:29:20,515 [INFO]    bus_bus_stn_stts          | 신규  1745행 | 누적   1745행 | 11컬럼
2026-09-08 01:29:20,515 [INFO]    charger                   | 신규     4행 | 누적      4행 | 15컬럼
2026-09-08 01:29:20,515 [INFO]    charger_charger_stts      | 신규  1919행 | 누적   1919행 | 15컬럼
2026-09-08 01:29:20,515 [INFO]    cmrcl                     | 신규    82행 | 누적     82행 | 20컬럼
2026-09-08 01:29:20,515 [INFO]    events                    | 신규    15행 | 누적     15행 | 14컬럼
2026-09-08 01:29:20,515 [INFO]    events_event_stts         | 신규    99행 | 누적     99행 | 14컬럼
2026-09-08 01:29:20,515 [INFO]    parking                   | 신규     6행 | 누적      6행 | 21컬럼
2026-09-08 01:29:20,515 [INFO]    parking_prk_stts          | 신규  1827행 | 누적   1827행 | 21컬럼
2026-09-08 01:29:20,515 [INFO]    ppltn                     | 신규   121행 | 누적    121행 | 26컬럼
2026-09-08 01:29:20,515 [INFO]    road                      | 신규   121행 | 누적    121행 | 21컬럼
2026-09-08 01:29:20,515 [INFO]    road_road_traffic_stts    | 신규  5294행 | 누적   5294행 | 17컬럼
2026-09-08 01:29:20,515 [INFO]    subway                    | 신규    38행 | 누적     38행 | 13컬럼
2026-09-08 01:29:20,515 [INFO]    subway_sub_stts           | 신규   183행 | 누적    183행 | 13컬럼
2026-09-08 01:29:20,515 [INFO]    weather                   | 신규   119행 | 누적    119행 | 29컬럼
2026-09-08 01:29:20,515 [INFO] 키별 사용량:
2026-09-08 01:29:20,516 [INFO]    🟢 KEY_1 (31/1000) 
2026-09-08 01:29:20,516 [INFO]    🟢 KEY_2 (30/1000) 
2026-09-08 01:29:20,516 [INFO]    🟢 KEY_3 (30/1000) 
2026-09-08 01:29:20,516 [INFO]    🟢 KEY_4 (30/1000) 
2026-09-08 05:31:27,875 [INFO] 등록된 키: 4개, 합산 한도 4,000건/일
2026-09-08 05:31:27,876 [INFO] POI 로드: 매뉴얼 v8.5 기준 fallback 121개 (121개 전체)
2026-09-08 05:31:27,876 [INFO] === 수집 시작 2026-09-08T05:31:27.876459+09:00 ===
2026-09-08 05:31:27,876 [INFO] 대상 장소: 121개 | API: citydata (통합)
2026-09-08 05:31:27,876 [INFO] 키 풀: 4/4 활성 | 오늘 사용 0/4000건
2026-09-08 05:31:27,876 [INFO]   [KEY_1] 담당 31장소
2026-09-08 05:31:27,876 [INFO]   [KEY_2] 담당 30장소
2026-09-08 05:31:27,876 [INFO]   [KEY_3] 담당 30장소
2026-09-08 05:31:27,876 [INFO]   [KEY_4] 담당 30장소
2026-09-08 05:31:27,876 [INFO] [1/121] 경복궁 (primary=KEY_1)
2026-09-08 05:31:29,706 [INFO] [2/121] 광화문·덕수궁 (primary=KEY_2)
2026-09-08 05:31:32,125 [INFO] [3/121] 보신각 (primary=KEY_3)
2026-09-08 05:31:34,190 [INFO] [4/121] 서울 암사동 유적 (primary=KEY_4)
2026-09-08 05:31:35,835 [INFO] [5/121] 창덕궁·종묘 (primary=KEY_1)
2026-09-08 05:31:37,016 [INFO] [6/121] 강남 MICE 관광특구 (primary=KEY_2)
2026-09-08 05:31:38,213 [INFO] [7/121] 동대문 관광특구 (primary=KEY_3)
2026-09-08 05:31:40,377 [INFO] [8/121] 명동 관광특구 (primary=KEY_4)
2026-09-08 05:31:41,950 [INFO] [9/121] 이태원 관광특구 (primary=KEY_1)
2026-09-08 05:31:43,170 [INFO] [10/121] 잠실 관광특구 (primary=KEY_2)
2026-09-08 05:31:44,753 [INFO] [11/121] 종로·청계 관광특구 (primary=KEY_3)
2026-09-08 05:31:46,185 [INFO] [12/121] 홍대 관광특구 (primary=KEY_4)
2026-09-08 05:31:48,482 [INFO] [13/121] 강서한강공원 (primary=KEY_1)
2026-09-08 05:31:49,521 [INFO] [14/121] 고척돔 (primary=KEY_2)
2026-09-08 05:31:50,595 [INFO] [15/121] 광나루한강공원 (primary=KEY_3)
2026-09-08 05:31:51,770 [INFO] [16/121] 광화문광장 (primary=KEY_4)
2026-09-08 05:31:52,976 [INFO] [17/121] 국립중앙박물관·용산가족공원 (primary=KEY_1)
2026-09-08 05:31:54,014 [INFO] [18/121] 난지한강공원 (primary=KEY_2)
2026-09-08 05:31:55,664 [INFO] [19/121] 남산공원 (primary=KEY_3)
2026-09-08 05:31:57,196 [INFO] [20/121] 노들섬 (primary=KEY_4)
2026-09-08 05:31:58,238 [INFO] [21/121] 뚝섬한강공원 (primary=KEY_1)
2026-09-08 05:31:59,277 [INFO] [22/121] 망원한강공원 (primary=KEY_2)
2026-09-08 05:32:00,488 [INFO] [23/121] 반포한강공원 (primary=KEY_3)
2026-09-08 05:32:01,517 [INFO] [24/121] 보라매공원 (primary=KEY_4)
2026-09-08 05:32:02,586 [INFO] [25/121] 북서울꿈의숲 (primary=KEY_1)
2026-09-08 05:32:04,706 [INFO] [26/121] 서대문독립공원 (primary=KEY_2)
2026-09-08 05:32:05,762 [INFO] [27/121] 서리풀공원·몽마르뜨공원 (primary=KEY_3)
2026-09-08 05:32:06,950 [INFO] [28/121] 서울대공원 (primary=KEY_4)
2026-09-08 05:32:08,581 [INFO] [29/121] 서울숲공원 (primary=KEY_1)
2026-09-08 05:32:09,792 [INFO] [30/121] 송현녹지광장 (primary=KEY_2)
2026-09-08 05:32:11,023 [INFO] [31/121] 아차산 (primary=KEY_3)
2026-09-08 05:32:12,959 [INFO] [32/121] 안양천 (primary=KEY_4)
2026-09-08 05:32:13,984 [INFO] [33/121] 양화한강공원 (primary=KEY_1)
2026-09-08 05:32:15,009 [INFO] [34/121] 어린이대공원 (primary=KEY_2)
2026-09-08 05:32:16,206 [INFO] [35/121] 여의도한강공원 (primary=KEY_3)
2026-09-08 05:32:17,384 [INFO] [36/121] 여의서로 (primary=KEY_4)
2026-09-08 05:32:19,186 [INFO] [37/121] 올림픽공원 (primary=KEY_1)
2026-09-08 05:32:20,408 [INFO] [38/121] 월드컵공원 (primary=KEY_2)
2026-09-08 05:32:21,770 [INFO] [39/121] 응봉산 (primary=KEY_3)
2026-09-08 05:32:22,957 [INFO] [40/121] 이촌한강공원 (primary=KEY_4)
2026-09-08 05:32:23,986 [INFO] [41/121] 잠실종합운동장 (primary=KEY_1)
2026-09-08 05:32:25,027 [INFO] [42/121] 잠실한강공원 (primary=KEY_2)
2026-09-08 05:32:26,060 [INFO] [43/121] 잠원한강공원 (primary=KEY_3)
2026-09-08 05:32:27,093 [INFO] [44/121] 청계산 (primary=KEY_4)
2026-09-08 05:32:28,118 [INFO] [45/121] 홍제폭포 (primary=KEY_1)
2026-09-08 05:32:29,150 [INFO] [46/121] 가락시장 (primary=KEY_2)
2026-09-08 05:32:30,373 [INFO] [47/121] 가로수길 (primary=KEY_3)
2026-09-08 05:32:31,605 [INFO] [48/121] 광장(전통)시장 (primary=KEY_4)
2026-09-08 05:32:32,645 [INFO] [49/121] 김포공항 (primary=KEY_1)
2026-09-08 05:32:34,025 [INFO] [50/121] 남대문시장 (primary=KEY_2)
2026-09-08 05:32:35,227 [INFO] [51/121] 노량진 (primary=KEY_3)
2026-09-08 05:32:36,442 [INFO] [52/121] 덕수궁길·정동길 (primary=KEY_4)
2026-09-08 05:32:38,272 [INFO] [53/121] 북창동 먹자골목 (primary=KEY_1)
2026-09-08 05:32:39,480 [INFO] [54/121] 북촌한옥마을 (primary=KEY_2)
2026-09-08 05:32:40,829 [INFO] [55/121] 서촌 (primary=KEY_3)
2026-09-08 05:32:42,057 [INFO] [56/121] 성수카페거리 (primary=KEY_4)
2026-09-08 05:32:43,433 [INFO] [57/121] 송리단길·호수단길 (primary=KEY_1)
2026-09-08 05:32:44,679 [INFO] [58/121] 신촌 스타광장 (primary=KEY_2)
2026-09-08 05:32:45,743 [INFO] [59/121] 압구정로데오거리 (primary=KEY_3)
2026-09-08 05:32:46,949 [INFO] [60/121] 여의도 (primary=KEY_4)
2026-09-08 05:32:49,101 [INFO] [61/121] 연남동 (primary=KEY_1)
2026-09-08 05:32:50,287 [INFO] [62/121] 영등포 타임스퀘어 (primary=KEY_2)
2026-09-08 05:32:51,480 [INFO] [63/121] 용리단길 (primary=KEY_3)
2026-09-08 05:32:52,558 [INFO] [64/121] 이태원 앤틱가구거리 (primary=KEY_4)
2026-09-08 05:32:53,623 [INFO] [65/121] 익선동 (primary=KEY_1)
2026-09-08 05:32:54,849 [INFO] [66/121] 인사동 (primary=KEY_2)
2026-09-08 05:32:56,231 [INFO] [67/121] 잠실롯데타워·석촌호수 (primary=KEY_3)
2026-09-08 05:32:57,768 [INFO] [68/121] 창동 신경제 중심지 (primary=KEY_4)
2026-09-08 05:32:59,328 [INFO] [69/121] 청담동 명품거리 (primary=KEY_1)
2026-09-08 05:33:00,553 [INFO] [70/121] 청량리 제기동 일대 전통시장 (primary=KEY_2)
2026-09-08 05:33:01,799 [INFO] [71/121] 해방촌·경리단길 (primary=KEY_3)
2026-09-08 05:33:02,858 [INFO] [72/121] DDP(동대문디자인플라자) (primary=KEY_4)
2026-09-08 05:33:04,068 [INFO] [73/121] DMC(디지털미디어시티) (primary=KEY_1)
2026-09-08 05:33:05,609 [INFO] [74/121] 가산디지털단지역 (primary=KEY_2)
2026-09-08 05:33:07,283 [INFO] [75/121] 강남역 (primary=KEY_3)
2026-09-08 05:33:08,656 [INFO] [76/121] 건대입구역 (primary=KEY_4)
2026-09-08 05:33:09,863 [INFO] [77/121] 고덕역 (primary=KEY_1)
2026-09-08 05:33:11,067 [INFO] [78/121] 고속터미널역 (primary=KEY_2)
2026-09-08 05:33:12,277 [INFO] [79/121] 교대역 (primary=KEY_3)
2026-09-08 05:33:13,482 [INFO] [80/121] 구로디지털단지역 (primary=KEY_4)
2026-09-08 05:33:15,004 [INFO] [81/121] 구로역 (primary=KEY_1)
2026-09-08 05:33:16,195 [INFO] [82/121] 군자역 (primary=KEY_2)
2026-09-08 05:33:17,413 [INFO] [83/121] 대림역 (primary=KEY_3)
2026-09-08 05:33:18,603 [INFO] [84/121] 동대문역 (primary=KEY_4)
2026-09-08 05:33:19,806 [INFO] [85/121] 뚝섬역 (primary=KEY_1)
2026-09-08 05:33:21,053 [INFO] [86/121] 미아사거리역 (primary=KEY_2)
2026-09-08 05:33:22,256 [INFO] [87/121] 발산역 (primary=KEY_3)
2026-09-08 05:33:23,766 [INFO] [88/121] 사당역 (primary=KEY_4)
2026-09-08 05:33:24,993 [INFO] [89/121] 삼각지역 (primary=KEY_1)
2026-09-08 05:33:26,040 [INFO] [90/121] 서울대입구역 (primary=KEY_2)
2026-09-08 05:33:27,253 [INFO] [91/121] 서울식물원·마곡나루역 (primary=KEY_3)
2026-09-08 05:33:28,604 [INFO] [92/121] 서울역 (primary=KEY_4)
2026-09-08 05:33:29,982 [INFO] [93/121] 선릉역 (primary=KEY_1)
2026-09-08 05:33:31,576 [INFO] [94/121] 성신여대입구역 (primary=KEY_2)
2026-09-08 05:33:32,652 [INFO] [95/121] 수유역 (primary=KEY_3)
2026-09-08 05:33:33,860 [INFO] [96/121] 숭례문 (primary=KEY_4)
2026-09-08 05:33:35,262 [INFO] [97/121] 시의회 앞 (primary=KEY_1)
2026-09-08 05:33:36,483 [INFO] [98/121] 신논현역·논현역 (primary=KEY_2)
2026-09-08 05:33:37,708 [INFO] [99/121] 신도림역 (primary=KEY_3)
2026-09-08 05:33:38,746 [INFO] [100/121] 신림역 (primary=KEY_4)
2026-09-08 05:33:39,841 [INFO] [101/121] 신정네거리역 (primary=KEY_1)
2026-09-08 05:33:41,068 [INFO] [102/121] 신촌·이대역 (primary=KEY_2)
2026-09-08 05:33:42,273 [INFO] [103/121] 쌍문역 (primary=KEY_3)
2026-09-08 05:33:43,476 [INFO] [104/121] 양재역 (primary=KEY_4)
2026-09-08 05:33:44,685 [INFO] [105/121] 역삼역 (primary=KEY_1)
2026-09-08 05:33:46,116 [INFO] [106/121] 연신내역 (primary=KEY_2)
2026-09-08 05:33:47,179 [INFO] [107/121] 오목교역·목동운동장 (primary=KEY_3)
2026-09-08 05:33:48,853 [INFO] [108/121] 왕십리역 (primary=KEY_4)
2026-09-08 05:33:50,234 [INFO] [109/121] 용산역 (primary=KEY_1)
2026-09-08 05:33:51,602 [INFO] [110/121] 이태원역 (primary=KEY_2)
2026-09-08 05:33:52,668 [INFO] [111/121] 잠실새내역 (primary=KEY_3)
2026-09-08 05:33:53,945 [INFO] [112/121] 잠실역 (primary=KEY_4)
2026-09-08 05:33:55,309 [INFO] [113/121] 장지역 (primary=KEY_1)
2026-09-08 05:33:56,702 [INFO] [114/121] 장한평역 (primary=KEY_2)
2026-09-08 05:33:57,929 [INFO] [115/121] 천호역 (primary=KEY_3)
2026-09-08 05:33:59,185 [INFO] [116/121] 총신대입구(이수)역 (primary=KEY_4)
2026-09-08 05:34:00,406 [INFO] [117/121] 충정로역 (primary=KEY_1)
2026-09-08 05:34:01,630 [INFO] [118/121] 합정역 (primary=KEY_2)
2026-09-08 05:34:02,846 [INFO] [119/121] 혜화역 (primary=KEY_3)
2026-09-08 05:34:04,053 [INFO] [120/121] 홍대입구역(2호선) (primary=KEY_4)
2026-09-08 05:34:05,292 [INFO] [121/121] 회기역 (primary=KEY_1)
2026-09-08 05:34:07,191 [INFO] === 수집 완료 | 성공 121, 실패 0 ===
2026-09-08 05:34:07,191 [INFO] 카테고리별 저장 결과:
2026-09-08 05:34:07,191 [INFO]    accident                  | 신규     2행 | 누적      4행 | 16컬럼
2026-09-08 05:34:07,191 [INFO]    area_meta                 | 신규   121행 | 누적    242행 | 5컬럼
2026-09-08 05:34:07,191 [INFO]    bike                      | 신규    10행 | 누적     20행 | 12컬럼
2026-09-08 05:34:07,191 [INFO]    bike_sbike_stts           | 신규   573행 | 누적   1146행 | 12컬럼
2026-09-08 05:34:07,191 [INFO]    bus                       | 신규     3행 | 누적      6행 | 11컬럼
2026-09-08 05:34:07,191 [INFO]    bus_bus_stn_stts          | 신규  1745행 | 누적   3490행 | 11컬럼
2026-09-08 05:34:07,191 [INFO]    charger                   | 신규     4행 | 누적      8행 | 15컬럼
2026-09-08 05:34:07,191 [INFO]    charger_charger_stts      | 신규  1919행 | 누적   3812행 | 15컬럼
2026-09-08 05:34:07,191 [INFO]    cmrcl                     | 신규    82행 | 누적    164행 | 20컬럼
2026-09-08 05:34:07,191 [INFO]    events                    | 신규    15행 | 누적     30행 | 14컬럼
2026-09-08 05:34:07,191 [INFO]    events_event_stts         | 신규   103행 | 누적    202행 | 14컬럼
2026-09-08 05:34:07,191 [INFO]    parking                   | 신규     6행 | 누적     12행 | 21컬럼
2026-09-08 05:34:07,191 [INFO]    parking_prk_stts          | 신규  1827행 | 누적   3654행 | 21컬럼
2026-09-08 05:34:07,191 [INFO]    ppltn                     | 신규   121행 | 누적    242행 | 26컬럼
2026-09-08 05:34:07,191 [INFO]    road                      | 신규   121행 | 누적    242행 | 21컬럼
2026-09-08 05:34:07,191 [INFO]    road_road_traffic_stts    | 신규  5294행 | 누적  10588행 | 17컬럼
2026-09-08 05:34:07,192 [INFO]    subway                    | 신규    38행 | 누적     76행 | 13컬럼
2026-09-08 05:34:07,192 [INFO]    subway_sub_stts           | 신규   183행 | 누적    366행 | 13컬럼
2026-09-08 05:34:07,192 [INFO]    weather                   | 신규   119행 | 누적    238행 | 29컬럼
2026-09-08 05:34:07,192 [INFO] 키별 사용량:
2026-09-08 05:34:07,192 [INFO]    🟢 KEY_1 (31/1000) 
2026-09-08 05:34:07,192 [INFO]    🟢 KEY_2 (30/1000) 
2026-09-08 05:34:07,192 [INFO]    🟢 KEY_3 (30/1000) 
2026-09-08 05:34:07,192 [INFO]    🟢 KEY_4 (30/1000) 
2026-09-08 08:28:37,640 [INFO] 등록된 키: 4개, 합산 한도 4,000건/일
2026-09-08 08:28:37,641 [INFO] POI 로드: 매뉴얼 v8.5 기준 fallback 121개 (121개 전체)
2026-09-08 08:28:37,641 [INFO] === 수집 시작 2026-09-08T08:28:37.641493+09:00 ===
2026-09-08 08:28:37,641 [INFO] 대상 장소: 121개 | API: citydata (통합)
2026-09-08 08:28:37,641 [INFO] 키 풀: 4/4 활성 | 오늘 사용 0/4000건
2026-09-08 08:28:37,641 [INFO]   [KEY_1] 담당 31장소
2026-09-08 08:28:37,641 [INFO]   [KEY_2] 담당 30장소
2026-09-08 08:28:37,641 [INFO]   [KEY_3] 담당 30장소
2026-09-08 08:28:37,642 [INFO]   [KEY_4] 담당 30장소
2026-09-08 08:28:37,642 [INFO] [1/121] 경복궁 (primary=KEY_1)
2026-09-08 08:28:40,136 [INFO] [2/121] 광화문·덕수궁 (primary=KEY_2)
2026-09-08 08:28:42,652 [INFO] [3/121] 보신각 (primary=KEY_3)
2026-09-08 08:28:44,191 [INFO] [4/121] 서울 암사동 유적 (primary=KEY_4)
2026-09-08 08:28:46,456 [INFO] [5/121] 창덕궁·종묘 (primary=KEY_1)
2026-09-08 08:28:48,535 [INFO] [6/121] 강남 MICE 관광특구 (primary=KEY_2)
2026-09-08 08:28:51,034 [INFO] [7/121] 동대문 관광특구 (primary=KEY_3)
2026-09-08 08:28:53,054 [INFO] [8/121] 명동 관광특구 (primary=KEY_4)
2026-09-08 08:28:55,757 [INFO] [9/121] 이태원 관광특구 (primary=KEY_1)
2026-09-08 08:28:57,141 [INFO] [10/121] 잠실 관광특구 (primary=KEY_2)
2026-09-08 08:28:59,701 [INFO] [11/121] 종로·청계 관광특구 (primary=KEY_3)
2026-09-08 08:29:02,083 [INFO] [12/121] 홍대 관광특구 (primary=KEY_4)
2026-09-08 08:29:03,695 [INFO] [13/121] 강서한강공원 (primary=KEY_1)
2026-09-08 08:29:05,404 [INFO] [14/121] 고척돔 (primary=KEY_2)
2026-09-08 08:29:06,708 [INFO] [15/121] 광나루한강공원 (primary=KEY_3)
2026-09-08 08:29:08,822 [INFO] [16/121] 광화문광장 (primary=KEY_4)
2026-09-08 08:29:10,933 [INFO] [17/121] 국립중앙박물관·용산가족공원 (primary=KEY_1)
2026-09-08 08:29:12,097 [INFO] [18/121] 난지한강공원 (primary=KEY_2)
2026-09-08 08:29:13,408 [INFO] [19/121] 남산공원 (primary=KEY_3)
2026-09-08 08:29:15,214 [INFO] [20/121] 노들섬 (primary=KEY_4)
2026-09-08 08:29:19,656 [INFO] [21/121] 뚝섬한강공원 (primary=KEY_1)
2026-09-08 08:29:20,806 [INFO] [22/121] 망원한강공원 (primary=KEY_2)
2026-09-08 08:29:23,292 [INFO] [23/121] 반포한강공원 (primary=KEY_3)
2026-09-08 08:29:25,213 [INFO] [24/121] 보라매공원 (primary=KEY_4)
2026-09-08 08:29:26,369 [INFO] [25/121] 북서울꿈의숲 (primary=KEY_1)
2026-09-08 08:29:27,728 [INFO] [26/121] 서대문독립공원 (primary=KEY_2)
2026-09-08 08:29:29,880 [INFO] [27/121] 서리풀공원·몽마르뜨공원 (primary=KEY_3)
2026-09-08 08:29:31,281 [INFO] [28/121] 서울대공원 (primary=KEY_4)
2026-09-08 08:29:33,189 [INFO] [29/121] 서울숲공원 (primary=KEY_1)
2026-09-08 08:29:34,518 [INFO] [30/121] 송현녹지광장 (primary=KEY_2)
2026-09-08 08:29:35,938 [INFO] [31/121] 아차산 (primary=KEY_3)
2026-09-08 08:29:37,099 [INFO] [32/121] 안양천 (primary=KEY_4)
2026-09-08 08:29:38,240 [INFO] [33/121] 양화한강공원 (primary=KEY_1)
2026-09-08 08:29:39,577 [INFO] [34/121] 어린이대공원 (primary=KEY_2)
2026-09-08 08:29:40,963 [INFO] [35/121] 여의도한강공원 (primary=KEY_3)
2026-09-08 08:29:42,319 [INFO] [36/121] 여의서로 (primary=KEY_4)
2026-09-08 08:29:43,670 [INFO] [37/121] 올림픽공원 (primary=KEY_1)
2026-09-08 08:29:45,202 [INFO] [38/121] 월드컵공원 (primary=KEY_2)
2026-09-08 08:29:46,794 [INFO] [39/121] 응봉산 (primary=KEY_3)
2026-09-08 08:29:48,137 [INFO] [40/121] 이촌한강공원 (primary=KEY_4)
2026-09-08 08:29:49,312 [INFO] [41/121] 잠실종합운동장 (primary=KEY_1)
2026-09-08 08:29:51,618 [INFO] [42/121] 잠실한강공원 (primary=KEY_2)
2026-09-08 08:29:52,816 [INFO] [43/121] 잠원한강공원 (primary=KEY_3)
2026-09-08 08:29:54,896 [INFO] [44/121] 청계산 (primary=KEY_4)
2026-09-08 08:29:56,050 [INFO] [45/121] 홍제폭포 (primary=KEY_1)
2026-09-08 08:29:57,190 [INFO] [46/121] 가락시장 (primary=KEY_2)
2026-09-08 08:29:58,535 [INFO] [47/121] 가로수길 (primary=KEY_3)
2026-09-08 08:29:59,929 [INFO] [48/121] 광장(전통)시장 (primary=KEY_4)
2026-09-08 08:30:01,880 [INFO] [49/121] 김포공항 (primary=KEY_1)
2026-09-08 08:30:03,446 [INFO] [50/121] 남대문시장 (primary=KEY_2)
2026-09-08 08:30:04,934 [INFO] [51/121] 노량진 (primary=KEY_3)
2026-09-08 08:30:06,384 [INFO] [52/121] 덕수궁길·정동길 (primary=KEY_4)
2026-09-08 08:30:07,755 [INFO] [53/121] 북창동 먹자골목 (primary=KEY_1)
2026-09-08 08:30:09,089 [INFO] [54/121] 북촌한옥마을 (primary=KEY_2)
2026-09-08 08:30:10,608 [INFO] [55/121] 서촌 (primary=KEY_3)
2026-09-08 08:30:11,935 [INFO] [56/121] 성수카페거리 (primary=KEY_4)
2026-09-08 08:30:13,494 [INFO] [57/121] 송리단길·호수단길 (primary=KEY_1)
2026-09-08 08:30:15,966 [INFO] [58/121] 신촌 스타광장 (primary=KEY_2)
2026-09-08 08:30:17,250 [INFO] [59/121] 압구정로데오거리 (primary=KEY_3)
2026-09-08 08:30:19,625 [INFO] [60/121] 여의도 (primary=KEY_4)
2026-09-08 08:30:21,815 [INFO] [61/121] 연남동 (primary=KEY_1)
2026-09-08 08:30:23,182 [INFO] [62/121] 영등포 타임스퀘어 (primary=KEY_2)
2026-09-08 08:30:24,513 [INFO] [63/121] 용리단길 (primary=KEY_3)
2026-09-08 08:30:25,758 [INFO] [64/121] 이태원 앤틱가구거리 (primary=KEY_4)
2026-09-08 08:30:27,075 [INFO] [65/121] 익선동 (primary=KEY_1)
2026-09-08 08:30:28,466 [INFO] [66/121] 인사동 (primary=KEY_2)
2026-09-08 08:30:30,003 [INFO] [67/121] 잠실롯데타워·석촌호수 (primary=KEY_3)
2026-09-08 08:30:31,779 [INFO] [68/121] 창동 신경제 중심지 (primary=KEY_4)
2026-09-08 08:30:33,500 [INFO] [69/121] 청담동 명품거리 (primary=KEY_1)
2026-09-08 08:30:35,033 [INFO] [70/121] 청량리 제기동 일대 전통시장 (primary=KEY_2)
2026-09-08 08:30:36,445 [INFO] [71/121] 해방촌·경리단길 (primary=KEY_3)
2026-09-08 08:30:37,597 [INFO] [72/121] DDP(동대문디자인플라자) (primary=KEY_4)
2026-09-08 08:30:38,957 [INFO] [73/121] DMC(디지털미디어시티) (primary=KEY_1)
2026-09-08 08:30:40,707 [INFO] [74/121] 가산디지털단지역 (primary=KEY_2)
2026-09-08 08:30:42,650 [INFO] [75/121] 강남역 (primary=KEY_3)
2026-09-08 08:30:44,224 [INFO] [76/121] 건대입구역 (primary=KEY_4)
2026-09-08 08:30:45,579 [INFO] [77/121] 고덕역 (primary=KEY_1)
2026-09-08 08:30:46,937 [INFO] [78/121] 고속터미널역 (primary=KEY_2)
2026-09-08 08:30:48,295 [INFO] [79/121] 교대역 (primary=KEY_3)
2026-09-08 08:30:49,645 [INFO] [80/121] 구로디지털단지역 (primary=KEY_4)
2026-09-08 08:30:51,367 [INFO] [81/121] 구로역 (primary=KEY_1)
2026-09-08 08:30:53,440 [INFO] [82/121] 군자역 (primary=KEY_2)
2026-09-08 08:30:54,774 [INFO] [83/121] 대림역 (primary=KEY_3)
2026-09-08 08:30:56,146 [INFO] [84/121] 동대문역 (primary=KEY_4)
2026-09-08 08:30:57,491 [INFO] [85/121] 뚝섬역 (primary=KEY_1)
2026-09-08 08:30:58,821 [INFO] [86/121] 미아사거리역 (primary=KEY_2)
2026-09-08 08:31:00,240 [INFO] [87/121] 발산역 (primary=KEY_3)
2026-09-08 08:31:01,787 [INFO] [88/121] 사당역 (primary=KEY_4)
2026-09-08 08:31:03,107 [INFO] [89/121] 삼각지역 (primary=KEY_1)
2026-09-08 08:31:04,432 [INFO] [90/121] 서울대입구역 (primary=KEY_2)
2026-09-08 08:31:05,779 [INFO] [91/121] 서울식물원·마곡나루역 (primary=KEY_3)
2026-09-08 08:31:07,325 [INFO] [92/121] 서울역 (primary=KEY_4)
2026-09-08 08:31:08,852 [INFO] [93/121] 선릉역 (primary=KEY_1)
2026-09-08 08:31:10,599 [INFO] [94/121] 성신여대입구역 (primary=KEY_2)
2026-09-08 08:31:11,767 [INFO] [95/121] 수유역 (primary=KEY_3)
2026-09-08 08:31:13,105 [INFO] [96/121] 숭례문 (primary=KEY_4)
2026-09-08 08:31:14,463 [INFO] [97/121] 시의회 앞 (primary=KEY_1)
2026-09-08 08:31:15,850 [INFO] [98/121] 신논현역·논현역 (primary=KEY_2)
2026-09-08 08:31:17,208 [INFO] [99/121] 신도림역 (primary=KEY_3)
2026-09-08 08:31:18,357 [INFO] [100/121] 신림역 (primary=KEY_4)
2026-09-08 08:31:19,526 [INFO] [101/121] 신정네거리역 (primary=KEY_1)
2026-09-08 08:31:20,871 [INFO] [102/121] 신촌·이대역 (primary=KEY_2)
2026-09-08 08:31:22,229 [INFO] [103/121] 쌍문역 (primary=KEY_3)
2026-09-08 08:31:23,570 [INFO] [104/121] 양재역 (primary=KEY_4)
2026-09-08 08:31:25,620 [INFO] [105/121] 역삼역 (primary=KEY_1)
2026-09-08 08:31:28,105 [INFO] [106/121] 연신내역 (primary=KEY_2)
2026-09-08 08:31:30,425 [INFO] [107/121] 오목교역·목동운동장 (primary=KEY_3)
2026-09-08 08:31:33,482 [INFO] [108/121] 왕십리역 (primary=KEY_4)
2026-09-08 08:31:35,971 [INFO] [109/121] 용산역 (primary=KEY_1)
2026-09-08 08:31:38,279 [INFO] [110/121] 이태원역 (primary=KEY_2)
2026-09-08 08:31:40,200 [INFO] [111/121] 잠실새내역 (primary=KEY_3)
2026-09-08 08:31:41,593 [INFO] [112/121] 잠실역 (primary=KEY_4)
2026-09-08 08:31:43,182 [INFO] [113/121] 장지역 (primary=KEY_1)
2026-09-08 08:31:44,917 [INFO] [114/121] 장한평역 (primary=KEY_2)
2026-09-08 08:31:46,289 [INFO] [115/121] 천호역 (primary=KEY_3)
2026-09-08 08:31:48,799 [INFO] [116/121] 총신대입구(이수)역 (primary=KEY_4)
2026-09-08 08:31:50,342 [INFO] [117/121] 충정로역 (primary=KEY_1)
2026-09-08 08:31:51,725 [INFO] [118/121] 합정역 (primary=KEY_2)
2026-09-08 08:31:53,091 [INFO] [119/121] 혜화역 (primary=KEY_3)
2026-09-08 08:31:55,405 [INFO] [120/121] 홍대입구역(2호선) (primary=KEY_4)
2026-09-08 08:31:57,540 [INFO] [121/121] 회기역 (primary=KEY_1)
2026-09-08 08:32:00,583 [INFO] === 수집 완료 | 성공 121, 실패 0 ===
2026-09-08 08:32:00,583 [INFO] 카테고리별 저장 결과:
2026-09-08 08:32:00,583 [INFO]    accident                  | 신규     4행 | 누적      8행 | 16컬럼
2026-09-08 08:32:00,583 [INFO]    area_meta                 | 신규   121행 | 누적    363행 | 5컬럼
2026-09-08 08:32:00,583 [INFO]    bike                      | 신규    10행 | 누적     30행 | 12컬럼
2026-09-08 08:32:00,583 [INFO]    bike_sbike_stts           | 신규   573행 | 누적   1719행 | 12컬럼
2026-09-08 08:32:00,583 [INFO]    bus                       | 신규     3행 | 누적      9행 | 11컬럼
2026-09-08 08:32:00,583 [INFO]    bus_bus_stn_stts          | 신규  1745행 | 누적   5235행 | 11컬럼
2026-09-08 08:32:00,583 [INFO]    charger                   | 신규     6행 | 누적     14행 | 15컬럼
2026-09-08 08:32:00,583 [INFO]    charger_charger_stts      | 신규  1829행 | 누적   5630행 | 15컬럼
2026-09-08 08:32:00,583 [INFO]    cmrcl                     | 신규    82행 | 누적    246행 | 20컬럼
2026-09-08 08:32:00,583 [INFO]    events                    | 신규    15행 | 누적     45행 | 14컬럼
2026-09-08 08:32:00,583 [INFO]    events_event_stts         | 신규   103행 | 누적    305행 | 14컬럼
2026-09-08 08:32:00,584 [INFO]    parking                   | 신규     6행 | 누적     18행 | 21컬럼
2026-09-08 08:32:00,584 [INFO]    parking_prk_stts          | 신규  1827행 | 누적   5481행 | 21컬럼
2026-09-08 08:32:00,584 [INFO]    ppltn                     | 신규   121행 | 누적    363행 | 26컬럼
2026-09-08 08:32:00,584 [INFO]    road                      | 신규   121행 | 누적    363행 | 21컬럼
2026-09-08 08:32:00,584 [INFO]    road_road_traffic_stts    | 신규  5294행 | 누적  15882행 | 17컬럼
2026-09-08 08:32:00,584 [INFO]    subway                    | 신규    38행 | 누적    114행 | 13컬럼
2026-09-08 08:32:00,584 [INFO]    subway_sub_stts           | 신규   183행 | 누적    549행 | 13컬럼
2026-09-08 08:32:00,584 [INFO]    weather                   | 신규   119행 | 누적    357행 | 29컬럼
2026-09-08 08:32:00,584 [INFO] 키별 사용량:
2026-09-08 08:32:00,584 [INFO]    🟢 KEY_1 (31/1000) 
2026-09-08 08:32:00,584 [INFO]    🟢 KEY_2 (30/1000) 
2026-09-08 08:32:00,584 [INFO]    🟢 KEY_3 (30/1000) 
2026-09-08 08:32:00,584 [INFO]    🟢 KEY_4 (30/1000) 
2026-09-08 13:26:18,671 [INFO] 등록된 키: 4개, 합산 한도 4,000건/일
2026-09-08 13:26:18,671 [INFO] POI 로드: 매뉴얼 v8.5 기준 fallback 121개 (121개 전체)
2026-09-08 13:26:18,671 [INFO] === 수집 시작 2026-09-08T13:26:18.671963+09:00 ===
2026-09-08 13:26:18,672 [INFO] 대상 장소: 121개 | API: citydata (통합)
2026-09-08 13:26:18,672 [INFO] 키 풀: 4/4 활성 | 오늘 사용 0/4000건
2026-09-08 13:26:18,672 [INFO]   [KEY_1] 담당 31장소
2026-09-08 13:26:18,672 [INFO]   [KEY_2] 담당 30장소
2026-09-08 13:26:18,672 [INFO]   [KEY_3] 담당 30장소
2026-09-08 13:26:18,672 [INFO]   [KEY_4] 담당 30장소
2026-09-08 13:26:18,672 [INFO] [1/121] 경복궁 (primary=KEY_1)
2026-09-08 13:26:20,624 [INFO] [2/121] 광화문·덕수궁 (primary=KEY_2)
2026-09-08 13:26:22,777 [INFO] [3/121] 보신각 (primary=KEY_3)
2026-09-08 13:26:23,942 [INFO] [4/121] 서울 암사동 유적 (primary=KEY_4)
2026-09-08 13:26:25,092 [INFO] [5/121] 창덕궁·종묘 (primary=KEY_1)
2026-09-08 13:26:26,886 [INFO] [6/121] 강남 MICE 관광특구 (primary=KEY_2)
2026-09-08 13:26:28,716 [INFO] [7/121] 동대문 관광특구 (primary=KEY_3)
2026-09-08 13:26:30,687 [INFO] [8/121] 명동 관광특구 (primary=KEY_4)
2026-09-08 13:26:32,514 [INFO] [9/121] 이태원 관광특구 (primary=KEY_1)
2026-09-08 13:26:33,696 [INFO] [10/121] 잠실 관광특구 (primary=KEY_2)
2026-09-08 13:26:35,299 [INFO] [11/121] 종로·청계 관광특구 (primary=KEY_3)
2026-09-08 13:26:37,299 [INFO] [12/121] 홍대 관광특구 (primary=KEY_4)
2026-09-08 13:26:39,416 [INFO] [13/121] 강서한강공원 (primary=KEY_1)
2026-09-08 13:26:40,417 [INFO] [14/121] 고척돔 (primary=KEY_2)
2026-09-08 13:26:41,457 [INFO] [15/121] 광나루한강공원 (primary=KEY_3)
2026-09-08 13:26:42,644 [INFO] [16/121] 광화문광장 (primary=KEY_4)
2026-09-08 13:26:44,404 [INFO] [17/121] 국립중앙박물관·용산가족공원 (primary=KEY_1)
2026-09-08 13:26:45,462 [INFO] [18/121] 난지한강공원 (primary=KEY_2)
2026-09-08 13:26:46,476 [INFO] [19/121] 남산공원 (primary=KEY_3)
2026-09-08 13:26:47,835 [INFO] [20/121] 노들섬 (primary=KEY_4)
2026-09-08 13:26:48,867 [INFO] [21/121] 뚝섬한강공원 (primary=KEY_1)
2026-09-08 13:26:49,908 [INFO] [22/121] 망원한강공원 (primary=KEY_2)
2026-09-08 13:26:51,673 [INFO] [23/121] 반포한강공원 (primary=KEY_3)
2026-09-08 13:26:52,690 [INFO] [24/121] 보라매공원 (primary=KEY_4)
2026-09-08 13:26:54,452 [INFO] [25/121] 북서울꿈의숲 (primary=KEY_1)
2026-09-08 13:26:55,677 [INFO] [26/121] 서대문독립공원 (primary=KEY_2)
2026-09-08 13:26:56,722 [INFO] [27/121] 서리풀공원·몽마르뜨공원 (primary=KEY_3)
2026-09-08 13:26:57,933 [INFO] [28/121] 서울대공원 (primary=KEY_4)
2026-09-08 13:26:58,938 [INFO] [29/121] 서울숲공원 (primary=KEY_1)
2026-09-08 13:27:00,121 [INFO] [30/121] 송현녹지광장 (primary=KEY_2)
2026-09-08 13:27:01,289 [INFO] [31/121] 아차산 (primary=KEY_3)
2026-09-08 13:27:02,329 [INFO] [32/121] 안양천 (primary=KEY_4)
2026-09-08 13:27:04,100 [INFO] [33/121] 양화한강공원 (primary=KEY_1)
2026-09-08 13:27:05,130 [INFO] [34/121] 어린이대공원 (primary=KEY_2)
2026-09-08 13:27:06,916 [INFO] [35/121] 여의도한강공원 (primary=KEY_3)
2026-09-08 13:27:08,653 [INFO] [36/121] 여의서로 (primary=KEY_4)
2026-09-08 13:27:10,867 [INFO] [37/121] 올림픽공원 (primary=KEY_1)
2026-09-08 13:27:12,113 [INFO] [38/121] 월드컵공원 (primary=KEY_2)
2026-09-08 13:27:14,188 [INFO] [39/121] 응봉산 (primary=KEY_3)
2026-09-08 13:27:15,363 [INFO] [40/121] 이촌한강공원 (primary=KEY_4)
2026-09-08 13:27:16,996 [INFO] [41/121] 잠실종합운동장 (primary=KEY_1)
2026-09-08 13:27:18,009 [INFO] [42/121] 잠실한강공원 (primary=KEY_2)
2026-09-08 13:27:19,063 [INFO] [43/121] 잠원한강공원 (primary=KEY_3)
2026-09-08 13:27:20,856 [INFO] [44/121] 청계산 (primary=KEY_4)
2026-09-08 13:27:21,873 [INFO] [45/121] 홍제폭포 (primary=KEY_1)
2026-09-08 13:27:22,872 [INFO] [46/121] 가락시장 (primary=KEY_2)
2026-09-08 13:27:24,099 [INFO] [47/121] 가로수길 (primary=KEY_3)
2026-09-08 13:27:25,945 [INFO] [48/121] 광장(전통)시장 (primary=KEY_4)
2026-09-08 13:27:27,066 [INFO] [49/121] 김포공항 (primary=KEY_1)
2026-09-08 13:27:28,390 [INFO] [50/121] 남대문시장 (primary=KEY_2)
2026-09-08 13:27:29,555 [INFO] [51/121] 노량진 (primary=KEY_3)
2026-09-08 13:27:31,552 [INFO] [52/121] 덕수궁길·정동길 (primary=KEY_4)
2026-09-08 13:27:32,736 [INFO] [53/121] 북창동 먹자골목 (primary=KEY_1)
2026-09-08 13:27:33,900 [INFO] [54/121] 북촌한옥마을 (primary=KEY_2)
2026-09-08 13:27:35,250 [INFO] [55/121] 서촌 (primary=KEY_3)
2026-09-08 13:27:36,412 [INFO] [56/121] 성수카페거리 (primary=KEY_4)
2026-09-08 13:27:37,794 [INFO] [57/121] 송리단길·호수단길 (primary=KEY_1)
2026-09-08 13:27:39,026 [INFO] [58/121] 신촌 스타광장 (primary=KEY_2)
2026-09-08 13:27:40,048 [INFO] [59/121] 압구정로데오거리 (primary=KEY_3)
2026-09-08 13:27:41,250 [INFO] [60/121] 여의도 (primary=KEY_4)
2026-09-08 13:27:43,102 [INFO] [61/121] 연남동 (primary=KEY_1)
2026-09-08 13:27:44,272 [INFO] [62/121] 영등포 타임스퀘어 (primary=KEY_2)
2026-09-08 13:27:45,484 [INFO] [63/121] 용리단길 (primary=KEY_3)
2026-09-08 13:27:46,541 [INFO] [64/121] 이태원 앤틱가구거리 (primary=KEY_4)
2026-09-08 13:27:47,736 [INFO] [65/121] 익선동 (primary=KEY_1)
2026-09-08 13:27:48,984 [INFO] [66/121] 인사동 (primary=KEY_2)
2026-09-08 13:27:51,076 [INFO] [67/121] 잠실롯데타워·석촌호수 (primary=KEY_3)
2026-09-08 13:27:52,586 [INFO] [68/121] 창동 신경제 중심지 (primary=KEY_4)
2026-09-08 13:27:54,064 [INFO] [69/121] 청담동 명품거리 (primary=KEY_1)
2026-09-08 13:27:55,342 [INFO] [70/121] 청량리 제기동 일대 전통시장 (primary=KEY_2)
2026-09-08 13:27:56,524 [INFO] [71/121] 해방촌·경리단길 (primary=KEY_3)
2026-09-08 13:27:57,546 [INFO] [72/121] DDP(동대문디자인플라자) (primary=KEY_4)
2026-09-08 13:27:58,769 [INFO] [73/121] DMC(디지털미디어시티) (primary=KEY_1)
2026-09-08 13:28:00,320 [INFO] [74/121] 가산디지털단지역 (primary=KEY_2)
2026-09-08 13:28:01,962 [INFO] [75/121] 강남역 (primary=KEY_3)
2026-09-08 13:28:04,222 [INFO] [76/121] 건대입구역 (primary=KEY_4)
2026-09-08 13:28:05,443 [INFO] [77/121] 고덕역 (primary=KEY_1)
2026-09-08 13:28:06,619 [INFO] [78/121] 고속터미널역 (primary=KEY_2)
2026-09-08 13:28:08,422 [INFO] [79/121] 교대역 (primary=KEY_3)
2026-09-08 13:28:09,606 [INFO] [80/121] 구로디지털단지역 (primary=KEY_4)
2026-09-08 13:28:11,108 [INFO] [81/121] 구로역 (primary=KEY_1)
2026-09-08 13:28:12,306 [INFO] [82/121] 군자역 (primary=KEY_2)
2026-09-08 13:28:13,472 [INFO] [83/121] 대림역 (primary=KEY_3)
2026-09-08 13:28:14,698 [INFO] [84/121] 동대문역 (primary=KEY_4)
2026-09-08 13:28:15,878 [INFO] [85/121] 뚝섬역 (primary=KEY_1)
2026-09-08 13:28:17,787 [INFO] [86/121] 미아사거리역 (primary=KEY_2)
2026-09-08 13:28:18,995 [INFO] [87/121] 발산역 (primary=KEY_3)
2026-09-08 13:28:20,465 [INFO] [88/121] 사당역 (primary=KEY_4)
2026-09-08 13:28:22,387 [INFO] [89/121] 삼각지역 (primary=KEY_1)
2026-09-08 13:28:24,435 [INFO] [90/121] 서울대입구역 (primary=KEY_2)
2026-09-08 13:28:25,670 [INFO] [91/121] 서울식물원·마곡나루역 (primary=KEY_3)
2026-09-08 13:28:26,990 [INFO] [92/121] 서울역 (primary=KEY_4)
2026-09-08 13:28:28,346 [INFO] [93/121] 선릉역 (primary=KEY_1)
2026-09-08 13:28:30,446 [INFO] [94/121] 성신여대입구역 (primary=KEY_2)
2026-09-08 13:28:31,508 [INFO] [95/121] 수유역 (primary=KEY_3)
2026-09-08 13:28:32,720 [INFO] [96/121] 숭례문 (primary=KEY_4)
2026-09-08 13:28:33,900 [INFO] [97/121] 시의회 앞 (primary=KEY_1)
2026-09-08 13:28:35,981 [INFO] [98/121] 신논현역·논현역 (primary=KEY_2)
2026-09-08 13:28:37,178 [INFO] [99/121] 신도림역 (primary=KEY_3)
2026-09-08 13:28:38,974 [INFO] [100/121] 신림역 (primary=KEY_4)
2026-09-08 13:28:40,159 [INFO] [101/121] 신정네거리역 (primary=KEY_1)
2026-09-08 13:28:41,337 [INFO] [102/121] 신촌·이대역 (primary=KEY_2)
2026-09-08 13:28:42,526 [INFO] [103/121] 쌍문역 (primary=KEY_3)
2026-09-08 13:28:43,703 [INFO] [104/121] 양재역 (primary=KEY_4)
2026-09-08 13:28:44,929 [INFO] [105/121] 역삼역 (primary=KEY_1)
2026-09-08 13:28:46,336 [INFO] [106/121] 연신내역 (primary=KEY_2)
2026-09-08 13:28:47,387 [INFO] [107/121] 오목교역·목동운동장 (primary=KEY_3)
2026-09-08 13:28:49,032 [INFO] [108/121] 왕십리역 (primary=KEY_4)
2026-09-08 13:28:50,378 [INFO] [109/121] 용산역 (primary=KEY_1)
2026-09-08 13:28:51,697 [INFO] [110/121] 이태원역 (primary=KEY_2)
2026-09-08 13:28:52,836 [INFO] [111/121] 잠실새내역 (primary=KEY_3)
2026-09-08 13:28:54,001 [INFO] [112/121] 잠실역 (primary=KEY_4)
2026-09-08 13:28:55,398 [INFO] [113/121] 장지역 (primary=KEY_1)
2026-09-08 13:28:56,720 [INFO] [114/121] 장한평역 (primary=KEY_2)
2026-09-08 13:28:57,900 [INFO] [115/121] 천호역 (primary=KEY_3)
2026-09-08 13:28:59,227 [INFO] [116/121] 총신대입구(이수)역 (primary=KEY_4)
2026-09-08 13:29:00,453 [INFO] [117/121] 충정로역 (primary=KEY_1)
2026-09-08 13:29:01,647 [INFO] [118/121] 합정역 (primary=KEY_2)
2026-09-08 13:29:03,610 [INFO] [119/121] 혜화역 (primary=KEY_3)
2026-09-08 13:29:04,774 [INFO] [120/121] 홍대입구역(2호선) (primary=KEY_4)
2026-09-08 13:29:06,674 [INFO] [121/121] 회기역 (primary=KEY_1)
2026-09-08 13:29:08,927 [INFO] === 수집 완료 | 성공 121, 실패 0 ===
2026-09-08 13:29:08,927 [INFO] 카테고리별 저장 결과:
2026-09-08 13:29:08,927 [INFO]    accident                  | 신규     6행 | 누적     14행 | 16컬럼
2026-09-08 13:29:08,927 [INFO]    accident_acdnt_cntrl_stts | 신규     9행 | 누적      9행 | 16컬럼
2026-09-08 13:29:08,927 [INFO]    area_meta                 | 신규   121행 | 누적    484행 | 5컬럼
2026-09-08 13:29:08,927 [INFO]    bike                      | 신규    10행 | 누적     40행 | 12컬럼
2026-09-08 13:29:08,927 [INFO]    bike_sbike_stts           | 신규   573행 | 누적   2292행 | 12컬럼
2026-09-08 13:29:08,927 [INFO]    bus                       | 신규     3행 | 누적     12행 | 11컬럼
2026-09-08 13:29:08,927 [INFO]    bus_bus_stn_stts          | 신규  1745행 | 누적   6980행 | 11컬럼
2026-09-08 13:29:08,927 [INFO]    charger                   | 신규     4행 | 누적     18행 | 15컬럼
2026-09-08 13:29:08,927 [INFO]    charger_charger_stts      | 신규  1919행 | 누적   7536행 | 15컬럼
2026-09-08 13:29:08,927 [INFO]    cmrcl                     | 신규    82행 | 누적    328행 | 20컬럼
2026-09-08 13:29:08,927 [INFO]    events                    | 신규    15행 | 누적     60행 | 14컬럼
2026-09-08 13:29:08,927 [INFO]    events_event_stts         | 신규   103행 | 누적    408행 | 14컬럼
2026-09-08 13:29:08,928 [INFO]    parking                   | 신규     6행 | 누적     24행 | 21컬럼
2026-09-08 13:29:08,928 [INFO]    parking_prk_stts          | 신규  1827행 | 누적   7308행 | 21컬럼
2026-09-08 13:29:08,928 [INFO]    ppltn                     | 신규   121행 | 누적    484행 | 26컬럼
2026-09-08 13:29:08,928 [INFO]    road                      | 신규   121행 | 누적    484행 | 21컬럼
2026-09-08 13:29:08,928 [INFO]    road_road_traffic_stts    | 신규  5295행 | 누적  21177행 | 17컬럼
2026-09-08 13:29:08,928 [INFO]    subway                    | 신규    38행 | 누적    152행 | 13컬럼
2026-09-08 13:29:08,928 [INFO]    subway_sub_stts           | 신규   183행 | 누적    732행 | 13컬럼
2026-09-08 13:29:08,928 [INFO]    weather                   | 신규   119행 | 누적    476행 | 29컬럼
2026-09-08 13:29:08,928 [INFO] 키별 사용량:
2026-09-08 13:29:08,928 [INFO]    🟢 KEY_1 (31/1000) 
2026-09-08 13:29:08,928 [INFO]    🟢 KEY_2 (30/1000) 
2026-09-08 13:29:08,928 [INFO]    🟢 KEY_3 (30/1000) 
2026-09-08 13:29:08,928 [INFO]    🟢 KEY_4 (30/1000) 
