2026-06-18 01:25:41,127 [INFO] 등록된 키: 4개, 합산 한도 4,000건/일
2026-06-18 01:25:41,128 [INFO] POI 로드: 매뉴얼 v8.5 기준 fallback 121개 (121개 전체)
2026-06-18 01:25:41,128 [INFO] === 수집 시작 2026-06-18T01:25:41.128559+09:00 ===
2026-06-18 01:25:41,128 [INFO] 대상 장소: 121개 | API: citydata (통합)
2026-06-18 01:25:41,128 [INFO] 키 풀: 4/4 활성 | 오늘 사용 0/4000건
2026-06-18 01:25:41,128 [INFO]   [KEY_1] 담당 31장소
2026-06-18 01:25:41,128 [INFO]   [KEY_2] 담당 30장소
2026-06-18 01:25:41,128 [INFO]   [KEY_3] 담당 30장소
2026-06-18 01:25:41,128 [INFO]   [KEY_4] 담당 30장소
2026-06-18 01:25:41,129 [INFO] [1/121] 경복궁 (primary=KEY_1)
2026-06-18 01:25:42,946 [INFO] [2/121] 광화문·덕수궁 (primary=KEY_2)
2026-06-18 01:25:45,183 [INFO] [3/121] 보신각 (primary=KEY_3)
2026-06-18 01:25:46,460 [INFO] [4/121] 서울 암사동 유적 (primary=KEY_4)
2026-06-18 01:25:48,123 [INFO] [5/121] 창덕궁·종묘 (primary=KEY_1)
2026-06-18 01:25:49,969 [INFO] [6/121] 강남 MICE 관광특구 (primary=KEY_2)
2026-06-18 01:25:51,968 [INFO] [7/121] 동대문 관광특구 (primary=KEY_3)
2026-06-18 01:25:53,465 [INFO] [8/121] 명동 관광특구 (primary=KEY_4)
2026-06-18 01:25:55,184 [INFO] [9/121] 이태원 관광특구 (primary=KEY_1)
2026-06-18 01:25:57,052 [INFO] [10/121] 잠실 관광특구 (primary=KEY_2)
2026-06-18 01:25:59,326 [INFO] [11/121] 종로·청계 관광특구 (primary=KEY_3)
2026-06-18 01:26:00,834 [INFO] [12/121] 홍대 관광특구 (primary=KEY_4)
2026-06-18 01:26:02,329 [INFO] [13/121] 강서한강공원 (primary=KEY_1)
2026-06-18 01:26:04,109 [INFO] [14/121] 고척돔 (primary=KEY_2)
2026-06-18 01:26:05,897 [INFO] [15/121] 광나루한강공원 (primary=KEY_3)
2026-06-18 01:26:07,150 [INFO] [16/121] 광화문광장 (primary=KEY_4)
2026-06-18 01:26:08,415 [INFO] [17/121] 국립중앙박물관·용산가족공원 (primary=KEY_1)
2026-06-18 01:26:09,505 [INFO] [18/121] 난지한강공원 (primary=KEY_2)
2026-06-18 01:26:10,577 [INFO] [19/121] 남산공원 (primary=KEY_3)
2026-06-18 01:26:12,016 [INFO] [20/121] 노들섬 (primary=KEY_4)
2026-06-18 01:26:13,096 [INFO] [21/121] 뚝섬한강공원 (primary=KEY_1)
2026-06-18 01:26:14,353 [INFO] [22/121] 망원한강공원 (primary=KEY_2)
2026-06-18 01:26:15,644 [INFO] [23/121] 반포한강공원 (primary=KEY_3)
2026-06-18 01:26:17,425 [INFO] [24/121] 보라매공원 (primary=KEY_4)
2026-06-18 01:26:18,504 [INFO] [25/121] 북서울꿈의숲 (primary=KEY_1)
2026-06-18 01:26:19,758 [INFO] [26/121] 서대문독립공원 (primary=KEY_2)
2026-06-18 01:26:20,862 [INFO] [27/121] 서리풀공원·몽마르뜨공원 (primary=KEY_3)
2026-06-18 01:26:21,984 [INFO] [28/121] 서울대공원 (primary=KEY_4)
2026-06-18 01:26:23,049 [INFO] [29/121] 서울숲공원 (primary=KEY_1)
2026-06-18 01:26:24,321 [INFO] [30/121] 송현녹지광장 (primary=KEY_2)
2026-06-18 01:26:26,162 [INFO] [31/121] 아차산 (primary=KEY_3)
2026-06-18 01:26:27,246 [INFO] [32/121] 안양천 (primary=KEY_4)
2026-06-18 01:26:28,332 [INFO] [33/121] 양화한강공원 (primary=KEY_1)
2026-06-18 01:26:29,424 [INFO] [34/121] 어린이대공원 (primary=KEY_2)
2026-06-18 01:26:30,708 [INFO] [35/121] 여의도한강공원 (primary=KEY_3)
2026-06-18 01:26:31,979 [INFO] [36/121] 여의서로 (primary=KEY_4)
2026-06-18 01:26:33,227 [INFO] [37/121] 올림픽공원 (primary=KEY_1)
2026-06-18 01:26:34,517 [INFO] [38/121] 월드컵공원 (primary=KEY_2)
2026-06-18 01:26:35,994 [INFO] [39/121] 응봉산 (primary=KEY_3)
2026-06-18 01:26:37,258 [INFO] [40/121] 이촌한강공원 (primary=KEY_4)
2026-06-18 01:26:38,336 [INFO] [41/121] 잠실종합운동장 (primary=KEY_1)
2026-06-18 01:26:39,418 [INFO] [42/121] 잠실한강공원 (primary=KEY_2)
2026-06-18 01:26:40,508 [INFO] [43/121] 잠원한강공원 (primary=KEY_3)
2026-06-18 01:26:41,593 [INFO] [44/121] 청계산 (primary=KEY_4)
2026-06-18 01:26:42,676 [INFO] [45/121] 홍제폭포 (primary=KEY_1)
2026-06-18 01:26:43,762 [INFO] [46/121] 가락시장 (primary=KEY_2)
2026-06-18 01:26:45,061 [INFO] [47/121] 가로수길 (primary=KEY_3)
2026-06-18 01:26:46,347 [INFO] [48/121] 광장(전통)시장 (primary=KEY_4)
2026-06-18 01:26:47,448 [INFO] [49/121] 김포공항 (primary=KEY_1)
2026-06-18 01:26:48,741 [INFO] [50/121] 남대문시장 (primary=KEY_2)
2026-06-18 01:26:50,019 [INFO] [51/121] 노량진 (primary=KEY_3)
2026-06-18 01:26:51,309 [INFO] [52/121] 덕수궁길·정동길 (primary=KEY_4)
2026-06-18 01:26:52,610 [INFO] [53/121] 북창동 먹자골목 (primary=KEY_1)
2026-06-18 01:26:53,868 [INFO] [54/121] 북촌한옥마을 (primary=KEY_2)
2026-06-18 01:26:55,312 [INFO] [55/121] 서촌 (primary=KEY_3)
2026-06-18 01:26:56,587 [INFO] [56/121] 성수카페거리 (primary=KEY_4)
2026-06-18 01:26:58,085 [INFO] [57/121] 송리단길·호수단길 (primary=KEY_1)
2026-06-18 01:26:59,390 [INFO] [58/121] 신촌 스타광장 (primary=KEY_2)
2026-06-18 01:27:00,495 [INFO] [59/121] 압구정로데오거리 (primary=KEY_3)
2026-06-18 01:27:01,777 [INFO] [60/121] 여의도 (primary=KEY_4)
2026-06-18 01:27:04,544 [INFO] [61/121] 연남동 (primary=KEY_1)
2026-06-18 01:27:05,803 [INFO] [62/121] 영등포 타임스퀘어 (primary=KEY_2)
2026-06-18 01:27:07,076 [INFO] [63/121] 용리단길 (primary=KEY_3)
2026-06-18 01:27:08,188 [INFO] [64/121] 이태원 앤틱가구거리 (primary=KEY_4)
2026-06-18 01:27:09,288 [INFO] [65/121] 익선동 (primary=KEY_1)
2026-06-18 01:27:10,565 [INFO] [66/121] 인사동 (primary=KEY_2)
2026-06-18 01:27:12,023 [INFO] [67/121] 잠실롯데타워·석촌호수 (primary=KEY_3)
2026-06-18 01:27:13,675 [INFO] [68/121] 창동 신경제 중심지 (primary=KEY_4)
2026-06-18 01:27:15,327 [INFO] [69/121] 청담동 명품거리 (primary=KEY_1)
2026-06-18 01:27:16,664 [INFO] [70/121] 청량리 제기동 일대 전통시장 (primary=KEY_2)
2026-06-18 01:27:17,945 [INFO] [71/121] 해방촌·경리단길 (primary=KEY_3)
2026-06-18 01:27:19,058 [INFO] [72/121] DDP(동대문디자인플라자) (primary=KEY_4)
2026-06-18 01:27:20,351 [INFO] [73/121] DMC(디지털미디어시티) (primary=KEY_1)
2026-06-18 01:27:22,017 [INFO] [74/121] 가산디지털단지역 (primary=KEY_2)
2026-06-18 01:27:23,673 [INFO] [75/121] 강남역 (primary=KEY_3)
2026-06-18 01:27:25,155 [INFO] [76/121] 건대입구역 (primary=KEY_4)
2026-06-18 01:27:26,448 [INFO] [77/121] 고덕역 (primary=KEY_1)
2026-06-18 01:27:27,724 [INFO] [78/121] 고속터미널역 (primary=KEY_2)
2026-06-18 01:27:29,053 [INFO] [79/121] 교대역 (primary=KEY_3)
2026-06-18 01:27:30,168 [INFO] [80/121] 구로디지털단지역 (primary=KEY_4)
2026-06-18 01:27:31,795 [INFO] [81/121] 구로역 (primary=KEY_1)
2026-06-18 01:27:33,057 [INFO] [82/121] 군자역 (primary=KEY_2)
2026-06-18 01:27:34,169 [INFO] [83/121] 대림역 (primary=KEY_3)
2026-06-18 01:27:35,454 [INFO] [84/121] 동대문역 (primary=KEY_4)
2026-06-18 01:27:36,735 [INFO] [85/121] 뚝섬역 (primary=KEY_1)
2026-06-18 01:27:38,025 [INFO] [86/121] 미아사거리역 (primary=KEY_2)
2026-06-18 01:27:39,303 [INFO] [87/121] 발산역 (primary=KEY_3)
2026-06-18 01:27:40,921 [INFO] [88/121] 사당역 (primary=KEY_4)
2026-06-18 01:27:42,191 [INFO] [89/121] 삼각지역 (primary=KEY_1)
2026-06-18 01:27:43,295 [INFO] [90/121] 서울대입구역 (primary=KEY_2)
2026-06-18 01:27:44,587 [INFO] [91/121] 서울식물원·마곡나루역 (primary=KEY_3)
2026-06-18 01:27:45,883 [INFO] [92/121] 서울역 (primary=KEY_4)
2026-06-18 01:27:47,202 [INFO] [93/121] 선릉역 (primary=KEY_1)
2026-06-18 01:27:48,866 [INFO] [94/121] 성신여대입구역 (primary=KEY_2)
2026-06-18 01:27:49,983 [INFO] [95/121] 수유역 (primary=KEY_3)
2026-06-18 01:27:51,269 [INFO] [96/121] 숭례문 (primary=KEY_4)
2026-06-18 01:27:52,547 [INFO] [97/121] 시의회 앞 (primary=KEY_1)
2026-06-18 01:27:53,842 [INFO] [98/121] 신논현역·논현역 (primary=KEY_2)
2026-06-18 01:27:55,134 [INFO] [99/121] 신도림역 (primary=KEY_3)
2026-06-18 01:27:56,234 [INFO] [100/121] 신림역 (primary=KEY_4)
2026-06-18 01:27:57,355 [INFO] [101/121] 신정네거리역 (primary=KEY_1)
2026-06-18 01:27:58,619 [INFO] [102/121] 신촌·이대역 (primary=KEY_2)
2026-06-18 01:27:59,893 [INFO] [103/121] 쌍문역 (primary=KEY_3)
2026-06-18 01:28:01,170 [INFO] [104/121] 양재역 (primary=KEY_4)
2026-06-18 01:28:02,443 [INFO] [105/121] 역삼역 (primary=KEY_1)
2026-06-18 01:28:03,928 [INFO] [106/121] 연신내역 (primary=KEY_2)
2026-06-18 01:28:05,082 [INFO] [107/121] 오목교역·목동운동장 (primary=KEY_3)
2026-06-18 01:28:06,889 [INFO] [108/121] 왕십리역 (primary=KEY_4)
2026-06-18 01:28:08,192 [INFO] [109/121] 용산역 (primary=KEY_1)
2026-06-18 01:28:09,718 [INFO] [110/121] 이태원역 (primary=KEY_2)
2026-06-18 01:28:10,814 [INFO] [111/121] 잠실새내역 (primary=KEY_3)
2026-06-18 01:28:12,086 [INFO] [112/121] 잠실역 (primary=KEY_4)
2026-06-18 01:28:13,530 [INFO] [113/121] 장지역 (primary=KEY_1)
2026-06-18 01:28:14,993 [INFO] [114/121] 장한평역 (primary=KEY_2)
2026-06-18 01:28:16,259 [INFO] [115/121] 천호역 (primary=KEY_3)
2026-06-18 01:28:17,559 [INFO] [116/121] 총신대입구(이수)역 (primary=KEY_4)
2026-06-18 01:28:18,855 [INFO] [117/121] 충정로역 (primary=KEY_1)
2026-06-18 01:28:20,156 [INFO] [118/121] 합정역 (primary=KEY_2)
2026-06-18 01:28:21,446 [INFO] [119/121] 혜화역 (primary=KEY_3)
2026-06-18 01:28:23,530 [INFO] [120/121] 홍대입구역(2호선) (primary=KEY_4)
2026-06-18 01:28:25,495 [INFO] [121/121] 회기역 (primary=KEY_1)
2026-06-18 01:28:27,904 [INFO] === 수집 완료 | 성공 121, 실패 0 ===
2026-06-18 01:28:27,904 [INFO] 카테고리별 저장 결과:
2026-06-18 01:28:27,904 [INFO]    accident                  | 신규     3행 | 누적      3행 | 16컬럼
2026-06-18 01:28:27,904 [INFO]    area_meta                 | 신규   121행 | 누적    121행 | 5컬럼
2026-06-18 01:28:27,904 [INFO]    bike                      | 신규    13행 | 누적     13행 | 12컬럼
2026-06-18 01:28:27,904 [INFO]    bike_sbike_stts           | 신규   539행 | 누적    539행 | 12컬럼
2026-06-18 01:28:27,904 [INFO]    bus                       | 신규     3행 | 누적      3행 | 11컬럼
2026-06-18 01:28:27,904 [INFO]    bus_bus_stn_stts          | 신규  1745행 | 누적   1745행 | 11컬럼
2026-06-18 01:28:27,904 [INFO]    charger                   | 신규     4행 | 누적      4행 | 15컬럼
2026-06-18 01:28:27,904 [INFO]    charger_charger_stts      | 신규  1906행 | 누적   1906행 | 15컬럼
2026-06-18 01:28:27,904 [INFO]    cmrcl                     | 신규    82행 | 누적     82행 | 20컬럼
2026-06-18 01:28:27,904 [INFO]    events                    | 신규    16행 | 누적     16행 | 14컬럼
2026-06-18 01:28:27,904 [INFO]    events_event_stts         | 신규   156행 | 누적    156행 | 14컬럼
2026-06-18 01:28:27,904 [INFO]    parking                   | 신규     6행 | 누적      6행 | 21컬럼
2026-06-18 01:28:27,905 [INFO]    parking_prk_stts          | 신규  1836행 | 누적   1836행 | 21컬럼
2026-06-18 01:28:27,905 [INFO]    ppltn                     | 신규   121행 | 누적    121행 | 26컬럼
2026-06-18 01:28:27,905 [INFO]    road                      | 신규   121행 | 누적    121행 | 21컬럼
2026-06-18 01:28:27,905 [INFO]    road_road_traffic_stts    | 신규  5256행 | 누적   5256행 | 17컬럼
2026-06-18 01:28:27,905 [INFO]    subway                    | 신규    38행 | 누적     38행 | 13컬럼
2026-06-18 01:28:27,905 [INFO]    subway_sub_stts           | 신규   183행 | 누적    183행 | 13컬럼
2026-06-18 01:28:27,905 [INFO]    weather                   | 신규   116행 | 누적    116행 | 29컬럼
2026-06-18 01:28:27,905 [INFO] 키별 사용량:
2026-06-18 01:28:27,905 [INFO]    🟢 KEY_1 (31/1000) 
2026-06-18 01:28:27,905 [INFO]    🟢 KEY_2 (30/1000) 
2026-06-18 01:28:27,905 [INFO]    🟢 KEY_3 (30/1000) 
2026-06-18 01:28:27,905 [INFO]    🟢 KEY_4 (30/1000) 
2026-06-18 03:01:04,790 [INFO] 등록된 키: 4개, 합산 한도 4,000건/일
2026-06-18 03:01:04,790 [INFO] POI 로드: 매뉴얼 v8.5 기준 fallback 121개 (121개 전체)
2026-06-18 03:01:04,791 [INFO] === 수집 시작 2026-06-18T03:01:04.791009+09:00 ===
2026-06-18 03:01:04,791 [INFO] 대상 장소: 121개 | API: citydata (통합)
2026-06-18 03:01:04,791 [INFO] 키 풀: 4/4 활성 | 오늘 사용 0/4000건
2026-06-18 03:01:04,791 [INFO]   [KEY_1] 담당 31장소
2026-06-18 03:01:04,791 [INFO]   [KEY_2] 담당 30장소
2026-06-18 03:01:04,791 [INFO]   [KEY_3] 담당 30장소
2026-06-18 03:01:04,791 [INFO]   [KEY_4] 담당 30장소
2026-06-18 03:01:04,791 [INFO] [1/121] 경복궁 (primary=KEY_1)
2026-06-18 03:01:06,753 [INFO] [2/121] 광화문·덕수궁 (primary=KEY_2)
2026-06-18 03:01:08,916 [INFO] [3/121] 보신각 (primary=KEY_3)
2026-06-18 03:01:11,122 [INFO] [4/121] 서울 암사동 유적 (primary=KEY_4)
2026-06-18 03:01:13,006 [INFO] [5/121] 창덕궁·종묘 (primary=KEY_1)
2026-06-18 03:01:14,930 [INFO] [6/121] 강남 MICE 관광특구 (primary=KEY_2)
2026-06-18 03:01:16,083 [INFO] [7/121] 동대문 관광특구 (primary=KEY_3)
2026-06-18 03:01:18,621 [INFO] [8/121] 명동 관광특구 (primary=KEY_4)
2026-06-18 03:01:21,114 [INFO] [9/121] 이태원 관광특구 (primary=KEY_1)
2026-06-18 03:01:23,329 [INFO] [10/121] 잠실 관광특구 (primary=KEY_2)
2026-06-18 03:01:37,982 [INFO] [11/121] 종로·청계 관광특구 (primary=KEY_3)
2026-06-18 03:01:40,512 [INFO] [12/121] 홍대 관광특구 (primary=KEY_4)
2026-06-18 03:01:42,091 [INFO] [13/121] 강서한강공원 (primary=KEY_1)
2026-06-18 03:01:43,886 [INFO] [14/121] 고척돔 (primary=KEY_2)
2026-06-18 03:01:46,437 [INFO] [15/121] 광나루한강공원 (primary=KEY_3)
2026-06-18 03:01:47,770 [INFO] [16/121] 광화문광장 (primary=KEY_4)
2026-06-18 03:01:50,295 [INFO] [17/121] 국립중앙박물관·용산가족공원 (primary=KEY_1)
2026-06-18 03:01:52,226 [INFO] [18/121] 난지한강공원 (primary=KEY_2)
2026-06-18 03:01:54,056 [INFO] [19/121] 남산공원 (primary=KEY_3)
2026-06-18 03:01:56,388 [INFO] [20/121] 노들섬 (primary=KEY_4)
2026-06-18 03:01:58,299 [INFO] [21/121] 뚝섬한강공원 (primary=KEY_1)
2026-06-18 03:01:59,803 [INFO] [22/121] 망원한강공원 (primary=KEY_2)
2026-06-18 03:02:05,844 [INFO] [23/121] 반포한강공원 (primary=KEY_3)
2026-06-18 03:02:07,800 [INFO] [24/121] 보라매공원 (primary=KEY_4)
2026-06-18 03:02:09,547 [INFO] [25/121] 북서울꿈의숲 (primary=KEY_1)
2026-06-18 03:02:13,490 [INFO] [26/121] 서대문독립공원 (primary=KEY_2)
2026-06-18 03:02:14,639 [INFO] [27/121] 서리풀공원·몽마르뜨공원 (primary=KEY_3)
2026-06-18 03:02:15,828 [INFO] [28/121] 서울대공원 (primary=KEY_4)
2026-06-18 03:02:17,647 [INFO] [29/121] 서울숲공원 (primary=KEY_1)
2026-06-18 03:02:19,313 [INFO] [30/121] 송현녹지광장 (primary=KEY_2)
2026-06-18 03:02:21,317 [INFO] [31/121] 아차산 (primary=KEY_3)
2026-06-18 03:02:22,488 [INFO] [32/121] 안양천 (primary=KEY_4)
2026-06-18 03:02:23,621 [INFO] [33/121] 양화한강공원 (primary=KEY_1)
2026-06-18 03:02:28,255 [INFO] [34/121] 어린이대공원 (primary=KEY_2)
2026-06-18 03:02:29,531 [INFO] [35/121] 여의도한강공원 (primary=KEY_3)
2026-06-18 03:02:30,864 [INFO] [36/121] 여의서로 (primary=KEY_4)
2026-06-18 03:02:32,016 [INFO] [37/121] 올림픽공원 (primary=KEY_1)
2026-06-18 03:02:34,162 [INFO] [38/121] 월드컵공원 (primary=KEY_2)
2026-06-18 03:02:35,942 [INFO] [39/121] 응봉산 (primary=KEY_3)
2026-06-18 03:02:38,697 [INFO] [40/121] 이촌한강공원 (primary=KEY_4)
2026-06-18 03:02:39,862 [INFO] [41/121] 잠실종합운동장 (primary=KEY_1)
2026-06-18 03:02:41,019 [INFO] [42/121] 잠실한강공원 (primary=KEY_2)
2026-06-18 03:02:42,202 [INFO] [43/121] 잠원한강공원 (primary=KEY_3)
2026-06-18 03:02:43,535 [INFO] [44/121] 청계산 (primary=KEY_4)
2026-06-18 03:02:44,662 [INFO] [45/121] 홍제폭포 (primary=KEY_1)
2026-06-18 03:02:45,795 [INFO] [46/121] 가락시장 (primary=KEY_2)
2026-06-18 03:02:50,638 [INFO] [47/121] 가로수길 (primary=KEY_3)
2026-06-18 03:02:52,017 [INFO] [48/121] 광장(전통)시장 (primary=KEY_4)
2026-06-18 03:02:54,473 [INFO] [49/121] 김포공항 (primary=KEY_1)
2026-06-18 03:02:56,623 [INFO] [50/121] 남대문시장 (primary=KEY_2)
2026-06-18 03:02:57,948 [INFO] [51/121] 노량진 (primary=KEY_3)
2026-06-18 03:02:59,719 [INFO] [52/121] 덕수궁길·정동길 (primary=KEY_4)
2026-06-18 03:03:01,404 [INFO] [53/121] 북창동 먹자골목 (primary=KEY_1)
2026-06-18 03:03:02,553 [INFO] [54/121] 북촌한옥마을 (primary=KEY_2)
2026-06-18 03:03:04,640 [INFO] [55/121] 서촌 (primary=KEY_3)
2026-06-18 03:03:06,123 [INFO] [56/121] 성수카페거리 (primary=KEY_4)
2026-06-18 03:03:07,472 [INFO] [57/121] 송리단길·호수단길 (primary=KEY_1)
2026-06-18 03:03:09,257 [INFO] [58/121] 신촌 스타광장 (primary=KEY_2)
2026-06-18 03:03:10,413 [INFO] [59/121] 압구정로데오거리 (primary=KEY_3)
2026-06-18 03:03:13,872 [INFO] [60/121] 여의도 (primary=KEY_4)
2026-06-18 03:03:15,826 [INFO] [61/121] 연남동 (primary=KEY_1)
2026-06-18 03:03:17,167 [INFO] [62/121] 영등포 타임스퀘어 (primary=KEY_2)
2026-06-18 03:03:18,528 [INFO] [63/121] 용리단길 (primary=KEY_3)
2026-06-18 03:03:19,693 [INFO] [64/121] 이태원 앤틱가구거리 (primary=KEY_4)
2026-06-18 03:03:20,877 [INFO] [65/121] 익선동 (primary=KEY_1)
2026-06-18 03:03:22,254 [INFO] [66/121] 인사동 (primary=KEY_2)
2026-06-18 03:03:23,607 [INFO] [67/121] 잠실롯데타워·석촌호수 (primary=KEY_3)
2026-06-18 03:03:26,150 [INFO] [68/121] 창동 신경제 중심지 (primary=KEY_4)
2026-06-18 03:03:27,713 [INFO] [69/121] 청담동 명품거리 (primary=KEY_1)
2026-06-18 03:03:29,077 [INFO] [70/121] 청량리 제기동 일대 전통시장 (primary=KEY_2)
2026-06-18 03:03:34,735 [INFO] [71/121] 해방촌·경리단길 (primary=KEY_3)
2026-06-18 03:03:36,318 [INFO] [72/121] DDP(동대문디자인플라자) (primary=KEY_4)
2026-06-18 03:03:38,550 [INFO] [73/121] DMC(디지털미디어시티) (primary=KEY_1)
2026-06-18 03:03:41,761 [INFO] [74/121] 가산디지털단지역 (primary=KEY_2)
2026-06-18 03:03:43,329 [INFO] [75/121] 강남역 (primary=KEY_3)
2026-06-18 03:03:44,912 [INFO] [76/121] 건대입구역 (primary=KEY_4)
2026-06-18 03:03:50,149 [INFO] [77/121] 고덕역 (primary=KEY_1)
2026-06-18 03:03:52,487 [INFO] [78/121] 고속터미널역 (primary=KEY_2)
2026-06-18 03:03:54,046 [INFO] [79/121] 교대역 (primary=KEY_3)
2026-06-18 03:03:55,232 [INFO] [80/121] 구로디지털단지역 (primary=KEY_4)
2026-06-18 03:03:56,584 [INFO] [81/121] 구로역 (primary=KEY_1)
2026-06-18 03:03:57,745 [INFO] [82/121] 군자역 (primary=KEY_2)
2026-06-18 03:03:59,292 [INFO] [83/121] 대림역 (primary=KEY_3)
2026-06-18 03:04:01,592 [INFO] [84/121] 동대문역 (primary=KEY_4)
2026-06-18 03:04:02,764 [INFO] [85/121] 뚝섬역 (primary=KEY_1)
2026-06-18 03:04:04,132 [INFO] [86/121] 미아사거리역 (primary=KEY_2)
2026-06-18 03:04:05,481 [INFO] [87/121] 발산역 (primary=KEY_3)
2026-06-18 03:04:07,025 [INFO] [88/121] 사당역 (primary=KEY_4)
2026-06-18 03:04:08,388 [INFO] [89/121] 삼각지역 (primary=KEY_1)
2026-06-18 03:04:09,567 [INFO] [90/121] 서울대입구역 (primary=KEY_2)
2026-06-18 03:04:10,749 [INFO] [91/121] 서울식물원·마곡나루역 (primary=KEY_3)
2026-06-18 03:04:12,158 [INFO] [92/121] 서울역 (primary=KEY_4)
2026-06-18 03:04:13,551 [INFO] [93/121] 선릉역 (primary=KEY_1)
2026-06-18 03:04:15,118 [INFO] [94/121] 성신여대입구역 (primary=KEY_2)
2026-06-18 03:04:16,466 [INFO] [95/121] 수유역 (primary=KEY_3)
2026-06-18 03:04:18,327 [INFO] [96/121] 숭례문 (primary=KEY_4)
2026-06-18 03:04:19,758 [INFO] [97/121] 시의회 앞 (primary=KEY_1)
2026-06-18 03:04:21,098 [INFO] [98/121] 신논현역·논현역 (primary=KEY_2)
2026-06-18 03:04:22,486 [INFO] [99/121] 신도림역 (primary=KEY_3)
2026-06-18 03:04:23,644 [INFO] [100/121] 신림역 (primary=KEY_4)
2026-06-18 03:04:24,840 [INFO] [101/121] 신정네거리역 (primary=KEY_1)
2026-06-18 03:04:26,322 [INFO] [102/121] 신촌·이대역 (primary=KEY_2)
2026-06-18 03:04:27,688 [INFO] [103/121] 쌍문역 (primary=KEY_3)
2026-06-18 03:04:29,012 [INFO] [104/121] 양재역 (primary=KEY_4)
2026-06-18 03:04:30,373 [INFO] [105/121] 역삼역 (primary=KEY_1)
2026-06-18 03:04:31,740 [INFO] [106/121] 연신내역 (primary=KEY_2)
2026-06-18 03:04:32,903 [INFO] [107/121] 오목교역·목동운동장 (primary=KEY_3)
2026-06-18 03:04:34,663 [INFO] [108/121] 왕십리역 (primary=KEY_4)
2026-06-18 03:04:36,031 [INFO] [109/121] 용산역 (primary=KEY_1)
2026-06-18 03:04:37,508 [INFO] [110/121] 이태원역 (primary=KEY_2)
2026-06-18 03:04:38,687 [INFO] [111/121] 잠실새내역 (primary=KEY_3)
2026-06-18 03:04:40,044 [INFO] [112/121] 잠실역 (primary=KEY_4)
2026-06-18 03:04:41,419 [INFO] [113/121] 장지역 (primary=KEY_1)
2026-06-18 03:04:42,841 [INFO] [114/121] 장한평역 (primary=KEY_2)
2026-06-18 03:04:44,209 [INFO] [115/121] 천호역 (primary=KEY_3)
2026-06-18 03:04:45,564 [INFO] [116/121] 총신대입구(이수)역 (primary=KEY_4)
2026-06-18 03:04:46,732 [INFO] [117/121] 충정로역 (primary=KEY_1)
2026-06-18 03:04:47,970 [INFO] [118/121] 합정역 (primary=KEY_2)
2026-06-18 03:04:49,501 [INFO] [119/121] 혜화역 (primary=KEY_3)
2026-06-18 03:04:50,687 [INFO] [120/121] 홍대입구역(2호선) (primary=KEY_4)
2026-06-18 03:04:51,870 [INFO] [121/121] 회기역 (primary=KEY_1)
2026-06-18 03:04:53,935 [INFO] === 수집 완료 | 성공 121, 실패 0 ===
2026-06-18 03:04:53,935 [INFO] 카테고리별 저장 결과:
2026-06-18 03:04:53,935 [INFO]    area_meta                 | 신규   121행 | 누적    242행 | 5컬럼
2026-06-18 03:04:53,935 [INFO]    bike                      | 신규    13행 | 누적     26행 | 12컬럼
2026-06-18 03:04:53,936 [INFO]    bike_sbike_stts           | 신규   539행 | 누적   1078행 | 12컬럼
2026-06-18 03:04:53,936 [INFO]    bus                       | 신규     3행 | 누적      6행 | 11컬럼
2026-06-18 03:04:53,936 [INFO]    bus_bus_stn_stts          | 신규  1745행 | 누적   3490행 | 11컬럼
2026-06-18 03:04:53,936 [INFO]    charger                   | 신규    25행 | 누적     29행 | 15컬럼
2026-06-18 03:04:53,936 [INFO]    charger_charger_stts      | 신규   336행 | 누적   2225행 | 15컬럼
2026-06-18 03:04:53,936 [INFO]    cmrcl                     | 신규    82행 | 누적    164행 | 20컬럼
2026-06-18 03:04:53,936 [INFO]    events                    | 신규    16행 | 누적     32행 | 14컬럼
2026-06-18 03:04:53,936 [INFO]    events_event_stts         | 신규   156행 | 누적    312행 | 14컬럼
2026-06-18 03:04:53,936 [INFO]    parking                   | 신규     6행 | 누적     12행 | 21컬럼
2026-06-18 03:04:53,936 [INFO]    parking_prk_stts          | 신규  1836행 | 누적   3672행 | 21컬럼
2026-06-18 03:04:53,936 [INFO]    ppltn                     | 신규   121행 | 누적    242행 | 26컬럼
2026-06-18 03:04:53,936 [INFO]    road                      | 신규   121행 | 누적    242행 | 21컬럼
2026-06-18 03:04:53,936 [INFO]    road_road_traffic_stts    | 신규  5256행 | 누적  10512행 | 17컬럼
2026-06-18 03:04:53,936 [INFO]    subway                    | 신규    38행 | 누적     76행 | 13컬럼
2026-06-18 03:04:53,936 [INFO]    subway_sub_stts           | 신규   183행 | 누적    366행 | 13컬럼
2026-06-18 03:04:53,936 [INFO]    weather                   | 신규   116행 | 누적    232행 | 29컬럼
2026-06-18 03:04:53,936 [INFO] 키별 사용량:
2026-06-18 03:04:53,936 [INFO]    🟢 KEY_1 (31/1000) 
2026-06-18 03:04:53,936 [INFO]    🟢 KEY_2 (30/1000) 
2026-06-18 03:04:53,936 [INFO]    🟢 KEY_3 (30/1000) 
2026-06-18 03:04:53,936 [INFO]    🟢 KEY_4 (30/1000) 
