2026-09-13 02:01:58,777 [INFO] 등록된 키: 4개, 합산 한도 4,000건/일
2026-09-13 02:01:58,777 [INFO] POI 로드: 매뉴얼 v8.5 기준 fallback 121개 (121개 전체)
2026-09-13 02:01:58,777 [INFO] === 수집 시작 2026-09-13T02:01:58.777824+09:00 ===
2026-09-13 02:01:58,777 [INFO] 대상 장소: 121개 | API: citydata (통합)
2026-09-13 02:01:58,777 [INFO] 키 풀: 4/4 활성 | 오늘 사용 0/4000건
2026-09-13 02:01:58,777 [INFO]   [KEY_1] 담당 31장소
2026-09-13 02:01:58,777 [INFO]   [KEY_2] 담당 30장소
2026-09-13 02:01:58,778 [INFO]   [KEY_3] 담당 30장소
2026-09-13 02:01:58,778 [INFO]   [KEY_4] 담당 30장소
2026-09-13 02:01:58,778 [INFO] [1/121] 경복궁 (primary=KEY_1)
2026-09-13 02:02:00,827 [INFO] [2/121] 광화문·덕수궁 (primary=KEY_2)
2026-09-13 02:02:03,041 [INFO] [3/121] 보신각 (primary=KEY_3)
2026-09-13 02:02:04,280 [INFO] [4/121] 서울 암사동 유적 (primary=KEY_4)
2026-09-13 02:02:06,131 [INFO] [5/121] 창덕궁·종묘 (primary=KEY_1)
2026-09-13 02:02:07,346 [INFO] [6/121] 강남 MICE 관광특구 (primary=KEY_2)
2026-09-13 02:02:09,531 [INFO] [7/121] 동대문 관광특구 (primary=KEY_3)
2026-09-13 02:02:11,771 [INFO] [8/121] 명동 관광특구 (primary=KEY_4)
2026-09-13 02:02:13,513 [INFO] [9/121] 이태원 관광특구 (primary=KEY_1)
2026-09-13 02:02:16,349 [INFO] [10/121] 잠실 관광특구 (primary=KEY_2)
2026-09-13 02:02:18,602 [INFO] [11/121] 종로·청계 관광특구 (primary=KEY_3)
2026-09-13 02:02:20,062 [INFO] [12/121] 홍대 관광특구 (primary=KEY_4)
2026-09-13 02:02:22,067 [INFO] [13/121] 강서한강공원 (primary=KEY_1)
2026-09-13 02:02:23,112 [INFO] [14/121] 고척돔 (primary=KEY_2)
2026-09-13 02:02:24,816 [INFO] [15/121] 광나루한강공원 (primary=KEY_3)
2026-09-13 02:02:26,028 [INFO] [16/121] 광화문광장 (primary=KEY_4)
2026-09-13 02:02:28,052 [INFO] [17/121] 국립중앙박물관·용산가족공원 (primary=KEY_1)
2026-09-13 02:02:29,812 [INFO] [18/121] 난지한강공원 (primary=KEY_2)
2026-09-13 02:02:31,803 [INFO] [19/121] 남산공원 (primary=KEY_3)
2026-09-13 02:02:33,841 [INFO] [20/121] 노들섬 (primary=KEY_4)
2026-09-13 02:02:34,888 [INFO] [21/121] 뚝섬한강공원 (primary=KEY_1)
2026-09-13 02:02:36,589 [INFO] [22/121] 망원한강공원 (primary=KEY_2)
2026-09-13 02:02:38,461 [INFO] [23/121] 반포한강공원 (primary=KEY_3)
2026-09-13 02:02:40,300 [INFO] [24/121] 보라매공원 (primary=KEY_4)
2026-09-13 02:02:41,354 [INFO] [25/121] 북서울꿈의숲 (primary=KEY_1)
2026-09-13 02:02:43,212 [INFO] [26/121] 서대문독립공원 (primary=KEY_2)
2026-09-13 02:02:44,285 [INFO] [27/121] 서리풀공원·몽마르뜨공원 (primary=KEY_3)
2026-09-13 02:02:45,367 [INFO] [28/121] 서울대공원 (primary=KEY_4)
2026-09-13 02:02:47,220 [INFO] [29/121] 서울숲공원 (primary=KEY_1)
2026-09-13 02:02:49,079 [INFO] [30/121] 송현녹지광장 (primary=KEY_2)
2026-09-13 02:02:50,305 [INFO] [31/121] 아차산 (primary=KEY_3)
2026-09-13 02:02:51,359 [INFO] [32/121] 안양천 (primary=KEY_4)
2026-09-13 02:02:53,053 [INFO] [33/121] 양화한강공원 (primary=KEY_1)
2026-09-13 02:02:54,097 [INFO] [34/121] 어린이대공원 (primary=KEY_2)
2026-09-13 02:02:55,975 [INFO] [35/121] 여의도한강공원 (primary=KEY_3)
2026-09-13 02:02:58,141 [INFO] [36/121] 여의서로 (primary=KEY_4)
2026-09-13 02:02:59,355 [INFO] [37/121] 올림픽공원 (primary=KEY_1)
2026-09-13 02:03:01,259 [INFO] [38/121] 월드컵공원 (primary=KEY_2)
2026-09-13 02:03:03,318 [INFO] [39/121] 응봉산 (primary=KEY_3)
2026-09-13 02:03:05,504 [INFO] [40/121] 이촌한강공원 (primary=KEY_4)
2026-09-13 02:03:07,510 [INFO] [41/121] 잠실종합운동장 (primary=KEY_1)
2026-09-13 02:03:08,573 [INFO] [42/121] 잠실한강공원 (primary=KEY_2)
2026-09-13 02:03:10,305 [INFO] [43/121] 잠원한강공원 (primary=KEY_3)
2026-09-13 02:03:11,360 [INFO] [44/121] 청계산 (primary=KEY_4)
2026-09-13 02:03:13,406 [INFO] [45/121] 홍제폭포 (primary=KEY_1)
2026-09-13 02:03:14,514 [INFO] [46/121] 가락시장 (primary=KEY_2)
2026-09-13 02:03:15,755 [INFO] [47/121] 가로수길 (primary=KEY_3)
2026-09-13 02:03:17,021 [INFO] [48/121] 광장(전통)시장 (primary=KEY_4)
2026-09-13 02:03:18,097 [INFO] [49/121] 김포공항 (primary=KEY_1)
2026-09-13 02:03:19,512 [INFO] [50/121] 남대문시장 (primary=KEY_2)
2026-09-13 02:03:20,734 [INFO] [51/121] 노량진 (primary=KEY_3)
2026-09-13 02:03:22,611 [INFO] [52/121] 덕수궁길·정동길 (primary=KEY_4)
2026-09-13 02:03:23,837 [INFO] [53/121] 북창동 먹자골목 (primary=KEY_1)
2026-09-13 02:03:25,048 [INFO] [54/121] 북촌한옥마을 (primary=KEY_2)
2026-09-13 02:03:27,387 [INFO] [55/121] 서촌 (primary=KEY_3)
2026-09-13 02:03:28,596 [INFO] [56/121] 성수카페거리 (primary=KEY_4)
2026-09-13 02:03:29,974 [INFO] [57/121] 송리단길·호수단길 (primary=KEY_1)
2026-09-13 02:03:31,212 [INFO] [58/121] 신촌 스타광장 (primary=KEY_2)
2026-09-13 02:03:32,275 [INFO] [59/121] 압구정로데오거리 (primary=KEY_3)
2026-09-13 02:03:33,498 [INFO] [60/121] 여의도 (primary=KEY_4)
2026-09-13 02:03:35,439 [INFO] [61/121] 연남동 (primary=KEY_1)
2026-09-13 02:03:36,668 [INFO] [62/121] 영등포 타임스퀘어 (primary=KEY_2)
2026-09-13 02:03:37,906 [INFO] [63/121] 용리단길 (primary=KEY_3)
2026-09-13 02:03:39,010 [INFO] [64/121] 이태원 앤틱가구거리 (primary=KEY_4)
2026-09-13 02:03:40,078 [INFO] [65/121] 익선동 (primary=KEY_1)
2026-09-13 02:03:41,314 [INFO] [66/121] 인사동 (primary=KEY_2)
2026-09-13 02:03:42,724 [INFO] [67/121] 잠실롯데타워·석촌호수 (primary=KEY_3)
2026-09-13 02:03:44,294 [INFO] [68/121] 창동 신경제 중심지 (primary=KEY_4)
2026-09-13 02:03:45,868 [INFO] [69/121] 청담동 명품거리 (primary=KEY_1)
2026-09-13 02:03:47,107 [INFO] [70/121] 청량리 제기동 일대 전통시장 (primary=KEY_2)
2026-09-13 02:03:48,356 [INFO] [71/121] 해방촌·경리단길 (primary=KEY_3)
2026-09-13 02:03:49,446 [INFO] [72/121] DDP(동대문디자인플라자) (primary=KEY_4)
2026-09-13 02:03:50,718 [INFO] [73/121] DMC(디지털미디어시티) (primary=KEY_1)
2026-09-13 02:03:52,313 [INFO] [74/121] 가산디지털단지역 (primary=KEY_2)
2026-09-13 02:03:54,065 [INFO] [75/121] 강남역 (primary=KEY_3)
2026-09-13 02:03:55,507 [INFO] [76/121] 건대입구역 (primary=KEY_4)
2026-09-13 02:03:56,757 [INFO] [77/121] 고덕역 (primary=KEY_1)
2026-09-13 02:03:57,978 [INFO] [78/121] 고속터미널역 (primary=KEY_2)
2026-09-13 02:03:59,237 [INFO] [79/121] 교대역 (primary=KEY_3)
2026-09-13 02:04:00,325 [INFO] [80/121] 구로디지털단지역 (primary=KEY_4)
2026-09-13 02:04:01,729 [INFO] [81/121] 구로역 (primary=KEY_1)
2026-09-13 02:04:02,944 [INFO] [82/121] 군자역 (primary=KEY_2)
2026-09-13 02:04:04,057 [INFO] [83/121] 대림역 (primary=KEY_3)
2026-09-13 02:04:05,305 [INFO] [84/121] 동대문역 (primary=KEY_4)
2026-09-13 02:04:07,354 [INFO] [85/121] 뚝섬역 (primary=KEY_1)
2026-09-13 02:04:08,596 [INFO] [86/121] 미아사거리역 (primary=KEY_2)
2026-09-13 02:04:09,852 [INFO] [87/121] 발산역 (primary=KEY_3)
2026-09-13 02:04:11,272 [INFO] [88/121] 사당역 (primary=KEY_4)
2026-09-13 02:04:12,507 [INFO] [89/121] 삼각지역 (primary=KEY_1)
2026-09-13 02:04:13,591 [INFO] [90/121] 서울대입구역 (primary=KEY_2)
2026-09-13 02:04:14,827 [INFO] [91/121] 서울식물원·마곡나루역 (primary=KEY_3)
2026-09-13 02:04:16,234 [INFO] [92/121] 서울역 (primary=KEY_4)
2026-09-13 02:04:17,513 [INFO] [93/121] 선릉역 (primary=KEY_1)
2026-09-13 02:04:19,103 [INFO] [94/121] 성신여대입구역 (primary=KEY_2)
2026-09-13 02:04:20,178 [INFO] [95/121] 수유역 (primary=KEY_3)
2026-09-13 02:04:21,423 [INFO] [96/121] 숭례문 (primary=KEY_4)
2026-09-13 02:04:22,665 [INFO] [97/121] 시의회 앞 (primary=KEY_1)
2026-09-13 02:04:24,873 [INFO] [98/121] 신논현역·논현역 (primary=KEY_2)
2026-09-13 02:04:26,142 [INFO] [99/121] 신도림역 (primary=KEY_3)
2026-09-13 02:04:27,230 [INFO] [100/121] 신림역 (primary=KEY_4)
2026-09-13 02:04:28,345 [INFO] [101/121] 신정네거리역 (primary=KEY_1)
2026-09-13 02:04:29,591 [INFO] [102/121] 신촌·이대역 (primary=KEY_2)
2026-09-13 02:04:30,823 [INFO] [103/121] 쌍문역 (primary=KEY_3)
2026-09-13 02:04:32,063 [INFO] [104/121] 양재역 (primary=KEY_4)
2026-09-13 02:04:33,309 [INFO] [105/121] 역삼역 (primary=KEY_1)
2026-09-13 02:04:34,696 [INFO] [106/121] 연신내역 (primary=KEY_2)
2026-09-13 02:04:35,788 [INFO] [107/121] 오목교역·목동운동장 (primary=KEY_3)
2026-09-13 02:04:37,507 [INFO] [108/121] 왕십리역 (primary=KEY_4)
2026-09-13 02:04:38,789 [INFO] [109/121] 용산역 (primary=KEY_1)
2026-09-13 02:04:40,187 [INFO] [110/121] 이태원역 (primary=KEY_2)
2026-09-13 02:04:41,266 [INFO] [111/121] 잠실새내역 (primary=KEY_3)
2026-09-13 02:04:42,549 [INFO] [112/121] 잠실역 (primary=KEY_4)
2026-09-13 02:04:43,950 [INFO] [113/121] 장지역 (primary=KEY_1)
2026-09-13 02:04:45,354 [INFO] [114/121] 장한평역 (primary=KEY_2)
2026-09-13 02:04:46,576 [INFO] [115/121] 천호역 (primary=KEY_3)
2026-09-13 02:04:47,821 [INFO] [116/121] 총신대입구(이수)역 (primary=KEY_4)
2026-09-13 02:04:49,052 [INFO] [117/121] 충정로역 (primary=KEY_1)
2026-09-13 02:04:50,293 [INFO] [118/121] 합정역 (primary=KEY_2)
2026-09-13 02:04:51,558 [INFO] [119/121] 혜화역 (primary=KEY_3)
2026-09-13 02:04:52,776 [INFO] [120/121] 홍대입구역(2호선) (primary=KEY_4)
2026-09-13 02:04:54,012 [INFO] [121/121] 회기역 (primary=KEY_1)
2026-09-13 02:04:55,598 [INFO] === 수집 완료 | 성공 121, 실패 0 ===
2026-09-13 02:04:55,598 [INFO] 카테고리별 저장 결과:
2026-09-13 02:04:55,598 [INFO]    accident                  | 신규     3행 | 누적      3행 | 16컬럼
2026-09-13 02:04:55,598 [INFO]    accident_acdnt_cntrl_stts | 신규     2행 | 누적      2행 | 16컬럼
2026-09-13 02:04:55,599 [INFO]    area_meta                 | 신규   121행 | 누적    121행 | 5컬럼
2026-09-13 02:04:55,599 [INFO]    bike                      | 신규    10행 | 누적     10행 | 12컬럼
2026-09-13 02:04:55,599 [INFO]    bike_sbike_stts           | 신규   573행 | 누적    573행 | 12컬럼
2026-09-13 02:04:55,599 [INFO]    bus                       | 신규     3행 | 누적      3행 | 11컬럼
2026-09-13 02:04:55,599 [INFO]    bus_bus_stn_stts          | 신규  1745행 | 누적   1745행 | 11컬럼
2026-09-13 02:04:55,599 [INFO]    charger                   | 신규     4행 | 누적      4행 | 15컬럼
2026-09-13 02:04:55,599 [INFO]    charger_charger_stts      | 신규  1915행 | 누적   1915행 | 15컬럼
2026-09-13 02:04:55,599 [INFO]    cmrcl                     | 신규    82행 | 누적     82행 | 20컬럼
2026-09-13 02:04:55,599 [INFO]    events                    | 신규    17행 | 누적     17행 | 14컬럼
2026-09-13 02:04:55,599 [INFO]    events_event_stts         | 신규   132행 | 누적    132행 | 14컬럼
2026-09-13 02:04:55,599 [INFO]    parking                   | 신규     6행 | 누적      6행 | 21컬럼
2026-09-13 02:04:55,599 [INFO]    parking_prk_stts          | 신규  1832행 | 누적   1832행 | 21컬럼
2026-09-13 02:04:55,599 [INFO]    ppltn                     | 신규   120행 | 누적    120행 | 26컬럼
2026-09-13 02:04:55,599 [INFO]    road                      | 신규   121행 | 누적    121행 | 21컬럼
2026-09-13 02:04:55,599 [INFO]    road_road_traffic_stts    | 신규  5298행 | 누적   5298행 | 17컬럼
2026-09-13 02:04:55,599 [INFO]    subway                    | 신규    38행 | 누적     38행 | 12컬럼
2026-09-13 02:04:55,599 [INFO]    subway_sub_stts           | 신규   183행 | 누적    183행 | 13컬럼
2026-09-13 02:04:55,599 [INFO]    weather                   | 신규   119행 | 누적    119행 | 29컬럼
2026-09-13 02:04:55,599 [INFO] 키별 사용량:
2026-09-13 02:04:55,599 [INFO]    🟢 KEY_1 (31/1000) 
2026-09-13 02:04:55,599 [INFO]    🟢 KEY_2 (30/1000) 
2026-09-13 02:04:55,599 [INFO]    🟢 KEY_3 (30/1000) 
2026-09-13 02:04:55,599 [INFO]    🟢 KEY_4 (30/1000) 
