2026-08-08 00:05:22,060 [INFO] 등록된 키: 4개, 합산 한도 4,000건/일
2026-08-08 00:05:22,061 [INFO] POI 로드: 매뉴얼 v8.5 기준 fallback 121개 (121개 전체)
2026-08-08 00:05:22,061 [INFO] === 수집 시작 2026-08-08T00:05:22.061087+09:00 ===
2026-08-08 00:05:22,061 [INFO] 대상 장소: 121개 | API: citydata (통합)
2026-08-08 00:05:22,061 [INFO] 키 풀: 4/4 활성 | 오늘 사용 0/4000건
2026-08-08 00:05:22,061 [INFO]   [KEY_1] 담당 31장소
2026-08-08 00:05:22,061 [INFO]   [KEY_2] 담당 30장소
2026-08-08 00:05:22,061 [INFO]   [KEY_3] 담당 30장소
2026-08-08 00:05:22,061 [INFO]   [KEY_4] 담당 30장소
2026-08-08 00:05:22,061 [INFO] [1/121] 경복궁 (primary=KEY_1)
2026-08-08 00:05:24,257 [INFO] [2/121] 광화문·덕수궁 (primary=KEY_2)
2026-08-08 00:05:25,826 [INFO] [3/121] 보신각 (primary=KEY_3)
2026-08-08 00:05:27,722 [INFO] [4/121] 서울 암사동 유적 (primary=KEY_4)
2026-08-08 00:05:29,732 [INFO] [5/121] 창덕궁·종묘 (primary=KEY_1)
2026-08-08 00:05:31,594 [INFO] [6/121] 강남 MICE 관광특구 (primary=KEY_2)
2026-08-08 00:05:33,520 [INFO] [7/121] 동대문 관광특구 (primary=KEY_3)
2026-08-08 00:05:35,514 [INFO] [8/121] 명동 관광특구 (primary=KEY_4)
2026-08-08 00:05:37,798 [INFO] [9/121] 이태원 관광특구 (primary=KEY_1)
2026-08-08 00:05:39,050 [INFO] [10/121] 잠실 관광특구 (primary=KEY_2)
2026-08-08 00:05:41,352 [INFO] [11/121] 종로·청계 관광특구 (primary=KEY_3)
2026-08-08 00:05:42,815 [INFO] [12/121] 홍대 관광특구 (primary=KEY_4)
2026-08-08 00:05:44,270 [INFO] [13/121] 강서한강공원 (primary=KEY_1)
2026-08-08 00:05:45,316 [INFO] [14/121] 고척돔 (primary=KEY_2)
2026-08-08 00:05:46,376 [INFO] [15/121] 광나루한강공원 (primary=KEY_3)
2026-08-08 00:05:48,242 [INFO] [16/121] 광화문광장 (primary=KEY_4)
2026-08-08 00:05:49,476 [INFO] [17/121] 국립중앙박물관·용산가족공원 (primary=KEY_1)
2026-08-08 00:05:51,133 [INFO] [18/121] 난지한강공원 (primary=KEY_2)
2026-08-08 00:05:52,833 [INFO] [19/121] 남산공원 (primary=KEY_3)
2026-08-08 00:05:54,239 [INFO] [20/121] 노들섬 (primary=KEY_4)
2026-08-08 00:05:55,443 [INFO] [21/121] 뚝섬한강공원 (primary=KEY_1)
2026-08-08 00:05:56,515 [INFO] [22/121] 망원한강공원 (primary=KEY_2)
2026-08-08 00:05:58,390 [INFO] [23/121] 반포한강공원 (primary=KEY_3)
2026-08-08 00:05:59,442 [INFO] [24/121] 보라매공원 (primary=KEY_4)
2026-08-08 00:06:00,545 [INFO] [25/121] 북서울꿈의숲 (primary=KEY_1)
2026-08-08 00:06:02,399 [INFO] [26/121] 서대문독립공원 (primary=KEY_2)
2026-08-08 00:06:03,478 [INFO] [27/121] 서리풀공원·몽마르뜨공원 (primary=KEY_3)
2026-08-08 00:06:05,376 [INFO] [28/121] 서울대공원 (primary=KEY_4)
2026-08-08 00:06:06,432 [INFO] [29/121] 서울숲공원 (primary=KEY_1)
2026-08-08 00:06:07,654 [INFO] [30/121] 송현녹지광장 (primary=KEY_2)
2026-08-08 00:06:09,440 [INFO] [31/121] 아차산 (primary=KEY_3)
2026-08-08 00:06:10,494 [INFO] [32/121] 안양천 (primary=KEY_4)
2026-08-08 00:06:11,564 [INFO] [33/121] 양화한강공원 (primary=KEY_1)
2026-08-08 00:06:12,614 [INFO] [34/121] 어린이대공원 (primary=KEY_2)
2026-08-08 00:06:14,501 [INFO] [35/121] 여의도한강공원 (primary=KEY_3)
2026-08-08 00:06:15,711 [INFO] [36/121] 여의서로 (primary=KEY_4)
2026-08-08 00:06:16,925 [INFO] [37/121] 올림픽공원 (primary=KEY_1)
2026-08-08 00:06:18,328 [INFO] [38/121] 월드컵공원 (primary=KEY_2)
2026-08-08 00:06:19,733 [INFO] [39/121] 응봉산 (primary=KEY_3)
2026-08-08 00:06:20,979 [INFO] [40/121] 이촌한강공원 (primary=KEY_4)
2026-08-08 00:06:22,028 [INFO] [41/121] 잠실종합운동장 (primary=KEY_1)
2026-08-08 00:06:23,080 [INFO] [42/121] 잠실한강공원 (primary=KEY_2)
2026-08-08 00:06:24,832 [INFO] [43/121] 잠원한강공원 (primary=KEY_3)
2026-08-08 00:06:25,886 [INFO] [44/121] 청계산 (primary=KEY_4)
2026-08-08 00:06:26,935 [INFO] [45/121] 홍제폭포 (primary=KEY_1)
2026-08-08 00:06:27,977 [INFO] [46/121] 가락시장 (primary=KEY_2)
2026-08-08 00:06:29,220 [INFO] [47/121] 가로수길 (primary=KEY_3)
2026-08-08 00:06:30,469 [INFO] [48/121] 광장(전통)시장 (primary=KEY_4)
2026-08-08 00:06:31,536 [INFO] [49/121] 김포공항 (primary=KEY_1)
2026-08-08 00:06:32,946 [INFO] [50/121] 남대문시장 (primary=KEY_2)
2026-08-08 00:06:34,201 [INFO] [51/121] 노량진 (primary=KEY_3)
2026-08-08 00:06:35,430 [INFO] [52/121] 덕수궁길·정동길 (primary=KEY_4)
2026-08-08 00:06:37,244 [INFO] [53/121] 북창동 먹자골목 (primary=KEY_1)
2026-08-08 00:06:38,457 [INFO] [54/121] 북촌한옥마을 (primary=KEY_2)
2026-08-08 00:06:39,882 [INFO] [55/121] 서촌 (primary=KEY_3)
2026-08-08 00:06:41,761 [INFO] [56/121] 성수카페거리 (primary=KEY_4)
2026-08-08 00:06:43,156 [INFO] [57/121] 송리단길·호수단길 (primary=KEY_1)
2026-08-08 00:06:44,392 [INFO] [58/121] 신촌 스타광장 (primary=KEY_2)
2026-08-08 00:06:46,267 [INFO] [59/121] 압구정로데오거리 (primary=KEY_3)
2026-08-08 00:06:47,540 [INFO] [60/121] 여의도 (primary=KEY_4)
2026-08-08 00:06:49,512 [INFO] [61/121] 연남동 (primary=KEY_1)
2026-08-08 00:06:50,733 [INFO] [62/121] 영등포 타임스퀘어 (primary=KEY_2)
2026-08-08 00:06:51,972 [INFO] [63/121] 용리단길 (primary=KEY_3)
2026-08-08 00:06:53,061 [INFO] [64/121] 이태원 앤틱가구거리 (primary=KEY_4)
2026-08-08 00:06:54,283 [INFO] [65/121] 익선동 (primary=KEY_1)
2026-08-08 00:06:55,551 [INFO] [66/121] 인사동 (primary=KEY_2)
2026-08-08 00:06:56,958 [INFO] [67/121] 잠실롯데타워·석촌호수 (primary=KEY_3)
2026-08-08 00:06:58,542 [INFO] [68/121] 창동 신경제 중심지 (primary=KEY_4)
2026-08-08 00:07:00,157 [INFO] [69/121] 청담동 명품거리 (primary=KEY_1)
2026-08-08 00:07:01,410 [INFO] [70/121] 청량리 제기동 일대 전통시장 (primary=KEY_2)
2026-08-08 00:07:02,709 [INFO] [71/121] 해방촌·경리단길 (primary=KEY_3)
2026-08-08 00:07:03,780 [INFO] [72/121] DDP(동대문디자인플라자) (primary=KEY_4)
2026-08-08 00:07:05,042 [INFO] [73/121] DMC(디지털미디어시티) (primary=KEY_1)
2026-08-08 00:07:06,635 [INFO] [74/121] 가산디지털단지역 (primary=KEY_2)
2026-08-08 00:07:08,364 [INFO] [75/121] 강남역 (primary=KEY_3)
2026-08-08 00:07:09,786 [INFO] [76/121] 건대입구역 (primary=KEY_4)
2026-08-08 00:07:11,137 [INFO] [77/121] 고덕역 (primary=KEY_1)
2026-08-08 00:07:12,374 [INFO] [78/121] 고속터미널역 (primary=KEY_2)
2026-08-08 00:07:13,630 [INFO] [79/121] 교대역 (primary=KEY_3)
2026-08-08 00:07:14,865 [INFO] [80/121] 구로디지털단지역 (primary=KEY_4)
2026-08-08 00:07:16,426 [INFO] [81/121] 구로역 (primary=KEY_1)
2026-08-08 00:07:17,651 [INFO] [82/121] 군자역 (primary=KEY_2)
2026-08-08 00:07:18,884 [INFO] [83/121] 대림역 (primary=KEY_3)
2026-08-08 00:07:20,111 [INFO] [84/121] 동대문역 (primary=KEY_4)
2026-08-08 00:07:21,357 [INFO] [85/121] 뚝섬역 (primary=KEY_1)
2026-08-08 00:07:22,582 [INFO] [86/121] 미아사거리역 (primary=KEY_2)
2026-08-08 00:07:23,803 [INFO] [87/121] 발산역 (primary=KEY_3)
2026-08-08 00:07:25,199 [INFO] [88/121] 사당역 (primary=KEY_4)
2026-08-08 00:07:26,446 [INFO] [89/121] 삼각지역 (primary=KEY_1)
2026-08-08 00:07:27,673 [INFO] [90/121] 서울대입구역 (primary=KEY_2)
2026-08-08 00:07:28,917 [INFO] [91/121] 서울식물원·마곡나루역 (primary=KEY_3)
2026-08-08 00:07:30,328 [INFO] [92/121] 서울역 (primary=KEY_4)
2026-08-08 00:07:31,806 [INFO] [93/121] 선릉역 (primary=KEY_1)
2026-08-08 00:07:33,398 [INFO] [94/121] 성신여대입구역 (primary=KEY_2)
2026-08-08 00:07:34,473 [INFO] [95/121] 수유역 (primary=KEY_3)
2026-08-08 00:07:35,722 [INFO] [96/121] 숭례문 (primary=KEY_4)
2026-08-08 00:07:37,115 [INFO] [97/121] 시의회 앞 (primary=KEY_1)
2026-08-08 00:07:38,355 [INFO] [98/121] 신논현역·논현역 (primary=KEY_2)
2026-08-08 00:07:39,622 [INFO] [99/121] 신도림역 (primary=KEY_3)
2026-08-08 00:07:40,695 [INFO] [100/121] 신림역 (primary=KEY_4)
2026-08-08 00:07:41,959 [INFO] [101/121] 신정네거리역 (primary=KEY_1)
2026-08-08 00:07:43,199 [INFO] [102/121] 신촌·이대역 (primary=KEY_2)
2026-08-08 00:07:44,437 [INFO] [103/121] 쌍문역 (primary=KEY_3)
2026-08-08 00:07:45,692 [INFO] [104/121] 양재역 (primary=KEY_4)
2026-08-08 00:07:46,935 [INFO] [105/121] 역삼역 (primary=KEY_1)
2026-08-08 00:07:48,347 [INFO] [106/121] 연신내역 (primary=KEY_2)
2026-08-08 00:07:49,444 [INFO] [107/121] 오목교역·목동운동장 (primary=KEY_3)
2026-08-08 00:07:51,771 [INFO] [108/121] 왕십리역 (primary=KEY_4)
2026-08-08 00:07:53,205 [INFO] [109/121] 용산역 (primary=KEY_1)
2026-08-08 00:07:54,614 [INFO] [110/121] 이태원역 (primary=KEY_2)
2026-08-08 00:07:55,679 [INFO] [111/121] 잠실새내역 (primary=KEY_3)
2026-08-08 00:07:56,947 [INFO] [112/121] 잠실역 (primary=KEY_4)
2026-08-08 00:07:58,370 [INFO] [113/121] 장지역 (primary=KEY_1)
2026-08-08 00:07:59,792 [INFO] [114/121] 장한평역 (primary=KEY_2)
2026-08-08 00:08:01,041 [INFO] [115/121] 천호역 (primary=KEY_3)
2026-08-08 00:08:02,291 [INFO] [116/121] 총신대입구(이수)역 (primary=KEY_4)
2026-08-08 00:08:03,531 [INFO] [117/121] 충정로역 (primary=KEY_1)
2026-08-08 00:08:04,784 [INFO] [118/121] 합정역 (primary=KEY_2)
2026-08-08 00:08:06,027 [INFO] [119/121] 혜화역 (primary=KEY_3)
2026-08-08 00:08:07,255 [INFO] [120/121] 홍대입구역(2호선) (primary=KEY_4)
2026-08-08 00:08:08,499 [INFO] [121/121] 회기역 (primary=KEY_1)
2026-08-08 00:08:10,087 [INFO] === 수집 완료 | 성공 121, 실패 0 ===
2026-08-08 00:08:10,087 [INFO] 카테고리별 저장 결과:
2026-08-08 00:08:10,087 [INFO]    accident                  | 신규     3행 | 누적      3행 | 16컬럼
2026-08-08 00:08:10,087 [INFO]    area_meta                 | 신규   121행 | 누적    121행 | 5컬럼
2026-08-08 00:08:10,087 [INFO]    bike                      | 신규    11행 | 누적     11행 | 12컬럼
2026-08-08 00:08:10,087 [INFO]    bike_sbike_stts           | 신규   565행 | 누적    565행 | 12컬럼
2026-08-08 00:08:10,087 [INFO]    bus                       | 신규     3행 | 누적      3행 | 11컬럼
2026-08-08 00:08:10,087 [INFO]    bus_bus_stn_stts          | 신규  1745행 | 누적   1745행 | 11컬럼
2026-08-08 00:08:10,087 [INFO]    charger                   | 신규     4행 | 누적      4행 | 15컬럼
2026-08-08 00:08:10,087 [INFO]    charger_charger_stts      | 신규  1931행 | 누적   1931행 | 15컬럼
2026-08-08 00:08:10,087 [INFO]    cmrcl                     | 신규    82행 | 누적     82행 | 20컬럼
2026-08-08 00:08:10,087 [INFO]    disaster                  | 신규    11행 | 누적     11행 | 9컬럼
2026-08-08 00:08:10,087 [INFO]    events                    | 신규    14행 | 누적     14행 | 14컬럼
2026-08-08 00:08:10,087 [INFO]    events_event_stts         | 신규   144행 | 누적    144행 | 14컬럼
2026-08-08 00:08:10,087 [INFO]    parking                   | 신규     6행 | 누적      6행 | 21컬럼
2026-08-08 00:08:10,087 [INFO]    parking_prk_stts          | 신규  1834행 | 누적   1834행 | 21컬럼
2026-08-08 00:08:10,087 [INFO]    ppltn                     | 신규   120행 | 누적    120행 | 26컬럼
2026-08-08 00:08:10,087 [INFO]    road                      | 신규   121행 | 누적    121행 | 21컬럼
2026-08-08 00:08:10,087 [INFO]    road_road_traffic_stts    | 신규  5284행 | 누적   5284행 | 17컬럼
2026-08-08 00:08:10,087 [INFO]    subway                    | 신규    38행 | 누적     38행 | 12컬럼
2026-08-08 00:08:10,087 [INFO]    subway_sub_stts           | 신규   183행 | 누적    183행 | 13컬럼
2026-08-08 00:08:10,087 [INFO]    weather                   | 신규   119행 | 누적    119행 | 29컬럼
2026-08-08 00:08:10,087 [INFO] 키별 사용량:
2026-08-08 00:08:10,087 [INFO]    🟢 KEY_1 (31/1000) 
2026-08-08 00:08:10,087 [INFO]    🟢 KEY_2 (30/1000) 
2026-08-08 00:08:10,087 [INFO]    🟢 KEY_3 (30/1000) 
2026-08-08 00:08:10,087 [INFO]    🟢 KEY_4 (30/1000) 
2026-08-08 01:07:15,583 [INFO] 등록된 키: 4개, 합산 한도 4,000건/일
2026-08-08 01:07:15,584 [INFO] POI 로드: 매뉴얼 v8.5 기준 fallback 121개 (121개 전체)
2026-08-08 01:07:15,584 [INFO] === 수집 시작 2026-08-08T01:07:15.584644+09:00 ===
2026-08-08 01:07:15,584 [INFO] 대상 장소: 121개 | API: citydata (통합)
2026-08-08 01:07:15,584 [INFO] 키 풀: 4/4 활성 | 오늘 사용 0/4000건
2026-08-08 01:07:15,584 [INFO]   [KEY_1] 담당 31장소
2026-08-08 01:07:15,584 [INFO]   [KEY_2] 담당 30장소
2026-08-08 01:07:15,585 [INFO]   [KEY_3] 담당 30장소
2026-08-08 01:07:15,585 [INFO]   [KEY_4] 담당 30장소
2026-08-08 01:07:15,585 [INFO] [1/121] 경복궁 (primary=KEY_1)
2026-08-08 01:07:17,522 [INFO] [2/121] 광화문·덕수궁 (primary=KEY_2)
2026-08-08 01:07:19,843 [INFO] [3/121] 보신각 (primary=KEY_3)
2026-08-08 01:07:21,787 [INFO] [4/121] 서울 암사동 유적 (primary=KEY_4)
2026-08-08 01:07:23,022 [INFO] [5/121] 창덕궁·종묘 (primary=KEY_1)
2026-08-08 01:07:24,842 [INFO] [6/121] 강남 MICE 관광특구 (primary=KEY_2)
2026-08-08 01:07:26,153 [INFO] [7/121] 동대문 관광특구 (primary=KEY_3)
2026-08-08 01:07:27,636 [INFO] [8/121] 명동 관광특구 (primary=KEY_4)
2026-08-08 01:07:29,474 [INFO] [9/121] 이태원 관광특구 (primary=KEY_1)
2026-08-08 01:07:31,426 [INFO] [10/121] 잠실 관광특구 (primary=KEY_2)
2026-08-08 01:07:33,396 [INFO] [11/121] 종로·청계 관광특구 (primary=KEY_3)
2026-08-08 01:07:35,670 [INFO] [12/121] 홍대 관광특구 (primary=KEY_4)
2026-08-08 01:07:37,151 [INFO] [13/121] 강서한강공원 (primary=KEY_1)
2026-08-08 01:07:38,218 [INFO] [14/121] 고척돔 (primary=KEY_2)
2026-08-08 01:07:39,293 [INFO] [15/121] 광나루한강공원 (primary=KEY_3)
2026-08-08 01:07:40,527 [INFO] [16/121] 광화문광장 (primary=KEY_4)
2026-08-08 01:07:42,461 [INFO] [17/121] 국립중앙박물관·용산가족공원 (primary=KEY_1)
2026-08-08 01:07:44,099 [INFO] [18/121] 난지한강공원 (primary=KEY_2)
2026-08-08 01:07:45,170 [INFO] [19/121] 남산공원 (primary=KEY_3)
2026-08-08 01:07:47,189 [INFO] [20/121] 노들섬 (primary=KEY_4)
2026-08-08 01:07:48,262 [INFO] [21/121] 뚝섬한강공원 (primary=KEY_1)
2026-08-08 01:07:49,340 [INFO] [22/121] 망원한강공원 (primary=KEY_2)
2026-08-08 01:07:50,593 [INFO] [23/121] 반포한강공원 (primary=KEY_3)
2026-08-08 01:07:51,673 [INFO] [24/121] 보라매공원 (primary=KEY_4)
2026-08-08 01:07:52,757 [INFO] [25/121] 북서울꿈의숲 (primary=KEY_1)
2026-08-08 01:07:54,036 [INFO] [26/121] 서대문독립공원 (primary=KEY_2)
2026-08-08 01:07:55,114 [INFO] [27/121] 서리풀공원·몽마르뜨공원 (primary=KEY_3)
2026-08-08 01:07:56,214 [INFO] [28/121] 서울대공원 (primary=KEY_4)
2026-08-08 01:07:57,274 [INFO] [29/121] 서울숲공원 (primary=KEY_1)
2026-08-08 01:07:58,527 [INFO] [30/121] 송현녹지광장 (primary=KEY_2)
2026-08-08 01:07:59,780 [INFO] [31/121] 아차산 (primary=KEY_3)
2026-08-08 01:08:01,630 [INFO] [32/121] 안양천 (primary=KEY_4)
2026-08-08 01:08:02,709 [INFO] [33/121] 양화한강공원 (primary=KEY_1)
2026-08-08 01:08:03,779 [INFO] [34/121] 어린이대공원 (primary=KEY_2)
2026-08-08 01:08:05,047 [INFO] [35/121] 여의도한강공원 (primary=KEY_3)
2026-08-08 01:08:06,309 [INFO] [36/121] 여의서로 (primary=KEY_4)
2026-08-08 01:08:07,538 [INFO] [37/121] 올림픽공원 (primary=KEY_1)
2026-08-08 01:08:08,824 [INFO] [38/121] 월드컵공원 (primary=KEY_2)
2026-08-08 01:08:10,263 [INFO] [39/121] 응봉산 (primary=KEY_3)
2026-08-08 01:08:11,507 [INFO] [40/121] 이촌한강공원 (primary=KEY_4)
2026-08-08 01:08:12,571 [INFO] [41/121] 잠실종합운동장 (primary=KEY_1)
2026-08-08 01:08:13,639 [INFO] [42/121] 잠실한강공원 (primary=KEY_2)
2026-08-08 01:08:14,720 [INFO] [43/121] 잠원한강공원 (primary=KEY_3)
2026-08-08 01:08:15,798 [INFO] [44/121] 청계산 (primary=KEY_4)
2026-08-08 01:08:16,862 [INFO] [45/121] 홍제폭포 (primary=KEY_1)
2026-08-08 01:08:17,930 [INFO] [46/121] 가락시장 (primary=KEY_2)
2026-08-08 01:08:19,233 [INFO] [47/121] 가로수길 (primary=KEY_3)
2026-08-08 01:08:20,513 [INFO] [48/121] 광장(전통)시장 (primary=KEY_4)
2026-08-08 01:08:21,614 [INFO] [49/121] 김포공항 (primary=KEY_1)
2026-08-08 01:08:23,051 [INFO] [50/121] 남대문시장 (primary=KEY_2)
2026-08-08 01:08:24,323 [INFO] [51/121] 노량진 (primary=KEY_3)
2026-08-08 01:08:25,594 [INFO] [52/121] 덕수궁길·정동길 (primary=KEY_4)
2026-08-08 01:08:26,862 [INFO] [53/121] 북창동 먹자골목 (primary=KEY_1)
2026-08-08 01:08:28,113 [INFO] [54/121] 북촌한옥마을 (primary=KEY_2)
2026-08-08 01:08:29,549 [INFO] [55/121] 서촌 (primary=KEY_3)
2026-08-08 01:08:30,791 [INFO] [56/121] 성수카페거리 (primary=KEY_4)
2026-08-08 01:08:32,229 [INFO] [57/121] 송리단길·호수단길 (primary=KEY_1)
2026-08-08 01:08:33,498 [INFO] [58/121] 신촌 스타광장 (primary=KEY_2)
2026-08-08 01:08:34,578 [INFO] [59/121] 압구정로데오거리 (primary=KEY_3)
2026-08-08 01:08:35,865 [INFO] [60/121] 여의도 (primary=KEY_4)
2026-08-08 01:08:37,883 [INFO] [61/121] 연남동 (primary=KEY_1)
2026-08-08 01:08:39,151 [INFO] [62/121] 영등포 타임스퀘어 (primary=KEY_2)
2026-08-08 01:08:40,413 [INFO] [63/121] 용리단길 (primary=KEY_3)
2026-08-08 01:08:41,513 [INFO] [64/121] 이태원 앤틱가구거리 (primary=KEY_4)
2026-08-08 01:08:42,774 [INFO] [65/121] 익선동 (primary=KEY_1)
2026-08-08 01:08:44,053 [INFO] [66/121] 인사동 (primary=KEY_2)
2026-08-08 01:08:45,502 [INFO] [67/121] 잠실롯데타워·석촌호수 (primary=KEY_3)
2026-08-08 01:08:47,158 [INFO] [68/121] 창동 신경제 중심지 (primary=KEY_4)
2026-08-08 01:08:48,775 [INFO] [69/121] 청담동 명품거리 (primary=KEY_1)
2026-08-08 01:08:50,052 [INFO] [70/121] 청량리 제기동 일대 전통시장 (primary=KEY_2)
2026-08-08 01:08:51,315 [INFO] [71/121] 해방촌·경리단길 (primary=KEY_3)
2026-08-08 01:08:52,455 [INFO] [72/121] DDP(동대문디자인플라자) (primary=KEY_4)
2026-08-08 01:08:53,729 [INFO] [73/121] DMC(디지털미디어시티) (primary=KEY_1)
2026-08-08 01:08:55,379 [INFO] [74/121] 가산디지털단지역 (primary=KEY_2)
2026-08-08 01:08:57,171 [INFO] [75/121] 강남역 (primary=KEY_3)
2026-08-08 01:08:58,651 [INFO] [76/121] 건대입구역 (primary=KEY_4)
2026-08-08 01:08:59,923 [INFO] [77/121] 고덕역 (primary=KEY_1)
2026-08-08 01:09:01,173 [INFO] [78/121] 고속터미널역 (primary=KEY_2)
2026-08-08 01:09:02,469 [INFO] [79/121] 교대역 (primary=KEY_3)
2026-08-08 01:09:03,739 [INFO] [80/121] 구로디지털단지역 (primary=KEY_4)
2026-08-08 01:09:05,353 [INFO] [81/121] 구로역 (primary=KEY_1)
2026-08-08 01:09:06,605 [INFO] [82/121] 군자역 (primary=KEY_2)
2026-08-08 01:09:07,861 [INFO] [83/121] 대림역 (primary=KEY_3)
2026-08-08 01:09:09,120 [INFO] [84/121] 동대문역 (primary=KEY_4)
2026-08-08 01:09:10,388 [INFO] [85/121] 뚝섬역 (primary=KEY_1)
2026-08-08 01:09:11,644 [INFO] [86/121] 미아사거리역 (primary=KEY_2)
2026-08-08 01:09:12,907 [INFO] [87/121] 발산역 (primary=KEY_3)
2026-08-08 01:09:14,518 [INFO] [88/121] 사당역 (primary=KEY_4)
2026-08-08 01:09:15,795 [INFO] [89/121] 삼각지역 (primary=KEY_1)
2026-08-08 01:09:16,871 [INFO] [90/121] 서울대입구역 (primary=KEY_2)
2026-08-08 01:09:18,132 [INFO] [91/121] 서울식물원·마곡나루역 (primary=KEY_3)
2026-08-08 01:09:19,570 [INFO] [92/121] 서울역 (primary=KEY_4)
2026-08-08 01:09:21,048 [INFO] [93/121] 선릉역 (primary=KEY_1)
2026-08-08 01:09:22,696 [INFO] [94/121] 성신여대입구역 (primary=KEY_2)
2026-08-08 01:09:23,807 [INFO] [95/121] 수유역 (primary=KEY_3)
2026-08-08 01:09:25,066 [INFO] [96/121] 숭례문 (primary=KEY_4)
2026-08-08 01:09:26,509 [INFO] [97/121] 시의회 앞 (primary=KEY_1)
2026-08-08 01:09:27,774 [INFO] [98/121] 신논현역·논현역 (primary=KEY_2)
2026-08-08 01:09:29,078 [INFO] [99/121] 신도림역 (primary=KEY_3)
2026-08-08 01:09:30,167 [INFO] [100/121] 신림역 (primary=KEY_4)
2026-08-08 01:09:31,453 [INFO] [101/121] 신정네거리역 (primary=KEY_1)
2026-08-08 01:09:32,725 [INFO] [102/121] 신촌·이대역 (primary=KEY_2)
2026-08-08 01:09:34,012 [INFO] [103/121] 쌍문역 (primary=KEY_3)
2026-08-08 01:09:35,270 [INFO] [104/121] 양재역 (primary=KEY_4)
2026-08-08 01:09:36,551 [INFO] [105/121] 역삼역 (primary=KEY_1)
2026-08-08 01:09:37,982 [INFO] [106/121] 연신내역 (primary=KEY_2)
2026-08-08 01:09:39,102 [INFO] [107/121] 오목교역·목동운동장 (primary=KEY_3)
2026-08-08 01:09:40,907 [INFO] [108/121] 왕십리역 (primary=KEY_4)
2026-08-08 01:09:42,363 [INFO] [109/121] 용산역 (primary=KEY_1)
2026-08-08 01:09:43,802 [INFO] [110/121] 이태원역 (primary=KEY_2)
2026-08-08 01:09:44,895 [INFO] [111/121] 잠실새내역 (primary=KEY_3)
2026-08-08 01:09:46,254 [INFO] [112/121] 잠실역 (primary=KEY_4)
2026-08-08 01:09:47,707 [INFO] [113/121] 장지역 (primary=KEY_1)
2026-08-08 01:09:49,144 [INFO] [114/121] 장한평역 (primary=KEY_2)
2026-08-08 01:09:50,407 [INFO] [115/121] 천호역 (primary=KEY_3)
2026-08-08 01:09:51,685 [INFO] [116/121] 총신대입구(이수)역 (primary=KEY_4)
2026-08-08 01:09:52,952 [INFO] [117/121] 충정로역 (primary=KEY_1)
2026-08-08 01:09:54,213 [INFO] [118/121] 합정역 (primary=KEY_2)
2026-08-08 01:09:55,481 [INFO] [119/121] 혜화역 (primary=KEY_3)
2026-08-08 01:09:56,738 [INFO] [120/121] 홍대입구역(2호선) (primary=KEY_4)
2026-08-08 01:09:58,007 [INFO] [121/121] 회기역 (primary=KEY_1)
2026-08-08 01:10:00,019 [INFO] === 수집 완료 | 성공 121, 실패 0 ===
2026-08-08 01:10:00,020 [INFO] 카테고리별 저장 결과:
2026-08-08 01:10:00,020 [INFO]    accident                  | 신규     3행 | 누적      6행 | 16컬럼
2026-08-08 01:10:00,020 [INFO]    area_meta                 | 신규   121행 | 누적    242행 | 5컬럼
2026-08-08 01:10:00,020 [INFO]    bike                      | 신규    11행 | 누적     22행 | 12컬럼
2026-08-08 01:10:00,020 [INFO]    bike_sbike_stts           | 신규   565행 | 누적   1130행 | 12컬럼
2026-08-08 01:10:00,020 [INFO]    bus                       | 신규     3행 | 누적      6행 | 11컬럼
2026-08-08 01:10:00,020 [INFO]    bus_bus_stn_stts          | 신규  1745행 | 누적   3490행 | 11컬럼
2026-08-08 01:10:00,020 [INFO]    charger                   | 신규     4행 | 누적      8행 | 15컬럼
2026-08-08 01:10:00,020 [INFO]    charger_charger_stts      | 신규  1931행 | 누적   3836행 | 15컬럼
2026-08-08 01:10:00,020 [INFO]    cmrcl                     | 신규    82행 | 누적    164행 | 20컬럼
2026-08-08 01:10:00,020 [INFO]    events                    | 신규    14행 | 누적     28행 | 14컬럼
2026-08-08 01:10:00,020 [INFO]    events_event_stts         | 신규   144행 | 누적    288행 | 14컬럼
2026-08-08 01:10:00,020 [INFO]    parking                   | 신규     6행 | 누적     12행 | 21컬럼
2026-08-08 01:10:00,020 [INFO]    parking_prk_stts          | 신규  1834행 | 누적   3668행 | 21컬럼
2026-08-08 01:10:00,020 [INFO]    ppltn                     | 신규   121행 | 누적    241행 | 26컬럼
2026-08-08 01:10:00,020 [INFO]    road                      | 신규   121행 | 누적    242행 | 21컬럼
2026-08-08 01:10:00,020 [INFO]    road_road_traffic_stts    | 신규  5284행 | 누적  10568행 | 17컬럼
2026-08-08 01:10:00,020 [INFO]    subway                    | 신규    38행 | 누적     76행 | 13컬럼
2026-08-08 01:10:00,020 [INFO]    subway_sub_stts           | 신규   183행 | 누적    366행 | 13컬럼
2026-08-08 01:10:00,020 [INFO]    weather                   | 신규   119행 | 누적    238행 | 29컬럼
2026-08-08 01:10:00,020 [INFO] 키별 사용량:
2026-08-08 01:10:00,020 [INFO]    🟢 KEY_1 (31/1000) 
2026-08-08 01:10:00,020 [INFO]    🟢 KEY_2 (30/1000) 
2026-08-08 01:10:00,021 [INFO]    🟢 KEY_3 (30/1000) 
2026-08-08 01:10:00,021 [INFO]    🟢 KEY_4 (30/1000) 
