2026-05-11 00:04:44,154 [INFO] 등록된 키: 2개, 합산 한도 2,000건/일
2026-05-11 00:04:44,154 [INFO] === 수집 시작 2026-05-11T00:04:44.154338+09:00 ===
2026-05-11 00:04:44,154 [INFO] 대상 장소: 1개 | API: citydata (통합)
2026-05-11 00:04:44,154 [INFO] 키 풀: 2/2 활성 | 오늘 사용 0/2000건
2026-05-11 00:04:44,154 [INFO]   [KEY_1] 담당 1장소
2026-05-11 00:04:44,154 [INFO]   [KEY_2] 담당 0장소
2026-05-11 00:04:44,154 [INFO] [1/1] 광화문·덕수궁 (primary=KEY_1)
2026-05-11 00:04:46,303 [INFO] === 수집 완료 | 성공 1, 실패 0 ===
2026-05-11 00:04:46,303 [INFO] 카테고리별 저장 결과:
2026-05-11 00:04:46,303 [INFO]    area_meta                 | 신규     1행 | 누적      1행 | 5컬럼
2026-05-11 00:04:46,303 [INFO]    bike_sbike_stts           | 신규    11행 | 누적     11행 | 12컬럼
2026-05-11 00:04:46,303 [INFO]    bus_bus_stn_stts          | 신규    32행 | 누적     32행 | 11컬럼
2026-05-11 00:04:46,303 [INFO]    charger_charger_stts      | 신규     8행 | 누적      8행 | 15컬럼
2026-05-11 00:04:46,303 [INFO]    cmrcl                     | 신규     1행 | 누적      1행 | 20컬럼
2026-05-11 00:04:46,303 [INFO]    events_event_stts         | 신규    24행 | 누적     24행 | 14컬럼
2026-05-11 00:04:46,303 [INFO]    parking_prk_stts          | 신규    33행 | 누적     33행 | 21컬럼
2026-05-11 00:04:46,303 [INFO]    ppltn                     | 신규     1행 | 누적      1행 | 26컬럼
2026-05-11 00:04:46,303 [INFO]    road                      | 신규     1행 | 누적      1행 | 9컬럼
2026-05-11 00:04:46,303 [INFO]    road_road_traffic_stts    | 신규   158행 | 누적    158행 | 17컬럼
2026-05-11 00:04:46,303 [INFO]    subway_sub_stts           | 신규     3행 | 누적      3행 | 12컬럼
2026-05-11 00:04:46,303 [INFO]    weather                   | 신규     1행 | 누적      1행 | 30컬럼
2026-05-11 00:04:46,303 [INFO] 키별 사용량:
2026-05-11 00:04:46,303 [INFO]    🟢 KEY_1 (1/1000) 
2026-05-11 00:04:46,304 [INFO]    🟢 KEY_2 (0/1000) 
2026-05-11 00:12:55,116 [INFO] 등록된 키: 2개, 합산 한도 2,000건/일
2026-05-11 00:12:55,117 [INFO] POI 로드: 매뉴얼 v8.5 기준 fallback 121개 (121개 전체)
2026-05-11 00:12:55,117 [INFO] === 수집 시작 2026-05-11T00:12:55.117494+09:00 ===
2026-05-11 00:12:55,117 [INFO] 대상 장소: 121개 | API: citydata (통합)
2026-05-11 00:12:55,117 [INFO] 키 풀: 2/2 활성 | 오늘 사용 0/2000건
2026-05-11 00:12:55,117 [INFO]   [KEY_1] 담당 61장소
2026-05-11 00:12:55,117 [INFO]   [KEY_2] 담당 60장소
2026-05-11 00:12:55,117 [INFO] [1/121] 경복궁 (primary=KEY_1)
2026-05-11 00:12:57,232 [INFO] [2/121] 광화문·덕수궁 (primary=KEY_2)
2026-05-11 00:12:59,559 [INFO] [3/121] 보신각 (primary=KEY_1)
2026-05-11 00:13:00,857 [INFO] [4/121] 서울 암사동 유적 (primary=KEY_2)
2026-05-11 00:13:02,748 [INFO] [5/121] 창덕궁·종묘 (primary=KEY_1)
2026-05-11 00:13:04,792 [INFO] [6/121] 강남 MICE 관광특구 (primary=KEY_2)
2026-05-11 00:13:06,245 [INFO] [7/121] 동대문 관광특구 (primary=KEY_1)
2026-05-11 00:13:08,426 [INFO] [8/121] 명동 관광특구 (primary=KEY_2)
2026-05-11 00:13:10,148 [INFO] [9/121] 이태원 관광특구 (primary=KEY_1)
2026-05-11 00:13:11,439 [INFO] [10/121] 잠실 관광특구 (primary=KEY_2)
2026-05-11 00:13:13,114 [INFO] [11/121] 종로·청계 관광특구 (primary=KEY_1)
2026-05-11 00:13:14,621 [INFO] [12/121] 홍대 관광특구 (primary=KEY_2)
2026-05-11 00:13:16,334 [INFO] [13/121] 강서한강공원 (primary=KEY_1)
2026-05-11 00:13:18,447 [INFO] [14/121] 고척돔 (primary=KEY_2)
2026-05-11 00:13:19,526 [INFO] [15/121] 광나루한강공원 (primary=KEY_1)
2026-05-11 00:13:21,455 [INFO] [16/121] 광화문광장 (primary=KEY_2)
2026-05-11 00:13:23,375 [INFO] [17/121] 국립중앙박물관·용산가족공원 (primary=KEY_1)
2026-05-11 00:13:24,463 [INFO] [18/121] 난지한강공원 (primary=KEY_2)
2026-05-11 00:13:25,563 [INFO] [19/121] 남산공원 (primary=KEY_1)
2026-05-11 00:13:27,052 [INFO] [20/121] 노들섬 (primary=KEY_2)
2026-05-11 00:13:28,129 [INFO] [21/121] 뚝섬한강공원 (primary=KEY_1)
2026-05-11 00:13:29,387 [INFO] [22/121] 망원한강공원 (primary=KEY_2)
2026-05-11 00:13:30,662 [INFO] [23/121] 반포한강공원 (primary=KEY_1)
2026-05-11 00:13:31,743 [INFO] [24/121] 보라매공원 (primary=KEY_2)
2026-05-11 00:13:33,043 [INFO] [25/121] 북서울꿈의숲 (primary=KEY_1)
2026-05-11 00:13:34,288 [INFO] [26/121] 서대문독립공원 (primary=KEY_2)
2026-05-11 00:13:35,372 [INFO] [27/121] 서리풀공원·몽마르뜨공원 (primary=KEY_1)
2026-05-11 00:13:36,487 [INFO] [28/121] 서울대공원 (primary=KEY_2)
2026-05-11 00:13:37,561 [INFO] [29/121] 서울숲공원 (primary=KEY_1)
2026-05-11 00:13:38,840 [INFO] [30/121] 송현녹지광장 (primary=KEY_2)
2026-05-11 00:13:40,108 [INFO] [31/121] 아차산 (primary=KEY_1)
2026-05-11 00:13:41,186 [INFO] [32/121] 안양천 (primary=KEY_2)
2026-05-11 00:13:42,276 [INFO] [33/121] 양화한강공원 (primary=KEY_1)
2026-05-11 00:13:43,350 [INFO] [34/121] 어린이대공원 (primary=KEY_2)
2026-05-11 00:13:44,635 [INFO] [35/121] 여의도한강공원 (primary=KEY_1)
2026-05-11 00:13:45,902 [INFO] [36/121] 여의서로 (primary=KEY_2)
2026-05-11 00:13:47,157 [INFO] [37/121] 올림픽공원 (primary=KEY_1)
2026-05-11 00:13:48,481 [INFO] [38/121] 월드컵공원 (primary=KEY_2)
2026-05-11 00:13:49,952 [INFO] [39/121] 응봉산 (primary=KEY_1)
2026-05-11 00:13:51,200 [INFO] [40/121] 이촌한강공원 (primary=KEY_2)
2026-05-11 00:13:52,296 [INFO] [41/121] 잠실종합운동장 (primary=KEY_1)
2026-05-11 00:13:53,395 [INFO] [42/121] 잠실한강공원 (primary=KEY_2)
2026-05-11 00:13:54,503 [INFO] [43/121] 잠원한강공원 (primary=KEY_1)
2026-05-11 00:13:55,580 [INFO] [44/121] 청계산 (primary=KEY_2)
2026-05-11 00:13:56,655 [INFO] [45/121] 홍제폭포 (primary=KEY_1)
2026-05-11 00:13:57,732 [INFO] [46/121] 가락시장 (primary=KEY_2)
2026-05-11 00:13:59,038 [INFO] [47/121] 가로수길 (primary=KEY_1)
2026-05-11 00:14:00,339 [INFO] [48/121] 광장(전통)시장 (primary=KEY_2)
2026-05-11 00:14:01,450 [INFO] [49/121] 김포공항 (primary=KEY_1)
2026-05-11 00:14:02,911 [INFO] [50/121] 남대문시장 (primary=KEY_2)
2026-05-11 00:14:04,176 [INFO] [51/121] 노량진 (primary=KEY_1)
2026-05-11 00:14:05,455 [INFO] [52/121] 덕수궁길·정동길 (primary=KEY_2)
2026-05-11 00:14:06,775 [INFO] [53/121] 북창동 먹자골목 (primary=KEY_1)
2026-05-11 00:14:08,060 [INFO] [54/121] 북촌한옥마을 (primary=KEY_2)
2026-05-11 00:14:09,526 [INFO] [55/121] 서촌 (primary=KEY_1)
2026-05-11 00:14:10,795 [INFO] [56/121] 성수카페거리 (primary=KEY_2)
2026-05-11 00:14:12,265 [INFO] [57/121] 송리단길·호수단길 (primary=KEY_1)
2026-05-11 00:14:13,545 [INFO] [58/121] 신촌 스타광장 (primary=KEY_2)
2026-05-11 00:14:15,354 [INFO] [59/121] 압구정로데오거리 (primary=KEY_1)
2026-05-11 00:14:16,655 [INFO] [60/121] 여의도 (primary=KEY_2)
2026-05-11 00:14:18,724 [INFO] [61/121] 연남동 (primary=KEY_1)
2026-05-11 00:14:19,977 [INFO] [62/121] 영등포 타임스퀘어 (primary=KEY_2)
2026-05-11 00:14:21,243 [INFO] [63/121] 용리단길 (primary=KEY_1)
2026-05-11 00:14:22,368 [INFO] [64/121] 이태원 앤틱가구거리 (primary=KEY_2)
2026-05-11 00:14:23,641 [INFO] [65/121] 익선동 (primary=KEY_1)
2026-05-11 00:14:24,961 [INFO] [66/121] 인사동 (primary=KEY_2)
2026-05-11 00:14:26,421 [INFO] [67/121] 잠실롯데타워·석촌호수 (primary=KEY_1)
2026-05-11 00:14:28,081 [INFO] [68/121] 창동 신경제 중심지 (primary=KEY_2)
2026-05-11 00:14:29,750 [INFO] [69/121] 청담동 명품거리 (primary=KEY_1)
2026-05-11 00:14:31,020 [INFO] [70/121] 청량리 제기동 일대 전통시장 (primary=KEY_2)
2026-05-11 00:14:32,356 [INFO] [71/121] 해방촌·경리단길 (primary=KEY_1)
2026-05-11 00:14:33,452 [INFO] [72/121] DDP(동대문디자인플라자) (primary=KEY_2)
2026-05-11 00:14:34,745 [INFO] [73/121] DMC(디지털미디어시티) (primary=KEY_1)
2026-05-11 00:14:36,409 [INFO] [74/121] 가산디지털단지역 (primary=KEY_2)
2026-05-11 00:14:38,227 [INFO] [75/121] 강남역 (primary=KEY_1)
2026-05-11 00:14:39,711 [INFO] [76/121] 건대입구역 (primary=KEY_2)
2026-05-11 00:14:41,019 [INFO] [77/121] 고덕역 (primary=KEY_1)
2026-05-11 00:14:42,309 [INFO] [78/121] 고속터미널역 (primary=KEY_2)
2026-05-11 00:14:43,634 [INFO] [79/121] 교대역 (primary=KEY_1)
2026-05-11 00:14:44,765 [INFO] [80/121] 구로디지털단지역 (primary=KEY_2)
2026-05-11 00:14:46,256 [INFO] [81/121] 구로역 (primary=KEY_1)
2026-05-11 00:14:47,525 [INFO] [82/121] 군자역 (primary=KEY_2)
2026-05-11 00:14:48,815 [INFO] [83/121] 대림역 (primary=KEY_1)
2026-05-11 00:14:50,095 [INFO] [84/121] 동대문역 (primary=KEY_2)
2026-05-11 00:14:51,386 [INFO] [85/121] 뚝섬역 (primary=KEY_1)
2026-05-11 00:14:52,663 [INFO] [86/121] 미아사거리역 (primary=KEY_2)
2026-05-11 00:14:53,958 [INFO] [87/121] 발산역 (primary=KEY_1)
2026-05-11 00:14:55,589 [INFO] [88/121] 사당역 (primary=KEY_2)
2026-05-11 00:14:56,880 [INFO] [89/121] 삼각지역 (primary=KEY_1)
2026-05-11 00:14:58,000 [INFO] [90/121] 서울대입구역 (primary=KEY_2)
2026-05-11 00:14:59,266 [INFO] [91/121] 서울식물원·마곡나루역 (primary=KEY_1)
2026-05-11 00:15:00,734 [INFO] [92/121] 서울역 (primary=KEY_2)
2026-05-11 00:15:02,212 [INFO] [93/121] 선릉역 (primary=KEY_1)
2026-05-11 00:15:03,853 [INFO] [94/121] 성신여대입구역 (primary=KEY_2)
2026-05-11 00:15:04,950 [INFO] [95/121] 수유역 (primary=KEY_1)
2026-05-11 00:15:06,216 [INFO] [96/121] 숭례문 (primary=KEY_2)
2026-05-11 00:15:07,487 [INFO] [97/121] 시의회 앞 (primary=KEY_1)
2026-05-11 00:15:08,765 [INFO] [98/121] 신논현역·논현역 (primary=KEY_2)
2026-05-11 00:15:10,038 [INFO] [99/121] 신도림역 (primary=KEY_1)
2026-05-11 00:15:11,130 [INFO] [100/121] 신림역 (primary=KEY_2)
2026-05-11 00:15:12,398 [INFO] [101/121] 신정네거리역 (primary=KEY_1)
2026-05-11 00:15:13,652 [INFO] [102/121] 신촌·이대역 (primary=KEY_2)
2026-05-11 00:15:14,905 [INFO] [103/121] 쌍문역 (primary=KEY_1)
2026-05-11 00:15:16,166 [INFO] [104/121] 양재역 (primary=KEY_2)
2026-05-11 00:15:17,427 [INFO] [105/121] 역삼역 (primary=KEY_1)
2026-05-11 00:15:18,874 [INFO] [106/121] 연신내역 (primary=KEY_2)
2026-05-11 00:15:20,009 [INFO] [107/121] 오목교역·목동운동장 (primary=KEY_1)
2026-05-11 00:15:21,826 [INFO] [108/121] 왕십리역 (primary=KEY_2)
2026-05-11 00:15:23,288 [INFO] [109/121] 용산역 (primary=KEY_1)
2026-05-11 00:15:24,746 [INFO] [110/121] 이태원역 (primary=KEY_2)
2026-05-11 00:15:25,860 [INFO] [111/121] 잠실새내역 (primary=KEY_1)
2026-05-11 00:15:27,211 [INFO] [112/121] 잠실역 (primary=KEY_2)
2026-05-11 00:15:28,688 [INFO] [113/121] 장지역 (primary=KEY_1)
2026-05-11 00:15:30,135 [INFO] [114/121] 장한평역 (primary=KEY_2)
2026-05-11 00:15:31,418 [INFO] [115/121] 천호역 (primary=KEY_1)
2026-05-11 00:15:32,705 [INFO] [116/121] 총신대입구(이수)역 (primary=KEY_2)
2026-05-11 00:15:33,979 [INFO] [117/121] 충정로역 (primary=KEY_1)
2026-05-11 00:15:35,269 [INFO] [118/121] 합정역 (primary=KEY_2)
2026-05-11 00:15:36,572 [INFO] [119/121] 혜화역 (primary=KEY_1)
2026-05-11 00:15:37,835 [INFO] [120/121] 홍대입구역(2호선) (primary=KEY_2)
2026-05-11 00:15:39,125 [INFO] [121/121] 회기역 (primary=KEY_1)
2026-05-11 00:15:40,941 [INFO] === 수집 완료 | 성공 121, 실패 0 ===
2026-05-11 00:15:40,941 [INFO] 카테고리별 저장 결과:
2026-05-11 00:15:40,941 [INFO]    accident                  | 신규     2행 | 누적      2행 | 16컬럼
2026-05-11 00:15:40,941 [INFO]    area_meta                 | 신규   121행 | 누적    122행 | 5컬럼
2026-05-11 00:15:40,941 [INFO]    bike                      | 신규    12행 | 누적     12행 | 12컬럼
2026-05-11 00:15:40,941 [INFO]    bike_sbike_stts           | 신규   551행 | 누적    562행 | 12컬럼
2026-05-11 00:15:40,941 [INFO]    bus                       | 신규     3행 | 누적      3행 | 11컬럼
2026-05-11 00:15:40,941 [INFO]    bus_bus_stn_stts          | 신규  1745행 | 누적   1777행 | 11컬럼
2026-05-11 00:15:40,941 [INFO]    charger                   | 신규     4행 | 누적      4행 | 15컬럼
2026-05-11 00:15:40,941 [INFO]    charger_charger_stts      | 신규  1885행 | 누적   1878행 | 15컬럼
2026-05-11 00:15:40,942 [INFO]    cmrcl                     | 신규    82행 | 누적     83행 | 20컬럼
2026-05-11 00:15:40,942 [INFO]    events                    | 신규    13행 | 누적     13행 | 14컬럼
2026-05-11 00:15:40,942 [INFO]    events_event_stts         | 신규   155행 | 누적    179행 | 14컬럼
2026-05-11 00:15:40,942 [INFO]    parking                   | 신규     6행 | 누적      6행 | 21컬럼
2026-05-11 00:15:40,942 [INFO]    parking_prk_stts          | 신규  1835행 | 누적   1868행 | 21컬럼
2026-05-11 00:15:40,942 [INFO]    ppltn                     | 신규   121행 | 누적    122행 | 26컬럼
2026-05-11 00:15:40,942 [INFO]    road                      | 신규   121행 | 누적    122행 | 21컬럼
2026-05-11 00:15:40,942 [INFO]    road_road_traffic_stts    | 신규  5235행 | 누적   5393행 | 17컬럼
2026-05-11 00:15:40,942 [INFO]    subway                    | 신규    38행 | 누적     38행 | 13컬럼
2026-05-11 00:15:40,942 [INFO]    subway_sub_stts           | 신규   183행 | 누적    186행 | 13컬럼
2026-05-11 00:15:40,942 [INFO]    weather                   | 신규   119행 | 누적    120행 | 30컬럼
2026-05-11 00:15:40,942 [INFO] 키별 사용량:
2026-05-11 00:15:40,942 [INFO]    🟢 KEY_1 (61/1000) 
2026-05-11 00:15:40,942 [INFO]    🟢 KEY_2 (60/1000) 
