2026-07-17 01:27:16,832 [INFO] 등록된 키: 4개, 합산 한도 4,000건/일
2026-07-17 01:27:16,832 [INFO] POI 로드: 매뉴얼 v8.5 기준 fallback 121개 (121개 전체)
2026-07-17 01:27:16,832 [INFO] === 수집 시작 2026-07-17T01:27:16.832821+09:00 ===
2026-07-17 01:27:16,832 [INFO] 대상 장소: 121개 | API: citydata (통합)
2026-07-17 01:27:16,832 [INFO] 키 풀: 4/4 활성 | 오늘 사용 0/4000건
2026-07-17 01:27:16,833 [INFO]   [KEY_1] 담당 31장소
2026-07-17 01:27:16,833 [INFO]   [KEY_2] 담당 30장소
2026-07-17 01:27:16,833 [INFO]   [KEY_3] 담당 30장소
2026-07-17 01:27:16,833 [INFO]   [KEY_4] 담당 30장소
2026-07-17 01:27:16,833 [INFO] [1/121] 경복궁 (primary=KEY_1)
2026-07-17 01:27:18,559 [INFO] [2/121] 광화문·덕수궁 (primary=KEY_2)
2026-07-17 01:27:20,806 [INFO] [3/121] 보신각 (primary=KEY_3)
2026-07-17 01:27:22,523 [INFO] [4/121] 서울 암사동 유적 (primary=KEY_4)
2026-07-17 01:27:24,351 [INFO] [5/121] 창덕궁·종묘 (primary=KEY_1)
2026-07-17 01:27:26,050 [INFO] [6/121] 강남 MICE 관광특구 (primary=KEY_2)
2026-07-17 01:27:27,198 [INFO] [7/121] 동대문 관광특구 (primary=KEY_3)
2026-07-17 01:27:29,360 [INFO] [8/121] 명동 관광특구 (primary=KEY_4)
2026-07-17 01:27:30,862 [INFO] [9/121] 이태원 관광특구 (primary=KEY_1)
2026-07-17 01:27:32,025 [INFO] [10/121] 잠실 관광특구 (primary=KEY_2)
2026-07-17 01:27:34,031 [INFO] [11/121] 종로·청계 관광특구 (primary=KEY_3)
2026-07-17 01:27:35,529 [INFO] [12/121] 홍대 관광특구 (primary=KEY_4)
2026-07-17 01:27:37,407 [INFO] [13/121] 강서한강공원 (primary=KEY_1)
2026-07-17 01:27:38,396 [INFO] [14/121] 고척돔 (primary=KEY_2)
2026-07-17 01:27:39,387 [INFO] [15/121] 광나루한강공원 (primary=KEY_3)
2026-07-17 01:27:40,514 [INFO] [16/121] 광화문광장 (primary=KEY_4)
2026-07-17 01:27:41,661 [INFO] [17/121] 국립중앙박물관·용산가족공원 (primary=KEY_1)
2026-07-17 01:27:42,685 [INFO] [18/121] 난지한강공원 (primary=KEY_2)
2026-07-17 01:27:44,362 [INFO] [19/121] 남산공원 (primary=KEY_3)
2026-07-17 01:27:45,668 [INFO] [20/121] 노들섬 (primary=KEY_4)
2026-07-17 01:27:46,642 [INFO] [21/121] 뚝섬한강공원 (primary=KEY_1)
2026-07-17 01:27:47,627 [INFO] [22/121] 망원한강공원 (primary=KEY_2)
2026-07-17 01:27:48,755 [INFO] [23/121] 반포한강공원 (primary=KEY_3)
2026-07-17 01:27:49,728 [INFO] [24/121] 보라매공원 (primary=KEY_4)
2026-07-17 01:27:50,719 [INFO] [25/121] 북서울꿈의숲 (primary=KEY_1)
2026-07-17 01:27:51,829 [INFO] [26/121] 서대문독립공원 (primary=KEY_2)
2026-07-17 01:27:52,839 [INFO] [27/121] 서리풀공원·몽마르뜨공원 (primary=KEY_3)
2026-07-17 01:27:53,870 [INFO] [28/121] 서울대공원 (primary=KEY_4)
2026-07-17 01:27:54,849 [INFO] [29/121] 서울숲공원 (primary=KEY_1)
2026-07-17 01:27:55,973 [INFO] [30/121] 송현녹지광장 (primary=KEY_2)
2026-07-17 01:27:57,097 [INFO] [31/121] 아차산 (primary=KEY_3)
2026-07-17 01:27:58,075 [INFO] [32/121] 안양천 (primary=KEY_4)
2026-07-17 01:27:59,054 [INFO] [33/121] 양화한강공원 (primary=KEY_1)
2026-07-17 01:28:00,039 [INFO] [34/121] 어린이대공원 (primary=KEY_2)
2026-07-17 01:28:01,179 [INFO] [35/121] 여의도한강공원 (primary=KEY_3)
2026-07-17 01:28:02,288 [INFO] [36/121] 여의서로 (primary=KEY_4)
2026-07-17 01:28:03,413 [INFO] [37/121] 올림픽공원 (primary=KEY_1)
2026-07-17 01:28:04,571 [INFO] [38/121] 월드컵공원 (primary=KEY_2)
2026-07-17 01:28:05,850 [INFO] [39/121] 응봉산 (primary=KEY_3)
2026-07-17 01:28:06,976 [INFO] [40/121] 이촌한강공원 (primary=KEY_4)
2026-07-17 01:28:07,986 [INFO] [41/121] 잠실종합운동장 (primary=KEY_1)
2026-07-17 01:28:08,991 [INFO] [42/121] 잠실한강공원 (primary=KEY_2)
2026-07-17 01:28:09,986 [INFO] [43/121] 잠원한강공원 (primary=KEY_3)
2026-07-17 01:28:10,981 [INFO] [44/121] 청계산 (primary=KEY_4)
2026-07-17 01:28:12,014 [INFO] [45/121] 홍제폭포 (primary=KEY_1)
2026-07-17 01:28:13,014 [INFO] [46/121] 가락시장 (primary=KEY_2)
2026-07-17 01:28:14,186 [INFO] [47/121] 가로수길 (primary=KEY_3)
2026-07-17 01:28:15,433 [INFO] [48/121] 광장(전통)시장 (primary=KEY_4)
2026-07-17 01:28:16,447 [INFO] [49/121] 김포공항 (primary=KEY_1)
2026-07-17 01:28:17,766 [INFO] [50/121] 남대문시장 (primary=KEY_2)
2026-07-17 01:28:18,919 [INFO] [51/121] 노량진 (primary=KEY_3)
2026-07-17 01:28:20,096 [INFO] [52/121] 덕수궁길·정동길 (primary=KEY_4)
2026-07-17 01:28:21,257 [INFO] [53/121] 북창동 먹자골목 (primary=KEY_1)
2026-07-17 01:28:22,431 [INFO] [54/121] 북촌한옥마을 (primary=KEY_2)
2026-07-17 01:28:23,708 [INFO] [55/121] 서촌 (primary=KEY_3)
2026-07-17 01:28:24,846 [INFO] [56/121] 성수카페거리 (primary=KEY_4)
2026-07-17 01:28:26,114 [INFO] [57/121] 송리단길·호수단길 (primary=KEY_1)
2026-07-17 01:28:27,256 [INFO] [58/121] 신촌 스타광장 (primary=KEY_2)
2026-07-17 01:28:28,255 [INFO] [59/121] 압구정로데오거리 (primary=KEY_3)
2026-07-17 01:28:29,986 [INFO] [60/121] 여의도 (primary=KEY_4)
2026-07-17 01:28:31,755 [INFO] [61/121] 연남동 (primary=KEY_1)
2026-07-17 01:28:32,890 [INFO] [62/121] 영등포 타임스퀘어 (primary=KEY_2)
2026-07-17 01:28:34,037 [INFO] [63/121] 용리단길 (primary=KEY_3)
2026-07-17 01:28:35,078 [INFO] [64/121] 이태원 앤틱가구거리 (primary=KEY_4)
2026-07-17 01:28:36,103 [INFO] [65/121] 익선동 (primary=KEY_1)
2026-07-17 01:28:37,281 [INFO] [66/121] 인사동 (primary=KEY_2)
2026-07-17 01:28:38,593 [INFO] [67/121] 잠실롯데타워·석촌호수 (primary=KEY_3)
2026-07-17 01:28:40,075 [INFO] [68/121] 창동 신경제 중심지 (primary=KEY_4)
2026-07-17 01:28:41,524 [INFO] [69/121] 청담동 명품거리 (primary=KEY_1)
2026-07-17 01:28:42,679 [INFO] [70/121] 청량리 제기동 일대 전통시장 (primary=KEY_2)
2026-07-17 01:28:43,842 [INFO] [71/121] 해방촌·경리단길 (primary=KEY_3)
2026-07-17 01:28:44,836 [INFO] [72/121] DDP(동대문디자인플라자) (primary=KEY_4)
2026-07-17 01:28:46,021 [INFO] [73/121] DMC(디지털미디어시티) (primary=KEY_1)
2026-07-17 01:28:47,482 [INFO] [74/121] 가산디지털단지역 (primary=KEY_2)
2026-07-17 01:28:49,035 [INFO] [75/121] 강남역 (primary=KEY_3)
2026-07-17 01:28:50,362 [INFO] [76/121] 건대입구역 (primary=KEY_4)
2026-07-17 01:28:51,533 [INFO] [77/121] 고덕역 (primary=KEY_1)
2026-07-17 01:28:52,689 [INFO] [78/121] 고속터미널역 (primary=KEY_2)
2026-07-17 01:28:53,864 [INFO] [79/121] 교대역 (primary=KEY_3)
2026-07-17 01:28:54,878 [INFO] [80/121] 구로디지털단지역 (primary=KEY_4)
2026-07-17 01:28:56,286 [INFO] [81/121] 구로역 (primary=KEY_1)
2026-07-17 01:28:57,424 [INFO] [82/121] 군자역 (primary=KEY_2)
2026-07-17 01:28:58,447 [INFO] [83/121] 대림역 (primary=KEY_3)
2026-07-17 01:28:59,620 [INFO] [84/121] 동대문역 (primary=KEY_4)
2026-07-17 01:29:00,782 [INFO] [85/121] 뚝섬역 (primary=KEY_1)
2026-07-17 01:29:01,929 [INFO] [86/121] 미아사거리역 (primary=KEY_2)
2026-07-17 01:29:03,086 [INFO] [87/121] 발산역 (primary=KEY_3)
2026-07-17 01:29:04,398 [INFO] [88/121] 사당역 (primary=KEY_4)
2026-07-17 01:29:05,577 [INFO] [89/121] 삼각지역 (primary=KEY_1)
2026-07-17 01:29:06,610 [INFO] [90/121] 서울대입구역 (primary=KEY_2)
2026-07-17 01:29:07,765 [INFO] [91/121] 서울식물원·마곡나루역 (primary=KEY_3)
2026-07-17 01:29:09,075 [INFO] [92/121] 서울역 (primary=KEY_4)
2026-07-17 01:29:10,282 [INFO] [93/121] 선릉역 (primary=KEY_1)
2026-07-17 01:29:11,742 [INFO] [94/121] 성신여대입구역 (primary=KEY_2)
2026-07-17 01:29:12,762 [INFO] [95/121] 수유역 (primary=KEY_3)
2026-07-17 01:29:13,912 [INFO] [96/121] 숭례문 (primary=KEY_4)
2026-07-17 01:29:15,238 [INFO] [97/121] 시의회 앞 (primary=KEY_1)
2026-07-17 01:29:16,411 [INFO] [98/121] 신논현역·논현역 (primary=KEY_2)
2026-07-17 01:29:17,581 [INFO] [99/121] 신도림역 (primary=KEY_3)
2026-07-17 01:29:18,582 [INFO] [100/121] 신림역 (primary=KEY_4)
2026-07-17 01:29:19,601 [INFO] [101/121] 신정네거리역 (primary=KEY_1)
2026-07-17 01:29:20,772 [INFO] [102/121] 신촌·이대역 (primary=KEY_2)
2026-07-17 01:29:21,935 [INFO] [103/121] 쌍문역 (primary=KEY_3)
2026-07-17 01:29:23,080 [INFO] [104/121] 양재역 (primary=KEY_4)
2026-07-17 01:29:24,244 [INFO] [105/121] 역삼역 (primary=KEY_1)
2026-07-17 01:29:25,553 [INFO] [106/121] 연신내역 (primary=KEY_2)
2026-07-17 01:29:26,578 [INFO] [107/121] 오목교역·목동운동장 (primary=KEY_3)
2026-07-17 01:29:28,169 [INFO] [108/121] 왕십리역 (primary=KEY_4)
2026-07-17 01:29:29,355 [INFO] [109/121] 용산역 (primary=KEY_1)
2026-07-17 01:29:30,661 [INFO] [110/121] 이태원역 (primary=KEY_2)
2026-07-17 01:29:31,668 [INFO] [111/121] 잠실새내역 (primary=KEY_3)
2026-07-17 01:29:32,828 [INFO] [112/121] 잠실역 (primary=KEY_4)
2026-07-17 01:29:34,186 [INFO] [113/121] 장지역 (primary=KEY_1)
2026-07-17 01:29:35,495 [INFO] [114/121] 장한평역 (primary=KEY_2)
2026-07-17 01:29:36,677 [INFO] [115/121] 천호역 (primary=KEY_3)
2026-07-17 01:29:37,869 [INFO] [116/121] 총신대입구(이수)역 (primary=KEY_4)
2026-07-17 01:29:39,047 [INFO] [117/121] 충정로역 (primary=KEY_1)
2026-07-17 01:29:40,219 [INFO] [118/121] 합정역 (primary=KEY_2)
2026-07-17 01:29:41,404 [INFO] [119/121] 혜화역 (primary=KEY_3)
2026-07-17 01:29:42,546 [INFO] [120/121] 홍대입구역(2호선) (primary=KEY_4)
2026-07-17 01:29:43,710 [INFO] [121/121] 회기역 (primary=KEY_1)
2026-07-17 01:29:45,150 [INFO] === 수집 완료 | 성공 121, 실패 0 ===
2026-07-17 01:29:45,150 [INFO] 카테고리별 저장 결과:
2026-07-17 01:29:45,150 [INFO]    accident                  | 신규     4행 | 누적      4행 | 16컬럼
2026-07-17 01:29:45,150 [INFO]    accident_acdnt_cntrl_stts | 신규     6행 | 누적      6행 | 16컬럼
2026-07-17 01:29:45,150 [INFO]    area_meta                 | 신규   121행 | 누적    121행 | 5컬럼
2026-07-17 01:29:45,150 [INFO]    bike                      | 신규    12행 | 누적     12행 | 12컬럼
2026-07-17 01:29:45,150 [INFO]    bike_sbike_stts           | 신규   570행 | 누적    570행 | 12컬럼
2026-07-17 01:29:45,150 [INFO]    bus                       | 신규     3행 | 누적      3행 | 11컬럼
2026-07-17 01:29:45,150 [INFO]    bus_bus_stn_stts          | 신규  1745행 | 누적   1745행 | 11컬럼
2026-07-17 01:29:45,151 [INFO]    charger                   | 신규     4행 | 누적      4행 | 15컬럼
2026-07-17 01:29:45,151 [INFO]    charger_charger_stts      | 신규  1918행 | 누적   1918행 | 15컬럼
2026-07-17 01:29:45,151 [INFO]    cmrcl                     | 신규    82행 | 누적     82행 | 20컬럼
2026-07-17 01:29:45,151 [INFO]    events                    | 신규     8행 | 누적      8행 | 14컬럼
2026-07-17 01:29:45,151 [INFO]    events_event_stts         | 신규   128행 | 누적    128행 | 14컬럼
2026-07-17 01:29:45,151 [INFO]    parking                   | 신규     6행 | 누적      6행 | 21컬럼
2026-07-17 01:29:45,151 [INFO]    parking_prk_stts          | 신규  1834행 | 누적   1834행 | 21컬럼
2026-07-17 01:29:45,151 [INFO]    ppltn                     | 신규   121행 | 누적    121행 | 26컬럼
2026-07-17 01:29:45,151 [INFO]    road                      | 신규   121행 | 누적    121행 | 21컬럼
2026-07-17 01:29:45,151 [INFO]    road_road_traffic_stts    | 신규  5266행 | 누적   5266행 | 17컬럼
2026-07-17 01:29:45,151 [INFO]    subway                    | 신규    38행 | 누적     38행 | 13컬럼
2026-07-17 01:29:45,151 [INFO]    subway_sub_stts           | 신규   183행 | 누적    183행 | 13컬럼
2026-07-17 01:29:45,151 [INFO]    weather                   | 신규   119행 | 누적    119행 | 29컬럼
2026-07-17 01:29:45,151 [INFO] 키별 사용량:
2026-07-17 01:29:45,151 [INFO]    🟢 KEY_1 (31/1000) 
2026-07-17 01:29:45,151 [INFO]    🟢 KEY_2 (30/1000) 
2026-07-17 01:29:45,151 [INFO]    🟢 KEY_3 (30/1000) 
2026-07-17 01:29:45,151 [INFO]    🟢 KEY_4 (30/1000) 
2026-07-17 03:15:48,852 [INFO] 등록된 키: 4개, 합산 한도 4,000건/일
2026-07-17 03:15:48,852 [INFO] POI 로드: 매뉴얼 v8.5 기준 fallback 121개 (121개 전체)
2026-07-17 03:15:48,852 [INFO] === 수집 시작 2026-07-17T03:15:48.852953+09:00 ===
2026-07-17 03:15:48,853 [INFO] 대상 장소: 121개 | API: citydata (통합)
2026-07-17 03:15:48,853 [INFO] 키 풀: 4/4 활성 | 오늘 사용 0/4000건
2026-07-17 03:15:48,853 [INFO]   [KEY_1] 담당 31장소
2026-07-17 03:15:48,853 [INFO]   [KEY_2] 담당 30장소
2026-07-17 03:15:48,853 [INFO]   [KEY_3] 담당 30장소
2026-07-17 03:15:48,853 [INFO]   [KEY_4] 담당 30장소
2026-07-17 03:15:48,853 [INFO] [1/121] 경복궁 (primary=KEY_1)
2026-07-17 03:15:51,138 [INFO] [2/121] 광화문·덕수궁 (primary=KEY_2)
2026-07-17 03:15:53,677 [INFO] [3/121] 보신각 (primary=KEY_3)
2026-07-17 03:15:55,795 [INFO] [4/121] 서울 암사동 유적 (primary=KEY_4)
2026-07-17 03:15:57,741 [INFO] [5/121] 창덕궁·종묘 (primary=KEY_1)
2026-07-17 03:15:59,644 [INFO] [6/121] 강남 MICE 관광특구 (primary=KEY_2)
2026-07-17 03:16:01,960 [INFO] [7/121] 동대문 관광특구 (primary=KEY_3)
2026-07-17 03:16:04,701 [INFO] [8/121] 명동 관광특구 (primary=KEY_4)
2026-07-17 03:16:07,648 [INFO] [9/121] 이태원 관광특구 (primary=KEY_1)
2026-07-17 03:16:09,018 [INFO] [10/121] 잠실 관광특구 (primary=KEY_2)
2026-07-17 03:16:10,802 [INFO] [11/121] 종로·청계 관광특구 (primary=KEY_3)
2026-07-17 03:16:12,376 [INFO] [12/121] 홍대 관광특구 (primary=KEY_4)
2026-07-17 03:16:14,627 [INFO] [13/121] 강서한강공원 (primary=KEY_1)
2026-07-17 03:16:16,530 [INFO] [14/121] 고척돔 (primary=KEY_2)
2026-07-17 03:16:18,437 [INFO] [15/121] 광나루한강공원 (primary=KEY_3)
2026-07-17 03:16:19,762 [INFO] [16/121] 광화문광장 (primary=KEY_4)
2026-07-17 03:16:21,877 [INFO] [17/121] 국립중앙박물관·용산가족공원 (primary=KEY_1)
2026-07-17 03:16:23,218 [INFO] [18/121] 난지한강공원 (primary=KEY_2)
2026-07-17 03:16:24,355 [INFO] [19/121] 남산공원 (primary=KEY_3)
2026-07-17 03:16:26,715 [INFO] [20/121] 노들섬 (primary=KEY_4)
2026-07-17 03:16:27,856 [INFO] [21/121] 뚝섬한강공원 (primary=KEY_1)
2026-07-17 03:16:29,001 [INFO] [22/121] 망원한강공원 (primary=KEY_2)
2026-07-17 03:16:31,298 [INFO] [23/121] 반포한강공원 (primary=KEY_3)
2026-07-17 03:16:33,218 [INFO] [24/121] 보라매공원 (primary=KEY_4)
2026-07-17 03:16:35,137 [INFO] [25/121] 북서울꿈의숲 (primary=KEY_1)
2026-07-17 03:16:37,440 [INFO] [26/121] 서대문독립공원 (primary=KEY_2)
2026-07-17 03:16:39,401 [INFO] [27/121] 서리풀공원·몽마르뜨공원 (primary=KEY_3)
2026-07-17 03:16:40,591 [INFO] [28/121] 서울대공원 (primary=KEY_4)
2026-07-17 03:16:41,734 [INFO] [29/121] 서울숲공원 (primary=KEY_1)
2026-07-17 03:16:43,858 [INFO] [30/121] 송현녹지광장 (primary=KEY_2)
2026-07-17 03:16:45,201 [INFO] [31/121] 아차산 (primary=KEY_3)
2026-07-17 03:16:46,346 [INFO] [32/121] 안양천 (primary=KEY_4)
2026-07-17 03:16:48,149 [INFO] [33/121] 양화한강공원 (primary=KEY_1)
2026-07-17 03:16:49,300 [INFO] [34/121] 어린이대공원 (primary=KEY_2)
2026-07-17 03:16:50,660 [INFO] [35/121] 여의도한강공원 (primary=KEY_3)
2026-07-17 03:16:52,014 [INFO] [36/121] 여의서로 (primary=KEY_4)
2026-07-17 03:16:53,346 [INFO] [37/121] 올림픽공원 (primary=KEY_1)
2026-07-17 03:16:54,745 [INFO] [38/121] 월드컵공원 (primary=KEY_2)
2026-07-17 03:16:56,324 [INFO] [39/121] 응봉산 (primary=KEY_3)
2026-07-17 03:16:57,673 [INFO] [40/121] 이촌한강공원 (primary=KEY_4)
2026-07-17 03:16:58,816 [INFO] [41/121] 잠실종합운동장 (primary=KEY_1)
2026-07-17 03:16:59,975 [INFO] [42/121] 잠실한강공원 (primary=KEY_2)
2026-07-17 03:17:01,126 [INFO] [43/121] 잠원한강공원 (primary=KEY_3)
2026-07-17 03:17:02,273 [INFO] [44/121] 청계산 (primary=KEY_4)
2026-07-17 03:17:03,429 [INFO] [45/121] 홍제폭포 (primary=KEY_1)
2026-07-17 03:17:04,577 [INFO] [46/121] 가락시장 (primary=KEY_2)
2026-07-17 03:17:05,953 [INFO] [47/121] 가로수길 (primary=KEY_3)
2026-07-17 03:17:07,330 [INFO] [48/121] 광장(전통)시장 (primary=KEY_4)
2026-07-17 03:17:08,487 [INFO] [49/121] 김포공항 (primary=KEY_1)
2026-07-17 03:17:10,052 [INFO] [50/121] 남대문시장 (primary=KEY_2)
2026-07-17 03:17:11,414 [INFO] [51/121] 노량진 (primary=KEY_3)
2026-07-17 03:17:12,789 [INFO] [52/121] 덕수궁길·정동길 (primary=KEY_4)
2026-07-17 03:17:14,160 [INFO] [53/121] 북창동 먹자골목 (primary=KEY_1)
2026-07-17 03:17:15,559 [INFO] [54/121] 북촌한옥마을 (primary=KEY_2)
2026-07-17 03:17:17,110 [INFO] [55/121] 서촌 (primary=KEY_3)
2026-07-17 03:17:18,457 [INFO] [56/121] 성수카페거리 (primary=KEY_4)
2026-07-17 03:17:20,016 [INFO] [57/121] 송리단길·호수단길 (primary=KEY_1)
2026-07-17 03:17:21,418 [INFO] [58/121] 신촌 스타광장 (primary=KEY_2)
2026-07-17 03:17:22,589 [INFO] [59/121] 압구정로데오거리 (primary=KEY_3)
2026-07-17 03:17:23,958 [INFO] [60/121] 여의도 (primary=KEY_4)
2026-07-17 03:17:26,208 [INFO] [61/121] 연남동 (primary=KEY_1)
2026-07-17 03:17:27,562 [INFO] [62/121] 영등포 타임스퀘어 (primary=KEY_2)
2026-07-17 03:17:28,920 [INFO] [63/121] 용리단길 (primary=KEY_3)
2026-07-17 03:17:30,130 [INFO] [64/121] 이태원 앤틱가구거리 (primary=KEY_4)
2026-07-17 03:17:31,319 [INFO] [65/121] 익선동 (primary=KEY_1)
2026-07-17 03:17:32,681 [INFO] [66/121] 인사동 (primary=KEY_2)
2026-07-17 03:17:34,259 [INFO] [67/121] 잠실롯데타워·석촌호수 (primary=KEY_3)
2026-07-17 03:17:36,016 [INFO] [68/121] 창동 신경제 중심지 (primary=KEY_4)
2026-07-17 03:17:37,763 [INFO] [69/121] 청담동 명품거리 (primary=KEY_1)
2026-07-17 03:17:39,112 [INFO] [70/121] 청량리 제기동 일대 전통시장 (primary=KEY_2)
2026-07-17 03:17:40,477 [INFO] [71/121] 해방촌·경리단길 (primary=KEY_3)
2026-07-17 03:17:41,624 [INFO] [72/121] DDP(동대문디자인플라자) (primary=KEY_4)
2026-07-17 03:17:43,025 [INFO] [73/121] DMC(디지털미디어시티) (primary=KEY_1)
2026-07-17 03:17:44,786 [INFO] [74/121] 가산디지털단지역 (primary=KEY_2)
2026-07-17 03:17:46,727 [INFO] [75/121] 강남역 (primary=KEY_3)
2026-07-17 03:17:48,292 [INFO] [76/121] 건대입구역 (primary=KEY_4)
2026-07-17 03:17:49,645 [INFO] [77/121] 고덕역 (primary=KEY_1)
2026-07-17 03:17:50,982 [INFO] [78/121] 고속터미널역 (primary=KEY_2)
2026-07-17 03:17:52,333 [INFO] [79/121] 교대역 (primary=KEY_3)
2026-07-17 03:17:53,495 [INFO] [80/121] 구로디지털단지역 (primary=KEY_4)
2026-07-17 03:17:55,231 [INFO] [81/121] 구로역 (primary=KEY_1)
2026-07-17 03:17:56,558 [INFO] [82/121] 군자역 (primary=KEY_2)
2026-07-17 03:17:57,749 [INFO] [83/121] 대림역 (primary=KEY_3)
2026-07-17 03:17:59,111 [INFO] [84/121] 동대문역 (primary=KEY_4)
2026-07-17 03:18:00,468 [INFO] [85/121] 뚝섬역 (primary=KEY_1)
2026-07-17 03:18:01,821 [INFO] [86/121] 미아사거리역 (primary=KEY_2)
2026-07-17 03:18:03,163 [INFO] [87/121] 발산역 (primary=KEY_3)
2026-07-17 03:18:04,715 [INFO] [88/121] 사당역 (primary=KEY_4)
2026-07-17 03:18:06,069 [INFO] [89/121] 삼각지역 (primary=KEY_1)
2026-07-17 03:18:07,234 [INFO] [90/121] 서울대입구역 (primary=KEY_2)
2026-07-17 03:18:08,585 [INFO] [91/121] 서울식물원·마곡나루역 (primary=KEY_3)
2026-07-17 03:18:10,126 [INFO] [92/121] 서울역 (primary=KEY_4)
2026-07-17 03:18:12,488 [INFO] [93/121] 선릉역 (primary=KEY_1)
2026-07-17 03:18:14,252 [INFO] [94/121] 성신여대입구역 (primary=KEY_2)
2026-07-17 03:18:15,424 [INFO] [95/121] 수유역 (primary=KEY_3)
2026-07-17 03:18:16,783 [INFO] [96/121] 숭례문 (primary=KEY_4)
2026-07-17 03:18:18,355 [INFO] [97/121] 시의회 앞 (primary=KEY_1)
2026-07-17 03:18:19,709 [INFO] [98/121] 신논현역·논현역 (primary=KEY_2)
2026-07-17 03:18:21,094 [INFO] [99/121] 신도림역 (primary=KEY_3)
2026-07-17 03:18:22,262 [INFO] [100/121] 신림역 (primary=KEY_4)
2026-07-17 03:18:24,203 [INFO] [101/121] 신정네거리역 (primary=KEY_1)
2026-07-17 03:18:25,554 [INFO] [102/121] 신촌·이대역 (primary=KEY_2)
2026-07-17 03:18:26,911 [INFO] [103/121] 쌍문역 (primary=KEY_3)
2026-07-17 03:18:28,265 [INFO] [104/121] 양재역 (primary=KEY_4)
2026-07-17 03:18:29,628 [INFO] [105/121] 역삼역 (primary=KEY_1)
2026-07-17 03:18:31,180 [INFO] [106/121] 연신내역 (primary=KEY_2)
2026-07-17 03:18:32,358 [INFO] [107/121] 오목교역·목동운동장 (primary=KEY_3)
2026-07-17 03:18:34,318 [INFO] [108/121] 왕십리역 (primary=KEY_4)
2026-07-17 03:18:35,685 [INFO] [109/121] 용산역 (primary=KEY_1)
2026-07-17 03:18:37,231 [INFO] [110/121] 이태원역 (primary=KEY_2)
2026-07-17 03:18:38,403 [INFO] [111/121] 잠실새내역 (primary=KEY_3)
2026-07-17 03:18:40,519 [INFO] [112/121] 잠실역 (primary=KEY_4)
2026-07-17 03:18:42,072 [INFO] [113/121] 장지역 (primary=KEY_1)
2026-07-17 03:18:43,696 [INFO] [114/121] 장한평역 (primary=KEY_2)
2026-07-17 03:18:45,063 [INFO] [115/121] 천호역 (primary=KEY_3)
2026-07-17 03:18:46,428 [INFO] [116/121] 총신대입구(이수)역 (primary=KEY_4)
2026-07-17 03:18:47,780 [INFO] [117/121] 충정로역 (primary=KEY_1)
2026-07-17 03:18:49,142 [INFO] [118/121] 합정역 (primary=KEY_2)
2026-07-17 03:18:50,508 [INFO] [119/121] 혜화역 (primary=KEY_3)
2026-07-17 03:18:51,873 [INFO] [120/121] 홍대입구역(2호선) (primary=KEY_4)
2026-07-17 03:18:53,242 [INFO] [121/121] 회기역 (primary=KEY_1)
2026-07-17 03:18:55,259 [INFO] === 수집 완료 | 성공 121, 실패 0 ===
2026-07-17 03:18:55,259 [INFO] 카테고리별 저장 결과:
2026-07-17 03:18:55,259 [INFO]    area_meta                 | 신규   121행 | 누적    242행 | 5컬럼
2026-07-17 03:18:55,259 [INFO]    bike                      | 신규    12행 | 누적     24행 | 12컬럼
2026-07-17 03:18:55,259 [INFO]    bike_sbike_stts           | 신규   570행 | 누적   1140행 | 12컬럼
2026-07-17 03:18:55,259 [INFO]    bus                       | 신규     3행 | 누적      6행 | 11컬럼
2026-07-17 03:18:55,259 [INFO]    bus_bus_stn_stts          | 신규  1745행 | 누적   3490행 | 11컬럼
2026-07-17 03:18:55,259 [INFO]    charger                   | 신규     4행 | 누적      8행 | 15컬럼
2026-07-17 03:18:55,259 [INFO]    charger_charger_stts      | 신규  1918행 | 누적   3810행 | 15컬럼
2026-07-17 03:18:55,259 [INFO]    cmrcl                     | 신규    82행 | 누적    164행 | 20컬럼
2026-07-17 03:18:55,259 [INFO]    events                    | 신규     8행 | 누적     16행 | 14컬럼
2026-07-17 03:18:55,259 [INFO]    events_event_stts         | 신규   128행 | 누적    256행 | 14컬럼
2026-07-17 03:18:55,259 [INFO]    parking                   | 신규     6행 | 누적     12행 | 21컬럼
2026-07-17 03:18:55,259 [INFO]    parking_prk_stts          | 신규  1834행 | 누적   3668행 | 21컬럼
2026-07-17 03:18:55,259 [INFO]    ppltn                     | 신규   121행 | 누적    242행 | 26컬럼
2026-07-17 03:18:55,260 [INFO]    road                      | 신규   121행 | 누적    242행 | 21컬럼
2026-07-17 03:18:55,260 [INFO]    road_road_traffic_stts    | 신규  5266행 | 누적  10532행 | 17컬럼
2026-07-17 03:18:55,260 [INFO]    subway                    | 신규    38행 | 누적     76행 | 13컬럼
2026-07-17 03:18:55,260 [INFO]    subway_sub_stts           | 신규   183행 | 누적    366행 | 13컬럼
2026-07-17 03:18:55,260 [INFO]    weather                   | 신규   119행 | 누적    238행 | 29컬럼
2026-07-17 03:18:55,260 [INFO] 키별 사용량:
2026-07-17 03:18:55,260 [INFO]    🟢 KEY_1 (31/1000) 
2026-07-17 03:18:55,260 [INFO]    🟢 KEY_2 (30/1000) 
2026-07-17 03:18:55,260 [INFO]    🟢 KEY_3 (30/1000) 
2026-07-17 03:18:55,260 [INFO]    🟢 KEY_4 (30/1000) 
2026-07-17 05:09:31,950 [INFO] 등록된 키: 4개, 합산 한도 4,000건/일
2026-07-17 05:09:31,951 [INFO] POI 로드: 매뉴얼 v8.5 기준 fallback 121개 (121개 전체)
2026-07-17 05:09:31,951 [INFO] === 수집 시작 2026-07-17T05:09:31.951373+09:00 ===
2026-07-17 05:09:31,951 [INFO] 대상 장소: 121개 | API: citydata (통합)
2026-07-17 05:09:31,951 [INFO] 키 풀: 4/4 활성 | 오늘 사용 0/4000건
2026-07-17 05:09:31,951 [INFO]   [KEY_1] 담당 31장소
2026-07-17 05:09:31,951 [INFO]   [KEY_2] 담당 30장소
2026-07-17 05:09:31,951 [INFO]   [KEY_3] 담당 30장소
2026-07-17 05:09:31,951 [INFO]   [KEY_4] 담당 30장소
2026-07-17 05:09:31,951 [INFO] [1/121] 경복궁 (primary=KEY_1)
2026-07-17 05:09:34,069 [INFO] [2/121] 광화문·덕수궁 (primary=KEY_2)
2026-07-17 05:09:37,327 [INFO] [3/121] 보신각 (primary=KEY_3)
2026-07-17 05:09:39,335 [INFO] [4/121] 서울 암사동 유적 (primary=KEY_4)
2026-07-17 05:09:41,579 [INFO] [5/121] 창덕궁·종묘 (primary=KEY_1)
2026-07-17 05:09:43,650 [INFO] [6/121] 강남 MICE 관광특구 (primary=KEY_2)
2026-07-17 05:09:45,736 [INFO] [7/121] 동대문 관광특구 (primary=KEY_3)
2026-07-17 05:09:47,498 [INFO] [8/121] 명동 관광특구 (primary=KEY_4)
2026-07-17 05:09:50,076 [INFO] [9/121] 이태원 관광특구 (primary=KEY_1)
2026-07-17 05:09:51,419 [INFO] [10/121] 잠실 관광특구 (primary=KEY_2)
2026-07-17 05:09:53,912 [INFO] [11/121] 종로·청계 관광특구 (primary=KEY_3)
2026-07-17 05:09:56,609 [INFO] [12/121] 홍대 관광특구 (primary=KEY_4)
2026-07-17 05:09:58,949 [INFO] [13/121] 강서한강공원 (primary=KEY_1)
2026-07-17 05:10:01,021 [INFO] [14/121] 고척돔 (primary=KEY_2)
2026-07-17 05:10:03,089 [INFO] [15/121] 광나루한강공원 (primary=KEY_3)
2026-07-17 05:10:05,159 [INFO] [16/121] 광화문광장 (primary=KEY_4)
2026-07-17 05:10:07,254 [INFO] [17/121] 국립중앙박물관·용산가족공원 (primary=KEY_1)
2026-07-17 05:10:08,524 [INFO] [18/121] 난지한강공원 (primary=KEY_2)
2026-07-17 05:10:09,630 [INFO] [19/121] 남산공원 (primary=KEY_3)
2026-07-17 05:10:11,154 [INFO] [20/121] 노들섬 (primary=KEY_4)
2026-07-17 05:10:12,315 [INFO] [21/121] 뚝섬한강공원 (primary=KEY_1)
2026-07-17 05:10:14,396 [INFO] [22/121] 망원한강공원 (primary=KEY_2)
2026-07-17 05:10:16,829 [INFO] [23/121] 반포한강공원 (primary=KEY_3)
2026-07-17 05:10:17,932 [INFO] [24/121] 보라매공원 (primary=KEY_4)
2026-07-17 05:10:19,732 [INFO] [25/121] 북서울꿈의숲 (primary=KEY_1)
2026-07-17 05:10:21,059 [INFO] [26/121] 서대문독립공원 (primary=KEY_2)
2026-07-17 05:10:22,961 [INFO] [27/121] 서리풀공원·몽마르뜨공원 (primary=KEY_3)
2026-07-17 05:10:24,111 [INFO] [28/121] 서울대공원 (primary=KEY_4)
2026-07-17 05:10:25,212 [INFO] [29/121] 서울숲공원 (primary=KEY_1)
2026-07-17 05:10:26,544 [INFO] [30/121] 송현녹지광장 (primary=KEY_2)
2026-07-17 05:10:29,609 [INFO] [31/121] 아차산 (primary=KEY_3)
2026-07-17 05:10:31,306 [INFO] [32/121] 안양천 (primary=KEY_4)
2026-07-17 05:10:33,179 [INFO] [33/121] 양화한강공원 (primary=KEY_1)
2026-07-17 05:10:35,239 [INFO] [34/121] 어린이대공원 (primary=KEY_2)
2026-07-17 05:10:36,592 [INFO] [35/121] 여의도한강공원 (primary=KEY_3)
2026-07-17 05:10:38,846 [INFO] [36/121] 여의서로 (primary=KEY_4)
2026-07-17 05:10:41,268 [INFO] [37/121] 올림픽공원 (primary=KEY_1)
2026-07-17 05:10:42,630 [INFO] [38/121] 월드컵공원 (primary=KEY_2)
2026-07-17 05:10:44,195 [INFO] [39/121] 응봉산 (primary=KEY_3)
2026-07-17 05:10:46,616 [INFO] [40/121] 이촌한강공원 (primary=KEY_4)
2026-07-17 05:10:48,661 [INFO] [41/121] 잠실종합운동장 (primary=KEY_1)
2026-07-17 05:10:49,797 [INFO] [42/121] 잠실한강공원 (primary=KEY_2)
2026-07-17 05:10:50,938 [INFO] [43/121] 잠원한강공원 (primary=KEY_3)
2026-07-17 05:10:52,803 [INFO] [44/121] 청계산 (primary=KEY_4)
2026-07-17 05:10:55,042 [INFO] [45/121] 홍제폭포 (primary=KEY_1)
2026-07-17 05:10:56,158 [INFO] [46/121] 가락시장 (primary=KEY_2)
2026-07-17 05:10:57,514 [INFO] [47/121] 가로수길 (primary=KEY_3)
2026-07-17 05:10:58,866 [INFO] [48/121] 광장(전통)시장 (primary=KEY_4)
2026-07-17 05:11:00,571 [INFO] [49/121] 김포공항 (primary=KEY_1)
2026-07-17 05:11:02,074 [INFO] [50/121] 남대문시장 (primary=KEY_2)
2026-07-17 05:11:03,581 [INFO] [51/121] 노량진 (primary=KEY_3)
2026-07-17 05:11:04,911 [INFO] [52/121] 덕수궁길·정동길 (primary=KEY_4)
2026-07-17 05:11:06,263 [INFO] [53/121] 북창동 먹자골목 (primary=KEY_1)
2026-07-17 05:11:07,572 [INFO] [54/121] 북촌한옥마을 (primary=KEY_2)
2026-07-17 05:11:09,062 [INFO] [55/121] 서촌 (primary=KEY_3)
2026-07-17 05:11:10,554 [INFO] [56/121] 성수카페거리 (primary=KEY_4)
2026-07-17 05:11:12,079 [INFO] [57/121] 송리단길·호수단길 (primary=KEY_1)
2026-07-17 05:11:13,422 [INFO] [58/121] 신촌 스타광장 (primary=KEY_2)
2026-07-17 05:11:14,548 [INFO] [59/121] 압구정로데오거리 (primary=KEY_3)
2026-07-17 05:11:15,861 [INFO] [60/121] 여의도 (primary=KEY_4)
2026-07-17 05:11:17,990 [INFO] [61/121] 연남동 (primary=KEY_1)
2026-07-17 05:11:19,314 [INFO] [62/121] 영등포 타임스퀘어 (primary=KEY_2)
2026-07-17 05:11:20,642 [INFO] [63/121] 용리단길 (primary=KEY_3)
2026-07-17 05:11:21,782 [INFO] [64/121] 이태원 앤틱가구거리 (primary=KEY_4)
2026-07-17 05:11:22,920 [INFO] [65/121] 익선동 (primary=KEY_1)
2026-07-17 05:11:25,020 [INFO] [66/121] 인사동 (primary=KEY_2)
2026-07-17 05:11:26,551 [INFO] [67/121] 잠실롯데타워·석촌호수 (primary=KEY_3)
2026-07-17 05:11:28,326 [INFO] [68/121] 창동 신경제 중심지 (primary=KEY_4)
2026-07-17 05:11:30,043 [INFO] [69/121] 청담동 명품거리 (primary=KEY_1)
2026-07-17 05:11:31,361 [INFO] [70/121] 청량리 제기동 일대 전통시장 (primary=KEY_2)
2026-07-17 05:11:32,682 [INFO] [71/121] 해방촌·경리단길 (primary=KEY_3)
2026-07-17 05:11:34,605 [INFO] [72/121] DDP(동대문디자인플라자) (primary=KEY_4)
2026-07-17 05:11:35,967 [INFO] [73/121] DMC(디지털미디어시티) (primary=KEY_1)
2026-07-17 05:11:38,300 [INFO] [74/121] 가산디지털단지역 (primary=KEY_2)
2026-07-17 05:11:40,190 [INFO] [75/121] 강남역 (primary=KEY_3)
2026-07-17 05:11:41,745 [INFO] [76/121] 건대입구역 (primary=KEY_4)
2026-07-17 05:11:43,095 [INFO] [77/121] 고덕역 (primary=KEY_1)
2026-07-17 05:11:44,417 [INFO] [78/121] 고속터미널역 (primary=KEY_2)
2026-07-17 05:11:45,802 [INFO] [79/121] 교대역 (primary=KEY_3)
2026-07-17 05:11:48,067 [INFO] [80/121] 구로디지털단지역 (primary=KEY_4)
2026-07-17 05:11:49,791 [INFO] [81/121] 구로역 (primary=KEY_1)
2026-07-17 05:11:51,302 [INFO] [82/121] 군자역 (primary=KEY_2)
2026-07-17 05:11:52,615 [INFO] [83/121] 대림역 (primary=KEY_3)
2026-07-17 05:11:53,938 [INFO] [84/121] 동대문역 (primary=KEY_4)
2026-07-17 05:11:55,248 [INFO] [85/121] 뚝섬역 (primary=KEY_1)
2026-07-17 05:11:56,582 [INFO] [86/121] 미아사거리역 (primary=KEY_2)
2026-07-17 05:11:57,918 [INFO] [87/121] 발산역 (primary=KEY_3)
2026-07-17 05:11:59,592 [INFO] [88/121] 사당역 (primary=KEY_4)
2026-07-17 05:12:00,914 [INFO] [89/121] 삼각지역 (primary=KEY_1)
2026-07-17 05:12:02,044 [INFO] [90/121] 서울대입구역 (primary=KEY_2)
2026-07-17 05:12:03,364 [INFO] [91/121] 서울식물원·마곡나루역 (primary=KEY_3)
2026-07-17 05:12:04,938 [INFO] [92/121] 서울역 (primary=KEY_4)
2026-07-17 05:12:06,509 [INFO] [93/121] 선릉역 (primary=KEY_1)
2026-07-17 05:12:08,222 [INFO] [94/121] 성신여대입구역 (primary=KEY_2)
2026-07-17 05:12:09,360 [INFO] [95/121] 수유역 (primary=KEY_3)
2026-07-17 05:12:10,689 [INFO] [96/121] 숭례문 (primary=KEY_4)
2026-07-17 05:12:12,203 [INFO] [97/121] 시의회 앞 (primary=KEY_1)
2026-07-17 05:12:13,558 [INFO] [98/121] 신논현역·논현역 (primary=KEY_2)
2026-07-17 05:12:14,894 [INFO] [99/121] 신도림역 (primary=KEY_3)
2026-07-17 05:12:16,031 [INFO] [100/121] 신림역 (primary=KEY_4)
2026-07-17 05:12:17,176 [INFO] [101/121] 신정네거리역 (primary=KEY_1)
2026-07-17 05:12:18,483 [INFO] [102/121] 신촌·이대역 (primary=KEY_2)
2026-07-17 05:12:19,824 [INFO] [103/121] 쌍문역 (primary=KEY_3)
2026-07-17 05:12:21,165 [INFO] [104/121] 양재역 (primary=KEY_4)
2026-07-17 05:12:22,481 [INFO] [105/121] 역삼역 (primary=KEY_1)
2026-07-17 05:12:23,991 [INFO] [106/121] 연신내역 (primary=KEY_2)
2026-07-17 05:12:25,137 [INFO] [107/121] 오목교역·목동운동장 (primary=KEY_3)
2026-07-17 05:12:27,036 [INFO] [108/121] 왕십리역 (primary=KEY_4)
2026-07-17 05:12:28,601 [INFO] [109/121] 용산역 (primary=KEY_1)
2026-07-17 05:12:30,146 [INFO] [110/121] 이태원역 (primary=KEY_2)
2026-07-17 05:12:31,286 [INFO] [111/121] 잠실새내역 (primary=KEY_3)
2026-07-17 05:12:32,618 [INFO] [112/121] 잠실역 (primary=KEY_4)
2026-07-17 05:12:34,179 [INFO] [113/121] 장지역 (primary=KEY_1)
2026-07-17 05:12:35,751 [INFO] [114/121] 장한평역 (primary=KEY_2)
2026-07-17 05:12:37,111 [INFO] [115/121] 천호역 (primary=KEY_3)
2026-07-17 05:12:38,489 [INFO] [116/121] 총신대입구(이수)역 (primary=KEY_4)
2026-07-17 05:12:39,831 [INFO] [117/121] 충정로역 (primary=KEY_1)
2026-07-17 05:12:41,163 [INFO] [118/121] 합정역 (primary=KEY_2)
2026-07-17 05:12:42,508 [INFO] [119/121] 혜화역 (primary=KEY_3)
2026-07-17 05:12:43,836 [INFO] [120/121] 홍대입구역(2호선) (primary=KEY_4)
2026-07-17 05:12:45,203 [INFO] [121/121] 회기역 (primary=KEY_1)
2026-07-17 05:12:47,354 [INFO] === 수집 완료 | 성공 121, 실패 0 ===
2026-07-17 05:12:47,354 [INFO] 카테고리별 저장 결과:
2026-07-17 05:12:47,354 [INFO]    accident                  | 신규     4행 | 누적      8행 | 16컬럼
2026-07-17 05:12:47,354 [INFO]    accident_acdnt_cntrl_stts | 신규     6행 | 누적     12행 | 16컬럼
2026-07-17 05:12:47,354 [INFO]    area_meta                 | 신규   121행 | 누적    363행 | 5컬럼
2026-07-17 05:12:47,354 [INFO]    bike                      | 신규    12행 | 누적     36행 | 12컬럼
2026-07-17 05:12:47,354 [INFO]    bike_sbike_stts           | 신규   570행 | 누적   1710행 | 12컬럼
2026-07-17 05:12:47,354 [INFO]    bus                       | 신규     3행 | 누적      9행 | 11컬럼
2026-07-17 05:12:47,354 [INFO]    bus_bus_stn_stts          | 신규  1745행 | 누적   5235행 | 11컬럼
2026-07-17 05:12:47,354 [INFO]    charger                   | 신규     4행 | 누적     12행 | 15컬럼
2026-07-17 05:12:47,354 [INFO]    charger_charger_stts      | 신규  1918행 | 누적   5715행 | 15컬럼
2026-07-17 05:12:47,354 [INFO]    cmrcl                     | 신규    82행 | 누적    246행 | 20컬럼
2026-07-17 05:12:47,354 [INFO]    events                    | 신규     9행 | 누적     25행 | 14컬럼
2026-07-17 05:12:47,354 [INFO]    events_event_stts         | 신규   134행 | 누적    390행 | 14컬럼
2026-07-17 05:12:47,354 [INFO]    parking                   | 신규     6행 | 누적     18행 | 21컬럼
2026-07-17 05:12:47,354 [INFO]    parking_prk_stts          | 신규  1834행 | 누적   5502행 | 21컬럼
2026-07-17 05:12:47,354 [INFO]    ppltn                     | 신규   121행 | 누적    363행 | 26컬럼
2026-07-17 05:12:47,354 [INFO]    road                      | 신규   121행 | 누적    363행 | 21컬럼
2026-07-17 05:12:47,354 [INFO]    road_road_traffic_stts    | 신규  5266행 | 누적  15798행 | 17컬럼
2026-07-17 05:12:47,355 [INFO]    subway                    | 신규    38행 | 누적    114행 | 13컬럼
2026-07-17 05:12:47,355 [INFO]    subway_sub_stts           | 신규   183행 | 누적    549행 | 13컬럼
2026-07-17 05:12:47,355 [INFO]    weather                   | 신규   119행 | 누적    357행 | 29컬럼
2026-07-17 05:12:47,355 [INFO] 키별 사용량:
2026-07-17 05:12:47,355 [INFO]    🟢 KEY_1 (31/1000) 
2026-07-17 05:12:47,355 [INFO]    🟢 KEY_2 (30/1000) 
2026-07-17 05:12:47,355 [INFO]    🟢 KEY_3 (30/1000) 
2026-07-17 05:12:47,355 [INFO]    🟢 KEY_4 (30/1000) 
