2026-08-02 01:11:09,808 [INFO] 등록된 키: 4개, 합산 한도 4,000건/일
2026-08-02 01:11:09,808 [INFO] POI 로드: 매뉴얼 v8.5 기준 fallback 121개 (121개 전체)
2026-08-02 01:11:09,808 [INFO] === 수집 시작 2026-08-02T01:11:09.808965+09:00 ===
2026-08-02 01:11:09,809 [INFO] 대상 장소: 121개 | API: citydata (통합)
2026-08-02 01:11:09,809 [INFO] 키 풀: 4/4 활성 | 오늘 사용 0/4000건
2026-08-02 01:11:09,809 [INFO]   [KEY_1] 담당 31장소
2026-08-02 01:11:09,809 [INFO]   [KEY_2] 담당 30장소
2026-08-02 01:11:09,809 [INFO]   [KEY_3] 담당 30장소
2026-08-02 01:11:09,809 [INFO]   [KEY_4] 담당 30장소
2026-08-02 01:11:09,809 [INFO] [1/121] 경복궁 (primary=KEY_1)
2026-08-02 01:11:11,546 [INFO] [2/121] 광화문·덕수궁 (primary=KEY_2)
2026-08-02 01:11:13,546 [INFO] [3/121] 보신각 (primary=KEY_3)
2026-08-02 01:11:15,287 [INFO] [4/121] 서울 암사동 유적 (primary=KEY_4)
2026-08-02 01:11:16,896 [INFO] [5/121] 창덕궁·종묘 (primary=KEY_1)
2026-08-02 01:11:18,605 [INFO] [6/121] 강남 MICE 관광특구 (primary=KEY_2)
2026-08-02 01:11:20,229 [INFO] [7/121] 동대문 관광특구 (primary=KEY_3)
2026-08-02 01:11:22,057 [INFO] [8/121] 명동 관광특구 (primary=KEY_4)
2026-08-02 01:11:24,264 [INFO] [9/121] 이태원 관광특구 (primary=KEY_1)
2026-08-02 01:11:26,124 [INFO] [10/121] 잠실 관광특구 (primary=KEY_2)
2026-08-02 01:11:27,527 [INFO] [11/121] 종로·청계 관광특구 (primary=KEY_3)
2026-08-02 01:11:29,710 [INFO] [12/121] 홍대 관광특구 (primary=KEY_4)
2026-08-02 01:11:31,012 [INFO] [13/121] 강서한강공원 (primary=KEY_1)
2026-08-02 01:11:32,083 [INFO] [14/121] 고척돔 (primary=KEY_2)
2026-08-02 01:11:33,036 [INFO] [15/121] 광나루한강공원 (primary=KEY_3)
2026-08-02 01:11:34,762 [INFO] [16/121] 광화문광장 (primary=KEY_4)
2026-08-02 01:11:36,597 [INFO] [17/121] 국립중앙박물관·용산가족공원 (primary=KEY_1)
2026-08-02 01:11:37,558 [INFO] [18/121] 난지한강공원 (primary=KEY_2)
2026-08-02 01:11:38,500 [INFO] [19/121] 남산공원 (primary=KEY_3)
2026-08-02 01:11:39,749 [INFO] [20/121] 노들섬 (primary=KEY_4)
2026-08-02 01:11:41,210 [INFO] [21/121] 뚝섬한강공원 (primary=KEY_1)
2026-08-02 01:11:42,928 [INFO] [22/121] 망원한강공원 (primary=KEY_2)
2026-08-02 01:11:44,021 [INFO] [23/121] 반포한강공원 (primary=KEY_3)
2026-08-02 01:11:44,967 [INFO] [24/121] 보라매공원 (primary=KEY_4)
2026-08-02 01:11:45,928 [INFO] [25/121] 북서울꿈의숲 (primary=KEY_1)
2026-08-02 01:11:47,030 [INFO] [26/121] 서대문독립공원 (primary=KEY_2)
2026-08-02 01:11:48,618 [INFO] [27/121] 서리풀공원·몽마르뜨공원 (primary=KEY_3)
2026-08-02 01:11:49,608 [INFO] [28/121] 서울대공원 (primary=KEY_4)
2026-08-02 01:11:50,553 [INFO] [29/121] 서울숲공원 (primary=KEY_1)
2026-08-02 01:11:51,653 [INFO] [30/121] 송현녹지광장 (primary=KEY_2)
2026-08-02 01:11:52,747 [INFO] [31/121] 아차산 (primary=KEY_3)
2026-08-02 01:11:54,334 [INFO] [32/121] 안양천 (primary=KEY_4)
2026-08-02 01:11:55,282 [INFO] [33/121] 양화한강공원 (primary=KEY_1)
2026-08-02 01:11:56,226 [INFO] [34/121] 어린이대공원 (primary=KEY_2)
2026-08-02 01:11:57,329 [INFO] [35/121] 여의도한강공원 (primary=KEY_3)
2026-08-02 01:11:58,409 [INFO] [36/121] 여의서로 (primary=KEY_4)
2026-08-02 01:11:59,492 [INFO] [37/121] 올림픽공원 (primary=KEY_1)
2026-08-02 01:12:00,636 [INFO] [38/121] 월드컵공원 (primary=KEY_2)
2026-08-02 01:12:01,863 [INFO] [39/121] 응봉산 (primary=KEY_3)
2026-08-02 01:12:02,932 [INFO] [40/121] 이촌한강공원 (primary=KEY_4)
2026-08-02 01:12:03,881 [INFO] [41/121] 잠실종합운동장 (primary=KEY_1)
2026-08-02 01:12:04,831 [INFO] [42/121] 잠실한강공원 (primary=KEY_2)
2026-08-02 01:12:05,792 [INFO] [43/121] 잠원한강공원 (primary=KEY_3)
2026-08-02 01:12:06,735 [INFO] [44/121] 청계산 (primary=KEY_4)
2026-08-02 01:12:07,680 [INFO] [45/121] 홍제폭포 (primary=KEY_1)
2026-08-02 01:12:08,624 [INFO] [46/121] 가락시장 (primary=KEY_2)
2026-08-02 01:12:09,720 [INFO] [47/121] 가로수길 (primary=KEY_3)
2026-08-02 01:12:10,831 [INFO] [48/121] 광장(전통)시장 (primary=KEY_4)
2026-08-02 01:12:11,785 [INFO] [49/121] 김포공항 (primary=KEY_1)
2026-08-02 01:12:13,019 [INFO] [50/121] 남대문시장 (primary=KEY_2)
2026-08-02 01:12:14,096 [INFO] [51/121] 노량진 (primary=KEY_3)
2026-08-02 01:12:15,188 [INFO] [52/121] 덕수궁길·정동길 (primary=KEY_4)
2026-08-02 01:12:16,274 [INFO] [53/121] 북창동 먹자골목 (primary=KEY_1)
2026-08-02 01:12:17,354 [INFO] [54/121] 북촌한옥마을 (primary=KEY_2)
2026-08-02 01:12:18,569 [INFO] [55/121] 서촌 (primary=KEY_3)
2026-08-02 01:12:19,659 [INFO] [56/121] 성수카페거리 (primary=KEY_4)
2026-08-02 01:12:21,531 [INFO] [57/121] 송리단길·호수단길 (primary=KEY_1)
2026-08-02 01:12:22,631 [INFO] [58/121] 신촌 스타광장 (primary=KEY_2)
2026-08-02 01:12:23,601 [INFO] [59/121] 압구정로데오거리 (primary=KEY_3)
2026-08-02 01:12:24,696 [INFO] [60/121] 여의도 (primary=KEY_4)
2026-08-02 01:12:26,370 [INFO] [61/121] 연남동 (primary=KEY_1)
2026-08-02 01:12:27,455 [INFO] [62/121] 영등포 타임스퀘어 (primary=KEY_2)
2026-08-02 01:12:28,535 [INFO] [63/121] 용리단길 (primary=KEY_3)
2026-08-02 01:12:29,515 [INFO] [64/121] 이태원 앤틱가구거리 (primary=KEY_4)
2026-08-02 01:12:30,603 [INFO] [65/121] 익선동 (primary=KEY_1)
2026-08-02 01:12:31,709 [INFO] [66/121] 인사동 (primary=KEY_2)
2026-08-02 01:12:32,945 [INFO] [67/121] 잠실롯데타워·석촌호수 (primary=KEY_3)
2026-08-02 01:12:34,331 [INFO] [68/121] 창동 신경제 중심지 (primary=KEY_4)
2026-08-02 01:12:35,721 [INFO] [69/121] 청담동 명품거리 (primary=KEY_1)
2026-08-02 01:12:36,827 [INFO] [70/121] 청량리 제기동 일대 전통시장 (primary=KEY_2)
2026-08-02 01:12:37,936 [INFO] [71/121] 해방촌·경리단길 (primary=KEY_3)
2026-08-02 01:12:38,932 [INFO] [72/121] DDP(동대문디자인플라자) (primary=KEY_4)
2026-08-02 01:12:40,053 [INFO] [73/121] DMC(디지털미디어시티) (primary=KEY_1)
2026-08-02 01:12:41,452 [INFO] [74/121] 가산디지털단지역 (primary=KEY_2)
2026-08-02 01:12:42,955 [INFO] [75/121] 강남역 (primary=KEY_3)
2026-08-02 01:12:44,213 [INFO] [76/121] 건대입구역 (primary=KEY_4)
2026-08-02 01:12:45,347 [INFO] [77/121] 고덕역 (primary=KEY_1)
2026-08-02 01:12:46,439 [INFO] [78/121] 고속터미널역 (primary=KEY_2)
2026-08-02 01:12:47,549 [INFO] [79/121] 교대역 (primary=KEY_3)
2026-08-02 01:12:48,657 [INFO] [80/121] 구로디지털단지역 (primary=KEY_4)
2026-08-02 01:12:50,019 [INFO] [81/121] 구로역 (primary=KEY_1)
2026-08-02 01:12:51,099 [INFO] [82/121] 군자역 (primary=KEY_2)
2026-08-02 01:12:52,885 [INFO] [83/121] 대림역 (primary=KEY_3)
2026-08-02 01:12:54,492 [INFO] [84/121] 동대문역 (primary=KEY_4)
2026-08-02 01:12:56,132 [INFO] [85/121] 뚝섬역 (primary=KEY_1)
2026-08-02 01:12:57,758 [INFO] [86/121] 미아사거리역 (primary=KEY_2)
2026-08-02 01:12:59,614 [INFO] [87/121] 발산역 (primary=KEY_3)
2026-08-02 01:13:00,975 [INFO] [88/121] 사당역 (primary=KEY_4)
2026-08-02 01:13:02,730 [INFO] [89/121] 삼각지역 (primary=KEY_1)
2026-08-02 01:13:03,697 [INFO] [90/121] 서울대입구역 (primary=KEY_2)
2026-08-02 01:13:04,786 [INFO] [91/121] 서울식물원·마곡나루역 (primary=KEY_3)
2026-08-02 01:13:06,682 [INFO] [92/121] 서울역 (primary=KEY_4)
2026-08-02 01:13:07,832 [INFO] [93/121] 선릉역 (primary=KEY_1)
2026-08-02 01:13:09,256 [INFO] [94/121] 성신여대입구역 (primary=KEY_2)
2026-08-02 01:13:10,251 [INFO] [95/121] 수유역 (primary=KEY_3)
2026-08-02 01:13:12,104 [INFO] [96/121] 숭례문 (primary=KEY_4)
2026-08-02 01:13:13,350 [INFO] [97/121] 시의회 앞 (primary=KEY_1)
2026-08-02 01:13:14,982 [INFO] [98/121] 신논현역·논현역 (primary=KEY_2)
2026-08-02 01:13:16,107 [INFO] [99/121] 신도림역 (primary=KEY_3)
2026-08-02 01:13:17,596 [INFO] [100/121] 신림역 (primary=KEY_4)
2026-08-02 01:13:18,697 [INFO] [101/121] 신정네거리역 (primary=KEY_1)
2026-08-02 01:13:20,579 [INFO] [102/121] 신촌·이대역 (primary=KEY_2)
2026-08-02 01:13:21,677 [INFO] [103/121] 쌍문역 (primary=KEY_3)
2026-08-02 01:13:23,416 [INFO] [104/121] 양재역 (primary=KEY_4)
2026-08-02 01:13:24,521 [INFO] [105/121] 역삼역 (primary=KEY_1)
2026-08-02 01:13:25,767 [INFO] [106/121] 연신내역 (primary=KEY_2)
2026-08-02 01:13:26,742 [INFO] [107/121] 오목교역·목동운동장 (primary=KEY_3)
2026-08-02 01:13:28,251 [INFO] [108/121] 왕십리역 (primary=KEY_4)
2026-08-02 01:13:30,040 [INFO] [109/121] 용산역 (primary=KEY_1)
2026-08-02 01:13:31,268 [INFO] [110/121] 이태원역 (primary=KEY_2)
2026-08-02 01:13:32,231 [INFO] [111/121] 잠실새내역 (primary=KEY_3)
2026-08-02 01:13:33,332 [INFO] [112/121] 잠실역 (primary=KEY_4)
2026-08-02 01:13:34,623 [INFO] [113/121] 장지역 (primary=KEY_1)
2026-08-02 01:13:35,847 [INFO] [114/121] 장한평역 (primary=KEY_2)
2026-08-02 01:13:36,942 [INFO] [115/121] 천호역 (primary=KEY_3)
2026-08-02 01:13:38,045 [INFO] [116/121] 총신대입구(이수)역 (primary=KEY_4)
2026-08-02 01:13:39,154 [INFO] [117/121] 충정로역 (primary=KEY_1)
2026-08-02 01:13:40,268 [INFO] [118/121] 합정역 (primary=KEY_2)
2026-08-02 01:13:41,381 [INFO] [119/121] 혜화역 (primary=KEY_3)
2026-08-02 01:13:43,002 [INFO] [120/121] 홍대입구역(2호선) (primary=KEY_4)
2026-08-02 01:13:44,629 [INFO] [121/121] 회기역 (primary=KEY_1)
2026-08-02 01:13:46,185 [INFO] === 수집 완료 | 성공 121, 실패 0 ===
2026-08-02 01:13:46,185 [INFO] 카테고리별 저장 결과:
2026-08-02 01:13:46,185 [INFO]    accident                  | 신규     1행 | 누적      1행 | 16컬럼
2026-08-02 01:13:46,185 [INFO]    accident_acdnt_cntrl_stts | 신규     2행 | 누적      2행 | 16컬럼
2026-08-02 01:13:46,185 [INFO]    area_meta                 | 신규   121행 | 누적    121행 | 5컬럼
2026-08-02 01:13:46,185 [INFO]    bike                      | 신규    11행 | 누적     11행 | 12컬럼
2026-08-02 01:13:46,185 [INFO]    bike_sbike_stts           | 신규   573행 | 누적    573행 | 12컬럼
2026-08-02 01:13:46,185 [INFO]    bus                       | 신규     3행 | 누적      3행 | 11컬럼
2026-08-02 01:13:46,185 [INFO]    bus_bus_stn_stts          | 신규  1745행 | 누적   1745행 | 11컬럼
2026-08-02 01:13:46,185 [INFO]    charger                   | 신규     4행 | 누적      4행 | 15컬럼
2026-08-02 01:13:46,185 [INFO]    charger_charger_stts      | 신규  1922행 | 누적   1922행 | 15컬럼
2026-08-02 01:13:46,185 [INFO]    cmrcl                     | 신규    82행 | 누적     82행 | 20컬럼
2026-08-02 01:13:46,185 [INFO]    events                    | 신규    13행 | 누적     13행 | 14컬럼
2026-08-02 01:13:46,185 [INFO]    events_event_stts         | 신규   138행 | 누적    138행 | 14컬럼
2026-08-02 01:13:46,185 [INFO]    parking                   | 신규     6행 | 누적      6행 | 21컬럼
2026-08-02 01:13:46,186 [INFO]    parking_prk_stts          | 신규  1834행 | 누적   1834행 | 21컬럼
2026-08-02 01:13:46,186 [INFO]    ppltn                     | 신규   121행 | 누적    121행 | 26컬럼
2026-08-02 01:13:46,186 [INFO]    road                      | 신규   121행 | 누적    121행 | 21컬럼
2026-08-02 01:13:46,186 [INFO]    road_road_traffic_stts    | 신규  5280행 | 누적   5280행 | 17컬럼
2026-08-02 01:13:46,186 [INFO]    subway                    | 신규    38행 | 누적     38행 | 12컬럼
2026-08-02 01:13:46,186 [INFO]    subway_sub_stts           | 신규   183행 | 누적    183행 | 13컬럼
2026-08-02 01:13:46,186 [INFO]    weather                   | 신규   119행 | 누적    119행 | 29컬럼
2026-08-02 01:13:46,186 [INFO] 키별 사용량:
2026-08-02 01:13:46,186 [INFO]    🟢 KEY_1 (31/1000) 
2026-08-02 01:13:46,186 [INFO]    🟢 KEY_2 (30/1000) 
2026-08-02 01:13:46,186 [INFO]    🟢 KEY_3 (30/1000) 
2026-08-02 01:13:46,186 [INFO]    🟢 KEY_4 (30/1000) 
2026-08-02 03:08:15,771 [INFO] 등록된 키: 4개, 합산 한도 4,000건/일
2026-08-02 03:08:15,771 [INFO] POI 로드: 매뉴얼 v8.5 기준 fallback 121개 (121개 전체)
2026-08-02 03:08:15,772 [INFO] === 수집 시작 2026-08-02T03:08:15.772060+09:00 ===
2026-08-02 03:08:15,772 [INFO] 대상 장소: 121개 | API: citydata (통합)
2026-08-02 03:08:15,772 [INFO] 키 풀: 4/4 활성 | 오늘 사용 0/4000건
2026-08-02 03:08:15,772 [INFO]   [KEY_1] 담당 31장소
2026-08-02 03:08:15,772 [INFO]   [KEY_2] 담당 30장소
2026-08-02 03:08:15,772 [INFO]   [KEY_3] 담당 30장소
2026-08-02 03:08:15,772 [INFO]   [KEY_4] 담당 30장소
2026-08-02 03:08:15,772 [INFO] [1/121] 경복궁 (primary=KEY_1)
2026-08-02 03:08:18,112 [INFO] [2/121] 광화문·덕수궁 (primary=KEY_2)
2026-08-02 03:08:20,851 [INFO] [3/121] 보신각 (primary=KEY_3)
2026-08-02 03:08:23,007 [INFO] [4/121] 서울 암사동 유적 (primary=KEY_4)
2026-08-02 03:08:25,110 [INFO] [5/121] 창덕궁·종묘 (primary=KEY_1)
2026-08-02 03:08:26,464 [INFO] [6/121] 강남 MICE 관광특구 (primary=KEY_2)
2026-08-02 03:08:29,008 [INFO] [7/121] 동대문 관광특구 (primary=KEY_3)
2026-08-02 03:08:30,634 [INFO] [8/121] 명동 관광특구 (primary=KEY_4)
2026-08-02 03:08:33,429 [INFO] [9/121] 이태원 관광특구 (primary=KEY_1)
2026-08-02 03:08:35,415 [INFO] [10/121] 잠실 관광특구 (primary=KEY_2)
2026-08-02 03:08:37,992 [INFO] [11/121] 종로·청계 관광특구 (primary=KEY_3)
2026-08-02 03:08:39,609 [INFO] [12/121] 홍대 관광특구 (primary=KEY_4)
2026-08-02 03:08:41,990 [INFO] [13/121] 강서한강공원 (primary=KEY_1)
2026-08-02 03:08:44,097 [INFO] [14/121] 고척돔 (primary=KEY_2)
2026-08-02 03:08:46,017 [INFO] [15/121] 광나루한강공원 (primary=KEY_3)
2026-08-02 03:08:47,933 [INFO] [16/121] 광화문광장 (primary=KEY_4)
2026-08-02 03:08:49,288 [INFO] [17/121] 국립중앙박물관·용산가족공원 (primary=KEY_1)
2026-08-02 03:08:50,449 [INFO] [18/121] 난지한강공원 (primary=KEY_2)
2026-08-02 03:08:51,594 [INFO] [19/121] 남산공원 (primary=KEY_3)
2026-08-02 03:08:53,936 [INFO] [20/121] 노들섬 (primary=KEY_4)
2026-08-02 03:08:55,479 [INFO] [21/121] 뚝섬한강공원 (primary=KEY_1)
2026-08-02 03:08:56,656 [INFO] [22/121] 망원한강공원 (primary=KEY_2)
2026-08-02 03:08:58,227 [INFO] [23/121] 반포한강공원 (primary=KEY_3)
2026-08-02 03:09:00,149 [INFO] [24/121] 보라매공원 (primary=KEY_4)
2026-08-02 03:09:01,320 [INFO] [25/121] 북서울꿈의숲 (primary=KEY_1)
2026-08-02 03:09:02,667 [INFO] [26/121] 서대문독립공원 (primary=KEY_2)
2026-08-02 03:09:03,858 [INFO] [27/121] 서리풀공원·몽마르뜨공원 (primary=KEY_3)
2026-08-02 03:09:05,035 [INFO] [28/121] 서울대공원 (primary=KEY_4)
2026-08-02 03:09:06,751 [INFO] [29/121] 서울숲공원 (primary=KEY_1)
2026-08-02 03:09:08,133 [INFO] [30/121] 송현녹지광장 (primary=KEY_2)
2026-08-02 03:09:09,485 [INFO] [31/121] 아차산 (primary=KEY_3)
2026-08-02 03:09:10,625 [INFO] [32/121] 안양천 (primary=KEY_4)
2026-08-02 03:09:11,789 [INFO] [33/121] 양화한강공원 (primary=KEY_1)
2026-08-02 03:09:13,593 [INFO] [34/121] 어린이대공원 (primary=KEY_2)
2026-08-02 03:09:14,952 [INFO] [35/121] 여의도한강공원 (primary=KEY_3)
2026-08-02 03:09:16,299 [INFO] [36/121] 여의서로 (primary=KEY_4)
2026-08-02 03:09:18,298 [INFO] [37/121] 올림픽공원 (primary=KEY_1)
2026-08-02 03:09:19,710 [INFO] [38/121] 월드컵공원 (primary=KEY_2)
2026-08-02 03:09:22,247 [INFO] [39/121] 응봉산 (primary=KEY_3)
2026-08-02 03:09:24,362 [INFO] [40/121] 이촌한강공원 (primary=KEY_4)
2026-08-02 03:09:26,104 [INFO] [41/121] 잠실종합운동장 (primary=KEY_1)
2026-08-02 03:09:28,022 [INFO] [42/121] 잠실한강공원 (primary=KEY_2)
2026-08-02 03:09:30,324 [INFO] [43/121] 잠원한강공원 (primary=KEY_3)
2026-08-02 03:09:32,224 [INFO] [44/121] 청계산 (primary=KEY_4)
2026-08-02 03:09:33,368 [INFO] [45/121] 홍제폭포 (primary=KEY_1)
2026-08-02 03:09:35,468 [INFO] [46/121] 가락시장 (primary=KEY_2)
2026-08-02 03:09:36,831 [INFO] [47/121] 가로수길 (primary=KEY_3)
2026-08-02 03:09:39,393 [INFO] [48/121] 광장(전통)시장 (primary=KEY_4)
2026-08-02 03:09:41,347 [INFO] [49/121] 김포공항 (primary=KEY_1)
2026-08-02 03:09:43,711 [INFO] [50/121] 남대문시장 (primary=KEY_2)
2026-08-02 03:09:45,097 [INFO] [51/121] 노량진 (primary=KEY_3)
2026-08-02 03:09:47,233 [INFO] [52/121] 덕수궁길·정동길 (primary=KEY_4)
2026-08-02 03:09:49,184 [INFO] [53/121] 북창동 먹자골목 (primary=KEY_1)
2026-08-02 03:09:51,499 [INFO] [54/121] 북촌한옥마을 (primary=KEY_2)
2026-08-02 03:09:54,002 [INFO] [55/121] 서촌 (primary=KEY_3)
2026-08-02 03:09:56,128 [INFO] [56/121] 성수카페거리 (primary=KEY_4)
2026-08-02 03:09:57,687 [INFO] [57/121] 송리단길·호수단길 (primary=KEY_1)
2026-08-02 03:09:59,055 [INFO] [58/121] 신촌 스타광장 (primary=KEY_2)
2026-08-02 03:10:01,173 [INFO] [59/121] 압구정로데오거리 (primary=KEY_3)
2026-08-02 03:10:03,308 [INFO] [60/121] 여의도 (primary=KEY_4)
2026-08-02 03:10:05,572 [INFO] [61/121] 연남동 (primary=KEY_1)
2026-08-02 03:10:08,070 [INFO] [62/121] 영등포 타임스퀘어 (primary=KEY_2)
2026-08-02 03:10:10,184 [INFO] [63/121] 용리단길 (primary=KEY_3)
2026-08-02 03:10:11,342 [INFO] [64/121] 이태원 앤틱가구거리 (primary=KEY_4)
2026-08-02 03:10:12,497 [INFO] [65/121] 익선동 (primary=KEY_1)
2026-08-02 03:10:14,642 [INFO] [66/121] 인사동 (primary=KEY_2)
2026-08-02 03:10:16,181 [INFO] [67/121] 잠실롯데타워·석촌호수 (primary=KEY_3)
2026-08-02 03:10:17,931 [INFO] [68/121] 창동 신경제 중심지 (primary=KEY_4)
2026-08-02 03:10:19,690 [INFO] [69/121] 청담동 명품거리 (primary=KEY_1)
2026-08-02 03:10:21,035 [INFO] [70/121] 청량리 제기동 일대 전통시장 (primary=KEY_2)
2026-08-02 03:10:22,387 [INFO] [71/121] 해방촌·경리단길 (primary=KEY_3)
2026-08-02 03:10:23,528 [INFO] [72/121] DDP(동대문디자인플라자) (primary=KEY_4)
2026-08-02 03:10:24,932 [INFO] [73/121] DMC(디지털미디어시티) (primary=KEY_1)
2026-08-02 03:10:26,709 [INFO] [74/121] 가산디지털단지역 (primary=KEY_2)
2026-08-02 03:10:28,654 [INFO] [75/121] 강남역 (primary=KEY_3)
2026-08-02 03:10:30,219 [INFO] [76/121] 건대입구역 (primary=KEY_4)
2026-08-02 03:10:31,572 [INFO] [77/121] 고덕역 (primary=KEY_1)
2026-08-02 03:10:32,910 [INFO] [78/121] 고속터미널역 (primary=KEY_2)
2026-08-02 03:10:35,056 [INFO] [79/121] 교대역 (primary=KEY_3)
2026-08-02 03:10:36,230 [INFO] [80/121] 구로디지털단지역 (primary=KEY_4)
2026-08-02 03:10:39,110 [INFO] [81/121] 구로역 (primary=KEY_1)
2026-08-02 03:10:40,449 [INFO] [82/121] 군자역 (primary=KEY_2)
2026-08-02 03:10:41,618 [INFO] [83/121] 대림역 (primary=KEY_3)
2026-08-02 03:10:43,000 [INFO] [84/121] 동대문역 (primary=KEY_4)
2026-08-02 03:10:44,365 [INFO] [85/121] 뚝섬역 (primary=KEY_1)
2026-08-02 03:10:45,707 [INFO] [86/121] 미아사거리역 (primary=KEY_2)
2026-08-02 03:10:47,045 [INFO] [87/121] 발산역 (primary=KEY_3)
2026-08-02 03:10:48,774 [INFO] [88/121] 사당역 (primary=KEY_4)
2026-08-02 03:10:50,130 [INFO] [89/121] 삼각지역 (primary=KEY_1)
2026-08-02 03:10:51,295 [INFO] [90/121] 서울대입구역 (primary=KEY_2)
2026-08-02 03:10:52,641 [INFO] [91/121] 서울식물원·마곡나루역 (primary=KEY_3)
2026-08-02 03:10:54,204 [INFO] [92/121] 서울역 (primary=KEY_4)
2026-08-02 03:10:55,605 [INFO] [93/121] 선릉역 (primary=KEY_1)
2026-08-02 03:10:57,384 [INFO] [94/121] 성신여대입구역 (primary=KEY_2)
2026-08-02 03:10:58,547 [INFO] [95/121] 수유역 (primary=KEY_3)
2026-08-02 03:11:00,672 [INFO] [96/121] 숭례문 (primary=KEY_4)
2026-08-02 03:11:02,212 [INFO] [97/121] 시의회 앞 (primary=KEY_1)
2026-08-02 03:11:03,577 [INFO] [98/121] 신논현역·논현역 (primary=KEY_2)
2026-08-02 03:11:04,945 [INFO] [99/121] 신도림역 (primary=KEY_3)
2026-08-02 03:11:06,111 [INFO] [100/121] 신림역 (primary=KEY_4)
2026-08-02 03:11:07,287 [INFO] [101/121] 신정네거리역 (primary=KEY_1)
2026-08-02 03:11:08,623 [INFO] [102/121] 신촌·이대역 (primary=KEY_2)
2026-08-02 03:11:09,969 [INFO] [103/121] 쌍문역 (primary=KEY_3)
2026-08-02 03:11:11,305 [INFO] [104/121] 양재역 (primary=KEY_4)
2026-08-02 03:11:12,657 [INFO] [105/121] 역삼역 (primary=KEY_1)
2026-08-02 03:11:14,191 [INFO] [106/121] 연신내역 (primary=KEY_2)
2026-08-02 03:11:15,365 [INFO] [107/121] 오목교역·목동운동장 (primary=KEY_3)
2026-08-02 03:11:17,304 [INFO] [108/121] 왕십리역 (primary=KEY_4)
2026-08-02 03:11:18,694 [INFO] [109/121] 용산역 (primary=KEY_1)
2026-08-02 03:11:20,235 [INFO] [110/121] 이태원역 (primary=KEY_2)
2026-08-02 03:11:21,390 [INFO] [111/121] 잠실새내역 (primary=KEY_3)
2026-08-02 03:11:22,763 [INFO] [112/121] 잠실역 (primary=KEY_4)
2026-08-02 03:11:24,359 [INFO] [113/121] 장지역 (primary=KEY_1)
2026-08-02 03:11:25,960 [INFO] [114/121] 장한평역 (primary=KEY_2)
2026-08-02 03:11:27,305 [INFO] [115/121] 천호역 (primary=KEY_3)
2026-08-02 03:11:28,662 [INFO] [116/121] 총신대입구(이수)역 (primary=KEY_4)
2026-08-02 03:11:30,008 [INFO] [117/121] 충정로역 (primary=KEY_1)
2026-08-02 03:11:31,356 [INFO] [118/121] 합정역 (primary=KEY_2)
2026-08-02 03:11:32,709 [INFO] [119/121] 혜화역 (primary=KEY_3)
2026-08-02 03:11:34,050 [INFO] [120/121] 홍대입구역(2호선) (primary=KEY_4)
2026-08-02 03:11:35,397 [INFO] [121/121] 회기역 (primary=KEY_1)
2026-08-02 03:11:37,513 [INFO] === 수집 완료 | 성공 121, 실패 0 ===
2026-08-02 03:11:37,513 [INFO] 카테고리별 저장 결과:
2026-08-02 03:11:37,513 [INFO]    area_meta                 | 신규   121행 | 누적    242행 | 5컬럼
2026-08-02 03:11:37,513 [INFO]    bike                      | 신규    11행 | 누적     22행 | 12컬럼
2026-08-02 03:11:37,513 [INFO]    bike_sbike_stts           | 신규   573행 | 누적   1146행 | 12컬럼
2026-08-02 03:11:37,513 [INFO]    bus                       | 신규     3행 | 누적      6행 | 11컬럼
2026-08-02 03:11:37,513 [INFO]    bus_bus_stn_stts          | 신규  1745행 | 누적   3490행 | 11컬럼
2026-08-02 03:11:37,513 [INFO]    charger                   | 신규     4행 | 누적      8행 | 15컬럼
2026-08-02 03:11:37,513 [INFO]    charger_charger_stts      | 신규  1922행 | 누적   3818행 | 15컬럼
2026-08-02 03:11:37,513 [INFO]    cmrcl                     | 신규    82행 | 누적    164행 | 20컬럼
2026-08-02 03:11:37,513 [INFO]    events                    | 신규    13행 | 누적     26행 | 14컬럼
2026-08-02 03:11:37,514 [INFO]    events_event_stts         | 신규   138행 | 누적    276행 | 14컬럼
2026-08-02 03:11:37,514 [INFO]    parking                   | 신규     6행 | 누적     12행 | 21컬럼
2026-08-02 03:11:37,514 [INFO]    parking_prk_stts          | 신규  1834행 | 누적   3668행 | 21컬럼
2026-08-02 03:11:37,514 [INFO]    ppltn                     | 신규   121행 | 누적    242행 | 26컬럼
2026-08-02 03:11:37,514 [INFO]    road                      | 신규   121행 | 누적    242행 | 21컬럼
2026-08-02 03:11:37,514 [INFO]    road_road_traffic_stts    | 신규  5280행 | 누적  10560행 | 17컬럼
2026-08-02 03:11:37,514 [INFO]    subway                    | 신규    38행 | 누적     76행 | 12컬럼
2026-08-02 03:11:37,514 [INFO]    subway_sub_stts           | 신규   183행 | 누적    366행 | 13컬럼
2026-08-02 03:11:37,514 [INFO]    weather                   | 신규   119행 | 누적    238행 | 29컬럼
2026-08-02 03:11:37,514 [INFO] 키별 사용량:
2026-08-02 03:11:37,514 [INFO]    🟢 KEY_1 (31/1000) 
2026-08-02 03:11:37,514 [INFO]    🟢 KEY_2 (30/1000) 
2026-08-02 03:11:37,514 [INFO]    🟢 KEY_3 (30/1000) 
2026-08-02 03:11:37,514 [INFO]    🟢 KEY_4 (30/1000) 
