2026-07-10 01:09:14,100 [INFO] 등록된 키: 4개, 합산 한도 4,000건/일
2026-07-10 01:09:14,100 [INFO] POI 로드: 매뉴얼 v8.5 기준 fallback 121개 (121개 전체)
2026-07-10 01:09:14,100 [INFO] === 수집 시작 2026-07-10T01:09:14.100896+09:00 ===
2026-07-10 01:09:14,100 [INFO] 대상 장소: 121개 | API: citydata (통합)
2026-07-10 01:09:14,101 [INFO] 키 풀: 4/4 활성 | 오늘 사용 0/4000건
2026-07-10 01:09:14,101 [INFO]   [KEY_1] 담당 31장소
2026-07-10 01:09:14,101 [INFO]   [KEY_2] 담당 30장소
2026-07-10 01:09:14,101 [INFO]   [KEY_3] 담당 30장소
2026-07-10 01:09:14,101 [INFO]   [KEY_4] 담당 30장소
2026-07-10 01:09:14,101 [INFO] [1/121] 경복궁 (primary=KEY_1)
2026-07-10 01:09:15,558 [INFO] [2/121] 광화문·덕수궁 (primary=KEY_2)
2026-07-10 01:09:17,717 [INFO] [3/121] 보신각 (primary=KEY_3)
2026-07-10 01:09:18,992 [INFO] [4/121] 서울 암사동 유적 (primary=KEY_4)
2026-07-10 01:09:20,870 [INFO] [5/121] 창덕궁·종묘 (primary=KEY_1)
2026-07-10 01:09:22,322 [INFO] [6/121] 강남 MICE 관광특구 (primary=KEY_2)
2026-07-10 01:09:24,134 [INFO] [7/121] 동대문 관광특구 (primary=KEY_3)
2026-07-10 01:09:26,321 [INFO] [8/121] 명동 관광특구 (primary=KEY_4)
2026-07-10 01:09:28,911 [INFO] [9/121] 이태원 관광특구 (primary=KEY_1)
2026-07-10 01:09:31,252 [INFO] [10/121] 잠실 관광특구 (primary=KEY_2)
2026-07-10 01:09:33,326 [INFO] [11/121] 종로·청계 관광특구 (primary=KEY_3)
2026-07-10 01:09:35,640 [INFO] [12/121] 홍대 관광특구 (primary=KEY_4)
2026-07-10 01:09:37,127 [INFO] [13/121] 강서한강공원 (primary=KEY_1)
2026-07-10 01:09:38,216 [INFO] [14/121] 고척돔 (primary=KEY_2)
2026-07-10 01:09:39,520 [INFO] [15/121] 광나루한강공원 (primary=KEY_3)
2026-07-10 01:09:40,790 [INFO] [16/121] 광화문광장 (primary=KEY_4)
2026-07-10 01:09:42,759 [INFO] [17/121] 국립중앙박물관·용산가족공원 (primary=KEY_1)
2026-07-10 01:09:43,858 [INFO] [18/121] 난지한강공원 (primary=KEY_2)
2026-07-10 01:09:44,955 [INFO] [19/121] 남산공원 (primary=KEY_3)
2026-07-10 01:09:46,440 [INFO] [20/121] 노들섬 (primary=KEY_4)
2026-07-10 01:09:47,545 [INFO] [21/121] 뚝섬한강공원 (primary=KEY_1)
2026-07-10 01:09:48,655 [INFO] [22/121] 망원한강공원 (primary=KEY_2)
2026-07-10 01:09:49,931 [INFO] [23/121] 반포한강공원 (primary=KEY_3)
2026-07-10 01:09:51,010 [INFO] [24/121] 보라매공원 (primary=KEY_4)
2026-07-10 01:09:52,112 [INFO] [25/121] 북서울꿈의숲 (primary=KEY_1)
2026-07-10 01:09:53,191 [INFO] [26/121] 서대문독립공원 (primary=KEY_2)
2026-07-10 01:09:55,173 [INFO] [27/121] 서리풀공원·몽마르뜨공원 (primary=KEY_3)
2026-07-10 01:09:56,335 [INFO] [28/121] 서울대공원 (primary=KEY_4)
2026-07-10 01:09:57,407 [INFO] [29/121] 서울숲공원 (primary=KEY_1)
2026-07-10 01:09:58,663 [INFO] [30/121] 송현녹지광장 (primary=KEY_2)
2026-07-10 01:09:59,934 [INFO] [31/121] 아차산 (primary=KEY_3)
2026-07-10 01:10:01,010 [INFO] [32/121] 안양천 (primary=KEY_4)
2026-07-10 01:10:02,103 [INFO] [33/121] 양화한강공원 (primary=KEY_1)
2026-07-10 01:10:03,221 [INFO] [34/121] 어린이대공원 (primary=KEY_2)
2026-07-10 01:10:04,315 [INFO] [35/121] 여의도한강공원 (primary=KEY_3)
2026-07-10 01:10:06,609 [INFO] [36/121] 여의서로 (primary=KEY_4)
2026-07-10 01:10:08,718 [INFO] [37/121] 올림픽공원 (primary=KEY_1)
2026-07-10 01:10:11,064 [INFO] [38/121] 월드컵공원 (primary=KEY_2)
2026-07-10 01:10:12,523 [INFO] [39/121] 응봉산 (primary=KEY_3)
2026-07-10 01:10:13,785 [INFO] [40/121] 이촌한강공원 (primary=KEY_4)
2026-07-10 01:10:14,856 [INFO] [41/121] 잠실종합운동장 (primary=KEY_1)
2026-07-10 01:10:16,653 [INFO] [42/121] 잠실한강공원 (primary=KEY_2)
2026-07-10 01:10:18,453 [INFO] [43/121] 잠원한강공원 (primary=KEY_3)
2026-07-10 01:10:20,241 [INFO] [44/121] 청계산 (primary=KEY_4)
2026-07-10 01:10:21,315 [INFO] [45/121] 홍제폭포 (primary=KEY_1)
2026-07-10 01:10:22,566 [INFO] [46/121] 가락시장 (primary=KEY_2)
2026-07-10 01:10:23,865 [INFO] [47/121] 가로수길 (primary=KEY_3)
2026-07-10 01:10:25,163 [INFO] [48/121] 광장(전통)시장 (primary=KEY_4)
2026-07-10 01:10:26,264 [INFO] [49/121] 김포공항 (primary=KEY_1)
2026-07-10 01:10:28,255 [INFO] [50/121] 남대문시장 (primary=KEY_2)
2026-07-10 01:10:29,350 [INFO] [51/121] 노량진 (primary=KEY_3)
2026-07-10 01:10:30,452 [INFO] [52/121] 덕수궁길·정동길 (primary=KEY_4)
2026-07-10 01:10:31,744 [INFO] [53/121] 북창동 먹자골목 (primary=KEY_1)
2026-07-10 01:10:32,833 [INFO] [54/121] 북촌한옥마을 (primary=KEY_2)
2026-07-10 01:10:34,108 [INFO] [55/121] 서촌 (primary=KEY_3)
2026-07-10 01:10:36,267 [INFO] [56/121] 성수카페거리 (primary=KEY_4)
2026-07-10 01:10:38,613 [INFO] [57/121] 송리단길·호수단길 (primary=KEY_1)
2026-07-10 01:10:40,936 [INFO] [58/121] 신촌 스타광장 (primary=KEY_2)
2026-07-10 01:10:42,049 [INFO] [59/121] 압구정로데오거리 (primary=KEY_3)
2026-07-10 01:10:43,349 [INFO] [60/121] 여의도 (primary=KEY_4)
2026-07-10 01:10:45,209 [INFO] [61/121] 연남동 (primary=KEY_1)
2026-07-10 01:10:46,495 [INFO] [62/121] 영등포 타임스퀘어 (primary=KEY_2)
2026-07-10 01:10:47,763 [INFO] [63/121] 용리단길 (primary=KEY_3)
2026-07-10 01:10:49,592 [INFO] [64/121] 이태원 앤틱가구거리 (primary=KEY_4)
2026-07-10 01:10:50,701 [INFO] [65/121] 익선동 (primary=KEY_1)
2026-07-10 01:10:51,986 [INFO] [66/121] 인사동 (primary=KEY_2)
2026-07-10 01:10:53,311 [INFO] [67/121] 잠실롯데타워·석촌호수 (primary=KEY_3)
2026-07-10 01:10:54,597 [INFO] [68/121] 창동 신경제 중심지 (primary=KEY_4)
2026-07-10 01:10:56,080 [INFO] [69/121] 청담동 명품거리 (primary=KEY_1)
2026-07-10 01:10:57,360 [INFO] [70/121] 청량리 제기동 일대 전통시장 (primary=KEY_2)
2026-07-10 01:10:58,652 [INFO] [71/121] 해방촌·경리단길 (primary=KEY_3)
2026-07-10 01:10:59,776 [INFO] [72/121] DDP(동대문디자인플라자) (primary=KEY_4)
2026-07-10 01:11:01,058 [INFO] [73/121] DMC(디지털미디어시티) (primary=KEY_1)
2026-07-10 01:11:02,569 [INFO] [74/121] 가산디지털단지역 (primary=KEY_2)
2026-07-10 01:11:04,016 [INFO] [75/121] 강남역 (primary=KEY_3)
2026-07-10 01:11:05,542 [INFO] [76/121] 건대입구역 (primary=KEY_4)
2026-07-10 01:11:06,850 [INFO] [77/121] 고덕역 (primary=KEY_1)
2026-07-10 01:11:08,132 [INFO] [78/121] 고속터미널역 (primary=KEY_2)
2026-07-10 01:11:09,244 [INFO] [79/121] 교대역 (primary=KEY_3)
2026-07-10 01:11:10,406 [INFO] [80/121] 구로디지털단지역 (primary=KEY_4)
2026-07-10 01:11:11,689 [INFO] [81/121] 구로역 (primary=KEY_1)
2026-07-10 01:11:12,777 [INFO] [82/121] 군자역 (primary=KEY_2)
2026-07-10 01:11:13,889 [INFO] [83/121] 대림역 (primary=KEY_3)
2026-07-10 01:11:15,167 [INFO] [84/121] 동대문역 (primary=KEY_4)
2026-07-10 01:11:16,445 [INFO] [85/121] 뚝섬역 (primary=KEY_1)
2026-07-10 01:11:17,707 [INFO] [86/121] 미아사거리역 (primary=KEY_2)
2026-07-10 01:11:18,973 [INFO] [87/121] 발산역 (primary=KEY_3)
2026-07-10 01:11:20,419 [INFO] [88/121] 사당역 (primary=KEY_4)
2026-07-10 01:11:21,723 [INFO] [89/121] 삼각지역 (primary=KEY_1)
2026-07-10 01:11:22,827 [INFO] [90/121] 서울대입구역 (primary=KEY_2)
2026-07-10 01:11:23,925 [INFO] [91/121] 서울식물원·마곡나루역 (primary=KEY_3)
2026-07-10 01:11:25,203 [INFO] [92/121] 서울역 (primary=KEY_4)
2026-07-10 01:11:26,507 [INFO] [93/121] 선릉역 (primary=KEY_1)
2026-07-10 01:11:27,967 [INFO] [94/121] 성신여대입구역 (primary=KEY_2)
2026-07-10 01:11:29,090 [INFO] [95/121] 수유역 (primary=KEY_3)
2026-07-10 01:11:30,358 [INFO] [96/121] 숭례문 (primary=KEY_4)
2026-07-10 01:11:31,643 [INFO] [97/121] 시의회 앞 (primary=KEY_1)
2026-07-10 01:11:32,948 [INFO] [98/121] 신논현역·논현역 (primary=KEY_2)
2026-07-10 01:11:34,261 [INFO] [99/121] 신도림역 (primary=KEY_3)
2026-07-10 01:11:35,361 [INFO] [100/121] 신림역 (primary=KEY_4)
2026-07-10 01:11:37,339 [INFO] [101/121] 신정네거리역 (primary=KEY_1)
2026-07-10 01:11:38,456 [INFO] [102/121] 신촌·이대역 (primary=KEY_2)
2026-07-10 01:11:39,741 [INFO] [103/121] 쌍문역 (primary=KEY_3)
2026-07-10 01:11:40,860 [INFO] [104/121] 양재역 (primary=KEY_4)
2026-07-10 01:11:42,130 [INFO] [105/121] 역삼역 (primary=KEY_1)
2026-07-10 01:11:43,408 [INFO] [106/121] 연신내역 (primary=KEY_2)
2026-07-10 01:11:44,529 [INFO] [107/121] 오목교역·목동운동장 (primary=KEY_3)
2026-07-10 01:11:46,004 [INFO] [108/121] 왕십리역 (primary=KEY_4)
2026-07-10 01:11:47,347 [INFO] [109/121] 용산역 (primary=KEY_1)
2026-07-10 01:11:48,639 [INFO] [110/121] 이태원역 (primary=KEY_2)
2026-07-10 01:11:49,736 [INFO] [111/121] 잠실새내역 (primary=KEY_3)
2026-07-10 01:11:51,024 [INFO] [112/121] 잠실역 (primary=KEY_4)
2026-07-10 01:11:52,301 [INFO] [113/121] 장지역 (primary=KEY_1)
2026-07-10 01:11:53,585 [INFO] [114/121] 장한평역 (primary=KEY_2)
2026-07-10 01:11:54,875 [INFO] [115/121] 천호역 (primary=KEY_3)
2026-07-10 01:11:56,164 [INFO] [116/121] 총신대입구(이수)역 (primary=KEY_4)
2026-07-10 01:11:57,447 [INFO] [117/121] 충정로역 (primary=KEY_1)
2026-07-10 01:11:58,558 [INFO] [118/121] 합정역 (primary=KEY_2)
2026-07-10 01:11:59,846 [INFO] [119/121] 혜화역 (primary=KEY_3)
2026-07-10 01:12:01,193 [INFO] [120/121] 홍대입구역(2호선) (primary=KEY_4)
2026-07-10 01:12:02,328 [INFO] [121/121] 회기역 (primary=KEY_1)
2026-07-10 01:12:04,104 [INFO] === 수집 완료 | 성공 121, 실패 0 ===
2026-07-10 01:12:04,104 [INFO] 카테고리별 저장 결과:
2026-07-10 01:12:04,104 [INFO]    accident                  | 신규     3행 | 누적      3행 | 16컬럼
2026-07-10 01:12:04,104 [INFO]    area_meta                 | 신규   121행 | 누적    121행 | 5컬럼
2026-07-10 01:12:04,104 [INFO]    bike                      | 신규    10행 | 누적     10행 | 12컬럼
2026-07-10 01:12:04,104 [INFO]    bike_sbike_stts           | 신규   554행 | 누적    554행 | 12컬럼
2026-07-10 01:12:04,104 [INFO]    bus                       | 신규     3행 | 누적      3행 | 11컬럼
2026-07-10 01:12:04,104 [INFO]    bus_bus_stn_stts          | 신규  1745행 | 누적   1745행 | 11컬럼
2026-07-10 01:12:04,104 [INFO]    charger                   | 신규    28행 | 누적     28행 | 15컬럼
2026-07-10 01:12:04,104 [INFO]    charger_charger_stts      | 신규   331행 | 누적    331행 | 15컬럼
2026-07-10 01:12:04,104 [INFO]    cmrcl                     | 신규    82행 | 누적     82행 | 20컬럼
2026-07-10 01:12:04,104 [INFO]    events                    | 신규     6행 | 누적      6행 | 14컬럼
2026-07-10 01:12:04,104 [INFO]    events_event_stts         | 신규   128행 | 누적    128행 | 14컬럼
2026-07-10 01:12:04,104 [INFO]    parking                   | 신규     6행 | 누적      6행 | 21컬럼
2026-07-10 01:12:04,104 [INFO]    parking_prk_stts          | 신규  1833행 | 누적   1833행 | 21컬럼
2026-07-10 01:12:04,104 [INFO]    ppltn                     | 신규   121행 | 누적    121행 | 26컬럼
2026-07-10 01:12:04,104 [INFO]    road                      | 신규   121행 | 누적    121행 | 21컬럼
2026-07-10 01:12:04,104 [INFO]    road_road_traffic_stts    | 신규  5266행 | 누적   5266행 | 17컬럼
2026-07-10 01:12:04,104 [INFO]    subway                    | 신규    38행 | 누적     38행 | 13컬럼
2026-07-10 01:12:04,104 [INFO]    subway_sub_stts           | 신규   183행 | 누적    183행 | 13컬럼
2026-07-10 01:12:04,104 [INFO]    weather                   | 신규   119행 | 누적    119행 | 30컬럼
2026-07-10 01:12:04,104 [INFO] 키별 사용량:
2026-07-10 01:12:04,104 [INFO]    🟢 KEY_1 (31/1000) 
2026-07-10 01:12:04,104 [INFO]    🟢 KEY_2 (30/1000) 
2026-07-10 01:12:04,104 [INFO]    🟢 KEY_3 (30/1000) 
2026-07-10 01:12:04,104 [INFO]    🟢 KEY_4 (30/1000) 
