2026-06-14 00:41:57,879 [INFO] 등록된 키: 4개, 합산 한도 4,000건/일
2026-06-14 00:41:57,880 [INFO] POI 로드: 매뉴얼 v8.5 기준 fallback 121개 (121개 전체)
2026-06-14 00:41:57,880 [INFO] === 수집 시작 2026-06-14T00:41:57.880599+09:00 ===
2026-06-14 00:41:57,880 [INFO] 대상 장소: 121개 | API: citydata (통합)
2026-06-14 00:41:57,880 [INFO] 키 풀: 4/4 활성 | 오늘 사용 0/4000건
2026-06-14 00:41:57,880 [INFO]   [KEY_1] 담당 31장소
2026-06-14 00:41:57,880 [INFO]   [KEY_2] 담당 30장소
2026-06-14 00:41:57,880 [INFO]   [KEY_3] 담당 30장소
2026-06-14 00:41:57,880 [INFO]   [KEY_4] 담당 30장소
2026-06-14 00:41:57,881 [INFO] [1/121] 경복궁 (primary=KEY_1)
2026-06-14 00:41:59,853 [INFO] [2/121] 광화문·덕수궁 (primary=KEY_2)
2026-06-14 00:42:01,713 [INFO] [3/121] 보신각 (primary=KEY_3)
2026-06-14 00:42:03,557 [INFO] [4/121] 서울 암사동 유적 (primary=KEY_4)
2026-06-14 00:42:05,425 [INFO] [5/121] 창덕궁·종묘 (primary=KEY_1)
2026-06-14 00:42:07,551 [INFO] [6/121] 강남 MICE 관광특구 (primary=KEY_2)
2026-06-14 00:42:09,539 [INFO] [7/121] 동대문 관광특구 (primary=KEY_3)
2026-06-14 00:42:11,009 [INFO] [8/121] 명동 관광특구 (primary=KEY_4)
2026-06-14 00:42:12,688 [INFO] [9/121] 이태원 관광특구 (primary=KEY_1)
2026-06-14 00:42:15,018 [INFO] [10/121] 잠실 관광특구 (primary=KEY_2)
2026-06-14 00:42:16,851 [INFO] [11/121] 종로·청계 관광특구 (primary=KEY_3)
2026-06-14 00:42:18,324 [INFO] [12/121] 홍대 관광특구 (primary=KEY_4)
2026-06-14 00:42:19,805 [INFO] [13/121] 강서한강공원 (primary=KEY_1)
2026-06-14 00:42:21,935 [INFO] [14/121] 고척돔 (primary=KEY_2)
2026-06-14 00:42:23,588 [INFO] [15/121] 광나루한강공원 (primary=KEY_3)
2026-06-14 00:42:25,502 [INFO] [16/121] 광화문광장 (primary=KEY_4)
2026-06-14 00:42:27,845 [INFO] [17/121] 국립중앙박물관·용산가족공원 (primary=KEY_1)
2026-06-14 00:42:28,950 [INFO] [18/121] 난지한강공원 (primary=KEY_2)
2026-06-14 00:42:30,038 [INFO] [19/121] 남산공원 (primary=KEY_3)
2026-06-14 00:42:32,311 [INFO] [20/121] 노들섬 (primary=KEY_4)
2026-06-14 00:42:33,980 [INFO] [21/121] 뚝섬한강공원 (primary=KEY_1)
2026-06-14 00:42:35,064 [INFO] [22/121] 망원한강공원 (primary=KEY_2)
2026-06-14 00:42:37,399 [INFO] [23/121] 반포한강공원 (primary=KEY_3)
2026-06-14 00:42:38,486 [INFO] [24/121] 보라매공원 (primary=KEY_4)
2026-06-14 00:42:40,623 [INFO] [25/121] 북서울꿈의숲 (primary=KEY_1)
2026-06-14 00:42:41,907 [INFO] [26/121] 서대문독립공원 (primary=KEY_2)
2026-06-14 00:42:43,724 [INFO] [27/121] 서리풀공원·몽마르뜨공원 (primary=KEY_3)
2026-06-14 00:42:45,425 [INFO] [28/121] 서울대공원 (primary=KEY_4)
2026-06-14 00:42:47,441 [INFO] [29/121] 서울숲공원 (primary=KEY_1)
2026-06-14 00:42:48,734 [INFO] [30/121] 송현녹지광장 (primary=KEY_2)
2026-06-14 00:42:50,708 [INFO] [31/121] 아차산 (primary=KEY_3)
2026-06-14 00:42:51,790 [INFO] [32/121] 안양천 (primary=KEY_4)
2026-06-14 00:42:53,567 [INFO] [33/121] 양화한강공원 (primary=KEY_1)
2026-06-14 00:42:54,653 [INFO] [34/121] 어린이대공원 (primary=KEY_2)
2026-06-14 00:42:55,934 [INFO] [35/121] 여의도한강공원 (primary=KEY_3)
2026-06-14 00:42:57,224 [INFO] [36/121] 여의서로 (primary=KEY_4)
2026-06-14 00:42:58,486 [INFO] [37/121] 올림픽공원 (primary=KEY_1)
2026-06-14 00:42:59,827 [INFO] [38/121] 월드컵공원 (primary=KEY_2)
2026-06-14 00:43:01,408 [INFO] [39/121] 응봉산 (primary=KEY_3)
2026-06-14 00:43:02,671 [INFO] [40/121] 이촌한강공원 (primary=KEY_4)
2026-06-14 00:43:03,750 [INFO] [41/121] 잠실종합운동장 (primary=KEY_1)
2026-06-14 00:43:04,846 [INFO] [42/121] 잠실한강공원 (primary=KEY_2)
2026-06-14 00:43:05,945 [INFO] [43/121] 잠원한강공원 (primary=KEY_3)
2026-06-14 00:43:07,039 [INFO] [44/121] 청계산 (primary=KEY_4)
2026-06-14 00:43:08,126 [INFO] [45/121] 홍제폭포 (primary=KEY_1)
2026-06-14 00:43:09,194 [INFO] [46/121] 가락시장 (primary=KEY_2)
2026-06-14 00:43:10,510 [INFO] [47/121] 가로수길 (primary=KEY_3)
2026-06-14 00:43:12,695 [INFO] [48/121] 광장(전통)시장 (primary=KEY_4)
2026-06-14 00:43:13,805 [INFO] [49/121] 김포공항 (primary=KEY_1)
2026-06-14 00:43:15,093 [INFO] [50/121] 남대문시장 (primary=KEY_2)
2026-06-14 00:43:16,657 [INFO] [51/121] 노량진 (primary=KEY_3)
2026-06-14 00:43:17,939 [INFO] [52/121] 덕수궁길·정동길 (primary=KEY_4)
2026-06-14 00:43:19,231 [INFO] [53/121] 북창동 먹자골목 (primary=KEY_1)
2026-06-14 00:43:20,502 [INFO] [54/121] 북촌한옥마을 (primary=KEY_2)
2026-06-14 00:43:21,958 [INFO] [55/121] 서촌 (primary=KEY_3)
2026-06-14 00:43:23,209 [INFO] [56/121] 성수카페거리 (primary=KEY_4)
2026-06-14 00:43:24,679 [INFO] [57/121] 송리단길·호수단길 (primary=KEY_1)
2026-06-14 00:43:25,962 [INFO] [58/121] 신촌 스타광장 (primary=KEY_2)
2026-06-14 00:43:27,861 [INFO] [59/121] 압구정로데오거리 (primary=KEY_3)
2026-06-14 00:43:29,143 [INFO] [60/121] 여의도 (primary=KEY_4)
2026-06-14 00:43:31,220 [INFO] [61/121] 연남동 (primary=KEY_1)
2026-06-14 00:43:32,505 [INFO] [62/121] 영등포 타임스퀘어 (primary=KEY_2)
2026-06-14 00:43:33,782 [INFO] [63/121] 용리단길 (primary=KEY_3)
2026-06-14 00:43:34,901 [INFO] [64/121] 이태원 앤틱가구거리 (primary=KEY_4)
2026-06-14 00:43:36,011 [INFO] [65/121] 익선동 (primary=KEY_1)
2026-06-14 00:43:37,305 [INFO] [66/121] 인사동 (primary=KEY_2)
2026-06-14 00:43:38,603 [INFO] [67/121] 잠실롯데타워·석촌호수 (primary=KEY_3)
2026-06-14 00:43:40,288 [INFO] [68/121] 창동 신경제 중심지 (primary=KEY_4)
2026-06-14 00:43:42,012 [INFO] [69/121] 청담동 명품거리 (primary=KEY_1)
2026-06-14 00:43:43,303 [INFO] [70/121] 청량리 제기동 일대 전통시장 (primary=KEY_2)
2026-06-14 00:43:44,588 [INFO] [71/121] 해방촌·경리단길 (primary=KEY_3)
2026-06-14 00:43:45,703 [INFO] [72/121] DDP(동대문디자인플라자) (primary=KEY_4)
2026-06-14 00:43:47,010 [INFO] [73/121] DMC(디지털미디어시티) (primary=KEY_1)
2026-06-14 00:43:48,704 [INFO] [74/121] 가산디지털단지역 (primary=KEY_2)
2026-06-14 00:43:50,535 [INFO] [75/121] 강남역 (primary=KEY_3)
2026-06-14 00:43:52,027 [INFO] [76/121] 건대입구역 (primary=KEY_4)
2026-06-14 00:43:53,323 [INFO] [77/121] 고덕역 (primary=KEY_1)
2026-06-14 00:43:54,600 [INFO] [78/121] 고속터미널역 (primary=KEY_2)
2026-06-14 00:43:55,901 [INFO] [79/121] 교대역 (primary=KEY_3)
2026-06-14 00:43:57,039 [INFO] [80/121] 구로디지털단지역 (primary=KEY_4)
2026-06-14 00:43:58,685 [INFO] [81/121] 구로역 (primary=KEY_1)
2026-06-14 00:43:59,961 [INFO] [82/121] 군자역 (primary=KEY_2)
2026-06-14 00:44:01,103 [INFO] [83/121] 대림역 (primary=KEY_3)
2026-06-14 00:44:02,404 [INFO] [84/121] 동대문역 (primary=KEY_4)
2026-06-14 00:44:03,691 [INFO] [85/121] 뚝섬역 (primary=KEY_1)
2026-06-14 00:44:04,969 [INFO] [86/121] 미아사거리역 (primary=KEY_2)
2026-06-14 00:44:06,263 [INFO] [87/121] 발산역 (primary=KEY_3)
2026-06-14 00:44:07,891 [INFO] [88/121] 사당역 (primary=KEY_4)
2026-06-14 00:44:09,185 [INFO] [89/121] 삼각지역 (primary=KEY_1)
2026-06-14 00:44:10,296 [INFO] [90/121] 서울대입구역 (primary=KEY_2)
2026-06-14 00:44:11,575 [INFO] [91/121] 서울식물원·마곡나루역 (primary=KEY_3)
2026-06-14 00:44:13,046 [INFO] [92/121] 서울역 (primary=KEY_4)
2026-06-14 00:44:14,385 [INFO] [93/121] 선릉역 (primary=KEY_1)
2026-06-14 00:44:16,048 [INFO] [94/121] 성신여대입구역 (primary=KEY_2)
2026-06-14 00:44:17,178 [INFO] [95/121] 수유역 (primary=KEY_3)
2026-06-14 00:44:18,464 [INFO] [96/121] 숭례문 (primary=KEY_4)
2026-06-14 00:44:19,755 [INFO] [97/121] 시의회 앞 (primary=KEY_1)
2026-06-14 00:44:21,050 [INFO] [98/121] 신논현역·논현역 (primary=KEY_2)
2026-06-14 00:44:22,345 [INFO] [99/121] 신도림역 (primary=KEY_3)
2026-06-14 00:44:23,449 [INFO] [100/121] 신림역 (primary=KEY_4)
2026-06-14 00:44:24,732 [INFO] [101/121] 신정네거리역 (primary=KEY_1)
2026-06-14 00:44:26,007 [INFO] [102/121] 신촌·이대역 (primary=KEY_2)
2026-06-14 00:44:27,292 [INFO] [103/121] 쌍문역 (primary=KEY_3)
2026-06-14 00:44:28,569 [INFO] [104/121] 양재역 (primary=KEY_4)
2026-06-14 00:44:29,910 [INFO] [105/121] 역삼역 (primary=KEY_1)
2026-06-14 00:44:31,371 [INFO] [106/121] 연신내역 (primary=KEY_2)
2026-06-14 00:44:32,490 [INFO] [107/121] 오목교역·목동운동장 (primary=KEY_3)
2026-06-14 00:44:34,316 [INFO] [108/121] 왕십리역 (primary=KEY_4)
2026-06-14 00:44:35,637 [INFO] [109/121] 용산역 (primary=KEY_1)
2026-06-14 00:44:37,172 [INFO] [110/121] 이태원역 (primary=KEY_2)
2026-06-14 00:44:38,294 [INFO] [111/121] 잠실새내역 (primary=KEY_3)
2026-06-14 00:44:39,583 [INFO] [112/121] 잠실역 (primary=KEY_4)
2026-06-14 00:44:41,052 [INFO] [113/121] 장지역 (primary=KEY_1)
2026-06-14 00:44:42,525 [INFO] [114/121] 장한평역 (primary=KEY_2)
2026-06-14 00:44:43,808 [INFO] [115/121] 천호역 (primary=KEY_3)
2026-06-14 00:44:45,111 [INFO] [116/121] 총신대입구(이수)역 (primary=KEY_4)
2026-06-14 00:44:46,417 [INFO] [117/121] 충정로역 (primary=KEY_1)
2026-06-14 00:44:47,696 [INFO] [118/121] 합정역 (primary=KEY_2)
2026-06-14 00:44:48,990 [INFO] [119/121] 혜화역 (primary=KEY_3)
2026-06-14 00:44:50,317 [INFO] [120/121] 홍대입구역(2호선) (primary=KEY_4)
2026-06-14 00:44:51,621 [INFO] [121/121] 회기역 (primary=KEY_1)
2026-06-14 00:44:53,351 [INFO] === 수집 완료 | 성공 121, 실패 0 ===
2026-06-14 00:44:53,351 [INFO] 카테고리별 저장 결과:
2026-06-14 00:44:53,351 [INFO]    accident                  | 신규     3행 | 누적      3행 | 16컬럼
2026-06-14 00:44:53,351 [INFO]    accident_acdnt_cntrl_stts | 신규     2행 | 누적      2행 | 16컬럼
2026-06-14 00:44:53,351 [INFO]    area_meta                 | 신규   121행 | 누적    121행 | 5컬럼
2026-06-14 00:44:53,352 [INFO]    bike                      | 신규    12행 | 누적     12행 | 12컬럼
2026-06-14 00:44:53,352 [INFO]    bike_sbike_stts           | 신규   543행 | 누적    543행 | 12컬럼
2026-06-14 00:44:53,352 [INFO]    bus                       | 신규     3행 | 누적      3행 | 11컬럼
2026-06-14 00:44:53,352 [INFO]    bus_bus_stn_stts          | 신규  1745행 | 누적   1745행 | 11컬럼
2026-06-14 00:44:53,352 [INFO]    charger                   | 신규     4행 | 누적      4행 | 15컬럼
2026-06-14 00:44:53,352 [INFO]    charger_charger_stts      | 신규  1907행 | 누적   1907행 | 15컬럼
2026-06-14 00:44:53,352 [INFO]    cmrcl                     | 신규    82행 | 누적     82행 | 20컬럼
2026-06-14 00:44:53,352 [INFO]    events                    | 신규    17행 | 누적     17행 | 14컬럼
2026-06-14 00:44:53,352 [INFO]    events_event_stts         | 신규   169행 | 누적    169행 | 14컬럼
2026-06-14 00:44:53,352 [INFO]    parking                   | 신규     6행 | 누적      6행 | 21컬럼
2026-06-14 00:44:53,352 [INFO]    parking_prk_stts          | 신규  1836행 | 누적   1836행 | 21컬럼
2026-06-14 00:44:53,352 [INFO]    ppltn                     | 신규   121행 | 누적    121행 | 26컬럼
2026-06-14 00:44:53,352 [INFO]    road                      | 신규   121행 | 누적    121행 | 21컬럼
2026-06-14 00:44:53,352 [INFO]    road_road_traffic_stts    | 신규  5255행 | 누적   5255행 | 17컬럼
2026-06-14 00:44:53,352 [INFO]    subway                    | 신규    38행 | 누적     38행 | 13컬럼
2026-06-14 00:44:53,352 [INFO]    subway_sub_stts           | 신규   183행 | 누적    183행 | 13컬럼
2026-06-14 00:44:53,352 [INFO]    weather                   | 신규   119행 | 누적    119행 | 29컬럼
2026-06-14 00:44:53,353 [INFO] 키별 사용량:
2026-06-14 00:44:53,353 [INFO]    🟢 KEY_1 (31/1000) 
2026-06-14 00:44:53,353 [INFO]    🟢 KEY_2 (30/1000) 
2026-06-14 00:44:53,353 [INFO]    🟢 KEY_3 (30/1000) 
2026-06-14 00:44:53,353 [INFO]    🟢 KEY_4 (30/1000) 
2026-06-14 01:41:42,371 [INFO] 등록된 키: 4개, 합산 한도 4,000건/일
2026-06-14 01:41:42,372 [INFO] POI 로드: 매뉴얼 v8.5 기준 fallback 121개 (121개 전체)
2026-06-14 01:41:42,372 [INFO] === 수집 시작 2026-06-14T01:41:42.372175+09:00 ===
2026-06-14 01:41:42,372 [INFO] 대상 장소: 121개 | API: citydata (통합)
2026-06-14 01:41:42,372 [INFO] 키 풀: 4/4 활성 | 오늘 사용 0/4000건
2026-06-14 01:41:42,372 [INFO]   [KEY_1] 담당 31장소
2026-06-14 01:41:42,372 [INFO]   [KEY_2] 담당 30장소
2026-06-14 01:41:42,372 [INFO]   [KEY_3] 담당 30장소
2026-06-14 01:41:42,372 [INFO]   [KEY_4] 담당 30장소
2026-06-14 01:41:42,372 [INFO] [1/121] 경복궁 (primary=KEY_1)
2026-06-14 01:41:43,696 [INFO] [2/121] 광화문·덕수궁 (primary=KEY_2)
2026-06-14 01:41:44,980 [INFO] [3/121] 보신각 (primary=KEY_3)
2026-06-14 01:41:46,935 [INFO] [4/121] 서울 암사동 유적 (primary=KEY_4)
2026-06-14 01:41:48,164 [INFO] [5/121] 창덕궁·종묘 (primary=KEY_1)
2026-06-14 01:41:49,947 [INFO] [6/121] 강남 MICE 관광특구 (primary=KEY_2)
2026-06-14 01:41:50,958 [INFO] [7/121] 동대문 관광특구 (primary=KEY_3)
2026-06-14 01:41:52,931 [INFO] [8/121] 명동 관광특구 (primary=KEY_4)
2026-06-14 01:41:54,368 [INFO] [9/121] 이태원 관광특구 (primary=KEY_1)
2026-06-14 01:41:56,309 [INFO] [10/121] 잠실 관광특구 (primary=KEY_2)
2026-06-14 01:41:57,723 [INFO] [11/121] 종로·청계 관광특구 (primary=KEY_3)
2026-06-14 01:41:59,016 [INFO] [12/121] 홍대 관광특구 (primary=KEY_4)
2026-06-14 01:42:00,309 [INFO] [13/121] 강서한강공원 (primary=KEY_1)
2026-06-14 01:42:01,351 [INFO] [14/121] 고척돔 (primary=KEY_2)
2026-06-14 01:42:02,322 [INFO] [15/121] 광나루한강공원 (primary=KEY_3)
2026-06-14 01:42:03,957 [INFO] [16/121] 광화문광장 (primary=KEY_4)
2026-06-14 01:42:05,074 [INFO] [17/121] 국립중앙박물관·용산가족공원 (primary=KEY_1)
2026-06-14 01:42:06,185 [INFO] [18/121] 난지한강공원 (primary=KEY_2)
2026-06-14 01:42:07,695 [INFO] [19/121] 남산공원 (primary=KEY_3)
2026-06-14 01:42:09,366 [INFO] [20/121] 노들섬 (primary=KEY_4)
2026-06-14 01:42:10,451 [INFO] [21/121] 뚝섬한강공원 (primary=KEY_1)
2026-06-14 01:42:11,417 [INFO] [22/121] 망원한강공원 (primary=KEY_2)
2026-06-14 01:42:13,201 [INFO] [23/121] 반포한강공원 (primary=KEY_3)
2026-06-14 01:42:14,164 [INFO] [24/121] 보라매공원 (primary=KEY_4)
2026-06-14 01:42:15,166 [INFO] [25/121] 북서울꿈의숲 (primary=KEY_1)
2026-06-14 01:42:16,191 [INFO] [26/121] 서대문독립공원 (primary=KEY_2)
2026-06-14 01:42:17,167 [INFO] [27/121] 서리풀공원·몽마르뜨공원 (primary=KEY_3)
2026-06-14 01:42:18,848 [INFO] [28/121] 서울대공원 (primary=KEY_4)
2026-06-14 01:42:19,811 [INFO] [29/121] 서울숲공원 (primary=KEY_1)
2026-06-14 01:42:20,923 [INFO] [30/121] 송현녹지광장 (primary=KEY_2)
2026-06-14 01:42:22,064 [INFO] [31/121] 아차산 (primary=KEY_3)
2026-06-14 01:42:23,027 [INFO] [32/121] 안양천 (primary=KEY_4)
2026-06-14 01:42:23,983 [INFO] [33/121] 양화한강공원 (primary=KEY_1)
2026-06-14 01:42:24,949 [INFO] [34/121] 어린이대공원 (primary=KEY_2)
2026-06-14 01:42:25,940 [INFO] [35/121] 여의도한강공원 (primary=KEY_3)
2026-06-14 01:42:27,051 [INFO] [36/121] 여의서로 (primary=KEY_4)
2026-06-14 01:42:28,019 [INFO] [37/121] 올림픽공원 (primary=KEY_1)
2026-06-14 01:42:29,162 [INFO] [38/121] 월드컵공원 (primary=KEY_2)
2026-06-14 01:42:30,427 [INFO] [39/121] 응봉산 (primary=KEY_3)
2026-06-14 01:42:31,538 [INFO] [40/121] 이촌한강공원 (primary=KEY_4)
2026-06-14 01:42:33,056 [INFO] [41/121] 잠실종합운동장 (primary=KEY_1)
2026-06-14 01:42:34,037 [INFO] [42/121] 잠실한강공원 (primary=KEY_2)
2026-06-14 01:42:35,018 [INFO] [43/121] 잠원한강공원 (primary=KEY_3)
2026-06-14 01:42:35,988 [INFO] [44/121] 청계산 (primary=KEY_4)
2026-06-14 01:42:36,954 [INFO] [45/121] 홍제폭포 (primary=KEY_1)
2026-06-14 01:42:37,912 [INFO] [46/121] 가락시장 (primary=KEY_2)
2026-06-14 01:42:39,048 [INFO] [47/121] 가로수길 (primary=KEY_3)
2026-06-14 01:42:40,183 [INFO] [48/121] 광장(전통)시장 (primary=KEY_4)
2026-06-14 01:42:41,170 [INFO] [49/121] 김포공항 (primary=KEY_1)
2026-06-14 01:42:42,322 [INFO] [50/121] 남대문시장 (primary=KEY_2)
2026-06-14 01:42:43,312 [INFO] [51/121] 노량진 (primary=KEY_3)
2026-06-14 01:42:44,313 [INFO] [52/121] 덕수궁길·정동길 (primary=KEY_4)
2026-06-14 01:42:45,440 [INFO] [53/121] 북창동 먹자골목 (primary=KEY_1)
2026-06-14 01:42:46,606 [INFO] [54/121] 북촌한옥마을 (primary=KEY_2)
2026-06-14 01:42:47,733 [INFO] [55/121] 서촌 (primary=KEY_3)
2026-06-14 01:42:48,856 [INFO] [56/121] 성수카페거리 (primary=KEY_4)
2026-06-14 01:42:49,980 [INFO] [57/121] 송리단길·호수단길 (primary=KEY_1)
2026-06-14 01:42:51,107 [INFO] [58/121] 신촌 스타광장 (primary=KEY_2)
2026-06-14 01:42:52,098 [INFO] [59/121] 압구정로데오거리 (primary=KEY_3)
2026-06-14 01:42:53,229 [INFO] [60/121] 여의도 (primary=KEY_4)
2026-06-14 01:42:54,842 [INFO] [61/121] 연남동 (primary=KEY_1)
2026-06-14 01:42:55,967 [INFO] [62/121] 영등포 타임스퀘어 (primary=KEY_2)
2026-06-14 01:42:57,078 [INFO] [63/121] 용리단길 (primary=KEY_3)
2026-06-14 01:42:58,115 [INFO] [64/121] 이태원 앤틱가구거리 (primary=KEY_4)
2026-06-14 01:42:59,112 [INFO] [65/121] 익선동 (primary=KEY_1)
2026-06-14 01:43:00,244 [INFO] [66/121] 인사동 (primary=KEY_2)
2026-06-14 01:43:01,378 [INFO] [67/121] 잠실롯데타워·석촌호수 (primary=KEY_3)
2026-06-14 01:43:02,527 [INFO] [68/121] 창동 신경제 중심지 (primary=KEY_4)
2026-06-14 01:43:03,814 [INFO] [69/121] 청담동 명품거리 (primary=KEY_1)
2026-06-14 01:43:04,930 [INFO] [70/121] 청량리 제기동 일대 전통시장 (primary=KEY_2)
2026-06-14 01:43:06,069 [INFO] [71/121] 해방촌·경리단길 (primary=KEY_3)
2026-06-14 01:43:07,044 [INFO] [72/121] DDP(동대문디자인플라자) (primary=KEY_4)
2026-06-14 01:43:08,204 [INFO] [73/121] DMC(디지털미디어시티) (primary=KEY_1)
2026-06-14 01:43:09,498 [INFO] [74/121] 가산디지털단지역 (primary=KEY_2)
2026-06-14 01:43:10,761 [INFO] [75/121] 강남역 (primary=KEY_3)
2026-06-14 01:43:12,045 [INFO] [76/121] 건대입구역 (primary=KEY_4)
2026-06-14 01:43:13,189 [INFO] [77/121] 고덕역 (primary=KEY_1)
2026-06-14 01:43:14,180 [INFO] [78/121] 고속터미널역 (primary=KEY_2)
2026-06-14 01:43:15,211 [INFO] [79/121] 교대역 (primary=KEY_3)
2026-06-14 01:43:16,207 [INFO] [80/121] 구로디지털단지역 (primary=KEY_4)
2026-06-14 01:43:17,325 [INFO] [81/121] 구로역 (primary=KEY_1)
2026-06-14 01:43:18,302 [INFO] [82/121] 군자역 (primary=KEY_2)
2026-06-14 01:43:19,300 [INFO] [83/121] 대림역 (primary=KEY_3)
2026-06-14 01:43:20,303 [INFO] [84/121] 동대문역 (primary=KEY_4)
2026-06-14 01:43:21,306 [INFO] [85/121] 뚝섬역 (primary=KEY_1)
2026-06-14 01:43:22,420 [INFO] [86/121] 미아사거리역 (primary=KEY_2)
2026-06-14 01:43:23,534 [INFO] [87/121] 발산역 (primary=KEY_3)
2026-06-14 01:43:24,779 [INFO] [88/121] 사당역 (primary=KEY_4)
2026-06-14 01:43:25,898 [INFO] [89/121] 삼각지역 (primary=KEY_1)
2026-06-14 01:43:26,881 [INFO] [90/121] 서울대입구역 (primary=KEY_2)
2026-06-14 01:43:27,871 [INFO] [91/121] 서울식물원·마곡나루역 (primary=KEY_3)
2026-06-14 01:43:29,008 [INFO] [92/121] 서울역 (primary=KEY_4)
2026-06-14 01:43:30,169 [INFO] [93/121] 선릉역 (primary=KEY_1)
2026-06-14 01:43:31,512 [INFO] [94/121] 성신여대입구역 (primary=KEY_2)
2026-06-14 01:43:32,502 [INFO] [95/121] 수유역 (primary=KEY_3)
2026-06-14 01:43:33,617 [INFO] [96/121] 숭례문 (primary=KEY_4)
2026-06-14 01:43:34,744 [INFO] [97/121] 시의회 앞 (primary=KEY_1)
2026-06-14 01:43:35,897 [INFO] [98/121] 신논현역·논현역 (primary=KEY_2)
2026-06-14 01:43:37,050 [INFO] [99/121] 신도림역 (primary=KEY_3)
2026-06-14 01:43:38,016 [INFO] [100/121] 신림역 (primary=KEY_4)
2026-06-14 01:43:39,006 [INFO] [101/121] 신정네거리역 (primary=KEY_1)
2026-06-14 01:43:39,989 [INFO] [102/121] 신촌·이대역 (primary=KEY_2)
2026-06-14 01:43:41,102 [INFO] [103/121] 쌍문역 (primary=KEY_3)
2026-06-14 01:43:42,091 [INFO] [104/121] 양재역 (primary=KEY_4)
2026-06-14 01:43:43,091 [INFO] [105/121] 역삼역 (primary=KEY_1)
2026-06-14 01:43:44,227 [INFO] [106/121] 연신내역 (primary=KEY_2)
2026-06-14 01:43:45,226 [INFO] [107/121] 오목교역·목동운동장 (primary=KEY_3)
2026-06-14 01:43:46,505 [INFO] [108/121] 왕십리역 (primary=KEY_4)
2026-06-14 01:43:47,643 [INFO] [109/121] 용산역 (primary=KEY_1)
2026-06-14 01:43:48,781 [INFO] [110/121] 이태원역 (primary=KEY_2)
2026-06-14 01:43:49,775 [INFO] [111/121] 잠실새내역 (primary=KEY_3)
2026-06-14 01:43:50,904 [INFO] [112/121] 잠실역 (primary=KEY_4)
2026-06-14 01:43:52,028 [INFO] [113/121] 장지역 (primary=KEY_1)
2026-06-14 01:43:53,150 [INFO] [114/121] 장한평역 (primary=KEY_2)
2026-06-14 01:43:54,269 [INFO] [115/121] 천호역 (primary=KEY_3)
2026-06-14 01:43:55,409 [INFO] [116/121] 총신대입구(이수)역 (primary=KEY_4)
2026-06-14 01:43:56,605 [INFO] [117/121] 충정로역 (primary=KEY_1)
2026-06-14 01:43:57,610 [INFO] [118/121] 합정역 (primary=KEY_2)
2026-06-14 01:43:58,741 [INFO] [119/121] 혜화역 (primary=KEY_3)
2026-06-14 01:43:59,735 [INFO] [120/121] 홍대입구역(2호선) (primary=KEY_4)
2026-06-14 01:44:00,745 [INFO] [121/121] 회기역 (primary=KEY_1)
2026-06-14 01:44:02,584 [INFO] === 수집 완료 | 성공 121, 실패 0 ===
2026-06-14 01:44:02,584 [INFO] 카테고리별 저장 결과:
2026-06-14 01:44:02,584 [INFO]    accident                  | 신규     3행 | 누적      6행 | 16컬럼
2026-06-14 01:44:02,584 [INFO]    accident_acdnt_cntrl_stts | 신규     2행 | 누적      4행 | 16컬럼
2026-06-14 01:44:02,584 [INFO]    area_meta                 | 신규   121행 | 누적    242행 | 5컬럼
2026-06-14 01:44:02,584 [INFO]    bike                      | 신규    12행 | 누적     24행 | 12컬럼
2026-06-14 01:44:02,585 [INFO]    bike_sbike_stts           | 신규   543행 | 누적   1086행 | 12컬럼
2026-06-14 01:44:02,585 [INFO]    bus                       | 신규     3행 | 누적      6행 | 11컬럼
2026-06-14 01:44:02,585 [INFO]    bus_bus_stn_stts          | 신규  1745행 | 누적   3490행 | 11컬럼
2026-06-14 01:44:02,585 [INFO]    charger                   | 신규    25행 | 누적     29행 | 15컬럼
2026-06-14 01:44:02,585 [INFO]    charger_charger_stts      | 신규   336행 | 누적   2226행 | 15컬럼
2026-06-14 01:44:02,585 [INFO]    cmrcl                     | 신규    82행 | 누적    164행 | 20컬럼
2026-06-14 01:44:02,585 [INFO]    events                    | 신규    17행 | 누적     34행 | 14컬럼
2026-06-14 01:44:02,585 [INFO]    events_event_stts         | 신규   169행 | 누적    338행 | 14컬럼
2026-06-14 01:44:02,585 [INFO]    parking                   | 신규     6행 | 누적     12행 | 21컬럼
2026-06-14 01:44:02,585 [INFO]    parking_prk_stts          | 신규  1836행 | 누적   3672행 | 21컬럼
2026-06-14 01:44:02,585 [INFO]    ppltn                     | 신규   121행 | 누적    242행 | 26컬럼
2026-06-14 01:44:02,585 [INFO]    road                      | 신규   121행 | 누적    242행 | 21컬럼
2026-06-14 01:44:02,585 [INFO]    road_road_traffic_stts    | 신규  5255행 | 누적  10510행 | 17컬럼
2026-06-14 01:44:02,585 [INFO]    subway                    | 신규    38행 | 누적     76행 | 13컬럼
2026-06-14 01:44:02,585 [INFO]    subway_sub_stts           | 신규   183행 | 누적    366행 | 13컬럼
2026-06-14 01:44:02,585 [INFO]    weather                   | 신규   119행 | 누적    238행 | 29컬럼
2026-06-14 01:44:02,585 [INFO] 키별 사용량:
2026-06-14 01:44:02,585 [INFO]    🟢 KEY_1 (31/1000) 
2026-06-14 01:44:02,585 [INFO]    🟢 KEY_2 (30/1000) 
2026-06-14 01:44:02,586 [INFO]    🟢 KEY_3 (30/1000) 
2026-06-14 01:44:02,586 [INFO]    🟢 KEY_4 (30/1000) 
2026-06-14 02:40:00,362 [INFO] 등록된 키: 4개, 합산 한도 4,000건/일
2026-06-14 02:40:00,363 [INFO] POI 로드: 매뉴얼 v8.5 기준 fallback 121개 (121개 전체)
2026-06-14 02:40:00,363 [INFO] === 수집 시작 2026-06-14T02:40:00.363413+09:00 ===
2026-06-14 02:40:00,363 [INFO] 대상 장소: 121개 | API: citydata (통합)
2026-06-14 02:40:00,363 [INFO] 키 풀: 4/4 활성 | 오늘 사용 0/4000건
2026-06-14 02:40:00,363 [INFO]   [KEY_1] 담당 31장소
2026-06-14 02:40:00,363 [INFO]   [KEY_2] 담당 30장소
2026-06-14 02:40:00,363 [INFO]   [KEY_3] 담당 30장소
2026-06-14 02:40:00,363 [INFO]   [KEY_4] 담당 30장소
2026-06-14 02:40:00,363 [INFO] [1/121] 경복궁 (primary=KEY_1)
2026-06-14 02:40:02,315 [INFO] [2/121] 광화문·덕수궁 (primary=KEY_2)
2026-06-14 02:40:04,774 [INFO] [3/121] 보신각 (primary=KEY_3)
2026-06-14 02:40:06,767 [INFO] [4/121] 서울 암사동 유적 (primary=KEY_4)
2026-06-14 02:40:08,663 [INFO] [5/121] 창덕궁·종묘 (primary=KEY_1)
2026-06-14 02:40:10,139 [INFO] [6/121] 강남 MICE 관광특구 (primary=KEY_2)
2026-06-14 02:40:12,234 [INFO] [7/121] 동대문 관광특구 (primary=KEY_3)
2026-06-14 02:40:14,345 [INFO] [8/121] 명동 관광특구 (primary=KEY_4)
2026-06-14 02:40:16,115 [INFO] [9/121] 이태원 관광특구 (primary=KEY_1)
2026-06-14 02:40:17,436 [INFO] [10/121] 잠실 관광특구 (primary=KEY_2)
2026-06-14 02:40:19,734 [INFO] [11/121] 종로·청계 관광특구 (primary=KEY_3)
2026-06-14 02:40:21,295 [INFO] [12/121] 홍대 관광특구 (primary=KEY_4)
2026-06-14 02:40:23,422 [INFO] [13/121] 강서한강공원 (primary=KEY_1)
2026-06-14 02:40:24,549 [INFO] [14/121] 고척돔 (primary=KEY_2)
2026-06-14 02:40:25,662 [INFO] [15/121] 광나루한강공원 (primary=KEY_3)
2026-06-14 02:40:27,720 [INFO] [16/121] 광화문광장 (primary=KEY_4)
2026-06-14 02:40:29,847 [INFO] [17/121] 국립중앙박물관·용산가족공원 (primary=KEY_1)
2026-06-14 02:40:31,789 [INFO] [18/121] 난지한강공원 (primary=KEY_2)
2026-06-14 02:40:33,691 [INFO] [19/121] 남산공원 (primary=KEY_3)
2026-06-14 02:40:35,977 [INFO] [20/121] 노들섬 (primary=KEY_4)
2026-06-14 02:40:37,107 [INFO] [21/121] 뚝섬한강공원 (primary=KEY_1)
2026-06-14 02:40:38,243 [INFO] [22/121] 망원한강공원 (primary=KEY_2)
2026-06-14 02:40:39,571 [INFO] [23/121] 반포한강공원 (primary=KEY_3)
2026-06-14 02:40:40,697 [INFO] [24/121] 보라매공원 (primary=KEY_4)
2026-06-14 02:40:41,860 [INFO] [25/121] 북서울꿈의숲 (primary=KEY_1)
2026-06-14 02:40:43,752 [INFO] [26/121] 서대문독립공원 (primary=KEY_2)
2026-06-14 02:40:46,036 [INFO] [27/121] 서리풀공원·몽마르뜨공원 (primary=KEY_3)
2026-06-14 02:40:47,198 [INFO] [28/121] 서울대공원 (primary=KEY_4)
2026-06-14 02:40:49,092 [INFO] [29/121] 서울숲공원 (primary=KEY_1)
2026-06-14 02:40:50,408 [INFO] [30/121] 송현녹지광장 (primary=KEY_2)
2026-06-14 02:40:53,311 [INFO] [31/121] 아차산 (primary=KEY_3)
2026-06-14 02:40:55,010 [INFO] [32/121] 안양천 (primary=KEY_4)
2026-06-14 02:40:56,890 [INFO] [33/121] 양화한강공원 (primary=KEY_1)
2026-06-14 02:40:58,786 [INFO] [34/121] 어린이대공원 (primary=KEY_2)
2026-06-14 02:40:59,955 [INFO] [35/121] 여의도한강공원 (primary=KEY_3)
2026-06-14 02:41:01,323 [INFO] [36/121] 여의서로 (primary=KEY_4)
2026-06-14 02:41:02,459 [INFO] [37/121] 올림픽공원 (primary=KEY_1)
2026-06-14 02:41:03,812 [INFO] [38/121] 월드컵공원 (primary=KEY_2)
2026-06-14 02:41:05,363 [INFO] [39/121] 응봉산 (primary=KEY_3)
2026-06-14 02:41:06,664 [INFO] [40/121] 이촌한강공원 (primary=KEY_4)
2026-06-14 02:41:07,793 [INFO] [41/121] 잠실종합운동장 (primary=KEY_1)
2026-06-14 02:41:09,673 [INFO] [42/121] 잠실한강공원 (primary=KEY_2)
2026-06-14 02:41:10,806 [INFO] [43/121] 잠원한강공원 (primary=KEY_3)
2026-06-14 02:41:11,936 [INFO] [44/121] 청계산 (primary=KEY_4)
2026-06-14 02:41:13,813 [INFO] [45/121] 홍제폭포 (primary=KEY_1)
2026-06-14 02:41:14,933 [INFO] [46/121] 가락시장 (primary=KEY_2)
2026-06-14 02:41:17,077 [INFO] [47/121] 가로수길 (primary=KEY_3)
2026-06-14 02:41:18,418 [INFO] [48/121] 광장(전통)시장 (primary=KEY_4)
2026-06-14 02:41:19,554 [INFO] [49/121] 김포공항 (primary=KEY_1)
2026-06-14 02:41:21,657 [INFO] [50/121] 남대문시장 (primary=KEY_2)
2026-06-14 02:41:22,813 [INFO] [51/121] 노량진 (primary=KEY_3)
2026-06-14 02:41:23,963 [INFO] [52/121] 덕수궁길·정동길 (primary=KEY_4)
2026-06-14 02:41:25,301 [INFO] [53/121] 북창동 먹자골목 (primary=KEY_1)
2026-06-14 02:41:26,446 [INFO] [54/121] 북촌한옥마을 (primary=KEY_2)
2026-06-14 02:41:27,770 [INFO] [55/121] 서촌 (primary=KEY_3)
2026-06-14 02:41:29,090 [INFO] [56/121] 성수카페거리 (primary=KEY_4)
2026-06-14 02:41:30,428 [INFO] [57/121] 송리단길·호수단길 (primary=KEY_1)
2026-06-14 02:41:32,367 [INFO] [58/121] 신촌 스타광장 (primary=KEY_2)
2026-06-14 02:41:33,512 [INFO] [59/121] 압구정로데오거리 (primary=KEY_3)
2026-06-14 02:41:34,844 [INFO] [60/121] 여의도 (primary=KEY_4)
2026-06-14 02:41:36,784 [INFO] [61/121] 연남동 (primary=KEY_1)
2026-06-14 02:41:38,103 [INFO] [62/121] 영등포 타임스퀘어 (primary=KEY_2)
2026-06-14 02:41:39,449 [INFO] [63/121] 용리단길 (primary=KEY_3)
2026-06-14 02:41:40,607 [INFO] [64/121] 이태원 앤틱가구거리 (primary=KEY_4)
2026-06-14 02:41:41,761 [INFO] [65/121] 익선동 (primary=KEY_1)
2026-06-14 02:41:43,856 [INFO] [66/121] 인사동 (primary=KEY_2)
2026-06-14 02:41:45,202 [INFO] [67/121] 잠실롯데타워·석촌호수 (primary=KEY_3)
2026-06-14 02:41:46,580 [INFO] [68/121] 창동 신경제 중심지 (primary=KEY_4)
2026-06-14 02:41:48,144 [INFO] [69/121] 청담동 명품거리 (primary=KEY_1)
2026-06-14 02:41:49,476 [INFO] [70/121] 청량리 제기동 일대 전통시장 (primary=KEY_2)
2026-06-14 02:41:50,811 [INFO] [71/121] 해방촌·경리단길 (primary=KEY_3)
2026-06-14 02:41:52,617 [INFO] [72/121] DDP(동대문디자인플라자) (primary=KEY_4)
2026-06-14 02:41:54,021 [INFO] [73/121] DMC(디지털미디어시티) (primary=KEY_1)
2026-06-14 02:41:55,571 [INFO] [74/121] 가산디지털단지역 (primary=KEY_2)
2026-06-14 02:41:57,091 [INFO] [75/121] 강남역 (primary=KEY_3)
2026-06-14 02:41:58,633 [INFO] [76/121] 건대입구역 (primary=KEY_4)
2026-06-14 02:41:59,966 [INFO] [77/121] 고덕역 (primary=KEY_1)
2026-06-14 02:42:01,108 [INFO] [78/121] 고속터미널역 (primary=KEY_2)
2026-06-14 02:42:02,253 [INFO] [79/121] 교대역 (primary=KEY_3)
2026-06-14 02:42:03,419 [INFO] [80/121] 구로디지털단지역 (primary=KEY_4)
2026-06-14 02:42:04,738 [INFO] [81/121] 구로역 (primary=KEY_1)
2026-06-14 02:42:05,870 [INFO] [82/121] 군자역 (primary=KEY_2)
2026-06-14 02:42:07,017 [INFO] [83/121] 대림역 (primary=KEY_3)
2026-06-14 02:42:08,151 [INFO] [84/121] 동대문역 (primary=KEY_4)
2026-06-14 02:42:09,284 [INFO] [85/121] 뚝섬역 (primary=KEY_1)
2026-06-14 02:42:10,594 [INFO] [86/121] 미아사거리역 (primary=KEY_2)
2026-06-14 02:42:11,924 [INFO] [87/121] 발산역 (primary=KEY_3)
2026-06-14 02:42:13,416 [INFO] [88/121] 사당역 (primary=KEY_4)
2026-06-14 02:42:14,757 [INFO] [89/121] 삼각지역 (primary=KEY_1)
2026-06-14 02:42:15,879 [INFO] [90/121] 서울대입구역 (primary=KEY_2)
2026-06-14 02:42:17,019 [INFO] [91/121] 서울식물원·마곡나루역 (primary=KEY_3)
2026-06-14 02:42:18,345 [INFO] [92/121] 서울역 (primary=KEY_4)
2026-06-14 02:42:19,704 [INFO] [93/121] 선릉역 (primary=KEY_1)
2026-06-14 02:42:21,234 [INFO] [94/121] 성신여대입구역 (primary=KEY_2)
2026-06-14 02:42:22,394 [INFO] [95/121] 수유역 (primary=KEY_3)
2026-06-14 02:42:23,722 [INFO] [96/121] 숭례문 (primary=KEY_4)
2026-06-14 02:42:25,038 [INFO] [97/121] 시의회 앞 (primary=KEY_1)
2026-06-14 02:42:26,365 [INFO] [98/121] 신논현역·논현역 (primary=KEY_2)
2026-06-14 02:42:27,710 [INFO] [99/121] 신도림역 (primary=KEY_3)
2026-06-14 02:42:28,848 [INFO] [100/121] 신림역 (primary=KEY_4)
2026-06-14 02:42:30,028 [INFO] [101/121] 신정네거리역 (primary=KEY_1)
2026-06-14 02:42:31,204 [INFO] [102/121] 신촌·이대역 (primary=KEY_2)
2026-06-14 02:42:32,530 [INFO] [103/121] 쌍문역 (primary=KEY_3)
2026-06-14 02:42:33,681 [INFO] [104/121] 양재역 (primary=KEY_4)
2026-06-14 02:42:34,819 [INFO] [105/121] 역삼역 (primary=KEY_1)
2026-06-14 02:42:36,159 [INFO] [106/121] 연신내역 (primary=KEY_2)
2026-06-14 02:42:37,324 [INFO] [107/121] 오목교역·목동운동장 (primary=KEY_3)
2026-06-14 02:42:38,854 [INFO] [108/121] 왕십리역 (primary=KEY_4)
2026-06-14 02:42:40,219 [INFO] [109/121] 용산역 (primary=KEY_1)
2026-06-14 02:42:41,551 [INFO] [110/121] 이태원역 (primary=KEY_2)
2026-06-14 02:42:42,690 [INFO] [111/121] 잠실새내역 (primary=KEY_3)
2026-06-14 02:42:44,014 [INFO] [112/121] 잠실역 (primary=KEY_4)
2026-06-14 02:42:45,370 [INFO] [113/121] 장지역 (primary=KEY_1)
2026-06-14 02:42:46,708 [INFO] [114/121] 장한평역 (primary=KEY_2)
2026-06-14 02:42:48,054 [INFO] [115/121] 천호역 (primary=KEY_3)
2026-06-14 02:42:49,459 [INFO] [116/121] 총신대입구(이수)역 (primary=KEY_4)
2026-06-14 02:42:50,791 [INFO] [117/121] 충정로역 (primary=KEY_1)
2026-06-14 02:42:51,955 [INFO] [118/121] 합정역 (primary=KEY_2)
2026-06-14 02:42:53,326 [INFO] [119/121] 혜화역 (primary=KEY_3)
2026-06-14 02:42:54,507 [INFO] [120/121] 홍대입구역(2호선) (primary=KEY_4)
2026-06-14 02:42:55,677 [INFO] [121/121] 회기역 (primary=KEY_1)
2026-06-14 02:42:57,809 [INFO] === 수집 완료 | 성공 121, 실패 0 ===
2026-06-14 02:42:57,809 [INFO] 카테고리별 저장 결과:
2026-06-14 02:42:57,809 [INFO]    accident                  | 신규     3행 | 누적      9행 | 16컬럼
2026-06-14 02:42:57,809 [INFO]    accident_acdnt_cntrl_stts | 신규     2행 | 누적      6행 | 16컬럼
2026-06-14 02:42:57,809 [INFO]    area_meta                 | 신규   121행 | 누적    363행 | 5컬럼
2026-06-14 02:42:57,810 [INFO]    bike                      | 신규    12행 | 누적     36행 | 12컬럼
2026-06-14 02:42:57,810 [INFO]    bike_sbike_stts           | 신규   543행 | 누적   1629행 | 12컬럼
2026-06-14 02:42:57,810 [INFO]    bus                       | 신규     3행 | 누적      9행 | 11컬럼
2026-06-14 02:42:57,810 [INFO]    bus_bus_stn_stts          | 신규  1745행 | 누적   5235행 | 11컬럼
2026-06-14 02:42:57,810 [INFO]    charger                   | 신규    19행 | 누적     48행 | 15컬럼
2026-06-14 02:42:57,810 [INFO]    charger_charger_stts      | 신규   437행 | 누적   2658행 | 15컬럼
2026-06-14 02:42:57,810 [INFO]    cmrcl                     | 신규    82행 | 누적    246행 | 20컬럼
2026-06-14 02:42:57,810 [INFO]    events                    | 신규    17행 | 누적     51행 | 14컬럼
2026-06-14 02:42:57,810 [INFO]    events_event_stts         | 신규   169행 | 누적    507행 | 14컬럼
2026-06-14 02:42:57,810 [INFO]    parking                   | 신규     6행 | 누적     18행 | 21컬럼
2026-06-14 02:42:57,810 [INFO]    parking_prk_stts          | 신규  1836행 | 누적   5508행 | 21컬럼
2026-06-14 02:42:57,810 [INFO]    ppltn                     | 신규   121행 | 누적    363행 | 26컬럼
2026-06-14 02:42:57,810 [INFO]    road                      | 신규   121행 | 누적    363행 | 21컬럼
2026-06-14 02:42:57,810 [INFO]    road_road_traffic_stts    | 신규  5255행 | 누적  15765행 | 17컬럼
2026-06-14 02:42:57,810 [INFO]    subway                    | 신규    38행 | 누적    114행 | 13컬럼
2026-06-14 02:42:57,810 [INFO]    subway_sub_stts           | 신규   183행 | 누적    549행 | 13컬럼
2026-06-14 02:42:57,810 [INFO]    weather                   | 신규   119행 | 누적    357행 | 29컬럼
2026-06-14 02:42:57,810 [INFO] 키별 사용량:
2026-06-14 02:42:57,810 [INFO]    🟢 KEY_1 (31/1000) 
2026-06-14 02:42:57,810 [INFO]    🟢 KEY_2 (30/1000) 
2026-06-14 02:42:57,810 [INFO]    🟢 KEY_3 (30/1000) 
2026-06-14 02:42:57,810 [INFO]    🟢 KEY_4 (30/1000) 
