2026-09-28 03:19:10,878 [INFO] 등록된 키: 4개, 합산 한도 4,000건/일
2026-09-28 03:19:10,879 [INFO] POI 로드: 매뉴얼 v8.5 기준 fallback 121개 (121개 전체)
2026-09-28 03:19:10,879 [INFO] === 수집 시작 2026-09-28T03:19:10.879484+09:00 ===
2026-09-28 03:19:10,879 [INFO] 대상 장소: 121개 | API: citydata (통합)
2026-09-28 03:19:10,879 [INFO] 키 풀: 4/4 활성 | 오늘 사용 0/4000건
2026-09-28 03:19:10,879 [INFO]   [KEY_1] 담당 31장소
2026-09-28 03:19:10,879 [INFO]   [KEY_2] 담당 30장소
2026-09-28 03:19:10,879 [INFO]   [KEY_3] 담당 30장소
2026-09-28 03:19:10,880 [INFO]   [KEY_4] 담당 30장소
2026-09-28 03:19:10,880 [INFO] [1/121] 경복궁 (primary=KEY_1)
2026-09-28 03:19:12,702 [INFO] [2/121] 광화문·덕수궁 (primary=KEY_2)
2026-09-28 03:19:15,293 [INFO] [3/121] 보신각 (primary=KEY_3)
2026-09-28 03:19:16,730 [INFO] [4/121] 서울 암사동 유적 (primary=KEY_4)
2026-09-28 03:19:18,342 [INFO] [5/121] 창덕궁·종묘 (primary=KEY_1)
2026-09-28 03:19:20,983 [INFO] [6/121] 강남 MICE 관광특구 (primary=KEY_2)
2026-09-28 03:19:22,170 [INFO] [7/121] 동대문 관광특구 (primary=KEY_3)
2026-09-28 03:19:24,294 [INFO] [8/121] 명동 관광특구 (primary=KEY_4)
2026-09-28 03:19:26,714 [INFO] [9/121] 이태원 관광특구 (primary=KEY_1)
2026-09-28 03:19:27,915 [INFO] [10/121] 잠실 관광특구 (primary=KEY_2)
2026-09-28 03:19:29,448 [INFO] [11/121] 종로·청계 관광특구 (primary=KEY_3)
2026-09-28 03:19:30,794 [INFO] [12/121] 홍대 관광특구 (primary=KEY_4)
2026-09-28 03:19:32,155 [INFO] [13/121] 강서한강공원 (primary=KEY_1)
2026-09-28 03:19:33,154 [INFO] [14/121] 고척돔 (primary=KEY_2)
2026-09-28 03:19:34,177 [INFO] [15/121] 광나루한강공원 (primary=KEY_3)
2026-09-28 03:19:36,076 [INFO] [16/121] 광화문광장 (primary=KEY_4)
2026-09-28 03:19:37,250 [INFO] [17/121] 국립중앙박물관·용산가족공원 (primary=KEY_1)
2026-09-28 03:19:38,266 [INFO] [18/121] 난지한강공원 (primary=KEY_2)
2026-09-28 03:19:39,279 [INFO] [19/121] 남산공원 (primary=KEY_3)
2026-09-28 03:19:40,619 [INFO] [20/121] 노들섬 (primary=KEY_4)
2026-09-28 03:19:41,629 [INFO] [21/121] 뚝섬한강공원 (primary=KEY_1)
2026-09-28 03:19:42,641 [INFO] [22/121] 망원한강공원 (primary=KEY_2)
2026-09-28 03:19:43,837 [INFO] [23/121] 반포한강공원 (primary=KEY_3)
2026-09-28 03:19:44,850 [INFO] [24/121] 보라매공원 (primary=KEY_4)
2026-09-28 03:19:45,883 [INFO] [25/121] 북서울꿈의숲 (primary=KEY_1)
2026-09-28 03:19:47,037 [INFO] [26/121] 서대문독립공원 (primary=KEY_2)
2026-09-28 03:19:48,093 [INFO] [27/121] 서리풀공원·몽마르뜨공원 (primary=KEY_3)
2026-09-28 03:19:49,136 [INFO] [28/121] 서울대공원 (primary=KEY_4)
2026-09-28 03:19:50,137 [INFO] [29/121] 서울숲공원 (primary=KEY_1)
2026-09-28 03:19:51,321 [INFO] [30/121] 송현녹지광장 (primary=KEY_2)
2026-09-28 03:19:52,483 [INFO] [31/121] 아차산 (primary=KEY_3)
2026-09-28 03:19:53,502 [INFO] [32/121] 안양천 (primary=KEY_4)
2026-09-28 03:19:54,520 [INFO] [33/121] 양화한강공원 (primary=KEY_1)
2026-09-28 03:19:55,533 [INFO] [34/121] 어린이대공원 (primary=KEY_2)
2026-09-28 03:19:56,716 [INFO] [35/121] 여의도한강공원 (primary=KEY_3)
2026-09-28 03:19:57,880 [INFO] [36/121] 여의서로 (primary=KEY_4)
2026-09-28 03:19:59,037 [INFO] [37/121] 올림픽공원 (primary=KEY_1)
2026-09-28 03:20:00,266 [INFO] [38/121] 월드컵공원 (primary=KEY_2)
2026-09-28 03:20:01,678 [INFO] [39/121] 응봉산 (primary=KEY_3)
2026-09-28 03:20:02,895 [INFO] [40/121] 이촌한강공원 (primary=KEY_4)
2026-09-28 03:20:04,110 [INFO] [41/121] 잠실종합운동장 (primary=KEY_1)
2026-09-28 03:20:05,125 [INFO] [42/121] 잠실한강공원 (primary=KEY_2)
2026-09-28 03:20:06,146 [INFO] [43/121] 잠원한강공원 (primary=KEY_3)
2026-09-28 03:20:07,161 [INFO] [44/121] 청계산 (primary=KEY_4)
2026-09-28 03:20:08,275 [INFO] [45/121] 홍제폭포 (primary=KEY_1)
2026-09-28 03:20:09,279 [INFO] [46/121] 가락시장 (primary=KEY_2)
2026-09-28 03:20:10,444 [INFO] [47/121] 가로수길 (primary=KEY_3)
2026-09-28 03:20:11,636 [INFO] [48/121] 광장(전통)시장 (primary=KEY_4)
2026-09-28 03:20:12,654 [INFO] [49/121] 김포공항 (primary=KEY_1)
2026-09-28 03:20:14,007 [INFO] [50/121] 남대문시장 (primary=KEY_2)
2026-09-28 03:20:15,216 [INFO] [51/121] 노량진 (primary=KEY_3)
2026-09-28 03:20:16,400 [INFO] [52/121] 덕수궁길·정동길 (primary=KEY_4)
2026-09-28 03:20:17,572 [INFO] [53/121] 북창동 먹자골목 (primary=KEY_1)
2026-09-28 03:20:18,722 [INFO] [54/121] 북촌한옥마을 (primary=KEY_2)
2026-09-28 03:20:20,040 [INFO] [55/121] 서촌 (primary=KEY_3)
2026-09-28 03:20:21,202 [INFO] [56/121] 성수카페거리 (primary=KEY_4)
2026-09-28 03:20:22,619 [INFO] [57/121] 송리단길·호수단길 (primary=KEY_1)
2026-09-28 03:20:23,959 [INFO] [58/121] 신촌 스타광장 (primary=KEY_2)
2026-09-28 03:20:24,979 [INFO] [59/121] 압구정로데오거리 (primary=KEY_3)
2026-09-28 03:20:26,171 [INFO] [60/121] 여의도 (primary=KEY_4)
2026-09-28 03:20:28,103 [INFO] [61/121] 연남동 (primary=KEY_1)
2026-09-28 03:20:29,269 [INFO] [62/121] 영등포 타임스퀘어 (primary=KEY_2)
2026-09-28 03:20:30,438 [INFO] [63/121] 용리단길 (primary=KEY_3)
2026-09-28 03:20:31,472 [INFO] [64/121] 이태원 앤틱가구거리 (primary=KEY_4)
2026-09-28 03:20:32,500 [INFO] [65/121] 익선동 (primary=KEY_1)
2026-09-28 03:20:33,689 [INFO] [66/121] 인사동 (primary=KEY_2)
2026-09-28 03:20:34,872 [INFO] [67/121] 잠실롯데타워·석촌호수 (primary=KEY_3)
2026-09-28 03:20:36,381 [INFO] [68/121] 창동 신경제 중심지 (primary=KEY_4)
2026-09-28 03:20:37,874 [INFO] [69/121] 청담동 명품거리 (primary=KEY_1)
2026-09-28 03:20:39,043 [INFO] [70/121] 청량리 제기동 일대 전통시장 (primary=KEY_2)
2026-09-28 03:20:40,222 [INFO] [71/121] 해방촌·경리단길 (primary=KEY_3)
2026-09-28 03:20:41,239 [INFO] [72/121] DDP(동대문디자인플라자) (primary=KEY_4)
2026-09-28 03:20:42,479 [INFO] [73/121] DMC(디지털미디어시티) (primary=KEY_1)
2026-09-28 03:20:43,984 [INFO] [74/121] 가산디지털단지역 (primary=KEY_2)
2026-09-28 03:20:45,605 [INFO] [75/121] 강남역 (primary=KEY_3)
2026-09-28 03:20:46,962 [INFO] [76/121] 건대입구역 (primary=KEY_4)
2026-09-28 03:20:48,173 [INFO] [77/121] 고덕역 (primary=KEY_1)
2026-09-28 03:20:49,346 [INFO] [78/121] 고속터미널역 (primary=KEY_2)
2026-09-28 03:20:50,558 [INFO] [79/121] 교대역 (primary=KEY_3)
2026-09-28 03:20:51,589 [INFO] [80/121] 구로디지털단지역 (primary=KEY_4)
2026-09-28 03:20:53,067 [INFO] [81/121] 구로역 (primary=KEY_1)
2026-09-28 03:20:54,232 [INFO] [82/121] 군자역 (primary=KEY_2)
2026-09-28 03:20:55,277 [INFO] [83/121] 대림역 (primary=KEY_3)
2026-09-28 03:20:56,464 [INFO] [84/121] 동대문역 (primary=KEY_4)
2026-09-28 03:20:57,649 [INFO] [85/121] 뚝섬역 (primary=KEY_1)
2026-09-28 03:20:58,829 [INFO] [86/121] 미아사거리역 (primary=KEY_2)
2026-09-28 03:21:00,033 [INFO] [87/121] 발산역 (primary=KEY_3)
2026-09-28 03:21:01,497 [INFO] [88/121] 사당역 (primary=KEY_4)
2026-09-28 03:21:02,681 [INFO] [89/121] 삼각지역 (primary=KEY_1)
2026-09-28 03:21:03,712 [INFO] [90/121] 서울대입구역 (primary=KEY_2)
2026-09-28 03:21:04,884 [INFO] [91/121] 서울식물원·마곡나루역 (primary=KEY_3)
2026-09-28 03:21:06,223 [INFO] [92/121] 서울역 (primary=KEY_4)
2026-09-28 03:21:07,438 [INFO] [93/121] 선릉역 (primary=KEY_1)
2026-09-28 03:21:08,934 [INFO] [94/121] 성신여대입구역 (primary=KEY_2)
2026-09-28 03:21:09,967 [INFO] [95/121] 수유역 (primary=KEY_3)
2026-09-28 03:21:11,136 [INFO] [96/121] 숭례문 (primary=KEY_4)
2026-09-28 03:21:12,309 [INFO] [97/121] 시의회 앞 (primary=KEY_1)
2026-09-28 03:21:13,475 [INFO] [98/121] 신논현역·논현역 (primary=KEY_2)
2026-09-28 03:21:14,653 [INFO] [99/121] 신도림역 (primary=KEY_3)
2026-09-28 03:21:15,671 [INFO] [100/121] 신림역 (primary=KEY_4)
2026-09-28 03:21:16,700 [INFO] [101/121] 신정네거리역 (primary=KEY_1)
2026-09-28 03:21:17,872 [INFO] [102/121] 신촌·이대역 (primary=KEY_2)
2026-09-28 03:21:19,054 [INFO] [103/121] 쌍문역 (primary=KEY_3)
2026-09-28 03:21:20,224 [INFO] [104/121] 양재역 (primary=KEY_4)
2026-09-28 03:21:21,399 [INFO] [105/121] 역삼역 (primary=KEY_1)
2026-09-28 03:21:22,724 [INFO] [106/121] 연신내역 (primary=KEY_2)
2026-09-28 03:21:23,764 [INFO] [107/121] 오목교역·목동운동장 (primary=KEY_3)
2026-09-28 03:21:25,408 [INFO] [108/121] 왕십리역 (primary=KEY_4)
2026-09-28 03:21:26,599 [INFO] [109/121] 용산역 (primary=KEY_1)
2026-09-28 03:21:27,930 [INFO] [110/121] 이태원역 (primary=KEY_2)
2026-09-28 03:21:28,971 [INFO] [111/121] 잠실새내역 (primary=KEY_3)
2026-09-28 03:21:30,141 [INFO] [112/121] 잠실역 (primary=KEY_4)
2026-09-28 03:21:31,467 [INFO] [113/121] 장지역 (primary=KEY_1)
2026-09-28 03:21:32,859 [INFO] [114/121] 장한평역 (primary=KEY_2)
2026-09-28 03:21:34,025 [INFO] [115/121] 천호역 (primary=KEY_3)
2026-09-28 03:21:35,212 [INFO] [116/121] 총신대입구(이수)역 (primary=KEY_4)
2026-09-28 03:21:36,390 [INFO] [117/121] 충정로역 (primary=KEY_1)
2026-09-28 03:21:37,563 [INFO] [118/121] 합정역 (primary=KEY_2)
2026-09-28 03:21:38,752 [INFO] [119/121] 혜화역 (primary=KEY_3)
2026-09-28 03:21:39,932 [INFO] [120/121] 홍대입구역(2호선) (primary=KEY_4)
2026-09-28 03:21:41,117 [INFO] [121/121] 회기역 (primary=KEY_1)
2026-09-28 03:21:42,701 [INFO] === 수집 완료 | 성공 121, 실패 0 ===
2026-09-28 03:21:42,701 [INFO] 카테고리별 저장 결과:
2026-09-28 03:21:42,701 [INFO]    area_meta                 | 신규   121행 | 누적    121행 | 5컬럼
2026-09-28 03:21:42,701 [INFO]    bike                      | 신규    11행 | 누적     11행 | 12컬럼
2026-09-28 03:21:42,701 [INFO]    bike_sbike_stts           | 신규   575행 | 누적    575행 | 12컬럼
2026-09-28 03:21:42,701 [INFO]    bus                       | 신규     3행 | 누적      3행 | 11컬럼
2026-09-28 03:21:42,701 [INFO]    bus_bus_stn_stts          | 신규  1745행 | 누적   1745행 | 11컬럼
2026-09-28 03:21:42,701 [INFO]    charger                   | 신규     4행 | 누적      4행 | 15컬럼
2026-09-28 03:21:42,701 [INFO]    charger_charger_stts      | 신규  1921행 | 누적   1921행 | 15컬럼
2026-09-28 03:21:42,701 [INFO]    cmrcl                     | 신규    82행 | 누적     82행 | 20컬럼
2026-09-28 03:21:42,701 [INFO]    events                    | 신규    12행 | 누적     12행 | 14컬럼
2026-09-28 03:21:42,701 [INFO]    events_event_stts         | 신규   109행 | 누적    109행 | 14컬럼
2026-09-28 03:21:42,701 [INFO]    parking                   | 신규     6행 | 누적      6행 | 21컬럼
2026-09-28 03:21:42,701 [INFO]    parking_prk_stts          | 신규  1832행 | 누적   1832행 | 21컬럼
2026-09-28 03:21:42,702 [INFO]    ppltn                     | 신규   121행 | 누적    121행 | 26컬럼
2026-09-28 03:21:42,702 [INFO]    road                      | 신규   121행 | 누적    121행 | 21컬럼
2026-09-28 03:21:42,702 [INFO]    road_road_traffic_stts    | 신규  5303행 | 누적   5303행 | 17컬럼
2026-09-28 03:21:42,702 [INFO]    subway                    | 신규    38행 | 누적     38행 | 12컬럼
2026-09-28 03:21:42,702 [INFO]    subway_sub_stts           | 신규   183행 | 누적    183행 | 13컬럼
2026-09-28 03:21:42,702 [INFO]    weather                   | 신규   119행 | 누적    119행 | 29컬럼
2026-09-28 03:21:42,702 [INFO] 키별 사용량:
2026-09-28 03:21:42,702 [INFO]    🟢 KEY_1 (31/1000) 
2026-09-28 03:21:42,702 [INFO]    🟢 KEY_2 (30/1000) 
2026-09-28 03:21:42,702 [INFO]    🟢 KEY_3 (30/1000) 
2026-09-28 03:21:42,702 [INFO]    🟢 KEY_4 (30/1000) 
2026-09-28 07:03:36,135 [INFO] 등록된 키: 4개, 합산 한도 4,000건/일
2026-09-28 07:03:36,135 [INFO] POI 로드: 매뉴얼 v8.5 기준 fallback 121개 (121개 전체)
2026-09-28 07:03:36,135 [INFO] === 수집 시작 2026-09-28T07:03:36.135788+09:00 ===
2026-09-28 07:03:36,135 [INFO] 대상 장소: 121개 | API: citydata (통합)
2026-09-28 07:03:36,135 [INFO] 키 풀: 4/4 활성 | 오늘 사용 0/4000건
2026-09-28 07:03:36,136 [INFO]   [KEY_1] 담당 31장소
2026-09-28 07:03:36,136 [INFO]   [KEY_2] 담당 30장소
2026-09-28 07:03:36,136 [INFO]   [KEY_3] 담당 30장소
2026-09-28 07:03:36,136 [INFO]   [KEY_4] 담당 30장소
2026-09-28 07:03:36,136 [INFO] [1/121] 경복궁 (primary=KEY_1)
2026-09-28 07:03:38,455 [INFO] [2/121] 광화문·덕수궁 (primary=KEY_2)
2026-09-28 07:03:41,138 [INFO] [3/121] 보신각 (primary=KEY_3)
2026-09-28 07:03:43,087 [INFO] [4/121] 서울 암사동 유적 (primary=KEY_4)
2026-09-28 07:03:45,036 [INFO] [5/121] 창덕궁·종묘 (primary=KEY_1)
2026-09-28 07:03:46,961 [INFO] [6/121] 강남 MICE 관광특구 (primary=KEY_2)
2026-09-28 07:03:48,222 [INFO] [7/121] 동대문 관광특구 (primary=KEY_3)
2026-09-28 07:03:49,723 [INFO] [8/121] 명동 관광특구 (primary=KEY_4)
2026-09-28 07:03:52,465 [INFO] [9/121] 이태원 관광특구 (primary=KEY_1)
2026-09-28 07:03:53,732 [INFO] [10/121] 잠실 관광특구 (primary=KEY_2)
2026-09-28 07:03:56,406 [INFO] [11/121] 종로·청계 관광특구 (primary=KEY_3)
2026-09-28 07:03:57,917 [INFO] [12/121] 홍대 관광특구 (primary=KEY_4)
2026-09-28 07:03:59,436 [INFO] [13/121] 강서한강공원 (primary=KEY_1)
2026-09-28 07:04:00,484 [INFO] [14/121] 고척돔 (primary=KEY_2)
2026-09-28 07:04:01,561 [INFO] [15/121] 광나루한강공원 (primary=KEY_3)
2026-09-28 07:04:03,369 [INFO] [16/121] 광화문광장 (primary=KEY_4)
2026-09-28 07:04:04,638 [INFO] [17/121] 국립중앙박물관·용산가족공원 (primary=KEY_1)
2026-09-28 07:04:05,893 [INFO] [18/121] 난지한강공원 (primary=KEY_2)
2026-09-28 07:04:06,944 [INFO] [19/121] 남산공원 (primary=KEY_3)
2026-09-28 07:04:08,409 [INFO] [20/121] 노들섬 (primary=KEY_4)
2026-09-28 07:04:10,480 [INFO] [21/121] 뚝섬한강공원 (primary=KEY_1)
2026-09-28 07:04:11,554 [INFO] [22/121] 망원한강공원 (primary=KEY_2)
2026-09-28 07:04:12,824 [INFO] [23/121] 반포한강공원 (primary=KEY_3)
2026-09-28 07:04:13,886 [INFO] [24/121] 보라매공원 (primary=KEY_4)
2026-09-28 07:04:14,984 [INFO] [25/121] 북서울꿈의숲 (primary=KEY_1)
2026-09-28 07:04:16,351 [INFO] [26/121] 서대문독립공원 (primary=KEY_2)
2026-09-28 07:04:17,440 [INFO] [27/121] 서리풀공원·몽마르뜨공원 (primary=KEY_3)
2026-09-28 07:04:18,742 [INFO] [28/121] 서울대공원 (primary=KEY_4)
2026-09-28 07:04:19,830 [INFO] [29/121] 서울숲공원 (primary=KEY_1)
2026-09-28 07:04:21,130 [INFO] [30/121] 송현녹지광장 (primary=KEY_2)
2026-09-28 07:04:22,393 [INFO] [31/121] 아차산 (primary=KEY_3)
2026-09-28 07:04:24,476 [INFO] [32/121] 안양천 (primary=KEY_4)
2026-09-28 07:04:25,547 [INFO] [33/121] 양화한강공원 (primary=KEY_1)
2026-09-28 07:04:27,490 [INFO] [34/121] 어린이대공원 (primary=KEY_2)
2026-09-28 07:04:28,764 [INFO] [35/121] 여의도한강공원 (primary=KEY_3)
2026-09-28 07:04:30,018 [INFO] [36/121] 여의서로 (primary=KEY_4)
2026-09-28 07:04:31,260 [INFO] [37/121] 올림픽공원 (primary=KEY_1)
2026-09-28 07:04:32,535 [INFO] [38/121] 월드컵공원 (primary=KEY_2)
2026-09-28 07:04:34,682 [INFO] [39/121] 응봉산 (primary=KEY_3)
2026-09-28 07:04:35,905 [INFO] [40/121] 이촌한강공원 (primary=KEY_4)
2026-09-28 07:04:36,993 [INFO] [41/121] 잠실종합운동장 (primary=KEY_1)
2026-09-28 07:04:38,089 [INFO] [42/121] 잠실한강공원 (primary=KEY_2)
2026-09-28 07:04:39,166 [INFO] [43/121] 잠원한강공원 (primary=KEY_3)
2026-09-28 07:04:40,253 [INFO] [44/121] 청계산 (primary=KEY_4)
2026-09-28 07:04:41,327 [INFO] [45/121] 홍제폭포 (primary=KEY_1)
2026-09-28 07:04:42,376 [INFO] [46/121] 가락시장 (primary=KEY_2)
2026-09-28 07:04:43,650 [INFO] [47/121] 가로수길 (primary=KEY_3)
2026-09-28 07:04:44,928 [INFO] [48/121] 광장(전통)시장 (primary=KEY_4)
2026-09-28 07:04:46,010 [INFO] [49/121] 김포공항 (primary=KEY_1)
2026-09-28 07:04:47,460 [INFO] [50/121] 남대문시장 (primary=KEY_2)
2026-09-28 07:04:48,727 [INFO] [51/121] 노량진 (primary=KEY_3)
2026-09-28 07:04:49,996 [INFO] [52/121] 덕수궁길·정동길 (primary=KEY_4)
2026-09-28 07:04:51,303 [INFO] [53/121] 북창동 먹자골목 (primary=KEY_1)
2026-09-28 07:04:52,607 [INFO] [54/121] 북촌한옥마을 (primary=KEY_2)
2026-09-28 07:04:54,019 [INFO] [55/121] 서촌 (primary=KEY_3)
2026-09-28 07:04:55,278 [INFO] [56/121] 성수카페거리 (primary=KEY_4)
2026-09-28 07:04:56,719 [INFO] [57/121] 송리단길·호수단길 (primary=KEY_1)
2026-09-28 07:04:58,010 [INFO] [58/121] 신촌 스타광장 (primary=KEY_2)
2026-09-28 07:04:59,103 [INFO] [59/121] 압구정로데오거리 (primary=KEY_3)
2026-09-28 07:05:00,361 [INFO] [60/121] 여의도 (primary=KEY_4)
2026-09-28 07:05:02,417 [INFO] [61/121] 연남동 (primary=KEY_1)
2026-09-28 07:05:03,808 [INFO] [62/121] 영등포 타임스퀘어 (primary=KEY_2)
2026-09-28 07:05:05,060 [INFO] [63/121] 용리단길 (primary=KEY_3)
2026-09-28 07:05:06,173 [INFO] [64/121] 이태원 앤틱가구거리 (primary=KEY_4)
2026-09-28 07:05:07,423 [INFO] [65/121] 익선동 (primary=KEY_1)
2026-09-28 07:05:08,695 [INFO] [66/121] 인사동 (primary=KEY_2)
2026-09-28 07:05:10,119 [INFO] [67/121] 잠실롯데타워·석촌호수 (primary=KEY_3)
2026-09-28 07:05:11,811 [INFO] [68/121] 창동 신경제 중심지 (primary=KEY_4)
2026-09-28 07:05:13,423 [INFO] [69/121] 청담동 명품거리 (primary=KEY_1)
2026-09-28 07:05:14,712 [INFO] [70/121] 청량리 제기동 일대 전통시장 (primary=KEY_2)
2026-09-28 07:05:16,246 [INFO] [71/121] 해방촌·경리단길 (primary=KEY_3)
2026-09-28 07:05:17,426 [INFO] [72/121] DDP(동대문디자인플라자) (primary=KEY_4)
2026-09-28 07:05:18,694 [INFO] [73/121] DMC(디지털미디어시티) (primary=KEY_1)
2026-09-28 07:05:20,335 [INFO] [74/121] 가산디지털단지역 (primary=KEY_2)
2026-09-28 07:05:22,100 [INFO] [75/121] 강남역 (primary=KEY_3)
2026-09-28 07:05:23,555 [INFO] [76/121] 건대입구역 (primary=KEY_4)
2026-09-28 07:05:24,814 [INFO] [77/121] 고덕역 (primary=KEY_1)
2026-09-28 07:05:26,077 [INFO] [78/121] 고속터미널역 (primary=KEY_2)
2026-09-28 07:05:27,337 [INFO] [79/121] 교대역 (primary=KEY_3)
2026-09-28 07:05:28,587 [INFO] [80/121] 구로디지털단지역 (primary=KEY_4)
2026-09-28 07:05:30,185 [INFO] [81/121] 구로역 (primary=KEY_1)
2026-09-28 07:05:31,434 [INFO] [82/121] 군자역 (primary=KEY_2)
2026-09-28 07:05:32,713 [INFO] [83/121] 대림역 (primary=KEY_3)
2026-09-28 07:05:33,976 [INFO] [84/121] 동대문역 (primary=KEY_4)
2026-09-28 07:05:35,274 [INFO] [85/121] 뚝섬역 (primary=KEY_1)
2026-09-28 07:05:36,551 [INFO] [86/121] 미아사거리역 (primary=KEY_2)
2026-09-28 07:05:37,865 [INFO] [87/121] 발산역 (primary=KEY_3)
2026-09-28 07:05:39,485 [INFO] [88/121] 사당역 (primary=KEY_4)
2026-09-28 07:05:40,754 [INFO] [89/121] 삼각지역 (primary=KEY_1)
2026-09-28 07:05:42,003 [INFO] [90/121] 서울대입구역 (primary=KEY_2)
2026-09-28 07:05:43,244 [INFO] [91/121] 서울식물원·마곡나루역 (primary=KEY_3)
2026-09-28 07:05:44,695 [INFO] [92/121] 서울역 (primary=KEY_4)
2026-09-28 07:05:46,294 [INFO] [93/121] 선릉역 (primary=KEY_1)
2026-09-28 07:05:47,955 [INFO] [94/121] 성신여대입구역 (primary=KEY_2)
2026-09-28 07:05:49,063 [INFO] [95/121] 수유역 (primary=KEY_3)
2026-09-28 07:05:50,306 [INFO] [96/121] 숭례문 (primary=KEY_4)
2026-09-28 07:05:51,585 [INFO] [97/121] 시의회 앞 (primary=KEY_1)
2026-09-28 07:05:52,881 [INFO] [98/121] 신논현역·논현역 (primary=KEY_2)
2026-09-28 07:05:54,188 [INFO] [99/121] 신도림역 (primary=KEY_3)
2026-09-28 07:05:55,298 [INFO] [100/121] 신림역 (primary=KEY_4)
2026-09-28 07:05:56,574 [INFO] [101/121] 신정네거리역 (primary=KEY_1)
2026-09-28 07:05:57,831 [INFO] [102/121] 신촌·이대역 (primary=KEY_2)
2026-09-28 07:05:59,232 [INFO] [103/121] 쌍문역 (primary=KEY_3)
2026-09-28 07:06:00,484 [INFO] [104/121] 양재역 (primary=KEY_4)
2026-09-28 07:06:01,776 [INFO] [105/121] 역삼역 (primary=KEY_1)
2026-09-28 07:06:03,223 [INFO] [106/121] 연신내역 (primary=KEY_2)
2026-09-28 07:06:04,325 [INFO] [107/121] 오목교역·목동운동장 (primary=KEY_3)
2026-09-28 07:06:06,113 [INFO] [108/121] 왕십리역 (primary=KEY_4)
2026-09-28 07:06:07,576 [INFO] [109/121] 용산역 (primary=KEY_1)
2026-09-28 07:06:09,013 [INFO] [110/121] 이태원역 (primary=KEY_2)
2026-09-28 07:06:10,096 [INFO] [111/121] 잠실새내역 (primary=KEY_3)
2026-09-28 07:06:11,352 [INFO] [112/121] 잠실역 (primary=KEY_4)
2026-09-28 07:06:12,823 [INFO] [113/121] 장지역 (primary=KEY_1)
2026-09-28 07:06:14,304 [INFO] [114/121] 장한평역 (primary=KEY_2)
2026-09-28 07:06:15,557 [INFO] [115/121] 천호역 (primary=KEY_3)
2026-09-28 07:06:16,851 [INFO] [116/121] 총신대입구(이수)역 (primary=KEY_4)
2026-09-28 07:06:18,108 [INFO] [117/121] 충정로역 (primary=KEY_1)
2026-09-28 07:06:19,393 [INFO] [118/121] 합정역 (primary=KEY_2)
2026-09-28 07:06:20,672 [INFO] [119/121] 혜화역 (primary=KEY_3)
2026-09-28 07:06:21,938 [INFO] [120/121] 홍대입구역(2호선) (primary=KEY_4)
2026-09-28 07:06:23,222 [INFO] [121/121] 회기역 (primary=KEY_1)
2026-09-28 07:06:25,226 [INFO] === 수집 완료 | 성공 121, 실패 0 ===
2026-09-28 07:06:25,226 [INFO] 카테고리별 저장 결과:
2026-09-28 07:06:25,226 [INFO]    accident                  | 신규     3행 | 누적      3행 | 16컬럼
2026-09-28 07:06:25,226 [INFO]    area_meta                 | 신규   121행 | 누적    242행 | 5컬럼
2026-09-28 07:06:25,226 [INFO]    bike                      | 신규    11행 | 누적     22행 | 12컬럼
2026-09-28 07:06:25,226 [INFO]    bike_sbike_stts           | 신규   575행 | 누적   1150행 | 12컬럼
2026-09-28 07:06:25,226 [INFO]    bus                       | 신규     3행 | 누적      6행 | 11컬럼
2026-09-28 07:06:25,226 [INFO]    bus_bus_stn_stts          | 신규  1745행 | 누적   3490행 | 11컬럼
2026-09-28 07:06:25,226 [INFO]    charger                   | 신규     4행 | 누적      8행 | 15컬럼
2026-09-28 07:06:25,226 [INFO]    charger_charger_stts      | 신규  1921행 | 누적   3816행 | 15컬럼
2026-09-28 07:06:25,226 [INFO]    cmrcl                     | 신규    82행 | 누적    164행 | 20컬럼
2026-09-28 07:06:25,226 [INFO]    events                    | 신규    13행 | 누적     25행 | 14컬럼
2026-09-28 07:06:25,226 [INFO]    events_event_stts         | 신규   109행 | 누적    218행 | 14컬럼
2026-09-28 07:06:25,227 [INFO]    parking                   | 신규     6행 | 누적     12행 | 21컬럼
2026-09-28 07:06:25,227 [INFO]    parking_prk_stts          | 신규  1832행 | 누적   3664행 | 21컬럼
2026-09-28 07:06:25,227 [INFO]    ppltn                     | 신규   121행 | 누적    242행 | 26컬럼
2026-09-28 07:06:25,227 [INFO]    road                      | 신규   121행 | 누적    242행 | 21컬럼
2026-09-28 07:06:25,227 [INFO]    road_road_traffic_stts    | 신규  5303행 | 누적  10606행 | 17컬럼
2026-09-28 07:06:25,227 [INFO]    subway                    | 신규    38행 | 누적     76행 | 12컬럼
2026-09-28 07:06:25,227 [INFO]    subway_sub_stts           | 신규   183행 | 누적    366행 | 13컬럼
2026-09-28 07:06:25,227 [INFO]    weather                   | 신규   119행 | 누적    238행 | 29컬럼
2026-09-28 07:06:25,227 [INFO] 키별 사용량:
2026-09-28 07:06:25,227 [INFO]    🟢 KEY_1 (31/1000) 
2026-09-28 07:06:25,227 [INFO]    🟢 KEY_2 (30/1000) 
2026-09-28 07:06:25,227 [INFO]    🟢 KEY_3 (30/1000) 
2026-09-28 07:06:25,227 [INFO]    🟢 KEY_4 (30/1000) 
