2026-06-23 01:43:08,366 [INFO] 등록된 키: 4개, 합산 한도 4,000건/일
2026-06-23 01:43:08,367 [INFO] POI 로드: 매뉴얼 v8.5 기준 fallback 121개 (121개 전체)
2026-06-23 01:43:08,367 [INFO] === 수집 시작 2026-06-23T01:43:08.367593+09:00 ===
2026-06-23 01:43:08,367 [INFO] 대상 장소: 121개 | API: citydata (통합)
2026-06-23 01:43:08,367 [INFO] 키 풀: 4/4 활성 | 오늘 사용 0/4000건
2026-06-23 01:43:08,367 [INFO]   [KEY_1] 담당 31장소
2026-06-23 01:43:08,367 [INFO]   [KEY_2] 담당 30장소
2026-06-23 01:43:08,367 [INFO]   [KEY_3] 담당 30장소
2026-06-23 01:43:08,367 [INFO]   [KEY_4] 담당 30장소
2026-06-23 01:43:08,367 [INFO] [1/121] 경복궁 (primary=KEY_1)
2026-06-23 01:43:11,304 [INFO] [2/121] 광화문·덕수궁 (primary=KEY_2)
2026-06-23 01:43:14,089 [INFO] [3/121] 보신각 (primary=KEY_3)
2026-06-23 01:43:15,675 [INFO] [4/121] 서울 암사동 유적 (primary=KEY_4)
2026-06-23 01:43:17,435 [INFO] [5/121] 창덕궁·종묘 (primary=KEY_1)
2026-06-23 01:43:18,790 [INFO] [6/121] 강남 MICE 관광특구 (primary=KEY_2)
2026-06-23 01:43:20,374 [INFO] [7/121] 동대문 관광특구 (primary=KEY_3)
2026-06-23 01:43:22,695 [INFO] [8/121] 명동 관광특구 (primary=KEY_4)
2026-06-23 01:43:25,144 [INFO] [9/121] 이태원 관광특구 (primary=KEY_1)
2026-06-23 01:43:26,913 [INFO] [10/121] 잠실 관광특구 (primary=KEY_2)
2026-06-23 01:43:29,428 [INFO] [11/121] 종로·청계 관광특구 (primary=KEY_3)
2026-06-23 01:43:31,835 [INFO] [12/121] 홍대 관광특구 (primary=KEY_4)
2026-06-23 01:43:33,490 [INFO] [13/121] 강서한강공원 (primary=KEY_1)
2026-06-23 01:43:34,658 [INFO] [14/121] 고척돔 (primary=KEY_2)
2026-06-23 01:43:36,004 [INFO] [15/121] 광나루한강공원 (primary=KEY_3)
2026-06-23 01:43:37,368 [INFO] [16/121] 광화문광장 (primary=KEY_4)
2026-06-23 01:43:38,733 [INFO] [17/121] 국립중앙박물관·용산가족공원 (primary=KEY_1)
2026-06-23 01:43:39,902 [INFO] [18/121] 난지한강공원 (primary=KEY_2)
2026-06-23 01:43:41,658 [INFO] [19/121] 남산공원 (primary=KEY_3)
2026-06-23 01:43:43,445 [INFO] [20/121] 노들섬 (primary=KEY_4)
2026-06-23 01:43:44,606 [INFO] [21/121] 뚝섬한강공원 (primary=KEY_1)
2026-06-23 01:43:46,361 [INFO] [22/121] 망원한강공원 (primary=KEY_2)
2026-06-23 01:43:47,748 [INFO] [23/121] 반포한강공원 (primary=KEY_3)
2026-06-23 01:43:49,593 [INFO] [24/121] 보라매공원 (primary=KEY_4)
2026-06-23 01:43:51,989 [INFO] [25/121] 북서울꿈의숲 (primary=KEY_1)
2026-06-23 01:43:53,342 [INFO] [26/121] 서대문독립공원 (primary=KEY_2)
2026-06-23 01:43:54,714 [INFO] [27/121] 서리풀공원·몽마르뜨공원 (primary=KEY_3)
2026-06-23 01:43:55,905 [INFO] [28/121] 서울대공원 (primary=KEY_4)
2026-06-23 01:43:57,642 [INFO] [29/121] 서울숲공원 (primary=KEY_1)
2026-06-23 01:43:59,018 [INFO] [30/121] 송현녹지광장 (primary=KEY_2)
2026-06-23 01:44:00,375 [INFO] [31/121] 아차산 (primary=KEY_3)
2026-06-23 01:44:01,538 [INFO] [32/121] 안양천 (primary=KEY_4)
2026-06-23 01:44:03,499 [INFO] [33/121] 양화한강공원 (primary=KEY_1)
2026-06-23 01:44:04,658 [INFO] [34/121] 어린이대공원 (primary=KEY_2)
2026-06-23 01:44:06,032 [INFO] [35/121] 여의도한강공원 (primary=KEY_3)
2026-06-23 01:44:07,397 [INFO] [36/121] 여의서로 (primary=KEY_4)
2026-06-23 01:44:08,751 [INFO] [37/121] 올림픽공원 (primary=KEY_1)
2026-06-23 01:44:10,935 [INFO] [38/121] 월드컵공원 (primary=KEY_2)
2026-06-23 01:44:13,735 [INFO] [39/121] 응봉산 (primary=KEY_3)
2026-06-23 01:44:15,100 [INFO] [40/121] 이촌한강공원 (primary=KEY_4)
2026-06-23 01:44:16,252 [INFO] [41/121] 잠실종합운동장 (primary=KEY_1)
2026-06-23 01:44:17,445 [INFO] [42/121] 잠실한강공원 (primary=KEY_2)
2026-06-23 01:44:18,629 [INFO] [43/121] 잠원한강공원 (primary=KEY_3)
2026-06-23 01:44:19,790 [INFO] [44/121] 청계산 (primary=KEY_4)
2026-06-23 01:44:20,953 [INFO] [45/121] 홍제폭포 (primary=KEY_1)
2026-06-23 01:44:22,907 [INFO] [46/121] 가락시장 (primary=KEY_2)
2026-06-23 01:44:24,944 [INFO] [47/121] 가로수길 (primary=KEY_3)
2026-06-23 01:44:27,917 [INFO] [48/121] 광장(전통)시장 (primary=KEY_4)
2026-06-23 01:44:29,781 [INFO] [49/121] 김포공항 (primary=KEY_1)
2026-06-23 01:44:31,952 [INFO] [50/121] 남대문시장 (primary=KEY_2)
2026-06-23 01:44:34,494 [INFO] [51/121] 노량진 (primary=KEY_3)
2026-06-23 01:44:36,691 [INFO] [52/121] 덕수궁길·정동길 (primary=KEY_4)
2026-06-23 01:44:38,672 [INFO] [53/121] 북창동 먹자골목 (primary=KEY_1)
2026-06-23 01:44:40,837 [INFO] [54/121] 북촌한옥마을 (primary=KEY_2)
2026-06-23 01:44:42,226 [INFO] [55/121] 서촌 (primary=KEY_3)
2026-06-23 01:44:44,391 [INFO] [56/121] 성수카페거리 (primary=KEY_4)
2026-06-23 01:44:45,968 [INFO] [57/121] 송리단길·호수단길 (primary=KEY_1)
2026-06-23 01:44:47,360 [INFO] [58/121] 신촌 스타광장 (primary=KEY_2)
2026-06-23 01:44:48,579 [INFO] [59/121] 압구정로데오거리 (primary=KEY_3)
2026-06-23 01:44:50,758 [INFO] [60/121] 여의도 (primary=KEY_4)
2026-06-23 01:44:53,790 [INFO] [61/121] 연남동 (primary=KEY_1)
2026-06-23 01:44:55,156 [INFO] [62/121] 영등포 타임스퀘어 (primary=KEY_2)
2026-06-23 01:44:57,303 [INFO] [63/121] 용리단길 (primary=KEY_3)
2026-06-23 01:44:58,494 [INFO] [64/121] 이태원 앤틱가구거리 (primary=KEY_4)
2026-06-23 01:45:00,471 [INFO] [65/121] 익선동 (primary=KEY_1)
2026-06-23 01:45:01,839 [INFO] [66/121] 인사동 (primary=KEY_2)
2026-06-23 01:45:03,413 [INFO] [67/121] 잠실롯데타워·석촌호수 (primary=KEY_3)
2026-06-23 01:45:05,226 [INFO] [68/121] 창동 신경제 중심지 (primary=KEY_4)
2026-06-23 01:45:07,069 [INFO] [69/121] 청담동 명품거리 (primary=KEY_1)
2026-06-23 01:45:08,730 [INFO] [70/121] 청량리 제기동 일대 전통시장 (primary=KEY_2)
2026-06-23 01:45:10,889 [INFO] [71/121] 해방촌·경리단길 (primary=KEY_3)
2026-06-23 01:45:12,052 [INFO] [72/121] DDP(동대문디자인플라자) (primary=KEY_4)
2026-06-23 01:45:14,407 [INFO] [73/121] DMC(디지털미디어시티) (primary=KEY_1)
2026-06-23 01:45:16,213 [INFO] [74/121] 가산디지털단지역 (primary=KEY_2)
2026-06-23 01:45:18,972 [INFO] [75/121] 강남역 (primary=KEY_3)
2026-06-23 01:45:21,364 [INFO] [76/121] 건대입구역 (primary=KEY_4)
2026-06-23 01:45:23,559 [INFO] [77/121] 고덕역 (primary=KEY_1)
2026-06-23 01:45:24,917 [INFO] [78/121] 고속터미널역 (primary=KEY_2)
2026-06-23 01:45:26,298 [INFO] [79/121] 교대역 (primary=KEY_3)
2026-06-23 01:45:28,267 [INFO] [80/121] 구로디지털단지역 (primary=KEY_4)
2026-06-23 01:45:30,035 [INFO] [81/121] 구로역 (primary=KEY_1)
2026-06-23 01:45:31,402 [INFO] [82/121] 군자역 (primary=KEY_2)
2026-06-23 01:45:32,760 [INFO] [83/121] 대림역 (primary=KEY_3)
2026-06-23 01:45:34,168 [INFO] [84/121] 동대문역 (primary=KEY_4)
2026-06-23 01:45:35,530 [INFO] [85/121] 뚝섬역 (primary=KEY_1)
2026-06-23 01:45:38,062 [INFO] [86/121] 미아사거리역 (primary=KEY_2)
2026-06-23 01:45:39,440 [INFO] [87/121] 발산역 (primary=KEY_3)
2026-06-23 01:45:41,817 [INFO] [88/121] 사당역 (primary=KEY_4)
2026-06-23 01:45:43,177 [INFO] [89/121] 삼각지역 (primary=KEY_1)
2026-06-23 01:45:44,344 [INFO] [90/121] 서울대입구역 (primary=KEY_2)
2026-06-23 01:45:45,708 [INFO] [91/121] 서울식물원·마곡나루역 (primary=KEY_3)
2026-06-23 01:45:47,284 [INFO] [92/121] 서울역 (primary=KEY_4)
2026-06-23 01:45:48,680 [INFO] [93/121] 선릉역 (primary=KEY_1)
2026-06-23 01:45:50,467 [INFO] [94/121] 성신여대입구역 (primary=KEY_2)
2026-06-23 01:45:51,659 [INFO] [95/121] 수유역 (primary=KEY_3)
2026-06-23 01:45:53,025 [INFO] [96/121] 숭례문 (primary=KEY_4)
2026-06-23 01:45:54,591 [INFO] [97/121] 시의회 앞 (primary=KEY_1)
2026-06-23 01:45:55,967 [INFO] [98/121] 신논현역·논현역 (primary=KEY_2)
2026-06-23 01:45:57,360 [INFO] [99/121] 신도림역 (primary=KEY_3)
2026-06-23 01:45:58,539 [INFO] [100/121] 신림역 (primary=KEY_4)
2026-06-23 01:45:59,715 [INFO] [101/121] 신정네거리역 (primary=KEY_1)
2026-06-23 01:46:01,082 [INFO] [102/121] 신촌·이대역 (primary=KEY_2)
2026-06-23 01:46:02,449 [INFO] [103/121] 쌍문역 (primary=KEY_3)
2026-06-23 01:46:03,811 [INFO] [104/121] 양재역 (primary=KEY_4)
2026-06-23 01:46:05,185 [INFO] [105/121] 역삼역 (primary=KEY_1)
2026-06-23 01:46:06,764 [INFO] [106/121] 연신내역 (primary=KEY_2)
2026-06-23 01:46:07,947 [INFO] [107/121] 오목교역·목동운동장 (primary=KEY_3)
2026-06-23 01:46:10,530 [INFO] [108/121] 왕십리역 (primary=KEY_4)
2026-06-23 01:46:11,917 [INFO] [109/121] 용산역 (primary=KEY_1)
2026-06-23 01:46:13,480 [INFO] [110/121] 이태원역 (primary=KEY_2)
2026-06-23 01:46:14,709 [INFO] [111/121] 잠실새내역 (primary=KEY_3)
2026-06-23 01:46:16,070 [INFO] [112/121] 잠실역 (primary=KEY_4)
2026-06-23 01:46:17,640 [INFO] [113/121] 장지역 (primary=KEY_1)
2026-06-23 01:46:19,239 [INFO] [114/121] 장한평역 (primary=KEY_2)
2026-06-23 01:46:20,620 [INFO] [115/121] 천호역 (primary=KEY_3)
2026-06-23 01:46:21,988 [INFO] [116/121] 총신대입구(이수)역 (primary=KEY_4)
2026-06-23 01:46:24,171 [INFO] [117/121] 충정로역 (primary=KEY_1)
2026-06-23 01:46:25,537 [INFO] [118/121] 합정역 (primary=KEY_2)
2026-06-23 01:46:26,907 [INFO] [119/121] 혜화역 (primary=KEY_3)
2026-06-23 01:46:28,264 [INFO] [120/121] 홍대입구역(2호선) (primary=KEY_4)
2026-06-23 01:46:29,642 [INFO] [121/121] 회기역 (primary=KEY_1)
2026-06-23 01:46:31,344 [INFO] === 수집 완료 | 성공 121, 실패 0 ===
2026-06-23 01:46:31,345 [INFO] 카테고리별 저장 결과:
2026-06-23 01:46:31,345 [INFO]    accident                  | 신규     5행 | 누적      5행 | 16컬럼
2026-06-23 01:46:31,345 [INFO]    area_meta                 | 신규   121행 | 누적    121행 | 5컬럼
2026-06-23 01:46:31,345 [INFO]    bike                      | 신규    12행 | 누적     12행 | 12컬럼
2026-06-23 01:46:31,345 [INFO]    bike_sbike_stts           | 신규   546행 | 누적    546행 | 12컬럼
2026-06-23 01:46:31,345 [INFO]    bus                       | 신규     3행 | 누적      3행 | 11컬럼
2026-06-23 01:46:31,345 [INFO]    bus_bus_stn_stts          | 신규  1745행 | 누적   1745행 | 11컬럼
2026-06-23 01:46:31,345 [INFO]    charger                   | 신규     4행 | 누적      4행 | 15컬럼
2026-06-23 01:46:31,345 [INFO]    charger_charger_stts      | 신규  1913행 | 누적   1913행 | 15컬럼
2026-06-23 01:46:31,345 [INFO]    cmrcl                     | 신규    82행 | 누적     82행 | 20컬럼
2026-06-23 01:46:31,345 [INFO]    events                    | 신규    13행 | 누적     13행 | 14컬럼
2026-06-23 01:46:31,345 [INFO]    events_event_stts         | 신규   156행 | 누적    156행 | 14컬럼
2026-06-23 01:46:31,345 [INFO]    parking                   | 신규     6행 | 누적      6행 | 21컬럼
2026-06-23 01:46:31,345 [INFO]    parking_prk_stts          | 신규  1836행 | 누적   1836행 | 21컬럼
2026-06-23 01:46:31,345 [INFO]    ppltn                     | 신규   121행 | 누적    121행 | 26컬럼
2026-06-23 01:46:31,345 [INFO]    road                      | 신규   121행 | 누적    121행 | 21컬럼
2026-06-23 01:46:31,345 [INFO]    road_road_traffic_stts    | 신규  5257행 | 누적   5257행 | 17컬럼
2026-06-23 01:46:31,345 [INFO]    subway                    | 신규    38행 | 누적     38행 | 12컬럼
2026-06-23 01:46:31,345 [INFO]    subway_sub_stts           | 신규   183행 | 누적    183행 | 12컬럼
2026-06-23 01:46:31,345 [INFO]    weather                   | 신규   119행 | 누적    119행 | 29컬럼
2026-06-23 01:46:31,345 [INFO] 키별 사용량:
2026-06-23 01:46:31,345 [INFO]    🟢 KEY_1 (31/1000) 
2026-06-23 01:46:31,346 [INFO]    🟢 KEY_2 (30/1000) 
2026-06-23 01:46:31,346 [INFO]    🟢 KEY_3 (30/1000) 
2026-06-23 01:46:31,346 [INFO]    🟢 KEY_4 (30/1000) 
