2026-08-09 00:39:52,053 [INFO] 등록된 키: 4개, 합산 한도 4,000건/일
2026-08-09 00:39:52,053 [INFO] POI 로드: 매뉴얼 v8.5 기준 fallback 121개 (121개 전체)
2026-08-09 00:39:52,053 [INFO] === 수집 시작 2026-08-09T00:39:52.053874+09:00 ===
2026-08-09 00:39:52,053 [INFO] 대상 장소: 121개 | API: citydata (통합)
2026-08-09 00:39:52,054 [INFO] 키 풀: 4/4 활성 | 오늘 사용 0/4000건
2026-08-09 00:39:52,054 [INFO]   [KEY_1] 담당 31장소
2026-08-09 00:39:52,054 [INFO]   [KEY_2] 담당 30장소
2026-08-09 00:39:52,054 [INFO]   [KEY_3] 담당 30장소
2026-08-09 00:39:52,054 [INFO]   [KEY_4] 담당 30장소
2026-08-09 00:39:52,054 [INFO] [1/121] 경복궁 (primary=KEY_1)
2026-08-09 00:39:54,154 [INFO] [2/121] 광화문·덕수궁 (primary=KEY_2)
2026-08-09 00:39:56,081 [INFO] [3/121] 보신각 (primary=KEY_3)
2026-08-09 00:39:58,008 [INFO] [4/121] 서울 암사동 유적 (primary=KEY_4)
2026-08-09 00:39:59,690 [INFO] [5/121] 창덕궁·종묘 (primary=KEY_1)
2026-08-09 00:40:01,019 [INFO] [6/121] 강남 MICE 관광특구 (primary=KEY_2)
2026-08-09 00:40:03,179 [INFO] [7/121] 동대문 관광특구 (primary=KEY_3)
2026-08-09 00:40:05,293 [INFO] [8/121] 명동 관광특구 (primary=KEY_4)
2026-08-09 00:40:07,643 [INFO] [9/121] 이태원 관광특구 (primary=KEY_1)
2026-08-09 00:40:08,992 [INFO] [10/121] 잠실 관광특구 (primary=KEY_2)
2026-08-09 00:40:11,299 [INFO] [11/121] 종로·청계 관광특구 (primary=KEY_3)
2026-08-09 00:40:13,399 [INFO] [12/121] 홍대 관광특구 (primary=KEY_4)
2026-08-09 00:40:15,519 [INFO] [13/121] 강서한강공원 (primary=KEY_1)
2026-08-09 00:40:17,194 [INFO] [14/121] 고척돔 (primary=KEY_2)
2026-08-09 00:40:18,881 [INFO] [15/121] 광나루한강공원 (primary=KEY_3)
2026-08-09 00:40:20,764 [INFO] [16/121] 광화문광장 (primary=KEY_4)
2026-08-09 00:40:22,091 [INFO] [17/121] 국립중앙박물관·용산가족공원 (primary=KEY_1)
2026-08-09 00:40:23,807 [INFO] [18/121] 난지한강공원 (primary=KEY_2)
2026-08-09 00:40:24,927 [INFO] [19/121] 남산공원 (primary=KEY_3)
2026-08-09 00:40:27,117 [INFO] [20/121] 노들섬 (primary=KEY_4)
2026-08-09 00:40:28,243 [INFO] [21/121] 뚝섬한강공원 (primary=KEY_1)
2026-08-09 00:40:29,401 [INFO] [22/121] 망원한강공원 (primary=KEY_2)
2026-08-09 00:40:30,715 [INFO] [23/121] 반포한강공원 (primary=KEY_3)
2026-08-09 00:40:32,596 [INFO] [24/121] 보라매공원 (primary=KEY_4)
2026-08-09 00:40:34,330 [INFO] [25/121] 북서울꿈의숲 (primary=KEY_1)
2026-08-09 00:40:35,661 [INFO] [26/121] 서대문독립공원 (primary=KEY_2)
2026-08-09 00:40:36,793 [INFO] [27/121] 서리풀공원·몽마르뜨공원 (primary=KEY_3)
2026-08-09 00:40:37,945 [INFO] [28/121] 서울대공원 (primary=KEY_4)
2026-08-09 00:40:39,062 [INFO] [29/121] 서울숲공원 (primary=KEY_1)
2026-08-09 00:40:40,403 [INFO] [30/121] 송현녹지광장 (primary=KEY_2)
2026-08-09 00:40:41,728 [INFO] [31/121] 아차산 (primary=KEY_3)
2026-08-09 00:40:42,861 [INFO] [32/121] 안양천 (primary=KEY_4)
2026-08-09 00:40:43,991 [INFO] [33/121] 양화한강공원 (primary=KEY_1)
2026-08-09 00:40:45,102 [INFO] [34/121] 어린이대공원 (primary=KEY_2)
2026-08-09 00:40:46,424 [INFO] [35/121] 여의도한강공원 (primary=KEY_3)
2026-08-09 00:40:48,413 [INFO] [36/121] 여의서로 (primary=KEY_4)
2026-08-09 00:40:50,360 [INFO] [37/121] 올림픽공원 (primary=KEY_1)
2026-08-09 00:40:51,713 [INFO] [38/121] 월드컵공원 (primary=KEY_2)
2026-08-09 00:40:53,238 [INFO] [39/121] 응봉산 (primary=KEY_3)
2026-08-09 00:40:54,541 [INFO] [40/121] 이촌한강공원 (primary=KEY_4)
2026-08-09 00:40:55,665 [INFO] [41/121] 잠실종합운동장 (primary=KEY_1)
2026-08-09 00:40:57,553 [INFO] [42/121] 잠실한강공원 (primary=KEY_2)
2026-08-09 00:40:58,686 [INFO] [43/121] 잠원한강공원 (primary=KEY_3)
2026-08-09 00:40:59,811 [INFO] [44/121] 청계산 (primary=KEY_4)
2026-08-09 00:41:00,930 [INFO] [45/121] 홍제폭포 (primary=KEY_1)
2026-08-09 00:41:02,055 [INFO] [46/121] 가락시장 (primary=KEY_2)
2026-08-09 00:41:03,380 [INFO] [47/121] 가로수길 (primary=KEY_3)
2026-08-09 00:41:05,267 [INFO] [48/121] 광장(전통)시장 (primary=KEY_4)
2026-08-09 00:41:07,335 [INFO] [49/121] 김포공항 (primary=KEY_1)
2026-08-09 00:41:08,863 [INFO] [50/121] 남대문시장 (primary=KEY_2)
2026-08-09 00:41:10,176 [INFO] [51/121] 노량진 (primary=KEY_3)
2026-08-09 00:41:11,495 [INFO] [52/121] 덕수궁길·정동길 (primary=KEY_4)
2026-08-09 00:41:12,830 [INFO] [53/121] 북창동 먹자골목 (primary=KEY_1)
2026-08-09 00:41:14,141 [INFO] [54/121] 북촌한옥마을 (primary=KEY_2)
2026-08-09 00:41:15,652 [INFO] [55/121] 서촌 (primary=KEY_3)
2026-08-09 00:41:16,965 [INFO] [56/121] 성수카페거리 (primary=KEY_4)
2026-08-09 00:41:18,520 [INFO] [57/121] 송리단길·호수단길 (primary=KEY_1)
2026-08-09 00:41:19,857 [INFO] [58/121] 신촌 스타광장 (primary=KEY_2)
2026-08-09 00:41:21,004 [INFO] [59/121] 압구정로데오거리 (primary=KEY_3)
2026-08-09 00:41:22,340 [INFO] [60/121] 여의도 (primary=KEY_4)
2026-08-09 00:41:24,557 [INFO] [61/121] 연남동 (primary=KEY_1)
2026-08-09 00:41:25,871 [INFO] [62/121] 영등포 타임스퀘어 (primary=KEY_2)
2026-08-09 00:41:27,228 [INFO] [63/121] 용리단길 (primary=KEY_3)
2026-08-09 00:41:28,394 [INFO] [64/121] 이태원 앤틱가구거리 (primary=KEY_4)
2026-08-09 00:41:29,714 [INFO] [65/121] 익선동 (primary=KEY_1)
2026-08-09 00:41:31,076 [INFO] [66/121] 인사동 (primary=KEY_2)
2026-08-09 00:41:32,586 [INFO] [67/121] 잠실롯데타워·석촌호수 (primary=KEY_3)
2026-08-09 00:41:34,312 [INFO] [68/121] 창동 신경제 중심지 (primary=KEY_4)
2026-08-09 00:41:36,042 [INFO] [69/121] 청담동 명품거리 (primary=KEY_1)
2026-08-09 00:41:37,370 [INFO] [70/121] 청량리 제기동 일대 전통시장 (primary=KEY_2)
2026-08-09 00:41:39,348 [INFO] [71/121] 해방촌·경리단길 (primary=KEY_3)
2026-08-09 00:41:40,548 [INFO] [72/121] DDP(동대문디자인플라자) (primary=KEY_4)
2026-08-09 00:41:41,885 [INFO] [73/121] DMC(디지털미디어시티) (primary=KEY_1)
2026-08-09 00:41:43,629 [INFO] [74/121] 가산디지털단지역 (primary=KEY_2)
2026-08-09 00:41:46,122 [INFO] [75/121] 강남역 (primary=KEY_3)
2026-08-09 00:41:48,787 [INFO] [76/121] 건대입구역 (primary=KEY_4)
2026-08-09 00:41:50,123 [INFO] [77/121] 고덕역 (primary=KEY_1)
2026-08-09 00:41:52,202 [INFO] [78/121] 고속터미널역 (primary=KEY_2)
2026-08-09 00:41:54,199 [INFO] [79/121] 교대역 (primary=KEY_3)
2026-08-09 00:41:55,571 [INFO] [80/121] 구로디지털단지역 (primary=KEY_4)
2026-08-09 00:41:57,282 [INFO] [81/121] 구로역 (primary=KEY_1)
2026-08-09 00:41:58,592 [INFO] [82/121] 군자역 (primary=KEY_2)
2026-08-09 00:41:59,748 [INFO] [83/121] 대림역 (primary=KEY_3)
2026-08-09 00:42:01,079 [INFO] [84/121] 동대문역 (primary=KEY_4)
2026-08-09 00:42:02,410 [INFO] [85/121] 뚝섬역 (primary=KEY_1)
2026-08-09 00:42:03,723 [INFO] [86/121] 미아사거리역 (primary=KEY_2)
2026-08-09 00:42:05,044 [INFO] [87/121] 발산역 (primary=KEY_3)
2026-08-09 00:42:06,756 [INFO] [88/121] 사당역 (primary=KEY_4)
2026-08-09 00:42:08,081 [INFO] [89/121] 삼각지역 (primary=KEY_1)
2026-08-09 00:42:09,233 [INFO] [90/121] 서울대입구역 (primary=KEY_2)
2026-08-09 00:42:10,538 [INFO] [91/121] 서울식물원·마곡나루역 (primary=KEY_3)
2026-08-09 00:42:12,076 [INFO] [92/121] 서울역 (primary=KEY_4)
2026-08-09 00:42:13,438 [INFO] [93/121] 선릉역 (primary=KEY_1)
2026-08-09 00:42:15,160 [INFO] [94/121] 성신여대입구역 (primary=KEY_2)
2026-08-09 00:42:16,304 [INFO] [95/121] 수유역 (primary=KEY_3)
2026-08-09 00:42:17,638 [INFO] [96/121] 숭례문 (primary=KEY_4)
2026-08-09 00:42:19,177 [INFO] [97/121] 시의회 앞 (primary=KEY_1)
2026-08-09 00:42:20,518 [INFO] [98/121] 신논현역·논현역 (primary=KEY_2)
2026-08-09 00:42:21,863 [INFO] [99/121] 신도림역 (primary=KEY_3)
2026-08-09 00:42:23,014 [INFO] [100/121] 신림역 (primary=KEY_4)
2026-08-09 00:42:24,330 [INFO] [101/121] 신정네거리역 (primary=KEY_1)
2026-08-09 00:42:25,645 [INFO] [102/121] 신촌·이대역 (primary=KEY_2)
2026-08-09 00:42:26,976 [INFO] [103/121] 쌍문역 (primary=KEY_3)
2026-08-09 00:42:28,293 [INFO] [104/121] 양재역 (primary=KEY_4)
2026-08-09 00:42:29,641 [INFO] [105/121] 역삼역 (primary=KEY_1)
2026-08-09 00:42:31,165 [INFO] [106/121] 연신내역 (primary=KEY_2)
2026-08-09 00:42:32,345 [INFO] [107/121] 오목교역·목동운동장 (primary=KEY_3)
2026-08-09 00:42:34,288 [INFO] [108/121] 왕십리역 (primary=KEY_4)
2026-08-09 00:42:35,650 [INFO] [109/121] 용산역 (primary=KEY_1)
2026-08-09 00:42:37,184 [INFO] [110/121] 이태원역 (primary=KEY_2)
2026-08-09 00:42:38,338 [INFO] [111/121] 잠실새내역 (primary=KEY_3)
2026-08-09 00:42:39,754 [INFO] [112/121] 잠실역 (primary=KEY_4)
2026-08-09 00:42:41,296 [INFO] [113/121] 장지역 (primary=KEY_1)
2026-08-09 00:42:42,844 [INFO] [114/121] 장한평역 (primary=KEY_2)
2026-08-09 00:42:44,177 [INFO] [115/121] 천호역 (primary=KEY_3)
2026-08-09 00:42:45,512 [INFO] [116/121] 총신대입구(이수)역 (primary=KEY_4)
2026-08-09 00:42:46,832 [INFO] [117/121] 충정로역 (primary=KEY_1)
2026-08-09 00:42:48,166 [INFO] [118/121] 합정역 (primary=KEY_2)
2026-08-09 00:42:49,505 [INFO] [119/121] 혜화역 (primary=KEY_3)
2026-08-09 00:42:50,846 [INFO] [120/121] 홍대입구역(2호선) (primary=KEY_4)
2026-08-09 00:42:52,222 [INFO] [121/121] 회기역 (primary=KEY_1)
2026-08-09 00:42:54,004 [INFO] === 수집 완료 | 성공 121, 실패 0 ===
2026-08-09 00:42:54,004 [INFO] 카테고리별 저장 결과:
2026-08-09 00:42:54,004 [INFO]    accident                  | 신규     2행 | 누적      2행 | 16컬럼
2026-08-09 00:42:54,004 [INFO]    accident_acdnt_cntrl_stts | 신규     2행 | 누적      2행 | 16컬럼
2026-08-09 00:42:54,004 [INFO]    area_meta                 | 신규   121행 | 누적    121행 | 5컬럼
2026-08-09 00:42:54,004 [INFO]    bike                      | 신규    11행 | 누적     11행 | 12컬럼
2026-08-09 00:42:54,004 [INFO]    bike_sbike_stts           | 신규   565행 | 누적    565행 | 12컬럼
2026-08-09 00:42:54,004 [INFO]    bus                       | 신규     3행 | 누적      3행 | 11컬럼
2026-08-09 00:42:54,004 [INFO]    bus_bus_stn_stts          | 신규  1745행 | 누적   1745행 | 11컬럼
2026-08-09 00:42:54,005 [INFO]    charger                   | 신규     4행 | 누적      4행 | 15컬럼
2026-08-09 00:42:54,005 [INFO]    charger_charger_stts      | 신규  1931행 | 누적   1931행 | 15컬럼
2026-08-09 00:42:54,005 [INFO]    cmrcl                     | 신규    82행 | 누적     82행 | 20컬럼
2026-08-09 00:42:54,005 [INFO]    events                    | 신규    14행 | 누적     14행 | 14컬럼
2026-08-09 00:42:54,005 [INFO]    events_event_stts         | 신규   140행 | 누적    140행 | 14컬럼
2026-08-09 00:42:54,005 [INFO]    parking                   | 신규     6행 | 누적      6행 | 21컬럼
2026-08-09 00:42:54,005 [INFO]    parking_prk_stts          | 신규  1834행 | 누적   1834행 | 21컬럼
2026-08-09 00:42:54,005 [INFO]    ppltn                     | 신규   121행 | 누적    121행 | 26컬럼
2026-08-09 00:42:54,005 [INFO]    road                      | 신규   121행 | 누적    121행 | 21컬럼
2026-08-09 00:42:54,005 [INFO]    road_road_traffic_stts    | 신규  5284행 | 누적   5284행 | 17컬럼
2026-08-09 00:42:54,005 [INFO]    subway                    | 신규    38행 | 누적     38행 | 13컬럼
2026-08-09 00:42:54,005 [INFO]    subway_sub_stts           | 신규   183행 | 누적    183행 | 13컬럼
2026-08-09 00:42:54,005 [INFO]    weather                   | 신규   119행 | 누적    119행 | 29컬럼
2026-08-09 00:42:54,005 [INFO] 키별 사용량:
2026-08-09 00:42:54,005 [INFO]    🟢 KEY_1 (31/1000) 
2026-08-09 00:42:54,005 [INFO]    🟢 KEY_2 (30/1000) 
2026-08-09 00:42:54,005 [INFO]    🟢 KEY_3 (30/1000) 
2026-08-09 00:42:54,005 [INFO]    🟢 KEY_4 (30/1000) 
